[2021-05-01T11:41:47.149+0000][7][gc] Using G1
[2021-05-01T11:41:47.261+0000][7][gc,init] Version: 15.0.1+9 (release)
[2021-05-01T11:41:47.261+0000][7][gc,init] CPUs: 8 total, 8 available
[2021-05-01T11:41:47.261+0000][7][gc,init] Memory: 15907M
[2021-05-01T11:41:47.262+0000][7][gc,init] Large Page Support: Disabled
[2021-05-01T11:41:47.262+0000][7][gc,init] NUMA Support: Disabled
[2021-05-01T11:41:47.262+0000][7][gc,init] Compressed Oops: Enabled (32-bit)
[2021-05-01T11:41:47.262+0000][7][gc,init] Heap Region Size: 4M
[2021-05-01T11:41:47.262+0000][7][gc,init] Heap Min Capacity: 256M
[2021-05-01T11:41:47.262+0000][7][gc,init] Heap Initial Capacity: 256M
[2021-05-01T11:41:47.262+0000][7][gc,init] Heap Max Capacity: 256M
[2021-05-01T11:41:47.262+0000][7][gc,init] Pre-touch: Enabled
[2021-05-01T11:41:47.262+0000][7][gc,init] Parallel Workers: 8
[2021-05-01T11:41:47.262+0000][7][gc,init] Concurrent Workers: 2
[2021-05-01T11:41:47.262+0000][7][gc,init] Concurrent Refinement Workers: 8
[2021-05-01T11:41:47.262+0000][7][gc,init] Periodic GC: Disabled
[2021-05-01T11:41:47.262+0000][7][gc,cds ] Mark closed archive regions in map: [0x00000000ffc00000, 0x00000000ffc7bff8]
[2021-05-01T11:41:47.262+0000][7][gc,cds ] Mark open archive regions in map: [0x00000000ffb00000, 0x00000000ffb51ff8]
[2021-05-01T11:41:47.262+0000][7][gc,metaspace] CDS archive(s) mapped at: [0x0000000800000000-0x0000000800b2a000-0x0000000800b2a000), size 11706368, SharedBaseAddress: 0x0000000800000000, ArchiveRelocationMode: 0.
[2021-05-01T11:41:47.262+0000][7][gc,metaspace] Compressed class space mapped at: 0x0000000800b2c000-0x0000000840b2c000, size: 1073741824
[2021-05-01T11:41:47.262+0000][7][gc,metaspace] Narrow klass base: 0x0000000800000000, Narrow klass shift: 3, Narrow klass range: 0x100000000
[2021-05-01T11:41:47.833+0000][7][safepoint   ] Safepoint "ICBufferFull", Time since last: 563085988 ns, Reaching safepoint: 183280 ns, At safepoint: 7423 ns, Total: 190703 ns
[2021-05-01T11:41:47.877+0000][7][gc,start    ] GC(0) Pause Young (Normal) (G1 Evacuation Pause)
[2021-05-01T11:41:47.878+0000][7][gc,task     ] GC(0) Using 6 workers of 8 for evacuation
[2021-05-01T11:41:47.878+0000][7][gc,age      ] GC(0) Desired survivor size 2097152 bytes, new threshold 15 (max threshold 15)
[2021-05-01T11:41:47.883+0000][7][gc,age      ] GC(0) Age table with threshold 15 (max threshold 15)
[2021-05-01T11:41:47.883+0000][7][gc,age      ] GC(0) - age   1:    3619040 bytes,    3619040 total
[2021-05-01T11:41:47.883+0000][7][gc,phases   ] GC(0)   Pre Evacuate Collection Set: 0.0ms
[2021-05-01T11:41:47.883+0000][7][gc,phases   ] GC(0)   Merge Heap Roots: 0.0ms
[2021-05-01T11:41:47.883+0000][7][gc,phases   ] GC(0)   Evacuate Collection Set: 5.2ms
[2021-05-01T11:41:47.883+0000][7][gc,phases   ] GC(0)   Post Evacuate Collection Set: 0.4ms
[2021-05-01T11:41:47.883+0000][7][gc,phases   ] GC(0)   Other: 0.5ms
[2021-05-01T11:41:47.883+0000][7][gc,heap     ] GC(0) Eden regions: 5->0(5)
[2021-05-01T11:41:47.883+0000][7][gc,heap     ] GC(0) Survivor regions: 0->1(1)
[2021-05-01T11:41:47.883+0000][7][gc,heap     ] GC(0) Old regions: 0->0
[2021-05-01T11:41:47.883+0000][7][gc,heap     ] GC(0) Archive regions: 2->2
[2021-05-01T11:41:47.883+0000][7][gc,heap     ] GC(0) Humongous regions: 0->0
[2021-05-01T11:41:47.883+0000][7][gc,metaspace] GC(0) Metaspace: 6447K(8960K)->6447K(8960K) NonClass: 5743K(7936K)->5743K(7936K) Class: 704K(1024K)->704K(1024K)
[2021-05-01T11:41:47.883+0000][7][gc          ] GC(0) Pause Young (Normal) (G1 Evacuation Pause) 23M->7M(256M) 6.280ms
[2021-05-01T11:41:47.883+0000][7][gc,cpu      ] GC(0) User=0.02s Sys=0.00s Real=0.00s
[2021-05-01T11:41:47.883+0000][7][safepoint   ] Safepoint "G1CollectForAllocation", Time since last: 44143527 ns, Reaching safepoint: 60247 ns, At safepoint: 6367147 ns, Total: 6427394 ns
[2021-05-01T11:41:48.872+0000][7][safepoint   ] Safepoint "ICBufferFull", Time since last: 988425052 ns, Reaching safepoint: 104349 ns, At safepoint: 7467 ns, Total: 111816 ns
[2021-05-01T11:41:48.943+0000][7][gc,start    ] GC(1) Pause Young (Normal) (G1 Evacuation Pause)
[2021-05-01T11:41:48.943+0000][7][gc,task     ] GC(1) Using 6 workers of 8 for evacuation
[2021-05-01T11:41:48.943+0000][7][gc,age      ] GC(1) Desired survivor size 2097152 bytes, new threshold 1 (max threshold 15)
[2021-05-01T11:41:48.950+0000][7][gc,age      ] GC(1) Age table with threshold 1 (max threshold 15)
[2021-05-01T11:41:48.950+0000][7][gc,age      ] GC(1) - age   1:    2029856 bytes,    2029856 total
[2021-05-01T11:41:48.950+0000][7][gc,phases   ] GC(1)   Pre Evacuate Collection Set: 0.0ms
[2021-05-01T11:41:48.950+0000][7][gc,phases   ] GC(1)   Merge Heap Roots: 0.0ms
[2021-05-01T11:41:48.950+0000][7][gc,phases   ] GC(1)   Evacuate Collection Set: 6.4ms
[2021-05-01T11:41:48.950+0000][7][gc,phases   ] GC(1)   Post Evacuate Collection Set: 0.4ms
[2021-05-01T11:41:48.950+0000][7][gc,phases   ] GC(1)   Other: 0.2ms
[2021-05-01T11:41:48.950+0000][7][gc,heap     ] GC(1) Eden regions: 5->0(12)
[2021-05-01T11:41:48.950+0000][7][gc,heap     ] GC(1) Survivor regions: 1->1(1)
[2021-05-01T11:41:48.950+0000][7][gc,heap     ] GC(1) Old regions: 0->1
[2021-05-01T11:41:48.950+0000][7][gc,heap     ] GC(1) Archive regions: 2->2
[2021-05-01T11:41:48.950+0000][7][gc,heap     ] GC(1) Humongous regions: 0->0
[2021-05-01T11:41:48.950+0000][7][gc,metaspace] GC(1) Metaspace: 11881K(12288K)->11881K(12288K) NonClass: 10465K(10752K)->10465K(10752K) Class: 1416K(1536K)->1416K(1536K)
[2021-05-01T11:41:48.950+0000][7][gc          ] GC(1) Pause Young (Normal) (G1 Evacuation Pause) 27M->9M(256M) 7.150ms
[2021-05-01T11:41:48.950+0000][7][gc,cpu      ] GC(1) User=0.02s Sys=0.00s Real=0.01s
[2021-05-01T11:41:48.950+0000][7][safepoint   ] Safepoint "G1CollectForAllocation", Time since last: 71068274 ns, Reaching safepoint: 62899 ns, At safepoint: 7219629 ns, Total: 7282528 ns
[2021-05-01T11:41:49.690+0000][7][safepoint   ] Safepoint "ICBufferFull", Time since last: 739199828 ns, Reaching safepoint: 219637 ns, At safepoint: 9800 ns, Total: 229437 ns
[2021-05-01T11:41:49.902+0000][7][gc,start    ] GC(2) Pause Young (Normal) (G1 Evacuation Pause)
[2021-05-01T11:41:49.902+0000][7][gc,task     ] GC(2) Using 6 workers of 8 for evacuation
[2021-05-01T11:41:49.902+0000][7][gc,age      ] GC(2) Desired survivor size 4194304 bytes, new threshold 15 (max threshold 15)
[2021-05-01T11:41:49.908+0000][7][gc,age      ] GC(2) Age table with threshold 15 (max threshold 15)
[2021-05-01T11:41:49.909+0000][7][gc,age      ] GC(2) - age   1:    1794008 bytes,    1794008 total
[2021-05-01T11:41:49.909+0000][7][gc,age      ] GC(2) - age   2:    1931368 bytes,    3725376 total
[2021-05-01T11:41:49.909+0000][7][gc,phases   ] GC(2)   Pre Evacuate Collection Set: 0.0ms
[2021-05-01T11:41:49.909+0000][7][gc,phases   ] GC(2)   Merge Heap Roots: 0.0ms
[2021-05-01T11:41:49.909+0000][7][gc,phases   ] GC(2)   Evacuate Collection Set: 5.5ms
[2021-05-01T11:41:49.909+0000][7][gc,phases   ] GC(2)   Post Evacuate Collection Set: 1.2ms
[2021-05-01T11:41:49.909+0000][7][gc,phases   ] GC(2)   Other: 0.2ms
[2021-05-01T11:41:49.909+0000][7][gc,heap     ] GC(2) Eden regions: 12->0(36)
[2021-05-01T11:41:49.909+0000][7][gc,heap     ] GC(2) Survivor regions: 1->1(2)
[2021-05-01T11:41:49.909+0000][7][gc,heap     ] GC(2) Old regions: 1->1
[2021-05-01T11:41:49.909+0000][7][gc,heap     ] GC(2) Archive regions: 2->2
[2021-05-01T11:41:49.909+0000][7][gc,heap     ] GC(2) Humongous regions: 0->0
[2021-05-01T11:41:49.909+0000][7][gc,metaspace] GC(2) Metaspace: 14640K(15104K)->14640K(15104K) NonClass: 12961K(13312K)->12961K(13312K) Class: 1678K(1792K)->1678K(1792K)
[2021-05-01T11:41:49.909+0000][7][gc          ] GC(2) Pause Young (Normal) (G1 Evacuation Pause) 57M->10M(256M) 7.042ms
[2021-05-01T11:41:49.909+0000][7][gc,cpu      ] GC(2) User=0.02s Sys=0.00s Real=0.01s
[2021-05-01T11:41:49.909+0000][7][safepoint   ] Safepoint "G1CollectForAllocation", Time since last: 211722848 ns, Reaching safepoint: 75390 ns, At safepoint: 7110784 ns, Total: 7186174 ns
[2021-05-01T11:41:50.201+0000][7][safepoint   ] Safepoint "ICBufferFull", Time since last: 292304891 ns, Reaching safepoint: 173161 ns, At safepoint: 4405 ns, Total: 177566 ns
[2021-05-01T11:41:50.208+0000][7][safepoint   ] Safepoint "ICBufferFull", Time since last: 6345919 ns, Reaching safepoint: 135994 ns, At safepoint: 4383 ns, Total: 140377 ns
[2021-05-01T11:41:50.211+0000][7][safepoint   ] Safepoint "ICBufferFull", Time since last: 3656069 ns, Reaching safepoint: 143288 ns, At safepoint: 3927 ns, Total: 147215 ns
[2021-05-01T11:41:50.215+0000][7][safepoint   ] Safepoint "ICBufferFull", Time since last: 3592299 ns, Reaching safepoint: 146282 ns, At safepoint: 4133 ns, Total: 150415 ns
[2021-05-01T11:41:50.220+0000][7][safepoint   ] Safepoint "ICBufferFull", Time since last: 4782070 ns, Reaching safepoint: 269041 ns, At safepoint: 6200 ns, Total: 275241 ns
[2021-05-01T11:41:50.224+0000][7][safepoint   ] Safepoint "ICBufferFull", Time since last: 3945849 ns, Reaching safepoint: 137528 ns, At safepoint: 9622 ns, Total: 147150 ns
[2021-05-01T11:41:50.228+0000][7][safepoint   ] Safepoint "ICBufferFull", Time since last: 3635274 ns, Reaching safepoint: 157521 ns, At safepoint: 6512 ns, Total: 164033 ns
[2021-05-01T11:41:50.232+0000][7][safepoint   ] Safepoint "ICBufferFull", Time since last: 3213240 ns, Reaching safepoint: 130392 ns, At safepoint: 5058 ns, Total: 135450 ns
[2021-05-01T11:41:50.236+0000][7][safepoint   ] Safepoint "ICBufferFull", Time since last: 3899294 ns, Reaching safepoint: 128475 ns, At safepoint: 5085 ns, Total: 133560 ns
[2021-05-01T11:41:50.240+0000][7][safepoint   ] Safepoint "ICBufferFull", Time since last: 4646806 ns, Reaching safepoint: 142510 ns, At safepoint: 5276 ns, Total: 147786 ns
[2021-05-01T11:41:50.244+0000][7][safepoint   ] Safepoint "ICBufferFull", Time since last: 3448902 ns, Reaching safepoint: 147632 ns, At safepoint: 5727 ns, Total: 153359 ns
[2021-05-01T11:41:50.248+0000][7][safepoint   ] Safepoint "ICBufferFull", Time since last: 4203214 ns, Reaching safepoint: 133478 ns, At safepoint: 6766 ns, Total: 140244 ns
[2021-05-01T11:41:50.252+0000][7][safepoint   ] Safepoint "ICBufferFull", Time since last: 3844979 ns, Reaching safepoint: 132672 ns, At safepoint: 6590 ns, Total: 139262 ns
[2021-05-01T11:41:50.257+0000][7][safepoint   ] Safepoint "ICBufferFull", Time since last: 4588513 ns, Reaching safepoint: 63634 ns, At safepoint: 6012 ns, Total: 69646 ns
[2021-05-01T11:41:50.260+0000][7][safepoint   ] Safepoint "ICBufferFull", Time since last: 3113050 ns, Reaching safepoint: 45138 ns, At safepoint: 3175 ns, Total: 48313 ns
[2021-05-01T11:41:50.266+0000][7][safepoint   ] Safepoint "ICBufferFull", Time since last: 6347351 ns, Reaching safepoint: 34967 ns, At safepoint: 3511 ns, Total: 38478 ns
[2021-05-01T11:41:50.270+0000][7][safepoint   ] Safepoint "ICBufferFull", Time since last: 3806282 ns, Reaching safepoint: 47253 ns, At safepoint: 6917 ns, Total: 54170 ns
[2021-05-01T11:41:50.278+0000][7][safepoint   ] Safepoint "ICBufferFull", Time since last: 7299177 ns, Reaching safepoint: 62720 ns, At safepoint: 6610 ns, Total: 69330 ns
[2021-05-01T11:41:50.286+0000][7][safepoint   ] Safepoint "ICBufferFull", Time since last: 8414810 ns, Reaching safepoint: 53035 ns, At safepoint: 3537 ns, Total: 56572 ns
[2021-05-01T11:41:50.288+0000][7][safepoint   ] Safepoint "ICBufferFull", Time since last: 2098506 ns, Reaching safepoint: 39826 ns, At safepoint: 3504 ns, Total: 43330 ns
[2021-05-01T11:41:50.289+0000][7][safepoint   ] Safepoint "ICBufferFull", Time since last: 877603 ns, Reaching safepoint: 39884 ns, At safepoint: 2955 ns, Total: 42839 ns
[2021-05-01T11:41:50.290+0000][7][safepoint   ] Safepoint "ICBufferFull", Time since last: 832776 ns, Reaching safepoint: 35418 ns, At safepoint: 2473 ns, Total: 37891 ns
[2021-05-01T11:41:50.291+0000][7][safepoint   ] Safepoint "ICBufferFull", Time since last: 1273082 ns, Reaching safepoint: 54531 ns, At safepoint: 3461 ns, Total: 57992 ns
[2021-05-01T11:41:50.293+0000][7][safepoint   ] Safepoint "ICBufferFull", Time since last: 1380168 ns, Reaching safepoint: 41582 ns, At safepoint: 3340 ns, Total: 44922 ns
[2021-05-01T11:41:50.294+0000][7][safepoint   ] Safepoint "ICBufferFull", Time since last: 1254129 ns, Reaching safepoint: 39274 ns, At safepoint: 2827 ns, Total: 42101 ns
[2021-05-01T11:41:50.300+0000][7][safepoint   ] Safepoint "ICBufferFull", Time since last: 6069594 ns, Reaching safepoint: 74767 ns, At safepoint: 3885 ns, Total: 78652 ns
[2021-05-01T11:41:50.303+0000][7][safepoint   ] Safepoint "ICBufferFull", Time since last: 3012861 ns, Reaching safepoint: 68741 ns, At safepoint: 4761 ns, Total: 73502 ns
[2021-05-01T11:41:50.305+0000][7][safepoint   ] Safepoint "ICBufferFull", Time since last: 1837956 ns, Reaching safepoint: 53774 ns, At safepoint: 4774 ns, Total: 58548 ns
[2021-05-01T11:41:50.307+0000][7][safepoint   ] Safepoint "ICBufferFull", Time since last: 1389528 ns, Reaching safepoint: 53728 ns, At safepoint: 2939 ns, Total: 56667 ns
[2021-05-01T11:41:50.308+0000][7][safepoint   ] Safepoint "ICBufferFull", Time since last: 1576233 ns, Reaching safepoint: 60150 ns, At safepoint: 6357 ns, Total: 66507 ns
[2021-05-01T11:41:50.310+0000][7][safepoint   ] Safepoint "ICBufferFull", Time since last: 1108660 ns, Reaching safepoint: 48432 ns, At safepoint: 5271 ns, Total: 53703 ns
[2021-05-01T11:41:50.311+0000][7][safepoint   ] Safepoint "ICBufferFull", Time since last: 1168568 ns, Reaching safepoint: 139679 ns, At safepoint: 6940 ns, Total: 146619 ns
[2021-05-01T11:41:50.312+0000][7][safepoint   ] Safepoint "ICBufferFull", Time since last: 1198809 ns, Reaching safepoint: 124484 ns, At safepoint: 4927 ns, Total: 129411 ns
[2021-05-01T11:41:50.313+0000][7][safepoint   ] Safepoint "ICBufferFull", Time since last: 1050693 ns, Reaching safepoint: 139685 ns, At safepoint: 4567 ns, Total: 144252 ns
[2021-05-01T11:41:50.315+0000][7][safepoint   ] Safepoint "ICBufferFull", Time since last: 1286467 ns, Reaching safepoint: 253737 ns, At safepoint: 6073 ns, Total: 259810 ns
[2021-05-01T11:41:50.320+0000][7][safepoint   ] Safepoint "ICBufferFull", Time since last: 5053487 ns, Reaching safepoint: 150130 ns, At safepoint: 7164 ns, Total: 157294 ns
[2021-05-01T11:41:50.337+0000][7][safepoint   ] Safepoint "ICBufferFull", Time since last: 16394679 ns, Reaching safepoint: 131116 ns, At safepoint: 10250 ns, Total: 141366 ns
[2021-05-01T11:41:50.772+0000][7][safepoint   ] Safepoint "ICBufferFull", Time since last: 435358368 ns, Reaching safepoint: 171719 ns, At safepoint: 11259 ns, Total: 182978 ns
[2021-05-01T11:41:50.887+0000][7][gc,start    ] GC(3) Pause Young (Normal) (G1 Evacuation Pause)
[2021-05-01T11:41:50.887+0000][7][gc,task     ] GC(3) Using 6 workers of 8 for evacuation
[2021-05-01T11:41:50.887+0000][7][gc,age      ] GC(3) Desired survivor size 10485760 bytes, new threshold 15 (max threshold 15)
[2021-05-01T11:41:50.898+0000][7][gc,age      ] GC(3) Age table with threshold 15 (max threshold 15)
[2021-05-01T11:41:50.898+0000][7][gc,age      ] GC(3) - age   1:    3098296 bytes,    3098296 total
[2021-05-01T11:41:50.898+0000][7][gc,age      ] GC(3) - age   2:    1737464 bytes,    4835760 total
[2021-05-01T11:41:50.898+0000][7][gc,age      ] GC(3) - age   3:    1916208 bytes,    6751968 total
[2021-05-01T11:41:50.898+0000][7][gc,phases   ] GC(3)   Pre Evacuate Collection Set: 0.0ms
[2021-05-01T11:41:50.898+0000][7][gc,phases   ] GC(3)   Merge Heap Roots: 0.0ms
[2021-05-01T11:41:50.898+0000][7][gc,phases   ] GC(3)   Evacuate Collection Set: 10.6ms
[2021-05-01T11:41:50.898+0000][7][gc,phases   ] GC(3)   Post Evacuate Collection Set: 0.4ms
[2021-05-01T11:41:50.898+0000][7][gc,phases   ] GC(3)   Other: 0.2ms
[2021-05-01T11:41:50.898+0000][7][gc,heap     ] GC(3) Eden regions: 36->0(36)
[2021-05-01T11:41:50.898+0000][7][gc,heap     ] GC(3) Survivor regions: 1->2(5)
[2021-05-01T11:41:50.898+0000][7][gc,heap     ] GC(3) Old regions: 1->1
[2021-05-01T11:41:50.898+0000][7][gc,heap     ] GC(3) Archive regions: 2->2
[2021-05-01T11:41:50.899+0000][7][gc,heap     ] GC(3) Humongous regions: 0->0
[2021-05-01T11:41:50.899+0000][7][gc,metaspace] GC(3) Metaspace: 17960K(18688K)->17960K(18688K) NonClass: 15829K(16384K)->15829K(16384K) Class: 2130K(2304K)->2130K(2304K)
[2021-05-01T11:41:50.899+0000][7][gc          ] GC(3) Pause Young (Normal) (G1 Evacuation Pause) 154M->13M(256M) 11.389ms
[2021-05-01T11:41:50.899+0000][7][gc,cpu      ] GC(3) User=0.04s Sys=0.00s Real=0.01s
[2021-05-01T11:41:50.899+0000][7][safepoint   ] Safepoint "G1CollectForAllocation", Time since last: 114741372 ns, Reaching safepoint: 145473 ns, At safepoint: 11470064 ns, Total: 11615537 ns
[2021-05-01T11:41:51.263+0000][7][gc,start    ] GC(4) Pause Young (Normal) (G1 Evacuation Pause)
[2021-05-01T11:41:51.263+0000][7][gc,task     ] GC(4) Using 6 workers of 8 for evacuation
[2021-05-01T11:41:51.263+0000][7][gc,age      ] GC(4) Desired survivor size 10485760 bytes, new threshold 15 (max threshold 15)
[2021-05-01T11:41:51.275+0000][7][gc,age      ] GC(4) Age table with threshold 15 (max threshold 15)
[2021-05-01T11:41:51.275+0000][7][gc,age      ] GC(4) - age   1:    2475296 bytes,    2475296 total
[2021-05-01T11:41:51.275+0000][7][gc,age      ] GC(4) - age   2:    3026328 bytes,    5501624 total
[2021-05-01T11:41:51.275+0000][7][gc,age      ] GC(4) - age   3:    1737464 bytes,    7239088 total
[2021-05-01T11:41:51.275+0000][7][gc,age      ] GC(4) - age   4:    1916208 bytes,    9155296 total
[2021-05-01T11:41:51.275+0000][7][gc,phases   ] GC(4)   Pre Evacuate Collection Set: 0.0ms
[2021-05-01T11:41:51.275+0000][7][gc,phases   ] GC(4)   Merge Heap Roots: 0.0ms
[2021-05-01T11:41:51.275+0000][7][gc,phases   ] GC(4)   Evacuate Collection Set: 11.3ms
[2021-05-01T11:41:51.275+0000][7][gc,phases   ] GC(4)   Post Evacuate Collection Set: 0.7ms
[2021-05-01T11:41:51.275+0000][7][gc,phases   ] GC(4)   Other: 0.2ms
[2021-05-01T11:41:51.275+0000][7][gc,heap     ] GC(4) Eden regions: 36->0(35)
[2021-05-01T11:41:51.275+0000][7][gc,heap     ] GC(4) Survivor regions: 2->3(5)
[2021-05-01T11:41:51.276+0000][7][gc,heap     ] GC(4) Old regions: 1->1
[2021-05-01T11:41:51.276+0000][7][gc,heap     ] GC(4) Archive regions: 2->2
[2021-05-01T11:41:51.276+0000][7][gc,heap     ] GC(4) Humongous regions: 0->0
[2021-05-01T11:41:51.276+0000][7][gc,metaspace] GC(4) Metaspace: 18508K(19328K)->18508K(19328K) NonClass: 16307K(16896K)->16307K(16896K) Class: 2200K(2432K)->2200K(2432K)
[2021-05-01T11:41:51.276+0000][7][gc          ] GC(4) Pause Young (Normal) (G1 Evacuation Pause) 157M->16M(256M) 12.423ms
[2021-05-01T11:41:51.276+0000][7][gc,cpu      ] GC(4) User=0.04s Sys=0.00s Real=0.02s
[2021-05-01T11:41:51.276+0000][7][safepoint   ] Safepoint "G1CollectForAllocation", Time since last: 364417869 ns, Reaching safepoint: 99122 ns, At safepoint: 12524001 ns, Total: 12623123 ns
[2021-05-01T11:41:51.640+0000][7][gc,start    ] GC(5) Pause Young (Normal) (G1 Evacuation Pause)
[2021-05-01T11:41:51.640+0000][7][gc,task     ] GC(5) Using 6 workers of 8 for evacuation
[2021-05-01T11:41:51.640+0000][7][gc,age      ] GC(5) Desired survivor size 10485760 bytes, new threshold 15 (max threshold 15)
[2021-05-01T11:41:51.651+0000][7][gc,age      ] GC(5) Age table with threshold 15 (max threshold 15)
[2021-05-01T11:41:51.651+0000][7][gc,age      ] GC(5) - age   1:    2080000 bytes,    2080000 total
[2021-05-01T11:41:51.651+0000][7][gc,age      ] GC(5) - age   2:    1832168 bytes,    3912168 total
[2021-05-01T11:41:51.651+0000][7][gc,age      ] GC(5) - age   3:    3025280 bytes,    6937448 total
[2021-05-01T11:41:51.651+0000][7][gc,age      ] GC(5) - age   4:    1737464 bytes,    8674912 total
[2021-05-01T11:41:51.651+0000][7][gc,age      ] GC(5) - age   5:    1916208 bytes,   10591120 total
[2021-05-01T11:41:51.651+0000][7][gc,phases   ] GC(5)   Pre Evacuate Collection Set: 0.0ms
[2021-05-01T11:41:51.651+0000][7][gc,phases   ] GC(5)   Merge Heap Roots: 0.0ms
[2021-05-01T11:41:51.651+0000][7][gc,phases   ] GC(5)   Evacuate Collection Set: 10.0ms
[2021-05-01T11:41:51.651+0000][7][gc,phases   ] GC(5)   Post Evacuate Collection Set: 0.7ms
[2021-05-01T11:41:51.651+0000][7][gc,phases   ] GC(5)   Other: 0.2ms
[2021-05-01T11:41:51.651+0000][7][gc,heap     ] GC(5) Eden regions: 35->0(35)
[2021-05-01T11:41:51.651+0000][7][gc,heap     ] GC(5) Survivor regions: 3->3(5)
[2021-05-01T11:41:51.651+0000][7][gc,heap     ] GC(5) Old regions: 1->1
[2021-05-01T11:41:51.651+0000][7][gc,heap     ] GC(5) Archive regions: 2->2
[2021-05-01T11:41:51.651+0000][7][gc,heap     ] GC(5) Humongous regions: 0->0
[2021-05-01T11:41:51.651+0000][7][gc,metaspace] GC(5) Metaspace: 18984K(19968K)->18984K(19968K) NonClass: 16708K(17408K)->16708K(17408K) Class: 2275K(2560K)->2275K(2560K)
[2021-05-01T11:41:51.651+0000][7][gc          ] GC(5) Pause Young (Normal) (G1 Evacuation Pause) 156M->18M(256M) 11.038ms
[2021-05-01T11:41:51.651+0000][7][gc,cpu      ] GC(5) User=0.05s Sys=0.00s Real=0.01s
[2021-05-01T11:41:51.651+0000][7][safepoint   ] Safepoint "G1CollectForAllocation", Time since last: 364121455 ns, Reaching safepoint: 85250 ns, At safepoint: 11103082 ns, Total: 11188332 ns
[2021-05-01T11:41:51.950+0000][7][gc,start    ] GC(6) Pause Young (Normal) (G1 Evacuation Pause)
[2021-05-01T11:41:51.950+0000][7][gc,task     ] GC(6) Using 6 workers of 8 for evacuation
[2021-05-01T11:41:51.950+0000][7][gc,age      ] GC(6) Desired survivor size 10485760 bytes, new threshold 5 (max threshold 15)
[2021-05-01T11:41:51.962+0000][7][gc,age      ] GC(6) Age table with threshold 5 (max threshold 15)
[2021-05-01T11:41:51.962+0000][7][gc,age      ] GC(6) - age   1:    2968168 bytes,    2968168 total
[2021-05-01T11:41:51.962+0000][7][gc,age      ] GC(6) - age   2:    1510504 bytes,    4478672 total
[2021-05-01T11:41:51.962+0000][7][gc,age      ] GC(6) - age   3:    1832168 bytes,    6310840 total
[2021-05-01T11:41:51.962+0000][7][gc,age      ] GC(6) - age   4:    3025280 bytes,    9336120 total
[2021-05-01T11:41:51.962+0000][7][gc,age      ] GC(6) - age   5:    1737464 bytes,   11073584 total
[2021-05-01T11:41:51.962+0000][7][gc,phases   ] GC(6)   Pre Evacuate Collection Set: 0.1ms
[2021-05-01T11:41:51.962+0000][7][gc,phases   ] GC(6)   Merge Heap Roots: 0.0ms
[2021-05-01T11:41:51.962+0000][7][gc,phases   ] GC(6)   Evacuate Collection Set: 10.6ms
[2021-05-01T11:41:51.962+0000][7][gc,phases   ] GC(6)   Post Evacuate Collection Set: 0.6ms
[2021-05-01T11:41:51.962+0000][7][gc,phases   ] GC(6)   Other: 0.2ms
[2021-05-01T11:41:51.962+0000][7][gc,heap     ] GC(6) Eden regions: 35->0(35)
[2021-05-01T11:41:51.962+0000][7][gc,heap     ] GC(6) Survivor regions: 3->3(5)
[2021-05-01T11:41:51.962+0000][7][gc,heap     ] GC(6) Old regions: 1->2
[2021-05-01T11:41:51.962+0000][7][gc,heap     ] GC(6) Archive regions: 2->2
[2021-05-01T11:41:51.962+0000][7][gc,heap     ] GC(6) Humongous regions: 0->0
[2021-05-01T11:41:51.962+0000][7][gc,metaspace] GC(6) Metaspace: 19271K(20224K)->19271K(20224K) NonClass: 16965K(17664K)->16965K(17664K) Class: 2306K(2560K)->2306K(2560K)
[2021-05-01T11:41:51.962+0000][7][gc          ] GC(6) Pause Young (Normal) (G1 Evacuation Pause) 158M->20M(256M) 11.639ms
[2021-05-01T11:41:51.962+0000][7][gc,cpu      ] GC(6) User=0.06s Sys=0.00s Real=0.01s
[2021-05-01T11:41:51.962+0000][7][safepoint   ] Safepoint "G1CollectForAllocation", Time since last: 299224617 ns, Reaching safepoint: 143916 ns, At safepoint: 11711994 ns, Total: 11855910 ns
[2021-05-01T11:41:52.250+0000][7][gc,start    ] GC(7) Pause Young (Normal) (G1 Evacuation Pause)
[2021-05-01T11:41:52.250+0000][7][gc,task     ] GC(7) Using 6 workers of 8 for evacuation
[2021-05-01T11:41:52.250+0000][7][gc,age      ] GC(7) Desired survivor size 10485760 bytes, new threshold 5 (max threshold 15)
[2021-05-01T11:41:52.260+0000][7][gc,age      ] GC(7) Age table with threshold 5 (max threshold 15)
[2021-05-01T11:41:52.260+0000][7][gc,age      ] GC(7) - age   1:     340504 bytes,     340504 total
[2021-05-01T11:41:52.260+0000][7][gc,age      ] GC(7) - age   2:    1208752 bytes,    1549256 total
[2021-05-01T11:41:52.260+0000][7][gc,age      ] GC(7) - age   3:    1509728 bytes,    3058984 total
[2021-05-01T11:41:52.260+0000][7][gc,age      ] GC(7) - age   4:    1832104 bytes,    4891088 total
[2021-05-01T11:41:52.260+0000][7][gc,age      ] GC(7) - age   5:    3021328 bytes,    7912416 total
[2021-05-01T11:41:52.260+0000][7][gc,phases   ] GC(7)   Pre Evacuate Collection Set: 0.0ms
[2021-05-01T11:41:52.260+0000][7][gc,phases   ] GC(7)   Merge Heap Roots: 0.0ms
[2021-05-01T11:41:52.260+0000][7][gc,phases   ] GC(7)   Evacuate Collection Set: 9.4ms
[2021-05-01T11:41:52.260+0000][7][gc,phases   ] GC(7)   Post Evacuate Collection Set: 0.4ms
[2021-05-01T11:41:52.260+0000][7][gc,phases   ] GC(7)   Other: 0.2ms
[2021-05-01T11:41:52.260+0000][7][gc,heap     ] GC(7) Eden regions: 35->0(35)
[2021-05-01T11:41:52.260+0000][7][gc,heap     ] GC(7) Survivor regions: 3->3(5)
[2021-05-01T11:41:52.260+0000][7][gc,heap     ] GC(7) Old regions: 2->2
[2021-05-01T11:41:52.260+0000][7][gc,heap     ] GC(7) Archive regions: 2->2
[2021-05-01T11:41:52.260+0000][7][gc,heap     ] GC(7) Humongous regions: 0->0
[2021-05-01T11:41:52.260+0000][7][gc,metaspace] GC(7) Metaspace: 19445K(20480K)->19445K(20480K) NonClass: 17106K(17920K)->17106K(17920K) Class: 2338K(2560K)->2338K(2560K)
[2021-05-01T11:41:52.260+0000][7][gc          ] GC(7) Pause Young (Normal) (G1 Evacuation Pause) 160M->19M(256M) 10.124ms
[2021-05-01T11:41:52.260+0000][7][gc,cpu      ] GC(7) User=0.03s Sys=0.00s Real=0.01s
[2021-05-01T11:41:52.260+0000][7][safepoint   ] Safepoint "G1CollectForAllocation", Time since last: 287799049 ns, Reaching safepoint: 51794 ns, At safepoint: 10206761 ns, Total: 10258555 ns
[2021-05-01T11:41:52.533+0000][7][gc,start    ] GC(8) Pause Young (Normal) (G1 Evacuation Pause)
[2021-05-01T11:41:52.533+0000][7][gc,task     ] GC(8) Using 6 workers of 8 for evacuation
[2021-05-01T11:41:52.533+0000][7][gc,age      ] GC(8) Desired survivor size 10485760 bytes, new threshold 15 (max threshold 15)
[2021-05-01T11:41:52.543+0000][7][gc,age      ] GC(8) Age table with threshold 15 (max threshold 15)
[2021-05-01T11:41:52.543+0000][7][gc,age      ] GC(8) - age   1:     910744 bytes,     910744 total
[2021-05-01T11:41:52.543+0000][7][gc,age      ] GC(8) - age   2:     304960 bytes,    1215704 total
[2021-05-01T11:41:52.543+0000][7][gc,age      ] GC(8) - age   3:    1208752 bytes,    2424456 total
[2021-05-01T11:41:52.543+0000][7][gc,age      ] GC(8) - age   4:    1509728 bytes,    3934184 total
[2021-05-01T11:41:52.543+0000][7][gc,age      ] GC(8) - age   5:    1832104 bytes,    5766288 total
[2021-05-01T11:41:52.543+0000][7][gc,age      ] GC(8) - age   6:    3021328 bytes,    8787616 total
[2021-05-01T11:41:52.544+0000][7][gc,phases   ] GC(8)   Pre Evacuate Collection Set: 0.0ms
[2021-05-01T11:41:52.544+0000][7][gc,phases   ] GC(8)   Merge Heap Roots: 0.0ms
[2021-05-01T11:41:52.544+0000][7][gc,phases   ] GC(8)   Evacuate Collection Set: 8.9ms
[2021-05-01T11:41:52.544+0000][7][gc,phases   ] GC(8)   Post Evacuate Collection Set: 1.0ms
[2021-05-01T11:41:52.544+0000][7][gc,phases   ] GC(8)   Other: 0.2ms
[2021-05-01T11:41:52.544+0000][7][gc,heap     ] GC(8) Eden regions: 35->0(35)
[2021-05-01T11:41:52.544+0000][7][gc,heap     ] GC(8) Survivor regions: 3->3(5)
[2021-05-01T11:41:52.544+0000][7][gc,heap     ] GC(8) Old regions: 2->2
[2021-05-01T11:41:52.544+0000][7][gc,heap     ] GC(8) Archive regions: 2->2
[2021-05-01T11:41:52.544+0000][7][gc,heap     ] GC(8) Humongous regions: 0->0
[2021-05-01T11:41:52.544+0000][7][gc,metaspace] GC(8) Metaspace: 19629K(20864K)->19629K(20864K) NonClass: 17255K(18176K)->17255K(18176K) Class: 2373K(2688K)->2373K(2688K)
[2021-05-01T11:41:52.544+0000][7][gc          ] GC(8) Pause Young (Normal) (G1 Evacuation Pause) 159M->19M(256M) 10.348ms
[2021-05-01T11:41:52.544+0000][7][gc,cpu      ] GC(8) User=0.04s Sys=0.00s Real=0.01s
[2021-05-01T11:41:52.544+0000][7][safepoint   ] Safepoint "G1CollectForAllocation", Time since last: 273128121 ns, Reaching safepoint: 60094 ns, At safepoint: 10427609 ns, Total: 10487703 ns
[2021-05-01T11:41:52.823+0000][7][gc,start    ] GC(9) Pause Young (Normal) (G1 Evacuation Pause)
[2021-05-01T11:41:52.823+0000][7][gc,task     ] GC(9) Using 6 workers of 8 for evacuation
[2021-05-01T11:41:52.823+0000][7][gc,age      ] GC(9) Desired survivor size 10485760 bytes, new threshold 15 (max threshold 15)
[2021-05-01T11:41:52.829+0000][7][gc,age      ] GC(9) Age table with threshold 15 (max threshold 15)
[2021-05-01T11:41:52.829+0000][7][gc,age      ] GC(9) - age   1:     869336 bytes,     869336 total
[2021-05-01T11:41:52.829+0000][7][gc,age      ] GC(9) - age   2:     243776 bytes,    1113112 total
[2021-05-01T11:41:52.829+0000][7][gc,age      ] GC(9) - age   3:     304808 bytes,    1417920 total
[2021-05-01T11:41:52.829+0000][7][gc,age      ] GC(9) - age   4:    1208752 bytes,    2626672 total
[2021-05-01T11:41:52.829+0000][7][gc,age      ] GC(9) - age   5:    1509056 bytes,    4135728 total
[2021-05-01T11:41:52.829+0000][7][gc,age      ] GC(9) - age   6:    1831816 bytes,    5967544 total
[2021-05-01T11:41:52.829+0000][7][gc,age      ] GC(9) - age   7:    3021200 bytes,    8988744 total
[2021-05-01T11:41:52.829+0000][7][gc,phases   ] GC(9)   Pre Evacuate Collection Set: 0.0ms
[2021-05-01T11:41:52.829+0000][7][gc,phases   ] GC(9)   Merge Heap Roots: 0.0ms
[2021-05-01T11:41:52.829+0000][7][gc,phases   ] GC(9)   Evacuate Collection Set: 5.7ms
[2021-05-01T11:41:52.829+0000][7][gc,phases   ] GC(9)   Post Evacuate Collection Set: 0.8ms
[2021-05-01T11:41:52.829+0000][7][gc,phases   ] GC(9)   Other: 0.2ms
[2021-05-01T11:41:52.829+0000][7][gc,heap     ] GC(9) Eden regions: 35->0(35)
[2021-05-01T11:41:52.829+0000][7][gc,heap     ] GC(9) Survivor regions: 3->3(5)
[2021-05-01T11:41:52.829+0000][7][gc,heap     ] GC(9) Old regions: 2->2
[2021-05-01T11:41:52.829+0000][7][gc,heap     ] GC(9) Archive regions: 2->2
[2021-05-01T11:41:52.829+0000][7][gc,heap     ] GC(9) Humongous regions: 0->0
[2021-05-01T11:41:52.829+0000][7][gc,metaspace] GC(9) Metaspace: 19697K(20864K)->19697K(20864K) NonClass: 17310K(18176K)->17310K(18176K) Class: 2386K(2688K)->2386K(2688K)
[2021-05-01T11:41:52.829+0000][7][gc          ] GC(9) Pause Young (Normal) (G1 Evacuation Pause) 159M->19M(256M) 6.879ms
[2021-05-01T11:41:52.830+0000][7][gc,cpu      ] GC(9) User=0.03s Sys=0.00s Real=0.01s
[2021-05-01T11:41:52.830+0000][7][safepoint   ] Safepoint "G1CollectForAllocation", Time since last: 278255448 ns, Reaching safepoint: 638124 ns, At safepoint: 6955730 ns, Total: 7593854 ns
[2021-05-01T11:41:53.032+0000][7][gc,start    ] GC(10) Pause Young (Concurrent Start) (Metadata GC Threshold)
[2021-05-01T11:41:53.032+0000][7][gc,task     ] GC(10) Using 6 workers of 8 for evacuation
[2021-05-01T11:41:53.032+0000][7][gc,age      ] GC(10) Desired survivor size 10485760 bytes, new threshold 15 (max threshold 15)
[2021-05-01T11:41:53.040+0000][7][gc,age      ] GC(10) Age table with threshold 15 (max threshold 15)
[2021-05-01T11:41:53.040+0000][7][gc,age      ] GC(10) - age   1:    1672144 bytes,    1672144 total
[2021-05-01T11:41:53.041+0000][7][gc,age      ] GC(10) - age   2:     412752 bytes,    2084896 total
[2021-05-01T11:41:53.041+0000][7][gc,age      ] GC(10) - age   3:     243712 bytes,    2328608 total
[2021-05-01T11:41:53.041+0000][7][gc,age      ] GC(10) - age   4:     304808 bytes,    2633416 total
[2021-05-01T11:41:53.041+0000][7][gc,age      ] GC(10) - age   5:    1208752 bytes,    3842168 total
[2021-05-01T11:41:53.041+0000][7][gc,age      ] GC(10) - age   6:    1508016 bytes,    5350184 total
[2021-05-01T11:41:53.041+0000][7][gc,age      ] GC(10) - age   7:    1831816 bytes,    7182000 total
[2021-05-01T11:41:53.041+0000][7][gc,age      ] GC(10) - age   8:    3021080 bytes,   10203080 total
[2021-05-01T11:41:53.041+0000][7][gc,phases   ] GC(10)   Pre Evacuate Collection Set: 0.1ms
[2021-05-01T11:41:53.041+0000][7][gc,phases   ] GC(10)   Merge Heap Roots: 0.0ms
[2021-05-01T11:41:53.041+0000][7][gc,phases   ] GC(10)   Evacuate Collection Set: 7.6ms
[2021-05-01T11:41:53.041+0000][7][gc,phases   ] GC(10)   Post Evacuate Collection Set: 0.4ms
[2021-05-01T11:41:53.041+0000][7][gc,phases   ] GC(10)   Other: 0.3ms
[2021-05-01T11:41:53.041+0000][7][gc,heap     ] GC(10) Eden regions: 22->0(35)
[2021-05-01T11:41:53.041+0000][7][gc,heap     ] GC(10) Survivor regions: 3->3(5)
[2021-05-01T11:41:53.041+0000][7][gc,heap     ] GC(10) Old regions: 2->2
[2021-05-01T11:41:53.041+0000][7][gc,heap     ] GC(10) Archive regions: 2->2
[2021-05-01T11:41:53.041+0000][7][gc,heap     ] GC(10) Humongous regions: 0->0
[2021-05-01T11:41:53.041+0000][7][gc,metaspace] GC(10) Metaspace: 20078K(21296K)->20078K(21296K) NonClass: 17642K(18608K)->17642K(18608K) Class: 2435K(2688K)->2435K(2688K)
[2021-05-01T11:41:53.041+0000][7][gc          ] GC(10) Pause Young (Concurrent Start) (Metadata GC Threshold) 107M->21M(256M) 8.530ms
[2021-05-01T11:41:53.041+0000][7][gc,cpu      ] GC(10) User=0.04s Sys=0.00s Real=0.01s
[2021-05-01T11:41:53.041+0000][7][gc          ] GC(11) Concurrent Cycle
[2021-05-01T11:41:53.041+0000][7][gc,marking  ] GC(11) Concurrent Clear Claimed Marks
[2021-05-01T11:41:53.041+0000][7][gc,marking  ] GC(11) Concurrent Clear Claimed Marks 0.024ms
[2021-05-01T11:41:53.041+0000][7][gc,marking  ] GC(11) Concurrent Scan Root Regions
[2021-05-01T11:41:53.041+0000][7][safepoint   ] Safepoint "CollectForMetadataAllocation", Time since last: 202556549 ns, Reaching safepoint: 65173 ns, At safepoint: 8696725 ns, Total: 8761898 ns
[2021-05-01T11:41:53.044+0000][7][gc,marking  ] GC(11) Concurrent Scan Root Regions 3.376ms
[2021-05-01T11:41:53.044+0000][7][gc,marking  ] GC(11) Concurrent Mark (5.904s)
[2021-05-01T11:41:53.044+0000][7][gc,marking  ] GC(11) Concurrent Mark From Roots
[2021-05-01T11:41:53.044+0000][7][gc,task     ] GC(11) Using 2 workers of 2 for marking
[2021-05-01T11:41:53.066+0000][7][gc,marking  ] GC(11) Concurrent Mark From Roots 21.904ms
[2021-05-01T11:41:53.066+0000][7][gc,marking  ] GC(11) Concurrent Preclean
[2021-05-01T11:41:53.066+0000][7][gc,marking  ] GC(11) Concurrent Preclean 0.168ms
[2021-05-01T11:41:53.066+0000][7][gc,marking  ] GC(11) Concurrent Mark (5.904s, 5.926s) 22.137ms
[2021-05-01T11:41:53.067+0000][7][gc,start    ] GC(11) Pause Remark
[2021-05-01T11:41:53.079+0000][7][gc          ] GC(11) Pause Remark 37M->37M(256M) 12.425ms
[2021-05-01T11:41:53.079+0000][7][gc,cpu      ] GC(11) User=0.03s Sys=0.00s Real=0.02s
[2021-05-01T11:41:53.079+0000][7][safepoint   ] Safepoint "G1Concurrent", Time since last: 25542204 ns, Reaching safepoint: 151790 ns, At safepoint: 12500890 ns, Total: 12652680 ns
[2021-05-01T11:41:53.079+0000][7][gc,marking  ] GC(11) Concurrent Rebuild Remembered Sets
[2021-05-01T11:41:53.086+0000][7][gc,marking  ] GC(11) Concurrent Rebuild Remembered Sets 7.014ms
[2021-05-01T11:41:53.087+0000][7][gc,start    ] GC(11) Pause Cleanup
[2021-05-01T11:41:53.087+0000][7][gc          ] GC(11) Pause Cleanup 39M->39M(256M) 0.090ms
[2021-05-01T11:41:53.087+0000][7][gc,cpu      ] GC(11) User=0.00s Sys=0.00s Real=0.01s
[2021-05-01T11:41:53.087+0000][7][safepoint   ] Safepoint "G1Concurrent", Time since last: 7117460 ns, Reaching safepoint: 577842 ns, At safepoint: 162975 ns, Total: 740817 ns
[2021-05-01T11:41:53.087+0000][7][gc,marking  ] GC(11) Concurrent Cleanup for Next Mark
[2021-05-01T11:41:53.087+0000][7][gc,marking  ] GC(11) Concurrent Cleanup for Next Mark 0.305ms
[2021-05-01T11:41:53.087+0000][7][gc          ] GC(11) Concurrent Cycle 46.536ms
[2021-05-01T11:41:53.277+0000][7][gc,start    ] GC(12) Pause Young (Normal) (G1 Evacuation Pause)
[2021-05-01T11:41:53.277+0000][7][gc,task     ] GC(12) Using 6 workers of 8 for evacuation
[2021-05-01T11:41:53.277+0000][7][gc,age      ] GC(12) Desired survivor size 10485760 bytes, new threshold 15 (max threshold 15)
[2021-05-01T11:41:53.286+0000][7][gc,age      ] GC(12) Age table with threshold 15 (max threshold 15)
[2021-05-01T11:41:53.286+0000][7][gc,age      ] GC(12) - age   1:    2081768 bytes,    2081768 total
[2021-05-01T11:41:53.286+0000][7][gc,age      ] GC(12) - age   2:    1651264 bytes,    3733032 total
[2021-05-01T11:41:53.286+0000][7][gc,age      ] GC(12) - age   3:     411152 bytes,    4144184 total
[2021-05-01T11:41:53.286+0000][7][gc,age      ] GC(12) - age   4:     243712 bytes,    4387896 total
[2021-05-01T11:41:53.286+0000][7][gc,age      ] GC(12) - age   5:     304744 bytes,    4692640 total
[2021-05-01T11:41:53.286+0000][7][gc,age      ] GC(12) - age   6:    1208752 bytes,    5901392 total
[2021-05-01T11:41:53.286+0000][7][gc,age      ] GC(12) - age   7:    1508016 bytes,    7409408 total
[2021-05-01T11:41:53.286+0000][7][gc,age      ] GC(12) - age   8:    1831624 bytes,    9241032 total
[2021-05-01T11:41:53.286+0000][7][gc,age      ] GC(12) - age   9:    3020888 bytes,   12261920 total
[2021-05-01T11:41:53.286+0000][7][gc,phases   ] GC(12)   Pre Evacuate Collection Set: 0.0ms
[2021-05-01T11:41:53.286+0000][7][gc,phases   ] GC(12)   Merge Heap Roots: 0.0ms
[2021-05-01T11:41:53.286+0000][7][gc,phases   ] GC(12)   Evacuate Collection Set: 8.0ms
[2021-05-01T11:41:53.286+0000][7][gc,phases   ] GC(12)   Post Evacuate Collection Set: 0.4ms
[2021-05-01T11:41:53.286+0000][7][gc,phases   ] GC(12)   Other: 0.2ms
[2021-05-01T11:41:53.286+0000][7][gc,heap     ] GC(12) Eden regions: 35->0(34)
[2021-05-01T11:41:53.286+0000][7][gc,heap     ] GC(12) Survivor regions: 3->4(5)
[2021-05-01T11:41:53.286+0000][7][gc,heap     ] GC(12) Old regions: 2->2
[2021-05-01T11:41:53.286+0000][7][gc,heap     ] GC(12) Archive regions: 2->2
[2021-05-01T11:41:53.286+0000][7][gc,heap     ] GC(12) Humongous regions: 0->0
[2021-05-01T11:41:53.286+0000][7][gc,metaspace] GC(12) Metaspace: 20217K(21628K)->20217K(21628K) NonClass: 17751K(18812K)->17751K(18812K) Class: 2466K(2816K)->2466K(2816K)
[2021-05-01T11:41:53.286+0000][7][gc          ] GC(12) Pause Young (Normal) (G1 Evacuation Pause) 161M->23M(256M) 8.670ms
[2021-05-01T11:41:53.286+0000][7][gc,cpu      ] GC(12) User=0.03s Sys=0.00s Real=0.00s
[2021-05-01T11:41:53.286+0000][7][safepoint   ] Safepoint "G1CollectForAllocation", Time since last: 190042943 ns, Reaching safepoint: 59174 ns, At safepoint: 8722696 ns, Total: 8781870 ns
[2021-05-01T11:41:53.487+0000][7][gc,start    ] GC(13) Pause Young (Normal) (G1 Evacuation Pause)
[2021-05-01T11:41:53.487+0000][7][gc,task     ] GC(13) Using 6 workers of 8 for evacuation
[2021-05-01T11:41:53.487+0000][7][gc,age      ] GC(13) Desired survivor size 10485760 bytes, new threshold 9 (max threshold 15)
[2021-05-01T11:41:53.493+0000][7][gc,age      ] GC(13) Age table with threshold 9 (max threshold 15)
[2021-05-01T11:41:53.493+0000][7][gc,age      ] GC(13) - age   1:     723312 bytes,     723312 total
[2021-05-01T11:41:53.493+0000][7][gc,age      ] GC(13) - age   2:     419504 bytes,    1142816 total
[2021-05-01T11:41:53.494+0000][7][gc,age      ] GC(13) - age   3:    1651264 bytes,    2794080 total
[2021-05-01T11:41:53.494+0000][7][gc,age      ] GC(13) - age   4:     410936 bytes,    3205016 total
[2021-05-01T11:41:53.494+0000][7][gc,age      ] GC(13) - age   5:     243712 bytes,    3448728 total
[2021-05-01T11:41:53.494+0000][7][gc,age      ] GC(13) - age   6:     304200 bytes,    3752928 total
[2021-05-01T11:41:53.494+0000][7][gc,age      ] GC(13) - age   7:    1208752 bytes,    4961680 total
[2021-05-01T11:41:53.494+0000][7][gc,age      ] GC(13) - age   8:    1508016 bytes,    6469696 total
[2021-05-01T11:41:53.494+0000][7][gc,age      ] GC(13) - age   9:    1831624 bytes,    8301320 total
[2021-05-01T11:41:53.494+0000][7][gc,phases   ] GC(13)   Pre Evacuate Collection Set: 0.0ms
[2021-05-01T11:41:53.494+0000][7][gc,phases   ] GC(13)   Merge Heap Roots: 0.1ms
[2021-05-01T11:41:53.494+0000][7][gc,phases   ] GC(13)   Evacuate Collection Set: 5.5ms
[2021-05-01T11:41:53.494+0000][7][gc,phases   ] GC(13)   Post Evacuate Collection Set: 0.3ms
[2021-05-01T11:41:53.494+0000][7][gc,phases   ] GC(13)   Other: 0.3ms
[2021-05-01T11:41:53.494+0000][7][gc,heap     ] GC(13) Eden regions: 34->0(35)
[2021-05-01T11:41:53.494+0000][7][gc,heap     ] GC(13) Survivor regions: 4->3(5)
[2021-05-01T11:41:53.494+0000][7][gc,heap     ] GC(13) Old regions: 2->3
[2021-05-01T11:41:53.494+0000][7][gc,heap     ] GC(13) Archive regions: 2->2
[2021-05-01T11:41:53.494+0000][7][gc,heap     ] GC(13) Humongous regions: 0->0
[2021-05-01T11:41:53.494+0000][7][gc,metaspace] GC(13) Metaspace: 20266K(21628K)->20266K(21628K) NonClass: 17790K(18812K)->17790K(18812K) Class: 2475K(2816K)->2475K(2816K)
[2021-05-01T11:41:53.494+0000][7][gc          ] GC(13) Pause Young (Normal) (G1 Evacuation Pause) 159M->22M(256M) 6.293ms
[2021-05-01T11:41:53.494+0000][7][gc,cpu      ] GC(13) User=0.03s Sys=0.00s Real=0.00s
[2021-05-01T11:41:53.494+0000][7][safepoint   ] Safepoint "G1CollectForAllocation", Time since last: 201429560 ns, Reaching safepoint: 131521 ns, At safepoint: 6397902 ns, Total: 6529423 ns
[2021-05-01T11:41:54.473+0000][7][safepoint   ] Safepoint "ICBufferFull", Time since last: 979548290 ns, Reaching safepoint: 234567 ns, At safepoint: 6723 ns, Total: 241290 ns
[2021-05-01T11:41:54.712+0000][7][gc,start    ] GC(14) Pause Young (Normal) (G1 Evacuation Pause)
[2021-05-01T11:41:54.712+0000][7][gc,task     ] GC(14) Using 6 workers of 8 for evacuation
[2021-05-01T11:41:54.712+0000][7][gc,age      ] GC(14) Desired survivor size 10485760 bytes, new threshold 15 (max threshold 15)
[2021-05-01T11:41:54.727+0000][7][gc,age      ] GC(14) Age table with threshold 15 (max threshold 15)
[2021-05-01T11:41:54.727+0000][7][gc,age      ] GC(14) - age   1:    5225672 bytes,    5225672 total
[2021-05-01T11:41:54.727+0000][7][gc,age      ] GC(14) - age   2:     422856 bytes,    5648528 total
[2021-05-01T11:41:54.727+0000][7][gc,age      ] GC(14) - age   3:     418528 bytes,    6067056 total
[2021-05-01T11:41:54.727+0000][7][gc,age      ] GC(14) - age   4:    1647416 bytes,    7714472 total
[2021-05-01T11:41:54.727+0000][7][gc,age      ] GC(14) - age   5:     410376 bytes,    8124848 total
[2021-05-01T11:41:54.727+0000][7][gc,age      ] GC(14) - age   6:     243280 bytes,    8368128 total
[2021-05-01T11:41:54.727+0000][7][gc,age      ] GC(14) - age   7:     297088 bytes,    8665216 total
[2021-05-01T11:41:54.727+0000][7][gc,age      ] GC(14) - age   8:    1205904 bytes,    9871120 total
[2021-05-01T11:41:54.727+0000][7][gc,age      ] GC(14) - age   9:    1504480 bytes,   11375600 total
[2021-05-01T11:41:54.727+0000][7][gc,age      ] GC(14) - age  10:    1826144 bytes,   13201744 total
[2021-05-01T11:41:54.727+0000][7][gc,phases   ] GC(14)   Pre Evacuate Collection Set: 0.0ms
[2021-05-01T11:41:54.727+0000][7][gc,phases   ] GC(14)   Merge Heap Roots: 0.0ms
[2021-05-01T11:41:54.727+0000][7][gc,phases   ] GC(14)   Evacuate Collection Set: 11.0ms
[2021-05-01T11:41:54.727+0000][7][gc,phases   ] GC(14)   Post Evacuate Collection Set: 3.8ms
[2021-05-01T11:41:54.727+0000][7][gc,phases   ] GC(14)   Other: 0.3ms
[2021-05-01T11:41:54.727+0000][7][gc,heap     ] GC(14) Eden regions: 35->0(34)
[2021-05-01T11:41:54.727+0000][7][gc,heap     ] GC(14) Survivor regions: 3->4(5)
[2021-05-01T11:41:54.727+0000][7][gc,heap     ] GC(14) Old regions: 3->3
[2021-05-01T11:41:54.727+0000][7][gc,heap     ] GC(14) Archive regions: 2->2
[2021-05-01T11:41:54.727+0000][7][gc,heap     ] GC(14) Humongous regions: 0->0
[2021-05-01T11:41:54.727+0000][7][gc,metaspace] GC(14) Metaspace: 29162K(30720K)->29162K(30720K) NonClass: 25513K(26624K)->25513K(26624K) Class: 3648K(4096K)->3648K(4096K)
[2021-05-01T11:41:54.727+0000][7][gc          ] GC(14) Pause Young (Normal) (G1 Evacuation Pause) 162M->27M(256M) 15.262ms
[2021-05-01T11:41:54.727+0000][7][gc,cpu      ] GC(14) User=0.05s Sys=0.00s Real=0.02s
[2021-05-01T11:41:54.728+0000][7][safepoint   ] Safepoint "G1CollectForAllocation", Time since last: 237917885 ns, Reaching safepoint: 235343 ns, At safepoint: 16366382 ns, Total: 16601725 ns
[2021-05-01T11:41:56.560+0000][7][gc,start    ] GC(15) Pause Young (Normal) (G1 Evacuation Pause)
[2021-05-01T11:41:56.560+0000][7][gc,task     ] GC(15) Using 6 workers of 8 for evacuation
[2021-05-01T11:41:56.560+0000][7][gc,age      ] GC(15) Desired survivor size 10485760 bytes, new threshold 9 (max threshold 15)
[2021-05-01T11:41:56.593+0000][7][gc,age      ] GC(15) Age table with threshold 9 (max threshold 15)
[2021-05-01T11:41:56.593+0000][7][gc,age      ] GC(15) - age   1:   11434696 bytes,   11434696 total
[2021-05-01T11:41:56.593+0000][7][gc,age      ] GC(15) - age   2:    4823944 bytes,   16258640 total
[2021-05-01T11:41:56.593+0000][7][gc,age      ] GC(15) - age   3:     420800 bytes,   16679440 total
[2021-05-01T11:41:56.593+0000][7][gc,age      ] GC(15) - age   4:     418528 bytes,   17097968 total
[2021-05-01T11:41:56.593+0000][7][gc,age      ] GC(15) - age   5:    1647384 bytes,   18745352 total
[2021-05-01T11:41:56.593+0000][7][gc,age      ] GC(15) - age   6:     410376 bytes,   19155728 total
[2021-05-01T11:41:56.593+0000][7][gc,age      ] GC(15) - age   7:     243280 bytes,   19399008 total
[2021-05-01T11:41:56.593+0000][7][gc,age      ] GC(15) - age   8:     297088 bytes,   19696096 total
[2021-05-01T11:41:56.593+0000][7][gc,age      ] GC(15) - age   9:    1205904 bytes,   20902000 total
[2021-05-01T11:41:56.593+0000][7][gc,phases   ] GC(15)   Pre Evacuate Collection Set: 0.1ms
[2021-05-01T11:41:56.593+0000][7][gc,phases   ] GC(15)   Merge Heap Roots: 0.1ms
[2021-05-01T11:41:56.593+0000][7][gc,phases   ] GC(15)   Evacuate Collection Set: 30.8ms
[2021-05-01T11:41:56.593+0000][7][gc,phases   ] GC(15)   Post Evacuate Collection Set: 1.3ms
[2021-05-01T11:41:56.593+0000][7][gc,phases   ] GC(15)   Other: 0.3ms
[2021-05-01T11:41:56.593+0000][7][gc,heap     ] GC(15) Eden regions: 34->0(33)
[2021-05-01T11:41:56.593+0000][7][gc,heap     ] GC(15) Survivor regions: 4->5(5)
[2021-05-01T11:41:56.593+0000][7][gc,heap     ] GC(15) Old regions: 3->5
[2021-05-01T11:41:56.593+0000][7][gc,heap     ] GC(15) Archive regions: 2->2
[2021-05-01T11:41:56.593+0000][7][gc,heap     ] GC(15) Humongous regions: 0->0
[2021-05-01T11:41:56.593+0000][7][gc,metaspace] GC(15) Metaspace: 30175K(32256K)->30175K(32256K) NonClass: 26404K(27904K)->26404K(27904K) Class: 3771K(4352K)->3771K(4352K)
[2021-05-01T11:41:56.593+0000][7][gc          ] GC(15) Pause Young (Normal) (G1 Evacuation Pause) 163M->43M(256M) 32.668ms
[2021-05-01T11:41:56.593+0000][7][gc,cpu      ] GC(15) User=0.17s Sys=0.00s Real=0.03s
[2021-05-01T11:41:56.593+0000][7][safepoint   ] Safepoint "G1CollectForAllocation", Time since last: 1832105314 ns, Reaching safepoint: 159255 ns, At safepoint: 32873519 ns, Total: 33032774 ns
[2021-05-01T11:41:57.600+0000][7][safepoint   ] Safepoint "Cleanup", Time since last: 1006306431 ns, Reaching safepoint: 208856 ns, At safepoint: 8931 ns, Total: 217787 ns
[2021-05-01T11:41:57.788+0000][7][gc,start    ] GC(16) Pause Young (Concurrent Start) (Metadata GC Threshold)
[2021-05-01T11:41:57.788+0000][7][gc,task     ] GC(16) Using 6 workers of 8 for evacuation
[2021-05-01T11:41:57.788+0000][7][gc,age      ] GC(16) Desired survivor size 10485760 bytes, new threshold 1 (max threshold 15)
[2021-05-01T11:41:57.839+0000][7][gc,age      ] GC(16) Age table with threshold 1 (max threshold 15)
[2021-05-01T11:41:57.839+0000][7][gc,age      ] GC(16) - age   1:   15554240 bytes,   15554240 total
[2021-05-01T11:41:57.839+0000][7][gc,phases   ] GC(16)   Pre Evacuate Collection Set: 0.1ms
[2021-05-01T11:41:57.839+0000][7][gc,phases   ] GC(16)   Merge Heap Roots: 0.5ms
[2021-05-01T11:41:57.839+0000][7][gc,phases   ] GC(16)   Evacuate Collection Set: 49.7ms
[2021-05-01T11:41:57.839+0000][7][gc,phases   ] GC(16)   Post Evacuate Collection Set: 0.6ms
[2021-05-01T11:41:57.839+0000][7][gc,phases   ] GC(16)   Other: 0.4ms
[2021-05-01T11:41:57.839+0000][7][gc,heap     ] GC(16) Eden regions: 28->0(30)
[2021-05-01T11:41:57.839+0000][7][gc,heap     ] GC(16) Survivor regions: 5->4(5)
[2021-05-01T11:41:57.839+0000][7][gc,heap     ] GC(16) Old regions: 5->10
[2021-05-01T11:41:57.839+0000][7][gc,heap     ] GC(16) Archive regions: 2->2
[2021-05-01T11:41:57.839+0000][7][gc,heap     ] GC(16) Humongous regions: 0->0
[2021-05-01T11:41:57.839+0000][7][gc,metaspace] GC(16) Metaspace: 33814K(35968K)->33814K(35968K) NonClass: 29448K(30976K)->29448K(30976K) Class: 4365K(4992K)->4365K(4992K)
[2021-05-01T11:41:57.839+0000][7][gc          ] GC(16) Pause Young (Concurrent Start) (Metadata GC Threshold) 155M->59M(256M) 51.468ms
[2021-05-01T11:41:57.839+0000][7][gc,cpu      ] GC(16) User=0.27s Sys=0.01s Real=0.05s
[2021-05-01T11:41:57.839+0000][7][gc          ] GC(17) Concurrent Cycle
[2021-05-01T11:41:57.839+0000][7][gc,marking  ] GC(17) Concurrent Clear Claimed Marks
[2021-05-01T11:41:57.839+0000][7][gc,marking  ] GC(17) Concurrent Clear Claimed Marks 0.052ms
[2021-05-01T11:41:57.839+0000][7][gc,marking  ] GC(17) Concurrent Scan Root Regions
[2021-05-01T11:41:57.839+0000][7][safepoint   ] Safepoint "CollectForMetadataAllocation", Time since last: 187812458 ns, Reaching safepoint: 85593 ns, At safepoint: 51784003 ns, Total: 51869596 ns
[2021-05-01T11:41:57.862+0000][7][gc,marking  ] GC(17) Concurrent Scan Root Regions 23.108ms
[2021-05-01T11:41:57.862+0000][7][gc,marking  ] GC(17) Concurrent Mark (10.722s)
[2021-05-01T11:41:57.862+0000][7][gc,marking  ] GC(17) Concurrent Mark From Roots
[2021-05-01T11:41:57.862+0000][7][gc,task     ] GC(17) Using 2 workers of 2 for marking
[2021-05-01T11:41:57.876+0000][7][safepoint   ] Safepoint "CollectForMetadataAllocation", Time since last: 36048348 ns, Reaching safepoint: 141494 ns, At safepoint: 180611 ns, Total: 322105 ns
[2021-05-01T11:41:57.890+0000][7][gc,marking  ] GC(17) Concurrent Mark From Roots 27.901ms
[2021-05-01T11:41:57.890+0000][7][gc,marking  ] GC(17) Concurrent Preclean
[2021-05-01T11:41:57.891+0000][7][gc,marking  ] GC(17) Concurrent Preclean 0.240ms
[2021-05-01T11:41:57.891+0000][7][gc,marking  ] GC(17) Concurrent Mark (10.722s, 10.751s) 28.225ms
[2021-05-01T11:41:57.891+0000][7][gc,start    ] GC(17) Pause Remark
[2021-05-01T11:41:57.897+0000][7][gc          ] GC(17) Pause Remark 63M->63M(256M) 6.345ms
[2021-05-01T11:41:57.897+0000][7][gc,cpu      ] GC(17) User=0.02s Sys=0.00s Real=0.01s
[2021-05-01T11:41:57.897+0000][7][safepoint   ] Safepoint "G1Concurrent", Time since last: 14894286 ns, Reaching safepoint: 335246 ns, At safepoint: 6427741 ns, Total: 6762987 ns
[2021-05-01T11:41:57.897+0000][7][gc,marking  ] GC(17) Concurrent Rebuild Remembered Sets
[2021-05-01T11:41:57.898+0000][7][safepoint   ] Safepoint "CollectForMetadataAllocation", Time since last: 56758 ns, Reaching safepoint: 363108 ns, At safepoint: 18505 ns, Total: 381613 ns
[2021-05-01T11:41:57.938+0000][7][gc,marking  ] GC(17) Concurrent Rebuild Remembered Sets 40.572ms
[2021-05-01T11:41:57.938+0000][7][gc,start    ] GC(17) Pause Cleanup
[2021-05-01T11:41:57.938+0000][7][gc          ] GC(17) Pause Cleanup 65M->65M(256M) 0.074ms
[2021-05-01T11:41:57.938+0000][7][gc,cpu      ] GC(17) User=0.00s Sys=0.00s Real=0.00s
[2021-05-01T11:41:57.938+0000][7][safepoint   ] Safepoint "G1Concurrent", Time since last: 40235716 ns, Reaching safepoint: 61115 ns, At safepoint: 124109 ns, Total: 185224 ns
[2021-05-01T11:41:57.938+0000][7][gc,marking  ] GC(17) Concurrent Cleanup for Next Mark
[2021-05-01T11:41:57.939+0000][7][gc,marking  ] GC(17) Concurrent Cleanup for Next Mark 0.303ms
[2021-05-01T11:41:57.939+0000][7][gc          ] GC(17) Concurrent Cycle 99.477ms
[2021-05-01T11:41:58.329+0000][7][gc,start    ] GC(18) Pause Young (Concurrent Start) (G1 Evacuation Pause)
[2021-05-01T11:41:58.329+0000][7][gc,task     ] GC(18) Using 6 workers of 8 for evacuation
[2021-05-01T11:41:58.329+0000][7][gc,age      ] GC(18) Desired survivor size 10485760 bytes, new threshold 1 (max threshold 15)
[2021-05-01T11:41:58.352+0000][7][gc,age      ] GC(18) Age table with threshold 1 (max threshold 15)
[2021-05-01T11:41:58.352+0000][7][gc,age      ] GC(18) - age   1:    1713776 bytes,    1713776 total
[2021-05-01T11:41:58.352+0000][7][gc,phases   ] GC(18)   Pre Evacuate Collection Set: 0.1ms
[2021-05-01T11:41:58.352+0000][7][gc,phases   ] GC(18)   Merge Heap Roots: 0.1ms
[2021-05-01T11:41:58.352+0000][7][gc,phases   ] GC(18)   Evacuate Collection Set: 21.7ms
[2021-05-01T11:41:58.352+0000][7][gc,phases   ] GC(18)   Post Evacuate Collection Set: 0.7ms
[2021-05-01T11:41:58.352+0000][7][gc,phases   ] GC(18)   Other: 0.2ms
[2021-05-01T11:41:58.352+0000][7][gc,heap     ] GC(18) Eden regions: 30->0(30)
[2021-05-01T11:41:58.352+0000][7][gc,heap     ] GC(18) Survivor regions: 4->1(5)
[2021-05-01T11:41:58.352+0000][7][gc,heap     ] GC(18) Old regions: 10->14
[2021-05-01T11:41:58.352+0000][7][gc,heap     ] GC(18) Archive regions: 2->2
[2021-05-01T11:41:58.352+0000][7][gc,heap     ] GC(18) Humongous regions: 0->0
[2021-05-01T11:41:58.352+0000][7][gc,metaspace] GC(18) Metaspace: 36076K(38376K)->36076K(38376K) NonClass: 31497K(33180K)->31497K(33180K) Class: 4579K(5196K)->4579K(5196K)
[2021-05-01T11:41:58.352+0000][7][gc          ] GC(18) Pause Young (Concurrent Start) (G1 Evacuation Pause) 179M->63M(256M) 22.986ms
[2021-05-01T11:41:58.352+0000][7][gc,cpu      ] GC(18) User=0.12s Sys=0.00s Real=0.02s
[2021-05-01T11:41:58.352+0000][7][gc          ] GC(19) Concurrent Cycle
[2021-05-01T11:41:58.352+0000][7][gc,marking  ] GC(19) Concurrent Clear Claimed Marks
[2021-05-01T11:41:58.352+0000][7][gc,marking  ] GC(19) Concurrent Clear Claimed Marks 0.060ms
[2021-05-01T11:41:58.352+0000][7][gc,marking  ] GC(19) Concurrent Scan Root Regions
[2021-05-01T11:41:58.354+0000][7][safepoint   ] Safepoint "G1CollectForAllocation", Time since last: 390367874 ns, Reaching safepoint: 243988 ns, At safepoint: 24829163 ns, Total: 25073151 ns
[2021-05-01T11:41:58.377+0000][7][gc,marking  ] GC(19) Concurrent Scan Root Regions 24.554ms
[2021-05-01T11:41:58.377+0000][7][gc,marking  ] GC(19) Concurrent Mark (11.237s)
[2021-05-01T11:41:58.377+0000][7][gc,marking  ] GC(19) Concurrent Mark From Roots
[2021-05-01T11:41:58.377+0000][7][gc,task     ] GC(19) Using 2 workers of 2 for marking
[2021-05-01T11:41:58.458+0000][7][gc,marking  ] GC(19) Concurrent Mark From Roots 81.268ms
[2021-05-01T11:41:58.458+0000][7][gc,marking  ] GC(19) Concurrent Preclean
[2021-05-01T11:41:58.458+0000][7][gc,marking  ] GC(19) Concurrent Preclean 0.285ms
[2021-05-01T11:41:58.458+0000][7][gc,marking  ] GC(19) Concurrent Mark (11.237s, 11.318s) 81.631ms
[2021-05-01T11:41:58.459+0000][7][gc,start    ] GC(19) Pause Remark
[2021-05-01T11:41:58.461+0000][7][gc          ] GC(19) Pause Remark 69M->69M(256M) 2.558ms
[2021-05-01T11:41:58.461+0000][7][gc,cpu      ] GC(19) User=0.01s Sys=0.00s Real=0.00s
[2021-05-01T11:41:58.461+0000][7][safepoint   ] Safepoint "G1Concurrent", Time since last: 104646799 ns, Reaching safepoint: 165821 ns, At safepoint: 2631917 ns, Total: 2797738 ns
[2021-05-01T11:41:58.461+0000][7][gc,marking  ] GC(19) Concurrent Rebuild Remembered Sets
[2021-05-01T11:41:58.528+0000][7][gc,marking  ] GC(19) Concurrent Rebuild Remembered Sets 66.368ms
[2021-05-01T11:41:58.528+0000][7][gc,start    ] GC(19) Pause Cleanup
[2021-05-01T11:41:58.528+0000][7][gc          ] GC(19) Pause Cleanup 71M->71M(256M) 0.248ms
[2021-05-01T11:41:58.528+0000][7][gc,cpu      ] GC(19) User=0.00s Sys=0.00s Real=0.00s
[2021-05-01T11:41:58.528+0000][7][safepoint   ] Safepoint "G1Concurrent", Time since last: 66481314 ns, Reaching safepoint: 303456 ns, At safepoint: 481172 ns, Total: 784628 ns
[2021-05-01T11:41:58.528+0000][7][gc,marking  ] GC(19) Concurrent Cleanup for Next Mark
[2021-05-01T11:41:58.529+0000][7][gc,marking  ] GC(19) Concurrent Cleanup for Next Mark 0.241ms
[2021-05-01T11:41:58.529+0000][7][gc          ] GC(19) Concurrent Cycle 176.749ms
[2021-05-01T11:41:59.985+0000][7][safepoint   ] Safepoint "Cleanup", Time since last: 1456114576 ns, Reaching safepoint: 263658 ns, At safepoint: 10366 ns, Total: 274024 ns
[2021-05-01T11:42:00.097+0000][7][gc,start    ] GC(20) Pause Young (Normal) (G1 Evacuation Pause)
[2021-05-01T11:42:00.097+0000][7][gc,task     ] GC(20) Using 6 workers of 8 for evacuation
[2021-05-01T11:42:00.097+0000][7][gc,age      ] GC(20) Desired survivor size 8388608 bytes, new threshold 15 (max threshold 15)
[2021-05-01T11:42:00.107+0000][7][gc,age      ] GC(20) Age table with threshold 15 (max threshold 15)
[2021-05-01T11:42:00.107+0000][7][gc,age      ] GC(20) - age   1:    5178784 bytes,    5178784 total
[2021-05-01T11:42:00.107+0000][7][gc,age      ] GC(20) - age   2:    1303736 bytes,    6482520 total
[2021-05-01T11:42:00.107+0000][7][gc,phases   ] GC(20)   Pre Evacuate Collection Set: 0.0ms
[2021-05-01T11:42:00.107+0000][7][gc,phases   ] GC(20)   Merge Heap Roots: 0.1ms
[2021-05-01T11:42:00.107+0000][7][gc,phases   ] GC(20)   Evacuate Collection Set: 9.2ms
[2021-05-01T11:42:00.107+0000][7][gc,phases   ] GC(20)   Post Evacuate Collection Set: 0.8ms
[2021-05-01T11:42:00.108+0000][7][gc,phases   ] GC(20)   Other: 0.2ms
[2021-05-01T11:42:00.108+0000][7][gc,heap     ] GC(20) Eden regions: 30->0(30)
[2021-05-01T11:42:00.108+0000][7][gc,heap     ] GC(20) Survivor regions: 1->2(4)
[2021-05-01T11:42:00.108+0000][7][gc,heap     ] GC(20) Old regions: 14->14
[2021-05-01T11:42:00.108+0000][7][gc,heap     ] GC(20) Archive regions: 2->2
[2021-05-01T11:42:00.108+0000][7][gc,heap     ] GC(20) Humongous regions: 0->0
[2021-05-01T11:42:00.108+0000][7][gc,metaspace] GC(20) Metaspace: 51846K(54760K)->51846K(54760K) NonClass: 44919K(47004K)->44919K(47004K) Class: 6926K(7756K)->6926K(7756K)
[2021-05-01T11:42:00.108+0000][7][gc          ] GC(20) Pause Young (Normal) (G1 Evacuation Pause) 183M->66M(256M) 10.404ms
[2021-05-01T11:42:00.108+0000][7][gc,cpu      ] GC(20) User=0.06s Sys=0.00s Real=0.01s
[2021-05-01T11:42:00.108+0000][7][safepoint   ] Safepoint "G1CollectForAllocation", Time since last: 112209842 ns, Reaching safepoint: 161360 ns, At safepoint: 10474111 ns, Total: 10635471 ns
[2021-05-01T11:42:00.359+0000][7][safepoint   ] Safepoint "ICBufferFull", Time since last: 251308650 ns, Reaching safepoint: 330526 ns, At safepoint: 6690 ns, Total: 337216 ns
[2021-05-01T11:42:01.593+0000][7][safepoint   ] Safepoint "ICBufferFull", Time since last: 1233160251 ns, Reaching safepoint: 192227 ns, At safepoint: 9050 ns, Total: 201277 ns
[2021-05-01T11:42:01.977+0000][7][safepoint   ] Safepoint "ICBufferFull", Time since last: 383715536 ns, Reaching safepoint: 417332 ns, At safepoint: 14061 ns, Total: 431393 ns
[2021-05-01T11:42:02.176+0000][7][gc,start    ] GC(21) Pause Young (Normal) (G1 Evacuation Pause)
[2021-05-01T11:42:02.176+0000][7][gc,task     ] GC(21) Using 6 workers of 8 for evacuation
[2021-05-01T11:42:02.176+0000][7][gc,age      ] GC(21) Desired survivor size 8388608 bytes, new threshold 15 (max threshold 15)
[2021-05-01T11:42:02.197+0000][7][gc,age      ] GC(21) Age table with threshold 15 (max threshold 15)
[2021-05-01T11:42:02.197+0000][7][gc,age      ] GC(21) - age   1:    5739464 bytes,    5739464 total
[2021-05-01T11:42:02.197+0000][7][gc,age      ] GC(21) - age   2:    5017336 bytes,   10756800 total
[2021-05-01T11:42:02.197+0000][7][gc,age      ] GC(21) - age   3:    1303560 bytes,   12060360 total
[2021-05-01T11:42:02.197+0000][7][gc,phases   ] GC(21)   Pre Evacuate Collection Set: 0.0ms
[2021-05-01T11:42:02.197+0000][7][gc,phases   ] GC(21)   Merge Heap Roots: 0.1ms
[2021-05-01T11:42:02.197+0000][7][gc,phases   ] GC(21)   Evacuate Collection Set: 19.0ms
[2021-05-01T11:42:02.197+0000][7][gc,phases   ] GC(21)   Post Evacuate Collection Set: 1.8ms
[2021-05-01T11:42:02.198+0000][7][gc,phases   ] GC(21)   Other: 0.2ms
[2021-05-01T11:42:02.198+0000][7][gc,heap     ] GC(21) Eden regions: 30->0(28)
[2021-05-01T11:42:02.198+0000][7][gc,heap     ] GC(21) Survivor regions: 2->4(4)
[2021-05-01T11:42:02.198+0000][7][gc,heap     ] GC(21) Old regions: 14->14
[2021-05-01T11:42:02.198+0000][7][gc,heap     ] GC(21) Archive regions: 2->2
[2021-05-01T11:42:02.198+0000][7][gc,heap     ] GC(21) Humongous regions: 0->0
[2021-05-01T11:42:02.198+0000][7][gc,metaspace] GC(21) Metaspace: 60232K(63592K)->60232K(63592K) NonClass: 52301K(54684K)->52301K(54684K) Class: 7931K(8908K)->7931K(8908K)
[2021-05-01T11:42:02.198+0000][7][gc          ] GC(21) Pause Young (Normal) (G1 Evacuation Pause) 186M->71M(256M) 21.167ms
[2021-05-01T11:42:02.198+0000][7][gc,cpu      ] GC(21) User=0.09s Sys=0.00s Real=0.02s
[2021-05-01T11:42:02.198+0000][7][safepoint   ] Safepoint "G1CollectForAllocation", Time since last: 199346433 ns, Reaching safepoint: 266622 ns, At safepoint: 21251339 ns, Total: 21517961 ns
[2021-05-01T11:42:02.388+0000][7][gc,start    ] GC(22) Pause Young (Concurrent Start) (Metadata GC Threshold)
[2021-05-01T11:42:02.388+0000][7][gc,task     ] GC(22) Using 6 workers of 8 for evacuation
[2021-05-01T11:42:02.388+0000][7][gc,age      ] GC(22) Desired survivor size 8388608 bytes, new threshold 2 (max threshold 15)
[2021-05-01T11:42:02.398+0000][7][gc,age      ] GC(22) Age table with threshold 2 (max threshold 15)
[2021-05-01T11:42:02.398+0000][7][gc,age      ] GC(22) - age   1:     401720 bytes,     401720 total
[2021-05-01T11:42:02.398+0000][7][gc,age      ] GC(22) - age   2:    5681544 bytes,    6083264 total
[2021-05-01T11:42:02.398+0000][7][gc,phases   ] GC(22)   Pre Evacuate Collection Set: 0.1ms
[2021-05-01T11:42:02.398+0000][7][gc,phases   ] GC(22)   Merge Heap Roots: 0.1ms
[2021-05-01T11:42:02.398+0000][7][gc,phases   ] GC(22)   Evacuate Collection Set: 9.6ms
[2021-05-01T11:42:02.398+0000][7][gc,phases   ] GC(22)   Post Evacuate Collection Set: 0.4ms
[2021-05-01T11:42:02.398+0000][7][gc,phases   ] GC(22)   Other: 0.2ms
[2021-05-01T11:42:02.398+0000][7][gc,heap     ] GC(22) Eden regions: 4->0(29)
[2021-05-01T11:42:02.398+0000][7][gc,heap     ] GC(22) Survivor regions: 4->2(4)
[2021-05-01T11:42:02.398+0000][7][gc,heap     ] GC(22) Old regions: 14->16
[2021-05-01T11:42:02.398+0000][7][gc,heap     ] GC(22) Archive regions: 2->2
[2021-05-01T11:42:02.398+0000][7][gc,heap     ] GC(22) Humongous regions: 0->0
[2021-05-01T11:42:02.398+0000][7][gc,metaspace] GC(22) Metaspace: 61718K(65028K)->61718K(65028K) NonClass: 53502K(55864K)->53502K(55864K) Class: 8215K(9164K)->8215K(9164K)
[2021-05-01T11:42:02.398+0000][7][gc          ] GC(22) Pause Young (Concurrent Start) (Metadata GC Threshold) 86M->73M(256M) 10.419ms
[2021-05-01T11:42:02.398+0000][7][gc,cpu      ] GC(22) User=0.07s Sys=0.00s Real=0.01s
[2021-05-01T11:42:02.398+0000][7][gc          ] GC(23) Concurrent Cycle
[2021-05-01T11:42:02.398+0000][7][gc,marking  ] GC(23) Concurrent Clear Claimed Marks
[2021-05-01T11:42:02.399+0000][7][gc,marking  ] GC(23) Concurrent Clear Claimed Marks 0.061ms
[2021-05-01T11:42:02.399+0000][7][gc,marking  ] GC(23) Concurrent Scan Root Regions
[2021-05-01T11:42:02.399+0000][7][safepoint   ] Safepoint "CollectForMetadataAllocation", Time since last: 190227218 ns, Reaching safepoint: 74677 ns, At safepoint: 10628103 ns, Total: 10702780 ns
[2021-05-01T11:42:02.409+0000][7][gc,marking  ] GC(23) Concurrent Scan Root Regions 10.001ms
[2021-05-01T11:42:02.409+0000][7][gc,marking  ] GC(23) Concurrent Mark (15.269s)
[2021-05-01T11:42:02.409+0000][7][gc,marking  ] GC(23) Concurrent Mark From Roots
[2021-05-01T11:42:02.409+0000][7][gc,task     ] GC(23) Using 2 workers of 2 for marking
[2021-05-01T11:42:02.434+0000][7][safepoint   ] Safepoint "CollectForMetadataAllocation", Time since last: 35504301 ns, Reaching safepoint: 88996 ns, At safepoint: 201378 ns, Total: 290374 ns
[2021-05-01T11:42:02.455+0000][7][safepoint   ] Safepoint "CollectForMetadataAllocation", Time since last: 19896309 ns, Reaching safepoint: 135666 ns, At safepoint: 182958 ns, Total: 318624 ns
[2021-05-01T11:42:02.486+0000][7][gc,marking  ] GC(23) Concurrent Mark From Roots 77.130ms
[2021-05-01T11:42:02.486+0000][7][gc,marking  ] GC(23) Concurrent Preclean
[2021-05-01T11:42:02.486+0000][7][gc,marking  ] GC(23) Concurrent Preclean 0.393ms
[2021-05-01T11:42:02.486+0000][7][gc,marking  ] GC(23) Concurrent Mark (15.269s, 15.346s) 77.599ms
[2021-05-01T11:42:02.487+0000][7][gc,start    ] GC(23) Pause Remark
[2021-05-01T11:42:02.489+0000][7][gc          ] GC(23) Pause Remark 83M->83M(256M) 2.818ms
[2021-05-01T11:42:02.489+0000][7][gc,cpu      ] GC(23) User=0.01s Sys=0.00s Real=0.01s
[2021-05-01T11:42:02.489+0000][7][safepoint   ] Safepoint "G1Concurrent", Time since last: 31701116 ns, Reaching safepoint: 239028 ns, At safepoint: 2914840 ns, Total: 3153868 ns
[2021-05-01T11:42:02.489+0000][7][gc,marking  ] GC(23) Concurrent Rebuild Remembered Sets
[2021-05-01T11:42:02.548+0000][7][gc,marking  ] GC(23) Concurrent Rebuild Remembered Sets 58.589ms
[2021-05-01T11:42:02.549+0000][7][gc,start    ] GC(23) Pause Cleanup
[2021-05-01T11:42:02.549+0000][7][gc          ] GC(23) Pause Cleanup 85M->85M(256M) 0.072ms
[2021-05-01T11:42:02.549+0000][7][gc,cpu      ] GC(23) User=0.00s Sys=0.00s Real=0.00s
[2021-05-01T11:42:02.549+0000][7][safepoint   ] Safepoint "G1Concurrent", Time since last: 58692019 ns, Reaching safepoint: 790258 ns, At safepoint: 123320 ns, Total: 913578 ns
[2021-05-01T11:42:02.549+0000][7][gc,marking  ] GC(23) Concurrent Cleanup for Next Mark
[2021-05-01T11:42:02.549+0000][7][gc,marking  ] GC(23) Concurrent Cleanup for Next Mark 0.176ms
[2021-05-01T11:42:02.549+0000][7][gc          ] GC(23) Concurrent Cycle 150.847ms
[2021-05-01T11:42:03.550+0000][7][safepoint   ] Safepoint "Cleanup", Time since last: 1000106433 ns, Reaching safepoint: 1013344 ns, At safepoint: 9239 ns, Total: 1022583 ns
[2021-05-01T11:42:04.230+0000][7][gc,start    ] GC(24) Pause Young (Concurrent Start) (G1 Evacuation Pause)
[2021-05-01T11:42:04.230+0000][7][gc,task     ] GC(24) Using 6 workers of 8 for evacuation
[2021-05-01T11:42:04.230+0000][7][gc,age      ] GC(24) Desired survivor size 8388608 bytes, new threshold 15 (max threshold 15)
[2021-05-01T11:42:04.240+0000][7][gc,age      ] GC(24) Age table with threshold 15 (max threshold 15)
[2021-05-01T11:42:04.240+0000][7][gc,age      ] GC(24) - age   1:    6029080 bytes,    6029080 total
[2021-05-01T11:42:04.240+0000][7][gc,age      ] GC(24) - age   2:     382136 bytes,    6411216 total
[2021-05-01T11:42:04.240+0000][7][gc,age      ] GC(24) - age   3:    5646288 bytes,   12057504 total
[2021-05-01T11:42:04.240+0000][7][gc,phases   ] GC(24)   Pre Evacuate Collection Set: 0.1ms
[2021-05-01T11:42:04.240+0000][7][gc,phases   ] GC(24)   Merge Heap Roots: 0.1ms
[2021-05-01T11:42:04.240+0000][7][gc,phases   ] GC(24)   Evacuate Collection Set: 8.9ms
[2021-05-01T11:42:04.240+0000][7][gc,phases   ] GC(24)   Post Evacuate Collection Set: 0.8ms
[2021-05-01T11:42:04.240+0000][7][gc,phases   ] GC(24)   Other: 0.2ms
[2021-05-01T11:42:04.240+0000][7][gc,heap     ] GC(24) Eden regions: 29->0(28)
[2021-05-01T11:42:04.240+0000][7][gc,heap     ] GC(24) Survivor regions: 2->3(4)
[2021-05-01T11:42:04.240+0000][7][gc,heap     ] GC(24) Old regions: 16->16
[2021-05-01T11:42:04.240+0000][7][gc,heap     ] GC(24) Archive regions: 2->2
[2021-05-01T11:42:04.240+0000][7][gc,heap     ] GC(24) Humongous regions: 0->0
[2021-05-01T11:42:04.240+0000][7][gc,metaspace] GC(24) Metaspace: 78720K(82308K)->78720K(82308K) NonClass: 68125K(70712K)->68125K(70712K) Class: 10595K(11596K)->10595K(11596K)
[2021-05-01T11:42:04.240+0000][7][gc          ] GC(24) Pause Young (Concurrent Start) (G1 Evacuation Pause) 189M->77M(256M) 10.114ms
[2021-05-01T11:42:04.240+0000][7][gc,cpu      ] GC(24) User=0.07s Sys=0.00s Real=0.01s
[2021-05-01T11:42:04.240+0000][7][gc          ] GC(25) Concurrent Cycle
[2021-05-01T11:42:04.240+0000][7][safepoint   ] Safepoint "G1CollectForAllocation", Time since last: 679856357 ns, Reaching safepoint: 87515 ns, At safepoint: 10184275 ns, Total: 10271790 ns
[2021-05-01T11:42:04.240+0000][7][gc,marking  ] GC(25) Concurrent Clear Claimed Marks
[2021-05-01T11:42:04.240+0000][7][gc,marking  ] GC(25) Concurrent Clear Claimed Marks 0.079ms
[2021-05-01T11:42:04.240+0000][7][gc,marking  ] GC(25) Concurrent Scan Root Regions
[2021-05-01T11:42:04.248+0000][7][gc,marking  ] GC(25) Concurrent Scan Root Regions 7.457ms
[2021-05-01T11:42:04.248+0000][7][gc,marking  ] GC(25) Concurrent Mark (17.108s)
[2021-05-01T11:42:04.248+0000][7][gc,marking  ] GC(25) Concurrent Mark From Roots
[2021-05-01T11:42:04.248+0000][7][gc,task     ] GC(25) Using 2 workers of 2 for marking
[2021-05-01T11:42:04.313+0000][7][gc,marking  ] GC(25) Concurrent Mark From Roots 65.276ms
[2021-05-01T11:42:04.313+0000][7][gc,marking  ] GC(25) Concurrent Preclean
[2021-05-01T11:42:04.313+0000][7][gc,marking  ] GC(25) Concurrent Preclean 0.194ms
[2021-05-01T11:42:04.313+0000][7][gc,marking  ] GC(25) Concurrent Mark (17.108s, 17.173s) 65.521ms
[2021-05-01T11:42:04.314+0000][7][gc,start    ] GC(25) Pause Remark
[2021-05-01T11:42:04.316+0000][7][gc          ] GC(25) Pause Remark 83M->83M(256M) 2.298ms
[2021-05-01T11:42:04.316+0000][7][gc,cpu      ] GC(25) User=0.01s Sys=0.00s Real=0.01s
[2021-05-01T11:42:04.316+0000][7][safepoint   ] Safepoint "G1Concurrent", Time since last: 73152488 ns, Reaching safepoint: 135384 ns, At safepoint: 2357370 ns, Total: 2492754 ns
[2021-05-01T11:42:04.316+0000][7][gc,marking  ] GC(25) Concurrent Rebuild Remembered Sets
[2021-05-01T11:42:04.364+0000][7][gc,marking  ] GC(25) Concurrent Rebuild Remembered Sets 47.992ms
[2021-05-01T11:42:04.364+0000][7][gc,start    ] GC(25) Pause Cleanup
[2021-05-01T11:42:04.364+0000][7][gc          ] GC(25) Pause Cleanup 85M->85M(256M) 0.058ms
[2021-05-01T11:42:04.364+0000][7][gc,cpu      ] GC(25) User=0.00s Sys=0.00s Real=0.00s
[2021-05-01T11:42:04.364+0000][7][safepoint   ] Safepoint "G1Concurrent", Time since last: 48085875 ns, Reaching safepoint: 214761 ns, At safepoint: 96500 ns, Total: 311261 ns
[2021-05-01T11:42:04.364+0000][7][gc,marking  ] GC(25) Concurrent Cleanup for Next Mark
[2021-05-01T11:42:04.365+0000][7][gc,marking  ] GC(25) Concurrent Cleanup for Next Mark 0.198ms
[2021-05-01T11:42:04.365+0000][7][gc          ] GC(25) Concurrent Cycle 124.353ms
[2021-05-01T11:42:04.840+0000][7][safepoint   ] Safepoint "ICBufferFull", Time since last: 475692083 ns, Reaching safepoint: 171836 ns, At safepoint: 8938 ns, Total: 180774 ns
[2021-05-01T11:42:05.445+0000][7][safepoint   ] Safepoint "ICBufferFull", Time since last: 604027208 ns, Reaching safepoint: 267323 ns, At safepoint: 23519 ns, Total: 290842 ns
[2021-05-01T11:42:05.730+0000][7][gc,start    ] GC(26) Pause Young (Normal) (G1 Evacuation Pause)
[2021-05-01T11:42:05.730+0000][7][gc,task     ] GC(26) Using 6 workers of 8 for evacuation
[2021-05-01T11:42:05.730+0000][7][gc,age      ] GC(26) Desired survivor size 8388608 bytes, new threshold 3 (max threshold 15)
[2021-05-01T11:42:05.742+0000][7][gc,age      ] GC(26) Age table with threshold 3 (max threshold 15)
[2021-05-01T11:42:05.742+0000][7][gc,age      ] GC(26) - age   1:    5141312 bytes,    5141312 total
[2021-05-01T11:42:05.742+0000][7][gc,age      ] GC(26) - age   2:    5842032 bytes,   10983344 total
[2021-05-01T11:42:05.742+0000][7][gc,age      ] GC(26) - age   3:     381608 bytes,   11364952 total
[2021-05-01T11:42:05.742+0000][7][gc,phases   ] GC(26)   Pre Evacuate Collection Set: 0.1ms
[2021-05-01T11:42:05.742+0000][7][gc,phases   ] GC(26)   Merge Heap Roots: 0.1ms
[2021-05-01T11:42:05.742+0000][7][gc,phases   ] GC(26)   Evacuate Collection Set: 10.8ms
[2021-05-01T11:42:05.742+0000][7][gc,phases   ] GC(26)   Post Evacuate Collection Set: 0.8ms
[2021-05-01T11:42:05.742+0000][7][gc,phases   ] GC(26)   Other: 0.2ms
[2021-05-01T11:42:05.742+0000][7][gc,heap     ] GC(26) Eden regions: 28->0(27)
[2021-05-01T11:42:05.742+0000][7][gc,heap     ] GC(26) Survivor regions: 3->3(4)
[2021-05-01T11:42:05.742+0000][7][gc,heap     ] GC(26) Old regions: 16->17
[2021-05-01T11:42:05.742+0000][7][gc,heap     ] GC(26) Archive regions: 2->2
[2021-05-01T11:42:05.742+0000][7][gc,heap     ] GC(26) Humongous regions: 0->0
[2021-05-01T11:42:05.742+0000][7][gc,metaspace] GC(26) Metaspace: 88749K(92804K)->88749K(92804K) NonClass: 76717K(79672K)->76717K(79672K) Class: 12032K(13132K)->12032K(13132K)
[2021-05-01T11:42:05.742+0000][7][gc          ] GC(26) Pause Young (Normal) (G1 Evacuation Pause) 189M->83M(256M) 11.956ms
[2021-05-01T11:42:05.742+0000][7][gc,cpu      ] GC(26) User=0.08s Sys=0.00s Real=0.01s
[2021-05-01T11:42:05.742+0000][7][safepoint   ] Safepoint "G1CollectForAllocation", Time since last: 285555215 ns, Reaching safepoint: 143680 ns, At safepoint: 12038135 ns, Total: 12181815 ns
[2021-05-01T11:42:05.898+0000][7][gc,start    ] GC(27) Pause Young (Concurrent Start) (G1 Humongous Allocation)
[2021-05-01T11:42:05.898+0000][7][gc,task     ] GC(27) Using 6 workers of 8 for evacuation
[2021-05-01T11:42:05.898+0000][7][gc,age      ] GC(27) Desired survivor size 8388608 bytes, new threshold 2 (max threshold 15)
[2021-05-01T11:42:05.912+0000][7][gc,age      ] GC(27) Age table with threshold 2 (max threshold 15)
[2021-05-01T11:42:05.912+0000][7][gc,age      ] GC(27) - age   1:     369816 bytes,     369816 total
[2021-05-01T11:42:05.912+0000][7][gc,age      ] GC(27) - age   2:    4769536 bytes,    5139352 total
[2021-05-01T11:42:05.912+0000][7][gc,phases   ] GC(27)   Pre Evacuate Collection Set: 0.1ms
[2021-05-01T11:42:05.912+0000][7][gc,phases   ] GC(27)   Merge Heap Roots: 0.1ms
[2021-05-01T11:42:05.912+0000][7][gc,phases   ] GC(27)   Evacuate Collection Set: 12.5ms
[2021-05-01T11:42:05.912+0000][7][gc,phases   ] GC(27)   Post Evacuate Collection Set: 1.2ms
[2021-05-01T11:42:05.912+0000][7][gc,phases   ] GC(27)   Other: 0.3ms
[2021-05-01T11:42:05.912+0000][7][gc,heap     ] GC(27) Eden regions: 3->0(27)
[2021-05-01T11:42:05.912+0000][7][gc,heap     ] GC(27) Survivor regions: 3->2(4)
[2021-05-01T11:42:05.912+0000][7][gc,heap     ] GC(27) Old regions: 17->19
[2021-05-01T11:42:05.912+0000][7][gc,heap     ] GC(27) Archive regions: 2->2
[2021-05-01T11:42:05.912+0000][7][gc,heap     ] GC(27) Humongous regions: 0->0
[2021-05-01T11:42:05.912+0000][7][gc,metaspace] GC(27) Metaspace: 89334K(93444K)->89334K(93444K) NonClass: 77226K(80184K)->77226K(80184K) Class: 12108K(13260K)->12108K(13260K)
[2021-05-01T11:42:05.912+0000][7][gc          ] GC(27) Pause Young (Concurrent Start) (G1 Humongous Allocation) 94M->83M(256M) 14.219ms
[2021-05-01T11:42:05.912+0000][7][gc,cpu      ] GC(27) User=0.10s Sys=0.00s Real=0.01s
[2021-05-01T11:42:05.912+0000][7][gc          ] GC(28) Concurrent Cycle
[2021-05-01T11:42:05.912+0000][7][gc,marking  ] GC(28) Concurrent Clear Claimed Marks
[2021-05-01T11:42:05.912+0000][7][gc,marking  ] GC(28) Concurrent Clear Claimed Marks 0.072ms
[2021-05-01T11:42:05.912+0000][7][gc,marking  ] GC(28) Concurrent Scan Root Regions
[2021-05-01T11:42:05.915+0000][7][safepoint   ] Safepoint "G1TryInitiateConcMark", Time since last: 155154147 ns, Reaching safepoint: 107088 ns, At safepoint: 17340648 ns, Total: 17447736 ns
[2021-05-01T11:42:05.923+0000][7][gc,marking  ] GC(28) Concurrent Scan Root Regions 11.188ms
[2021-05-01T11:42:05.923+0000][7][gc,marking  ] GC(28) Concurrent Mark (18.783s)
[2021-05-01T11:42:05.923+0000][7][gc,marking  ] GC(28) Concurrent Mark From Roots
[2021-05-01T11:42:05.923+0000][7][gc,task     ] GC(28) Using 2 workers of 2 for marking
[2021-05-01T11:42:06.030+0000][7][gc,marking  ] GC(28) Concurrent Mark From Roots 106.653ms
[2021-05-01T11:42:06.030+0000][7][gc,marking  ] GC(28) Concurrent Preclean
[2021-05-01T11:42:06.030+0000][7][gc,marking  ] GC(28) Concurrent Preclean 0.239ms
[2021-05-01T11:42:06.030+0000][7][gc,marking  ] GC(28) Concurrent Mark (18.783s, 18.890s) 106.967ms
[2021-05-01T11:42:06.030+0000][7][gc,start    ] GC(28) Pause Remark
[2021-05-01T11:42:06.035+0000][7][gc          ] GC(28) Pause Remark 93M->93M(256M) 4.502ms
[2021-05-01T11:42:06.035+0000][7][gc,cpu      ] GC(28) User=0.02s Sys=0.00s Real=0.01s
[2021-05-01T11:42:06.035+0000][7][safepoint   ] Safepoint "G1Concurrent", Time since last: 115307347 ns, Reaching safepoint: 161591 ns, At safepoint: 4608440 ns, Total: 4770031 ns
[2021-05-01T11:42:06.035+0000][7][gc,marking  ] GC(28) Concurrent Rebuild Remembered Sets
[2021-05-01T11:42:06.115+0000][7][gc,marking  ] GC(28) Concurrent Rebuild Remembered Sets 80.136ms
[2021-05-01T11:42:06.116+0000][7][gc,start    ] GC(28) Pause Cleanup
[2021-05-01T11:42:06.116+0000][7][gc          ] GC(28) Pause Cleanup 98M->98M(256M) 0.081ms
[2021-05-01T11:42:06.116+0000][7][gc,cpu      ] GC(28) User=0.00s Sys=0.00s Real=0.00s
[2021-05-01T11:42:06.116+0000][7][safepoint   ] Safepoint "G1Concurrent", Time since last: 80309295 ns, Reaching safepoint: 316857 ns, At safepoint: 133194 ns, Total: 450051 ns
[2021-05-01T11:42:06.116+0000][7][gc,marking  ] GC(28) Concurrent Cleanup for Next Mark
[2021-05-01T11:42:06.116+0000][7][gc,marking  ] GC(28) Concurrent Cleanup for Next Mark 0.180ms
[2021-05-01T11:42:06.116+0000][7][gc          ] GC(28) Concurrent Cycle 204.122ms
[2021-05-01T11:42:06.368+0000][7][safepoint   ] Safepoint "ICBufferFull", Time since last: 252253262 ns, Reaching safepoint: 238967 ns, At safepoint: 16969 ns, Total: 255936 ns
[2021-05-01T11:42:06.728+0000][7][safepoint   ] Safepoint "ICBufferFull", Time since last: 359173338 ns, Reaching safepoint: 174777 ns, At safepoint: 11965 ns, Total: 186742 ns
[2021-05-01T11:42:06.881+0000][7][safepoint   ] Safepoint "ICBufferFull", Time since last: 153433616 ns, Reaching safepoint: 194352 ns, At safepoint: 18149 ns, Total: 212501 ns
[2021-05-01T11:42:06.924+0000][7][gc,start    ] GC(29) Pause Young (Normal) (G1 Evacuation Pause)
[2021-05-01T11:42:06.924+0000][7][gc,task     ] GC(29) Using 6 workers of 8 for evacuation
[2021-05-01T11:42:06.924+0000][7][gc,age      ] GC(29) Desired survivor size 8388608 bytes, new threshold 15 (max threshold 15)
[2021-05-01T11:42:06.937+0000][7][gc,age      ] GC(29) Age table with threshold 15 (max threshold 15)
[2021-05-01T11:42:06.937+0000][7][gc,age      ] GC(29) - age   1:    9671896 bytes,    9671896 total
[2021-05-01T11:42:06.937+0000][7][gc,age      ] GC(29) - age   2:     270640 bytes,    9942536 total
[2021-05-01T11:42:06.937+0000][7][gc,age      ] GC(29) - age   3:    4600560 bytes,   14543096 total
[2021-05-01T11:42:06.937+0000][7][gc,phases   ] GC(29)   Pre Evacuate Collection Set: 0.1ms
[2021-05-01T11:42:06.937+0000][7][gc,phases   ] GC(29)   Merge Heap Roots: 0.1ms
[2021-05-01T11:42:06.937+0000][7][gc,phases   ] GC(29)   Evacuate Collection Set: 12.8ms
[2021-05-01T11:42:06.937+0000][7][gc,phases   ] GC(29)   Post Evacuate Collection Set: 0.7ms
[2021-05-01T11:42:06.937+0000][7][gc,phases   ] GC(29)   Other: 0.2ms
[2021-05-01T11:42:06.937+0000][7][gc,heap     ] GC(29) Eden regions: 27->0(23)
[2021-05-01T11:42:06.937+0000][7][gc,heap     ] GC(29) Survivor regions: 2->4(4)
[2021-05-01T11:42:06.937+0000][7][gc,heap     ] GC(29) Old regions: 19->19
[2021-05-01T11:42:06.937+0000][7][gc,heap     ] GC(29) Archive regions: 2->2
[2021-05-01T11:42:06.937+0000][7][gc,heap     ] GC(29) Humongous regions: 2->2
[2021-05-01T11:42:06.937+0000][7][gc,metaspace] GC(29) Metaspace: 94196K(98308K)->94196K(98308K) NonClass: 81396K(84280K)->81396K(84280K) Class: 12799K(14028K)->12799K(14028K)
[2021-05-01T11:42:06.937+0000][7][gc          ] GC(29) Pause Young (Normal) (G1 Evacuation Pause) 199M->100M(256M) 13.901ms
[2021-05-01T11:42:06.937+0000][7][gc,cpu      ] GC(29) User=0.10s Sys=0.00s Real=0.02s
[2021-05-01T11:42:06.939+0000][7][safepoint   ] Safepoint "G1CollectForAllocation", Time since last: 42130427 ns, Reaching safepoint: 180740 ns, At safepoint: 15719450 ns, Total: 15900190 ns
[2021-05-01T11:42:07.334+0000][7][safepoint   ] Safepoint "ICBufferFull", Time since last: 394096956 ns, Reaching safepoint: 311712 ns, At safepoint: 18970 ns, Total: 330682 ns
[2021-05-01T11:42:07.422+0000][7][gc,start    ] GC(30) Pause Young (Concurrent Start) (G1 Evacuation Pause)
[2021-05-01T11:42:07.422+0000][7][gc,task     ] GC(30) Using 6 workers of 8 for evacuation
[2021-05-01T11:42:07.422+0000][7][gc,age      ] GC(30) Desired survivor size 8388608 bytes, new threshold 1 (max threshold 15)
[2021-05-01T11:42:07.438+0000][7][gc,age      ] GC(30) Age table with threshold 1 (max threshold 15)
[2021-05-01T11:42:07.438+0000][7][gc,age      ] GC(30) - age   1:    8225048 bytes,    8225048 total
[2021-05-01T11:42:07.438+0000][7][gc,phases   ] GC(30)   Pre Evacuate Collection Set: 0.1ms
[2021-05-01T11:42:07.438+0000][7][gc,phases   ] GC(30)   Merge Heap Roots: 0.1ms
[2021-05-01T11:42:07.438+0000][7][gc,phases   ] GC(30)   Evacuate Collection Set: 15.9ms
[2021-05-01T11:42:07.438+0000][7][gc,phases   ] GC(30)   Post Evacuate Collection Set: 0.6ms
[2021-05-01T11:42:07.438+0000][7][gc,phases   ] GC(30)   Other: 0.2ms
[2021-05-01T11:42:07.438+0000][7][gc,heap     ] GC(30) Eden regions: 23->0(20)
[2021-05-01T11:42:07.438+0000][7][gc,heap     ] GC(30) Survivor regions: 4->3(4)
[2021-05-01T11:42:07.438+0000][7][gc,heap     ] GC(30) Old regions: 19->22
[2021-05-01T11:42:07.438+0000][7][gc,heap     ] GC(30) Archive regions: 2->2
[2021-05-01T11:42:07.438+0000][7][gc,heap     ] GC(30) Humongous regions: 2->2
[2021-05-01T11:42:07.438+0000][7][gc,metaspace] GC(30) Metaspace: 96545K(100868K)->96545K(100868K) NonClass: 83468K(86584K)->83468K(86584K) Class: 13076K(14284K)->13076K(14284K)
[2021-05-01T11:42:07.439+0000][7][gc          ] GC(30) Pause Young (Concurrent Start) (G1 Evacuation Pause) 192M->108M(256M) 16.962ms
[2021-05-01T11:42:07.439+0000][7][gc,cpu      ] GC(30) User=0.12s Sys=0.00s Real=0.02s
[2021-05-01T11:42:07.439+0000][7][gc          ] GC(31) Concurrent Cycle
[2021-05-01T11:42:07.439+0000][7][gc,marking  ] GC(31) Concurrent Clear Claimed Marks
[2021-05-01T11:42:07.439+0000][7][gc,marking  ] GC(31) Concurrent Clear Claimed Marks 0.086ms
[2021-05-01T11:42:07.439+0000][7][gc,marking  ] GC(31) Concurrent Scan Root Regions
[2021-05-01T11:42:07.444+0000][7][safepoint   ] Safepoint "G1CollectForAllocation", Time since last: 87537194 ns, Reaching safepoint: 289989 ns, At safepoint: 22162763 ns, Total: 22452752 ns
[2021-05-01T11:42:07.459+0000][7][gc,marking  ] GC(31) Concurrent Scan Root Regions 20.496ms
[2021-05-01T11:42:07.459+0000][7][gc,marking  ] GC(31) Concurrent Mark (20.319s)
[2021-05-01T11:42:07.459+0000][7][gc,marking  ] GC(31) Concurrent Mark From Roots
[2021-05-01T11:42:07.459+0000][7][gc,task     ] GC(31) Using 2 workers of 2 for marking
[2021-05-01T11:42:07.573+0000][7][gc,marking  ] GC(31) Concurrent Mark From Roots 113.580ms
[2021-05-01T11:42:07.573+0000][7][gc,marking  ] GC(31) Concurrent Preclean
[2021-05-01T11:42:07.573+0000][7][gc,marking  ] GC(31) Concurrent Preclean 0.331ms
[2021-05-01T11:42:07.573+0000][7][gc,marking  ] GC(31) Concurrent Mark (20.319s, 20.433s) 113.998ms
[2021-05-01T11:42:07.578+0000][7][gc,start    ] GC(31) Pause Remark
[2021-05-01T11:42:07.582+0000][7][gc          ] GC(31) Pause Remark 127M->127M(256M) 4.067ms
[2021-05-01T11:42:07.582+0000][7][gc,cpu      ] GC(31) User=0.02s Sys=0.00s Real=0.00s
[2021-05-01T11:42:07.583+0000][7][safepoint   ] Safepoint "G1Concurrent", Time since last: 134380189 ns, Reaching safepoint: 296422 ns, At safepoint: 4172412 ns, Total: 4468834 ns
[2021-05-01T11:42:07.583+0000][7][gc,marking  ] GC(31) Concurrent Rebuild Remembered Sets
[2021-05-01T11:42:07.689+0000][7][gc,marking  ] GC(31) Concurrent Rebuild Remembered Sets 105.881ms
[2021-05-01T11:42:07.689+0000][7][gc,start    ] GC(31) Pause Cleanup
[2021-05-01T11:42:07.689+0000][7][gc          ] GC(31) Pause Cleanup 134M->134M(256M) 0.089ms
[2021-05-01T11:42:07.689+0000][7][gc,cpu      ] GC(31) User=0.00s Sys=0.00s Real=0.00s
[2021-05-01T11:42:07.689+0000][7][safepoint   ] Safepoint "G1Concurrent", Time since last: 106301559 ns, Reaching safepoint: 256924 ns, At safepoint: 159691 ns, Total: 416615 ns
[2021-05-01T11:42:07.689+0000][7][gc,marking  ] GC(31) Concurrent Cleanup for Next Mark
[2021-05-01T11:42:07.690+0000][7][gc,marking  ] GC(31) Concurrent Cleanup for Next Mark 0.245ms
[2021-05-01T11:42:07.690+0000][7][gc          ] GC(31) Concurrent Cycle 251.009ms
[2021-05-01T11:42:08.353+0000][7][safepoint   ] Safepoint "ICBufferFull", Time since last: 663103846 ns, Reaching safepoint: 220462 ns, At safepoint: 12084 ns, Total: 232546 ns
[2021-05-01T11:42:09.353+0000][7][safepoint   ] Safepoint "Cleanup", Time since last: 1000296523 ns, Reaching safepoint: 107517 ns, At safepoint: 6259 ns, Total: 113776 ns
[2021-05-01T11:42:10.353+0000][7][safepoint   ] Safepoint "Cleanup", Time since last: 1000245584 ns, Reaching safepoint: 176054 ns, At safepoint: 4539 ns, Total: 180593 ns
[2021-05-01T11:42:11.319+0000][7][safepoint   ] Safepoint "ICBufferFull", Time since last: 965201249 ns, Reaching safepoint: 176874 ns, At safepoint: 10717 ns, Total: 187591 ns
[2021-05-01T11:42:12.319+0000][7][safepoint   ] Safepoint "Cleanup", Time since last: 1000214579 ns, Reaching safepoint: 168619 ns, At safepoint: 6754 ns, Total: 175373 ns
[2021-05-01T11:42:13.319+0000][7][safepoint   ] Safepoint "Cleanup", Time since last: 1000121552 ns, Reaching safepoint: 96375 ns, At safepoint: 6275 ns, Total: 102650 ns
[2021-05-01T11:42:15.320+0000][7][safepoint   ] Safepoint "Cleanup", Time since last: 2000226269 ns, Reaching safepoint: 138891 ns, At safepoint: 7002 ns, Total: 145893 ns
[2021-05-01T11:42:16.320+0000][7][safepoint   ] Safepoint "Cleanup", Time since last: 1000298010 ns, Reaching safepoint: 150162 ns, At safepoint: 7303 ns, Total: 157465 ns
[2021-05-01T11:42:17.321+0000][7][safepoint   ] Safepoint "Cleanup", Time since last: 1000304610 ns, Reaching safepoint: 103796 ns, At safepoint: 5765 ns, Total: 109561 ns
[2021-05-01T11:42:18.321+0000][7][safepoint   ] Safepoint "Cleanup", Time since last: 1000092901 ns, Reaching safepoint: 80397 ns, At safepoint: 5888 ns, Total: 86285 ns
[2021-05-01T11:42:19.321+0000][7][safepoint   ] Safepoint "Cleanup", Time since last: 1000127670 ns, Reaching safepoint: 81985 ns, At safepoint: 5738 ns, Total: 87723 ns
[2021-05-01T11:42:20.322+0000][7][safepoint   ] Safepoint "Cleanup", Time since last: 1000424863 ns, Reaching safepoint: 116350 ns, At safepoint: 6531 ns, Total: 122881 ns
[2021-05-01T11:42:21.322+0000][7][safepoint   ] Safepoint "Cleanup", Time since last: 1000481839 ns, Reaching safepoint: 124209 ns, At safepoint: 5704 ns, Total: 129913 ns
[2021-05-01T11:42:22.322+0000][7][safepoint   ] Safepoint "Cleanup", Time since last: 1000134417 ns, Reaching safepoint: 100978 ns, At safepoint: 5954 ns, Total: 106932 ns
[2021-05-01T11:42:25.323+0000][7][safepoint   ] Safepoint "Cleanup", Time since last: 3000376171 ns, Reaching safepoint: 90330 ns, At safepoint: 5907 ns, Total: 96237 ns
[2021-05-01T11:42:26.323+0000][7][safepoint   ] Safepoint "Cleanup", Time since last: 1000097599 ns, Reaching safepoint: 91097 ns, At safepoint: 7650 ns, Total: 98747 ns
[2021-05-01T11:42:27.323+0000][7][safepoint   ] Safepoint "Cleanup", Time since last: 1000103295 ns, Reaching safepoint: 85500 ns, At safepoint: 8024 ns, Total: 93524 ns
[2021-05-01T11:42:28.324+0000][7][safepoint   ] Safepoint "Cleanup", Time since last: 1000097342 ns, Reaching safepoint: 87023 ns, At safepoint: 4601 ns, Total: 91624 ns
[2021-05-01T11:42:29.324+0000][7][safepoint   ] Safepoint "Cleanup", Time since last: 1000094805 ns, Reaching safepoint: 67489 ns, At safepoint: 6046 ns, Total: 73535 ns
[2021-05-01T11:42:30.324+0000][7][safepoint   ] Safepoint "Cleanup", Time since last: 1000257387 ns, Reaching safepoint: 162495 ns, At safepoint: 7285 ns, Total: 169780 ns
[2021-05-01T11:42:32.325+0000][7][safepoint   ] Safepoint "Cleanup", Time since last: 2000491190 ns, Reaching safepoint: 164397 ns, At safepoint: 6673 ns, Total: 171070 ns
[2021-05-01T11:42:34.018+0000][7][gc,start    ] GC(32) Pause Young (Normal) (G1 Evacuation Pause)
[2021-05-01T11:42:34.018+0000][7][gc,task     ] GC(32) Using 6 workers of 8 for evacuation
[2021-05-01T11:42:34.019+0000][7][gc,age      ] GC(32) Desired survivor size 6291456 bytes, new threshold 1 (max threshold 15)
[2021-05-01T11:42:34.026+0000][7][gc,age      ] GC(32) Age table with threshold 1 (max threshold 15)
[2021-05-01T11:42:34.026+0000][7][gc,age      ] GC(32) - age   1:    4458112 bytes,    4458112 total
[2021-05-01T11:42:34.026+0000][7][gc,phases   ] GC(32)   Pre Evacuate Collection Set: 0.0ms
[2021-05-01T11:42:34.026+0000][7][gc,phases   ] GC(32)   Merge Heap Roots: 0.1ms
[2021-05-01T11:42:34.026+0000][7][gc,phases   ] GC(32)   Evacuate Collection Set: 6.5ms
[2021-05-01T11:42:34.026+0000][7][gc,phases   ] GC(32)   Post Evacuate Collection Set: 0.6ms
[2021-05-01T11:42:34.026+0000][7][gc,phases   ] GC(32)   Other: 0.2ms
[2021-05-01T11:42:34.026+0000][7][gc,heap     ] GC(32) Eden regions: 20->0(20)
[2021-05-01T11:42:34.026+0000][7][gc,heap     ] GC(32) Survivor regions: 3->2(3)
[2021-05-01T11:42:34.026+0000][7][gc,heap     ] GC(32) Old regions: 22->24
[2021-05-01T11:42:34.026+0000][7][gc,heap     ] GC(32) Archive regions: 2->2
[2021-05-01T11:42:34.026+0000][7][gc,heap     ] GC(32) Humongous regions: 2->2
[2021-05-01T11:42:34.026+0000][7][gc,metaspace] GC(32) Metaspace: 99932K(104196K)->99932K(104196K) NonClass: 86390K(89400K)->86390K(89400K) Class: 13541K(14796K)->13541K(14796K)
[2021-05-01T11:42:34.026+0000][7][gc          ] GC(32) Pause Young (Normal) (G1 Evacuation Pause) 188M->112M(256M) 7.459ms
[2021-05-01T11:42:34.026+0000][7][gc,cpu      ] GC(32) User=0.04s Sys=0.00s Real=0.00s
[2021-05-01T11:42:34.026+0000][7][safepoint   ] Safepoint "G1CollectForAllocation", Time since last: 1693495917 ns, Reaching safepoint: 157561 ns, At safepoint: 7526585 ns, Total: 7684146 ns
[2021-05-01T11:42:36.026+0000][7][safepoint   ] Safepoint "Cleanup", Time since last: 2000164573 ns, Reaching safepoint: 116023 ns, At safepoint: 6530 ns, Total: 122553 ns
[2021-05-01T11:42:37.027+0000][7][safepoint   ] Safepoint "Cleanup", Time since last: 1000483063 ns, Reaching safepoint: 94791 ns, At safepoint: 4281 ns, Total: 99072 ns
[2021-05-01T11:42:38.027+0000][7][safepoint   ] Safepoint "Cleanup", Time since last: 1000201104 ns, Reaching safepoint: 147999 ns, At safepoint: 7054 ns, Total: 155053 ns
[2021-05-01T11:42:39.028+0000][7][safepoint   ] Safepoint "Cleanup", Time since last: 1000254586 ns, Reaching safepoint: 188150 ns, At safepoint: 9989 ns, Total: 198139 ns
[2021-05-01T11:42:40.028+0000][7][safepoint   ] Safepoint "Cleanup", Time since last: 1000176484 ns, Reaching safepoint: 81684 ns, At safepoint: 8278 ns, Total: 89962 ns
[2021-05-01T11:42:41.028+0000][7][safepoint   ] Safepoint "Cleanup", Time since last: 1000161529 ns, Reaching safepoint: 113264 ns, At safepoint: 6116 ns, Total: 119380 ns
[2021-05-01T11:42:42.029+0000][7][safepoint   ] Safepoint "Cleanup", Time since last: 1000224912 ns, Reaching safepoint: 135296 ns, At safepoint: 6339 ns, Total: 141635 ns
[2021-05-01T11:42:43.029+0000][7][safepoint   ] Safepoint "Cleanup", Time since last: 1000091010 ns, Reaching safepoint: 81067 ns, At safepoint: 8258 ns, Total: 89325 ns
[2021-05-01T11:42:44.029+0000][7][safepoint   ] Safepoint "Cleanup", Time since last: 1000113356 ns, Reaching safepoint: 115961 ns, At safepoint: 7446 ns, Total: 123407 ns
[2021-05-01T11:42:46.029+0000][7][safepoint   ] Safepoint "Cleanup", Time since last: 2000348897 ns, Reaching safepoint: 105004 ns, At safepoint: 5909 ns, Total: 110913 ns
[2021-05-01T11:42:48.030+0000][7][safepoint   ] Safepoint "Cleanup", Time since last: 2000162348 ns, Reaching safepoint: 91705 ns, At safepoint: 7147 ns, Total: 98852 ns
[2021-05-01T11:42:49.030+0000][7][safepoint   ] Safepoint "Cleanup", Time since last: 1000121137 ns, Reaching safepoint: 93408 ns, At safepoint: 5593 ns, Total: 99001 ns
[2021-05-01T11:42:50.030+0000][7][safepoint   ] Safepoint "Cleanup", Time since last: 1000096976 ns, Reaching safepoint: 76254 ns, At safepoint: 6571 ns, Total: 82825 ns
[2021-05-01T11:42:51.030+0000][7][safepoint   ] Safepoint "Cleanup", Time since last: 1000129435 ns, Reaching safepoint: 116676 ns, At safepoint: 7242 ns, Total: 123918 ns
[2021-05-01T11:42:52.031+0000][7][safepoint   ] Safepoint "Cleanup", Time since last: 1000145152 ns, Reaching safepoint: 109251 ns, At safepoint: 6658 ns, Total: 115909 ns
[2021-05-01T11:42:53.031+0000][7][safepoint   ] Safepoint "Cleanup", Time since last: 1000109709 ns, Reaching safepoint: 117208 ns, At safepoint: 7922 ns, Total: 125130 ns
[2021-05-01T11:42:55.031+0000][7][safepoint   ] Safepoint "Cleanup", Time since last: 2000340915 ns, Reaching safepoint: 169537 ns, At safepoint: 7904 ns, Total: 177441 ns
[2021-05-01T11:42:57.032+0000][7][safepoint   ] Safepoint "Cleanup", Time since last: 2000173298 ns, Reaching safepoint: 102349 ns, At safepoint: 7685 ns, Total: 110034 ns
[2021-05-01T11:42:58.032+0000][7][safepoint   ] Safepoint "Cleanup", Time since last: 1000099663 ns, Reaching safepoint: 82181 ns, At safepoint: 6542 ns, Total: 88723 ns
[2021-05-01T11:43:00.032+0000][7][safepoint   ] Safepoint "Cleanup", Time since last: 2000335968 ns, Reaching safepoint: 125768 ns, At safepoint: 6889 ns, Total: 132657 ns
[2021-05-01T11:43:01.033+0000][7][safepoint   ] Safepoint "Cleanup", Time since last: 1000175828 ns, Reaching safepoint: 115412 ns, At safepoint: 4746 ns, Total: 120158 ns
[2021-05-01T11:43:03.033+0000][7][safepoint   ] Safepoint "Cleanup", Time since last: 2000215812 ns, Reaching safepoint: 154906 ns, At safepoint: 8501 ns, Total: 163407 ns
[2021-05-01T11:43:04.033+0000][7][safepoint   ] Safepoint "Cleanup", Time since last: 1000116271 ns, Reaching safepoint: 150872 ns, At safepoint: 12328 ns, Total: 163200 ns
[2021-05-01T11:43:05.034+0000][7][safepoint   ] Safepoint "Cleanup", Time since last: 1000312997 ns, Reaching safepoint: 70340 ns, At safepoint: 6558 ns, Total: 76898 ns
[2021-05-01T11:43:06.034+0000][7][safepoint   ] Safepoint "Cleanup", Time since last: 1000097886 ns, Reaching safepoint: 93745 ns, At safepoint: 5841 ns, Total: 99586 ns
[2021-05-01T11:43:07.034+0000][7][safepoint   ] Safepoint "Cleanup", Time since last: 1000144458 ns, Reaching safepoint: 166945 ns, At safepoint: 10604 ns, Total: 177549 ns
[2021-05-01T11:43:08.034+0000][7][safepoint   ] Safepoint "Cleanup", Time since last: 1000213154 ns, Reaching safepoint: 74432 ns, At safepoint: 5683 ns, Total: 80115 ns
[2021-05-01T11:43:09.035+0000][7][safepoint   ] Safepoint "Cleanup", Time since last: 1000303728 ns, Reaching safepoint: 202718 ns, At safepoint: 7948 ns, Total: 210666 ns
[2021-05-01T11:43:10.035+0000][7][safepoint   ] Safepoint "Cleanup", Time since last: 1000102012 ns, Reaching safepoint: 77362 ns, At safepoint: 4094 ns, Total: 81456 ns
[2021-05-01T11:43:11.040+0000][7][safepoint   ] Safepoint "Cleanup", Time since last: 1004403740 ns, Reaching safepoint: 146500 ns, At safepoint: 9395 ns, Total: 155895 ns
[2021-05-01T11:43:12.040+0000][7][safepoint   ] Safepoint "Cleanup", Time since last: 1000112517 ns, Reaching safepoint: 138654 ns, At safepoint: 8343 ns, Total: 146997 ns
[2021-05-01T11:43:13.040+0000][7][safepoint   ] Safepoint "Cleanup", Time since last: 1000102279 ns, Reaching safepoint: 104506 ns, At safepoint: 5585 ns, Total: 110091 ns
[2021-05-01T11:43:14.040+0000][7][safepoint   ] Safepoint "Cleanup", Time since last: 1000097372 ns, Reaching safepoint: 67128 ns, At safepoint: 4240 ns, Total: 71368 ns
[2021-05-01T11:43:15.041+0000][7][safepoint   ] Safepoint "Cleanup", Time since last: 1000143177 ns, Reaching safepoint: 128511 ns, At safepoint: 7513 ns, Total: 136024 ns
[2021-05-01T11:43:17.041+0000][7][safepoint   ] Safepoint "Cleanup", Time since last: 2000307371 ns, Reaching safepoint: 101101 ns, At safepoint: 5589 ns, Total: 106690 ns
[2021-05-01T11:43:18.041+0000][7][safepoint   ] Safepoint "Cleanup", Time since last: 1000100354 ns, Reaching safepoint: 91506 ns, At safepoint: 7035 ns, Total: 98541 ns
[2021-05-01T11:43:20.042+0000][7][safepoint   ] Safepoint "Cleanup", Time since last: 2000308462 ns, Reaching safepoint: 110973 ns, At safepoint: 6732 ns, Total: 117705 ns
[2021-05-01T11:43:21.042+0000][7][safepoint   ] Safepoint "Cleanup", Time since last: 1000177585 ns, Reaching safepoint: 164957 ns, At safepoint: 4903 ns, Total: 169860 ns
[2021-05-01T11:43:23.042+0000][7][safepoint   ] Safepoint "Cleanup", Time since last: 2000326881 ns, Reaching safepoint: 129302 ns, At safepoint: 8178 ns, Total: 137480 ns
[2021-05-01T11:43:25.043+0000][7][safepoint   ] Safepoint "Cleanup", Time since last: 2000203101 ns, Reaching safepoint: 71308 ns, At safepoint: 5179 ns, Total: 76487 ns
[2021-05-01T11:43:28.043+0000][7][safepoint   ] Safepoint "Cleanup", Time since last: 3000382846 ns, Reaching safepoint: 92360 ns, At safepoint: 7385 ns, Total: 99745 ns
[2021-05-01T11:43:29.043+0000][7][safepoint   ] Safepoint "Cleanup", Time since last: 1000107727 ns, Reaching safepoint: 101133 ns, At safepoint: 5668 ns, Total: 106801 ns
[2021-05-01T11:43:30.044+0000][7][safepoint   ] Safepoint "Cleanup", Time since last: 1000099146 ns, Reaching safepoint: 98803 ns, At safepoint: 5785 ns, Total: 104588 ns
[2021-05-01T11:43:33.044+0000][7][safepoint   ] Safepoint "Cleanup", Time since last: 3000323371 ns, Reaching safepoint: 96126 ns, At safepoint: 5750 ns, Total: 101876 ns
[2021-05-01T11:43:36.045+0000][7][safepoint   ] Safepoint "Cleanup", Time since last: 3000351373 ns, Reaching safepoint: 102068 ns, At safepoint: 7812 ns, Total: 109880 ns
[2021-05-01T11:43:37.045+0000][7][safepoint   ] Safepoint "Cleanup", Time since last: 1000095748 ns, Reaching safepoint: 116485 ns, At safepoint: 6735 ns, Total: 123220 ns
[2021-05-01T11:43:38.045+0000][7][safepoint   ] Safepoint "Cleanup", Time since last: 1000224410 ns, Reaching safepoint: 90358 ns, At safepoint: 6393 ns, Total: 96751 ns
[2021-05-01T11:43:39.045+0000][7][safepoint   ] Safepoint "Cleanup", Time since last: 1000196274 ns, Reaching safepoint: 95377 ns, At safepoint: 7341 ns, Total: 102718 ns
[2021-05-01T11:43:40.046+0000][7][safepoint   ] Safepoint "Cleanup", Time since last: 1000096890 ns, Reaching safepoint: 81058 ns, At safepoint: 4619 ns, Total: 85677 ns
[2021-05-01T11:43:41.046+0000][7][safepoint   ] Safepoint "Cleanup", Time since last: 1000260535 ns, Reaching safepoint: 92406 ns, At safepoint: 6668 ns, Total: 99074 ns
[2021-05-01T11:43:42.047+0000][7][safepoint   ] Safepoint "Cleanup", Time since last: 1000482543 ns, Reaching safepoint: 159920 ns, At safepoint: 7217 ns, Total: 167137 ns
[2021-05-01T11:43:43.047+0000][7][safepoint   ] Safepoint "Cleanup", Time since last: 1000289385 ns, Reaching safepoint: 93903 ns, At safepoint: 7490 ns, Total: 101393 ns
[2021-05-01T11:43:44.047+0000][7][safepoint   ] Safepoint "Cleanup", Time since last: 1000115059 ns, Reaching safepoint: 112378 ns, At safepoint: 6372 ns, Total: 118750 ns
[2021-05-01T11:43:45.047+0000][7][safepoint   ] Safepoint "Cleanup", Time since last: 1000152685 ns, Reaching safepoint: 89052 ns, At safepoint: 6698 ns, Total: 95750 ns
[2021-05-01T11:43:46.048+0000][7][safepoint   ] Safepoint "Cleanup", Time since last: 1000096358 ns, Reaching safepoint: 76334 ns, At safepoint: 7742 ns, Total: 84076 ns
[2021-05-01T11:43:50.048+0000][7][safepoint   ] Safepoint "Cleanup", Time since last: 4000330658 ns, Reaching safepoint: 133398 ns, At safepoint: 10508 ns, Total: 143906 ns
[2021-05-01T11:43:55.049+0000][7][safepoint   ] Safepoint "Cleanup", Time since last: 5000435106 ns, Reaching safepoint: 112339 ns, At safepoint: 9492 ns, Total: 121831 ns
[2021-05-01T11:43:57.049+0000][7][safepoint   ] Safepoint "Cleanup", Time since last: 2000210469 ns, Reaching safepoint: 77717 ns, At safepoint: 5544 ns, Total: 83261 ns
[2021-05-01T11:43:59.049+0000][7][safepoint   ] Safepoint "Cleanup", Time since last: 2000187835 ns, Reaching safepoint: 91294 ns, At safepoint: 5898 ns, Total: 97192 ns
[2021-05-01T11:44:00.049+0000][7][safepoint   ] Safepoint "Cleanup", Time since last: 1000094195 ns, Reaching safepoint: 101160 ns, At safepoint: 8583 ns, Total: 109743 ns
[2021-05-01T11:44:02.050+0000][7][safepoint   ] Safepoint "Cleanup", Time since last: 2000326164 ns, Reaching safepoint: 72747 ns, At safepoint: 6543 ns, Total: 79290 ns
[2021-05-01T11:44:03.050+0000][7][safepoint   ] Safepoint "Cleanup", Time since last: 1000093365 ns, Reaching safepoint: 124735 ns, At safepoint: 8281 ns, Total: 133016 ns
[2021-05-01T11:44:05.050+0000][7][safepoint   ] Safepoint "Cleanup", Time since last: 2000236717 ns, Reaching safepoint: 74485 ns, At safepoint: 6877 ns, Total: 81362 ns
[2021-05-01T11:44:09.051+0000][7][safepoint   ] Safepoint "Cleanup", Time since last: 4000312754 ns, Reaching safepoint: 193664 ns, At safepoint: 11464 ns, Total: 205128 ns
[2021-05-01T11:44:10.051+0000][7][safepoint   ] Safepoint "Cleanup", Time since last: 1000321563 ns, Reaching safepoint: 124416 ns, At safepoint: 6687 ns, Total: 131103 ns
[2021-05-01T11:44:11.052+0000][7][safepoint   ] Safepoint "Cleanup", Time since last: 1000159409 ns, Reaching safepoint: 99051 ns, At safepoint: 5980 ns, Total: 105031 ns
[2021-05-01T11:44:12.052+0000][7][safepoint   ] Safepoint "Cleanup", Time since last: 1000244058 ns, Reaching safepoint: 142576 ns, At safepoint: 7731 ns, Total: 150307 ns
[2021-05-01T11:44:13.052+0000][7][safepoint   ] Safepoint "Cleanup", Time since last: 1000195498 ns, Reaching safepoint: 142537 ns, At safepoint: 8319 ns, Total: 150856 ns
[2021-05-01T11:44:14.053+0000][7][safepoint   ] Safepoint "Cleanup", Time since last: 1000098119 ns, Reaching safepoint: 83800 ns, At safepoint: 5274 ns, Total: 89074 ns
[2021-05-01T11:44:15.053+0000][7][safepoint   ] Safepoint "Cleanup", Time since last: 1000126040 ns, Reaching safepoint: 148252 ns, At safepoint: 8775 ns, Total: 157027 ns
[2021-05-01T11:44:17.053+0000][7][safepoint   ] Safepoint "Cleanup", Time since last: 2000162119 ns, Reaching safepoint: 87511 ns, At safepoint: 9518 ns, Total: 97029 ns
[2021-05-01T11:44:18.053+0000][7][safepoint   ] Safepoint "Cleanup", Time since last: 1000140548 ns, Reaching safepoint: 104852 ns, At safepoint: 6212 ns, Total: 111064 ns
[2021-05-01T11:44:20.054+0000][7][safepoint   ] Safepoint "Cleanup", Time since last: 2000312475 ns, Reaching safepoint: 100542 ns, At safepoint: 5821 ns, Total: 106363 ns
[2021-05-01T11:44:25.055+0000][7][safepoint   ] Safepoint "Cleanup", Time since last: 5000937918 ns, Reaching safepoint: 103872 ns, At safepoint: 5089 ns, Total: 108961 ns
[2021-05-01T11:44:28.055+0000][7][safepoint   ] Safepoint "Cleanup", Time since last: 3000183526 ns, Reaching safepoint: 106890 ns, At safepoint: 5569 ns, Total: 112459 ns
[2021-05-01T11:44:29.055+0000][7][safepoint   ] Safepoint "Cleanup", Time since last: 1000103224 ns, Reaching safepoint: 112273 ns, At safepoint: 6691 ns, Total: 118964 ns
[2021-05-01T11:44:29.087+0000][7][gc,start    ] GC(33) Pause Young (Concurrent Start) (G1 Evacuation Pause)
[2021-05-01T11:44:29.087+0000][7][gc,task     ] GC(33) Using 6 workers of 8 for evacuation
[2021-05-01T11:44:29.087+0000][7][gc,age      ] GC(33) Desired survivor size 6291456 bytes, new threshold 15 (max threshold 15)
[2021-05-01T11:44:29.092+0000][7][gc,age      ] GC(33) Age table with threshold 15 (max threshold 15)
[2021-05-01T11:44:29.092+0000][7][gc,age      ] GC(33) - age   1:    1555384 bytes,    1555384 total
[2021-05-01T11:44:29.092+0000][7][gc,age      ] GC(33) - age   2:    3933216 bytes,    5488600 total
[2021-05-01T11:44:29.092+0000][7][gc,phases   ] GC(33)   Pre Evacuate Collection Set: 0.1ms
[2021-05-01T11:44:29.092+0000][7][gc,phases   ] GC(33)   Merge Heap Roots: 0.1ms
[2021-05-01T11:44:29.092+0000][7][gc,phases   ] GC(33)   Evacuate Collection Set: 4.5ms
[2021-05-01T11:44:29.092+0000][7][gc,phases   ] GC(33)   Post Evacuate Collection Set: 0.5ms
[2021-05-01T11:44:29.092+0000][7][gc,phases   ] GC(33)   Other: 0.2ms
[2021-05-01T11:44:29.092+0000][7][gc,heap     ] GC(33) Eden regions: 20->0(20)
[2021-05-01T11:44:29.092+0000][7][gc,heap     ] GC(33) Survivor regions: 2->2(3)
[2021-05-01T11:44:29.092+0000][7][gc,heap     ] GC(33) Old regions: 24->24
[2021-05-01T11:44:29.093+0000][7][gc,heap     ] GC(33) Archive regions: 2->2
[2021-05-01T11:44:29.093+0000][7][gc,heap     ] GC(33) Humongous regions: 2->2
[2021-05-01T11:44:29.093+0000][7][gc,metaspace] GC(33) Metaspace: 101164K(105604K)->101164K(105604K) NonClass: 87560K(90680K)->87560K(90680K) Class: 13603K(14924K)->13603K(14924K)
[2021-05-01T11:44:29.093+0000][7][gc          ] GC(33) Pause Young (Concurrent Start) (G1 Evacuation Pause) 192M->112M(256M) 5.332ms
[2021-05-01T11:44:29.093+0000][7][gc,cpu      ] GC(33) User=0.03s Sys=0.00s Real=0.00s
[2021-05-01T11:44:29.093+0000][7][gc          ] GC(34) Concurrent Cycle
[2021-05-01T11:44:29.093+0000][7][safepoint   ] Safepoint "G1CollectForAllocation", Time since last: 31730314 ns, Reaching safepoint: 114665 ns, At safepoint: 5402671 ns, Total: 5517336 ns
[2021-05-01T11:44:29.093+0000][7][gc,marking  ] GC(34) Concurrent Clear Claimed Marks
[2021-05-01T11:44:29.093+0000][7][gc,marking  ] GC(34) Concurrent Clear Claimed Marks 0.084ms
[2021-05-01T11:44:29.093+0000][7][gc,marking  ] GC(34) Concurrent Scan Root Regions
[2021-05-01T11:44:29.096+0000][7][gc,marking  ] GC(34) Concurrent Scan Root Regions 3.268ms
[2021-05-01T11:44:29.096+0000][7][gc,marking  ] GC(34) Concurrent Mark (161.956s)
[2021-05-01T11:44:29.096+0000][7][gc,marking  ] GC(34) Concurrent Mark From Roots
[2021-05-01T11:44:29.096+0000][7][gc,task     ] GC(34) Using 2 workers of 2 for marking
[2021-05-01T11:44:29.174+0000][7][gc,marking  ] GC(34) Concurrent Mark From Roots 77.957ms
[2021-05-01T11:44:29.174+0000][7][gc,marking  ] GC(34) Concurrent Preclean
[2021-05-01T11:44:29.175+0000][7][gc,marking  ] GC(34) Concurrent Preclean 0.638ms
[2021-05-01T11:44:29.175+0000][7][gc,marking  ] GC(34) Concurrent Mark (161.956s, 162.035s) 78.641ms
[2021-05-01T11:44:29.175+0000][7][gc,start    ] GC(34) Pause Remark
[2021-05-01T11:44:29.183+0000][7][gc          ] GC(34) Pause Remark 114M->114M(256M) 7.974ms
[2021-05-01T11:44:29.183+0000][7][gc,cpu      ] GC(34) User=0.04s Sys=0.00s Real=0.01s
[2021-05-01T11:44:29.183+0000][7][safepoint   ] Safepoint "G1Concurrent", Time since last: 82084199 ns, Reaching safepoint: 117581 ns, At safepoint: 8048432 ns, Total: 8166013 ns
[2021-05-01T11:44:29.183+0000][7][gc,marking  ] GC(34) Concurrent Rebuild Remembered Sets
[2021-05-01T11:44:29.244+0000][7][gc,marking  ] GC(34) Concurrent Rebuild Remembered Sets 60.732ms
[2021-05-01T11:44:29.244+0000][7][gc,start    ] GC(34) Pause Cleanup
[2021-05-01T11:44:29.244+0000][7][gc          ] GC(34) Pause Cleanup 114M->114M(256M) 0.102ms
[2021-05-01T11:44:29.244+0000][7][gc,cpu      ] GC(34) User=0.00s Sys=0.00s Real=0.00s
[2021-05-01T11:44:29.244+0000][7][safepoint   ] Safepoint "G1Concurrent", Time since last: 60872943 ns, Reaching safepoint: 313755 ns, At safepoint: 168122 ns, Total: 481877 ns
[2021-05-01T11:44:29.244+0000][7][gc,marking  ] GC(34) Concurrent Cleanup for Next Mark
[2021-05-01T11:44:29.244+0000][7][gc,marking  ] GC(34) Concurrent Cleanup for Next Mark 0.176ms
[2021-05-01T11:44:29.244+0000][7][gc          ] GC(34) Concurrent Cycle 151.860ms
[2021-05-01T11:44:30.244+0000][7][safepoint   ] Safepoint "Cleanup", Time since last: 1000091198 ns, Reaching safepoint: 189984 ns, At safepoint: 6994 ns, Total: 196978 ns
[2021-05-01T11:44:31.245+0000][7][safepoint   ] Safepoint "Cleanup", Time since last: 1000091851 ns, Reaching safepoint: 104561 ns, At safepoint: 5745 ns, Total: 110306 ns
[2021-05-01T11:44:32.245+0000][7][safepoint   ] Safepoint "Cleanup", Time since last: 1000259124 ns, Reaching safepoint: 132799 ns, At safepoint: 6999 ns, Total: 139798 ns
[2021-05-01T11:44:34.246+0000][7][safepoint   ] Safepoint "Cleanup", Time since last: 2000456665 ns, Reaching safepoint: 92988 ns, At safepoint: 6177 ns, Total: 99165 ns
[2021-05-01T11:44:35.246+0000][7][safepoint   ] Safepoint "Cleanup", Time since last: 1000315313 ns, Reaching safepoint: 224883 ns, At safepoint: 6874 ns, Total: 231757 ns
[2021-05-01T11:44:36.247+0000][7][safepoint   ] Safepoint "Cleanup", Time since last: 1000267618 ns, Reaching safepoint: 230267 ns, At safepoint: 6471 ns, Total: 236738 ns
[2021-05-01T11:44:37.247+0000][7][safepoint   ] Safepoint "Cleanup", Time since last: 1000199194 ns, Reaching safepoint: 109777 ns, At safepoint: 12254 ns, Total: 122031 ns
[2021-05-01T11:44:39.247+0000][7][safepoint   ] Safepoint "Cleanup", Time since last: 2000314526 ns, Reaching safepoint: 150366 ns, At safepoint: 7788 ns, Total: 158154 ns
[2021-05-01T11:44:41.248+0000][7][safepoint   ] Safepoint "Cleanup", Time since last: 2000195756 ns, Reaching safepoint: 83141 ns, At safepoint: 6210 ns, Total: 89351 ns
[2021-05-01T11:44:42.248+0000][7][safepoint   ] Safepoint "Cleanup", Time since last: 1000301238 ns, Reaching safepoint: 143194 ns, At safepoint: 5709 ns, Total: 148903 ns
[2021-05-01T11:44:43.248+0000][7][safepoint   ] Safepoint "Cleanup", Time since last: 1000166419 ns, Reaching safepoint: 102242 ns, At safepoint: 6226 ns, Total: 108468 ns
[2021-05-01T11:44:44.249+0000][7][safepoint   ] Safepoint "Cleanup", Time since last: 1000124877 ns, Reaching safepoint: 69507 ns, At safepoint: 6581 ns, Total: 76088 ns
[2021-05-01T11:44:46.249+0000][7][safepoint   ] Safepoint "Cleanup", Time since last: 2000303434 ns, Reaching safepoint: 180423 ns, At safepoint: 7406 ns, Total: 187829 ns
[2021-05-01T11:44:50.250+0000][7][safepoint   ] Safepoint "Cleanup", Time since last: 4000463934 ns, Reaching safepoint: 135240 ns, At safepoint: 6941 ns, Total: 142181 ns
[2021-05-01T11:44:51.250+0000][7][safepoint   ] Safepoint "Cleanup", Time since last: 1000328361 ns, Reaching safepoint: 103314 ns, At safepoint: 5653 ns, Total: 108967 ns
[2021-05-01T11:44:52.251+0000][7][safepoint   ] Safepoint "Cleanup", Time since last: 1000262842 ns, Reaching safepoint: 130704 ns, At safepoint: 6234 ns, Total: 136938 ns
[2021-05-01T11:44:55.251+0000][7][safepoint   ] Safepoint "Cleanup", Time since last: 3000443204 ns, Reaching safepoint: 109833 ns, At safepoint: 5554 ns, Total: 115387 ns
[2021-05-01T11:44:56.251+0000][7][safepoint   ] Safepoint "Cleanup", Time since last: 1000102782 ns, Reaching safepoint: 89239 ns, At safepoint: 8859 ns, Total: 98098 ns
[2021-05-01T11:44:57.252+0000][7][safepoint   ] Safepoint "Cleanup", Time since last: 1000125716 ns, Reaching safepoint: 132735 ns, At safepoint: 6373 ns, Total: 139108 ns
[2021-05-01T11:45:00.252+0000][7][safepoint   ] Safepoint "Cleanup", Time since last: 3000465434 ns, Reaching safepoint: 92260 ns, At safepoint: 6997 ns, Total: 99257 ns
[2021-05-01T11:45:01.252+0000][7][safepoint   ] Safepoint "Cleanup", Time since last: 1000091711 ns, Reaching safepoint: 105143 ns, At safepoint: 6842 ns, Total: 111985 ns
[2021-05-01T11:45:02.253+0000][7][safepoint   ] Safepoint "Cleanup", Time since last: 1000105782 ns, Reaching safepoint: 138880 ns, At safepoint: 7986 ns, Total: 146866 ns
[2021-05-01T11:45:04.253+0000][7][safepoint   ] Safepoint "Cleanup", Time since last: 2000393460 ns, Reaching safepoint: 119925 ns, At safepoint: 7777 ns, Total: 127702 ns
[2021-05-01T11:45:05.253+0000][7][safepoint   ] Safepoint "Cleanup", Time since last: 1000094963 ns, Reaching safepoint: 111990 ns, At safepoint: 8457 ns, Total: 120447 ns
[2021-05-01T11:45:06.254+0000][7][safepoint   ] Safepoint "Cleanup", Time since last: 1000246802 ns, Reaching safepoint: 94607 ns, At safepoint: 4977 ns, Total: 99584 ns
[2021-05-01T11:45:07.254+0000][7][safepoint   ] Safepoint "Cleanup", Time since last: 1000341461 ns, Reaching safepoint: 171152 ns, At safepoint: 8324 ns, Total: 179476 ns
[2021-05-01T11:45:08.255+0000][7][safepoint   ] Safepoint "Cleanup", Time since last: 1000241827 ns, Reaching safepoint: 127498 ns, At safepoint: 6435 ns, Total: 133933 ns
[2021-05-01T11:45:10.255+0000][7][safepoint   ] Safepoint "Cleanup", Time since last: 2000335874 ns, Reaching safepoint: 129735 ns, At safepoint: 7574 ns, Total: 137309 ns
[2021-05-01T11:45:11.255+0000][7][safepoint   ] Safepoint "Cleanup", Time since last: 1000111645 ns, Reaching safepoint: 193440 ns, At safepoint: 16453 ns, Total: 209893 ns
[2021-05-01T11:45:12.256+0000][7][safepoint   ] Safepoint "Cleanup", Time since last: 1000267198 ns, Reaching safepoint: 118673 ns, At safepoint: 6151 ns, Total: 124824 ns
[2021-05-01T11:45:13.256+0000][7][safepoint   ] Safepoint "Cleanup", Time since last: 1000273835 ns, Reaching safepoint: 142226 ns, At safepoint: 9019 ns, Total: 151245 ns
[2021-05-01T11:45:15.257+0000][7][safepoint   ] Safepoint "Cleanup", Time since last: 2000194952 ns, Reaching safepoint: 144426 ns, At safepoint: 9715 ns, Total: 154141 ns
[2021-05-01T11:45:16.257+0000][7][safepoint   ] Safepoint "Cleanup", Time since last: 1000102844 ns, Reaching safepoint: 84539 ns, At safepoint: 5718 ns, Total: 90257 ns
[2021-05-01T11:45:20.257+0000][7][safepoint   ] Safepoint "Cleanup", Time since last: 4000435052 ns, Reaching safepoint: 114634 ns, At safepoint: 6477 ns, Total: 121111 ns
[2021-05-01T11:45:21.258+0000][7][safepoint   ] Safepoint "Cleanup", Time since last: 1000136837 ns, Reaching safepoint: 74168 ns, At safepoint: 7106 ns, Total: 81274 ns
[2021-05-01T11:45:27.258+0000][7][safepoint   ] Safepoint "Cleanup", Time since last: 6000747322 ns, Reaching safepoint: 170084 ns, At safepoint: 7119 ns, Total: 177203 ns
[2021-05-01T11:45:31.259+0000][7][safepoint   ] Safepoint "Cleanup", Time since last: 4000610663 ns, Reaching safepoint: 140444 ns, At safepoint: 6110 ns, Total: 146554 ns
[2021-05-01T11:45:34.260+0000][7][safepoint   ] Safepoint "Cleanup", Time since last: 3000385991 ns, Reaching safepoint: 89234 ns, At safepoint: 5770 ns, Total: 95004 ns
[2021-05-01T11:45:35.260+0000][7][safepoint   ] Safepoint "Cleanup", Time since last: 1000098652 ns, Reaching safepoint: 114618 ns, At safepoint: 5938 ns, Total: 120556 ns
[2021-05-01T11:45:36.260+0000][7][safepoint   ] Safepoint "Cleanup", Time since last: 1000274475 ns, Reaching safepoint: 163262 ns, At safepoint: 7407 ns, Total: 170669 ns
[2021-05-01T11:45:39.261+0000][7][safepoint   ] Safepoint "Cleanup", Time since last: 3000510436 ns, Reaching safepoint: 121769 ns, At safepoint: 15068 ns, Total: 136837 ns
[2021-05-01T11:45:40.261+0000][7][safepoint   ] Safepoint "Cleanup", Time since last: 1000308355 ns, Reaching safepoint: 81781 ns, At safepoint: 5908 ns, Total: 87689 ns
[2021-05-01T11:45:41.262+0000][7][safepoint   ] Safepoint "Cleanup", Time since last: 1000051243 ns, Reaching safepoint: 160833 ns, At safepoint: 8014 ns, Total: 168847 ns
[2021-05-01T11:45:42.262+0000][7][safepoint   ] Safepoint "Cleanup", Time since last: 1000256837 ns, Reaching safepoint: 139505 ns, At safepoint: 8203 ns, Total: 147708 ns
[2021-05-01T11:45:43.262+0000][7][safepoint   ] Safepoint "Cleanup", Time since last: 1000276931 ns, Reaching safepoint: 102313 ns, At safepoint: 8842 ns, Total: 111155 ns
[2021-05-01T11:45:44.263+0000][7][safepoint   ] Safepoint "Cleanup", Time since last: 1000138843 ns, Reaching safepoint: 76479 ns, At safepoint: 8001 ns, Total: 84480 ns
[2021-05-01T11:45:49.263+0000][7][safepoint   ] Safepoint "Cleanup", Time since last: 5000588630 ns, Reaching safepoint: 94123 ns, At safepoint: 7330 ns, Total: 101453 ns
[2021-05-01T11:45:50.264+0000][7][safepoint   ] Safepoint "Cleanup", Time since last: 1000097758 ns, Reaching safepoint: 86158 ns, At safepoint: 8350 ns, Total: 94508 ns
[2021-05-01T11:45:57.264+0000][7][safepoint   ] Safepoint "Cleanup", Time since last: 7000804771 ns, Reaching safepoint: 122677 ns, At safepoint: 5666 ns, Total: 128343 ns
[2021-05-01T11:45:58.265+0000][7][safepoint   ] Safepoint "Cleanup", Time since last: 1000093167 ns, Reaching safepoint: 120378 ns, At safepoint: 7701 ns, Total: 128079 ns
[2021-05-01T11:45:59.265+0000][7][safepoint   ] Safepoint "Cleanup", Time since last: 1000089129 ns, Reaching safepoint: 82044 ns, At safepoint: 6910 ns, Total: 88954 ns
[2021-05-01T11:46:00.265+0000][7][safepoint   ] Safepoint "Cleanup", Time since last: 1000218714 ns, Reaching safepoint: 160256 ns, At safepoint: 7819 ns, Total: 168075 ns
[2021-05-01T11:46:02.266+0000][7][safepoint   ] Safepoint "Cleanup", Time since last: 2000718273 ns, Reaching safepoint: 94270 ns, At safepoint: 6414 ns, Total: 100684 ns
[2021-05-01T11:46:05.267+0000][7][safepoint   ] Safepoint "Cleanup", Time since last: 3000428403 ns, Reaching safepoint: 77333 ns, At safepoint: 5499 ns, Total: 82832 ns
[2021-05-01T11:46:07.267+0000][7][safepoint   ] Safepoint "Cleanup", Time since last: 2000210614 ns, Reaching safepoint: 89955 ns, At safepoint: 6360 ns, Total: 96315 ns
[2021-05-01T11:46:08.267+0000][7][safepoint   ] Safepoint "Cleanup", Time since last: 1000238877 ns, Reaching safepoint: 100551 ns, At safepoint: 5892 ns, Total: 106443 ns
[2021-05-01T11:46:09.268+0000][7][safepoint   ] Safepoint "Cleanup", Time since last: 1000197550 ns, Reaching safepoint: 93691 ns, At safepoint: 6262 ns, Total: 99953 ns
[2021-05-01T11:46:11.268+0000][7][safepoint   ] Safepoint "Cleanup", Time since last: 2000332292 ns, Reaching safepoint: 143134 ns, At safepoint: 11562 ns, Total: 154696 ns
[2021-05-01T11:46:12.268+0000][7][safepoint   ] Safepoint "Cleanup", Time since last: 1000293065 ns, Reaching safepoint: 133076 ns, At safepoint: 7325 ns, Total: 140401 ns
[2021-05-01T11:46:13.269+0000][7][safepoint   ] Safepoint "Cleanup", Time since last: 1000279484 ns, Reaching safepoint: 82499 ns, At safepoint: 8371 ns, Total: 90870 ns
[2021-05-01T11:46:14.269+0000][7][safepoint   ] Safepoint "Cleanup", Time since last: 1000249733 ns, Reaching safepoint: 116556 ns, At safepoint: 8988 ns, Total: 125544 ns
[2021-05-01T11:46:15.270+0000][7][safepoint   ] Safepoint "Cleanup", Time since last: 1000283778 ns, Reaching safepoint: 102133 ns, At safepoint: 7540 ns, Total: 109673 ns
[2021-05-01T11:46:16.270+0000][7][safepoint   ] Safepoint "Cleanup", Time since last: 1000157628 ns, Reaching safepoint: 136111 ns, At safepoint: 8245 ns, Total: 144356 ns
[2021-05-01T11:46:20.271+0000][7][safepoint   ] Safepoint "Cleanup", Time since last: 4000890455 ns, Reaching safepoint: 94524 ns, At safepoint: 6151 ns, Total: 100675 ns
[2021-05-01T11:46:23.271+0000][7][safepoint   ] Safepoint "Cleanup", Time since last: 3000258108 ns, Reaching safepoint: 112805 ns, At safepoint: 6714 ns, Total: 119519 ns
[2021-05-01T11:46:25.272+0000][7][safepoint   ] Safepoint "Cleanup", Time since last: 2000326642 ns, Reaching safepoint: 135345 ns, At safepoint: 7453 ns, Total: 142798 ns
[2021-05-01T11:46:27.272+0000][7][safepoint   ] Safepoint "Cleanup", Time since last: 2000328693 ns, Reaching safepoint: 104696 ns, At safepoint: 11975 ns, Total: 116671 ns
[2021-05-01T11:46:29.273+0000][7][safepoint   ] Safepoint "Cleanup", Time since last: 2000226949 ns, Reaching safepoint: 110768 ns, At safepoint: 7284 ns, Total: 118052 ns
[2021-05-01T11:46:31.273+0000][7][safepoint   ] Safepoint "Cleanup", Time since last: 2000362332 ns, Reaching safepoint: 98449 ns, At safepoint: 5051 ns, Total: 103500 ns
[2021-05-01T11:46:32.085+0000][7][gc,start    ] GC(35) Pause Young (Normal) (G1 Evacuation Pause)
[2021-05-01T11:46:32.085+0000][7][gc,task     ] GC(35) Using 6 workers of 8 for evacuation
[2021-05-01T11:46:32.085+0000][7][gc,age      ] GC(35) Desired survivor size 6291456 bytes, new threshold 15 (max threshold 15)
[2021-05-01T11:46:32.090+0000][7][gc,age      ] GC(35) Age table with threshold 15 (max threshold 15)
[2021-05-01T11:46:32.090+0000][7][gc,age      ] GC(35) - age   1:     541520 bytes,     541520 total
[2021-05-01T11:46:32.090+0000][7][gc,age      ] GC(35) - age   2:    1045176 bytes,    1586696 total
[2021-05-01T11:46:32.090+0000][7][gc,age      ] GC(35) - age   3:    3932192 bytes,    5518888 total
[2021-05-01T11:46:32.090+0000][7][gc,phases   ] GC(35)   Pre Evacuate Collection Set: 0.0ms
[2021-05-01T11:46:32.090+0000][7][gc,phases   ] GC(35)   Merge Heap Roots: 0.1ms
[2021-05-01T11:46:32.090+0000][7][gc,phases   ] GC(35)   Evacuate Collection Set: 4.3ms
[2021-05-01T11:46:32.090+0000][7][gc,phases   ] GC(35)   Post Evacuate Collection Set: 0.6ms
[2021-05-01T11:46:32.090+0000][7][gc,phases   ] GC(35)   Other: 0.2ms
[2021-05-01T11:46:32.090+0000][7][gc,heap     ] GC(35) Eden regions: 20->0(21)
[2021-05-01T11:46:32.090+0000][7][gc,heap     ] GC(35) Survivor regions: 2->2(3)
[2021-05-01T11:46:32.090+0000][7][gc,heap     ] GC(35) Old regions: 24->24
[2021-05-01T11:46:32.090+0000][7][gc,heap     ] GC(35) Archive regions: 2->2
[2021-05-01T11:46:32.090+0000][7][gc,heap     ] GC(35) Humongous regions: 2->2
[2021-05-01T11:46:32.090+0000][7][gc,metaspace] GC(35) Metaspace: 101734K(106116K)->101734K(106116K) NonClass: 88152K(91192K)->88152K(91192K) Class: 13582K(14924K)->13582K(14924K)
[2021-05-01T11:46:32.090+0000][7][gc          ] GC(35) Pause Young (Normal) (G1 Evacuation Pause) 192M->112M(256M) 5.285ms
[2021-05-01T11:46:32.090+0000][7][gc,cpu      ] GC(35) User=0.03s Sys=0.00s Real=0.01s
[2021-05-01T11:46:32.091+0000][7][safepoint   ] Safepoint "G1CollectForAllocation", Time since last: 811886549 ns, Reaching safepoint: 249193 ns, At safepoint: 5357135 ns, Total: 5606328 ns
[2021-05-01T11:46:36.091+0000][7][safepoint   ] Safepoint "Cleanup", Time since last: 4000662380 ns, Reaching safepoint: 130639 ns, At safepoint: 7513 ns, Total: 138152 ns
[2021-05-01T11:46:39.092+0000][7][safepoint   ] Safepoint "Cleanup", Time since last: 3000898824 ns, Reaching safepoint: 85407 ns, At safepoint: 5704 ns, Total: 91111 ns
[2021-05-01T11:46:40.093+0000][7][safepoint   ] Safepoint "Cleanup", Time since last: 1000097558 ns, Reaching safepoint: 161652 ns, At safepoint: 12455 ns, Total: 174107 ns
[2021-05-01T11:46:41.093+0000][7][safepoint   ] Safepoint "Cleanup", Time since last: 1000249471 ns, Reaching safepoint: 98414 ns, At safepoint: 6948 ns, Total: 105362 ns
[2021-05-01T11:46:42.093+0000][7][safepoint   ] Safepoint "Cleanup", Time since last: 1000276554 ns, Reaching safepoint: 180912 ns, At safepoint: 6590 ns, Total: 187502 ns
[2021-05-01T11:46:43.094+0000][7][safepoint   ] Safepoint "Cleanup", Time since last: 1000282590 ns, Reaching safepoint: 82842 ns, At safepoint: 5638 ns, Total: 88480 ns
[2021-05-01T11:46:44.094+0000][7][safepoint   ] Safepoint "Cleanup", Time since last: 1000450674 ns, Reaching safepoint: 102576 ns, At safepoint: 6015 ns, Total: 108591 ns
[2021-05-01T11:46:45.095+0000][7][safepoint   ] Safepoint "Cleanup", Time since last: 1000373543 ns, Reaching safepoint: 83299 ns, At safepoint: 6560 ns, Total: 89859 ns
[2021-05-01T11:46:47.095+0000][7][safepoint   ] Safepoint "Cleanup", Time since last: 2000481328 ns, Reaching safepoint: 96458 ns, At safepoint: 6903 ns, Total: 103361 ns
[2021-05-01T11:46:50.096+0000][7][safepoint   ] Safepoint "Cleanup", Time since last: 3000280523 ns, Reaching safepoint: 140446 ns, At safepoint: 7131 ns, Total: 147577 ns
[2021-05-01T11:47:00.097+0000][7][safepoint   ] Safepoint "Cleanup", Time since last: 10001579889 ns, Reaching safepoint: 94322 ns, At safepoint: 5611 ns, Total: 99933 ns
[2021-05-01T11:47:01.098+0000][7][safepoint   ] Safepoint "Cleanup", Time since last: 1000250393 ns, Reaching safepoint: 99554 ns, At safepoint: 4921 ns, Total: 104475 ns
[2021-05-01T11:47:02.098+0000][7][safepoint   ] Safepoint "Cleanup", Time since last: 1000205433 ns, Reaching safepoint: 172730 ns, At safepoint: 6009 ns, Total: 178739 ns
[2021-05-01T11:47:05.099+0000][7][safepoint   ] Safepoint "Cleanup", Time since last: 3000260132 ns, Reaching safepoint: 115047 ns, At safepoint: 8069 ns, Total: 123116 ns
[2021-05-01T11:47:06.099+0000][7][safepoint   ] Safepoint "Cleanup", Time since last: 1000128466 ns, Reaching safepoint: 65677 ns, At safepoint: 7324 ns, Total: 73001 ns
[2021-05-01T11:47:07.099+0000][7][safepoint   ] Safepoint "Cleanup", Time since last: 1000202009 ns, Reaching safepoint: 77443 ns, At safepoint: 5236 ns, Total: 82679 ns
[2021-05-01T11:47:08.099+0000][7][safepoint   ] Safepoint "Cleanup", Time since last: 1000169926 ns, Reaching safepoint: 104247 ns, At safepoint: 7182 ns, Total: 111429 ns
[2021-05-01T11:47:08.535+0000][7][safepoint   ] Safepoint "ICBufferFull", Time since last: 435733081 ns, Reaching safepoint: 332043 ns, At safepoint: 8222 ns, Total: 340265 ns
[2021-05-01T11:47:08.623+0000][7][gc,start    ] GC(36) Pause Young (Concurrent Start) (G1 Evacuation Pause)
[2021-05-01T11:47:08.623+0000][7][gc,task     ] GC(36) Using 6 workers of 8 for evacuation
[2021-05-01T11:47:08.623+0000][7][gc,age      ] GC(36) Desired survivor size 6291456 bytes, new threshold 15 (max threshold 15)
[2021-05-01T11:47:08.630+0000][7][gc,age      ] GC(36) Age table with threshold 15 (max threshold 15)
[2021-05-01T11:47:08.630+0000][7][gc,age      ] GC(36) - age   1:    2608472 bytes,    2608472 total
[2021-05-01T11:47:08.630+0000][7][gc,age      ] GC(36) - age   2:     256568 bytes,    2865040 total
[2021-05-01T11:47:08.630+0000][7][gc,age      ] GC(36) - age   3:     657096 bytes,    3522136 total
[2021-05-01T11:47:08.630+0000][7][gc,age      ] GC(36) - age   4:    3851240 bytes,    7373376 total
[2021-05-01T11:47:08.630+0000][7][gc,phases   ] GC(36)   Pre Evacuate Collection Set: 0.1ms
[2021-05-01T11:47:08.630+0000][7][gc,phases   ] GC(36)   Merge Heap Roots: 0.0ms
[2021-05-01T11:47:08.630+0000][7][gc,phases   ] GC(36)   Evacuate Collection Set: 5.7ms
[2021-05-01T11:47:08.630+0000][7][gc,phases   ] GC(36)   Post Evacuate Collection Set: 0.8ms
[2021-05-01T11:47:08.630+0000][7][gc,phases   ] GC(36)   Other: 0.2ms
[2021-05-01T11:47:08.630+0000][7][gc,heap     ] GC(36) Eden regions: 21->0(21)
[2021-05-01T11:47:08.630+0000][7][gc,heap     ] GC(36) Survivor regions: 2->2(3)
[2021-05-01T11:47:08.630+0000][7][gc,heap     ] GC(36) Old regions: 24->24
[2021-05-01T11:47:08.630+0000][7][gc,heap     ] GC(36) Archive regions: 2->2
[2021-05-01T11:47:08.630+0000][7][gc,heap     ] GC(36) Humongous regions: 2->2
[2021-05-01T11:47:08.630+0000][7][gc,metaspace] GC(36) Metaspace: 102938K(107268K)->102938K(107268K) NonClass: 89202K(92216K)->89202K(92216K) Class: 13735K(15052K)->13735K(15052K)
[2021-05-01T11:47:08.630+0000][7][gc          ] GC(36) Pause Young (Concurrent Start) (G1 Evacuation Pause) 196M->114M(256M) 6.909ms
[2021-05-01T11:47:08.630+0000][7][gc,cpu      ] GC(36) User=0.04s Sys=0.00s Real=0.01s
[2021-05-01T11:47:08.630+0000][7][gc          ] GC(37) Concurrent Cycle
[2021-05-01T11:47:08.630+0000][7][gc,marking  ] GC(37) Concurrent Clear Claimed Marks
[2021-05-01T11:47:08.630+0000][7][safepoint   ] Safepoint "G1CollectForAllocation", Time since last: 87213388 ns, Reaching safepoint: 208313 ns, At safepoint: 7024709 ns, Total: 7233022 ns
[2021-05-01T11:47:08.630+0000][7][gc,marking  ] GC(37) Concurrent Clear Claimed Marks 0.142ms
[2021-05-01T11:47:08.630+0000][7][gc,marking  ] GC(37) Concurrent Scan Root Regions
[2021-05-01T11:47:08.638+0000][7][gc,marking  ] GC(37) Concurrent Scan Root Regions 8.065ms
[2021-05-01T11:47:08.638+0000][7][gc,marking  ] GC(37) Concurrent Mark (321.498s)
[2021-05-01T11:47:08.638+0000][7][gc,marking  ] GC(37) Concurrent Mark From Roots
[2021-05-01T11:47:08.638+0000][7][gc,task     ] GC(37) Using 2 workers of 2 for marking
[2021-05-01T11:47:08.836+0000][7][gc,marking  ] GC(37) Concurrent Mark From Roots 198.247ms
[2021-05-01T11:47:08.836+0000][7][gc,marking  ] GC(37) Concurrent Preclean
[2021-05-01T11:47:08.837+0000][7][gc,marking  ] GC(37) Concurrent Preclean 0.257ms
[2021-05-01T11:47:08.837+0000][7][gc,marking  ] GC(37) Concurrent Mark (321.498s, 321.697s) 198.569ms
[2021-05-01T11:47:08.837+0000][7][gc,start    ] GC(37) Pause Remark
[2021-05-01T11:47:08.842+0000][7][gc          ] GC(37) Pause Remark 147M->147M(256M) 5.422ms
[2021-05-01T11:47:08.842+0000][7][gc,cpu      ] GC(37) User=0.03s Sys=0.00s Real=0.00s
[2021-05-01T11:47:08.842+0000][7][safepoint   ] Safepoint "G1Concurrent", Time since last: 206859267 ns, Reaching safepoint: 163788 ns, At safepoint: 5581534 ns, Total: 5745322 ns
[2021-05-01T11:47:08.843+0000][7][gc,marking  ] GC(37) Concurrent Rebuild Remembered Sets
[2021-05-01T11:47:08.932+0000][7][gc,marking  ] GC(37) Concurrent Rebuild Remembered Sets 89.798ms
[2021-05-01T11:47:08.933+0000][7][gc,start    ] GC(37) Pause Cleanup
[2021-05-01T11:47:08.933+0000][7][gc          ] GC(37) Pause Cleanup 147M->147M(256M) 0.091ms
[2021-05-01T11:47:08.933+0000][7][gc,cpu      ] GC(37) User=0.00s Sys=0.00s Real=0.00s
[2021-05-01T11:47:08.933+0000][7][safepoint   ] Safepoint "G1Concurrent", Time since last: 89930786 ns, Reaching safepoint: 211310 ns, At safepoint: 153999 ns, Total: 365309 ns
[2021-05-01T11:47:08.933+0000][7][gc,marking  ] GC(37) Concurrent Cleanup for Next Mark
[2021-05-01T11:47:08.933+0000][7][gc,marking  ] GC(37) Concurrent Cleanup for Next Mark 0.180ms
[2021-05-01T11:47:08.933+0000][7][gc          ] GC(37) Concurrent Cycle 303.176ms
[2021-05-01T11:47:09.933+0000][7][safepoint   ] Safepoint "Cleanup", Time since last: 1000087163 ns, Reaching safepoint: 119200 ns, At safepoint: 5372 ns, Total: 124572 ns
[2021-05-01T11:47:10.934+0000][7][safepoint   ] Safepoint "Cleanup", Time since last: 1000557470 ns, Reaching safepoint: 92643 ns, At safepoint: 6280 ns, Total: 98923 ns
[2021-05-01T11:47:11.934+0000][7][safepoint   ] Safepoint "Cleanup", Time since last: 1000277545 ns, Reaching safepoint: 130530 ns, At safepoint: 8387 ns, Total: 138917 ns
[2021-05-01T11:47:12.935+0000][7][safepoint   ] Safepoint "Cleanup", Time since last: 1000410210 ns, Reaching safepoint: 118726 ns, At safepoint: 5025 ns, Total: 123751 ns
[2021-05-01T11:47:13.935+0000][7][safepoint   ] Safepoint "Cleanup", Time since last: 1000087728 ns, Reaching safepoint: 74981 ns, At safepoint: 4532 ns, Total: 79513 ns
[2021-05-01T11:47:16.936+0000][7][safepoint   ] Safepoint "Cleanup", Time since last: 3000705582 ns, Reaching safepoint: 104346 ns, At safepoint: 5890 ns, Total: 110236 ns
[2021-05-01T11:47:17.936+0000][7][safepoint   ] Safepoint "Cleanup", Time since last: 1000131376 ns, Reaching safepoint: 75618 ns, At safepoint: 6640 ns, Total: 82258 ns
[2021-05-01T11:47:19.936+0000][7][safepoint   ] Safepoint "Cleanup", Time since last: 2000219276 ns, Reaching safepoint: 126779 ns, At safepoint: 8187 ns, Total: 134966 ns
[2021-05-01T11:47:29.938+0000][7][safepoint   ] Safepoint "Cleanup", Time since last: 10001663231 ns, Reaching safepoint: 155274 ns, At safepoint: 8009 ns, Total: 163283 ns
[2021-05-01T11:47:31.938+0000][7][safepoint   ] Safepoint "Cleanup", Time since last: 2000286977 ns, Reaching safepoint: 91710 ns, At safepoint: 7297 ns, Total: 99007 ns
[2021-05-01T11:47:32.939+0000][7][safepoint   ] Safepoint "Cleanup", Time since last: 1000134821 ns, Reaching safepoint: 81681 ns, At safepoint: 5152 ns, Total: 86833 ns
[2021-05-01T11:47:35.939+0000][7][safepoint   ] Safepoint "Cleanup", Time since last: 3000219741 ns, Reaching safepoint: 114127 ns, At safepoint: 7295 ns, Total: 121422 ns
[2021-05-01T11:47:36.939+0000][7][safepoint   ] Safepoint "Cleanup", Time since last: 1000118284 ns, Reaching safepoint: 122567 ns, At safepoint: 7582 ns, Total: 130149 ns
[2021-05-01T11:47:37.939+0000][7][safepoint   ] Safepoint "Cleanup", Time since last: 1000156507 ns, Reaching safepoint: 124646 ns, At safepoint: 6677 ns, Total: 131323 ns
[2021-05-01T11:47:38.940+0000][7][safepoint   ] Safepoint "Cleanup", Time since last: 1000270870 ns, Reaching safepoint: 87802 ns, At safepoint: 6210 ns, Total: 94012 ns
[2021-05-01T11:47:39.940+0000][7][safepoint   ] Safepoint "Cleanup", Time since last: 1000264057 ns, Reaching safepoint: 92989 ns, At safepoint: 5539 ns, Total: 98528 ns
[2021-05-01T11:47:40.940+0000][7][safepoint   ] Safepoint "Cleanup", Time since last: 1000142939 ns, Reaching safepoint: 139251 ns, At safepoint: 6611 ns, Total: 145862 ns
[2021-05-01T11:47:41.941+0000][7][safepoint   ] Safepoint "Cleanup", Time since last: 1000266485 ns, Reaching safepoint: 117400 ns, At safepoint: 8093 ns, Total: 125493 ns
[2021-05-01T11:47:47.942+0000][7][safepoint   ] Safepoint "Cleanup", Time since last: 6000734072 ns, Reaching safepoint: 105201 ns, At safepoint: 5770 ns, Total: 110971 ns
[2021-05-01T11:47:49.942+0000][7][safepoint   ] Safepoint "Cleanup", Time since last: 2000233121 ns, Reaching safepoint: 86194 ns, At safepoint: 7355 ns, Total: 93549 ns
[2021-05-01T11:47:52.943+0000][7][safepoint   ] Safepoint "Cleanup", Time since last: 3000409408 ns, Reaching safepoint: 119143 ns, At safepoint: 6063 ns, Total: 125206 ns
[2021-05-01T11:47:54.943+0000][7][safepoint   ] Safepoint "Cleanup", Time since last: 2000367449 ns, Reaching safepoint: 141156 ns, At safepoint: 5576 ns, Total: 146732 ns
[2021-05-01T11:47:59.944+0000][7][safepoint   ] Safepoint "Cleanup", Time since last: 5000779081 ns, Reaching safepoint: 164558 ns, At safepoint: 7366 ns, Total: 171924 ns
[2021-05-01T11:48:01.944+0000][7][safepoint   ] Safepoint "Cleanup", Time since last: 2000228955 ns, Reaching safepoint: 104780 ns, At safepoint: 7121 ns, Total: 111901 ns
[2021-05-01T11:48:02.945+0000][7][safepoint   ] Safepoint "Cleanup", Time since last: 1000140667 ns, Reaching safepoint: 83432 ns, At safepoint: 8395 ns, Total: 91827 ns
[2021-05-01T11:48:04.945+0000][7][safepoint   ] Safepoint "Cleanup", Time since last: 2000591443 ns, Reaching safepoint: 87648 ns, At safepoint: 6678 ns, Total: 94326 ns
[2021-05-01T11:48:05.946+0000][7][safepoint   ] Safepoint "Cleanup", Time since last: 1000168775 ns, Reaching safepoint: 94009 ns, At safepoint: 6800 ns, Total: 100809 ns
[2021-05-01T11:48:06.946+0000][7][safepoint   ] Safepoint "Cleanup", Time since last: 1000108033 ns, Reaching safepoint: 75354 ns, At safepoint: 7155 ns, Total: 82509 ns
[2021-05-01T11:48:07.946+0000][7][safepoint   ] Safepoint "Cleanup", Time since last: 1000257644 ns, Reaching safepoint: 93430 ns, At safepoint: 7800 ns, Total: 101230 ns
[2021-05-01T11:48:08.947+0000][7][safepoint   ] Safepoint "Cleanup", Time since last: 1000271490 ns, Reaching safepoint: 101324 ns, At safepoint: 6471 ns, Total: 107795 ns
[2021-05-01T11:48:09.947+0000][7][safepoint   ] Safepoint "Cleanup", Time since last: 1000118168 ns, Reaching safepoint: 278095 ns, At safepoint: 12996 ns, Total: 291091 ns
[2021-05-01T11:48:10.947+0000][7][safepoint   ] Safepoint "Cleanup", Time since last: 1000126006 ns, Reaching safepoint: 92535 ns, At safepoint: 9699 ns, Total: 102234 ns
[2021-05-01T11:48:11.280+0000][7][gc,start    ] GC(38) Pause Young (Normal) (G1 Evacuation Pause)
[2021-05-01T11:48:11.280+0000][7][gc,task     ] GC(38) Using 6 workers of 8 for evacuation
[2021-05-01T11:48:11.280+0000][7][gc,age      ] GC(38) Desired survivor size 6291456 bytes, new threshold 4 (max threshold 15)
[2021-05-01T11:48:11.286+0000][7][gc,age      ] GC(38) Age table with threshold 4 (max threshold 15)
[2021-05-01T11:48:11.286+0000][7][gc,age      ] GC(38) - age   1:    1397632 bytes,    1397632 total
[2021-05-01T11:48:11.286+0000][7][gc,age      ] GC(38) - age   2:     779216 bytes,    2176848 total
[2021-05-01T11:48:11.286+0000][7][gc,age      ] GC(38) - age   3:      25000 bytes,    2201848 total
[2021-05-01T11:48:11.286+0000][7][gc,age      ] GC(38) - age   4:     655840 bytes,    2857688 total
[2021-05-01T11:48:11.286+0000][7][gc,phases   ] GC(38)   Pre Evacuate Collection Set: 0.1ms
[2021-05-01T11:48:11.286+0000][7][gc,phases   ] GC(38)   Merge Heap Roots: 0.1ms
[2021-05-01T11:48:11.286+0000][7][gc,phases   ] GC(38)   Evacuate Collection Set: 4.3ms
[2021-05-01T11:48:11.286+0000][7][gc,phases   ] GC(38)   Post Evacuate Collection Set: 0.6ms
[2021-05-01T11:48:11.286+0000][7][gc,phases   ] GC(38)   Other: 0.2ms
[2021-05-01T11:48:11.286+0000][7][gc,heap     ] GC(38) Eden regions: 21->0(21)
[2021-05-01T11:48:11.286+0000][7][gc,heap     ] GC(38) Survivor regions: 2->1(3)
[2021-05-01T11:48:11.286+0000][7][gc,heap     ] GC(38) Old regions: 24->25
[2021-05-01T11:48:11.286+0000][7][gc,heap     ] GC(38) Archive regions: 2->2
[2021-05-01T11:48:11.286+0000][7][gc,heap     ] GC(38) Humongous regions: 2->2
[2021-05-01T11:48:11.286+0000][7][gc,metaspace] GC(38) Metaspace: 104091K(108420K)->104091K(108420K) NonClass: 90216K(93240K)->90216K(93240K) Class: 13875K(15180K)->13875K(15180K)
[2021-05-01T11:48:11.286+0000][7][gc          ] GC(38) Pause Young (Normal) (G1 Evacuation Pause) 198M->114M(256M) 5.266ms
[2021-05-01T11:48:11.286+0000][7][gc,cpu      ] GC(38) User=0.03s Sys=0.00s Real=0.00s
[2021-05-01T11:48:11.286+0000][7][safepoint   ] Safepoint "G1CollectForAllocation", Time since last: 333078544 ns, Reaching safepoint: 184322 ns, At safepoint: 5339391 ns, Total: 5523713 ns
[2021-05-01T11:48:12.286+0000][7][safepoint   ] Safepoint "Cleanup", Time since last: 1000144612 ns, Reaching safepoint: 205908 ns, At safepoint: 7112 ns, Total: 213020 ns
[2021-05-01T11:48:14.287+0000][7][safepoint   ] Safepoint "Cleanup", Time since last: 2000694624 ns, Reaching safepoint: 233371 ns, At safepoint: 8498 ns, Total: 241869 ns
[2021-05-01T11:48:15.287+0000][7][safepoint   ] Safepoint "Cleanup", Time since last: 1000219072 ns, Reaching safepoint: 93454 ns, At safepoint: 6372 ns, Total: 99826 ns
[2021-05-01T11:48:20.288+0000][7][safepoint   ] Safepoint "Cleanup", Time since last: 5000972947 ns, Reaching safepoint: 144420 ns, At safepoint: 6968 ns, Total: 151388 ns
[2021-05-01T11:48:25.289+0000][7][safepoint   ] Safepoint "Cleanup", Time since last: 5000877094 ns, Reaching safepoint: 85515 ns, At safepoint: 4189 ns, Total: 89704 ns
[2021-05-01T11:48:26.290+0000][7][safepoint   ] Safepoint "Cleanup", Time since last: 1000472577 ns, Reaching safepoint: 106447 ns, At safepoint: 6136 ns, Total: 112583 ns
[2021-05-01T11:48:27.290+0000][7][safepoint   ] Safepoint "Cleanup", Time since last: 1000226375 ns, Reaching safepoint: 136466 ns, At safepoint: 5932 ns, Total: 142398 ns
[2021-05-01T11:48:29.291+0000][7][safepoint   ] Safepoint "Cleanup", Time since last: 2000603510 ns, Reaching safepoint: 102019 ns, At safepoint: 5669 ns, Total: 107688 ns
[2021-05-01T11:48:30.291+0000][7][safepoint   ] Safepoint "Cleanup", Time since last: 1000093783 ns, Reaching safepoint: 86883 ns, At safepoint: 7183 ns, Total: 94066 ns
[2021-05-01T11:48:31.292+0000][7][safepoint   ] Safepoint "Cleanup", Time since last: 1000167253 ns, Reaching safepoint: 93980 ns, At safepoint: 8777 ns, Total: 102757 ns
[2021-05-01T11:48:32.292+0000][7][safepoint   ] Safepoint "Cleanup", Time since last: 1000097264 ns, Reaching safepoint: 115630 ns, At safepoint: 6790 ns, Total: 122420 ns
[2021-05-01T11:48:36.292+0000][7][safepoint   ] Safepoint "Cleanup", Time since last: 4000430280 ns, Reaching safepoint: 156302 ns, At safepoint: 8538 ns, Total: 164840 ns
[2021-05-01T11:48:38.293+0000][7][safepoint   ] Safepoint "Cleanup", Time since last: 2000352165 ns, Reaching safepoint: 98202 ns, At safepoint: 6699 ns, Total: 104901 ns
[2021-05-01T11:48:39.293+0000][7][safepoint   ] Safepoint "Cleanup", Time since last: 1000429962 ns, Reaching safepoint: 138696 ns, At safepoint: 6410 ns, Total: 145106 ns
[2021-05-01T11:48:40.294+0000][7][safepoint   ] Safepoint "Cleanup", Time since last: 1000119215 ns, Reaching safepoint: 115514 ns, At safepoint: 5484 ns, Total: 120998 ns
[2021-05-01T11:48:41.294+0000][7][safepoint   ] Safepoint "Cleanup", Time since last: 1000130507 ns, Reaching safepoint: 91169 ns, At safepoint: 5630 ns, Total: 96799 ns
[2021-05-01T11:48:50.295+0000][7][safepoint   ] Safepoint "Cleanup", Time since last: 9001275471 ns, Reaching safepoint: 124930 ns, At safepoint: 7163 ns, Total: 132093 ns
[2021-05-01T11:48:52.296+0000][7][safepoint   ] Safepoint "Cleanup", Time since last: 2000165635 ns, Reaching safepoint: 111090 ns, At safepoint: 4706 ns, Total: 115796 ns
[2021-05-01T11:48:53.296+0000][7][safepoint   ] Safepoint "Cleanup", Time since last: 1000113402 ns, Reaching safepoint: 97205 ns, At safepoint: 7363 ns, Total: 104568 ns
[2021-05-01T11:48:58.130+0000][7][safepoint   ] Safepoint "Cleanup", Time since last: 4834486101 ns, Reaching safepoint: 152655 ns, At safepoint: 6603 ns, Total: 159258 ns
[2021-05-01T11:48:59.131+0000][7][safepoint   ] Safepoint "Cleanup", Time since last: 1000335381 ns, Reaching safepoint: 89266 ns, At safepoint: 6425 ns, Total: 95691 ns
[2021-05-01T11:49:00.131+0000][7][safepoint   ] Safepoint "Cleanup", Time since last: 1000388868 ns, Reaching safepoint: 84610 ns, At safepoint: 4660 ns, Total: 89270 ns
[2021-05-01T11:49:02.132+0000][7][safepoint   ] Safepoint "Cleanup", Time since last: 2000366989 ns, Reaching safepoint: 90841 ns, At safepoint: 10199 ns, Total: 101040 ns
[2021-05-01T11:49:06.133+0000][7][safepoint   ] Safepoint "Cleanup", Time since last: 4000649894 ns, Reaching safepoint: 131555 ns, At safepoint: 7044 ns, Total: 138599 ns
[2021-05-01T11:49:07.133+0000][7][safepoint   ] Safepoint "Cleanup", Time since last: 1000168109 ns, Reaching safepoint: 142252 ns, At safepoint: 5010 ns, Total: 147262 ns
[2021-05-01T11:49:09.134+0000][7][safepoint   ] Safepoint "Cleanup", Time since last: 2000718765 ns, Reaching safepoint: 206325 ns, At safepoint: 10797 ns, Total: 217122 ns
[2021-05-01T11:49:10.134+0000][7][safepoint   ] Safepoint "Cleanup", Time since last: 1000229045 ns, Reaching safepoint: 140370 ns, At safepoint: 7406 ns, Total: 147776 ns
[2021-05-01T11:49:11.134+0000][7][safepoint   ] Safepoint "Cleanup", Time since last: 1000099713 ns, Reaching safepoint: 82783 ns, At safepoint: 6905 ns, Total: 89688 ns
[2021-05-01T11:49:12.135+0000][7][safepoint   ] Safepoint "Cleanup", Time since last: 1000337356 ns, Reaching safepoint: 182548 ns, At safepoint: 8414 ns, Total: 190962 ns
[2021-05-01T11:49:13.135+0000][7][safepoint   ] Safepoint "Cleanup", Time since last: 1000228918 ns, Reaching safepoint: 76857 ns, At safepoint: 5689 ns, Total: 82546 ns
[2021-05-01T11:49:14.135+0000][7][safepoint   ] Safepoint "Cleanup", Time since last: 1000093888 ns, Reaching safepoint: 114936 ns, At safepoint: 6586 ns, Total: 121522 ns
[2021-05-01T11:49:17.136+0000][7][safepoint   ] Safepoint "Cleanup", Time since last: 3000492072 ns, Reaching safepoint: 88744 ns, At safepoint: 5840 ns, Total: 94584 ns
[2021-05-01T11:49:20.137+0000][7][safepoint   ] Safepoint "Cleanup", Time since last: 3000459985 ns, Reaching safepoint: 78642 ns, At safepoint: 5420 ns, Total: 84062 ns
[2021-05-01T11:49:25.138+0000][7][safepoint   ] Safepoint "Cleanup", Time since last: 5000939629 ns, Reaching safepoint: 112976 ns, At safepoint: 7787 ns, Total: 120763 ns
[2021-05-01T11:49:27.138+0000][7][safepoint   ] Safepoint "Cleanup", Time since last: 2000232137 ns, Reaching safepoint: 73362 ns, At safepoint: 6509 ns, Total: 79871 ns
[2021-05-01T11:49:30.139+0000][7][safepoint   ] Safepoint "Cleanup", Time since last: 3000645039 ns, Reaching safepoint: 126970 ns, At safepoint: 6813 ns, Total: 133783 ns
[2021-05-01T11:49:32.139+0000][7][safepoint   ] Safepoint "Cleanup", Time since last: 2000342688 ns, Reaching safepoint: 90162 ns, At safepoint: 7196 ns, Total: 97358 ns
[2021-05-01T11:49:35.140+0000][7][safepoint   ] Safepoint "Cleanup", Time since last: 3000613646 ns, Reaching safepoint: 107529 ns, At safepoint: 6278 ns, Total: 113807 ns
[2021-05-01T11:49:36.140+0000][7][safepoint   ] Safepoint "Cleanup", Time since last: 1000279107 ns, Reaching safepoint: 147478 ns, At safepoint: 6801 ns, Total: 154279 ns
[2021-05-01T11:49:37.141+0000][7][safepoint   ] Safepoint "Cleanup", Time since last: 1000268679 ns, Reaching safepoint: 98257 ns, At safepoint: 5075 ns, Total: 103332 ns
[2021-05-01T11:49:39.141+0000][7][safepoint   ] Safepoint "Cleanup", Time since last: 2000569955 ns, Reaching safepoint: 135303 ns, At safepoint: 6991 ns, Total: 142294 ns
[2021-05-01T11:49:40.142+0000][7][safepoint   ] Safepoint "Cleanup", Time since last: 1000398445 ns, Reaching safepoint: 99553 ns, At safepoint: 5230 ns, Total: 104783 ns
[2021-05-01T11:49:42.143+0000][7][safepoint   ] Safepoint "Cleanup", Time since last: 2000650680 ns, Reaching safepoint: 98809 ns, At safepoint: 5864 ns, Total: 104673 ns
[2021-05-01T11:49:45.143+0000][7][safepoint   ] Safepoint "Cleanup", Time since last: 3000583542 ns, Reaching safepoint: 132714 ns, At safepoint: 6908 ns, Total: 139622 ns
[2021-05-01T11:49:47.144+0000][7][safepoint   ] Safepoint "Cleanup", Time since last: 2000176219 ns, Reaching safepoint: 123211 ns, At safepoint: 6562 ns, Total: 129773 ns
[2021-05-01T11:49:50.144+0000][7][safepoint   ] Safepoint "Cleanup", Time since last: 3000390995 ns, Reaching safepoint: 170902 ns, At safepoint: 7933 ns, Total: 178835 ns
[2021-05-01T11:49:52.145+0000][7][safepoint   ] Safepoint "Cleanup", Time since last: 2000231629 ns, Reaching safepoint: 92267 ns, At safepoint: 6593 ns, Total: 98860 ns
[2021-05-01T11:49:57.145+0000][7][safepoint   ] Safepoint "Cleanup", Time since last: 5000431019 ns, Reaching safepoint: 150566 ns, At safepoint: 8009 ns, Total: 158575 ns
[2021-05-01T11:50:02.146+0000][7][safepoint   ] Safepoint "Cleanup", Time since last: 5001104259 ns, Reaching safepoint: 91415 ns, At safepoint: 5325 ns, Total: 96740 ns
[2021-05-01T11:50:05.147+0000][7][safepoint   ] Safepoint "Cleanup", Time since last: 3000333553 ns, Reaching safepoint: 77548 ns, At safepoint: 4990 ns, Total: 82538 ns
[2021-05-01T11:50:06.147+0000][7][safepoint   ] Safepoint "Cleanup", Time since last: 1000165917 ns, Reaching safepoint: 115419 ns, At safepoint: 6712 ns, Total: 122131 ns
[2021-05-01T11:50:07.148+0000][7][safepoint   ] Safepoint "Cleanup", Time since last: 1000264326 ns, Reaching safepoint: 115694 ns, At safepoint: 6724 ns, Total: 122418 ns
[2021-05-01T11:50:08.148+0000][7][safepoint   ] Safepoint "Cleanup", Time since last: 1000293881 ns, Reaching safepoint: 101230 ns, At safepoint: 6824 ns, Total: 108054 ns
[2021-05-01T11:50:09.148+0000][7][safepoint   ] Safepoint "Cleanup", Time since last: 1000327369 ns, Reaching safepoint: 159332 ns, At safepoint: 4821 ns, Total: 164153 ns
[2021-05-01T11:50:10.149+0000][7][safepoint   ] Safepoint "Cleanup", Time since last: 1000275258 ns, Reaching safepoint: 185993 ns, At safepoint: 7618 ns, Total: 193611 ns
[2021-05-01T11:50:11.149+0000][7][safepoint   ] Safepoint "Cleanup", Time since last: 1000210120 ns, Reaching safepoint: 97027 ns, At safepoint: 7123 ns, Total: 104150 ns
[2021-05-01T11:50:12.149+0000][7][safepoint   ] Safepoint "Cleanup", Time since last: 1000102784 ns, Reaching safepoint: 118115 ns, At safepoint: 5891 ns, Total: 124006 ns
[2021-05-01T11:50:17.151+0000][7][safepoint   ] Safepoint "Cleanup", Time since last: 5001343268 ns, Reaching safepoint: 152003 ns, At safepoint: 6742 ns, Total: 158745 ns
[2021-05-01T11:50:20.152+0000][7][safepoint   ] Safepoint "Cleanup", Time since last: 3000599649 ns, Reaching safepoint: 91713 ns, At safepoint: 5398 ns, Total: 97111 ns
[2021-05-01T11:50:23.152+0000][7][safepoint   ] Safepoint "Cleanup", Time since last: 3000444763 ns, Reaching safepoint: 79297 ns, At safepoint: 7791 ns, Total: 87088 ns
[2021-05-01T11:50:24.287+0000][7][gc,start    ] GC(39) Pause Young (Concurrent Start) (G1 Evacuation Pause)
[2021-05-01T11:50:24.287+0000][7][gc,task     ] GC(39) Using 6 workers of 8 for evacuation
[2021-05-01T11:50:24.287+0000][7][gc,age      ] GC(39) Desired survivor size 6291456 bytes, new threshold 15 (max threshold 15)
[2021-05-01T11:50:24.290+0000][7][gc,age      ] GC(39) Age table with threshold 15 (max threshold 15)
[2021-05-01T11:50:24.291+0000][7][gc,age      ] GC(39) - age   1:     530032 bytes,     530032 total
[2021-05-01T11:50:24.291+0000][7][gc,age      ] GC(39) - age   2:     757440 bytes,    1287472 total
[2021-05-01T11:50:24.291+0000][7][gc,age      ] GC(39) - age   3:     778944 bytes,    2066416 total
[2021-05-01T11:50:24.291+0000][7][gc,age      ] GC(39) - age   4:      25000 bytes,    2091416 total
[2021-05-01T11:50:24.291+0000][7][gc,age      ] GC(39) - age   5:     655816 bytes,    2747232 total
[2021-05-01T11:50:24.291+0000][7][gc,phases   ] GC(39)   Pre Evacuate Collection Set: 0.2ms
[2021-05-01T11:50:24.291+0000][7][gc,phases   ] GC(39)   Merge Heap Roots: 0.0ms
[2021-05-01T11:50:24.291+0000][7][gc,phases   ] GC(39)   Evacuate Collection Set: 2.4ms
[2021-05-01T11:50:24.291+0000][7][gc,phases   ] GC(39)   Post Evacuate Collection Set: 0.6ms
[2021-05-01T11:50:24.291+0000][7][gc,phases   ] GC(39)   Other: 0.2ms
[2021-05-01T11:50:24.291+0000][7][gc,heap     ] GC(39) Eden regions: 21->0(22)
[2021-05-01T11:50:24.291+0000][7][gc,heap     ] GC(39) Survivor regions: 1->1(3)
[2021-05-01T11:50:24.291+0000][7][gc,heap     ] GC(39) Old regions: 25->25
[2021-05-01T11:50:24.291+0000][7][gc,heap     ] GC(39) Archive regions: 2->2
[2021-05-01T11:50:24.291+0000][7][gc,heap     ] GC(39) Humongous regions: 2->2
[2021-05-01T11:50:24.291+0000][7][gc,metaspace] GC(39) Metaspace: 104460K(108676K)->104460K(108676K) NonClass: 90584K(93496K)->90584K(93496K) Class: 13876K(15180K)->13876K(15180K)
[2021-05-01T11:50:24.291+0000][7][gc          ] GC(39) Pause Young (Concurrent Start) (G1 Evacuation Pause) 198M->113M(256M) 3.493ms
[2021-05-01T11:50:24.291+0000][7][gc,cpu      ] GC(39) User=0.01s Sys=0.00s Real=0.00s
[2021-05-01T11:50:24.291+0000][7][gc          ] GC(40) Concurrent Cycle
[2021-05-01T11:50:24.291+0000][7][safepoint   ] Safepoint "G1CollectForAllocation", Time since last: 1134749666 ns, Reaching safepoint: 199821 ns, At safepoint: 3587746 ns, Total: 3787567 ns
[2021-05-01T11:50:24.291+0000][7][gc,marking  ] GC(40) Concurrent Clear Claimed Marks
[2021-05-01T11:50:24.291+0000][7][gc,marking  ] GC(40) Concurrent Clear Claimed Marks 0.057ms
[2021-05-01T11:50:24.291+0000][7][gc,marking  ] GC(40) Concurrent Scan Root Regions
[2021-05-01T11:50:24.293+0000][7][gc,marking  ] GC(40) Concurrent Scan Root Regions 2.443ms
[2021-05-01T11:50:24.293+0000][7][gc,marking  ] GC(40) Concurrent Mark (517.153s)
[2021-05-01T11:50:24.293+0000][7][gc,marking  ] GC(40) Concurrent Mark From Roots
[2021-05-01T11:50:24.293+0000][7][gc,task     ] GC(40) Using 2 workers of 2 for marking
[2021-05-01T11:50:24.392+0000][7][gc,marking  ] GC(40) Concurrent Mark From Roots 99.162ms
[2021-05-01T11:50:24.392+0000][7][gc,marking  ] GC(40) Concurrent Preclean
[2021-05-01T11:50:24.393+0000][7][gc,marking  ] GC(40) Concurrent Preclean 0.218ms
[2021-05-01T11:50:24.393+0000][7][gc,marking  ] GC(40) Concurrent Mark (517.153s, 517.253s) 99.425ms
[2021-05-01T11:50:24.393+0000][7][gc,start    ] GC(40) Pause Remark
[2021-05-01T11:50:24.402+0000][7][gc          ] GC(40) Pause Remark 114M->114M(256M) 9.097ms
[2021-05-01T11:50:24.402+0000][7][gc,cpu      ] GC(40) User=0.05s Sys=0.00s Real=0.01s
[2021-05-01T11:50:24.402+0000][7][safepoint   ] Safepoint "G1Concurrent", Time since last: 102007271 ns, Reaching safepoint: 92360 ns, At safepoint: 9171911 ns, Total: 9264271 ns
[2021-05-01T11:50:24.402+0000][7][gc,marking  ] GC(40) Concurrent Rebuild Remembered Sets
[2021-05-01T11:50:24.456+0000][7][gc,marking  ] GC(40) Concurrent Rebuild Remembered Sets 54.214ms
[2021-05-01T11:50:24.456+0000][7][gc,start    ] GC(40) Pause Cleanup
[2021-05-01T11:50:24.457+0000][7][gc          ] GC(40) Pause Cleanup 114M->114M(256M) 0.081ms
[2021-05-01T11:50:24.457+0000][7][gc,cpu      ] GC(40) User=0.00s Sys=0.00s Real=0.00s
[2021-05-01T11:50:24.457+0000][7][safepoint   ] Safepoint "G1Concurrent", Time since last: 54390228 ns, Reaching safepoint: 88877 ns, At safepoint: 123024 ns, Total: 211901 ns
[2021-05-01T11:50:24.457+0000][7][gc,marking  ] GC(40) Concurrent Cleanup for Next Mark
[2021-05-01T11:50:24.457+0000][7][gc,marking  ] GC(40) Concurrent Cleanup for Next Mark 0.230ms
[2021-05-01T11:50:24.457+0000][7][gc          ] GC(40) Concurrent Cycle 166.197ms
[2021-05-01T11:50:25.457+0000][7][safepoint   ] Safepoint "Cleanup", Time since last: 1000262644 ns, Reaching safepoint: 182640 ns, At safepoint: 6980 ns, Total: 189620 ns
[2021-05-01T11:50:26.457+0000][7][safepoint   ] Safepoint "Cleanup", Time since last: 1000211856 ns, Reaching safepoint: 96444 ns, At safepoint: 6648 ns, Total: 103092 ns
[2021-05-01T11:50:27.458+0000][7][safepoint   ] Safepoint "Cleanup", Time since last: 1000316485 ns, Reaching safepoint: 107216 ns, At safepoint: 8341 ns, Total: 115557 ns
[2021-05-01T11:50:29.458+0000][7][safepoint   ] Safepoint "Cleanup", Time since last: 2000191305 ns, Reaching safepoint: 173801 ns, At safepoint: 10640 ns, Total: 184441 ns
[2021-05-01T11:50:30.459+0000][7][safepoint   ] Safepoint "Cleanup", Time since last: 1000238621 ns, Reaching safepoint: 130286 ns, At safepoint: 7281 ns, Total: 137567 ns
[2021-05-01T11:50:32.459+0000][7][safepoint   ] Safepoint "Cleanup", Time since last: 2000445947 ns, Reaching safepoint: 177321 ns, At safepoint: 8818 ns, Total: 186139 ns
[2021-05-01T11:50:35.460+0000][7][safepoint   ] Safepoint "Cleanup", Time since last: 3000344868 ns, Reaching safepoint: 117128 ns, At safepoint: 7429 ns, Total: 124557 ns
[2021-05-01T11:50:36.460+0000][7][safepoint   ] Safepoint "Cleanup", Time since last: 1000269142 ns, Reaching safepoint: 96470 ns, At safepoint: 5497 ns, Total: 101967 ns
[2021-05-01T11:50:37.460+0000][7][safepoint   ] Safepoint "Cleanup", Time since last: 1000398333 ns, Reaching safepoint: 75193 ns, At safepoint: 5415 ns, Total: 80608 ns
[2021-05-01T11:50:38.461+0000][7][safepoint   ] Safepoint "Cleanup", Time since last: 1000449041 ns, Reaching safepoint: 131023 ns, At safepoint: 5242 ns, Total: 136265 ns
[2021-05-01T11:50:41.462+0000][7][safepoint   ] Safepoint "Cleanup", Time since last: 3001089685 ns, Reaching safepoint: 202042 ns, At safepoint: 6916 ns, Total: 208958 ns
[2021-05-01T11:50:42.463+0000][7][safepoint   ] Safepoint "Cleanup", Time since last: 1000408975 ns, Reaching safepoint: 85035 ns, At safepoint: 17648 ns, Total: 102683 ns
[2021-05-01T11:50:45.463+0000][7][safepoint   ] Safepoint "Cleanup", Time since last: 3000475592 ns, Reaching safepoint: 94235 ns, At safepoint: 6027 ns, Total: 100262 ns
[2021-05-01T11:50:49.464+0000][7][safepoint   ] Safepoint "Cleanup", Time since last: 4000675665 ns, Reaching safepoint: 101322 ns, At safepoint: 4773 ns, Total: 106095 ns
[2021-05-01T11:50:50.465+0000][7][safepoint   ] Safepoint "Cleanup", Time since last: 1000268155 ns, Reaching safepoint: 108228 ns, At safepoint: 6828 ns, Total: 115056 ns
[2021-05-01T11:50:55.465+0000][7][safepoint   ] Safepoint "Cleanup", Time since last: 5000684597 ns, Reaching safepoint: 107836 ns, At safepoint: 6007 ns, Total: 113843 ns
[2021-05-01T11:51:04.467+0000][7][safepoint   ] Safepoint "Cleanup", Time since last: 9001524228 ns, Reaching safepoint: 108283 ns, At safepoint: 5585 ns, Total: 113868 ns
[2021-05-01T11:51:07.467+0000][7][safepoint   ] Safepoint "Cleanup", Time since last: 3000213957 ns, Reaching safepoint: 132529 ns, At safepoint: 7040 ns, Total: 139569 ns
[2021-05-01T11:51:08.468+0000][7][safepoint   ] Safepoint "Cleanup", Time since last: 1000186241 ns, Reaching safepoint: 114512 ns, At safepoint: 5506 ns, Total: 120018 ns
[2021-05-01T11:51:11.468+0000][7][safepoint   ] Safepoint "Cleanup", Time since last: 3000476956 ns, Reaching safepoint: 133085 ns, At safepoint: 8172 ns, Total: 141257 ns
[2021-05-01T11:51:20.470+0000][7][safepoint   ] Safepoint "Cleanup", Time since last: 9002076856 ns, Reaching safepoint: 88461 ns, At safepoint: 7663 ns, Total: 96124 ns
[2021-05-01T11:51:25.471+0000][7][safepoint   ] Safepoint "Cleanup", Time since last: 5000405317 ns, Reaching safepoint: 91662 ns, At safepoint: 3917 ns, Total: 95579 ns
[2021-05-01T11:51:30.471+0000][7][safepoint   ] Safepoint "Cleanup", Time since last: 5000356322 ns, Reaching safepoint: 125166 ns, At safepoint: 6838 ns, Total: 132004 ns
[2021-05-01T11:51:35.472+0000][7][safepoint   ] Safepoint "Cleanup", Time since last: 5000452781 ns, Reaching safepoint: 160512 ns, At safepoint: 9305 ns, Total: 169817 ns
[2021-05-01T11:51:37.473+0000][7][safepoint   ] Safepoint "Cleanup", Time since last: 2000341146 ns, Reaching safepoint: 115056 ns, At safepoint: 7872 ns, Total: 122928 ns
[2021-05-01T11:51:41.496+0000][7][safepoint   ] Safepoint "Cleanup", Time since last: 4023779340 ns, Reaching safepoint: 84982 ns, At safepoint: 4916 ns, Total: 89898 ns
[2021-05-01T11:52:04.500+0000][7][safepoint   ] Safepoint "Cleanup", Time since last: 23003767536 ns, Reaching safepoint: 115142 ns, At safepoint: 6259 ns, Total: 121401 ns
[2021-05-01T11:52:05.501+0000][7][safepoint   ] Safepoint "Cleanup", Time since last: 1000102368 ns, Reaching safepoint: 107429 ns, At safepoint: 10368 ns, Total: 117797 ns
[2021-05-01T11:52:05.755+0000][7][safepoint   ] Safepoint "ICBufferFull", Time since last: 254122564 ns, Reaching safepoint: 245210 ns, At safepoint: 12376 ns, Total: 257586 ns
[2021-05-01T11:52:05.891+0000][7][gc,start    ] GC(41) Pause Young (Normal) (G1 Evacuation Pause)
[2021-05-01T11:52:05.891+0000][7][gc,task     ] GC(41) Using 6 workers of 8 for evacuation
[2021-05-01T11:52:05.891+0000][7][gc,age      ] GC(41) Desired survivor size 6291456 bytes, new threshold 15 (max threshold 15)
[2021-05-01T11:52:05.895+0000][7][gc,age      ] GC(41) Age table with threshold 15 (max threshold 15)
[2021-05-01T11:52:05.895+0000][7][gc,age      ] GC(41) - age   1:     867696 bytes,     867696 total
[2021-05-01T11:52:05.895+0000][7][gc,age      ] GC(41) - age   2:      24960 bytes,     892656 total
[2021-05-01T11:52:05.895+0000][7][gc,age      ] GC(41) - age   3:     736696 bytes,    1629352 total
[2021-05-01T11:52:05.895+0000][7][gc,age      ] GC(41) - age   4:     756480 bytes,    2385832 total
[2021-05-01T11:52:05.895+0000][7][gc,age      ] GC(41) - age   5:      25000 bytes,    2410832 total
[2021-05-01T11:52:05.895+0000][7][gc,age      ] GC(41) - age   6:     655592 bytes,    3066424 total
[2021-05-01T11:52:05.895+0000][7][gc,phases   ] GC(41)   Pre Evacuate Collection Set: 0.0ms
[2021-05-01T11:52:05.895+0000][7][gc,phases   ] GC(41)   Merge Heap Roots: 0.0ms
[2021-05-01T11:52:05.895+0000][7][gc,phases   ] GC(41)   Evacuate Collection Set: 3.1ms
[2021-05-01T11:52:05.895+0000][7][gc,phases   ] GC(41)   Post Evacuate Collection Set: 0.5ms
[2021-05-01T11:52:05.895+0000][7][gc,phases   ] GC(41)   Other: 0.2ms
[2021-05-01T11:52:05.895+0000][7][gc,heap     ] GC(41) Eden regions: 22->0(22)
[2021-05-01T11:52:05.895+0000][7][gc,heap     ] GC(41) Survivor regions: 1->1(3)
[2021-05-01T11:52:05.895+0000][7][gc,heap     ] GC(41) Old regions: 25->25
[2021-05-01T11:52:05.895+0000][7][gc,heap     ] GC(41) Archive regions: 2->2
[2021-05-01T11:52:05.895+0000][7][gc,heap     ] GC(41) Humongous regions: 2->2
[2021-05-01T11:52:05.895+0000][7][gc,metaspace] GC(41) Metaspace: 104717K(108932K)->104717K(108932K) NonClass: 90852K(93752K)->90852K(93752K) Class: 13864K(15180K)->13864K(15180K)
[2021-05-01T11:52:05.895+0000][7][gc          ] GC(41) Pause Young (Normal) (G1 Evacuation Pause) 201M->113M(256M) 3.910ms
[2021-05-01T11:52:05.895+0000][7][gc,cpu      ] GC(41) User=0.02s Sys=0.00s Real=0.01s
[2021-05-01T11:52:05.895+0000][7][safepoint   ] Safepoint "G1CollectForAllocation", Time since last: 136308541 ns, Reaching safepoint: 144113 ns, At safepoint: 3973908 ns, Total: 4118021 ns
[2021-05-01T11:52:06.896+0000][7][safepoint   ] Safepoint "Cleanup", Time since last: 1000076810 ns, Reaching safepoint: 95110 ns, At safepoint: 5968 ns, Total: 101078 ns
[2021-05-01T11:52:07.896+0000][7][safepoint   ] Safepoint "Cleanup", Time since last: 1000419750 ns, Reaching safepoint: 94974 ns, At safepoint: 6632 ns, Total: 101606 ns
[2021-05-01T11:52:08.896+0000][7][safepoint   ] Safepoint "Cleanup", Time since last: 1000249005 ns, Reaching safepoint: 91719 ns, At safepoint: 5564 ns, Total: 97283 ns
[2021-05-01T11:52:10.897+0000][7][safepoint   ] Safepoint "Cleanup", Time since last: 2000846269 ns, Reaching safepoint: 80118 ns, At safepoint: 8271 ns, Total: 88389 ns
[2021-05-01T11:52:11.898+0000][7][safepoint   ] Safepoint "Cleanup", Time since last: 1000278622 ns, Reaching safepoint: 134921 ns, At safepoint: 6563 ns, Total: 141484 ns
[2021-05-01T11:52:19.899+0000][7][safepoint   ] Safepoint "Cleanup", Time since last: 8001251393 ns, Reaching safepoint: 150352 ns, At safepoint: 6786 ns, Total: 157138 ns
[2021-05-01T11:52:28.901+0000][7][safepoint   ] Safepoint "Cleanup", Time since last: 9001511801 ns, Reaching safepoint: 147031 ns, At safepoint: 7430 ns, Total: 154461 ns
[2021-05-01T11:52:29.901+0000][7][safepoint   ] Safepoint "Cleanup", Time since last: 1000134339 ns, Reaching safepoint: 90045 ns, At safepoint: 3659 ns, Total: 93704 ns
[2021-05-01T11:52:35.903+0000][7][safepoint   ] Safepoint "Cleanup", Time since last: 6001718247 ns, Reaching safepoint: 187621 ns, At safepoint: 7313 ns, Total: 194934 ns
[2021-05-01T11:52:36.903+0000][7][safepoint   ] Safepoint "Cleanup", Time since last: 1000097594 ns, Reaching safepoint: 99266 ns, At safepoint: 5223 ns, Total: 104489 ns
[2021-05-01T11:52:38.904+0000][7][safepoint   ] Safepoint "Cleanup", Time since last: 2000492320 ns, Reaching safepoint: 97273 ns, At safepoint: 6055 ns, Total: 103328 ns
[2021-05-01T11:52:39.904+0000][7][safepoint   ] Safepoint "Cleanup", Time since last: 1000097102 ns, Reaching safepoint: 108885 ns, At safepoint: 5788 ns, Total: 114673 ns
[2021-05-01T11:52:40.904+0000][7][safepoint   ] Safepoint "Cleanup", Time since last: 1000276803 ns, Reaching safepoint: 113046 ns, At safepoint: 6244 ns, Total: 119290 ns
[2021-05-01T11:52:41.905+0000][7][safepoint   ] Safepoint "Cleanup", Time since last: 1000285506 ns, Reaching safepoint: 151206 ns, At safepoint: 6777 ns, Total: 157983 ns
[2021-05-01T11:52:45.906+0000][7][safepoint   ] Safepoint "Cleanup", Time since last: 4001049527 ns, Reaching safepoint: 130973 ns, At safepoint: 6803 ns, Total: 137776 ns
[2021-05-01T11:52:46.906+0000][7][safepoint   ] Safepoint "Cleanup", Time since last: 1000177409 ns, Reaching safepoint: 143609 ns, At safepoint: 6040 ns, Total: 149649 ns
[2021-05-01T11:52:47.907+0000][7][safepoint   ] Safepoint "Cleanup", Time since last: 1000267130 ns, Reaching safepoint: 119014 ns, At safepoint: 6823 ns, Total: 125837 ns
[2021-05-01T11:52:52.907+0000][7][safepoint   ] Safepoint "Cleanup", Time since last: 5000514464 ns, Reaching safepoint: 77914 ns, At safepoint: 4104 ns, Total: 82018 ns
[2021-05-01T11:52:55.908+0000][7][safepoint   ] Safepoint "Cleanup", Time since last: 3000612144 ns, Reaching safepoint: 96592 ns, At safepoint: 4354 ns, Total: 100946 ns
[2021-05-01T11:53:05.910+0000][7][safepoint   ] Safepoint "Cleanup", Time since last: 10001714098 ns, Reaching safepoint: 76253 ns, At safepoint: 6920 ns, Total: 83173 ns
[2021-05-01T11:53:08.910+0000][7][safepoint   ] Safepoint "Cleanup", Time since last: 3000263228 ns, Reaching safepoint: 77902 ns, At safepoint: 5251 ns, Total: 83153 ns
[2021-05-01T11:53:09.910+0000][7][safepoint   ] Safepoint "Cleanup", Time since last: 1000166653 ns, Reaching safepoint: 102603 ns, At safepoint: 5677 ns, Total: 108280 ns
[2021-05-01T11:53:11.911+0000][7][safepoint   ] Safepoint "Cleanup", Time since last: 2000354236 ns, Reaching safepoint: 104398 ns, At safepoint: 6180 ns, Total: 110578 ns
[2021-05-01T11:53:13.911+0000][7][safepoint   ] Safepoint "Cleanup", Time since last: 2000432679 ns, Reaching safepoint: 113533 ns, At safepoint: 5595 ns, Total: 119128 ns
[2021-05-01T11:53:28.915+0000][7][safepoint   ] Safepoint "Cleanup", Time since last: 15003139385 ns, Reaching safepoint: 136117 ns, At safepoint: 6846 ns, Total: 142963 ns
[2021-05-01T11:53:29.915+0000][7][safepoint   ] Safepoint "Cleanup", Time since last: 1000123403 ns, Reaching safepoint: 107445 ns, At safepoint: 10104 ns, Total: 117549 ns
[2021-05-01T11:53:30.915+0000][7][safepoint   ] Safepoint "Cleanup", Time since last: 1000130650 ns, Reaching safepoint: 103583 ns, At safepoint: 6544 ns, Total: 110127 ns
[2021-05-01T11:53:32.916+0000][7][safepoint   ] Safepoint "Cleanup", Time since last: 2000168194 ns, Reaching safepoint: 165762 ns, At safepoint: 10203 ns, Total: 175965 ns
[2021-05-01T11:53:34.916+0000][7][safepoint   ] Safepoint "Cleanup", Time since last: 2000195117 ns, Reaching safepoint: 95238 ns, At safepoint: 4313 ns, Total: 99551 ns
[2021-05-01T11:53:37.916+0000][7][safepoint   ] Safepoint "Cleanup", Time since last: 3000408801 ns, Reaching safepoint: 68934 ns, At safepoint: 5073 ns, Total: 74007 ns
[2021-05-01T11:53:38.917+0000][7][safepoint   ] Safepoint "Cleanup", Time since last: 1000346855 ns, Reaching safepoint: 115721 ns, At safepoint: 6431 ns, Total: 122152 ns
[2021-05-01T11:53:39.917+0000][7][safepoint   ] Safepoint "Cleanup", Time since last: 1000276361 ns, Reaching safepoint: 94331 ns, At safepoint: 4368 ns, Total: 98699 ns
[2021-05-01T11:53:40.918+0000][7][safepoint   ] Safepoint "Cleanup", Time since last: 1000260383 ns, Reaching safepoint: 118019 ns, At safepoint: 6314 ns, Total: 124333 ns
[2021-05-01T11:53:41.918+0000][7][safepoint   ] Safepoint "Cleanup", Time since last: 1000151681 ns, Reaching safepoint: 82122 ns, At safepoint: 5466 ns, Total: 87588 ns
[2021-05-01T11:53:42.919+0000][7][safepoint   ] Safepoint "Cleanup", Time since last: 1000611345 ns, Reaching safepoint: 132910 ns, At safepoint: 8059 ns, Total: 140969 ns
[2021-05-01T11:53:51.919+0000][7][safepoint   ] Safepoint "Cleanup", Time since last: 9000760363 ns, Reaching safepoint: 91251 ns, At safepoint: 5005 ns, Total: 96256 ns
[2021-05-01T11:54:05.922+0000][7][safepoint   ] Safepoint "Cleanup", Time since last: 14002369665 ns, Reaching safepoint: 136683 ns, At safepoint: 6465 ns, Total: 143148 ns
[2021-05-01T11:54:08.923+0000][7][safepoint   ] Safepoint "Cleanup", Time since last: 3000428866 ns, Reaching safepoint: 174441 ns, At safepoint: 5253 ns, Total: 179694 ns
[2021-05-01T11:54:10.578+0000][7][gc,start    ] GC(42) Pause Young (Concurrent Start) (G1 Evacuation Pause)
[2021-05-01T11:54:10.578+0000][7][gc,task     ] GC(42) Using 6 workers of 8 for evacuation
[2021-05-01T11:54:10.578+0000][7][gc,age      ] GC(42) Desired survivor size 6291456 bytes, new threshold 15 (max threshold 15)
[2021-05-01T11:54:10.581+0000][7][gc,age      ] GC(42) Age table with threshold 15 (max threshold 15)
[2021-05-01T11:54:10.581+0000][7][gc,age      ] GC(42) - age   1:     534744 bytes,     534744 total
[2021-05-01T11:54:10.581+0000][7][gc,age      ] GC(42) - age   2:     338176 bytes,     872920 total
[2021-05-01T11:54:10.581+0000][7][gc,age      ] GC(42) - age   3:      24840 bytes,     897760 total
[2021-05-01T11:54:10.581+0000][7][gc,age      ] GC(42) - age   4:     727552 bytes,    1625312 total
[2021-05-01T11:54:10.581+0000][7][gc,age      ] GC(42) - age   5:     756480 bytes,    2381792 total
[2021-05-01T11:54:10.581+0000][7][gc,age      ] GC(42) - age   6:      24800 bytes,    2406592 total
[2021-05-01T11:54:10.581+0000][7][gc,age      ] GC(42) - age   7:     655592 bytes,    3062184 total
[2021-05-01T11:54:10.581+0000][7][gc,phases   ] GC(42)   Pre Evacuate Collection Set: 0.1ms
[2021-05-01T11:54:10.581+0000][7][gc,phases   ] GC(42)   Merge Heap Roots: 0.1ms
[2021-05-01T11:54:10.581+0000][7][gc,phases   ] GC(42)   Evacuate Collection Set: 2.6ms
[2021-05-01T11:54:10.581+0000][7][gc,phases   ] GC(42)   Post Evacuate Collection Set: 0.6ms
[2021-05-01T11:54:10.581+0000][7][gc,phases   ] GC(42)   Other: 0.2ms
[2021-05-01T11:54:10.581+0000][7][gc,heap     ] GC(42) Eden regions: 22->0(22)
[2021-05-01T11:54:10.581+0000][7][gc,heap     ] GC(42) Survivor regions: 1->1(3)
[2021-05-01T11:54:10.581+0000][7][gc,heap     ] GC(42) Old regions: 25->25
[2021-05-01T11:54:10.581+0000][7][gc,heap     ] GC(42) Archive regions: 2->2
[2021-05-01T11:54:10.581+0000][7][gc,heap     ] GC(42) Humongous regions: 2->2
[2021-05-01T11:54:10.581+0000][7][gc,metaspace] GC(42) Metaspace: 104909K(109188K)->104909K(109188K) NonClass: 91044K(94008K)->91044K(94008K) Class: 13865K(15180K)->13865K(15180K)
[2021-05-01T11:54:10.581+0000][7][gc          ] GC(42) Pause Young (Concurrent Start) (G1 Evacuation Pause) 201M->113M(256M) 3.584ms
[2021-05-01T11:54:10.581+0000][7][gc,cpu      ] GC(42) User=0.01s Sys=0.00s Real=0.00s
[2021-05-01T11:54:10.581+0000][7][safepoint   ] Safepoint "G1CollectForAllocation", Time since last: 1655067597 ns, Reaching safepoint: 152138 ns, At safepoint: 3647697 ns, Total: 3799835 ns
[2021-05-01T11:54:10.581+0000][7][gc          ] GC(43) Concurrent Cycle
[2021-05-01T11:54:10.581+0000][7][gc,marking  ] GC(43) Concurrent Clear Claimed Marks
[2021-05-01T11:54:10.582+0000][7][gc,marking  ] GC(43) Concurrent Clear Claimed Marks 0.064ms
[2021-05-01T11:54:10.582+0000][7][gc,marking  ] GC(43) Concurrent Scan Root Regions
[2021-05-01T11:54:10.584+0000][7][gc,marking  ] GC(43) Concurrent Scan Root Regions 2.801ms
[2021-05-01T11:54:10.584+0000][7][gc,marking  ] GC(43) Concurrent Mark (743.444s)
[2021-05-01T11:54:10.584+0000][7][gc,marking  ] GC(43) Concurrent Mark From Roots
[2021-05-01T11:54:10.584+0000][7][gc,task     ] GC(43) Using 2 workers of 2 for marking
[2021-05-01T11:54:10.666+0000][7][gc,marking  ] GC(43) Concurrent Mark From Roots 81.295ms
[2021-05-01T11:54:10.666+0000][7][gc,marking  ] GC(43) Concurrent Preclean
[2021-05-01T11:54:10.666+0000][7][gc,marking  ] GC(43) Concurrent Preclean 0.192ms
[2021-05-01T11:54:10.666+0000][7][gc,marking  ] GC(43) Concurrent Mark (743.444s, 743.526s) 81.530ms
[2021-05-01T11:54:10.666+0000][7][gc,start    ] GC(43) Pause Remark
[2021-05-01T11:54:10.670+0000][7][gc          ] GC(43) Pause Remark 114M->114M(256M) 4.234ms
[2021-05-01T11:54:10.670+0000][7][gc,cpu      ] GC(43) User=0.02s Sys=0.00s Real=0.01s
[2021-05-01T11:54:10.670+0000][7][safepoint   ] Safepoint "G1Concurrent", Time since last: 84506171 ns, Reaching safepoint: 104468 ns, At safepoint: 4304690 ns, Total: 4409158 ns
[2021-05-01T11:54:10.670+0000][7][gc,marking  ] GC(43) Concurrent Rebuild Remembered Sets
[2021-05-01T11:54:10.724+0000][7][gc,marking  ] GC(43) Concurrent Rebuild Remembered Sets 53.276ms
[2021-05-01T11:54:10.724+0000][7][gc,start    ] GC(43) Pause Cleanup
[2021-05-01T11:54:10.724+0000][7][gc          ] GC(43) Pause Cleanup 114M->114M(256M) 0.054ms
[2021-05-01T11:54:10.724+0000][7][gc,cpu      ] GC(43) User=0.00s Sys=0.00s Real=0.00s
[2021-05-01T11:54:10.724+0000][7][safepoint   ] Safepoint "G1Concurrent", Time since last: 53372624 ns, Reaching safepoint: 69276 ns, At safepoint: 89518 ns, Total: 158794 ns
[2021-05-01T11:54:10.724+0000][7][gc,marking  ] GC(43) Concurrent Cleanup for Next Mark
[2021-05-01T11:54:10.724+0000][7][gc,marking  ] GC(43) Concurrent Cleanup for Next Mark 0.111ms
[2021-05-01T11:54:10.724+0000][7][gc          ] GC(43) Concurrent Cycle 142.557ms
[2021-05-01T11:54:11.724+0000][7][safepoint   ] Safepoint "Cleanup", Time since last: 1000092277 ns, Reaching safepoint: 133188 ns, At safepoint: 8959 ns, Total: 142147 ns
[2021-05-01T11:54:13.725+0000][7][safepoint   ] Safepoint "Cleanup", Time since last: 2000558251 ns, Reaching safepoint: 99459 ns, At safepoint: 8212 ns, Total: 107671 ns
[2021-05-01T11:54:14.725+0000][7][safepoint   ] Safepoint "Cleanup", Time since last: 1000138006 ns, Reaching safepoint: 90056 ns, At safepoint: 5804 ns, Total: 95860 ns
[2021-05-01T11:54:19.726+0000][7][safepoint   ] Safepoint "Cleanup", Time since last: 5000786356 ns, Reaching safepoint: 100596 ns, At safepoint: 5466 ns, Total: 106062 ns
[2021-05-01T11:54:20.726+0000][7][safepoint   ] Safepoint "Cleanup", Time since last: 1000174661 ns, Reaching safepoint: 138339 ns, At safepoint: 7542 ns, Total: 145881 ns
[2021-05-01T11:54:28.727+0000][7][safepoint   ] Safepoint "Cleanup", Time since last: 8000971202 ns, Reaching safepoint: 94367 ns, At safepoint: 5273 ns, Total: 99640 ns
[2021-05-01T11:54:35.728+0000][7][safepoint   ] Safepoint "Cleanup", Time since last: 7001036769 ns, Reaching safepoint: 145437 ns, At safepoint: 8047 ns, Total: 153484 ns
[2021-05-01T11:54:38.729+0000][7][safepoint   ] Safepoint "Cleanup", Time since last: 3000745519 ns, Reaching safepoint: 100249 ns, At safepoint: 5464 ns, Total: 105713 ns
[2021-05-01T11:54:41.730+0000][7][safepoint   ] Safepoint "Cleanup", Time since last: 3000861160 ns, Reaching safepoint: 168267 ns, At safepoint: 6453 ns, Total: 174720 ns
[2021-05-01T11:54:45.731+0000][7][safepoint   ] Safepoint "Cleanup", Time since last: 4000715674 ns, Reaching safepoint: 137665 ns, At safepoint: 6958 ns, Total: 144623 ns
[2021-05-01T11:54:47.732+0000][7][safepoint   ] Safepoint "Cleanup", Time since last: 2000322911 ns, Reaching safepoint: 129104 ns, At safepoint: 6695 ns, Total: 135799 ns
[2021-05-01T11:54:49.732+0000][7][safepoint   ] Safepoint "Cleanup", Time since last: 2000161869 ns, Reaching safepoint: 140178 ns, At safepoint: 6276 ns, Total: 146454 ns
[2021-05-01T11:54:50.732+0000][7][safepoint   ] Safepoint "Cleanup", Time since last: 1000199830 ns, Reaching safepoint: 128344 ns, At safepoint: 6312 ns, Total: 134656 ns
[2021-05-01T11:54:55.733+0000][7][safepoint   ] Safepoint "Cleanup", Time since last: 5000651796 ns, Reaching safepoint: 131933 ns, At safepoint: 6719 ns, Total: 138652 ns
[2021-05-01T11:55:05.735+0000][7][safepoint   ] Safepoint "Cleanup", Time since last: 10002155595 ns, Reaching safepoint: 79372 ns, At safepoint: 5230 ns, Total: 84602 ns
[2021-05-01T11:55:06.736+0000][7][safepoint   ] Safepoint "Cleanup", Time since last: 1000101599 ns, Reaching safepoint: 87801 ns, At safepoint: 5116 ns, Total: 92917 ns
[2021-05-01T11:55:08.736+0000][7][safepoint   ] Safepoint "Cleanup", Time since last: 2000530665 ns, Reaching safepoint: 155865 ns, At safepoint: 6787 ns, Total: 162652 ns
[2021-05-01T11:55:09.737+0000][7][safepoint   ] Safepoint "Cleanup", Time since last: 1000270892 ns, Reaching safepoint: 77125 ns, At safepoint: 5384 ns, Total: 82509 ns
[2021-05-01T11:55:11.737+0000][7][safepoint   ] Safepoint "Cleanup", Time since last: 2000209368 ns, Reaching safepoint: 110707 ns, At safepoint: 7225 ns, Total: 117932 ns
[2021-05-01T11:55:13.738+0000][7][safepoint   ] Safepoint "Cleanup", Time since last: 2000617841 ns, Reaching safepoint: 137509 ns, At safepoint: 6610 ns, Total: 144119 ns
[2021-05-01T11:55:19.739+0000][7][safepoint   ] Safepoint "Cleanup", Time since last: 6001380849 ns, Reaching safepoint: 150717 ns, At safepoint: 7600 ns, Total: 158317 ns
[2021-05-01T11:55:20.740+0000][7][safepoint   ] Safepoint "Cleanup", Time since last: 1000238542 ns, Reaching safepoint: 125728 ns, At safepoint: 6817 ns, Total: 132545 ns
[2021-05-01T11:55:25.741+0000][7][safepoint   ] Safepoint "Cleanup", Time since last: 5001073626 ns, Reaching safepoint: 99215 ns, At safepoint: 5362 ns, Total: 104577 ns
[2021-05-01T11:55:41.743+0000][7][safepoint   ] Safepoint "Cleanup", Time since last: 16002303382 ns, Reaching safepoint: 186740 ns, At safepoint: 7079 ns, Total: 193819 ns
[2021-05-01T11:55:42.744+0000][7][safepoint   ] Safepoint "Cleanup", Time since last: 1000428792 ns, Reaching safepoint: 95760 ns, At safepoint: 6042 ns, Total: 101802 ns
[2021-05-01T11:55:43.744+0000][7][safepoint   ] Safepoint "Cleanup", Time since last: 1000287484 ns, Reaching safepoint: 85592 ns, At safepoint: 5386 ns, Total: 90978 ns
[2021-05-01T11:56:01.748+0000][7][safepoint   ] Safepoint "Cleanup", Time since last: 18004010055 ns, Reaching safepoint: 111051 ns, At safepoint: 6904 ns, Total: 117955 ns
[2021-05-01T11:56:02.749+0000][7][safepoint   ] Safepoint "Cleanup", Time since last: 1000272146 ns, Reaching safepoint: 102694 ns, At safepoint: 5745 ns, Total: 108439 ns
[2021-05-01T11:56:05.749+0000][7][safepoint   ] Safepoint "Cleanup", Time since last: 3000612496 ns, Reaching safepoint: 83464 ns, At safepoint: 5922 ns, Total: 89386 ns
[2021-05-01T11:56:07.750+0000][7][safepoint   ] Safepoint "Cleanup", Time since last: 2000285027 ns, Reaching safepoint: 85988 ns, At safepoint: 5691 ns, Total: 91679 ns
[2021-05-01T11:56:08.750+0000][7][safepoint   ] Safepoint "Cleanup", Time since last: 1000235945 ns, Reaching safepoint: 118665 ns, At safepoint: 6617 ns, Total: 125282 ns
[2021-05-01T11:56:09.750+0000][7][safepoint   ] Safepoint "Cleanup", Time since last: 1000095772 ns, Reaching safepoint: 157481 ns, At safepoint: 10488 ns, Total: 167969 ns
[2021-05-01T11:56:10.751+0000][7][safepoint   ] Safepoint "Cleanup", Time since last: 1000148161 ns, Reaching safepoint: 100015 ns, At safepoint: 7554 ns, Total: 107569 ns
[2021-05-01T11:56:11.751+0000][7][safepoint   ] Safepoint "Cleanup", Time since last: 1000112414 ns, Reaching safepoint: 183806 ns, At safepoint: 8870 ns, Total: 192676 ns
[2021-05-01T11:56:14.752+0000][7][safepoint   ] Safepoint "Cleanup", Time since last: 3000488483 ns, Reaching safepoint: 80589 ns, At safepoint: 4800 ns, Total: 85389 ns
[2021-05-01T11:56:19.752+0000][7][safepoint   ] Safepoint "Cleanup", Time since last: 5000731788 ns, Reaching safepoint: 106026 ns, At safepoint: 7195 ns, Total: 113221 ns
[2021-05-01T11:56:24.753+0000][7][safepoint   ] Safepoint "Cleanup", Time since last: 5000764338 ns, Reaching safepoint: 143173 ns, At safepoint: 6179 ns, Total: 149352 ns
[2021-05-01T11:56:29.390+0000][7][gc,start    ] GC(44) Pause Young (Normal) (G1 Evacuation Pause)
[2021-05-01T11:56:29.390+0000][7][gc,task     ] GC(44) Using 6 workers of 8 for evacuation
[2021-05-01T11:56:29.390+0000][7][gc,age      ] GC(44) Desired survivor size 6291456 bytes, new threshold 15 (max threshold 15)
[2021-05-01T11:56:29.394+0000][7][gc,age      ] GC(44) Age table with threshold 15 (max threshold 15)
[2021-05-01T11:56:29.394+0000][7][gc,age      ] GC(44) - age   1:     533712 bytes,     533712 total
[2021-05-01T11:56:29.394+0000][7][gc,age      ] GC(44) - age   2:      15944 bytes,     549656 total
[2021-05-01T11:56:29.394+0000][7][gc,age      ] GC(44) - age   3:     292440 bytes,     842096 total
[2021-05-01T11:56:29.394+0000][7][gc,age      ] GC(44) - age   4:      24744 bytes,     866840 total
[2021-05-01T11:56:29.394+0000][7][gc,age      ] GC(44) - age   5:     727552 bytes,    1594392 total
[2021-05-01T11:56:29.394+0000][7][gc,age      ] GC(44) - age   6:     756480 bytes,    2350872 total
[2021-05-01T11:56:29.394+0000][7][gc,age      ] GC(44) - age   7:      24800 bytes,    2375672 total
[2021-05-01T11:56:29.394+0000][7][gc,age      ] GC(44) - age   8:     654560 bytes,    3030232 total
[2021-05-01T11:56:29.394+0000][7][gc,phases   ] GC(44)   Pre Evacuate Collection Set: 0.0ms
[2021-05-01T11:56:29.394+0000][7][gc,phases   ] GC(44)   Merge Heap Roots: 0.1ms
[2021-05-01T11:56:29.394+0000][7][gc,phases   ] GC(44)   Evacuate Collection Set: 3.0ms
[2021-05-01T11:56:29.394+0000][7][gc,phases   ] GC(44)   Post Evacuate Collection Set: 0.6ms
[2021-05-01T11:56:29.394+0000][7][gc,phases   ] GC(44)   Other: 0.2ms
[2021-05-01T11:56:29.394+0000][7][gc,heap     ] GC(44) Eden regions: 22->0(22)
[2021-05-01T11:56:29.394+0000][7][gc,heap     ] GC(44) Survivor regions: 1->1(3)
[2021-05-01T11:56:29.394+0000][7][gc,heap     ] GC(44) Old regions: 25->25
[2021-05-01T11:56:29.394+0000][7][gc,heap     ] GC(44) Archive regions: 2->2
[2021-05-01T11:56:29.394+0000][7][gc,heap     ] GC(44) Humongous regions: 2->2
[2021-05-01T11:56:29.394+0000][7][gc,metaspace] GC(44) Metaspace: 105036K(109444K)->105036K(109444K) NonClass: 91171K(94264K)->91171K(94264K) Class: 13865K(15180K)->13865K(15180K)
[2021-05-01T11:56:29.394+0000][7][gc          ] GC(44) Pause Young (Normal) (G1 Evacuation Pause) 201M->113M(256M) 3.949ms
[2021-05-01T11:56:29.394+0000][7][gc,cpu      ] GC(44) User=0.01s Sys=0.00s Real=0.00s
[2021-05-01T11:56:29.394+0000][7][safepoint   ] Safepoint "G1CollectForAllocation", Time since last: 4636592593 ns, Reaching safepoint: 183151 ns, At safepoint: 4012229 ns, Total: 4195380 ns
[2021-05-01T11:56:32.395+0000][7][safepoint   ] Safepoint "Cleanup", Time since last: 3000907325 ns, Reaching safepoint: 91840 ns, At safepoint: 5342 ns, Total: 97182 ns
[2021-05-01T11:56:33.395+0000][7][safepoint   ] Safepoint "Cleanup", Time since last: 1000186136 ns, Reaching safepoint: 93896 ns, At safepoint: 4836 ns, Total: 98732 ns
[2021-05-01T11:56:35.396+0000][7][safepoint   ] Safepoint "Cleanup", Time since last: 2000240778 ns, Reaching safepoint: 96446 ns, At safepoint: 5185 ns, Total: 101631 ns
[2021-05-01T11:56:37.396+0000][7][safepoint   ] Safepoint "Cleanup", Time since last: 2000161643 ns, Reaching safepoint: 115001 ns, At safepoint: 11184 ns, Total: 126185 ns
[2021-05-01T11:56:38.397+0000][7][safepoint   ] Safepoint "Cleanup", Time since last: 1000423873 ns, Reaching safepoint: 92972 ns, At safepoint: 5526 ns, Total: 98498 ns
[2021-05-01T11:56:41.397+0000][7][safepoint   ] Safepoint "Cleanup", Time since last: 3000448005 ns, Reaching safepoint: 204705 ns, At safepoint: 7137 ns, Total: 211842 ns
[2021-05-01T11:56:56.400+0000][7][safepoint   ] Safepoint "Cleanup", Time since last: 15002404787 ns, Reaching safepoint: 107612 ns, At safepoint: 5450 ns, Total: 113062 ns
[2021-05-01T11:56:59.400+0000][7][safepoint   ] Safepoint "Cleanup", Time since last: 3000567727 ns, Reaching safepoint: 100518 ns, At safepoint: 4172 ns, Total: 104690 ns
[2021-05-01T11:57:05.401+0000][7][safepoint   ] Safepoint "Cleanup", Time since last: 6000996229 ns, Reaching safepoint: 132719 ns, At safepoint: 6795 ns, Total: 139514 ns
[2021-05-01T11:57:06.402+0000][7][safepoint   ] Safepoint "Cleanup", Time since last: 1000140118 ns, Reaching safepoint: 71574 ns, At safepoint: 3755 ns, Total: 75329 ns
[2021-05-01T11:57:08.402+0000][7][safepoint   ] Safepoint "Cleanup", Time since last: 2000469058 ns, Reaching safepoint: 119570 ns, At safepoint: 7406 ns, Total: 126976 ns
[2021-05-01T11:57:09.403+0000][7][safepoint   ] Safepoint "Cleanup", Time since last: 1000352495 ns, Reaching safepoint: 101246 ns, At safepoint: 5168 ns, Total: 106414 ns
[2021-05-01T11:57:11.403+0000][7][safepoint   ] Safepoint "Cleanup", Time since last: 2000199312 ns, Reaching safepoint: 140993 ns, At safepoint: 6332 ns, Total: 147325 ns
[2021-05-01T11:57:15.404+0000][7][safepoint   ] Safepoint "Cleanup", Time since last: 4000442009 ns, Reaching safepoint: 87145 ns, At safepoint: 5518 ns, Total: 92663 ns
[2021-05-01T11:57:17.404+0000][7][safepoint   ] Safepoint "Cleanup", Time since last: 2000265932 ns, Reaching safepoint: 135995 ns, At safepoint: 7322 ns, Total: 143317 ns
[2021-05-01T11:57:29.407+0000][7][safepoint   ] Safepoint "Cleanup", Time since last: 12002529199 ns, Reaching safepoint: 105031 ns, At safepoint: 6035 ns, Total: 111066 ns
[2021-05-01T11:57:30.407+0000][7][safepoint   ] Safepoint "Cleanup", Time since last: 1000268718 ns, Reaching safepoint: 129966 ns, At safepoint: 6354 ns, Total: 136320 ns
[2021-05-01T11:57:35.408+0000][7][safepoint   ] Safepoint "Cleanup", Time since last: 5000491655 ns, Reaching safepoint: 146881 ns, At safepoint: 6354 ns, Total: 153235 ns
[2021-05-01T11:57:36.408+0000][7][safepoint   ] Safepoint "Cleanup", Time since last: 1000412143 ns, Reaching safepoint: 111974 ns, At safepoint: 6375 ns, Total: 118349 ns
[2021-05-01T11:57:41.409+0000][7][safepoint   ] Safepoint "Cleanup", Time since last: 5000405524 ns, Reaching safepoint: 85307 ns, At safepoint: 5014 ns, Total: 90321 ns
[2021-05-01T11:58:02.412+0000][7][safepoint   ] Safepoint "Cleanup", Time since last: 21003001190 ns, Reaching safepoint: 129670 ns, At safepoint: 8686 ns, Total: 138356 ns
[2021-05-01T11:58:07.413+0000][7][safepoint   ] Safepoint "Cleanup", Time since last: 5000755380 ns, Reaching safepoint: 96076 ns, At safepoint: 5847 ns, Total: 101923 ns
[2021-05-01T11:58:08.413+0000][7][safepoint   ] Safepoint "Cleanup", Time since last: 1000350370 ns, Reaching safepoint: 243632 ns, At safepoint: 7315 ns, Total: 250947 ns
[2021-05-01T11:58:11.414+0000][7][safepoint   ] Safepoint "Cleanup", Time since last: 3000716954 ns, Reaching safepoint: 114433 ns, At safepoint: 7084 ns, Total: 121517 ns
[2021-05-01T11:58:14.415+0000][7][safepoint   ] Safepoint "Cleanup", Time since last: 3000815786 ns, Reaching safepoint: 89979 ns, At safepoint: 6375 ns, Total: 96354 ns
[2021-05-01T11:58:22.416+0000][7][safepoint   ] Safepoint "Cleanup", Time since last: 8000907298 ns, Reaching safepoint: 79630 ns, At safepoint: 4053 ns, Total: 83683 ns
[2021-05-01T11:58:32.417+0000][7][safepoint   ] Safepoint "Cleanup", Time since last: 10000931288 ns, Reaching safepoint: 114501 ns, At safepoint: 7466 ns, Total: 121967 ns
[2021-05-01T11:58:36.418+0000][7][safepoint   ] Safepoint "Cleanup", Time since last: 4000847009 ns, Reaching safepoint: 121451 ns, At safepoint: 9610 ns, Total: 131061 ns
[2021-05-01T11:58:37.203+0000][7][gc,start    ] GC(45) Pause Young (Concurrent Start) (G1 Evacuation Pause)
[2021-05-01T11:58:37.203+0000][7][gc,task     ] GC(45) Using 6 workers of 8 for evacuation
[2021-05-01T11:58:37.203+0000][7][gc,age      ] GC(45) Desired survivor size 6291456 bytes, new threshold 15 (max threshold 15)
[2021-05-01T11:58:37.207+0000][7][gc,age      ] GC(45) Age table with threshold 15 (max threshold 15)
[2021-05-01T11:58:37.208+0000][7][gc,age      ] GC(45) - age   1:     528168 bytes,     528168 total
[2021-05-01T11:58:37.208+0000][7][gc,age      ] GC(45) - age   2:      25720 bytes,     553888 total
[2021-05-01T11:58:37.208+0000][7][gc,age      ] GC(45) - age   3:      11592 bytes,     565480 total
[2021-05-01T11:58:37.208+0000][7][gc,age      ] GC(45) - age   4:     212024 bytes,     777504 total
[2021-05-01T11:58:37.208+0000][7][gc,age      ] GC(45) - age   5:      24680 bytes,     802184 total
[2021-05-01T11:58:37.208+0000][7][gc,age      ] GC(45) - age   6:     727552 bytes,    1529736 total
[2021-05-01T11:58:37.208+0000][7][gc,age      ] GC(45) - age   7:     756480 bytes,    2286216 total
[2021-05-01T11:58:37.208+0000][7][gc,age      ] GC(45) - age   8:      24800 bytes,    2311016 total
[2021-05-01T11:58:37.208+0000][7][gc,age      ] GC(45) - age   9:     654560 bytes,    2965576 total
[2021-05-01T11:58:37.208+0000][7][gc,phases   ] GC(45)   Pre Evacuate Collection Set: 0.1ms
[2021-05-01T11:58:37.208+0000][7][gc,phases   ] GC(45)   Merge Heap Roots: 0.1ms
[2021-05-01T11:58:37.208+0000][7][gc,phases   ] GC(45)   Evacuate Collection Set: 3.5ms
[2021-05-01T11:58:37.208+0000][7][gc,phases   ] GC(45)   Post Evacuate Collection Set: 0.6ms
[2021-05-01T11:58:37.208+0000][7][gc,phases   ] GC(45)   Other: 0.2ms
[2021-05-01T11:58:37.208+0000][7][gc,heap     ] GC(45) Eden regions: 22->0(23)
[2021-05-01T11:58:37.208+0000][7][gc,heap     ] GC(45) Survivor regions: 1->1(3)
[2021-05-01T11:58:37.208+0000][7][gc,heap     ] GC(45) Old regions: 25->25
[2021-05-01T11:58:37.208+0000][7][gc,heap     ] GC(45) Archive regions: 2->2
[2021-05-01T11:58:37.208+0000][7][gc,heap     ] GC(45) Humongous regions: 2->2
[2021-05-01T11:58:37.208+0000][7][gc,metaspace] GC(45) Metaspace: 105278K(109700K)->105278K(109700K) NonClass: 91411K(94520K)->91411K(94520K) Class: 13867K(15180K)->13867K(15180K)
[2021-05-01T11:58:37.208+0000][7][gc          ] GC(45) Pause Young (Concurrent Start) (G1 Evacuation Pause) 201M->113M(256M) 4.535ms
[2021-05-01T11:58:37.208+0000][7][gc,cpu      ] GC(45) User=0.01s Sys=0.00s Real=0.01s
[2021-05-01T11:58:37.208+0000][7][gc          ] GC(46) Concurrent Cycle
[2021-05-01T11:58:37.208+0000][7][safepoint   ] Safepoint "G1CollectForAllocation", Time since last: 784838256 ns, Reaching safepoint: 115414 ns, At safepoint: 4606483 ns, Total: 4721897 ns
[2021-05-01T11:58:37.208+0000][7][gc,marking  ] GC(46) Concurrent Clear Claimed Marks
[2021-05-01T11:58:37.208+0000][7][gc,marking  ] GC(46) Concurrent Clear Claimed Marks 0.080ms
[2021-05-01T11:58:37.208+0000][7][gc,marking  ] GC(46) Concurrent Scan Root Regions
[2021-05-01T11:58:37.211+0000][7][gc,marking  ] GC(46) Concurrent Scan Root Regions 3.344ms
[2021-05-01T11:58:37.211+0000][7][gc,marking  ] GC(46) Concurrent Mark (1010.071s)
[2021-05-01T11:58:37.211+0000][7][gc,marking  ] GC(46) Concurrent Mark From Roots
[2021-05-01T11:58:37.211+0000][7][gc,task     ] GC(46) Using 2 workers of 2 for marking
[2021-05-01T11:58:37.316+0000][7][gc,marking  ] GC(46) Concurrent Mark From Roots 105.302ms
[2021-05-01T11:58:37.317+0000][7][gc,marking  ] GC(46) Concurrent Preclean
[2021-05-01T11:58:37.317+0000][7][gc,marking  ] GC(46) Concurrent Preclean 0.205ms
[2021-05-01T11:58:37.317+0000][7][gc,marking  ] GC(46) Concurrent Mark (1010.071s, 1010.177s) 105.554ms
[2021-05-01T11:58:37.317+0000][7][gc,start    ] GC(46) Pause Remark
[2021-05-01T11:58:37.321+0000][7][gc          ] GC(46) Pause Remark 114M->114M(256M) 4.563ms
[2021-05-01T11:58:37.322+0000][7][gc,cpu      ] GC(46) User=0.02s Sys=0.00s Real=0.00s
[2021-05-01T11:58:37.322+0000][7][safepoint   ] Safepoint "G1Concurrent", Time since last: 109059936 ns, Reaching safepoint: 132010 ns, At safepoint: 4649197 ns, Total: 4781207 ns
[2021-05-01T11:58:37.322+0000][7][gc,marking  ] GC(46) Concurrent Rebuild Remembered Sets
[2021-05-01T11:58:37.375+0000][7][gc,marking  ] GC(46) Concurrent Rebuild Remembered Sets 53.014ms
[2021-05-01T11:58:37.375+0000][7][gc,start    ] GC(46) Pause Cleanup
[2021-05-01T11:58:37.375+0000][7][gc          ] GC(46) Pause Cleanup 114M->114M(256M) 0.060ms
[2021-05-01T11:58:37.375+0000][7][gc,cpu      ] GC(46) User=0.00s Sys=0.00s Real=0.00s
[2021-05-01T11:58:37.375+0000][7][safepoint   ] Safepoint "G1Concurrent", Time since last: 53084890 ns, Reaching safepoint: 70863 ns, At safepoint: 96641 ns, Total: 167504 ns
[2021-05-01T11:58:37.375+0000][7][gc,marking  ] GC(46) Concurrent Cleanup for Next Mark
[2021-05-01T11:58:37.375+0000][7][gc,marking  ] GC(46) Concurrent Cleanup for Next Mark 0.148ms
[2021-05-01T11:58:37.375+0000][7][gc          ] GC(46) Concurrent Cycle 167.291ms
[2021-05-01T11:58:39.375+0000][7][safepoint   ] Safepoint "Cleanup", Time since last: 2000179444 ns, Reaching safepoint: 200533 ns, At safepoint: 8351 ns, Total: 208884 ns
[2021-05-01T11:58:41.375+0000][7][safepoint   ] Safepoint "Cleanup", Time since last: 2000159279 ns, Reaching safepoint: 80167 ns, At safepoint: 5469 ns, Total: 85636 ns
[2021-05-01T11:59:06.380+0000][7][safepoint   ] Safepoint "Cleanup", Time since last: 25004463969 ns, Reaching safepoint: 89758 ns, At safepoint: 5254 ns, Total: 95012 ns
[2021-05-01T11:59:07.380+0000][7][safepoint   ] Safepoint "Cleanup", Time since last: 1000091912 ns, Reaching safepoint: 93824 ns, At safepoint: 5037 ns, Total: 98861 ns
[2021-05-01T11:59:08.381+0000][7][safepoint   ] Safepoint "Cleanup", Time since last: 1000408900 ns, Reaching safepoint: 96147 ns, At safepoint: 4812 ns, Total: 100959 ns
[2021-05-01T11:59:10.381+0000][7][safepoint   ] Safepoint "Cleanup", Time since last: 2000308689 ns, Reaching safepoint: 95768 ns, At safepoint: 4272 ns, Total: 100040 ns
[2021-05-01T11:59:11.382+0000][7][safepoint   ] Safepoint "Cleanup", Time since last: 1000270842 ns, Reaching safepoint: 134267 ns, At safepoint: 6397 ns, Total: 140664 ns
[2021-05-01T11:59:17.833+0000][7][safepoint   ] Safepoint "Cleanup", Time since last: 6451188657 ns, Reaching safepoint: 106924 ns, At safepoint: 5836 ns, Total: 112760 ns
[2021-05-01T11:59:19.833+0000][7][safepoint   ] Safepoint "Cleanup", Time since last: 2000315423 ns, Reaching safepoint: 87264 ns, At safepoint: 6715 ns, Total: 93979 ns
[2021-05-01T11:59:35.836+0000][7][safepoint   ] Safepoint "Cleanup", Time since last: 16002462912 ns, Reaching safepoint: 66173 ns, At safepoint: 5168 ns, Total: 71341 ns
[2021-05-01T11:59:36.836+0000][7][safepoint   ] Safepoint "Cleanup", Time since last: 1000251522 ns, Reaching safepoint: 96030 ns, At safepoint: 4401 ns, Total: 100431 ns
[2021-05-01T11:59:37.837+0000][7][safepoint   ] Safepoint "Cleanup", Time since last: 1000384025 ns, Reaching safepoint: 157007 ns, At safepoint: 6142 ns, Total: 163149 ns
[2021-05-01T11:59:40.837+0000][7][safepoint   ] Safepoint "Cleanup", Time since last: 3000560068 ns, Reaching safepoint: 104181 ns, At safepoint: 3720 ns, Total: 107901 ns
[2021-05-01T11:59:41.838+0000][7][safepoint   ] Safepoint "Cleanup", Time since last: 1000260744 ns, Reaching safepoint: 147878 ns, At safepoint: 5741 ns, Total: 153619 ns
[2021-05-01T11:59:49.839+0000][7][safepoint   ] Safepoint "Cleanup", Time since last: 8001492118 ns, Reaching safepoint: 125308 ns, At safepoint: 5994 ns, Total: 131302 ns
[2021-05-01T12:00:08.842+0000][7][safepoint   ] Safepoint "Cleanup", Time since last: 19002983431 ns, Reaching safepoint: 100725 ns, At safepoint: 5860 ns, Total: 106585 ns
[2021-05-01T12:00:11.843+0000][7][safepoint   ] Safepoint "Cleanup", Time since last: 3000776568 ns, Reaching safepoint: 96583 ns, At safepoint: 5281 ns, Total: 101864 ns
[2021-05-01T12:00:14.844+0000][7][safepoint   ] Safepoint "Cleanup", Time since last: 3000554157 ns, Reaching safepoint: 128865 ns, At safepoint: 7455 ns, Total: 136320 ns
[2021-05-01T12:00:38.849+0000][7][safepoint   ] Safepoint "Cleanup", Time since last: 24004567306 ns, Reaching safepoint: 94007 ns, At safepoint: 5388 ns, Total: 99395 ns
[2021-05-01T12:00:39.849+0000][7][safepoint   ] Safepoint "Cleanup", Time since last: 1000544048 ns, Reaching safepoint: 94763 ns, At safepoint: 5429 ns, Total: 100192 ns
[2021-05-01T12:00:41.850+0000][7][safepoint   ] Safepoint "Cleanup", Time since last: 2000672697 ns, Reaching safepoint: 92964 ns, At safepoint: 5385 ns, Total: 98349 ns
[2021-05-01T12:00:42.851+0000][7][safepoint   ] Safepoint "Cleanup", Time since last: 1000560468 ns, Reaching safepoint: 94921 ns, At safepoint: 5354 ns, Total: 100275 ns
[2021-05-01T12:00:53.852+0000][7][safepoint   ] Safepoint "Cleanup", Time since last: 11001292612 ns, Reaching safepoint: 137146 ns, At safepoint: 6434 ns, Total: 143580 ns
[2021-05-01T12:00:59.853+0000][7][safepoint   ] Safepoint "Cleanup", Time since last: 6001030861 ns, Reaching safepoint: 128985 ns, At safepoint: 5179 ns, Total: 134164 ns
[2021-05-01T12:01:02.099+0000][7][gc,start    ] GC(47) Pause Young (Normal) (G1 Evacuation Pause)
[2021-05-01T12:01:02.099+0000][7][gc,task     ] GC(47) Using 6 workers of 8 for evacuation
[2021-05-01T12:01:02.099+0000][7][gc,age      ] GC(47) Desired survivor size 6291456 bytes, new threshold 15 (max threshold 15)
[2021-05-01T12:01:02.103+0000][7][gc,age      ] GC(47) Age table with threshold 15 (max threshold 15)
[2021-05-01T12:01:02.103+0000][7][gc,age      ] GC(47) - age   1:     523160 bytes,     523160 total
[2021-05-01T12:01:02.103+0000][7][gc,age      ] GC(47) - age   2:      14120 bytes,     537280 total
[2021-05-01T12:01:02.103+0000][7][gc,age      ] GC(47) - age   3:      25720 bytes,     563000 total
[2021-05-01T12:01:02.103+0000][7][gc,age      ] GC(47) - age   4:      11568 bytes,     574568 total
[2021-05-01T12:01:02.103+0000][7][gc,age      ] GC(47) - age   5:     211832 bytes,     786400 total
[2021-05-01T12:01:02.103+0000][7][gc,age      ] GC(47) - age   6:      24680 bytes,     811080 total
[2021-05-01T12:01:02.103+0000][7][gc,age      ] GC(47) - age   7:     727312 bytes,    1538392 total
[2021-05-01T12:01:02.103+0000][7][gc,age      ] GC(47) - age   8:     756480 bytes,    2294872 total
[2021-05-01T12:01:02.103+0000][7][gc,age      ] GC(47) - age   9:      24800 bytes,    2319672 total
[2021-05-01T12:01:02.103+0000][7][gc,age      ] GC(47) - age  10:     654560 bytes,    2974232 total
[2021-05-01T12:01:02.103+0000][7][gc,phases   ] GC(47)   Pre Evacuate Collection Set: 0.1ms
[2021-05-01T12:01:02.103+0000][7][gc,phases   ] GC(47)   Merge Heap Roots: 0.1ms
[2021-05-01T12:01:02.103+0000][7][gc,phases   ] GC(47)   Evacuate Collection Set: 3.6ms
[2021-05-01T12:01:02.103+0000][7][gc,phases   ] GC(47)   Post Evacuate Collection Set: 0.5ms
[2021-05-01T12:01:02.103+0000][7][gc,phases   ] GC(47)   Other: 0.2ms
[2021-05-01T12:01:02.103+0000][7][gc,heap     ] GC(47) Eden regions: 23->0(23)
[2021-05-01T12:01:02.103+0000][7][gc,heap     ] GC(47) Survivor regions: 1->1(3)
[2021-05-01T12:01:02.103+0000][7][gc,heap     ] GC(47) Old regions: 25->25
[2021-05-01T12:01:02.103+0000][7][gc,heap     ] GC(47) Archive regions: 2->2
[2021-05-01T12:01:02.103+0000][7][gc,heap     ] GC(47) Humongous regions: 2->2
[2021-05-01T12:01:02.103+0000][7][gc,metaspace] GC(47) Metaspace: 105366K(109700K)->105366K(109700K) NonClass: 91499K(94520K)->91499K(94520K) Class: 13867K(15180K)->13867K(15180K)
[2021-05-01T12:01:02.103+0000][7][gc          ] GC(47) Pause Young (Normal) (G1 Evacuation Pause) 205M->113M(256M) 4.464ms
[2021-05-01T12:01:02.103+0000][7][gc,cpu      ] GC(47) User=0.01s Sys=0.00s Real=0.00s
[2021-05-01T12:01:02.103+0000][7][safepoint   ] Safepoint "G1CollectForAllocation", Time since last: 2245303041 ns, Reaching safepoint: 185960 ns, At safepoint: 4527624 ns, Total: 4713584 ns
[2021-05-01T12:01:03.104+0000][7][safepoint   ] Safepoint "Cleanup", Time since last: 1000168012 ns, Reaching safepoint: 208918 ns, At safepoint: 10653 ns, Total: 219571 ns
[2021-05-01T12:01:06.104+0000][7][safepoint   ] Safepoint "Cleanup", Time since last: 3000479579 ns, Reaching safepoint: 117873 ns, At safepoint: 7115 ns, Total: 124988 ns
[2021-05-01T12:01:09.105+0000][7][safepoint   ] Safepoint "Cleanup", Time since last: 3000722000 ns, Reaching safepoint: 142321 ns, At safepoint: 6842 ns, Total: 149163 ns
[2021-05-01T12:01:10.106+0000][7][safepoint   ] Safepoint "Cleanup", Time since last: 1000263367 ns, Reaching safepoint: 82770 ns, At safepoint: 4661 ns, Total: 87431 ns
[2021-05-01T12:01:12.106+0000][7][safepoint   ] Safepoint "Cleanup", Time since last: 2000322420 ns, Reaching safepoint: 139202 ns, At safepoint: 8008 ns, Total: 147210 ns
[2021-05-01T12:01:13.106+0000][7][safepoint   ] Safepoint "Cleanup", Time since last: 1000276605 ns, Reaching safepoint: 116972 ns, At safepoint: 7512 ns, Total: 124484 ns
[2021-05-01T12:01:20.108+0000][7][safepoint   ] Safepoint "Cleanup", Time since last: 7001102063 ns, Reaching safepoint: 122656 ns, At safepoint: 6678 ns, Total: 129334 ns
[2021-05-01T12:01:25.109+0000][7][safepoint   ] Safepoint "Cleanup", Time since last: 5000728102 ns, Reaching safepoint: 124207 ns, At safepoint: 4503 ns, Total: 128710 ns
[2021-05-01T12:01:36.110+0000][7][safepoint   ] Safepoint "Cleanup", Time since last: 11001536597 ns, Reaching safepoint: 76664 ns, At safepoint: 5172 ns, Total: 81836 ns
[2021-05-01T12:01:39.111+0000][7][safepoint   ] Safepoint "Cleanup", Time since last: 3000502314 ns, Reaching safepoint: 98748 ns, At safepoint: 7013 ns, Total: 105761 ns
[2021-05-01T12:01:42.111+0000][7][safepoint   ] Safepoint "Cleanup", Time since last: 3000427055 ns, Reaching safepoint: 142693 ns, At safepoint: 6715 ns, Total: 149408 ns
[2021-05-01T12:01:50.113+0000][7][safepoint   ] Safepoint "Cleanup", Time since last: 8001951067 ns, Reaching safepoint: 163738 ns, At safepoint: 6410 ns, Total: 170148 ns
[2021-05-01T12:02:02.116+0000][7][safepoint   ] Safepoint "Cleanup", Time since last: 12002208343 ns, Reaching safepoint: 150045 ns, At safepoint: 7233 ns, Total: 157278 ns
[2021-05-01T12:02:06.117+0000][7][safepoint   ] Safepoint "Cleanup", Time since last: 4000860142 ns, Reaching safepoint: 243911 ns, At safepoint: 6612 ns, Total: 250523 ns
[2021-05-01T12:02:07.117+0000][7][safepoint   ] Safepoint "Cleanup", Time since last: 1000140303 ns, Reaching safepoint: 90552 ns, At safepoint: 4976 ns, Total: 95528 ns
[2021-05-01T12:02:08.118+0000][7][safepoint   ] Safepoint "Cleanup", Time since last: 1000195143 ns, Reaching safepoint: 141817 ns, At safepoint: 6485 ns, Total: 148302 ns
[2021-05-01T12:02:09.118+0000][7][safepoint   ] Safepoint "Cleanup", Time since last: 1000228960 ns, Reaching safepoint: 83610 ns, At safepoint: 3971 ns, Total: 87581 ns
[2021-05-01T12:02:11.118+0000][7][safepoint   ] Safepoint "Cleanup", Time since last: 2000371614 ns, Reaching safepoint: 105018 ns, At safepoint: 5412 ns, Total: 110430 ns
[2021-05-01T12:02:12.119+0000][7][safepoint   ] Safepoint "Cleanup", Time since last: 1000346878 ns, Reaching safepoint: 87617 ns, At safepoint: 5857 ns, Total: 93474 ns
[2021-05-01T12:02:13.119+0000][7][safepoint   ] Safepoint "Cleanup", Time since last: 1000275363 ns, Reaching safepoint: 126130 ns, At safepoint: 7186 ns, Total: 133316 ns
[2021-05-01T12:02:14.120+0000][7][safepoint   ] Safepoint "Cleanup", Time since last: 1000264975 ns, Reaching safepoint: 116432 ns, At safepoint: 5979 ns, Total: 122411 ns
[2021-05-01T12:02:39.124+0000][7][safepoint   ] Safepoint "Cleanup", Time since last: 25004821671 ns, Reaching safepoint: 94362 ns, At safepoint: 5798 ns, Total: 100160 ns
[2021-05-01T12:02:40.952+0000][7][gc,start    ] GC(48) Pause Young (Concurrent Start) (G1 Evacuation Pause)
[2021-05-01T12:02:40.952+0000][7][gc,task     ] GC(48) Using 6 workers of 8 for evacuation
[2021-05-01T12:02:40.952+0000][7][gc,age      ] GC(48) Desired survivor size 6291456 bytes, new threshold 15 (max threshold 15)
[2021-05-01T12:02:40.956+0000][7][gc,age      ] GC(48) Age table with threshold 15 (max threshold 15)
[2021-05-01T12:02:40.956+0000][7][gc,age      ] GC(48) - age   1:     765200 bytes,     765200 total
[2021-05-01T12:02:40.956+0000][7][gc,age      ] GC(48) - age   2:       4896 bytes,     770096 total
[2021-05-01T12:02:40.956+0000][7][gc,age      ] GC(48) - age   3:      10664 bytes,     780760 total
[2021-05-01T12:02:40.956+0000][7][gc,age      ] GC(48) - age   4:      25520 bytes,     806280 total
[2021-05-01T12:02:40.956+0000][7][gc,age      ] GC(48) - age   5:       8312 bytes,     814592 total
[2021-05-01T12:02:40.956+0000][7][gc,age      ] GC(48) - age   6:      95688 bytes,     910280 total
[2021-05-01T12:02:40.956+0000][7][gc,age      ] GC(48) - age   7:      24576 bytes,     934856 total
[2021-05-01T12:02:40.956+0000][7][gc,age      ] GC(48) - age   8:     727312 bytes,    1662168 total
[2021-05-01T12:02:40.956+0000][7][gc,age      ] GC(48) - age   9:     756480 bytes,    2418648 total
[2021-05-01T12:02:40.956+0000][7][gc,age      ] GC(48) - age  10:      24800 bytes,    2443448 total
[2021-05-01T12:02:40.956+0000][7][gc,age      ] GC(48) - age  11:     654464 bytes,    3097912 total
[2021-05-01T12:02:40.956+0000][7][gc,phases   ] GC(48)   Pre Evacuate Collection Set: 0.1ms
[2021-05-01T12:02:40.956+0000][7][gc,phases   ] GC(48)   Merge Heap Roots: 0.1ms
[2021-05-01T12:02:40.956+0000][7][gc,phases   ] GC(48)   Evacuate Collection Set: 3.3ms
[2021-05-01T12:02:40.956+0000][7][gc,phases   ] GC(48)   Post Evacuate Collection Set: 0.7ms
[2021-05-01T12:02:40.956+0000][7][gc,phases   ] GC(48)   Other: 0.2ms
[2021-05-01T12:02:40.956+0000][7][gc,heap     ] GC(48) Eden regions: 23->0(23)
[2021-05-01T12:02:40.956+0000][7][gc,heap     ] GC(48) Survivor regions: 1->1(3)
[2021-05-01T12:02:40.956+0000][7][gc,heap     ] GC(48) Old regions: 25->25
[2021-05-01T12:02:40.956+0000][7][gc,heap     ] GC(48) Archive regions: 2->2
[2021-05-01T12:02:40.956+0000][7][gc,heap     ] GC(48) Humongous regions: 2->2
[2021-05-01T12:02:40.956+0000][7][gc,metaspace] GC(48) Metaspace: 105731K(109956K)->105731K(109956K) NonClass: 91845K(94776K)->91845K(94776K) Class: 13886K(15180K)->13886K(15180K)
[2021-05-01T12:02:40.956+0000][7][gc          ] GC(48) Pause Young (Concurrent Start) (G1 Evacuation Pause) 205M->113M(256M) 4.467ms
[2021-05-01T12:02:40.956+0000][7][gc,cpu      ] GC(48) User=0.02s Sys=0.00s Real=0.01s
[2021-05-01T12:02:40.956+0000][7][safepoint   ] Safepoint "G1CollectForAllocation", Time since last: 1827024882 ns, Reaching safepoint: 93069 ns, At safepoint: 4540719 ns, Total: 4633788 ns
[2021-05-01T12:02:40.956+0000][7][gc          ] GC(49) Concurrent Cycle
[2021-05-01T12:02:40.956+0000][7][gc,marking  ] GC(49) Concurrent Clear Claimed Marks
[2021-05-01T12:02:40.956+0000][7][gc,marking  ] GC(49) Concurrent Clear Claimed Marks 0.113ms
[2021-05-01T12:02:40.956+0000][7][gc,marking  ] GC(49) Concurrent Scan Root Regions
[2021-05-01T12:02:40.959+0000][7][gc,marking  ] GC(49) Concurrent Scan Root Regions 2.916ms
[2021-05-01T12:02:40.959+0000][7][gc,marking  ] GC(49) Concurrent Mark (1253.819s)
[2021-05-01T12:02:40.959+0000][7][gc,marking  ] GC(49) Concurrent Mark From Roots
[2021-05-01T12:02:40.959+0000][7][gc,task     ] GC(49) Using 2 workers of 2 for marking
[2021-05-01T12:02:41.043+0000][7][gc,marking  ] GC(49) Concurrent Mark From Roots 83.661ms
[2021-05-01T12:02:41.043+0000][7][gc,marking  ] GC(49) Concurrent Preclean
[2021-05-01T12:02:41.043+0000][7][gc,marking  ] GC(49) Concurrent Preclean 0.254ms
[2021-05-01T12:02:41.043+0000][7][gc,marking  ] GC(49) Concurrent Mark (1253.819s, 1253.903s) 83.972ms
[2021-05-01T12:02:41.043+0000][7][gc,start    ] GC(49) Pause Remark
[2021-05-01T12:02:41.048+0000][7][gc          ] GC(49) Pause Remark 113M->113M(256M) 4.789ms
[2021-05-01T12:02:41.048+0000][7][gc,cpu      ] GC(49) User=0.02s Sys=0.00s Real=0.01s
[2021-05-01T12:02:41.048+0000][7][safepoint   ] Safepoint "G1Concurrent", Time since last: 87109636 ns, Reaching safepoint: 69524 ns, At safepoint: 4863532 ns, Total: 4933056 ns
[2021-05-01T12:02:41.048+0000][7][gc,marking  ] GC(49) Concurrent Rebuild Remembered Sets
[2021-05-01T12:02:41.103+0000][7][gc,marking  ] GC(49) Concurrent Rebuild Remembered Sets 54.423ms
[2021-05-01T12:02:41.103+0000][7][gc,start    ] GC(49) Pause Cleanup
[2021-05-01T12:02:41.103+0000][7][gc          ] GC(49) Pause Cleanup 113M->113M(256M) 0.055ms
[2021-05-01T12:02:41.103+0000][7][gc,cpu      ] GC(49) User=0.00s Sys=0.00s Real=0.00s
[2021-05-01T12:02:41.103+0000][7][safepoint   ] Safepoint "G1Concurrent", Time since last: 54487756 ns, Reaching safepoint: 74096 ns, At safepoint: 103542 ns, Total: 177638 ns
[2021-05-01T12:02:41.103+0000][7][gc,marking  ] GC(49) Concurrent Cleanup for Next Mark
[2021-05-01T12:02:41.103+0000][7][gc,marking  ] GC(49) Concurrent Cleanup for Next Mark 0.134ms
[2021-05-01T12:02:41.103+0000][7][gc          ] GC(49) Concurrent Cycle 146.857ms
[2021-05-01T12:02:42.103+0000][7][safepoint   ] Safepoint "Cleanup", Time since last: 1000076848 ns, Reaching safepoint: 121180 ns, At safepoint: 6575 ns, Total: 127755 ns
[2021-05-01T12:02:56.106+0000][7][safepoint   ] Safepoint "Cleanup", Time since last: 14002922065 ns, Reaching safepoint: 115610 ns, At safepoint: 7188 ns, Total: 122798 ns
[2021-05-01T12:03:06.108+0000][7][safepoint   ] Safepoint "Cleanup", Time since last: 10001786867 ns, Reaching safepoint: 105506 ns, At safepoint: 6106 ns, Total: 111612 ns
[2021-05-01T12:03:09.109+0000][7][safepoint   ] Safepoint "Cleanup", Time since last: 3000530477 ns, Reaching safepoint: 88307 ns, At safepoint: 5447 ns, Total: 93754 ns
[2021-05-01T12:03:12.110+0000][7][safepoint   ] Safepoint "Cleanup", Time since last: 3000746501 ns, Reaching safepoint: 195443 ns, At safepoint: 9223 ns, Total: 204666 ns
[2021-05-01T12:03:14.110+0000][7][safepoint   ] Safepoint "Cleanup", Time since last: 2000230795 ns, Reaching safepoint: 118520 ns, At safepoint: 5494 ns, Total: 124014 ns
[2021-05-01T12:03:20.111+0000][7][safepoint   ] Safepoint "Cleanup", Time since last: 6001179821 ns, Reaching safepoint: 103219 ns, At safepoint: 5834 ns, Total: 109053 ns
[2021-05-01T12:03:26.112+0000][7][safepoint   ] Safepoint "Cleanup", Time since last: 6000828190 ns, Reaching safepoint: 97748 ns, At safepoint: 7054 ns, Total: 104802 ns
[2021-05-01T12:03:37.114+0000][7][safepoint   ] Safepoint "Cleanup", Time since last: 11002060169 ns, Reaching safepoint: 91267 ns, At safepoint: 6733 ns, Total: 98000 ns
[2021-05-01T12:03:42.115+0000][7][safepoint   ] Safepoint "Cleanup", Time since last: 5000883508 ns, Reaching safepoint: 134535 ns, At safepoint: 7380 ns, Total: 141915 ns
[2021-05-01T12:03:43.116+0000][7][safepoint   ] Safepoint "Cleanup", Time since last: 1000164386 ns, Reaching safepoint: 115325 ns, At safepoint: 7837 ns, Total: 123162 ns
[2021-05-01T12:03:48.117+0000][7][safepoint   ] Safepoint "Cleanup", Time since last: 5000791948 ns, Reaching safepoint: 81164 ns, At safepoint: 5973 ns, Total: 87137 ns
[2021-05-01T12:03:50.117+0000][7][safepoint   ] Safepoint "Cleanup", Time since last: 2000192866 ns, Reaching safepoint: 86286 ns, At safepoint: 5553 ns, Total: 91839 ns
[2021-05-01T12:04:00.118+0000][7][safepoint   ] Safepoint "Cleanup", Time since last: 10001148947 ns, Reaching safepoint: 101170 ns, At safepoint: 6768 ns, Total: 107938 ns
[2021-05-01T12:04:02.119+0000][7][safepoint   ] Safepoint "Cleanup", Time since last: 2000415299 ns, Reaching safepoint: 155300 ns, At safepoint: 5627 ns, Total: 160927 ns
[2021-05-01T12:04:09.120+0000][7][safepoint   ] Safepoint "Cleanup", Time since last: 7001171004 ns, Reaching safepoint: 107119 ns, At safepoint: 6040 ns, Total: 113159 ns
[2021-05-01T12:04:12.121+0000][7][safepoint   ] Safepoint "Cleanup", Time since last: 3000528085 ns, Reaching safepoint: 135599 ns, At safepoint: 6563 ns, Total: 142162 ns
[2021-05-01T12:04:20.123+0000][7][safepoint   ] Safepoint "Cleanup", Time since last: 8002501918 ns, Reaching safepoint: 117712 ns, At safepoint: 5879 ns, Total: 123591 ns
[2021-05-01T12:04:36.127+0000][7][safepoint   ] Safepoint "Cleanup", Time since last: 16003886554 ns, Reaching safepoint: 181090 ns, At safepoint: 7338 ns, Total: 188428 ns
[2021-05-01T12:04:39.128+0000][7][safepoint   ] Safepoint "Cleanup", Time since last: 3000592518 ns, Reaching safepoint: 106179 ns, At safepoint: 5407 ns, Total: 111586 ns
[2021-05-01T12:04:41.129+0000][7][safepoint   ] Safepoint "Cleanup", Time since last: 2000483412 ns, Reaching safepoint: 102165 ns, At safepoint: 6733 ns, Total: 108898 ns
[2021-05-01T12:04:42.129+0000][7][safepoint   ] Safepoint "Cleanup", Time since last: 1000416972 ns, Reaching safepoint: 139246 ns, At safepoint: 7340 ns, Total: 146586 ns
[2021-05-01T12:04:53.131+0000][7][safepoint   ] Safepoint "Cleanup", Time since last: 11002214859 ns, Reaching safepoint: 112853 ns, At safepoint: 5421 ns, Total: 118274 ns
[2021-05-01T12:04:59.133+0000][7][safepoint   ] Safepoint "Cleanup", Time since last: 6001313681 ns, Reaching safepoint: 129705 ns, At safepoint: 5906 ns, Total: 135611 ns
[2021-05-01T12:05:00.133+0000][7][safepoint   ] Safepoint "Cleanup", Time since last: 1000107129 ns, Reaching safepoint: 92955 ns, At safepoint: 5789 ns, Total: 98744 ns
[2021-05-01T12:05:05.467+0000][7][gc,start    ] GC(50) Pause Young (Normal) (G1 Evacuation Pause)
[2021-05-01T12:05:05.467+0000][7][gc,task     ] GC(50) Using 6 workers of 8 for evacuation
[2021-05-01T12:05:05.467+0000][7][gc,age      ] GC(50) Desired survivor size 6291456 bytes, new threshold 15 (max threshold 15)
[2021-05-01T12:05:05.472+0000][7][gc,age      ] GC(50) Age table with threshold 15 (max threshold 15)
[2021-05-01T12:05:05.472+0000][7][gc,age      ] GC(50) - age   1:     513136 bytes,     513136 total
[2021-05-01T12:05:05.472+0000][7][gc,age      ] GC(50) - age   2:     399040 bytes,     912176 total
[2021-05-01T12:05:05.472+0000][7][gc,age      ] GC(50) - age   3:       4584 bytes,     916760 total
[2021-05-01T12:05:05.472+0000][7][gc,age      ] GC(50) - age   4:      10664 bytes,     927424 total
[2021-05-01T12:05:05.472+0000][7][gc,age      ] GC(50) - age   5:      25520 bytes,     952944 total
[2021-05-01T12:05:05.472+0000][7][gc,age      ] GC(50) - age   6:       8072 bytes,     961016 total
[2021-05-01T12:05:05.472+0000][7][gc,age      ] GC(50) - age   7:      95688 bytes,    1056704 total
[2021-05-01T12:05:05.472+0000][7][gc,age      ] GC(50) - age   8:      24576 bytes,    1081280 total
[2021-05-01T12:05:05.472+0000][7][gc,age      ] GC(50) - age   9:     727312 bytes,    1808592 total
[2021-05-01T12:05:05.472+0000][7][gc,age      ] GC(50) - age  10:     756480 bytes,    2565072 total
[2021-05-01T12:05:05.472+0000][7][gc,age      ] GC(50) - age  11:      24800 bytes,    2589872 total
[2021-05-01T12:05:05.472+0000][7][gc,age      ] GC(50) - age  12:     654424 bytes,    3244296 total
[2021-05-01T12:05:05.472+0000][7][gc,phases   ] GC(50)   Pre Evacuate Collection Set: 0.0ms
[2021-05-01T12:05:05.472+0000][7][gc,phases   ] GC(50)   Merge Heap Roots: 0.1ms
[2021-05-01T12:05:05.472+0000][7][gc,phases   ] GC(50)   Evacuate Collection Set: 3.4ms
[2021-05-01T12:05:05.472+0000][7][gc,phases   ] GC(50)   Post Evacuate Collection Set: 0.6ms
[2021-05-01T12:05:05.472+0000][7][gc,phases   ] GC(50)   Other: 0.2ms
[2021-05-01T12:05:05.472+0000][7][gc,heap     ] GC(50) Eden regions: 23->0(23)
[2021-05-01T12:05:05.472+0000][7][gc,heap     ] GC(50) Survivor regions: 1->1(3)
[2021-05-01T12:05:05.472+0000][7][gc,heap     ] GC(50) Old regions: 25->25
[2021-05-01T12:05:05.472+0000][7][gc,heap     ] GC(50) Archive regions: 2->2
[2021-05-01T12:05:05.472+0000][7][gc,heap     ] GC(50) Humongous regions: 2->2
[2021-05-01T12:05:05.472+0000][7][gc,metaspace] GC(50) Metaspace: 105816K(110212K)->105816K(110212K) NonClass: 91929K(95032K)->91929K(95032K) Class: 13886K(15180K)->13886K(15180K)
[2021-05-01T12:05:05.472+0000][7][gc          ] GC(50) Pause Young (Normal) (G1 Evacuation Pause) 205M->114M(256M) 4.344ms
[2021-05-01T12:05:05.472+0000][7][gc,cpu      ] GC(50) User=0.02s Sys=0.00s Real=0.00s
[2021-05-01T12:05:05.472+0000][7][safepoint   ] Safepoint "G1CollectForAllocation", Time since last: 5334168427 ns, Reaching safepoint: 102633 ns, At safepoint: 4407521 ns, Total: 4510154 ns
[2021-05-01T12:05:07.472+0000][7][safepoint   ] Safepoint "Cleanup", Time since last: 2000569874 ns, Reaching safepoint: 108972 ns, At safepoint: 6726 ns, Total: 115698 ns
[2021-05-01T12:05:08.473+0000][7][safepoint   ] Safepoint "Cleanup", Time since last: 1000540708 ns, Reaching safepoint: 212861 ns, At safepoint: 7169 ns, Total: 220030 ns
[2021-05-01T12:05:10.474+0000][7][safepoint   ] Safepoint "Cleanup", Time since last: 2000928434 ns, Reaching safepoint: 113447 ns, At safepoint: 6468 ns, Total: 119915 ns
[2021-05-01T12:05:11.475+0000][7][safepoint   ] Safepoint "Cleanup", Time since last: 1000491285 ns, Reaching safepoint: 123536 ns, At safepoint: 7903 ns, Total: 131439 ns
[2021-05-01T12:05:26.480+0000][7][safepoint   ] Safepoint "Cleanup", Time since last: 15004795869 ns, Reaching safepoint: 189784 ns, At safepoint: 6925 ns, Total: 196709 ns
[2021-05-01T12:05:38.482+0000][7][safepoint   ] Safepoint "Cleanup", Time since last: 12002439471 ns, Reaching safepoint: 87444 ns, At safepoint: 5293 ns, Total: 92737 ns
[2021-05-01T12:05:41.483+0000][7][safepoint   ] Safepoint "Cleanup", Time since last: 3000669142 ns, Reaching safepoint: 107383 ns, At safepoint: 6989 ns, Total: 114372 ns
[2021-05-01T12:05:42.484+0000][7][safepoint   ] Safepoint "Cleanup", Time since last: 1000239419 ns, Reaching safepoint: 99323 ns, At safepoint: 5571 ns, Total: 104894 ns
[2021-05-01T12:05:44.484+0000][7][safepoint   ] Safepoint "Cleanup", Time since last: 2000280380 ns, Reaching safepoint: 170652 ns, At safepoint: 6492 ns, Total: 177144 ns
[2021-05-01T12:05:45.485+0000][7][safepoint   ] Safepoint "Cleanup", Time since last: 1000434660 ns, Reaching safepoint: 109928 ns, At safepoint: 5518 ns, Total: 115446 ns
[2021-05-01T12:06:05.492+0000][7][safepoint   ] Safepoint "Cleanup", Time since last: 20007038723 ns, Reaching safepoint: 132824 ns, At safepoint: 5495 ns, Total: 138319 ns
[2021-05-01T12:06:08.493+0000][7][safepoint   ] Safepoint "Cleanup", Time since last: 3001112427 ns, Reaching safepoint: 115013 ns, At safepoint: 6258 ns, Total: 121271 ns
[2021-05-01T12:06:11.494+0000][7][safepoint   ] Safepoint "Cleanup", Time since last: 3001249381 ns, Reaching safepoint: 96796 ns, At safepoint: 6313 ns, Total: 103109 ns
[2021-05-01T12:06:27.499+0000][7][safepoint   ] Safepoint "Cleanup", Time since last: 16004570862 ns, Reaching safepoint: 84289 ns, At safepoint: 7046 ns, Total: 91335 ns
[2021-05-01T12:06:36.501+0000][7][safepoint   ] Safepoint "Cleanup", Time since last: 9002262070 ns, Reaching safepoint: 101907 ns, At safepoint: 5723 ns, Total: 107630 ns
[2021-05-01T12:06:38.502+0000][7][safepoint   ] Safepoint "Cleanup", Time since last: 2000785371 ns, Reaching safepoint: 153877 ns, At safepoint: 6945 ns, Total: 160822 ns
[2021-05-01T12:06:41.503+0000][7][safepoint   ] Safepoint "Cleanup", Time since last: 3000843816 ns, Reaching safepoint: 86945 ns, At safepoint: 6971 ns, Total: 93916 ns
[2021-05-01T12:06:47.505+0000][7][safepoint   ] Safepoint "Cleanup", Time since last: 6001746016 ns, Reaching safepoint: 106630 ns, At safepoint: 5658 ns, Total: 112288 ns
[2021-05-01T12:06:50.505+0000][7][safepoint   ] Safepoint "Cleanup", Time since last: 3000268472 ns, Reaching safepoint: 74874 ns, At safepoint: 6566 ns, Total: 81440 ns
[2021-05-01T12:07:06.510+0000][7][safepoint   ] Safepoint "Cleanup", Time since last: 16004672404 ns, Reaching safepoint: 99115 ns, At safepoint: 6566 ns, Total: 105681 ns
[2021-05-01T12:07:08.511+0000][7][safepoint   ] Safepoint "Cleanup", Time since last: 2001033007 ns, Reaching safepoint: 109858 ns, At safepoint: 5538 ns, Total: 115396 ns
[2021-05-01T12:07:09.512+0000][7][safepoint   ] Safepoint "Cleanup", Time since last: 1000442387 ns, Reaching safepoint: 110926 ns, At safepoint: 5361 ns, Total: 116287 ns
[2021-05-01T12:07:11.513+0000][7][safepoint   ] Safepoint "Cleanup", Time since last: 2000497060 ns, Reaching safepoint: 103651 ns, At safepoint: 5264 ns, Total: 108915 ns
[2021-05-01T12:07:12.513+0000][7][safepoint   ] Safepoint "Cleanup", Time since last: 1000407070 ns, Reaching safepoint: 111872 ns, At safepoint: 5246 ns, Total: 117118 ns
[2021-05-01T12:07:19.651+0000][7][gc,start    ] GC(51) Pause Young (Concurrent Start) (G1 Evacuation Pause)
[2021-05-01T12:07:19.651+0000][7][gc,task     ] GC(51) Using 6 workers of 8 for evacuation
[2021-05-01T12:07:19.651+0000][7][gc,age      ] GC(51) Desired survivor size 6291456 bytes, new threshold 15 (max threshold 15)
[2021-05-01T12:07:19.655+0000][7][gc,age      ] GC(51) Age table with threshold 15 (max threshold 15)
[2021-05-01T12:07:19.655+0000][7][gc,age      ] GC(51) - age   1:     525808 bytes,     525808 total
[2021-05-01T12:07:19.655+0000][7][gc,age      ] GC(51) - age   2:       4016 bytes,     529824 total
[2021-05-01T12:07:19.655+0000][7][gc,age      ] GC(51) - age   3:     236408 bytes,     766232 total
[2021-05-01T12:07:19.655+0000][7][gc,age      ] GC(51) - age   4:       4488 bytes,     770720 total
[2021-05-01T12:07:19.655+0000][7][gc,age      ] GC(51) - age   5:      10080 bytes,     780800 total
[2021-05-01T12:07:19.655+0000][7][gc,age      ] GC(51) - age   6:      25520 bytes,     806320 total
[2021-05-01T12:07:19.655+0000][7][gc,age      ] GC(51) - age   7:       8048 bytes,     814368 total
[2021-05-01T12:07:19.655+0000][7][gc,age      ] GC(51) - age   8:      95688 bytes,     910056 total
[2021-05-01T12:07:19.655+0000][7][gc,age      ] GC(51) - age   9:      24576 bytes,     934632 total
[2021-05-01T12:07:19.655+0000][7][gc,age      ] GC(51) - age  10:     725176 bytes,    1659808 total
[2021-05-01T12:07:19.655+0000][7][gc,age      ] GC(51) - age  11:     756480 bytes,    2416288 total
[2021-05-01T12:07:19.655+0000][7][gc,age      ] GC(51) - age  12:      24800 bytes,    2441088 total
[2021-05-01T12:07:19.655+0000][7][gc,age      ] GC(51) - age  13:     654328 bytes,    3095416 total
[2021-05-01T12:07:19.655+0000][7][gc,phases   ] GC(51)   Pre Evacuate Collection Set: 0.1ms
[2021-05-01T12:07:19.655+0000][7][gc,phases   ] GC(51)   Merge Heap Roots: 0.1ms
[2021-05-01T12:07:19.655+0000][7][gc,phases   ] GC(51)   Evacuate Collection Set: 3.6ms
[2021-05-01T12:07:19.655+0000][7][gc,phases   ] GC(51)   Post Evacuate Collection Set: 0.6ms
[2021-05-01T12:07:19.655+0000][7][gc,phases   ] GC(51)   Other: 0.2ms
[2021-05-01T12:07:19.655+0000][7][gc,heap     ] GC(51) Eden regions: 23->0(23)
[2021-05-01T12:07:19.655+0000][7][gc,heap     ] GC(51) Survivor regions: 1->1(3)
[2021-05-01T12:07:19.655+0000][7][gc,heap     ] GC(51) Old regions: 25->25
[2021-05-01T12:07:19.655+0000][7][gc,heap     ] GC(51) Archive regions: 2->2
[2021-05-01T12:07:19.655+0000][7][gc,heap     ] GC(51) Humongous regions: 2->2
[2021-05-01T12:07:19.655+0000][7][gc,metaspace] GC(51) Metaspace: 105936K(110212K)->105936K(110212K) NonClass: 92048K(95032K)->92048K(95032K) Class: 13887K(15180K)->13887K(15180K)
[2021-05-01T12:07:19.655+0000][7][gc          ] GC(51) Pause Young (Concurrent Start) (G1 Evacuation Pause) 206M->113M(256M) 4.658ms
[2021-05-01T12:07:19.655+0000][7][gc,cpu      ] GC(51) User=0.03s Sys=0.00s Real=0.01s
[2021-05-01T12:07:19.655+0000][7][safepoint   ] Safepoint "G1CollectForAllocation", Time since last: 7137402369 ns, Reaching safepoint: 145908 ns, At safepoint: 4728299 ns, Total: 4874207 ns
[2021-05-01T12:07:19.655+0000][7][gc          ] GC(52) Concurrent Cycle
[2021-05-01T12:07:19.655+0000][7][gc,marking  ] GC(52) Concurrent Clear Claimed Marks
[2021-05-01T12:07:19.655+0000][7][gc,marking  ] GC(52) Concurrent Clear Claimed Marks 0.066ms
[2021-05-01T12:07:19.655+0000][7][gc,marking  ] GC(52) Concurrent Scan Root Regions
[2021-05-01T12:07:19.658+0000][7][gc,marking  ] GC(52) Concurrent Scan Root Regions 2.682ms
[2021-05-01T12:07:19.658+0000][7][gc,marking  ] GC(52) Concurrent Mark (1532.518s)
[2021-05-01T12:07:19.658+0000][7][gc,marking  ] GC(52) Concurrent Mark From Roots
[2021-05-01T12:07:19.658+0000][7][gc,task     ] GC(52) Using 2 workers of 2 for marking
[2021-05-01T12:07:19.739+0000][7][gc,marking  ] GC(52) Concurrent Mark From Roots 81.268ms
[2021-05-01T12:07:19.739+0000][7][gc,marking  ] GC(52) Concurrent Preclean
[2021-05-01T12:07:19.740+0000][7][gc,marking  ] GC(52) Concurrent Preclean 0.204ms
[2021-05-01T12:07:19.740+0000][7][gc,marking  ] GC(52) Concurrent Mark (1532.518s, 1532.600s) 81.521ms
[2021-05-01T12:07:19.740+0000][7][gc,start    ] GC(52) Pause Remark
[2021-05-01T12:07:19.745+0000][7][gc          ] GC(52) Pause Remark 115M->115M(256M) 4.745ms
[2021-05-01T12:07:19.745+0000][7][gc,cpu      ] GC(52) User=0.03s Sys=0.00s Real=0.00s
[2021-05-01T12:07:19.745+0000][7][safepoint   ] Safepoint "G1Concurrent", Time since last: 84403716 ns, Reaching safepoint: 200916 ns, At safepoint: 4822087 ns, Total: 5023003 ns
[2021-05-01T12:07:19.745+0000][7][gc,marking  ] GC(52) Concurrent Rebuild Remembered Sets
[2021-05-01T12:07:19.801+0000][7][gc,marking  ] GC(52) Concurrent Rebuild Remembered Sets 55.972ms
[2021-05-01T12:07:19.801+0000][7][gc,start    ] GC(52) Pause Cleanup
[2021-05-01T12:07:19.801+0000][7][gc          ] GC(52) Pause Cleanup 115M->115M(256M) 0.065ms
[2021-05-01T12:07:19.801+0000][7][gc,cpu      ] GC(52) User=0.00s Sys=0.00s Real=0.00s
[2021-05-01T12:07:19.801+0000][7][safepoint   ] Safepoint "G1Concurrent", Time since last: 56123588 ns, Reaching safepoint: 109308 ns, At safepoint: 114825 ns, Total: 224133 ns
[2021-05-01T12:07:19.801+0000][7][gc,marking  ] GC(52) Concurrent Cleanup for Next Mark
[2021-05-01T12:07:19.801+0000][7][gc,marking  ] GC(52) Concurrent Cleanup for Next Mark 0.169ms
[2021-05-01T12:07:19.801+0000][7][gc          ] GC(52) Concurrent Cycle 145.949ms
[2021-05-01T12:07:32.804+0000][7][safepoint   ] Safepoint "Cleanup", Time since last: 13003154338 ns, Reaching safepoint: 122206 ns, At safepoint: 6143 ns, Total: 128349 ns
[2021-05-01T12:07:35.805+0000][7][safepoint   ] Safepoint "Cleanup", Time since last: 3000952020 ns, Reaching safepoint: 107058 ns, At safepoint: 5446 ns, Total: 112504 ns
[2021-05-01T12:07:39.807+0000][7][safepoint   ] Safepoint "Cleanup", Time since last: 4001512661 ns, Reaching safepoint: 93952 ns, At safepoint: 6319 ns, Total: 100271 ns
[2021-05-01T12:07:41.808+0000][7][safepoint   ] Safepoint "Cleanup", Time since last: 2000941366 ns, Reaching safepoint: 107732 ns, At safepoint: 5779 ns, Total: 113511 ns
[2021-05-01T12:07:54.812+0000][7][safepoint   ] Safepoint "Cleanup", Time since last: 13003728454 ns, Reaching safepoint: 162670 ns, At safepoint: 8705 ns, Total: 171375 ns
[2021-05-01T12:08:05.815+0000][7][safepoint   ] Safepoint "Cleanup", Time since last: 11003230842 ns, Reaching safepoint: 102179 ns, At safepoint: 5915 ns, Total: 108094 ns
[2021-05-01T12:08:08.816+0000][7][safepoint   ] Safepoint "Cleanup", Time since last: 3000842579 ns, Reaching safepoint: 186182 ns, At safepoint: 7267 ns, Total: 193449 ns
[2021-05-01T12:08:11.817+0000][7][safepoint   ] Safepoint "Cleanup", Time since last: 3000625523 ns, Reaching safepoint: 107389 ns, At safepoint: 7595 ns, Total: 114984 ns
[2021-05-01T12:08:41.824+0000][7][safepoint   ] Safepoint "Cleanup", Time since last: 30006950920 ns, Reaching safepoint: 117322 ns, At safepoint: 6459 ns, Total: 123781 ns
[2021-05-01T12:08:47.826+0000][7][safepoint   ] Safepoint "Cleanup", Time since last: 6001810498 ns, Reaching safepoint: 116581 ns, At safepoint: 7226 ns, Total: 123807 ns
[2021-05-01T12:09:08.832+0000][7][safepoint   ] Safepoint "Cleanup", Time since last: 21005775398 ns, Reaching safepoint: 196911 ns, At safepoint: 7890 ns, Total: 204801 ns
[2021-05-01T12:09:11.833+0000][7][safepoint   ] Safepoint "Cleanup", Time since last: 3000895847 ns, Reaching safepoint: 108592 ns, At safepoint: 6285 ns, Total: 114877 ns
[2021-05-01T12:09:41.840+0000][7][safepoint   ] Safepoint "Cleanup", Time since last: 30006203339 ns, Reaching safepoint: 150650 ns, At safepoint: 7306 ns, Total: 157956 ns
[2021-05-01T12:09:42.840+0000][7][safepoint   ] Safepoint "Cleanup", Time since last: 1000360833 ns, Reaching safepoint: 123337 ns, At safepoint: 5572 ns, Total: 128909 ns
[2021-05-01T12:09:43.714+0000][7][gc,start    ] GC(53) Pause Young (Normal) (G1 Evacuation Pause)
[2021-05-01T12:09:43.714+0000][7][gc,task     ] GC(53) Using 6 workers of 8 for evacuation
[2021-05-01T12:09:43.714+0000][7][gc,age      ] GC(53) Desired survivor size 6291456 bytes, new threshold 15 (max threshold 15)
[2021-05-01T12:09:43.718+0000][7][gc,age      ] GC(53) Age table with threshold 15 (max threshold 15)
[2021-05-01T12:09:43.718+0000][7][gc,age      ] GC(53) - age   1:     509104 bytes,     509104 total
[2021-05-01T12:09:43.718+0000][7][gc,age      ] GC(53) - age   2:      10192 bytes,     519296 total
[2021-05-01T12:09:43.718+0000][7][gc,age      ] GC(53) - age   3:       3872 bytes,     523168 total
[2021-05-01T12:09:43.718+0000][7][gc,age      ] GC(53) - age   4:     236168 bytes,     759336 total
[2021-05-01T12:09:43.718+0000][7][gc,age      ] GC(53) - age   5:       4464 bytes,     763800 total
[2021-05-01T12:09:43.718+0000][7][gc,age      ] GC(53) - age   6:      10056 bytes,     773856 total
[2021-05-01T12:09:43.718+0000][7][gc,age      ] GC(53) - age   7:      25520 bytes,     799376 total
[2021-05-01T12:09:43.718+0000][7][gc,age      ] GC(53) - age   8:       8048 bytes,     807424 total
[2021-05-01T12:09:43.718+0000][7][gc,age      ] GC(53) - age   9:      95688 bytes,     903112 total
[2021-05-01T12:09:43.718+0000][7][gc,age      ] GC(53) - age  10:      24576 bytes,     927688 total
[2021-05-01T12:09:43.718+0000][7][gc,age      ] GC(53) - age  11:     725176 bytes,    1652864 total
[2021-05-01T12:09:43.718+0000][7][gc,age      ] GC(53) - age  12:     756480 bytes,    2409344 total
[2021-05-01T12:09:43.718+0000][7][gc,age      ] GC(53) - age  13:      24800 bytes,    2434144 total
[2021-05-01T12:09:43.718+0000][7][gc,age      ] GC(53) - age  14:     654288 bytes,    3088432 total
[2021-05-01T12:09:43.718+0000][7][gc,phases   ] GC(53)   Pre Evacuate Collection Set: 0.1ms
[2021-05-01T12:09:43.718+0000][7][gc,phases   ] GC(53)   Merge Heap Roots: 0.1ms
[2021-05-01T12:09:43.718+0000][7][gc,phases   ] GC(53)   Evacuate Collection Set: 3.4ms
[2021-05-01T12:09:43.718+0000][7][gc,phases   ] GC(53)   Post Evacuate Collection Set: 0.6ms
[2021-05-01T12:09:43.718+0000][7][gc,phases   ] GC(53)   Other: 0.2ms
[2021-05-01T12:09:43.718+0000][7][gc,heap     ] GC(53) Eden regions: 23->0(23)
[2021-05-01T12:09:43.718+0000][7][gc,heap     ] GC(53) Survivor regions: 1->1(3)
[2021-05-01T12:09:43.718+0000][7][gc,heap     ] GC(53) Old regions: 25->25
[2021-05-01T12:09:43.718+0000][7][gc,heap     ] GC(53) Archive regions: 2->2
[2021-05-01T12:09:43.718+0000][7][gc,heap     ] GC(53) Humongous regions: 2->2
[2021-05-01T12:09:43.718+0000][7][gc,metaspace] GC(53) Metaspace: 105970K(110212K)->105970K(110212K) NonClass: 92083K(95032K)->92083K(95032K) Class: 13887K(15180K)->13887K(15180K)
[2021-05-01T12:09:43.718+0000][7][gc          ] GC(53) Pause Young (Normal) (G1 Evacuation Pause) 205M->113M(256M) 4.418ms
[2021-05-01T12:09:43.718+0000][7][gc,cpu      ] GC(53) User=0.02s Sys=0.00s Real=0.01s
[2021-05-01T12:09:43.718+0000][7][safepoint   ] Safepoint "G1CollectForAllocation", Time since last: 873515555 ns, Reaching safepoint: 154258 ns, At safepoint: 4488603 ns, Total: 4642861 ns
[2021-05-01T12:09:49.720+0000][7][safepoint   ] Safepoint "Cleanup", Time since last: 6001825574 ns, Reaching safepoint: 265642 ns, At safepoint: 7553 ns, Total: 273195 ns
[2021-05-01T12:10:08.724+0000][7][safepoint   ] Safepoint "Cleanup", Time since last: 19003838069 ns, Reaching safepoint: 103626 ns, At safepoint: 9521 ns, Total: 113147 ns
[2021-05-01T12:10:11.725+0000][7][safepoint   ] Safepoint "Cleanup", Time since last: 3000426618 ns, Reaching safepoint: 151883 ns, At safepoint: 12182 ns, Total: 164065 ns
[2021-05-01T12:10:12.725+0000][7][safepoint   ] Safepoint "Cleanup", Time since last: 1000271810 ns, Reaching safepoint: 79051 ns, At safepoint: 4820 ns, Total: 83871 ns
[2021-05-01T12:10:14.726+0000][7][safepoint   ] Safepoint "Cleanup", Time since last: 2000471587 ns, Reaching safepoint: 82252 ns, At safepoint: 6309 ns, Total: 88561 ns
[2021-05-01T12:10:29.728+0000][7][safepoint   ] Safepoint "Cleanup", Time since last: 15002391550 ns, Reaching safepoint: 117546 ns, At safepoint: 6614 ns, Total: 124160 ns
[2021-05-01T12:10:38.730+0000][7][safepoint   ] Safepoint "Cleanup", Time since last: 9001876804 ns, Reaching safepoint: 96420 ns, At safepoint: 7634 ns, Total: 104054 ns
[2021-05-01T12:10:41.731+0000][7][safepoint   ] Safepoint "Cleanup", Time since last: 3000667468 ns, Reaching safepoint: 93541 ns, At safepoint: 6862 ns, Total: 100403 ns
[2021-05-01T12:11:08.735+0000][7][safepoint   ] Safepoint "Cleanup", Time since last: 27004175324 ns, Reaching safepoint: 109811 ns, At safepoint: 5598 ns, Total: 115409 ns
[2021-05-01T12:11:09.736+0000][7][safepoint   ] Safepoint "Cleanup", Time since last: 1000447779 ns, Reaching safepoint: 115539 ns, At safepoint: 5578 ns, Total: 121117 ns
[2021-05-01T12:11:11.737+0000][7][safepoint   ] Safepoint "Cleanup", Time since last: 2000562674 ns, Reaching safepoint: 143627 ns, At safepoint: 5617 ns, Total: 149244 ns
[2021-05-01T12:11:32.743+0000][7][safepoint   ] Safepoint "Cleanup", Time since last: 21006718680 ns, Reaching safepoint: 127395 ns, At safepoint: 6485 ns, Total: 133880 ns
[2021-05-01T12:11:36.744+0000][7][safepoint   ] Safepoint "Cleanup", Time since last: 4000845823 ns, Reaching safepoint: 107448 ns, At safepoint: 6024 ns, Total: 113472 ns
[2021-05-01T12:11:57.748+0000][7][safepoint   ] Safepoint "Cleanup", Time since last: 21003792828 ns, Reaching safepoint: 147394 ns, At safepoint: 7877 ns, Total: 155271 ns
[2021-05-01T12:12:05.744+0000][7][gc,start    ] GC(54) Pause Young (Concurrent Start) (G1 Evacuation Pause)
[2021-05-01T12:12:05.744+0000][7][gc,task     ] GC(54) Using 6 workers of 8 for evacuation
[2021-05-01T12:12:05.744+0000][7][gc,age      ] GC(54) Desired survivor size 6291456 bytes, new threshold 15 (max threshold 15)
[2021-05-01T12:12:05.750+0000][7][gc,age      ] GC(54) Age table with threshold 15 (max threshold 15)
[2021-05-01T12:12:05.750+0000][7][gc,age      ] GC(54) - age   1:     725408 bytes,     725408 total
[2021-05-01T12:12:05.750+0000][7][gc,age      ] GC(54) - age   2:       1432 bytes,     726840 total
[2021-05-01T12:12:05.750+0000][7][gc,age      ] GC(54) - age   3:       9992 bytes,     736832 total
[2021-05-01T12:12:05.750+0000][7][gc,age      ] GC(54) - age   4:       3848 bytes,     740680 total
[2021-05-01T12:12:05.750+0000][7][gc,age      ] GC(54) - age   5:     126568 bytes,     867248 total
[2021-05-01T12:12:05.750+0000][7][gc,age      ] GC(54) - age   6:       4464 bytes,     871712 total
[2021-05-01T12:12:05.750+0000][7][gc,age      ] GC(54) - age   7:       9808 bytes,     881520 total
[2021-05-01T12:12:05.750+0000][7][gc,age      ] GC(54) - age   8:      25520 bytes,     907040 total
[2021-05-01T12:12:05.750+0000][7][gc,age      ] GC(54) - age   9:       8048 bytes,     915088 total
[2021-05-01T12:12:05.750+0000][7][gc,age      ] GC(54) - age  10:      95312 bytes,    1010400 total
[2021-05-01T12:12:05.750+0000][7][gc,age      ] GC(54) - age  11:      24576 bytes,    1034976 total
[2021-05-01T12:12:05.750+0000][7][gc,age      ] GC(54) - age  12:     725176 bytes,    1760152 total
[2021-05-01T12:12:05.750+0000][7][gc,age      ] GC(54) - age  13:     756480 bytes,    2516632 total
[2021-05-01T12:12:05.750+0000][7][gc,age      ] GC(54) - age  14:      24800 bytes,    2541432 total
[2021-05-01T12:12:05.750+0000][7][gc,age      ] GC(54) - age  15:     654288 bytes,    3195720 total
[2021-05-01T12:12:05.750+0000][7][gc,phases   ] GC(54)   Pre Evacuate Collection Set: 0.1ms
[2021-05-01T12:12:05.750+0000][7][gc,phases   ] GC(54)   Merge Heap Roots: 0.1ms
[2021-05-01T12:12:05.750+0000][7][gc,phases   ] GC(54)   Evacuate Collection Set: 4.9ms
[2021-05-01T12:12:05.750+0000][7][gc,phases   ] GC(54)   Post Evacuate Collection Set: 0.5ms
[2021-05-01T12:12:05.750+0000][7][gc,phases   ] GC(54)   Other: 0.3ms
[2021-05-01T12:12:05.750+0000][7][gc,heap     ] GC(54) Eden regions: 23->0(23)
[2021-05-01T12:12:05.750+0000][7][gc,heap     ] GC(54) Survivor regions: 1->1(3)
[2021-05-01T12:12:05.750+0000][7][gc,heap     ] GC(54) Old regions: 25->25
[2021-05-01T12:12:05.750+0000][7][gc,heap     ] GC(54) Archive regions: 2->2
[2021-05-01T12:12:05.750+0000][7][gc,heap     ] GC(54) Humongous regions: 2->2
[2021-05-01T12:12:05.750+0000][7][gc,metaspace] GC(54) Metaspace: 106036K(110212K)->106036K(110212K) NonClass: 92148K(95032K)->92148K(95032K) Class: 13887K(15180K)->13887K(15180K)
[2021-05-01T12:12:05.750+0000][7][gc          ] GC(54) Pause Young (Concurrent Start) (G1 Evacuation Pause) 205M->114M(256M) 5.994ms
[2021-05-01T12:12:05.750+0000][7][gc,cpu      ] GC(54) User=0.02s Sys=0.00s Real=0.01s
[2021-05-01T12:12:05.750+0000][7][gc          ] GC(55) Concurrent Cycle
[2021-05-01T12:12:05.750+0000][7][gc,marking  ] GC(55) Concurrent Clear Claimed Marks
[2021-05-01T12:12:05.750+0000][7][safepoint   ] Safepoint "G1CollectForAllocation", Time since last: 7995740838 ns, Reaching safepoint: 98646 ns, At safepoint: 6086473 ns, Total: 6185119 ns
[2021-05-01T12:12:05.750+0000][7][gc,marking  ] GC(55) Concurrent Clear Claimed Marks 0.101ms
[2021-05-01T12:12:05.750+0000][7][gc,marking  ] GC(55) Concurrent Scan Root Regions
[2021-05-01T12:12:05.754+0000][7][gc,marking  ] GC(55) Concurrent Scan Root Regions 3.338ms
[2021-05-01T12:12:05.754+0000][7][gc,marking  ] GC(55) Concurrent Mark (1818.614s)
[2021-05-01T12:12:05.754+0000][7][gc,marking  ] GC(55) Concurrent Mark From Roots
[2021-05-01T12:12:05.754+0000][7][gc,task     ] GC(55) Using 2 workers of 2 for marking
[2021-05-01T12:12:05.849+0000][7][gc,marking  ] GC(55) Concurrent Mark From Roots 95.577ms
[2021-05-01T12:12:05.849+0000][7][gc,marking  ] GC(55) Concurrent Preclean
[2021-05-01T12:12:05.850+0000][7][gc,marking  ] GC(55) Concurrent Preclean 0.263ms
[2021-05-01T12:12:05.850+0000][7][gc,marking  ] GC(55) Concurrent Mark (1818.614s, 1818.710s) 95.904ms
[2021-05-01T12:12:05.850+0000][7][gc,start    ] GC(55) Pause Remark
[2021-05-01T12:12:05.860+0000][7][gc          ] GC(55) Pause Remark 130M->130M(256M) 10.127ms
[2021-05-01T12:12:05.860+0000][7][gc,cpu      ] GC(55) User=0.06s Sys=0.00s Real=0.01s
[2021-05-01T12:12:05.860+0000][7][safepoint   ] Safepoint "G1Concurrent", Time since last: 99467263 ns, Reaching safepoint: 108440 ns, At safepoint: 10212764 ns, Total: 10321204 ns
[2021-05-01T12:12:05.860+0000][7][gc,marking  ] GC(55) Concurrent Rebuild Remembered Sets
[2021-05-01T12:12:05.915+0000][7][gc,marking  ] GC(55) Concurrent Rebuild Remembered Sets 55.272ms
[2021-05-01T12:12:05.916+0000][7][gc,start    ] GC(55) Pause Cleanup
[2021-05-01T12:12:05.916+0000][7][gc          ] GC(55) Pause Cleanup 131M->131M(256M) 0.065ms
[2021-05-01T12:12:05.916+0000][7][gc,cpu      ] GC(55) User=0.00s Sys=0.00s Real=0.00s
[2021-05-01T12:12:05.916+0000][7][safepoint   ] Safepoint "G1Concurrent", Time since last: 55340325 ns, Reaching safepoint: 113315 ns, At safepoint: 101770 ns, Total: 215085 ns
[2021-05-01T12:12:05.916+0000][7][gc,marking  ] GC(55) Concurrent Cleanup for Next Mark
[2021-05-01T12:12:05.916+0000][7][gc,marking  ] GC(55) Concurrent Cleanup for Next Mark 0.161ms
[2021-05-01T12:12:05.916+0000][7][gc          ] GC(55) Concurrent Cycle 165.615ms
[2021-05-01T12:12:06.916+0000][7][safepoint   ] Safepoint "Cleanup", Time since last: 1000073173 ns, Reaching safepoint: 143076 ns, At safepoint: 8485 ns, Total: 151561 ns
[2021-05-01T12:12:07.916+0000][7][safepoint   ] Safepoint "Cleanup", Time since last: 1000190798 ns, Reaching safepoint: 161624 ns, At safepoint: 5214 ns, Total: 166838 ns
[2021-05-01T12:12:08.917+0000][7][safepoint   ] Safepoint "Cleanup", Time since last: 1000227480 ns, Reaching safepoint: 240931 ns, At safepoint: 9080 ns, Total: 250011 ns
[2021-05-01T12:12:09.917+0000][7][safepoint   ] Safepoint "Cleanup", Time since last: 1000112008 ns, Reaching safepoint: 156403 ns, At safepoint: 8427 ns, Total: 164830 ns
[2021-05-01T12:12:10.917+0000][7][safepoint   ] Safepoint "Cleanup", Time since last: 1000092136 ns, Reaching safepoint: 78143 ns, At safepoint: 4611 ns, Total: 82754 ns
[2021-05-01T12:12:12.448+0000][7][safepoint   ] Safepoint "Cleanup", Time since last: 1530980610 ns, Reaching safepoint: 160028 ns, At safepoint: 6086 ns, Total: 166114 ns
[2021-05-01T12:12:14.449+0000][7][safepoint   ] Safepoint "Cleanup", Time since last: 2000209526 ns, Reaching safepoint: 127481 ns, At safepoint: 10820 ns, Total: 138301 ns
[2021-05-01T12:12:32.451+0000][7][safepoint   ] Safepoint "Cleanup", Time since last: 18002435721 ns, Reaching safepoint: 92923 ns, At safepoint: 6105 ns, Total: 99028 ns
[2021-05-01T12:12:36.452+0000][7][safepoint   ] Safepoint "Cleanup", Time since last: 4000471624 ns, Reaching safepoint: 142051 ns, At safepoint: 8103 ns, Total: 150154 ns
[2021-05-01T12:12:38.453+0000][7][safepoint   ] Safepoint "Cleanup", Time since last: 2000576237 ns, Reaching safepoint: 176009 ns, At safepoint: 6723 ns, Total: 182732 ns
[2021-05-01T12:12:41.453+0000][7][safepoint   ] Safepoint "Cleanup", Time since last: 3000550881 ns, Reaching safepoint: 100200 ns, At safepoint: 6605 ns, Total: 106805 ns
[2021-05-01T12:13:02.456+0000][7][safepoint   ] Safepoint "Cleanup", Time since last: 21003047361 ns, Reaching safepoint: 166563 ns, At safepoint: 9695 ns, Total: 176258 ns
[2021-05-01T12:13:06.457+0000][7][safepoint   ] Safepoint "Cleanup", Time since last: 4000533545 ns, Reaching safepoint: 203638 ns, At safepoint: 7176 ns, Total: 210814 ns
[2021-05-01T12:13:08.458+0000][7][safepoint   ] Safepoint "Cleanup", Time since last: 2000494812 ns, Reaching safepoint: 194050 ns, At safepoint: 7984 ns, Total: 202034 ns
[2021-05-01T12:13:11.458+0000][7][safepoint   ] Safepoint "Cleanup", Time since last: 3000549671 ns, Reaching safepoint: 100029 ns, At safepoint: 4391 ns, Total: 104420 ns
[2021-05-01T12:13:41.463+0000][7][safepoint   ] Safepoint "Cleanup", Time since last: 30004806694 ns, Reaching safepoint: 94491 ns, At safepoint: 7397 ns, Total: 101888 ns
[2021-05-01T12:13:42.464+0000][7][safepoint   ] Safepoint "Cleanup", Time since last: 1000352571 ns, Reaching safepoint: 123199 ns, At safepoint: 6388 ns, Total: 129587 ns
[2021-05-01T12:13:44.464+0000][7][safepoint   ] Safepoint "Cleanup", Time since last: 2000163758 ns, Reaching safepoint: 107327 ns, At safepoint: 4844 ns, Total: 112171 ns
[2021-05-01T12:13:54.814+0000][7][gc,start    ] GC(56) Pause Young (Normal) (G1 Evacuation Pause)
[2021-05-01T12:13:54.814+0000][7][gc,task     ] GC(56) Using 6 workers of 8 for evacuation
[2021-05-01T12:13:54.814+0000][7][gc,age      ] GC(56) Desired survivor size 6291456 bytes, new threshold 15 (max threshold 15)
[2021-05-01T12:13:54.818+0000][7][gc,age      ] GC(56) Age table with threshold 15 (max threshold 15)
[2021-05-01T12:13:54.818+0000][7][gc,age      ] GC(56) - age   1:     918880 bytes,     918880 total
[2021-05-01T12:13:54.818+0000][7][gc,age      ] GC(56) - age   2:     104920 bytes,    1023800 total
[2021-05-01T12:13:54.818+0000][7][gc,age      ] GC(56) - age   3:       1336 bytes,    1025136 total
[2021-05-01T12:13:54.818+0000][7][gc,age      ] GC(56) - age   4:       9856 bytes,    1034992 total
[2021-05-01T12:13:54.818+0000][7][gc,age      ] GC(56) - age   5:       3560 bytes,    1038552 total
[2021-05-01T12:13:54.818+0000][7][gc,age      ] GC(56) - age   6:      58504 bytes,    1097056 total
[2021-05-01T12:13:54.818+0000][7][gc,age      ] GC(56) - age   7:       4464 bytes,    1101520 total
[2021-05-01T12:13:54.818+0000][7][gc,age      ] GC(56) - age   8:       9808 bytes,    1111328 total
[2021-05-01T12:13:54.818+0000][7][gc,age      ] GC(56) - age   9:      25520 bytes,    1136848 total
[2021-05-01T12:13:54.818+0000][7][gc,age      ] GC(56) - age  10:       8048 bytes,    1144896 total
[2021-05-01T12:13:54.818+0000][7][gc,age      ] GC(56) - age  11:      94440 bytes,    1239336 total
[2021-05-01T12:13:54.818+0000][7][gc,age      ] GC(56) - age  12:      24576 bytes,    1263912 total
[2021-05-01T12:13:54.819+0000][7][gc,age      ] GC(56) - age  13:     708728 bytes,    1972640 total
[2021-05-01T12:13:54.819+0000][7][gc,age      ] GC(56) - age  14:     756064 bytes,    2728704 total
[2021-05-01T12:13:54.819+0000][7][gc,age      ] GC(56) - age  15:      24752 bytes,    2753456 total
[2021-05-01T12:13:54.819+0000][7][gc,phases   ] GC(56)   Pre Evacuate Collection Set: 0.0ms
[2021-05-01T12:13:54.819+0000][7][gc,phases   ] GC(56)   Merge Heap Roots: 0.1ms
[2021-05-01T12:13:54.819+0000][7][gc,phases   ] GC(56)   Evacuate Collection Set: 3.5ms
[2021-05-01T12:13:54.819+0000][7][gc,phases   ] GC(56)   Post Evacuate Collection Set: 0.6ms
[2021-05-01T12:13:54.819+0000][7][gc,phases   ] GC(56)   Other: 0.3ms
[2021-05-01T12:13:54.819+0000][7][gc,heap     ] GC(56) Eden regions: 23->0(23)
[2021-05-01T12:13:54.819+0000][7][gc,heap     ] GC(56) Survivor regions: 1->1(3)
[2021-05-01T12:13:54.819+0000][7][gc,heap     ] GC(56) Old regions: 25->25
[2021-05-01T12:13:54.819+0000][7][gc,heap     ] GC(56) Archive regions: 2->2
[2021-05-01T12:13:54.819+0000][7][gc,heap     ] GC(56) Humongous regions: 2->2
[2021-05-01T12:13:54.819+0000][7][gc,metaspace] GC(56) Metaspace: 106134K(110468K)->106134K(110468K) NonClass: 92247K(95288K)->92247K(95288K) Class: 13886K(15180K)->13886K(15180K)
[2021-05-01T12:13:54.819+0000][7][gc          ] GC(56) Pause Young (Normal) (G1 Evacuation Pause) 206M->114M(256M) 4.548ms
[2021-05-01T12:13:54.819+0000][7][gc,cpu      ] GC(56) User=0.02s Sys=0.00s Real=0.01s
[2021-05-01T12:13:54.819+0000][7][safepoint   ] Safepoint "G1CollectForAllocation", Time since last: 10349670804 ns, Reaching safepoint: 226428 ns, At safepoint: 4626964 ns, Total: 4853392 ns
[2021-05-01T12:13:57.819+0000][7][safepoint   ] Safepoint "Cleanup", Time since last: 3000387942 ns, Reaching safepoint: 102050 ns, At safepoint: 6301 ns, Total: 108351 ns
[2021-05-01T12:14:04.821+0000][7][safepoint   ] Safepoint "Cleanup", Time since last: 7001595584 ns, Reaching safepoint: 136948 ns, At safepoint: 4569 ns, Total: 141517 ns
[2021-05-01T12:14:07.822+0000][7][safepoint   ] Safepoint "Cleanup", Time since last: 3000859034 ns, Reaching safepoint: 116667 ns, At safepoint: 9362 ns, Total: 126029 ns
[2021-05-01T12:14:08.823+0000][7][safepoint   ] Safepoint "Cleanup", Time since last: 1000584737 ns, Reaching safepoint: 144351 ns, At safepoint: 5513 ns, Total: 149864 ns
[2021-05-01T12:14:11.823+0000][7][safepoint   ] Safepoint "Cleanup", Time since last: 3000447645 ns, Reaching safepoint: 124710 ns, At safepoint: 8412 ns, Total: 133122 ns
[2021-05-01T12:14:19.825+0000][7][safepoint   ] Safepoint "Cleanup", Time since last: 8001214979 ns, Reaching safepoint: 98617 ns, At safepoint: 6578 ns, Total: 105195 ns
[2021-05-01T12:14:30.826+0000][7][safepoint   ] Safepoint "Cleanup", Time since last: 11001751736 ns, Reaching safepoint: 118464 ns, At safepoint: 5770 ns, Total: 124234 ns
[2021-05-01T12:14:32.827+0000][7][safepoint   ] Safepoint "Cleanup", Time since last: 2000504459 ns, Reaching safepoint: 135972 ns, At safepoint: 6525 ns, Total: 142497 ns
[2021-05-01T12:14:36.828+0000][7][safepoint   ] Safepoint "Cleanup", Time since last: 4000567463 ns, Reaching safepoint: 87664 ns, At safepoint: 8017 ns, Total: 95681 ns
[2021-05-01T12:14:38.828+0000][7][safepoint   ] Safepoint "Cleanup", Time since last: 2000531258 ns, Reaching safepoint: 98278 ns, At safepoint: 5173 ns, Total: 103451 ns
[2021-05-01T12:14:41.830+0000][7][safepoint   ] Safepoint "Cleanup", Time since last: 3001089860 ns, Reaching safepoint: 116460 ns, At safepoint: 5612 ns, Total: 122072 ns
[2021-05-01T12:14:42.830+0000][7][safepoint   ] Safepoint "Cleanup", Time since last: 1000440496 ns, Reaching safepoint: 114569 ns, At safepoint: 7282 ns, Total: 121851 ns
[2021-05-01T12:14:56.832+0000][7][safepoint   ] Safepoint "Cleanup", Time since last: 14001783432 ns, Reaching safepoint: 129388 ns, At safepoint: 5858 ns, Total: 135246 ns
[2021-05-01T12:14:59.833+0000][7][safepoint   ] Safepoint "Cleanup", Time since last: 3000875358 ns, Reaching safepoint: 126913 ns, At safepoint: 6453 ns, Total: 133366 ns
[2021-05-01T12:15:08.835+0000][7][safepoint   ] Safepoint "Cleanup", Time since last: 9001388575 ns, Reaching safepoint: 144513 ns, At safepoint: 5623 ns, Total: 150136 ns
[2021-05-01T12:15:11.836+0000][7][safepoint   ] Safepoint "Cleanup", Time since last: 3000906207 ns, Reaching safepoint: 96422 ns, At safepoint: 5395 ns, Total: 101817 ns
[2021-05-01T12:15:38.841+0000][7][safepoint   ] Safepoint "Cleanup", Time since last: 27005021891 ns, Reaching safepoint: 161142 ns, At safepoint: 7294 ns, Total: 168436 ns
[2021-05-01T12:15:41.841+0000][7][safepoint   ] Safepoint "Cleanup", Time since last: 3000370987 ns, Reaching safepoint: 65482 ns, At safepoint: 4783 ns, Total: 70265 ns
[2021-05-01T12:15:49.842+0000][7][safepoint   ] Safepoint "Cleanup", Time since last: 8001057409 ns, Reaching safepoint: 142370 ns, At safepoint: 7341 ns, Total: 149711 ns
[2021-05-01T12:15:50.843+0000][7][safepoint   ] Safepoint "Cleanup", Time since last: 1000110214 ns, Reaching safepoint: 86372 ns, At safepoint: 5392 ns, Total: 91764 ns
[2021-05-01T12:16:07.845+0000][7][safepoint   ] Safepoint "Cleanup", Time since last: 17002318939 ns, Reaching safepoint: 86138 ns, At safepoint: 6631 ns, Total: 92769 ns
[2021-05-01T12:16:08.846+0000][7][safepoint   ] Safepoint "Cleanup", Time since last: 1000337362 ns, Reaching safepoint: 125317 ns, At safepoint: 5276 ns, Total: 130593 ns
[2021-05-01T12:16:11.846+0000][7][safepoint   ] Safepoint "Cleanup", Time since last: 3000361569 ns, Reaching safepoint: 110683 ns, At safepoint: 5023 ns, Total: 115706 ns
[2021-05-01T12:16:17.350+0000][7][gc,start    ] GC(57) Pause Young (Concurrent Start) (G1 Evacuation Pause)
[2021-05-01T12:16:17.350+0000][7][gc,task     ] GC(57) Using 6 workers of 8 for evacuation
[2021-05-01T12:16:17.350+0000][7][gc,age      ] GC(57) Desired survivor size 6291456 bytes, new threshold 15 (max threshold 15)
[2021-05-01T12:16:17.356+0000][7][gc,age      ] GC(57) Age table with threshold 15 (max threshold 15)
[2021-05-01T12:16:17.356+0000][7][gc,age      ] GC(57) - age   1:     535088 bytes,     535088 total
[2021-05-01T12:16:17.356+0000][7][gc,age      ] GC(57) - age   2:     406088 bytes,     941176 total
[2021-05-01T12:16:17.356+0000][7][gc,age      ] GC(57) - age   3:     104248 bytes,    1045424 total
[2021-05-01T12:16:17.356+0000][7][gc,age      ] GC(57) - age   4:       1296 bytes,    1046720 total
[2021-05-01T12:16:17.356+0000][7][gc,age      ] GC(57) - age   5:       9856 bytes,    1056576 total
[2021-05-01T12:16:17.356+0000][7][gc,age      ] GC(57) - age   6:       3560 bytes,    1060136 total
[2021-05-01T12:16:17.356+0000][7][gc,age      ] GC(57) - age   7:      58272 bytes,    1118408 total
[2021-05-01T12:16:17.356+0000][7][gc,age      ] GC(57) - age   8:       4464 bytes,    1122872 total
[2021-05-01T12:16:17.356+0000][7][gc,age      ] GC(57) - age   9:       9784 bytes,    1132656 total
[2021-05-01T12:16:17.356+0000][7][gc,age      ] GC(57) - age  10:      25520 bytes,    1158176 total
[2021-05-01T12:16:17.356+0000][7][gc,age      ] GC(57) - age  11:       8048 bytes,    1166224 total
[2021-05-01T12:16:17.356+0000][7][gc,age      ] GC(57) - age  12:      94440 bytes,    1260664 total
[2021-05-01T12:16:17.356+0000][7][gc,age      ] GC(57) - age  13:      24576 bytes,    1285240 total
[2021-05-01T12:16:17.356+0000][7][gc,age      ] GC(57) - age  14:     708728 bytes,    1993968 total
[2021-05-01T12:16:17.356+0000][7][gc,age      ] GC(57) - age  15:     756064 bytes,    2750032 total
[2021-05-01T12:16:17.356+0000][7][gc,phases   ] GC(57)   Pre Evacuate Collection Set: 0.1ms
[2021-05-01T12:16:17.356+0000][7][gc,phases   ] GC(57)   Merge Heap Roots: 0.0ms
[2021-05-01T12:16:17.356+0000][7][gc,phases   ] GC(57)   Evacuate Collection Set: 4.0ms
[2021-05-01T12:16:17.356+0000][7][gc,phases   ] GC(57)   Post Evacuate Collection Set: 1.2ms
[2021-05-01T12:16:17.356+0000][7][gc,phases   ] GC(57)   Other: 0.3ms
[2021-05-01T12:16:17.356+0000][7][gc,heap     ] GC(57) Eden regions: 23->0(23)
[2021-05-01T12:16:17.356+0000][7][gc,heap     ] GC(57) Survivor regions: 1->1(3)
[2021-05-01T12:16:17.356+0000][7][gc,heap     ] GC(57) Old regions: 25->25
[2021-05-01T12:16:17.356+0000][7][gc,heap     ] GC(57) Archive regions: 2->2
[2021-05-01T12:16:17.356+0000][7][gc,heap     ] GC(57) Humongous regions: 2->2
[2021-05-01T12:16:17.356+0000][7][gc,metaspace] GC(57) Metaspace: 106399K(110724K)->106399K(110724K) NonClass: 92507K(95544K)->92507K(95544K) Class: 13892K(15180K)->13892K(15180K)
[2021-05-01T12:16:17.356+0000][7][gc          ] GC(57) Pause Young (Concurrent Start) (G1 Evacuation Pause) 206M->114M(256M) 5.691ms
[2021-05-01T12:16:17.356+0000][7][gc,cpu      ] GC(57) User=0.02s Sys=0.00s Real=0.01s
[2021-05-01T12:16:17.356+0000][7][gc          ] GC(58) Concurrent Cycle
[2021-05-01T12:16:17.356+0000][7][safepoint   ] Safepoint "G1CollectForAllocation", Time since last: 5504039969 ns, Reaching safepoint: 80545 ns, At safepoint: 5766189 ns, Total: 5846734 ns
[2021-05-01T12:16:17.356+0000][7][gc,marking  ] GC(58) Concurrent Clear Claimed Marks
[2021-05-01T12:16:17.356+0000][7][gc,marking  ] GC(58) Concurrent Clear Claimed Marks 0.089ms
[2021-05-01T12:16:17.356+0000][7][gc,marking  ] GC(58) Concurrent Scan Root Regions
[2021-05-01T12:16:17.359+0000][7][gc,marking  ] GC(58) Concurrent Scan Root Regions 3.342ms
[2021-05-01T12:16:17.359+0000][7][gc,marking  ] GC(58) Concurrent Mark (2070.219s)
[2021-05-01T12:16:17.359+0000][7][gc,marking  ] GC(58) Concurrent Mark From Roots
[2021-05-01T12:16:17.359+0000][7][gc,task     ] GC(58) Using 2 workers of 2 for marking
[2021-05-01T12:16:17.449+0000][7][gc,marking  ] GC(58) Concurrent Mark From Roots 89.939ms
[2021-05-01T12:16:17.449+0000][7][gc,marking  ] GC(58) Concurrent Preclean
[2021-05-01T12:16:17.450+0000][7][gc,marking  ] GC(58) Concurrent Preclean 0.264ms
[2021-05-01T12:16:17.450+0000][7][gc,marking  ] GC(58) Concurrent Mark (2070.219s, 2070.310s) 90.262ms
[2021-05-01T12:16:17.450+0000][7][gc,start    ] GC(58) Pause Remark
[2021-05-01T12:16:17.456+0000][7][gc          ] GC(58) Pause Remark 115M->115M(256M) 5.926ms
[2021-05-01T12:16:17.456+0000][7][gc,cpu      ] GC(58) User=0.04s Sys=0.00s Real=0.01s
[2021-05-01T12:16:17.456+0000][7][safepoint   ] Safepoint "G1Concurrent", Time since last: 93817225 ns, Reaching safepoint: 153057 ns, At safepoint: 6003731 ns, Total: 6156788 ns
[2021-05-01T12:16:17.456+0000][7][gc,marking  ] GC(58) Concurrent Rebuild Remembered Sets
[2021-05-01T12:16:17.511+0000][7][gc,marking  ] GC(58) Concurrent Rebuild Remembered Sets 54.907ms
[2021-05-01T12:16:17.511+0000][7][gc,start    ] GC(58) Pause Cleanup
[2021-05-01T12:16:17.511+0000][7][gc          ] GC(58) Pause Cleanup 115M->115M(256M) 0.077ms
[2021-05-01T12:16:17.511+0000][7][gc,cpu      ] GC(58) User=0.00s Sys=0.00s Real=0.00s
[2021-05-01T12:16:17.511+0000][7][safepoint   ] Safepoint "G1Concurrent", Time since last: 55045459 ns, Reaching safepoint: 128420 ns, At safepoint: 122481 ns, Total: 250901 ns
[2021-05-01T12:16:17.511+0000][7][gc,marking  ] GC(58) Concurrent Cleanup for Next Mark
[2021-05-01T12:16:17.511+0000][7][gc,marking  ] GC(58) Concurrent Cleanup for Next Mark 0.156ms
[2021-05-01T12:16:17.511+0000][7][gc          ] GC(58) Concurrent Cycle 155.513ms
[2021-05-01T12:16:30.513+0000][7][safepoint   ] Safepoint "Cleanup", Time since last: 13001875523 ns, Reaching safepoint: 160549 ns, At safepoint: 6842 ns, Total: 167391 ns
[2021-05-01T12:16:40.515+0000][7][safepoint   ] Safepoint "Cleanup", Time since last: 10001699259 ns, Reaching safepoint: 104812 ns, At safepoint: 9750 ns, Total: 114562 ns
[2021-05-01T12:16:41.515+0000][7][safepoint   ] Safepoint "Cleanup", Time since last: 1000222891 ns, Reaching safepoint: 83023 ns, At safepoint: 6442 ns, Total: 89465 ns
[2021-05-01T12:17:08.519+0000][7][safepoint   ] Safepoint "Cleanup", Time since last: 27003906999 ns, Reaching safepoint: 100764 ns, At safepoint: 4476 ns, Total: 105240 ns
[2021-05-01T12:17:10.520+0000][7][safepoint   ] Safepoint "Cleanup", Time since last: 2000409373 ns, Reaching safepoint: 138005 ns, At safepoint: 4880 ns, Total: 142885 ns
[2021-05-01T12:17:31.524+0000][7][safepoint   ] Safepoint "Cleanup", Time since last: 21003693183 ns, Reaching safepoint: 163513 ns, At safepoint: 7571 ns, Total: 171084 ns
[2021-05-01T12:17:32.524+0000][7][safepoint   ] Safepoint "Cleanup", Time since last: 1000172409 ns, Reaching safepoint: 94154 ns, At safepoint: 4573 ns, Total: 98727 ns
[2021-05-01T12:17:40.525+0000][7][safepoint   ] Safepoint "Cleanup", Time since last: 8001143365 ns, Reaching safepoint: 107896 ns, At safepoint: 3402 ns, Total: 111298 ns
[2021-05-01T12:17:41.526+0000][7][safepoint   ] Safepoint "Cleanup", Time since last: 1000208980 ns, Reaching safepoint: 79457 ns, At safepoint: 5903 ns, Total: 85360 ns
[2021-05-01T12:17:42.526+0000][7][safepoint   ] Safepoint "Cleanup", Time since last: 1000188520 ns, Reaching safepoint: 75423 ns, At safepoint: 6279 ns, Total: 81702 ns
[2021-05-01T12:18:00.529+0000][7][safepoint   ] Safepoint "Cleanup", Time since last: 18002631529 ns, Reaching safepoint: 118318 ns, At safepoint: 6478 ns, Total: 124796 ns
[2021-05-01T12:18:05.530+0000][7][safepoint   ] Safepoint "Cleanup", Time since last: 5001208162 ns, Reaching safepoint: 108747 ns, At safepoint: 5574 ns, Total: 114321 ns
[2021-05-01T12:18:08.531+0000][7][safepoint   ] Safepoint "Cleanup", Time since last: 3000962114 ns, Reaching safepoint: 115827 ns, At safepoint: 5152 ns, Total: 120979 ns
[2021-05-01T12:18:10.531+0000][7][safepoint   ] Safepoint "Cleanup", Time since last: 2000368999 ns, Reaching safepoint: 106063 ns, At safepoint: 7117 ns, Total: 113180 ns
[2021-05-01T12:18:11.532+0000][7][safepoint   ] Safepoint "Cleanup", Time since last: 1000135188 ns, Reaching safepoint: 110409 ns, At safepoint: 7631 ns, Total: 118040 ns
[2021-05-01T12:18:19.533+0000][7][safepoint   ] Safepoint "Cleanup", Time since last: 8001385979 ns, Reaching safepoint: 104663 ns, At safepoint: 5353 ns, Total: 110016 ns
[2021-05-01T12:18:21.534+0000][7][safepoint   ] Safepoint "Cleanup", Time since last: 2000425774 ns, Reaching safepoint: 112402 ns, At safepoint: 6187 ns, Total: 118589 ns
[2021-05-01T12:18:25.535+0000][7][safepoint   ] Safepoint "Cleanup", Time since last: 4000733665 ns, Reaching safepoint: 109580 ns, At safepoint: 6342 ns, Total: 115922 ns
[2021-05-01T12:18:35.500+0000][7][gc,start    ] GC(59) Pause Young (Normal) (G1 Evacuation Pause)
[2021-05-01T12:18:35.500+0000][7][gc,task     ] GC(59) Using 6 workers of 8 for evacuation
[2021-05-01T12:18:35.500+0000][7][gc,age      ] GC(59) Desired survivor size 6291456 bytes, new threshold 15 (max threshold 15)
[2021-05-01T12:18:35.504+0000][7][gc,age      ] GC(59) Age table with threshold 15 (max threshold 15)
[2021-05-01T12:18:35.504+0000][7][gc,age      ] GC(59) - age   1:     604544 bytes,     604544 total
[2021-05-01T12:18:35.504+0000][7][gc,age      ] GC(59) - age   2:      15872 bytes,     620416 total
[2021-05-01T12:18:35.504+0000][7][gc,age      ] GC(59) - age   3:     341992 bytes,     962408 total
[2021-05-01T12:18:35.504+0000][7][gc,age      ] GC(59) - age   4:      77512 bytes,    1039920 total
[2021-05-01T12:18:35.504+0000][7][gc,age      ] GC(59) - age   5:       1296 bytes,    1041216 total
[2021-05-01T12:18:35.504+0000][7][gc,age      ] GC(59) - age   6:       9800 bytes,    1051016 total
[2021-05-01T12:18:35.504+0000][7][gc,age      ] GC(59) - age   7:       3560 bytes,    1054576 total
[2021-05-01T12:18:35.504+0000][7][gc,age      ] GC(59) - age   8:      58232 bytes,    1112808 total
[2021-05-01T12:18:35.504+0000][7][gc,age      ] GC(59) - age   9:       4464 bytes,    1117272 total
[2021-05-01T12:18:35.504+0000][7][gc,age      ] GC(59) - age  10:       9784 bytes,    1127056 total
[2021-05-01T12:18:35.504+0000][7][gc,age      ] GC(59) - age  11:      25520 bytes,    1152576 total
[2021-05-01T12:18:35.504+0000][7][gc,age      ] GC(59) - age  12:       8048 bytes,    1160624 total
[2021-05-01T12:18:35.504+0000][7][gc,age      ] GC(59) - age  13:      94440 bytes,    1255064 total
[2021-05-01T12:18:35.504+0000][7][gc,age      ] GC(59) - age  14:      24576 bytes,    1279640 total
[2021-05-01T12:18:35.504+0000][7][gc,age      ] GC(59) - age  15:     700296 bytes,    1979936 total
[2021-05-01T12:18:35.504+0000][7][gc,phases   ] GC(59)   Pre Evacuate Collection Set: 0.1ms
[2021-05-01T12:18:35.504+0000][7][gc,phases   ] GC(59)   Merge Heap Roots: 0.1ms
[2021-05-01T12:18:35.504+0000][7][gc,phases   ] GC(59)   Evacuate Collection Set: 3.2ms
[2021-05-01T12:18:35.504+0000][7][gc,phases   ] GC(59)   Post Evacuate Collection Set: 0.7ms
[2021-05-01T12:18:35.504+0000][7][gc,phases   ] GC(59)   Other: 0.2ms
[2021-05-01T12:18:35.504+0000][7][gc,heap     ] GC(59) Eden regions: 23->0(22)
[2021-05-01T12:18:35.504+0000][7][gc,heap     ] GC(59) Survivor regions: 1->1(3)
[2021-05-01T12:18:35.504+0000][7][gc,heap     ] GC(59) Old regions: 25->26
[2021-05-01T12:18:35.504+0000][7][gc,heap     ] GC(59) Archive regions: 2->2
[2021-05-01T12:18:35.504+0000][7][gc,heap     ] GC(59) Humongous regions: 2->2
[2021-05-01T12:18:35.504+0000][7][gc,metaspace] GC(59) Metaspace: 106498K(110724K)->106498K(110724K) NonClass: 92605K(95544K)->92605K(95544K) Class: 13892K(15180K)->13892K(15180K)
[2021-05-01T12:18:35.505+0000][7][gc          ] GC(59) Pause Young (Normal) (G1 Evacuation Pause) 206M->114M(256M) 4.251ms
[2021-05-01T12:18:35.505+0000][7][gc,cpu      ] GC(59) User=0.02s Sys=0.00s Real=0.00s
[2021-05-01T12:18:35.505+0000][7][safepoint   ] Safepoint "G1CollectForAllocation", Time since last: 9965506924 ns, Reaching safepoint: 77179 ns, At safepoint: 4319986 ns, Total: 4397165 ns
[2021-05-01T12:18:36.505+0000][7][safepoint   ] Safepoint "Cleanup", Time since last: 1000302180 ns, Reaching safepoint: 78629 ns, At safepoint: 5188 ns, Total: 83817 ns
[2021-05-01T12:18:52.508+0000][7][safepoint   ] Safepoint "Cleanup", Time since last: 16002929058 ns, Reaching safepoint: 213731 ns, At safepoint: 10826 ns, Total: 224557 ns
[2021-05-01T12:19:08.512+0000][7][safepoint   ] Safepoint "Cleanup", Time since last: 16003676275 ns, Reaching safepoint: 139727 ns, At safepoint: 5508 ns, Total: 145235 ns
[2021-05-01T12:19:11.513+0000][7][safepoint   ] Safepoint "Cleanup", Time since last: 3000566061 ns, Reaching safepoint: 84614 ns, At safepoint: 5280 ns, Total: 89894 ns
[2021-05-01T12:19:35.517+0000][7][safepoint   ] Safepoint "Cleanup", Time since last: 24004022740 ns, Reaching safepoint: 187566 ns, At safepoint: 8433 ns, Total: 195999 ns
[2021-05-01T12:19:39.518+0000][7][safepoint   ] Safepoint "Cleanup", Time since last: 4000738576 ns, Reaching safepoint: 87827 ns, At safepoint: 5717 ns, Total: 93544 ns
[2021-05-01T12:19:40.518+0000][7][safepoint   ] Safepoint "Cleanup", Time since last: 1000276254 ns, Reaching safepoint: 73183 ns, At safepoint: 6006 ns, Total: 79189 ns
[2021-05-01T12:19:45.519+0000][7][safepoint   ] Safepoint "Cleanup", Time since last: 5000951243 ns, Reaching safepoint: 87129 ns, At safepoint: 5575 ns, Total: 92704 ns
[2021-05-01T12:19:52.520+0000][7][safepoint   ] Safepoint "Cleanup", Time since last: 7000946792 ns, Reaching safepoint: 187079 ns, At safepoint: 4589 ns, Total: 191668 ns
[2021-05-01T12:20:00.521+0000][7][safepoint   ] Safepoint "Cleanup", Time since last: 8000955052 ns, Reaching safepoint: 117468 ns, At safepoint: 6512 ns, Total: 123980 ns
[2021-05-01T12:20:12.432+0000][7][safepoint   ] Safepoint "Cleanup", Time since last: 11910461124 ns, Reaching safepoint: 152851 ns, At safepoint: 8251 ns, Total: 161102 ns
[2021-05-01T12:20:27.435+0000][7][safepoint   ] Safepoint "Cleanup", Time since last: 15003101457 ns, Reaching safepoint: 97862 ns, At safepoint: 7416 ns, Total: 105278 ns
[2021-05-01T12:20:30.436+0000][7][safepoint   ] Safepoint "Cleanup", Time since last: 3000457111 ns, Reaching safepoint: 110677 ns, At safepoint: 6437 ns, Total: 117114 ns
[2021-05-01T12:20:41.617+0000][7][safepoint   ] Safepoint "Cleanup", Time since last: 11181215892 ns, Reaching safepoint: 128632 ns, At safepoint: 6591 ns, Total: 135223 ns
[2021-05-01T12:20:42.617+0000][7][safepoint   ] Safepoint "Cleanup", Time since last: 1000257456 ns, Reaching safepoint: 123470 ns, At safepoint: 6825 ns, Total: 130295 ns
[2021-05-01T12:20:54.981+0000][7][gc,start    ] GC(60) Pause Young (Concurrent Start) (G1 Evacuation Pause)
[2021-05-01T12:20:54.981+0000][7][gc,task     ] GC(60) Using 6 workers of 8 for evacuation
[2021-05-01T12:20:54.981+0000][7][gc,age      ] GC(60) Desired survivor size 6291456 bytes, new threshold 15 (max threshold 15)
[2021-05-01T12:20:54.984+0000][7][gc,age      ] GC(60) Age table with threshold 15 (max threshold 15)
[2021-05-01T12:20:54.984+0000][7][gc,age      ] GC(60) - age   1:     514464 bytes,     514464 total
[2021-05-01T12:20:54.984+0000][7][gc,age      ] GC(60) - age   2:      88384 bytes,     602848 total
[2021-05-01T12:20:54.984+0000][7][gc,age      ] GC(60) - age   3:      15848 bytes,     618696 total
[2021-05-01T12:20:54.984+0000][7][gc,age      ] GC(60) - age   4:     341992 bytes,     960688 total
[2021-05-01T12:20:54.984+0000][7][gc,age      ] GC(60) - age   5:      77488 bytes,    1038176 total
[2021-05-01T12:20:54.984+0000][7][gc,age      ] GC(60) - age   6:       1272 bytes,    1039448 total
[2021-05-01T12:20:54.984+0000][7][gc,age      ] GC(60) - age   7:       9800 bytes,    1049248 total
[2021-05-01T12:20:54.984+0000][7][gc,age      ] GC(60) - age   8:       3560 bytes,    1052808 total
[2021-05-01T12:20:54.984+0000][7][gc,age      ] GC(60) - age   9:      58032 bytes,    1110840 total
[2021-05-01T12:20:54.984+0000][7][gc,age      ] GC(60) - age  10:       4400 bytes,    1115240 total
[2021-05-01T12:20:54.984+0000][7][gc,age      ] GC(60) - age  11:       9784 bytes,    1125024 total
[2021-05-01T12:20:54.984+0000][7][gc,age      ] GC(60) - age  12:      25520 bytes,    1150544 total
[2021-05-01T12:20:54.984+0000][7][gc,age      ] GC(60) - age  13:       8048 bytes,    1158592 total
[2021-05-01T12:20:54.984+0000][7][gc,age      ] GC(60) - age  14:      94440 bytes,    1253032 total
[2021-05-01T12:20:54.984+0000][7][gc,age      ] GC(60) - age  15:      24576 bytes,    1277608 total
[2021-05-01T12:20:54.984+0000][7][gc,phases   ] GC(60)   Pre Evacuate Collection Set: 0.1ms
[2021-05-01T12:20:54.984+0000][7][gc,phases   ] GC(60)   Merge Heap Roots: 0.1ms
[2021-05-01T12:20:54.984+0000][7][gc,phases   ] GC(60)   Evacuate Collection Set: 2.1ms
[2021-05-01T12:20:54.984+0000][7][gc,phases   ] GC(60)   Post Evacuate Collection Set: 0.4ms
[2021-05-01T12:20:54.984+0000][7][gc,phases   ] GC(60)   Other: 0.2ms
[2021-05-01T12:20:54.984+0000][7][gc,heap     ] GC(60) Eden regions: 22->0(22)
[2021-05-01T12:20:54.984+0000][7][gc,heap     ] GC(60) Survivor regions: 1->1(3)
[2021-05-01T12:20:54.984+0000][7][gc,heap     ] GC(60) Old regions: 26->26
[2021-05-01T12:20:54.984+0000][7][gc,heap     ] GC(60) Archive regions: 2->2
[2021-05-01T12:20:54.984+0000][7][gc,heap     ] GC(60) Humongous regions: 2->2
[2021-05-01T12:20:54.984+0000][7][gc,metaspace] GC(60) Metaspace: 106538K(110724K)->106538K(110724K) NonClass: 92645K(95544K)->92645K(95544K) Class: 13892K(15180K)->13892K(15180K)
[2021-05-01T12:20:54.984+0000][7][gc          ] GC(60) Pause Young (Concurrent Start) (G1 Evacuation Pause) 202M->114M(256M) 3.022ms
[2021-05-01T12:20:54.984+0000][7][gc,cpu      ] GC(60) User=0.01s Sys=0.00s Real=0.00s
[2021-05-01T12:20:54.984+0000][7][safepoint   ] Safepoint "G1CollectForAllocation", Time since last: 12363168366 ns, Reaching safepoint: 167013 ns, At safepoint: 3085127 ns, Total: 3252140 ns
[2021-05-01T12:20:54.984+0000][7][gc          ] GC(61) Concurrent Cycle
[2021-05-01T12:20:54.984+0000][7][gc,marking  ] GC(61) Concurrent Clear Claimed Marks
[2021-05-01T12:20:54.984+0000][7][gc,marking  ] GC(61) Concurrent Clear Claimed Marks 0.047ms
[2021-05-01T12:20:54.984+0000][7][gc,marking  ] GC(61) Concurrent Scan Root Regions
[2021-05-01T12:20:54.985+0000][7][gc,marking  ] GC(61) Concurrent Scan Root Regions 1.352ms
[2021-05-01T12:20:54.985+0000][7][gc,marking  ] GC(61) Concurrent Mark (2347.845s)
[2021-05-01T12:20:54.985+0000][7][gc,marking  ] GC(61) Concurrent Mark From Roots
[2021-05-01T12:20:54.985+0000][7][gc,task     ] GC(61) Using 2 workers of 2 for marking
[2021-05-01T12:20:55.067+0000][7][gc,marking  ] GC(61) Concurrent Mark From Roots 82.068ms
[2021-05-01T12:20:55.067+0000][7][gc,marking  ] GC(61) Concurrent Preclean
[2021-05-01T12:20:55.068+0000][7][gc,marking  ] GC(61) Concurrent Preclean 0.260ms
[2021-05-01T12:20:55.068+0000][7][gc,marking  ] GC(61) Concurrent Mark (2347.845s, 2347.928s) 82.377ms
[2021-05-01T12:20:55.068+0000][7][gc,start    ] GC(61) Pause Remark
[2021-05-01T12:20:55.078+0000][7][gc          ] GC(61) Pause Remark 114M->114M(256M) 10.142ms
[2021-05-01T12:20:55.078+0000][7][gc,cpu      ] GC(61) User=0.05s Sys=0.00s Real=0.01s
[2021-05-01T12:20:55.078+0000][7][safepoint   ] Safepoint "G1Concurrent", Time since last: 83852255 ns, Reaching safepoint: 142853 ns, At safepoint: 10231594 ns, Total: 10374447 ns
[2021-05-01T12:20:55.078+0000][7][gc,marking  ] GC(61) Concurrent Rebuild Remembered Sets
[2021-05-01T12:20:55.134+0000][7][gc,marking  ] GC(61) Concurrent Rebuild Remembered Sets 56.028ms
[2021-05-01T12:20:55.134+0000][7][gc,start    ] GC(61) Pause Cleanup
[2021-05-01T12:20:55.134+0000][7][gc          ] GC(61) Pause Cleanup 114M->114M(256M) 0.071ms
[2021-05-01T12:20:55.134+0000][7][gc,cpu      ] GC(61) User=0.00s Sys=0.00s Real=0.00s
[2021-05-01T12:20:55.134+0000][7][safepoint   ] Safepoint "G1Concurrent", Time since last: 56153884 ns, Reaching safepoint: 118618 ns, At safepoint: 112004 ns, Total: 230622 ns
[2021-05-01T12:20:55.134+0000][7][gc,marking  ] GC(61) Concurrent Cleanup for Next Mark
[2021-05-01T12:20:55.135+0000][7][gc,marking  ] GC(61) Concurrent Cleanup for Next Mark 0.210ms
[2021-05-01T12:20:55.135+0000][7][gc          ] GC(61) Concurrent Cycle 150.861ms
[2021-05-01T12:20:56.135+0000][7][safepoint   ] Safepoint "Cleanup", Time since last: 1000293097 ns, Reaching safepoint: 112095 ns, At safepoint: 6284 ns, Total: 118379 ns
[2021-05-01T12:20:57.135+0000][7][safepoint   ] Safepoint "Cleanup", Time since last: 1000117571 ns, Reaching safepoint: 161286 ns, At safepoint: 11429 ns, Total: 172715 ns
[2021-05-01T12:20:58.136+0000][7][safepoint   ] Safepoint "Cleanup", Time since last: 1000295186 ns, Reaching safepoint: 125423 ns, At safepoint: 6603 ns, Total: 132026 ns
[2021-05-01T12:21:00.136+0000][7][safepoint   ] Safepoint "Cleanup", Time since last: 2000345402 ns, Reaching safepoint: 153321 ns, At safepoint: 6739 ns, Total: 160060 ns
[2021-05-01T12:21:02.136+0000][7][safepoint   ] Safepoint "Cleanup", Time since last: 2000363233 ns, Reaching safepoint: 84484 ns, At safepoint: 7308 ns, Total: 91792 ns
[2021-05-01T12:21:03.137+0000][7][safepoint   ] Safepoint "Cleanup", Time since last: 1000249003 ns, Reaching safepoint: 83823 ns, At safepoint: 6192 ns, Total: 90015 ns
[2021-05-01T12:21:05.137+0000][7][safepoint   ] Safepoint "Cleanup", Time since last: 2000347633 ns, Reaching safepoint: 94802 ns, At safepoint: 4577 ns, Total: 99379 ns
[2021-05-01T12:21:06.138+0000][7][safepoint   ] Safepoint "Cleanup", Time since last: 1000239642 ns, Reaching safepoint: 170607 ns, At safepoint: 7838 ns, Total: 178445 ns
[2021-05-01T12:21:09.139+0000][7][safepoint   ] Safepoint "Cleanup", Time since last: 3000819556 ns, Reaching safepoint: 225169 ns, At safepoint: 5375 ns, Total: 230544 ns
[2021-05-01T12:21:11.139+0000][7][safepoint   ] Safepoint "Cleanup", Time since last: 2000284866 ns, Reaching safepoint: 116657 ns, At safepoint: 5346 ns, Total: 122003 ns
[2021-05-01T12:21:12.139+0000][7][safepoint   ] Safepoint "Cleanup", Time since last: 1000085255 ns, Reaching safepoint: 192169 ns, At safepoint: 8147 ns, Total: 200316 ns
[2021-05-01T12:21:15.140+0000][7][safepoint   ] Safepoint "Cleanup", Time since last: 3000577143 ns, Reaching safepoint: 134356 ns, At safepoint: 6877 ns, Total: 141233 ns
[2021-05-01T12:21:20.141+0000][7][safepoint   ] Safepoint "Cleanup", Time since last: 5000925772 ns, Reaching safepoint: 197358 ns, At safepoint: 7687 ns, Total: 205045 ns
[2021-05-01T12:21:32.144+0000][7][safepoint   ] Safepoint "Cleanup", Time since last: 12002984082 ns, Reaching safepoint: 109374 ns, At safepoint: 5910 ns, Total: 115284 ns
[2021-05-01T12:21:36.145+0000][7][safepoint   ] Safepoint "Cleanup", Time since last: 4000317006 ns, Reaching safepoint: 83570 ns, At safepoint: 5599 ns, Total: 89169 ns
[2021-05-01T12:21:39.146+0000][7][safepoint   ] Safepoint "Cleanup", Time since last: 3000647539 ns, Reaching safepoint: 158077 ns, At safepoint: 4237 ns, Total: 162314 ns
[2021-05-01T12:21:40.146+0000][7][safepoint   ] Safepoint "Cleanup", Time since last: 1000166476 ns, Reaching safepoint: 144801 ns, At safepoint: 5991 ns, Total: 150792 ns
[2021-05-01T12:21:42.147+0000][7][safepoint   ] Safepoint "Cleanup", Time since last: 2000534268 ns, Reaching safepoint: 111816 ns, At safepoint: 6478 ns, Total: 118294 ns
[2021-05-01T12:21:43.147+0000][7][safepoint   ] Safepoint "Cleanup", Time since last: 1000353682 ns, Reaching safepoint: 89112 ns, At safepoint: 5564 ns, Total: 94676 ns
[2021-05-01T12:21:50.148+0000][7][safepoint   ] Safepoint "Cleanup", Time since last: 7000661994 ns, Reaching safepoint: 85615 ns, At safepoint: 4298 ns, Total: 89913 ns
[2021-05-01T12:22:05.151+0000][7][safepoint   ] Safepoint "Cleanup", Time since last: 15003278640 ns, Reaching safepoint: 99415 ns, At safepoint: 4871 ns, Total: 104286 ns
[2021-05-01T12:22:05.750+0000][7][safepoint   ] Safepoint "ICBufferFull", Time since last: 598123699 ns, Reaching safepoint: 223379 ns, At safepoint: 9384 ns, Total: 232763 ns
[2021-05-01T12:22:06.750+0000][7][safepoint   ] Safepoint "Cleanup", Time since last: 1000282456 ns, Reaching safepoint: 164802 ns, At safepoint: 10624 ns, Total: 175426 ns
[2021-05-01T12:22:07.750+0000][7][safepoint   ] Safepoint "Cleanup", Time since last: 1000386953 ns, Reaching safepoint: 83339 ns, At safepoint: 7005 ns, Total: 90344 ns
[2021-05-01T12:22:08.751+0000][7][safepoint   ] Safepoint "Cleanup", Time since last: 1000519814 ns, Reaching safepoint: 79615 ns, At safepoint: 5035 ns, Total: 84650 ns
[2021-05-01T12:22:09.751+0000][7][safepoint   ] Safepoint "Cleanup", Time since last: 1000274670 ns, Reaching safepoint: 95208 ns, At safepoint: 4973 ns, Total: 100181 ns
[2021-05-01T12:22:11.752+0000][7][safepoint   ] Safepoint "Cleanup", Time since last: 2000443641 ns, Reaching safepoint: 92679 ns, At safepoint: 7165 ns, Total: 99844 ns
[2021-05-01T12:22:32.115+0000][7][gc,start    ] GC(62) Pause Young (Normal) (G1 Evacuation Pause)
[2021-05-01T12:22:32.115+0000][7][gc,task     ] GC(62) Using 6 workers of 8 for evacuation
[2021-05-01T12:22:32.115+0000][7][gc,age      ] GC(62) Desired survivor size 6291456 bytes, new threshold 15 (max threshold 15)
[2021-05-01T12:22:32.117+0000][7][gc,age      ] GC(62) Age table with threshold 15 (max threshold 15)
[2021-05-01T12:22:32.117+0000][7][gc,age      ] GC(62) - age   1:     826288 bytes,     826288 total
[2021-05-01T12:22:32.117+0000][7][gc,age      ] GC(62) - age   2:       6120 bytes,     832408 total
[2021-05-01T12:22:32.117+0000][7][gc,age      ] GC(62) - age   3:      87896 bytes,     920304 total
[2021-05-01T12:22:32.117+0000][7][gc,age      ] GC(62) - age   4:      15600 bytes,     935904 total
[2021-05-01T12:22:32.117+0000][7][gc,age      ] GC(62) - age   5:     264600 bytes,    1200504 total
[2021-05-01T12:22:32.117+0000][7][gc,age      ] GC(62) - age   6:       2960 bytes,    1203464 total
[2021-05-01T12:22:32.117+0000][7][gc,age      ] GC(62) - age   7:       1272 bytes,    1204736 total
[2021-05-01T12:22:32.117+0000][7][gc,age      ] GC(62) - age   8:       9800 bytes,    1214536 total
[2021-05-01T12:22:32.117+0000][7][gc,age      ] GC(62) - age   9:       3560 bytes,    1218096 total
[2021-05-01T12:22:32.117+0000][7][gc,age      ] GC(62) - age  10:      53072 bytes,    1271168 total
[2021-05-01T12:22:32.117+0000][7][gc,age      ] GC(62) - age  11:       4400 bytes,    1275568 total
[2021-05-01T12:22:32.117+0000][7][gc,age      ] GC(62) - age  12:       9784 bytes,    1285352 total
[2021-05-01T12:22:32.117+0000][7][gc,age      ] GC(62) - age  13:      25520 bytes,    1310872 total
[2021-05-01T12:22:32.117+0000][7][gc,age      ] GC(62) - age  14:       8048 bytes,    1318920 total
[2021-05-01T12:22:32.117+0000][7][gc,age      ] GC(62) - age  15:      94440 bytes,    1413360 total
[2021-05-01T12:22:32.118+0000][7][gc,phases   ] GC(62)   Pre Evacuate Collection Set: 0.0ms
[2021-05-01T12:22:32.118+0000][7][gc,phases   ] GC(62)   Merge Heap Roots: 0.0ms
[2021-05-01T12:22:32.118+0000][7][gc,phases   ] GC(62)   Evacuate Collection Set: 2.0ms
[2021-05-01T12:22:32.118+0000][7][gc,phases   ] GC(62)   Post Evacuate Collection Set: 0.6ms
[2021-05-01T12:22:32.118+0000][7][gc,phases   ] GC(62)   Other: 0.2ms
[2021-05-01T12:22:32.118+0000][7][gc,heap     ] GC(62) Eden regions: 22->0(22)
[2021-05-01T12:22:32.118+0000][7][gc,heap     ] GC(62) Survivor regions: 1->1(3)
[2021-05-01T12:22:32.118+0000][7][gc,heap     ] GC(62) Old regions: 26->26
[2021-05-01T12:22:32.118+0000][7][gc,heap     ] GC(62) Archive regions: 2->2
[2021-05-01T12:22:32.118+0000][7][gc,heap     ] GC(62) Humongous regions: 2->2
[2021-05-01T12:22:32.118+0000][7][gc,metaspace] GC(62) Metaspace: 106589K(110724K)->106589K(110724K) NonClass: 92700K(95544K)->92700K(95544K) Class: 13889K(15180K)->13889K(15180K)
[2021-05-01T12:22:32.118+0000][7][gc          ] GC(62) Pause Young (Normal) (G1 Evacuation Pause) 202M->114M(256M) 3.001ms
[2021-05-01T12:22:32.118+0000][7][gc,cpu      ] GC(62) User=0.01s Sys=0.00s Real=0.01s
[2021-05-01T12:22:32.118+0000][7][safepoint   ] Safepoint "G1CollectForAllocation", Time since last: 20362439740 ns, Reaching safepoint: 176807 ns, At safepoint: 3077224 ns, Total: 3254031 ns
[2021-05-01T12:23:06.123+0000][7][safepoint   ] Safepoint "Cleanup", Time since last: 34005593177 ns, Reaching safepoint: 116303 ns, At safepoint: 5863 ns, Total: 122166 ns
[2021-05-01T12:23:09.124+0000][7][safepoint   ] Safepoint "Cleanup", Time since last: 3000616563 ns, Reaching safepoint: 93971 ns, At safepoint: 7247 ns, Total: 101218 ns
[2021-05-01T12:24:00.132+0000][7][safepoint   ] Safepoint "Cleanup", Time since last: 51007546069 ns, Reaching safepoint: 130874 ns, At safepoint: 7202 ns, Total: 138076 ns
[2021-05-01T12:24:09.133+0000][7][safepoint   ] Safepoint "Cleanup", Time since last: 9001314325 ns, Reaching safepoint: 77360 ns, At safepoint: 6174 ns, Total: 83534 ns
[2021-05-01T12:24:12.134+0000][7][safepoint   ] Safepoint "Cleanup", Time since last: 3000577028 ns, Reaching safepoint: 100514 ns, At safepoint: 8121 ns, Total: 108635 ns
[2021-05-01T12:24:20.136+0000][7][safepoint   ] Safepoint "Cleanup", Time since last: 8001760300 ns, Reaching safepoint: 162747 ns, At safepoint: 7552 ns, Total: 170299 ns
[2021-05-01T12:24:36.139+0000][7][safepoint   ] Safepoint "Cleanup", Time since last: 16002633301 ns, Reaching safepoint: 140108 ns, At safepoint: 5252 ns, Total: 145360 ns
[2021-05-01T12:24:40.140+0000][7][safepoint   ] Safepoint "Cleanup", Time since last: 4000832309 ns, Reaching safepoint: 128020 ns, At safepoint: 6584 ns, Total: 134604 ns
[2021-05-01T12:24:42.140+0000][7][safepoint   ] Safepoint "Cleanup", Time since last: 2000624753 ns, Reaching safepoint: 223305 ns, At safepoint: 7114 ns, Total: 230419 ns
[2021-05-01T12:24:49.622+0000][7][gc,start    ] GC(63) Pause Young (Concurrent Start) (G1 Evacuation Pause)
[2021-05-01T12:24:49.622+0000][7][gc,task     ] GC(63) Using 6 workers of 8 for evacuation
[2021-05-01T12:24:49.622+0000][7][gc,age      ] GC(63) Desired survivor size 6291456 bytes, new threshold 15 (max threshold 15)
[2021-05-01T12:24:49.625+0000][7][gc,age      ] GC(63) Age table with threshold 15 (max threshold 15)
[2021-05-01T12:24:49.625+0000][7][gc,age      ] GC(63) - age   1:     512320 bytes,     512320 total
[2021-05-01T12:24:49.625+0000][7][gc,age      ] GC(63) - age   2:     305888 bytes,     818208 total
[2021-05-01T12:24:49.625+0000][7][gc,age      ] GC(63) - age   3:       5880 bytes,     824088 total
[2021-05-01T12:24:49.625+0000][7][gc,age      ] GC(63) - age   4:      87896 bytes,     911984 total
[2021-05-01T12:24:49.625+0000][7][gc,age      ] GC(63) - age   5:      15360 bytes,     927344 total
[2021-05-01T12:24:49.625+0000][7][gc,age      ] GC(63) - age   6:     264600 bytes,    1191944 total
[2021-05-01T12:24:49.625+0000][7][gc,age      ] GC(63) - age   7:       2960 bytes,    1194904 total
[2021-05-01T12:24:49.625+0000][7][gc,age      ] GC(63) - age   8:       1272 bytes,    1196176 total
[2021-05-01T12:24:49.625+0000][7][gc,age      ] GC(63) - age   9:       9800 bytes,    1205976 total
[2021-05-01T12:24:49.625+0000][7][gc,age      ] GC(63) - age  10:       3560 bytes,    1209536 total
[2021-05-01T12:24:49.625+0000][7][gc,age      ] GC(63) - age  11:      53072 bytes,    1262608 total
[2021-05-01T12:24:49.625+0000][7][gc,age      ] GC(63) - age  12:       4400 bytes,    1267008 total
[2021-05-01T12:24:49.625+0000][7][gc,age      ] GC(63) - age  13:       9784 bytes,    1276792 total
[2021-05-01T12:24:49.625+0000][7][gc,age      ] GC(63) - age  14:      25520 bytes,    1302312 total
[2021-05-01T12:24:49.625+0000][7][gc,age      ] GC(63) - age  15:       8048 bytes,    1310360 total
[2021-05-01T12:24:49.625+0000][7][gc,phases   ] GC(63)   Pre Evacuate Collection Set: 0.1ms
[2021-05-01T12:24:49.625+0000][7][gc,phases   ] GC(63)   Merge Heap Roots: 0.0ms
[2021-05-01T12:24:49.625+0000][7][gc,phases   ] GC(63)   Evacuate Collection Set: 1.5ms
[2021-05-01T12:24:49.625+0000][7][gc,phases   ] GC(63)   Post Evacuate Collection Set: 0.4ms
[2021-05-01T12:24:49.625+0000][7][gc,phases   ] GC(63)   Other: 0.2ms
[2021-05-01T12:24:49.625+0000][7][gc,heap     ] GC(63) Eden regions: 22->0(22)
[2021-05-01T12:24:49.625+0000][7][gc,heap     ] GC(63) Survivor regions: 1->1(3)
[2021-05-01T12:24:49.625+0000][7][gc,heap     ] GC(63) Old regions: 26->26
[2021-05-01T12:24:49.625+0000][7][gc,heap     ] GC(63) Archive regions: 2->2
[2021-05-01T12:24:49.625+0000][7][gc,heap     ] GC(63) Humongous regions: 2->2
[2021-05-01T12:24:49.625+0000][7][gc,metaspace] GC(63) Metaspace: 106653K(110980K)->106653K(110980K) NonClass: 92764K(95800K)->92764K(95800K) Class: 13889K(15180K)->13889K(15180K)
[2021-05-01T12:24:49.625+0000][7][gc          ] GC(63) Pause Young (Concurrent Start) (G1 Evacuation Pause) 202M->114M(256M) 2.381ms
[2021-05-01T12:24:49.625+0000][7][gc,cpu      ] GC(63) User=0.01s Sys=0.00s Real=0.00s
[2021-05-01T12:24:49.625+0000][7][safepoint   ] Safepoint "G1CollectForAllocation", Time since last: 7481832408 ns, Reaching safepoint: 95666 ns, At safepoint: 2445231 ns, Total: 2540897 ns
[2021-05-01T12:24:49.625+0000][7][gc          ] GC(64) Concurrent Cycle
[2021-05-01T12:24:49.625+0000][7][gc,marking  ] GC(64) Concurrent Clear Claimed Marks
[2021-05-01T12:24:49.625+0000][7][gc,marking  ] GC(64) Concurrent Clear Claimed Marks 0.084ms
[2021-05-01T12:24:49.625+0000][7][gc,marking  ] GC(64) Concurrent Scan Root Regions
[2021-05-01T12:24:49.626+0000][7][gc,marking  ] GC(64) Concurrent Scan Root Regions 0.887ms
[2021-05-01T12:24:49.626+0000][7][gc,marking  ] GC(64) Concurrent Mark (2582.486s)
[2021-05-01T12:24:49.626+0000][7][gc,marking  ] GC(64) Concurrent Mark From Roots
[2021-05-01T12:24:49.626+0000][7][gc,task     ] GC(64) Using 2 workers of 2 for marking
[2021-05-01T12:24:49.713+0000][7][gc,marking  ] GC(64) Concurrent Mark From Roots 87.296ms
[2021-05-01T12:24:49.713+0000][7][gc,marking  ] GC(64) Concurrent Preclean
[2021-05-01T12:24:49.713+0000][7][gc,marking  ] GC(64) Concurrent Preclean 0.202ms
[2021-05-01T12:24:49.713+0000][7][gc,marking  ] GC(64) Concurrent Mark (2582.486s, 2582.573s) 87.545ms
[2021-05-01T12:24:49.713+0000][7][gc,start    ] GC(64) Pause Remark
[2021-05-01T12:24:49.718+0000][7][gc          ] GC(64) Pause Remark 114M->114M(256M) 4.426ms
[2021-05-01T12:24:49.718+0000][7][gc,cpu      ] GC(64) User=0.03s Sys=0.00s Real=0.01s
[2021-05-01T12:24:49.718+0000][7][safepoint   ] Safepoint "G1Concurrent", Time since last: 88596486 ns, Reaching safepoint: 119740 ns, At safepoint: 4497924 ns, Total: 4617664 ns
[2021-05-01T12:24:49.718+0000][7][gc,marking  ] GC(64) Concurrent Rebuild Remembered Sets
[2021-05-01T12:24:49.773+0000][7][gc,marking  ] GC(64) Concurrent Rebuild Remembered Sets 54.513ms
[2021-05-01T12:24:49.773+0000][7][gc,start    ] GC(64) Pause Cleanup
[2021-05-01T12:24:49.773+0000][7][gc          ] GC(64) Pause Cleanup 114M->114M(256M) 0.069ms
[2021-05-01T12:24:49.773+0000][7][gc,cpu      ] GC(64) User=0.00s Sys=0.00s Real=0.00s
[2021-05-01T12:24:49.773+0000][7][safepoint   ] Safepoint "G1Concurrent", Time since last: 54613878 ns, Reaching safepoint: 143212 ns, At safepoint: 106200 ns, Total: 249412 ns
[2021-05-01T12:24:49.773+0000][7][gc,marking  ] GC(64) Concurrent Cleanup for Next Mark
[2021-05-01T12:24:49.773+0000][7][gc,marking  ] GC(64) Concurrent Cleanup for Next Mark 0.185ms
[2021-05-01T12:24:49.773+0000][7][gc          ] GC(64) Concurrent Cycle 148.366ms
[2021-05-01T12:24:55.774+0000][7][safepoint   ] Safepoint "Cleanup", Time since last: 6001031901 ns, Reaching safepoint: 135888 ns, At safepoint: 7385 ns, Total: 143273 ns
[2021-05-01T12:25:05.776+0000][7][safepoint   ] Safepoint "Cleanup", Time since last: 10001558924 ns, Reaching safepoint: 123181 ns, At safepoint: 6511 ns, Total: 129692 ns
[2021-05-01T12:25:08.777+0000][7][safepoint   ] Safepoint "Cleanup", Time since last: 3000718161 ns, Reaching safepoint: 94023 ns, At safepoint: 5345 ns, Total: 99368 ns
[2021-05-01T12:25:11.777+0000][7][safepoint   ] Safepoint "Cleanup", Time since last: 3000595563 ns, Reaching safepoint: 111579 ns, At safepoint: 6545 ns, Total: 118124 ns
[2021-05-01T12:25:33.780+0000][7][safepoint   ] Safepoint "Cleanup", Time since last: 22002808273 ns, Reaching safepoint: 115049 ns, At safepoint: 6956 ns, Total: 122005 ns
[2021-05-01T12:25:35.781+0000][7][safepoint   ] Safepoint "Cleanup", Time since last: 2000369693 ns, Reaching safepoint: 89039 ns, At safepoint: 5432 ns, Total: 94471 ns
[2021-05-01T12:25:40.787+0000][7][safepoint   ] Safepoint "Cleanup", Time since last: 5006423629 ns, Reaching safepoint: 98124 ns, At safepoint: 6519 ns, Total: 104643 ns
[2021-05-01T12:25:41.788+0000][7][safepoint   ] Safepoint "Cleanup", Time since last: 1000284639 ns, Reaching safepoint: 94019 ns, At safepoint: 6563 ns, Total: 100582 ns
[2021-05-01T12:25:45.788+0000][7][safepoint   ] Safepoint "Cleanup", Time since last: 4000563271 ns, Reaching safepoint: 96942 ns, At safepoint: 4537 ns, Total: 101479 ns
[2021-05-01T12:25:49.789+0000][7][safepoint   ] Safepoint "Cleanup", Time since last: 4000671555 ns, Reaching safepoint: 149936 ns, At safepoint: 5351 ns, Total: 155287 ns
[2021-05-01T12:26:00.791+0000][7][safepoint   ] Safepoint "Cleanup", Time since last: 11002188978 ns, Reaching safepoint: 125720 ns, At safepoint: 5452 ns, Total: 131172 ns
[2021-05-01T12:26:08.793+0000][7][safepoint   ] Safepoint "Cleanup", Time since last: 8001827938 ns, Reaching safepoint: 125730 ns, At safepoint: 8071 ns, Total: 133801 ns
[2021-05-01T12:26:11.794+0000][7][safepoint   ] Safepoint "Cleanup", Time since last: 3000462757 ns, Reaching safepoint: 114629 ns, At safepoint: 5899 ns, Total: 120528 ns
[2021-05-01T12:26:38.799+0000][7][safepoint   ] Safepoint "Cleanup", Time since last: 27005191730 ns, Reaching safepoint: 94606 ns, At safepoint: 5858 ns, Total: 100464 ns
[2021-05-01T12:26:40.800+0000][7][safepoint   ] Safepoint "Cleanup", Time since last: 2000643483 ns, Reaching safepoint: 101684 ns, At safepoint: 6047 ns, Total: 107731 ns
[2021-05-01T12:26:41.800+0000][7][safepoint   ] Safepoint "Cleanup", Time since last: 1000241396 ns, Reaching safepoint: 78974 ns, At safepoint: 5298 ns, Total: 84272 ns
[2021-05-01T12:26:49.802+0000][7][safepoint   ] Safepoint "Cleanup", Time since last: 8001450151 ns, Reaching safepoint: 160701 ns, At safepoint: 9599 ns, Total: 170300 ns
[2021-05-01T12:27:08.476+0000][7][gc,start    ] GC(65) Pause Young (Normal) (G1 Evacuation Pause)
[2021-05-01T12:27:08.476+0000][7][gc,task     ] GC(65) Using 6 workers of 8 for evacuation
[2021-05-01T12:27:08.476+0000][7][gc,age      ] GC(65) Desired survivor size 6291456 bytes, new threshold 15 (max threshold 15)
[2021-05-01T12:27:08.479+0000][7][gc,age      ] GC(65) Age table with threshold 15 (max threshold 15)
[2021-05-01T12:27:08.479+0000][7][gc,age      ] GC(65) - age   1:     522216 bytes,     522216 total
[2021-05-01T12:27:08.479+0000][7][gc,age      ] GC(65) - age   2:       5016 bytes,     527232 total
[2021-05-01T12:27:08.479+0000][7][gc,age      ] GC(65) - age   3:     183992 bytes,     711224 total
[2021-05-01T12:27:08.479+0000][7][gc,age      ] GC(65) - age   4:       5784 bytes,     717008 total
[2021-05-01T12:27:08.479+0000][7][gc,age      ] GC(65) - age   5:      87800 bytes,     804808 total
[2021-05-01T12:27:08.479+0000][7][gc,age      ] GC(65) - age   6:      15360 bytes,     820168 total
[2021-05-01T12:27:08.479+0000][7][gc,age      ] GC(65) - age   7:     264600 bytes,    1084768 total
[2021-05-01T12:27:08.479+0000][7][gc,age      ] GC(65) - age   8:       2752 bytes,    1087520 total
[2021-05-01T12:27:08.479+0000][7][gc,age      ] GC(65) - age   9:       1272 bytes,    1088792 total
[2021-05-01T12:27:08.479+0000][7][gc,age      ] GC(65) - age  10:       9800 bytes,    1098592 total
[2021-05-01T12:27:08.479+0000][7][gc,age      ] GC(65) - age  11:       3560 bytes,    1102152 total
[2021-05-01T12:27:08.479+0000][7][gc,age      ] GC(65) - age  12:      53072 bytes,    1155224 total
[2021-05-01T12:27:08.479+0000][7][gc,age      ] GC(65) - age  13:       4400 bytes,    1159624 total
[2021-05-01T12:27:08.479+0000][7][gc,age      ] GC(65) - age  14:       9784 bytes,    1169408 total
[2021-05-01T12:27:08.479+0000][7][gc,age      ] GC(65) - age  15:      25520 bytes,    1194928 total
[2021-05-01T12:27:08.479+0000][7][gc,phases   ] GC(65)   Pre Evacuate Collection Set: 0.1ms
[2021-05-01T12:27:08.479+0000][7][gc,phases   ] GC(65)   Merge Heap Roots: 0.1ms
[2021-05-01T12:27:08.479+0000][7][gc,phases   ] GC(65)   Evacuate Collection Set: 2.2ms
[2021-05-01T12:27:08.479+0000][7][gc,phases   ] GC(65)   Post Evacuate Collection Set: 0.6ms
[2021-05-01T12:27:08.479+0000][7][gc,phases   ] GC(65)   Other: 0.3ms
[2021-05-01T12:27:08.479+0000][7][gc,heap     ] GC(65) Eden regions: 22->0(22)
[2021-05-01T12:27:08.479+0000][7][gc,heap     ] GC(65) Survivor regions: 1->1(3)
[2021-05-01T12:27:08.479+0000][7][gc,heap     ] GC(65) Old regions: 26->26
[2021-05-01T12:27:08.479+0000][7][gc,heap     ] GC(65) Archive regions: 2->2
[2021-05-01T12:27:08.479+0000][7][gc,heap     ] GC(65) Humongous regions: 2->2
[2021-05-01T12:27:08.479+0000][7][gc,metaspace] GC(65) Metaspace: 106735K(110980K)->106735K(110980K) NonClass: 92845K(95800K)->92845K(95800K) Class: 13889K(15180K)->13889K(15180K)
[2021-05-01T12:27:08.479+0000][7][gc          ] GC(65) Pause Young (Normal) (G1 Evacuation Pause) 202M->114M(256M) 3.207ms
[2021-05-01T12:27:08.479+0000][7][gc,cpu      ] GC(65) User=0.01s Sys=0.00s Real=0.00s
[2021-05-01T12:27:08.479+0000][7][safepoint   ] Safepoint "G1CollectForAllocation", Time since last: 18673732840 ns, Reaching safepoint: 120559 ns, At safepoint: 3291383 ns, Total: 3411942 ns
[2021-05-01T12:27:09.479+0000][7][safepoint   ] Safepoint "Cleanup", Time since last: 1000144509 ns, Reaching safepoint: 91616 ns, At safepoint: 5846 ns, Total: 97462 ns
[2021-05-01T12:27:11.480+0000][7][safepoint   ] Safepoint "Cleanup", Time since last: 2000557661 ns, Reaching safepoint: 140289 ns, At safepoint: 6845 ns, Total: 147134 ns
[2021-05-01T12:27:20.481+0000][7][safepoint   ] Safepoint "Cleanup", Time since last: 9001111134 ns, Reaching safepoint: 94581 ns, At safepoint: 5378 ns, Total: 99959 ns
[2021-05-01T12:27:41.485+0000][7][safepoint   ] Safepoint "Cleanup", Time since last: 21003682969 ns, Reaching safepoint: 103756 ns, At safepoint: 5711 ns, Total: 109467 ns
[2021-05-01T12:28:08.490+0000][7][safepoint   ] Safepoint "Cleanup", Time since last: 27005160540 ns, Reaching safepoint: 112007 ns, At safepoint: 7841 ns, Total: 119848 ns
[2021-05-01T12:28:09.491+0000][7][safepoint   ] Safepoint "Cleanup", Time since last: 1000536374 ns, Reaching safepoint: 162884 ns, At safepoint: 7045 ns, Total: 169929 ns
[2021-05-01T12:28:11.491+0000][7][safepoint   ] Safepoint "Cleanup", Time since last: 2000257676 ns, Reaching safepoint: 105761 ns, At safepoint: 5939 ns, Total: 111700 ns
[2021-05-01T12:28:20.495+0000][7][safepoint   ] Safepoint "Cleanup", Time since last: 9003614584 ns, Reaching safepoint: 107829 ns, At safepoint: 5753 ns, Total: 113582 ns
[2021-05-01T12:28:40.500+0000][7][safepoint   ] Safepoint "Cleanup", Time since last: 20004632371 ns, Reaching safepoint: 88713 ns, At safepoint: 5272 ns, Total: 93985 ns
[2021-05-01T12:29:08.508+0000][7][safepoint   ] Safepoint "Cleanup", Time since last: 28007671835 ns, Reaching safepoint: 95007 ns, At safepoint: 6587 ns, Total: 101594 ns
[2021-05-01T12:29:15.184+0000][7][gc,start    ] GC(66) Pause Young (Concurrent Start) (G1 Evacuation Pause)
[2021-05-01T12:29:15.184+0000][7][gc,task     ] GC(66) Using 6 workers of 8 for evacuation
[2021-05-01T12:29:15.184+0000][7][gc,age      ] GC(66) Desired survivor size 6291456 bytes, new threshold 15 (max threshold 15)
[2021-05-01T12:29:15.186+0000][7][gc,age      ] GC(66) Age table with threshold 15 (max threshold 15)
[2021-05-01T12:29:15.186+0000][7][gc,age      ] GC(66) - age   1:     516328 bytes,     516328 total
[2021-05-01T12:29:15.186+0000][7][gc,age      ] GC(66) - age   2:       3600 bytes,     519928 total
[2021-05-01T12:29:15.186+0000][7][gc,age      ] GC(66) - age   3:       4920 bytes,     524848 total
[2021-05-01T12:29:15.186+0000][7][gc,age      ] GC(66) - age   4:     183736 bytes,     708584 total
[2021-05-01T12:29:15.186+0000][7][gc,age      ] GC(66) - age   5:       5744 bytes,     714328 total
[2021-05-01T12:29:15.186+0000][7][gc,age      ] GC(66) - age   6:      87800 bytes,     802128 total
[2021-05-01T12:29:15.186+0000][7][gc,age      ] GC(66) - age   7:      15360 bytes,     817488 total
[2021-05-01T12:29:15.186+0000][7][gc,age      ] GC(66) - age   8:     264576 bytes,    1082064 total
[2021-05-01T12:29:15.186+0000][7][gc,age      ] GC(66) - age   9:       2752 bytes,    1084816 total
[2021-05-01T12:29:15.186+0000][7][gc,age      ] GC(66) - age  10:       1272 bytes,    1086088 total
[2021-05-01T12:29:15.186+0000][7][gc,age      ] GC(66) - age  11:       9800 bytes,    1095888 total
[2021-05-01T12:29:15.186+0000][7][gc,age      ] GC(66) - age  12:       3560 bytes,    1099448 total
[2021-05-01T12:29:15.186+0000][7][gc,age      ] GC(66) - age  13:      53016 bytes,    1152464 total
[2021-05-01T12:29:15.186+0000][7][gc,age      ] GC(66) - age  14:       4400 bytes,    1156864 total
[2021-05-01T12:29:15.186+0000][7][gc,age      ] GC(66) - age  15:       9784 bytes,    1166648 total
[2021-05-01T12:29:15.186+0000][7][gc,phases   ] GC(66)   Pre Evacuate Collection Set: 0.1ms
[2021-05-01T12:29:15.186+0000][7][gc,phases   ] GC(66)   Merge Heap Roots: 0.1ms
[2021-05-01T12:29:15.186+0000][7][gc,phases   ] GC(66)   Evacuate Collection Set: 1.5ms
[2021-05-01T12:29:15.186+0000][7][gc,phases   ] GC(66)   Post Evacuate Collection Set: 0.6ms
[2021-05-01T12:29:15.186+0000][7][gc,phases   ] GC(66)   Other: 0.2ms
[2021-05-01T12:29:15.186+0000][7][gc,heap     ] GC(66) Eden regions: 22->0(22)
[2021-05-01T12:29:15.186+0000][7][gc,heap     ] GC(66) Survivor regions: 1->1(3)
[2021-05-01T12:29:15.186+0000][7][gc,heap     ] GC(66) Old regions: 26->26
[2021-05-01T12:29:15.186+0000][7][gc,heap     ] GC(66) Archive regions: 2->2
[2021-05-01T12:29:15.186+0000][7][gc,heap     ] GC(66) Humongous regions: 2->2
[2021-05-01T12:29:15.186+0000][7][gc,metaspace] GC(66) Metaspace: 106761K(110980K)->106761K(110980K) NonClass: 92872K(95800K)->92872K(95800K) Class: 13889K(15180K)->13889K(15180K)
[2021-05-01T12:29:15.186+0000][7][gc          ] GC(66) Pause Young (Concurrent Start) (G1 Evacuation Pause) 202M->114M(256M) 2.466ms
[2021-05-01T12:29:15.186+0000][7][gc,cpu      ] GC(66) User=0.01s Sys=0.00s Real=0.00s
[2021-05-01T12:29:15.186+0000][7][gc          ] GC(67) Concurrent Cycle
[2021-05-01T12:29:15.186+0000][7][gc,marking  ] GC(67) Concurrent Clear Claimed Marks
[2021-05-01T12:29:15.186+0000][7][gc,marking  ] GC(67) Concurrent Clear Claimed Marks 0.046ms
[2021-05-01T12:29:15.186+0000][7][gc,marking  ] GC(67) Concurrent Scan Root Regions
[2021-05-01T12:29:15.186+0000][7][safepoint   ] Safepoint "G1CollectForAllocation", Time since last: 6676211561 ns, Reaching safepoint: 104713 ns, At safepoint: 2527194 ns, Total: 2631907 ns
[2021-05-01T12:29:15.187+0000][7][gc,marking  ] GC(67) Concurrent Scan Root Regions 0.851ms
[2021-05-01T12:29:15.187+0000][7][gc,marking  ] GC(67) Concurrent Mark (2848.047s)
[2021-05-01T12:29:15.187+0000][7][gc,marking  ] GC(67) Concurrent Mark From Roots
[2021-05-01T12:29:15.187+0000][7][gc,task     ] GC(67) Using 2 workers of 2 for marking
[2021-05-01T12:29:15.269+0000][7][gc,marking  ] GC(67) Concurrent Mark From Roots 81.498ms
[2021-05-01T12:29:15.269+0000][7][gc,marking  ] GC(67) Concurrent Preclean
[2021-05-01T12:29:15.269+0000][7][gc,marking  ] GC(67) Concurrent Preclean 0.226ms
[2021-05-01T12:29:15.269+0000][7][gc,marking  ] GC(67) Concurrent Mark (2848.047s, 2848.129s) 81.771ms
[2021-05-01T12:29:15.269+0000][7][gc,start    ] GC(67) Pause Remark
[2021-05-01T12:29:15.274+0000][7][gc          ] GC(67) Pause Remark 114M->114M(256M) 4.590ms
[2021-05-01T12:29:15.274+0000][7][gc,cpu      ] GC(67) User=0.02s Sys=0.00s Real=0.00s
[2021-05-01T12:29:15.274+0000][7][safepoint   ] Safepoint "G1Concurrent", Time since last: 82727608 ns, Reaching safepoint: 75796 ns, At safepoint: 4668971 ns, Total: 4744767 ns
[2021-05-01T12:29:15.274+0000][7][gc,marking  ] GC(67) Concurrent Rebuild Remembered Sets
[2021-05-01T12:29:15.327+0000][7][gc,marking  ] GC(67) Concurrent Rebuild Remembered Sets 52.694ms
[2021-05-01T12:29:15.327+0000][7][gc,start    ] GC(67) Pause Cleanup
[2021-05-01T12:29:15.327+0000][7][gc          ] GC(67) Pause Cleanup 114M->114M(256M) 0.077ms
[2021-05-01T12:29:15.327+0000][7][gc,cpu      ] GC(67) User=0.00s Sys=0.00s Real=0.01s
[2021-05-01T12:29:15.327+0000][7][safepoint   ] Safepoint "G1Concurrent", Time since last: 52853423 ns, Reaching safepoint: 76402 ns, At safepoint: 115838 ns, Total: 192240 ns
[2021-05-01T12:29:15.327+0000][7][gc,marking  ] GC(67) Concurrent Cleanup for Next Mark
[2021-05-01T12:29:15.327+0000][7][gc,marking  ] GC(67) Concurrent Cleanup for Next Mark 0.210ms
[2021-05-01T12:29:15.327+0000][7][gc          ] GC(67) Concurrent Cycle 140.827ms
[2021-05-01T12:29:39.333+0000][7][safepoint   ] Safepoint "Cleanup", Time since last: 24005575936 ns, Reaching safepoint: 103973 ns, At safepoint: 7147 ns, Total: 111120 ns
[2021-05-01T12:29:42.334+0000][7][safepoint   ] Safepoint "Cleanup", Time since last: 3000873701 ns, Reaching safepoint: 104406 ns, At safepoint: 5596 ns, Total: 110002 ns
[2021-05-01T12:30:12.341+0000][7][safepoint   ] Safepoint "Cleanup", Time since last: 30007003958 ns, Reaching safepoint: 89638 ns, At safepoint: 5674 ns, Total: 95312 ns
[2021-05-01T12:30:36.347+0000][7][safepoint   ] Safepoint "Cleanup", Time since last: 24006588203 ns, Reaching safepoint: 114696 ns, At safepoint: 5664 ns, Total: 120360 ns
[2021-05-01T12:30:37.348+0000][7][safepoint   ] Safepoint "Cleanup", Time since last: 1000289743 ns, Reaching safepoint: 88127 ns, At safepoint: 7939 ns, Total: 96066 ns
[2021-05-01T12:30:39.349+0000][7][safepoint   ] Safepoint "Cleanup", Time since last: 2000776896 ns, Reaching safepoint: 132025 ns, At safepoint: 6825 ns, Total: 138850 ns
[2021-05-01T12:30:42.350+0000][7][safepoint   ] Safepoint "Cleanup", Time since last: 3000775296 ns, Reaching safepoint: 163930 ns, At safepoint: 6970 ns, Total: 170900 ns
[2021-05-01T12:31:08.356+0000][7][safepoint   ] Safepoint "Cleanup", Time since last: 26005828507 ns, Reaching safepoint: 104494 ns, At safepoint: 5344 ns, Total: 109838 ns
[2021-05-01T12:31:12.357+0000][7][safepoint   ] Safepoint "Cleanup", Time since last: 4001020321 ns, Reaching safepoint: 107416 ns, At safepoint: 6863 ns, Total: 114279 ns
[2021-05-01T12:31:40.243+0000][7][gc,start    ] GC(68) Pause Young (Normal) (G1 Evacuation Pause)
[2021-05-01T12:31:40.243+0000][7][gc,task     ] GC(68) Using 6 workers of 8 for evacuation
[2021-05-01T12:31:40.243+0000][7][gc,age      ] GC(68) Desired survivor size 6291456 bytes, new threshold 15 (max threshold 15)
[2021-05-01T12:31:40.245+0000][7][gc,age      ] GC(68) Age table with threshold 15 (max threshold 15)
[2021-05-01T12:31:40.245+0000][7][gc,age      ] GC(68) - age   1:     509736 bytes,     509736 total
[2021-05-01T12:31:40.245+0000][7][gc,age      ] GC(68) - age   2:       3152 bytes,     512888 total
[2021-05-01T12:31:40.245+0000][7][gc,age      ] GC(68) - age   3:       3480 bytes,     516368 total
[2021-05-01T12:31:40.245+0000][7][gc,age      ] GC(68) - age   4:       4920 bytes,     521288 total
[2021-05-01T12:31:40.245+0000][7][gc,age      ] GC(68) - age   5:     183640 bytes,     704928 total
[2021-05-01T12:31:40.245+0000][7][gc,age      ] GC(68) - age   6:       5720 bytes,     710648 total
[2021-05-01T12:31:40.245+0000][7][gc,age      ] GC(68) - age   7:      87800 bytes,     798448 total
[2021-05-01T12:31:40.245+0000][7][gc,age      ] GC(68) - age   8:      15360 bytes,     813808 total
[2021-05-01T12:31:40.245+0000][7][gc,age      ] GC(68) - age   9:     264576 bytes,    1078384 total
[2021-05-01T12:31:40.245+0000][7][gc,age      ] GC(68) - age  10:       2752 bytes,    1081136 total
[2021-05-01T12:31:40.245+0000][7][gc,age      ] GC(68) - age  11:       1272 bytes,    1082408 total
[2021-05-01T12:31:40.245+0000][7][gc,age      ] GC(68) - age  12:       9776 bytes,    1092184 total
[2021-05-01T12:31:40.245+0000][7][gc,age      ] GC(68) - age  13:       3464 bytes,    1095648 total
[2021-05-01T12:31:40.245+0000][7][gc,age      ] GC(68) - age  14:      53016 bytes,    1148664 total
[2021-05-01T12:31:40.245+0000][7][gc,age      ] GC(68) - age  15:       4400 bytes,    1153064 total
[2021-05-01T12:31:40.245+0000][7][gc,phases   ] GC(68)   Pre Evacuate Collection Set: 0.0ms
[2021-05-01T12:31:40.245+0000][7][gc,phases   ] GC(68)   Merge Heap Roots: 0.0ms
[2021-05-01T12:31:40.245+0000][7][gc,phases   ] GC(68)   Evacuate Collection Set: 1.5ms
[2021-05-01T12:31:40.245+0000][7][gc,phases   ] GC(68)   Post Evacuate Collection Set: 0.5ms
[2021-05-01T12:31:40.245+0000][7][gc,phases   ] GC(68)   Other: 0.2ms
[2021-05-01T12:31:40.245+0000][7][gc,heap     ] GC(68) Eden regions: 22->0(22)
[2021-05-01T12:31:40.245+0000][7][gc,heap     ] GC(68) Survivor regions: 1->1(3)
[2021-05-01T12:31:40.245+0000][7][gc,heap     ] GC(68) Old regions: 26->26
[2021-05-01T12:31:40.245+0000][7][gc,heap     ] GC(68) Archive regions: 2->2
[2021-05-01T12:31:40.245+0000][7][gc,heap     ] GC(68) Humongous regions: 2->2
[2021-05-01T12:31:40.245+0000][7][gc,metaspace] GC(68) Metaspace: 106801K(110980K)->106801K(110980K) NonClass: 92911K(95800K)->92911K(95800K) Class: 13889K(15180K)->13889K(15180K)
[2021-05-01T12:31:40.245+0000][7][gc          ] GC(68) Pause Young (Normal) (G1 Evacuation Pause) 202M->114M(256M) 2.406ms
[2021-05-01T12:31:40.245+0000][7][gc,cpu      ] GC(68) User=0.01s Sys=0.00s Real=0.00s
[2021-05-01T12:31:40.245+0000][7][safepoint   ] Safepoint "G1CollectForAllocation", Time since last: 27885680793 ns, Reaching safepoint: 104086 ns, At safepoint: 2466631 ns, Total: 2570717 ns
[2021-05-01T12:31:42.245+0000][7][safepoint   ] Safepoint "Cleanup", Time since last: 2000205746 ns, Reaching safepoint: 92537 ns, At safepoint: 5804 ns, Total: 98341 ns
[2021-05-01T12:32:06.250+0000][7][safepoint   ] Safepoint "Cleanup", Time since last: 24005017631 ns, Reaching safepoint: 124968 ns, At safepoint: 6069 ns, Total: 131037 ns
[2021-05-01T12:32:09.251+0000][7][safepoint   ] Safepoint "Cleanup", Time since last: 3000580198 ns, Reaching safepoint: 107383 ns, At safepoint: 6968 ns, Total: 114351 ns
[2021-05-01T12:32:11.252+0000][7][safepoint   ] Safepoint "Cleanup", Time since last: 2000734746 ns, Reaching safepoint: 115834 ns, At safepoint: 6306 ns, Total: 122140 ns
[2021-05-01T12:32:12.252+0000][7][safepoint   ] Safepoint "Cleanup", Time since last: 1000222029 ns, Reaching safepoint: 120858 ns, At safepoint: 6284 ns, Total: 127142 ns
[2021-05-01T12:32:23.256+0000][7][safepoint   ] Safepoint "Cleanup", Time since last: 11003298206 ns, Reaching safepoint: 122413 ns, At safepoint: 6209 ns, Total: 128622 ns
[2021-05-01T12:32:32.257+0000][7][safepoint   ] Safepoint "Cleanup", Time since last: 9001560321 ns, Reaching safepoint: 124046 ns, At safepoint: 6160 ns, Total: 130206 ns
[2021-05-01T12:32:36.259+0000][7][safepoint   ] Safepoint "Cleanup", Time since last: 4001027698 ns, Reaching safepoint: 75141 ns, At safepoint: 4786 ns, Total: 79927 ns
[2021-05-01T12:32:39.260+0000][7][safepoint   ] Safepoint "Cleanup", Time since last: 3000880235 ns, Reaching safepoint: 105359 ns, At safepoint: 5540 ns, Total: 110899 ns
[2021-05-01T12:32:42.260+0000][7][safepoint   ] Safepoint "Cleanup", Time since last: 3000433413 ns, Reaching safepoint: 110553 ns, At safepoint: 6879 ns, Total: 117432 ns
[2021-05-01T12:32:48.262+0000][7][safepoint   ] Safepoint "Cleanup", Time since last: 6001397410 ns, Reaching safepoint: 115790 ns, At safepoint: 8443 ns, Total: 124233 ns
[2021-05-01T12:33:06.266+0000][7][safepoint   ] Safepoint "Cleanup", Time since last: 18004464551 ns, Reaching safepoint: 150966 ns, At safepoint: 5932 ns, Total: 156898 ns
[2021-05-01T12:33:08.267+0000][7][safepoint   ] Safepoint "Cleanup", Time since last: 2000660089 ns, Reaching safepoint: 103900 ns, At safepoint: 6283 ns, Total: 110183 ns
[2021-05-01T12:33:12.584+0000][7][gc,start    ] GC(69) Pause Young (Concurrent Start) (G1 Evacuation Pause)
[2021-05-01T12:33:12.584+0000][7][gc,task     ] GC(69) Using 6 workers of 8 for evacuation
[2021-05-01T12:33:12.584+0000][7][gc,age      ] GC(69) Desired survivor size 6291456 bytes, new threshold 15 (max threshold 15)
[2021-05-01T12:33:12.586+0000][7][gc,age      ] GC(69) Age table with threshold 15 (max threshold 15)
[2021-05-01T12:33:12.586+0000][7][gc,age      ] GC(69) - age   1:     793376 bytes,     793376 total
[2021-05-01T12:33:12.586+0000][7][gc,age      ] GC(69) - age   2:       1728 bytes,     795104 total
[2021-05-01T12:33:12.586+0000][7][gc,age      ] GC(69) - age   3:       2888 bytes,     797992 total
[2021-05-01T12:33:12.586+0000][7][gc,age      ] GC(69) - age   4:       3280 bytes,     801272 total
[2021-05-01T12:33:12.586+0000][7][gc,age      ] GC(69) - age   5:       4584 bytes,     805856 total
[2021-05-01T12:33:12.586+0000][7][gc,age      ] GC(69) - age   6:       5808 bytes,     811664 total
[2021-05-01T12:33:12.586+0000][7][gc,age      ] GC(69) - age   7:       5696 bytes,     817360 total
[2021-05-01T12:33:12.586+0000][7][gc,age      ] GC(69) - age   8:      87568 bytes,     904928 total
[2021-05-01T12:33:12.586+0000][7][gc,age      ] GC(69) - age   9:      15360 bytes,     920288 total
[2021-05-01T12:33:12.586+0000][7][gc,age      ] GC(69) - age  10:     263920 bytes,    1184208 total
[2021-05-01T12:33:12.586+0000][7][gc,age      ] GC(69) - age  11:       2160 bytes,    1186368 total
[2021-05-01T12:33:12.586+0000][7][gc,age      ] GC(69) - age  12:       1272 bytes,    1187640 total
[2021-05-01T12:33:12.586+0000][7][gc,age      ] GC(69) - age  13:       9776 bytes,    1197416 total
[2021-05-01T12:33:12.586+0000][7][gc,age      ] GC(69) - age  14:       3464 bytes,    1200880 total
[2021-05-01T12:33:12.586+0000][7][gc,age      ] GC(69) - age  15:      52840 bytes,    1253720 total
[2021-05-01T12:33:12.586+0000][7][gc,phases   ] GC(69)   Pre Evacuate Collection Set: 0.1ms
[2021-05-01T12:33:12.586+0000][7][gc,phases   ] GC(69)   Merge Heap Roots: 0.1ms
[2021-05-01T12:33:12.586+0000][7][gc,phases   ] GC(69)   Evacuate Collection Set: 1.4ms
[2021-05-01T12:33:12.586+0000][7][gc,phases   ] GC(69)   Post Evacuate Collection Set: 0.6ms
[2021-05-01T12:33:12.586+0000][7][gc,phases   ] GC(69)   Other: 0.2ms
[2021-05-01T12:33:12.586+0000][7][gc,heap     ] GC(69) Eden regions: 22->0(22)
[2021-05-01T12:33:12.586+0000][7][gc,heap     ] GC(69) Survivor regions: 1->1(3)
[2021-05-01T12:33:12.586+0000][7][gc,heap     ] GC(69) Old regions: 26->26
[2021-05-01T12:33:12.586+0000][7][gc,heap     ] GC(69) Archive regions: 2->2
[2021-05-01T12:33:12.586+0000][7][gc,heap     ] GC(69) Humongous regions: 2->2
[2021-05-01T12:33:12.586+0000][7][gc,metaspace] GC(69) Metaspace: 106936K(111236K)->106936K(111236K) NonClass: 93046K(96056K)->93046K(96056K) Class: 13890K(15180K)->13890K(15180K)
[2021-05-01T12:33:12.586+0000][7][gc          ] GC(69) Pause Young (Concurrent Start) (G1 Evacuation Pause) 202M->114M(256M) 2.481ms
[2021-05-01T12:33:12.586+0000][7][gc,cpu      ] GC(69) User=0.01s Sys=0.00s Real=0.00s
[2021-05-01T12:33:12.587+0000][7][safepoint   ] Safepoint "G1CollectForAllocation", Time since last: 4316792335 ns, Reaching safepoint: 157389 ns, At safepoint: 2551184 ns, Total: 2708573 ns
[2021-05-01T12:33:12.587+0000][7][gc          ] GC(70) Concurrent Cycle
[2021-05-01T12:33:12.587+0000][7][gc,marking  ] GC(70) Concurrent Clear Claimed Marks
[2021-05-01T12:33:12.587+0000][7][gc,marking  ] GC(70) Concurrent Clear Claimed Marks 0.050ms
[2021-05-01T12:33:12.587+0000][7][gc,marking  ] GC(70) Concurrent Scan Root Regions
[2021-05-01T12:33:12.588+0000][7][gc,marking  ] GC(70) Concurrent Scan Root Regions 1.475ms
[2021-05-01T12:33:12.588+0000][7][gc,marking  ] GC(70) Concurrent Mark (3085.448s)
[2021-05-01T12:33:12.588+0000][7][gc,marking  ] GC(70) Concurrent Mark From Roots
[2021-05-01T12:33:12.588+0000][7][gc,task     ] GC(70) Using 2 workers of 2 for marking
[2021-05-01T12:33:12.672+0000][7][gc,marking  ] GC(70) Concurrent Mark From Roots 83.469ms
[2021-05-01T12:33:12.672+0000][7][gc,marking  ] GC(70) Concurrent Preclean
[2021-05-01T12:33:12.672+0000][7][gc,marking  ] GC(70) Concurrent Preclean 0.217ms
[2021-05-01T12:33:12.672+0000][7][gc,marking  ] GC(70) Concurrent Mark (3085.448s, 3085.532s) 83.736ms
[2021-05-01T12:33:12.672+0000][7][gc,start    ] GC(70) Pause Remark
[2021-05-01T12:33:12.677+0000][7][gc          ] GC(70) Pause Remark 115M->115M(256M) 4.851ms
[2021-05-01T12:33:12.677+0000][7][gc,cpu      ] GC(70) User=0.03s Sys=0.00s Real=0.01s
[2021-05-01T12:33:12.677+0000][7][safepoint   ] Safepoint "G1Concurrent", Time since last: 85410346 ns, Reaching safepoint: 92823 ns, At safepoint: 4925361 ns, Total: 5018184 ns
[2021-05-01T12:33:12.677+0000][7][gc,marking  ] GC(70) Concurrent Rebuild Remembered Sets
[2021-05-01T12:33:12.731+0000][7][gc,marking  ] GC(70) Concurrent Rebuild Remembered Sets 54.141ms
[2021-05-01T12:33:12.731+0000][7][gc,start    ] GC(70) Pause Cleanup
[2021-05-01T12:33:12.731+0000][7][gc          ] GC(70) Pause Cleanup 115M->115M(256M) 0.068ms
[2021-05-01T12:33:12.731+0000][7][gc,cpu      ] GC(70) User=0.00s Sys=0.00s Real=0.00s
[2021-05-01T12:33:12.731+0000][7][safepoint   ] Safepoint "G1Concurrent", Time since last: 54260057 ns, Reaching safepoint: 87269 ns, At safepoint: 105448 ns, Total: 192717 ns
[2021-05-01T12:33:12.731+0000][7][gc,marking  ] GC(70) Concurrent Cleanup for Next Mark
[2021-05-01T12:33:12.732+0000][7][gc,marking  ] GC(70) Concurrent Cleanup for Next Mark 0.156ms
[2021-05-01T12:33:12.732+0000][7][gc          ] GC(70) Concurrent Cycle 145.043ms
[2021-05-01T12:33:35.736+0000][7][safepoint   ] Safepoint "Cleanup", Time since last: 23004006092 ns, Reaching safepoint: 166015 ns, At safepoint: 7236 ns, Total: 173251 ns
[2021-05-01T12:33:38.736+0000][7][safepoint   ] Safepoint "Cleanup", Time since last: 3000774998 ns, Reaching safepoint: 121316 ns, At safepoint: 5521 ns, Total: 126837 ns
[2021-05-01T12:33:41.737+0000][7][safepoint   ] Safepoint "Cleanup", Time since last: 3000881179 ns, Reaching safepoint: 106466 ns, At safepoint: 6011 ns, Total: 112477 ns
[2021-05-01T12:34:08.743+0000][7][safepoint   ] Safepoint "Cleanup", Time since last: 27005192723 ns, Reaching safepoint: 103424 ns, At safepoint: 8095 ns, Total: 111519 ns
[2021-05-01T12:34:09.743+0000][7][safepoint   ] Safepoint "Cleanup", Time since last: 1000300170 ns, Reaching safepoint: 113876 ns, At safepoint: 6964 ns, Total: 120840 ns
[2021-05-01T12:34:11.744+0000][7][safepoint   ] Safepoint "Cleanup", Time since last: 2000625693 ns, Reaching safepoint: 102286 ns, At safepoint: 3859 ns, Total: 106145 ns
[2021-05-01T12:34:41.751+0000][7][safepoint   ] Safepoint "Cleanup", Time since last: 30006445524 ns, Reaching safepoint: 141290 ns, At safepoint: 7992 ns, Total: 149282 ns
[2021-05-01T12:35:35.708+0000][7][gc,start    ] GC(71) Pause Young (Normal) (G1 Evacuation Pause)
[2021-05-01T12:35:35.708+0000][7][gc,task     ] GC(71) Using 6 workers of 8 for evacuation
[2021-05-01T12:35:35.708+0000][7][gc,age      ] GC(71) Desired survivor size 6291456 bytes, new threshold 15 (max threshold 15)
[2021-05-01T12:35:35.710+0000][7][gc,age      ] GC(71) Age table with threshold 15 (max threshold 15)
[2021-05-01T12:35:35.710+0000][7][gc,age      ] GC(71) - age   1:     508920 bytes,     508920 total
[2021-05-01T12:35:35.710+0000][7][gc,age      ] GC(71) - age   2:     282080 bytes,     791000 total
[2021-05-01T12:35:35.710+0000][7][gc,age      ] GC(71) - age   3:       1440 bytes,     792440 total
[2021-05-01T12:35:35.710+0000][7][gc,age      ] GC(71) - age   4:       2888 bytes,     795328 total
[2021-05-01T12:35:35.710+0000][7][gc,age      ] GC(71) - age   5:       3160 bytes,     798488 total
[2021-05-01T12:35:35.710+0000][7][gc,age      ] GC(71) - age   6:       4584 bytes,     803072 total
[2021-05-01T12:35:35.710+0000][7][gc,age      ] GC(71) - age   7:       5808 bytes,     808880 total
[2021-05-01T12:35:35.710+0000][7][gc,age      ] GC(71) - age   8:       5696 bytes,     814576 total
[2021-05-01T12:35:35.710+0000][7][gc,age      ] GC(71) - age   9:      87488 bytes,     902064 total
[2021-05-01T12:35:35.710+0000][7][gc,age      ] GC(71) - age  10:      15360 bytes,     917424 total
[2021-05-01T12:35:35.710+0000][7][gc,age      ] GC(71) - age  11:     263920 bytes,    1181344 total
[2021-05-01T12:35:35.710+0000][7][gc,age      ] GC(71) - age  12:       2160 bytes,    1183504 total
[2021-05-01T12:35:35.710+0000][7][gc,age      ] GC(71) - age  13:       1272 bytes,    1184776 total
[2021-05-01T12:35:35.710+0000][7][gc,age      ] GC(71) - age  14:       9776 bytes,    1194552 total
[2021-05-01T12:35:35.710+0000][7][gc,age      ] GC(71) - age  15:       3424 bytes,    1197976 total
[2021-05-01T12:35:35.710+0000][7][gc,phases   ] GC(71)   Pre Evacuate Collection Set: 0.1ms
[2021-05-01T12:35:35.710+0000][7][gc,phases   ] GC(71)   Merge Heap Roots: 0.1ms
[2021-05-01T12:35:35.710+0000][7][gc,phases   ] GC(71)   Evacuate Collection Set: 1.4ms
[2021-05-01T12:35:35.710+0000][7][gc,phases   ] GC(71)   Post Evacuate Collection Set: 0.3ms
[2021-05-01T12:35:35.710+0000][7][gc,phases   ] GC(71)   Other: 0.2ms
[2021-05-01T12:35:35.710+0000][7][gc,heap     ] GC(71) Eden regions: 22->0(22)
[2021-05-01T12:35:35.710+0000][7][gc,heap     ] GC(71) Survivor regions: 1->1(3)
[2021-05-01T12:35:35.710+0000][7][gc,heap     ] GC(71) Old regions: 26->26
[2021-05-01T12:35:35.710+0000][7][gc,heap     ] GC(71) Archive regions: 2->2
[2021-05-01T12:35:35.710+0000][7][gc,heap     ] GC(71) Humongous regions: 2->2
[2021-05-01T12:35:35.710+0000][7][gc,metaspace] GC(71) Metaspace: 106969K(111236K)->106969K(111236K) NonClass: 93078K(96056K)->93078K(96056K) Class: 13890K(15180K)->13890K(15180K)
[2021-05-01T12:35:35.710+0000][7][gc          ] GC(71) Pause Young (Normal) (G1 Evacuation Pause) 202M->114M(256M) 2.163ms
[2021-05-01T12:35:35.710+0000][7][gc,cpu      ] GC(71) User=0.01s Sys=0.00s Real=0.00s
[2021-05-01T12:35:35.710+0000][7][safepoint   ] Safepoint "G1CollectForAllocation", Time since last: 53957068237 ns, Reaching safepoint: 159556 ns, At safepoint: 2232410 ns, Total: 2391966 ns
[2021-05-01T12:35:39.711+0000][7][safepoint   ] Safepoint "Cleanup", Time since last: 4000982447 ns, Reaching safepoint: 86068 ns, At safepoint: 8474 ns, Total: 94542 ns
[2021-05-01T12:36:12.720+0000][7][safepoint   ] Safepoint "Cleanup", Time since last: 33008396022 ns, Reaching safepoint: 98555 ns, At safepoint: 7590 ns, Total: 106145 ns
[2021-05-01T12:36:32.726+0000][7][safepoint   ] Safepoint "Cleanup", Time since last: 20005958789 ns, Reaching safepoint: 104502 ns, At safepoint: 6368 ns, Total: 110870 ns
[2021-05-01T12:36:41.728+0000][7][safepoint   ] Safepoint "Cleanup", Time since last: 9002122803 ns, Reaching safepoint: 97904 ns, At safepoint: 7712 ns, Total: 105616 ns
[2021-05-01T12:37:32.736+0000][7][safepoint   ] Safepoint "Cleanup", Time since last: 51008125013 ns, Reaching safepoint: 96660 ns, At safepoint: 5431 ns, Total: 102091 ns
[2021-05-01T12:37:35.737+0000][7][safepoint   ] Safepoint "Cleanup", Time since last: 3000768417 ns, Reaching safepoint: 103500 ns, At safepoint: 5402 ns, Total: 108902 ns
[2021-05-01T12:37:41.738+0000][7][safepoint   ] Safepoint "Cleanup", Time since last: 6001317289 ns, Reaching safepoint: 143995 ns, At safepoint: 5202 ns, Total: 149197 ns
[2021-05-01T12:37:42.258+0000][7][gc,start    ] GC(72) Pause Young (Concurrent Start) (G1 Evacuation Pause)
[2021-05-01T12:37:42.258+0000][7][gc,task     ] GC(72) Using 6 workers of 8 for evacuation
[2021-05-01T12:37:42.258+0000][7][gc,age      ] GC(72) Desired survivor size 6291456 bytes, new threshold 15 (max threshold 15)
[2021-05-01T12:37:42.260+0000][7][gc,age      ] GC(72) Age table with threshold 15 (max threshold 15)
[2021-05-01T12:37:42.260+0000][7][gc,age      ] GC(72) - age   1:     516656 bytes,     516656 total
[2021-05-01T12:37:42.260+0000][7][gc,age      ] GC(72) - age   2:       3016 bytes,     519672 total
[2021-05-01T12:37:42.260+0000][7][gc,age      ] GC(72) - age   3:     157624 bytes,     677296 total
[2021-05-01T12:37:42.260+0000][7][gc,age      ] GC(72) - age   4:       1416 bytes,     678712 total
[2021-05-01T12:37:42.260+0000][7][gc,age      ] GC(72) - age   5:       2832 bytes,     681544 total
[2021-05-01T12:37:42.260+0000][7][gc,age      ] GC(72) - age   6:       3160 bytes,     684704 total
[2021-05-01T12:37:42.260+0000][7][gc,age      ] GC(72) - age   7:       4584 bytes,     689288 total
[2021-05-01T12:37:42.260+0000][7][gc,age      ] GC(72) - age   8:       5784 bytes,     695072 total
[2021-05-01T12:37:42.260+0000][7][gc,age      ] GC(72) - age   9:       5672 bytes,     700744 total
[2021-05-01T12:37:42.260+0000][7][gc,age      ] GC(72) - age  10:      87488 bytes,     788232 total
[2021-05-01T12:37:42.260+0000][7][gc,age      ] GC(72) - age  11:      15360 bytes,     803592 total
[2021-05-01T12:37:42.260+0000][7][gc,age      ] GC(72) - age  12:     263920 bytes,    1067512 total
[2021-05-01T12:37:42.260+0000][7][gc,age      ] GC(72) - age  13:       2160 bytes,    1069672 total
[2021-05-01T12:37:42.260+0000][7][gc,age      ] GC(72) - age  14:       1272 bytes,    1070944 total
[2021-05-01T12:37:42.260+0000][7][gc,age      ] GC(72) - age  15:       9776 bytes,    1080720 total
[2021-05-01T12:37:42.260+0000][7][gc,phases   ] GC(72)   Pre Evacuate Collection Set: 0.1ms
[2021-05-01T12:37:42.260+0000][7][gc,phases   ] GC(72)   Merge Heap Roots: 0.0ms
[2021-05-01T12:37:42.260+0000][7][gc,phases   ] GC(72)   Evacuate Collection Set: 1.3ms
[2021-05-01T12:37:42.260+0000][7][gc,phases   ] GC(72)   Post Evacuate Collection Set: 0.5ms
[2021-05-01T12:37:42.260+0000][7][gc,phases   ] GC(72)   Other: 0.2ms
[2021-05-01T12:37:42.260+0000][7][gc,heap     ] GC(72) Eden regions: 22->0(22)
[2021-05-01T12:37:42.260+0000][7][gc,heap     ] GC(72) Survivor regions: 1->1(3)
[2021-05-01T12:37:42.260+0000][7][gc,heap     ] GC(72) Old regions: 26->26
[2021-05-01T12:37:42.260+0000][7][gc,heap     ] GC(72) Archive regions: 2->2
[2021-05-01T12:37:42.260+0000][7][gc,heap     ] GC(72) Humongous regions: 2->2
[2021-05-01T12:37:42.260+0000][7][gc,metaspace] GC(72) Metaspace: 107048K(111236K)->107048K(111236K) NonClass: 93157K(96056K)->93157K(96056K) Class: 13890K(15180K)->13890K(15180K)
[2021-05-01T12:37:42.260+0000][7][gc          ] GC(72) Pause Young (Concurrent Start) (G1 Evacuation Pause) 202M->114M(256M) 2.299ms
[2021-05-01T12:37:42.260+0000][7][gc,cpu      ] GC(72) User=0.01s Sys=0.00s Real=0.00s
[2021-05-01T12:37:42.260+0000][7][safepoint   ] Safepoint "G1CollectForAllocation", Time since last: 519000614 ns, Reaching safepoint: 92982 ns, At safepoint: 2367599 ns, Total: 2460581 ns
[2021-05-01T12:37:42.260+0000][7][gc          ] GC(73) Concurrent Cycle
[2021-05-01T12:37:42.260+0000][7][gc,marking  ] GC(73) Concurrent Clear Claimed Marks
[2021-05-01T12:37:42.260+0000][7][gc,marking  ] GC(73) Concurrent Clear Claimed Marks 0.057ms
[2021-05-01T12:37:42.260+0000][7][gc,marking  ] GC(73) Concurrent Scan Root Regions
[2021-05-01T12:37:42.261+0000][7][gc,marking  ] GC(73) Concurrent Scan Root Regions 1.379ms
[2021-05-01T12:37:42.261+0000][7][gc,marking  ] GC(73) Concurrent Mark (3355.121s)
[2021-05-01T12:37:42.261+0000][7][gc,marking  ] GC(73) Concurrent Mark From Roots
[2021-05-01T12:37:42.261+0000][7][gc,task     ] GC(73) Using 2 workers of 2 for marking
[2021-05-01T12:37:42.343+0000][7][gc,marking  ] GC(73) Concurrent Mark From Roots 81.628ms
[2021-05-01T12:37:42.343+0000][7][gc,marking  ] GC(73) Concurrent Preclean
[2021-05-01T12:37:42.343+0000][7][gc,marking  ] GC(73) Concurrent Preclean 0.202ms
[2021-05-01T12:37:42.343+0000][7][gc,marking  ] GC(73) Concurrent Mark (3355.121s, 3355.203s) 81.876ms
[2021-05-01T12:37:42.343+0000][7][gc,start    ] GC(73) Pause Remark
[2021-05-01T12:37:42.348+0000][7][gc          ] GC(73) Pause Remark 114M->114M(256M) 4.923ms
[2021-05-01T12:37:42.348+0000][7][gc,cpu      ] GC(73) User=0.03s Sys=0.00s Real=0.01s
[2021-05-01T12:37:42.348+0000][7][safepoint   ] Safepoint "G1Concurrent", Time since last: 83405343 ns, Reaching safepoint: 87170 ns, At safepoint: 5017505 ns, Total: 5104675 ns
[2021-05-01T12:37:42.348+0000][7][gc,marking  ] GC(73) Concurrent Rebuild Remembered Sets
[2021-05-01T12:37:42.401+0000][7][gc,marking  ] GC(73) Concurrent Rebuild Remembered Sets 52.831ms
[2021-05-01T12:37:42.401+0000][7][gc,start    ] GC(73) Pause Cleanup
[2021-05-01T12:37:42.402+0000][7][gc          ] GC(73) Pause Cleanup 115M->115M(256M) 0.070ms
[2021-05-01T12:37:42.402+0000][7][gc,cpu      ] GC(73) User=0.00s Sys=0.00s Real=0.00s
[2021-05-01T12:37:42.402+0000][7][safepoint   ] Safepoint "G1Concurrent", Time since last: 52947287 ns, Reaching safepoint: 132434 ns, At safepoint: 109278 ns, Total: 241712 ns
[2021-05-01T12:37:42.402+0000][7][gc,marking  ] GC(73) Concurrent Cleanup for Next Mark
[2021-05-01T12:37:42.402+0000][7][gc,marking  ] GC(73) Concurrent Cleanup for Next Mark 0.113ms
[2021-05-01T12:37:42.402+0000][7][gc          ] GC(73) Concurrent Cycle 141.852ms
[2021-05-01T12:38:08.407+0000][7][safepoint   ] Safepoint "Cleanup", Time since last: 26005672207 ns, Reaching safepoint: 108865 ns, At safepoint: 5776 ns, Total: 114641 ns
[2021-05-01T12:38:41.415+0000][7][safepoint   ] Safepoint "Cleanup", Time since last: 33007890332 ns, Reaching safepoint: 102945 ns, At safepoint: 5347 ns, Total: 108292 ns
[2021-05-01T12:38:45.417+0000][7][safepoint   ] Safepoint "Cleanup", Time since last: 4001103409 ns, Reaching safepoint: 66536 ns, At safepoint: 5217 ns, Total: 71753 ns
[2021-05-01T12:39:08.422+0000][7][safepoint   ] Safepoint "Cleanup", Time since last: 23004981942 ns, Reaching safepoint: 112592 ns, At safepoint: 7187 ns, Total: 119779 ns
[2021-05-01T12:39:11.492+0000][7][safepoint   ] Safepoint "Cleanup", Time since last: 3070269758 ns, Reaching safepoint: 177853 ns, At safepoint: 11557 ns, Total: 189410 ns
[2021-05-01T12:39:12.493+0000][7][safepoint   ] Safepoint "Cleanup", Time since last: 1000410772 ns, Reaching safepoint: 173496 ns, At safepoint: 5500 ns, Total: 178996 ns
[2021-05-01T12:39:39.500+0000][7][safepoint   ] Safepoint "Cleanup", Time since last: 27007107624 ns, Reaching safepoint: 102776 ns, At safepoint: 5845 ns, Total: 108621 ns
[2021-05-01T12:39:48.503+0000][7][safepoint   ] Safepoint "Cleanup", Time since last: 9002548071 ns, Reaching safepoint: 80151 ns, At safepoint: 6158 ns, Total: 86309 ns
[2021-05-01T12:40:05.550+0000][7][gc,start    ] GC(74) Pause Young (Normal) (G1 Evacuation Pause)
[2021-05-01T12:40:05.550+0000][7][gc,task     ] GC(74) Using 6 workers of 8 for evacuation
[2021-05-01T12:40:05.550+0000][7][gc,age      ] GC(74) Desired survivor size 6291456 bytes, new threshold 15 (max threshold 15)
[2021-05-01T12:40:05.551+0000][7][gc,age      ] GC(74) Age table with threshold 15 (max threshold 15)
[2021-05-01T12:40:05.551+0000][7][gc,age      ] GC(74) - age   1:     520232 bytes,     520232 total
[2021-05-01T12:40:05.551+0000][7][gc,age      ] GC(74) - age   2:       2184 bytes,     522416 total
[2021-05-01T12:40:05.551+0000][7][gc,age      ] GC(74) - age   3:       2752 bytes,     525168 total
[2021-05-01T12:40:05.551+0000][7][gc,age      ] GC(74) - age   4:     157384 bytes,     682552 total
[2021-05-01T12:40:05.551+0000][7][gc,age      ] GC(74) - age   5:       1416 bytes,     683968 total
[2021-05-01T12:40:05.551+0000][7][gc,age      ] GC(74) - age   6:       2832 bytes,     686800 total
[2021-05-01T12:40:05.551+0000][7][gc,age      ] GC(74) - age   7:       3160 bytes,     689960 total
[2021-05-01T12:40:05.552+0000][7][gc,age      ] GC(74) - age   8:       4584 bytes,     694544 total
[2021-05-01T12:40:05.552+0000][7][gc,age      ] GC(74) - age   9:       5784 bytes,     700328 total
[2021-05-01T12:40:05.552+0000][7][gc,age      ] GC(74) - age  10:       5672 bytes,     706000 total
[2021-05-01T12:40:05.552+0000][7][gc,age      ] GC(74) - age  11:      87488 bytes,     793488 total
[2021-05-01T12:40:05.552+0000][7][gc,age      ] GC(74) - age  12:      15360 bytes,     808848 total
[2021-05-01T12:40:05.552+0000][7][gc,age      ] GC(74) - age  13:     263920 bytes,    1072768 total
[2021-05-01T12:40:05.552+0000][7][gc,age      ] GC(74) - age  14:       2160 bytes,    1074928 total
[2021-05-01T12:40:05.552+0000][7][gc,age      ] GC(74) - age  15:       1272 bytes,    1076200 total
[2021-05-01T12:40:05.552+0000][7][gc,phases   ] GC(74)   Pre Evacuate Collection Set: 0.0ms
[2021-05-01T12:40:05.552+0000][7][gc,phases   ] GC(74)   Merge Heap Roots: 0.0ms
[2021-05-01T12:40:05.552+0000][7][gc,phases   ] GC(74)   Evacuate Collection Set: 1.2ms
[2021-05-01T12:40:05.552+0000][7][gc,phases   ] GC(74)   Post Evacuate Collection Set: 0.4ms
[2021-05-01T12:40:05.552+0000][7][gc,phases   ] GC(74)   Other: 0.2ms
[2021-05-01T12:40:05.552+0000][7][gc,heap     ] GC(74) Eden regions: 22->0(22)
[2021-05-01T12:40:05.552+0000][7][gc,heap     ] GC(74) Survivor regions: 1->1(3)
[2021-05-01T12:40:05.552+0000][7][gc,heap     ] GC(74) Old regions: 26->26
[2021-05-01T12:40:05.552+0000][7][gc,heap     ] GC(74) Archive regions: 2->2
[2021-05-01T12:40:05.552+0000][7][gc,heap     ] GC(74) Humongous regions: 2->2
[2021-05-01T12:40:05.552+0000][7][gc,metaspace] GC(74) Metaspace: 107067K(111236K)->107067K(111236K) NonClass: 93176K(96056K)->93176K(96056K) Class: 13890K(15180K)->13890K(15180K)
[2021-05-01T12:40:05.552+0000][7][gc          ] GC(74) Pause Young (Normal) (G1 Evacuation Pause) 202M->114M(256M) 1.904ms
[2021-05-01T12:40:05.552+0000][7][gc,cpu      ] GC(74) User=0.01s Sys=0.00s Real=0.00s
[2021-05-01T12:40:05.552+0000][7][safepoint   ] Safepoint "G1CollectForAllocation", Time since last: 17047029814 ns, Reaching safepoint: 143801 ns, At safepoint: 1960436 ns, Total: 2104237 ns
[2021-05-01T12:40:08.553+0000][7][safepoint   ] Safepoint "Cleanup", Time since last: 3000736932 ns, Reaching safepoint: 90139 ns, At safepoint: 4760 ns, Total: 94899 ns
[2021-05-01T12:40:48.563+0000][7][safepoint   ] Safepoint "Cleanup", Time since last: 40010633533 ns, Reaching safepoint: 110796 ns, At safepoint: 5502 ns, Total: 116298 ns
[2021-05-01T12:41:07.568+0000][7][safepoint   ] Safepoint "Cleanup", Time since last: 19004303577 ns, Reaching safepoint: 86390 ns, At safepoint: 5990 ns, Total: 92380 ns
[2021-05-01T12:41:08.568+0000][7][safepoint   ] Safepoint "Cleanup", Time since last: 1000464623 ns, Reaching safepoint: 88793 ns, At safepoint: 6712 ns, Total: 95505 ns
[2021-05-01T12:41:11.569+0000][7][safepoint   ] Safepoint "Cleanup", Time since last: 3000952067 ns, Reaching safepoint: 155031 ns, At safepoint: 7436 ns, Total: 162467 ns
[2021-05-01T12:41:40.577+0000][7][safepoint   ] Safepoint "Cleanup", Time since last: 29007850617 ns, Reaching safepoint: 81382 ns, At safepoint: 6272 ns, Total: 87654 ns
[2021-05-01T12:41:41.578+0000][7][safepoint   ] Safepoint "Cleanup", Time since last: 1000107483 ns, Reaching safepoint: 135981 ns, At safepoint: 6605 ns, Total: 142586 ns
[2021-05-01T12:42:05.783+0000][7][gc,start    ] GC(75) Pause Young (Concurrent Start) (G1 Evacuation Pause)
[2021-05-01T12:42:05.783+0000][7][gc,task     ] GC(75) Using 6 workers of 8 for evacuation
[2021-05-01T12:42:05.783+0000][7][gc,age      ] GC(75) Desired survivor size 6291456 bytes, new threshold 15 (max threshold 15)
[2021-05-01T12:42:05.785+0000][7][gc,age      ] GC(75) Age table with threshold 15 (max threshold 15)
[2021-05-01T12:42:05.785+0000][7][gc,age      ] GC(75) - age   1:     837152 bytes,     837152 total
[2021-05-01T12:42:05.786+0000][7][gc,age      ] GC(75) - age   2:       2904 bytes,     840056 total
[2021-05-01T12:42:05.786+0000][7][gc,age      ] GC(75) - age   3:       1872 bytes,     841928 total
[2021-05-01T12:42:05.786+0000][7][gc,age      ] GC(75) - age   4:       2752 bytes,     844680 total
[2021-05-01T12:42:05.786+0000][7][gc,age      ] GC(75) - age   5:      18120 bytes,     862800 total
[2021-05-01T12:42:05.786+0000][7][gc,age      ] GC(75) - age   6:       1416 bytes,     864216 total
[2021-05-01T12:42:05.786+0000][7][gc,age      ] GC(75) - age   7:       2832 bytes,     867048 total
[2021-05-01T12:42:05.786+0000][7][gc,age      ] GC(75) - age   8:       2952 bytes,     870000 total
[2021-05-01T12:42:05.786+0000][7][gc,age      ] GC(75) - age   9:       4584 bytes,     874584 total
[2021-05-01T12:42:05.786+0000][7][gc,age      ] GC(75) - age  10:       3416 bytes,     878000 total
[2021-05-01T12:42:05.786+0000][7][gc,age      ] GC(75) - age  11:       5672 bytes,     883672 total
[2021-05-01T12:42:05.786+0000][7][gc,age      ] GC(75) - age  12:      87392 bytes,     971064 total
[2021-05-01T12:42:05.786+0000][7][gc,age      ] GC(75) - age  13:      15360 bytes,     986424 total
[2021-05-01T12:42:05.786+0000][7][gc,age      ] GC(75) - age  14:     263648 bytes,    1250072 total
[2021-05-01T12:42:05.786+0000][7][gc,age      ] GC(75) - age  15:       2160 bytes,    1252232 total
[2021-05-01T12:42:05.786+0000][7][gc,phases   ] GC(75)   Pre Evacuate Collection Set: 0.1ms
[2021-05-01T12:42:05.786+0000][7][gc,phases   ] GC(75)   Merge Heap Roots: 0.0ms
[2021-05-01T12:42:05.786+0000][7][gc,phases   ] GC(75)   Evacuate Collection Set: 1.5ms
[2021-05-01T12:42:05.786+0000][7][gc,phases   ] GC(75)   Post Evacuate Collection Set: 0.9ms
[2021-05-01T12:42:05.786+0000][7][gc,phases   ] GC(75)   Other: 0.3ms
[2021-05-01T12:42:05.786+0000][7][gc,heap     ] GC(75) Eden regions: 22->0(22)
[2021-05-01T12:42:05.786+0000][7][gc,heap     ] GC(75) Survivor regions: 1->1(3)
[2021-05-01T12:42:05.786+0000][7][gc,heap     ] GC(75) Old regions: 26->26
[2021-05-01T12:42:05.786+0000][7][gc,heap     ] GC(75) Archive regions: 2->2
[2021-05-01T12:42:05.786+0000][7][gc,heap     ] GC(75) Humongous regions: 2->2
[2021-05-01T12:42:05.786+0000][7][gc,metaspace] GC(75) Metaspace: 107117K(111236K)->107117K(111236K) NonClass: 93226K(96056K)->93226K(96056K) Class: 13890K(15180K)->13890K(15180K)
[2021-05-01T12:42:05.786+0000][7][gc          ] GC(75) Pause Young (Concurrent Start) (G1 Evacuation Pause) 202M->114M(256M) 2.982ms
[2021-05-01T12:42:05.786+0000][7][gc,cpu      ] GC(75) User=0.01s Sys=0.00s Real=0.00s
[2021-05-01T12:42:05.786+0000][7][safepoint   ] Safepoint "G1CollectForAllocation", Time since last: 24205113555 ns, Reaching safepoint: 74705 ns, At safepoint: 3063697 ns, Total: 3138402 ns
[2021-05-01T12:42:05.786+0000][7][gc          ] GC(76) Concurrent Cycle
[2021-05-01T12:42:05.786+0000][7][gc,marking  ] GC(76) Concurrent Clear Claimed Marks
[2021-05-01T12:42:05.786+0000][7][gc,marking  ] GC(76) Concurrent Clear Claimed Marks 0.143ms
[2021-05-01T12:42:05.786+0000][7][gc,marking  ] GC(76) Concurrent Scan Root Regions
[2021-05-01T12:42:05.787+0000][7][gc,marking  ] GC(76) Concurrent Scan Root Regions 1.020ms
[2021-05-01T12:42:05.787+0000][7][gc,marking  ] GC(76) Concurrent Mark (3618.647s)
[2021-05-01T12:42:05.787+0000][7][gc,marking  ] GC(76) Concurrent Mark From Roots
[2021-05-01T12:42:05.787+0000][7][gc,task     ] GC(76) Using 2 workers of 2 for marking
[2021-05-01T12:42:05.876+0000][7][gc,marking  ] GC(76) Concurrent Mark From Roots 89.125ms
[2021-05-01T12:42:05.876+0000][7][gc,marking  ] GC(76) Concurrent Preclean
[2021-05-01T12:42:05.876+0000][7][gc,marking  ] GC(76) Concurrent Preclean 0.231ms
[2021-05-01T12:42:05.876+0000][7][gc,marking  ] GC(76) Concurrent Mark (3618.647s, 3618.736s) 89.410ms
[2021-05-01T12:42:05.877+0000][7][gc,start    ] GC(76) Pause Remark
[2021-05-01T12:42:05.882+0000][7][gc          ] GC(76) Pause Remark 123M->123M(256M) 5.092ms
[2021-05-01T12:42:05.882+0000][7][gc,cpu      ] GC(76) User=0.03s Sys=0.00s Real=0.00s
[2021-05-01T12:42:05.882+0000][7][safepoint   ] Safepoint "G1Concurrent", Time since last: 90656125 ns, Reaching safepoint: 86728 ns, At safepoint: 5183625 ns, Total: 5270353 ns
[2021-05-01T12:42:05.882+0000][7][gc,marking  ] GC(76) Concurrent Rebuild Remembered Sets
[2021-05-01T12:42:05.935+0000][7][gc,marking  ] GC(76) Concurrent Rebuild Remembered Sets 53.699ms
[2021-05-01T12:42:05.936+0000][7][gc,start    ] GC(76) Pause Cleanup
[2021-05-01T12:42:05.936+0000][7][gc          ] GC(76) Pause Cleanup 123M->123M(256M) 0.071ms
[2021-05-01T12:42:05.936+0000][7][gc,cpu      ] GC(76) User=0.00s Sys=0.00s Real=0.00s
[2021-05-01T12:42:05.936+0000][7][safepoint   ] Safepoint "G1Concurrent", Time since last: 53767605 ns, Reaching safepoint: 83378 ns, At safepoint: 110355 ns, Total: 193733 ns
[2021-05-01T12:42:05.936+0000][7][gc,marking  ] GC(76) Concurrent Cleanup for Next Mark
[2021-05-01T12:42:05.936+0000][7][gc,marking  ] GC(76) Concurrent Cleanup for Next Mark 0.168ms
[2021-05-01T12:42:05.936+0000][7][gc          ] GC(76) Concurrent Cycle 150.135ms
[2021-05-01T12:42:06.936+0000][7][safepoint   ] Safepoint "Cleanup", Time since last: 1000280381 ns, Reaching safepoint: 85328 ns, At safepoint: 4649 ns, Total: 89977 ns
[2021-05-01T12:42:07.936+0000][7][safepoint   ] Safepoint "Cleanup", Time since last: 1000292939 ns, Reaching safepoint: 96523 ns, At safepoint: 6745 ns, Total: 103268 ns
[2021-05-01T12:42:08.937+0000][7][safepoint   ] Safepoint "Cleanup", Time since last: 1000467927 ns, Reaching safepoint: 104311 ns, At safepoint: 5748 ns, Total: 110059 ns
[2021-05-01T12:42:11.938+0000][7][safepoint   ] Safepoint "Cleanup", Time since last: 3000419660 ns, Reaching safepoint: 99617 ns, At safepoint: 4915 ns, Total: 104532 ns
[2021-05-01T12:42:35.943+0000][7][safepoint   ] Safepoint "Cleanup", Time since last: 24005673941 ns, Reaching safepoint: 200038 ns, At safepoint: 7281 ns, Total: 207319 ns
[2021-05-01T12:42:36.944+0000][7][safepoint   ] Safepoint "Cleanup", Time since last: 1000295912 ns, Reaching safepoint: 156703 ns, At safepoint: 5483 ns, Total: 162186 ns
[2021-05-01T12:42:39.946+0000][7][safepoint   ] Safepoint "Cleanup", Time since last: 3001453760 ns, Reaching safepoint: 162783 ns, At safepoint: 7776 ns, Total: 170559 ns
[2021-05-01T12:42:40.946+0000][7][safepoint   ] Safepoint "Cleanup", Time since last: 1000367502 ns, Reaching safepoint: 164804 ns, At safepoint: 7308 ns, Total: 172112 ns
[2021-05-01T12:42:41.947+0000][7][safepoint   ] Safepoint "Cleanup", Time since last: 1000485617 ns, Reaching safepoint: 163373 ns, At safepoint: 5727 ns, Total: 169100 ns
[2021-05-01T12:42:42.947+0000][7][safepoint   ] Safepoint "Cleanup", Time since last: 1000506212 ns, Reaching safepoint: 167990 ns, At safepoint: 7434 ns, Total: 175424 ns
[2021-05-01T13:14:15.321+0000][7][safepoint   ] Safepoint "Cleanup", Time since last: 26281446646 ns, Reaching safepoint: 92684 ns, At safepoint: 4967 ns, Total: 97651 ns
[2021-05-01T13:14:18.321+0000][7][safepoint   ] Safepoint "Cleanup", Time since last: 3000189403 ns, Reaching safepoint: 74252 ns, At safepoint: 5057 ns, Total: 79309 ns
[2021-05-01T13:14:48.325+0000][7][safepoint   ] Safepoint "Cleanup", Time since last: 30003726909 ns, Reaching safepoint: 86599 ns, At safepoint: 4457 ns, Total: 91056 ns
[2021-05-01T13:14:57.327+0000][7][safepoint   ] Safepoint "Cleanup", Time since last: 9001386597 ns, Reaching safepoint: 123044 ns, At safepoint: 6259 ns, Total: 129303 ns
[2021-05-01T13:15:08.229+0000][7][gc,start    ] GC(77) Pause Young (Normal) (G1 Evacuation Pause)
[2021-05-01T13:15:08.229+0000][7][gc,task     ] GC(77) Using 6 workers of 8 for evacuation
[2021-05-01T13:15:08.229+0000][7][gc,age      ] GC(77) Desired survivor size 6291456 bytes, new threshold 15 (max threshold 15)
[2021-05-01T13:15:08.231+0000][7][gc,age      ] GC(77) Age table with threshold 15 (max threshold 15)
[2021-05-01T13:15:08.231+0000][7][gc,age      ] GC(77) - age   1:     595040 bytes,     595040 total
[2021-05-01T13:15:08.231+0000][7][gc,age      ] GC(77) - age   2:     245432 bytes,     840472 total
[2021-05-01T13:15:08.231+0000][7][gc,age      ] GC(77) - age   3:       2584 bytes,     843056 total
[2021-05-01T13:15:08.231+0000][7][gc,age      ] GC(77) - age   4:       1648 bytes,     844704 total
[2021-05-01T13:15:08.231+0000][7][gc,age      ] GC(77) - age   5:       2752 bytes,     847456 total
[2021-05-01T13:15:08.231+0000][7][gc,age      ] GC(77) - age   6:       5096 bytes,     852552 total
[2021-05-01T13:15:08.231+0000][7][gc,age      ] GC(77) - age   7:       1416 bytes,     853968 total
[2021-05-01T13:15:08.231+0000][7][gc,age      ] GC(77) - age   8:       2776 bytes,     856744 total
[2021-05-01T13:15:08.231+0000][7][gc,age      ] GC(77) - age   9:       2952 bytes,     859696 total
[2021-05-01T13:15:08.231+0000][7][gc,age      ] GC(77) - age  10:       4584 bytes,     864280 total
[2021-05-01T13:15:08.231+0000][7][gc,age      ] GC(77) - age  11:       1128 bytes,     865408 total
[2021-05-01T13:15:08.231+0000][7][gc,age      ] GC(77) - age  12:       5672 bytes,     871080 total
[2021-05-01T13:15:08.231+0000][7][gc,age      ] GC(77) - age  13:      87352 bytes,     958432 total
[2021-05-01T13:15:08.231+0000][7][gc,age      ] GC(77) - age  14:      15360 bytes,     973792 total
[2021-05-01T13:15:08.231+0000][7][gc,age      ] GC(77) - age  15:     263648 bytes,    1237440 total
[2021-05-01T13:15:08.231+0000][7][gc,phases   ] GC(77)   Pre Evacuate Collection Set: 0.0ms
[2021-05-01T13:15:08.231+0000][7][gc,phases   ] GC(77)   Merge Heap Roots: 0.1ms
[2021-05-01T13:15:08.231+0000][7][gc,phases   ] GC(77)   Evacuate Collection Set: 1.3ms
[2021-05-01T13:15:08.231+0000][7][gc,phases   ] GC(77)   Post Evacuate Collection Set: 0.6ms
[2021-05-01T13:15:08.231+0000][7][gc,phases   ] GC(77)   Other: 0.2ms
[2021-05-01T13:15:08.231+0000][7][gc,heap     ] GC(77) Eden regions: 22->0(22)
[2021-05-01T13:15:08.231+0000][7][gc,heap     ] GC(77) Survivor regions: 1->1(3)
[2021-05-01T13:15:08.231+0000][7][gc,heap     ] GC(77) Old regions: 26->26
[2021-05-01T13:15:08.231+0000][7][gc,heap     ] GC(77) Archive regions: 2->2
[2021-05-01T13:15:08.231+0000][7][gc,heap     ] GC(77) Humongous regions: 2->2
[2021-05-01T13:15:08.231+0000][7][gc,metaspace] GC(77) Metaspace: 107157K(111492K)->107157K(111492K) NonClass: 93266K(96312K)->93266K(96312K) Class: 13890K(15180K)->13890K(15180K)
[2021-05-01T13:15:08.231+0000][7][gc          ] GC(77) Pause Young (Normal) (G1 Evacuation Pause) 202M->114M(256M) 2.270ms
[2021-05-01T13:15:08.231+0000][7][gc,cpu      ] GC(77) User=0.00s Sys=0.00s Real=0.00s
[2021-05-01T13:15:08.231+0000][7][safepoint   ] Safepoint "G1CollectForAllocation", Time since last: 10902018368 ns, Reaching safepoint: 167991 ns, At safepoint: 2336717 ns, Total: 2504708 ns
[2021-05-01T13:15:15.233+0000][7][safepoint   ] Safepoint "Cleanup", Time since last: 7001992116 ns, Reaching safepoint: 95402 ns, At safepoint: 5544 ns, Total: 100946 ns
[2021-05-01T13:15:18.234+0000][7][safepoint   ] Safepoint "Cleanup", Time since last: 3000376052 ns, Reaching safepoint: 92693 ns, At safepoint: 8299 ns, Total: 100992 ns
[2021-05-01T13:15:26.235+0000][7][safepoint   ] Safepoint "Cleanup", Time since last: 8000953437 ns, Reaching safepoint: 66879 ns, At safepoint: 4724 ns, Total: 71603 ns
[2021-05-01T13:15:30.235+0000][7][safepoint   ] Safepoint "Cleanup", Time since last: 4000500934 ns, Reaching safepoint: 173132 ns, At safepoint: 7248 ns, Total: 180380 ns
[2021-05-01T13:15:42.238+0000][7][safepoint   ] Safepoint "Cleanup", Time since last: 12002337354 ns, Reaching safepoint: 92515 ns, At safepoint: 6254 ns, Total: 98769 ns
[2021-05-01T13:16:15.245+0000][7][safepoint   ] Safepoint "Cleanup", Time since last: 33007181367 ns, Reaching safepoint: 90866 ns, At safepoint: 7325 ns, Total: 98191 ns
[2021-05-01T13:16:38.249+0000][7][safepoint   ] Safepoint "Cleanup", Time since last: 23004302955 ns, Reaching safepoint: 71554 ns, At safepoint: 5997 ns, Total: 77551 ns
[2021-05-01T13:16:56.253+0000][7][safepoint   ] Safepoint "Cleanup", Time since last: 18003246585 ns, Reaching safepoint: 87748 ns, At safepoint: 5630 ns, Total: 93378 ns
[2021-05-01T13:17:08.256+0000][7][safepoint   ] Safepoint "Cleanup", Time since last: 12003142565 ns, Reaching safepoint: 189182 ns, At safepoint: 9056 ns, Total: 198238 ns
[2021-05-01T13:17:15.257+0000][7][safepoint   ] Safepoint "Cleanup", Time since last: 7001159971 ns, Reaching safepoint: 135027 ns, At safepoint: 7182 ns, Total: 142209 ns
[2021-05-01T13:17:24.372+0000][7][gc,start    ] GC(78) Pause Young (Concurrent Start) (G1 Evacuation Pause)
[2021-05-01T13:17:24.372+0000][7][gc,task     ] GC(78) Using 6 workers of 8 for evacuation
[2021-05-01T13:17:24.372+0000][7][gc,age      ] GC(78) Desired survivor size 6291456 bytes, new threshold 15 (max threshold 15)
[2021-05-01T13:17:24.375+0000][7][gc,age      ] GC(78) Age table with threshold 15 (max threshold 15)
[2021-05-01T13:17:24.375+0000][7][gc,age      ] GC(78) - age   1:     510832 bytes,     510832 total
[2021-05-01T13:17:24.375+0000][7][gc,age      ] GC(78) - age   2:      72856 bytes,     583688 total
[2021-05-01T13:17:24.375+0000][7][gc,age      ] GC(78) - age   3:     213280 bytes,     796968 total
[2021-05-01T13:17:24.375+0000][7][gc,age      ] GC(78) - age   4:       2536 bytes,     799504 total
[2021-05-01T13:17:24.375+0000][7][gc,age      ] GC(78) - age   5:       1648 bytes,     801152 total
[2021-05-01T13:17:24.375+0000][7][gc,age      ] GC(78) - age   6:       2752 bytes,     803904 total
[2021-05-01T13:17:24.375+0000][7][gc,age      ] GC(78) - age   7:       5096 bytes,     809000 total
[2021-05-01T13:17:24.375+0000][7][gc,age      ] GC(78) - age   8:       1416 bytes,     810416 total
[2021-05-01T13:17:24.375+0000][7][gc,age      ] GC(78) - age   9:       2776 bytes,     813192 total
[2021-05-01T13:17:24.375+0000][7][gc,age      ] GC(78) - age  10:       2952 bytes,     816144 total
[2021-05-01T13:17:24.375+0000][7][gc,age      ] GC(78) - age  11:       4584 bytes,     820728 total
[2021-05-01T13:17:24.375+0000][7][gc,age      ] GC(78) - age  12:       1128 bytes,     821856 total
[2021-05-01T13:17:24.375+0000][7][gc,age      ] GC(78) - age  13:       5648 bytes,     827504 total
[2021-05-01T13:17:24.375+0000][7][gc,age      ] GC(78) - age  14:      87352 bytes,     914856 total
[2021-05-01T13:17:24.375+0000][7][gc,age      ] GC(78) - age  15:      15360 bytes,     930216 total
[2021-05-01T13:17:24.375+0000][7][gc,phases   ] GC(78)   Pre Evacuate Collection Set: 0.1ms
[2021-05-01T13:17:24.375+0000][7][gc,phases   ] GC(78)   Merge Heap Roots: 0.1ms
[2021-05-01T13:17:24.375+0000][7][gc,phases   ] GC(78)   Evacuate Collection Set: 2.2ms
[2021-05-01T13:17:24.375+0000][7][gc,phases   ] GC(78)   Post Evacuate Collection Set: 0.5ms
[2021-05-01T13:17:24.375+0000][7][gc,phases   ] GC(78)   Other: 0.3ms
[2021-05-01T13:17:24.375+0000][7][gc,heap     ] GC(78) Eden regions: 22->0(22)
[2021-05-01T13:17:24.375+0000][7][gc,heap     ] GC(78) Survivor regions: 1->1(3)
[2021-05-01T13:17:24.375+0000][7][gc,heap     ] GC(78) Old regions: 26->26
[2021-05-01T13:17:24.375+0000][7][gc,heap     ] GC(78) Archive regions: 2->2
[2021-05-01T13:17:24.375+0000][7][gc,heap     ] GC(78) Humongous regions: 2->2
[2021-05-01T13:17:24.375+0000][7][gc,metaspace] GC(78) Metaspace: 107248K(111492K)->107248K(111492K) NonClass: 93357K(96312K)->93357K(96312K) Class: 13890K(15180K)->13890K(15180K)
[2021-05-01T13:17:24.375+0000][7][gc          ] GC(78) Pause Young (Concurrent Start) (G1 Evacuation Pause) 202M->114M(256M) 3.279ms
[2021-05-01T13:17:24.375+0000][7][gc,cpu      ] GC(78) User=0.01s Sys=0.00s Real=0.00s
[2021-05-01T13:17:24.375+0000][7][safepoint   ] Safepoint "G1CollectForAllocation", Time since last: 9114563269 ns, Reaching safepoint: 81086 ns, At safepoint: 3356492 ns, Total: 3437578 ns
[2021-05-01T13:17:24.375+0000][7][gc          ] GC(79) Concurrent Cycle
[2021-05-01T13:17:24.375+0000][7][gc,marking  ] GC(79) Concurrent Clear Claimed Marks
[2021-05-01T13:17:24.376+0000][7][gc,marking  ] GC(79) Concurrent Clear Claimed Marks 0.072ms
[2021-05-01T13:17:24.376+0000][7][gc,marking  ] GC(79) Concurrent Scan Root Regions
[2021-05-01T13:17:24.376+0000][7][gc,marking  ] GC(79) Concurrent Scan Root Regions 0.799ms
[2021-05-01T13:17:24.376+0000][7][gc,marking  ] GC(79) Concurrent Mark (3871.144s)
[2021-05-01T13:17:24.376+0000][7][gc,marking  ] GC(79) Concurrent Mark From Roots
[2021-05-01T13:17:24.376+0000][7][gc,task     ] GC(79) Using 2 workers of 2 for marking
[2021-05-01T13:17:24.460+0000][7][gc,marking  ] GC(79) Concurrent Mark From Roots 83.111ms
[2021-05-01T13:17:24.460+0000][7][gc,marking  ] GC(79) Concurrent Preclean
[2021-05-01T13:17:24.460+0000][7][gc,marking  ] GC(79) Concurrent Preclean 0.210ms
[2021-05-01T13:17:24.460+0000][7][gc,marking  ] GC(79) Concurrent Mark (3871.144s, 3871.228s) 83.364ms
[2021-05-01T13:17:24.460+0000][7][gc,start    ] GC(79) Pause Remark
[2021-05-01T13:17:24.466+0000][7][gc          ] GC(79) Pause Remark 114M->114M(256M) 5.784ms
[2021-05-01T13:17:24.466+0000][7][gc,cpu      ] GC(79) User=0.03s Sys=0.00s Real=0.00s
[2021-05-01T13:17:24.466+0000][7][safepoint   ] Safepoint "G1Concurrent", Time since last: 84367533 ns, Reaching safepoint: 117616 ns, At safepoint: 5883073 ns, Total: 6000689 ns
[2021-05-01T13:17:24.466+0000][7][gc,marking  ] GC(79) Concurrent Rebuild Remembered Sets
[2021-05-01T13:17:24.519+0000][7][gc,marking  ] GC(79) Concurrent Rebuild Remembered Sets 53.057ms
[2021-05-01T13:17:24.519+0000][7][gc,start    ] GC(79) Pause Cleanup
[2021-05-01T13:17:24.519+0000][7][gc          ] GC(79) Pause Cleanup 114M->114M(256M) 0.068ms
[2021-05-01T13:17:24.519+0000][7][gc,cpu      ] GC(79) User=0.01s Sys=0.00s Real=0.00s
[2021-05-01T13:17:24.519+0000][7][safepoint   ] Safepoint "G1Concurrent", Time since last: 53200712 ns, Reaching safepoint: 98874 ns, At safepoint: 106749 ns, Total: 205623 ns
[2021-05-01T13:17:24.519+0000][7][gc,marking  ] GC(79) Concurrent Cleanup for Next Mark
[2021-05-01T13:17:24.519+0000][7][gc,marking  ] GC(79) Concurrent Cleanup for Next Mark 0.215ms
[2021-05-01T13:17:24.520+0000][7][gc          ] GC(79) Concurrent Cycle 144.027ms
[2021-05-01T13:17:28.520+0000][7][safepoint   ] Safepoint "Cleanup", Time since last: 4000747038 ns, Reaching safepoint: 133557 ns, At safepoint: 5868 ns, Total: 139425 ns
[2021-05-01T13:17:38.523+0000][7][safepoint   ] Safepoint "Cleanup", Time since last: 10002349299 ns, Reaching safepoint: 94311 ns, At safepoint: 5819 ns, Total: 100130 ns
[2021-05-01T13:17:48.525+0000][7][safepoint   ] Safepoint "Cleanup", Time since last: 10001987976 ns, Reaching safepoint: 102342 ns, At safepoint: 7525 ns, Total: 109867 ns
[2021-05-01T13:17:50.525+0000][7][safepoint   ] Safepoint "Cleanup", Time since last: 2000322182 ns, Reaching safepoint: 70621 ns, At safepoint: 5512 ns, Total: 76133 ns
[2021-05-01T13:17:58.527+0000][7][safepoint   ] Safepoint "Cleanup", Time since last: 8001330655 ns, Reaching safepoint: 154158 ns, At safepoint: 8434 ns, Total: 162592 ns
[2021-05-01T13:18:07.528+0000][7][safepoint   ] Safepoint "Cleanup", Time since last: 9000989814 ns, Reaching safepoint: 98743 ns, At safepoint: 5554 ns, Total: 104297 ns
[2021-05-01T13:18:12.529+0000][7][safepoint   ] Safepoint "Cleanup", Time since last: 5000979215 ns, Reaching safepoint: 84671 ns, At safepoint: 5358 ns, Total: 90029 ns
[2021-05-01T13:18:17.530+0000][7][safepoint   ] Safepoint "Cleanup", Time since last: 5001046562 ns, Reaching safepoint: 76578 ns, At safepoint: 5921 ns, Total: 82499 ns
[2021-05-01T13:18:18.530+0000][7][safepoint   ] Safepoint "Cleanup", Time since last: 1000241035 ns, Reaching safepoint: 222456 ns, At safepoint: 6818 ns, Total: 229274 ns
[2021-05-01T13:18:22.531+0000][7][safepoint   ] Safepoint "Cleanup", Time since last: 4000855435 ns, Reaching safepoint: 76377 ns, At safepoint: 5529 ns, Total: 81906 ns
[2021-05-01T13:18:44.535+0000][7][safepoint   ] Safepoint "Cleanup", Time since last: 22003841570 ns, Reaching safepoint: 91431 ns, At safepoint: 5706 ns, Total: 97137 ns
[2021-05-01T13:18:45.535+0000][7][safepoint   ] Safepoint "Cleanup", Time since last: 1000100213 ns, Reaching safepoint: 114023 ns, At safepoint: 7009 ns, Total: 121032 ns
[2021-05-01T13:18:46.536+0000][7][safepoint   ] Safepoint "Cleanup", Time since last: 1000095656 ns, Reaching safepoint: 68336 ns, At safepoint: 5170 ns, Total: 73506 ns
[2021-05-01T13:18:47.536+0000][7][safepoint   ] Safepoint "Cleanup", Time since last: 1000124959 ns, Reaching safepoint: 84960 ns, At safepoint: 5179 ns, Total: 90139 ns
[2021-05-01T13:18:48.536+0000][7][safepoint   ] Safepoint "Cleanup", Time since last: 1000257766 ns, Reaching safepoint: 134863 ns, At safepoint: 5389 ns, Total: 140252 ns
[2021-05-01T13:19:17.541+0000][7][safepoint   ] Safepoint "Cleanup", Time since last: 29004189651 ns, Reaching safepoint: 103514 ns, At safepoint: 5434 ns, Total: 108948 ns
[2021-05-01T13:19:18.541+0000][7][safepoint   ] Safepoint "Cleanup", Time since last: 1000155592 ns, Reaching safepoint: 153791 ns, At safepoint: 4913 ns, Total: 158704 ns
[2021-05-01T13:19:37.380+0000][7][gc,start    ] GC(80) Pause Young (Normal) (G1 Evacuation Pause)
[2021-05-01T13:19:37.380+0000][7][gc,task     ] GC(80) Using 6 workers of 8 for evacuation
[2021-05-01T13:19:37.380+0000][7][gc,age      ] GC(80) Desired survivor size 6291456 bytes, new threshold 15 (max threshold 15)
[2021-05-01T13:19:37.382+0000][7][gc,age      ] GC(80) Age table with threshold 15 (max threshold 15)
[2021-05-01T13:19:37.382+0000][7][gc,age      ] GC(80) - age   1:     519624 bytes,     519624 total
[2021-05-01T13:19:37.382+0000][7][gc,age      ] GC(80) - age   2:       3512 bytes,     523136 total
[2021-05-01T13:19:37.382+0000][7][gc,age      ] GC(80) - age   3:      71456 bytes,     594592 total
[2021-05-01T13:19:37.382+0000][7][gc,age      ] GC(80) - age   4:     123960 bytes,     718552 total
[2021-05-01T13:19:37.382+0000][7][gc,age      ] GC(80) - age   5:       2536 bytes,     721088 total
[2021-05-01T13:19:37.382+0000][7][gc,age      ] GC(80) - age   6:       1648 bytes,     722736 total
[2021-05-01T13:19:37.382+0000][7][gc,age      ] GC(80) - age   7:       2656 bytes,     725392 total
[2021-05-01T13:19:37.382+0000][7][gc,age      ] GC(80) - age   8:       5096 bytes,     730488 total
[2021-05-01T13:19:37.382+0000][7][gc,age      ] GC(80) - age   9:       1216 bytes,     731704 total
[2021-05-01T13:19:37.382+0000][7][gc,age      ] GC(80) - age  10:       2736 bytes,     734440 total
[2021-05-01T13:19:37.382+0000][7][gc,age      ] GC(80) - age  11:       2952 bytes,     737392 total
[2021-05-01T13:19:37.382+0000][7][gc,age      ] GC(80) - age  12:       4584 bytes,     741976 total
[2021-05-01T13:19:37.382+0000][7][gc,age      ] GC(80) - age  13:       1128 bytes,     743104 total
[2021-05-01T13:19:37.382+0000][7][gc,age      ] GC(80) - age  14:       5648 bytes,     748752 total
[2021-05-01T13:19:37.382+0000][7][gc,age      ] GC(80) - age  15:      87352 bytes,     836104 total
[2021-05-01T13:19:37.382+0000][7][gc,phases   ] GC(80)   Pre Evacuate Collection Set: 0.1ms
[2021-05-01T13:19:37.382+0000][7][gc,phases   ] GC(80)   Merge Heap Roots: 0.0ms
[2021-05-01T13:19:37.382+0000][7][gc,phases   ] GC(80)   Evacuate Collection Set: 1.5ms
[2021-05-01T13:19:37.382+0000][7][gc,phases   ] GC(80)   Post Evacuate Collection Set: 0.9ms
[2021-05-01T13:19:37.382+0000][7][gc,phases   ] GC(80)   Other: 0.3ms
[2021-05-01T13:19:37.382+0000][7][gc,heap     ] GC(80) Eden regions: 22->0(22)
[2021-05-01T13:19:37.383+0000][7][gc,heap     ] GC(80) Survivor regions: 1->1(3)
[2021-05-01T13:19:37.383+0000][7][gc,heap     ] GC(80) Old regions: 26->26
[2021-05-01T13:19:37.383+0000][7][gc,heap     ] GC(80) Archive regions: 2->2
[2021-05-01T13:19:37.383+0000][7][gc,heap     ] GC(80) Humongous regions: 2->2
[2021-05-01T13:19:37.383+0000][7][gc,metaspace] GC(80) Metaspace: 107336K(111492K)->107336K(111492K) NonClass: 93445K(96312K)->93445K(96312K) Class: 13891K(15180K)->13891K(15180K)
[2021-05-01T13:19:37.383+0000][7][gc          ] GC(80) Pause Young (Normal) (G1 Evacuation Pause) 202M->114M(256M) 2.813ms
[2021-05-01T13:19:37.383+0000][7][gc,cpu      ] GC(80) User=0.01s Sys=0.00s Real=0.00s
[2021-05-01T13:19:37.383+0000][7][safepoint   ] Safepoint "G1CollectForAllocation", Time since last: 18838739991 ns, Reaching safepoint: 148272 ns, At safepoint: 2890986 ns, Total: 3039258 ns
[2021-05-01T13:19:56.385+0000][7][safepoint   ] Safepoint "Cleanup", Time since last: 19002714332 ns, Reaching safepoint: 163433 ns, At safepoint: 7036 ns, Total: 170469 ns
[2021-05-01T13:20:00.386+0000][7][safepoint   ] Safepoint "Cleanup", Time since last: 4000492058 ns, Reaching safepoint: 77271 ns, At safepoint: 5443 ns, Total: 82714 ns
[2021-05-01T13:20:02.387+0000][7][safepoint   ] Safepoint "Cleanup", Time since last: 2000307358 ns, Reaching safepoint: 202920 ns, At safepoint: 5453 ns, Total: 208373 ns
[2021-05-01T13:20:06.390+0000][7][safepoint   ] Safepoint "Cleanup", Time since last: 4003076123 ns, Reaching safepoint: 74919 ns, At safepoint: 4552 ns, Total: 79471 ns
[2021-05-01T13:20:08.390+0000][7][safepoint   ] Safepoint "Cleanup", Time since last: 2000125397 ns, Reaching safepoint: 64911 ns, At safepoint: 5590 ns, Total: 70501 ns
[2021-05-01T13:20:12.391+0000][7][safepoint   ] Safepoint "Cleanup", Time since last: 4000666085 ns, Reaching safepoint: 170411 ns, At safepoint: 6166 ns, Total: 176577 ns
[2021-05-01T13:20:14.392+0000][7][safepoint   ] Safepoint "Cleanup", Time since last: 2000591144 ns, Reaching safepoint: 153812 ns, At safepoint: 7343 ns, Total: 161155 ns
[2021-05-01T13:20:17.392+0000][7][safepoint   ] Safepoint "Cleanup", Time since last: 3000612204 ns, Reaching safepoint: 103418 ns, At safepoint: 6357 ns, Total: 109775 ns
[2021-05-01T13:20:18.393+0000][7][safepoint   ] Safepoint "Cleanup", Time since last: 1000255315 ns, Reaching safepoint: 72600 ns, At safepoint: 5661 ns, Total: 78261 ns
[2021-05-01T13:20:33.395+0000][7][safepoint   ] Safepoint "Cleanup", Time since last: 15002819273 ns, Reaching safepoint: 91499 ns, At safepoint: 6079 ns, Total: 97578 ns
[2021-05-01T13:20:46.397+0000][7][safepoint   ] Safepoint "Cleanup", Time since last: 13001807081 ns, Reaching safepoint: 134626 ns, At safepoint: 8017 ns, Total: 142643 ns
[2021-05-01T13:20:48.398+0000][7][safepoint   ] Safepoint "Cleanup", Time since last: 2000491248 ns, Reaching safepoint: 92818 ns, At safepoint: 5439 ns, Total: 98257 ns
[2021-05-01T13:21:14.402+0000][7][safepoint   ] Safepoint "Cleanup", Time since last: 26003606148 ns, Reaching safepoint: 86393 ns, At safepoint: 6613 ns, Total: 93006 ns
[2021-05-01T13:21:16.402+0000][7][safepoint   ] Safepoint "Cleanup", Time since last: 2000380421 ns, Reaching safepoint: 117714 ns, At safepoint: 10459 ns, Total: 128173 ns
[2021-05-01T13:21:18.402+0000][7][safepoint   ] Safepoint "Cleanup", Time since last: 2000173138 ns, Reaching safepoint: 76198 ns, At safepoint: 5510 ns, Total: 81708 ns
[2021-05-01T13:21:45.409+0000][7][safepoint   ] Safepoint "Cleanup", Time since last: 27005871382 ns, Reaching safepoint: 160823 ns, At safepoint: 8574 ns, Total: 169397 ns
[2021-05-01T13:21:46.409+0000][7][safepoint   ] Safepoint "Cleanup", Time since last: 1000132177 ns, Reaching safepoint: 90120 ns, At safepoint: 6295 ns, Total: 96415 ns
[2021-05-01T13:21:48.409+0000][7][safepoint   ] Safepoint "Cleanup", Time since last: 2000320189 ns, Reaching safepoint: 127088 ns, At safepoint: 8682 ns, Total: 135770 ns
[2021-05-01T13:21:51.410+0000][7][safepoint   ] Safepoint "Cleanup", Time since last: 3000863141 ns, Reaching safepoint: 120252 ns, At safepoint: 8204 ns, Total: 128456 ns
[2021-05-01T13:21:52.407+0000][7][gc,start    ] GC(81) Pause Young (Concurrent Start) (G1 Evacuation Pause)
[2021-05-01T13:21:52.407+0000][7][gc,task     ] GC(81) Using 6 workers of 8 for evacuation
[2021-05-01T13:21:52.408+0000][7][gc,age      ] GC(81) Desired survivor size 6291456 bytes, new threshold 15 (max threshold 15)
[2021-05-01T13:21:52.409+0000][7][gc,age      ] GC(81) Age table with threshold 15 (max threshold 15)
[2021-05-01T13:21:52.409+0000][7][gc,age      ] GC(81) - age   1:     509440 bytes,     509440 total
[2021-05-01T13:21:52.409+0000][7][gc,age      ] GC(81) - age   2:       5368 bytes,     514808 total
[2021-05-01T13:21:52.409+0000][7][gc,age      ] GC(81) - age   3:       3168 bytes,     517976 total
[2021-05-01T13:21:52.409+0000][7][gc,age      ] GC(81) - age   4:      71456 bytes,     589432 total
[2021-05-01T13:21:52.409+0000][7][gc,age      ] GC(81) - age   5:     123936 bytes,     713368 total
[2021-05-01T13:21:52.409+0000][7][gc,age      ] GC(81) - age   6:       2440 bytes,     715808 total
[2021-05-01T13:21:52.409+0000][7][gc,age      ] GC(81) - age   7:       1648 bytes,     717456 total
[2021-05-01T13:21:52.409+0000][7][gc,age      ] GC(81) - age   8:       2656 bytes,     720112 total
[2021-05-01T13:21:52.409+0000][7][gc,age      ] GC(81) - age   9:       5072 bytes,     725184 total
[2021-05-01T13:21:52.409+0000][7][gc,age      ] GC(81) - age  10:       1216 bytes,     726400 total
[2021-05-01T13:21:52.409+0000][7][gc,age      ] GC(81) - age  11:       2736 bytes,     729136 total
[2021-05-01T13:21:52.409+0000][7][gc,age      ] GC(81) - age  12:       2952 bytes,     732088 total
[2021-05-01T13:21:52.409+0000][7][gc,age      ] GC(81) - age  13:       4584 bytes,     736672 total
[2021-05-01T13:21:52.409+0000][7][gc,age      ] GC(81) - age  14:       1128 bytes,     737800 total
[2021-05-01T13:21:52.409+0000][7][gc,age      ] GC(81) - age  15:       5648 bytes,     743448 total
[2021-05-01T13:21:52.409+0000][7][gc,phases   ] GC(81)   Pre Evacuate Collection Set: 0.1ms
[2021-05-01T13:21:52.409+0000][7][gc,phases   ] GC(81)   Merge Heap Roots: 0.0ms
[2021-05-01T13:21:52.409+0000][7][gc,phases   ] GC(81)   Evacuate Collection Set: 0.9ms
[2021-05-01T13:21:52.409+0000][7][gc,phases   ] GC(81)   Post Evacuate Collection Set: 0.7ms
[2021-05-01T13:21:52.409+0000][7][gc,phases   ] GC(81)   Other: 0.2ms
[2021-05-01T13:21:52.409+0000][7][gc,heap     ] GC(81) Eden regions: 22->0(22)
[2021-05-01T13:21:52.409+0000][7][gc,heap     ] GC(81) Survivor regions: 1->1(3)
[2021-05-01T13:21:52.409+0000][7][gc,heap     ] GC(81) Old regions: 26->26
[2021-05-01T13:21:52.409+0000][7][gc,heap     ] GC(81) Archive regions: 2->2
[2021-05-01T13:21:52.409+0000][7][gc,heap     ] GC(81) Humongous regions: 2->2
[2021-05-01T13:21:52.409+0000][7][gc,metaspace] GC(81) Metaspace: 107393K(111748K)->107393K(111748K) NonClass: 93502K(96568K)->93502K(96568K) Class: 13891K(15180K)->13891K(15180K)
[2021-05-01T13:21:52.409+0000][7][gc          ] GC(81) Pause Young (Concurrent Start) (G1 Evacuation Pause) 202M->114M(256M) 2.009ms
[2021-05-01T13:21:52.409+0000][7][gc,cpu      ] GC(81) User=0.01s Sys=0.00s Real=0.00s
[2021-05-01T13:21:52.410+0000][7][gc          ] GC(82) Concurrent Cycle
[2021-05-01T13:21:52.410+0000][7][safepoint   ] Safepoint "G1CollectForAllocation", Time since last: 997065956 ns, Reaching safepoint: 161378 ns, At safepoint: 2074925 ns, Total: 2236303 ns
[2021-05-01T13:21:52.410+0000][7][gc,marking  ] GC(82) Concurrent Clear Claimed Marks
[2021-05-01T13:21:52.410+0000][7][gc,marking  ] GC(82) Concurrent Clear Claimed Marks 0.053ms
[2021-05-01T13:21:52.410+0000][7][gc,marking  ] GC(82) Concurrent Scan Root Regions
[2021-05-01T13:21:52.411+0000][7][gc,marking  ] GC(82) Concurrent Scan Root Regions 0.968ms
[2021-05-01T13:21:52.411+0000][7][gc,marking  ] GC(82) Concurrent Mark (4139.179s)
[2021-05-01T13:21:52.411+0000][7][gc,marking  ] GC(82) Concurrent Mark From Roots
[2021-05-01T13:21:52.411+0000][7][gc,task     ] GC(82) Using 2 workers of 2 for marking
[2021-05-01T13:21:52.494+0000][7][gc,marking  ] GC(82) Concurrent Mark From Roots 83.848ms
[2021-05-01T13:21:52.494+0000][7][gc,marking  ] GC(82) Concurrent Preclean
[2021-05-01T13:21:52.495+0000][7][gc,marking  ] GC(82) Concurrent Preclean 0.197ms
[2021-05-01T13:21:52.495+0000][7][gc,marking  ] GC(82) Concurrent Mark (4139.179s, 4139.263s) 84.091ms
[2021-05-01T13:21:52.495+0000][7][gc,start    ] GC(82) Pause Remark
[2021-05-01T13:21:52.507+0000][7][gc          ] GC(82) Pause Remark 114M->114M(256M) 11.817ms
[2021-05-01T13:21:52.507+0000][7][gc,cpu      ] GC(82) User=0.05s Sys=0.02s Real=0.01s
[2021-05-01T13:21:52.507+0000][7][safepoint   ] Safepoint "G1Concurrent", Time since last: 85211610 ns, Reaching safepoint: 91969 ns, At safepoint: 11908657 ns, Total: 12000626 ns
[2021-05-01T13:21:52.507+0000][7][gc,marking  ] GC(82) Concurrent Rebuild Remembered Sets
[2021-05-01T13:21:52.561+0000][7][gc,marking  ] GC(82) Concurrent Rebuild Remembered Sets 53.862ms
[2021-05-01T13:21:52.561+0000][7][gc,start    ] GC(82) Pause Cleanup
[2021-05-01T13:21:52.561+0000][7][gc          ] GC(82) Pause Cleanup 114M->114M(256M) 0.067ms
[2021-05-01T13:21:52.561+0000][7][gc,cpu      ] GC(82) User=0.00s Sys=0.00s Real=0.00s
[2021-05-01T13:21:52.561+0000][7][safepoint   ] Safepoint "G1Concurrent", Time since last: 53990862 ns, Reaching safepoint: 84771 ns, At safepoint: 105405 ns, Total: 190176 ns
[2021-05-01T13:21:52.561+0000][7][gc,marking  ] GC(82) Concurrent Cleanup for Next Mark
[2021-05-01T13:21:52.561+0000][7][gc,marking  ] GC(82) Concurrent Cleanup for Next Mark 0.193ms
[2021-05-01T13:21:52.561+0000][7][gc          ] GC(82) Concurrent Cycle 151.625ms
[2021-05-01T13:21:53.561+0000][7][safepoint   ] Safepoint "Cleanup", Time since last: 1000221679 ns, Reaching safepoint: 187029 ns, At safepoint: 7332 ns, Total: 194361 ns
[2021-05-01T13:21:54.562+0000][7][safepoint   ] Safepoint "Cleanup", Time since last: 1000244138 ns, Reaching safepoint: 176169 ns, At safepoint: 6814 ns, Total: 182983 ns
[2021-05-01T13:21:56.562+0000][7][safepoint   ] Safepoint "Cleanup", Time since last: 2000474572 ns, Reaching safepoint: 114664 ns, At safepoint: 6205 ns, Total: 120869 ns
[2021-05-01T13:21:57.563+0000][7][safepoint   ] Safepoint "Cleanup", Time since last: 1000176297 ns, Reaching safepoint: 151492 ns, At safepoint: 6200 ns, Total: 157692 ns
[2021-05-01T13:22:01.563+0000][7][safepoint   ] Safepoint "Cleanup", Time since last: 4000665576 ns, Reaching safepoint: 77640 ns, At safepoint: 5038 ns, Total: 82678 ns
[2021-05-01T13:22:03.564+0000][7][safepoint   ] Safepoint "Cleanup", Time since last: 2000197290 ns, Reaching safepoint: 93716 ns, At safepoint: 6059 ns, Total: 99775 ns
[2021-05-01T13:22:08.564+0000][7][safepoint   ] Safepoint "Cleanup", Time since last: 5000453761 ns, Reaching safepoint: 187032 ns, At safepoint: 11217 ns, Total: 198249 ns
[2021-05-01T13:22:10.572+0000][7][safepoint   ] Safepoint "Cleanup", Time since last: 2007532290 ns, Reaching safepoint: 198011 ns, At safepoint: 6667 ns, Total: 204678 ns
[2021-05-01T13:22:12.573+0000][7][safepoint   ] Safepoint "Cleanup", Time since last: 2000527724 ns, Reaching safepoint: 205624 ns, At safepoint: 9127 ns, Total: 214751 ns
[2021-05-01T13:22:14.574+0000][7][safepoint   ] Safepoint "Cleanup", Time since last: 2000745045 ns, Reaching safepoint: 238577 ns, At safepoint: 7873 ns, Total: 246450 ns
[2021-05-01T13:22:15.574+0000][7][safepoint   ] Safepoint "Cleanup", Time since last: 1000187190 ns, Reaching safepoint: 146180 ns, At safepoint: 6177 ns, Total: 152357 ns
[2021-05-01T13:22:17.575+0000][7][safepoint   ] Safepoint "Cleanup", Time since last: 2000244175 ns, Reaching safepoint: 76040 ns, At safepoint: 5558 ns, Total: 81598 ns
[2021-05-01T13:22:18.575+0000][7][safepoint   ] Safepoint "Cleanup", Time since last: 1000105246 ns, Reaching safepoint: 153173 ns, At safepoint: 4584 ns, Total: 157757 ns
[2021-05-01T13:22:42.579+0000][7][safepoint   ] Safepoint "Cleanup", Time since last: 24003634892 ns, Reaching safepoint: 150608 ns, At safepoint: 6665 ns, Total: 157273 ns
[2021-05-01T13:22:48.580+0000][7][safepoint   ] Safepoint "Cleanup", Time since last: 6000937908 ns, Reaching safepoint: 155360 ns, At safepoint: 7192 ns, Total: 162552 ns
[2021-05-01T13:23:00.582+0000][7][safepoint   ] Safepoint "Cleanup", Time since last: 12002481151 ns, Reaching safepoint: 107767 ns, At safepoint: 4886 ns, Total: 112653 ns
[2021-05-01T13:23:02.583+0000][7][safepoint   ] Safepoint "Cleanup", Time since last: 2000494302 ns, Reaching safepoint: 96802 ns, At safepoint: 5033 ns, Total: 101835 ns
[2021-05-01T13:23:11.835+0000][7][safepoint   ] Safepoint "ICBufferFull", Time since last: 9252007579 ns, Reaching safepoint: 374871 ns, At safepoint: 9226 ns, Total: 384097 ns
[2021-05-01T13:23:12.835+0000][7][safepoint   ] Safepoint "Cleanup", Time since last: 1000102301 ns, Reaching safepoint: 99072 ns, At safepoint: 6232 ns, Total: 105304 ns
[2021-05-01T13:23:14.836+0000][7][safepoint   ] Safepoint "Cleanup", Time since last: 2000423361 ns, Reaching safepoint: 102129 ns, At safepoint: 5510 ns, Total: 107639 ns
[2021-05-01T13:23:15.837+0000][7][safepoint   ] Safepoint "Cleanup", Time since last: 1000351173 ns, Reaching safepoint: 228974 ns, At safepoint: 5540 ns, Total: 234514 ns
[2021-05-01T13:23:25.838+0000][7][safepoint   ] Safepoint "Cleanup", Time since last: 10001786694 ns, Reaching safepoint: 123381 ns, At safepoint: 7195 ns, Total: 130576 ns
[2021-05-01T13:23:36.834+0000][7][gc,start    ] GC(83) Pause Young (Normal) (G1 Evacuation Pause)
[2021-05-01T13:23:36.834+0000][7][gc,task     ] GC(83) Using 6 workers of 8 for evacuation
[2021-05-01T13:23:36.834+0000][7][gc,age      ] GC(83) Desired survivor size 6291456 bytes, new threshold 15 (max threshold 15)
[2021-05-01T13:23:36.836+0000][7][gc,age      ] GC(83) Age table with threshold 15 (max threshold 15)
[2021-05-01T13:23:36.836+0000][7][gc,age      ] GC(83) - age   1:     789552 bytes,     789552 total
[2021-05-01T13:23:36.836+0000][7][gc,age      ] GC(83) - age   2:       2816 bytes,     792368 total
[2021-05-01T13:23:36.836+0000][7][gc,age      ] GC(83) - age   3:       3200 bytes,     795568 total
[2021-05-01T13:23:36.836+0000][7][gc,age      ] GC(83) - age   4:       2968 bytes,     798536 total
[2021-05-01T13:23:36.836+0000][7][gc,age      ] GC(83) - age   5:       9296 bytes,     807832 total
[2021-05-01T13:23:36.836+0000][7][gc,age      ] GC(83) - age   6:       8168 bytes,     816000 total
[2021-05-01T13:23:36.836+0000][7][gc,age      ] GC(83) - age   7:       2400 bytes,     818400 total
[2021-05-01T13:23:36.836+0000][7][gc,age      ] GC(83) - age   8:       1648 bytes,     820048 total
[2021-05-01T13:23:36.836+0000][7][gc,age      ] GC(83) - age   9:       2656 bytes,     822704 total
[2021-05-01T13:23:36.836+0000][7][gc,age      ] GC(83) - age  10:       3824 bytes,     826528 total
[2021-05-01T13:23:36.836+0000][7][gc,age      ] GC(83) - age  11:       1216 bytes,     827744 total
[2021-05-01T13:23:36.836+0000][7][gc,age      ] GC(83) - age  12:       2736 bytes,     830480 total
[2021-05-01T13:23:36.836+0000][7][gc,age      ] GC(83) - age  13:       2952 bytes,     833432 total
[2021-05-01T13:23:36.836+0000][7][gc,age      ] GC(83) - age  14:       4584 bytes,     838016 total
[2021-05-01T13:23:36.836+0000][7][gc,age      ] GC(83) - age  15:       1128 bytes,     839144 total
[2021-05-01T13:23:36.836+0000][7][gc,phases   ] GC(83)   Pre Evacuate Collection Set: 0.0ms
[2021-05-01T13:23:36.836+0000][7][gc,phases   ] GC(83)   Merge Heap Roots: 0.1ms
[2021-05-01T13:23:36.836+0000][7][gc,phases   ] GC(83)   Evacuate Collection Set: 1.2ms
[2021-05-01T13:23:36.836+0000][7][gc,phases   ] GC(83)   Post Evacuate Collection Set: 0.6ms
[2021-05-01T13:23:36.836+0000][7][gc,phases   ] GC(83)   Other: 0.2ms
[2021-05-01T13:23:36.836+0000][7][gc,heap     ] GC(83) Eden regions: 22->0(22)
[2021-05-01T13:23:36.836+0000][7][gc,heap     ] GC(83) Survivor regions: 1->1(3)
[2021-05-01T13:23:36.836+0000][7][gc,heap     ] GC(83) Old regions: 26->26
[2021-05-01T13:23:36.836+0000][7][gc,heap     ] GC(83) Archive regions: 2->2
[2021-05-01T13:23:36.836+0000][7][gc,heap     ] GC(83) Humongous regions: 2->2
[2021-05-01T13:23:36.836+0000][7][gc,metaspace] GC(83) Metaspace: 107429K(111748K)->107429K(111748K) NonClass: 93538K(96568K)->93538K(96568K) Class: 13890K(15180K)->13890K(15180K)
[2021-05-01T13:23:36.836+0000][7][gc          ] GC(83) Pause Young (Normal) (G1 Evacuation Pause) 202M->114M(256M) 2.113ms
[2021-05-01T13:23:36.836+0000][7][gc,cpu      ] GC(83) User=0.00s Sys=0.00s Real=0.00s
[2021-05-01T13:23:36.836+0000][7][safepoint   ] Safepoint "G1CollectForAllocation", Time since last: 10995002377 ns, Reaching safepoint: 154093 ns, At safepoint: 2171160 ns, Total: 2325253 ns
[2021-05-01T13:23:44.837+0000][7][safepoint   ] Safepoint "Cleanup", Time since last: 8000917951 ns, Reaching safepoint: 95063 ns, At safepoint: 5410 ns, Total: 100473 ns
[2021-05-01T13:23:45.837+0000][7][safepoint   ] Safepoint "Cleanup", Time since last: 1000247343 ns, Reaching safepoint: 130673 ns, At safepoint: 8353 ns, Total: 139026 ns
[2021-05-01T13:23:47.837+0000][7][safepoint   ] Safepoint "Cleanup", Time since last: 2000171768 ns, Reaching safepoint: 86152 ns, At safepoint: 5916 ns, Total: 92068 ns
[2021-05-01T13:23:55.839+0000][7][safepoint   ] Safepoint "Cleanup", Time since last: 8001381896 ns, Reaching safepoint: 116198 ns, At safepoint: 5479 ns, Total: 121677 ns
[2021-05-01T13:24:13.841+0000][7][safepoint   ] Safepoint "Cleanup", Time since last: 18002252922 ns, Reaching safepoint: 83306 ns, At safepoint: 7002 ns, Total: 90308 ns
[2021-05-01T13:24:14.842+0000][7][safepoint   ] Safepoint "Cleanup", Time since last: 1000221074 ns, Reaching safepoint: 81004 ns, At safepoint: 5558 ns, Total: 86562 ns
[2021-05-01T13:24:17.842+0000][7][safepoint   ] Safepoint "Cleanup", Time since last: 3000502451 ns, Reaching safepoint: 126252 ns, At safepoint: 6679 ns, Total: 132931 ns
[2021-05-01T13:24:47.847+0000][7][safepoint   ] Safepoint "Cleanup", Time since last: 30004930578 ns, Reaching safepoint: 84366 ns, At safepoint: 6866 ns, Total: 91232 ns
[2021-05-01T13:25:12.851+0000][7][safepoint   ] Safepoint "Cleanup", Time since last: 25003324235 ns, Reaching safepoint: 99139 ns, At safepoint: 10234 ns, Total: 109373 ns
[2021-05-01T13:25:13.851+0000][7][safepoint   ] Safepoint "Cleanup", Time since last: 1000410118 ns, Reaching safepoint: 103927 ns, At safepoint: 5630 ns, Total: 109557 ns
[2021-05-01T13:25:38.855+0000][7][safepoint   ] Safepoint "Cleanup", Time since last: 25003791915 ns, Reaching safepoint: 110555 ns, At safepoint: 7568 ns, Total: 118123 ns
[2021-05-01T13:25:42.856+0000][7][safepoint   ] Safepoint "Cleanup", Time since last: 4000518131 ns, Reaching safepoint: 90213 ns, At safepoint: 6375 ns, Total: 96588 ns
[2021-05-01T13:25:43.856+0000][7][safepoint   ] Safepoint "Cleanup", Time since last: 1000282553 ns, Reaching safepoint: 84727 ns, At safepoint: 5552 ns, Total: 90279 ns
[2021-05-01T13:25:47.857+0000][7][safepoint   ] Safepoint "Cleanup", Time since last: 4001107964 ns, Reaching safepoint: 93940 ns, At safepoint: 5161 ns, Total: 99101 ns
[2021-05-01T13:25:51.888+0000][7][gc,start    ] GC(84) Pause Young (Concurrent Start) (G1 Evacuation Pause)
[2021-05-01T13:25:51.888+0000][7][gc,task     ] GC(84) Using 6 workers of 8 for evacuation
[2021-05-01T13:25:51.888+0000][7][gc,age      ] GC(84) Desired survivor size 6291456 bytes, new threshold 15 (max threshold 15)
[2021-05-01T13:25:51.890+0000][7][gc,age      ] GC(84) Age table with threshold 15 (max threshold 15)
[2021-05-01T13:25:51.890+0000][7][gc,age      ] GC(84) - age   1:     509400 bytes,     509400 total
[2021-05-01T13:25:51.890+0000][7][gc,age      ] GC(84) - age   2:     278168 bytes,     787568 total
[2021-05-01T13:25:51.890+0000][7][gc,age      ] GC(84) - age   3:       2624 bytes,     790192 total
[2021-05-01T13:25:51.890+0000][7][gc,age      ] GC(84) - age   4:       3200 bytes,     793392 total
[2021-05-01T13:25:51.890+0000][7][gc,age      ] GC(84) - age   5:       2968 bytes,     796360 total
[2021-05-01T13:25:51.890+0000][7][gc,age      ] GC(84) - age   6:       9176 bytes,     805536 total
[2021-05-01T13:25:51.890+0000][7][gc,age      ] GC(84) - age   7:       8168 bytes,     813704 total
[2021-05-01T13:25:51.890+0000][7][gc,age      ] GC(84) - age   8:       2400 bytes,     816104 total
[2021-05-01T13:25:51.890+0000][7][gc,age      ] GC(84) - age   9:       1648 bytes,     817752 total
[2021-05-01T13:25:51.890+0000][7][gc,age      ] GC(84) - age  10:       2616 bytes,     820368 total
[2021-05-01T13:25:51.890+0000][7][gc,age      ] GC(84) - age  11:       3824 bytes,     824192 total
[2021-05-01T13:25:51.890+0000][7][gc,age      ] GC(84) - age  12:       1216 bytes,     825408 total
[2021-05-01T13:25:51.890+0000][7][gc,age      ] GC(84) - age  13:       2736 bytes,     828144 total
[2021-05-01T13:25:51.890+0000][7][gc,age      ] GC(84) - age  14:       2952 bytes,     831096 total
[2021-05-01T13:25:51.890+0000][7][gc,age      ] GC(84) - age  15:       4584 bytes,     835680 total
[2021-05-01T13:25:51.890+0000][7][gc,phases   ] GC(84)   Pre Evacuate Collection Set: 0.1ms
[2021-05-01T13:25:51.890+0000][7][gc,phases   ] GC(84)   Merge Heap Roots: 0.0ms
[2021-05-01T13:25:51.890+0000][7][gc,phases   ] GC(84)   Evacuate Collection Set: 1.1ms
[2021-05-01T13:25:51.890+0000][7][gc,phases   ] GC(84)   Post Evacuate Collection Set: 0.4ms
[2021-05-01T13:25:51.890+0000][7][gc,phases   ] GC(84)   Other: 0.2ms
[2021-05-01T13:25:51.890+0000][7][gc,heap     ] GC(84) Eden regions: 22->0(22)
[2021-05-01T13:25:51.890+0000][7][gc,heap     ] GC(84) Survivor regions: 1->1(3)
[2021-05-01T13:25:51.890+0000][7][gc,heap     ] GC(84) Old regions: 26->26
[2021-05-01T13:25:51.890+0000][7][gc,heap     ] GC(84) Archive regions: 2->2
[2021-05-01T13:25:51.890+0000][7][gc,heap     ] GC(84) Humongous regions: 2->2
[2021-05-01T13:25:51.890+0000][7][gc,metaspace] GC(84) Metaspace: 107436K(111748K)->107436K(111748K) NonClass: 93545K(96568K)->93545K(96568K) Class: 13890K(15180K)->13890K(15180K)
[2021-05-01T13:25:51.890+0000][7][gc          ] GC(84) Pause Young (Concurrent Start) (G1 Evacuation Pause) 202M->114M(256M) 1.898ms
[2021-05-01T13:25:51.890+0000][7][gc,cpu      ] GC(84) User=0.00s Sys=0.00s Real=0.00s
[2021-05-01T13:25:51.890+0000][7][safepoint   ] Safepoint "G1CollectForAllocation", Time since last: 4030349580 ns, Reaching safepoint: 164954 ns, At safepoint: 1960301 ns, Total: 2125255 ns
[2021-05-01T13:25:51.890+0000][7][gc          ] GC(85) Concurrent Cycle
[2021-05-01T13:25:51.890+0000][7][gc,marking  ] GC(85) Concurrent Clear Claimed Marks
[2021-05-01T13:25:51.890+0000][7][gc,marking  ] GC(85) Concurrent Clear Claimed Marks 0.050ms
[2021-05-01T13:25:51.890+0000][7][gc,marking  ] GC(85) Concurrent Scan Root Regions
[2021-05-01T13:25:51.891+0000][7][gc,marking  ] GC(85) Concurrent Scan Root Regions 1.354ms
[2021-05-01T13:25:51.891+0000][7][gc,marking  ] GC(85) Concurrent Mark (4378.659s)
[2021-05-01T13:25:51.891+0000][7][gc,marking  ] GC(85) Concurrent Mark From Roots
[2021-05-01T13:25:51.891+0000][7][gc,task     ] GC(85) Using 2 workers of 2 for marking
[2021-05-01T13:25:51.974+0000][7][gc,marking  ] GC(85) Concurrent Mark From Roots 82.903ms
[2021-05-01T13:25:51.974+0000][7][gc,marking  ] GC(85) Concurrent Preclean
[2021-05-01T13:25:51.974+0000][7][gc,marking  ] GC(85) Concurrent Preclean 0.213ms
[2021-05-01T13:25:51.981+0000][7][gc,marking  ] GC(85) Concurrent Mark (4378.659s, 4378.749s) 90.166ms
[2021-05-01T13:25:51.982+0000][7][gc,start    ] GC(85) Pause Remark
[2021-05-01T13:25:51.987+0000][7][gc          ] GC(85) Pause Remark 115M->115M(256M) 5.010ms
[2021-05-01T13:25:51.987+0000][7][gc,cpu      ] GC(85) User=0.03s Sys=0.00s Real=0.00s
[2021-05-01T13:25:51.987+0000][7][safepoint   ] Safepoint "G1Concurrent", Time since last: 91719190 ns, Reaching safepoint: 135551 ns, At safepoint: 5093515 ns, Total: 5229066 ns
[2021-05-01T13:25:51.987+0000][7][gc,marking  ] GC(85) Concurrent Rebuild Remembered Sets
[2021-05-01T13:25:52.041+0000][7][gc,marking  ] GC(85) Concurrent Rebuild Remembered Sets 54.229ms
[2021-05-01T13:25:52.041+0000][7][gc,start    ] GC(85) Pause Cleanup
[2021-05-01T13:25:52.041+0000][7][gc          ] GC(85) Pause Cleanup 115M->115M(256M) 0.057ms
[2021-05-01T13:25:52.041+0000][7][gc,cpu      ] GC(85) User=0.00s Sys=0.00s Real=0.00s
[2021-05-01T13:25:52.041+0000][7][safepoint   ] Safepoint "G1Concurrent", Time since last: 54302193 ns, Reaching safepoint: 86779 ns, At safepoint: 96459 ns, Total: 183238 ns
[2021-05-01T13:25:52.041+0000][7][gc,marking  ] GC(85) Concurrent Cleanup for Next Mark
[2021-05-01T13:25:52.041+0000][7][gc,marking  ] GC(85) Concurrent Cleanup for Next Mark 0.142ms
[2021-05-01T13:25:52.041+0000][7][gc          ] GC(85) Concurrent Cycle 151.622ms
[2021-05-01T13:25:58.042+0000][7][safepoint   ] Safepoint "Cleanup", Time since last: 6000961312 ns, Reaching safepoint: 119255 ns, At safepoint: 6969 ns, Total: 126224 ns
[2021-05-01T13:26:06.044+0000][7][safepoint   ] Safepoint "Cleanup", Time since last: 8001066553 ns, Reaching safepoint: 130566 ns, At safepoint: 4697 ns, Total: 135263 ns
[2021-05-01T13:26:08.044+0000][7][safepoint   ] Safepoint "Cleanup", Time since last: 2000377585 ns, Reaching safepoint: 84621 ns, At safepoint: 10105 ns, Total: 94726 ns
[2021-05-01T13:27:12.055+0000][7][safepoint   ] Safepoint "Cleanup", Time since last: 64011289817 ns, Reaching safepoint: 91415 ns, At safepoint: 7223 ns, Total: 98638 ns
[2021-05-01T13:27:42.060+0000][7][safepoint   ] Safepoint "Cleanup", Time since last: 30004779879 ns, Reaching safepoint: 157286 ns, At safepoint: 6876 ns, Total: 164162 ns
[2021-05-01T13:28:12.066+0000][7][safepoint   ] Safepoint "Cleanup", Time since last: 30005251565 ns, Reaching safepoint: 91862 ns, At safepoint: 5264 ns, Total: 97126 ns
[2021-05-01T13:28:14.357+0000][7][gc,start    ] GC(86) Pause Young (Normal) (G1 Evacuation Pause)
[2021-05-01T13:28:14.357+0000][7][gc,task     ] GC(86) Using 6 workers of 8 for evacuation
[2021-05-01T13:28:14.357+0000][7][gc,age      ] GC(86) Desired survivor size 6291456 bytes, new threshold 15 (max threshold 15)
[2021-05-01T13:28:14.359+0000][7][gc,age      ] GC(86) Age table with threshold 15 (max threshold 15)
[2021-05-01T13:28:14.359+0000][7][gc,age      ] GC(86) - age   1:     580240 bytes,     580240 total
[2021-05-01T13:28:14.359+0000][7][gc,age      ] GC(86) - age   2:       1272 bytes,     581512 total
[2021-05-01T13:28:14.359+0000][7][gc,age      ] GC(86) - age   3:     156800 bytes,     738312 total
[2021-05-01T13:28:14.359+0000][7][gc,age      ] GC(86) - age   4:       2600 bytes,     740912 total
[2021-05-01T13:28:14.359+0000][7][gc,age      ] GC(86) - age   5:       3080 bytes,     743992 total
[2021-05-01T13:28:14.359+0000][7][gc,age      ] GC(86) - age   6:       2944 bytes,     746936 total
[2021-05-01T13:28:14.359+0000][7][gc,age      ] GC(86) - age   7:       8936 bytes,     755872 total
[2021-05-01T13:28:14.359+0000][7][gc,age      ] GC(86) - age   8:       7864 bytes,     763736 total
[2021-05-01T13:28:14.359+0000][7][gc,age      ] GC(86) - age   9:       2400 bytes,     766136 total
[2021-05-01T13:28:14.359+0000][7][gc,age      ] GC(86) - age  10:       1648 bytes,     767784 total
[2021-05-01T13:28:14.359+0000][7][gc,age      ] GC(86) - age  11:       2520 bytes,     770304 total
[2021-05-01T13:28:14.359+0000][7][gc,age      ] GC(86) - age  12:       3824 bytes,     774128 total
[2021-05-01T13:28:14.359+0000][7][gc,age      ] GC(86) - age  13:       1216 bytes,     775344 total
[2021-05-01T13:28:14.359+0000][7][gc,age      ] GC(86) - age  14:       2736 bytes,     778080 total
[2021-05-01T13:28:14.359+0000][7][gc,age      ] GC(86) - age  15:       2952 bytes,     781032 total
[2021-05-01T13:28:14.359+0000][7][gc,phases   ] GC(86)   Pre Evacuate Collection Set: 0.0ms
[2021-05-01T13:28:14.359+0000][7][gc,phases   ] GC(86)   Merge Heap Roots: 0.1ms
[2021-05-01T13:28:14.359+0000][7][gc,phases   ] GC(86)   Evacuate Collection Set: 1.5ms
[2021-05-01T13:28:14.359+0000][7][gc,phases   ] GC(86)   Post Evacuate Collection Set: 0.7ms
[2021-05-01T13:28:14.359+0000][7][gc,phases   ] GC(86)   Other: 0.3ms
[2021-05-01T13:28:14.359+0000][7][gc,heap     ] GC(86) Eden regions: 22->0(22)
[2021-05-01T13:28:14.359+0000][7][gc,heap     ] GC(86) Survivor regions: 1->1(3)
[2021-05-01T13:28:14.359+0000][7][gc,heap     ] GC(86) Old regions: 26->26
[2021-05-01T13:28:14.359+0000][7][gc,heap     ] GC(86) Archive regions: 2->2
[2021-05-01T13:28:14.359+0000][7][gc,heap     ] GC(86) Humongous regions: 2->2
[2021-05-01T13:28:14.359+0000][7][gc,metaspace] GC(86) Metaspace: 107466K(111748K)->107466K(111748K) NonClass: 93574K(96568K)->93574K(96568K) Class: 13891K(15180K)->13891K(15180K)
[2021-05-01T13:28:14.359+0000][7][gc          ] GC(86) Pause Young (Normal) (G1 Evacuation Pause) 202M->114M(256M) 2.720ms
[2021-05-01T13:28:14.359+0000][7][gc,cpu      ] GC(86) User=0.01s Sys=0.00s Real=0.01s
[2021-05-01T13:28:14.359+0000][7][safepoint   ] Safepoint "G1CollectForAllocation", Time since last: 2290900592 ns, Reaching safepoint: 98199 ns, At safepoint: 2795826 ns, Total: 2894025 ns
[2021-05-01T13:29:12.368+0000][7][safepoint   ] Safepoint "Cleanup", Time since last: 58008250636 ns, Reaching safepoint: 187509 ns, At safepoint: 7722 ns, Total: 195231 ns
[2021-05-01T13:29:14.368+0000][7][safepoint   ] Safepoint "Cleanup", Time since last: 2000260797 ns, Reaching safepoint: 81164 ns, At safepoint: 5635 ns, Total: 86799 ns
[2021-05-01T13:30:20.499+0000][7][gc,start    ] GC(87) Pause Young (Concurrent Start) (G1 Evacuation Pause)
[2021-05-01T13:30:20.499+0000][7][gc,task     ] GC(87) Using 6 workers of 8 for evacuation
[2021-05-01T13:30:20.499+0000][7][gc,age      ] GC(87) Desired survivor size 6291456 bytes, new threshold 15 (max threshold 15)
[2021-05-01T13:30:20.501+0000][7][gc,age      ] GC(87) Age table with threshold 15 (max threshold 15)
[2021-05-01T13:30:20.501+0000][7][gc,age      ] GC(87) - age   1:     516248 bytes,     516248 total
[2021-05-01T13:30:20.501+0000][7][gc,age      ] GC(87) - age   2:      10592 bytes,     526840 total
[2021-05-01T13:30:20.501+0000][7][gc,age      ] GC(87) - age   3:        976 bytes,     527816 total
[2021-05-01T13:30:20.501+0000][7][gc,age      ] GC(87) - age   4:     156296 bytes,     684112 total
[2021-05-01T13:30:20.501+0000][7][gc,age      ] GC(87) - age   5:       2576 bytes,     686688 total
[2021-05-01T13:30:20.501+0000][7][gc,age      ] GC(87) - age   6:       2968 bytes,     689656 total
[2021-05-01T13:30:20.501+0000][7][gc,age      ] GC(87) - age   7:       2944 bytes,     692600 total
[2021-05-01T13:30:20.501+0000][7][gc,age      ] GC(87) - age   8:       8936 bytes,     701536 total
[2021-05-01T13:30:20.501+0000][7][gc,age      ] GC(87) - age   9:       7864 bytes,     709400 total
[2021-05-01T13:30:20.501+0000][7][gc,age      ] GC(87) - age  10:       2400 bytes,     711800 total
[2021-05-01T13:30:20.501+0000][7][gc,age      ] GC(87) - age  11:       1648 bytes,     713448 total
[2021-05-01T13:30:20.501+0000][7][gc,age      ] GC(87) - age  12:       2520 bytes,     715968 total
[2021-05-01T13:30:20.501+0000][7][gc,age      ] GC(87) - age  13:       3824 bytes,     719792 total
[2021-05-01T13:30:20.501+0000][7][gc,age      ] GC(87) - age  14:       1216 bytes,     721008 total
[2021-05-01T13:30:20.501+0000][7][gc,age      ] GC(87) - age  15:       2736 bytes,     723744 total
[2021-05-01T13:30:20.501+0000][7][gc,phases   ] GC(87)   Pre Evacuate Collection Set: 0.1ms
[2021-05-01T13:30:20.501+0000][7][gc,phases   ] GC(87)   Merge Heap Roots: 0.0ms
[2021-05-01T13:30:20.501+0000][7][gc,phases   ] GC(87)   Evacuate Collection Set: 1.0ms
[2021-05-01T13:30:20.501+0000][7][gc,phases   ] GC(87)   Post Evacuate Collection Set: 0.4ms
[2021-05-01T13:30:20.501+0000][7][gc,phases   ] GC(87)   Other: 0.2ms
[2021-05-01T13:30:20.501+0000][7][gc,heap     ] GC(87) Eden regions: 22->0(22)
[2021-05-01T13:30:20.501+0000][7][gc,heap     ] GC(87) Survivor regions: 1->1(3)
[2021-05-01T13:30:20.501+0000][7][gc,heap     ] GC(87) Old regions: 26->26
[2021-05-01T13:30:20.501+0000][7][gc,heap     ] GC(87) Archive regions: 2->2
[2021-05-01T13:30:20.501+0000][7][gc,heap     ] GC(87) Humongous regions: 2->2
[2021-05-01T13:30:20.501+0000][7][gc,metaspace] GC(87) Metaspace: 107469K(111748K)->107469K(111748K) NonClass: 93576K(96568K)->93576K(96568K) Class: 13892K(15180K)->13892K(15180K)
[2021-05-01T13:30:20.501+0000][7][gc          ] GC(87) Pause Young (Concurrent Start) (G1 Evacuation Pause) 202M->114M(256M) 1.849ms
[2021-05-01T13:30:20.501+0000][7][gc,cpu      ] GC(87) User=0.00s Sys=0.00s Real=0.00s
[2021-05-01T13:30:20.501+0000][7][gc          ] GC(88) Concurrent Cycle
[2021-05-01T13:30:20.501+0000][7][safepoint   ] Safepoint "G1CollectForAllocation", Time since last: 66130844215 ns, Reaching safepoint: 98510 ns, At safepoint: 1911827 ns, Total: 2010337 ns
[2021-05-01T13:30:20.501+0000][7][gc,marking  ] GC(88) Concurrent Clear Claimed Marks
[2021-05-01T13:30:20.501+0000][7][gc,marking  ] GC(88) Concurrent Clear Claimed Marks 0.059ms
[2021-05-01T13:30:20.501+0000][7][gc,marking  ] GC(88) Concurrent Scan Root Regions
[2021-05-01T13:30:20.503+0000][7][gc,marking  ] GC(88) Concurrent Scan Root Regions 1.739ms
[2021-05-01T13:30:20.503+0000][7][gc,marking  ] GC(88) Concurrent Mark (4647.271s)
[2021-05-01T13:30:20.503+0000][7][gc,marking  ] GC(88) Concurrent Mark From Roots
[2021-05-01T13:30:20.503+0000][7][gc,task     ] GC(88) Using 2 workers of 2 for marking
[2021-05-01T13:30:20.587+0000][7][gc,marking  ] GC(88) Concurrent Mark From Roots 84.392ms
[2021-05-01T13:30:20.587+0000][7][gc,marking  ] GC(88) Concurrent Preclean
[2021-05-01T13:30:20.588+0000][7][gc,marking  ] GC(88) Concurrent Preclean 0.211ms
[2021-05-01T13:30:20.588+0000][7][gc,marking  ] GC(88) Concurrent Mark (4647.271s, 4647.356s) 84.648ms
[2021-05-01T13:30:20.588+0000][7][gc,start    ] GC(88) Pause Remark
[2021-05-01T13:30:20.593+0000][7][gc          ] GC(88) Pause Remark 115M->115M(256M) 5.605ms
[2021-05-01T13:30:20.593+0000][7][gc,cpu      ] GC(88) User=0.03s Sys=0.00s Real=0.00s
[2021-05-01T13:30:20.593+0000][7][safepoint   ] Safepoint "G1Concurrent", Time since last: 86523723 ns, Reaching safepoint: 92036 ns, At safepoint: 5691348 ns, Total: 5783384 ns
[2021-05-01T13:30:20.594+0000][7][gc,marking  ] GC(88) Concurrent Rebuild Remembered Sets
[2021-05-01T13:30:20.648+0000][7][gc,marking  ] GC(88) Concurrent Rebuild Remembered Sets 54.034ms
[2021-05-01T13:30:20.648+0000][7][gc,start    ] GC(88) Pause Cleanup
[2021-05-01T13:30:20.648+0000][7][gc          ] GC(88) Pause Cleanup 115M->115M(256M) 0.067ms
[2021-05-01T13:30:20.648+0000][7][gc,cpu      ] GC(88) User=0.00s Sys=0.00s Real=0.00s
[2021-05-01T13:30:20.648+0000][7][safepoint   ] Safepoint "G1Concurrent", Time since last: 54172482 ns, Reaching safepoint: 137176 ns, At safepoint: 104716 ns, Total: 241892 ns
[2021-05-01T13:30:20.648+0000][7][gc,marking  ] GC(88) Concurrent Cleanup for Next Mark
[2021-05-01T13:30:20.648+0000][7][gc,marking  ] GC(88) Concurrent Cleanup for Next Mark 0.186ms
[2021-05-01T13:30:20.648+0000][7][gc          ] GC(88) Concurrent Cycle 146.981ms
[2021-05-01T13:30:45.652+0000][7][safepoint   ] Safepoint "Cleanup", Time since last: 25004217360 ns, Reaching safepoint: 171385 ns, At safepoint: 10183 ns, Total: 181568 ns
[2021-05-01T13:31:15.657+0000][7][safepoint   ] Safepoint "Cleanup", Time since last: 30005058022 ns, Reaching safepoint: 106086 ns, At safepoint: 5315 ns, Total: 111401 ns
[2021-05-01T13:32:06.666+0000][7][safepoint   ] Safepoint "Cleanup", Time since last: 51008185516 ns, Reaching safepoint: 141955 ns, At safepoint: 7713 ns, Total: 149668 ns
[2021-05-01T13:32:10.667+0000][7][safepoint   ] Safepoint "Cleanup", Time since last: 4001144543 ns, Reaching safepoint: 98719 ns, At safepoint: 5898 ns, Total: 104617 ns
[2021-05-01T13:32:11.667+0000][7][safepoint   ] Safepoint "Cleanup", Time since last: 1000258613 ns, Reaching safepoint: 134694 ns, At safepoint: 7273 ns, Total: 141967 ns
[2021-05-01T13:32:11.915+0000][7][gc,start    ] GC(89) Pause Young (Normal) (G1 Evacuation Pause)
[2021-05-01T13:32:11.915+0000][7][gc,task     ] GC(89) Using 6 workers of 8 for evacuation
[2021-05-01T13:32:11.915+0000][7][gc,age      ] GC(89) Desired survivor size 6291456 bytes, new threshold 15 (max threshold 15)
[2021-05-01T13:32:11.916+0000][7][gc,age      ] GC(89) Age table with threshold 15 (max threshold 15)
[2021-05-01T13:32:11.916+0000][7][gc,age      ] GC(89) - age   1:     804600 bytes,     804600 total
[2021-05-01T13:32:11.916+0000][7][gc,age      ] GC(89) - age   2:       1448 bytes,     806048 total
[2021-05-01T13:32:11.916+0000][7][gc,age      ] GC(89) - age   3:      10160 bytes,     816208 total
[2021-05-01T13:32:11.916+0000][7][gc,age      ] GC(89) - age   4:        880 bytes,     817088 total
[2021-05-01T13:32:11.916+0000][7][gc,age      ] GC(89) - age   5:       6928 bytes,     824016 total
[2021-05-01T13:32:11.916+0000][7][gc,age      ] GC(89) - age   6:       2576 bytes,     826592 total
[2021-05-01T13:32:11.916+0000][7][gc,age      ] GC(89) - age   7:       2728 bytes,     829320 total
[2021-05-01T13:32:11.916+0000][7][gc,age      ] GC(89) - age   8:       2944 bytes,     832264 total
[2021-05-01T13:32:11.916+0000][7][gc,age      ] GC(89) - age   9:       6376 bytes,     838640 total
[2021-05-01T13:32:11.916+0000][7][gc,age      ] GC(89) - age  10:       5696 bytes,     844336 total
[2021-05-01T13:32:11.916+0000][7][gc,age      ] GC(89) - age  11:       2400 bytes,     846736 total
[2021-05-01T13:32:11.916+0000][7][gc,age      ] GC(89) - age  12:       1648 bytes,     848384 total
[2021-05-01T13:32:11.916+0000][7][gc,age      ] GC(89) - age  13:       2480 bytes,     850864 total
[2021-05-01T13:32:11.916+0000][7][gc,age      ] GC(89) - age  14:       3824 bytes,     854688 total
[2021-05-01T13:32:11.916+0000][7][gc,age      ] GC(89) - age  15:       1216 bytes,     855904 total
[2021-05-01T13:32:11.917+0000][7][gc,phases   ] GC(89)   Pre Evacuate Collection Set: 0.0ms
[2021-05-01T13:32:11.917+0000][7][gc,phases   ] GC(89)   Merge Heap Roots: 0.0ms
[2021-05-01T13:32:11.917+0000][7][gc,phases   ] GC(89)   Evacuate Collection Set: 1.2ms
[2021-05-01T13:32:11.917+0000][7][gc,phases   ] GC(89)   Post Evacuate Collection Set: 0.3ms
[2021-05-01T13:32:11.917+0000][7][gc,phases   ] GC(89)   Other: 0.2ms
[2021-05-01T13:32:11.917+0000][7][gc,heap     ] GC(89) Eden regions: 22->0(22)
[2021-05-01T13:32:11.917+0000][7][gc,heap     ] GC(89) Survivor regions: 1->1(3)
[2021-05-01T13:32:11.917+0000][7][gc,heap     ] GC(89) Old regions: 26->26
[2021-05-01T13:32:11.917+0000][7][gc,heap     ] GC(89) Archive regions: 2->2
[2021-05-01T13:32:11.917+0000][7][gc,heap     ] GC(89) Humongous regions: 2->2
[2021-05-01T13:32:11.917+0000][7][gc,metaspace] GC(89) Metaspace: 107508K(111748K)->107508K(111748K) NonClass: 93615K(96568K)->93615K(96568K) Class: 13892K(15180K)->13892K(15180K)
[2021-05-01T13:32:11.917+0000][7][gc          ] GC(89) Pause Young (Normal) (G1 Evacuation Pause) 202M->114M(256M) 1.872ms
[2021-05-01T13:32:11.917+0000][7][gc,cpu      ] GC(89) User=0.01s Sys=0.00s Real=0.00s
[2021-05-01T13:32:11.917+0000][7][safepoint   ] Safepoint "G1CollectForAllocation", Time since last: 247165028 ns, Reaching safepoint: 115433 ns, At safepoint: 1936470 ns, Total: 2051903 ns
[2021-05-01T13:33:05.925+0000][7][safepoint   ] Safepoint "Cleanup", Time since last: 54008176421 ns, Reaching safepoint: 104052 ns, At safepoint: 4688 ns, Total: 108740 ns
[2021-05-01T13:33:14.927+0000][7][safepoint   ] Safepoint "Cleanup", Time since last: 9001586595 ns, Reaching safepoint: 142994 ns, At safepoint: 6027 ns, Total: 149021 ns
[2021-05-01T13:33:15.927+0000][7][safepoint   ] Safepoint "Cleanup", Time since last: 1000606796 ns, Reaching safepoint: 115320 ns, At safepoint: 8014 ns, Total: 123334 ns
[2021-05-01T13:33:17.931+0000][7][safepoint   ] Safepoint "Cleanup", Time since last: 2003558559 ns, Reaching safepoint: 134150 ns, At safepoint: 6627 ns, Total: 140777 ns
[2021-05-01T13:33:44.935+0000][7][safepoint   ] Safepoint "Cleanup", Time since last: 27004066363 ns, Reaching safepoint: 128999 ns, At safepoint: 9402 ns, Total: 138401 ns
[2021-05-01T13:33:47.936+0000][7][safepoint   ] Safepoint "Cleanup", Time since last: 3000835272 ns, Reaching safepoint: 149617 ns, At safepoint: 5076 ns, Total: 154693 ns
[2021-05-01T13:33:51.937+0000][7][safepoint   ] Safepoint "Cleanup", Time since last: 4000545169 ns, Reaching safepoint: 143858 ns, At safepoint: 7527 ns, Total: 151385 ns
[2021-05-01T13:34:06.973+0000][7][safepoint   ] Safepoint "Cleanup", Time since last: 15036298882 ns, Reaching safepoint: 147854 ns, At safepoint: 3589 ns, Total: 151443 ns
[2021-05-01T13:34:08.974+0000][7][safepoint   ] Safepoint "Cleanup", Time since last: 2000485199 ns, Reaching safepoint: 153620 ns, At safepoint: 8460 ns, Total: 162080 ns
[2021-05-01T13:34:11.975+0000][7][safepoint   ] Safepoint "Cleanup", Time since last: 3000638680 ns, Reaching safepoint: 179246 ns, At safepoint: 5236 ns, Total: 184482 ns
[2021-05-01T13:34:14.975+0000][7][safepoint   ] Safepoint "Cleanup", Time since last: 3000345628 ns, Reaching safepoint: 92680 ns, At safepoint: 5798 ns, Total: 98478 ns
[2021-05-01T13:34:15.976+0000][7][safepoint   ] Safepoint "Cleanup", Time since last: 1000223101 ns, Reaching safepoint: 165229 ns, At safepoint: 12979 ns, Total: 178208 ns
[2021-05-01T13:34:17.669+0000][7][gc,start    ] GC(90) Pause Young (Concurrent Start) (G1 Evacuation Pause)
[2021-05-01T13:34:17.669+0000][7][gc,task     ] GC(90) Using 6 workers of 8 for evacuation
[2021-05-01T13:34:17.669+0000][7][gc,age      ] GC(90) Desired survivor size 6291456 bytes, new threshold 15 (max threshold 15)
[2021-05-01T13:34:17.670+0000][7][gc,age      ] GC(90) Age table with threshold 15 (max threshold 15)
[2021-05-01T13:34:17.670+0000][7][gc,age      ] GC(90) - age   1:     541040 bytes,     541040 total
[2021-05-01T13:34:17.670+0000][7][gc,age      ] GC(90) - age   2:     302776 bytes,     843816 total
[2021-05-01T13:34:17.670+0000][7][gc,age      ] GC(90) - age   3:        888 bytes,     844704 total
[2021-05-01T13:34:17.670+0000][7][gc,age      ] GC(90) - age   4:       4864 bytes,     849568 total
[2021-05-01T13:34:17.670+0000][7][gc,age      ] GC(90) - age   5:        840 bytes,     850408 total
[2021-05-01T13:34:17.670+0000][7][gc,age      ] GC(90) - age   6:       4432 bytes,     854840 total
[2021-05-01T13:34:17.670+0000][7][gc,age      ] GC(90) - age   7:       2552 bytes,     857392 total
[2021-05-01T13:34:17.670+0000][7][gc,age      ] GC(90) - age   8:       2728 bytes,     860120 total
[2021-05-01T13:34:17.670+0000][7][gc,age      ] GC(90) - age   9:       2944 bytes,     863064 total
[2021-05-01T13:34:17.670+0000][7][gc,age      ] GC(90) - age  10:       6376 bytes,     869440 total
[2021-05-01T13:34:17.670+0000][7][gc,age      ] GC(90) - age  11:       5696 bytes,     875136 total
[2021-05-01T13:34:17.670+0000][7][gc,age      ] GC(90) - age  12:       2400 bytes,     877536 total
[2021-05-01T13:34:17.670+0000][7][gc,age      ] GC(90) - age  13:       1648 bytes,     879184 total
[2021-05-01T13:34:17.670+0000][7][gc,age      ] GC(90) - age  14:       2480 bytes,     881664 total
[2021-05-01T13:34:17.670+0000][7][gc,age      ] GC(90) - age  15:       3824 bytes,     885488 total
[2021-05-01T13:34:17.670+0000][7][gc,phases   ] GC(90)   Pre Evacuate Collection Set: 0.1ms
[2021-05-01T13:34:17.670+0000][7][gc,phases   ] GC(90)   Merge Heap Roots: 0.0ms
[2021-05-01T13:34:17.670+0000][7][gc,phases   ] GC(90)   Evacuate Collection Set: 0.9ms
[2021-05-01T13:34:17.670+0000][7][gc,phases   ] GC(90)   Post Evacuate Collection Set: 0.4ms
[2021-05-01T13:34:17.670+0000][7][gc,phases   ] GC(90)   Other: 0.2ms
[2021-05-01T13:34:17.670+0000][7][gc,heap     ] GC(90) Eden regions: 22->0(22)
[2021-05-01T13:34:17.670+0000][7][gc,heap     ] GC(90) Survivor regions: 1->1(3)
[2021-05-01T13:34:17.670+0000][7][gc,heap     ] GC(90) Old regions: 26->26
[2021-05-01T13:34:17.670+0000][7][gc,heap     ] GC(90) Archive regions: 2->2
[2021-05-01T13:34:17.671+0000][7][gc,heap     ] GC(90) Humongous regions: 2->2
[2021-05-01T13:34:17.671+0000][7][gc,metaspace] GC(90) Metaspace: 107537K(112004K)->107537K(112004K) NonClass: 93643K(96824K)->93643K(96824K) Class: 13894K(15180K)->13894K(15180K)
[2021-05-01T13:34:17.671+0000][7][gc          ] GC(90) Pause Young (Concurrent Start) (G1 Evacuation Pause) 202M->114M(256M) 1.719ms
[2021-05-01T13:34:17.671+0000][7][gc,cpu      ] GC(90) User=0.01s Sys=0.00s Real=0.00s
[2021-05-01T13:34:17.671+0000][7][safepoint   ] Safepoint "G1CollectForAllocation", Time since last: 1692848493 ns, Reaching safepoint: 188073 ns, At safepoint: 1786583 ns, Total: 1974656 ns
[2021-05-01T13:34:17.671+0000][7][gc          ] GC(91) Concurrent Cycle
[2021-05-01T13:34:17.671+0000][7][gc,marking  ] GC(91) Concurrent Clear Claimed Marks
[2021-05-01T13:34:17.671+0000][7][gc,marking  ] GC(91) Concurrent Clear Claimed Marks 0.064ms
[2021-05-01T13:34:17.671+0000][7][gc,marking  ] GC(91) Concurrent Scan Root Regions
[2021-05-01T13:34:17.672+0000][7][gc,marking  ] GC(91) Concurrent Scan Root Regions 1.697ms
[2021-05-01T13:34:17.672+0000][7][gc,marking  ] GC(91) Concurrent Mark (4884.440s)
[2021-05-01T13:34:17.672+0000][7][gc,marking  ] GC(91) Concurrent Mark From Roots
[2021-05-01T13:34:17.672+0000][7][gc,task     ] GC(91) Using 2 workers of 2 for marking
[2021-05-01T13:34:17.758+0000][7][gc,marking  ] GC(91) Concurrent Mark From Roots 85.990ms
[2021-05-01T13:34:17.758+0000][7][gc,marking  ] GC(91) Concurrent Preclean
[2021-05-01T13:34:17.759+0000][7][gc,marking  ] GC(91) Concurrent Preclean 0.228ms
[2021-05-01T13:34:17.759+0000][7][gc,marking  ] GC(91) Concurrent Mark (4884.440s, 4884.527s) 86.269ms
[2021-05-01T13:34:17.759+0000][7][gc,start    ] GC(91) Pause Remark
[2021-05-01T13:34:17.765+0000][7][gc          ] GC(91) Pause Remark 117M->117M(256M) 6.443ms
[2021-05-01T13:34:17.765+0000][7][gc,cpu      ] GC(91) User=0.04s Sys=0.00s Real=0.01s
[2021-05-01T13:34:17.765+0000][7][safepoint   ] Safepoint "G1Concurrent", Time since last: 88135304 ns, Reaching safepoint: 113085 ns, At safepoint: 6538013 ns, Total: 6651098 ns
[2021-05-01T13:34:17.765+0000][7][gc,marking  ] GC(91) Concurrent Rebuild Remembered Sets
[2021-05-01T13:34:17.820+0000][7][gc,marking  ] GC(91) Concurrent Rebuild Remembered Sets 54.307ms
[2021-05-01T13:34:17.820+0000][7][gc,start    ] GC(91) Pause Cleanup
[2021-05-01T13:34:17.820+0000][7][gc          ] GC(91) Pause Cleanup 117M->117M(256M) 0.068ms
[2021-05-01T13:34:17.820+0000][7][gc,cpu      ] GC(91) User=0.00s Sys=0.00s Real=0.00s
[2021-05-01T13:34:17.820+0000][7][safepoint   ] Safepoint "G1Concurrent", Time since last: 54452767 ns, Reaching safepoint: 143881 ns, At safepoint: 107569 ns, Total: 251450 ns
[2021-05-01T13:34:17.820+0000][7][gc,marking  ] GC(91) Concurrent Cleanup for Next Mark
[2021-05-01T13:34:17.820+0000][7][gc,marking  ] GC(91) Concurrent Cleanup for Next Mark 0.176ms
[2021-05-01T13:34:17.820+0000][7][gc          ] GC(91) Concurrent Cycle 149.686ms
[2021-05-01T13:34:47.824+0000][7][safepoint   ] Safepoint "Cleanup", Time since last: 30004126661 ns, Reaching safepoint: 119562 ns, At safepoint: 6344 ns, Total: 125906 ns
[2021-05-01T13:35:03.830+0000][7][safepoint   ] Safepoint "Cleanup", Time since last: 16002494303 ns, Reaching safepoint: 3530294 ns, At safepoint: 5588 ns, Total: 3535882 ns
[2021-05-01T13:35:41.837+0000][7][safepoint   ] Safepoint "Cleanup", Time since last: 38006223088 ns, Reaching safepoint: 167001 ns, At safepoint: 7033 ns, Total: 174034 ns
[2021-05-01T13:35:43.838+0000][7][safepoint   ] Safepoint "Cleanup", Time since last: 2000742683 ns, Reaching safepoint: 144139 ns, At safepoint: 6766 ns, Total: 150905 ns
[2021-05-01T13:35:45.838+0000][7][safepoint   ] Safepoint "Cleanup", Time since last: 2000500587 ns, Reaching safepoint: 130388 ns, At safepoint: 7277 ns, Total: 137665 ns
[2021-05-01T13:35:47.839+0000][7][safepoint   ] Safepoint "Cleanup", Time since last: 2000442118 ns, Reaching safepoint: 124873 ns, At safepoint: 4766 ns, Total: 129639 ns
[2021-05-01T13:36:08.842+0000][7][safepoint   ] Safepoint "Cleanup", Time since last: 21003484015 ns, Reaching safepoint: 101492 ns, At safepoint: 5210 ns, Total: 106702 ns
[2021-05-01T13:36:11.843+0000][7][safepoint   ] Safepoint "Cleanup", Time since last: 3000444360 ns, Reaching safepoint: 91888 ns, At safepoint: 7908 ns, Total: 99796 ns
[2021-05-01T13:36:17.844+0000][7][safepoint   ] Safepoint "Cleanup", Time since last: 6000602630 ns, Reaching safepoint: 183774 ns, At safepoint: 6811 ns, Total: 190585 ns
[2021-05-01T13:36:38.236+0000][7][gc,start    ] GC(92) Pause Young (Normal) (G1 Evacuation Pause)
[2021-05-01T13:36:38.236+0000][7][gc,task     ] GC(92) Using 6 workers of 8 for evacuation
[2021-05-01T13:36:38.236+0000][7][gc,age      ] GC(92) Desired survivor size 6291456 bytes, new threshold 15 (max threshold 15)
[2021-05-01T13:36:38.238+0000][7][gc,age      ] GC(92) Age table with threshold 15 (max threshold 15)
[2021-05-01T13:36:38.238+0000][7][gc,age      ] GC(92) - age   1:     522088 bytes,     522088 total
[2021-05-01T13:36:38.238+0000][7][gc,age      ] GC(92) - age   2:      15728 bytes,     537816 total
[2021-05-01T13:36:38.238+0000][7][gc,age      ] GC(92) - age   3:     181128 bytes,     718944 total
[2021-05-01T13:36:38.238+0000][7][gc,age      ] GC(92) - age   4:        768 bytes,     719712 total
[2021-05-01T13:36:38.238+0000][7][gc,age      ] GC(92) - age   5:       4824 bytes,     724536 total
[2021-05-01T13:36:38.238+0000][7][gc,age      ] GC(92) - age   6:        840 bytes,     725376 total
[2021-05-01T13:36:38.238+0000][7][gc,age      ] GC(92) - age   7:       4432 bytes,     729808 total
[2021-05-01T13:36:38.238+0000][7][gc,age      ] GC(92) - age   8:       2552 bytes,     732360 total
[2021-05-01T13:36:38.238+0000][7][gc,age      ] GC(92) - age   9:       2728 bytes,     735088 total
[2021-05-01T13:36:38.238+0000][7][gc,age      ] GC(92) - age  10:       2944 bytes,     738032 total
[2021-05-01T13:36:38.238+0000][7][gc,age      ] GC(92) - age  11:       6376 bytes,     744408 total
[2021-05-01T13:36:38.238+0000][7][gc,age      ] GC(92) - age  12:       5696 bytes,     750104 total
[2021-05-01T13:36:38.238+0000][7][gc,age      ] GC(92) - age  13:       2400 bytes,     752504 total
[2021-05-01T13:36:38.238+0000][7][gc,age      ] GC(92) - age  14:       1648 bytes,     754152 total
[2021-05-01T13:36:38.238+0000][7][gc,age      ] GC(92) - age  15:       2384 bytes,     756536 total
[2021-05-01T13:36:38.238+0000][7][gc,phases   ] GC(92)   Pre Evacuate Collection Set: 0.0ms
[2021-05-01T13:36:38.238+0000][7][gc,phases   ] GC(92)   Merge Heap Roots: 0.0ms
[2021-05-01T13:36:38.238+0000][7][gc,phases   ] GC(92)   Evacuate Collection Set: 1.2ms
[2021-05-01T13:36:38.238+0000][7][gc,phases   ] GC(92)   Post Evacuate Collection Set: 0.5ms
[2021-05-01T13:36:38.238+0000][7][gc,phases   ] GC(92)   Other: 0.2ms
[2021-05-01T13:36:38.238+0000][7][gc,heap     ] GC(92) Eden regions: 22->0(22)
[2021-05-01T13:36:38.238+0000][7][gc,heap     ] GC(92) Survivor regions: 1->1(3)
[2021-05-01T13:36:38.238+0000][7][gc,heap     ] GC(92) Old regions: 26->26
[2021-05-01T13:36:38.238+0000][7][gc,heap     ] GC(92) Archive regions: 2->2
[2021-05-01T13:36:38.238+0000][7][gc,heap     ] GC(92) Humongous regions: 2->2
[2021-05-01T13:36:38.238+0000][7][gc,metaspace] GC(92) Metaspace: 107541K(112004K)->107541K(112004K) NonClass: 93646K(96824K)->93646K(96824K) Class: 13895K(15180K)->13895K(15180K)
[2021-05-01T13:36:38.238+0000][7][gc          ] GC(92) Pause Young (Normal) (G1 Evacuation Pause) 202M->114M(256M) 2.148ms
[2021-05-01T13:36:38.238+0000][7][gc,cpu      ] GC(92) User=0.01s Sys=0.00s Real=0.00s
[2021-05-01T13:36:38.238+0000][7][safepoint   ] Safepoint "G1CollectForAllocation", Time since last: 20392058614 ns, Reaching safepoint: 214139 ns, At safepoint: 2235017 ns, Total: 2449156 ns
[2021-05-01T13:37:42.249+0000][7][safepoint   ] Safepoint "Cleanup", Time since last: 64010440978 ns, Reaching safepoint: 126664 ns, At safepoint: 8243 ns, Total: 134907 ns
[2021-05-01T13:37:47.250+0000][7][safepoint   ] Safepoint "Cleanup", Time since last: 5000887885 ns, Reaching safepoint: 116126 ns, At safepoint: 6780 ns, Total: 122906 ns
[2021-05-01T13:38:15.254+0000][7][safepoint   ] Safepoint "Cleanup", Time since last: 28004311867 ns, Reaching safepoint: 107012 ns, At safepoint: 5842 ns, Total: 112854 ns
[2021-05-01T13:38:38.258+0000][7][safepoint   ] Safepoint "Cleanup", Time since last: 23004092203 ns, Reaching safepoint: 92658 ns, At safepoint: 5235 ns, Total: 97893 ns
[2021-05-01T13:38:47.680+0000][7][gc,start    ] GC(93) Pause Young (Concurrent Start) (G1 Evacuation Pause)
[2021-05-01T13:38:47.680+0000][7][gc,task     ] GC(93) Using 6 workers of 8 for evacuation
[2021-05-01T13:38:47.680+0000][7][gc,age      ] GC(93) Desired survivor size 6291456 bytes, new threshold 15 (max threshold 15)
[2021-05-01T13:38:47.681+0000][7][gc,age      ] GC(93) Age table with threshold 15 (max threshold 15)
[2021-05-01T13:38:47.681+0000][7][gc,age      ] GC(93) - age   1:     496944 bytes,     496944 total
[2021-05-01T13:38:47.681+0000][7][gc,age      ] GC(93) - age   2:       4424 bytes,     501368 total
[2021-05-01T13:38:47.681+0000][7][gc,age      ] GC(93) - age   3:       8232 bytes,     509600 total
[2021-05-01T13:38:47.681+0000][7][gc,age      ] GC(93) - age   4:     180888 bytes,     690488 total
[2021-05-01T13:38:47.681+0000][7][gc,age      ] GC(93) - age   5:        720 bytes,     691208 total
[2021-05-01T13:38:47.681+0000][7][gc,age      ] GC(93) - age   6:       3992 bytes,     695200 total
[2021-05-01T13:38:47.681+0000][7][gc,age      ] GC(93) - age   7:        840 bytes,     696040 total
[2021-05-01T13:38:47.681+0000][7][gc,age      ] GC(93) - age   8:       4432 bytes,     700472 total
[2021-05-01T13:38:47.681+0000][7][gc,age      ] GC(93) - age   9:       2528 bytes,     703000 total
[2021-05-01T13:38:47.681+0000][7][gc,age      ] GC(93) - age  10:       2728 bytes,     705728 total
[2021-05-01T13:38:47.681+0000][7][gc,age      ] GC(93) - age  11:       2944 bytes,     708672 total
[2021-05-01T13:38:47.681+0000][7][gc,age      ] GC(93) - age  12:       6376 bytes,     715048 total
[2021-05-01T13:38:47.681+0000][7][gc,age      ] GC(93) - age  13:       5696 bytes,     720744 total
[2021-05-01T13:38:47.681+0000][7][gc,age      ] GC(93) - age  14:       2400 bytes,     723144 total
[2021-05-01T13:38:47.681+0000][7][gc,age      ] GC(93) - age  15:       1648 bytes,     724792 total
[2021-05-01T13:38:47.681+0000][7][gc,phases   ] GC(93)   Pre Evacuate Collection Set: 0.1ms
[2021-05-01T13:38:47.681+0000][7][gc,phases   ] GC(93)   Merge Heap Roots: 0.0ms
[2021-05-01T13:38:47.681+0000][7][gc,phases   ] GC(93)   Evacuate Collection Set: 0.9ms
[2021-05-01T13:38:47.681+0000][7][gc,phases   ] GC(93)   Post Evacuate Collection Set: 0.5ms
[2021-05-01T13:38:47.682+0000][7][gc,phases   ] GC(93)   Other: 0.3ms
[2021-05-01T13:38:47.682+0000][7][gc,heap     ] GC(93) Eden regions: 22->0(22)
[2021-05-01T13:38:47.682+0000][7][gc,heap     ] GC(93) Survivor regions: 1->1(3)
[2021-05-01T13:38:47.682+0000][7][gc,heap     ] GC(93) Old regions: 26->26
[2021-05-01T13:38:47.682+0000][7][gc,heap     ] GC(93) Archive regions: 2->2
[2021-05-01T13:38:47.682+0000][7][gc,heap     ] GC(93) Humongous regions: 2->2
[2021-05-01T13:38:47.682+0000][7][gc,metaspace] GC(93) Metaspace: 107564K(112004K)->107564K(112004K) NonClass: 93669K(96824K)->93669K(96824K) Class: 13895K(15180K)->13895K(15180K)
[2021-05-01T13:38:47.682+0000][7][gc          ] GC(93) Pause Young (Concurrent Start) (G1 Evacuation Pause) 202M->114M(256M) 1.940ms
[2021-05-01T13:38:47.682+0000][7][gc,cpu      ] GC(93) User=0.00s Sys=0.00s Real=0.00s
[2021-05-01T13:38:47.682+0000][7][gc          ] GC(94) Concurrent Cycle
[2021-05-01T13:38:47.682+0000][7][safepoint   ] Safepoint "G1CollectForAllocation", Time since last: 9421025734 ns, Reaching safepoint: 113516 ns, At safepoint: 2035222 ns, Total: 2148738 ns
[2021-05-01T13:38:47.682+0000][7][gc,marking  ] GC(94) Concurrent Clear Claimed Marks
[2021-05-01T13:38:47.682+0000][7][gc,marking  ] GC(94) Concurrent Clear Claimed Marks 0.086ms
[2021-05-01T13:38:47.682+0000][7][gc,marking  ] GC(94) Concurrent Scan Root Regions
[2021-05-01T13:38:47.683+0000][7][gc,marking  ] GC(94) Concurrent Scan Root Regions 1.648ms
[2021-05-01T13:38:47.683+0000][7][gc,marking  ] GC(94) Concurrent Mark (5154.451s)
[2021-05-01T13:38:47.683+0000][7][gc,marking  ] GC(94) Concurrent Mark From Roots
[2021-05-01T13:38:47.683+0000][7][gc,task     ] GC(94) Using 2 workers of 2 for marking
[2021-05-01T13:38:47.773+0000][7][gc,marking  ] GC(94) Concurrent Mark From Roots 89.908ms
[2021-05-01T13:38:47.773+0000][7][gc,marking  ] GC(94) Concurrent Preclean
[2021-05-01T13:38:47.774+0000][7][gc,marking  ] GC(94) Concurrent Preclean 0.234ms
[2021-05-01T13:38:47.774+0000][7][gc,marking  ] GC(94) Concurrent Mark (5154.451s, 5154.542s) 90.193ms
[2021-05-01T13:38:47.774+0000][7][gc,start    ] GC(94) Pause Remark
[2021-05-01T13:38:47.780+0000][7][gc          ] GC(94) Pause Remark 118M->118M(256M) 6.222ms
[2021-05-01T13:38:47.780+0000][7][gc,cpu      ] GC(94) User=0.04s Sys=0.00s Real=0.01s
[2021-05-01T13:38:47.780+0000][7][safepoint   ] Safepoint "G1Concurrent", Time since last: 92028592 ns, Reaching safepoint: 143475 ns, At safepoint: 6306708 ns, Total: 6450183 ns
[2021-05-01T13:38:47.780+0000][7][gc,marking  ] GC(94) Concurrent Rebuild Remembered Sets
[2021-05-01T13:38:47.851+0000][7][gc,marking  ] GC(94) Concurrent Rebuild Remembered Sets 70.890ms
[2021-05-01T13:38:47.851+0000][7][gc,start    ] GC(94) Pause Cleanup
[2021-05-01T13:38:47.851+0000][7][gc          ] GC(94) Pause Cleanup 118M->118M(256M) 0.071ms
[2021-05-01T13:38:47.851+0000][7][gc,cpu      ] GC(94) User=0.00s Sys=0.00s Real=0.00s
[2021-05-01T13:38:47.851+0000][7][safepoint   ] Safepoint "G1Concurrent", Time since last: 70961944 ns, Reaching safepoint: 118515 ns, At safepoint: 122883 ns, Total: 241398 ns
[2021-05-01T13:38:47.851+0000][7][gc,marking  ] GC(94) Concurrent Cleanup for Next Mark
[2021-05-01T13:38:47.851+0000][7][gc,marking  ] GC(94) Concurrent Cleanup for Next Mark 0.115ms
[2021-05-01T13:38:47.851+0000][7][gc          ] GC(94) Concurrent Cycle 169.845ms
[2021-05-01T13:39:14.856+0000][7][safepoint   ] Safepoint "Cleanup", Time since last: 27004766066 ns, Reaching safepoint: 98051 ns, At safepoint: 6464 ns, Total: 104515 ns
[2021-05-01T13:39:38.861+0000][7][safepoint   ] Safepoint "Cleanup", Time since last: 24004406414 ns, Reaching safepoint: 197474 ns, At safepoint: 5890 ns, Total: 203364 ns
[2021-05-01T13:39:41.862+0000][7][safepoint   ] Safepoint "Cleanup", Time since last: 3000844953 ns, Reaching safepoint: 129420 ns, At safepoint: 5483 ns, Total: 134903 ns
[2021-05-01T13:39:44.863+0000][7][safepoint   ] Safepoint "Cleanup", Time since last: 3000647766 ns, Reaching safepoint: 100316 ns, At safepoint: 5281 ns, Total: 105597 ns
[2021-05-01T13:40:14.866+0000][7][safepoint   ] Safepoint "Cleanup", Time since last: 30003808057 ns, Reaching safepoint: 110009 ns, At safepoint: 6522 ns, Total: 116531 ns
[2021-05-01T13:40:21.868+0000][7][safepoint   ] Safepoint "Cleanup", Time since last: 7001194501 ns, Reaching safepoint: 97377 ns, At safepoint: 6377 ns, Total: 103754 ns
[2021-05-01T13:40:30.870+0000][7][safepoint   ] Safepoint "Cleanup", Time since last: 9001795201 ns, Reaching safepoint: 239449 ns, At safepoint: 8030 ns, Total: 247479 ns
[2021-05-01T13:40:43.872+0000][7][safepoint   ] Safepoint "Cleanup", Time since last: 13001669168 ns, Reaching safepoint: 145297 ns, At safepoint: 5025 ns, Total: 150322 ns
[2021-05-01T13:40:47.872+0000][7][safepoint   ] Safepoint "Cleanup", Time since last: 4000630969 ns, Reaching safepoint: 134899 ns, At safepoint: 4934 ns, Total: 139833 ns
[2021-05-01T13:41:06.875+0000][7][safepoint   ] Safepoint "Cleanup", Time since last: 19002703978 ns, Reaching safepoint: 152907 ns, At safepoint: 5519 ns, Total: 158426 ns
[2021-05-01T13:41:08.238+0000][7][gc,start    ] GC(95) Pause Young (Normal) (G1 Evacuation Pause)
[2021-05-01T13:41:08.239+0000][7][gc,task     ] GC(95) Using 6 workers of 8 for evacuation
[2021-05-01T13:41:08.239+0000][7][gc,age      ] GC(95) Desired survivor size 6291456 bytes, new threshold 15 (max threshold 15)
[2021-05-01T13:41:08.240+0000][7][gc,age      ] GC(95) Age table with threshold 15 (max threshold 15)
[2021-05-01T13:41:08.240+0000][7][gc,age      ] GC(95) - age   1:     521024 bytes,     521024 total
[2021-05-01T13:41:08.240+0000][7][gc,age      ] GC(95) - age   2:       5824 bytes,     526848 total
[2021-05-01T13:41:08.240+0000][7][gc,age      ] GC(95) - age   3:       1776 bytes,     528624 total
[2021-05-01T13:41:08.240+0000][7][gc,age      ] GC(95) - age   4:       7800 bytes,     536424 total
[2021-05-01T13:41:08.240+0000][7][gc,age      ] GC(95) - age   5:     180888 bytes,     717312 total
[2021-05-01T13:41:08.240+0000][7][gc,age      ] GC(95) - age   6:        624 bytes,     717936 total
[2021-05-01T13:41:08.240+0000][7][gc,age      ] GC(95) - age   7:       3944 bytes,     721880 total
[2021-05-01T13:41:08.240+0000][7][gc,age      ] GC(95) - age   8:        640 bytes,     722520 total
[2021-05-01T13:41:08.240+0000][7][gc,age      ] GC(95) - age   9:       4392 bytes,     726912 total
[2021-05-01T13:41:08.240+0000][7][gc,age      ] GC(95) - age  10:       2528 bytes,     729440 total
[2021-05-01T13:41:08.240+0000][7][gc,age      ] GC(95) - age  11:       2728 bytes,     732168 total
[2021-05-01T13:41:08.240+0000][7][gc,age      ] GC(95) - age  12:       2944 bytes,     735112 total
[2021-05-01T13:41:08.240+0000][7][gc,age      ] GC(95) - age  13:       6376 bytes,     741488 total
[2021-05-01T13:41:08.240+0000][7][gc,age      ] GC(95) - age  14:       5696 bytes,     747184 total
[2021-05-01T13:41:08.240+0000][7][gc,age      ] GC(95) - age  15:       2400 bytes,     749584 total
[2021-05-01T13:41:08.240+0000][7][gc,phases   ] GC(95)   Pre Evacuate Collection Set: 0.1ms
[2021-05-01T13:41:08.240+0000][7][gc,phases   ] GC(95)   Merge Heap Roots: 0.1ms
[2021-05-01T13:41:08.240+0000][7][gc,phases   ] GC(95)   Evacuate Collection Set: 1.1ms
[2021-05-01T13:41:08.240+0000][7][gc,phases   ] GC(95)   Post Evacuate Collection Set: 0.5ms
[2021-05-01T13:41:08.241+0000][7][gc,phases   ] GC(95)   Other: 0.2ms
[2021-05-01T13:41:08.241+0000][7][gc,heap     ] GC(95) Eden regions: 22->0(22)
[2021-05-01T13:41:08.241+0000][7][gc,heap     ] GC(95) Survivor regions: 1->1(3)
[2021-05-01T13:41:08.241+0000][7][gc,heap     ] GC(95) Old regions: 26->26
[2021-05-01T13:41:08.241+0000][7][gc,heap     ] GC(95) Archive regions: 2->2
[2021-05-01T13:41:08.241+0000][7][gc,heap     ] GC(95) Humongous regions: 2->2
[2021-05-01T13:41:08.241+0000][7][gc,metaspace] GC(95) Metaspace: 107568K(112004K)->107568K(112004K) NonClass: 93673K(96824K)->93673K(96824K) Class: 13895K(15180K)->13895K(15180K)
[2021-05-01T13:41:08.241+0000][7][gc          ] GC(95) Pause Young (Normal) (G1 Evacuation Pause) 202M->114M(256M) 2.073ms
[2021-05-01T13:41:08.241+0000][7][gc,cpu      ] GC(95) User=0.01s Sys=0.00s Real=0.01s
[2021-05-01T13:41:08.241+0000][7][safepoint   ] Safepoint "G1CollectForAllocation", Time since last: 1363009881 ns, Reaching safepoint: 187440 ns, At safepoint: 2138689 ns, Total: 2326129 ns
[2021-05-01T13:41:15.242+0000][7][safepoint   ] Safepoint "Cleanup", Time since last: 7001220602 ns, Reaching safepoint: 80207 ns, At safepoint: 5042 ns, Total: 85249 ns
[2021-05-01T13:41:48.248+0000][7][safepoint   ] Safepoint "Cleanup", Time since last: 33006076779 ns, Reaching safepoint: 144899 ns, At safepoint: 4321 ns, Total: 149220 ns
[2021-05-01T13:41:51.249+0000][7][safepoint   ] Safepoint "Cleanup", Time since last: 3000656353 ns, Reaching safepoint: 152800 ns, At safepoint: 6848 ns, Total: 159648 ns
[2021-05-01T13:42:06.251+0000][7][safepoint   ] Safepoint "Cleanup", Time since last: 15002142195 ns, Reaching safepoint: 135531 ns, At safepoint: 7044 ns, Total: 142575 ns
[2021-05-01T13:42:12.252+0000][7][safepoint   ] Safepoint "Cleanup", Time since last: 6000885996 ns, Reaching safepoint: 105044 ns, At safepoint: 6974 ns, Total: 112018 ns
[2021-05-01T13:42:15.253+0000][7][safepoint   ] Safepoint "Cleanup", Time since last: 3000474096 ns, Reaching safepoint: 106164 ns, At safepoint: 4838 ns, Total: 111002 ns
[2021-05-01T13:42:42.258+0000][7][safepoint   ] Safepoint "Cleanup", Time since last: 27005045427 ns, Reaching safepoint: 113279 ns, At safepoint: 8140 ns, Total: 121419 ns
[2021-05-01T13:42:52.427+0000][7][gc,start    ] GC(96) Pause Young (Concurrent Start) (G1 Evacuation Pause)
[2021-05-01T13:42:52.428+0000][7][gc,task     ] GC(96) Using 6 workers of 8 for evacuation
[2021-05-01T13:42:52.428+0000][7][gc,age      ] GC(96) Desired survivor size 6291456 bytes, new threshold 15 (max threshold 15)
[2021-05-01T13:42:52.429+0000][7][gc,age      ] GC(96) Age table with threshold 15 (max threshold 15)
[2021-05-01T13:42:52.429+0000][7][gc,age      ] GC(96) - age   1:     781048 bytes,     781048 total
[2021-05-01T13:42:52.429+0000][7][gc,age      ] GC(96) - age   2:       4472 bytes,     785520 total
[2021-05-01T13:42:52.429+0000][7][gc,age      ] GC(96) - age   3:       5360 bytes,     790880 total
[2021-05-01T13:42:52.429+0000][7][gc,age      ] GC(96) - age   4:       1560 bytes,     792440 total
[2021-05-01T13:42:52.429+0000][7][gc,age      ] GC(96) - age   5:       7544 bytes,     799984 total
[2021-05-01T13:42:52.429+0000][7][gc,age      ] GC(96) - age   6:       5472 bytes,     805456 total
[2021-05-01T13:42:52.429+0000][7][gc,age      ] GC(96) - age   7:        624 bytes,     806080 total
[2021-05-01T13:42:52.429+0000][7][gc,age      ] GC(96) - age   8:       3944 bytes,     810024 total
[2021-05-01T13:42:52.429+0000][7][gc,age      ] GC(96) - age   9:        640 bytes,     810664 total
[2021-05-01T13:42:52.429+0000][7][gc,age      ] GC(96) - age  10:       3416 bytes,     814080 total
[2021-05-01T13:42:52.429+0000][7][gc,age      ] GC(96) - age  11:       2528 bytes,     816608 total
[2021-05-01T13:42:52.429+0000][7][gc,age      ] GC(96) - age  12:       2728 bytes,     819336 total
[2021-05-01T13:42:52.429+0000][7][gc,age      ] GC(96) - age  13:       2944 bytes,     822280 total
[2021-05-01T13:42:52.429+0000][7][gc,age      ] GC(96) - age  14:       6376 bytes,     828656 total
[2021-05-01T13:42:52.429+0000][7][gc,age      ] GC(96) - age  15:       5696 bytes,     834352 total
[2021-05-01T13:42:52.429+0000][7][gc,phases   ] GC(96)   Pre Evacuate Collection Set: 0.1ms
[2021-05-01T13:42:52.429+0000][7][gc,phases   ] GC(96)   Merge Heap Roots: 0.1ms
[2021-05-01T13:42:52.429+0000][7][gc,phases   ] GC(96)   Evacuate Collection Set: 0.9ms
[2021-05-01T13:42:52.429+0000][7][gc,phases   ] GC(96)   Post Evacuate Collection Set: 0.4ms
[2021-05-01T13:42:52.429+0000][7][gc,phases   ] GC(96)   Other: 0.2ms
[2021-05-01T13:42:52.429+0000][7][gc,heap     ] GC(96) Eden regions: 22->0(22)
[2021-05-01T13:42:52.429+0000][7][gc,heap     ] GC(96) Survivor regions: 1->1(3)
[2021-05-01T13:42:52.429+0000][7][gc,heap     ] GC(96) Old regions: 26->26
[2021-05-01T13:42:52.429+0000][7][gc,heap     ] GC(96) Archive regions: 2->2
[2021-05-01T13:42:52.429+0000][7][gc,heap     ] GC(96) Humongous regions: 2->2
[2021-05-01T13:42:52.429+0000][7][gc,metaspace] GC(96) Metaspace: 107596K(112004K)->107596K(112004K) NonClass: 93700K(96824K)->93700K(96824K) Class: 13896K(15180K)->13896K(15180K)
[2021-05-01T13:42:52.429+0000][7][gc          ] GC(96) Pause Young (Concurrent Start) (G1 Evacuation Pause) 202M->114M(256M) 1.799ms
[2021-05-01T13:42:52.429+0000][7][gc,cpu      ] GC(96) User=0.01s Sys=0.00s Real=0.00s
[2021-05-01T13:42:52.429+0000][7][gc          ] GC(97) Concurrent Cycle
[2021-05-01T13:42:52.429+0000][7][safepoint   ] Safepoint "G1CollectForAllocation", Time since last: 10169323140 ns, Reaching safepoint: 157126 ns, At safepoint: 1889759 ns, Total: 2046885 ns
[2021-05-01T13:42:52.429+0000][7][gc,marking  ] GC(97) Concurrent Clear Claimed Marks
[2021-05-01T13:42:52.429+0000][7][gc,marking  ] GC(97) Concurrent Clear Claimed Marks 0.095ms
[2021-05-01T13:42:52.429+0000][7][gc,marking  ] GC(97) Concurrent Scan Root Regions
[2021-05-01T13:42:52.431+0000][7][gc,marking  ] GC(97) Concurrent Scan Root Regions 1.913ms
[2021-05-01T13:42:52.431+0000][7][gc,marking  ] GC(97) Concurrent Mark (5399.199s)
[2021-05-01T13:42:52.431+0000][7][gc,marking  ] GC(97) Concurrent Mark From Roots
[2021-05-01T13:42:52.431+0000][7][gc,task     ] GC(97) Using 2 workers of 2 for marking
[2021-05-01T13:42:52.523+0000][7][gc,marking  ] GC(97) Concurrent Mark From Roots 91.360ms
[2021-05-01T13:42:52.523+0000][7][gc,marking  ] GC(97) Concurrent Preclean
[2021-05-01T13:42:52.523+0000][7][gc,marking  ] GC(97) Concurrent Preclean 0.254ms
[2021-05-01T13:42:52.523+0000][7][gc,marking  ] GC(97) Concurrent Mark (5399.199s, 5399.291s) 91.665ms
[2021-05-01T13:42:52.523+0000][7][gc,start    ] GC(97) Pause Remark
[2021-05-01T13:42:52.528+0000][7][gc          ] GC(97) Pause Remark 114M->114M(256M) 5.158ms
[2021-05-01T13:42:52.528+0000][7][gc,cpu      ] GC(97) User=0.03s Sys=0.00s Real=0.01s
[2021-05-01T13:42:52.528+0000][7][safepoint   ] Safepoint "G1Concurrent", Time since last: 93754718 ns, Reaching safepoint: 71489 ns, At safepoint: 5232782 ns, Total: 5304271 ns
[2021-05-01T13:42:52.528+0000][7][gc,marking  ] GC(97) Concurrent Rebuild Remembered Sets
[2021-05-01T13:42:52.583+0000][7][gc,marking  ] GC(97) Concurrent Rebuild Remembered Sets 54.860ms
[2021-05-01T13:42:52.583+0000][7][gc,start    ] GC(97) Pause Cleanup
[2021-05-01T13:42:52.583+0000][7][gc          ] GC(97) Pause Cleanup 114M->114M(256M) 0.069ms
[2021-05-01T13:42:52.584+0000][7][gc,cpu      ] GC(97) User=0.00s Sys=0.00s Real=0.00s
[2021-05-01T13:42:52.584+0000][7][safepoint   ] Safepoint "G1Concurrent", Time since last: 54929981 ns, Reaching safepoint: 72548 ns, At safepoint: 108466 ns, Total: 181014 ns
[2021-05-01T13:42:52.584+0000][7][gc,marking  ] GC(97) Concurrent Cleanup for Next Mark
[2021-05-01T13:42:52.584+0000][7][gc,marking  ] GC(97) Concurrent Cleanup for Next Mark 0.185ms
[2021-05-01T13:42:52.584+0000][7][gc          ] GC(97) Concurrent Cycle 154.421ms
[2021-05-01T13:43:11.587+0000][7][safepoint   ] Safepoint "Cleanup", Time since last: 19002964967 ns, Reaching safepoint: 86076 ns, At safepoint: 5217 ns, Total: 91293 ns
[2021-05-01T13:43:12.587+0000][7][safepoint   ] Safepoint "Cleanup", Time since last: 1000091434 ns, Reaching safepoint: 84326 ns, At safepoint: 6455 ns, Total: 90781 ns
[2021-05-01T13:43:48.594+0000][7][safepoint   ] Safepoint "Cleanup", Time since last: 36007286772 ns, Reaching safepoint: 111109 ns, At safepoint: 6128 ns, Total: 117237 ns
[2021-05-01T13:44:00.596+0000][7][safepoint   ] Safepoint "Cleanup", Time since last: 12001682573 ns, Reaching safepoint: 222292 ns, At safepoint: 8326 ns, Total: 230618 ns
[2021-05-01T13:44:12.598+0000][7][safepoint   ] Safepoint "Cleanup", Time since last: 12002286797 ns, Reaching safepoint: 91848 ns, At safepoint: 7094 ns, Total: 98942 ns
[2021-05-01T13:45:07.480+0000][7][gc,start    ] GC(98) Pause Young (Normal) (G1 Evacuation Pause)
[2021-05-01T13:45:07.480+0000][7][gc,task     ] GC(98) Using 6 workers of 8 for evacuation
[2021-05-01T13:45:07.480+0000][7][gc,age      ] GC(98) Desired survivor size 6291456 bytes, new threshold 15 (max threshold 15)
[2021-05-01T13:45:07.481+0000][7][gc,age      ] GC(98) Age table with threshold 15 (max threshold 15)
[2021-05-01T13:45:07.481+0000][7][gc,age      ] GC(98) - age   1:     516776 bytes,     516776 total
[2021-05-01T13:45:07.481+0000][7][gc,age      ] GC(98) - age   2:     276840 bytes,     793616 total
[2021-05-01T13:45:07.481+0000][7][gc,age      ] GC(98) - age   3:       4080 bytes,     797696 total
[2021-05-01T13:45:07.481+0000][7][gc,age      ] GC(98) - age   4:       5192 bytes,     802888 total
[2021-05-01T13:45:07.481+0000][7][gc,age      ] GC(98) - age   5:       1560 bytes,     804448 total
[2021-05-01T13:45:07.481+0000][7][gc,age      ] GC(98) - age   6:       4888 bytes,     809336 total
[2021-05-01T13:45:07.481+0000][7][gc,age      ] GC(98) - age   7:       5472 bytes,     814808 total
[2021-05-01T13:45:07.481+0000][7][gc,age      ] GC(98) - age   8:        624 bytes,     815432 total
[2021-05-01T13:45:07.481+0000][7][gc,age      ] GC(98) - age   9:       3736 bytes,     819168 total
[2021-05-01T13:45:07.481+0000][7][gc,age      ] GC(98) - age  10:        640 bytes,     819808 total
[2021-05-01T13:45:07.481+0000][7][gc,age      ] GC(98) - age  11:       3416 bytes,     823224 total
[2021-05-01T13:45:07.481+0000][7][gc,age      ] GC(98) - age  12:       2528 bytes,     825752 total
[2021-05-01T13:45:07.481+0000][7][gc,age      ] GC(98) - age  13:       2728 bytes,     828480 total
[2021-05-01T13:45:07.481+0000][7][gc,age      ] GC(98) - age  14:       2944 bytes,     831424 total
[2021-05-01T13:45:07.481+0000][7][gc,age      ] GC(98) - age  15:       6376 bytes,     837800 total
[2021-05-01T13:45:07.481+0000][7][gc,phases   ] GC(98)   Pre Evacuate Collection Set: 0.1ms
[2021-05-01T13:45:07.481+0000][7][gc,phases   ] GC(98)   Merge Heap Roots: 0.0ms
[2021-05-01T13:45:07.481+0000][7][gc,phases   ] GC(98)   Evacuate Collection Set: 1.0ms
[2021-05-01T13:45:07.481+0000][7][gc,phases   ] GC(98)   Post Evacuate Collection Set: 0.3ms
[2021-05-01T13:45:07.481+0000][7][gc,phases   ] GC(98)   Other: 0.2ms
[2021-05-01T13:45:07.481+0000][7][gc,heap     ] GC(98) Eden regions: 22->0(22)
[2021-05-01T13:45:07.481+0000][7][gc,heap     ] GC(98) Survivor regions: 1->1(3)
[2021-05-01T13:45:07.481+0000][7][gc,heap     ] GC(98) Old regions: 26->26
[2021-05-01T13:45:07.481+0000][7][gc,heap     ] GC(98) Archive regions: 2->2
[2021-05-01T13:45:07.481+0000][7][gc,heap     ] GC(98) Humongous regions: 2->2
[2021-05-01T13:45:07.481+0000][7][gc,metaspace] GC(98) Metaspace: 107603K(112004K)->107603K(112004K) NonClass: 93707K(96824K)->93707K(96824K) Class: 13896K(15180K)->13896K(15180K)
[2021-05-01T13:45:07.481+0000][7][gc          ] GC(98) Pause Young (Normal) (G1 Evacuation Pause) 202M->114M(256M) 1.685ms
[2021-05-01T13:45:07.481+0000][7][gc,cpu      ] GC(98) User=0.00s Sys=0.00s Real=0.00s
[2021-05-01T13:45:07.481+0000][7][safepoint   ] Safepoint "G1CollectForAllocation", Time since last: 54881093873 ns, Reaching safepoint: 91754 ns, At safepoint: 1750645 ns, Total: 1842399 ns
[2021-05-01T13:46:42.501+0000][7][safepoint   ] Safepoint "Cleanup", Time since last: 95019447114 ns, Reaching safepoint: 118434 ns, At safepoint: 6245 ns, Total: 124679 ns
[2021-05-01T13:46:48.502+0000][7][safepoint   ] Safepoint "Cleanup", Time since last: 6001374977 ns, Reaching safepoint: 103560 ns, At safepoint: 6988 ns, Total: 110548 ns
[2021-05-01T13:46:56.504+0000][7][safepoint   ] Safepoint "Cleanup", Time since last: 8001381481 ns, Reaching safepoint: 75791 ns, At safepoint: 5806 ns, Total: 81597 ns
[2021-05-01T13:47:14.509+0000][7][safepoint   ] Safepoint "Cleanup", Time since last: 18004577960 ns, Reaching safepoint: 200153 ns, At safepoint: 7361 ns, Total: 207514 ns
[2021-05-01T13:47:18.510+0000][7][safepoint   ] Safepoint "Cleanup", Time since last: 4001656555 ns, Reaching safepoint: 110509 ns, At safepoint: 5155 ns, Total: 115664 ns
[2021-05-01T13:47:22.391+0000][7][gc,start    ] GC(99) Pause Young (Concurrent Start) (G1 Evacuation Pause)
[2021-05-01T13:47:22.391+0000][7][gc,task     ] GC(99) Using 6 workers of 8 for evacuation
[2021-05-01T13:47:22.391+0000][7][gc,age      ] GC(99) Desired survivor size 6291456 bytes, new threshold 15 (max threshold 15)
[2021-05-01T13:47:22.393+0000][7][gc,age      ] GC(99) Age table with threshold 15 (max threshold 15)
[2021-05-01T13:47:22.393+0000][7][gc,age      ] GC(99) - age   1:     509032 bytes,     509032 total
[2021-05-01T13:47:22.393+0000][7][gc,age      ] GC(99) - age   2:       4032 bytes,     513064 total
[2021-05-01T13:47:22.393+0000][7][gc,age      ] GC(99) - age   3:     152600 bytes,     665664 total
[2021-05-01T13:47:22.393+0000][7][gc,age      ] GC(99) - age   4:       4056 bytes,     669720 total
[2021-05-01T13:47:22.393+0000][7][gc,age      ] GC(99) - age   5:       5168 bytes,     674888 total
[2021-05-01T13:47:22.393+0000][7][gc,age      ] GC(99) - age   6:       1360 bytes,     676248 total
[2021-05-01T13:47:22.393+0000][7][gc,age      ] GC(99) - age   7:       4888 bytes,     681136 total
[2021-05-01T13:47:22.393+0000][7][gc,age      ] GC(99) - age   8:       5472 bytes,     686608 total
[2021-05-01T13:47:22.393+0000][7][gc,age      ] GC(99) - age   9:        584 bytes,     687192 total
[2021-05-01T13:47:22.393+0000][7][gc,age      ] GC(99) - age  10:       3736 bytes,     690928 total
[2021-05-01T13:47:22.393+0000][7][gc,age      ] GC(99) - age  11:        640 bytes,     691568 total
[2021-05-01T13:47:22.393+0000][7][gc,age      ] GC(99) - age  12:       3416 bytes,     694984 total
[2021-05-01T13:47:22.393+0000][7][gc,age      ] GC(99) - age  13:       2528 bytes,     697512 total
[2021-05-01T13:47:22.393+0000][7][gc,age      ] GC(99) - age  14:       2728 bytes,     700240 total
[2021-05-01T13:47:22.393+0000][7][gc,age      ] GC(99) - age  15:       2944 bytes,     703184 total
[2021-05-01T13:47:22.393+0000][7][gc,phases   ] GC(99)   Pre Evacuate Collection Set: 0.1ms
[2021-05-01T13:47:22.393+0000][7][gc,phases   ] GC(99)   Merge Heap Roots: 0.0ms
[2021-05-01T13:47:22.393+0000][7][gc,phases   ] GC(99)   Evacuate Collection Set: 0.9ms
[2021-05-01T13:47:22.393+0000][7][gc,phases   ] GC(99)   Post Evacuate Collection Set: 0.6ms
[2021-05-01T13:47:22.393+0000][7][gc,phases   ] GC(99)   Other: 0.2ms
[2021-05-01T13:47:22.393+0000][7][gc,heap     ] GC(99) Eden regions: 22->0(22)
[2021-05-01T13:47:22.393+0000][7][gc,heap     ] GC(99) Survivor regions: 1->1(3)
[2021-05-01T13:47:22.393+0000][7][gc,heap     ] GC(99) Old regions: 26->26
[2021-05-01T13:47:22.393+0000][7][gc,heap     ] GC(99) Archive regions: 2->2
[2021-05-01T13:47:22.393+0000][7][gc,heap     ] GC(99) Humongous regions: 2->2
[2021-05-01T13:47:22.393+0000][7][gc,metaspace] GC(99) Metaspace: 107628K(112004K)->107628K(112004K) NonClass: 93732K(96824K)->93732K(96824K) Class: 13896K(15180K)->13896K(15180K)
[2021-05-01T13:47:22.393+0000][7][gc          ] GC(99) Pause Young (Concurrent Start) (G1 Evacuation Pause) 202M->114M(256M) 1.983ms
[2021-05-01T13:47:22.393+0000][7][gc,cpu      ] GC(99) User=0.01s Sys=0.00s Real=0.00s
[2021-05-01T13:47:22.393+0000][7][safepoint   ] Safepoint "G1CollectForAllocation", Time since last: 3880449211 ns, Reaching safepoint: 94008 ns, At safepoint: 2047656 ns, Total: 2141664 ns
[2021-05-01T13:47:22.393+0000][7][gc          ] GC(100) Concurrent Cycle
[2021-05-01T13:47:22.393+0000][7][gc,marking  ] GC(100) Concurrent Clear Claimed Marks
[2021-05-01T13:47:22.393+0000][7][gc,marking  ] GC(100) Concurrent Clear Claimed Marks 0.048ms
[2021-05-01T13:47:22.393+0000][7][gc,marking  ] GC(100) Concurrent Scan Root Regions
[2021-05-01T13:47:22.394+0000][7][gc,marking  ] GC(100) Concurrent Scan Root Regions 0.992ms
[2021-05-01T13:47:22.394+0000][7][gc,marking  ] GC(100) Concurrent Mark (5669.162s)
[2021-05-01T13:47:22.394+0000][7][gc,marking  ] GC(100) Concurrent Mark From Roots
[2021-05-01T13:47:22.394+0000][7][gc,task     ] GC(100) Using 2 workers of 2 for marking
[2021-05-01T13:47:22.475+0000][7][gc,marking  ] GC(100) Concurrent Mark From Roots 80.512ms
[2021-05-01T13:47:22.475+0000][7][gc,marking  ] GC(100) Concurrent Preclean
[2021-05-01T13:47:22.475+0000][7][gc,marking  ] GC(100) Concurrent Preclean 0.247ms
[2021-05-01T13:47:22.475+0000][7][gc,marking  ] GC(100) Concurrent Mark (5669.162s, 5669.243s) 80.814ms
[2021-05-01T13:47:22.475+0000][7][gc,start    ] GC(100) Pause Remark
[2021-05-01T13:47:22.481+0000][7][gc          ] GC(100) Pause Remark 115M->115M(256M) 5.530ms
[2021-05-01T13:47:22.481+0000][7][gc,cpu      ] GC(100) User=0.03s Sys=0.00s Real=0.01s
[2021-05-01T13:47:22.481+0000][7][safepoint   ] Safepoint "G1Concurrent", Time since last: 81987835 ns, Reaching safepoint: 152552 ns, At safepoint: 5605450 ns, Total: 5758002 ns
[2021-05-01T13:47:22.481+0000][7][gc,marking  ] GC(100) Concurrent Rebuild Remembered Sets
[2021-05-01T13:47:22.533+0000][7][gc,marking  ] GC(100) Concurrent Rebuild Remembered Sets 52.476ms
[2021-05-01T13:47:22.534+0000][7][gc,start    ] GC(100) Pause Cleanup
[2021-05-01T13:47:22.534+0000][7][gc          ] GC(100) Pause Cleanup 115M->115M(256M) 0.062ms
[2021-05-01T13:47:22.534+0000][7][gc,cpu      ] GC(100) User=0.00s Sys=0.00s Real=0.00s
[2021-05-01T13:47:22.534+0000][7][safepoint   ] Safepoint "G1Concurrent", Time since last: 52635103 ns, Reaching safepoint: 98492 ns, At safepoint: 103609 ns, Total: 202101 ns
[2021-05-01T13:47:22.534+0000][7][gc,marking  ] GC(100) Concurrent Cleanup for Next Mark
[2021-05-01T13:47:22.534+0000][7][gc,marking  ] GC(100) Concurrent Cleanup for Next Mark 0.160ms
[2021-05-01T13:47:22.534+0000][7][gc          ] GC(100) Concurrent Cycle 140.786ms
[2021-05-01T13:47:38.539+0000][7][safepoint   ] Safepoint "Cleanup", Time since last: 16004706135 ns, Reaching safepoint: 203770 ns, At safepoint: 7440 ns, Total: 211210 ns
[2021-05-01T13:47:48.541+0000][7][safepoint   ] Safepoint "Cleanup", Time since last: 10002591096 ns, Reaching safepoint: 103013 ns, At safepoint: 8841 ns, Total: 111854 ns
[2021-05-01T13:48:07.547+0000][7][safepoint   ] Safepoint "Cleanup", Time since last: 19006064515 ns, Reaching safepoint: 125855 ns, At safepoint: 5857 ns, Total: 131712 ns
[2021-05-01T13:48:14.550+0000][7][safepoint   ] Safepoint "Cleanup", Time since last: 7002062321 ns, Reaching safepoint: 112741 ns, At safepoint: 5281 ns, Total: 118022 ns
[2021-05-01T13:48:38.256+0000][7][safepoint   ] Safepoint "Cleanup", Time since last: 23706180290 ns, Reaching safepoint: 85734 ns, At safepoint: 5597 ns, Total: 91331 ns
[2021-05-01T13:48:39.256+0000][7][safepoint   ] Safepoint "Cleanup", Time since last: 1000355690 ns, Reaching safepoint: 102814 ns, At safepoint: 7112 ns, Total: 109926 ns
[2021-05-01T13:48:48.259+0000][7][safepoint   ] Safepoint "Cleanup", Time since last: 9002193608 ns, Reaching safepoint: 95671 ns, At safepoint: 10101 ns, Total: 105772 ns
[2021-05-01T13:49:08.264+0000][7][safepoint   ] Safepoint "Cleanup", Time since last: 20005545815 ns, Reaching safepoint: 159236 ns, At safepoint: 7837 ns, Total: 167073 ns
[2021-05-01T13:49:12.266+0000][7][safepoint   ] Safepoint "Cleanup", Time since last: 4001092671 ns, Reaching safepoint: 95833 ns, At safepoint: 5904 ns, Total: 101737 ns
[2021-05-01T13:49:15.266+0000][7][safepoint   ] Safepoint "Cleanup", Time since last: 3000536925 ns, Reaching safepoint: 156207 ns, At safepoint: 5784 ns, Total: 161991 ns
[2021-05-01T13:49:37.448+0000][7][gc,start    ] GC(101) Pause Young (Normal) (G1 Evacuation Pause)
[2021-05-01T13:49:37.448+0000][7][gc,task     ] GC(101) Using 6 workers of 8 for evacuation
[2021-05-01T13:49:37.448+0000][7][gc,age      ] GC(101) Desired survivor size 6291456 bytes, new threshold 15 (max threshold 15)
[2021-05-01T13:49:37.450+0000][7][gc,age      ] GC(101) Age table with threshold 15 (max threshold 15)
[2021-05-01T13:49:37.450+0000][7][gc,age      ] GC(101) - age   1:     516464 bytes,     516464 total
[2021-05-01T13:49:37.450+0000][7][gc,age      ] GC(101) - age   2:       1160 bytes,     517624 total
[2021-05-01T13:49:37.450+0000][7][gc,age      ] GC(101) - age   3:       3568 bytes,     521192 total
[2021-05-01T13:49:37.450+0000][7][gc,age      ] GC(101) - age   4:     152600 bytes,     673792 total
[2021-05-01T13:49:37.450+0000][7][gc,age      ] GC(101) - age   5:       4056 bytes,     677848 total
[2021-05-01T13:49:37.450+0000][7][gc,age      ] GC(101) - age   6:       5056 bytes,     682904 total
[2021-05-01T13:49:37.450+0000][7][gc,age      ] GC(101) - age   7:       1360 bytes,     684264 total
[2021-05-01T13:49:37.450+0000][7][gc,age      ] GC(101) - age   8:       4888 bytes,     689152 total
[2021-05-01T13:49:37.450+0000][7][gc,age      ] GC(101) - age   9:       5448 bytes,     694600 total
[2021-05-01T13:49:37.450+0000][7][gc,age      ] GC(101) - age  10:        584 bytes,     695184 total
[2021-05-01T13:49:37.450+0000][7][gc,age      ] GC(101) - age  11:       3736 bytes,     698920 total
[2021-05-01T13:49:37.450+0000][7][gc,age      ] GC(101) - age  12:        640 bytes,     699560 total
[2021-05-01T13:49:37.450+0000][7][gc,age      ] GC(101) - age  13:       3416 bytes,     702976 total
[2021-05-01T13:49:37.450+0000][7][gc,age      ] GC(101) - age  14:       2528 bytes,     705504 total
[2021-05-01T13:49:37.450+0000][7][gc,age      ] GC(101) - age  15:       2728 bytes,     708232 total
[2021-05-01T13:49:37.450+0000][7][gc,phases   ] GC(101)   Pre Evacuate Collection Set: 0.1ms
[2021-05-01T13:49:37.450+0000][7][gc,phases   ] GC(101)   Merge Heap Roots: 0.1ms
[2021-05-01T13:49:37.450+0000][7][gc,phases   ] GC(101)   Evacuate Collection Set: 1.1ms
[2021-05-01T13:49:37.450+0000][7][gc,phases   ] GC(101)   Post Evacuate Collection Set: 0.6ms
[2021-05-01T13:49:37.450+0000][7][gc,phases   ] GC(101)   Other: 0.2ms
[2021-05-01T13:49:37.450+0000][7][gc,heap     ] GC(101) Eden regions: 22->0(22)
[2021-05-01T13:49:37.450+0000][7][gc,heap     ] GC(101) Survivor regions: 1->1(3)
[2021-05-01T13:49:37.450+0000][7][gc,heap     ] GC(101) Old regions: 26->26
[2021-05-01T13:49:37.450+0000][7][gc,heap     ] GC(101) Archive regions: 2->2
[2021-05-01T13:49:37.450+0000][7][gc,heap     ] GC(101) Humongous regions: 2->2
[2021-05-01T13:49:37.450+0000][7][gc,metaspace] GC(101) Metaspace: 107690K(112004K)->107690K(112004K) NonClass: 93794K(96824K)->93794K(96824K) Class: 13896K(15180K)->13896K(15180K)
[2021-05-01T13:49:37.450+0000][7][gc          ] GC(101) Pause Young (Normal) (G1 Evacuation Pause) 202M->114M(256M) 2.256ms
[2021-05-01T13:49:37.450+0000][7][gc,cpu      ] GC(101) User=0.01s Sys=0.00s Real=0.00s
[2021-05-01T13:49:37.450+0000][7][safepoint   ] Safepoint "G1CollectForAllocation", Time since last: 22181140809 ns, Reaching safepoint: 154016 ns, At safepoint: 2317059 ns, Total: 2471075 ns
[2021-05-01T13:50:08.459+0000][7][safepoint   ] Safepoint "Cleanup", Time since last: 31009204311 ns, Reaching safepoint: 117613 ns, At safepoint: 8900 ns, Total: 126513 ns
[2021-05-01T13:50:14.461+0000][7][safepoint   ] Safepoint "Cleanup", Time since last: 6001128732 ns, Reaching safepoint: 166763 ns, At safepoint: 6579 ns, Total: 173342 ns
[2021-05-01T13:50:18.462+0000][7][safepoint   ] Safepoint "Cleanup", Time since last: 4000824672 ns, Reaching safepoint: 156934 ns, At safepoint: 5780 ns, Total: 162714 ns
[2021-05-01T13:51:53.004+0000][7][gc,start    ] GC(102) Pause Young (Concurrent Start) (G1 Evacuation Pause)
[2021-05-01T13:51:53.004+0000][7][gc,task     ] GC(102) Using 6 workers of 8 for evacuation
[2021-05-01T13:51:53.004+0000][7][gc,age      ] GC(102) Desired survivor size 6291456 bytes, new threshold 15 (max threshold 15)
[2021-05-01T13:51:53.006+0000][7][gc,age      ] GC(102) Age table with threshold 15 (max threshold 15)
[2021-05-01T13:51:53.006+0000][7][gc,age      ] GC(102) - age   1:     510800 bytes,     510800 total
[2021-05-01T13:51:53.006+0000][7][gc,age      ] GC(102) - age   2:       2456 bytes,     513256 total
[2021-05-01T13:51:53.006+0000][7][gc,age      ] GC(102) - age   3:        840 bytes,     514096 total
[2021-05-01T13:51:53.006+0000][7][gc,age      ] GC(102) - age   4:       3408 bytes,     517504 total
[2021-05-01T13:51:53.006+0000][7][gc,age      ] GC(102) - age   5:     152600 bytes,     670104 total
[2021-05-01T13:51:53.006+0000][7][gc,age      ] GC(102) - age   6:       4056 bytes,     674160 total
[2021-05-01T13:51:53.006+0000][7][gc,age      ] GC(102) - age   7:       5056 bytes,     679216 total
[2021-05-01T13:51:53.006+0000][7][gc,age      ] GC(102) - age   8:       1360 bytes,     680576 total
[2021-05-01T13:51:53.006+0000][7][gc,age      ] GC(102) - age   9:       4888 bytes,     685464 total
[2021-05-01T13:51:53.006+0000][7][gc,age      ] GC(102) - age  10:       5448 bytes,     690912 total
[2021-05-01T13:51:53.006+0000][7][gc,age      ] GC(102) - age  11:        584 bytes,     691496 total
[2021-05-01T13:51:53.006+0000][7][gc,age      ] GC(102) - age  12:       3736 bytes,     695232 total
[2021-05-01T13:51:53.006+0000][7][gc,age      ] GC(102) - age  13:        640 bytes,     695872 total
[2021-05-01T13:51:53.006+0000][7][gc,age      ] GC(102) - age  14:       3416 bytes,     699288 total
[2021-05-01T13:51:53.006+0000][7][gc,age      ] GC(102) - age  15:       2528 bytes,     701816 total
[2021-05-01T13:51:53.006+0000][7][gc,phases   ] GC(102)   Pre Evacuate Collection Set: 0.2ms
[2021-05-01T13:51:53.006+0000][7][gc,phases   ] GC(102)   Merge Heap Roots: 0.1ms
[2021-05-01T13:51:53.006+0000][7][gc,phases   ] GC(102)   Evacuate Collection Set: 1.0ms
[2021-05-01T13:51:53.006+0000][7][gc,phases   ] GC(102)   Post Evacuate Collection Set: 0.7ms
[2021-05-01T13:51:53.006+0000][7][gc,phases   ] GC(102)   Other: 0.2ms
[2021-05-01T13:51:53.006+0000][7][gc,heap     ] GC(102) Eden regions: 22->0(22)
[2021-05-01T13:51:53.006+0000][7][gc,heap     ] GC(102) Survivor regions: 1->1(3)
[2021-05-01T13:51:53.006+0000][7][gc,heap     ] GC(102) Old regions: 26->26
[2021-05-01T13:51:53.006+0000][7][gc,heap     ] GC(102) Archive regions: 2->2
[2021-05-01T13:51:53.006+0000][7][gc,heap     ] GC(102) Humongous regions: 2->2
[2021-05-01T13:51:53.006+0000][7][gc,metaspace] GC(102) Metaspace: 107711K(112004K)->107711K(112004K) NonClass: 93815K(96824K)->93815K(96824K) Class: 13896K(15180K)->13896K(15180K)
[2021-05-01T13:51:53.006+0000][7][gc          ] GC(102) Pause Young (Concurrent Start) (G1 Evacuation Pause) 202M->114M(256M) 2.256ms
[2021-05-01T13:51:53.006+0000][7][gc,cpu      ] GC(102) User=0.01s Sys=0.00s Real=0.00s
[2021-05-01T13:51:53.006+0000][7][safepoint   ] Safepoint "G1CollectForAllocation", Time since last: 94541886267 ns, Reaching safepoint: 149631 ns, At safepoint: 2321452 ns, Total: 2471083 ns
[2021-05-01T13:51:53.006+0000][7][gc          ] GC(103) Concurrent Cycle
[2021-05-01T13:51:53.006+0000][7][gc,marking  ] GC(103) Concurrent Clear Claimed Marks
[2021-05-01T13:51:53.006+0000][7][gc,marking  ] GC(103) Concurrent Clear Claimed Marks 0.041ms
[2021-05-01T13:51:53.006+0000][7][gc,marking  ] GC(103) Concurrent Scan Root Regions
[2021-05-01T13:51:53.007+0000][7][gc,marking  ] GC(103) Concurrent Scan Root Regions 0.759ms
[2021-05-01T13:51:53.007+0000][7][gc,marking  ] GC(103) Concurrent Mark (5939.775s)
[2021-05-01T13:51:53.007+0000][7][gc,marking  ] GC(103) Concurrent Mark From Roots
[2021-05-01T13:51:53.007+0000][7][gc,task     ] GC(103) Using 2 workers of 2 for marking
[2021-05-01T13:51:53.087+0000][7][gc,marking  ] GC(103) Concurrent Mark From Roots 80.433ms
[2021-05-01T13:51:53.087+0000][7][gc,marking  ] GC(103) Concurrent Preclean
[2021-05-01T13:51:53.087+0000][7][gc,marking  ] GC(103) Concurrent Preclean 0.224ms
[2021-05-01T13:51:53.087+0000][7][gc,marking  ] GC(103) Concurrent Mark (5939.775s, 5939.855s) 80.705ms
[2021-05-01T13:51:53.088+0000][7][gc,start    ] GC(103) Pause Remark
[2021-05-01T13:51:53.093+0000][7][gc          ] GC(103) Pause Remark 115M->115M(256M) 5.673ms
[2021-05-01T13:51:53.093+0000][7][gc,cpu      ] GC(103) User=0.03s Sys=0.00s Real=0.00s
[2021-05-01T13:51:53.093+0000][7][safepoint   ] Safepoint "G1Concurrent", Time since last: 81639999 ns, Reaching safepoint: 150367 ns, At safepoint: 5748687 ns, Total: 5899054 ns
[2021-05-01T13:51:53.093+0000][7][gc,marking  ] GC(103) Concurrent Rebuild Remembered Sets
[2021-05-01T13:51:53.146+0000][7][gc,marking  ] GC(103) Concurrent Rebuild Remembered Sets 52.680ms
[2021-05-01T13:51:53.146+0000][7][gc,start    ] GC(103) Pause Cleanup
[2021-05-01T13:51:53.146+0000][7][gc          ] GC(103) Pause Cleanup 115M->115M(256M) 0.121ms
[2021-05-01T13:51:53.147+0000][7][gc,cpu      ] GC(103) User=0.00s Sys=0.00s Real=0.00s
[2021-05-01T13:51:53.147+0000][7][safepoint   ] Safepoint "G1Concurrent", Time since last: 52823341 ns, Reaching safepoint: 114810 ns, At safepoint: 169589 ns, Total: 284399 ns
[2021-05-01T13:51:53.147+0000][7][gc,marking  ] GC(103) Concurrent Cleanup for Next Mark
[2021-05-01T13:51:53.147+0000][7][gc,marking  ] GC(103) Concurrent Cleanup for Next Mark 0.148ms
[2021-05-01T13:51:53.147+0000][7][gc          ] GC(103) Concurrent Cycle 140.838ms
[2021-05-01T13:52:06.151+0000][7][safepoint   ] Safepoint "Cleanup", Time since last: 13004168349 ns, Reaching safepoint: 134677 ns, At safepoint: 5563 ns, Total: 140240 ns
[2021-05-01T13:52:12.152+0000][7][safepoint   ] Safepoint "Cleanup", Time since last: 6001230271 ns, Reaching safepoint: 129470 ns, At safepoint: 5895 ns, Total: 135365 ns
[2021-05-01T13:52:39.160+0000][7][safepoint   ] Safepoint "Cleanup", Time since last: 27007728666 ns, Reaching safepoint: 152823 ns, At safepoint: 7472 ns, Total: 160295 ns
[2021-05-01T13:52:45.163+0000][7][safepoint   ] Safepoint "Cleanup", Time since last: 6002404283 ns, Reaching safepoint: 171250 ns, At safepoint: 7422 ns, Total: 178672 ns
[2021-05-01T13:53:15.171+0000][7][safepoint   ] Safepoint "Cleanup", Time since last: 30008427710 ns, Reaching safepoint: 109932 ns, At safepoint: 8011 ns, Total: 117943 ns
[2021-05-01T13:53:33.040+0000][7][gc,start    ] GC(104) Pause Young (Normal) (G1 Evacuation Pause)
[2021-05-01T13:53:33.040+0000][7][gc,task     ] GC(104) Using 6 workers of 8 for evacuation
[2021-05-01T13:53:33.040+0000][7][gc,age      ] GC(104) Desired survivor size 6291456 bytes, new threshold 15 (max threshold 15)
[2021-05-01T13:53:33.042+0000][7][gc,age      ] GC(104) Age table with threshold 15 (max threshold 15)
[2021-05-01T13:53:33.042+0000][7][gc,age      ] GC(104) - age   1:     815536 bytes,     815536 total
[2021-05-01T13:53:33.042+0000][7][gc,age      ] GC(104) - age   2:       1664 bytes,     817200 total
[2021-05-01T13:53:33.042+0000][7][gc,age      ] GC(104) - age   3:       2176 bytes,     819376 total
[2021-05-01T13:53:33.042+0000][7][gc,age      ] GC(104) - age   4:        480 bytes,     819856 total
[2021-05-01T13:53:33.042+0000][7][gc,age      ] GC(104) - age   5:        888 bytes,     820744 total
[2021-05-01T13:53:33.042+0000][7][gc,age      ] GC(104) - age   6:       2944 bytes,     823688 total
[2021-05-01T13:53:33.042+0000][7][gc,age      ] GC(104) - age   7:       3960 bytes,     827648 total
[2021-05-01T13:53:33.042+0000][7][gc,age      ] GC(104) - age   8:       4816 bytes,     832464 total
[2021-05-01T13:53:33.042+0000][7][gc,age      ] GC(104) - age   9:       1360 bytes,     833824 total
[2021-05-01T13:53:33.042+0000][7][gc,age      ] GC(104) - age  10:       4888 bytes,     838712 total
[2021-05-01T13:53:33.042+0000][7][gc,age      ] GC(104) - age  11:       1032 bytes,     839744 total
[2021-05-01T13:53:33.042+0000][7][gc,age      ] GC(104) - age  12:        584 bytes,     840328 total
[2021-05-01T13:53:33.042+0000][7][gc,age      ] GC(104) - age  13:       3736 bytes,     844064 total
[2021-05-01T13:53:33.042+0000][7][gc,age      ] GC(104) - age  14:        640 bytes,     844704 total
[2021-05-01T13:53:33.042+0000][7][gc,age      ] GC(104) - age  15:       3144 bytes,     847848 total
[2021-05-01T13:53:33.042+0000][7][gc,phases   ] GC(104)   Pre Evacuate Collection Set: 0.1ms
[2021-05-01T13:53:33.042+0000][7][gc,phases   ] GC(104)   Merge Heap Roots: 0.0ms
[2021-05-01T13:53:33.042+0000][7][gc,phases   ] GC(104)   Evacuate Collection Set: 1.0ms
[2021-05-01T13:53:33.042+0000][7][gc,phases   ] GC(104)   Post Evacuate Collection Set: 0.5ms
[2021-05-01T13:53:33.042+0000][7][gc,phases   ] GC(104)   Other: 0.2ms
[2021-05-01T13:53:33.042+0000][7][gc,heap     ] GC(104) Eden regions: 22->0(22)
[2021-05-01T13:53:33.042+0000][7][gc,heap     ] GC(104) Survivor regions: 1->1(3)
[2021-05-01T13:53:33.042+0000][7][gc,heap     ] GC(104) Old regions: 26->26
[2021-05-01T13:53:33.042+0000][7][gc,heap     ] GC(104) Archive regions: 2->2
[2021-05-01T13:53:33.042+0000][7][gc,heap     ] GC(104) Humongous regions: 2->2
[2021-05-01T13:53:33.042+0000][7][gc,metaspace] GC(104) Metaspace: 107743K(112260K)->107743K(112260K) NonClass: 93847K(97080K)->93847K(97080K) Class: 13896K(15180K)->13896K(15180K)
[2021-05-01T13:53:33.042+0000][7][gc          ] GC(104) Pause Young (Normal) (G1 Evacuation Pause) 202M->114M(256M) 1.902ms
[2021-05-01T13:53:33.042+0000][7][gc,cpu      ] GC(104) User=0.01s Sys=0.00s Real=0.00s
[2021-05-01T13:53:33.042+0000][7][safepoint   ] Safepoint "G1CollectForAllocation", Time since last: 17868857796 ns, Reaching safepoint: 169616 ns, At safepoint: 1972060 ns, Total: 2141676 ns
[2021-05-01T13:54:11.052+0000][7][safepoint   ] Safepoint "Cleanup", Time since last: 38009758981 ns, Reaching safepoint: 81275 ns, At safepoint: 6475 ns, Total: 87750 ns
[2021-05-01T13:54:15.054+0000][7][safepoint   ] Safepoint "Cleanup", Time since last: 4001414007 ns, Reaching safepoint: 68725 ns, At safepoint: 6451 ns, Total: 75176 ns
[2021-05-01T13:55:36.074+0000][7][safepoint   ] Safepoint "Cleanup", Time since last: 81020177014 ns, Reaching safepoint: 83931 ns, At safepoint: 6423 ns, Total: 90354 ns
[2021-05-01T13:55:48.899+0000][7][gc,start    ] GC(105) Pause Young (Concurrent Start) (G1 Evacuation Pause)
[2021-05-01T13:55:48.899+0000][7][gc,task     ] GC(105) Using 6 workers of 8 for evacuation
[2021-05-01T13:55:48.899+0000][7][gc,age      ] GC(105) Desired survivor size 6291456 bytes, new threshold 15 (max threshold 15)
[2021-05-01T13:55:48.901+0000][7][gc,age      ] GC(105) Age table with threshold 15 (max threshold 15)
[2021-05-01T13:55:48.901+0000][7][gc,age      ] GC(105) - age   1:     510792 bytes,     510792 total
[2021-05-01T13:55:48.901+0000][7][gc,age      ] GC(105) - age   2:     306096 bytes,     816888 total
[2021-05-01T13:55:48.901+0000][7][gc,age      ] GC(105) - age   3:       1544 bytes,     818432 total
[2021-05-01T13:55:48.901+0000][7][gc,age      ] GC(105) - age   4:       1952 bytes,     820384 total
[2021-05-01T13:55:48.901+0000][7][gc,age      ] GC(105) - age   5:        480 bytes,     820864 total
[2021-05-01T13:55:48.901+0000][7][gc,age      ] GC(105) - age   6:        888 bytes,     821752 total
[2021-05-01T13:55:48.901+0000][7][gc,age      ] GC(105) - age   7:       2920 bytes,     824672 total
[2021-05-01T13:55:48.901+0000][7][gc,age      ] GC(105) - age   8:       3920 bytes,     828592 total
[2021-05-01T13:55:48.901+0000][7][gc,age      ] GC(105) - age   9:       4816 bytes,     833408 total
[2021-05-01T13:55:48.901+0000][7][gc,age      ] GC(105) - age  10:       1200 bytes,     834608 total
[2021-05-01T13:55:48.901+0000][7][gc,age      ] GC(105) - age  11:       4888 bytes,     839496 total
[2021-05-01T13:55:48.901+0000][7][gc,age      ] GC(105) - age  12:        936 bytes,     840432 total
[2021-05-01T13:55:48.901+0000][7][gc,age      ] GC(105) - age  13:        584 bytes,     841016 total
[2021-05-01T13:55:48.901+0000][7][gc,age      ] GC(105) - age  14:       3736 bytes,     844752 total
[2021-05-01T13:55:48.901+0000][7][gc,age      ] GC(105) - age  15:        640 bytes,     845392 total
[2021-05-01T13:55:48.901+0000][7][gc,phases   ] GC(105)   Pre Evacuate Collection Set: 0.1ms
[2021-05-01T13:55:48.901+0000][7][gc,phases   ] GC(105)   Merge Heap Roots: 0.0ms
[2021-05-01T13:55:48.901+0000][7][gc,phases   ] GC(105)   Evacuate Collection Set: 1.1ms
[2021-05-01T13:55:48.901+0000][7][gc,phases   ] GC(105)   Post Evacuate Collection Set: 0.6ms
[2021-05-01T13:55:48.901+0000][7][gc,phases   ] GC(105)   Other: 0.3ms
[2021-05-01T13:55:48.901+0000][7][gc,heap     ] GC(105) Eden regions: 22->0(22)
[2021-05-01T13:55:48.901+0000][7][gc,heap     ] GC(105) Survivor regions: 1->1(3)
[2021-05-01T13:55:48.901+0000][7][gc,heap     ] GC(105) Old regions: 26->26
[2021-05-01T13:55:48.901+0000][7][gc,heap     ] GC(105) Archive regions: 2->2
[2021-05-01T13:55:48.901+0000][7][gc,heap     ] GC(105) Humongous regions: 2->2
[2021-05-01T13:55:48.901+0000][7][gc,metaspace] GC(105) Metaspace: 107756K(112260K)->107756K(112260K) NonClass: 93860K(97080K)->93860K(97080K) Class: 13896K(15180K)->13896K(15180K)
[2021-05-01T13:55:48.901+0000][7][gc          ] GC(105) Pause Young (Concurrent Start) (G1 Evacuation Pause) 202M->114M(256M) 2.192ms
[2021-05-01T13:55:48.901+0000][7][gc,cpu      ] GC(105) User=0.01s Sys=0.00s Real=0.00s
[2021-05-01T13:55:48.901+0000][7][gc          ] GC(106) Concurrent Cycle
[2021-05-01T13:55:48.901+0000][7][safepoint   ] Safepoint "G1CollectForAllocation", Time since last: 12825081966 ns, Reaching safepoint: 151330 ns, At safepoint: 2268331 ns, Total: 2419661 ns
[2021-05-01T13:55:48.901+0000][7][gc,marking  ] GC(106) Concurrent Clear Claimed Marks
[2021-05-01T13:55:48.901+0000][7][gc,marking  ] GC(106) Concurrent Clear Claimed Marks 0.077ms
[2021-05-01T13:55:48.901+0000][7][gc,marking  ] GC(106) Concurrent Scan Root Regions
[2021-05-01T13:55:48.902+0000][7][gc,marking  ] GC(106) Concurrent Scan Root Regions 0.839ms
[2021-05-01T13:55:48.902+0000][7][gc,marking  ] GC(106) Concurrent Mark (6175.670s)
[2021-05-01T13:55:48.902+0000][7][gc,marking  ] GC(106) Concurrent Mark From Roots
[2021-05-01T13:55:48.902+0000][7][gc,task     ] GC(106) Using 2 workers of 2 for marking
[2021-05-01T13:55:48.986+0000][7][gc,marking  ] GC(106) Concurrent Mark From Roots 83.832ms
[2021-05-01T13:55:48.986+0000][7][gc,marking  ] GC(106) Concurrent Preclean
[2021-05-01T13:55:48.986+0000][7][gc,marking  ] GC(106) Concurrent Preclean 0.217ms
[2021-05-01T13:55:48.986+0000][7][gc,marking  ] GC(106) Concurrent Mark (6175.670s, 6175.754s) 84.097ms
[2021-05-01T13:55:48.987+0000][7][gc,start    ] GC(106) Pause Remark
[2021-05-01T13:55:48.992+0000][7][gc          ] GC(106) Pause Remark 114M->114M(256M) 5.217ms
[2021-05-01T13:55:48.992+0000][7][gc,cpu      ] GC(106) User=0.03s Sys=0.00s Real=0.01s
[2021-05-01T13:55:48.992+0000][7][safepoint   ] Safepoint "G1Concurrent", Time since last: 85070096 ns, Reaching safepoint: 100079 ns, At safepoint: 5293485 ns, Total: 5393564 ns
[2021-05-01T13:55:48.992+0000][7][gc,marking  ] GC(106) Concurrent Rebuild Remembered Sets
[2021-05-01T13:55:49.045+0000][7][gc,marking  ] GC(106) Concurrent Rebuild Remembered Sets 53.138ms
[2021-05-01T13:55:49.045+0000][7][gc,start    ] GC(106) Pause Cleanup
[2021-05-01T13:55:49.045+0000][7][gc          ] GC(106) Pause Cleanup 114M->114M(256M) 0.061ms
[2021-05-01T13:55:49.045+0000][7][gc,cpu      ] GC(106) User=0.00s Sys=0.00s Real=0.00s
[2021-05-01T13:55:49.045+0000][7][safepoint   ] Safepoint "G1Concurrent", Time since last: 53250588 ns, Reaching safepoint: 96135 ns, At safepoint: 100934 ns, Total: 197069 ns
[2021-05-01T13:55:49.045+0000][7][gc,marking  ] GC(106) Concurrent Cleanup for Next Mark
[2021-05-01T13:55:49.045+0000][7][gc,marking  ] GC(106) Concurrent Cleanup for Next Mark 0.135ms
[2021-05-01T13:55:49.045+0000][7][gc          ] GC(106) Concurrent Cycle 144.088ms
[2021-05-01T13:56:12.051+0000][7][safepoint   ] Safepoint "Cleanup", Time since last: 23005925623 ns, Reaching safepoint: 89269 ns, At safepoint: 5394 ns, Total: 94663 ns
[2021-05-01T13:56:13.051+0000][7][safepoint   ] Safepoint "Cleanup", Time since last: 1000141472 ns, Reaching safepoint: 76748 ns, At safepoint: 6193 ns, Total: 82941 ns
[2021-05-01T13:56:18.053+0000][7][safepoint   ] Safepoint "Cleanup", Time since last: 5001791564 ns, Reaching safepoint: 116098 ns, At safepoint: 4872 ns, Total: 120970 ns
[2021-05-01T13:56:42.060+0000][7][safepoint   ] Safepoint "Cleanup", Time since last: 24006168456 ns, Reaching safepoint: 80595 ns, At safepoint: 5474 ns, Total: 86069 ns
[2021-05-01T13:56:48.062+0000][7][safepoint   ] Safepoint "Cleanup", Time since last: 6002046592 ns, Reaching safepoint: 108040 ns, At safepoint: 5776 ns, Total: 113816 ns
[2021-05-01T13:57:43.076+0000][7][safepoint   ] Safepoint "Cleanup", Time since last: 55014475605 ns, Reaching safepoint: 105071 ns, At safepoint: 5477 ns, Total: 110548 ns
[2021-05-01T13:58:12.086+0000][7][safepoint   ] Safepoint "Cleanup", Time since last: 29009557205 ns, Reaching safepoint: 102764 ns, At safepoint: 5992 ns, Total: 108756 ns
[2021-05-01T13:58:13.145+0000][7][gc,start    ] GC(107) Pause Young (Normal) (G1 Evacuation Pause)
[2021-05-01T13:58:13.145+0000][7][gc,task     ] GC(107) Using 6 workers of 8 for evacuation
[2021-05-01T13:58:13.145+0000][7][gc,age      ] GC(107) Desired survivor size 6291456 bytes, new threshold 15 (max threshold 15)
[2021-05-01T13:58:13.147+0000][7][gc,age      ] GC(107) Age table with threshold 15 (max threshold 15)
[2021-05-01T13:58:13.147+0000][7][gc,age      ] GC(107) - age   1:     506848 bytes,     506848 total
[2021-05-01T13:58:13.147+0000][7][gc,age      ] GC(107) - age   2:       3472 bytes,     510320 total
[2021-05-01T13:58:13.147+0000][7][gc,age      ] GC(107) - age   3:     184488 bytes,     694808 total
[2021-05-01T13:58:13.147+0000][7][gc,age      ] GC(107) - age   4:       1424 bytes,     696232 total
[2021-05-01T13:58:13.147+0000][7][gc,age      ] GC(107) - age   5:       1952 bytes,     698184 total
[2021-05-01T13:58:13.147+0000][7][gc,age      ] GC(107) - age   6:        480 bytes,     698664 total
[2021-05-01T13:58:13.147+0000][7][gc,age      ] GC(107) - age   7:        680 bytes,     699344 total
[2021-05-01T13:58:13.147+0000][7][gc,age      ] GC(107) - age   8:       2824 bytes,     702168 total
[2021-05-01T13:58:13.147+0000][7][gc,age      ] GC(107) - age   9:       3920 bytes,     706088 total
[2021-05-01T13:58:13.147+0000][7][gc,age      ] GC(107) - age  10:       4816 bytes,     710904 total
[2021-05-01T13:58:13.147+0000][7][gc,age      ] GC(107) - age  11:       1200 bytes,     712104 total
[2021-05-01T13:58:13.147+0000][7][gc,age      ] GC(107) - age  12:       4888 bytes,     716992 total
[2021-05-01T13:58:13.147+0000][7][gc,age      ] GC(107) - age  13:        896 bytes,     717888 total
[2021-05-01T13:58:13.147+0000][7][gc,age      ] GC(107) - age  14:        584 bytes,     718472 total
[2021-05-01T13:58:13.147+0000][7][gc,age      ] GC(107) - age  15:       3736 bytes,     722208 total
[2021-05-01T13:58:13.147+0000][7][gc,phases   ] GC(107)   Pre Evacuate Collection Set: 0.1ms
[2021-05-01T13:58:13.147+0000][7][gc,phases   ] GC(107)   Merge Heap Roots: 0.1ms
[2021-05-01T13:58:13.147+0000][7][gc,phases   ] GC(107)   Evacuate Collection Set: 1.0ms
[2021-05-01T13:58:13.147+0000][7][gc,phases   ] GC(107)   Post Evacuate Collection Set: 0.5ms
[2021-05-01T13:58:13.147+0000][7][gc,phases   ] GC(107)   Other: 0.2ms
[2021-05-01T13:58:13.147+0000][7][gc,heap     ] GC(107) Eden regions: 22->0(22)
[2021-05-01T13:58:13.147+0000][7][gc,heap     ] GC(107) Survivor regions: 1->1(3)
[2021-05-01T13:58:13.147+0000][7][gc,heap     ] GC(107) Old regions: 26->26
[2021-05-01T13:58:13.147+0000][7][gc,heap     ] GC(107) Archive regions: 2->2
[2021-05-01T13:58:13.147+0000][7][gc,heap     ] GC(107) Humongous regions: 2->2
[2021-05-01T13:58:13.147+0000][7][gc,metaspace] GC(107) Metaspace: 107762K(112260K)->107762K(112260K) NonClass: 93866K(97080K)->93866K(97080K) Class: 13896K(15180K)->13896K(15180K)
[2021-05-01T13:58:13.147+0000][7][gc          ] GC(107) Pause Young (Normal) (G1 Evacuation Pause) 202M->114M(256M) 1.891ms
[2021-05-01T13:58:13.147+0000][7][gc,cpu      ] GC(107) User=0.01s Sys=0.00s Real=0.01s
[2021-05-01T13:58:13.147+0000][7][safepoint   ] Safepoint "G1CollectForAllocation", Time since last: 1059085882 ns, Reaching safepoint: 141542 ns, At safepoint: 1958520 ns, Total: 2100062 ns
[2021-05-01T13:58:15.148+0000][7][safepoint   ] Safepoint "Cleanup", Time since last: 2000546796 ns, Reaching safepoint: 134799 ns, At safepoint: 10703 ns, Total: 145502 ns
[2021-05-01T13:58:21.149+0000][7][safepoint   ] Safepoint "Cleanup", Time since last: 6001192874 ns, Reaching safepoint: 219768 ns, At safepoint: 9725 ns, Total: 229493 ns
[2021-05-01T13:58:48.158+0000][7][safepoint   ] Safepoint "Cleanup", Time since last: 27008938963 ns, Reaching safepoint: 84544 ns, At safepoint: 7021 ns, Total: 91565 ns
[2021-05-01T13:58:52.159+0000][7][safepoint   ] Safepoint "Cleanup", Time since last: 4000981770 ns, Reaching safepoint: 96003 ns, At safepoint: 8391 ns, Total: 104394 ns
[2021-05-01T13:59:12.166+0000][7][safepoint   ] Safepoint "Cleanup", Time since last: 20006123872 ns, Reaching safepoint: 98403 ns, At safepoint: 7534 ns, Total: 105937 ns
[2021-05-01T13:59:15.167+0000][7][safepoint   ] Safepoint "Cleanup", Time since last: 3001164199 ns, Reaching safepoint: 175721 ns, At safepoint: 7509 ns, Total: 183230 ns
[2021-05-01T13:59:44.175+0000][7][safepoint   ] Safepoint "Cleanup", Time since last: 29007965916 ns, Reaching safepoint: 99521 ns, At safepoint: 7785 ns, Total: 107306 ns
[2021-05-01T13:59:55.980+0000][7][safepoint   ] Safepoint "Cleanup", Time since last: 11805013826 ns, Reaching safepoint: 91965 ns, At safepoint: 5091 ns, Total: 97056 ns
[2021-05-01T14:00:13.986+0000][7][safepoint   ] Safepoint "Cleanup", Time since last: 18005560597 ns, Reaching safepoint: 109892 ns, At safepoint: 5389 ns, Total: 115281 ns
[2021-05-01T14:00:17.817+0000][7][gc,start    ] GC(108) Pause Young (Concurrent Start) (G1 Evacuation Pause)
[2021-05-01T14:00:17.818+0000][7][gc,task     ] GC(108) Using 6 workers of 8 for evacuation
[2021-05-01T14:00:17.818+0000][7][gc,age      ] GC(108) Desired survivor size 6291456 bytes, new threshold 15 (max threshold 15)
[2021-05-01T14:00:17.819+0000][7][gc,age      ] GC(108) Age table with threshold 15 (max threshold 15)
[2021-05-01T14:00:17.819+0000][7][gc,age      ] GC(108) - age   1:     516056 bytes,     516056 total
[2021-05-01T14:00:17.819+0000][7][gc,age      ] GC(108) - age   2:       1352 bytes,     517408 total
[2021-05-01T14:00:17.819+0000][7][gc,age      ] GC(108) - age   3:       3160 bytes,     520568 total
[2021-05-01T14:00:17.819+0000][7][gc,age      ] GC(108) - age   4:     184168 bytes,     704736 total
[2021-05-01T14:00:17.819+0000][7][gc,age      ] GC(108) - age   5:       1424 bytes,     706160 total
[2021-05-01T14:00:17.819+0000][7][gc,age      ] GC(108) - age   6:       1952 bytes,     708112 total
[2021-05-01T14:00:17.819+0000][7][gc,age      ] GC(108) - age   7:        480 bytes,     708592 total
[2021-05-01T14:00:17.819+0000][7][gc,age      ] GC(108) - age   8:        680 bytes,     709272 total
[2021-05-01T14:00:17.819+0000][7][gc,age      ] GC(108) - age   9:       2824 bytes,     712096 total
[2021-05-01T14:00:17.819+0000][7][gc,age      ] GC(108) - age  10:       3920 bytes,     716016 total
[2021-05-01T14:00:17.819+0000][7][gc,age      ] GC(108) - age  11:       4816 bytes,     720832 total
[2021-05-01T14:00:17.819+0000][7][gc,age      ] GC(108) - age  12:       1200 bytes,     722032 total
[2021-05-01T14:00:17.819+0000][7][gc,age      ] GC(108) - age  13:       4888 bytes,     726920 total
[2021-05-01T14:00:17.819+0000][7][gc,age      ] GC(108) - age  14:        896 bytes,     727816 total
[2021-05-01T14:00:17.819+0000][7][gc,age      ] GC(108) - age  15:        584 bytes,     728400 total
[2021-05-01T14:00:17.819+0000][7][gc,phases   ] GC(108)   Pre Evacuate Collection Set: 0.1ms
[2021-05-01T14:00:17.819+0000][7][gc,phases   ] GC(108)   Merge Heap Roots: 0.0ms
[2021-05-01T14:00:17.819+0000][7][gc,phases   ] GC(108)   Evacuate Collection Set: 0.9ms
[2021-05-01T14:00:17.819+0000][7][gc,phases   ] GC(108)   Post Evacuate Collection Set: 0.4ms
[2021-05-01T14:00:17.819+0000][7][gc,phases   ] GC(108)   Other: 0.2ms
[2021-05-01T14:00:17.819+0000][7][gc,heap     ] GC(108) Eden regions: 22->0(22)
[2021-05-01T14:00:17.819+0000][7][gc,heap     ] GC(108) Survivor regions: 1->1(3)
[2021-05-01T14:00:17.819+0000][7][gc,heap     ] GC(108) Old regions: 26->26
[2021-05-01T14:00:17.819+0000][7][gc,heap     ] GC(108) Archive regions: 2->2
[2021-05-01T14:00:17.819+0000][7][gc,heap     ] GC(108) Humongous regions: 2->2
[2021-05-01T14:00:17.819+0000][7][gc,metaspace] GC(108) Metaspace: 107765K(112260K)->107765K(112260K) NonClass: 93869K(97080K)->93869K(97080K) Class: 13896K(15180K)->13896K(15180K)
[2021-05-01T14:00:17.819+0000][7][gc          ] GC(108) Pause Young (Concurrent Start) (G1 Evacuation Pause) 202M->114M(256M) 1.704ms
[2021-05-01T14:00:17.819+0000][7][gc,cpu      ] GC(108) User=0.01s Sys=0.00s Real=0.01s
[2021-05-01T14:00:17.819+0000][7][gc          ] GC(109) Concurrent Cycle
[2021-05-01T14:00:17.819+0000][7][safepoint   ] Safepoint "G1CollectForAllocation", Time since last: 3831446809 ns, Reaching safepoint: 99935 ns, At safepoint: 1770596 ns, Total: 1870531 ns
[2021-05-01T14:00:17.819+0000][7][gc,marking  ] GC(109) Concurrent Clear Claimed Marks
[2021-05-01T14:00:17.819+0000][7][gc,marking  ] GC(109) Concurrent Clear Claimed Marks 0.065ms
[2021-05-01T14:00:17.819+0000][7][gc,marking  ] GC(109) Concurrent Scan Root Regions
[2021-05-01T14:00:17.820+0000][7][gc,marking  ] GC(109) Concurrent Scan Root Regions 1.135ms
[2021-05-01T14:00:17.820+0000][7][gc,marking  ] GC(109) Concurrent Mark (6444.588s)
[2021-05-01T14:00:17.820+0000][7][gc,marking  ] GC(109) Concurrent Mark From Roots
[2021-05-01T14:00:17.820+0000][7][gc,task     ] GC(109) Using 2 workers of 2 for marking
[2021-05-01T14:00:17.906+0000][7][gc,marking  ] GC(109) Concurrent Mark From Roots 85.191ms
[2021-05-01T14:00:17.906+0000][7][gc,marking  ] GC(109) Concurrent Preclean
[2021-05-01T14:00:17.906+0000][7][gc,marking  ] GC(109) Concurrent Preclean 0.197ms
[2021-05-01T14:00:17.906+0000][7][gc,marking  ] GC(109) Concurrent Mark (6444.588s, 6444.674s) 85.439ms
[2021-05-01T14:00:17.906+0000][7][gc,start    ] GC(109) Pause Remark
[2021-05-01T14:00:17.911+0000][7][gc          ] GC(109) Pause Remark 114M->114M(256M) 5.390ms
[2021-05-01T14:00:17.911+0000][7][gc,cpu      ] GC(109) User=0.03s Sys=0.00s Real=0.01s
[2021-05-01T14:00:17.912+0000][7][safepoint   ] Safepoint "G1Concurrent", Time since last: 86734101 ns, Reaching safepoint: 77843 ns, At safepoint: 5461895 ns, Total: 5539738 ns
[2021-05-01T14:00:17.912+0000][7][gc,marking  ] GC(109) Concurrent Rebuild Remembered Sets
[2021-05-01T14:00:17.964+0000][7][gc,marking  ] GC(109) Concurrent Rebuild Remembered Sets 52.840ms
[2021-05-01T14:00:17.965+0000][7][gc,start    ] GC(109) Pause Cleanup
[2021-05-01T14:00:17.965+0000][7][gc          ] GC(109) Pause Cleanup 114M->114M(256M) 0.138ms
[2021-05-01T14:00:17.965+0000][7][gc,cpu      ] GC(109) User=0.00s Sys=0.00s Real=0.00s
[2021-05-01T14:00:17.965+0000][7][safepoint   ] Safepoint "G1Concurrent", Time since last: 52985545 ns, Reaching safepoint: 144959 ns, At safepoint: 185923 ns, Total: 330882 ns
[2021-05-01T14:00:17.965+0000][7][gc,marking  ] GC(109) Concurrent Cleanup for Next Mark
[2021-05-01T14:00:17.965+0000][7][gc,marking  ] GC(109) Concurrent Cleanup for Next Mark 0.130ms
[2021-05-01T14:00:17.965+0000][7][gc          ] GC(109) Concurrent Cycle 145.792ms
[2021-05-01T14:00:44.971+0000][7][safepoint   ] Safepoint "Cleanup", Time since last: 27006393677 ns, Reaching safepoint: 127574 ns, At safepoint: 7625 ns, Total: 135199 ns
[2021-05-01T14:00:47.972+0000][7][safepoint   ] Safepoint "Cleanup", Time since last: 3000369001 ns, Reaching safepoint: 66372 ns, At safepoint: 6168 ns, Total: 72540 ns
[2021-05-01T14:18:06.344+0000][7][safepoint   ] Safepoint "Cleanup", Time since last: 18111202523 ns, Reaching safepoint: 65818 ns, At safepoint: 7370 ns, Total: 73188 ns
[2021-05-01T14:18:15.345+0000][7][safepoint   ] Safepoint "Cleanup", Time since last: 9001061382 ns, Reaching safepoint: 123564 ns, At safepoint: 7767 ns, Total: 131331 ns
[2021-05-01T14:18:18.345+0000][7][safepoint   ] Safepoint "Cleanup", Time since last: 3000265879 ns, Reaching safepoint: 110085 ns, At safepoint: 6209 ns, Total: 116294 ns
[2021-05-01T14:18:46.251+0000][7][safepoint   ] Safepoint "Cleanup", Time since last: 27002482687 ns, Reaching safepoint: 73990 ns, At safepoint: 5851 ns, Total: 79841 ns
[2021-05-01T14:18:49.252+0000][7][safepoint   ] Safepoint "Cleanup", Time since last: 3000224194 ns, Reaching safepoint: 59704 ns, At safepoint: 4507 ns, Total: 64211 ns
[2021-05-01T14:19:07.254+0000][7][safepoint   ] Safepoint "Cleanup", Time since last: 18002517300 ns, Reaching safepoint: 168319 ns, At safepoint: 9419 ns, Total: 177738 ns
[2021-05-01T14:19:10.255+0000][7][safepoint   ] Safepoint "Cleanup", Time since last: 3000386341 ns, Reaching safepoint: 71494 ns, At safepoint: 6440 ns, Total: 77934 ns
[2021-05-01T14:19:13.914+0000][7][gc,start    ] GC(110) Pause Young (Normal) (G1 Evacuation Pause)
[2021-05-01T14:19:13.914+0000][7][gc,task     ] GC(110) Using 6 workers of 8 for evacuation
[2021-05-01T14:19:13.914+0000][7][gc,age      ] GC(110) Desired survivor size 6291456 bytes, new threshold 15 (max threshold 15)
[2021-05-01T14:19:13.915+0000][7][gc,age      ] GC(110) Age table with threshold 15 (max threshold 15)
[2021-05-01T14:19:13.915+0000][7][gc,age      ] GC(110) - age   1:     776216 bytes,     776216 total
[2021-05-01T14:19:13.915+0000][7][gc,age      ] GC(110) - age   2:       2560 bytes,     778776 total
[2021-05-01T14:19:13.915+0000][7][gc,age      ] GC(110) - age   3:       1320 bytes,     780096 total
[2021-05-01T14:19:13.915+0000][7][gc,age      ] GC(110) - age   4:       2824 bytes,     782920 total
[2021-05-01T14:19:13.915+0000][7][gc,age      ] GC(110) - age   5:       8960 bytes,     791880 total
[2021-05-01T14:19:13.915+0000][7][gc,age      ] GC(110) - age   6:       1424 bytes,     793304 total
[2021-05-01T14:19:13.915+0000][7][gc,age      ] GC(110) - age   7:       1952 bytes,     795256 total
[2021-05-01T14:19:13.915+0000][7][gc,age      ] GC(110) - age   8:        480 bytes,     795736 total
[2021-05-01T14:19:13.915+0000][7][gc,age      ] GC(110) - age   9:        656 bytes,     796392 total
[2021-05-01T14:19:13.915+0000][7][gc,age      ] GC(110) - age  10:       1848 bytes,     798240 total
[2021-05-01T14:19:13.915+0000][7][gc,age      ] GC(110) - age  11:       3920 bytes,     802160 total
[2021-05-01T14:19:13.915+0000][7][gc,age      ] GC(110) - age  12:       4816 bytes,     806976 total
[2021-05-01T14:19:13.915+0000][7][gc,age      ] GC(110) - age  13:       1200 bytes,     808176 total
[2021-05-01T14:19:13.915+0000][7][gc,age      ] GC(110) - age  14:       4888 bytes,     813064 total
[2021-05-01T14:19:13.915+0000][7][gc,age      ] GC(110) - age  15:        624 bytes,     813688 total
[2021-05-01T14:19:13.915+0000][7][gc,phases   ] GC(110)   Pre Evacuate Collection Set: 0.1ms
[2021-05-01T14:19:13.915+0000][7][gc,phases   ] GC(110)   Merge Heap Roots: 0.1ms
[2021-05-01T14:19:13.915+0000][7][gc,phases   ] GC(110)   Evacuate Collection Set: 0.8ms
[2021-05-01T14:19:13.915+0000][7][gc,phases   ] GC(110)   Post Evacuate Collection Set: 0.3ms
[2021-05-01T14:19:13.915+0000][7][gc,phases   ] GC(110)   Other: 0.3ms
[2021-05-01T14:19:13.915+0000][7][gc,heap     ] GC(110) Eden regions: 22->0(22)
[2021-05-01T14:19:13.915+0000][7][gc,heap     ] GC(110) Survivor regions: 1->1(3)
[2021-05-01T14:19:13.915+0000][7][gc,heap     ] GC(110) Old regions: 26->26
[2021-05-01T14:19:13.915+0000][7][gc,heap     ] GC(110) Archive regions: 2->2
[2021-05-01T14:19:13.915+0000][7][gc,heap     ] GC(110) Humongous regions: 2->2
[2021-05-01T14:19:13.915+0000][7][gc,metaspace] GC(110) Metaspace: 107811K(112260K)->107811K(112260K) NonClass: 93915K(97080K)->93915K(97080K) Class: 13896K(15180K)->13896K(15180K)
[2021-05-01T14:19:13.915+0000][7][gc          ] GC(110) Pause Young (Normal) (G1 Evacuation Pause) 202M->114M(256M) 1.559ms
[2021-05-01T14:19:13.915+0000][7][gc,cpu      ] GC(110) User=0.01s Sys=0.01s Real=0.00s
[2021-05-01T14:19:13.915+0000][7][safepoint   ] Safepoint "G1CollectForAllocation", Time since last: 3658800662 ns, Reaching safepoint: 114864 ns, At safepoint: 1619133 ns, Total: 1733997 ns
[2021-05-01T14:19:15.916+0000][7][safepoint   ] Safepoint "Cleanup", Time since last: 2000245110 ns, Reaching safepoint: 151135 ns, At safepoint: 6898 ns, Total: 158033 ns
[2021-05-01T14:20:15.924+0000][7][safepoint   ] Safepoint "Cleanup", Time since last: 60008430177 ns, Reaching safepoint: 149597 ns, At safepoint: 6186 ns, Total: 155783 ns
[2021-05-01T14:20:16.925+0000][7][safepoint   ] Safepoint "Cleanup", Time since last: 1000351031 ns, Reaching safepoint: 119375 ns, At safepoint: 7034 ns, Total: 126409 ns
[2021-05-01T14:21:19.032+0000][7][gc,start    ] GC(111) Pause Young (Concurrent Start) (G1 Evacuation Pause)
[2021-05-01T14:21:19.033+0000][7][gc,task     ] GC(111) Using 6 workers of 8 for evacuation
[2021-05-01T14:21:19.033+0000][7][gc,age      ] GC(111) Desired survivor size 6291456 bytes, new threshold 15 (max threshold 15)
[2021-05-01T14:21:19.034+0000][7][gc,age      ] GC(111) Age table with threshold 15 (max threshold 15)
[2021-05-01T14:21:19.034+0000][7][gc,age      ] GC(111) - age   1:     612608 bytes,     612608 total
[2021-05-01T14:21:19.034+0000][7][gc,age      ] GC(111) - age   2:     272912 bytes,     885520 total
[2021-05-01T14:21:19.034+0000][7][gc,age      ] GC(111) - age   3:       2280 bytes,     887800 total
[2021-05-01T14:21:19.034+0000][7][gc,age      ] GC(111) - age   4:        984 bytes,     888784 total
[2021-05-01T14:21:19.034+0000][7][gc,age      ] GC(111) - age   5:       2784 bytes,     891568 total
[2021-05-01T14:21:19.034+0000][7][gc,age      ] GC(111) - age   6:       6424 bytes,     897992 total
[2021-05-01T14:21:19.034+0000][7][gc,age      ] GC(111) - age   7:       1424 bytes,     899416 total
[2021-05-01T14:21:19.034+0000][7][gc,age      ] GC(111) - age   8:       1952 bytes,     901368 total
[2021-05-01T14:21:19.034+0000][7][gc,age      ] GC(111) - age   9:        480 bytes,     901848 total
[2021-05-01T14:21:19.034+0000][7][gc,age      ] GC(111) - age  10:        656 bytes,     902504 total
[2021-05-01T14:21:19.034+0000][7][gc,age      ] GC(111) - age  11:       1848 bytes,     904352 total
[2021-05-01T14:21:19.034+0000][7][gc,age      ] GC(111) - age  12:       3920 bytes,     908272 total
[2021-05-01T14:21:19.034+0000][7][gc,age      ] GC(111) - age  13:       4816 bytes,     913088 total
[2021-05-01T14:21:19.034+0000][7][gc,age      ] GC(111) - age  14:       1200 bytes,     914288 total
[2021-05-01T14:21:19.034+0000][7][gc,age      ] GC(111) - age  15:       4720 bytes,     919008 total
[2021-05-01T14:21:19.034+0000][7][gc,phases   ] GC(111)   Pre Evacuate Collection Set: 0.1ms
[2021-05-01T14:21:19.034+0000][7][gc,phases   ] GC(111)   Merge Heap Roots: 0.0ms
[2021-05-01T14:21:19.034+0000][7][gc,phases   ] GC(111)   Evacuate Collection Set: 0.9ms
[2021-05-01T14:21:19.034+0000][7][gc,phases   ] GC(111)   Post Evacuate Collection Set: 0.5ms
[2021-05-01T14:21:19.034+0000][7][gc,phases   ] GC(111)   Other: 0.2ms
[2021-05-01T14:21:19.034+0000][7][gc,heap     ] GC(111) Eden regions: 22->0(22)
[2021-05-01T14:21:19.034+0000][7][gc,heap     ] GC(111) Survivor regions: 1->1(3)
[2021-05-01T14:21:19.034+0000][7][gc,heap     ] GC(111) Old regions: 26->26
[2021-05-01T14:21:19.034+0000][7][gc,heap     ] GC(111) Archive regions: 2->2
[2021-05-01T14:21:19.034+0000][7][gc,heap     ] GC(111) Humongous regions: 2->2
[2021-05-01T14:21:19.034+0000][7][gc,metaspace] GC(111) Metaspace: 107812K(112260K)->107812K(112260K) NonClass: 93916K(97080K)->93916K(97080K) Class: 13896K(15180K)->13896K(15180K)
[2021-05-01T14:21:19.034+0000][7][gc          ] GC(111) Pause Young (Concurrent Start) (G1 Evacuation Pause) 202M->114M(256M) 1.840ms
[2021-05-01T14:21:19.034+0000][7][gc,cpu      ] GC(111) User=0.01s Sys=0.01s Real=0.00s
[2021-05-01T14:21:19.034+0000][7][safepoint   ] Safepoint "G1CollectForAllocation", Time since last: 62107343961 ns, Reaching safepoint: 199641 ns, At safepoint: 1904924 ns, Total: 2104565 ns
[2021-05-01T14:21:19.034+0000][7][gc          ] GC(112) Concurrent Cycle
[2021-05-01T14:21:19.034+0000][7][gc,marking  ] GC(112) Concurrent Clear Claimed Marks
[2021-05-01T14:21:19.034+0000][7][gc,marking  ] GC(112) Concurrent Clear Claimed Marks 0.065ms
[2021-05-01T14:21:19.034+0000][7][gc,marking  ] GC(112) Concurrent Scan Root Regions
[2021-05-01T14:21:19.036+0000][7][gc,marking  ] GC(112) Concurrent Scan Root Regions 1.633ms
[2021-05-01T14:21:19.036+0000][7][gc,marking  ] GC(112) Concurrent Mark (6684.640s)
[2021-05-01T14:21:19.036+0000][7][gc,marking  ] GC(112) Concurrent Mark From Roots
[2021-05-01T14:21:19.036+0000][7][gc,task     ] GC(112) Using 2 workers of 2 for marking
[2021-05-01T14:21:19.119+0000][7][gc,marking  ] GC(112) Concurrent Mark From Roots 83.178ms
[2021-05-01T14:21:19.119+0000][7][gc,marking  ] GC(112) Concurrent Preclean
[2021-05-01T14:21:19.120+0000][7][gc,marking  ] GC(112) Concurrent Preclean 0.225ms
[2021-05-01T14:21:19.120+0000][7][gc,marking  ] GC(112) Concurrent Mark (6684.640s, 6684.723s) 83.453ms
[2021-05-01T14:21:19.120+0000][7][gc,start    ] GC(112) Pause Remark
[2021-05-01T14:21:19.126+0000][7][gc          ] GC(112) Pause Remark 116M->116M(256M) 5.901ms
[2021-05-01T14:21:19.126+0000][7][gc,cpu      ] GC(112) User=0.03s Sys=0.00s Real=0.01s
[2021-05-01T14:21:19.126+0000][7][safepoint   ] Safepoint "G1Concurrent", Time since last: 85292203 ns, Reaching safepoint: 158224 ns, At safepoint: 5979019 ns, Total: 6137243 ns
[2021-05-01T14:21:19.126+0000][7][gc,marking  ] GC(112) Concurrent Rebuild Remembered Sets
[2021-05-01T14:21:19.185+0000][7][gc,marking  ] GC(112) Concurrent Rebuild Remembered Sets 59.317ms
[2021-05-01T14:21:19.185+0000][7][gc,start    ] GC(112) Pause Cleanup
[2021-05-01T14:21:19.185+0000][7][gc          ] GC(112) Pause Cleanup 116M->116M(256M) 0.070ms
[2021-05-01T14:21:19.185+0000][7][gc,cpu      ] GC(112) User=0.00s Sys=0.00s Real=0.00s
[2021-05-01T14:21:19.185+0000][7][safepoint   ] Safepoint "G1Concurrent", Time since last: 59460653 ns, Reaching safepoint: 95499 ns, At safepoint: 144847 ns, Total: 240346 ns
[2021-05-01T14:21:19.186+0000][7][gc,marking  ] GC(112) Concurrent Cleanup for Next Mark
[2021-05-01T14:21:19.186+0000][7][gc,marking  ] GC(112) Concurrent Cleanup for Next Mark 0.161ms
[2021-05-01T14:21:19.186+0000][7][gc          ] GC(112) Concurrent Cycle 151.351ms
[2021-05-01T14:22:06.192+0000][7][safepoint   ] Safepoint "Cleanup", Time since last: 47005968942 ns, Reaching safepoint: 122235 ns, At safepoint: 7218 ns, Total: 129453 ns
[2021-05-01T14:22:16.194+0000][7][safepoint   ] Safepoint "Cleanup", Time since last: 10002085555 ns, Reaching safepoint: 88393 ns, At safepoint: 8524 ns, Total: 96917 ns
[2021-05-01T14:23:10.787+0000][7][gc,start    ] GC(113) Pause Young (Normal) (G1 Evacuation Pause)
[2021-05-01T14:23:10.787+0000][7][gc,task     ] GC(113) Using 6 workers of 8 for evacuation
[2021-05-01T14:23:10.787+0000][7][gc,age      ] GC(113) Desired survivor size 6291456 bytes, new threshold 15 (max threshold 15)
[2021-05-01T14:23:10.788+0000][7][gc,age      ] GC(113) Age table with threshold 15 (max threshold 15)
[2021-05-01T14:23:10.788+0000][7][gc,age      ] GC(113) - age   1:     719896 bytes,     719896 total
[2021-05-01T14:23:10.788+0000][7][gc,age      ] GC(113) - age   2:      10056 bytes,     729952 total
[2021-05-01T14:23:10.788+0000][7][gc,age      ] GC(113) - age   3:     117264 bytes,     847216 total
[2021-05-01T14:23:10.788+0000][7][gc,age      ] GC(113) - age   4:       2280 bytes,     849496 total
[2021-05-01T14:23:10.788+0000][7][gc,age      ] GC(113) - age   5:        984 bytes,     850480 total
[2021-05-01T14:23:10.788+0000][7][gc,age      ] GC(113) - age   6:       2760 bytes,     853240 total
[2021-05-01T14:23:10.788+0000][7][gc,age      ] GC(113) - age   7:       1496 bytes,     854736 total
[2021-05-01T14:23:10.788+0000][7][gc,age      ] GC(113) - age   8:       1424 bytes,     856160 total
[2021-05-01T14:23:10.789+0000][7][gc,age      ] GC(113) - age   9:       1952 bytes,     858112 total
[2021-05-01T14:23:10.789+0000][7][gc,age      ] GC(113) - age  10:        480 bytes,     858592 total
[2021-05-01T14:23:10.789+0000][7][gc,age      ] GC(113) - age  11:        656 bytes,     859248 total
[2021-05-01T14:23:10.789+0000][7][gc,age      ] GC(113) - age  12:       1848 bytes,     861096 total
[2021-05-01T14:23:10.789+0000][7][gc,age      ] GC(113) - age  13:       3920 bytes,     865016 total
[2021-05-01T14:23:10.789+0000][7][gc,age      ] GC(113) - age  14:       4816 bytes,     869832 total
[2021-05-01T14:23:10.789+0000][7][gc,age      ] GC(113) - age  15:       1200 bytes,     871032 total
[2021-05-01T14:23:10.789+0000][7][gc,phases   ] GC(113)   Pre Evacuate Collection Set: 0.0ms
[2021-05-01T14:23:10.789+0000][7][gc,phases   ] GC(113)   Merge Heap Roots: 0.0ms
[2021-05-01T14:23:10.789+0000][7][gc,phases   ] GC(113)   Evacuate Collection Set: 0.9ms
[2021-05-01T14:23:10.789+0000][7][gc,phases   ] GC(113)   Post Evacuate Collection Set: 0.4ms
[2021-05-01T14:23:10.789+0000][7][gc,phases   ] GC(113)   Other: 0.2ms
[2021-05-01T14:23:10.789+0000][7][gc,heap     ] GC(113) Eden regions: 22->0(22)
[2021-05-01T14:23:10.789+0000][7][gc,heap     ] GC(113) Survivor regions: 1->1(3)
[2021-05-01T14:23:10.789+0000][7][gc,heap     ] GC(113) Old regions: 26->26
[2021-05-01T14:23:10.789+0000][7][gc,heap     ] GC(113) Archive regions: 2->2
[2021-05-01T14:23:10.789+0000][7][gc,heap     ] GC(113) Humongous regions: 2->2
[2021-05-01T14:23:10.789+0000][7][gc,metaspace] GC(113) Metaspace: 107843K(112260K)->107843K(112260K) NonClass: 93947K(97080K)->93947K(97080K) Class: 13896K(15180K)->13896K(15180K)
[2021-05-01T14:23:10.789+0000][7][gc          ] GC(113) Pause Young (Normal) (G1 Evacuation Pause) 202M->114M(256M) 1.591ms
[2021-05-01T14:23:10.789+0000][7][gc,cpu      ] GC(113) User=0.01s Sys=0.01s Real=0.00s
[2021-05-01T14:23:10.789+0000][7][safepoint   ] Safepoint "G1CollectForAllocation", Time since last: 54593164622 ns, Reaching safepoint: 91294 ns, At safepoint: 1648946 ns, Total: 1740240 ns
[2021-05-01T14:23:13.789+0000][7][safepoint   ] Safepoint "Cleanup", Time since last: 3000361779 ns, Reaching safepoint: 270859 ns, At safepoint: 5325 ns, Total: 276184 ns
[2021-05-01T14:23:15.790+0000][7][safepoint   ] Safepoint "Cleanup", Time since last: 2000343365 ns, Reaching safepoint: 66162 ns, At safepoint: 5586 ns, Total: 71748 ns
[2021-05-01T14:25:16.809+0000][7][safepoint   ] Safepoint "Cleanup", Time since last: 121019658865 ns, Reaching safepoint: 75705 ns, At safepoint: 5093 ns, Total: 80798 ns
[2021-05-01T14:25:19.089+0000][7][gc,start    ] GC(114) Pause Young (Concurrent Start) (G1 Evacuation Pause)
[2021-05-01T14:25:19.089+0000][7][gc,task     ] GC(114) Using 6 workers of 8 for evacuation
[2021-05-01T14:25:19.089+0000][7][gc,age      ] GC(114) Desired survivor size 6291456 bytes, new threshold 15 (max threshold 15)
[2021-05-01T14:25:19.090+0000][7][gc,age      ] GC(114) Age table with threshold 15 (max threshold 15)
[2021-05-01T14:25:19.090+0000][7][gc,age      ] GC(114) - age   1:     486784 bytes,     486784 total
[2021-05-01T14:25:19.090+0000][7][gc,age      ] GC(114) - age   2:     182176 bytes,     668960 total
[2021-05-01T14:25:19.090+0000][7][gc,age      ] GC(114) - age   3:       3640 bytes,     672600 total
[2021-05-01T14:25:19.090+0000][7][gc,age      ] GC(114) - age   4:     117168 bytes,     789768 total
[2021-05-01T14:25:19.090+0000][7][gc,age      ] GC(114) - age   5:       2280 bytes,     792048 total
[2021-05-01T14:25:19.090+0000][7][gc,age      ] GC(114) - age   6:        984 bytes,     793032 total
[2021-05-01T14:25:19.090+0000][7][gc,age      ] GC(114) - age   7:       2760 bytes,     795792 total
[2021-05-01T14:25:19.090+0000][7][gc,age      ] GC(114) - age   8:       1496 bytes,     797288 total
[2021-05-01T14:25:19.090+0000][7][gc,age      ] GC(114) - age   9:       1424 bytes,     798712 total
[2021-05-01T14:25:19.090+0000][7][gc,age      ] GC(114) - age  10:       1952 bytes,     800664 total
[2021-05-01T14:25:19.090+0000][7][gc,age      ] GC(114) - age  11:        480 bytes,     801144 total
[2021-05-01T14:25:19.090+0000][7][gc,age      ] GC(114) - age  12:        656 bytes,     801800 total
[2021-05-01T14:25:19.090+0000][7][gc,age      ] GC(114) - age  13:       1848 bytes,     803648 total
[2021-05-01T14:25:19.090+0000][7][gc,age      ] GC(114) - age  14:       3920 bytes,     807568 total
[2021-05-01T14:25:19.090+0000][7][gc,age      ] GC(114) - age  15:       4816 bytes,     812384 total
[2021-05-01T14:25:19.090+0000][7][gc,phases   ] GC(114)   Pre Evacuate Collection Set: 0.1ms
[2021-05-01T14:25:19.090+0000][7][gc,phases   ] GC(114)   Merge Heap Roots: 0.0ms
[2021-05-01T14:25:19.090+0000][7][gc,phases   ] GC(114)   Evacuate Collection Set: 1.0ms
[2021-05-01T14:25:19.090+0000][7][gc,phases   ] GC(114)   Post Evacuate Collection Set: 0.5ms
[2021-05-01T14:25:19.090+0000][7][gc,phases   ] GC(114)   Other: 0.2ms
[2021-05-01T14:25:19.090+0000][7][gc,heap     ] GC(114) Eden regions: 22->0(22)
[2021-05-01T14:25:19.090+0000][7][gc,heap     ] GC(114) Survivor regions: 1->1(3)
[2021-05-01T14:25:19.090+0000][7][gc,heap     ] GC(114) Old regions: 26->26
[2021-05-01T14:25:19.090+0000][7][gc,heap     ] GC(114) Archive regions: 2->2
[2021-05-01T14:25:19.090+0000][7][gc,heap     ] GC(114) Humongous regions: 2->2
[2021-05-01T14:25:19.090+0000][7][gc,metaspace] GC(114) Metaspace: 107847K(112260K)->107847K(112260K) NonClass: 93950K(97080K)->93950K(97080K) Class: 13896K(15180K)->13896K(15180K)
[2021-05-01T14:25:19.090+0000][7][gc          ] GC(114) Pause Young (Concurrent Start) (G1 Evacuation Pause) 202M->114M(256M) 1.861ms
[2021-05-01T14:25:19.090+0000][7][gc,cpu      ] GC(114) User=0.00s Sys=0.00s Real=0.00s
[2021-05-01T14:25:19.090+0000][7][safepoint   ] Safepoint "G1CollectForAllocation", Time since last: 2278880250 ns, Reaching safepoint: 197498 ns, At safepoint: 1945784 ns, Total: 2143282 ns
[2021-05-01T14:25:19.091+0000][7][gc          ] GC(115) Concurrent Cycle
[2021-05-01T14:25:19.091+0000][7][gc,marking  ] GC(115) Concurrent Clear Claimed Marks
[2021-05-01T14:25:19.091+0000][7][gc,marking  ] GC(115) Concurrent Clear Claimed Marks 0.079ms
[2021-05-01T14:25:19.091+0000][7][gc,marking  ] GC(115) Concurrent Scan Root Regions
[2021-05-01T14:25:19.092+0000][7][gc,marking  ] GC(115) Concurrent Scan Root Regions 1.161ms
[2021-05-01T14:25:19.092+0000][7][gc,marking  ] GC(115) Concurrent Mark (6924.696s)
[2021-05-01T14:25:19.092+0000][7][gc,marking  ] GC(115) Concurrent Mark From Roots
[2021-05-01T14:25:19.092+0000][7][gc,task     ] GC(115) Using 2 workers of 2 for marking
[2021-05-01T14:25:19.214+0000][7][gc,marking  ] GC(115) Concurrent Mark From Roots 121.829ms
[2021-05-01T14:25:19.214+0000][7][gc,marking  ] GC(115) Concurrent Preclean
[2021-05-01T14:25:19.214+0000][7][gc,marking  ] GC(115) Concurrent Preclean 0.343ms
[2021-05-01T14:25:19.214+0000][7][gc,marking  ] GC(115) Concurrent Mark (6924.696s, 6924.818s) 122.239ms
[2021-05-01T14:25:19.214+0000][7][gc,start    ] GC(115) Pause Remark
[2021-05-01T14:25:19.221+0000][7][gc          ] GC(115) Pause Remark 117M->117M(256M) 6.328ms
[2021-05-01T14:25:19.221+0000][7][gc,cpu      ] GC(115) User=0.03s Sys=0.00s Real=0.00s
[2021-05-01T14:25:19.221+0000][7][safepoint   ] Safepoint "G1Concurrent", Time since last: 123621159 ns, Reaching safepoint: 227560 ns, At safepoint: 6406387 ns, Total: 6633947 ns
[2021-05-01T14:25:19.221+0000][7][gc,marking  ] GC(115) Concurrent Rebuild Remembered Sets
[2021-05-01T14:25:19.277+0000][7][gc,marking  ] GC(115) Concurrent Rebuild Remembered Sets 56.003ms
[2021-05-01T14:25:19.277+0000][7][gc,start    ] GC(115) Pause Cleanup
[2021-05-01T14:25:19.277+0000][7][gc          ] GC(115) Pause Cleanup 117M->117M(256M) 0.115ms
[2021-05-01T14:25:19.277+0000][7][gc,cpu      ] GC(115) User=0.00s Sys=0.00s Real=0.00s
[2021-05-01T14:25:19.277+0000][7][safepoint   ] Safepoint "G1Concurrent", Time since last: 56141017 ns, Reaching safepoint: 109989 ns, At safepoint: 146392 ns, Total: 256381 ns
[2021-05-01T14:25:19.277+0000][7][gc,marking  ] GC(115) Concurrent Cleanup for Next Mark
[2021-05-01T14:25:19.277+0000][7][gc,marking  ] GC(115) Concurrent Cleanup for Next Mark 0.181ms
[2021-05-01T14:25:19.277+0000][7][gc          ] GC(115) Concurrent Cycle 186.870ms
[2021-05-01T14:25:49.283+0000][7][safepoint   ] Safepoint "Cleanup", Time since last: 30005572222 ns, Reaching safepoint: 96537 ns, At safepoint: 5392 ns, Total: 101929 ns
[2021-05-01T14:26:37.291+0000][7][safepoint   ] Safepoint "Cleanup", Time since last: 48007776163 ns, Reaching safepoint: 97789 ns, At safepoint: 6978 ns, Total: 104767 ns
[2021-05-01T14:27:19.297+0000][7][safepoint   ] Safepoint "Cleanup", Time since last: 42006382078 ns, Reaching safepoint: 147906 ns, At safepoint: 6504 ns, Total: 154410 ns
[2021-05-01T14:27:40.818+0000][7][gc,start    ] GC(116) Pause Young (Normal) (G1 Evacuation Pause)
[2021-05-01T14:27:40.818+0000][7][gc,task     ] GC(116) Using 6 workers of 8 for evacuation
[2021-05-01T14:27:40.818+0000][7][gc,age      ] GC(116) Desired survivor size 6291456 bytes, new threshold 15 (max threshold 15)
[2021-05-01T14:27:40.819+0000][7][gc,age      ] GC(116) Age table with threshold 15 (max threshold 15)
[2021-05-01T14:27:40.819+0000][7][gc,age      ] GC(116) - age   1:     506936 bytes,     506936 total
[2021-05-01T14:27:40.819+0000][7][gc,age      ] GC(116) - age   2:       1120 bytes,     508056 total
[2021-05-01T14:27:40.819+0000][7][gc,age      ] GC(116) - age   3:     181216 bytes,     689272 total
[2021-05-01T14:27:40.819+0000][7][gc,age      ] GC(116) - age   4:       3480 bytes,     692752 total
[2021-05-01T14:27:40.819+0000][7][gc,age      ] GC(116) - age   5:       3384 bytes,     696136 total
[2021-05-01T14:27:40.819+0000][7][gc,age      ] GC(116) - age   6:       2280 bytes,     698416 total
[2021-05-01T14:27:40.819+0000][7][gc,age      ] GC(116) - age   7:        984 bytes,     699400 total
[2021-05-01T14:27:40.819+0000][7][gc,age      ] GC(116) - age   8:       2760 bytes,     702160 total
[2021-05-01T14:27:40.819+0000][7][gc,age      ] GC(116) - age   9:       1496 bytes,     703656 total
[2021-05-01T14:27:40.820+0000][7][gc,age      ] GC(116) - age  10:       1424 bytes,     705080 total
[2021-05-01T14:27:40.820+0000][7][gc,age      ] GC(116) - age  11:       1952 bytes,     707032 total
[2021-05-01T14:27:40.820+0000][7][gc,age      ] GC(116) - age  12:        480 bytes,     707512 total
[2021-05-01T14:27:40.820+0000][7][gc,age      ] GC(116) - age  13:        656 bytes,     708168 total
[2021-05-01T14:27:40.820+0000][7][gc,age      ] GC(116) - age  14:       1848 bytes,     710016 total
[2021-05-01T14:27:40.820+0000][7][gc,age      ] GC(116) - age  15:       3920 bytes,     713936 total
[2021-05-01T14:27:40.820+0000][7][gc,phases   ] GC(116)   Pre Evacuate Collection Set: 0.1ms
[2021-05-01T14:27:40.820+0000][7][gc,phases   ] GC(116)   Merge Heap Roots: 0.1ms
[2021-05-01T14:27:40.820+0000][7][gc,phases   ] GC(116)   Evacuate Collection Set: 1.0ms
[2021-05-01T14:27:40.820+0000][7][gc,phases   ] GC(116)   Post Evacuate Collection Set: 0.5ms
[2021-05-01T14:27:40.820+0000][7][gc,phases   ] GC(116)   Other: 0.2ms
[2021-05-01T14:27:40.820+0000][7][gc,heap     ] GC(116) Eden regions: 22->0(22)
[2021-05-01T14:27:40.820+0000][7][gc,heap     ] GC(116) Survivor regions: 1->1(3)
[2021-05-01T14:27:40.820+0000][7][gc,heap     ] GC(116) Old regions: 26->26
[2021-05-01T14:27:40.820+0000][7][gc,heap     ] GC(116) Archive regions: 2->2
[2021-05-01T14:27:40.820+0000][7][gc,heap     ] GC(116) Humongous regions: 2->2
[2021-05-01T14:27:40.820+0000][7][gc,metaspace] GC(116) Metaspace: 107848K(112260K)->107848K(112260K) NonClass: 93951K(97080K)->93951K(97080K) Class: 13896K(15180K)->13896K(15180K)
[2021-05-01T14:27:40.820+0000][7][gc          ] GC(116) Pause Young (Normal) (G1 Evacuation Pause) 202M->114M(256M) 1.854ms
[2021-05-01T14:27:40.820+0000][7][gc,cpu      ] GC(116) User=0.00s Sys=0.00s Real=0.00s
[2021-05-01T14:27:40.820+0000][7][safepoint   ] Safepoint "G1CollectForAllocation", Time since last: 21520406842 ns, Reaching safepoint: 115873 ns, At safepoint: 1919445 ns, Total: 2035318 ns
[2021-05-01T14:28:43.827+0000][7][safepoint   ] Safepoint "Cleanup", Time since last: 63007591129 ns, Reaching safepoint: 202323 ns, At safepoint: 17818 ns, Total: 220141 ns
[2021-05-01T14:28:44.828+0000][7][safepoint   ] Safepoint "Cleanup", Time since last: 1000607473 ns, Reaching safepoint: 293423 ns, At safepoint: 19230 ns, Total: 312653 ns
[2021-05-01T14:28:46.829+0000][7][safepoint   ] Safepoint "Cleanup", Time since last: 2000314125 ns, Reaching safepoint: 101190 ns, At safepoint: 3952 ns, Total: 105142 ns
[2021-05-01T14:28:49.829+0000][7][safepoint   ] Safepoint "Cleanup", Time since last: 3000274081 ns, Reaching safepoint: 126225 ns, At safepoint: 7461 ns, Total: 133686 ns
[2021-05-01T14:29:59.421+0000][7][gc,start    ] GC(117) Pause Young (Concurrent Start) (G1 Evacuation Pause)
[2021-05-01T14:29:59.421+0000][7][gc,task     ] GC(117) Using 6 workers of 8 for evacuation
[2021-05-01T14:29:59.421+0000][7][gc,age      ] GC(117) Desired survivor size 6291456 bytes, new threshold 15 (max threshold 15)
[2021-05-01T14:29:59.423+0000][7][gc,age      ] GC(117) Age table with threshold 15 (max threshold 15)
[2021-05-01T14:29:59.423+0000][7][gc,age      ] GC(117) - age   1:     507368 bytes,     507368 total
[2021-05-01T14:29:59.423+0000][7][gc,age      ] GC(117) - age   2:        392 bytes,     507760 total
[2021-05-01T14:29:59.423+0000][7][gc,age      ] GC(117) - age   3:        800 bytes,     508560 total
[2021-05-01T14:29:59.423+0000][7][gc,age      ] GC(117) - age   4:     181120 bytes,     689680 total
[2021-05-01T14:29:59.423+0000][7][gc,age      ] GC(117) - age   5:       3384 bytes,     693064 total
[2021-05-01T14:29:59.423+0000][7][gc,age      ] GC(117) - age   6:       3144 bytes,     696208 total
[2021-05-01T14:29:59.423+0000][7][gc,age      ] GC(117) - age   7:       2280 bytes,     698488 total
[2021-05-01T14:29:59.423+0000][7][gc,age      ] GC(117) - age   8:        984 bytes,     699472 total
[2021-05-01T14:29:59.423+0000][7][gc,age      ] GC(117) - age   9:       2760 bytes,     702232 total
[2021-05-01T14:29:59.423+0000][7][gc,age      ] GC(117) - age  10:       1400 bytes,     703632 total
[2021-05-01T14:29:59.423+0000][7][gc,age      ] GC(117) - age  11:       1424 bytes,     705056 total
[2021-05-01T14:29:59.423+0000][7][gc,age      ] GC(117) - age  12:       1952 bytes,     707008 total
[2021-05-01T14:29:59.423+0000][7][gc,age      ] GC(117) - age  13:        480 bytes,     707488 total
[2021-05-01T14:29:59.423+0000][7][gc,age      ] GC(117) - age  14:        656 bytes,     708144 total
[2021-05-01T14:29:59.423+0000][7][gc,age      ] GC(117) - age  15:       1848 bytes,     709992 total
[2021-05-01T14:29:59.423+0000][7][gc,phases   ] GC(117)   Pre Evacuate Collection Set: 0.1ms
[2021-05-01T14:29:59.423+0000][7][gc,phases   ] GC(117)   Merge Heap Roots: 0.0ms
[2021-05-01T14:29:59.423+0000][7][gc,phases   ] GC(117)   Evacuate Collection Set: 1.0ms
[2021-05-01T14:29:59.423+0000][7][gc,phases   ] GC(117)   Post Evacuate Collection Set: 0.5ms
[2021-05-01T14:29:59.423+0000][7][gc,phases   ] GC(117)   Other: 0.2ms
[2021-05-01T14:29:59.423+0000][7][gc,heap     ] GC(117) Eden regions: 22->0(22)
[2021-05-01T14:29:59.423+0000][7][gc,heap     ] GC(117) Survivor regions: 1->1(3)
[2021-05-01T14:29:59.423+0000][7][gc,heap     ] GC(117) Old regions: 26->26
[2021-05-01T14:29:59.423+0000][7][gc,heap     ] GC(117) Archive regions: 2->2
[2021-05-01T14:29:59.423+0000][7][gc,heap     ] GC(117) Humongous regions: 2->2
[2021-05-01T14:29:59.423+0000][7][gc,metaspace] GC(117) Metaspace: 107848K(112260K)->107848K(112260K) NonClass: 93952K(97080K)->93952K(97080K) Class: 13896K(15180K)->13896K(15180K)
[2021-05-01T14:29:59.423+0000][7][gc          ] GC(117) Pause Young (Concurrent Start) (G1 Evacuation Pause) 202M->114M(256M) 2.006ms
[2021-05-01T14:29:59.423+0000][7][gc,cpu      ] GC(117) User=0.00s Sys=0.00s Real=0.01s
[2021-05-01T14:29:59.423+0000][7][safepoint   ] Safepoint "G1CollectForAllocation", Time since last: 69591802941 ns, Reaching safepoint: 164395 ns, At safepoint: 2067851 ns, Total: 2232246 ns
[2021-05-01T14:29:59.423+0000][7][gc          ] GC(118) Concurrent Cycle
[2021-05-01T14:29:59.423+0000][7][gc,marking  ] GC(118) Concurrent Clear Claimed Marks
[2021-05-01T14:29:59.423+0000][7][gc,marking  ] GC(118) Concurrent Clear Claimed Marks 0.049ms
[2021-05-01T14:29:59.423+0000][7][gc,marking  ] GC(118) Concurrent Scan Root Regions
[2021-05-01T14:29:59.425+0000][7][gc,marking  ] GC(118) Concurrent Scan Root Regions 1.262ms
[2021-05-01T14:29:59.425+0000][7][gc,marking  ] GC(118) Concurrent Mark (7205.028s)
[2021-05-01T14:29:59.425+0000][7][gc,marking  ] GC(118) Concurrent Mark From Roots
[2021-05-01T14:29:59.425+0000][7][gc,task     ] GC(118) Using 2 workers of 2 for marking
[2021-05-01T14:29:59.535+0000][7][gc,marking  ] GC(118) Concurrent Mark From Roots 110.796ms
[2021-05-01T14:29:59.535+0000][7][gc,marking  ] GC(118) Concurrent Preclean
[2021-05-01T14:29:59.536+0000][7][gc,marking  ] GC(118) Concurrent Preclean 0.278ms
[2021-05-01T14:29:59.536+0000][7][gc,marking  ] GC(118) Concurrent Mark (7205.028s, 7205.140s) 111.125ms
[2021-05-01T14:29:59.536+0000][7][gc,start    ] GC(118) Pause Remark
[2021-05-01T14:29:59.542+0000][7][gc          ] GC(118) Pause Remark 114M->114M(256M) 6.017ms
[2021-05-01T14:29:59.542+0000][7][gc,cpu      ] GC(118) User=0.03s Sys=0.00s Real=0.00s
[2021-05-01T14:29:59.542+0000][7][safepoint   ] Safepoint "G1Concurrent", Time since last: 112532469 ns, Reaching safepoint: 93850 ns, At safepoint: 6098528 ns, Total: 6192378 ns
[2021-05-01T14:29:59.542+0000][7][gc,marking  ] GC(118) Concurrent Rebuild Remembered Sets
[2021-05-01T14:29:59.617+0000][7][gc,marking  ] GC(118) Concurrent Rebuild Remembered Sets 75.241ms
[2021-05-01T14:29:59.617+0000][7][gc,start    ] GC(118) Pause Cleanup
[2021-05-01T14:29:59.618+0000][7][gc          ] GC(118) Pause Cleanup 114M->114M(256M) 0.082ms
[2021-05-01T14:29:59.618+0000][7][gc,cpu      ] GC(118) User=0.00s Sys=0.00s Real=0.00s
[2021-05-01T14:29:59.618+0000][7][safepoint   ] Safepoint "G1Concurrent", Time since last: 75348906 ns, Reaching safepoint: 141145 ns, At safepoint: 132030 ns, Total: 273175 ns
[2021-05-01T14:29:59.618+0000][7][gc,marking  ] GC(118) Concurrent Cleanup for Next Mark
[2021-05-01T14:29:59.618+0000][7][gc,marking  ] GC(118) Concurrent Cleanup for Next Mark 0.166ms
[2021-05-01T14:29:59.618+0000][7][gc          ] GC(118) Concurrent Cycle 194.537ms
[2021-05-01T14:30:14.619+0000][7][safepoint   ] Safepoint "Cleanup", Time since last: 15001546654 ns, Reaching safepoint: 81599 ns, At safepoint: 6015 ns, Total: 87614 ns
[2021-05-01T14:30:15.620+0000][7][safepoint   ] Safepoint "Cleanup", Time since last: 1000207871 ns, Reaching safepoint: 100000 ns, At safepoint: 6264 ns, Total: 106264 ns
[2021-05-01T14:30:42.624+0000][7][safepoint   ] Safepoint "Cleanup", Time since last: 27003656430 ns, Reaching safepoint: 271072 ns, At safepoint: 33648 ns, Total: 304720 ns
[2021-05-01T14:30:53.625+0000][7][safepoint   ] Safepoint "Cleanup", Time since last: 11001622155 ns, Reaching safepoint: 154635 ns, At safepoint: 7604 ns, Total: 162239 ns
[2021-05-01T14:32:05.750+0000][7][gc,start    ] GC(119) Pause Young (Normal) (G1 Evacuation Pause)
[2021-05-01T14:32:05.750+0000][7][gc,task     ] GC(119) Using 6 workers of 8 for evacuation
[2021-05-01T14:32:05.750+0000][7][gc,age      ] GC(119) Desired survivor size 6291456 bytes, new threshold 15 (max threshold 15)
[2021-05-01T14:32:05.753+0000][7][gc,age      ] GC(119) Age table with threshold 15 (max threshold 15)
[2021-05-01T14:32:05.753+0000][7][gc,age      ] GC(119) - age   1:     770464 bytes,     770464 total
[2021-05-01T14:32:05.753+0000][7][gc,age      ] GC(119) - age   2:        448 bytes,     770912 total
[2021-05-01T14:32:05.753+0000][7][gc,age      ] GC(119) - age   3:        336 bytes,     771248 total
[2021-05-01T14:32:05.753+0000][7][gc,age      ] GC(119) - age   4:        376 bytes,     771624 total
[2021-05-01T14:32:05.753+0000][7][gc,age      ] GC(119) - age   5:      72088 bytes,     843712 total
[2021-05-01T14:32:05.753+0000][7][gc,age      ] GC(119) - age   6:        888 bytes,     844600 total
[2021-05-01T14:32:05.753+0000][7][gc,age      ] GC(119) - age   7:       2040 bytes,     846640 total
[2021-05-01T14:32:05.753+0000][7][gc,age      ] GC(119) - age   8:       2280 bytes,     848920 total
[2021-05-01T14:32:05.753+0000][7][gc,age      ] GC(119) - age   9:        776 bytes,     849696 total
[2021-05-01T14:32:05.753+0000][7][gc,age      ] GC(119) - age  10:       2760 bytes,     852456 total
[2021-05-01T14:32:05.753+0000][7][gc,age      ] GC(119) - age  11:       1360 bytes,     853816 total
[2021-05-01T14:32:05.753+0000][7][gc,age      ] GC(119) - age  12:       1424 bytes,     855240 total
[2021-05-01T14:32:05.753+0000][7][gc,age      ] GC(119) - age  13:       1952 bytes,     857192 total
[2021-05-01T14:32:05.753+0000][7][gc,age      ] GC(119) - age  14:        480 bytes,     857672 total
[2021-05-01T14:32:05.753+0000][7][gc,age      ] GC(119) - age  15:        656 bytes,     858328 total
[2021-05-01T14:32:05.753+0000][7][gc,phases   ] GC(119)   Pre Evacuate Collection Set: 0.1ms
[2021-05-01T14:32:05.753+0000][7][gc,phases   ] GC(119)   Merge Heap Roots: 0.1ms
[2021-05-01T14:32:05.753+0000][7][gc,phases   ] GC(119)   Evacuate Collection Set: 1.6ms
[2021-05-01T14:32:05.753+0000][7][gc,phases   ] GC(119)   Post Evacuate Collection Set: 0.4ms
[2021-05-01T14:32:05.753+0000][7][gc,phases   ] GC(119)   Other: 0.4ms
[2021-05-01T14:32:05.753+0000][7][gc,heap     ] GC(119) Eden regions: 22->0(22)
[2021-05-01T14:32:05.753+0000][7][gc,heap     ] GC(119) Survivor regions: 1->1(3)
[2021-05-01T14:32:05.753+0000][7][gc,heap     ] GC(119) Old regions: 26->26
[2021-05-01T14:32:05.753+0000][7][gc,heap     ] GC(119) Archive regions: 2->2
[2021-05-01T14:32:05.753+0000][7][gc,heap     ] GC(119) Humongous regions: 2->2
[2021-05-01T14:32:05.753+0000][7][gc,metaspace] GC(119) Metaspace: 107876K(112260K)->107876K(112260K) NonClass: 93979K(97080K)->93979K(97080K) Class: 13896K(15180K)->13896K(15180K)
[2021-05-01T14:32:05.753+0000][7][gc          ] GC(119) Pause Young (Normal) (G1 Evacuation Pause) 202M->114M(256M) 2.640ms
[2021-05-01T14:32:05.753+0000][7][gc,cpu      ] GC(119) User=0.01s Sys=0.00s Real=0.01s
[2021-05-01T14:32:05.753+0000][7][safepoint   ] Safepoint "G1CollectForAllocation", Time since last: 72124865733 ns, Reaching safepoint: 118755 ns, At safepoint: 2723260 ns, Total: 2842015 ns
[2021-05-01T14:32:06.753+0000][7][safepoint   ] Safepoint "Cleanup", Time since last: 1000062490 ns, Reaching safepoint: 224362 ns, At safepoint: 8065 ns, Total: 232427 ns
[2021-05-01T14:33:15.762+0000][7][safepoint   ] Safepoint "Cleanup", Time since last: 69008792377 ns, Reaching safepoint: 141223 ns, At safepoint: 4122 ns, Total: 145345 ns
[2021-05-01T14:33:16.763+0000][7][safepoint   ] Safepoint "Cleanup", Time since last: 1000201019 ns, Reaching safepoint: 130228 ns, At safepoint: 6389 ns, Total: 136617 ns
[2021-05-01T14:33:19.763+0000][7][safepoint   ] Safepoint "Cleanup", Time since last: 3000232448 ns, Reaching safepoint: 120009 ns, At safepoint: 10800 ns, Total: 130809 ns
[2021-05-01T14:33:59.278+0000][7][gc,start    ] GC(120) Pause Young (Concurrent Start) (G1 Evacuation Pause)
[2021-05-01T14:33:59.278+0000][7][gc,task     ] GC(120) Using 6 workers of 8 for evacuation
[2021-05-01T14:33:59.279+0000][7][gc,age      ] GC(120) Desired survivor size 6291456 bytes, new threshold 15 (max threshold 15)
[2021-05-01T14:33:59.281+0000][7][gc,age      ] GC(120) Age table with threshold 15 (max threshold 15)
[2021-05-01T14:33:59.281+0000][7][gc,age      ] GC(120) - age   1:     610152 bytes,     610152 total
[2021-05-01T14:33:59.281+0000][7][gc,age      ] GC(120) - age   2:     172760 bytes,     782912 total
[2021-05-01T14:33:59.281+0000][7][gc,age      ] GC(120) - age   3:        400 bytes,     783312 total
[2021-05-01T14:33:59.281+0000][7][gc,age      ] GC(120) - age   4:        336 bytes,     783648 total
[2021-05-01T14:33:59.281+0000][7][gc,age      ] GC(120) - age   5:        256 bytes,     783904 total
[2021-05-01T14:33:59.281+0000][7][gc,age      ] GC(120) - age   6:       7280 bytes,     791184 total
[2021-05-01T14:33:59.281+0000][7][gc,age      ] GC(120) - age   7:        648 bytes,     791832 total
[2021-05-01T14:33:59.281+0000][7][gc,age      ] GC(120) - age   8:        504 bytes,     792336 total
[2021-05-01T14:33:59.281+0000][7][gc,age      ] GC(120) - age   9:       2160 bytes,     794496 total
[2021-05-01T14:33:59.281+0000][7][gc,age      ] GC(120) - age  10:        736 bytes,     795232 total
[2021-05-01T14:33:59.281+0000][7][gc,age      ] GC(120) - age  11:       2760 bytes,     797992 total
[2021-05-01T14:33:59.281+0000][7][gc,age      ] GC(120) - age  12:       1360 bytes,     799352 total
[2021-05-01T14:33:59.281+0000][7][gc,age      ] GC(120) - age  13:       1424 bytes,     800776 total
[2021-05-01T14:33:59.281+0000][7][gc,age      ] GC(120) - age  14:       1952 bytes,     802728 total
[2021-05-01T14:33:59.281+0000][7][gc,age      ] GC(120) - age  15:        480 bytes,     803208 total
[2021-05-01T14:33:59.281+0000][7][gc,phases   ] GC(120)   Pre Evacuate Collection Set: 0.1ms
[2021-05-01T14:33:59.281+0000][7][gc,phases   ] GC(120)   Merge Heap Roots: 0.0ms
[2021-05-01T14:33:59.281+0000][7][gc,phases   ] GC(120)   Evacuate Collection Set: 1.2ms
[2021-05-01T14:33:59.281+0000][7][gc,phases   ] GC(120)   Post Evacuate Collection Set: 0.9ms
[2021-05-01T14:33:59.281+0000][7][gc,phases   ] GC(120)   Other: 0.4ms
[2021-05-01T14:33:59.281+0000][7][gc,heap     ] GC(120) Eden regions: 22->0(22)
[2021-05-01T14:33:59.281+0000][7][gc,heap     ] GC(120) Survivor regions: 1->1(3)
[2021-05-01T14:33:59.281+0000][7][gc,heap     ] GC(120) Old regions: 26->26
[2021-05-01T14:33:59.281+0000][7][gc,heap     ] GC(120) Archive regions: 2->2
[2021-05-01T14:33:59.281+0000][7][gc,heap     ] GC(120) Humongous regions: 2->2
[2021-05-01T14:33:59.281+0000][7][gc,metaspace] GC(120) Metaspace: 107900K(112260K)->107900K(112260K) NonClass: 94003K(97080K)->94003K(97080K) Class: 13896K(15180K)->13896K(15180K)
[2021-05-01T14:33:59.281+0000][7][gc          ] GC(120) Pause Young (Concurrent Start) (G1 Evacuation Pause) 202M->114M(256M) 2.730ms
[2021-05-01T14:33:59.281+0000][7][gc,cpu      ] GC(120) User=0.00s Sys=0.00s Real=0.00s
[2021-05-01T14:33:59.281+0000][7][safepoint   ] Safepoint "G1CollectForAllocation", Time since last: 39515364686 ns, Reaching safepoint: 95895 ns, At safepoint: 2828111 ns, Total: 2924006 ns
[2021-05-01T14:33:59.281+0000][7][gc          ] GC(121) Concurrent Cycle
[2021-05-01T14:33:59.281+0000][7][gc,marking  ] GC(121) Concurrent Clear Claimed Marks
[2021-05-01T14:33:59.281+0000][7][gc,marking  ] GC(121) Concurrent Clear Claimed Marks 0.072ms
[2021-05-01T14:33:59.281+0000][7][gc,marking  ] GC(121) Concurrent Scan Root Regions
[2021-05-01T14:33:59.283+0000][7][gc,marking  ] GC(121) Concurrent Scan Root Regions 1.472ms
[2021-05-01T14:33:59.283+0000][7][gc,marking  ] GC(121) Concurrent Mark (7444.887s)
[2021-05-01T14:33:59.283+0000][7][gc,marking  ] GC(121) Concurrent Mark From Roots
[2021-05-01T14:33:59.283+0000][7][gc,task     ] GC(121) Using 2 workers of 2 for marking
[2021-05-01T14:33:59.383+0000][7][gc,marking  ] GC(121) Concurrent Mark From Roots 100.212ms
[2021-05-01T14:33:59.383+0000][7][gc,marking  ] GC(121) Concurrent Preclean
[2021-05-01T14:33:59.383+0000][7][gc,marking  ] GC(121) Concurrent Preclean 0.236ms
[2021-05-01T14:33:59.383+0000][7][gc,marking  ] GC(121) Concurrent Mark (7444.887s, 7444.987s) 100.498ms
[2021-05-01T14:33:59.384+0000][7][gc,start    ] GC(121) Pause Remark
[2021-05-01T14:33:59.389+0000][7][gc          ] GC(121) Pause Remark 115M->115M(256M) 5.754ms
[2021-05-01T14:33:59.389+0000][7][gc,cpu      ] GC(121) User=0.03s Sys=0.00s Real=0.00s
[2021-05-01T14:33:59.389+0000][7][safepoint   ] Safepoint "G1Concurrent", Time since last: 102147700 ns, Reaching safepoint: 136312 ns, At safepoint: 5833020 ns, Total: 5969332 ns
[2021-05-01T14:33:59.389+0000][7][gc,marking  ] GC(121) Concurrent Rebuild Remembered Sets
[2021-05-01T14:33:59.456+0000][7][gc,marking  ] GC(121) Concurrent Rebuild Remembered Sets 66.122ms
[2021-05-01T14:33:59.456+0000][7][gc,start    ] GC(121) Pause Cleanup
[2021-05-01T14:33:59.456+0000][7][gc          ] GC(121) Pause Cleanup 115M->115M(256M) 0.084ms
[2021-05-01T14:33:59.456+0000][7][gc,cpu      ] GC(121) User=0.00s Sys=0.00s Real=0.00s
[2021-05-01T14:33:59.456+0000][7][safepoint   ] Safepoint "G1Concurrent", Time since last: 66274768 ns, Reaching safepoint: 193434 ns, At safepoint: 135482 ns, Total: 328916 ns
[2021-05-01T14:33:59.456+0000][7][gc,marking  ] GC(121) Concurrent Cleanup for Next Mark
[2021-05-01T14:33:59.456+0000][7][gc,marking  ] GC(121) Concurrent Cleanup for Next Mark 0.214ms
[2021-05-01T14:33:59.456+0000][7][gc          ] GC(121) Concurrent Cycle 175.004ms
[2021-05-01T14:34:16.458+0000][7][safepoint   ] Safepoint "Cleanup", Time since last: 17002237642 ns, Reaching safepoint: 91340 ns, At safepoint: 5837 ns, Total: 97177 ns
[2021-05-01T14:35:16.466+0000][7][safepoint   ] Safepoint "Cleanup", Time since last: 60007704734 ns, Reaching safepoint: 77388 ns, At safepoint: 6992 ns, Total: 84380 ns
[2021-05-01T14:35:48.470+0000][7][safepoint   ] Safepoint "Cleanup", Time since last: 32004201507 ns, Reaching safepoint: 107354 ns, At safepoint: 7151 ns, Total: 114505 ns
[2021-05-01T14:36:09.433+0000][7][gc,start    ] GC(122) Pause Young (Normal) (G1 Evacuation Pause)
[2021-05-01T14:36:09.433+0000][7][gc,task     ] GC(122) Using 6 workers of 8 for evacuation
[2021-05-01T14:36:09.433+0000][7][gc,age      ] GC(122) Desired survivor size 6291456 bytes, new threshold 15 (max threshold 15)
[2021-05-01T14:36:09.436+0000][7][gc,age      ] GC(122) Age table with threshold 15 (max threshold 15)
[2021-05-01T14:36:09.436+0000][7][gc,age      ] GC(122) - age   1:     523968 bytes,     523968 total
[2021-05-01T14:36:09.436+0000][7][gc,age      ] GC(122) - age   2:     104656 bytes,     628624 total
[2021-05-01T14:36:09.436+0000][7][gc,age      ] GC(122) - age   3:     141432 bytes,     770056 total
[2021-05-01T14:36:09.436+0000][7][gc,age      ] GC(122) - age   4:        232 bytes,     770288 total
[2021-05-01T14:36:09.436+0000][7][gc,age      ] GC(122) - age   5:        336 bytes,     770624 total
[2021-05-01T14:36:09.436+0000][7][gc,age      ] GC(122) - age   6:        256 bytes,     770880 total
[2021-05-01T14:36:09.436+0000][7][gc,age      ] GC(122) - age   7:       7280 bytes,     778160 total
[2021-05-01T14:36:09.436+0000][7][gc,age      ] GC(122) - age   8:        624 bytes,     778784 total
[2021-05-01T14:36:09.436+0000][7][gc,age      ] GC(122) - age   9:        504 bytes,     779288 total
[2021-05-01T14:36:09.436+0000][7][gc,age      ] GC(122) - age  10:       2160 bytes,     781448 total
[2021-05-01T14:36:09.436+0000][7][gc,age      ] GC(122) - age  11:        736 bytes,     782184 total
[2021-05-01T14:36:09.436+0000][7][gc,age      ] GC(122) - age  12:       2760 bytes,     784944 total
[2021-05-01T14:36:09.436+0000][7][gc,age      ] GC(122) - age  13:       1160 bytes,     786104 total
[2021-05-01T14:36:09.436+0000][7][gc,age      ] GC(122) - age  14:       1424 bytes,     787528 total
[2021-05-01T14:36:09.436+0000][7][gc,age      ] GC(122) - age  15:       1952 bytes,     789480 total
[2021-05-01T14:36:09.436+0000][7][gc,phases   ] GC(122)   Pre Evacuate Collection Set: 0.0ms
[2021-05-01T14:36:09.436+0000][7][gc,phases   ] GC(122)   Merge Heap Roots: 0.0ms
[2021-05-01T14:36:09.436+0000][7][gc,phases   ] GC(122)   Evacuate Collection Set: 1.1ms
[2021-05-01T14:36:09.436+0000][7][gc,phases   ] GC(122)   Post Evacuate Collection Set: 1.4ms
[2021-05-01T14:36:09.436+0000][7][gc,phases   ] GC(122)   Other: 0.3ms
[2021-05-01T14:36:09.436+0000][7][gc,heap     ] GC(122) Eden regions: 22->0(22)
[2021-05-01T14:36:09.436+0000][7][gc,heap     ] GC(122) Survivor regions: 1->1(3)
[2021-05-01T14:36:09.436+0000][7][gc,heap     ] GC(122) Old regions: 26->26
[2021-05-01T14:36:09.436+0000][7][gc,heap     ] GC(122) Archive regions: 2->2
[2021-05-01T14:36:09.436+0000][7][gc,heap     ] GC(122) Humongous regions: 2->2
[2021-05-01T14:36:09.436+0000][7][gc,metaspace] GC(122) Metaspace: 107905K(112516K)->107905K(112516K) NonClass: 94008K(97336K)->94008K(97336K) Class: 13896K(15180K)->13896K(15180K)
[2021-05-01T14:36:09.436+0000][7][gc          ] GC(122) Pause Young (Normal) (G1 Evacuation Pause) 202M->114M(256M) 3.163ms
[2021-05-01T14:36:09.436+0000][7][gc,cpu      ] GC(122) User=0.01s Sys=0.00s Real=0.00s
[2021-05-01T14:36:09.436+0000][7][safepoint   ] Safepoint "G1CollectForAllocation", Time since last: 20962494145 ns, Reaching safepoint: 148480 ns, At safepoint: 3283913 ns, Total: 3432393 ns
[2021-05-01T14:36:17.438+0000][7][safepoint   ] Safepoint "Cleanup", Time since last: 8001105670 ns, Reaching safepoint: 93321 ns, At safepoint: 6208 ns, Total: 99529 ns
[2021-05-01T14:36:43.441+0000][7][safepoint   ] Safepoint "Cleanup", Time since last: 26002964441 ns, Reaching safepoint: 104868 ns, At safepoint: 5222 ns, Total: 110090 ns
[2021-05-01T14:37:16.445+0000][7][safepoint   ] Safepoint "Cleanup", Time since last: 33003787159 ns, Reaching safepoint: 110629 ns, At safepoint: 5596 ns, Total: 116225 ns
[2021-05-01T14:37:39.448+0000][7][safepoint   ] Safepoint "Cleanup", Time since last: 23002898175 ns, Reaching safepoint: 106133 ns, At safepoint: 7732 ns, Total: 113865 ns
[2021-05-01T14:37:44.448+0000][7][safepoint   ] Safepoint "Cleanup", Time since last: 5000561766 ns, Reaching safepoint: 141850 ns, At safepoint: 9401 ns, Total: 151251 ns
[2021-05-01T14:37:47.449+0000][7][safepoint   ] Safepoint "Cleanup", Time since last: 3000516365 ns, Reaching safepoint: 153347 ns, At safepoint: 7347 ns, Total: 160694 ns
[2021-05-01T14:38:16.452+0000][7][safepoint   ] Safepoint "Cleanup", Time since last: 29002977097 ns, Reaching safepoint: 124100 ns, At safepoint: 7369 ns, Total: 131469 ns
[2021-05-01T14:38:27.445+0000][7][gc,start    ] GC(123) Pause Young (Concurrent Start) (G1 Evacuation Pause)
[2021-05-01T14:38:27.445+0000][7][gc,task     ] GC(123) Using 6 workers of 8 for evacuation
[2021-05-01T14:38:27.445+0000][7][gc,age      ] GC(123) Desired survivor size 6291456 bytes, new threshold 15 (max threshold 15)
[2021-05-01T14:38:27.447+0000][7][gc,age      ] GC(123) Age table with threshold 15 (max threshold 15)
[2021-05-01T14:38:27.447+0000][7][gc,age      ] GC(123) - age   1:     510240 bytes,     510240 total
[2021-05-01T14:38:27.447+0000][7][gc,age      ] GC(123) - age   2:       1360 bytes,     511600 total
[2021-05-01T14:38:27.447+0000][7][gc,age      ] GC(123) - age   3:      76792 bytes,     588392 total
[2021-05-01T14:38:27.447+0000][7][gc,age      ] GC(123) - age   4:      78352 bytes,     666744 total
[2021-05-01T14:38:27.447+0000][7][gc,age      ] GC(123) - age   5:        232 bytes,     666976 total
[2021-05-01T14:38:27.447+0000][7][gc,age      ] GC(123) - age   6:        336 bytes,     667312 total
[2021-05-01T14:38:27.447+0000][7][gc,age      ] GC(123) - age   7:        256 bytes,     667568 total
[2021-05-01T14:38:27.447+0000][7][gc,age      ] GC(123) - age   8:       7280 bytes,     674848 total
[2021-05-01T14:38:27.447+0000][7][gc,age      ] GC(123) - age   9:        624 bytes,     675472 total
[2021-05-01T14:38:27.447+0000][7][gc,age      ] GC(123) - age  10:        480 bytes,     675952 total
[2021-05-01T14:38:27.447+0000][7][gc,age      ] GC(123) - age  11:       2160 bytes,     678112 total
[2021-05-01T14:38:27.447+0000][7][gc,age      ] GC(123) - age  12:        736 bytes,     678848 total
[2021-05-01T14:38:27.447+0000][7][gc,age      ] GC(123) - age  13:       2760 bytes,     681608 total
[2021-05-01T14:38:27.447+0000][7][gc,age      ] GC(123) - age  14:       1160 bytes,     682768 total
[2021-05-01T14:38:27.447+0000][7][gc,age      ] GC(123) - age  15:       1424 bytes,     684192 total
[2021-05-01T14:38:27.448+0000][7][gc,phases   ] GC(123)   Pre Evacuate Collection Set: 0.1ms
[2021-05-01T14:38:27.448+0000][7][gc,phases   ] GC(123)   Merge Heap Roots: 0.0ms
[2021-05-01T14:38:27.448+0000][7][gc,phases   ] GC(123)   Evacuate Collection Set: 1.0ms
[2021-05-01T14:38:27.448+0000][7][gc,phases   ] GC(123)   Post Evacuate Collection Set: 0.8ms
[2021-05-01T14:38:27.448+0000][7][gc,phases   ] GC(123)   Other: 0.4ms
[2021-05-01T14:38:27.448+0000][7][gc,heap     ] GC(123) Eden regions: 22->0(22)
[2021-05-01T14:38:27.448+0000][7][gc,heap     ] GC(123) Survivor regions: 1->1(3)
[2021-05-01T14:38:27.448+0000][7][gc,heap     ] GC(123) Old regions: 26->26
[2021-05-01T14:38:27.448+0000][7][gc,heap     ] GC(123) Archive regions: 2->2
[2021-05-01T14:38:27.448+0000][7][gc,heap     ] GC(123) Humongous regions: 2->2
[2021-05-01T14:38:27.448+0000][7][gc,metaspace] GC(123) Metaspace: 108014K(112516K)->108014K(112516K) NonClass: 94118K(97336K)->94118K(97336K) Class: 13896K(15180K)->13896K(15180K)
[2021-05-01T14:38:27.448+0000][7][gc          ] GC(123) Pause Young (Concurrent Start) (G1 Evacuation Pause) 202M->114M(256M) 2.431ms
[2021-05-01T14:38:27.448+0000][7][gc,cpu      ] GC(123) User=0.00s Sys=0.01s Real=0.00s
[2021-05-01T14:38:27.448+0000][7][gc          ] GC(124) Concurrent Cycle
[2021-05-01T14:38:27.448+0000][7][safepoint   ] Safepoint "G1CollectForAllocation", Time since last: 10993072572 ns, Reaching safepoint: 85029 ns, At safepoint: 2533088 ns, Total: 2618117 ns
[2021-05-01T14:38:27.448+0000][7][gc,marking  ] GC(124) Concurrent Clear Claimed Marks
[2021-05-01T14:38:27.448+0000][7][gc,marking  ] GC(124) Concurrent Clear Claimed Marks 0.110ms
[2021-05-01T14:38:27.448+0000][7][gc,marking  ] GC(124) Concurrent Scan Root Regions
[2021-05-01T14:38:27.449+0000][7][gc,marking  ] GC(124) Concurrent Scan Root Regions 1.512ms
[2021-05-01T14:38:27.449+0000][7][gc,marking  ] GC(124) Concurrent Mark (7713.053s)
[2021-05-01T14:38:27.449+0000][7][gc,marking  ] GC(124) Concurrent Mark From Roots
[2021-05-01T14:38:27.449+0000][7][gc,task     ] GC(124) Using 2 workers of 2 for marking
[2021-05-01T14:38:27.567+0000][7][gc,marking  ] GC(124) Concurrent Mark From Roots 117.856ms
[2021-05-01T14:38:27.567+0000][7][gc,marking  ] GC(124) Concurrent Preclean
[2021-05-01T14:38:27.568+0000][7][gc,marking  ] GC(124) Concurrent Preclean 0.281ms
[2021-05-01T14:38:27.568+0000][7][gc,marking  ] GC(124) Concurrent Mark (7713.053s, 7713.171s) 118.201ms
[2021-05-01T14:38:27.568+0000][7][gc,start    ] GC(124) Pause Remark
[2021-05-01T14:38:27.573+0000][7][gc          ] GC(124) Pause Remark 115M->115M(256M) 5.441ms
[2021-05-01T14:38:27.573+0000][7][gc,cpu      ] GC(124) User=0.03s Sys=0.00s Real=0.01s
[2021-05-01T14:38:27.573+0000][7][safepoint   ] Safepoint "G1Concurrent", Time since last: 119909343 ns, Reaching safepoint: 99206 ns, At safepoint: 5558148 ns, Total: 5657354 ns
[2021-05-01T14:38:27.573+0000][7][gc,marking  ] GC(124) Concurrent Rebuild Remembered Sets
[2021-05-01T14:38:27.639+0000][7][gc,marking  ] GC(124) Concurrent Rebuild Remembered Sets 65.536ms
[2021-05-01T14:38:27.639+0000][7][gc,start    ] GC(124) Pause Cleanup
[2021-05-01T14:38:27.639+0000][7][gc          ] GC(124) Pause Cleanup 115M->115M(256M) 0.079ms
[2021-05-01T14:38:27.639+0000][7][gc,cpu      ] GC(124) User=0.00s Sys=0.00s Real=0.00s
[2021-05-01T14:38:27.639+0000][7][safepoint   ] Safepoint "G1Concurrent", Time since last: 65619656 ns, Reaching safepoint: 106246 ns, At safepoint: 121097 ns, Total: 227343 ns
[2021-05-01T14:38:27.639+0000][7][gc,marking  ] GC(124) Concurrent Cleanup for Next Mark
[2021-05-01T14:38:27.639+0000][7][gc,marking  ] GC(124) Concurrent Cleanup for Next Mark 0.212ms
[2021-05-01T14:38:27.639+0000][7][gc          ] GC(124) Concurrent Cycle 191.721ms
[2021-05-01T14:38:43.641+0000][7][safepoint   ] Safepoint "Cleanup", Time since last: 16001442497 ns, Reaching safepoint: 143111 ns, At safepoint: 8580 ns, Total: 151691 ns
[2021-05-01T14:39:19.645+0000][7][safepoint   ] Safepoint "Cleanup", Time since last: 36004277283 ns, Reaching safepoint: 169979 ns, At safepoint: 5078 ns, Total: 175057 ns
[2021-05-01T14:40:16.652+0000][7][safepoint   ] Safepoint "Cleanup", Time since last: 57006722776 ns, Reaching safepoint: 187153 ns, At safepoint: 8089 ns, Total: 195242 ns
[2021-05-01T14:40:39.460+0000][7][gc,start    ] GC(125) Pause Young (Normal) (G1 Evacuation Pause)
[2021-05-01T14:40:39.460+0000][7][gc,task     ] GC(125) Using 6 workers of 8 for evacuation
[2021-05-01T14:40:39.460+0000][7][gc,age      ] GC(125) Desired survivor size 6291456 bytes, new threshold 15 (max threshold 15)
[2021-05-01T14:40:39.462+0000][7][gc,age      ] GC(125) Age table with threshold 15 (max threshold 15)
[2021-05-01T14:40:39.462+0000][7][gc,age      ] GC(125) - age   1:     516792 bytes,     516792 total
[2021-05-01T14:40:39.462+0000][7][gc,age      ] GC(125) - age   2:       2624 bytes,     519416 total
[2021-05-01T14:40:39.462+0000][7][gc,age      ] GC(125) - age   3:        824 bytes,     520240 total
[2021-05-01T14:40:39.462+0000][7][gc,age      ] GC(125) - age   4:      76584 bytes,     596824 total
[2021-05-01T14:40:39.462+0000][7][gc,age      ] GC(125) - age   5:      75856 bytes,     672680 total
[2021-05-01T14:40:39.462+0000][7][gc,age      ] GC(125) - age   6:        232 bytes,     672912 total
[2021-05-01T14:40:39.462+0000][7][gc,age      ] GC(125) - age   7:        336 bytes,     673248 total
[2021-05-01T14:40:39.462+0000][7][gc,age      ] GC(125) - age   8:        256 bytes,     673504 total
[2021-05-01T14:40:39.462+0000][7][gc,age      ] GC(125) - age   9:       7280 bytes,     680784 total
[2021-05-01T14:40:39.462+0000][7][gc,age      ] GC(125) - age  10:        624 bytes,     681408 total
[2021-05-01T14:40:39.462+0000][7][gc,age      ] GC(125) - age  11:        480 bytes,     681888 total
[2021-05-01T14:40:39.462+0000][7][gc,age      ] GC(125) - age  12:       2160 bytes,     684048 total
[2021-05-01T14:40:39.462+0000][7][gc,age      ] GC(125) - age  13:        736 bytes,     684784 total
[2021-05-01T14:40:39.462+0000][7][gc,age      ] GC(125) - age  14:       2760 bytes,     687544 total
[2021-05-01T14:40:39.462+0000][7][gc,age      ] GC(125) - age  15:       1160 bytes,     688704 total
[2021-05-01T14:40:39.462+0000][7][gc,phases   ] GC(125)   Pre Evacuate Collection Set: 0.1ms
[2021-05-01T14:40:39.462+0000][7][gc,phases   ] GC(125)   Merge Heap Roots: 0.1ms
[2021-05-01T14:40:39.462+0000][7][gc,phases   ] GC(125)   Evacuate Collection Set: 1.4ms
[2021-05-01T14:40:39.462+0000][7][gc,phases   ] GC(125)   Post Evacuate Collection Set: 0.7ms
[2021-05-01T14:40:39.462+0000][7][gc,phases   ] GC(125)   Other: 0.3ms
[2021-05-01T14:40:39.462+0000][7][gc,heap     ] GC(125) Eden regions: 22->0(22)
[2021-05-01T14:40:39.462+0000][7][gc,heap     ] GC(125) Survivor regions: 1->1(3)
[2021-05-01T14:40:39.462+0000][7][gc,heap     ] GC(125) Old regions: 26->26
[2021-05-01T14:40:39.462+0000][7][gc,heap     ] GC(125) Archive regions: 2->2
[2021-05-01T14:40:39.462+0000][7][gc,heap     ] GC(125) Humongous regions: 2->2
[2021-05-01T14:40:39.462+0000][7][gc,metaspace] GC(125) Metaspace: 108018K(112516K)->108018K(112516K) NonClass: 94122K(97336K)->94122K(97336K) Class: 13896K(15180K)->13896K(15180K)
[2021-05-01T14:40:39.462+0000][7][gc          ] GC(125) Pause Young (Normal) (G1 Evacuation Pause) 202M->114M(256M) 2.629ms
[2021-05-01T14:40:39.462+0000][7][gc,cpu      ] GC(125) User=0.01s Sys=0.00s Real=0.00s
[2021-05-01T14:40:39.462+0000][7][safepoint   ] Safepoint "G1CollectForAllocation", Time since last: 22807500596 ns, Reaching safepoint: 103250 ns, At safepoint: 2717292 ns, Total: 2820542 ns
[2021-05-01T14:41:16.467+0000][7][safepoint   ] Safepoint "Cleanup", Time since last: 37004281478 ns, Reaching safepoint: 151971 ns, At safepoint: 6497 ns, Total: 158468 ns
[2021-05-01T14:41:52.235+0000][7][gc,heap,exit] Heap
[2021-05-01T14:41:52.235+0000][7][gc,heap,exit]  garbage-first heap   total 262144K, used 166361K [0x00000000f0000000, 0x0000000100000000)
[2021-05-01T14:41:52.235+0000][7][gc,heap,exit]   region size 4096K, 15 young (61440K), 1 survivors (4096K)
[2021-05-01T14:41:52.235+0000][7][gc,heap,exit]  Metaspace       used 108189K, capacity 111687K, committed 112644K, reserved 1146880K
[2021-05-01T14:41:52.235+0000][7][gc,heap,exit]   class space    used 13929K, capacity 15120K, committed 15308K, reserved 1048576K
