[2021-04-18T11:33:35.475+0000][8][gc] Using G1
[2021-04-18T11:33:35.605+0000][8][gc,init] Version: 15.0.1+9 (release)
[2021-04-18T11:33:35.605+0000][8][gc,init] CPUs: 8 total, 8 available
[2021-04-18T11:33:35.605+0000][8][gc,init] Memory: 15907M
[2021-04-18T11:33:35.605+0000][8][gc,init] Large Page Support: Disabled
[2021-04-18T11:33:35.605+0000][8][gc,init] NUMA Support: Disabled
[2021-04-18T11:33:35.605+0000][8][gc,init] Compressed Oops: Enabled (32-bit)
[2021-04-18T11:33:35.605+0000][8][gc,init] Heap Region Size: 4M
[2021-04-18T11:33:35.605+0000][8][gc,init] Heap Min Capacity: 256M
[2021-04-18T11:33:35.605+0000][8][gc,init] Heap Initial Capacity: 256M
[2021-04-18T11:33:35.605+0000][8][gc,init] Heap Max Capacity: 256M
[2021-04-18T11:33:35.605+0000][8][gc,init] Pre-touch: Enabled
[2021-04-18T11:33:35.605+0000][8][gc,init] Parallel Workers: 8
[2021-04-18T11:33:35.605+0000][8][gc,init] Concurrent Workers: 2
[2021-04-18T11:33:35.605+0000][8][gc,init] Concurrent Refinement Workers: 8
[2021-04-18T11:33:35.605+0000][8][gc,init] Periodic GC: Disabled
[2021-04-18T11:33:35.605+0000][8][gc,cds ] Mark closed archive regions in map: [0x00000000ffc00000, 0x00000000ffc7bff8]
[2021-04-18T11:33:35.605+0000][8][gc,cds ] Mark open archive regions in map: [0x00000000ffb00000, 0x00000000ffb51ff8]
[2021-04-18T11:33:35.605+0000][8][gc,metaspace] CDS archive(s) mapped at: [0x0000000800000000-0x0000000800b2a000-0x0000000800b2a000), size 11706368, SharedBaseAddress: 0x0000000800000000, ArchiveRelocationMode: 0.
[2021-04-18T11:33:35.605+0000][8][gc,metaspace] Compressed class space mapped at: 0x0000000800b2c000-0x0000000840b2c000, size: 1073741824
[2021-04-18T11:33:35.605+0000][8][gc,metaspace] Narrow klass base: 0x0000000800000000, Narrow klass shift: 3, Narrow klass range: 0x100000000
[2021-04-18T11:33:36.214+0000][8][safepoint   ] Safepoint "ICBufferFull", Time since last: 599100259 ns, Reaching safepoint: 122780 ns, At safepoint: 5226 ns, Total: 128006 ns
[2021-04-18T11:33:36.362+0000][8][gc,start    ] GC(0) Pause Young (Normal) (G1 Evacuation Pause)
[2021-04-18T11:33:36.363+0000][8][gc,task     ] GC(0) Using 6 workers of 8 for evacuation
[2021-04-18T11:33:36.363+0000][8][gc,age      ] GC(0) Desired survivor size 2097152 bytes, new threshold 15 (max threshold 15)
[2021-04-18T11:33:36.368+0000][8][gc,age      ] GC(0) Age table with threshold 15 (max threshold 15)
[2021-04-18T11:33:36.368+0000][8][gc,age      ] GC(0) - age   1:    3624112 bytes,    3624112 total
[2021-04-18T11:33:36.368+0000][8][gc,phases   ] GC(0)   Pre Evacuate Collection Set: 0.1ms
[2021-04-18T11:33:36.368+0000][8][gc,phases   ] GC(0)   Merge Heap Roots: 0.0ms
[2021-04-18T11:33:36.368+0000][8][gc,phases   ] GC(0)   Evacuate Collection Set: 5.0ms
[2021-04-18T11:33:36.368+0000][8][gc,phases   ] GC(0)   Post Evacuate Collection Set: 0.3ms
[2021-04-18T11:33:36.368+0000][8][gc,phases   ] GC(0)   Other: 0.6ms
[2021-04-18T11:33:36.368+0000][8][gc,heap     ] GC(0) Eden regions: 5->0(5)
[2021-04-18T11:33:36.368+0000][8][gc,heap     ] GC(0) Survivor regions: 0->1(1)
[2021-04-18T11:33:36.368+0000][8][gc,heap     ] GC(0) Old regions: 0->0
[2021-04-18T11:33:36.368+0000][8][gc,heap     ] GC(0) Archive regions: 2->2
[2021-04-18T11:33:36.368+0000][8][gc,heap     ] GC(0) Humongous regions: 0->0
[2021-04-18T11:33:36.368+0000][8][gc,metaspace] GC(0) Metaspace: 6576K(8960K)->6576K(8960K) NonClass: 5859K(7936K)->5859K(7936K) Class: 717K(1024K)->717K(1024K)
[2021-04-18T11:33:36.368+0000][8][gc          ] GC(0) Pause Young (Normal) (G1 Evacuation Pause) 23M->7M(256M) 6.114ms
[2021-04-18T11:33:36.368+0000][8][gc,cpu      ] GC(0) User=0.01s Sys=0.00s Real=0.00s
[2021-04-18T11:33:36.368+0000][8][safepoint   ] Safepoint "G1CollectForAllocation", Time since last: 148411990 ns, Reaching safepoint: 60832 ns, At safepoint: 6195543 ns, Total: 6256375 ns
[2021-04-18T11:33:37.634+0000][8][safepoint   ] Safepoint "Cleanup", Time since last: 1264975120 ns, Reaching safepoint: 117411 ns, At safepoint: 5003 ns, Total: 122414 ns
[2021-04-18T11:33:37.846+0000][8][gc,start    ] GC(1) Pause Young (Normal) (G1 Evacuation Pause)
[2021-04-18T11:33:37.846+0000][8][gc,task     ] GC(1) Using 6 workers of 8 for evacuation
[2021-04-18T11:33:37.846+0000][8][gc,age      ] GC(1) Desired survivor size 2097152 bytes, new threshold 1 (max threshold 15)
[2021-04-18T11:33:37.854+0000][8][gc,age      ] GC(1) Age table with threshold 1 (max threshold 15)
[2021-04-18T11:33:37.854+0000][8][gc,age      ] GC(1) - age   1:    2020368 bytes,    2020368 total
[2021-04-18T11:33:37.854+0000][8][gc,phases   ] GC(1)   Pre Evacuate Collection Set: 0.1ms
[2021-04-18T11:33:37.854+0000][8][gc,phases   ] GC(1)   Merge Heap Roots: 0.0ms
[2021-04-18T11:33:37.854+0000][8][gc,phases   ] GC(1)   Evacuate Collection Set: 7.0ms
[2021-04-18T11:33:37.854+0000][8][gc,phases   ] GC(1)   Post Evacuate Collection Set: 0.4ms
[2021-04-18T11:33:37.854+0000][8][gc,phases   ] GC(1)   Other: 0.2ms
[2021-04-18T11:33:37.854+0000][8][gc,heap     ] GC(1) Eden regions: 5->0(12)
[2021-04-18T11:33:37.854+0000][8][gc,heap     ] GC(1) Survivor regions: 1->1(1)
[2021-04-18T11:33:37.854+0000][8][gc,heap     ] GC(1) Old regions: 0->1
[2021-04-18T11:33:37.854+0000][8][gc,heap     ] GC(1) Archive regions: 2->2
[2021-04-18T11:33:37.854+0000][8][gc,heap     ] GC(1) Humongous regions: 0->0
[2021-04-18T11:33:37.854+0000][8][gc,metaspace] GC(1) Metaspace: 11877K(12288K)->11877K(12288K) NonClass: 10459K(10752K)->10459K(10752K) Class: 1417K(1536K)->1417K(1536K)
[2021-04-18T11:33:37.854+0000][8][gc          ] GC(1) Pause Young (Normal) (G1 Evacuation Pause) 27M->9M(256M) 7.754ms
[2021-04-18T11:33:37.854+0000][8][gc,cpu      ] GC(1) User=0.03s Sys=0.00s Real=0.01s
[2021-04-18T11:33:37.854+0000][8][safepoint   ] Safepoint "G1CollectForAllocation", Time since last: 212471011 ns, Reaching safepoint: 101773 ns, At safepoint: 7821677 ns, Total: 7923450 ns
[2021-04-18T11:33:38.842+0000][8][safepoint   ] Safepoint "ICBufferFull", Time since last: 988086516 ns, Reaching safepoint: 152278 ns, At safepoint: 9969 ns, Total: 162247 ns
[2021-04-18T11:33:38.950+0000][8][gc,start    ] GC(2) Pause Young (Normal) (G1 Evacuation Pause)
[2021-04-18T11:33:38.950+0000][8][gc,task     ] GC(2) Using 6 workers of 8 for evacuation
[2021-04-18T11:33:38.950+0000][8][gc,age      ] GC(2) Desired survivor size 4194304 bytes, new threshold 15 (max threshold 15)
[2021-04-18T11:33:38.958+0000][8][gc,age      ] GC(2) Age table with threshold 15 (max threshold 15)
[2021-04-18T11:33:38.958+0000][8][gc,age      ] GC(2) - age   1:    1860712 bytes,    1860712 total
[2021-04-18T11:33:38.958+0000][8][gc,age      ] GC(2) - age   2:    1922640 bytes,    3783352 total
[2021-04-18T11:33:38.958+0000][8][gc,phases   ] GC(2)   Pre Evacuate Collection Set: 0.1ms
[2021-04-18T11:33:38.958+0000][8][gc,phases   ] GC(2)   Merge Heap Roots: 0.0ms
[2021-04-18T11:33:38.958+0000][8][gc,phases   ] GC(2)   Evacuate Collection Set: 6.8ms
[2021-04-18T11:33:38.958+0000][8][gc,phases   ] GC(2)   Post Evacuate Collection Set: 0.4ms
[2021-04-18T11:33:38.958+0000][8][gc,phases   ] GC(2)   Other: 0.2ms
[2021-04-18T11:33:38.958+0000][8][gc,heap     ] GC(2) Eden regions: 12->0(36)
[2021-04-18T11:33:38.958+0000][8][gc,heap     ] GC(2) Survivor regions: 1->1(2)
[2021-04-18T11:33:38.958+0000][8][gc,heap     ] GC(2) Old regions: 1->1
[2021-04-18T11:33:38.958+0000][8][gc,heap     ] GC(2) Archive regions: 2->2
[2021-04-18T11:33:38.958+0000][8][gc,heap     ] GC(2) Humongous regions: 0->0
[2021-04-18T11:33:38.958+0000][8][gc,metaspace] GC(2) Metaspace: 14780K(15232K)->14780K(15232K) NonClass: 13081K(13312K)->13081K(13312K) Class: 1698K(1920K)->1698K(1920K)
[2021-04-18T11:33:38.958+0000][8][gc          ] GC(2) Pause Young (Normal) (G1 Evacuation Pause) 57M->11M(256M) 7.527ms
[2021-04-18T11:33:38.958+0000][8][gc,cpu      ] GC(2) User=0.02s Sys=0.00s Real=0.01s
[2021-04-18T11:33:38.958+0000][8][safepoint   ] Safepoint "G1CollectForAllocation", Time since last: 108091582 ns, Reaching safepoint: 92786 ns, At safepoint: 7596453 ns, Total: 7689239 ns
[2021-04-18T11:33:39.403+0000][8][safepoint   ] Safepoint "ICBufferFull", Time since last: 444916702 ns, Reaching safepoint: 95007 ns, At safepoint: 6937 ns, Total: 101944 ns
[2021-04-18T11:33:39.407+0000][8][safepoint   ] Safepoint "ICBufferFull", Time since last: 4295567 ns, Reaching safepoint: 124665 ns, At safepoint: 8762 ns, Total: 133427 ns
[2021-04-18T11:33:39.411+0000][8][safepoint   ] Safepoint "ICBufferFull", Time since last: 3698220 ns, Reaching safepoint: 50743 ns, At safepoint: 3846 ns, Total: 54589 ns
[2021-04-18T11:33:39.415+0000][8][safepoint   ] Safepoint "ICBufferFull", Time since last: 3460538 ns, Reaching safepoint: 58547 ns, At safepoint: 6067 ns, Total: 64614 ns
[2021-04-18T11:33:39.421+0000][8][safepoint   ] Safepoint "ICBufferFull", Time since last: 5964387 ns, Reaching safepoint: 65890 ns, At safepoint: 9994 ns, Total: 75884 ns
[2021-04-18T11:33:39.429+0000][8][safepoint   ] Safepoint "ICBufferFull", Time since last: 8299663 ns, Reaching safepoint: 84362 ns, At safepoint: 5638 ns, Total: 90000 ns
[2021-04-18T11:33:39.438+0000][8][safepoint   ] Safepoint "ICBufferFull", Time since last: 8887381 ns, Reaching safepoint: 61029 ns, At safepoint: 4033 ns, Total: 65062 ns
[2021-04-18T11:33:39.441+0000][8][safepoint   ] Safepoint "ICBufferFull", Time since last: 3111529 ns, Reaching safepoint: 64684 ns, At safepoint: 4993 ns, Total: 69677 ns
[2021-04-18T11:33:39.445+0000][8][safepoint   ] Safepoint "ICBufferFull", Time since last: 3368431 ns, Reaching safepoint: 65742 ns, At safepoint: 4940 ns, Total: 70682 ns
[2021-04-18T11:33:39.451+0000][8][safepoint   ] Safepoint "ICBufferFull", Time since last: 5944537 ns, Reaching safepoint: 78951 ns, At safepoint: 5494 ns, Total: 84445 ns
[2021-04-18T11:33:39.455+0000][8][safepoint   ] Safepoint "ICBufferFull", Time since last: 4246501 ns, Reaching safepoint: 70029 ns, At safepoint: 6813 ns, Total: 76842 ns
[2021-04-18T11:33:39.460+0000][8][safepoint   ] Safepoint "ICBufferFull", Time since last: 4904386 ns, Reaching safepoint: 126088 ns, At safepoint: 5650 ns, Total: 131738 ns
[2021-04-18T11:33:39.464+0000][8][safepoint   ] Safepoint "ICBufferFull", Time since last: 3898162 ns, Reaching safepoint: 52991 ns, At safepoint: 4956 ns, Total: 57947 ns
[2021-04-18T11:33:39.469+0000][8][safepoint   ] Safepoint "ICBufferFull", Time since last: 4601408 ns, Reaching safepoint: 60969 ns, At safepoint: 4882 ns, Total: 65851 ns
[2021-04-18T11:33:39.747+0000][8][safepoint   ] Safepoint "ICBufferFull", Time since last: 278326725 ns, Reaching safepoint: 326869 ns, At safepoint: 11333 ns, Total: 338202 ns
[2021-04-18T11:33:40.199+0000][8][gc,start    ] GC(3) Pause Young (Normal) (G1 Evacuation Pause)
[2021-04-18T11:33:40.199+0000][8][gc,task     ] GC(3) Using 6 workers of 8 for evacuation
[2021-04-18T11:33:40.199+0000][8][gc,age      ] GC(3) Desired survivor size 10485760 bytes, new threshold 15 (max threshold 15)
[2021-04-18T11:33:40.208+0000][8][gc,age      ] GC(3) Age table with threshold 15 (max threshold 15)
[2021-04-18T11:33:40.208+0000][8][gc,age      ] GC(3) - age   1:    3461016 bytes,    3461016 total
[2021-04-18T11:33:40.208+0000][8][gc,age      ] GC(3) - age   2:    1839744 bytes,    5300760 total
[2021-04-18T11:33:40.208+0000][8][gc,age      ] GC(3) - age   3:    1907416 bytes,    7208176 total
[2021-04-18T11:33:40.208+0000][8][gc,phases   ] GC(3)   Pre Evacuate Collection Set: 0.0ms
[2021-04-18T11:33:40.208+0000][8][gc,phases   ] GC(3)   Merge Heap Roots: 0.0ms
[2021-04-18T11:33:40.208+0000][8][gc,phases   ] GC(3)   Evacuate Collection Set: 8.6ms
[2021-04-18T11:33:40.208+0000][8][gc,phases   ] GC(3)   Post Evacuate Collection Set: 0.5ms
[2021-04-18T11:33:40.208+0000][8][gc,phases   ] GC(3)   Other: 0.2ms
[2021-04-18T11:33:40.208+0000][8][gc,heap     ] GC(3) Eden regions: 36->0(36)
[2021-04-18T11:33:40.208+0000][8][gc,heap     ] GC(3) Survivor regions: 1->2(5)
[2021-04-18T11:33:40.208+0000][8][gc,heap     ] GC(3) Old regions: 1->1
[2021-04-18T11:33:40.208+0000][8][gc,heap     ] GC(3) Archive regions: 2->2
[2021-04-18T11:33:40.208+0000][8][gc,heap     ] GC(3) Humongous regions: 0->0
[2021-04-18T11:33:40.208+0000][8][gc,metaspace] GC(3) Metaspace: 17951K(18688K)->17951K(18688K) NonClass: 15817K(16384K)->15817K(16384K) Class: 2133K(2304K)->2133K(2304K)
[2021-04-18T11:33:40.208+0000][8][gc          ] GC(3) Pause Young (Normal) (G1 Evacuation Pause) 155M->14M(256M) 9.463ms
[2021-04-18T11:33:40.208+0000][8][gc,cpu      ] GC(3) User=0.02s Sys=0.00s Real=0.00s
[2021-04-18T11:33:40.208+0000][8][safepoint   ] Safepoint "G1CollectForAllocation", Time since last: 451035591 ns, Reaching safepoint: 235164 ns, At safepoint: 9584043 ns, Total: 9819207 ns
[2021-04-18T11:33:40.663+0000][8][gc,start    ] GC(4) Pause Young (Normal) (G1 Evacuation Pause)
[2021-04-18T11:33:40.663+0000][8][gc,task     ] GC(4) Using 6 workers of 8 for evacuation
[2021-04-18T11:33:40.663+0000][8][gc,age      ] GC(4) Desired survivor size 10485760 bytes, new threshold 15 (max threshold 15)
[2021-04-18T11:33:40.676+0000][8][gc,age      ] GC(4) Age table with threshold 15 (max threshold 15)
[2021-04-18T11:33:40.676+0000][8][gc,age      ] GC(4) - age   1:    2310928 bytes,    2310928 total
[2021-04-18T11:33:40.676+0000][8][gc,age      ] GC(4) - age   2:    2865392 bytes,    5176320 total
[2021-04-18T11:33:40.676+0000][8][gc,age      ] GC(4) - age   3:    1839744 bytes,    7016064 total
[2021-04-18T11:33:40.676+0000][8][gc,age      ] GC(4) - age   4:    1907416 bytes,    8923480 total
[2021-04-18T11:33:40.676+0000][8][gc,phases   ] GC(4)   Pre Evacuate Collection Set: 0.5ms
[2021-04-18T11:33:40.676+0000][8][gc,phases   ] GC(4)   Merge Heap Roots: 0.2ms
[2021-04-18T11:33:40.676+0000][8][gc,phases   ] GC(4)   Evacuate Collection Set: 10.9ms
[2021-04-18T11:33:40.676+0000][8][gc,phases   ] GC(4)   Post Evacuate Collection Set: 0.8ms
[2021-04-18T11:33:40.676+0000][8][gc,phases   ] GC(4)   Other: 0.2ms
[2021-04-18T11:33:40.676+0000][8][gc,heap     ] GC(4) Eden regions: 36->0(35)
[2021-04-18T11:33:40.676+0000][8][gc,heap     ] GC(4) Survivor regions: 2->3(5)
[2021-04-18T11:33:40.676+0000][8][gc,heap     ] GC(4) Old regions: 1->1
[2021-04-18T11:33:40.676+0000][8][gc,heap     ] GC(4) Archive regions: 2->2
[2021-04-18T11:33:40.676+0000][8][gc,heap     ] GC(4) Humongous regions: 0->0
[2021-04-18T11:33:40.676+0000][8][gc,metaspace] GC(4) Metaspace: 18479K(19328K)->18479K(19328K) NonClass: 16282K(16896K)->16282K(16896K) Class: 2197K(2432K)->2197K(2432K)
[2021-04-18T11:33:40.676+0000][8][gc          ] GC(4) Pause Young (Normal) (G1 Evacuation Pause) 158M->16M(256M) 12.660ms
[2021-04-18T11:33:40.676+0000][8][gc,cpu      ] GC(4) User=0.05s Sys=0.00s Real=0.01s
[2021-04-18T11:33:40.676+0000][8][safepoint   ] Safepoint "G1CollectForAllocation", Time since last: 454658106 ns, Reaching safepoint: 227798 ns, At safepoint: 12749059 ns, Total: 12976857 ns
[2021-04-18T11:33:41.022+0000][8][gc,start    ] GC(5) Pause Young (Normal) (G1 Evacuation Pause)
[2021-04-18T11:33:41.022+0000][8][gc,task     ] GC(5) Using 6 workers of 8 for evacuation
[2021-04-18T11:33:41.022+0000][8][gc,age      ] GC(5) Desired survivor size 10485760 bytes, new threshold 15 (max threshold 15)
[2021-04-18T11:33:41.031+0000][8][gc,age      ] GC(5) Age table with threshold 15 (max threshold 15)
[2021-04-18T11:33:41.031+0000][8][gc,age      ] GC(5) - age   1:    1499664 bytes,    1499664 total
[2021-04-18T11:33:41.031+0000][8][gc,age      ] GC(5) - age   2:    1828448 bytes,    3328112 total
[2021-04-18T11:33:41.031+0000][8][gc,age      ] GC(5) - age   3:    2865136 bytes,    6193248 total
[2021-04-18T11:33:41.031+0000][8][gc,age      ] GC(5) - age   4:    1839744 bytes,    8032992 total
[2021-04-18T11:33:41.031+0000][8][gc,age      ] GC(5) - age   5:    1907416 bytes,    9940408 total
[2021-04-18T11:33:41.031+0000][8][gc,phases   ] GC(5)   Pre Evacuate Collection Set: 0.0ms
[2021-04-18T11:33:41.031+0000][8][gc,phases   ] GC(5)   Merge Heap Roots: 0.0ms
[2021-04-18T11:33:41.031+0000][8][gc,phases   ] GC(5)   Evacuate Collection Set: 8.0ms
[2021-04-18T11:33:41.031+0000][8][gc,phases   ] GC(5)   Post Evacuate Collection Set: 0.7ms
[2021-04-18T11:33:41.031+0000][8][gc,phases   ] GC(5)   Other: 0.2ms
[2021-04-18T11:33:41.031+0000][8][gc,heap     ] GC(5) Eden regions: 35->0(35)
[2021-04-18T11:33:41.031+0000][8][gc,heap     ] GC(5) Survivor regions: 3->3(5)
[2021-04-18T11:33:41.031+0000][8][gc,heap     ] GC(5) Old regions: 1->1
[2021-04-18T11:33:41.031+0000][8][gc,heap     ] GC(5) Archive regions: 2->2
[2021-04-18T11:33:41.031+0000][8][gc,heap     ] GC(5) Humongous regions: 0->0
[2021-04-18T11:33:41.031+0000][8][gc,metaspace] GC(5) Metaspace: 18912K(19712K)->18912K(19712K) NonClass: 16643K(17152K)->16643K(17152K) Class: 2268K(2560K)->2268K(2560K)
[2021-04-18T11:33:41.031+0000][8][gc          ] GC(5) Pause Young (Normal) (G1 Evacuation Pause) 156M->17M(256M) 9.088ms
[2021-04-18T11:33:41.031+0000][8][gc,cpu      ] GC(5) User=0.02s Sys=0.00s Real=0.01s
[2021-04-18T11:33:41.031+0000][8][safepoint   ] Safepoint "G1CollectForAllocation", Time since last: 346373555 ns, Reaching safepoint: 71925 ns, At safepoint: 9164318 ns, Total: 9236243 ns
[2021-04-18T11:33:41.375+0000][8][gc,start    ] GC(6) Pause Young (Normal) (G1 Evacuation Pause)
[2021-04-18T11:33:41.375+0000][8][gc,task     ] GC(6) Using 6 workers of 8 for evacuation
[2021-04-18T11:33:41.375+0000][8][gc,age      ] GC(6) Desired survivor size 10485760 bytes, new threshold 15 (max threshold 15)
[2021-04-18T11:33:41.388+0000][8][gc,age      ] GC(6) Age table with threshold 15 (max threshold 15)
[2021-04-18T11:33:41.388+0000][8][gc,age      ] GC(6) - age   1:    2929112 bytes,    2929112 total
[2021-04-18T11:33:41.388+0000][8][gc,age      ] GC(6) - age   2:    1074576 bytes,    4003688 total
[2021-04-18T11:33:41.388+0000][8][gc,age      ] GC(6) - age   3:    1828448 bytes,    5832136 total
[2021-04-18T11:33:41.388+0000][8][gc,age      ] GC(6) - age   4:    2864344 bytes,    8696480 total
[2021-04-18T11:33:41.388+0000][8][gc,age      ] GC(6) - age   5:    1839744 bytes,   10536224 total
[2021-04-18T11:33:41.388+0000][8][gc,age      ] GC(6) - age   6:    1907416 bytes,   12443640 total
[2021-04-18T11:33:41.388+0000][8][gc,phases   ] GC(6)   Pre Evacuate Collection Set: 0.1ms
[2021-04-18T11:33:41.388+0000][8][gc,phases   ] GC(6)   Merge Heap Roots: 0.1ms
[2021-04-18T11:33:41.388+0000][8][gc,phases   ] GC(6)   Evacuate Collection Set: 12.2ms
[2021-04-18T11:33:41.388+0000][8][gc,phases   ] GC(6)   Post Evacuate Collection Set: 0.6ms
[2021-04-18T11:33:41.388+0000][8][gc,phases   ] GC(6)   Other: 0.2ms
[2021-04-18T11:33:41.388+0000][8][gc,heap     ] GC(6) Eden regions: 35->0(34)
[2021-04-18T11:33:41.388+0000][8][gc,heap     ] GC(6) Survivor regions: 3->4(5)
[2021-04-18T11:33:41.388+0000][8][gc,heap     ] GC(6) Old regions: 1->1
[2021-04-18T11:33:41.388+0000][8][gc,heap     ] GC(6) Archive regions: 2->2
[2021-04-18T11:33:41.388+0000][8][gc,heap     ] GC(6) Humongous regions: 0->0
[2021-04-18T11:33:41.388+0000][8][gc,metaspace] GC(6) Metaspace: 19046K(19968K)->19046K(19968K) NonClass: 16760K(17408K)->16760K(17408K) Class: 2285K(2560K)->2285K(2560K)
[2021-04-18T11:33:41.388+0000][8][gc          ] GC(6) Pause Young (Normal) (G1 Evacuation Pause) 157M->19M(256M) 13.198ms
[2021-04-18T11:33:41.388+0000][8][gc,cpu      ] GC(6) User=0.05s Sys=0.00s Real=0.01s
[2021-04-18T11:33:41.389+0000][8][safepoint   ] Safepoint "G1CollectForAllocation", Time since last: 343464290 ns, Reaching safepoint: 114602 ns, At safepoint: 14033123 ns, Total: 14147725 ns
[2021-04-18T11:33:41.690+0000][8][gc,start    ] GC(7) Pause Young (Normal) (G1 Evacuation Pause)
[2021-04-18T11:33:41.691+0000][8][gc,task     ] GC(7) Using 6 workers of 8 for evacuation
[2021-04-18T11:33:41.691+0000][8][gc,age      ] GC(7) Desired survivor size 10485760 bytes, new threshold 5 (max threshold 15)
[2021-04-18T11:33:41.707+0000][8][gc,age      ] GC(7) Age table with threshold 5 (max threshold 15)
[2021-04-18T11:33:41.707+0000][8][gc,age      ] GC(7) - age   1:     400032 bytes,     400032 total
[2021-04-18T11:33:41.707+0000][8][gc,age      ] GC(7) - age   2:    1361824 bytes,    1761856 total
[2021-04-18T11:33:41.707+0000][8][gc,age      ] GC(7) - age   3:    1074456 bytes,    2836312 total
[2021-04-18T11:33:41.707+0000][8][gc,age      ] GC(7) - age   4:    1828448 bytes,    4664760 total
[2021-04-18T11:33:41.707+0000][8][gc,age      ] GC(7) - age   5:    2864344 bytes,    7529104 total
[2021-04-18T11:33:41.707+0000][8][gc,phases   ] GC(7)   Pre Evacuate Collection Set: 0.1ms
[2021-04-18T11:33:41.707+0000][8][gc,phases   ] GC(7)   Merge Heap Roots: 0.1ms
[2021-04-18T11:33:41.707+0000][8][gc,phases   ] GC(7)   Evacuate Collection Set: 15.7ms
[2021-04-18T11:33:41.707+0000][8][gc,phases   ] GC(7)   Post Evacuate Collection Set: 0.7ms
[2021-04-18T11:33:41.707+0000][8][gc,phases   ] GC(7)   Other: 0.3ms
[2021-04-18T11:33:41.707+0000][8][gc,heap     ] GC(7) Eden regions: 34->0(35)
[2021-04-18T11:33:41.707+0000][8][gc,heap     ] GC(7) Survivor regions: 4->3(5)
[2021-04-18T11:33:41.707+0000][8][gc,heap     ] GC(7) Old regions: 1->2
[2021-04-18T11:33:41.707+0000][8][gc,heap     ] GC(7) Archive regions: 2->2
[2021-04-18T11:33:41.707+0000][8][gc,heap     ] GC(7) Humongous regions: 0->0
[2021-04-18T11:33:41.707+0000][8][gc,metaspace] GC(7) Metaspace: 19277K(20224K)->19277K(20224K) NonClass: 16968K(17664K)->16968K(17664K) Class: 2309K(2560K)->2309K(2560K)
[2021-04-18T11:33:41.707+0000][8][gc          ] GC(7) Pause Young (Normal) (G1 Evacuation Pause) 155M->19M(256M) 16.914ms
[2021-04-18T11:33:41.707+0000][8][gc,cpu      ] GC(7) User=0.07s Sys=0.00s Real=0.01s
[2021-04-18T11:33:41.708+0000][8][safepoint   ] Safepoint "G1CollectForAllocation", Time since last: 301306941 ns, Reaching safepoint: 75482 ns, At safepoint: 17171032 ns, Total: 17246514 ns
[2021-04-18T11:33:42.004+0000][8][gc,start    ] GC(8) Pause Young (Normal) (G1 Evacuation Pause)
[2021-04-18T11:33:42.004+0000][8][gc,task     ] GC(8) Using 6 workers of 8 for evacuation
[2021-04-18T11:33:42.004+0000][8][gc,age      ] GC(8) Desired survivor size 10485760 bytes, new threshold 15 (max threshold 15)
[2021-04-18T11:33:42.014+0000][8][gc,age      ] GC(8) Age table with threshold 15 (max threshold 15)
[2021-04-18T11:33:42.014+0000][8][gc,age      ] GC(8) - age   1:     892144 bytes,     892144 total
[2021-04-18T11:33:42.014+0000][8][gc,age      ] GC(8) - age   2:     379064 bytes,    1271208 total
[2021-04-18T11:33:42.014+0000][8][gc,age      ] GC(8) - age   3:    1361624 bytes,    2632832 total
[2021-04-18T11:33:42.014+0000][8][gc,age      ] GC(8) - age   4:    1073816 bytes,    3706648 total
[2021-04-18T11:33:42.014+0000][8][gc,age      ] GC(8) - age   5:    1828384 bytes,    5535032 total
[2021-04-18T11:33:42.014+0000][8][gc,age      ] GC(8) - age   6:    2860392 bytes,    8395424 total
[2021-04-18T11:33:42.014+0000][8][gc,phases   ] GC(8)   Pre Evacuate Collection Set: 0.1ms
[2021-04-18T11:33:42.014+0000][8][gc,phases   ] GC(8)   Merge Heap Roots: 0.0ms
[2021-04-18T11:33:42.014+0000][8][gc,phases   ] GC(8)   Evacuate Collection Set: 9.5ms
[2021-04-18T11:33:42.014+0000][8][gc,phases   ] GC(8)   Post Evacuate Collection Set: 0.5ms
[2021-04-18T11:33:42.014+0000][8][gc,phases   ] GC(8)   Other: 0.3ms
[2021-04-18T11:33:42.014+0000][8][gc,heap     ] GC(8) Eden regions: 35->0(35)
[2021-04-18T11:33:42.014+0000][8][gc,heap     ] GC(8) Survivor regions: 3->3(5)
[2021-04-18T11:33:42.014+0000][8][gc,heap     ] GC(8) Old regions: 2->2
[2021-04-18T11:33:42.014+0000][8][gc,heap     ] GC(8) Archive regions: 2->2
[2021-04-18T11:33:42.014+0000][8][gc,heap     ] GC(8) Humongous regions: 0->0
[2021-04-18T11:33:42.014+0000][8][gc,metaspace] GC(8) Metaspace: 19448K(20480K)->19448K(20480K) NonClass: 17107K(17920K)->17107K(17920K) Class: 2340K(2560K)->2340K(2560K)
[2021-04-18T11:33:42.014+0000][8][gc          ] GC(8) Pause Young (Normal) (G1 Evacuation Pause) 159M->19M(256M) 10.505ms
[2021-04-18T11:33:42.014+0000][8][gc,cpu      ] GC(8) User=0.05s Sys=0.00s Real=0.01s
[2021-04-18T11:33:42.014+0000][8][safepoint   ] Safepoint "G1CollectForAllocation", Time since last: 296061627 ns, Reaching safepoint: 179817 ns, At safepoint: 10595787 ns, Total: 10775604 ns
[2021-04-18T11:33:42.353+0000][8][gc,start    ] GC(9) Pause Young (Normal) (G1 Evacuation Pause)
[2021-04-18T11:33:42.353+0000][8][gc,task     ] GC(9) Using 6 workers of 8 for evacuation
[2021-04-18T11:33:42.353+0000][8][gc,age      ] GC(9) Desired survivor size 10485760 bytes, new threshold 15 (max threshold 15)
[2021-04-18T11:33:42.367+0000][8][gc,age      ] GC(9) Age table with threshold 15 (max threshold 15)
[2021-04-18T11:33:42.367+0000][8][gc,age      ] GC(9) - age   1:    1769664 bytes,    1769664 total
[2021-04-18T11:33:42.367+0000][8][gc,age      ] GC(9) - age   2:     263240 bytes,    2032904 total
[2021-04-18T11:33:42.367+0000][8][gc,age      ] GC(9) - age   3:     379064 bytes,    2411968 total
[2021-04-18T11:33:42.367+0000][8][gc,age      ] GC(9) - age   4:    1361624 bytes,    3773592 total
[2021-04-18T11:33:42.367+0000][8][gc,age      ] GC(9) - age   5:    1073816 bytes,    4847408 total
[2021-04-18T11:33:42.367+0000][8][gc,age      ] GC(9) - age   6:    1828384 bytes,    6675792 total
[2021-04-18T11:33:42.367+0000][8][gc,age      ] GC(9) - age   7:    2860392 bytes,    9536184 total
[2021-04-18T11:33:42.367+0000][8][gc,phases   ] GC(9)   Pre Evacuate Collection Set: 0.1ms
[2021-04-18T11:33:42.367+0000][8][gc,phases   ] GC(9)   Merge Heap Roots: 0.1ms
[2021-04-18T11:33:42.367+0000][8][gc,phases   ] GC(9)   Evacuate Collection Set: 12.5ms
[2021-04-18T11:33:42.367+0000][8][gc,phases   ] GC(9)   Post Evacuate Collection Set: 0.6ms
[2021-04-18T11:33:42.367+0000][8][gc,phases   ] GC(9)   Other: 0.3ms
[2021-04-18T11:33:42.367+0000][8][gc,heap     ] GC(9) Eden regions: 35->0(35)
[2021-04-18T11:33:42.367+0000][8][gc,heap     ] GC(9) Survivor regions: 3->3(5)
[2021-04-18T11:33:42.367+0000][8][gc,heap     ] GC(9) Old regions: 2->2
[2021-04-18T11:33:42.367+0000][8][gc,heap     ] GC(9) Archive regions: 2->2
[2021-04-18T11:33:42.367+0000][8][gc,heap     ] GC(9) Humongous regions: 0->0
[2021-04-18T11:33:42.367+0000][8][gc,metaspace] GC(9) Metaspace: 19626K(20864K)->19626K(20864K) NonClass: 17251K(18176K)->17251K(18176K) Class: 2375K(2688K)->2375K(2688K)
[2021-04-18T11:33:42.367+0000][8][gc          ] GC(9) Pause Young (Normal) (G1 Evacuation Pause) 159M->20M(256M) 13.627ms
[2021-04-18T11:33:42.367+0000][8][gc,cpu      ] GC(9) User=0.05s Sys=0.00s Real=0.01s
[2021-04-18T11:33:42.367+0000][8][safepoint   ] Safepoint "G1CollectForAllocation", Time since last: 338637394 ns, Reaching safepoint: 128021 ns, At safepoint: 13714235 ns, Total: 13842256 ns
[2021-04-18T11:33:42.679+0000][8][gc,start    ] GC(10) Pause Young (Normal) (G1 Evacuation Pause)
[2021-04-18T11:33:42.679+0000][8][gc,task     ] GC(10) Using 6 workers of 8 for evacuation
[2021-04-18T11:33:42.679+0000][8][gc,age      ] GC(10) Desired survivor size 10485760 bytes, new threshold 15 (max threshold 15)
[2021-04-18T11:33:42.690+0000][8][gc,age      ] GC(10) Age table with threshold 15 (max threshold 15)
[2021-04-18T11:33:42.690+0000][8][gc,age      ] GC(10) - age   1:    2038456 bytes,    2038456 total
[2021-04-18T11:33:42.690+0000][8][gc,age      ] GC(10) - age   2:     205384 bytes,    2243840 total
[2021-04-18T11:33:42.690+0000][8][gc,age      ] GC(10) - age   3:     263088 bytes,    2506928 total
[2021-04-18T11:33:42.691+0000][8][gc,age      ] GC(10) - age   4:     379064 bytes,    2885992 total
[2021-04-18T11:33:42.691+0000][8][gc,age      ] GC(10) - age   5:    1361624 bytes,    4247616 total
[2021-04-18T11:33:42.691+0000][8][gc,age      ] GC(10) - age   6:    1073144 bytes,    5320760 total
[2021-04-18T11:33:42.691+0000][8][gc,age      ] GC(10) - age   7:    1828096 bytes,    7148856 total
[2021-04-18T11:33:42.691+0000][8][gc,age      ] GC(10) - age   8:    2860264 bytes,   10009120 total
[2021-04-18T11:33:42.691+0000][8][gc,phases   ] GC(10)   Pre Evacuate Collection Set: 0.1ms
[2021-04-18T11:33:42.691+0000][8][gc,phases   ] GC(10)   Merge Heap Roots: 0.1ms
[2021-04-18T11:33:42.691+0000][8][gc,phases   ] GC(10)   Evacuate Collection Set: 10.2ms
[2021-04-18T11:33:42.691+0000][8][gc,phases   ] GC(10)   Post Evacuate Collection Set: 0.7ms
[2021-04-18T11:33:42.691+0000][8][gc,phases   ] GC(10)   Other: 0.3ms
[2021-04-18T11:33:42.691+0000][8][gc,heap     ] GC(10) Eden regions: 35->0(35)
[2021-04-18T11:33:42.691+0000][8][gc,heap     ] GC(10) Survivor regions: 3->3(5)
[2021-04-18T11:33:42.691+0000][8][gc,heap     ] GC(10) Old regions: 2->2
[2021-04-18T11:33:42.691+0000][8][gc,heap     ] GC(10) Archive regions: 2->2
[2021-04-18T11:33:42.691+0000][8][gc,heap     ] GC(10) Humongous regions: 0->0
[2021-04-18T11:33:42.691+0000][8][gc,metaspace] GC(10) Metaspace: 19677K(20864K)->19677K(20864K) NonClass: 17292K(18176K)->17292K(18176K) Class: 2384K(2688K)->2384K(2688K)
[2021-04-18T11:33:42.691+0000][8][gc          ] GC(10) Pause Young (Normal) (G1 Evacuation Pause) 160M->20M(256M) 11.502ms
[2021-04-18T11:33:42.691+0000][8][gc,cpu      ] GC(10) User=0.04s Sys=0.00s Real=0.01s
[2021-04-18T11:33:42.694+0000][8][safepoint   ] Safepoint "G1CollectForAllocation", Time since last: 312212520 ns, Reaching safepoint: 88043 ns, At safepoint: 14450739 ns, Total: 14538782 ns
[2021-04-18T11:33:43.105+0000][8][gc,start    ] GC(11) Pause Young (Normal) (G1 Evacuation Pause)
[2021-04-18T11:33:43.105+0000][8][gc,task     ] GC(11) Using 6 workers of 8 for evacuation
[2021-04-18T11:33:43.105+0000][8][gc,age      ] GC(11) Desired survivor size 10485760 bytes, new threshold 15 (max threshold 15)
[2021-04-18T11:33:43.119+0000][8][gc,age      ] GC(11) Age table with threshold 15 (max threshold 15)
[2021-04-18T11:33:43.119+0000][8][gc,age      ] GC(11) - age   1:    2526776 bytes,    2526776 total
[2021-04-18T11:33:43.119+0000][8][gc,age      ] GC(11) - age   2:     186640 bytes,    2713416 total
[2021-04-18T11:33:43.119+0000][8][gc,age      ] GC(11) - age   3:     205320 bytes,    2918736 total
[2021-04-18T11:33:43.119+0000][8][gc,age      ] GC(11) - age   4:     263088 bytes,    3181824 total
[2021-04-18T11:33:43.119+0000][8][gc,age      ] GC(11) - age   5:     379064 bytes,    3560888 total
[2021-04-18T11:33:43.119+0000][8][gc,age      ] GC(11) - age   6:    1360584 bytes,    4921472 total
[2021-04-18T11:33:43.119+0000][8][gc,age      ] GC(11) - age   7:    1073144 bytes,    5994616 total
[2021-04-18T11:33:43.119+0000][8][gc,age      ] GC(11) - age   8:    1828096 bytes,    7822712 total
[2021-04-18T11:33:43.119+0000][8][gc,age      ] GC(11) - age   9:    2860144 bytes,   10682856 total
[2021-04-18T11:33:43.119+0000][8][gc,phases   ] GC(11)   Pre Evacuate Collection Set: 0.1ms
[2021-04-18T11:33:43.119+0000][8][gc,phases   ] GC(11)   Merge Heap Roots: 0.0ms
[2021-04-18T11:33:43.119+0000][8][gc,phases   ] GC(11)   Evacuate Collection Set: 13.0ms
[2021-04-18T11:33:43.119+0000][8][gc,phases   ] GC(11)   Post Evacuate Collection Set: 0.5ms
[2021-04-18T11:33:43.119+0000][8][gc,phases   ] GC(11)   Other: 0.3ms
[2021-04-18T11:33:43.119+0000][8][gc,heap     ] GC(11) Eden regions: 35->0(35)
[2021-04-18T11:33:43.119+0000][8][gc,heap     ] GC(11) Survivor regions: 3->3(5)
[2021-04-18T11:33:43.119+0000][8][gc,heap     ] GC(11) Old regions: 2->2
[2021-04-18T11:33:43.119+0000][8][gc,heap     ] GC(11) Archive regions: 2->2
[2021-04-18T11:33:43.119+0000][8][gc,heap     ] GC(11) Humongous regions: 0->0
[2021-04-18T11:33:43.119+0000][8][gc,metaspace] GC(11) Metaspace: 20048K(21296K)->20048K(21296K) NonClass: 17611K(18608K)->17611K(18608K) Class: 2436K(2688K)->2436K(2688K)
[2021-04-18T11:33:43.119+0000][8][gc          ] GC(11) Pause Young (Normal) (G1 Evacuation Pause) 160M->21M(256M) 13.929ms
[2021-04-18T11:33:43.119+0000][8][gc,cpu      ] GC(11) User=0.06s Sys=0.01s Real=0.02s
[2021-04-18T11:33:43.119+0000][8][safepoint   ] Safepoint "G1CollectForAllocation", Time since last: 411130278 ns, Reaching safepoint: 173571 ns, At safepoint: 14008129 ns, Total: 14181700 ns
[2021-04-18T11:33:43.153+0000][8][gc,start    ] GC(12) Pause Young (Concurrent Start) (Metadata GC Threshold)
[2021-04-18T11:33:43.153+0000][8][gc,task     ] GC(12) Using 6 workers of 8 for evacuation
[2021-04-18T11:33:43.153+0000][8][gc,age      ] GC(12) Desired survivor size 10485760 bytes, new threshold 9 (max threshold 15)
[2021-04-18T11:33:43.163+0000][8][gc,age      ] GC(12) Age table with threshold 9 (max threshold 15)
[2021-04-18T11:33:43.163+0000][8][gc,age      ] GC(12) - age   1:     409864 bytes,     409864 total
[2021-04-18T11:33:43.163+0000][8][gc,age      ] GC(12) - age   2:    1527128 bytes,    1936992 total
[2021-04-18T11:33:43.163+0000][8][gc,age      ] GC(12) - age   3:     186640 bytes,    2123632 total
[2021-04-18T11:33:43.163+0000][8][gc,age      ] GC(12) - age   4:     205320 bytes,    2328952 total
[2021-04-18T11:33:43.163+0000][8][gc,age      ] GC(12) - age   5:     263088 bytes,    2592040 total
[2021-04-18T11:33:43.163+0000][8][gc,age      ] GC(12) - age   6:     379064 bytes,    2971104 total
[2021-04-18T11:33:43.163+0000][8][gc,age      ] GC(12) - age   7:    1360584 bytes,    4331688 total
[2021-04-18T11:33:43.163+0000][8][gc,age      ] GC(12) - age   8:    1073144 bytes,    5404832 total
[2021-04-18T11:33:43.163+0000][8][gc,age      ] GC(12) - age   9:    1828096 bytes,    7232928 total
[2021-04-18T11:33:43.163+0000][8][gc,phases   ] GC(12)   Pre Evacuate Collection Set: 0.1ms
[2021-04-18T11:33:43.163+0000][8][gc,phases   ] GC(12)   Merge Heap Roots: 0.1ms
[2021-04-18T11:33:43.163+0000][8][gc,phases   ] GC(12)   Evacuate Collection Set: 9.7ms
[2021-04-18T11:33:43.163+0000][8][gc,phases   ] GC(12)   Post Evacuate Collection Set: 0.5ms
[2021-04-18T11:33:43.163+0000][8][gc,phases   ] GC(12)   Other: 0.4ms
[2021-04-18T11:33:43.163+0000][8][gc,heap     ] GC(12) Eden regions: 4->0(36)
[2021-04-18T11:33:43.163+0000][8][gc,heap     ] GC(12) Survivor regions: 3->2(5)
[2021-04-18T11:33:43.163+0000][8][gc,heap     ] GC(12) Old regions: 2->3
[2021-04-18T11:33:43.163+0000][8][gc,heap     ] GC(12) Archive regions: 2->2
[2021-04-18T11:33:43.163+0000][8][gc,heap     ] GC(12) Humongous regions: 0->0
[2021-04-18T11:33:43.163+0000][8][gc,metaspace] GC(12) Metaspace: 20081K(21296K)->20081K(21296K) NonClass: 17643K(18608K)->17643K(18608K) Class: 2437K(2688K)->2437K(2688K)
[2021-04-18T11:33:43.163+0000][8][gc          ] GC(12) Pause Young (Concurrent Start) (Metadata GC Threshold) 35M->21M(256M) 10.920ms
[2021-04-18T11:33:43.164+0000][8][gc,cpu      ] GC(12) User=0.04s Sys=0.00s Real=0.01s
[2021-04-18T11:33:43.164+0000][8][gc          ] GC(13) Concurrent Cycle
[2021-04-18T11:33:43.164+0000][8][gc,marking  ] GC(13) Concurrent Clear Claimed Marks
[2021-04-18T11:33:43.164+0000][8][gc,marking  ] GC(13) Concurrent Clear Claimed Marks 0.030ms
[2021-04-18T11:33:43.164+0000][8][gc,marking  ] GC(13) Concurrent Scan Root Regions
[2021-04-18T11:33:43.164+0000][8][safepoint   ] Safepoint "CollectForMetadataAllocation", Time since last: 33458383 ns, Reaching safepoint: 65245 ns, At safepoint: 11351474 ns, Total: 11416719 ns
[2021-04-18T11:33:43.170+0000][8][gc,marking  ] GC(13) Concurrent Scan Root Regions 6.226ms
[2021-04-18T11:33:43.170+0000][8][gc,marking  ] GC(13) Concurrent Mark (7.704s)
[2021-04-18T11:33:43.170+0000][8][gc,marking  ] GC(13) Concurrent Mark From Roots
[2021-04-18T11:33:43.170+0000][8][gc,task     ] GC(13) Using 2 workers of 2 for marking
[2021-04-18T11:33:43.194+0000][8][gc,marking  ] GC(13) Concurrent Mark From Roots 24.309ms
[2021-04-18T11:33:43.194+0000][8][gc,marking  ] GC(13) Concurrent Preclean
[2021-04-18T11:33:43.194+0000][8][gc,marking  ] GC(13) Concurrent Preclean 0.210ms
[2021-04-18T11:33:43.194+0000][8][gc,marking  ] GC(13) Concurrent Mark (7.704s, 7.728s) 24.593ms
[2021-04-18T11:33:43.195+0000][8][gc,start    ] GC(13) Pause Remark
[2021-04-18T11:33:43.200+0000][8][gc          ] GC(13) Pause Remark 33M->33M(256M) 5.285ms
[2021-04-18T11:33:43.200+0000][8][gc,cpu      ] GC(13) User=0.01s Sys=0.00s Real=0.01s
[2021-04-18T11:33:43.200+0000][8][safepoint   ] Safepoint "G1Concurrent", Time since last: 30651041 ns, Reaching safepoint: 158181 ns, At safepoint: 5373666 ns, Total: 5531847 ns
[2021-04-18T11:33:43.200+0000][8][gc,marking  ] GC(13) Concurrent Rebuild Remembered Sets
[2021-04-18T11:33:43.214+0000][8][gc,marking  ] GC(13) Concurrent Rebuild Remembered Sets 14.350ms
[2021-04-18T11:33:43.215+0000][8][gc,start    ] GC(13) Pause Cleanup
[2021-04-18T11:33:43.215+0000][8][gc          ] GC(13) Pause Cleanup 43M->43M(256M) 0.083ms
[2021-04-18T11:33:43.215+0000][8][gc,cpu      ] GC(13) User=0.00s Sys=0.00s Real=0.00s
[2021-04-18T11:33:43.215+0000][8][safepoint   ] Safepoint "G1Concurrent", Time since last: 14450830 ns, Reaching safepoint: 529424 ns, At safepoint: 137185 ns, Total: 666609 ns
[2021-04-18T11:33:43.215+0000][8][gc,marking  ] GC(13) Concurrent Cleanup for Next Mark
[2021-04-18T11:33:43.215+0000][8][gc,marking  ] GC(13) Concurrent Cleanup for Next Mark 0.198ms
[2021-04-18T11:33:43.215+0000][8][gc          ] GC(13) Concurrent Cycle 51.904ms
[2021-04-18T11:33:43.484+0000][8][gc,start    ] GC(14) Pause Young (Normal) (G1 Evacuation Pause)
[2021-04-18T11:33:43.484+0000][8][gc,task     ] GC(14) Using 6 workers of 8 for evacuation
[2021-04-18T11:33:43.484+0000][8][gc,age      ] GC(14) Desired survivor size 10485760 bytes, new threshold 15 (max threshold 15)
[2021-04-18T11:33:43.491+0000][8][gc,age      ] GC(14) Age table with threshold 15 (max threshold 15)
[2021-04-18T11:33:43.491+0000][8][gc,age      ] GC(14) - age   1:    1911304 bytes,    1911304 total
[2021-04-18T11:33:43.491+0000][8][gc,age      ] GC(14) - age   2:     389128 bytes,    2300432 total
[2021-04-18T11:33:43.491+0000][8][gc,age      ] GC(14) - age   3:    1526584 bytes,    3827016 total
[2021-04-18T11:33:43.491+0000][8][gc,age      ] GC(14) - age   4:     185040 bytes,    4012056 total
[2021-04-18T11:33:43.491+0000][8][gc,age      ] GC(14) - age   5:     205320 bytes,    4217376 total
[2021-04-18T11:33:43.491+0000][8][gc,age      ] GC(14) - age   6:     263024 bytes,    4480400 total
[2021-04-18T11:33:43.491+0000][8][gc,age      ] GC(14) - age   7:     379064 bytes,    4859464 total
[2021-04-18T11:33:43.491+0000][8][gc,age      ] GC(14) - age   8:    1360584 bytes,    6220048 total
[2021-04-18T11:33:43.491+0000][8][gc,age      ] GC(14) - age   9:    1073144 bytes,    7293192 total
[2021-04-18T11:33:43.491+0000][8][gc,age      ] GC(14) - age  10:    1827968 bytes,    9121160 total
[2021-04-18T11:33:43.491+0000][8][gc,phases   ] GC(14)   Pre Evacuate Collection Set: 0.0ms
[2021-04-18T11:33:43.491+0000][8][gc,phases   ] GC(14)   Merge Heap Roots: 0.4ms
[2021-04-18T11:33:43.491+0000][8][gc,phases   ] GC(14)   Evacuate Collection Set: 5.0ms
[2021-04-18T11:33:43.491+0000][8][gc,phases   ] GC(14)   Post Evacuate Collection Set: 1.7ms
[2021-04-18T11:33:43.491+0000][8][gc,phases   ] GC(14)   Other: 0.3ms
[2021-04-18T11:33:43.491+0000][8][gc,heap     ] GC(14) Eden regions: 36->0(35)
[2021-04-18T11:33:43.491+0000][8][gc,heap     ] GC(14) Survivor regions: 2->3(5)
[2021-04-18T11:33:43.491+0000][8][gc,heap     ] GC(14) Old regions: 3->3
[2021-04-18T11:33:43.491+0000][8][gc,heap     ] GC(14) Archive regions: 2->2
[2021-04-18T11:33:43.491+0000][8][gc,heap     ] GC(14) Humongous regions: 0->0
[2021-04-18T11:33:43.491+0000][8][gc,metaspace] GC(14) Metaspace: 20217K(21628K)->20217K(21628K) NonClass: 17750K(18812K)->17750K(18812K) Class: 2467K(2816K)->2467K(2816K)
[2021-04-18T11:33:43.491+0000][8][gc          ] GC(14) Pause Young (Normal) (G1 Evacuation Pause) 165M->22M(256M) 7.674ms
[2021-04-18T11:33:43.491+0000][8][gc,cpu      ] GC(14) User=0.03s Sys=0.00s Real=0.01s
[2021-04-18T11:33:43.491+0000][8][safepoint   ] Safepoint "G1CollectForAllocation", Time since last: 267786862 ns, Reaching safepoint: 516862 ns, At safepoint: 7774667 ns, Total: 8291529 ns
[2021-04-18T11:33:43.739+0000][8][gc,start    ] GC(15) Pause Young (Normal) (G1 Evacuation Pause)
[2021-04-18T11:33:43.739+0000][8][gc,task     ] GC(15) Using 6 workers of 8 for evacuation
[2021-04-18T11:33:43.739+0000][8][gc,age      ] GC(15) Desired survivor size 10485760 bytes, new threshold 15 (max threshold 15)
[2021-04-18T11:33:43.745+0000][8][gc,age      ] GC(15) Age table with threshold 15 (max threshold 15)
[2021-04-18T11:33:43.745+0000][8][gc,age      ] GC(15) - age   1:    1452496 bytes,    1452496 total
[2021-04-18T11:33:43.745+0000][8][gc,age      ] GC(15) - age   2:     193200 bytes,    1645696 total
[2021-04-18T11:33:43.745+0000][8][gc,age      ] GC(15) - age   3:     389128 bytes,    2034824 total
[2021-04-18T11:33:43.745+0000][8][gc,age      ] GC(15) - age   4:    1526584 bytes,    3561408 total
[2021-04-18T11:33:43.745+0000][8][gc,age      ] GC(15) - age   5:     184824 bytes,    3746232 total
[2021-04-18T11:33:43.745+0000][8][gc,age      ] GC(15) - age   6:     205320 bytes,    3951552 total
[2021-04-18T11:33:43.745+0000][8][gc,age      ] GC(15) - age   7:     262480 bytes,    4214032 total
[2021-04-18T11:33:43.745+0000][8][gc,age      ] GC(15) - age   8:     379064 bytes,    4593096 total
[2021-04-18T11:33:43.745+0000][8][gc,age      ] GC(15) - age   9:    1360584 bytes,    5953680 total
[2021-04-18T11:33:43.745+0000][8][gc,age      ] GC(15) - age  10:    1073144 bytes,    7026824 total
[2021-04-18T11:33:43.745+0000][8][gc,age      ] GC(15) - age  11:    1827968 bytes,    8854792 total
[2021-04-18T11:33:43.745+0000][8][gc,phases   ] GC(15)   Pre Evacuate Collection Set: 0.1ms
[2021-04-18T11:33:43.745+0000][8][gc,phases   ] GC(15)   Merge Heap Roots: 0.0ms
[2021-04-18T11:33:43.745+0000][8][gc,phases   ] GC(15)   Evacuate Collection Set: 5.5ms
[2021-04-18T11:33:43.745+0000][8][gc,phases   ] GC(15)   Post Evacuate Collection Set: 0.4ms
[2021-04-18T11:33:43.745+0000][8][gc,phases   ] GC(15)   Other: 0.3ms
[2021-04-18T11:33:43.745+0000][8][gc,heap     ] GC(15) Eden regions: 35->0(35)
[2021-04-18T11:33:43.745+0000][8][gc,heap     ] GC(15) Survivor regions: 3->3(5)
[2021-04-18T11:33:43.745+0000][8][gc,heap     ] GC(15) Old regions: 3->3
[2021-04-18T11:33:43.745+0000][8][gc,heap     ] GC(15) Archive regions: 2->2
[2021-04-18T11:33:43.745+0000][8][gc,heap     ] GC(15) Humongous regions: 0->0
[2021-04-18T11:33:43.745+0000][8][gc,metaspace] GC(15) Metaspace: 20244K(21628K)->20244K(21628K) NonClass: 17772K(18812K)->17772K(18812K) Class: 2472K(2816K)->2472K(2816K)
[2021-04-18T11:33:43.745+0000][8][gc          ] GC(15) Pause Young (Normal) (G1 Evacuation Pause) 162M->22M(256M) 6.394ms
[2021-04-18T11:33:43.745+0000][8][gc,cpu      ] GC(15) User=0.02s Sys=0.00s Real=0.00s
[2021-04-18T11:33:43.745+0000][8][safepoint   ] Safepoint "G1CollectForAllocation", Time since last: 247509032 ns, Reaching safepoint: 149467 ns, At safepoint: 6505802 ns, Total: 6655269 ns
[2021-04-18T11:33:43.947+0000][8][gc,start    ] GC(16) Pause Young (Normal) (G1 Evacuation Pause)
[2021-04-18T11:33:43.947+0000][8][gc,task     ] GC(16) Using 6 workers of 8 for evacuation
[2021-04-18T11:33:43.947+0000][8][gc,age      ] GC(16) Desired survivor size 10485760 bytes, new threshold 15 (max threshold 15)
[2021-04-18T11:33:43.956+0000][8][gc,age      ] GC(16) Age table with threshold 15 (max threshold 15)
[2021-04-18T11:33:43.956+0000][8][gc,age      ] GC(16) - age   1:    1303288 bytes,    1303288 total
[2021-04-18T11:33:43.956+0000][8][gc,age      ] GC(16) - age   2:     491128 bytes,    1794416 total
[2021-04-18T11:33:43.956+0000][8][gc,age      ] GC(16) - age   3:     193200 bytes,    1987616 total
[2021-04-18T11:33:43.956+0000][8][gc,age      ] GC(16) - age   4:     389128 bytes,    2376744 total
[2021-04-18T11:33:43.956+0000][8][gc,age      ] GC(16) - age   5:    1526584 bytes,    3903328 total
[2021-04-18T11:33:43.956+0000][8][gc,age      ] GC(16) - age   6:     184824 bytes,    4088152 total
[2021-04-18T11:33:43.956+0000][8][gc,age      ] GC(16) - age   7:     205320 bytes,    4293472 total
[2021-04-18T11:33:43.956+0000][8][gc,age      ] GC(16) - age   8:     262480 bytes,    4555952 total
[2021-04-18T11:33:43.956+0000][8][gc,age      ] GC(16) - age   9:     379064 bytes,    4935016 total
[2021-04-18T11:33:43.956+0000][8][gc,age      ] GC(16) - age  10:    1360584 bytes,    6295600 total
[2021-04-18T11:33:43.956+0000][8][gc,age      ] GC(16) - age  11:    1073144 bytes,    7368744 total
[2021-04-18T11:33:43.956+0000][8][gc,age      ] GC(16) - age  12:    1827968 bytes,    9196712 total
[2021-04-18T11:33:43.956+0000][8][gc,phases   ] GC(16)   Pre Evacuate Collection Set: 0.1ms
[2021-04-18T11:33:43.956+0000][8][gc,phases   ] GC(16)   Merge Heap Roots: 0.0ms
[2021-04-18T11:33:43.956+0000][8][gc,phases   ] GC(16)   Evacuate Collection Set: 6.5ms
[2021-04-18T11:33:43.956+0000][8][gc,phases   ] GC(16)   Post Evacuate Collection Set: 1.8ms
[2021-04-18T11:33:43.956+0000][8][gc,phases   ] GC(16)   Other: 0.3ms
[2021-04-18T11:33:43.956+0000][8][gc,heap     ] GC(16) Eden regions: 35->0(35)
[2021-04-18T11:33:43.956+0000][8][gc,heap     ] GC(16) Survivor regions: 3->3(5)
[2021-04-18T11:33:43.956+0000][8][gc,heap     ] GC(16) Old regions: 3->3
[2021-04-18T11:33:43.956+0000][8][gc,heap     ] GC(16) Archive regions: 2->2
[2021-04-18T11:33:43.956+0000][8][gc,heap     ] GC(16) Humongous regions: 0->0
[2021-04-18T11:33:43.956+0000][8][gc,metaspace] GC(16) Metaspace: 20278K(21628K)->20278K(21628K) NonClass: 17797K(18812K)->17797K(18812K) Class: 2480K(2816K)->2480K(2816K)
[2021-04-18T11:33:43.956+0000][8][gc          ] GC(16) Pause Young (Normal) (G1 Evacuation Pause) 162M->23M(256M) 8.849ms
[2021-04-18T11:33:43.956+0000][8][gc,cpu      ] GC(16) User=0.03s Sys=0.00s Real=0.01s
[2021-04-18T11:33:43.956+0000][8][safepoint   ] Safepoint "G1CollectForAllocation", Time since last: 201854969 ns, Reaching safepoint: 96056 ns, At safepoint: 8927487 ns, Total: 9023543 ns
[2021-04-18T11:33:44.860+0000][8][safepoint   ] Safepoint "ICBufferFull", Time since last: 903504944 ns, Reaching safepoint: 580257 ns, At safepoint: 11897 ns, Total: 592154 ns
[2021-04-18T11:33:45.527+0000][8][safepoint   ] Safepoint "ICBufferFull", Time since last: 666310689 ns, Reaching safepoint: 658005 ns, At safepoint: 10490 ns, Total: 668495 ns
[2021-04-18T11:33:46.328+0000][8][gc,start    ] GC(17) Pause Young (Normal) (G1 Evacuation Pause)
[2021-04-18T11:33:46.328+0000][8][gc,task     ] GC(17) Using 6 workers of 8 for evacuation
[2021-04-18T11:33:46.328+0000][8][gc,age      ] GC(17) Desired survivor size 10485760 bytes, new threshold 15 (max threshold 15)
[2021-04-18T11:33:46.364+0000][8][gc,age      ] GC(17) Age table with threshold 15 (max threshold 15)
[2021-04-18T11:33:46.364+0000][8][gc,age      ] GC(17) - age   1:   12708184 bytes,   12708184 total
[2021-04-18T11:33:46.364+0000][8][gc,age      ] GC(17) - age   2:     308184 bytes,   13016368 total
[2021-04-18T11:33:46.364+0000][8][gc,age      ] GC(17) - age   3:     491128 bytes,   13507496 total
[2021-04-18T11:33:46.364+0000][8][gc,age      ] GC(17) - age   4:     192224 bytes,   13699720 total
[2021-04-18T11:33:46.364+0000][8][gc,age      ] GC(17) - age   5:     386976 bytes,   14086696 total
[2021-04-18T11:33:46.364+0000][8][gc,age      ] GC(17) - age   6:    1524752 bytes,   15611448 total
[2021-04-18T11:33:46.364+0000][8][gc,age      ] GC(17) - age   7:     184400 bytes,   15795848 total
[2021-04-18T11:33:46.364+0000][8][gc,age      ] GC(17) - age   8:     204888 bytes,   16000736 total
[2021-04-18T11:33:46.364+0000][8][gc,age      ] GC(17) - age   9:     255368 bytes,   16256104 total
[2021-04-18T11:33:46.364+0000][8][gc,age      ] GC(17) - age  10:     376520 bytes,   16632624 total
[2021-04-18T11:33:46.364+0000][8][gc,age      ] GC(17) - age  11:    1358088 bytes,   17990712 total
[2021-04-18T11:33:46.364+0000][8][gc,age      ] GC(17) - age  12:    1071416 bytes,   19062128 total
[2021-04-18T11:33:46.364+0000][8][gc,age      ] GC(17) - age  13:    1820720 bytes,   20882848 total
[2021-04-18T11:33:46.364+0000][8][gc,phases   ] GC(17)   Pre Evacuate Collection Set: 0.1ms
[2021-04-18T11:33:46.364+0000][8][gc,phases   ] GC(17)   Merge Heap Roots: 0.1ms
[2021-04-18T11:33:46.364+0000][8][gc,phases   ] GC(17)   Evacuate Collection Set: 34.8ms
[2021-04-18T11:33:46.364+0000][8][gc,phases   ] GC(17)   Post Evacuate Collection Set: 1.1ms
[2021-04-18T11:33:46.364+0000][8][gc,phases   ] GC(17)   Other: 0.3ms
[2021-04-18T11:33:46.364+0000][8][gc,heap     ] GC(17) Eden regions: 35->0(33)
[2021-04-18T11:33:46.364+0000][8][gc,heap     ] GC(17) Survivor regions: 3->5(5)
[2021-04-18T11:33:46.364+0000][8][gc,heap     ] GC(17) Old regions: 3->3
[2021-04-18T11:33:46.364+0000][8][gc,heap     ] GC(17) Archive regions: 2->2
[2021-04-18T11:33:46.364+0000][8][gc,heap     ] GC(17) Humongous regions: 0->0
[2021-04-18T11:33:46.364+0000][8][gc,metaspace] GC(17) Metaspace: 30089K(32256K)->30089K(32256K) NonClass: 26325K(27904K)->26325K(27904K) Class: 3764K(4352K)->3764K(4352K)
[2021-04-18T11:33:46.364+0000][8][gc          ] GC(17) Pause Young (Normal) (G1 Evacuation Pause) 163M->35M(256M) 36.575ms
[2021-04-18T11:33:46.364+0000][8][gc,cpu      ] GC(17) User=0.20s Sys=0.00s Real=0.04s
[2021-04-18T11:33:46.364+0000][8][safepoint   ] Safepoint "G1CollectForAllocation", Time since last: 799927018 ns, Reaching safepoint: 247669 ns, At safepoint: 36682718 ns, Total: 36930387 ns
[2021-04-18T11:33:47.366+0000][8][safepoint   ] Safepoint "Cleanup", Time since last: 1002032439 ns, Reaching safepoint: 120488 ns, At safepoint: 9226 ns, Total: 129714 ns
[2021-04-18T11:33:47.463+0000][8][gc,start    ] GC(18) Pause Young (Normal) (G1 Evacuation Pause)
[2021-04-18T11:33:47.463+0000][8][gc,task     ] GC(18) Using 6 workers of 8 for evacuation
[2021-04-18T11:33:47.463+0000][8][gc,age      ] GC(18) Desired survivor size 10485760 bytes, new threshold 1 (max threshold 15)
[2021-04-18T11:33:47.503+0000][8][gc,age      ] GC(18) Age table with threshold 1 (max threshold 15)
[2021-04-18T11:33:47.503+0000][8][gc,age      ] GC(18) - age   1:   16726440 bytes,   16726440 total
[2021-04-18T11:33:47.503+0000][8][gc,phases   ] GC(18)   Pre Evacuate Collection Set: 0.1ms
[2021-04-18T11:33:47.503+0000][8][gc,phases   ] GC(18)   Merge Heap Roots: 0.1ms
[2021-04-18T11:33:47.503+0000][8][gc,phases   ] GC(18)   Evacuate Collection Set: 39.1ms
[2021-04-18T11:33:47.503+0000][8][gc,phases   ] GC(18)   Post Evacuate Collection Set: 0.5ms
[2021-04-18T11:33:47.503+0000][8][gc,phases   ] GC(18)   Other: 0.2ms
[2021-04-18T11:33:47.503+0000][8][gc,heap     ] GC(18) Eden regions: 33->0(32)
[2021-04-18T11:33:47.503+0000][8][gc,heap     ] GC(18) Survivor regions: 5->5(5)
[2021-04-18T11:33:47.503+0000][8][gc,heap     ] GC(18) Old regions: 3->8
[2021-04-18T11:33:47.503+0000][8][gc,heap     ] GC(18) Archive regions: 2->2
[2021-04-18T11:33:47.503+0000][8][gc,heap     ] GC(18) Humongous regions: 0->0
[2021-04-18T11:33:47.503+0000][8][gc,metaspace] GC(18) Metaspace: 30140K(32256K)->30140K(32256K) NonClass: 26372K(27904K)->26372K(27904K) Class: 3768K(4352K)->3768K(4352K)
[2021-04-18T11:33:47.503+0000][8][gc          ] GC(18) Pause Young (Normal) (G1 Evacuation Pause) 167M->52M(256M) 40.042ms
[2021-04-18T11:33:47.503+0000][8][gc,cpu      ] GC(18) User=0.19s Sys=0.00s Real=0.04s
[2021-04-18T11:33:47.503+0000][8][safepoint   ] Safepoint "G1CollectForAllocation", Time since last: 96849202 ns, Reaching safepoint: 80244 ns, At safepoint: 40118555 ns, Total: 40198799 ns
[2021-04-18T11:33:48.080+0000][8][gc,start    ] GC(19) Pause Young (Concurrent Start) (Metadata GC Threshold)
[2021-04-18T11:33:48.080+0000][8][gc,task     ] GC(19) Using 6 workers of 8 for evacuation
[2021-04-18T11:33:48.080+0000][8][gc,age      ] GC(19) Desired survivor size 10485760 bytes, new threshold 1 (max threshold 15)
[2021-04-18T11:33:48.107+0000][8][gc,age      ] GC(19) Age table with threshold 1 (max threshold 15)
[2021-04-18T11:33:48.107+0000][8][gc,age      ] GC(19) - age   1:    7322224 bytes,    7322224 total
[2021-04-18T11:33:48.107+0000][8][gc,phases   ] GC(19)   Pre Evacuate Collection Set: 0.1ms
[2021-04-18T11:33:48.107+0000][8][gc,phases   ] GC(19)   Merge Heap Roots: 0.1ms
[2021-04-18T11:33:48.107+0000][8][gc,phases   ] GC(19)   Evacuate Collection Set: 26.6ms
[2021-04-18T11:33:48.107+0000][8][gc,phases   ] GC(19)   Post Evacuate Collection Set: 0.5ms
[2021-04-18T11:33:48.107+0000][8][gc,phases   ] GC(19)   Other: 0.3ms
[2021-04-18T11:33:48.107+0000][8][gc,heap     ] GC(19) Eden regions: 11->0(28)
[2021-04-18T11:33:48.107+0000][8][gc,heap     ] GC(19) Survivor regions: 5->2(5)
[2021-04-18T11:33:48.107+0000][8][gc,heap     ] GC(19) Old regions: 8->12
[2021-04-18T11:33:48.107+0000][8][gc,heap     ] GC(19) Archive regions: 2->2
[2021-04-18T11:33:48.107+0000][8][gc,heap     ] GC(19) Humongous regions: 0->0
[2021-04-18T11:33:48.107+0000][8][gc,metaspace] GC(19) Metaspace: 33745K(35968K)->33745K(35968K) NonClass: 29381K(30976K)->29381K(30976K) Class: 4363K(4992K)->4363K(4992K)
[2021-04-18T11:33:48.107+0000][8][gc          ] GC(19) Pause Young (Concurrent Start) (Metadata GC Threshold) 96M->59M(256M) 27.793ms
[2021-04-18T11:33:48.107+0000][8][gc,cpu      ] GC(19) User=0.12s Sys=0.00s Real=0.02s
[2021-04-18T11:33:48.108+0000][8][gc          ] GC(20) Concurrent Cycle
[2021-04-18T11:33:48.108+0000][8][gc,marking  ] GC(20) Concurrent Clear Claimed Marks
[2021-04-18T11:33:48.108+0000][8][gc,marking  ] GC(20) Concurrent Clear Claimed Marks 0.063ms
[2021-04-18T11:33:48.108+0000][8][gc,marking  ] GC(20) Concurrent Scan Root Regions
[2021-04-18T11:33:48.113+0000][8][safepoint   ] Safepoint "CollectForMetadataAllocation", Time since last: 575900990 ns, Reaching safepoint: 297645 ns, At safepoint: 33428483 ns, Total: 33726128 ns
[2021-04-18T11:33:48.128+0000][8][gc,marking  ] GC(20) Concurrent Scan Root Regions 20.295ms
[2021-04-18T11:33:48.128+0000][8][gc,marking  ] GC(20) Concurrent Mark (12.662s)
[2021-04-18T11:33:48.128+0000][8][gc,marking  ] GC(20) Concurrent Mark From Roots
[2021-04-18T11:33:48.128+0000][8][gc,task     ] GC(20) Using 2 workers of 2 for marking
[2021-04-18T11:33:48.157+0000][8][safepoint   ] Safepoint "CollectForMetadataAllocation", Time since last: 43201276 ns, Reaching safepoint: 96912 ns, At safepoint: 155844 ns, Total: 252756 ns
[2021-04-18T11:33:48.170+0000][8][gc,marking  ] GC(20) Concurrent Mark From Roots 42.143ms
[2021-04-18T11:33:48.170+0000][8][gc,marking  ] GC(20) Concurrent Preclean
[2021-04-18T11:33:48.170+0000][8][gc,marking  ] GC(20) Concurrent Preclean 0.268ms
[2021-04-18T11:33:48.170+0000][8][gc,marking  ] GC(20) Concurrent Mark (12.662s, 12.704s) 42.498ms
[2021-04-18T11:33:48.171+0000][8][gc,start    ] GC(20) Pause Remark
[2021-04-18T11:33:48.174+0000][8][gc          ] GC(20) Pause Remark 63M->63M(256M) 3.095ms
[2021-04-18T11:33:48.174+0000][8][gc,cpu      ] GC(20) User=0.01s Sys=0.00s Real=0.00s
[2021-04-18T11:33:48.174+0000][8][safepoint   ] Safepoint "G1Concurrent", Time since last: 14011231 ns, Reaching safepoint: 134850 ns, At safepoint: 3197455 ns, Total: 3332305 ns
[2021-04-18T11:33:48.174+0000][8][gc,marking  ] GC(20) Concurrent Rebuild Remembered Sets
[2021-04-18T11:33:48.227+0000][8][gc,marking  ] GC(20) Concurrent Rebuild Remembered Sets 52.639ms
[2021-04-18T11:33:48.227+0000][8][gc,start    ] GC(20) Pause Cleanup
[2021-04-18T11:33:48.227+0000][8][gc          ] GC(20) Pause Cleanup 65M->65M(256M) 0.094ms
[2021-04-18T11:33:48.227+0000][8][gc,cpu      ] GC(20) User=0.00s Sys=0.00s Real=0.00s
[2021-04-18T11:33:48.227+0000][8][safepoint   ] Safepoint "G1Concurrent", Time since last: 52755040 ns, Reaching safepoint: 423574 ns, At safepoint: 168093 ns, Total: 591667 ns
[2021-04-18T11:33:48.228+0000][8][gc,marking  ] GC(20) Concurrent Cleanup for Next Mark
[2021-04-18T11:33:48.228+0000][8][gc,marking  ] GC(20) Concurrent Cleanup for Next Mark 0.528ms
[2021-04-18T11:33:48.228+0000][8][gc          ] GC(20) Concurrent Cycle 120.567ms
[2021-04-18T11:33:48.508+0000][8][gc,start    ] GC(21) Pause Young (Concurrent Start) (G1 Evacuation Pause)
[2021-04-18T11:33:48.508+0000][8][gc,task     ] GC(21) Using 6 workers of 8 for evacuation
[2021-04-18T11:33:48.508+0000][8][gc,age      ] GC(21) Desired survivor size 8388608 bytes, new threshold 15 (max threshold 15)
[2021-04-18T11:33:48.520+0000][8][gc,age      ] GC(21) Age table with threshold 15 (max threshold 15)
[2021-04-18T11:33:48.520+0000][8][gc,age      ] GC(21) - age   1:     746432 bytes,     746432 total
[2021-04-18T11:33:48.520+0000][8][gc,age      ] GC(21) - age   2:    7230496 bytes,    7976928 total
[2021-04-18T11:33:48.520+0000][8][gc,phases   ] GC(21)   Pre Evacuate Collection Set: 0.1ms
[2021-04-18T11:33:48.520+0000][8][gc,phases   ] GC(21)   Merge Heap Roots: 0.1ms
[2021-04-18T11:33:48.520+0000][8][gc,phases   ] GC(21)   Evacuate Collection Set: 11.1ms
[2021-04-18T11:33:48.520+0000][8][gc,phases   ] GC(21)   Post Evacuate Collection Set: 0.5ms
[2021-04-18T11:33:48.520+0000][8][gc,phases   ] GC(21)   Other: 0.3ms
[2021-04-18T11:33:48.520+0000][8][gc,heap     ] GC(21) Eden regions: 28->0(30)
[2021-04-18T11:33:48.520+0000][8][gc,heap     ] GC(21) Survivor regions: 2->2(4)
[2021-04-18T11:33:48.520+0000][8][gc,heap     ] GC(21) Old regions: 12->12
[2021-04-18T11:33:48.520+0000][8][gc,heap     ] GC(21) Archive regions: 2->2
[2021-04-18T11:33:48.520+0000][8][gc,heap     ] GC(21) Humongous regions: 0->0
[2021-04-18T11:33:48.520+0000][8][gc,metaspace] GC(21) Metaspace: 35930K(38376K)->35930K(38376K) NonClass: 31350K(33180K)->31350K(33180K) Class: 4580K(5196K)->4580K(5196K)
[2021-04-18T11:33:48.520+0000][8][gc          ] GC(21) Pause Young (Concurrent Start) (G1 Evacuation Pause) 171M->59M(256M) 12.182ms
[2021-04-18T11:33:48.520+0000][8][gc,cpu      ] GC(21) User=0.04s Sys=0.00s Real=0.02s
[2021-04-18T11:33:48.520+0000][8][gc          ] GC(22) Concurrent Cycle
[2021-04-18T11:33:48.520+0000][8][safepoint   ] Safepoint "G1CollectForAllocation", Time since last: 280456697 ns, Reaching safepoint: 149997 ns, At safepoint: 12284728 ns, Total: 12434725 ns
[2021-04-18T11:33:48.520+0000][8][gc,marking  ] GC(22) Concurrent Clear Claimed Marks
[2021-04-18T11:33:48.520+0000][8][gc,marking  ] GC(22) Concurrent Clear Claimed Marks 0.073ms
[2021-04-18T11:33:48.520+0000][8][gc,marking  ] GC(22) Concurrent Scan Root Regions
[2021-04-18T11:33:48.531+0000][8][gc,marking  ] GC(22) Concurrent Scan Root Regions 10.961ms
[2021-04-18T11:33:48.531+0000][8][gc,marking  ] GC(22) Concurrent Mark (13.065s)
[2021-04-18T11:33:48.531+0000][8][gc,marking  ] GC(22) Concurrent Mark From Roots
[2021-04-18T11:33:48.531+0000][8][gc,task     ] GC(22) Using 2 workers of 2 for marking
[2021-04-18T11:33:48.644+0000][8][gc,marking  ] GC(22) Concurrent Mark From Roots 112.931ms
[2021-04-18T11:33:48.644+0000][8][gc,marking  ] GC(22) Concurrent Preclean
[2021-04-18T11:33:48.644+0000][8][gc,marking  ] GC(22) Concurrent Preclean 0.268ms
[2021-04-18T11:33:48.644+0000][8][gc,marking  ] GC(22) Concurrent Mark (13.065s, 13.178s) 113.271ms
[2021-04-18T11:33:48.645+0000][8][gc,start    ] GC(22) Pause Remark
[2021-04-18T11:33:48.649+0000][8][gc          ] GC(22) Pause Remark 63M->63M(256M) 4.607ms
[2021-04-18T11:33:48.649+0000][8][gc,cpu      ] GC(22) User=0.02s Sys=0.01s Real=0.01s
[2021-04-18T11:33:48.649+0000][8][safepoint   ] Safepoint "G1Concurrent", Time since last: 124407092 ns, Reaching safepoint: 161010 ns, At safepoint: 4701859 ns, Total: 4862869 ns
[2021-04-18T11:33:48.649+0000][8][gc,marking  ] GC(22) Concurrent Rebuild Remembered Sets
[2021-04-18T11:33:48.719+0000][8][gc,marking  ] GC(22) Concurrent Rebuild Remembered Sets 69.393ms
[2021-04-18T11:33:48.719+0000][8][gc,start    ] GC(22) Pause Cleanup
[2021-04-18T11:33:48.719+0000][8][gc          ] GC(22) Pause Cleanup 65M->65M(256M) 0.255ms
[2021-04-18T11:33:48.720+0000][8][gc,cpu      ] GC(22) User=0.00s Sys=0.00s Real=0.00s
[2021-04-18T11:33:48.720+0000][8][safepoint   ] Safepoint "G1Concurrent", Time since last: 69501015 ns, Reaching safepoint: 349703 ns, At safepoint: 323911 ns, Total: 673614 ns
[2021-04-18T11:33:48.720+0000][8][gc,marking  ] GC(22) Concurrent Cleanup for Next Mark
[2021-04-18T11:33:48.720+0000][8][gc,marking  ] GC(22) Concurrent Cleanup for Next Mark 0.334ms
[2021-04-18T11:33:48.720+0000][8][gc          ] GC(22) Concurrent Cycle 200.308ms
[2021-04-18T11:33:49.720+0000][8][safepoint   ] Safepoint "Cleanup", Time since last: 1000145890 ns, Reaching safepoint: 512713 ns, At safepoint: 4545 ns, Total: 517258 ns
[2021-04-18T11:33:50.648+0000][8][gc,start    ] GC(23) Pause Young (Normal) (G1 Evacuation Pause)
[2021-04-18T11:33:50.648+0000][8][gc,task     ] GC(23) Using 6 workers of 8 for evacuation
[2021-04-18T11:33:50.648+0000][8][gc,age      ] GC(23) Desired survivor size 8388608 bytes, new threshold 15 (max threshold 15)
[2021-04-18T11:33:50.666+0000][8][gc,age      ] GC(23) Age table with threshold 15 (max threshold 15)
[2021-04-18T11:33:50.667+0000][8][gc,age      ] GC(23) - age   1:    5785696 bytes,    5785696 total
[2021-04-18T11:33:50.667+0000][8][gc,age      ] GC(23) - age   2:     694872 bytes,    6480568 total
[2021-04-18T11:33:50.667+0000][8][gc,age      ] GC(23) - age   3:    7207448 bytes,   13688016 total
[2021-04-18T11:33:50.667+0000][8][gc,phases   ] GC(23)   Pre Evacuate Collection Set: 0.1ms
[2021-04-18T11:33:50.667+0000][8][gc,phases   ] GC(23)   Merge Heap Roots: 0.1ms
[2021-04-18T11:33:50.667+0000][8][gc,phases   ] GC(23)   Evacuate Collection Set: 17.2ms
[2021-04-18T11:33:50.667+0000][8][gc,phases   ] GC(23)   Post Evacuate Collection Set: 1.0ms
[2021-04-18T11:33:50.667+0000][8][gc,phases   ] GC(23)   Other: 0.2ms
[2021-04-18T11:33:50.667+0000][8][gc,heap     ] GC(23) Eden regions: 30->0(29)
[2021-04-18T11:33:50.667+0000][8][gc,heap     ] GC(23) Survivor regions: 2->4(4)
[2021-04-18T11:33:50.667+0000][8][gc,heap     ] GC(23) Old regions: 12->12
[2021-04-18T11:33:50.667+0000][8][gc,heap     ] GC(23) Archive regions: 2->2
[2021-04-18T11:33:50.667+0000][8][gc,heap     ] GC(23) Humongous regions: 0->0
[2021-04-18T11:33:50.667+0000][8][gc,metaspace] GC(23) Metaspace: 51828K(55272K)->51828K(55272K) NonClass: 44900K(47516K)->44900K(47516K) Class: 6928K(7756K)->6928K(7756K)
[2021-04-18T11:33:50.667+0000][8][gc          ] GC(23) Pause Young (Normal) (G1 Evacuation Pause) 179M->65M(256M) 18.726ms
[2021-04-18T11:33:50.667+0000][8][gc,cpu      ] GC(23) User=0.11s Sys=0.00s Real=0.02s
[2021-04-18T11:33:50.667+0000][8][safepoint   ] Safepoint "G1CollectForAllocation", Time since last: 927713891 ns, Reaching safepoint: 114245 ns, At safepoint: 18847630 ns, Total: 18961875 ns
[2021-04-18T11:33:51.005+0000][8][safepoint   ] Safepoint "ICBufferFull", Time since last: 337530999 ns, Reaching safepoint: 239631 ns, At safepoint: 8565 ns, Total: 248196 ns
[2021-04-18T11:33:51.977+0000][8][safepoint   ] Safepoint "ICBufferFull", Time since last: 972373985 ns, Reaching safepoint: 186911 ns, At safepoint: 8338 ns, Total: 195249 ns
[2021-04-18T11:33:52.132+0000][8][gc,start    ] GC(24) Pause Young (Normal) (G1 Evacuation Pause)
[2021-04-18T11:33:52.132+0000][8][gc,task     ] GC(24) Using 6 workers of 8 for evacuation
[2021-04-18T11:33:52.132+0000][8][gc,age      ] GC(24) Desired survivor size 10485760 bytes, new threshold 3 (max threshold 15)
[2021-04-18T11:33:52.146+0000][8][gc,age      ] GC(24) Age table with threshold 3 (max threshold 15)
[2021-04-18T11:33:52.146+0000][8][gc,age      ] GC(24) - age   1:    4218984 bytes,    4218984 total
[2021-04-18T11:33:52.146+0000][8][gc,age      ] GC(24) - age   2:    5626136 bytes,    9845120 total
[2021-04-18T11:33:52.146+0000][8][gc,age      ] GC(24) - age   3:     694664 bytes,   10539784 total
[2021-04-18T11:33:52.146+0000][8][gc,phases   ] GC(24)   Pre Evacuate Collection Set: 0.0ms
[2021-04-18T11:33:52.146+0000][8][gc,phases   ] GC(24)   Merge Heap Roots: 0.0ms
[2021-04-18T11:33:52.146+0000][8][gc,phases   ] GC(24)   Evacuate Collection Set: 13.1ms
[2021-04-18T11:33:52.146+0000][8][gc,phases   ] GC(24)   Post Evacuate Collection Set: 0.8ms
[2021-04-18T11:33:52.146+0000][8][gc,phases   ] GC(24)   Other: 0.2ms
[2021-04-18T11:33:52.146+0000][8][gc,heap     ] GC(24) Eden regions: 29->0(29)
[2021-04-18T11:33:52.146+0000][8][gc,heap     ] GC(24) Survivor regions: 4->3(5)
[2021-04-18T11:33:52.146+0000][8][gc,heap     ] GC(24) Old regions: 12->14
[2021-04-18T11:33:52.146+0000][8][gc,heap     ] GC(24) Archive regions: 2->2
[2021-04-18T11:33:52.146+0000][8][gc,heap     ] GC(24) Humongous regions: 0->0
[2021-04-18T11:33:52.146+0000][8][gc,metaspace] GC(24) Metaspace: 57845K(61416K)->57845K(61416K) NonClass: 50268K(52892K)->50268K(52892K) Class: 7576K(8524K)->7576K(8524K)
[2021-04-18T11:33:52.146+0000][8][gc          ] GC(24) Pause Young (Normal) (G1 Evacuation Pause) 181M->69M(256M) 14.253ms
[2021-04-18T11:33:52.146+0000][8][gc,cpu      ] GC(24) User=0.11s Sys=0.00s Real=0.01s
[2021-04-18T11:33:52.146+0000][8][safepoint   ] Safepoint "G1CollectForAllocation", Time since last: 154621698 ns, Reaching safepoint: 94285 ns, At safepoint: 14325042 ns, Total: 14419327 ns
[2021-04-18T11:33:52.376+0000][8][gc,start    ] GC(25) Pause Young (Concurrent Start) (Metadata GC Threshold)
[2021-04-18T11:33:52.376+0000][8][gc,task     ] GC(25) Using 6 workers of 8 for evacuation
[2021-04-18T11:33:52.376+0000][8][gc,age      ] GC(25) Desired survivor size 8388608 bytes, new threshold 2 (max threshold 15)
[2021-04-18T11:33:52.384+0000][8][gc,age      ] GC(25) Age table with threshold 2 (max threshold 15)
[2021-04-18T11:33:52.384+0000][8][gc,age      ] GC(25) - age   1:    1535296 bytes,    1535296 total
[2021-04-18T11:33:52.384+0000][8][gc,age      ] GC(25) - age   2:    4163640 bytes,    5698936 total
[2021-04-18T11:33:52.384+0000][8][gc,phases   ] GC(25)   Pre Evacuate Collection Set: 0.1ms
[2021-04-18T11:33:52.384+0000][8][gc,phases   ] GC(25)   Merge Heap Roots: 0.0ms
[2021-04-18T11:33:52.384+0000][8][gc,phases   ] GC(25)   Evacuate Collection Set: 7.6ms
[2021-04-18T11:33:52.384+0000][8][gc,phases   ] GC(25)   Post Evacuate Collection Set: 0.4ms
[2021-04-18T11:33:52.384+0000][8][gc,phases   ] GC(25)   Other: 0.2ms
[2021-04-18T11:33:52.384+0000][8][gc,heap     ] GC(25) Eden regions: 4->0(28)
[2021-04-18T11:33:52.384+0000][8][gc,heap     ] GC(25) Survivor regions: 3->2(4)
[2021-04-18T11:33:52.384+0000][8][gc,heap     ] GC(25) Old regions: 14->16
[2021-04-18T11:33:52.384+0000][8][gc,heap     ] GC(25) Archive regions: 2->2
[2021-04-18T11:33:52.384+0000][8][gc,heap     ] GC(25) Humongous regions: 0->0
[2021-04-18T11:33:52.384+0000][8][gc,metaspace] GC(25) Metaspace: 60239K(63848K)->60239K(63848K) NonClass: 52309K(54940K)->52309K(54940K) Class: 7930K(8908K)->7930K(8908K)
[2021-04-18T11:33:52.384+0000][8][gc          ] GC(25) Pause Young (Concurrent Start) (Metadata GC Threshold) 85M->71M(256M) 8.428ms
[2021-04-18T11:33:52.384+0000][8][gc,cpu      ] GC(25) User=0.06s Sys=0.00s Real=0.01s
[2021-04-18T11:33:52.384+0000][8][gc          ] GC(26) Concurrent Cycle
[2021-04-18T11:33:52.384+0000][8][gc,marking  ] GC(26) Concurrent Clear Claimed Marks
[2021-04-18T11:33:52.384+0000][8][gc,marking  ] GC(26) Concurrent Clear Claimed Marks 0.049ms
[2021-04-18T11:33:52.384+0000][8][gc,marking  ] GC(26) Concurrent Scan Root Regions
[2021-04-18T11:33:52.384+0000][8][safepoint   ] Safepoint "CollectForMetadataAllocation", Time since last: 229403768 ns, Reaching safepoint: 164128 ns, At safepoint: 8613099 ns, Total: 8777227 ns
[2021-04-18T11:33:52.392+0000][8][gc,marking  ] GC(26) Concurrent Scan Root Regions 7.477ms
[2021-04-18T11:33:52.392+0000][8][gc,marking  ] GC(26) Concurrent Mark (16.926s)
[2021-04-18T11:33:52.392+0000][8][gc,marking  ] GC(26) Concurrent Mark From Roots
[2021-04-18T11:33:52.392+0000][8][gc,task     ] GC(26) Using 2 workers of 2 for marking
[2021-04-18T11:33:52.431+0000][8][safepoint   ] Safepoint "CollectForMetadataAllocation", Time since last: 46550229 ns, Reaching safepoint: 144120 ns, At safepoint: 135544 ns, Total: 279664 ns
[2021-04-18T11:33:52.456+0000][8][safepoint   ] Safepoint "CollectForMetadataAllocation", Time since last: 24744898 ns, Reaching safepoint: 163902 ns, At safepoint: 140744 ns, Total: 304646 ns
[2021-04-18T11:33:52.462+0000][8][gc,marking  ] GC(26) Concurrent Mark From Roots 70.025ms
[2021-04-18T11:33:52.462+0000][8][gc,marking  ] GC(26) Concurrent Preclean
[2021-04-18T11:33:52.462+0000][8][gc,marking  ] GC(26) Concurrent Preclean 0.339ms
[2021-04-18T11:33:52.462+0000][8][gc,marking  ] GC(26) Concurrent Mark (16.926s, 16.996s) 70.416ms
[2021-04-18T11:33:52.463+0000][8][gc,start    ] GC(26) Pause Remark
[2021-04-18T11:33:52.465+0000][8][gc          ] GC(26) Pause Remark 81M->81M(256M) 2.846ms
[2021-04-18T11:33:52.465+0000][8][gc,cpu      ] GC(26) User=0.02s Sys=0.00s Real=0.00s
[2021-04-18T11:33:52.465+0000][8][safepoint   ] Safepoint "G1Concurrent", Time since last: 6059774 ns, Reaching safepoint: 110104 ns, At safepoint: 2913612 ns, Total: 3023716 ns
[2021-04-18T11:33:52.465+0000][8][gc,marking  ] GC(26) Concurrent Rebuild Remembered Sets
[2021-04-18T11:33:52.524+0000][8][gc,marking  ] GC(26) Concurrent Rebuild Remembered Sets 58.479ms
[2021-04-18T11:33:52.524+0000][8][gc,start    ] GC(26) Pause Cleanup
[2021-04-18T11:33:52.525+0000][8][gc          ] GC(26) Pause Cleanup 85M->85M(256M) 0.061ms
[2021-04-18T11:33:52.525+0000][8][gc,cpu      ] GC(26) User=0.00s Sys=0.00s Real=0.00s
[2021-04-18T11:33:52.525+0000][8][safepoint   ] Safepoint "G1Concurrent", Time since last: 58552469 ns, Reaching safepoint: 472322 ns, At safepoint: 99729 ns, Total: 572051 ns
[2021-04-18T11:33:52.525+0000][8][gc,marking  ] GC(26) Concurrent Cleanup for Next Mark
[2021-04-18T11:33:52.525+0000][8][gc,marking  ] GC(26) Concurrent Cleanup for Next Mark 0.204ms
[2021-04-18T11:33:52.525+0000][8][gc          ] GC(26) Concurrent Cycle 140.450ms
[2021-04-18T11:33:53.526+0000][8][safepoint   ] Safepoint "Cleanup", Time since last: 1000172178 ns, Reaching safepoint: 942056 ns, At safepoint: 6699 ns, Total: 948755 ns
[2021-04-18T11:33:53.796+0000][8][gc,start    ] GC(27) Pause Young (Concurrent Start) (G1 Evacuation Pause)
[2021-04-18T11:33:53.796+0000][8][gc,task     ] GC(27) Using 6 workers of 8 for evacuation
[2021-04-18T11:33:53.796+0000][8][gc,age      ] GC(27) Desired survivor size 8388608 bytes, new threshold 15 (max threshold 15)
[2021-04-18T11:33:53.804+0000][8][gc,age      ] GC(27) Age table with threshold 15 (max threshold 15)
[2021-04-18T11:33:53.804+0000][8][gc,age      ] GC(27) - age   1:    5871704 bytes,    5871704 total
[2021-04-18T11:33:53.804+0000][8][gc,age      ] GC(27) - age   2:    1508072 bytes,    7379776 total
[2021-04-18T11:33:53.804+0000][8][gc,age      ] GC(27) - age   3:    4136616 bytes,   11516392 total
[2021-04-18T11:33:53.804+0000][8][gc,phases   ] GC(27)   Pre Evacuate Collection Set: 0.1ms
[2021-04-18T11:33:53.805+0000][8][gc,phases   ] GC(27)   Merge Heap Roots: 0.1ms
[2021-04-18T11:33:53.805+0000][8][gc,phases   ] GC(27)   Evacuate Collection Set: 7.6ms
[2021-04-18T11:33:53.805+0000][8][gc,phases   ] GC(27)   Post Evacuate Collection Set: 0.8ms
[2021-04-18T11:33:53.805+0000][8][gc,phases   ] GC(27)   Other: 0.2ms
[2021-04-18T11:33:53.805+0000][8][gc,heap     ] GC(27) Eden regions: 28->0(27)
[2021-04-18T11:33:53.805+0000][8][gc,heap     ] GC(27) Survivor regions: 2->3(4)
[2021-04-18T11:33:53.805+0000][8][gc,heap     ] GC(27) Old regions: 16->16
[2021-04-18T11:33:53.805+0000][8][gc,heap     ] GC(27) Archive regions: 2->2
[2021-04-18T11:33:53.805+0000][8][gc,heap     ] GC(27) Humongous regions: 0->0
[2021-04-18T11:33:53.805+0000][8][gc,metaspace] GC(27) Metaspace: 76852K(80676K)->76852K(80676K) NonClass: 66524K(69208K)->66524K(69208K) Class: 10328K(11468K)->10328K(11468K)
[2021-04-18T11:33:53.805+0000][8][gc          ] GC(27) Pause Young (Concurrent Start) (G1 Evacuation Pause) 183M->76M(256M) 8.823ms
[2021-04-18T11:33:53.805+0000][8][gc,cpu      ] GC(27) User=0.05s Sys=0.00s Real=0.01s
[2021-04-18T11:33:53.805+0000][8][gc          ] GC(28) Concurrent Cycle
[2021-04-18T11:33:53.805+0000][8][safepoint   ] Safepoint "G1CollectForAllocation", Time since last: 269923804 ns, Reaching safepoint: 155587 ns, At safepoint: 8888451 ns, Total: 9044038 ns
[2021-04-18T11:33:53.805+0000][8][gc,marking  ] GC(28) Concurrent Clear Claimed Marks
[2021-04-18T11:33:53.805+0000][8][gc,marking  ] GC(28) Concurrent Clear Claimed Marks 0.070ms
[2021-04-18T11:33:53.805+0000][8][gc,marking  ] GC(28) Concurrent Scan Root Regions
[2021-04-18T11:33:53.812+0000][8][gc,marking  ] GC(28) Concurrent Scan Root Regions 7.684ms
[2021-04-18T11:33:53.812+0000][8][gc,marking  ] GC(28) Concurrent Mark (18.346s)
[2021-04-18T11:33:53.812+0000][8][gc,marking  ] GC(28) Concurrent Mark From Roots
[2021-04-18T11:33:53.812+0000][8][gc,task     ] GC(28) Using 2 workers of 2 for marking
[2021-04-18T11:33:53.887+0000][8][gc,marking  ] GC(28) Concurrent Mark From Roots 74.999ms
[2021-04-18T11:33:53.888+0000][8][gc,marking  ] GC(28) Concurrent Preclean
[2021-04-18T11:33:53.888+0000][8][gc,marking  ] GC(28) Concurrent Preclean 0.248ms
[2021-04-18T11:33:53.888+0000][8][gc,marking  ] GC(28) Concurrent Mark (18.346s, 18.422s) 75.313ms
[2021-04-18T11:33:53.888+0000][8][gc,start    ] GC(28) Pause Remark
[2021-04-18T11:33:53.890+0000][8][gc          ] GC(28) Pause Remark 86M->86M(256M) 2.342ms
[2021-04-18T11:33:53.890+0000][8][gc,cpu      ] GC(28) User=0.01s Sys=0.00s Real=0.01s
[2021-04-18T11:33:53.890+0000][8][safepoint   ] Safepoint "G1Concurrent", Time since last: 83204440 ns, Reaching safepoint: 58071 ns, At safepoint: 2420466 ns, Total: 2478537 ns
[2021-04-18T11:33:53.890+0000][8][gc,marking  ] GC(28) Concurrent Rebuild Remembered Sets
[2021-04-18T11:33:53.942+0000][8][gc,marking  ] GC(28) Concurrent Rebuild Remembered Sets 51.446ms
[2021-04-18T11:33:53.942+0000][8][gc,start    ] GC(28) Pause Cleanup
[2021-04-18T11:33:53.942+0000][8][gc          ] GC(28) Pause Cleanup 88M->88M(256M) 0.062ms
[2021-04-18T11:33:53.942+0000][8][gc,cpu      ] GC(28) User=0.00s Sys=0.00s Real=0.00s
[2021-04-18T11:33:53.942+0000][8][safepoint   ] Safepoint "G1Concurrent", Time since last: 51534770 ns, Reaching safepoint: 243262 ns, At safepoint: 99791 ns, Total: 343053 ns
[2021-04-18T11:33:53.942+0000][8][gc,marking  ] GC(28) Concurrent Cleanup for Next Mark
[2021-04-18T11:33:53.942+0000][8][gc,marking  ] GC(28) Concurrent Cleanup for Next Mark 0.203ms
[2021-04-18T11:33:53.942+0000][8][gc          ] GC(28) Concurrent Cycle 137.818ms
[2021-04-18T11:33:54.461+0000][8][safepoint   ] Safepoint "ICBufferFull", Time since last: 518751973 ns, Reaching safepoint: 201908 ns, At safepoint: 9156 ns, Total: 211064 ns
[2021-04-18T11:33:54.988+0000][8][safepoint   ] Safepoint "ICBufferFull", Time since last: 527146951 ns, Reaching safepoint: 166778 ns, At safepoint: 11285 ns, Total: 178063 ns
[2021-04-18T11:33:55.090+0000][8][gc,start    ] GC(29) Pause Young (Normal) (G1 Evacuation Pause)
[2021-04-18T11:33:55.090+0000][8][gc,task     ] GC(29) Using 6 workers of 8 for evacuation
[2021-04-18T11:33:55.090+0000][8][gc,age      ] GC(29) Desired survivor size 8388608 bytes, new threshold 3 (max threshold 15)
[2021-04-18T11:33:55.105+0000][8][gc,age      ] GC(29) Age table with threshold 3 (max threshold 15)
[2021-04-18T11:33:55.105+0000][8][gc,age      ] GC(29) - age   1:    5056768 bytes,    5056768 total
[2021-04-18T11:33:55.105+0000][8][gc,age      ] GC(29) - age   2:    5312456 bytes,   10369224 total
[2021-04-18T11:33:55.105+0000][8][gc,age      ] GC(29) - age   3:    1500824 bytes,   11870048 total
[2021-04-18T11:33:55.105+0000][8][gc,phases   ] GC(29)   Pre Evacuate Collection Set: 0.1ms
[2021-04-18T11:33:55.105+0000][8][gc,phases   ] GC(29)   Merge Heap Roots: 0.1ms
[2021-04-18T11:33:55.105+0000][8][gc,phases   ] GC(29)   Evacuate Collection Set: 14.2ms
[2021-04-18T11:33:55.105+0000][8][gc,phases   ] GC(29)   Post Evacuate Collection Set: 0.7ms
[2021-04-18T11:33:55.105+0000][8][gc,phases   ] GC(29)   Other: 0.2ms
[2021-04-18T11:33:55.105+0000][8][gc,heap     ] GC(29) Eden regions: 27->0(27)
[2021-04-18T11:33:55.105+0000][8][gc,heap     ] GC(29) Survivor regions: 3->3(4)
[2021-04-18T11:33:55.105+0000][8][gc,heap     ] GC(29) Old regions: 16->17
[2021-04-18T11:33:55.105+0000][8][gc,heap     ] GC(29) Archive regions: 2->2
[2021-04-18T11:33:55.105+0000][8][gc,heap     ] GC(29) Humongous regions: 0->0
[2021-04-18T11:33:55.105+0000][8][gc,metaspace] GC(29) Metaspace: 86444K(90788K)->86444K(90788K) NonClass: 74791K(77912K)->74791K(77912K) Class: 11652K(12876K)->11652K(12876K)
[2021-04-18T11:33:55.105+0000][8][gc          ] GC(29) Pause Young (Normal) (G1 Evacuation Pause) 184M->81M(256M) 15.359ms
[2021-04-18T11:33:55.105+0000][8][gc,cpu      ] GC(29) User=0.09s Sys=0.00s Real=0.01s
[2021-04-18T11:33:55.105+0000][8][safepoint   ] Safepoint "G1CollectForAllocation", Time since last: 101003316 ns, Reaching safepoint: 190958 ns, At safepoint: 15461482 ns, Total: 15652440 ns
[2021-04-18T11:33:55.525+0000][8][gc,start    ] GC(30) Pause Young (Concurrent Start) (G1 Humongous Allocation)
[2021-04-18T11:33:55.525+0000][8][gc,task     ] GC(30) Using 6 workers of 8 for evacuation
[2021-04-18T11:33:55.525+0000][8][gc,age      ] GC(30) Desired survivor size 8388608 bytes, new threshold 2 (max threshold 15)
[2021-04-18T11:33:55.535+0000][8][gc,age      ] GC(30) Age table with threshold 2 (max threshold 15)
[2021-04-18T11:33:55.536+0000][8][gc,age      ] GC(30) - age   1:    1478904 bytes,    1478904 total
[2021-04-18T11:33:55.536+0000][8][gc,age      ] GC(30) - age   2:    4278744 bytes,    5757648 total
[2021-04-18T11:33:55.536+0000][8][gc,phases   ] GC(30)   Pre Evacuate Collection Set: 0.1ms
[2021-04-18T11:33:55.536+0000][8][gc,phases   ] GC(30)   Merge Heap Roots: 0.1ms
[2021-04-18T11:33:55.536+0000][8][gc,phases   ] GC(30)   Evacuate Collection Set: 9.6ms
[2021-04-18T11:33:55.536+0000][8][gc,phases   ] GC(30)   Post Evacuate Collection Set: 0.7ms
[2021-04-18T11:33:55.536+0000][8][gc,phases   ] GC(30)   Other: 0.2ms
[2021-04-18T11:33:55.536+0000][8][gc,heap     ] GC(30) Eden regions: 8->0(26)
[2021-04-18T11:33:55.536+0000][8][gc,heap     ] GC(30) Survivor regions: 3->2(4)
[2021-04-18T11:33:55.536+0000][8][gc,heap     ] GC(30) Old regions: 17->19
[2021-04-18T11:33:55.536+0000][8][gc,heap     ] GC(30) Archive regions: 2->2
[2021-04-18T11:33:55.536+0000][8][gc,heap     ] GC(30) Humongous regions: 0->0
[2021-04-18T11:33:55.536+0000][8][gc,metaspace] GC(30) Metaspace: 89323K(93476K)->89323K(93476K) NonClass: 77214K(80216K)->77214K(80216K) Class: 12109K(13260K)->12109K(13260K)
[2021-04-18T11:33:55.536+0000][8][gc          ] GC(30) Pause Young (Concurrent Start) (G1 Humongous Allocation) 110M->83M(256M) 10.800ms
[2021-04-18T11:33:55.536+0000][8][gc,cpu      ] GC(30) User=0.07s Sys=0.01s Real=0.01s
[2021-04-18T11:33:55.536+0000][8][safepoint   ] Safepoint "G1TryInitiateConcMark", Time since last: 419481813 ns, Reaching safepoint: 228170 ns, At safepoint: 10874303 ns, Total: 11102473 ns
[2021-04-18T11:33:55.536+0000][8][gc          ] GC(31) Concurrent Cycle
[2021-04-18T11:33:55.536+0000][8][gc,marking  ] GC(31) Concurrent Clear Claimed Marks
[2021-04-18T11:33:55.536+0000][8][gc,marking  ] GC(31) Concurrent Clear Claimed Marks 0.076ms
[2021-04-18T11:33:55.536+0000][8][gc,marking  ] GC(31) Concurrent Scan Root Regions
[2021-04-18T11:33:55.545+0000][8][gc,marking  ] GC(31) Concurrent Scan Root Regions 8.980ms
[2021-04-18T11:33:55.545+0000][8][gc,marking  ] GC(31) Concurrent Mark (20.079s)
[2021-04-18T11:33:55.545+0000][8][gc,marking  ] GC(31) Concurrent Mark From Roots
[2021-04-18T11:33:55.545+0000][8][gc,task     ] GC(31) Using 2 workers of 2 for marking
[2021-04-18T11:33:55.640+0000][8][gc,marking  ] GC(31) Concurrent Mark From Roots 95.581ms
[2021-04-18T11:33:55.640+0000][8][gc,marking  ] GC(31) Concurrent Preclean
[2021-04-18T11:33:55.641+0000][8][gc,marking  ] GC(31) Concurrent Preclean 0.223ms
[2021-04-18T11:33:55.641+0000][8][gc,marking  ] GC(31) Concurrent Mark (20.079s, 20.175s) 95.857ms
[2021-04-18T11:33:55.641+0000][8][gc,start    ] GC(31) Pause Remark
[2021-04-18T11:33:55.644+0000][8][gc          ] GC(31) Pause Remark 93M->93M(256M) 2.754ms
[2021-04-18T11:33:55.644+0000][8][gc,cpu      ] GC(31) User=0.01s Sys=0.01s Real=0.00s
[2021-04-18T11:33:55.644+0000][8][safepoint   ] Safepoint "G1Concurrent", Time since last: 105042926 ns, Reaching safepoint: 207564 ns, At safepoint: 2823038 ns, Total: 3030602 ns
[2021-04-18T11:33:55.644+0000][8][gc,marking  ] GC(31) Concurrent Rebuild Remembered Sets
[2021-04-18T11:33:55.709+0000][8][gc,marking  ] GC(31) Concurrent Rebuild Remembered Sets 65.509ms
[2021-04-18T11:33:55.710+0000][8][gc,start    ] GC(31) Pause Cleanup
[2021-04-18T11:33:55.710+0000][8][gc          ] GC(31) Pause Cleanup 98M->98M(256M) 0.076ms
[2021-04-18T11:33:55.710+0000][8][gc,cpu      ] GC(31) User=0.00s Sys=0.00s Real=0.00s
[2021-04-18T11:33:55.710+0000][8][safepoint   ] Safepoint "G1Concurrent", Time since last: 65595254 ns, Reaching safepoint: 380258 ns, At safepoint: 129315 ns, Total: 509573 ns
[2021-04-18T11:33:55.710+0000][8][gc,marking  ] GC(31) Concurrent Cleanup for Next Mark
[2021-04-18T11:33:55.710+0000][8][gc,marking  ] GC(31) Concurrent Cleanup for Next Mark 0.271ms
[2021-04-18T11:33:55.710+0000][8][gc          ] GC(31) Concurrent Cycle 174.482ms
[2021-04-18T11:33:55.983+0000][8][safepoint   ] Safepoint "ICBufferFull", Time since last: 273027714 ns, Reaching safepoint: 333926 ns, At safepoint: 20876 ns, Total: 354802 ns
[2021-04-18T11:33:56.274+0000][8][safepoint   ] Safepoint "ICBufferFull", Time since last: 289995166 ns, Reaching safepoint: 213932 ns, At safepoint: 10209 ns, Total: 224141 ns
[2021-04-18T11:33:56.410+0000][8][safepoint   ] Safepoint "ICBufferFull", Time since last: 136380063 ns, Reaching safepoint: 179556 ns, At safepoint: 10724 ns, Total: 190280 ns
[2021-04-18T11:33:56.557+0000][8][gc,start    ] GC(32) Pause Young (Normal) (G1 Evacuation Pause)
[2021-04-18T11:33:56.557+0000][8][gc,task     ] GC(32) Using 6 workers of 8 for evacuation
[2021-04-18T11:33:56.558+0000][8][gc,age      ] GC(32) Desired survivor size 8388608 bytes, new threshold 15 (max threshold 15)
[2021-04-18T11:33:56.568+0000][8][gc,age      ] GC(32) Age table with threshold 15 (max threshold 15)
[2021-04-18T11:33:56.569+0000][8][gc,age      ] GC(32) - age   1:    7571760 bytes,    7571760 total
[2021-04-18T11:33:56.569+0000][8][gc,age      ] GC(32) - age   2:    1372112 bytes,    8943872 total
[2021-04-18T11:33:56.569+0000][8][gc,age      ] GC(32) - age   3:    4207328 bytes,   13151200 total
[2021-04-18T11:33:56.569+0000][8][gc,phases   ] GC(32)   Pre Evacuate Collection Set: 0.1ms
[2021-04-18T11:33:56.569+0000][8][gc,phases   ] GC(32)   Merge Heap Roots: 0.1ms
[2021-04-18T11:33:56.569+0000][8][gc,phases   ] GC(32)   Evacuate Collection Set: 10.0ms
[2021-04-18T11:33:56.569+0000][8][gc,phases   ] GC(32)   Post Evacuate Collection Set: 0.8ms
[2021-04-18T11:33:56.569+0000][8][gc,phases   ] GC(32)   Other: 0.2ms
[2021-04-18T11:33:56.569+0000][8][gc,heap     ] GC(32) Eden regions: 26->0(22)
[2021-04-18T11:33:56.569+0000][8][gc,heap     ] GC(32) Survivor regions: 2->4(4)
[2021-04-18T11:33:56.569+0000][8][gc,heap     ] GC(32) Old regions: 19->19
[2021-04-18T11:33:56.569+0000][8][gc,heap     ] GC(32) Archive regions: 2->2
[2021-04-18T11:33:56.569+0000][8][gc,heap     ] GC(32) Humongous regions: 2->2
[2021-04-18T11:33:56.569+0000][8][gc,metaspace] GC(32) Metaspace: 94156K(98596K)->94156K(98596K) NonClass: 81359K(84568K)->81359K(84568K) Class: 12796K(14028K)->12796K(14028K)
[2021-04-18T11:33:56.569+0000][8][gc          ] GC(32) Pause Young (Normal) (G1 Evacuation Pause) 194M->97M(256M) 11.208ms
[2021-04-18T11:33:56.569+0000][8][gc,cpu      ] GC(32) User=0.07s Sys=0.00s Real=0.00s
[2021-04-18T11:33:56.569+0000][8][safepoint   ] Safepoint "G1CollectForAllocation", Time since last: 147232483 ns, Reaching safepoint: 125426 ns, At safepoint: 11293053 ns, Total: 11418479 ns
[2021-04-18T11:33:56.779+0000][8][safepoint   ] Safepoint "ICBufferFull", Time since last: 209898908 ns, Reaching safepoint: 215272 ns, At safepoint: 14125 ns, Total: 229397 ns
[2021-04-18T11:33:57.018+0000][8][safepoint   ] Safepoint "ICBufferFull", Time since last: 239342864 ns, Reaching safepoint: 194736 ns, At safepoint: 14855 ns, Total: 209591 ns
[2021-04-18T11:33:57.172+0000][8][gc,start    ] GC(33) Pause Young (Concurrent Start) (G1 Evacuation Pause)
[2021-04-18T11:33:57.172+0000][8][gc,task     ] GC(33) Using 6 workers of 8 for evacuation
[2021-04-18T11:33:57.172+0000][8][gc,age      ] GC(33) Desired survivor size 8388608 bytes, new threshold 2 (max threshold 15)
[2021-04-18T11:33:57.191+0000][8][gc,age      ] GC(33) Age table with threshold 2 (max threshold 15)
[2021-04-18T11:33:57.191+0000][8][gc,age      ] GC(33) - age   1:    5987096 bytes,    5987096 total
[2021-04-18T11:33:57.191+0000][8][gc,age      ] GC(33) - age   2:    7394704 bytes,   13381800 total
[2021-04-18T11:33:57.191+0000][8][gc,phases   ] GC(33)   Pre Evacuate Collection Set: 0.1ms
[2021-04-18T11:33:57.191+0000][8][gc,phases   ] GC(33)   Merge Heap Roots: 0.1ms
[2021-04-18T11:33:57.191+0000][8][gc,phases   ] GC(33)   Evacuate Collection Set: 17.6ms
[2021-04-18T11:33:57.191+0000][8][gc,phases   ] GC(33)   Post Evacuate Collection Set: 0.7ms
[2021-04-18T11:33:57.191+0000][8][gc,phases   ] GC(33)   Other: 0.3ms
[2021-04-18T11:33:57.191+0000][8][gc,heap     ] GC(33) Eden regions: 22->0(21)
[2021-04-18T11:33:57.191+0000][8][gc,heap     ] GC(33) Survivor regions: 4->4(4)
[2021-04-18T11:33:57.191+0000][8][gc,heap     ] GC(33) Old regions: 19->20
[2021-04-18T11:33:57.191+0000][8][gc,heap     ] GC(33) Archive regions: 2->2
[2021-04-18T11:33:57.191+0000][8][gc,heap     ] GC(33) Humongous regions: 2->2
[2021-04-18T11:33:57.191+0000][8][gc,metaspace] GC(33) Metaspace: 96051K(100260K)->96051K(100260K) NonClass: 83059K(86104K)->83059K(86104K) Class: 12991K(14156K)->12991K(14156K)
[2021-04-18T11:33:57.191+0000][8][gc          ] GC(33) Pause Young (Concurrent Start) (G1 Evacuation Pause) 185M->102M(256M) 18.912ms
[2021-04-18T11:33:57.191+0000][8][gc,cpu      ] GC(33) User=0.13s Sys=0.00s Real=0.02s
[2021-04-18T11:33:57.191+0000][8][gc          ] GC(34) Concurrent Cycle
[2021-04-18T11:33:57.191+0000][8][safepoint   ] Safepoint "G1CollectForAllocation", Time since last: 153401365 ns, Reaching safepoint: 147511 ns, At safepoint: 19027279 ns, Total: 19174790 ns
[2021-04-18T11:33:57.191+0000][8][gc,marking  ] GC(34) Concurrent Clear Claimed Marks
[2021-04-18T11:33:57.191+0000][8][gc,marking  ] GC(34) Concurrent Clear Claimed Marks 0.104ms
[2021-04-18T11:33:57.191+0000][8][gc,marking  ] GC(34) Concurrent Scan Root Regions
[2021-04-18T11:33:57.204+0000][8][gc,marking  ] GC(34) Concurrent Scan Root Regions 13.062ms
[2021-04-18T11:33:57.204+0000][8][gc,marking  ] GC(34) Concurrent Mark (21.738s)
[2021-04-18T11:33:57.204+0000][8][gc,marking  ] GC(34) Concurrent Mark From Roots
[2021-04-18T11:33:57.204+0000][8][gc,task     ] GC(34) Using 2 workers of 2 for marking
[2021-04-18T11:33:57.324+0000][8][gc,marking  ] GC(34) Concurrent Mark From Roots 120.081ms
[2021-04-18T11:33:57.324+0000][8][gc,marking  ] GC(34) Concurrent Preclean
[2021-04-18T11:33:57.325+0000][8][gc,marking  ] GC(34) Concurrent Preclean 0.229ms
[2021-04-18T11:33:57.325+0000][8][gc,marking  ] GC(34) Concurrent Mark (21.738s, 21.858s) 120.374ms
[2021-04-18T11:33:57.325+0000][8][gc,start    ] GC(34) Pause Remark
[2021-04-18T11:33:57.329+0000][8][gc          ] GC(34) Pause Remark 108M->108M(256M) 4.063ms
[2021-04-18T11:33:57.329+0000][8][gc,cpu      ] GC(34) User=0.02s Sys=0.00s Real=0.00s
[2021-04-18T11:33:57.329+0000][8][safepoint   ] Safepoint "G1Concurrent", Time since last: 133645691 ns, Reaching safepoint: 153023 ns, At safepoint: 4148039 ns, Total: 4301062 ns
[2021-04-18T11:33:57.329+0000][8][gc,marking  ] GC(34) Concurrent Rebuild Remembered Sets
[2021-04-18T11:33:57.390+0000][8][gc,marking  ] GC(34) Concurrent Rebuild Remembered Sets 61.142ms
[2021-04-18T11:33:57.390+0000][8][gc,start    ] GC(34) Pause Cleanup
[2021-04-18T11:33:57.390+0000][8][gc          ] GC(34) Pause Cleanup 108M->108M(256M) 0.089ms
[2021-04-18T11:33:57.391+0000][8][gc,cpu      ] GC(34) User=0.00s Sys=0.00s Real=0.00s
[2021-04-18T11:33:57.391+0000][8][safepoint   ] Safepoint "G1Concurrent", Time since last: 61239440 ns, Reaching safepoint: 214159 ns, At safepoint: 150402 ns, Total: 364561 ns
[2021-04-18T11:33:57.391+0000][8][gc,marking  ] GC(34) Concurrent Cleanup for Next Mark
[2021-04-18T11:33:57.391+0000][8][gc,marking  ] GC(34) Concurrent Cleanup for Next Mark 0.241ms
[2021-04-18T11:33:57.391+0000][8][gc          ] GC(34) Concurrent Cycle 199.913ms
[2021-04-18T11:33:59.022+0000][8][safepoint   ] Safepoint "Cleanup", Time since last: 1631442456 ns, Reaching safepoint: 232594 ns, At safepoint: 8546 ns, Total: 241140 ns
[2021-04-18T11:34:00.023+0000][8][safepoint   ] Safepoint "Cleanup", Time since last: 1000265613 ns, Reaching safepoint: 125025 ns, At safepoint: 4790 ns, Total: 129815 ns
[2021-04-18T11:34:01.023+0000][8][safepoint   ] Safepoint "Cleanup", Time since last: 1000162958 ns, Reaching safepoint: 218055 ns, At safepoint: 10493 ns, Total: 228548 ns
[2021-04-18T11:34:01.439+0000][8][gc,start    ] GC(35) Pause Young (Normal) (G1 Evacuation Pause)
[2021-04-18T11:34:01.439+0000][8][gc,task     ] GC(35) Using 6 workers of 8 for evacuation
[2021-04-18T11:34:01.439+0000][8][gc,age      ] GC(35) Desired survivor size 8388608 bytes, new threshold 2 (max threshold 15)
[2021-04-18T11:34:01.459+0000][8][gc,age      ] GC(35) Age table with threshold 2 (max threshold 15)
[2021-04-18T11:34:01.459+0000][8][gc,age      ] GC(35) - age   1:    5339872 bytes,    5339872 total
[2021-04-18T11:34:01.459+0000][8][gc,age      ] GC(35) - age   2:    5954984 bytes,   11294856 total
[2021-04-18T11:34:01.459+0000][8][gc,phases   ] GC(35)   Pre Evacuate Collection Set: 0.1ms
[2021-04-18T11:34:01.459+0000][8][gc,phases   ] GC(35)   Merge Heap Roots: 0.1ms
[2021-04-18T11:34:01.459+0000][8][gc,phases   ] GC(35)   Evacuate Collection Set: 18.9ms
[2021-04-18T11:34:01.459+0000][8][gc,phases   ] GC(35)   Post Evacuate Collection Set: 0.8ms
[2021-04-18T11:34:01.459+0000][8][gc,phases   ] GC(35)   Other: 0.2ms
[2021-04-18T11:34:01.459+0000][8][gc,heap     ] GC(35) Eden regions: 21->0(21)
[2021-04-18T11:34:01.459+0000][8][gc,heap     ] GC(35) Survivor regions: 4->3(4)
[2021-04-18T11:34:01.459+0000][8][gc,heap     ] GC(35) Old regions: 20->22
[2021-04-18T11:34:01.459+0000][8][gc,heap     ] GC(35) Archive regions: 2->2
[2021-04-18T11:34:01.459+0000][8][gc,heap     ] GC(35) Humongous regions: 2->2
[2021-04-18T11:34:01.459+0000][8][gc,metaspace] GC(35) Metaspace: 100999K(105252K)->100999K(105252K) NonClass: 87254K(90200K)->87254K(90200K) Class: 13744K(15052K)->13744K(15052K)
[2021-04-18T11:34:01.459+0000][8][gc          ] GC(35) Pause Young (Normal) (G1 Evacuation Pause) 186M->108M(256M) 20.173ms
[2021-04-18T11:34:01.459+0000][8][gc,cpu      ] GC(35) User=0.12s Sys=0.00s Real=0.02s
[2021-04-18T11:34:01.459+0000][8][safepoint   ] Safepoint "G1CollectForAllocation", Time since last: 415524677 ns, Reaching safepoint: 372651 ns, At safepoint: 20274831 ns, Total: 20647482 ns
[2021-04-18T11:34:01.921+0000][8][safepoint   ] Safepoint "ICBufferFull", Time since last: 461820954 ns, Reaching safepoint: 219746 ns, At safepoint: 14735 ns, Total: 234481 ns
[2021-04-18T11:34:02.922+0000][8][safepoint   ] Safepoint "Cleanup", Time since last: 1000498369 ns, Reaching safepoint: 236403 ns, At safepoint: 7800 ns, Total: 244203 ns
[2021-04-18T11:34:03.923+0000][8][safepoint   ] Safepoint "Cleanup", Time since last: 1000445689 ns, Reaching safepoint: 177179 ns, At safepoint: 7503 ns, Total: 184682 ns
[2021-04-18T11:34:04.923+0000][8][safepoint   ] Safepoint "Cleanup", Time since last: 1000091063 ns, Reaching safepoint: 88873 ns, At safepoint: 6428 ns, Total: 95301 ns
[2021-04-18T11:34:06.923+0000][8][safepoint   ] Safepoint "Cleanup", Time since last: 2000155124 ns, Reaching safepoint: 95063 ns, At safepoint: 6913 ns, Total: 101976 ns
[2021-04-18T11:34:07.923+0000][8][safepoint   ] Safepoint "Cleanup", Time since last: 1000094395 ns, Reaching safepoint: 90800 ns, At safepoint: 7398 ns, Total: 98198 ns
[2021-04-18T11:34:09.924+0000][8][safepoint   ] Safepoint "Cleanup", Time since last: 2000196404 ns, Reaching safepoint: 144954 ns, At safepoint: 7700 ns, Total: 152654 ns
[2021-04-18T11:34:11.924+0000][8][safepoint   ] Safepoint "Cleanup", Time since last: 2000225723 ns, Reaching safepoint: 79889 ns, At safepoint: 6057 ns, Total: 85946 ns
[2021-04-18T11:34:12.924+0000][8][safepoint   ] Safepoint "Cleanup", Time since last: 1000096202 ns, Reaching safepoint: 199512 ns, At safepoint: 10008 ns, Total: 209520 ns
[2021-04-18T11:34:13.924+0000][8][safepoint   ] Safepoint "Cleanup", Time since last: 1000097059 ns, Reaching safepoint: 79469 ns, At safepoint: 5146 ns, Total: 84615 ns
[2021-04-18T11:34:14.925+0000][8][safepoint   ] Safepoint "Cleanup", Time since last: 1000095538 ns, Reaching safepoint: 129950 ns, At safepoint: 5151 ns, Total: 135101 ns
[2021-04-18T11:34:15.925+0000][8][safepoint   ] Safepoint "Cleanup", Time since last: 1000247602 ns, Reaching safepoint: 136613 ns, At safepoint: 4507 ns, Total: 141120 ns
[2021-04-18T11:34:16.925+0000][8][safepoint   ] Safepoint "Cleanup", Time since last: 1000110990 ns, Reaching safepoint: 134358 ns, At safepoint: 8393 ns, Total: 142751 ns
[2021-04-18T11:34:18.926+0000][8][safepoint   ] Safepoint "Cleanup", Time since last: 2000155546 ns, Reaching safepoint: 97383 ns, At safepoint: 5648 ns, Total: 103031 ns
[2021-04-18T11:34:19.926+0000][8][safepoint   ] Safepoint "Cleanup", Time since last: 1000252149 ns, Reaching safepoint: 191488 ns, At safepoint: 8295 ns, Total: 199783 ns
[2021-04-18T11:34:21.926+0000][8][safepoint   ] Safepoint "Cleanup", Time since last: 2000190291 ns, Reaching safepoint: 141777 ns, At safepoint: 7491 ns, Total: 149268 ns
[2021-04-18T11:34:24.927+0000][8][safepoint   ] Safepoint "Cleanup", Time since last: 3000622216 ns, Reaching safepoint: 113090 ns, At safepoint: 5872 ns, Total: 118962 ns
[2021-04-18T11:34:25.928+0000][8][safepoint   ] Safepoint "Cleanup", Time since last: 1000375643 ns, Reaching safepoint: 129286 ns, At safepoint: 5559 ns, Total: 134845 ns
[2021-04-18T11:34:26.928+0000][8][safepoint   ] Safepoint "Cleanup", Time since last: 1000185373 ns, Reaching safepoint: 89938 ns, At safepoint: 8349 ns, Total: 98287 ns
[2021-04-18T11:34:27.929+0000][8][safepoint   ] Safepoint "Cleanup", Time since last: 1000481475 ns, Reaching safepoint: 200226 ns, At safepoint: 8288 ns, Total: 208514 ns
[2021-04-18T11:34:28.929+0000][8][safepoint   ] Safepoint "Cleanup", Time since last: 1000475500 ns, Reaching safepoint: 107677 ns, At safepoint: 6829 ns, Total: 114506 ns
[2021-04-18T11:34:29.929+0000][8][safepoint   ] Safepoint "Cleanup", Time since last: 1000246527 ns, Reaching safepoint: 119945 ns, At safepoint: 7577 ns, Total: 127522 ns
[2021-04-18T11:34:30.930+0000][8][safepoint   ] Safepoint "Cleanup", Time since last: 1000119486 ns, Reaching safepoint: 111430 ns, At safepoint: 7830 ns, Total: 119260 ns
[2021-04-18T11:34:31.930+0000][8][safepoint   ] Safepoint "Cleanup", Time since last: 1000090999 ns, Reaching safepoint: 87439 ns, At safepoint: 6533 ns, Total: 93972 ns
[2021-04-18T11:34:33.930+0000][8][safepoint   ] Safepoint "Cleanup", Time since last: 2000361988 ns, Reaching safepoint: 116820 ns, At safepoint: 6172 ns, Total: 122992 ns
[2021-04-18T11:34:34.931+0000][8][safepoint   ] Safepoint "Cleanup", Time since last: 1000254124 ns, Reaching safepoint: 137176 ns, At safepoint: 7383 ns, Total: 144559 ns
[2021-04-18T11:34:36.931+0000][8][safepoint   ] Safepoint "Cleanup", Time since last: 2000255835 ns, Reaching safepoint: 89291 ns, At safepoint: 7275 ns, Total: 96566 ns
[2021-04-18T11:34:39.438+0000][8][gc,start    ] GC(36) Pause Young (Concurrent Start) (G1 Evacuation Pause)
[2021-04-18T11:34:39.438+0000][8][gc,task     ] GC(36) Using 6 workers of 8 for evacuation
[2021-04-18T11:34:39.438+0000][8][gc,age      ] GC(36) Desired survivor size 6291456 bytes, new threshold 2 (max threshold 15)
[2021-04-18T11:34:39.445+0000][8][gc,age      ] GC(36) Age table with threshold 2 (max threshold 15)
[2021-04-18T11:34:39.445+0000][8][gc,age      ] GC(36) - age   1:    1872064 bytes,    1872064 total
[2021-04-18T11:34:39.445+0000][8][gc,age      ] GC(36) - age   2:    3308264 bytes,    5180328 total
[2021-04-18T11:34:39.445+0000][8][gc,phases   ] GC(36)   Pre Evacuate Collection Set: 0.1ms
[2021-04-18T11:34:39.445+0000][8][gc,phases   ] GC(36)   Merge Heap Roots: 0.1ms
[2021-04-18T11:34:39.445+0000][8][gc,phases   ] GC(36)   Evacuate Collection Set: 6.4ms
[2021-04-18T11:34:39.445+0000][8][gc,phases   ] GC(36)   Post Evacuate Collection Set: 0.7ms
[2021-04-18T11:34:39.445+0000][8][gc,phases   ] GC(36)   Other: 0.2ms
[2021-04-18T11:34:39.445+0000][8][gc,heap     ] GC(36) Eden regions: 21->0(21)
[2021-04-18T11:34:39.445+0000][8][gc,heap     ] GC(36) Survivor regions: 3->2(3)
[2021-04-18T11:34:39.445+0000][8][gc,heap     ] GC(36) Old regions: 22->23
[2021-04-18T11:34:39.445+0000][8][gc,heap     ] GC(36) Archive regions: 2->2
[2021-04-18T11:34:39.445+0000][8][gc,heap     ] GC(36) Humongous regions: 2->2
[2021-04-18T11:34:39.445+0000][8][gc,metaspace] GC(36) Metaspace: 102472K(106660K)->102472K(106660K) NonClass: 88633K(91480K)->88633K(91480K) Class: 13838K(15180K)->13838K(15180K)
[2021-04-18T11:34:39.445+0000][8][gc          ] GC(36) Pause Young (Concurrent Start) (G1 Evacuation Pause) 192M->108M(256M) 7.505ms
[2021-04-18T11:34:39.445+0000][8][gc,cpu      ] GC(36) User=0.04s Sys=0.00s Real=0.00s
[2021-04-18T11:34:39.445+0000][8][gc          ] GC(37) Concurrent Cycle
[2021-04-18T11:34:39.445+0000][8][gc,marking  ] GC(37) Concurrent Clear Claimed Marks
[2021-04-18T11:34:39.445+0000][8][safepoint   ] Safepoint "G1CollectForAllocation", Time since last: 2506307137 ns, Reaching safepoint: 84792 ns, At safepoint: 7573774 ns, Total: 7658566 ns
[2021-04-18T11:34:39.445+0000][8][gc,marking  ] GC(37) Concurrent Clear Claimed Marks 0.078ms
[2021-04-18T11:34:39.445+0000][8][gc,marking  ] GC(37) Concurrent Scan Root Regions
[2021-04-18T11:34:39.449+0000][8][gc,marking  ] GC(37) Concurrent Scan Root Regions 4.221ms
[2021-04-18T11:34:39.449+0000][8][gc,marking  ] GC(37) Concurrent Mark (63.983s)
[2021-04-18T11:34:39.449+0000][8][gc,marking  ] GC(37) Concurrent Mark From Roots
[2021-04-18T11:34:39.449+0000][8][gc,task     ] GC(37) Using 2 workers of 2 for marking
[2021-04-18T11:34:39.519+0000][8][gc,marking  ] GC(37) Concurrent Mark From Roots 69.725ms
[2021-04-18T11:34:39.519+0000][8][gc,marking  ] GC(37) Concurrent Preclean
[2021-04-18T11:34:39.519+0000][8][gc,marking  ] GC(37) Concurrent Preclean 0.163ms
[2021-04-18T11:34:39.519+0000][8][gc,marking  ] GC(37) Concurrent Mark (63.983s, 64.053s) 69.945ms
[2021-04-18T11:34:39.520+0000][8][gc,start    ] GC(37) Pause Remark
[2021-04-18T11:34:39.527+0000][8][gc          ] GC(37) Pause Remark 110M->110M(256M) 7.194ms
[2021-04-18T11:34:39.527+0000][8][gc,cpu      ] GC(37) User=0.04s Sys=0.00s Real=0.00s
[2021-04-18T11:34:39.527+0000][8][safepoint   ] Safepoint "G1Concurrent", Time since last: 74343894 ns, Reaching safepoint: 155065 ns, At safepoint: 7268117 ns, Total: 7423182 ns
[2021-04-18T11:34:39.527+0000][8][gc,marking  ] GC(37) Concurrent Rebuild Remembered Sets
[2021-04-18T11:34:39.579+0000][8][gc,marking  ] GC(37) Concurrent Rebuild Remembered Sets 51.554ms
[2021-04-18T11:34:39.579+0000][8][gc,start    ] GC(37) Pause Cleanup
[2021-04-18T11:34:39.579+0000][8][gc          ] GC(37) Pause Cleanup 110M->110M(256M) 0.066ms
[2021-04-18T11:34:39.579+0000][8][gc,cpu      ] GC(37) User=0.00s Sys=0.00s Real=0.00s
[2021-04-18T11:34:39.579+0000][8][safepoint   ] Safepoint "G1Concurrent", Time since last: 51692247 ns, Reaching safepoint: 247819 ns, At safepoint: 107953 ns, Total: 355772 ns
[2021-04-18T11:34:39.579+0000][8][gc,marking  ] GC(37) Concurrent Cleanup for Next Mark
[2021-04-18T11:34:39.579+0000][8][gc,marking  ] GC(37) Concurrent Cleanup for Next Mark 0.139ms
[2021-04-18T11:34:39.579+0000][8][gc          ] GC(37) Concurrent Cycle 134.034ms
[2021-04-18T11:34:40.579+0000][8][safepoint   ] Safepoint "Cleanup", Time since last: 1000249019 ns, Reaching safepoint: 207326 ns, At safepoint: 7790 ns, Total: 215116 ns
[2021-04-18T11:34:41.580+0000][8][safepoint   ] Safepoint "Cleanup", Time since last: 1000091039 ns, Reaching safepoint: 110813 ns, At safepoint: 8823 ns, Total: 119636 ns
[2021-04-18T11:34:42.580+0000][8][safepoint   ] Safepoint "Cleanup", Time since last: 1000101596 ns, Reaching safepoint: 108471 ns, At safepoint: 5501 ns, Total: 113972 ns
[2021-04-18T11:34:43.580+0000][8][safepoint   ] Safepoint "Cleanup", Time since last: 1000364349 ns, Reaching safepoint: 197547 ns, At safepoint: 7863 ns, Total: 205410 ns
[2021-04-18T11:34:44.581+0000][8][safepoint   ] Safepoint "Cleanup", Time since last: 1000099926 ns, Reaching safepoint: 103697 ns, At safepoint: 5329 ns, Total: 109026 ns
[2021-04-18T11:34:45.581+0000][8][safepoint   ] Safepoint "Cleanup", Time since last: 1000094946 ns, Reaching safepoint: 96233 ns, At safepoint: 6535 ns, Total: 102768 ns
[2021-04-18T11:34:46.581+0000][8][safepoint   ] Safepoint "Cleanup", Time since last: 1000142512 ns, Reaching safepoint: 143270 ns, At safepoint: 8283 ns, Total: 151553 ns
[2021-04-18T11:34:49.582+0000][8][safepoint   ] Safepoint "Cleanup", Time since last: 3000284197 ns, Reaching safepoint: 127259 ns, At safepoint: 6251 ns, Total: 133510 ns
[2021-04-18T11:34:50.582+0000][8][safepoint   ] Safepoint "Cleanup", Time since last: 1000090663 ns, Reaching safepoint: 110305 ns, At safepoint: 5426 ns, Total: 115731 ns
[2021-04-18T11:34:51.582+0000][8][safepoint   ] Safepoint "Cleanup", Time since last: 1000276734 ns, Reaching safepoint: 161620 ns, At safepoint: 7272 ns, Total: 168892 ns
[2021-04-18T11:34:52.582+0000][8][safepoint   ] Safepoint "Cleanup", Time since last: 1000099509 ns, Reaching safepoint: 138685 ns, At safepoint: 7991 ns, Total: 146676 ns
[2021-04-18T11:34:54.583+0000][8][safepoint   ] Safepoint "Cleanup", Time since last: 2000334090 ns, Reaching safepoint: 141400 ns, At safepoint: 6846 ns, Total: 148246 ns
[2021-04-18T11:34:55.583+0000][8][safepoint   ] Safepoint "Cleanup", Time since last: 1000097038 ns, Reaching safepoint: 123362 ns, At safepoint: 5951 ns, Total: 129313 ns
[2021-04-18T11:34:56.583+0000][8][safepoint   ] Safepoint "Cleanup", Time since last: 1000106786 ns, Reaching safepoint: 99909 ns, At safepoint: 5413 ns, Total: 105322 ns
[2021-04-18T11:34:57.584+0000][8][safepoint   ] Safepoint "Cleanup", Time since last: 1000206483 ns, Reaching safepoint: 142207 ns, At safepoint: 7074 ns, Total: 149281 ns
[2021-04-18T11:34:58.584+0000][8][safepoint   ] Safepoint "Cleanup", Time since last: 1000237402 ns, Reaching safepoint: 118455 ns, At safepoint: 5826 ns, Total: 124281 ns
[2021-04-18T11:34:59.584+0000][8][safepoint   ] Safepoint "Cleanup", Time since last: 1000092545 ns, Reaching safepoint: 88294 ns, At safepoint: 6545 ns, Total: 94839 ns
[2021-04-18T11:35:01.585+0000][8][safepoint   ] Safepoint "Cleanup", Time since last: 2000233427 ns, Reaching safepoint: 87291 ns, At safepoint: 7215 ns, Total: 94506 ns
[2021-04-18T11:35:02.585+0000][8][safepoint   ] Safepoint "Cleanup", Time since last: 1000096996 ns, Reaching safepoint: 76913 ns, At safepoint: 5261 ns, Total: 82174 ns
[2021-04-18T11:35:03.948+0000][8][safepoint   ] Safepoint "ICBufferFull", Time since last: 1362982877 ns, Reaching safepoint: 173504 ns, At safepoint: 6610 ns, Total: 180114 ns
[2021-04-18T11:35:04.948+0000][8][safepoint   ] Safepoint "Cleanup", Time since last: 1000093682 ns, Reaching safepoint: 140108 ns, At safepoint: 4706 ns, Total: 144814 ns
[2021-04-18T11:35:06.948+0000][8][safepoint   ] Safepoint "Cleanup", Time since last: 2000164452 ns, Reaching safepoint: 101046 ns, At safepoint: 7612 ns, Total: 108658 ns
[2021-04-18T11:35:09.949+0000][8][safepoint   ] Safepoint "Cleanup", Time since last: 3000266700 ns, Reaching safepoint: 102122 ns, At safepoint: 5534 ns, Total: 107656 ns
[2021-04-18T11:35:11.949+0000][8][safepoint   ] Safepoint "Cleanup", Time since last: 2000211203 ns, Reaching safepoint: 134799 ns, At safepoint: 7514 ns, Total: 142313 ns
[2021-04-18T11:35:12.949+0000][8][safepoint   ] Safepoint "Cleanup", Time since last: 1000147090 ns, Reaching safepoint: 122938 ns, At safepoint: 6982 ns, Total: 129920 ns
[2021-04-18T11:35:14.950+0000][8][safepoint   ] Safepoint "Cleanup", Time since last: 2000204921 ns, Reaching safepoint: 123075 ns, At safepoint: 8681 ns, Total: 131756 ns
[2021-04-18T11:35:15.950+0000][8][safepoint   ] Safepoint "Cleanup", Time since last: 1000137434 ns, Reaching safepoint: 86442 ns, At safepoint: 6319 ns, Total: 92761 ns
[2021-04-18T11:35:16.950+0000][8][safepoint   ] Safepoint "Cleanup", Time since last: 1000092462 ns, Reaching safepoint: 121386 ns, At safepoint: 11106 ns, Total: 132492 ns
[2021-04-18T11:35:18.951+0000][8][safepoint   ] Safepoint "Cleanup", Time since last: 2000272657 ns, Reaching safepoint: 99852 ns, At safepoint: 6220 ns, Total: 106072 ns
[2021-04-18T11:35:19.951+0000][8][safepoint   ] Safepoint "Cleanup", Time since last: 1000091771 ns, Reaching safepoint: 98463 ns, At safepoint: 7834 ns, Total: 106297 ns
[2021-04-18T11:35:21.951+0000][8][safepoint   ] Safepoint "Cleanup", Time since last: 2000342587 ns, Reaching safepoint: 130381 ns, At safepoint: 5642 ns, Total: 136023 ns
[2021-04-18T11:35:24.952+0000][8][safepoint   ] Safepoint "Cleanup", Time since last: 3000394408 ns, Reaching safepoint: 211113 ns, At safepoint: 7955 ns, Total: 219068 ns
[2021-04-18T11:35:25.952+0000][8][safepoint   ] Safepoint "Cleanup", Time since last: 1000134380 ns, Reaching safepoint: 97789 ns, At safepoint: 6326 ns, Total: 104115 ns
[2021-04-18T11:35:26.953+0000][8][safepoint   ] Safepoint "Cleanup", Time since last: 1000293263 ns, Reaching safepoint: 133571 ns, At safepoint: 9161 ns, Total: 142732 ns
[2021-04-18T11:35:27.953+0000][8][safepoint   ] Safepoint "Cleanup", Time since last: 1000311724 ns, Reaching safepoint: 109526 ns, At safepoint: 4819 ns, Total: 114345 ns
[2021-04-18T11:35:29.953+0000][8][safepoint   ] Safepoint "Cleanup", Time since last: 2000239871 ns, Reaching safepoint: 177083 ns, At safepoint: 8112 ns, Total: 185195 ns
[2021-04-18T11:35:30.954+0000][8][safepoint   ] Safepoint "Cleanup", Time since last: 1000518162 ns, Reaching safepoint: 127493 ns, At safepoint: 6243 ns, Total: 133736 ns
[2021-04-18T11:35:31.954+0000][8][safepoint   ] Safepoint "Cleanup", Time since last: 1000285029 ns, Reaching safepoint: 126664 ns, At safepoint: 6592 ns, Total: 133256 ns
[2021-04-18T11:35:32.955+0000][8][safepoint   ] Safepoint "Cleanup", Time since last: 1000263587 ns, Reaching safepoint: 199476 ns, At safepoint: 7417 ns, Total: 206893 ns
[2021-04-18T11:35:33.955+0000][8][safepoint   ] Safepoint "Cleanup", Time since last: 1000260129 ns, Reaching safepoint: 112705 ns, At safepoint: 6691 ns, Total: 119396 ns
[2021-04-18T11:35:34.956+0000][8][safepoint   ] Safepoint "Cleanup", Time since last: 1000270378 ns, Reaching safepoint: 113262 ns, At safepoint: 6735 ns, Total: 119997 ns
[2021-04-18T11:35:36.956+0000][8][safepoint   ] Safepoint "Cleanup", Time since last: 2000589410 ns, Reaching safepoint: 110027 ns, At safepoint: 6030 ns, Total: 116057 ns
[2021-04-18T11:35:37.957+0000][8][safepoint   ] Safepoint "Cleanup", Time since last: 1000491222 ns, Reaching safepoint: 121833 ns, At safepoint: 19154 ns, Total: 140987 ns
[2021-04-18T11:35:39.958+0000][8][safepoint   ] Safepoint "Cleanup", Time since last: 2000419727 ns, Reaching safepoint: 156454 ns, At safepoint: 7312 ns, Total: 163766 ns
[2021-04-18T11:35:42.958+0000][8][safepoint   ] Safepoint "Cleanup", Time since last: 3000673392 ns, Reaching safepoint: 153955 ns, At safepoint: 5442 ns, Total: 159397 ns
[2021-04-18T11:35:44.477+0000][8][gc,start    ] GC(38) Pause Young (Normal) (G1 Evacuation Pause)
[2021-04-18T11:35:44.477+0000][8][gc,task     ] GC(38) Using 6 workers of 8 for evacuation
[2021-04-18T11:35:44.477+0000][8][gc,age      ] GC(38) Desired survivor size 6291456 bytes, new threshold 15 (max threshold 15)
[2021-04-18T11:35:44.481+0000][8][gc,age      ] GC(38) Age table with threshold 15 (max threshold 15)
[2021-04-18T11:35:44.481+0000][8][gc,age      ] GC(38) - age   1:     520800 bytes,     520800 total
[2021-04-18T11:35:44.481+0000][8][gc,age      ] GC(38) - age   2:    1761984 bytes,    2282784 total
[2021-04-18T11:35:44.481+0000][8][gc,age      ] GC(38) - age   3:    3286296 bytes,    5569080 total
[2021-04-18T11:35:44.481+0000][8][gc,phases   ] GC(38)   Pre Evacuate Collection Set: 0.1ms
[2021-04-18T11:35:44.481+0000][8][gc,phases   ] GC(38)   Merge Heap Roots: 0.1ms
[2021-04-18T11:35:44.481+0000][8][gc,phases   ] GC(38)   Evacuate Collection Set: 3.6ms
[2021-04-18T11:35:44.481+0000][8][gc,phases   ] GC(38)   Post Evacuate Collection Set: 0.5ms
[2021-04-18T11:35:44.481+0000][8][gc,phases   ] GC(38)   Other: 0.1ms
[2021-04-18T11:35:44.481+0000][8][gc,heap     ] GC(38) Eden regions: 21->0(22)
[2021-04-18T11:35:44.481+0000][8][gc,heap     ] GC(38) Survivor regions: 2->2(3)
[2021-04-18T11:35:44.481+0000][8][gc,heap     ] GC(38) Old regions: 23->23
[2021-04-18T11:35:44.481+0000][8][gc,heap     ] GC(38) Archive regions: 2->2
[2021-04-18T11:35:44.481+0000][8][gc,heap     ] GC(38) Humongous regions: 2->2
[2021-04-18T11:35:44.481+0000][8][gc,metaspace] GC(38) Metaspace: 103060K(107172K)->103060K(107172K) NonClass: 89216K(91992K)->89216K(91992K) Class: 13844K(15180K)->13844K(15180K)
[2021-04-18T11:35:44.481+0000][8][gc          ] GC(38) Pause Young (Normal) (G1 Evacuation Pause) 192M->108M(256M) 4.358ms
[2021-04-18T11:35:44.481+0000][8][gc,cpu      ] GC(38) User=0.02s Sys=0.00s Real=0.01s
[2021-04-18T11:35:44.481+0000][8][safepoint   ] Safepoint "G1CollectForAllocation", Time since last: 1518017061 ns, Reaching safepoint: 120308 ns, At safepoint: 4426448 ns, Total: 4546756 ns
[2021-04-18T11:35:46.482+0000][8][safepoint   ] Safepoint "Cleanup", Time since last: 2000502655 ns, Reaching safepoint: 131156 ns, At safepoint: 15052 ns, Total: 146208 ns
[2021-04-18T11:35:47.482+0000][8][safepoint   ] Safepoint "Cleanup", Time since last: 1000294734 ns, Reaching safepoint: 130564 ns, At safepoint: 7071 ns, Total: 137635 ns
[2021-04-18T11:35:49.482+0000][8][safepoint   ] Safepoint "Cleanup", Time since last: 2000223738 ns, Reaching safepoint: 85215 ns, At safepoint: 6776 ns, Total: 91991 ns
[2021-04-18T11:35:52.483+0000][8][safepoint   ] Safepoint "Cleanup", Time since last: 3000227175 ns, Reaching safepoint: 155828 ns, At safepoint: 8124 ns, Total: 163952 ns
[2021-04-18T11:35:54.483+0000][8][safepoint   ] Safepoint "Cleanup", Time since last: 2000178735 ns, Reaching safepoint: 119458 ns, At safepoint: 6979 ns, Total: 126437 ns
[2021-04-18T11:35:55.483+0000][8][safepoint   ] Safepoint "Cleanup", Time since last: 1000094687 ns, Reaching safepoint: 97687 ns, At safepoint: 5908 ns, Total: 103595 ns
[2021-04-18T11:35:56.484+0000][8][safepoint   ] Safepoint "Cleanup", Time since last: 1000094083 ns, Reaching safepoint: 102926 ns, At safepoint: 5264 ns, Total: 108190 ns
[2021-04-18T11:35:57.484+0000][8][safepoint   ] Safepoint "Cleanup", Time since last: 1000187399 ns, Reaching safepoint: 118581 ns, At safepoint: 9971 ns, Total: 128552 ns
[2021-04-18T11:35:58.484+0000][8][safepoint   ] Safepoint "Cleanup", Time since last: 1000225931 ns, Reaching safepoint: 133536 ns, At safepoint: 7787 ns, Total: 141323 ns
[2021-04-18T11:35:59.484+0000][8][safepoint   ] Safepoint "Cleanup", Time since last: 1000098409 ns, Reaching safepoint: 94108 ns, At safepoint: 6516 ns, Total: 100624 ns
[2021-04-18T11:36:00.485+0000][8][safepoint   ] Safepoint "Cleanup", Time since last: 1000134318 ns, Reaching safepoint: 85948 ns, At safepoint: 6950 ns, Total: 92898 ns
[2021-04-18T11:36:01.950+0000][8][safepoint   ] Safepoint "Cleanup", Time since last: 1465088036 ns, Reaching safepoint: 121974 ns, At safepoint: 6338 ns, Total: 128312 ns
[2021-04-18T11:36:03.950+0000][8][safepoint   ] Safepoint "Cleanup", Time since last: 2000157261 ns, Reaching safepoint: 85312 ns, At safepoint: 5449 ns, Total: 90761 ns
[2021-04-18T11:36:06.951+0000][8][safepoint   ] Safepoint "Cleanup", Time since last: 3000421299 ns, Reaching safepoint: 122283 ns, At safepoint: 10542 ns, Total: 132825 ns
[2021-04-18T11:36:07.951+0000][8][safepoint   ] Safepoint "Cleanup", Time since last: 1000129093 ns, Reaching safepoint: 141786 ns, At safepoint: 7750 ns, Total: 149536 ns
[2021-04-18T11:36:09.951+0000][8][safepoint   ] Safepoint "Cleanup", Time since last: 2000219477 ns, Reaching safepoint: 91511 ns, At safepoint: 6301 ns, Total: 97812 ns
[2021-04-18T11:36:11.952+0000][8][safepoint   ] Safepoint "Cleanup", Time since last: 2000190247 ns, Reaching safepoint: 86800 ns, At safepoint: 6430 ns, Total: 93230 ns
[2021-04-18T11:36:12.952+0000][8][safepoint   ] Safepoint "Cleanup", Time since last: 1000111330 ns, Reaching safepoint: 114161 ns, At safepoint: 7951 ns, Total: 122112 ns
[2021-04-18T11:36:14.952+0000][8][safepoint   ] Safepoint "Cleanup", Time since last: 2000307745 ns, Reaching safepoint: 137367 ns, At safepoint: 6520 ns, Total: 143887 ns
[2021-04-18T11:36:15.952+0000][8][safepoint   ] Safepoint "Cleanup", Time since last: 1000104475 ns, Reaching safepoint: 94582 ns, At safepoint: 5724 ns, Total: 100306 ns
[2021-04-18T11:36:18.953+0000][8][safepoint   ] Safepoint "Cleanup", Time since last: 3000359830 ns, Reaching safepoint: 169054 ns, At safepoint: 5845 ns, Total: 174899 ns
[2021-04-18T11:36:19.953+0000][8][safepoint   ] Safepoint "Cleanup", Time since last: 1000166193 ns, Reaching safepoint: 99498 ns, At safepoint: 6537 ns, Total: 106035 ns
[2021-04-18T11:36:21.953+0000][8][safepoint   ] Safepoint "Cleanup", Time since last: 2000156764 ns, Reaching safepoint: 95613 ns, At safepoint: 6658 ns, Total: 102271 ns
[2021-04-18T11:36:24.954+0000][8][safepoint   ] Safepoint "Cleanup", Time since last: 3000285402 ns, Reaching safepoint: 161944 ns, At safepoint: 7543 ns, Total: 169487 ns
[2021-04-18T11:36:25.954+0000][8][safepoint   ] Safepoint "Cleanup", Time since last: 1000202444 ns, Reaching safepoint: 123913 ns, At safepoint: 7688 ns, Total: 131601 ns
[2021-04-18T11:36:26.955+0000][8][safepoint   ] Safepoint "Cleanup", Time since last: 1000255724 ns, Reaching safepoint: 113603 ns, At safepoint: 8184 ns, Total: 121787 ns
[2021-04-18T11:36:27.955+0000][8][safepoint   ] Safepoint "Cleanup", Time since last: 1000092003 ns, Reaching safepoint: 88976 ns, At safepoint: 6504 ns, Total: 95480 ns
[2021-04-18T11:36:28.955+0000][8][safepoint   ] Safepoint "Cleanup", Time since last: 1000144529 ns, Reaching safepoint: 168310 ns, At safepoint: 7433 ns, Total: 175743 ns
[2021-04-18T11:36:31.956+0000][8][safepoint   ] Safepoint "Cleanup", Time since last: 3000281969 ns, Reaching safepoint: 135566 ns, At safepoint: 8376 ns, Total: 143942 ns
[2021-04-18T11:36:33.956+0000][8][safepoint   ] Safepoint "Cleanup", Time since last: 2000197817 ns, Reaching safepoint: 79705 ns, At safepoint: 5110 ns, Total: 84815 ns
[2021-04-18T11:36:36.956+0000][8][safepoint   ] Safepoint "Cleanup", Time since last: 3000289799 ns, Reaching safepoint: 96305 ns, At safepoint: 6562 ns, Total: 102867 ns
[2021-04-18T11:36:39.957+0000][8][safepoint   ] Safepoint "Cleanup", Time since last: 3000264249 ns, Reaching safepoint: 82774 ns, At safepoint: 6661 ns, Total: 89435 ns
[2021-04-18T11:36:41.957+0000][8][safepoint   ] Safepoint "Cleanup", Time since last: 2000198197 ns, Reaching safepoint: 87735 ns, At safepoint: 5736 ns, Total: 93471 ns
[2021-04-18T11:36:42.957+0000][8][safepoint   ] Safepoint "Cleanup", Time since last: 1000090153 ns, Reaching safepoint: 141067 ns, At safepoint: 8272 ns, Total: 149339 ns
[2021-04-18T11:36:44.958+0000][8][safepoint   ] Safepoint "Cleanup", Time since last: 2000406029 ns, Reaching safepoint: 78356 ns, At safepoint: 6671 ns, Total: 85027 ns
[2021-04-18T11:36:45.958+0000][8][safepoint   ] Safepoint "Cleanup", Time since last: 1000088645 ns, Reaching safepoint: 98729 ns, At safepoint: 5973 ns, Total: 104702 ns
[2021-04-18T11:36:46.958+0000][8][safepoint   ] Safepoint "Cleanup", Time since last: 1000093580 ns, Reaching safepoint: 107546 ns, At safepoint: 6764 ns, Total: 114310 ns
[2021-04-18T11:36:48.958+0000][8][safepoint   ] Safepoint "Cleanup", Time since last: 2000160426 ns, Reaching safepoint: 114113 ns, At safepoint: 4796 ns, Total: 118909 ns
[2021-04-18T11:36:49.959+0000][8][safepoint   ] Safepoint "Cleanup", Time since last: 1000309412 ns, Reaching safepoint: 179549 ns, At safepoint: 16259 ns, Total: 195808 ns
[2021-04-18T11:36:51.959+0000][8][safepoint   ] Safepoint "Cleanup", Time since last: 2000209308 ns, Reaching safepoint: 96058 ns, At safepoint: 7028 ns, Total: 103086 ns
[2021-04-18T11:36:54.511+0000][8][gc,start    ] GC(39) Pause Young (Concurrent Start) (G1 Evacuation Pause)
[2021-04-18T11:36:54.511+0000][8][gc,task     ] GC(39) Using 6 workers of 8 for evacuation
[2021-04-18T11:36:54.511+0000][8][gc,age      ] GC(39) Desired survivor size 6291456 bytes, new threshold 15 (max threshold 15)
[2021-04-18T11:36:54.515+0000][8][gc,age      ] GC(39) Age table with threshold 15 (max threshold 15)
[2021-04-18T11:36:54.518+0000][8][gc,age      ] GC(39) - age   1:     529040 bytes,     529040 total
[2021-04-18T11:36:54.518+0000][8][gc,age      ] GC(39) - age   2:     388632 bytes,     917672 total
[2021-04-18T11:36:54.518+0000][8][gc,age      ] GC(39) - age   3:    1760584 bytes,    2678256 total
[2021-04-18T11:36:54.518+0000][8][gc,age      ] GC(39) - age   4:    3285864 bytes,    5964120 total
[2021-04-18T11:36:54.518+0000][8][gc,phases   ] GC(39)   Pre Evacuate Collection Set: 0.1ms
[2021-04-18T11:36:54.518+0000][8][gc,phases   ] GC(39)   Merge Heap Roots: 0.1ms
[2021-04-18T11:36:54.518+0000][8][gc,phases   ] GC(39)   Evacuate Collection Set: 3.4ms
[2021-04-18T11:36:54.518+0000][8][gc,phases   ] GC(39)   Post Evacuate Collection Set: 0.7ms
[2021-04-18T11:36:54.518+0000][8][gc,phases   ] GC(39)   Other: 2.8ms
[2021-04-18T11:36:54.518+0000][8][gc,heap     ] GC(39) Eden regions: 22->0(22)
[2021-04-18T11:36:54.518+0000][8][gc,heap     ] GC(39) Survivor regions: 2->2(3)
[2021-04-18T11:36:54.518+0000][8][gc,heap     ] GC(39) Old regions: 23->23
[2021-04-18T11:36:54.518+0000][8][gc,heap     ] GC(39) Archive regions: 2->2
[2021-04-18T11:36:54.518+0000][8][gc,heap     ] GC(39) Humongous regions: 2->2
[2021-04-18T11:36:54.518+0000][8][gc,metaspace] GC(39) Metaspace: 103491K(107684K)->103491K(107684K) NonClass: 89643K(92504K)->89643K(92504K) Class: 13848K(15180K)->13848K(15180K)
[2021-04-18T11:36:54.518+0000][8][gc          ] GC(39) Pause Young (Concurrent Start) (G1 Evacuation Pause) 196M->108M(256M) 7.203ms
[2021-04-18T11:36:54.518+0000][8][gc,cpu      ] GC(39) User=0.02s Sys=0.00s Real=0.01s
[2021-04-18T11:36:54.518+0000][8][gc          ] GC(40) Concurrent Cycle
[2021-04-18T11:36:54.518+0000][8][safepoint   ] Safepoint "G1CollectForAllocation", Time since last: 2551444515 ns, Reaching safepoint: 89776 ns, At safepoint: 7293250 ns, Total: 7383026 ns
[2021-04-18T11:36:54.518+0000][8][gc,marking  ] GC(40) Concurrent Clear Claimed Marks
[2021-04-18T11:36:54.518+0000][8][gc,marking  ] GC(40) Concurrent Clear Claimed Marks 0.092ms
[2021-04-18T11:36:54.518+0000][8][gc,marking  ] GC(40) Concurrent Scan Root Regions
[2021-04-18T11:36:54.522+0000][8][gc,marking  ] GC(40) Concurrent Scan Root Regions 3.609ms
[2021-04-18T11:36:54.522+0000][8][gc,marking  ] GC(40) Concurrent Mark (199.056s)
[2021-04-18T11:36:54.522+0000][8][gc,marking  ] GC(40) Concurrent Mark From Roots
[2021-04-18T11:36:54.522+0000][8][gc,task     ] GC(40) Using 2 workers of 2 for marking
[2021-04-18T11:36:54.599+0000][8][gc,marking  ] GC(40) Concurrent Mark From Roots 77.619ms
[2021-04-18T11:36:54.599+0000][8][gc,marking  ] GC(40) Concurrent Preclean
[2021-04-18T11:36:54.600+0000][8][gc,marking  ] GC(40) Concurrent Preclean 0.681ms
[2021-04-18T11:36:54.600+0000][8][gc,marking  ] GC(40) Concurrent Mark (199.056s, 199.134s) 78.347ms
[2021-04-18T11:36:54.600+0000][8][gc,start    ] GC(40) Pause Remark
[2021-04-18T11:36:54.609+0000][8][gc          ] GC(40) Pause Remark 111M->111M(256M) 8.726ms
[2021-04-18T11:36:54.609+0000][8][gc,cpu      ] GC(40) User=0.05s Sys=0.00s Real=0.00s
[2021-04-18T11:36:54.609+0000][8][safepoint   ] Safepoint "G1Concurrent", Time since last: 82101526 ns, Reaching safepoint: 89843 ns, At safepoint: 8801837 ns, Total: 8891680 ns
[2021-04-18T11:36:54.609+0000][8][gc,marking  ] GC(40) Concurrent Rebuild Remembered Sets
[2021-04-18T11:36:54.660+0000][8][gc,marking  ] GC(40) Concurrent Rebuild Remembered Sets 51.273ms
[2021-04-18T11:36:54.660+0000][8][gc,start    ] GC(40) Pause Cleanup
[2021-04-18T11:36:54.660+0000][8][gc          ] GC(40) Pause Cleanup 111M->111M(256M) 0.053ms
[2021-04-18T11:36:54.660+0000][8][gc,cpu      ] GC(40) User=0.00s Sys=0.00s Real=0.00s
[2021-04-18T11:36:54.660+0000][8][safepoint   ] Safepoint "G1Concurrent", Time since last: 51349977 ns, Reaching safepoint: 89186 ns, At safepoint: 93517 ns, Total: 182703 ns
[2021-04-18T11:36:54.661+0000][8][gc,marking  ] GC(40) Concurrent Cleanup for Next Mark
[2021-04-18T11:36:54.661+0000][8][gc,marking  ] GC(40) Concurrent Cleanup for Next Mark 0.123ms
[2021-04-18T11:36:54.661+0000][8][gc          ] GC(40) Concurrent Cycle 142.695ms
[2021-04-18T11:36:55.661+0000][8][safepoint   ] Safepoint "Cleanup", Time since last: 1000259431 ns, Reaching safepoint: 208018 ns, At safepoint: 5833 ns, Total: 213851 ns
[2021-04-18T11:36:56.661+0000][8][safepoint   ] Safepoint "Cleanup", Time since last: 1000090541 ns, Reaching safepoint: 84495 ns, At safepoint: 4709 ns, Total: 89204 ns
[2021-04-18T11:36:57.661+0000][8][safepoint   ] Safepoint "Cleanup", Time since last: 1000161562 ns, Reaching safepoint: 125040 ns, At safepoint: 4863 ns, Total: 129903 ns
[2021-04-18T11:36:58.662+0000][8][safepoint   ] Safepoint "Cleanup", Time since last: 1000302032 ns, Reaching safepoint: 168638 ns, At safepoint: 5484 ns, Total: 174122 ns
[2021-04-18T11:36:59.662+0000][8][safepoint   ] Safepoint "Cleanup", Time since last: 1000096124 ns, Reaching safepoint: 99480 ns, At safepoint: 4193 ns, Total: 103673 ns
[2021-04-18T11:37:01.662+0000][8][safepoint   ] Safepoint "Cleanup", Time since last: 2000230590 ns, Reaching safepoint: 79780 ns, At safepoint: 4975 ns, Total: 84755 ns
[2021-04-18T11:37:02.663+0000][8][safepoint   ] Safepoint "Cleanup", Time since last: 1000089097 ns, Reaching safepoint: 88430 ns, At safepoint: 4566 ns, Total: 92996 ns
[2021-04-18T11:37:03.663+0000][8][safepoint   ] Safepoint "Cleanup", Time since last: 1000089843 ns, Reaching safepoint: 148538 ns, At safepoint: 8033 ns, Total: 156571 ns
[2021-04-18T11:37:04.663+0000][8][safepoint   ] Safepoint "Cleanup", Time since last: 1000124009 ns, Reaching safepoint: 158283 ns, At safepoint: 8197 ns, Total: 166480 ns
[2021-04-18T11:37:05.664+0000][8][safepoint   ] Safepoint "Cleanup", Time since last: 1000246558 ns, Reaching safepoint: 154483 ns, At safepoint: 6561 ns, Total: 161044 ns
[2021-04-18T11:37:07.664+0000][8][safepoint   ] Safepoint "Cleanup", Time since last: 2000192910 ns, Reaching safepoint: 93101 ns, At safepoint: 5809 ns, Total: 98910 ns
[2021-04-18T11:37:09.664+0000][8][safepoint   ] Safepoint "Cleanup", Time since last: 2000388704 ns, Reaching safepoint: 100470 ns, At safepoint: 5824 ns, Total: 106294 ns
[2021-04-18T11:37:09.959+0000][8][safepoint   ] Safepoint "ICBufferFull", Time since last: 294187835 ns, Reaching safepoint: 199195 ns, At safepoint: 10202 ns, Total: 209397 ns
[2021-04-18T11:37:10.959+0000][8][safepoint   ] Safepoint "Cleanup", Time since last: 1000260744 ns, Reaching safepoint: 186787 ns, At safepoint: 6471 ns, Total: 193258 ns
[2021-04-18T11:37:11.960+0000][8][safepoint   ] Safepoint "Cleanup", Time since last: 1000489045 ns, Reaching safepoint: 179485 ns, At safepoint: 7682 ns, Total: 187167 ns
[2021-04-18T11:37:12.960+0000][8][safepoint   ] Safepoint "Cleanup", Time since last: 1000098523 ns, Reaching safepoint: 89891 ns, At safepoint: 4980 ns, Total: 94871 ns
[2021-04-18T11:37:15.961+0000][8][safepoint   ] Safepoint "Cleanup", Time since last: 3000609693 ns, Reaching safepoint: 93017 ns, At safepoint: 6310 ns, Total: 99327 ns
[2021-04-18T11:37:18.961+0000][8][safepoint   ] Safepoint "Cleanup", Time since last: 3000339850 ns, Reaching safepoint: 115379 ns, At safepoint: 5834 ns, Total: 121213 ns
[2021-04-18T11:37:19.961+0000][8][safepoint   ] Safepoint "Cleanup", Time since last: 1000095793 ns, Reaching safepoint: 113680 ns, At safepoint: 6479 ns, Total: 120159 ns
[2021-04-18T11:37:21.962+0000][8][safepoint   ] Safepoint "Cleanup", Time since last: 2000395360 ns, Reaching safepoint: 169074 ns, At safepoint: 7045 ns, Total: 176119 ns
[2021-04-18T11:37:24.963+0000][8][safepoint   ] Safepoint "Cleanup", Time since last: 3000633171 ns, Reaching safepoint: 91282 ns, At safepoint: 6187 ns, Total: 97469 ns
[2021-04-18T11:37:25.963+0000][8][safepoint   ] Safepoint "Cleanup", Time since last: 1000099807 ns, Reaching safepoint: 100717 ns, At safepoint: 7581 ns, Total: 108298 ns
[2021-04-18T11:37:26.964+0000][8][safepoint   ] Safepoint "Cleanup", Time since last: 1000576862 ns, Reaching safepoint: 181434 ns, At safepoint: 7602 ns, Total: 189036 ns
[2021-04-18T11:37:28.964+0000][8][safepoint   ] Safepoint "Cleanup", Time since last: 2000214205 ns, Reaching safepoint: 165696 ns, At safepoint: 7347 ns, Total: 173043 ns
[2021-04-18T11:37:29.964+0000][8][safepoint   ] Safepoint "Cleanup", Time since last: 1000149800 ns, Reaching safepoint: 82092 ns, At safepoint: 5919 ns, Total: 88011 ns
[2021-04-18T11:37:30.965+0000][8][safepoint   ] Safepoint "Cleanup", Time since last: 1000140752 ns, Reaching safepoint: 163508 ns, At safepoint: 8590 ns, Total: 172098 ns
[2021-04-18T11:37:31.965+0000][8][safepoint   ] Safepoint "Cleanup", Time since last: 1000146003 ns, Reaching safepoint: 89414 ns, At safepoint: 4948 ns, Total: 94362 ns
[2021-04-18T11:37:33.966+0000][8][safepoint   ] Safepoint "Cleanup", Time since last: 2000768576 ns, Reaching safepoint: 140893 ns, At safepoint: 6279 ns, Total: 147172 ns
[2021-04-18T11:37:34.966+0000][8][safepoint   ] Safepoint "Cleanup", Time since last: 1000144634 ns, Reaching safepoint: 85941 ns, At safepoint: 6578 ns, Total: 92519 ns
[2021-04-18T11:37:35.966+0000][8][safepoint   ] Safepoint "Cleanup", Time since last: 1000092015 ns, Reaching safepoint: 83599 ns, At safepoint: 6403 ns, Total: 90002 ns
[2021-04-18T11:37:36.967+0000][8][safepoint   ] Safepoint "Cleanup", Time since last: 1000264803 ns, Reaching safepoint: 210786 ns, At safepoint: 7022 ns, Total: 217808 ns
[2021-04-18T11:37:39.967+0000][8][safepoint   ] Safepoint "Cleanup", Time since last: 3000518516 ns, Reaching safepoint: 143068 ns, At safepoint: 8422 ns, Total: 151490 ns
[2021-04-18T11:37:40.968+0000][8][safepoint   ] Safepoint "Cleanup", Time since last: 1000089623 ns, Reaching safepoint: 105790 ns, At safepoint: 6260 ns, Total: 112050 ns
[2021-04-18T11:37:41.968+0000][8][safepoint   ] Safepoint "Cleanup", Time since last: 1000290546 ns, Reaching safepoint: 84532 ns, At safepoint: 6577 ns, Total: 91109 ns
[2021-04-18T11:37:42.969+0000][8][safepoint   ] Safepoint "Cleanup", Time since last: 1000507287 ns, Reaching safepoint: 114576 ns, At safepoint: 6334 ns, Total: 120910 ns
[2021-04-18T11:37:45.969+0000][8][safepoint   ] Safepoint "Cleanup", Time since last: 3000645031 ns, Reaching safepoint: 102533 ns, At safepoint: 7334 ns, Total: 109867 ns
[2021-04-18T11:37:46.970+0000][8][safepoint   ] Safepoint "Cleanup", Time since last: 1000099448 ns, Reaching safepoint: 86531 ns, At safepoint: 5078 ns, Total: 91609 ns
[2021-04-18T11:37:49.970+0000][8][safepoint   ] Safepoint "Cleanup", Time since last: 3000591069 ns, Reaching safepoint: 110808 ns, At safepoint: 5617 ns, Total: 116425 ns
[2021-04-18T11:37:51.971+0000][8][safepoint   ] Safepoint "Cleanup", Time since last: 2000373001 ns, Reaching safepoint: 121252 ns, At safepoint: 5610 ns, Total: 126862 ns
[2021-04-18T11:37:54.971+0000][8][safepoint   ] Safepoint "Cleanup", Time since last: 3000359789 ns, Reaching safepoint: 101147 ns, At safepoint: 5726 ns, Total: 106873 ns
[2021-04-18T11:37:55.972+0000][8][safepoint   ] Safepoint "Cleanup", Time since last: 1000289050 ns, Reaching safepoint: 208115 ns, At safepoint: 7311 ns, Total: 215426 ns
[2021-04-18T11:37:56.972+0000][8][safepoint   ] Safepoint "Cleanup", Time since last: 1000092140 ns, Reaching safepoint: 85458 ns, At safepoint: 5389 ns, Total: 90847 ns
[2021-04-18T11:37:57.910+0000][8][gc,start    ] GC(41) Pause Young (Normal) (G1 Evacuation Pause)
[2021-04-18T11:37:57.910+0000][8][gc,task     ] GC(41) Using 6 workers of 8 for evacuation
[2021-04-18T11:37:57.910+0000][8][gc,age      ] GC(41) Desired survivor size 6291456 bytes, new threshold 15 (max threshold 15)
[2021-04-18T11:37:57.915+0000][8][gc,age      ] GC(41) Age table with threshold 15 (max threshold 15)
[2021-04-18T11:37:57.915+0000][8][gc,age      ] GC(41) - age   1:     291792 bytes,     291792 total
[2021-04-18T11:37:57.915+0000][8][gc,age      ] GC(41) - age   2:      62176 bytes,     353968 total
[2021-04-18T11:37:57.915+0000][8][gc,age      ] GC(41) - age   3:      87072 bytes,     441040 total
[2021-04-18T11:37:57.915+0000][8][gc,age      ] GC(41) - age   4:    1296024 bytes,    1737064 total
[2021-04-18T11:37:57.915+0000][8][gc,age      ] GC(41) - age   5:    3015560 bytes,    4752624 total
[2021-04-18T11:37:57.915+0000][8][gc,phases   ] GC(41)   Pre Evacuate Collection Set: 0.0ms
[2021-04-18T11:37:57.915+0000][8][gc,phases   ] GC(41)   Merge Heap Roots: 0.1ms
[2021-04-18T11:37:57.915+0000][8][gc,phases   ] GC(41)   Evacuate Collection Set: 4.2ms
[2021-04-18T11:37:57.915+0000][8][gc,phases   ] GC(41)   Post Evacuate Collection Set: 0.6ms
[2021-04-18T11:37:57.915+0000][8][gc,phases   ] GC(41)   Other: 0.2ms
[2021-04-18T11:37:57.915+0000][8][gc,heap     ] GC(41) Eden regions: 22->0(23)
[2021-04-18T11:37:57.915+0000][8][gc,heap     ] GC(41) Survivor regions: 2->2(3)
[2021-04-18T11:37:57.915+0000][8][gc,heap     ] GC(41) Old regions: 23->23
[2021-04-18T11:37:57.915+0000][8][gc,heap     ] GC(41) Archive regions: 2->2
[2021-04-18T11:37:57.915+0000][8][gc,heap     ] GC(41) Humongous regions: 2->2
[2021-04-18T11:37:57.915+0000][8][gc,metaspace] GC(41) Metaspace: 103973K(108196K)->103973K(108196K) NonClass: 90118K(93016K)->90118K(93016K) Class: 13854K(15180K)->13854K(15180K)
[2021-04-18T11:37:57.915+0000][8][gc          ] GC(41) Pause Young (Normal) (G1 Evacuation Pause) 196M->107M(256M) 5.188ms
[2021-04-18T11:37:57.915+0000][8][gc,cpu      ] GC(41) User=0.02s Sys=0.00s Real=0.00s
[2021-04-18T11:37:57.915+0000][8][safepoint   ] Safepoint "G1CollectForAllocation", Time since last: 937861693 ns, Reaching safepoint: 104657 ns, At safepoint: 5252135 ns, Total: 5356792 ns
[2021-04-18T11:37:58.916+0000][8][safepoint   ] Safepoint "Cleanup", Time since last: 1000264470 ns, Reaching safepoint: 115583 ns, At safepoint: 7676 ns, Total: 123259 ns
[2021-04-18T11:37:59.916+0000][8][safepoint   ] Safepoint "Cleanup", Time since last: 1000474322 ns, Reaching safepoint: 173126 ns, At safepoint: 7651 ns, Total: 180777 ns
[2021-04-18T11:38:00.916+0000][8][safepoint   ] Safepoint "Cleanup", Time since last: 1000134702 ns, Reaching safepoint: 100604 ns, At safepoint: 5529 ns, Total: 106133 ns
[2021-04-18T11:38:01.917+0000][8][safepoint   ] Safepoint "Cleanup", Time since last: 1000277227 ns, Reaching safepoint: 173543 ns, At safepoint: 8634 ns, Total: 182177 ns
[2021-04-18T11:38:02.918+0000][8][safepoint   ] Safepoint "Cleanup", Time since last: 1000497928 ns, Reaching safepoint: 160163 ns, At safepoint: 8110 ns, Total: 168273 ns
[2021-04-18T11:38:03.918+0000][8][safepoint   ] Safepoint "Cleanup", Time since last: 1000294154 ns, Reaching safepoint: 115351 ns, At safepoint: 5853 ns, Total: 121204 ns
[2021-04-18T11:38:04.918+0000][8][safepoint   ] Safepoint "Cleanup", Time since last: 1000091666 ns, Reaching safepoint: 99635 ns, At safepoint: 8906 ns, Total: 108541 ns
[2021-04-18T11:38:06.919+0000][8][safepoint   ] Safepoint "Cleanup", Time since last: 2000384544 ns, Reaching safepoint: 105544 ns, At safepoint: 7971 ns, Total: 113515 ns
[2021-04-18T11:38:07.919+0000][8][safepoint   ] Safepoint "Cleanup", Time since last: 1000130434 ns, Reaching safepoint: 86260 ns, At safepoint: 7361 ns, Total: 93621 ns
[2021-04-18T11:38:12.920+0000][8][safepoint   ] Safepoint "Cleanup", Time since last: 5000792667 ns, Reaching safepoint: 150345 ns, At safepoint: 7207 ns, Total: 157552 ns
[2021-04-18T11:38:13.920+0000][8][safepoint   ] Safepoint "Cleanup", Time since last: 1000096063 ns, Reaching safepoint: 163185 ns, At safepoint: 7470 ns, Total: 170655 ns
[2021-04-18T11:38:16.921+0000][8][safepoint   ] Safepoint "Cleanup", Time since last: 3000700737 ns, Reaching safepoint: 108637 ns, At safepoint: 6021 ns, Total: 114658 ns
[2021-04-18T11:38:19.922+0000][8][safepoint   ] Safepoint "Cleanup", Time since last: 3000675190 ns, Reaching safepoint: 163191 ns, At safepoint: 7038 ns, Total: 170229 ns
[2021-04-18T11:38:21.922+0000][8][safepoint   ] Safepoint "Cleanup", Time since last: 2000354546 ns, Reaching safepoint: 171318 ns, At safepoint: 7739 ns, Total: 179057 ns
[2021-04-18T11:38:22.923+0000][8][safepoint   ] Safepoint "Cleanup", Time since last: 1000226710 ns, Reaching safepoint: 138626 ns, At safepoint: 7114 ns, Total: 145740 ns
[2021-04-18T11:38:24.923+0000][8][safepoint   ] Safepoint "Cleanup", Time since last: 2000230892 ns, Reaching safepoint: 97398 ns, At safepoint: 6196 ns, Total: 103594 ns
[2021-04-18T11:38:25.923+0000][8][safepoint   ] Safepoint "Cleanup", Time since last: 1000126715 ns, Reaching safepoint: 90327 ns, At safepoint: 5670 ns, Total: 95997 ns
[2021-04-18T11:38:26.924+0000][8][safepoint   ] Safepoint "Cleanup", Time since last: 1000171870 ns, Reaching safepoint: 104191 ns, At safepoint: 7379 ns, Total: 111570 ns
[2021-04-18T11:38:28.924+0000][8][safepoint   ] Safepoint "Cleanup", Time since last: 2000673439 ns, Reaching safepoint: 109447 ns, At safepoint: 6782 ns, Total: 116229 ns
[2021-04-18T11:38:29.925+0000][8][safepoint   ] Safepoint "Cleanup", Time since last: 1000231541 ns, Reaching safepoint: 134160 ns, At safepoint: 6226 ns, Total: 140386 ns
[2021-04-18T11:38:30.925+0000][8][safepoint   ] Safepoint "Cleanup", Time since last: 1000142879 ns, Reaching safepoint: 94694 ns, At safepoint: 6805 ns, Total: 101499 ns
[2021-04-18T11:38:31.925+0000][8][safepoint   ] Safepoint "Cleanup", Time since last: 1000177745 ns, Reaching safepoint: 118479 ns, At safepoint: 8322 ns, Total: 126801 ns
[2021-04-18T11:38:36.926+0000][8][safepoint   ] Safepoint "Cleanup", Time since last: 5000789873 ns, Reaching safepoint: 133372 ns, At safepoint: 6916 ns, Total: 140288 ns
[2021-04-18T11:38:37.927+0000][8][safepoint   ] Safepoint "Cleanup", Time since last: 1000304788 ns, Reaching safepoint: 120796 ns, At safepoint: 5986 ns, Total: 126782 ns
[2021-04-18T11:38:40.927+0000][8][safepoint   ] Safepoint "Cleanup", Time since last: 3000273677 ns, Reaching safepoint: 106721 ns, At safepoint: 7483 ns, Total: 114204 ns
[2021-04-18T11:38:43.928+0000][8][safepoint   ] Safepoint "Cleanup", Time since last: 3000529933 ns, Reaching safepoint: 92933 ns, At safepoint: 5448 ns, Total: 98381 ns
[2021-04-18T11:38:46.928+0000][8][safepoint   ] Safepoint "Cleanup", Time since last: 3000304637 ns, Reaching safepoint: 119925 ns, At safepoint: 5601 ns, Total: 125526 ns
[2021-04-18T11:38:49.929+0000][8][safepoint   ] Safepoint "Cleanup", Time since last: 3000356330 ns, Reaching safepoint: 114818 ns, At safepoint: 6414 ns, Total: 121232 ns
[2021-04-18T11:38:50.929+0000][8][safepoint   ] Safepoint "Cleanup", Time since last: 1000157319 ns, Reaching safepoint: 239055 ns, At safepoint: 8822 ns, Total: 247877 ns
[2021-04-18T11:38:51.929+0000][8][safepoint   ] Safepoint "Cleanup", Time since last: 1000302032 ns, Reaching safepoint: 88234 ns, At safepoint: 4830 ns, Total: 93064 ns
[2021-04-18T11:38:52.930+0000][8][safepoint   ] Safepoint "Cleanup", Time since last: 1000164745 ns, Reaching safepoint: 158768 ns, At safepoint: 7893 ns, Total: 166661 ns
[2021-04-18T11:38:55.930+0000][8][safepoint   ] Safepoint "Cleanup", Time since last: 3000262377 ns, Reaching safepoint: 103198 ns, At safepoint: 8060 ns, Total: 111258 ns
[2021-04-18T11:38:56.930+0000][8][safepoint   ] Safepoint "Cleanup", Time since last: 1000180893 ns, Reaching safepoint: 94601 ns, At safepoint: 7907 ns, Total: 102508 ns
[2021-04-18T11:38:57.931+0000][8][safepoint   ] Safepoint "Cleanup", Time since last: 1000411767 ns, Reaching safepoint: 102257 ns, At safepoint: 5224 ns, Total: 107481 ns
[2021-04-18T11:38:57.965+0000][8][gc,start    ] GC(42) Pause Young (Concurrent Start) (G1 Evacuation Pause)
[2021-04-18T11:38:57.965+0000][8][gc,task     ] GC(42) Using 6 workers of 8 for evacuation
[2021-04-18T11:38:57.965+0000][8][gc,age      ] GC(42) Desired survivor size 8388608 bytes, new threshold 15 (max threshold 15)
[2021-04-18T11:38:57.971+0000][8][gc,age      ] GC(42) Age table with threshold 15 (max threshold 15)
[2021-04-18T11:38:57.971+0000][8][gc,age      ] GC(42) - age   1:    3268488 bytes,    3268488 total
[2021-04-18T11:38:57.971+0000][8][gc,age      ] GC(42) - age   2:     182112 bytes,    3450600 total
[2021-04-18T11:38:57.971+0000][8][gc,age      ] GC(42) - age   3:      38616 bytes,    3489216 total
[2021-04-18T11:38:57.971+0000][8][gc,age      ] GC(42) - age   4:      79320 bytes,    3568536 total
[2021-04-18T11:38:57.971+0000][8][gc,age      ] GC(42) - age   5:     779512 bytes,    4348048 total
[2021-04-18T11:38:57.971+0000][8][gc,age      ] GC(42) - age   6:    3015176 bytes,    7363224 total
[2021-04-18T11:38:57.971+0000][8][gc,phases   ] GC(42)   Pre Evacuate Collection Set: 0.1ms
[2021-04-18T11:38:57.971+0000][8][gc,phases   ] GC(42)   Merge Heap Roots: 0.0ms
[2021-04-18T11:38:57.971+0000][8][gc,phases   ] GC(42)   Evacuate Collection Set: 4.9ms
[2021-04-18T11:38:57.971+0000][8][gc,phases   ] GC(42)   Post Evacuate Collection Set: 0.6ms
[2021-04-18T11:38:57.971+0000][8][gc,phases   ] GC(42)   Other: 0.2ms
[2021-04-18T11:38:57.971+0000][8][gc,heap     ] GC(42) Eden regions: 23->0(22)
[2021-04-18T11:38:57.971+0000][8][gc,heap     ] GC(42) Survivor regions: 2->2(4)
[2021-04-18T11:38:57.971+0000][8][gc,heap     ] GC(42) Old regions: 23->23
[2021-04-18T11:38:57.971+0000][8][gc,heap     ] GC(42) Archive regions: 2->2
[2021-04-18T11:38:57.971+0000][8][gc,heap     ] GC(42) Humongous regions: 2->2
[2021-04-18T11:38:57.971+0000][8][gc,metaspace] GC(42) Metaspace: 104455K(108708K)->104455K(108708K) NonClass: 90584K(93528K)->90584K(93528K) Class: 13871K(15180K)->13871K(15180K)
[2021-04-18T11:38:57.971+0000][8][gc          ] GC(42) Pause Young (Concurrent Start) (G1 Evacuation Pause) 199M->110M(256M) 6.018ms
[2021-04-18T11:38:57.971+0000][8][gc,cpu      ] GC(42) User=0.03s Sys=0.00s Real=0.01s
[2021-04-18T11:38:57.971+0000][8][gc          ] GC(43) Concurrent Cycle
[2021-04-18T11:38:57.971+0000][8][safepoint   ] Safepoint "G1CollectForAllocation", Time since last: 34340675 ns, Reaching safepoint: 102559 ns, At safepoint: 6090037 ns, Total: 6192596 ns
[2021-04-18T11:38:57.971+0000][8][gc,marking  ] GC(43) Concurrent Clear Claimed Marks
[2021-04-18T11:38:57.971+0000][8][gc,marking  ] GC(43) Concurrent Clear Claimed Marks 0.103ms
[2021-04-18T11:38:57.971+0000][8][gc,marking  ] GC(43) Concurrent Scan Root Regions
[2021-04-18T11:38:57.975+0000][8][gc,marking  ] GC(43) Concurrent Scan Root Regions 3.246ms
[2021-04-18T11:38:57.975+0000][8][gc,marking  ] GC(43) Concurrent Mark (322.509s)
[2021-04-18T11:38:57.975+0000][8][gc,marking  ] GC(43) Concurrent Mark From Roots
[2021-04-18T11:38:57.975+0000][8][gc,task     ] GC(43) Using 2 workers of 2 for marking
[2021-04-18T11:38:58.060+0000][8][gc,marking  ] GC(43) Concurrent Mark From Roots 85.356ms
[2021-04-18T11:38:58.060+0000][8][gc,marking  ] GC(43) Concurrent Preclean
[2021-04-18T11:38:58.060+0000][8][gc,marking  ] GC(43) Concurrent Preclean 0.219ms
[2021-04-18T11:38:58.060+0000][8][gc,marking  ] GC(43) Concurrent Mark (322.509s, 322.594s) 85.622ms
[2021-04-18T11:38:58.061+0000][8][gc,start    ] GC(43) Pause Remark
[2021-04-18T11:38:58.067+0000][8][gc          ] GC(43) Pause Remark 114M->114M(256M) 5.770ms
[2021-04-18T11:38:58.067+0000][8][gc,cpu      ] GC(43) User=0.03s Sys=0.00s Real=0.00s
[2021-04-18T11:38:58.067+0000][8][safepoint   ] Safepoint "G1Concurrent", Time since last: 89070442 ns, Reaching safepoint: 660947 ns, At safepoint: 5847536 ns, Total: 6508483 ns
[2021-04-18T11:38:58.067+0000][8][gc,marking  ] GC(43) Concurrent Rebuild Remembered Sets
[2021-04-18T11:38:58.147+0000][8][gc,marking  ] GC(43) Concurrent Rebuild Remembered Sets 79.651ms
[2021-04-18T11:38:58.148+0000][8][gc,start    ] GC(43) Pause Cleanup
[2021-04-18T11:38:58.148+0000][8][gc          ] GC(43) Pause Cleanup 120M->120M(256M) 0.088ms
[2021-04-18T11:38:58.148+0000][8][gc,cpu      ] GC(43) User=0.00s Sys=0.00s Real=0.00s
[2021-04-18T11:38:58.148+0000][8][safepoint   ] Safepoint "G1Concurrent", Time since last: 79735991 ns, Reaching safepoint: 921684 ns, At safepoint: 161691 ns, Total: 1083375 ns
[2021-04-18T11:38:58.148+0000][8][gc,marking  ] GC(43) Concurrent Cleanup for Next Mark
[2021-04-18T11:38:58.148+0000][8][gc,marking  ] GC(43) Concurrent Cleanup for Next Mark 0.358ms
[2021-04-18T11:38:58.148+0000][8][gc          ] GC(43) Concurrent Cycle 176.967ms
[2021-04-18T11:38:58.244+0000][8][safepoint   ] Safepoint "ICBufferFull", Time since last: 95826746 ns, Reaching safepoint: 748000 ns, At safepoint: 24503 ns, Total: 772503 ns
[2021-04-18T11:38:58.680+0000][8][safepoint   ] Safepoint "ICBufferFull", Time since last: 435366508 ns, Reaching safepoint: 231447 ns, At safepoint: 14981 ns, Total: 246428 ns
[2021-04-18T11:38:59.680+0000][8][safepoint   ] Safepoint "Cleanup", Time since last: 1000306412 ns, Reaching safepoint: 173731 ns, At safepoint: 6413 ns, Total: 180144 ns
[2021-04-18T11:39:00.954+0000][8][safepoint   ] Safepoint "Cleanup", Time since last: 1273026051 ns, Reaching safepoint: 149354 ns, At safepoint: 8034 ns, Total: 157388 ns
[2021-04-18T11:39:01.954+0000][8][safepoint   ] Safepoint "Cleanup", Time since last: 1000204886 ns, Reaching safepoint: 275403 ns, At safepoint: 14049 ns, Total: 289452 ns
[2021-04-18T11:39:02.954+0000][8][safepoint   ] Safepoint "Cleanup", Time since last: 1000162111 ns, Reaching safepoint: 170339 ns, At safepoint: 7195 ns, Total: 177534 ns
[2021-04-18T11:39:03.955+0000][8][safepoint   ] Safepoint "Cleanup", Time since last: 1000124768 ns, Reaching safepoint: 119038 ns, At safepoint: 7687 ns, Total: 126725 ns
[2021-04-18T11:39:04.576+0000][8][gc,start    ] GC(44) Pause Young (Normal) (G1 Evacuation Pause)
[2021-04-18T11:39:04.576+0000][8][gc,task     ] GC(44) Using 6 workers of 8 for evacuation
[2021-04-18T11:39:04.576+0000][8][gc,age      ] GC(44) Desired survivor size 6291456 bytes, new threshold 6 (max threshold 15)
[2021-04-18T11:39:04.581+0000][8][gc,age      ] GC(44) Age table with threshold 6 (max threshold 15)
[2021-04-18T11:39:04.581+0000][8][gc,age      ] GC(44) - age   1:    2266248 bytes,    2266248 total
[2021-04-18T11:39:04.581+0000][8][gc,age      ] GC(44) - age   2:     568912 bytes,    2835160 total
[2021-04-18T11:39:04.581+0000][8][gc,age      ] GC(44) - age   3:     178528 bytes,    3013688 total
[2021-04-18T11:39:04.581+0000][8][gc,age      ] GC(44) - age   4:      33112 bytes,    3046800 total
[2021-04-18T11:39:04.581+0000][8][gc,age      ] GC(44) - age   5:      74144 bytes,    3120944 total
[2021-04-18T11:39:04.581+0000][8][gc,age      ] GC(44) - age   6:     768912 bytes,    3889856 total
[2021-04-18T11:39:04.581+0000][8][gc,phases   ] GC(44)   Pre Evacuate Collection Set: 0.0ms
[2021-04-18T11:39:04.581+0000][8][gc,phases   ] GC(44)   Merge Heap Roots: 0.1ms
[2021-04-18T11:39:04.581+0000][8][gc,phases   ] GC(44)   Evacuate Collection Set: 4.5ms
[2021-04-18T11:39:04.581+0000][8][gc,phases   ] GC(44)   Post Evacuate Collection Set: 0.5ms
[2021-04-18T11:39:04.581+0000][8][gc,phases   ] GC(44)   Other: 0.2ms
[2021-04-18T11:39:04.581+0000][8][gc,heap     ] GC(44) Eden regions: 22->0(22)
[2021-04-18T11:39:04.581+0000][8][gc,heap     ] GC(44) Survivor regions: 2->2(3)
[2021-04-18T11:39:04.581+0000][8][gc,heap     ] GC(44) Old regions: 23->24
[2021-04-18T11:39:04.581+0000][8][gc,heap     ] GC(44) Archive regions: 2->2
[2021-04-18T11:39:04.581+0000][8][gc,heap     ] GC(44) Humongous regions: 2->2
[2021-04-18T11:39:04.581+0000][8][gc,metaspace] GC(44) Metaspace: 106155K(110244K)->106155K(110244K) NonClass: 92030K(94808K)->92030K(94808K) Class: 14124K(15436K)->14124K(15436K)
[2021-04-18T11:39:04.581+0000][8][gc          ] GC(44) Pause Young (Normal) (G1 Evacuation Pause) 198M->109M(256M) 5.413ms
[2021-04-18T11:39:04.581+0000][8][gc,cpu      ] GC(44) User=0.03s Sys=0.00s Real=0.01s
[2021-04-18T11:39:04.581+0000][8][safepoint   ] Safepoint "G1CollectForAllocation", Time since last: 621140852 ns, Reaching safepoint: 123896 ns, At safepoint: 5481138 ns, Total: 5605034 ns
[2021-04-18T11:39:07.582+0000][8][safepoint   ] Safepoint "Cleanup", Time since last: 3000203269 ns, Reaching safepoint: 132304 ns, At safepoint: 9529 ns, Total: 141833 ns
[2021-04-18T11:39:09.582+0000][8][safepoint   ] Safepoint "Cleanup", Time since last: 2000287023 ns, Reaching safepoint: 207573 ns, At safepoint: 8963 ns, Total: 216536 ns
[2021-04-18T11:39:12.583+0000][8][safepoint   ] Safepoint "Cleanup", Time since last: 3000366868 ns, Reaching safepoint: 128900 ns, At safepoint: 7136 ns, Total: 136036 ns
[2021-04-18T11:39:15.583+0000][8][safepoint   ] Safepoint "Cleanup", Time since last: 3000257982 ns, Reaching safepoint: 148790 ns, At safepoint: 8757 ns, Total: 157547 ns
[2021-04-18T11:39:16.584+0000][8][safepoint   ] Safepoint "Cleanup", Time since last: 1000265284 ns, Reaching safepoint: 176271 ns, At safepoint: 7218 ns, Total: 183489 ns
[2021-04-18T11:39:17.584+0000][8][safepoint   ] Safepoint "Cleanup", Time since last: 1000134607 ns, Reaching safepoint: 84215 ns, At safepoint: 4548 ns, Total: 88763 ns
[2021-04-18T11:39:19.584+0000][8][safepoint   ] Safepoint "Cleanup", Time since last: 2000298923 ns, Reaching safepoint: 199488 ns, At safepoint: 6891 ns, Total: 206379 ns
[2021-04-18T11:39:22.585+0000][8][safepoint   ] Safepoint "Cleanup", Time since last: 3000441559 ns, Reaching safepoint: 98810 ns, At safepoint: 5309 ns, Total: 104119 ns
[2021-04-18T11:39:24.585+0000][8][safepoint   ] Safepoint "Cleanup", Time since last: 2000202499 ns, Reaching safepoint: 104702 ns, At safepoint: 7433 ns, Total: 112135 ns
[2021-04-18T11:39:25.585+0000][8][safepoint   ] Safepoint "Cleanup", Time since last: 1000099148 ns, Reaching safepoint: 108423 ns, At safepoint: 5362 ns, Total: 113785 ns
[2021-04-18T11:39:26.586+0000][8][safepoint   ] Safepoint "Cleanup", Time since last: 1000108680 ns, Reaching safepoint: 157313 ns, At safepoint: 7311 ns, Total: 164624 ns
[2021-04-18T11:39:27.586+0000][8][safepoint   ] Safepoint "Cleanup", Time since last: 1000224239 ns, Reaching safepoint: 100386 ns, At safepoint: 4617 ns, Total: 105003 ns
[2021-04-18T11:39:28.586+0000][8][safepoint   ] Safepoint "Cleanup", Time since last: 1000172350 ns, Reaching safepoint: 91085 ns, At safepoint: 7210 ns, Total: 98295 ns
[2021-04-18T11:39:34.587+0000][8][safepoint   ] Safepoint "Cleanup", Time since last: 6000782379 ns, Reaching safepoint: 87926 ns, At safepoint: 5427 ns, Total: 93353 ns
[2021-04-18T11:39:36.587+0000][8][safepoint   ] Safepoint "Cleanup", Time since last: 2000168146 ns, Reaching safepoint: 97838 ns, At safepoint: 6108 ns, Total: 103946 ns
[2021-04-18T11:39:39.588+0000][8][safepoint   ] Safepoint "Cleanup", Time since last: 3000403953 ns, Reaching safepoint: 124210 ns, At safepoint: 6838 ns, Total: 131048 ns
[2021-04-18T11:39:40.588+0000][8][safepoint   ] Safepoint "Cleanup", Time since last: 1000136478 ns, Reaching safepoint: 107698 ns, At safepoint: 6733 ns, Total: 114431 ns
[2021-04-18T11:39:43.589+0000][8][safepoint   ] Safepoint "Cleanup", Time since last: 3000364569 ns, Reaching safepoint: 185541 ns, At safepoint: 25569 ns, Total: 211110 ns
[2021-04-18T11:39:46.766+0000][8][safepoint   ] Safepoint "Cleanup", Time since last: 3176903484 ns, Reaching safepoint: 139207 ns, At safepoint: 7377 ns, Total: 146584 ns
[2021-04-18T11:39:49.766+0000][8][safepoint   ] Safepoint "Cleanup", Time since last: 3000216918 ns, Reaching safepoint: 98992 ns, At safepoint: 4948 ns, Total: 103940 ns
[2021-04-18T11:39:51.766+0000][8][safepoint   ] Safepoint "Cleanup", Time since last: 2000158737 ns, Reaching safepoint: 80510 ns, At safepoint: 6767 ns, Total: 87277 ns
[2021-04-18T11:39:52.767+0000][8][safepoint   ] Safepoint "Cleanup", Time since last: 1000097726 ns, Reaching safepoint: 121581 ns, At safepoint: 5968 ns, Total: 127549 ns
[2021-04-18T11:39:54.767+0000][8][safepoint   ] Safepoint "Cleanup", Time since last: 2000503262 ns, Reaching safepoint: 131294 ns, At safepoint: 5927 ns, Total: 137221 ns
[2021-04-18T11:39:55.768+0000][8][safepoint   ] Safepoint "Cleanup", Time since last: 1000094849 ns, Reaching safepoint: 101252 ns, At safepoint: 5525 ns, Total: 106777 ns
[2021-04-18T11:39:57.768+0000][8][safepoint   ] Safepoint "Cleanup", Time since last: 2000235150 ns, Reaching safepoint: 107597 ns, At safepoint: 6326 ns, Total: 113923 ns
[2021-04-18T11:39:58.768+0000][8][safepoint   ] Safepoint "Cleanup", Time since last: 1000160953 ns, Reaching safepoint: 112529 ns, At safepoint: 6001 ns, Total: 118530 ns
[2021-04-18T11:40:02.769+0000][8][safepoint   ] Safepoint "Cleanup", Time since last: 4000383429 ns, Reaching safepoint: 118427 ns, At safepoint: 6075 ns, Total: 124502 ns
[2021-04-18T11:40:04.769+0000][8][safepoint   ] Safepoint "Cleanup", Time since last: 2000203519 ns, Reaching safepoint: 94651 ns, At safepoint: 5320 ns, Total: 99971 ns
[2021-04-18T11:40:10.769+0000][8][safepoint   ] Safepoint "Cleanup", Time since last: 6000392805 ns, Reaching safepoint: 114194 ns, At safepoint: 8338 ns, Total: 122532 ns
[2021-04-18T11:40:14.611+0000][8][gc,start    ] GC(45) Pause Young (Concurrent Start) (G1 Evacuation Pause)
[2021-04-18T11:40:14.611+0000][8][gc,task     ] GC(45) Using 6 workers of 8 for evacuation
[2021-04-18T11:40:14.611+0000][8][gc,age      ] GC(45) Desired survivor size 6291456 bytes, new threshold 15 (max threshold 15)
[2021-04-18T11:40:14.615+0000][8][gc,age      ] GC(45) Age table with threshold 15 (max threshold 15)
[2021-04-18T11:40:14.615+0000][8][gc,age      ] GC(45) - age   1:     605736 bytes,     605736 total
[2021-04-18T11:40:14.615+0000][8][gc,age      ] GC(45) - age   2:    2089320 bytes,    2695056 total
[2021-04-18T11:40:14.615+0000][8][gc,age      ] GC(45) - age   3:     542920 bytes,    3237976 total
[2021-04-18T11:40:14.615+0000][8][gc,age      ] GC(45) - age   4:     178344 bytes,    3416320 total
[2021-04-18T11:40:14.615+0000][8][gc,age      ] GC(45) - age   5:      33112 bytes,    3449432 total
[2021-04-18T11:40:14.615+0000][8][gc,age      ] GC(45) - age   6:      73552 bytes,    3522984 total
[2021-04-18T11:40:14.615+0000][8][gc,age      ] GC(45) - age   7:     767800 bytes,    4290784 total
[2021-04-18T11:40:14.615+0000][8][gc,phases   ] GC(45)   Pre Evacuate Collection Set: 0.1ms
[2021-04-18T11:40:14.615+0000][8][gc,phases   ] GC(45)   Merge Heap Roots: 0.1ms
[2021-04-18T11:40:14.615+0000][8][gc,phases   ] GC(45)   Evacuate Collection Set: 3.7ms
[2021-04-18T11:40:14.615+0000][8][gc,phases   ] GC(45)   Post Evacuate Collection Set: 0.6ms
[2021-04-18T11:40:14.615+0000][8][gc,phases   ] GC(45)   Other: 0.2ms
[2021-04-18T11:40:14.615+0000][8][gc,heap     ] GC(45) Eden regions: 22->0(22)
[2021-04-18T11:40:14.615+0000][8][gc,heap     ] GC(45) Survivor regions: 2->2(3)
[2021-04-18T11:40:14.615+0000][8][gc,heap     ] GC(45) Old regions: 24->24
[2021-04-18T11:40:14.615+0000][8][gc,heap     ] GC(45) Archive regions: 2->2
[2021-04-18T11:40:14.615+0000][8][gc,heap     ] GC(45) Humongous regions: 2->2
[2021-04-18T11:40:14.615+0000][8][gc,metaspace] GC(45) Metaspace: 106360K(110244K)->106360K(110244K) NonClass: 92234K(94808K)->92234K(94808K) Class: 14125K(15436K)->14125K(15436K)
[2021-04-18T11:40:14.615+0000][8][gc          ] GC(45) Pause Young (Concurrent Start) (G1 Evacuation Pause) 197M->110M(256M) 4.736ms
[2021-04-18T11:40:14.615+0000][8][gc,cpu      ] GC(45) User=0.02s Sys=0.00s Real=0.00s
[2021-04-18T11:40:14.615+0000][8][safepoint   ] Safepoint "G1CollectForAllocation", Time since last: 3840934734 ns, Reaching safepoint: 133881 ns, At safepoint: 4806074 ns, Total: 4939955 ns
[2021-04-18T11:40:14.615+0000][8][gc          ] GC(46) Concurrent Cycle
[2021-04-18T11:40:14.615+0000][8][gc,marking  ] GC(46) Concurrent Clear Claimed Marks
[2021-04-18T11:40:14.615+0000][8][gc,marking  ] GC(46) Concurrent Clear Claimed Marks 0.076ms
[2021-04-18T11:40:14.616+0000][8][gc,marking  ] GC(46) Concurrent Scan Root Regions
[2021-04-18T11:40:14.618+0000][8][gc,marking  ] GC(46) Concurrent Scan Root Regions 2.801ms
[2021-04-18T11:40:14.618+0000][8][gc,marking  ] GC(46) Concurrent Mark (399.152s)
[2021-04-18T11:40:14.618+0000][8][gc,marking  ] GC(46) Concurrent Mark From Roots
[2021-04-18T11:40:14.618+0000][8][gc,task     ] GC(46) Using 2 workers of 2 for marking
[2021-04-18T11:40:14.693+0000][8][gc,marking  ] GC(46) Concurrent Mark From Roots 74.865ms
[2021-04-18T11:40:14.693+0000][8][gc,marking  ] GC(46) Concurrent Preclean
[2021-04-18T11:40:14.693+0000][8][gc,marking  ] GC(46) Concurrent Preclean 0.202ms
[2021-04-18T11:40:14.693+0000][8][gc,marking  ] GC(46) Concurrent Mark (399.152s, 399.227s) 75.114ms
[2021-04-18T11:40:14.694+0000][8][gc,start    ] GC(46) Pause Remark
[2021-04-18T11:40:14.702+0000][8][gc          ] GC(46) Pause Remark 112M->112M(256M) 8.519ms
[2021-04-18T11:40:14.702+0000][8][gc,cpu      ] GC(46) User=0.05s Sys=0.00s Real=0.01s
[2021-04-18T11:40:14.702+0000][8][safepoint   ] Safepoint "G1Concurrent", Time since last: 78172178 ns, Reaching safepoint: 119039 ns, At safepoint: 8592565 ns, Total: 8711604 ns
[2021-04-18T11:40:14.702+0000][8][gc,marking  ] GC(46) Concurrent Rebuild Remembered Sets
[2021-04-18T11:40:14.767+0000][8][gc,marking  ] GC(46) Concurrent Rebuild Remembered Sets 64.496ms
[2021-04-18T11:40:14.767+0000][8][gc,start    ] GC(46) Pause Cleanup
[2021-04-18T11:40:14.767+0000][8][gc          ] GC(46) Pause Cleanup 112M->112M(256M) 0.052ms
[2021-04-18T11:40:14.767+0000][8][gc,cpu      ] GC(46) User=0.00s Sys=0.00s Real=0.00s
[2021-04-18T11:40:14.767+0000][8][safepoint   ] Safepoint "G1Concurrent", Time since last: 64587836 ns, Reaching safepoint: 74344 ns, At safepoint: 90117 ns, Total: 164461 ns
[2021-04-18T11:40:14.767+0000][8][gc,marking  ] GC(46) Concurrent Cleanup for Next Mark
[2021-04-18T11:40:14.767+0000][8][gc,marking  ] GC(46) Concurrent Cleanup for Next Mark 0.124ms
[2021-04-18T11:40:14.767+0000][8][gc          ] GC(46) Concurrent Cycle 151.764ms
[2021-04-18T11:40:15.767+0000][8][safepoint   ] Safepoint "Cleanup", Time since last: 1000078252 ns, Reaching safepoint: 114470 ns, At safepoint: 4395 ns, Total: 118865 ns
[2021-04-18T11:40:16.767+0000][8][safepoint   ] Safepoint "Cleanup", Time since last: 1000096285 ns, Reaching safepoint: 160792 ns, At safepoint: 7494 ns, Total: 168286 ns
[2021-04-18T11:40:17.768+0000][8][safepoint   ] Safepoint "Cleanup", Time since last: 1000101660 ns, Reaching safepoint: 120352 ns, At safepoint: 7131 ns, Total: 127483 ns
[2021-04-18T11:40:18.980+0000][8][safepoint   ] Safepoint "ICBufferFull", Time since last: 1211809051 ns, Reaching safepoint: 243189 ns, At safepoint: 10628 ns, Total: 253817 ns
[2021-04-18T11:40:19.980+0000][8][safepoint   ] Safepoint "Cleanup", Time since last: 1000111240 ns, Reaching safepoint: 194863 ns, At safepoint: 8954 ns, Total: 203817 ns
[2021-04-18T11:40:21.980+0000][8][safepoint   ] Safepoint "Cleanup", Time since last: 2000218171 ns, Reaching safepoint: 122863 ns, At safepoint: 4798 ns, Total: 127661 ns
[2021-04-18T11:40:25.981+0000][8][safepoint   ] Safepoint "Cleanup", Time since last: 4000676264 ns, Reaching safepoint: 88808 ns, At safepoint: 4208 ns, Total: 93016 ns
[2021-04-18T11:40:26.981+0000][8][safepoint   ] Safepoint "Cleanup", Time since last: 1000173095 ns, Reaching safepoint: 95058 ns, At safepoint: 6383 ns, Total: 101441 ns
[2021-04-18T11:40:27.982+0000][8][safepoint   ] Safepoint "Cleanup", Time since last: 1000171795 ns, Reaching safepoint: 111917 ns, At safepoint: 6703 ns, Total: 118620 ns
[2021-04-18T11:40:28.982+0000][8][safepoint   ] Safepoint "Cleanup", Time since last: 1000087152 ns, Reaching safepoint: 98797 ns, At safepoint: 5233 ns, Total: 104030 ns
[2021-04-18T11:40:30.982+0000][8][safepoint   ] Safepoint "Cleanup", Time since last: 2000154215 ns, Reaching safepoint: 127778 ns, At safepoint: 7865 ns, Total: 135643 ns
[2021-04-18T11:40:33.983+0000][8][safepoint   ] Safepoint "Cleanup", Time since last: 3000503589 ns, Reaching safepoint: 127810 ns, At safepoint: 5829 ns, Total: 133639 ns
[2021-04-18T11:40:36.984+0000][8][safepoint   ] Safepoint "Cleanup", Time since last: 3000501085 ns, Reaching safepoint: 117566 ns, At safepoint: 8332 ns, Total: 125898 ns
[2021-04-18T11:40:39.984+0000][8][safepoint   ] Safepoint "Cleanup", Time since last: 3000410266 ns, Reaching safepoint: 149738 ns, At safepoint: 6555 ns, Total: 156293 ns
[2021-04-18T11:40:42.985+0000][8][safepoint   ] Safepoint "Cleanup", Time since last: 3000337890 ns, Reaching safepoint: 96049 ns, At safepoint: 5451 ns, Total: 101500 ns
[2021-04-18T11:40:45.985+0000][8][safepoint   ] Safepoint "Cleanup", Time since last: 3000372197 ns, Reaching safepoint: 79149 ns, At safepoint: 6098 ns, Total: 85247 ns
[2021-04-18T11:40:48.985+0000][8][safepoint   ] Safepoint "Cleanup", Time since last: 3000315778 ns, Reaching safepoint: 145817 ns, At safepoint: 7323 ns, Total: 153140 ns
[2021-04-18T11:40:49.986+0000][8][safepoint   ] Safepoint "Cleanup", Time since last: 1000090145 ns, Reaching safepoint: 78917 ns, At safepoint: 6413 ns, Total: 85330 ns
[2021-04-18T11:40:51.986+0000][8][safepoint   ] Safepoint "Cleanup", Time since last: 2000158279 ns, Reaching safepoint: 100885 ns, At safepoint: 6514 ns, Total: 107399 ns
[2021-04-18T11:40:54.987+0000][8][safepoint   ] Safepoint "Cleanup", Time since last: 3000497464 ns, Reaching safepoint: 162574 ns, At safepoint: 8573 ns, Total: 171147 ns
[2021-04-18T11:40:55.987+0000][8][safepoint   ] Safepoint "Cleanup", Time since last: 1000253386 ns, Reaching safepoint: 119987 ns, At safepoint: 6677 ns, Total: 126664 ns
[2021-04-18T11:40:56.987+0000][8][safepoint   ] Safepoint "Cleanup", Time since last: 1000254899 ns, Reaching safepoint: 82720 ns, At safepoint: 6014 ns, Total: 88734 ns
[2021-04-18T11:40:57.988+0000][8][safepoint   ] Safepoint "Cleanup", Time since last: 1000230403 ns, Reaching safepoint: 124976 ns, At safepoint: 5989 ns, Total: 130965 ns
[2021-04-18T11:41:00.988+0000][8][safepoint   ] Safepoint "Cleanup", Time since last: 3000336405 ns, Reaching safepoint: 184274 ns, At safepoint: 4878 ns, Total: 189152 ns
[2021-04-18T11:41:01.988+0000][8][safepoint   ] Safepoint "Cleanup", Time since last: 1000090667 ns, Reaching safepoint: 125477 ns, At safepoint: 6357 ns, Total: 131834 ns
[2021-04-18T11:41:06.989+0000][8][safepoint   ] Safepoint "Cleanup", Time since last: 5000459149 ns, Reaching safepoint: 79017 ns, At safepoint: 6730 ns, Total: 85747 ns
[2021-04-18T11:41:07.989+0000][8][safepoint   ] Safepoint "Cleanup", Time since last: 1000098863 ns, Reaching safepoint: 97489 ns, At safepoint: 6625 ns, Total: 104114 ns
[2021-04-18T11:41:09.989+0000][8][safepoint   ] Safepoint "Cleanup", Time since last: 2000156052 ns, Reaching safepoint: 94025 ns, At safepoint: 5832 ns, Total: 99857 ns
[2021-04-18T11:41:12.990+0000][8][safepoint   ] Safepoint "Cleanup", Time since last: 3000286912 ns, Reaching safepoint: 144579 ns, At safepoint: 8011 ns, Total: 152590 ns
[2021-04-18T11:41:18.990+0000][8][safepoint   ] Safepoint "Cleanup", Time since last: 6000530996 ns, Reaching safepoint: 94305 ns, At safepoint: 5628 ns, Total: 99933 ns
[2021-04-18T11:41:19.650+0000][8][gc,start    ] GC(47) Pause Young (Normal) (G1 Evacuation Pause)
[2021-04-18T11:41:19.650+0000][8][gc,task     ] GC(47) Using 6 workers of 8 for evacuation
[2021-04-18T11:41:19.650+0000][8][gc,age      ] GC(47) Desired survivor size 6291456 bytes, new threshold 15 (max threshold 15)
[2021-04-18T11:41:19.655+0000][8][gc,age      ] GC(47) Age table with threshold 15 (max threshold 15)
[2021-04-18T11:41:19.655+0000][8][gc,age      ] GC(47) - age   1:     563528 bytes,     563528 total
[2021-04-18T11:41:19.655+0000][8][gc,age      ] GC(47) - age   2:     416272 bytes,     979800 total
[2021-04-18T11:41:19.655+0000][8][gc,age      ] GC(47) - age   3:    2079512 bytes,    3059312 total
[2021-04-18T11:41:19.655+0000][8][gc,age      ] GC(47) - age   4:     540912 bytes,    3600224 total
[2021-04-18T11:41:19.655+0000][8][gc,age      ] GC(47) - age   5:     176600 bytes,    3776824 total
[2021-04-18T11:41:19.655+0000][8][gc,age      ] GC(47) - age   6:      33112 bytes,    3809936 total
[2021-04-18T11:41:19.655+0000][8][gc,age      ] GC(47) - age   7:      73552 bytes,    3883488 total
[2021-04-18T11:41:19.655+0000][8][gc,age      ] GC(47) - age   8:     767168 bytes,    4650656 total
[2021-04-18T11:41:19.655+0000][8][gc,phases   ] GC(47)   Pre Evacuate Collection Set: 0.1ms
[2021-04-18T11:41:19.655+0000][8][gc,phases   ] GC(47)   Merge Heap Roots: 0.1ms
[2021-04-18T11:41:19.655+0000][8][gc,phases   ] GC(47)   Evacuate Collection Set: 4.3ms
[2021-04-18T11:41:19.655+0000][8][gc,phases   ] GC(47)   Post Evacuate Collection Set: 0.5ms
[2021-04-18T11:41:19.655+0000][8][gc,phases   ] GC(47)   Other: 0.2ms
[2021-04-18T11:41:19.655+0000][8][gc,heap     ] GC(47) Eden regions: 22->0(22)
[2021-04-18T11:41:19.655+0000][8][gc,heap     ] GC(47) Survivor regions: 2->2(3)
[2021-04-18T11:41:19.655+0000][8][gc,heap     ] GC(47) Old regions: 24->24
[2021-04-18T11:41:19.655+0000][8][gc,heap     ] GC(47) Archive regions: 2->2
[2021-04-18T11:41:19.655+0000][8][gc,heap     ] GC(47) Humongous regions: 2->2
[2021-04-18T11:41:19.655+0000][8][gc,metaspace] GC(47) Metaspace: 106478K(110500K)->106478K(110500K) NonClass: 92364K(95064K)->92364K(95064K) Class: 14114K(15436K)->14114K(15436K)
[2021-04-18T11:41:19.655+0000][8][gc          ] GC(47) Pause Young (Normal) (G1 Evacuation Pause) 198M->110M(256M) 5.224ms
[2021-04-18T11:41:19.655+0000][8][gc,cpu      ] GC(47) User=0.03s Sys=0.00s Real=0.00s
[2021-04-18T11:41:19.655+0000][8][safepoint   ] Safepoint "G1CollectForAllocation", Time since last: 659491539 ns, Reaching safepoint: 168591 ns, At safepoint: 5293794 ns, Total: 5462385 ns
[2021-04-18T11:41:22.656+0000][8][safepoint   ] Safepoint "Cleanup", Time since last: 3000326893 ns, Reaching safepoint: 200258 ns, At safepoint: 8573 ns, Total: 208831 ns
[2021-04-18T11:41:23.656+0000][8][safepoint   ] Safepoint "Cleanup", Time since last: 1000095174 ns, Reaching safepoint: 85800 ns, At safepoint: 5594 ns, Total: 91394 ns
[2021-04-18T11:41:25.656+0000][8][safepoint   ] Safepoint "Cleanup", Time since last: 2000186584 ns, Reaching safepoint: 111371 ns, At safepoint: 7557 ns, Total: 118928 ns
[2021-04-18T11:41:26.657+0000][8][safepoint   ] Safepoint "Cleanup", Time since last: 1000149944 ns, Reaching safepoint: 169185 ns, At safepoint: 5701 ns, Total: 174886 ns
[2021-04-18T11:41:28.657+0000][8][safepoint   ] Safepoint "Cleanup", Time since last: 2000531237 ns, Reaching safepoint: 170199 ns, At safepoint: 7592 ns, Total: 177791 ns
[2021-04-18T11:41:29.658+0000][8][safepoint   ] Safepoint "Cleanup", Time since last: 1000150535 ns, Reaching safepoint: 186489 ns, At safepoint: 7017 ns, Total: 193506 ns
[2021-04-18T11:41:30.658+0000][8][safepoint   ] Safepoint "Cleanup", Time since last: 1000113115 ns, Reaching safepoint: 109016 ns, At safepoint: 6711 ns, Total: 115727 ns
[2021-04-18T11:41:31.658+0000][8][safepoint   ] Safepoint "Cleanup", Time since last: 1000235977 ns, Reaching safepoint: 146996 ns, At safepoint: 6982 ns, Total: 153978 ns
[2021-04-18T11:41:33.659+0000][8][safepoint   ] Safepoint "Cleanup", Time since last: 2000259503 ns, Reaching safepoint: 153329 ns, At safepoint: 8808 ns, Total: 162137 ns
[2021-04-18T11:41:37.659+0000][8][safepoint   ] Safepoint "Cleanup", Time since last: 4000443524 ns, Reaching safepoint: 86700 ns, At safepoint: 5608 ns, Total: 92308 ns
[2021-04-18T11:41:39.660+0000][8][safepoint   ] Safepoint "Cleanup", Time since last: 2000222623 ns, Reaching safepoint: 103585 ns, At safepoint: 7515 ns, Total: 111100 ns
[2021-04-18T11:41:40.660+0000][8][safepoint   ] Safepoint "Cleanup", Time since last: 1000137647 ns, Reaching safepoint: 87544 ns, At safepoint: 6763 ns, Total: 94307 ns
[2021-04-18T11:41:43.660+0000][8][safepoint   ] Safepoint "Cleanup", Time since last: 3000301140 ns, Reaching safepoint: 98949 ns, At safepoint: 7812 ns, Total: 106761 ns
[2021-04-18T11:41:44.661+0000][8][safepoint   ] Safepoint "Cleanup", Time since last: 1000286087 ns, Reaching safepoint: 124611 ns, At safepoint: 5768 ns, Total: 130379 ns
[2021-04-18T11:41:49.662+0000][8][safepoint   ] Safepoint "Cleanup", Time since last: 5000561978 ns, Reaching safepoint: 170538 ns, At safepoint: 7549 ns, Total: 178087 ns
[2021-04-18T11:41:52.663+0000][8][safepoint   ] Safepoint "Cleanup", Time since last: 3000819799 ns, Reaching safepoint: 179739 ns, At safepoint: 7457 ns, Total: 187196 ns
[2021-04-18T11:41:54.663+0000][8][safepoint   ] Safepoint "Cleanup", Time since last: 2000581949 ns, Reaching safepoint: 99427 ns, At safepoint: 7815 ns, Total: 107242 ns
[2021-04-18T11:41:55.664+0000][8][safepoint   ] Safepoint "Cleanup", Time since last: 1000469496 ns, Reaching safepoint: 141221 ns, At safepoint: 7542 ns, Total: 148763 ns
[2021-04-18T11:41:56.664+0000][8][safepoint   ] Safepoint "Cleanup", Time since last: 1000280314 ns, Reaching safepoint: 111535 ns, At safepoint: 6222 ns, Total: 117757 ns
[2021-04-18T11:41:57.665+0000][8][safepoint   ] Safepoint "Cleanup", Time since last: 1000252240 ns, Reaching safepoint: 92643 ns, At safepoint: 7522 ns, Total: 100165 ns
[2021-04-18T11:41:58.665+0000][8][safepoint   ] Safepoint "Cleanup", Time since last: 1000269456 ns, Reaching safepoint: 109588 ns, At safepoint: 7009 ns, Total: 116597 ns
[2021-04-18T11:41:59.665+0000][8][safepoint   ] Safepoint "Cleanup", Time since last: 1000092692 ns, Reaching safepoint: 101440 ns, At safepoint: 5013 ns, Total: 106453 ns
[2021-04-18T11:42:04.666+0000][8][safepoint   ] Safepoint "Cleanup", Time since last: 5000433489 ns, Reaching safepoint: 153635 ns, At safepoint: 6267 ns, Total: 159902 ns
[2021-04-18T11:42:07.666+0000][8][safepoint   ] Safepoint "Cleanup", Time since last: 3000395942 ns, Reaching safepoint: 176600 ns, At safepoint: 7883 ns, Total: 184483 ns
[2021-04-18T11:42:09.667+0000][8][safepoint   ] Safepoint "Cleanup", Time since last: 2000693694 ns, Reaching safepoint: 175930 ns, At safepoint: 7567 ns, Total: 183497 ns
[2021-04-18T11:42:10.668+0000][8][safepoint   ] Safepoint "Cleanup", Time since last: 1000274238 ns, Reaching safepoint: 159544 ns, At safepoint: 6916 ns, Total: 166460 ns
[2021-04-18T11:42:15.669+0000][8][safepoint   ] Safepoint "Cleanup", Time since last: 5000503612 ns, Reaching safepoint: 715486 ns, At safepoint: 10444 ns, Total: 725930 ns
[2021-04-18T11:42:16.669+0000][8][safepoint   ] Safepoint "Cleanup", Time since last: 1000380685 ns, Reaching safepoint: 124959 ns, At safepoint: 8748 ns, Total: 133707 ns
[2021-04-18T11:42:22.671+0000][8][safepoint   ] Safepoint "Cleanup", Time since last: 6001166425 ns, Reaching safepoint: 130223 ns, At safepoint: 6253 ns, Total: 136476 ns
[2021-04-18T11:42:24.684+0000][8][gc,start    ] GC(48) Pause Young (Concurrent Start) (G1 Evacuation Pause)
[2021-04-18T11:42:24.684+0000][8][gc,task     ] GC(48) Using 6 workers of 8 for evacuation
[2021-04-18T11:42:24.684+0000][8][gc,age      ] GC(48) Desired survivor size 6291456 bytes, new threshold 15 (max threshold 15)
[2021-04-18T11:42:24.689+0000][8][gc,age      ] GC(48) Age table with threshold 15 (max threshold 15)
[2021-04-18T11:42:24.689+0000][8][gc,age      ] GC(48) - age   1:     417144 bytes,     417144 total
[2021-04-18T11:42:24.689+0000][8][gc,age      ] GC(48) - age   2:      35992 bytes,     453136 total
[2021-04-18T11:42:24.689+0000][8][gc,age      ] GC(48) - age   3:     110248 bytes,     563384 total
[2021-04-18T11:42:24.689+0000][8][gc,age      ] GC(48) - age   4:    1770784 bytes,    2334168 total
[2021-04-18T11:42:24.689+0000][8][gc,age      ] GC(48) - age   5:     247880 bytes,    2582048 total
[2021-04-18T11:42:24.689+0000][8][gc,age      ] GC(48) - age   6:     176600 bytes,    2758648 total
[2021-04-18T11:42:24.689+0000][8][gc,age      ] GC(48) - age   7:      33112 bytes,    2791760 total
[2021-04-18T11:42:24.689+0000][8][gc,age      ] GC(48) - age   8:      73272 bytes,    2865032 total
[2021-04-18T11:42:24.689+0000][8][gc,age      ] GC(48) - age   9:     752184 bytes,    3617216 total
[2021-04-18T11:42:24.689+0000][8][gc,phases   ] GC(48)   Pre Evacuate Collection Set: 0.1ms
[2021-04-18T11:42:24.689+0000][8][gc,phases   ] GC(48)   Merge Heap Roots: 0.1ms
[2021-04-18T11:42:24.689+0000][8][gc,phases   ] GC(48)   Evacuate Collection Set: 3.7ms
[2021-04-18T11:42:24.689+0000][8][gc,phases   ] GC(48)   Post Evacuate Collection Set: 0.6ms
[2021-04-18T11:42:24.689+0000][8][gc,phases   ] GC(48)   Other: 0.3ms
[2021-04-18T11:42:24.689+0000][8][gc,heap     ] GC(48) Eden regions: 22->0(23)
[2021-04-18T11:42:24.689+0000][8][gc,heap     ] GC(48) Survivor regions: 2->1(3)
[2021-04-18T11:42:24.689+0000][8][gc,heap     ] GC(48) Old regions: 24->24
[2021-04-18T11:42:24.689+0000][8][gc,heap     ] GC(48) Archive regions: 2->2
[2021-04-18T11:42:24.689+0000][8][gc,heap     ] GC(48) Humongous regions: 2->2
[2021-04-18T11:42:24.689+0000][8][gc,metaspace] GC(48) Metaspace: 106802K(111012K)->106802K(111012K) NonClass: 92688K(95576K)->92688K(95576K) Class: 14114K(15436K)->14114K(15436K)
[2021-04-18T11:42:24.689+0000][8][gc          ] GC(48) Pause Young (Concurrent Start) (G1 Evacuation Pause) 198M->109M(256M) 4.934ms
[2021-04-18T11:42:24.689+0000][8][gc,cpu      ] GC(48) User=0.02s Sys=0.00s Real=0.01s
[2021-04-18T11:42:24.689+0000][8][gc          ] GC(49) Concurrent Cycle
[2021-04-18T11:42:24.689+0000][8][safepoint   ] Safepoint "G1CollectForAllocation", Time since last: 2013559081 ns, Reaching safepoint: 84863 ns, At safepoint: 5021289 ns, Total: 5106152 ns
[2021-04-18T11:42:24.689+0000][8][gc,marking  ] GC(49) Concurrent Clear Claimed Marks
[2021-04-18T11:42:24.689+0000][8][gc,marking  ] GC(49) Concurrent Clear Claimed Marks 0.101ms
[2021-04-18T11:42:24.690+0000][8][gc,marking  ] GC(49) Concurrent Scan Root Regions
[2021-04-18T11:42:24.694+0000][8][gc,marking  ] GC(49) Concurrent Scan Root Regions 4.057ms
[2021-04-18T11:42:24.694+0000][8][gc,marking  ] GC(49) Concurrent Mark (529.227s)
[2021-04-18T11:42:24.694+0000][8][gc,marking  ] GC(49) Concurrent Mark From Roots
[2021-04-18T11:42:24.694+0000][8][gc,task     ] GC(49) Using 2 workers of 2 for marking
[2021-04-18T11:42:24.770+0000][8][gc,marking  ] GC(49) Concurrent Mark From Roots 76.626ms
[2021-04-18T11:42:24.770+0000][8][gc,marking  ] GC(49) Concurrent Preclean
[2021-04-18T11:42:24.770+0000][8][gc,marking  ] GC(49) Concurrent Preclean 0.208ms
[2021-04-18T11:42:24.770+0000][8][gc,marking  ] GC(49) Concurrent Mark (529.227s, 529.304s) 76.882ms
[2021-04-18T11:42:24.771+0000][8][gc,start    ] GC(49) Pause Remark
[2021-04-18T11:42:24.780+0000][8][gc          ] GC(49) Pause Remark 111M->111M(256M) 9.256ms
[2021-04-18T11:42:24.780+0000][8][gc,cpu      ] GC(49) User=0.06s Sys=0.00s Real=0.01s
[2021-04-18T11:42:24.780+0000][8][safepoint   ] Safepoint "G1Concurrent", Time since last: 81124586 ns, Reaching safepoint: 171659 ns, At safepoint: 9341399 ns, Total: 9513058 ns
[2021-04-18T11:42:24.780+0000][8][gc,marking  ] GC(49) Concurrent Rebuild Remembered Sets
[2021-04-18T11:42:24.833+0000][8][gc,marking  ] GC(49) Concurrent Rebuild Remembered Sets 52.471ms
[2021-04-18T11:42:24.833+0000][8][gc,start    ] GC(49) Pause Cleanup
[2021-04-18T11:42:24.833+0000][8][gc          ] GC(49) Pause Cleanup 111M->111M(256M) 0.062ms
[2021-04-18T11:42:24.833+0000][8][gc,cpu      ] GC(49) User=0.00s Sys=0.00s Real=0.00s
[2021-04-18T11:42:24.833+0000][8][safepoint   ] Safepoint "G1Concurrent", Time since last: 52605110 ns, Reaching safepoint: 100204 ns, At safepoint: 105256 ns, Total: 205460 ns
[2021-04-18T11:42:24.833+0000][8][gc,marking  ] GC(49) Concurrent Cleanup for Next Mark
[2021-04-18T11:42:24.833+0000][8][gc,marking  ] GC(49) Concurrent Cleanup for Next Mark 0.180ms
[2021-04-18T11:42:24.833+0000][8][gc          ] GC(49) Concurrent Cycle 143.670ms
[2021-04-18T11:42:24.971+0000][8][safepoint   ] Safepoint "ICBufferFull", Time since last: 137646806 ns, Reaching safepoint: 204956 ns, At safepoint: 9321 ns, Total: 214277 ns
[2021-04-18T11:42:24.994+0000][8][safepoint   ] Safepoint "ICBufferFull", Time since last: 22986143 ns, Reaching safepoint: 193136 ns, At safepoint: 24741 ns, Total: 217877 ns
[2021-04-18T11:42:25.994+0000][8][safepoint   ] Safepoint "Cleanup", Time since last: 1000102899 ns, Reaching safepoint: 231561 ns, At safepoint: 12119 ns, Total: 243680 ns
[2021-04-18T11:42:26.995+0000][8][safepoint   ] Safepoint "Cleanup", Time since last: 1000406976 ns, Reaching safepoint: 216548 ns, At safepoint: 8002 ns, Total: 224550 ns
[2021-04-18T11:42:27.995+0000][8][safepoint   ] Safepoint "Cleanup", Time since last: 1000276578 ns, Reaching safepoint: 99249 ns, At safepoint: 5768 ns, Total: 105017 ns
[2021-04-18T11:42:28.995+0000][8][safepoint   ] Safepoint "Cleanup", Time since last: 1000093383 ns, Reaching safepoint: 94462 ns, At safepoint: 6873 ns, Total: 101335 ns
[2021-04-18T11:42:29.996+0000][8][safepoint   ] Safepoint "Cleanup", Time since last: 1000326618 ns, Reaching safepoint: 128915 ns, At safepoint: 6279 ns, Total: 135194 ns
[2021-04-18T11:42:30.996+0000][8][safepoint   ] Safepoint "Cleanup", Time since last: 1000099194 ns, Reaching safepoint: 184732 ns, At safepoint: 8114 ns, Total: 192846 ns
[2021-04-18T11:42:31.997+0000][8][safepoint   ] Safepoint "Cleanup", Time since last: 1000355848 ns, Reaching safepoint: 200722 ns, At safepoint: 7579 ns, Total: 208301 ns
[2021-04-18T11:42:33.997+0000][8][safepoint   ] Safepoint "Cleanup", Time since last: 2000453934 ns, Reaching safepoint: 147502 ns, At safepoint: 7112 ns, Total: 154614 ns
[2021-04-18T11:42:39.998+0000][8][safepoint   ] Safepoint "Cleanup", Time since last: 6000857397 ns, Reaching safepoint: 121599 ns, At safepoint: 6337 ns, Total: 127936 ns
[2021-04-18T11:42:43.000+0000][8][safepoint   ] Safepoint "Cleanup", Time since last: 3001180385 ns, Reaching safepoint: 169763 ns, At safepoint: 7562 ns, Total: 177325 ns
[2021-04-18T11:42:47.001+0000][8][safepoint   ] Safepoint "Cleanup", Time since last: 4000993106 ns, Reaching safepoint: 124732 ns, At safepoint: 6704 ns, Total: 131436 ns
[2021-04-18T11:42:49.002+0000][8][safepoint   ] Safepoint "Cleanup", Time since last: 2000592303 ns, Reaching safepoint: 116552 ns, At safepoint: 5276 ns, Total: 121828 ns
[2021-04-18T11:42:50.002+0000][8][safepoint   ] Safepoint "Cleanup", Time since last: 1000317611 ns, Reaching safepoint: 129065 ns, At safepoint: 6171 ns, Total: 135236 ns
[2021-04-18T11:42:52.003+0000][8][safepoint   ] Safepoint "Cleanup", Time since last: 2000588638 ns, Reaching safepoint: 131054 ns, At safepoint: 7051 ns, Total: 138105 ns
[2021-04-18T11:42:55.003+0000][8][safepoint   ] Safepoint "Cleanup", Time since last: 3000380064 ns, Reaching safepoint: 91891 ns, At safepoint: 5894 ns, Total: 97785 ns
[2021-04-18T11:42:56.004+0000][8][safepoint   ] Safepoint "Cleanup", Time since last: 1000426874 ns, Reaching safepoint: 171451 ns, At safepoint: 7526 ns, Total: 178977 ns
[2021-04-18T11:42:58.005+0000][8][safepoint   ] Safepoint "Cleanup", Time since last: 2000741287 ns, Reaching safepoint: 197111 ns, At safepoint: 12028 ns, Total: 209139 ns
[2021-04-18T11:42:59.005+0000][8][safepoint   ] Safepoint "Cleanup", Time since last: 1000427501 ns, Reaching safepoint: 158006 ns, At safepoint: 7480 ns, Total: 165486 ns
[2021-04-18T11:43:00.006+0000][8][safepoint   ] Safepoint "Cleanup", Time since last: 1000114410 ns, Reaching safepoint: 160947 ns, At safepoint: 7279 ns, Total: 168226 ns
[2021-04-18T11:43:01.006+0000][8][safepoint   ] Safepoint "Cleanup", Time since last: 1000284383 ns, Reaching safepoint: 197757 ns, At safepoint: 7921 ns, Total: 205678 ns
[2021-04-18T11:43:02.007+0000][8][safepoint   ] Safepoint "Cleanup", Time since last: 1000336801 ns, Reaching safepoint: 177698 ns, At safepoint: 6410 ns, Total: 184108 ns
[2021-04-18T11:43:04.007+0000][8][safepoint   ] Safepoint "Cleanup", Time since last: 2000549576 ns, Reaching safepoint: 134603 ns, At safepoint: 6680 ns, Total: 141283 ns
[2021-04-18T11:43:05.008+0000][8][safepoint   ] Safepoint "Cleanup", Time since last: 1000136433 ns, Reaching safepoint: 150814 ns, At safepoint: 8968 ns, Total: 159782 ns
[2021-04-18T11:43:07.008+0000][8][safepoint   ] Safepoint "Cleanup", Time since last: 2000189910 ns, Reaching safepoint: 89943 ns, At safepoint: 6963 ns, Total: 96906 ns
[2021-04-18T11:43:10.008+0000][8][safepoint   ] Safepoint "Cleanup", Time since last: 3000314078 ns, Reaching safepoint: 110998 ns, At safepoint: 6652 ns, Total: 117650 ns
[2021-04-18T11:43:16.009+0000][8][safepoint   ] Safepoint "Cleanup", Time since last: 6000616635 ns, Reaching safepoint: 164166 ns, At safepoint: 6645 ns, Total: 170811 ns
[2021-04-18T11:43:19.010+0000][8][safepoint   ] Safepoint "Cleanup", Time since last: 3000337011 ns, Reaching safepoint: 124973 ns, At safepoint: 6407 ns, Total: 131380 ns
[2021-04-18T11:43:25.012+0000][8][safepoint   ] Safepoint "Cleanup", Time since last: 6001980567 ns, Reaching safepoint: 171050 ns, At safepoint: 7365 ns, Total: 178415 ns
[2021-04-18T11:43:26.013+0000][8][safepoint   ] Safepoint "Cleanup", Time since last: 1000661186 ns, Reaching safepoint: 174375 ns, At safepoint: 7424 ns, Total: 181799 ns
[2021-04-18T11:43:28.013+0000][8][safepoint   ] Safepoint "Cleanup", Time since last: 2000747747 ns, Reaching safepoint: 122083 ns, At safepoint: 6214 ns, Total: 128297 ns
[2021-04-18T11:43:28.548+0000][8][gc,start    ] GC(50) Pause Young (Normal) (G1 Evacuation Pause)
[2021-04-18T11:43:28.548+0000][8][gc,task     ] GC(50) Using 6 workers of 8 for evacuation
[2021-04-18T11:43:28.548+0000][8][gc,age      ] GC(50) Desired survivor size 6291456 bytes, new threshold 15 (max threshold 15)
[2021-04-18T11:43:28.552+0000][8][gc,age      ] GC(50) Age table with threshold 15 (max threshold 15)
[2021-04-18T11:43:28.552+0000][8][gc,age      ] GC(50) - age   1:     656488 bytes,     656488 total
[2021-04-18T11:43:28.552+0000][8][gc,age      ] GC(50) - age   2:     315552 bytes,     972040 total
[2021-04-18T11:43:28.552+0000][8][gc,age      ] GC(50) - age   3:      34976 bytes,    1007016 total
[2021-04-18T11:43:28.552+0000][8][gc,age      ] GC(50) - age   4:     104456 bytes,    1111472 total
[2021-04-18T11:43:28.552+0000][8][gc,age      ] GC(50) - age   5:    1706216 bytes,    2817688 total
[2021-04-18T11:43:28.552+0000][8][gc,age      ] GC(50) - age   6:     246904 bytes,    3064592 total
[2021-04-18T11:43:28.552+0000][8][gc,age      ] GC(50) - age   7:     176352 bytes,    3240944 total
[2021-04-18T11:43:28.552+0000][8][gc,age      ] GC(50) - age   8:      33112 bytes,    3274056 total
[2021-04-18T11:43:28.552+0000][8][gc,age      ] GC(50) - age   9:      56808 bytes,    3330864 total
[2021-04-18T11:43:28.552+0000][8][gc,age      ] GC(50) - age  10:     751592 bytes,    4082456 total
[2021-04-18T11:43:28.552+0000][8][gc,phases   ] GC(50)   Pre Evacuate Collection Set: 0.0ms
[2021-04-18T11:43:28.552+0000][8][gc,phases   ] GC(50)   Merge Heap Roots: 0.1ms
[2021-04-18T11:43:28.552+0000][8][gc,phases   ] GC(50)   Evacuate Collection Set: 3.9ms
[2021-04-18T11:43:28.552+0000][8][gc,phases   ] GC(50)   Post Evacuate Collection Set: 0.5ms
[2021-04-18T11:43:28.552+0000][8][gc,phases   ] GC(50)   Other: 0.2ms
[2021-04-18T11:43:28.552+0000][8][gc,heap     ] GC(50) Eden regions: 23->0(22)
[2021-04-18T11:43:28.552+0000][8][gc,heap     ] GC(50) Survivor regions: 1->2(3)
[2021-04-18T11:43:28.552+0000][8][gc,heap     ] GC(50) Old regions: 24->24
[2021-04-18T11:43:28.552+0000][8][gc,heap     ] GC(50) Archive regions: 2->2
[2021-04-18T11:43:28.552+0000][8][gc,heap     ] GC(50) Humongous regions: 2->2
[2021-04-18T11:43:28.552+0000][8][gc,metaspace] GC(50) Metaspace: 106954K(111012K)->106954K(111012K) NonClass: 92842K(95576K)->92842K(95576K) Class: 14111K(15436K)->14111K(15436K)
[2021-04-18T11:43:28.552+0000][8][gc          ] GC(50) Pause Young (Normal) (G1 Evacuation Pause) 201M->110M(256M) 4.822ms
[2021-04-18T11:43:28.553+0000][8][gc,cpu      ] GC(50) User=0.02s Sys=0.00s Real=0.01s
[2021-04-18T11:43:28.553+0000][8][safepoint   ] Safepoint "G1CollectForAllocation", Time since last: 534008384 ns, Reaching safepoint: 137372 ns, At safepoint: 4902104 ns, Total: 5039476 ns
[2021-04-18T11:43:29.553+0000][8][safepoint   ] Safepoint "Cleanup", Time since last: 1000115989 ns, Reaching safepoint: 113258 ns, At safepoint: 9545 ns, Total: 122803 ns
[2021-04-18T11:43:31.553+0000][8][safepoint   ] Safepoint "Cleanup", Time since last: 2000195252 ns, Reaching safepoint: 148569 ns, At safepoint: 15221 ns, Total: 163790 ns
[2021-04-18T11:43:37.554+0000][8][safepoint   ] Safepoint "Cleanup", Time since last: 6000665989 ns, Reaching safepoint: 108701 ns, At safepoint: 7557 ns, Total: 116258 ns
[2021-04-18T11:43:45.555+0000][8][safepoint   ] Safepoint "Cleanup", Time since last: 8000773138 ns, Reaching safepoint: 154298 ns, At safepoint: 5251 ns, Total: 159549 ns
[2021-04-18T11:43:46.555+0000][8][safepoint   ] Safepoint "Cleanup", Time since last: 1000111840 ns, Reaching safepoint: 111078 ns, At safepoint: 4331 ns, Total: 115409 ns
[2021-04-18T11:43:49.555+0000][8][safepoint   ] Safepoint "Cleanup", Time since last: 3000285167 ns, Reaching safepoint: 112090 ns, At safepoint: 5689 ns, Total: 117779 ns
[2021-04-18T11:43:54.557+0000][8][safepoint   ] Safepoint "Cleanup", Time since last: 5001061445 ns, Reaching safepoint: 109816 ns, At safepoint: 7013 ns, Total: 116829 ns
[2021-04-18T11:43:55.348+0000][8][safepoint   ] Safepoint "ICBufferFull", Time since last: 791255161 ns, Reaching safepoint: 236370 ns, At safepoint: 8519 ns, Total: 244889 ns
[2021-04-18T11:43:55.522+0000][8][safepoint   ] Safepoint "ICBufferFull", Time since last: 173857098 ns, Reaching safepoint: 215900 ns, At safepoint: 12038 ns, Total: 227938 ns
[2021-04-18T11:43:55.539+0000][8][gc,start    ] GC(51) Pause Young (Concurrent Start) (G1 Evacuation Pause)
[2021-04-18T11:43:55.539+0000][8][gc,task     ] GC(51) Using 6 workers of 8 for evacuation
[2021-04-18T11:43:55.539+0000][8][gc,age      ] GC(51) Desired survivor size 6291456 bytes, new threshold 15 (max threshold 15)
[2021-04-18T11:43:55.546+0000][8][gc,age      ] GC(51) Age table with threshold 15 (max threshold 15)
[2021-04-18T11:43:55.546+0000][8][gc,age      ] GC(51) - age   1:    1505264 bytes,    1505264 total
[2021-04-18T11:43:55.546+0000][8][gc,age      ] GC(51) - age   2:     500864 bytes,    2006128 total
[2021-04-18T11:43:55.546+0000][8][gc,age      ] GC(51) - age   3:     315168 bytes,    2321296 total
[2021-04-18T11:43:55.546+0000][8][gc,age      ] GC(51) - age   4:      18728 bytes,    2340024 total
[2021-04-18T11:43:55.546+0000][8][gc,age      ] GC(51) - age   5:     104152 bytes,    2444176 total
[2021-04-18T11:43:55.546+0000][8][gc,age      ] GC(51) - age   6:    1701128 bytes,    4145304 total
[2021-04-18T11:43:55.546+0000][8][gc,age      ] GC(51) - age   7:     246840 bytes,    4392144 total
[2021-04-18T11:43:55.546+0000][8][gc,age      ] GC(51) - age   8:     176272 bytes,    4568416 total
[2021-04-18T11:43:55.546+0000][8][gc,age      ] GC(51) - age   9:      33112 bytes,    4601528 total
[2021-04-18T11:43:55.546+0000][8][gc,age      ] GC(51) - age  10:      56808 bytes,    4658336 total
[2021-04-18T11:43:55.546+0000][8][gc,age      ] GC(51) - age  11:     751592 bytes,    5409928 total
[2021-04-18T11:43:55.546+0000][8][gc,phases   ] GC(51)   Pre Evacuate Collection Set: 0.1ms
[2021-04-18T11:43:55.546+0000][8][gc,phases   ] GC(51)   Merge Heap Roots: 0.1ms
[2021-04-18T11:43:55.546+0000][8][gc,phases   ] GC(51)   Evacuate Collection Set: 5.6ms
[2021-04-18T11:43:55.546+0000][8][gc,phases   ] GC(51)   Post Evacuate Collection Set: 0.7ms
[2021-04-18T11:43:55.546+0000][8][gc,phases   ] GC(51)   Other: 0.3ms
[2021-04-18T11:43:55.546+0000][8][gc,heap     ] GC(51) Eden regions: 22->0(22)
[2021-04-18T11:43:55.546+0000][8][gc,heap     ] GC(51) Survivor regions: 2->2(3)
[2021-04-18T11:43:55.546+0000][8][gc,heap     ] GC(51) Old regions: 24->24
[2021-04-18T11:43:55.546+0000][8][gc,heap     ] GC(51) Archive regions: 2->2
[2021-04-18T11:43:55.546+0000][8][gc,heap     ] GC(51) Humongous regions: 2->2
[2021-04-18T11:43:55.546+0000][8][gc,metaspace] GC(51) Metaspace: 107284K(111396K)->107284K(111396K) NonClass: 93121K(95832K)->93121K(95832K) Class: 14162K(15564K)->14162K(15564K)
[2021-04-18T11:43:55.546+0000][8][gc          ] GC(51) Pause Young (Concurrent Start) (G1 Evacuation Pause) 198M->111M(256M) 6.883ms
[2021-04-18T11:43:55.546+0000][8][gc,cpu      ] GC(51) User=0.05s Sys=0.00s Real=0.00s
[2021-04-18T11:43:55.546+0000][8][gc          ] GC(52) Concurrent Cycle
[2021-04-18T11:43:55.546+0000][8][safepoint   ] Safepoint "G1CollectForAllocation", Time since last: 17004685 ns, Reaching safepoint: 127085 ns, At safepoint: 6971428 ns, Total: 7098513 ns
[2021-04-18T11:43:55.546+0000][8][gc,marking  ] GC(52) Concurrent Clear Claimed Marks
[2021-04-18T11:43:55.546+0000][8][gc,marking  ] GC(52) Concurrent Clear Claimed Marks 0.097ms
[2021-04-18T11:43:55.546+0000][8][gc,marking  ] GC(52) Concurrent Scan Root Regions
[2021-04-18T11:43:55.554+0000][8][gc,marking  ] GC(52) Concurrent Scan Root Regions 7.758ms
[2021-04-18T11:43:55.556+0000][8][gc,marking  ] GC(52) Concurrent Mark (620.090s)
[2021-04-18T11:43:55.556+0000][8][gc,marking  ] GC(52) Concurrent Mark From Roots
[2021-04-18T11:43:55.556+0000][8][gc,task     ] GC(52) Using 2 workers of 2 for marking
[2021-04-18T11:43:55.675+0000][8][gc,marking  ] GC(52) Concurrent Mark From Roots 118.628ms
[2021-04-18T11:43:55.675+0000][8][gc,marking  ] GC(52) Concurrent Preclean
[2021-04-18T11:43:55.675+0000][8][gc,marking  ] GC(52) Concurrent Preclean 0.299ms
[2021-04-18T11:43:55.675+0000][8][gc,marking  ] GC(52) Concurrent Mark (620.090s, 620.209s) 119.015ms
[2021-04-18T11:43:55.676+0000][8][gc,start    ] GC(52) Pause Remark
[2021-04-18T11:43:55.683+0000][8][gc          ] GC(52) Pause Remark 142M->142M(256M) 6.834ms
[2021-04-18T11:43:55.683+0000][8][gc,cpu      ] GC(52) User=0.06s Sys=0.00s Real=0.01s
[2021-04-18T11:43:55.683+0000][8][safepoint   ] Safepoint "G1Concurrent", Time since last: 129127048 ns, Reaching safepoint: 176417 ns, At safepoint: 6928341 ns, Total: 7104758 ns
[2021-04-18T11:43:55.683+0000][8][gc,marking  ] GC(52) Concurrent Rebuild Remembered Sets
[2021-04-18T11:43:55.761+0000][8][gc,marking  ] GC(52) Concurrent Rebuild Remembered Sets 78.101ms
[2021-04-18T11:43:55.761+0000][8][gc,start    ] GC(52) Pause Cleanup
[2021-04-18T11:43:55.761+0000][8][gc          ] GC(52) Pause Cleanup 160M->160M(256M) 0.087ms
[2021-04-18T11:43:55.761+0000][8][gc,cpu      ] GC(52) User=0.01s Sys=0.01s Real=0.00s
[2021-04-18T11:43:55.761+0000][8][safepoint   ] Safepoint "G1Concurrent", Time since last: 78174672 ns, Reaching safepoint: 166352 ns, At safepoint: 174647 ns, Total: 340999 ns
[2021-04-18T11:43:55.761+0000][8][gc,marking  ] GC(52) Concurrent Cleanup for Next Mark
[2021-04-18T11:43:55.761+0000][8][gc,marking  ] GC(52) Concurrent Cleanup for Next Mark 0.164ms
[2021-04-18T11:43:55.761+0000][8][gc          ] GC(52) Concurrent Cycle 214.970ms
[2021-04-18T11:43:55.985+0000][8][gc,start    ] GC(53) Pause Young (Normal) (G1 Evacuation Pause)
[2021-04-18T11:43:55.985+0000][8][gc,task     ] GC(53) Using 6 workers of 8 for evacuation
[2021-04-18T11:43:55.985+0000][8][gc,age      ] GC(53) Desired survivor size 6291456 bytes, new threshold 15 (max threshold 15)
[2021-04-18T11:43:55.992+0000][8][gc,age      ] GC(53) Age table with threshold 15 (max threshold 15)
[2021-04-18T11:43:55.992+0000][8][gc,age      ] GC(53) - age   1:    5167200 bytes,    5167200 total
[2021-04-18T11:43:55.992+0000][8][gc,age      ] GC(53) - age   2:     656640 bytes,    5823840 total
[2021-04-18T11:43:55.992+0000][8][gc,age      ] GC(53) - age   3:     499328 bytes,    6323168 total
[2021-04-18T11:43:55.992+0000][8][gc,age      ] GC(53) - age   4:     315168 bytes,    6638336 total
[2021-04-18T11:43:55.992+0000][8][gc,age      ] GC(53) - age   5:      18728 bytes,    6657064 total
[2021-04-18T11:43:55.992+0000][8][gc,age      ] GC(53) - age   6:     104152 bytes,    6761216 total
[2021-04-18T11:43:55.992+0000][8][gc,age      ] GC(53) - age   7:    1701000 bytes,    8462216 total
[2021-04-18T11:43:55.992+0000][8][gc,age      ] GC(53) - age   8:     246840 bytes,    8709056 total
[2021-04-18T11:43:55.992+0000][8][gc,age      ] GC(53) - age   9:     176272 bytes,    8885328 total
[2021-04-18T11:43:55.992+0000][8][gc,age      ] GC(53) - age  10:      32912 bytes,    8918240 total
[2021-04-18T11:43:55.992+0000][8][gc,age      ] GC(53) - age  11:      56808 bytes,    8975048 total
[2021-04-18T11:43:55.992+0000][8][gc,age      ] GC(53) - age  12:     751184 bytes,    9726232 total
[2021-04-18T11:43:55.992+0000][8][gc,phases   ] GC(53)   Pre Evacuate Collection Set: 0.0ms
[2021-04-18T11:43:55.992+0000][8][gc,phases   ] GC(53)   Merge Heap Roots: 0.1ms
[2021-04-18T11:43:55.992+0000][8][gc,phases   ] GC(53)   Evacuate Collection Set: 5.8ms
[2021-04-18T11:43:55.992+0000][8][gc,phases   ] GC(53)   Post Evacuate Collection Set: 0.5ms
[2021-04-18T11:43:55.992+0000][8][gc,phases   ] GC(53)   Other: 0.2ms
[2021-04-18T11:43:55.992+0000][8][gc,heap     ] GC(53) Eden regions: 22->0(20)
[2021-04-18T11:43:55.992+0000][8][gc,heap     ] GC(53) Survivor regions: 2->3(3)
[2021-04-18T11:43:55.992+0000][8][gc,heap     ] GC(53) Old regions: 24->24
[2021-04-18T11:43:55.992+0000][8][gc,heap     ] GC(53) Archive regions: 2->2
[2021-04-18T11:43:55.992+0000][8][gc,heap     ] GC(53) Humongous regions: 2->2
[2021-04-18T11:43:55.992+0000][8][gc,metaspace] GC(53) Metaspace: 107565K(111652K)->107565K(111652K) NonClass: 93385K(96088K)->93385K(96088K) Class: 14180K(15564K)->14180K(15564K)
[2021-04-18T11:43:55.992+0000][8][gc          ] GC(53) Pause Young (Normal) (G1 Evacuation Pause) 199M->115M(256M) 6.695ms
[2021-04-18T11:43:55.992+0000][8][gc,cpu      ] GC(53) User=0.04s Sys=0.00s Real=0.01s
[2021-04-18T11:43:55.992+0000][8][safepoint   ] Safepoint "G1CollectForAllocation", Time since last: 223775426 ns, Reaching safepoint: 158203 ns, At safepoint: 6776153 ns, Total: 6934356 ns
[2021-04-18T11:43:56.992+0000][8][safepoint   ] Safepoint "Cleanup", Time since last: 1000475806 ns, Reaching safepoint: 190739 ns, At safepoint: 7823 ns, Total: 198562 ns
[2021-04-18T11:43:57.993+0000][8][safepoint   ] Safepoint "Cleanup", Time since last: 1000291033 ns, Reaching safepoint: 114378 ns, At safepoint: 6326 ns, Total: 120704 ns
[2021-04-18T11:43:58.994+0000][8][safepoint   ] Safepoint "Cleanup", Time since last: 1000523881 ns, Reaching safepoint: 195411 ns, At safepoint: 7723 ns, Total: 203134 ns
[2021-04-18T11:43:59.994+0000][8][safepoint   ] Safepoint "Cleanup", Time since last: 1000100816 ns, Reaching safepoint: 106979 ns, At safepoint: 6778 ns, Total: 113757 ns
[2021-04-18T11:44:06.054+0000][8][safepoint   ] Safepoint "Cleanup", Time since last: 6060474090 ns, Reaching safepoint: 103125 ns, At safepoint: 7307 ns, Total: 110432 ns
[2021-04-18T11:44:06.999+0000][8][gc,start    ] GC(54) Pause Young (Concurrent Start) (G1 Evacuation Pause)
[2021-04-18T11:44:06.999+0000][8][gc,task     ] GC(54) Using 6 workers of 8 for evacuation
[2021-04-18T11:44:06.999+0000][8][gc,age      ] GC(54) Desired survivor size 6291456 bytes, new threshold 3 (max threshold 15)
[2021-04-18T11:44:07.005+0000][8][gc,age      ] GC(54) Age table with threshold 3 (max threshold 15)
[2021-04-18T11:44:07.005+0000][8][gc,age      ] GC(54) - age   1:    1814440 bytes,    1814440 total
[2021-04-18T11:44:07.005+0000][8][gc,age      ] GC(54) - age   2:    3677536 bytes,    5491976 total
[2021-04-18T11:44:07.005+0000][8][gc,age      ] GC(54) - age   3:     638312 bytes,    6130288 total
[2021-04-18T11:44:07.005+0000][8][gc,phases   ] GC(54)   Pre Evacuate Collection Set: 0.1ms
[2021-04-18T11:44:07.005+0000][8][gc,phases   ] GC(54)   Merge Heap Roots: 0.1ms
[2021-04-18T11:44:07.005+0000][8][gc,phases   ] GC(54)   Evacuate Collection Set: 5.2ms
[2021-04-18T11:44:07.005+0000][8][gc,phases   ] GC(54)   Post Evacuate Collection Set: 0.5ms
[2021-04-18T11:44:07.005+0000][8][gc,phases   ] GC(54)   Other: 0.2ms
[2021-04-18T11:44:07.005+0000][8][gc,heap     ] GC(54) Eden regions: 20->0(21)
[2021-04-18T11:44:07.005+0000][8][gc,heap     ] GC(54) Survivor regions: 3->2(3)
[2021-04-18T11:44:07.005+0000][8][gc,heap     ] GC(54) Old regions: 24->25
[2021-04-18T11:44:07.005+0000][8][gc,heap     ] GC(54) Archive regions: 2->2
[2021-04-18T11:44:07.005+0000][8][gc,heap     ] GC(54) Humongous regions: 2->2
[2021-04-18T11:44:07.005+0000][8][gc,metaspace] GC(54) Metaspace: 107718K(111908K)->107718K(111908K) NonClass: 93534K(96344K)->93534K(96344K) Class: 14184K(15564K)->14184K(15564K)
[2021-04-18T11:44:07.005+0000][8][gc          ] GC(54) Pause Young (Concurrent Start) (G1 Evacuation Pause) 195M->115M(256M) 6.066ms
[2021-04-18T11:44:07.005+0000][8][gc,cpu      ] GC(54) User=0.03s Sys=0.00s Real=0.00s
[2021-04-18T11:44:07.005+0000][8][gc          ] GC(55) Concurrent Cycle
[2021-04-18T11:44:07.005+0000][8][safepoint   ] Safepoint "G1CollectForAllocation", Time since last: 944437418 ns, Reaching safepoint: 176425 ns, At safepoint: 6135251 ns, Total: 6311676 ns
[2021-04-18T11:44:07.005+0000][8][gc,marking  ] GC(55) Concurrent Clear Claimed Marks
[2021-04-18T11:44:07.005+0000][8][gc,marking  ] GC(55) Concurrent Clear Claimed Marks 0.091ms
[2021-04-18T11:44:07.005+0000][8][gc,marking  ] GC(55) Concurrent Scan Root Regions
[2021-04-18T11:44:07.009+0000][8][gc,marking  ] GC(55) Concurrent Scan Root Regions 4.109ms
[2021-04-18T11:44:07.009+0000][8][gc,marking  ] GC(55) Concurrent Mark (631.543s)
[2021-04-18T11:44:07.009+0000][8][gc,marking  ] GC(55) Concurrent Mark From Roots
[2021-04-18T11:44:07.009+0000][8][gc,task     ] GC(55) Using 2 workers of 2 for marking
[2021-04-18T11:44:07.085+0000][8][gc,marking  ] GC(55) Concurrent Mark From Roots 75.494ms
[2021-04-18T11:44:07.085+0000][8][gc,marking  ] GC(55) Concurrent Preclean
[2021-04-18T11:44:07.085+0000][8][gc,marking  ] GC(55) Concurrent Preclean 0.252ms
[2021-04-18T11:44:07.085+0000][8][gc,marking  ] GC(55) Concurrent Mark (631.543s, 631.619s) 75.797ms
[2021-04-18T11:44:07.085+0000][8][gc,start    ] GC(55) Pause Remark
[2021-04-18T11:44:07.090+0000][8][gc          ] GC(55) Pause Remark 122M->122M(256M) 4.915ms
[2021-04-18T11:44:07.090+0000][8][gc,cpu      ] GC(55) User=0.03s Sys=0.00s Real=0.01s
[2021-04-18T11:44:07.090+0000][8][safepoint   ] Safepoint "G1Concurrent", Time since last: 80070397 ns, Reaching safepoint: 90410 ns, At safepoint: 4988160 ns, Total: 5078570 ns
[2021-04-18T11:44:07.090+0000][8][gc,marking  ] GC(55) Concurrent Rebuild Remembered Sets
[2021-04-18T11:44:07.142+0000][8][gc,marking  ] GC(55) Concurrent Rebuild Remembered Sets 51.369ms
[2021-04-18T11:44:07.142+0000][8][gc,start    ] GC(55) Pause Cleanup
[2021-04-18T11:44:07.142+0000][8][gc          ] GC(55) Pause Cleanup 123M->123M(256M) 0.066ms
[2021-04-18T11:44:07.142+0000][8][gc,cpu      ] GC(55) User=0.00s Sys=0.00s Real=0.00s
[2021-04-18T11:44:07.142+0000][8][safepoint   ] Safepoint "G1Concurrent", Time since last: 51475516 ns, Reaching safepoint: 110536 ns, At safepoint: 106348 ns, Total: 216884 ns
[2021-04-18T11:44:07.142+0000][8][gc,marking  ] GC(55) Concurrent Cleanup for Next Mark
[2021-04-18T11:44:07.142+0000][8][gc,marking  ] GC(55) Concurrent Cleanup for Next Mark 0.135ms
[2021-04-18T11:44:07.142+0000][8][gc          ] GC(55) Concurrent Cycle 137.069ms
[2021-04-18T11:44:08.142+0000][8][safepoint   ] Safepoint "Cleanup", Time since last: 1000248327 ns, Reaching safepoint: 190194 ns, At safepoint: 9261 ns, Total: 199455 ns
[2021-04-18T11:44:10.143+0000][8][safepoint   ] Safepoint "Cleanup", Time since last: 2000482058 ns, Reaching safepoint: 232419 ns, At safepoint: 7733 ns, Total: 240152 ns
[2021-04-18T11:44:13.145+0000][8][safepoint   ] Safepoint "Cleanup", Time since last: 3001213540 ns, Reaching safepoint: 125174 ns, At safepoint: 6335 ns, Total: 131509 ns
[2021-04-18T11:44:15.145+0000][8][safepoint   ] Safepoint "Cleanup", Time since last: 2000618000 ns, Reaching safepoint: 139908 ns, At safepoint: 6217 ns, Total: 146125 ns
[2021-04-18T11:44:20.146+0000][8][safepoint   ] Safepoint "Cleanup", Time since last: 5000765588 ns, Reaching safepoint: 147299 ns, At safepoint: 6713 ns, Total: 154012 ns
[2021-04-18T11:44:22.147+0000][8][safepoint   ] Safepoint "Cleanup", Time since last: 2000396894 ns, Reaching safepoint: 186551 ns, At safepoint: 7735 ns, Total: 194286 ns
[2021-04-18T11:44:25.148+0000][8][safepoint   ] Safepoint "Cleanup", Time since last: 3000932936 ns, Reaching safepoint: 141842 ns, At safepoint: 6542 ns, Total: 148384 ns
[2021-04-18T11:44:27.149+0000][8][safepoint   ] Safepoint "Cleanup", Time since last: 2000816941 ns, Reaching safepoint: 176403 ns, At safepoint: 7547 ns, Total: 183950 ns
[2021-04-18T11:44:28.149+0000][8][safepoint   ] Safepoint "Cleanup", Time since last: 1000408449 ns, Reaching safepoint: 124304 ns, At safepoint: 6960 ns, Total: 131264 ns
[2021-04-18T11:44:30.150+0000][8][safepoint   ] Safepoint "Cleanup", Time since last: 2000165296 ns, Reaching safepoint: 131193 ns, At safepoint: 9642 ns, Total: 140835 ns
[2021-04-18T11:44:31.150+0000][8][safepoint   ] Safepoint "Cleanup", Time since last: 1000258078 ns, Reaching safepoint: 173370 ns, At safepoint: 7801 ns, Total: 181171 ns
[2021-04-18T11:44:32.151+0000][8][safepoint   ] Safepoint "Cleanup", Time since last: 1000272069 ns, Reaching safepoint: 211039 ns, At safepoint: 7570 ns, Total: 218609 ns
[2021-04-18T11:44:33.151+0000][8][safepoint   ] Safepoint "Cleanup", Time since last: 1000266731 ns, Reaching safepoint: 121225 ns, At safepoint: 6565 ns, Total: 127790 ns
[2021-04-18T11:44:34.152+0000][8][safepoint   ] Safepoint "Cleanup", Time since last: 1000501401 ns, Reaching safepoint: 146503 ns, At safepoint: 6859 ns, Total: 153362 ns
[2021-04-18T11:44:46.155+0000][8][safepoint   ] Safepoint "Cleanup", Time since last: 12002938521 ns, Reaching safepoint: 214521 ns, At safepoint: 11507 ns, Total: 226028 ns
[2021-04-18T11:44:51.909+0000][8][gc,start    ] GC(56) Pause Young (Normal) (G1 Evacuation Pause)
[2021-04-18T11:44:51.909+0000][8][gc,task     ] GC(56) Using 6 workers of 8 for evacuation
[2021-04-18T11:44:51.909+0000][8][gc,age      ] GC(56) Desired survivor size 6291456 bytes, new threshold 15 (max threshold 15)
[2021-04-18T11:44:51.914+0000][8][gc,age      ] GC(56) Age table with threshold 15 (max threshold 15)
[2021-04-18T11:44:51.914+0000][8][gc,age      ] GC(56) - age   1:     320984 bytes,     320984 total
[2021-04-18T11:44:51.914+0000][8][gc,age      ] GC(56) - age   2:    1171144 bytes,    1492128 total
[2021-04-18T11:44:51.914+0000][8][gc,age      ] GC(56) - age   3:    3672864 bytes,    5164992 total
[2021-04-18T11:44:51.914+0000][8][gc,age      ] GC(56) - age   4:     389400 bytes,    5554392 total
[2021-04-18T11:44:51.914+0000][8][gc,phases   ] GC(56)   Pre Evacuate Collection Set: 0.1ms
[2021-04-18T11:44:51.914+0000][8][gc,phases   ] GC(56)   Merge Heap Roots: 0.0ms
[2021-04-18T11:44:51.914+0000][8][gc,phases   ] GC(56)   Evacuate Collection Set: 4.3ms
[2021-04-18T11:44:51.914+0000][8][gc,phases   ] GC(56)   Post Evacuate Collection Set: 0.5ms
[2021-04-18T11:44:51.914+0000][8][gc,phases   ] GC(56)   Other: 0.2ms
[2021-04-18T11:44:51.914+0000][8][gc,heap     ] GC(56) Eden regions: 21->0(21)
[2021-04-18T11:44:51.914+0000][8][gc,heap     ] GC(56) Survivor regions: 2->2(3)
[2021-04-18T11:44:51.914+0000][8][gc,heap     ] GC(56) Old regions: 25->25
[2021-04-18T11:44:51.914+0000][8][gc,heap     ] GC(56) Archive regions: 2->2
[2021-04-18T11:44:51.914+0000][8][gc,heap     ] GC(56) Humongous regions: 2->2
[2021-04-18T11:44:51.914+0000][8][gc,metaspace] GC(56) Metaspace: 107890K(112164K)->107890K(112164K) NonClass: 93705K(96600K)->93705K(96600K) Class: 14184K(15564K)->14184K(15564K)
[2021-04-18T11:44:51.914+0000][8][gc          ] GC(56) Pause Young (Normal) (G1 Evacuation Pause) 199M->115M(256M) 5.163ms
[2021-04-18T11:44:51.914+0000][8][gc,cpu      ] GC(56) User=0.00s Sys=0.02s Real=0.01s
[2021-04-18T11:44:51.914+0000][8][safepoint   ] Safepoint "G1CollectForAllocation", Time since last: 5753568370 ns, Reaching safepoint: 168156 ns, At safepoint: 5246639 ns, Total: 5414795 ns
[2021-04-18T11:44:52.914+0000][8][safepoint   ] Safepoint "Cleanup", Time since last: 1000390717 ns, Reaching safepoint: 243959 ns, At safepoint: 8929 ns, Total: 252888 ns
[2021-04-18T11:44:55.916+0000][8][safepoint   ] Safepoint "Cleanup", Time since last: 3000973205 ns, Reaching safepoint: 270100 ns, At safepoint: 8495 ns, Total: 278595 ns
[2021-04-18T11:44:56.916+0000][8][safepoint   ] Safepoint "Cleanup", Time since last: 1000379880 ns, Reaching safepoint: 173297 ns, At safepoint: 10371 ns, Total: 183668 ns
[2021-04-18T11:44:57.917+0000][8][safepoint   ] Safepoint "Cleanup", Time since last: 1000580118 ns, Reaching safepoint: 150248 ns, At safepoint: 6621 ns, Total: 156869 ns
[2021-04-18T11:44:58.918+0000][8][safepoint   ] Safepoint "Cleanup", Time since last: 1000442713 ns, Reaching safepoint: 271990 ns, At safepoint: 9186 ns, Total: 281176 ns
[2021-04-18T11:44:59.918+0000][8][safepoint   ] Safepoint "Cleanup", Time since last: 1000304596 ns, Reaching safepoint: 184728 ns, At safepoint: 8839 ns, Total: 193567 ns
[2021-04-18T11:45:07.921+0000][8][safepoint   ] Safepoint "Cleanup", Time since last: 8002837633 ns, Reaching safepoint: 203684 ns, At safepoint: 9492 ns, Total: 213176 ns
[2021-04-18T11:45:09.922+0000][8][safepoint   ] Safepoint "Cleanup", Time since last: 2000265592 ns, Reaching safepoint: 130040 ns, At safepoint: 8065 ns, Total: 138105 ns
[2021-04-18T11:45:10.922+0000][8][safepoint   ] Safepoint "Cleanup", Time since last: 1000372848 ns, Reaching safepoint: 188656 ns, At safepoint: 7257 ns, Total: 195913 ns
[2021-04-18T11:45:12.923+0000][8][safepoint   ] Safepoint "Cleanup", Time since last: 2000335860 ns, Reaching safepoint: 164358 ns, At safepoint: 9275 ns, Total: 173633 ns
[2021-04-18T11:45:25.927+0000][8][safepoint   ] Safepoint "Cleanup", Time since last: 13003727700 ns, Reaching safepoint: 115899 ns, At safepoint: 6413 ns, Total: 122312 ns
[2021-04-18T11:45:28.928+0000][8][safepoint   ] Safepoint "Cleanup", Time since last: 3001202965 ns, Reaching safepoint: 192631 ns, At safepoint: 8732 ns, Total: 201363 ns
[2021-04-18T11:45:34.930+0000][8][safepoint   ] Safepoint "Cleanup", Time since last: 6001747014 ns, Reaching safepoint: 167535 ns, At safepoint: 9273 ns, Total: 176808 ns
[2021-04-18T11:45:40.931+0000][8][safepoint   ] Safepoint "Cleanup", Time since last: 6000823389 ns, Reaching safepoint: 108848 ns, At safepoint: 5399 ns, Total: 114247 ns
[2021-04-18T11:45:43.932+0000][8][safepoint   ] Safepoint "Cleanup", Time since last: 3001199749 ns, Reaching safepoint: 123261 ns, At safepoint: 7884 ns, Total: 131145 ns
[2021-04-18T11:45:49.934+0000][8][safepoint   ] Safepoint "Cleanup", Time since last: 6001968631 ns, Reaching safepoint: 137979 ns, At safepoint: 10341 ns, Total: 148320 ns
[2021-04-18T11:45:51.935+0000][8][safepoint   ] Safepoint "Cleanup", Time since last: 2000311636 ns, Reaching safepoint: 113613 ns, At safepoint: 8255 ns, Total: 121868 ns
[2021-04-18T11:45:52.935+0000][8][safepoint   ] Safepoint "Cleanup", Time since last: 1000429188 ns, Reaching safepoint: 191557 ns, At safepoint: 9183 ns, Total: 200740 ns
[2021-04-18T11:45:54.936+0000][8][safepoint   ] Safepoint "Cleanup", Time since last: 2000488409 ns, Reaching safepoint: 110190 ns, At safepoint: 8443 ns, Total: 118633 ns
[2021-04-18T11:45:57.937+0000][8][safepoint   ] Safepoint "Cleanup", Time since last: 3000574325 ns, Reaching safepoint: 102551 ns, At safepoint: 8666 ns, Total: 111217 ns
[2021-04-18T11:45:59.937+0000][8][safepoint   ] Safepoint "Cleanup", Time since last: 2000418616 ns, Reaching safepoint: 104495 ns, At safepoint: 6436 ns, Total: 110931 ns
[2021-04-18T11:46:00.617+0000][8][gc,start    ] GC(57) Pause Young (Concurrent Start) (G1 Evacuation Pause)
[2021-04-18T11:46:00.617+0000][8][gc,task     ] GC(57) Using 6 workers of 8 for evacuation
[2021-04-18T11:46:00.617+0000][8][gc,age      ] GC(57) Desired survivor size 6291456 bytes, new threshold 15 (max threshold 15)
[2021-04-18T11:46:00.621+0000][8][gc,age      ] GC(57) Age table with threshold 15 (max threshold 15)
[2021-04-18T11:46:00.621+0000][8][gc,age      ] GC(57) - age   1:     450464 bytes,     450464 total
[2021-04-18T11:46:00.621+0000][8][gc,age      ] GC(57) - age   2:     257792 bytes,     708256 total
[2021-04-18T11:46:00.621+0000][8][gc,age      ] GC(57) - age   3:    1170840 bytes,    1879096 total
[2021-04-18T11:46:00.621+0000][8][gc,age      ] GC(57) - age   4:    3672864 bytes,    5551960 total
[2021-04-18T11:46:00.621+0000][8][gc,age      ] GC(57) - age   5:     388392 bytes,    5940352 total
[2021-04-18T11:46:00.621+0000][8][gc,phases   ] GC(57)   Pre Evacuate Collection Set: 0.2ms
[2021-04-18T11:46:00.621+0000][8][gc,phases   ] GC(57)   Merge Heap Roots: 0.1ms
[2021-04-18T11:46:00.621+0000][8][gc,phases   ] GC(57)   Evacuate Collection Set: 2.9ms
[2021-04-18T11:46:00.621+0000][8][gc,phases   ] GC(57)   Post Evacuate Collection Set: 0.5ms
[2021-04-18T11:46:00.621+0000][8][gc,phases   ] GC(57)   Other: 0.2ms
[2021-04-18T11:46:00.621+0000][8][gc,heap     ] GC(57) Eden regions: 21->0(21)
[2021-04-18T11:46:00.621+0000][8][gc,heap     ] GC(57) Survivor regions: 2->2(3)
[2021-04-18T11:46:00.621+0000][8][gc,heap     ] GC(57) Old regions: 25->25
[2021-04-18T11:46:00.621+0000][8][gc,heap     ] GC(57) Archive regions: 2->2
[2021-04-18T11:46:00.621+0000][8][gc,heap     ] GC(57) Humongous regions: 2->2
[2021-04-18T11:46:00.621+0000][8][gc,metaspace] GC(57) Metaspace: 107998K(112164K)->107998K(112164K) NonClass: 93813K(96600K)->93813K(96600K) Class: 14184K(15564K)->14184K(15564K)
[2021-04-18T11:46:00.621+0000][8][gc          ] GC(57) Pause Young (Concurrent Start) (G1 Evacuation Pause) 199M->115M(256M) 3.851ms
[2021-04-18T11:46:00.621+0000][8][gc,cpu      ] GC(57) User=0.02s Sys=0.00s Real=0.01s
[2021-04-18T11:46:00.621+0000][8][safepoint   ] Safepoint "G1CollectForAllocation", Time since last: 679420154 ns, Reaching safepoint: 164888 ns, At safepoint: 3922521 ns, Total: 4087409 ns
[2021-04-18T11:46:00.621+0000][8][gc          ] GC(58) Concurrent Cycle
[2021-04-18T11:46:00.621+0000][8][gc,marking  ] GC(58) Concurrent Clear Claimed Marks
[2021-04-18T11:46:00.621+0000][8][gc,marking  ] GC(58) Concurrent Clear Claimed Marks 0.070ms
[2021-04-18T11:46:00.621+0000][8][gc,marking  ] GC(58) Concurrent Scan Root Regions
[2021-04-18T11:46:00.624+0000][8][gc,marking  ] GC(58) Concurrent Scan Root Regions 2.693ms
[2021-04-18T11:46:00.624+0000][8][gc,marking  ] GC(58) Concurrent Mark (745.157s)
[2021-04-18T11:46:00.624+0000][8][gc,marking  ] GC(58) Concurrent Mark From Roots
[2021-04-18T11:46:00.624+0000][8][gc,task     ] GC(58) Using 2 workers of 2 for marking
[2021-04-18T11:46:00.699+0000][8][gc,marking  ] GC(58) Concurrent Mark From Roots 74.998ms
[2021-04-18T11:46:00.699+0000][8][gc,marking  ] GC(58) Concurrent Preclean
[2021-04-18T11:46:00.699+0000][8][gc,marking  ] GC(58) Concurrent Preclean 0.207ms
[2021-04-18T11:46:00.699+0000][8][gc,marking  ] GC(58) Concurrent Mark (745.157s, 745.233s) 75.252ms
[2021-04-18T11:46:00.699+0000][8][gc,start    ] GC(58) Pause Remark
[2021-04-18T11:46:00.708+0000][8][gc          ] GC(58) Pause Remark 116M->116M(256M) 9.156ms
[2021-04-18T11:46:00.708+0000][8][gc,cpu      ] GC(58) User=0.05s Sys=0.00s Real=0.00s
[2021-04-18T11:46:00.708+0000][8][safepoint   ] Safepoint "G1Concurrent", Time since last: 78154371 ns, Reaching safepoint: 126168 ns, At safepoint: 9247250 ns, Total: 9373418 ns
[2021-04-18T11:46:00.708+0000][8][gc,marking  ] GC(58) Concurrent Rebuild Remembered Sets
[2021-04-18T11:46:00.759+0000][8][gc,marking  ] GC(58) Concurrent Rebuild Remembered Sets 50.343ms
[2021-04-18T11:46:00.759+0000][8][gc,start    ] GC(58) Pause Cleanup
[2021-04-18T11:46:00.759+0000][8][gc          ] GC(58) Pause Cleanup 116M->116M(256M) 0.080ms
[2021-04-18T11:46:00.759+0000][8][gc,cpu      ] GC(58) User=0.00s Sys=0.00s Real=0.00s
[2021-04-18T11:46:00.759+0000][8][safepoint   ] Safepoint "G1Concurrent", Time since last: 50486477 ns, Reaching safepoint: 191785 ns, At safepoint: 119867 ns, Total: 311652 ns
[2021-04-18T11:46:00.759+0000][8][gc,marking  ] GC(58) Concurrent Cleanup for Next Mark
[2021-04-18T11:46:00.759+0000][8][gc,marking  ] GC(58) Concurrent Cleanup for Next Mark 0.137ms
[2021-04-18T11:46:00.759+0000][8][gc          ] GC(58) Concurrent Cycle 138.467ms
[2021-04-18T11:46:01.760+0000][8][safepoint   ] Safepoint "Cleanup", Time since last: 1000377254 ns, Reaching safepoint: 265908 ns, At safepoint: 8164 ns, Total: 274072 ns
[2021-04-18T11:46:02.760+0000][8][safepoint   ] Safepoint "Cleanup", Time since last: 1000537810 ns, Reaching safepoint: 147289 ns, At safepoint: 7281 ns, Total: 154570 ns
[2021-04-18T11:46:04.761+0000][8][safepoint   ] Safepoint "Cleanup", Time since last: 2000367610 ns, Reaching safepoint: 148339 ns, At safepoint: 4609 ns, Total: 152948 ns
[2021-04-18T11:46:07.762+0000][8][safepoint   ] Safepoint "Cleanup", Time since last: 3000621989 ns, Reaching safepoint: 222461 ns, At safepoint: 16020 ns, Total: 238481 ns
[2021-04-18T11:46:09.762+0000][8][safepoint   ] Safepoint "Cleanup", Time since last: 2000353564 ns, Reaching safepoint: 146714 ns, At safepoint: 8334 ns, Total: 155048 ns
[2021-04-18T11:46:13.764+0000][8][safepoint   ] Safepoint "Cleanup", Time since last: 4001133292 ns, Reaching safepoint: 184392 ns, At safepoint: 8789 ns, Total: 193181 ns
[2021-04-18T11:46:22.766+0000][8][safepoint   ] Safepoint "Cleanup", Time since last: 9002127547 ns, Reaching safepoint: 192249 ns, At safepoint: 7381 ns, Total: 199630 ns
[2021-04-18T11:46:25.767+0000][8][safepoint   ] Safepoint "Cleanup", Time since last: 3000628093 ns, Reaching safepoint: 179343 ns, At safepoint: 8206 ns, Total: 187549 ns
[2021-04-18T11:46:27.768+0000][8][safepoint   ] Safepoint "Cleanup", Time since last: 2000679659 ns, Reaching safepoint: 165284 ns, At safepoint: 7272 ns, Total: 172556 ns
[2021-04-18T11:46:28.768+0000][8][safepoint   ] Safepoint "Cleanup", Time since last: 1000336811 ns, Reaching safepoint: 175347 ns, At safepoint: 7728 ns, Total: 183075 ns
[2021-04-18T11:46:29.769+0000][8][safepoint   ] Safepoint "Cleanup", Time since last: 1000507809 ns, Reaching safepoint: 195558 ns, At safepoint: 7483 ns, Total: 203041 ns
[2021-04-18T11:46:34.770+0000][8][safepoint   ] Safepoint "Cleanup", Time since last: 5001255347 ns, Reaching safepoint: 194374 ns, At safepoint: 7416 ns, Total: 201790 ns
[2021-04-18T11:46:37.010+0000][8][safepoint   ] Safepoint "ICBufferFull", Time since last: 2239786034 ns, Reaching safepoint: 222015 ns, At safepoint: 10960 ns, Total: 232975 ns
[2021-04-18T11:46:38.011+0000][8][safepoint   ] Safepoint "Cleanup", Time since last: 1000261226 ns, Reaching safepoint: 249410 ns, At safepoint: 8241 ns, Total: 257651 ns
[2021-04-18T11:46:40.011+0000][8][safepoint   ] Safepoint "Cleanup", Time since last: 2000184448 ns, Reaching safepoint: 108725 ns, At safepoint: 4247 ns, Total: 112972 ns
[2021-04-18T11:46:43.013+0000][8][safepoint   ] Safepoint "Cleanup", Time since last: 3001234147 ns, Reaching safepoint: 164217 ns, At safepoint: 5835 ns, Total: 170052 ns
[2021-04-18T11:46:46.013+0000][8][safepoint   ] Safepoint "Cleanup", Time since last: 3000755938 ns, Reaching safepoint: 140797 ns, At safepoint: 7030 ns, Total: 147827 ns
[2021-04-18T11:46:49.014+0000][8][safepoint   ] Safepoint "Cleanup", Time since last: 3000571476 ns, Reaching safepoint: 125164 ns, At safepoint: 5745 ns, Total: 130909 ns
[2021-04-18T11:46:50.015+0000][8][safepoint   ] Safepoint "Cleanup", Time since last: 1000500608 ns, Reaching safepoint: 174216 ns, At safepoint: 7550 ns, Total: 181766 ns
[2021-04-18T11:46:52.016+0000][8][safepoint   ] Safepoint "Cleanup", Time since last: 2000715605 ns, Reaching safepoint: 119883 ns, At safepoint: 6452 ns, Total: 126335 ns
[2021-04-18T11:46:56.017+0000][8][safepoint   ] Safepoint "Cleanup", Time since last: 4001659839 ns, Reaching safepoint: 117503 ns, At safepoint: 7348 ns, Total: 124851 ns
[2021-04-18T11:46:57.018+0000][8][safepoint   ] Safepoint "Cleanup", Time since last: 1000273463 ns, Reaching safepoint: 100724 ns, At safepoint: 7404 ns, Total: 108128 ns
[2021-04-18T11:46:58.018+0000][8][safepoint   ] Safepoint "Cleanup", Time since last: 1000266434 ns, Reaching safepoint: 224807 ns, At safepoint: 8669 ns, Total: 233476 ns
[2021-04-18T11:46:59.019+0000][8][safepoint   ] Safepoint "Cleanup", Time since last: 1000255468 ns, Reaching safepoint: 161729 ns, At safepoint: 5341 ns, Total: 167070 ns
[2021-04-18T11:47:09.990+0000][8][gc,start    ] GC(59) Pause Young (Normal) (G1 Evacuation Pause)
[2021-04-18T11:47:09.990+0000][8][gc,task     ] GC(59) Using 6 workers of 8 for evacuation
[2021-04-18T11:47:09.990+0000][8][gc,age      ] GC(59) Desired survivor size 6291456 bytes, new threshold 15 (max threshold 15)
[2021-04-18T11:47:09.994+0000][8][gc,age      ] GC(59) Age table with threshold 15 (max threshold 15)
[2021-04-18T11:47:09.994+0000][8][gc,age      ] GC(59) - age   1:     487808 bytes,     487808 total
[2021-04-18T11:47:09.994+0000][8][gc,age      ] GC(59) - age   2:     334640 bytes,     822448 total
[2021-04-18T11:47:09.994+0000][8][gc,age      ] GC(59) - age   3:     248992 bytes,    1071440 total
[2021-04-18T11:47:09.994+0000][8][gc,age      ] GC(59) - age   4:    1163792 bytes,    2235232 total
[2021-04-18T11:47:09.994+0000][8][gc,age      ] GC(59) - age   5:    3672864 bytes,    5908096 total
[2021-04-18T11:47:09.994+0000][8][gc,age      ] GC(59) - age   6:     367320 bytes,    6275416 total
[2021-04-18T11:47:09.995+0000][8][gc,phases   ] GC(59)   Pre Evacuate Collection Set: 0.1ms
[2021-04-18T11:47:09.995+0000][8][gc,phases   ] GC(59)   Merge Heap Roots: 0.1ms
[2021-04-18T11:47:09.995+0000][8][gc,phases   ] GC(59)   Evacuate Collection Set: 3.6ms
[2021-04-18T11:47:09.995+0000][8][gc,phases   ] GC(59)   Post Evacuate Collection Set: 0.7ms
[2021-04-18T11:47:09.995+0000][8][gc,phases   ] GC(59)   Other: 0.2ms
[2021-04-18T11:47:09.995+0000][8][gc,heap     ] GC(59) Eden regions: 21->0(21)
[2021-04-18T11:47:09.995+0000][8][gc,heap     ] GC(59) Survivor regions: 2->2(3)
[2021-04-18T11:47:09.995+0000][8][gc,heap     ] GC(59) Old regions: 25->25
[2021-04-18T11:47:09.995+0000][8][gc,heap     ] GC(59) Archive regions: 2->2
[2021-04-18T11:47:09.995+0000][8][gc,heap     ] GC(59) Humongous regions: 2->2
[2021-04-18T11:47:09.995+0000][8][gc,metaspace] GC(59) Metaspace: 108147K(112420K)->108147K(112420K) NonClass: 93975K(96856K)->93975K(96856K) Class: 14172K(15564K)->14172K(15564K)
[2021-04-18T11:47:09.995+0000][8][gc          ] GC(59) Pause Young (Normal) (G1 Evacuation Pause) 199M->115M(256M) 4.744ms
[2021-04-18T11:47:09.995+0000][8][gc,cpu      ] GC(59) User=0.03s Sys=0.00s Real=0.00s
[2021-04-18T11:47:09.995+0000][8][safepoint   ] Safepoint "G1CollectForAllocation", Time since last: 10970863685 ns, Reaching safepoint: 169426 ns, At safepoint: 4814552 ns, Total: 4983978 ns
[2021-04-18T11:47:10.995+0000][8][safepoint   ] Safepoint "Cleanup", Time since last: 1000415005 ns, Reaching safepoint: 139223 ns, At safepoint: 8117 ns, Total: 147340 ns
[2021-04-18T11:47:12.996+0000][8][safepoint   ] Safepoint "Cleanup", Time since last: 2000627761 ns, Reaching safepoint: 284521 ns, At safepoint: 8233 ns, Total: 292754 ns
[2021-04-18T11:47:14.997+0000][8][safepoint   ] Safepoint "Cleanup", Time since last: 2000253695 ns, Reaching safepoint: 197300 ns, At safepoint: 7002 ns, Total: 204302 ns
[2021-04-18T11:47:16.997+0000][8][safepoint   ] Safepoint "Cleanup", Time since last: 2000419837 ns, Reaching safepoint: 108175 ns, At safepoint: 6549 ns, Total: 114724 ns
[2021-04-18T11:47:18.998+0000][8][safepoint   ] Safepoint "Cleanup", Time since last: 2000553127 ns, Reaching safepoint: 214835 ns, At safepoint: 7955 ns, Total: 222790 ns
[2021-04-18T11:47:21.999+0000][8][safepoint   ] Safepoint "Cleanup", Time since last: 3000671607 ns, Reaching safepoint: 100177 ns, At safepoint: 6076 ns, Total: 106253 ns
[2021-04-18T11:47:25.999+0000][8][safepoint   ] Safepoint "Cleanup", Time since last: 4000339511 ns, Reaching safepoint: 143868 ns, At safepoint: 7491 ns, Total: 151359 ns
[2021-04-18T11:47:29.000+0000][8][safepoint   ] Safepoint "Cleanup", Time since last: 3000611099 ns, Reaching safepoint: 188385 ns, At safepoint: 6346 ns, Total: 194731 ns
[2021-04-18T11:47:31.001+0000][8][safepoint   ] Safepoint "Cleanup", Time since last: 2000539505 ns, Reaching safepoint: 98678 ns, At safepoint: 6034 ns, Total: 104712 ns
[2021-04-18T11:47:34.002+0000][8][safepoint   ] Safepoint "Cleanup", Time since last: 3000945667 ns, Reaching safepoint: 103024 ns, At safepoint: 6821 ns, Total: 109845 ns
[2021-04-18T11:47:37.002+0000][8][safepoint   ] Safepoint "Cleanup", Time since last: 3000707973 ns, Reaching safepoint: 102357 ns, At safepoint: 6278 ns, Total: 108635 ns
[2021-04-18T11:47:39.003+0000][8][safepoint   ] Safepoint "Cleanup", Time since last: 2000836394 ns, Reaching safepoint: 143552 ns, At safepoint: 6976 ns, Total: 150528 ns
[2021-04-18T11:47:40.011+0000][8][safepoint   ] Safepoint "Cleanup", Time since last: 1007296392 ns, Reaching safepoint: 216707 ns, At safepoint: 9680 ns, Total: 226387 ns
[2021-04-18T11:47:41.012+0000][8][safepoint   ] Safepoint "Cleanup", Time since last: 1000472759 ns, Reaching safepoint: 115000 ns, At safepoint: 7182 ns, Total: 122182 ns
[2021-04-18T11:47:47.014+0000][8][safepoint   ] Safepoint "Cleanup", Time since last: 6001929667 ns, Reaching safepoint: 100030 ns, At safepoint: 6182 ns, Total: 106212 ns
[2021-04-18T11:47:49.014+0000][8][safepoint   ] Safepoint "Cleanup", Time since last: 2000374332 ns, Reaching safepoint: 124206 ns, At safepoint: 7002 ns, Total: 131208 ns
[2021-04-18T11:47:50.015+0000][8][safepoint   ] Safepoint "Cleanup", Time since last: 1000220979 ns, Reaching safepoint: 184740 ns, At safepoint: 7801 ns, Total: 192541 ns
[2021-04-18T11:47:55.016+0000][8][safepoint   ] Safepoint "Cleanup", Time since last: 5001498323 ns, Reaching safepoint: 160554 ns, At safepoint: 8182 ns, Total: 168736 ns
[2021-04-18T11:47:56.017+0000][8][safepoint   ] Safepoint "Cleanup", Time since last: 1000456008 ns, Reaching safepoint: 174284 ns, At safepoint: 7933 ns, Total: 182217 ns
[2021-04-18T11:47:57.017+0000][8][safepoint   ] Safepoint "Cleanup", Time since last: 1000243897 ns, Reaching safepoint: 98621 ns, At safepoint: 9411 ns, Total: 108032 ns
[2021-04-18T11:47:58.018+0000][8][safepoint   ] Safepoint "Cleanup", Time since last: 1000235109 ns, Reaching safepoint: 118704 ns, At safepoint: 9088 ns, Total: 127792 ns
[2021-04-18T11:48:00.018+0000][8][safepoint   ] Safepoint "Cleanup", Time since last: 2000246512 ns, Reaching safepoint: 169140 ns, At safepoint: 9271 ns, Total: 178411 ns
[2021-04-18T11:48:02.018+0000][8][safepoint   ] Safepoint "Cleanup", Time since last: 2000363985 ns, Reaching safepoint: 107161 ns, At safepoint: 6375 ns, Total: 113536 ns
[2021-04-18T11:48:04.019+0000][8][safepoint   ] Safepoint "Cleanup", Time since last: 2000336792 ns, Reaching safepoint: 125442 ns, At safepoint: 5853 ns, Total: 131295 ns
[2021-04-18T11:48:05.019+0000][8][safepoint   ] Safepoint "Cleanup", Time since last: 1000089593 ns, Reaching safepoint: 90904 ns, At safepoint: 5973 ns, Total: 96877 ns
[2021-04-18T11:48:07.020+0000][8][safepoint   ] Safepoint "Cleanup", Time since last: 2000308080 ns, Reaching safepoint: 108446 ns, At safepoint: 5376 ns, Total: 113822 ns
[2021-04-18T11:48:10.021+0000][8][safepoint   ] Safepoint "Cleanup", Time since last: 3000905958 ns, Reaching safepoint: 177518 ns, At safepoint: 8456 ns, Total: 185974 ns
[2021-04-18T11:48:12.021+0000][8][safepoint   ] Safepoint "Cleanup", Time since last: 2000562386 ns, Reaching safepoint: 88738 ns, At safepoint: 5184 ns, Total: 93922 ns
[2021-04-18T11:48:13.022+0000][8][safepoint   ] Safepoint "Cleanup", Time since last: 1000097354 ns, Reaching safepoint: 116280 ns, At safepoint: 5091 ns, Total: 121371 ns
[2021-04-18T11:48:16.001+0000][8][gc,start    ] GC(60) Pause Young (Concurrent Start) (G1 Evacuation Pause)
[2021-04-18T11:48:16.001+0000][8][gc,task     ] GC(60) Using 6 workers of 8 for evacuation
[2021-04-18T11:48:16.001+0000][8][gc,age      ] GC(60) Desired survivor size 6291456 bytes, new threshold 15 (max threshold 15)
[2021-04-18T11:48:16.005+0000][8][gc,age      ] GC(60) Age table with threshold 15 (max threshold 15)
[2021-04-18T11:48:16.005+0000][8][gc,age      ] GC(60) - age   1:     601944 bytes,     601944 total
[2021-04-18T11:48:16.005+0000][8][gc,age      ] GC(60) - age   2:     310416 bytes,     912360 total
[2021-04-18T11:48:16.005+0000][8][gc,age      ] GC(60) - age   3:     333976 bytes,    1246336 total
[2021-04-18T11:48:16.005+0000][8][gc,age      ] GC(60) - age   4:     231824 bytes,    1478160 total
[2021-04-18T11:48:16.005+0000][8][gc,age      ] GC(60) - age   5:    1161376 bytes,    2639536 total
[2021-04-18T11:48:16.005+0000][8][gc,age      ] GC(60) - age   6:    3611192 bytes,    6250728 total
[2021-04-18T11:48:16.005+0000][8][gc,age      ] GC(60) - age   7:     260248 bytes,    6510976 total
[2021-04-18T11:48:16.005+0000][8][gc,phases   ] GC(60)   Pre Evacuate Collection Set: 0.1ms
[2021-04-18T11:48:16.005+0000][8][gc,phases   ] GC(60)   Merge Heap Roots: 0.1ms
[2021-04-18T11:48:16.005+0000][8][gc,phases   ] GC(60)   Evacuate Collection Set: 3.4ms
[2021-04-18T11:48:16.005+0000][8][gc,phases   ] GC(60)   Post Evacuate Collection Set: 0.4ms
[2021-04-18T11:48:16.006+0000][8][gc,phases   ] GC(60)   Other: 0.2ms
[2021-04-18T11:48:16.006+0000][8][gc,heap     ] GC(60) Eden regions: 21->0(21)
[2021-04-18T11:48:16.006+0000][8][gc,heap     ] GC(60) Survivor regions: 2->2(3)
[2021-04-18T11:48:16.006+0000][8][gc,heap     ] GC(60) Old regions: 25->25
[2021-04-18T11:48:16.006+0000][8][gc,heap     ] GC(60) Archive regions: 2->2
[2021-04-18T11:48:16.006+0000][8][gc,heap     ] GC(60) Humongous regions: 2->2
[2021-04-18T11:48:16.006+0000][8][gc,metaspace] GC(60) Metaspace: 108241K(112676K)->108241K(112676K) NonClass: 94069K(97112K)->94069K(97112K) Class: 14172K(15564K)->14172K(15564K)
[2021-04-18T11:48:16.006+0000][8][gc          ] GC(60) Pause Young (Concurrent Start) (G1 Evacuation Pause) 199M->115M(256M) 4.271ms
[2021-04-18T11:48:16.006+0000][8][gc,cpu      ] GC(60) User=0.02s Sys=0.01s Real=0.00s
[2021-04-18T11:48:16.006+0000][8][safepoint   ] Safepoint "G1CollectForAllocation", Time since last: 2979640903 ns, Reaching safepoint: 120782 ns, At safepoint: 4344463 ns, Total: 4465245 ns
[2021-04-18T11:48:16.006+0000][8][gc          ] GC(61) Concurrent Cycle
[2021-04-18T11:48:16.006+0000][8][gc,marking  ] GC(61) Concurrent Clear Claimed Marks
[2021-04-18T11:48:16.006+0000][8][gc,marking  ] GC(61) Concurrent Clear Claimed Marks 0.076ms
[2021-04-18T11:48:16.006+0000][8][gc,marking  ] GC(61) Concurrent Scan Root Regions
[2021-04-18T11:48:16.009+0000][8][gc,marking  ] GC(61) Concurrent Scan Root Regions 3.494ms
[2021-04-18T11:48:16.009+0000][8][gc,marking  ] GC(61) Concurrent Mark (880.543s)
[2021-04-18T11:48:16.009+0000][8][gc,marking  ] GC(61) Concurrent Mark From Roots
[2021-04-18T11:48:16.009+0000][8][gc,task     ] GC(61) Using 2 workers of 2 for marking
[2021-04-18T11:48:16.090+0000][8][gc,marking  ] GC(61) Concurrent Mark From Roots 80.404ms
[2021-04-18T11:48:16.090+0000][8][gc,marking  ] GC(61) Concurrent Preclean
[2021-04-18T11:48:16.090+0000][8][gc,marking  ] GC(61) Concurrent Preclean 0.211ms
[2021-04-18T11:48:16.090+0000][8][gc,marking  ] GC(61) Concurrent Mark (880.543s, 880.624s) 80.668ms
[2021-04-18T11:48:16.090+0000][8][gc,start    ] GC(61) Pause Remark
[2021-04-18T11:48:16.095+0000][8][gc          ] GC(61) Pause Remark 117M->117M(256M) 4.947ms
[2021-04-18T11:48:16.095+0000][8][gc,cpu      ] GC(61) User=0.03s Sys=0.00s Real=0.00s
[2021-04-18T11:48:16.095+0000][8][safepoint   ] Safepoint "G1Concurrent", Time since last: 84387104 ns, Reaching safepoint: 159220 ns, At safepoint: 5027811 ns, Total: 5187031 ns
[2021-04-18T11:48:16.095+0000][8][gc,marking  ] GC(61) Concurrent Rebuild Remembered Sets
[2021-04-18T11:48:16.147+0000][8][gc,marking  ] GC(61) Concurrent Rebuild Remembered Sets 51.397ms
[2021-04-18T11:48:16.147+0000][8][gc,start    ] GC(61) Pause Cleanup
[2021-04-18T11:48:16.147+0000][8][gc          ] GC(61) Pause Cleanup 117M->117M(256M) 0.092ms
[2021-04-18T11:48:16.147+0000][8][gc,cpu      ] GC(61) User=0.00s Sys=0.00s Real=0.00s
[2021-04-18T11:48:16.147+0000][8][safepoint   ] Safepoint "G1Concurrent", Time since last: 51659756 ns, Reaching safepoint: 249460 ns, At safepoint: 138424 ns, Total: 387884 ns
[2021-04-18T11:48:16.147+0000][8][gc,marking  ] GC(61) Concurrent Cleanup for Next Mark
[2021-04-18T11:48:16.147+0000][8][gc,marking  ] GC(61) Concurrent Cleanup for Next Mark 0.145ms
[2021-04-18T11:48:16.147+0000][8][gc          ] GC(61) Concurrent Cycle 141.817ms
[2021-04-18T11:48:22.150+0000][8][safepoint   ] Safepoint "Cleanup", Time since last: 6002294533 ns, Reaching safepoint: 122619 ns, At safepoint: 6274 ns, Total: 128893 ns
[2021-04-18T11:48:25.150+0000][8][safepoint   ] Safepoint "Cleanup", Time since last: 3000616407 ns, Reaching safepoint: 201912 ns, At safepoint: 4785 ns, Total: 206697 ns
[2021-04-18T11:48:28.151+0000][8][safepoint   ] Safepoint "Cleanup", Time since last: 3000244178 ns, Reaching safepoint: 133811 ns, At safepoint: 7262 ns, Total: 141073 ns
[2021-04-18T11:48:32.153+0000][8][safepoint   ] Safepoint "Cleanup", Time since last: 4001582960 ns, Reaching safepoint: 166290 ns, At safepoint: 6942 ns, Total: 173232 ns
[2021-04-18T11:48:37.153+0000][8][safepoint   ] Safepoint "Cleanup", Time since last: 5000520586 ns, Reaching safepoint: 121661 ns, At safepoint: 5057 ns, Total: 126718 ns
[2021-04-18T11:48:40.154+0000][8][safepoint   ] Safepoint "Cleanup", Time since last: 3000247630 ns, Reaching safepoint: 114252 ns, At safepoint: 6582 ns, Total: 120834 ns
[2021-04-18T11:48:43.154+0000][8][safepoint   ] Safepoint "Cleanup", Time since last: 3000284548 ns, Reaching safepoint: 94311 ns, At safepoint: 7417 ns, Total: 101728 ns
[2021-04-18T11:48:44.154+0000][8][safepoint   ] Safepoint "Cleanup", Time since last: 1000241805 ns, Reaching safepoint: 138301 ns, At safepoint: 8214 ns, Total: 146515 ns
[2021-04-18T11:48:46.155+0000][8][safepoint   ] Safepoint "Cleanup", Time since last: 2000215256 ns, Reaching safepoint: 107483 ns, At safepoint: 7681 ns, Total: 115164 ns
[2021-04-18T11:48:55.156+0000][8][safepoint   ] Safepoint "Cleanup", Time since last: 9001213995 ns, Reaching safepoint: 95923 ns, At safepoint: 7580 ns, Total: 103503 ns
[2021-04-18T11:48:56.156+0000][8][safepoint   ] Safepoint "Cleanup", Time since last: 1000141482 ns, Reaching safepoint: 149831 ns, At safepoint: 8057 ns, Total: 157888 ns
[2021-04-18T11:48:58.157+0000][8][safepoint   ] Safepoint "Cleanup", Time since last: 2000583090 ns, Reaching safepoint: 169546 ns, At safepoint: 7520 ns, Total: 177066 ns
[2021-04-18T11:48:59.157+0000][8][safepoint   ] Safepoint "Cleanup", Time since last: 1000172723 ns, Reaching safepoint: 130404 ns, At safepoint: 10077 ns, Total: 140481 ns
[2021-04-18T11:49:00.158+0000][8][safepoint   ] Safepoint "Cleanup", Time since last: 1000222628 ns, Reaching safepoint: 149644 ns, At safepoint: 5622 ns, Total: 155266 ns
[2021-04-18T11:49:01.158+0000][8][safepoint   ] Safepoint "Cleanup", Time since last: 1000224068 ns, Reaching safepoint: 162993 ns, At safepoint: 5588 ns, Total: 168581 ns
[2021-04-18T11:49:07.159+0000][8][safepoint   ] Safepoint "Cleanup", Time since last: 6000779150 ns, Reaching safepoint: 124169 ns, At safepoint: 8807 ns, Total: 132976 ns
[2021-04-18T11:49:09.874+0000][8][gc,start    ] GC(62) Pause Young (Normal) (G1 Evacuation Pause)
[2021-04-18T11:49:09.874+0000][8][gc,task     ] GC(62) Using 6 workers of 8 for evacuation
[2021-04-18T11:49:09.874+0000][8][gc,age      ] GC(62) Desired survivor size 6291456 bytes, new threshold 7 (max threshold 15)
[2021-04-18T11:49:09.880+0000][8][gc,age      ] GC(62) Age table with threshold 7 (max threshold 15)
[2021-04-18T11:49:09.880+0000][8][gc,age      ] GC(62) - age   1:     711888 bytes,     711888 total
[2021-04-18T11:49:09.880+0000][8][gc,age      ] GC(62) - age   2:     333472 bytes,    1045360 total
[2021-04-18T11:49:09.880+0000][8][gc,age      ] GC(62) - age   3:     309672 bytes,    1355032 total
[2021-04-18T11:49:09.880+0000][8][gc,age      ] GC(62) - age   4:     333288 bytes,    1688320 total
[2021-04-18T11:49:09.880+0000][8][gc,age      ] GC(62) - age   5:     230000 bytes,    1918320 total
[2021-04-18T11:49:09.880+0000][8][gc,age      ] GC(62) - age   6:     334448 bytes,    2252768 total
[2021-04-18T11:49:09.880+0000][8][gc,age      ] GC(62) - age   7:    3610928 bytes,    5863696 total
[2021-04-18T11:49:09.880+0000][8][gc,phases   ] GC(62)   Pre Evacuate Collection Set: 0.0ms
[2021-04-18T11:49:09.880+0000][8][gc,phases   ] GC(62)   Merge Heap Roots: 0.1ms
[2021-04-18T11:49:09.880+0000][8][gc,phases   ] GC(62)   Evacuate Collection Set: 4.8ms
[2021-04-18T11:49:09.880+0000][8][gc,phases   ] GC(62)   Post Evacuate Collection Set: 1.0ms
[2021-04-18T11:49:09.880+0000][8][gc,phases   ] GC(62)   Other: 0.3ms
[2021-04-18T11:49:09.880+0000][8][gc,heap     ] GC(62) Eden regions: 21->0(21)
[2021-04-18T11:49:09.880+0000][8][gc,heap     ] GC(62) Survivor regions: 2->2(3)
[2021-04-18T11:49:09.880+0000][8][gc,heap     ] GC(62) Old regions: 25->25
[2021-04-18T11:49:09.880+0000][8][gc,heap     ] GC(62) Archive regions: 2->2
[2021-04-18T11:49:09.880+0000][8][gc,heap     ] GC(62) Humongous regions: 2->2
[2021-04-18T11:49:09.880+0000][8][gc,metaspace] GC(62) Metaspace: 108347K(112676K)->108347K(112676K) NonClass: 94172K(97112K)->94172K(97112K) Class: 14174K(15564K)->14174K(15564K)
[2021-04-18T11:49:09.880+0000][8][gc          ] GC(62) Pause Young (Normal) (G1 Evacuation Pause) 199M->115M(256M) 6.217ms
[2021-04-18T11:49:09.880+0000][8][gc,cpu      ] GC(62) User=0.03s Sys=0.00s Real=0.01s
[2021-04-18T11:49:09.880+0000][8][safepoint   ] Safepoint "G1CollectForAllocation", Time since last: 2714325046 ns, Reaching safepoint: 108354 ns, At safepoint: 6317140 ns, Total: 6425494 ns
[2021-04-18T11:49:10.119+0000][8][safepoint   ] Safepoint "ICBufferFull", Time since last: 238478066 ns, Reaching safepoint: 211133 ns, At safepoint: 10488 ns, Total: 221621 ns
[2021-04-18T11:49:11.119+0000][8][safepoint   ] Safepoint "Cleanup", Time since last: 1000255168 ns, Reaching safepoint: 160594 ns, At safepoint: 9767 ns, Total: 170361 ns
[2021-04-18T11:49:28.121+0000][8][safepoint   ] Safepoint "Cleanup", Time since last: 17001918716 ns, Reaching safepoint: 78516 ns, At safepoint: 5726 ns, Total: 84242 ns
[2021-04-18T11:49:31.121+0000][8][safepoint   ] Safepoint "Cleanup", Time since last: 3000339892 ns, Reaching safepoint: 88767 ns, At safepoint: 7712 ns, Total: 96479 ns
[2021-04-18T11:49:37.122+0000][8][safepoint   ] Safepoint "Cleanup", Time since last: 6000438643 ns, Reaching safepoint: 115061 ns, At safepoint: 6871 ns, Total: 121932 ns
[2021-04-18T11:49:46.123+0000][8][safepoint   ] Safepoint "Cleanup", Time since last: 9000854088 ns, Reaching safepoint: 88517 ns, At safepoint: 4887 ns, Total: 93404 ns
[2021-04-18T11:49:47.123+0000][8][safepoint   ] Safepoint "Cleanup", Time since last: 1000105792 ns, Reaching safepoint: 129991 ns, At safepoint: 6732 ns, Total: 136723 ns
[2021-04-18T11:49:50.124+0000][8][safepoint   ] Safepoint "Cleanup", Time since last: 3000371425 ns, Reaching safepoint: 104479 ns, At safepoint: 7097 ns, Total: 111576 ns
[2021-04-18T11:49:52.124+0000][8][safepoint   ] Safepoint "Cleanup", Time since last: 2000425558 ns, Reaching safepoint: 176219 ns, At safepoint: 6145 ns, Total: 182364 ns
[2021-04-18T11:49:55.014+0000][8][gc,start    ] GC(63) Pause Young (Concurrent Start) (G1 Evacuation Pause)
[2021-04-18T11:49:55.014+0000][8][gc,task     ] GC(63) Using 6 workers of 8 for evacuation
[2021-04-18T11:49:55.014+0000][8][gc,age      ] GC(63) Desired survivor size 6291456 bytes, new threshold 15 (max threshold 15)
[2021-04-18T11:49:55.019+0000][8][gc,age      ] GC(63) Age table with threshold 15 (max threshold 15)
[2021-04-18T11:49:55.019+0000][8][gc,age      ] GC(63) - age   1:     796696 bytes,     796696 total
[2021-04-18T11:49:55.019+0000][8][gc,age      ] GC(63) - age   2:      85176 bytes,     881872 total
[2021-04-18T11:49:55.019+0000][8][gc,age      ] GC(63) - age   3:      27200 bytes,     909072 total
[2021-04-18T11:49:55.019+0000][8][gc,age      ] GC(63) - age   4:       5624 bytes,     914696 total
[2021-04-18T11:49:55.019+0000][8][gc,age      ] GC(63) - age   5:      31552 bytes,     946248 total
[2021-04-18T11:49:55.019+0000][8][gc,age      ] GC(63) - age   6:     229840 bytes,    1176088 total
[2021-04-18T11:49:55.019+0000][8][gc,age      ] GC(63) - age   7:     334248 bytes,    1510336 total
[2021-04-18T11:49:55.019+0000][8][gc,age      ] GC(63) - age   8:    3610888 bytes,    5121224 total
[2021-04-18T11:49:55.019+0000][8][gc,phases   ] GC(63)   Pre Evacuate Collection Set: 0.1ms
[2021-04-18T11:49:55.019+0000][8][gc,phases   ] GC(63)   Merge Heap Roots: 0.0ms
[2021-04-18T11:49:55.019+0000][8][gc,phases   ] GC(63)   Evacuate Collection Set: 3.5ms
[2021-04-18T11:49:55.019+0000][8][gc,phases   ] GC(63)   Post Evacuate Collection Set: 0.5ms
[2021-04-18T11:49:55.019+0000][8][gc,phases   ] GC(63)   Other: 0.3ms
[2021-04-18T11:49:55.019+0000][8][gc,heap     ] GC(63) Eden regions: 21->0(21)
[2021-04-18T11:49:55.019+0000][8][gc,heap     ] GC(63) Survivor regions: 2->2(3)
[2021-04-18T11:49:55.019+0000][8][gc,heap     ] GC(63) Old regions: 25->25
[2021-04-18T11:49:55.019+0000][8][gc,heap     ] GC(63) Archive regions: 2->2
[2021-04-18T11:49:55.019+0000][8][gc,heap     ] GC(63) Humongous regions: 2->2
[2021-04-18T11:49:55.019+0000][8][gc,metaspace] GC(63) Metaspace: 108471K(112676K)->108471K(112676K) NonClass: 94296K(97112K)->94296K(97112K) Class: 14174K(15564K)->14174K(15564K)
[2021-04-18T11:49:55.019+0000][8][gc          ] GC(63) Pause Young (Concurrent Start) (G1 Evacuation Pause) 199M->115M(256M) 4.578ms
[2021-04-18T11:49:55.019+0000][8][gc,cpu      ] GC(63) User=0.02s Sys=0.00s Real=0.01s
[2021-04-18T11:49:55.019+0000][8][gc          ] GC(64) Concurrent Cycle
[2021-04-18T11:49:55.019+0000][8][safepoint   ] Safepoint "G1CollectForAllocation", Time since last: 2889799571 ns, Reaching safepoint: 170652 ns, At safepoint: 4671671 ns, Total: 4842323 ns
[2021-04-18T11:49:55.019+0000][8][gc,marking  ] GC(64) Concurrent Clear Claimed Marks
[2021-04-18T11:49:55.019+0000][8][gc,marking  ] GC(64) Concurrent Clear Claimed Marks 0.098ms
[2021-04-18T11:49:55.019+0000][8][gc,marking  ] GC(64) Concurrent Scan Root Regions
[2021-04-18T11:49:55.023+0000][8][gc,marking  ] GC(64) Concurrent Scan Root Regions 3.567ms
[2021-04-18T11:49:55.023+0000][8][gc,marking  ] GC(64) Concurrent Mark (979.556s)
[2021-04-18T11:49:55.023+0000][8][gc,marking  ] GC(64) Concurrent Mark From Roots
[2021-04-18T11:49:55.023+0000][8][gc,task     ] GC(64) Using 2 workers of 2 for marking
[2021-04-18T11:49:55.101+0000][8][gc,marking  ] GC(64) Concurrent Mark From Roots 78.610ms
[2021-04-18T11:49:55.101+0000][8][gc,marking  ] GC(64) Concurrent Preclean
[2021-04-18T11:49:55.101+0000][8][gc,marking  ] GC(64) Concurrent Preclean 0.204ms
[2021-04-18T11:49:55.101+0000][8][gc,marking  ] GC(64) Concurrent Mark (979.556s, 979.635s) 78.858ms
[2021-04-18T11:49:55.102+0000][8][gc,start    ] GC(64) Pause Remark
[2021-04-18T11:49:55.107+0000][8][gc          ] GC(64) Pause Remark 117M->117M(256M) 5.577ms
[2021-04-18T11:49:55.107+0000][8][gc,cpu      ] GC(64) User=0.03s Sys=0.00s Real=0.00s
[2021-04-18T11:49:55.107+0000][8][safepoint   ] Safepoint "G1Concurrent", Time since last: 82626986 ns, Reaching safepoint: 86446 ns, At safepoint: 5655420 ns, Total: 5741866 ns
[2021-04-18T11:49:55.107+0000][8][gc,marking  ] GC(64) Concurrent Rebuild Remembered Sets
[2021-04-18T11:49:55.162+0000][8][gc,marking  ] GC(64) Concurrent Rebuild Remembered Sets 54.484ms
[2021-04-18T11:49:55.162+0000][8][gc,start    ] GC(64) Pause Cleanup
[2021-04-18T11:49:55.162+0000][8][gc          ] GC(64) Pause Cleanup 117M->117M(256M) 0.059ms
[2021-04-18T11:49:55.162+0000][8][gc,cpu      ] GC(64) User=0.00s Sys=0.00s Real=0.00s
[2021-04-18T11:49:55.162+0000][8][safepoint   ] Safepoint "G1Concurrent", Time since last: 54595418 ns, Reaching safepoint: 80139 ns, At safepoint: 95066 ns, Total: 175205 ns
[2021-04-18T11:49:55.162+0000][8][gc,marking  ] GC(64) Concurrent Cleanup for Next Mark
[2021-04-18T11:49:55.162+0000][8][gc,marking  ] GC(64) Concurrent Cleanup for Next Mark 0.136ms
[2021-04-18T11:49:55.162+0000][8][gc          ] GC(64) Concurrent Cycle 143.373ms
[2021-04-18T11:49:57.163+0000][8][safepoint   ] Safepoint "Cleanup", Time since last: 2000484591 ns, Reaching safepoint: 176932 ns, At safepoint: 7796 ns, Total: 184728 ns
[2021-04-18T11:49:58.163+0000][8][safepoint   ] Safepoint "Cleanup", Time since last: 1000105413 ns, Reaching safepoint: 130582 ns, At safepoint: 5527 ns, Total: 136109 ns
[2021-04-18T11:50:19.166+0000][8][safepoint   ] Safepoint "Cleanup", Time since last: 21003100649 ns, Reaching safepoint: 129425 ns, At safepoint: 7603 ns, Total: 137028 ns
[2021-04-18T11:50:20.166+0000][8][safepoint   ] Safepoint "Cleanup", Time since last: 1000094134 ns, Reaching safepoint: 95945 ns, At safepoint: 8423 ns, Total: 104368 ns
[2021-04-18T11:50:22.167+0000][8][safepoint   ] Safepoint "Cleanup", Time since last: 2000318286 ns, Reaching safepoint: 138575 ns, At safepoint: 7099 ns, Total: 145674 ns
[2021-04-18T11:50:25.167+0000][8][safepoint   ] Safepoint "Cleanup", Time since last: 3000413135 ns, Reaching safepoint: 107113 ns, At safepoint: 6252 ns, Total: 113365 ns
[2021-04-18T11:50:27.168+0000][8][safepoint   ] Safepoint "Cleanup", Time since last: 2000206270 ns, Reaching safepoint: 113005 ns, At safepoint: 7162 ns, Total: 120167 ns
[2021-04-18T11:50:34.169+0000][8][safepoint   ] Safepoint "Cleanup", Time since last: 7001019803 ns, Reaching safepoint: 103119 ns, At safepoint: 6566 ns, Total: 109685 ns
[2021-04-18T11:50:40.170+0000][8][safepoint   ] Safepoint "Cleanup", Time since last: 6000896502 ns, Reaching safepoint: 198414 ns, At safepoint: 8407 ns, Total: 206821 ns
[2021-04-18T11:50:42.170+0000][8][safepoint   ] Safepoint "Cleanup", Time since last: 2000289653 ns, Reaching safepoint: 174645 ns, At safepoint: 7537 ns, Total: 182182 ns
[2021-04-18T11:50:49.171+0000][8][safepoint   ] Safepoint "Cleanup", Time since last: 7000860737 ns, Reaching safepoint: 88375 ns, At safepoint: 6768 ns, Total: 95143 ns
[2021-04-18T11:50:50.172+0000][8][safepoint   ] Safepoint "Cleanup", Time since last: 1000257969 ns, Reaching safepoint: 103097 ns, At safepoint: 7755 ns, Total: 110852 ns
[2021-04-18T11:50:54.172+0000][8][safepoint   ] Safepoint "Cleanup", Time since last: 4000290828 ns, Reaching safepoint: 115315 ns, At safepoint: 9358 ns, Total: 124673 ns
[2021-04-18T11:50:55.173+0000][8][safepoint   ] Safepoint "Cleanup", Time since last: 1000175213 ns, Reaching safepoint: 170091 ns, At safepoint: 4737 ns, Total: 174828 ns
[2021-04-18T11:50:57.173+0000][8][safepoint   ] Safepoint "Cleanup", Time since last: 2000374357 ns, Reaching safepoint: 80487 ns, At safepoint: 5637 ns, Total: 86124 ns
[2021-04-18T11:50:58.173+0000][8][safepoint   ] Safepoint "Cleanup", Time since last: 1000189445 ns, Reaching safepoint: 163702 ns, At safepoint: 8327 ns, Total: 172029 ns
[2021-04-18T11:51:00.859+0000][8][gc,start    ] GC(65) Pause Young (Normal) (G1 Evacuation Pause)
[2021-04-18T11:51:00.859+0000][8][gc,task     ] GC(65) Using 6 workers of 8 for evacuation
[2021-04-18T11:51:00.859+0000][8][gc,age      ] GC(65) Desired survivor size 6291456 bytes, new threshold 15 (max threshold 15)
[2021-04-18T11:51:00.863+0000][8][gc,age      ] GC(65) Age table with threshold 15 (max threshold 15)
[2021-04-18T11:51:00.863+0000][8][gc,age      ] GC(65) - age   1:     480568 bytes,     480568 total
[2021-04-18T11:51:00.863+0000][8][gc,age      ] GC(65) - age   2:     640192 bytes,    1120760 total
[2021-04-18T11:51:00.863+0000][8][gc,age      ] GC(65) - age   3:      84280 bytes,    1205040 total
[2021-04-18T11:51:00.863+0000][8][gc,age      ] GC(65) - age   4:      26448 bytes,    1231488 total
[2021-04-18T11:51:00.863+0000][8][gc,age      ] GC(65) - age   5:       2968 bytes,    1234456 total
[2021-04-18T11:51:00.863+0000][8][gc,age      ] GC(65) - age   6:      31024 bytes,    1265480 total
[2021-04-18T11:51:00.863+0000][8][gc,age      ] GC(65) - age   7:     229656 bytes,    1495136 total
[2021-04-18T11:51:00.863+0000][8][gc,age      ] GC(65) - age   8:     333600 bytes,    1828736 total
[2021-04-18T11:51:00.863+0000][8][gc,age      ] GC(65) - age   9:    3610792 bytes,    5439528 total
[2021-04-18T11:51:00.863+0000][8][gc,phases   ] GC(65)   Pre Evacuate Collection Set: 0.1ms
[2021-04-18T11:51:00.863+0000][8][gc,phases   ] GC(65)   Merge Heap Roots: 0.1ms
[2021-04-18T11:51:00.863+0000][8][gc,phases   ] GC(65)   Evacuate Collection Set: 3.5ms
[2021-04-18T11:51:00.863+0000][8][gc,phases   ] GC(65)   Post Evacuate Collection Set: 0.5ms
[2021-04-18T11:51:00.863+0000][8][gc,phases   ] GC(65)   Other: 0.2ms
[2021-04-18T11:51:00.863+0000][8][gc,heap     ] GC(65) Eden regions: 21->0(21)
[2021-04-18T11:51:00.863+0000][8][gc,heap     ] GC(65) Survivor regions: 2->2(3)
[2021-04-18T11:51:00.863+0000][8][gc,heap     ] GC(65) Old regions: 25->25
[2021-04-18T11:51:00.864+0000][8][gc,heap     ] GC(65) Archive regions: 2->2
[2021-04-18T11:51:00.864+0000][8][gc,heap     ] GC(65) Humongous regions: 2->2
[2021-04-18T11:51:00.864+0000][8][gc,metaspace] GC(65) Metaspace: 108548K(112932K)->108548K(112932K) NonClass: 94373K(97368K)->94373K(97368K) Class: 14174K(15564K)->14174K(15564K)
[2021-04-18T11:51:00.864+0000][8][gc          ] GC(65) Pause Young (Normal) (G1 Evacuation Pause) 199M->115M(256M) 4.354ms
[2021-04-18T11:51:00.864+0000][8][gc,cpu      ] GC(65) User=0.03s Sys=0.00s Real=0.00s
[2021-04-18T11:51:00.864+0000][8][safepoint   ] Safepoint "G1CollectForAllocation", Time since last: 2685654255 ns, Reaching safepoint: 161888 ns, At safepoint: 4421466 ns, Total: 4583354 ns
[2021-04-18T11:51:01.864+0000][8][safepoint   ] Safepoint "Cleanup", Time since last: 1000077892 ns, Reaching safepoint: 118370 ns, At safepoint: 6662 ns, Total: 125032 ns
[2021-04-18T11:51:04.864+0000][8][safepoint   ] Safepoint "Cleanup", Time since last: 3000473135 ns, Reaching safepoint: 125554 ns, At safepoint: 20180 ns, Total: 145734 ns
[2021-04-18T11:51:09.865+0000][8][safepoint   ] Safepoint "Cleanup", Time since last: 5000926169 ns, Reaching safepoint: 108512 ns, At safepoint: 9118 ns, Total: 117630 ns
[2021-04-18T11:51:10.866+0000][8][safepoint   ] Safepoint "Cleanup", Time since last: 1000168924 ns, Reaching safepoint: 105896 ns, At safepoint: 6355 ns, Total: 112251 ns
[2021-04-18T11:51:13.866+0000][8][safepoint   ] Safepoint "Cleanup", Time since last: 3000303017 ns, Reaching safepoint: 94219 ns, At safepoint: 7108 ns, Total: 101327 ns
[2021-04-18T11:51:15.866+0000][8][safepoint   ] Safepoint "Cleanup", Time since last: 2000141303 ns, Reaching safepoint: 100913 ns, At safepoint: 6940 ns, Total: 107853 ns
[2021-04-18T11:51:24.868+0000][8][safepoint   ] Safepoint "Cleanup", Time since last: 9001106180 ns, Reaching safepoint: 89557 ns, At safepoint: 5865 ns, Total: 95422 ns
[2021-04-18T11:51:42.870+0000][8][safepoint   ] Safepoint "Cleanup", Time since last: 18002446193 ns, Reaching safepoint: 141250 ns, At safepoint: 6345 ns, Total: 147595 ns
[2021-04-18T11:51:43.871+0000][8][safepoint   ] Safepoint "Cleanup", Time since last: 1000470376 ns, Reaching safepoint: 122070 ns, At safepoint: 5580 ns, Total: 127650 ns
[2021-04-18T11:51:44.871+0000][8][safepoint   ] Safepoint "Cleanup", Time since last: 1000091274 ns, Reaching safepoint: 87260 ns, At safepoint: 6436 ns, Total: 93696 ns
[2021-04-18T11:51:52.874+0000][8][safepoint   ] Safepoint "Cleanup", Time since last: 8002426303 ns, Reaching safepoint: 160032 ns, At safepoint: 7484 ns, Total: 167516 ns
[2021-04-18T11:51:55.875+0000][8][safepoint   ] Safepoint "Cleanup", Time since last: 3000854387 ns, Reaching safepoint: 163520 ns, At safepoint: 7340 ns, Total: 170860 ns
[2021-04-18T11:51:58.875+0000][8][safepoint   ] Safepoint "Cleanup", Time since last: 3000693974 ns, Reaching safepoint: 172886 ns, At safepoint: 9057 ns, Total: 181943 ns
[2021-04-18T11:51:59.876+0000][8][safepoint   ] Safepoint "Cleanup", Time since last: 1000618484 ns, Reaching safepoint: 130925 ns, At safepoint: 6394 ns, Total: 137319 ns
[2021-04-18T11:52:04.878+0000][8][safepoint   ] Safepoint "Cleanup", Time since last: 5001305483 ns, Reaching safepoint: 194905 ns, At safepoint: 7297 ns, Total: 202202 ns
[2021-04-18T11:52:05.472+0000][8][gc,start    ] GC(66) Pause Young (Concurrent Start) (G1 Evacuation Pause)
[2021-04-18T11:52:05.473+0000][8][gc,task     ] GC(66) Using 6 workers of 8 for evacuation
[2021-04-18T11:52:05.473+0000][8][gc,age      ] GC(66) Desired survivor size 6291456 bytes, new threshold 15 (max threshold 15)
[2021-04-18T11:52:05.477+0000][8][gc,age      ] GC(66) Age table with threshold 15 (max threshold 15)
[2021-04-18T11:52:05.477+0000][8][gc,age      ] GC(66) - age   1:     502240 bytes,     502240 total
[2021-04-18T11:52:05.477+0000][8][gc,age      ] GC(66) - age   2:     320232 bytes,     822472 total
[2021-04-18T11:52:05.477+0000][8][gc,age      ] GC(66) - age   3:     639304 bytes,    1461776 total
[2021-04-18T11:52:05.477+0000][8][gc,age      ] GC(66) - age   4:      64136 bytes,    1525912 total
[2021-04-18T11:52:05.477+0000][8][gc,age      ] GC(66) - age   5:      26352 bytes,    1552264 total
[2021-04-18T11:52:05.477+0000][8][gc,age      ] GC(66) - age   6:       2968 bytes,    1555232 total
[2021-04-18T11:52:05.477+0000][8][gc,age      ] GC(66) - age   7:      30672 bytes,    1585904 total
[2021-04-18T11:52:05.477+0000][8][gc,age      ] GC(66) - age   8:     229656 bytes,    1815560 total
[2021-04-18T11:52:05.477+0000][8][gc,age      ] GC(66) - age   9:     333600 bytes,    2149160 total
[2021-04-18T11:52:05.477+0000][8][gc,age      ] GC(66) - age  10:    3610552 bytes,    5759712 total
[2021-04-18T11:52:05.477+0000][8][gc,phases   ] GC(66)   Pre Evacuate Collection Set: 0.1ms
[2021-04-18T11:52:05.477+0000][8][gc,phases   ] GC(66)   Merge Heap Roots: 0.0ms
[2021-04-18T11:52:05.477+0000][8][gc,phases   ] GC(66)   Evacuate Collection Set: 3.4ms
[2021-04-18T11:52:05.477+0000][8][gc,phases   ] GC(66)   Post Evacuate Collection Set: 0.6ms
[2021-04-18T11:52:05.477+0000][8][gc,phases   ] GC(66)   Other: 0.2ms
[2021-04-18T11:52:05.477+0000][8][gc,heap     ] GC(66) Eden regions: 21->0(21)
[2021-04-18T11:52:05.477+0000][8][gc,heap     ] GC(66) Survivor regions: 2->2(3)
[2021-04-18T11:52:05.477+0000][8][gc,heap     ] GC(66) Old regions: 25->25
[2021-04-18T11:52:05.477+0000][8][gc,heap     ] GC(66) Archive regions: 2->2
[2021-04-18T11:52:05.477+0000][8][gc,heap     ] GC(66) Humongous regions: 2->2
[2021-04-18T11:52:05.477+0000][8][gc,metaspace] GC(66) Metaspace: 108676K(112932K)->108676K(112932K) NonClass: 94501K(97368K)->94501K(97368K) Class: 14174K(15564K)->14174K(15564K)
[2021-04-18T11:52:05.477+0000][8][gc          ] GC(66) Pause Young (Concurrent Start) (G1 Evacuation Pause) 199M->115M(256M) 4.474ms
[2021-04-18T11:52:05.477+0000][8][gc,cpu      ] GC(66) User=0.02s Sys=0.00s Real=0.00s
[2021-04-18T11:52:05.477+0000][8][gc          ] GC(67) Concurrent Cycle
[2021-04-18T11:52:05.477+0000][8][safepoint   ] Safepoint "G1CollectForAllocation", Time since last: 594579881 ns, Reaching safepoint: 162506 ns, At safepoint: 4549394 ns, Total: 4711900 ns
[2021-04-18T11:52:05.477+0000][8][gc,marking  ] GC(67) Concurrent Clear Claimed Marks
[2021-04-18T11:52:05.477+0000][8][gc,marking  ] GC(67) Concurrent Clear Claimed Marks 0.088ms
[2021-04-18T11:52:05.477+0000][8][gc,marking  ] GC(67) Concurrent Scan Root Regions
[2021-04-18T11:52:05.480+0000][8][gc,marking  ] GC(67) Concurrent Scan Root Regions 2.705ms
[2021-04-18T11:52:05.480+0000][8][gc,marking  ] GC(67) Concurrent Mark (1110.014s)
[2021-04-18T11:52:05.480+0000][8][gc,marking  ] GC(67) Concurrent Mark From Roots
[2021-04-18T11:52:05.480+0000][8][gc,task     ] GC(67) Using 2 workers of 2 for marking
[2021-04-18T11:52:05.559+0000][8][gc,marking  ] GC(67) Concurrent Mark From Roots 79.115ms
[2021-04-18T11:52:05.559+0000][8][gc,marking  ] GC(67) Concurrent Preclean
[2021-04-18T11:52:05.559+0000][8][gc,marking  ] GC(67) Concurrent Preclean 0.239ms
[2021-04-18T11:52:05.559+0000][8][gc,marking  ] GC(67) Concurrent Mark (1110.014s, 1110.093s) 79.404ms
[2021-04-18T11:52:05.559+0000][8][gc,start    ] GC(67) Pause Remark
[2021-04-18T11:52:05.564+0000][8][gc          ] GC(67) Pause Remark 116M->116M(256M) 5.100ms
[2021-04-18T11:52:05.564+0000][8][gc,cpu      ] GC(67) User=0.02s Sys=0.00s Real=0.00s
[2021-04-18T11:52:05.565+0000][8][safepoint   ] Safepoint "G1Concurrent", Time since last: 82259512 ns, Reaching safepoint: 90485 ns, At safepoint: 5199191 ns, Total: 5289676 ns
[2021-04-18T11:52:05.565+0000][8][gc,marking  ] GC(67) Concurrent Rebuild Remembered Sets
[2021-04-18T11:52:05.615+0000][8][gc,marking  ] GC(67) Concurrent Rebuild Remembered Sets 50.848ms
[2021-04-18T11:52:05.616+0000][8][gc,start    ] GC(67) Pause Cleanup
[2021-04-18T11:52:05.616+0000][8][gc          ] GC(67) Pause Cleanup 116M->116M(256M) 0.066ms
[2021-04-18T11:52:05.616+0000][8][gc,cpu      ] GC(67) User=0.00s Sys=0.00s Real=0.00s
[2021-04-18T11:52:05.616+0000][8][safepoint   ] Safepoint "G1Concurrent", Time since last: 50962612 ns, Reaching safepoint: 93440 ns, At safepoint: 105879 ns, Total: 199319 ns
[2021-04-18T11:52:05.616+0000][8][gc,marking  ] GC(67) Concurrent Cleanup for Next Mark
[2021-04-18T11:52:05.616+0000][8][gc,marking  ] GC(67) Concurrent Cleanup for Next Mark 0.170ms
[2021-04-18T11:52:05.616+0000][8][gc          ] GC(67) Concurrent Cycle 138.921ms
[2021-04-18T11:52:12.618+0000][8][safepoint   ] Safepoint "Cleanup", Time since last: 7002006875 ns, Reaching safepoint: 121752 ns, At safepoint: 8987 ns, Total: 130739 ns
[2021-04-18T11:52:13.618+0000][8][safepoint   ] Safepoint "Cleanup", Time since last: 1000267809 ns, Reaching safepoint: 194288 ns, At safepoint: 7355 ns, Total: 201643 ns
[2021-04-18T11:52:19.619+0000][8][safepoint   ] Safepoint "Cleanup", Time since last: 6000689707 ns, Reaching safepoint: 150684 ns, At safepoint: 8562 ns, Total: 159246 ns
[2021-04-18T11:52:26.620+0000][8][safepoint   ] Safepoint "Cleanup", Time since last: 7000775158 ns, Reaching safepoint: 127976 ns, At safepoint: 7705 ns, Total: 135681 ns
[2021-04-18T11:52:28.621+0000][8][safepoint   ] Safepoint "Cleanup", Time since last: 2000424136 ns, Reaching safepoint: 100370 ns, At safepoint: 3987 ns, Total: 104357 ns
[2021-04-18T11:52:34.621+0000][8][safepoint   ] Safepoint "Cleanup", Time since last: 6000697305 ns, Reaching safepoint: 100648 ns, At safepoint: 7532 ns, Total: 108180 ns
[2021-04-18T11:52:40.623+0000][8][safepoint   ] Safepoint "Cleanup", Time since last: 6001783907 ns, Reaching safepoint: 214132 ns, At safepoint: 7859 ns, Total: 221991 ns
[2021-04-18T11:52:43.624+0000][8][safepoint   ] Safepoint "Cleanup", Time since last: 3000722228 ns, Reaching safepoint: 142500 ns, At safepoint: 7988 ns, Total: 150488 ns
[2021-04-18T11:52:52.626+0000][8][safepoint   ] Safepoint "Cleanup", Time since last: 9001965747 ns, Reaching safepoint: 120289 ns, At safepoint: 6277 ns, Total: 126566 ns
[2021-04-18T11:52:55.627+0000][8][safepoint   ] Safepoint "Cleanup", Time since last: 3000605298 ns, Reaching safepoint: 99314 ns, At safepoint: 6363 ns, Total: 105677 ns
[2021-04-18T11:52:56.628+0000][8][safepoint   ] Safepoint "Cleanup", Time since last: 1000475634 ns, Reaching safepoint: 164140 ns, At safepoint: 8998 ns, Total: 173138 ns
[2021-04-18T11:52:58.629+0000][8][safepoint   ] Safepoint "Cleanup", Time since last: 2000919822 ns, Reaching safepoint: 123131 ns, At safepoint: 6121 ns, Total: 129252 ns
[2021-04-18T11:52:59.630+0000][8][safepoint   ] Safepoint "Cleanup", Time since last: 1000600902 ns, Reaching safepoint: 183635 ns, At safepoint: 7741 ns, Total: 191376 ns
[2021-04-18T11:53:00.959+0000][8][gc,start    ] GC(68) Pause Young (Normal) (G1 Evacuation Pause)
[2021-04-18T11:53:00.959+0000][8][gc,task     ] GC(68) Using 6 workers of 8 for evacuation
[2021-04-18T11:53:00.959+0000][8][gc,age      ] GC(68) Desired survivor size 6291456 bytes, new threshold 15 (max threshold 15)
[2021-04-18T11:53:00.963+0000][8][gc,age      ] GC(68) Age table with threshold 15 (max threshold 15)
[2021-04-18T11:53:00.963+0000][8][gc,age      ] GC(68) - age   1:     200712 bytes,     200712 total
[2021-04-18T11:53:00.963+0000][8][gc,age      ] GC(68) - age   2:       4560 bytes,     205272 total
[2021-04-18T11:53:00.963+0000][8][gc,age      ] GC(68) - age   3:      14240 bytes,     219512 total
[2021-04-18T11:53:00.963+0000][8][gc,age      ] GC(68) - age   4:     178288 bytes,     397800 total
[2021-04-18T11:53:00.963+0000][8][gc,age      ] GC(68) - age   5:      64136 bytes,     461936 total
[2021-04-18T11:53:00.963+0000][8][gc,age      ] GC(68) - age   6:      26352 bytes,     488288 total
[2021-04-18T11:53:00.963+0000][8][gc,age      ] GC(68) - age   7:       2792 bytes,     491080 total
[2021-04-18T11:53:00.963+0000][8][gc,age      ] GC(68) - age   8:      23016 bytes,     514096 total
[2021-04-18T11:53:00.963+0000][8][gc,age      ] GC(68) - age   9:      87480 bytes,     601576 total
[2021-04-18T11:53:00.963+0000][8][gc,age      ] GC(68) - age  10:     333600 bytes,     935176 total
[2021-04-18T11:53:00.963+0000][8][gc,age      ] GC(68) - age  11:    3610552 bytes,    4545728 total
[2021-04-18T11:53:00.963+0000][8][gc,phases   ] GC(68)   Pre Evacuate Collection Set: 0.1ms
[2021-04-18T11:53:00.963+0000][8][gc,phases   ] GC(68)   Merge Heap Roots: 0.1ms
[2021-04-18T11:53:00.963+0000][8][gc,phases   ] GC(68)   Evacuate Collection Set: 3.0ms
[2021-04-18T11:53:00.963+0000][8][gc,phases   ] GC(68)   Post Evacuate Collection Set: 0.6ms
[2021-04-18T11:53:00.963+0000][8][gc,phases   ] GC(68)   Other: 0.2ms
[2021-04-18T11:53:00.963+0000][8][gc,heap     ] GC(68) Eden regions: 21->0(21)
[2021-04-18T11:53:00.963+0000][8][gc,heap     ] GC(68) Survivor regions: 2->2(3)
[2021-04-18T11:53:00.963+0000][8][gc,heap     ] GC(68) Old regions: 25->25
[2021-04-18T11:53:00.963+0000][8][gc,heap     ] GC(68) Archive regions: 2->2
[2021-04-18T11:53:00.963+0000][8][gc,heap     ] GC(68) Humongous regions: 2->2
[2021-04-18T11:53:00.963+0000][8][gc,metaspace] GC(68) Metaspace: 108773K(112932K)->108773K(112932K) NonClass: 94597K(97368K)->94597K(97368K) Class: 14176K(15564K)->14176K(15564K)
[2021-04-18T11:53:00.963+0000][8][gc          ] GC(68) Pause Young (Normal) (G1 Evacuation Pause) 199M->114M(256M) 4.011ms
[2021-04-18T11:53:00.963+0000][8][gc,cpu      ] GC(68) User=0.02s Sys=0.00s Real=0.00s
[2021-04-18T11:53:00.963+0000][8][safepoint   ] Safepoint "G1CollectForAllocation", Time since last: 1329432804 ns, Reaching safepoint: 164755 ns, At safepoint: 4079494 ns, Total: 4244249 ns
[2021-04-18T11:53:06.965+0000][8][safepoint   ] Safepoint "Cleanup", Time since last: 6001589160 ns, Reaching safepoint: 123694 ns, At safepoint: 6280 ns, Total: 129974 ns
[2021-04-18T11:53:09.966+0000][8][safepoint   ] Safepoint "Cleanup", Time since last: 3000580778 ns, Reaching safepoint: 142960 ns, At safepoint: 7673 ns, Total: 150633 ns
[2021-04-18T11:53:21.968+0000][8][safepoint   ] Safepoint "Cleanup", Time since last: 12002419455 ns, Reaching safepoint: 119123 ns, At safepoint: 6578 ns, Total: 125701 ns
[2021-04-18T11:53:25.969+0000][8][safepoint   ] Safepoint "Cleanup", Time since last: 4000324884 ns, Reaching safepoint: 125995 ns, At safepoint: 11183 ns, Total: 137178 ns
[2021-04-18T11:53:30.970+0000][8][safepoint   ] Safepoint "Cleanup", Time since last: 5000725553 ns, Reaching safepoint: 131550 ns, At safepoint: 5846 ns, Total: 137396 ns
[2021-04-18T11:53:51.973+0000][8][safepoint   ] Safepoint "Cleanup", Time since last: 21002843021 ns, Reaching safepoint: 169531 ns, At safepoint: 6129 ns, Total: 175660 ns
[2021-04-18T11:53:55.377+0000][8][safepoint   ] Safepoint "ICBufferFull", Time since last: 3404248046 ns, Reaching safepoint: 244851 ns, At safepoint: 14233 ns, Total: 259084 ns
[2021-04-18T11:53:55.569+0000][8][gc,start    ] GC(69) Pause Young (Concurrent Start) (G1 Evacuation Pause)
[2021-04-18T11:53:55.569+0000][8][gc,task     ] GC(69) Using 6 workers of 8 for evacuation
[2021-04-18T11:53:55.569+0000][8][gc,age      ] GC(69) Desired survivor size 6291456 bytes, new threshold 15 (max threshold 15)
[2021-04-18T11:53:55.576+0000][8][gc,age      ] GC(69) Age table with threshold 15 (max threshold 15)
[2021-04-18T11:53:55.576+0000][8][gc,age      ] GC(69) - age   1:     376568 bytes,     376568 total
[2021-04-18T11:53:55.576+0000][8][gc,age      ] GC(69) - age   2:     171344 bytes,     547912 total
[2021-04-18T11:53:55.576+0000][8][gc,age      ] GC(69) - age   3:       4120 bytes,     552032 total
[2021-04-18T11:53:55.576+0000][8][gc,age      ] GC(69) - age   4:      13824 bytes,     565856 total
[2021-04-18T11:53:55.576+0000][8][gc,age      ] GC(69) - age   5:     178048 bytes,     743904 total
[2021-04-18T11:53:55.576+0000][8][gc,age      ] GC(69) - age   6:      64096 bytes,     808000 total
[2021-04-18T11:53:55.576+0000][8][gc,age      ] GC(69) - age   7:      26352 bytes,     834352 total
[2021-04-18T11:53:55.576+0000][8][gc,age      ] GC(69) - age   8:       2792 bytes,     837144 total
[2021-04-18T11:53:55.576+0000][8][gc,age      ] GC(69) - age   9:      23016 bytes,     860160 total
[2021-04-18T11:53:55.576+0000][8][gc,age      ] GC(69) - age  10:      87352 bytes,     947512 total
[2021-04-18T11:53:55.576+0000][8][gc,age      ] GC(69) - age  11:     217264 bytes,    1164776 total
[2021-04-18T11:53:55.576+0000][8][gc,age      ] GC(69) - age  12:    3609840 bytes,    4774616 total
[2021-04-18T11:53:55.576+0000][8][gc,phases   ] GC(69)   Pre Evacuate Collection Set: 0.4ms
[2021-04-18T11:53:55.576+0000][8][gc,phases   ] GC(69)   Merge Heap Roots: 0.1ms
[2021-04-18T11:53:55.576+0000][8][gc,phases   ] GC(69)   Evacuate Collection Set: 5.3ms
[2021-04-18T11:53:55.576+0000][8][gc,phases   ] GC(69)   Post Evacuate Collection Set: 0.6ms
[2021-04-18T11:53:55.576+0000][8][gc,phases   ] GC(69)   Other: 0.5ms
[2021-04-18T11:53:55.576+0000][8][gc,heap     ] GC(69) Eden regions: 21->0(21)
[2021-04-18T11:53:55.576+0000][8][gc,heap     ] GC(69) Survivor regions: 2->2(3)
[2021-04-18T11:53:55.576+0000][8][gc,heap     ] GC(69) Old regions: 25->25
[2021-04-18T11:53:55.576+0000][8][gc,heap     ] GC(69) Archive regions: 2->2
[2021-04-18T11:53:55.576+0000][8][gc,heap     ] GC(69) Humongous regions: 2->2
[2021-04-18T11:53:55.576+0000][8][gc,metaspace] GC(69) Metaspace: 108851K(113188K)->108851K(113188K) NonClass: 94674K(97624K)->94674K(97624K) Class: 14176K(15564K)->14176K(15564K)
[2021-04-18T11:53:55.576+0000][8][gc          ] GC(69) Pause Young (Concurrent Start) (G1 Evacuation Pause) 198M->114M(256M) 6.820ms
[2021-04-18T11:53:55.576+0000][8][gc,cpu      ] GC(69) User=0.03s Sys=0.01s Real=0.00s
[2021-04-18T11:53:55.576+0000][8][gc          ] GC(70) Concurrent Cycle
[2021-04-18T11:53:55.576+0000][8][gc,marking  ] GC(70) Concurrent Clear Claimed Marks
[2021-04-18T11:53:55.576+0000][8][safepoint   ] Safepoint "G1CollectForAllocation", Time since last: 191735673 ns, Reaching safepoint: 166302 ns, At safepoint: 7050284 ns, Total: 7216586 ns
[2021-04-18T11:53:55.576+0000][8][gc,marking  ] GC(70) Concurrent Clear Claimed Marks 0.209ms
[2021-04-18T11:53:55.576+0000][8][gc,marking  ] GC(70) Concurrent Scan Root Regions
[2021-04-18T11:53:55.580+0000][8][gc,marking  ] GC(70) Concurrent Scan Root Regions 3.768ms
[2021-04-18T11:53:55.580+0000][8][gc,marking  ] GC(70) Concurrent Mark (1220.114s)
[2021-04-18T11:53:55.580+0000][8][gc,marking  ] GC(70) Concurrent Mark From Roots
[2021-04-18T11:53:55.580+0000][8][gc,task     ] GC(70) Using 2 workers of 2 for marking
[2021-04-18T11:53:55.691+0000][8][gc,marking  ] GC(70) Concurrent Mark From Roots 111.211ms
[2021-04-18T11:53:55.691+0000][8][gc,marking  ] GC(70) Concurrent Preclean
[2021-04-18T11:53:55.692+0000][8][gc,marking  ] GC(70) Concurrent Preclean 0.260ms
[2021-04-18T11:53:55.692+0000][8][gc,marking  ] GC(70) Concurrent Mark (1220.114s, 1220.225s) 111.534ms
[2021-04-18T11:53:55.692+0000][8][gc,start    ] GC(70) Pause Remark
[2021-04-18T11:53:55.698+0000][8][gc          ] GC(70) Pause Remark 128M->128M(256M) 6.479ms
[2021-04-18T11:53:55.698+0000][8][gc,cpu      ] GC(70) User=0.04s Sys=0.00s Real=0.01s
[2021-04-18T11:53:55.698+0000][8][safepoint   ] Safepoint "G1Concurrent", Time since last: 115578304 ns, Reaching safepoint: 107260 ns, At safepoint: 6578460 ns, Total: 6685720 ns
[2021-04-18T11:53:55.698+0000][8][gc,marking  ] GC(70) Concurrent Rebuild Remembered Sets
[2021-04-18T11:53:55.764+0000][8][gc,marking  ] GC(70) Concurrent Rebuild Remembered Sets 65.692ms
[2021-04-18T11:53:55.764+0000][8][gc,start    ] GC(70) Pause Cleanup
[2021-04-18T11:53:55.764+0000][8][gc          ] GC(70) Pause Cleanup 128M->128M(256M) 0.073ms
[2021-04-18T11:53:55.764+0000][8][gc,cpu      ] GC(70) User=0.00s Sys=0.00s Real=0.00s
[2021-04-18T11:53:55.764+0000][8][safepoint   ] Safepoint "G1Concurrent", Time since last: 65774745 ns, Reaching safepoint: 80157 ns, At safepoint: 140652 ns, Total: 220809 ns
[2021-04-18T11:53:55.764+0000][8][gc,marking  ] GC(70) Concurrent Cleanup for Next Mark
[2021-04-18T11:53:55.764+0000][8][gc,marking  ] GC(70) Concurrent Cleanup for Next Mark 0.150ms
[2021-04-18T11:53:55.765+0000][8][gc          ] GC(70) Concurrent Cycle 188.491ms
[2021-04-18T11:53:57.765+0000][8][safepoint   ] Safepoint "Cleanup", Time since last: 2000162646 ns, Reaching safepoint: 242154 ns, At safepoint: 12499 ns, Total: 254653 ns
[2021-04-18T11:53:58.765+0000][8][safepoint   ] Safepoint "Cleanup", Time since last: 1000241626 ns, Reaching safepoint: 161384 ns, At safepoint: 10923 ns, Total: 172307 ns
[2021-04-18T11:53:59.765+0000][8][safepoint   ] Safepoint "Cleanup", Time since last: 1000106827 ns, Reaching safepoint: 130574 ns, At safepoint: 6820 ns, Total: 137394 ns
[2021-04-18T11:54:10.768+0000][8][safepoint   ] Safepoint "Cleanup", Time since last: 11002256998 ns, Reaching safepoint: 164007 ns, At safepoint: 7907 ns, Total: 171914 ns
[2021-04-18T11:54:13.768+0000][8][safepoint   ] Safepoint "Cleanup", Time since last: 3000254812 ns, Reaching safepoint: 129152 ns, At safepoint: 5581 ns, Total: 134733 ns
[2021-04-18T11:54:14.768+0000][8][safepoint   ] Safepoint "Cleanup", Time since last: 1000142155 ns, Reaching safepoint: 113902 ns, At safepoint: 7715 ns, Total: 121617 ns
[2021-04-18T11:54:15.769+0000][8][safepoint   ] Safepoint "Cleanup", Time since last: 1000175386 ns, Reaching safepoint: 98456 ns, At safepoint: 6387 ns, Total: 104843 ns
[2021-04-18T11:54:16.769+0000][8][safepoint   ] Safepoint "Cleanup", Time since last: 1000098679 ns, Reaching safepoint: 117611 ns, At safepoint: 7009 ns, Total: 124620 ns
[2021-04-18T11:54:17.769+0000][8][safepoint   ] Safepoint "Cleanup", Time since last: 1000084952 ns, Reaching safepoint: 89075 ns, At safepoint: 4324 ns, Total: 93399 ns
[2021-04-18T11:54:19.769+0000][8][safepoint   ] Safepoint "Cleanup", Time since last: 2000212232 ns, Reaching safepoint: 88368 ns, At safepoint: 7439 ns, Total: 95807 ns
[2021-04-18T11:54:28.771+0000][8][safepoint   ] Safepoint "Cleanup", Time since last: 9001297756 ns, Reaching safepoint: 156066 ns, At safepoint: 7323 ns, Total: 163389 ns
[2021-04-18T11:54:32.040+0000][8][safepoint   ] Safepoint "Cleanup", Time since last: 3269249059 ns, Reaching safepoint: 108061 ns, At safepoint: 4492 ns, Total: 112553 ns
[2021-04-18T11:54:32.054+0000][8][gc,start    ] GC(71) Pause Young (Normal) (G1 Evacuation Pause)
[2021-04-18T11:54:32.054+0000][8][gc,task     ] GC(71) Using 6 workers of 8 for evacuation
[2021-04-18T11:54:32.054+0000][8][gc,age      ] GC(71) Desired survivor size 6291456 bytes, new threshold 15 (max threshold 15)
[2021-04-18T11:54:32.059+0000][8][gc,age      ] GC(71) Age table with threshold 15 (max threshold 15)
[2021-04-18T11:54:32.059+0000][8][gc,age      ] GC(71) - age   1:    1785216 bytes,    1785216 total
[2021-04-18T11:54:32.059+0000][8][gc,age      ] GC(71) - age   2:     140712 bytes,    1925928 total
[2021-04-18T11:54:32.059+0000][8][gc,age      ] GC(71) - age   3:     145888 bytes,    2071816 total
[2021-04-18T11:54:32.059+0000][8][gc,age      ] GC(71) - age   4:       3072 bytes,    2074888 total
[2021-04-18T11:54:32.059+0000][8][gc,age      ] GC(71) - age   5:      13352 bytes,    2088240 total
[2021-04-18T11:54:32.059+0000][8][gc,age      ] GC(71) - age   6:     177808 bytes,    2266048 total
[2021-04-18T11:54:32.059+0000][8][gc,age      ] GC(71) - age   7:      63080 bytes,    2329128 total
[2021-04-18T11:54:32.059+0000][8][gc,age      ] GC(71) - age   8:      26224 bytes,    2355352 total
[2021-04-18T11:54:32.059+0000][8][gc,age      ] GC(71) - age   9:       2600 bytes,    2357952 total
[2021-04-18T11:54:32.059+0000][8][gc,age      ] GC(71) - age  10:      22888 bytes,    2380840 total
[2021-04-18T11:54:32.059+0000][8][gc,age      ] GC(71) - age  11:      86896 bytes,    2467736 total
[2021-04-18T11:54:32.059+0000][8][gc,age      ] GC(71) - age  12:     215400 bytes,    2683136 total
[2021-04-18T11:54:32.059+0000][8][gc,age      ] GC(71) - age  13:    3608776 bytes,    6291912 total
[2021-04-18T11:54:32.059+0000][8][gc,phases   ] GC(71)   Pre Evacuate Collection Set: 0.0ms
[2021-04-18T11:54:32.059+0000][8][gc,phases   ] GC(71)   Merge Heap Roots: 0.1ms
[2021-04-18T11:54:32.059+0000][8][gc,phases   ] GC(71)   Evacuate Collection Set: 3.6ms
[2021-04-18T11:54:32.059+0000][8][gc,phases   ] GC(71)   Post Evacuate Collection Set: 0.6ms
[2021-04-18T11:54:32.059+0000][8][gc,phases   ] GC(71)   Other: 0.3ms
[2021-04-18T11:54:32.059+0000][8][gc,heap     ] GC(71) Eden regions: 21->0(21)
[2021-04-18T11:54:32.059+0000][8][gc,heap     ] GC(71) Survivor regions: 2->2(3)
[2021-04-18T11:54:32.059+0000][8][gc,heap     ] GC(71) Old regions: 25->25
[2021-04-18T11:54:32.059+0000][8][gc,heap     ] GC(71) Archive regions: 2->2
[2021-04-18T11:54:32.059+0000][8][gc,heap     ] GC(71) Humongous regions: 2->2
[2021-04-18T11:54:32.059+0000][8][gc,metaspace] GC(71) Metaspace: 108968K(113188K)->108968K(113188K) NonClass: 94791K(97624K)->94791K(97624K) Class: 14177K(15564K)->14177K(15564K)
[2021-04-18T11:54:32.059+0000][8][gc          ] GC(71) Pause Young (Normal) (G1 Evacuation Pause) 198M->116M(256M) 4.575ms
[2021-04-18T11:54:32.059+0000][8][gc,cpu      ] GC(71) User=0.02s Sys=0.01s Real=0.01s
[2021-04-18T11:54:32.059+0000][8][safepoint   ] Safepoint "G1CollectForAllocation", Time since last: 13879881 ns, Reaching safepoint: 126987 ns, At safepoint: 4659327 ns, Total: 4786314 ns
[2021-04-18T11:54:34.060+0000][8][safepoint   ] Safepoint "Cleanup", Time since last: 2000391606 ns, Reaching safepoint: 178793 ns, At safepoint: 7823 ns, Total: 186616 ns
[2021-04-18T11:54:43.062+0000][8][safepoint   ] Safepoint "Cleanup", Time since last: 9001969591 ns, Reaching safepoint: 130616 ns, At safepoint: 6401 ns, Total: 137017 ns
[2021-04-18T11:54:47.062+0000][8][safepoint   ] Safepoint "Cleanup", Time since last: 4000645759 ns, Reaching safepoint: 90488 ns, At safepoint: 5136 ns, Total: 95624 ns
[2021-04-18T11:54:49.063+0000][8][safepoint   ] Safepoint "Cleanup", Time since last: 2000343954 ns, Reaching safepoint: 135986 ns, At safepoint: 6614 ns, Total: 142600 ns
[2021-04-18T11:54:55.064+0000][8][safepoint   ] Safepoint "Cleanup", Time since last: 6001393807 ns, Reaching safepoint: 122969 ns, At safepoint: 4875 ns, Total: 127844 ns
[2021-04-18T11:54:58.065+0000][8][safepoint   ] Safepoint "Cleanup", Time since last: 3000444227 ns, Reaching safepoint: 86950 ns, At safepoint: 7620 ns, Total: 94570 ns
[2021-04-18T11:54:59.065+0000][8][safepoint   ] Safepoint "Cleanup", Time since last: 1000145581 ns, Reaching safepoint: 102423 ns, At safepoint: 8371 ns, Total: 110794 ns
[2021-04-18T11:55:01.065+0000][8][safepoint   ] Safepoint "Cleanup", Time since last: 2000152470 ns, Reaching safepoint: 80793 ns, At safepoint: 5022 ns, Total: 85815 ns
[2021-04-18T11:55:02.066+0000][8][safepoint   ] Safepoint "Cleanup", Time since last: 1000086290 ns, Reaching safepoint: 110834 ns, At safepoint: 6799 ns, Total: 117633 ns
[2021-04-18T11:55:16.068+0000][8][safepoint   ] Safepoint "Cleanup", Time since last: 14002108688 ns, Reaching safepoint: 170614 ns, At safepoint: 12107 ns, Total: 182721 ns
[2021-04-18T11:55:22.069+0000][8][safepoint   ] Safepoint "Cleanup", Time since last: 6000768107 ns, Reaching safepoint: 141568 ns, At safepoint: 6180 ns, Total: 147748 ns
[2021-04-18T11:55:27.070+0000][8][safepoint   ] Safepoint "Cleanup", Time since last: 5000587383 ns, Reaching safepoint: 84832 ns, At safepoint: 6608 ns, Total: 91440 ns
[2021-04-18T11:55:28.070+0000][8][safepoint   ] Safepoint "Cleanup", Time since last: 1000277347 ns, Reaching safepoint: 92279 ns, At safepoint: 6870 ns, Total: 99149 ns
[2021-04-18T11:55:32.071+0000][8][safepoint   ] Safepoint "Cleanup", Time since last: 4000980187 ns, Reaching safepoint: 131837 ns, At safepoint: 8348 ns, Total: 140185 ns
[2021-04-18T11:55:34.072+0000][8][safepoint   ] Safepoint "Cleanup", Time since last: 2000492191 ns, Reaching safepoint: 199237 ns, At safepoint: 8222 ns, Total: 207459 ns
[2021-04-18T11:55:35.072+0000][8][safepoint   ] Safepoint "Cleanup", Time since last: 1000100765 ns, Reaching safepoint: 120075 ns, At safepoint: 4923 ns, Total: 124998 ns
[2021-04-18T11:55:37.073+0000][8][safepoint   ] Safepoint "Cleanup", Time since last: 2000546844 ns, Reaching safepoint: 75992 ns, At safepoint: 4244 ns, Total: 80236 ns
[2021-04-18T11:55:40.045+0000][8][gc,start    ] GC(72) Pause Young (Concurrent Start) (G1 Evacuation Pause)
[2021-04-18T11:55:40.045+0000][8][gc,task     ] GC(72) Using 6 workers of 8 for evacuation
[2021-04-18T11:55:40.045+0000][8][gc,age      ] GC(72) Desired survivor size 6291456 bytes, new threshold 13 (max threshold 15)
[2021-04-18T11:55:40.049+0000][8][gc,age      ] GC(72) Age table with threshold 13 (max threshold 15)
[2021-04-18T11:55:40.049+0000][8][gc,age      ] GC(72) - age   1:     561160 bytes,     561160 total
[2021-04-18T11:55:40.049+0000][8][gc,age      ] GC(72) - age   2:    1632032 bytes,    2193192 total
[2021-04-18T11:55:40.049+0000][8][gc,age      ] GC(72) - age   3:     139608 bytes,    2332800 total
[2021-04-18T11:55:40.049+0000][8][gc,age      ] GC(72) - age   4:     145432 bytes,    2478232 total
[2021-04-18T11:55:40.049+0000][8][gc,age      ] GC(72) - age   5:       2944 bytes,    2481176 total
[2021-04-18T11:55:40.049+0000][8][gc,age      ] GC(72) - age   6:      12936 bytes,    2494112 total
[2021-04-18T11:55:40.049+0000][8][gc,age      ] GC(72) - age   7:     177808 bytes,    2671920 total
[2021-04-18T11:55:40.049+0000][8][gc,age      ] GC(72) - age   8:      62952 bytes,    2734872 total
[2021-04-18T11:55:40.049+0000][8][gc,age      ] GC(72) - age   9:      26096 bytes,    2760968 total
[2021-04-18T11:55:40.049+0000][8][gc,age      ] GC(72) - age  10:       2600 bytes,    2763568 total
[2021-04-18T11:55:40.049+0000][8][gc,age      ] GC(72) - age  11:      22888 bytes,    2786456 total
[2021-04-18T11:55:40.049+0000][8][gc,age      ] GC(72) - age  12:      86832 bytes,    2873288 total
[2021-04-18T11:55:40.049+0000][8][gc,age      ] GC(72) - age  13:     215400 bytes,    3088688 total
[2021-04-18T11:55:40.049+0000][8][gc,phases   ] GC(72)   Pre Evacuate Collection Set: 0.1ms
[2021-04-18T11:55:40.049+0000][8][gc,phases   ] GC(72)   Merge Heap Roots: 0.0ms
[2021-04-18T11:55:40.049+0000][8][gc,phases   ] GC(72)   Evacuate Collection Set: 3.9ms
[2021-04-18T11:55:40.050+0000][8][gc,phases   ] GC(72)   Post Evacuate Collection Set: 0.5ms
[2021-04-18T11:55:40.050+0000][8][gc,phases   ] GC(72)   Other: 0.2ms
[2021-04-18T11:55:40.050+0000][8][gc,heap     ] GC(72) Eden regions: 21->0(22)
[2021-04-18T11:55:40.050+0000][8][gc,heap     ] GC(72) Survivor regions: 2->1(3)
[2021-04-18T11:55:40.050+0000][8][gc,heap     ] GC(72) Old regions: 25->26
[2021-04-18T11:55:40.050+0000][8][gc,heap     ] GC(72) Archive regions: 2->2
[2021-04-18T11:55:40.050+0000][8][gc,heap     ] GC(72) Humongous regions: 2->2
[2021-04-18T11:55:40.050+0000][8][gc,metaspace] GC(72) Metaspace: 108989K(113188K)->108989K(113188K) NonClass: 94812K(97624K)->94812K(97624K) Class: 14177K(15564K)->14177K(15564K)
[2021-04-18T11:55:40.050+0000][8][gc          ] GC(72) Pause Young (Concurrent Start) (G1 Evacuation Pause) 200M->116M(256M) 4.827ms
[2021-04-18T11:55:40.050+0000][8][gc,cpu      ] GC(72) User=0.02s Sys=0.00s Real=0.01s
[2021-04-18T11:55:40.050+0000][8][gc          ] GC(73) Concurrent Cycle
[2021-04-18T11:55:40.050+0000][8][safepoint   ] Safepoint "G1CollectForAllocation", Time since last: 2972038632 ns, Reaching safepoint: 133386 ns, At safepoint: 4913521 ns, Total: 5046907 ns
[2021-04-18T11:55:40.050+0000][8][gc,marking  ] GC(73) Concurrent Clear Claimed Marks
[2021-04-18T11:55:40.050+0000][8][gc,marking  ] GC(73) Concurrent Clear Claimed Marks 0.084ms
[2021-04-18T11:55:40.050+0000][8][gc,marking  ] GC(73) Concurrent Scan Root Regions
[2021-04-18T11:55:40.053+0000][8][gc,marking  ] GC(73) Concurrent Scan Root Regions 3.153ms
[2021-04-18T11:55:40.053+0000][8][gc,marking  ] GC(73) Concurrent Mark (1324.587s)
[2021-04-18T11:55:40.053+0000][8][gc,marking  ] GC(73) Concurrent Mark From Roots
[2021-04-18T11:55:40.053+0000][8][gc,task     ] GC(73) Using 2 workers of 2 for marking
[2021-04-18T11:55:40.131+0000][8][gc,marking  ] GC(73) Concurrent Mark From Roots 77.752ms
[2021-04-18T11:55:40.131+0000][8][gc,marking  ] GC(73) Concurrent Preclean
[2021-04-18T11:55:40.131+0000][8][gc,marking  ] GC(73) Concurrent Preclean 0.220ms
[2021-04-18T11:55:40.131+0000][8][gc,marking  ] GC(73) Concurrent Mark (1324.587s, 1324.665s) 78.025ms
[2021-04-18T11:55:40.131+0000][8][gc,start    ] GC(73) Pause Remark
[2021-04-18T11:55:40.137+0000][8][gc          ] GC(73) Pause Remark 120M->120M(256M) 5.272ms
[2021-04-18T11:55:40.137+0000][8][gc,cpu      ] GC(73) User=0.02s Sys=0.00s Real=0.00s
[2021-04-18T11:55:40.137+0000][8][safepoint   ] Safepoint "G1Concurrent", Time since last: 81390080 ns, Reaching safepoint: 201697 ns, At safepoint: 5352834 ns, Total: 5554531 ns
[2021-04-18T11:55:40.137+0000][8][gc,marking  ] GC(73) Concurrent Rebuild Remembered Sets
[2021-04-18T11:55:40.197+0000][8][gc,marking  ] GC(73) Concurrent Rebuild Remembered Sets 60.624ms
[2021-04-18T11:55:40.197+0000][8][gc,start    ] GC(73) Pause Cleanup
[2021-04-18T11:55:40.197+0000][8][gc          ] GC(73) Pause Cleanup 120M->120M(256M) 0.063ms
[2021-04-18T11:55:40.198+0000][8][gc,cpu      ] GC(73) User=0.00s Sys=0.00s Real=0.00s
[2021-04-18T11:55:40.198+0000][8][safepoint   ] Safepoint "G1Concurrent", Time since last: 60736393 ns, Reaching safepoint: 97286 ns, At safepoint: 104531 ns, Total: 201817 ns
[2021-04-18T11:55:40.198+0000][8][gc,marking  ] GC(73) Concurrent Cleanup for Next Mark
[2021-04-18T11:55:40.198+0000][8][gc,marking  ] GC(73) Concurrent Cleanup for Next Mark 0.218ms
[2021-04-18T11:55:40.198+0000][8][gc          ] GC(73) Concurrent Cycle 148.162ms
[2021-04-18T11:55:49.199+0000][8][safepoint   ] Safepoint "Cleanup", Time since last: 9001451678 ns, Reaching safepoint: 155130 ns, At safepoint: 7632 ns, Total: 162762 ns
[2021-04-18T11:55:52.200+0000][8][safepoint   ] Safepoint "Cleanup", Time since last: 3000564412 ns, Reaching safepoint: 101482 ns, At safepoint: 6156 ns, Total: 107638 ns
[2021-04-18T11:55:58.202+0000][8][safepoint   ] Safepoint "Cleanup", Time since last: 6001601732 ns, Reaching safepoint: 153286 ns, At safepoint: 8199 ns, Total: 161485 ns
[2021-04-18T11:56:04.203+0000][8][safepoint   ] Safepoint "Cleanup", Time since last: 6001096448 ns, Reaching safepoint: 154358 ns, At safepoint: 7666 ns, Total: 162024 ns
[2021-04-18T11:56:05.203+0000][8][safepoint   ] Safepoint "Cleanup", Time since last: 1000305648 ns, Reaching safepoint: 170458 ns, At safepoint: 7346 ns, Total: 177804 ns
[2021-04-18T11:56:22.206+0000][8][safepoint   ] Safepoint "Cleanup", Time since last: 17002913349 ns, Reaching safepoint: 166299 ns, At safepoint: 7102 ns, Total: 173401 ns
[2021-04-18T11:56:25.207+0000][8][safepoint   ] Safepoint "Cleanup", Time since last: 3000440075 ns, Reaching safepoint: 119505 ns, At safepoint: 8863 ns, Total: 128368 ns
[2021-04-18T11:56:27.207+0000][8][safepoint   ] Safepoint "Cleanup", Time since last: 2000200887 ns, Reaching safepoint: 120991 ns, At safepoint: 8586 ns, Total: 129577 ns
[2021-04-18T11:56:28.208+0000][8][safepoint   ] Safepoint "Cleanup", Time since last: 1000300424 ns, Reaching safepoint: 150747 ns, At safepoint: 8461 ns, Total: 159208 ns
[2021-04-18T11:56:34.209+0000][8][safepoint   ] Safepoint "Cleanup", Time since last: 6001187275 ns, Reaching safepoint: 192630 ns, At safepoint: 9265 ns, Total: 201895 ns
[2021-04-18T11:56:37.210+0000][8][safepoint   ] Safepoint "Cleanup", Time since last: 3000559969 ns, Reaching safepoint: 146371 ns, At safepoint: 8104 ns, Total: 154475 ns
[2021-04-18T11:56:45.083+0000][8][gc,start    ] GC(74) Pause Young (Normal) (G1 Evacuation Pause)
[2021-04-18T11:56:45.083+0000][8][gc,task     ] GC(74) Using 6 workers of 8 for evacuation
[2021-04-18T11:56:45.083+0000][8][gc,age      ] GC(74) Desired survivor size 6291456 bytes, new threshold 15 (max threshold 15)
[2021-04-18T11:56:45.085+0000][8][gc,age      ] GC(74) Age table with threshold 15 (max threshold 15)
[2021-04-18T11:56:45.085+0000][8][gc,age      ] GC(74) - age   1:     533192 bytes,     533192 total
[2021-04-18T11:56:45.085+0000][8][gc,age      ] GC(74) - age   2:     307920 bytes,     841112 total
[2021-04-18T11:56:45.085+0000][8][gc,age      ] GC(74) - age   3:    1630704 bytes,    2471816 total
[2021-04-18T11:56:45.085+0000][8][gc,age      ] GC(74) - age   4:     113312 bytes,    2585128 total
[2021-04-18T11:56:45.085+0000][8][gc,age      ] GC(74) - age   5:     145368 bytes,    2730496 total
[2021-04-18T11:56:45.085+0000][8][gc,age      ] GC(74) - age   6:       2944 bytes,    2733440 total
[2021-04-18T11:56:45.085+0000][8][gc,age      ] GC(74) - age   7:      12936 bytes,    2746376 total
[2021-04-18T11:56:45.085+0000][8][gc,age      ] GC(74) - age   8:     177432 bytes,    2923808 total
[2021-04-18T11:56:45.085+0000][8][gc,age      ] GC(74) - age   9:      62888 bytes,    2986696 total
[2021-04-18T11:56:45.085+0000][8][gc,age      ] GC(74) - age  10:      26096 bytes,    3012792 total
[2021-04-18T11:56:45.085+0000][8][gc,age      ] GC(74) - age  11:       2600 bytes,    3015392 total
[2021-04-18T11:56:45.085+0000][8][gc,age      ] GC(74) - age  12:      22888 bytes,    3038280 total
[2021-04-18T11:56:45.085+0000][8][gc,age      ] GC(74) - age  13:      86792 bytes,    3125072 total
[2021-04-18T11:56:45.085+0000][8][gc,age      ] GC(74) - age  14:     215400 bytes,    3340472 total
[2021-04-18T11:56:45.085+0000][8][gc,phases   ] GC(74)   Pre Evacuate Collection Set: 0.1ms
[2021-04-18T11:56:45.085+0000][8][gc,phases   ] GC(74)   Merge Heap Roots: 0.0ms
[2021-04-18T11:56:45.085+0000][8][gc,phases   ] GC(74)   Evacuate Collection Set: 1.8ms
[2021-04-18T11:56:45.085+0000][8][gc,phases   ] GC(74)   Post Evacuate Collection Set: 0.6ms
[2021-04-18T11:56:45.085+0000][8][gc,phases   ] GC(74)   Other: 0.2ms
[2021-04-18T11:56:45.085+0000][8][gc,heap     ] GC(74) Eden regions: 22->0(22)
[2021-04-18T11:56:45.085+0000][8][gc,heap     ] GC(74) Survivor regions: 1->1(3)
[2021-04-18T11:56:45.085+0000][8][gc,heap     ] GC(74) Old regions: 26->26
[2021-04-18T11:56:45.085+0000][8][gc,heap     ] GC(74) Archive regions: 2->2
[2021-04-18T11:56:45.085+0000][8][gc,heap     ] GC(74) Humongous regions: 2->2
[2021-04-18T11:56:45.085+0000][8][gc,metaspace] GC(74) Metaspace: 109023K(113188K)->109023K(113188K) NonClass: 94846K(97624K)->94846K(97624K) Class: 14177K(15564K)->14177K(15564K)
[2021-04-18T11:56:45.086+0000][8][gc          ] GC(74) Pause Young (Normal) (G1 Evacuation Pause) 204M->116M(256M) 2.819ms
[2021-04-18T11:56:45.086+0000][8][gc,cpu      ] GC(74) User=0.02s Sys=0.00s Real=0.00s
[2021-04-18T11:56:45.086+0000][8][safepoint   ] Safepoint "G1CollectForAllocation", Time since last: 7872672193 ns, Reaching safepoint: 128793 ns, At safepoint: 2885862 ns, Total: 3014655 ns
[2021-04-18T11:56:58.087+0000][8][safepoint   ] Safepoint "Cleanup", Time since last: 13001659177 ns, Reaching safepoint: 182597 ns, At safepoint: 7240 ns, Total: 189837 ns
[2021-04-18T11:57:01.088+0000][8][safepoint   ] Safepoint "Cleanup", Time since last: 3000852026 ns, Reaching safepoint: 98462 ns, At safepoint: 6990 ns, Total: 105452 ns
[2021-04-18T11:57:07.089+0000][8][safepoint   ] Safepoint "Cleanup", Time since last: 6000848098 ns, Reaching safepoint: 83053 ns, At safepoint: 8083 ns, Total: 91136 ns
[2021-04-18T11:57:08.090+0000][8][safepoint   ] Safepoint "Cleanup", Time since last: 1000092348 ns, Reaching safepoint: 185731 ns, At safepoint: 9897 ns, Total: 195628 ns
[2021-04-18T11:57:34.095+0000][8][safepoint   ] Safepoint "Cleanup", Time since last: 26004731712 ns, Reaching safepoint: 172102 ns, At safepoint: 10336 ns, Total: 182438 ns
[2021-04-18T11:57:46.063+0000][8][gc,start    ] GC(75) Pause Young (Concurrent Start) (G1 Evacuation Pause)
[2021-04-18T11:57:46.063+0000][8][gc,task     ] GC(75) Using 6 workers of 8 for evacuation
[2021-04-18T11:57:46.063+0000][8][gc,age      ] GC(75) Desired survivor size 6291456 bytes, new threshold 15 (max threshold 15)
[2021-04-18T11:57:46.066+0000][8][gc,age      ] GC(75) Age table with threshold 15 (max threshold 15)
[2021-04-18T11:57:46.066+0000][8][gc,age      ] GC(75) - age   1:     471632 bytes,     471632 total
[2021-04-18T11:57:46.066+0000][8][gc,age      ] GC(75) - age   2:      21664 bytes,     493296 total
[2021-04-18T11:57:46.066+0000][8][gc,age      ] GC(75) - age   3:       2072 bytes,     495368 total
[2021-04-18T11:57:46.066+0000][8][gc,age      ] GC(75) - age   4:    1019192 bytes,    1514560 total
[2021-04-18T11:57:46.066+0000][8][gc,age      ] GC(75) - age   5:      21048 bytes,    1535608 total
[2021-04-18T11:57:46.066+0000][8][gc,age      ] GC(75) - age   6:     145368 bytes,    1680976 total
[2021-04-18T11:57:46.066+0000][8][gc,age      ] GC(75) - age   7:       2848 bytes,    1683824 total
[2021-04-18T11:57:46.066+0000][8][gc,age      ] GC(75) - age   8:      12576 bytes,    1696400 total
[2021-04-18T11:57:46.066+0000][8][gc,age      ] GC(75) - age   9:      12584 bytes,    1708984 total
[2021-04-18T11:57:46.066+0000][8][gc,age      ] GC(75) - age  10:      62696 bytes,    1771680 total
[2021-04-18T11:57:46.066+0000][8][gc,age      ] GC(75) - age  11:      26096 bytes,    1797776 total
[2021-04-18T11:57:46.066+0000][8][gc,age      ] GC(75) - age  12:       2536 bytes,    1800312 total
[2021-04-18T11:57:46.066+0000][8][gc,age      ] GC(75) - age  13:      22856 bytes,    1823168 total
[2021-04-18T11:57:46.066+0000][8][gc,age      ] GC(75) - age  14:      86656 bytes,    1909824 total
[2021-04-18T11:57:46.066+0000][8][gc,age      ] GC(75) - age  15:     215400 bytes,    2125224 total
[2021-04-18T11:57:46.066+0000][8][gc,phases   ] GC(75)   Pre Evacuate Collection Set: 0.1ms
[2021-04-18T11:57:46.066+0000][8][gc,phases   ] GC(75)   Merge Heap Roots: 0.0ms
[2021-04-18T11:57:46.066+0000][8][gc,phases   ] GC(75)   Evacuate Collection Set: 1.5ms
[2021-04-18T11:57:46.066+0000][8][gc,phases   ] GC(75)   Post Evacuate Collection Set: 0.6ms
[2021-04-18T11:57:46.066+0000][8][gc,phases   ] GC(75)   Other: 0.3ms
[2021-04-18T11:57:46.066+0000][8][gc,heap     ] GC(75) Eden regions: 22->0(22)
[2021-04-18T11:57:46.066+0000][8][gc,heap     ] GC(75) Survivor regions: 1->1(3)
[2021-04-18T11:57:46.066+0000][8][gc,heap     ] GC(75) Old regions: 26->26
[2021-04-18T11:57:46.066+0000][8][gc,heap     ] GC(75) Archive regions: 2->2
[2021-04-18T11:57:46.066+0000][8][gc,heap     ] GC(75) Humongous regions: 2->2
[2021-04-18T11:57:46.066+0000][8][gc,metaspace] GC(75) Metaspace: 109049K(113444K)->109049K(113444K) NonClass: 94872K(97880K)->94872K(97880K) Class: 14177K(15564K)->14177K(15564K)
[2021-04-18T11:57:46.066+0000][8][gc          ] GC(75) Pause Young (Concurrent Start) (G1 Evacuation Pause) 204M->115M(256M) 2.697ms
[2021-04-18T11:57:46.066+0000][8][gc,cpu      ] GC(75) User=0.00s Sys=0.01s Real=0.00s
[2021-04-18T11:57:46.066+0000][8][gc          ] GC(76) Concurrent Cycle
[2021-04-18T11:57:46.066+0000][8][safepoint   ] Safepoint "G1CollectForAllocation", Time since last: 11968560188 ns, Reaching safepoint: 153537 ns, At safepoint: 2775719 ns, Total: 2929256 ns
[2021-04-18T11:57:46.066+0000][8][gc,marking  ] GC(76) Concurrent Clear Claimed Marks
[2021-04-18T11:57:46.066+0000][8][gc,marking  ] GC(76) Concurrent Clear Claimed Marks 0.095ms
[2021-04-18T11:57:46.066+0000][8][gc,marking  ] GC(76) Concurrent Scan Root Regions
[2021-04-18T11:57:46.068+0000][8][gc,marking  ] GC(76) Concurrent Scan Root Regions 1.851ms
[2021-04-18T11:57:46.068+0000][8][gc,marking  ] GC(76) Concurrent Mark (1450.602s)
[2021-04-18T11:57:46.068+0000][8][gc,marking  ] GC(76) Concurrent Mark From Roots
[2021-04-18T11:57:46.068+0000][8][gc,task     ] GC(76) Using 2 workers of 2 for marking
[2021-04-18T11:57:46.189+0000][8][gc,marking  ] GC(76) Concurrent Mark From Roots 121.225ms
[2021-04-18T11:57:46.189+0000][8][gc,marking  ] GC(76) Concurrent Preclean
[2021-04-18T11:57:46.190+0000][8][gc,marking  ] GC(76) Concurrent Preclean 0.298ms
[2021-04-18T11:57:46.190+0000][8][gc,marking  ] GC(76) Concurrent Mark (1450.602s, 1450.723s) 121.588ms
[2021-04-18T11:57:46.190+0000][8][gc,start    ] GC(76) Pause Remark
[2021-04-18T11:57:46.197+0000][8][gc          ] GC(76) Pause Remark 116M->116M(256M) 7.171ms
[2021-04-18T11:57:46.197+0000][8][gc,cpu      ] GC(76) User=0.03s Sys=0.00s Real=0.00s
[2021-04-18T11:57:46.197+0000][8][safepoint   ] Safepoint "G1Concurrent", Time since last: 123605431 ns, Reaching safepoint: 103903 ns, At safepoint: 7271098 ns, Total: 7375001 ns
[2021-04-18T11:57:46.197+0000][8][gc,marking  ] GC(76) Concurrent Rebuild Remembered Sets
[2021-04-18T11:57:46.252+0000][8][gc,marking  ] GC(76) Concurrent Rebuild Remembered Sets 55.391ms
[2021-04-18T11:57:46.253+0000][8][gc,start    ] GC(76) Pause Cleanup
[2021-04-18T11:57:46.253+0000][8][gc          ] GC(76) Pause Cleanup 116M->116M(256M) 0.066ms
[2021-04-18T11:57:46.253+0000][8][gc,cpu      ] GC(76) User=0.00s Sys=0.00s Real=0.00s
[2021-04-18T11:57:46.253+0000][8][safepoint   ] Safepoint "G1Concurrent", Time since last: 55504928 ns, Reaching safepoint: 121071 ns, At safepoint: 109037 ns, Total: 230108 ns
[2021-04-18T11:57:46.253+0000][8][gc,marking  ] GC(76) Concurrent Cleanup for Next Mark
[2021-04-18T11:57:46.253+0000][8][gc,marking  ] GC(76) Concurrent Cleanup for Next Mark 0.133ms
[2021-04-18T11:57:46.253+0000][8][gc          ] GC(76) Concurrent Cycle 186.895ms
[2021-04-18T11:57:58.255+0000][8][safepoint   ] Safepoint "Cleanup", Time since last: 12002489966 ns, Reaching safepoint: 127791 ns, At safepoint: 6510 ns, Total: 134301 ns
[2021-04-18T11:58:10.257+0000][8][safepoint   ] Safepoint "Cleanup", Time since last: 12001584454 ns, Reaching safepoint: 106894 ns, At safepoint: 5323 ns, Total: 112217 ns
[2021-04-18T11:58:11.257+0000][8][safepoint   ] Safepoint "Cleanup", Time since last: 1000105884 ns, Reaching safepoint: 99176 ns, At safepoint: 6859 ns, Total: 106035 ns
[2021-04-18T11:58:13.258+0000][8][safepoint   ] Safepoint "Cleanup", Time since last: 2000191476 ns, Reaching safepoint: 132853 ns, At safepoint: 7570 ns, Total: 140423 ns
[2021-04-18T11:58:52.265+0000][8][safepoint   ] Safepoint "Cleanup", Time since last: 39007277284 ns, Reaching safepoint: 134939 ns, At safepoint: 6988 ns, Total: 141927 ns
[2021-04-18T11:58:55.265+0000][8][safepoint   ] Safepoint "Cleanup", Time since last: 3000334161 ns, Reaching safepoint: 134142 ns, At safepoint: 6213 ns, Total: 140355 ns
[2021-04-18T11:58:58.137+0000][8][gc,start    ] GC(77) Pause Young (Normal) (G1 Evacuation Pause)
[2021-04-18T11:58:58.137+0000][8][gc,task     ] GC(77) Using 6 workers of 8 for evacuation
[2021-04-18T11:58:58.137+0000][8][gc,age      ] GC(77) Desired survivor size 6291456 bytes, new threshold 15 (max threshold 15)
[2021-04-18T11:58:58.140+0000][8][gc,age      ] GC(77) Age table with threshold 15 (max threshold 15)
[2021-04-18T11:58:58.140+0000][8][gc,age      ] GC(77) - age   1:     550496 bytes,     550496 total
[2021-04-18T11:58:58.140+0000][8][gc,age      ] GC(77) - age   2:     298952 bytes,     849448 total
[2021-04-18T11:58:58.140+0000][8][gc,age      ] GC(77) - age   3:      20936 bytes,     870384 total
[2021-04-18T11:58:58.140+0000][8][gc,age      ] GC(77) - age   4:       1304 bytes,     871688 total
[2021-04-18T11:58:58.140+0000][8][gc,age      ] GC(77) - age   5:    1018744 bytes,    1890432 total
[2021-04-18T11:58:58.140+0000][8][gc,age      ] GC(77) - age   6:      21048 bytes,    1911480 total
[2021-04-18T11:58:58.140+0000][8][gc,age      ] GC(77) - age   7:     145304 bytes,    2056784 total
[2021-04-18T11:58:58.140+0000][8][gc,age      ] GC(77) - age   8:       2848 bytes,    2059632 total
[2021-04-18T11:58:58.140+0000][8][gc,age      ] GC(77) - age   9:      12528 bytes,    2072160 total
[2021-04-18T11:58:58.140+0000][8][gc,age      ] GC(77) - age  10:      12584 bytes,    2084744 total
[2021-04-18T11:58:58.140+0000][8][gc,age      ] GC(77) - age  11:      62112 bytes,    2146856 total
[2021-04-18T11:58:58.140+0000][8][gc,age      ] GC(77) - age  12:      25968 bytes,    2172824 total
[2021-04-18T11:58:58.140+0000][8][gc,age      ] GC(77) - age  13:       2536 bytes,    2175360 total
[2021-04-18T11:58:58.140+0000][8][gc,age      ] GC(77) - age  14:       6440 bytes,    2181800 total
[2021-04-18T11:58:58.140+0000][8][gc,age      ] GC(77) - age  15:      86592 bytes,    2268392 total
[2021-04-18T11:58:58.140+0000][8][gc,phases   ] GC(77)   Pre Evacuate Collection Set: 0.0ms
[2021-04-18T11:58:58.140+0000][8][gc,phases   ] GC(77)   Merge Heap Roots: 0.0ms
[2021-04-18T11:58:58.140+0000][8][gc,phases   ] GC(77)   Evacuate Collection Set: 2.1ms
[2021-04-18T11:58:58.140+0000][8][gc,phases   ] GC(77)   Post Evacuate Collection Set: 0.6ms
[2021-04-18T11:58:58.140+0000][8][gc,phases   ] GC(77)   Other: 0.2ms
[2021-04-18T11:58:58.140+0000][8][gc,heap     ] GC(77) Eden regions: 22->0(22)
[2021-04-18T11:58:58.140+0000][8][gc,heap     ] GC(77) Survivor regions: 1->1(3)
[2021-04-18T11:58:58.140+0000][8][gc,heap     ] GC(77) Old regions: 26->26
[2021-04-18T11:58:58.140+0000][8][gc,heap     ] GC(77) Archive regions: 2->2
[2021-04-18T11:58:58.140+0000][8][gc,heap     ] GC(77) Humongous regions: 2->2
[2021-04-18T11:58:58.140+0000][8][gc,metaspace] GC(77) Metaspace: 109148K(113444K)->109148K(113444K) NonClass: 94971K(97880K)->94971K(97880K) Class: 14177K(15564K)->14177K(15564K)
[2021-04-18T11:58:58.140+0000][8][gc          ] GC(77) Pause Young (Normal) (G1 Evacuation Pause) 203M->115M(256M) 3.118ms
[2021-04-18T11:58:58.140+0000][8][gc,cpu      ] GC(77) User=0.01s Sys=0.00s Real=0.00s
[2021-04-18T11:58:58.140+0000][8][safepoint   ] Safepoint "G1CollectForAllocation", Time since last: 2871734449 ns, Reaching safepoint: 92382 ns, At safepoint: 3192449 ns, Total: 3284831 ns
[2021-04-18T11:58:59.141+0000][8][safepoint   ] Safepoint "Cleanup", Time since last: 1000249012 ns, Reaching safepoint: 148143 ns, At safepoint: 6589 ns, Total: 154732 ns
[2021-04-18T11:59:01.141+0000][8][safepoint   ] Safepoint "Cleanup", Time since last: 2000189996 ns, Reaching safepoint: 108538 ns, At safepoint: 6142 ns, Total: 114680 ns
[2021-04-18T11:59:10.143+0000][8][safepoint   ] Safepoint "Cleanup", Time since last: 9001817351 ns, Reaching safepoint: 96759 ns, At safepoint: 6058 ns, Total: 102817 ns
[2021-04-18T11:59:13.145+0000][8][safepoint   ] Safepoint "Cleanup", Time since last: 3001430903 ns, Reaching safepoint: 170957 ns, At safepoint: 7111 ns, Total: 178068 ns
[2021-04-18T11:59:14.145+0000][8][safepoint   ] Safepoint "Cleanup", Time since last: 1000072047 ns, Reaching safepoint: 141066 ns, At safepoint: 6352 ns, Total: 147418 ns
[2021-04-18T11:59:16.145+0000][8][safepoint   ] Safepoint "Cleanup", Time since last: 2000197406 ns, Reaching safepoint: 95297 ns, At safepoint: 4613 ns, Total: 99910 ns
[2021-04-18T11:59:17.146+0000][8][safepoint   ] Safepoint "Cleanup", Time since last: 1000253398 ns, Reaching safepoint: 107160 ns, At safepoint: 5515 ns, Total: 112675 ns
[2021-04-18T11:59:22.146+0000][8][safepoint   ] Safepoint "Cleanup", Time since last: 5000461622 ns, Reaching safepoint: 106636 ns, At safepoint: 7927 ns, Total: 114563 ns
[2021-04-18T11:59:30.148+0000][8][safepoint   ] Safepoint "Cleanup", Time since last: 8001873353 ns, Reaching safepoint: 175679 ns, At safepoint: 7887 ns, Total: 183566 ns
[2021-04-18T11:59:37.149+0000][8][safepoint   ] Safepoint "Cleanup", Time since last: 7001145480 ns, Reaching safepoint: 101456 ns, At safepoint: 7154 ns, Total: 108610 ns
[2021-04-18T11:59:38.150+0000][8][safepoint   ] Safepoint "Cleanup", Time since last: 1000110601 ns, Reaching safepoint: 167734 ns, At safepoint: 9134 ns, Total: 176868 ns
[2021-04-18T11:59:46.080+0000][8][gc,start    ] GC(78) Pause Young (Concurrent Start) (G1 Evacuation Pause)
[2021-04-18T11:59:46.080+0000][8][gc,task     ] GC(78) Using 6 workers of 8 for evacuation
[2021-04-18T11:59:46.080+0000][8][gc,age      ] GC(78) Desired survivor size 6291456 bytes, new threshold 15 (max threshold 15)
[2021-04-18T11:59:46.083+0000][8][gc,age      ] GC(78) Age table with threshold 15 (max threshold 15)
[2021-04-18T11:59:46.083+0000][8][gc,age      ] GC(78) - age   1:     949000 bytes,     949000 total
[2021-04-18T11:59:46.083+0000][8][gc,age      ] GC(78) - age   2:     356112 bytes,    1305112 total
[2021-04-18T11:59:46.083+0000][8][gc,age      ] GC(78) - age   3:     283320 bytes,    1588432 total
[2021-04-18T11:59:46.083+0000][8][gc,age      ] GC(78) - age   4:      20296 bytes,    1608728 total
[2021-04-18T11:59:46.083+0000][8][gc,age      ] GC(78) - age   5:       1128 bytes,    1609856 total
[2021-04-18T11:59:46.083+0000][8][gc,age      ] GC(78) - age   6:     192744 bytes,    1802600 total
[2021-04-18T11:59:46.083+0000][8][gc,age      ] GC(78) - age   7:      20912 bytes,    1823512 total
[2021-04-18T11:59:46.083+0000][8][gc,age      ] GC(78) - age   8:     144976 bytes,    1968488 total
[2021-04-18T11:59:46.083+0000][8][gc,age      ] GC(78) - age   9:       2752 bytes,    1971240 total
[2021-04-18T11:59:46.083+0000][8][gc,age      ] GC(78) - age  10:      12464 bytes,    1983704 total
[2021-04-18T11:59:46.083+0000][8][gc,age      ] GC(78) - age  11:      12392 bytes,    1996096 total
[2021-04-18T11:59:46.083+0000][8][gc,age      ] GC(78) - age  12:      43392 bytes,    2039488 total
[2021-04-18T11:59:46.083+0000][8][gc,age      ] GC(78) - age  13:      25968 bytes,    2065456 total
[2021-04-18T11:59:46.083+0000][8][gc,age      ] GC(78) - age  14:       2504 bytes,    2067960 total
[2021-04-18T11:59:46.083+0000][8][gc,age      ] GC(78) - age  15:       6376 bytes,    2074336 total
[2021-04-18T11:59:46.083+0000][8][gc,phases   ] GC(78)   Pre Evacuate Collection Set: 0.1ms
[2021-04-18T11:59:46.083+0000][8][gc,phases   ] GC(78)   Merge Heap Roots: 0.0ms
[2021-04-18T11:59:46.083+0000][8][gc,phases   ] GC(78)   Evacuate Collection Set: 1.7ms
[2021-04-18T11:59:46.083+0000][8][gc,phases   ] GC(78)   Post Evacuate Collection Set: 0.6ms
[2021-04-18T11:59:46.083+0000][8][gc,phases   ] GC(78)   Other: 0.3ms
[2021-04-18T11:59:46.083+0000][8][gc,heap     ] GC(78) Eden regions: 22->0(22)
[2021-04-18T11:59:46.083+0000][8][gc,heap     ] GC(78) Survivor regions: 1->1(3)
[2021-04-18T11:59:46.083+0000][8][gc,heap     ] GC(78) Old regions: 26->26
[2021-04-18T11:59:46.083+0000][8][gc,heap     ] GC(78) Archive regions: 2->2
[2021-04-18T11:59:46.083+0000][8][gc,heap     ] GC(78) Humongous regions: 2->2
[2021-04-18T11:59:46.083+0000][8][gc,metaspace] GC(78) Metaspace: 109275K(113444K)->109275K(113444K) NonClass: 95098K(97880K)->95098K(97880K) Class: 14177K(15564K)->14177K(15564K)
[2021-04-18T11:59:46.083+0000][8][gc          ] GC(78) Pause Young (Concurrent Start) (G1 Evacuation Pause) 203M->115M(256M) 2.832ms
[2021-04-18T11:59:46.083+0000][8][gc,cpu      ] GC(78) User=0.01s Sys=0.00s Real=0.00s
[2021-04-18T11:59:46.083+0000][8][safepoint   ] Safepoint "G1CollectForAllocation", Time since last: 7930098786 ns, Reaching safepoint: 109429 ns, At safepoint: 2903412 ns, Total: 3012841 ns
[2021-04-18T11:59:46.083+0000][8][gc          ] GC(79) Concurrent Cycle
[2021-04-18T11:59:46.083+0000][8][gc,marking  ] GC(79) Concurrent Clear Claimed Marks
[2021-04-18T11:59:46.083+0000][8][gc,marking  ] GC(79) Concurrent Clear Claimed Marks 0.060ms
[2021-04-18T11:59:46.083+0000][8][gc,marking  ] GC(79) Concurrent Scan Root Regions
[2021-04-18T11:59:46.085+0000][8][gc,marking  ] GC(79) Concurrent Scan Root Regions 1.739ms
[2021-04-18T11:59:46.085+0000][8][gc,marking  ] GC(79) Concurrent Mark (1570.619s)
[2021-04-18T11:59:46.085+0000][8][gc,marking  ] GC(79) Concurrent Mark From Roots
[2021-04-18T11:59:46.085+0000][8][gc,task     ] GC(79) Using 2 workers of 2 for marking
[2021-04-18T11:59:46.175+0000][8][gc,marking  ] GC(79) Concurrent Mark From Roots 90.598ms
[2021-04-18T11:59:46.175+0000][8][gc,marking  ] GC(79) Concurrent Preclean
[2021-04-18T11:59:46.176+0000][8][gc,marking  ] GC(79) Concurrent Preclean 0.443ms
[2021-04-18T11:59:46.176+0000][8][gc,marking  ] GC(79) Concurrent Mark (1570.619s, 1570.710s) 91.144ms
[2021-04-18T11:59:46.176+0000][8][gc,start    ] GC(79) Pause Remark
[2021-04-18T11:59:46.183+0000][8][gc          ] GC(79) Pause Remark 117M->117M(256M) 7.183ms
[2021-04-18T11:59:46.183+0000][8][gc,cpu      ] GC(79) User=0.03s Sys=0.00s Real=0.01s
[2021-04-18T11:59:46.183+0000][8][safepoint   ] Safepoint "G1Concurrent", Time since last: 93073009 ns, Reaching safepoint: 123822 ns, At safepoint: 7263809 ns, Total: 7387631 ns
[2021-04-18T11:59:46.183+0000][8][gc,marking  ] GC(79) Concurrent Rebuild Remembered Sets
[2021-04-18T11:59:46.243+0000][8][gc,marking  ] GC(79) Concurrent Rebuild Remembered Sets 59.605ms
[2021-04-18T11:59:46.243+0000][8][gc,start    ] GC(79) Pause Cleanup
[2021-04-18T11:59:46.243+0000][8][gc          ] GC(79) Pause Cleanup 117M->117M(256M) 0.100ms
[2021-04-18T11:59:46.243+0000][8][gc,cpu      ] GC(79) User=0.00s Sys=0.00s Real=0.00s
[2021-04-18T11:59:46.243+0000][8][safepoint   ] Safepoint "G1Concurrent", Time since last: 59770747 ns, Reaching safepoint: 125393 ns, At safepoint: 155848 ns, Total: 281241 ns
[2021-04-18T11:59:46.243+0000][8][gc,marking  ] GC(79) Concurrent Cleanup for Next Mark
[2021-04-18T11:59:46.244+0000][8][gc,marking  ] GC(79) Concurrent Cleanup for Next Mark 0.259ms
[2021-04-18T11:59:46.244+0000][8][gc          ] GC(79) Concurrent Cycle 160.848ms
[2021-04-18T11:59:52.244+0000][8][safepoint   ] Safepoint "Cleanup", Time since last: 6000644025 ns, Reaching safepoint: 89856 ns, At safepoint: 5099 ns, Total: 94955 ns
[2021-04-18T11:59:58.245+0000][8][safepoint   ] Safepoint "Cleanup", Time since last: 6001054823 ns, Reaching safepoint: 105459 ns, At safepoint: 4174 ns, Total: 109633 ns
[2021-04-18T12:00:00.246+0000][8][safepoint   ] Safepoint "Cleanup", Time since last: 2000276593 ns, Reaching safepoint: 181525 ns, At safepoint: 7901 ns, Total: 189426 ns
[2021-04-18T12:00:02.246+0000][8][safepoint   ] Safepoint "Cleanup", Time since last: 2000376318 ns, Reaching safepoint: 169321 ns, At safepoint: 8389 ns, Total: 177710 ns
[2021-04-18T12:00:13.248+0000][8][safepoint   ] Safepoint "Cleanup", Time since last: 11001876781 ns, Reaching safepoint: 140668 ns, At safepoint: 8569 ns, Total: 149237 ns
[2021-04-18T12:00:16.249+0000][8][safepoint   ] Safepoint "Cleanup", Time since last: 3000991087 ns, Reaching safepoint: 92277 ns, At safepoint: 4577 ns, Total: 96854 ns
[2021-04-18T12:00:17.250+0000][8][safepoint   ] Safepoint "Cleanup", Time since last: 1000232160 ns, Reaching safepoint: 128851 ns, At safepoint: 5981 ns, Total: 134832 ns
[2021-04-18T12:00:20.250+0000][8][safepoint   ] Safepoint "Cleanup", Time since last: 3000567236 ns, Reaching safepoint: 105431 ns, At safepoint: 8948 ns, Total: 114379 ns
[2021-04-18T12:00:28.252+0000][8][safepoint   ] Safepoint "Cleanup", Time since last: 8001032942 ns, Reaching safepoint: 101982 ns, At safepoint: 6538 ns, Total: 108520 ns
[2021-04-18T12:00:31.252+0000][8][safepoint   ] Safepoint "Cleanup", Time since last: 3000446645 ns, Reaching safepoint: 164671 ns, At safepoint: 4509 ns, Total: 169180 ns
[2021-04-18T12:00:38.253+0000][8][safepoint   ] Safepoint "Cleanup", Time since last: 7000739550 ns, Reaching safepoint: 164072 ns, At safepoint: 10863 ns, Total: 174935 ns
[2021-04-18T12:00:40.254+0000][8][safepoint   ] Safepoint "Cleanup", Time since last: 2000221725 ns, Reaching safepoint: 145575 ns, At safepoint: 7718 ns, Total: 153293 ns
[2021-04-18T12:00:41.254+0000][8][safepoint   ] Safepoint "Cleanup", Time since last: 1000094014 ns, Reaching safepoint: 105873 ns, At safepoint: 7718 ns, Total: 113591 ns
[2021-04-18T12:00:49.618+0000][8][gc,start    ] GC(80) Pause Young (Normal) (G1 Evacuation Pause)
[2021-04-18T12:00:49.618+0000][8][gc,task     ] GC(80) Using 6 workers of 8 for evacuation
[2021-04-18T12:00:49.618+0000][8][gc,age      ] GC(80) Desired survivor size 6291456 bytes, new threshold 15 (max threshold 15)
[2021-04-18T12:00:49.620+0000][8][gc,age      ] GC(80) Age table with threshold 15 (max threshold 15)
[2021-04-18T12:00:49.620+0000][8][gc,age      ] GC(80) - age   1:     200856 bytes,     200856 total
[2021-04-18T12:00:49.620+0000][8][gc,age      ] GC(80) - age   2:      78688 bytes,     279544 total
[2021-04-18T12:00:49.620+0000][8][gc,age      ] GC(80) - age   3:      48632 bytes,     328176 total
[2021-04-18T12:00:49.620+0000][8][gc,age      ] GC(80) - age   4:     147400 bytes,     475576 total
[2021-04-18T12:00:49.620+0000][8][gc,age      ] GC(80) - age   5:       4144 bytes,     479720 total
[2021-04-18T12:00:49.620+0000][8][gc,age      ] GC(80) - age   6:       1128 bytes,     480848 total
[2021-04-18T12:00:49.620+0000][8][gc,age      ] GC(80) - age   7:     161512 bytes,     642360 total
[2021-04-18T12:00:49.620+0000][8][gc,age      ] GC(80) - age   8:      20672 bytes,     663032 total
[2021-04-18T12:00:49.620+0000][8][gc,age      ] GC(80) - age   9:       2928 bytes,     665960 total
[2021-04-18T12:00:49.620+0000][8][gc,age      ] GC(80) - age  10:       2688 bytes,     668648 total
[2021-04-18T12:00:49.620+0000][8][gc,age      ] GC(80) - age  11:      12464 bytes,     681112 total
[2021-04-18T12:00:49.620+0000][8][gc,age      ] GC(80) - age  12:      12264 bytes,     693376 total
[2021-04-18T12:00:49.620+0000][8][gc,age      ] GC(80) - age  13:      43392 bytes,     736768 total
[2021-04-18T12:00:49.620+0000][8][gc,age      ] GC(80) - age  14:      25968 bytes,     762736 total
[2021-04-18T12:00:49.620+0000][8][gc,age      ] GC(80) - age  15:       2504 bytes,     765240 total
[2021-04-18T12:00:49.620+0000][8][gc,phases   ] GC(80)   Pre Evacuate Collection Set: 0.1ms
[2021-04-18T12:00:49.620+0000][8][gc,phases   ] GC(80)   Merge Heap Roots: 0.1ms
[2021-04-18T12:00:49.620+0000][8][gc,phases   ] GC(80)   Evacuate Collection Set: 1.3ms
[2021-04-18T12:00:49.620+0000][8][gc,phases   ] GC(80)   Post Evacuate Collection Set: 0.5ms
[2021-04-18T12:00:49.620+0000][8][gc,phases   ] GC(80)   Other: 0.2ms
[2021-04-18T12:00:49.620+0000][8][gc,heap     ] GC(80) Eden regions: 22->0(22)
[2021-04-18T12:00:49.620+0000][8][gc,heap     ] GC(80) Survivor regions: 1->1(3)
[2021-04-18T12:00:49.620+0000][8][gc,heap     ] GC(80) Old regions: 26->26
[2021-04-18T12:00:49.620+0000][8][gc,heap     ] GC(80) Archive regions: 2->2
[2021-04-18T12:00:49.620+0000][8][gc,heap     ] GC(80) Humongous regions: 2->2
[2021-04-18T12:00:49.620+0000][8][gc,metaspace] GC(80) Metaspace: 109314K(113444K)->109314K(113444K) NonClass: 95137K(97880K)->95137K(97880K) Class: 14177K(15564K)->14177K(15564K)
[2021-04-18T12:00:49.621+0000][8][gc          ] GC(80) Pause Young (Normal) (G1 Evacuation Pause) 203M->114M(256M) 2.295ms
[2021-04-18T12:00:49.621+0000][8][gc,cpu      ] GC(80) User=0.01s Sys=0.00s Real=0.00s
[2021-04-18T12:00:49.621+0000][8][safepoint   ] Safepoint "G1CollectForAllocation", Time since last: 8364301459 ns, Reaching safepoint: 138534 ns, At safepoint: 2364739 ns, Total: 2503273 ns
[2021-04-18T12:00:52.622+0000][8][safepoint   ] Safepoint "Cleanup", Time since last: 3000776067 ns, Reaching safepoint: 365469 ns, At safepoint: 19207 ns, Total: 384676 ns
[2021-04-18T12:00:58.623+0000][8][safepoint   ] Safepoint "Cleanup", Time since last: 6000732479 ns, Reaching safepoint: 128060 ns, At safepoint: 9277 ns, Total: 137337 ns
[2021-04-18T12:00:59.623+0000][8][safepoint   ] Safepoint "Cleanup", Time since last: 1000389462 ns, Reaching safepoint: 150451 ns, At safepoint: 6415 ns, Total: 156866 ns
[2021-04-18T12:01:01.624+0000][8][safepoint   ] Safepoint "Cleanup", Time since last: 2000549014 ns, Reaching safepoint: 92719 ns, At safepoint: 6447 ns, Total: 99166 ns
[2021-04-18T12:01:04.624+0000][8][safepoint   ] Safepoint "Cleanup", Time since last: 3000548312 ns, Reaching safepoint: 135551 ns, At safepoint: 7402 ns, Total: 142953 ns
[2021-04-18T12:01:19.627+0000][8][safepoint   ] Safepoint "Cleanup", Time since last: 15002201626 ns, Reaching safepoint: 192629 ns, At safepoint: 7823 ns, Total: 200452 ns
[2021-04-18T12:01:20.627+0000][8][safepoint   ] Safepoint "Cleanup", Time since last: 1000095481 ns, Reaching safepoint: 142030 ns, At safepoint: 7128 ns, Total: 149158 ns
[2021-04-18T12:01:22.628+0000][8][safepoint   ] Safepoint "Cleanup", Time since last: 2000973333 ns, Reaching safepoint: 202078 ns, At safepoint: 7578 ns, Total: 209656 ns
[2021-04-18T12:01:25.629+0000][8][safepoint   ] Safepoint "Cleanup", Time since last: 3000600150 ns, Reaching safepoint: 116133 ns, At safepoint: 5126 ns, Total: 121259 ns
[2021-04-18T12:01:28.630+0000][8][safepoint   ] Safepoint "Cleanup", Time since last: 3000423624 ns, Reaching safepoint: 118482 ns, At safepoint: 6079 ns, Total: 124561 ns
[2021-04-18T12:01:49.633+0000][8][safepoint   ] Safepoint "Cleanup", Time since last: 21003158373 ns, Reaching safepoint: 138562 ns, At safepoint: 7183 ns, Total: 145745 ns
[2021-04-18T12:01:52.634+0000][8][safepoint   ] Safepoint "Cleanup", Time since last: 3000554532 ns, Reaching safepoint: 120289 ns, At safepoint: 5881 ns, Total: 126170 ns
[2021-04-18T12:01:58.635+0000][8][safepoint   ] Safepoint "Cleanup", Time since last: 6001548042 ns, Reaching safepoint: 110223 ns, At safepoint: 5779 ns, Total: 116002 ns
[2021-04-18T12:02:05.226+0000][8][gc,start    ] GC(81) Pause Young (Concurrent Start) (G1 Evacuation Pause)
[2021-04-18T12:02:05.226+0000][8][gc,task     ] GC(81) Using 6 workers of 8 for evacuation
[2021-04-18T12:02:05.226+0000][8][gc,age      ] GC(81) Desired survivor size 6291456 bytes, new threshold 15 (max threshold 15)
[2021-04-18T12:02:05.228+0000][8][gc,age      ] GC(81) Age table with threshold 15 (max threshold 15)
[2021-04-18T12:02:05.228+0000][8][gc,age      ] GC(81) - age   1:     454680 bytes,     454680 total
[2021-04-18T12:02:05.228+0000][8][gc,age      ] GC(81) - age   2:     147608 bytes,     602288 total
[2021-04-18T12:02:05.228+0000][8][gc,age      ] GC(81) - age   3:      77800 bytes,     680088 total
[2021-04-18T12:02:05.228+0000][8][gc,age      ] GC(81) - age   4:      48408 bytes,     728496 total
[2021-04-18T12:02:05.228+0000][8][gc,age      ] GC(81) - age   5:     147336 bytes,     875832 total
[2021-04-18T12:02:05.228+0000][8][gc,age      ] GC(81) - age   6:       3688 bytes,     879520 total
[2021-04-18T12:02:05.228+0000][8][gc,age      ] GC(81) - age   7:        648 bytes,     880168 total
[2021-04-18T12:02:05.228+0000][8][gc,age      ] GC(81) - age   8:     161256 bytes,    1041424 total
[2021-04-18T12:02:05.228+0000][8][gc,age      ] GC(81) - age   9:      20672 bytes,    1062096 total
[2021-04-18T12:02:05.228+0000][8][gc,age      ] GC(81) - age  10:       2808 bytes,    1064904 total
[2021-04-18T12:02:05.228+0000][8][gc,age      ] GC(81) - age  11:       2624 bytes,    1067528 total
[2021-04-18T12:02:05.228+0000][8][gc,age      ] GC(81) - age  12:      12400 bytes,    1079928 total
[2021-04-18T12:02:05.228+0000][8][gc,age      ] GC(81) - age  13:      12200 bytes,    1092128 total
[2021-04-18T12:02:05.228+0000][8][gc,age      ] GC(81) - age  14:      43392 bytes,    1135520 total
[2021-04-18T12:02:05.228+0000][8][gc,age      ] GC(81) - age  15:      25968 bytes,    1161488 total
[2021-04-18T12:02:05.228+0000][8][gc,phases   ] GC(81)   Pre Evacuate Collection Set: 0.1ms
[2021-04-18T12:02:05.228+0000][8][gc,phases   ] GC(81)   Merge Heap Roots: 0.0ms
[2021-04-18T12:02:05.228+0000][8][gc,phases   ] GC(81)   Evacuate Collection Set: 1.2ms
[2021-04-18T12:02:05.228+0000][8][gc,phases   ] GC(81)   Post Evacuate Collection Set: 0.4ms
[2021-04-18T12:02:05.228+0000][8][gc,phases   ] GC(81)   Other: 0.2ms
[2021-04-18T12:02:05.228+0000][8][gc,heap     ] GC(81) Eden regions: 22->0(22)
[2021-04-18T12:02:05.228+0000][8][gc,heap     ] GC(81) Survivor regions: 1->1(3)
[2021-04-18T12:02:05.228+0000][8][gc,heap     ] GC(81) Old regions: 26->26
[2021-04-18T12:02:05.228+0000][8][gc,heap     ] GC(81) Archive regions: 2->2
[2021-04-18T12:02:05.228+0000][8][gc,heap     ] GC(81) Humongous regions: 2->2
[2021-04-18T12:02:05.228+0000][8][gc,metaspace] GC(81) Metaspace: 109351K(113700K)->109351K(113700K) NonClass: 95173K(98136K)->95173K(98136K) Class: 14177K(15564K)->14177K(15564K)
[2021-04-18T12:02:05.228+0000][8][gc          ] GC(81) Pause Young (Concurrent Start) (G1 Evacuation Pause) 202M->114M(256M) 2.094ms
[2021-04-18T12:02:05.228+0000][8][gc,cpu      ] GC(81) User=0.01s Sys=0.00s Real=0.00s
[2021-04-18T12:02:05.228+0000][8][gc          ] GC(82) Concurrent Cycle
[2021-04-18T12:02:05.228+0000][8][safepoint   ] Safepoint "G1CollectForAllocation", Time since last: 6590631079 ns, Reaching safepoint: 117494 ns, At safepoint: 2165952 ns, Total: 2283446 ns
[2021-04-18T12:02:05.228+0000][8][gc,marking  ] GC(82) Concurrent Clear Claimed Marks
[2021-04-18T12:02:05.228+0000][8][gc,marking  ] GC(82) Concurrent Clear Claimed Marks 0.069ms
[2021-04-18T12:02:05.228+0000][8][gc,marking  ] GC(82) Concurrent Scan Root Regions
[2021-04-18T12:02:05.231+0000][8][gc,marking  ] GC(82) Concurrent Scan Root Regions 2.391ms
[2021-04-18T12:02:05.231+0000][8][gc,marking  ] GC(82) Concurrent Mark (1709.764s)
[2021-04-18T12:02:05.231+0000][8][gc,marking  ] GC(82) Concurrent Mark From Roots
[2021-04-18T12:02:05.231+0000][8][gc,task     ] GC(82) Using 2 workers of 2 for marking
[2021-04-18T12:02:05.312+0000][8][gc,marking  ] GC(82) Concurrent Mark From Roots 81.222ms
[2021-04-18T12:02:05.312+0000][8][gc,marking  ] GC(82) Concurrent Preclean
[2021-04-18T12:02:05.312+0000][8][gc,marking  ] GC(82) Concurrent Preclean 0.219ms
[2021-04-18T12:02:05.312+0000][8][gc,marking  ] GC(82) Concurrent Mark (1709.764s, 1709.846s) 81.488ms
[2021-04-18T12:02:05.312+0000][8][gc,start    ] GC(82) Pause Remark
[2021-04-18T12:02:05.318+0000][8][gc          ] GC(82) Pause Remark 117M->117M(256M) 5.352ms
[2021-04-18T12:02:05.318+0000][8][gc,cpu      ] GC(82) User=0.03s Sys=0.00s Real=0.01s
[2021-04-18T12:02:05.318+0000][8][safepoint   ] Safepoint "G1Concurrent", Time since last: 84069832 ns, Reaching safepoint: 167225 ns, At safepoint: 5428733 ns, Total: 5595958 ns
[2021-04-18T12:02:05.318+0000][8][gc,marking  ] GC(82) Concurrent Rebuild Remembered Sets
[2021-04-18T12:02:05.391+0000][8][gc,marking  ] GC(82) Concurrent Rebuild Remembered Sets 73.114ms
[2021-04-18T12:02:05.391+0000][8][gc,start    ] GC(82) Pause Cleanup
[2021-04-18T12:02:05.391+0000][8][gc          ] GC(82) Pause Cleanup 117M->117M(256M) 0.070ms
[2021-04-18T12:02:05.391+0000][8][gc,cpu      ] GC(82) User=0.00s Sys=0.00s Real=0.00s
[2021-04-18T12:02:05.391+0000][8][safepoint   ] Safepoint "G1Concurrent", Time since last: 73269017 ns, Reaching safepoint: 121761 ns, At safepoint: 111732 ns, Total: 233493 ns
[2021-04-18T12:02:05.391+0000][8][gc,marking  ] GC(82) Concurrent Cleanup for Next Mark
[2021-04-18T12:02:05.392+0000][8][gc,marking  ] GC(82) Concurrent Cleanup for Next Mark 0.267ms
[2021-04-18T12:02:05.392+0000][8][gc          ] GC(82) Concurrent Cycle 163.520ms
[2021-04-18T12:02:22.394+0000][8][safepoint   ] Safepoint "Cleanup", Time since last: 17002149458 ns, Reaching safepoint: 197312 ns, At safepoint: 7352 ns, Total: 204664 ns
[2021-04-18T12:02:23.394+0000][8][safepoint   ] Safepoint "Cleanup", Time since last: 1000092666 ns, Reaching safepoint: 102690 ns, At safepoint: 6256 ns, Total: 108946 ns
[2021-04-18T12:02:25.394+0000][8][safepoint   ] Safepoint "Cleanup", Time since last: 2000286019 ns, Reaching safepoint: 117888 ns, At safepoint: 6683 ns, Total: 124571 ns
[2021-04-18T12:02:46.398+0000][8][safepoint   ] Safepoint "Cleanup", Time since last: 21003149880 ns, Reaching safepoint: 82014 ns, At safepoint: 7758 ns, Total: 89772 ns
[2021-04-18T12:02:55.399+0000][8][safepoint   ] Safepoint "Cleanup", Time since last: 9001263869 ns, Reaching safepoint: 129506 ns, At safepoint: 8366 ns, Total: 137872 ns
[2021-04-18T12:02:57.400+0000][8][safepoint   ] Safepoint "Cleanup", Time since last: 2000563156 ns, Reaching safepoint: 104691 ns, At safepoint: 6062 ns, Total: 110753 ns
[2021-04-18T12:02:58.400+0000][8][safepoint   ] Safepoint "Cleanup", Time since last: 1000589120 ns, Reaching safepoint: 178812 ns, At safepoint: 7514 ns, Total: 186326 ns
[2021-04-18T12:03:19.117+0000][8][gc,start    ] GC(83) Pause Young (Normal) (G1 Evacuation Pause)
[2021-04-18T12:03:19.117+0000][8][gc,task     ] GC(83) Using 6 workers of 8 for evacuation
[2021-04-18T12:03:19.117+0000][8][gc,age      ] GC(83) Desired survivor size 6291456 bytes, new threshold 15 (max threshold 15)
[2021-04-18T12:03:19.119+0000][8][gc,age      ] GC(83) Age table with threshold 15 (max threshold 15)
[2021-04-18T12:03:19.119+0000][8][gc,age      ] GC(83) - age   1:     512560 bytes,     512560 total
[2021-04-18T12:03:19.119+0000][8][gc,age      ] GC(83) - age   2:     334912 bytes,     847472 total
[2021-04-18T12:03:19.119+0000][8][gc,age      ] GC(83) - age   3:     147424 bytes,     994896 total
[2021-04-18T12:03:19.119+0000][8][gc,age      ] GC(83) - age   4:      76864 bytes,    1071760 total
[2021-04-18T12:03:19.119+0000][8][gc,age      ] GC(83) - age   5:      48312 bytes,    1120072 total
[2021-04-18T12:03:19.119+0000][8][gc,age      ] GC(83) - age   6:     147336 bytes,    1267408 total
[2021-04-18T12:03:19.119+0000][8][gc,age      ] GC(83) - age   7:       3288 bytes,    1270696 total
[2021-04-18T12:03:19.119+0000][8][gc,age      ] GC(83) - age   8:        648 bytes,    1271344 total
[2021-04-18T12:03:19.119+0000][8][gc,age      ] GC(83) - age   9:     161256 bytes,    1432600 total
[2021-04-18T12:03:19.119+0000][8][gc,age      ] GC(83) - age  10:      20672 bytes,    1453272 total
[2021-04-18T12:03:19.119+0000][8][gc,age      ] GC(83) - age  11:       2808 bytes,    1456080 total
[2021-04-18T12:03:19.119+0000][8][gc,age      ] GC(83) - age  12:       2328 bytes,    1458408 total
[2021-04-18T12:03:19.119+0000][8][gc,age      ] GC(83) - age  13:      12400 bytes,    1470808 total
[2021-04-18T12:03:19.119+0000][8][gc,age      ] GC(83) - age  14:      12200 bytes,    1483008 total
[2021-04-18T12:03:19.119+0000][8][gc,age      ] GC(83) - age  15:      43392 bytes,    1526400 total
[2021-04-18T12:03:19.119+0000][8][gc,phases   ] GC(83)   Pre Evacuate Collection Set: 0.0ms
[2021-04-18T12:03:19.119+0000][8][gc,phases   ] GC(83)   Merge Heap Roots: 0.1ms
[2021-04-18T12:03:19.119+0000][8][gc,phases   ] GC(83)   Evacuate Collection Set: 1.5ms
[2021-04-18T12:03:19.119+0000][8][gc,phases   ] GC(83)   Post Evacuate Collection Set: 0.4ms
[2021-04-18T12:03:19.119+0000][8][gc,phases   ] GC(83)   Other: 0.3ms
[2021-04-18T12:03:19.119+0000][8][gc,heap     ] GC(83) Eden regions: 22->0(22)
[2021-04-18T12:03:19.119+0000][8][gc,heap     ] GC(83) Survivor regions: 1->1(3)
[2021-04-18T12:03:19.119+0000][8][gc,heap     ] GC(83) Old regions: 26->26
[2021-04-18T12:03:19.119+0000][8][gc,heap     ] GC(83) Archive regions: 2->2
[2021-04-18T12:03:19.119+0000][8][gc,heap     ] GC(83) Humongous regions: 2->2
[2021-04-18T12:03:19.119+0000][8][gc,metaspace] GC(83) Metaspace: 109394K(113700K)->109394K(113700K) NonClass: 95214K(98136K)->95214K(98136K) Class: 14179K(15564K)->14179K(15564K)
[2021-04-18T12:03:19.119+0000][8][gc          ] GC(83) Pause Young (Normal) (G1 Evacuation Pause) 202M->115M(256M) 2.402ms
[2021-04-18T12:03:19.119+0000][8][gc,cpu      ] GC(83) User=0.01s Sys=0.00s Real=0.01s
[2021-04-18T12:03:19.119+0000][8][safepoint   ] Safepoint "G1CollectForAllocation", Time since last: 20716583470 ns, Reaching safepoint: 72275 ns, At safepoint: 2472381 ns, Total: 2544656 ns
[2021-04-18T12:03:26.120+0000][8][safepoint   ] Safepoint "Cleanup", Time since last: 7000691046 ns, Reaching safepoint: 161303 ns, At safepoint: 9283 ns, Total: 170586 ns
[2021-04-18T12:03:37.123+0000][8][safepoint   ] Safepoint "Cleanup", Time since last: 11002305121 ns, Reaching safepoint: 88464 ns, At safepoint: 6086 ns, Total: 94550 ns
[2021-04-18T12:03:47.124+0000][8][safepoint   ] Safepoint "Cleanup", Time since last: 10001225214 ns, Reaching safepoint: 105209 ns, At safepoint: 6328 ns, Total: 111537 ns
[2021-04-18T12:03:55.126+0000][8][safepoint   ] Safepoint "Cleanup", Time since last: 8001473606 ns, Reaching safepoint: 97259 ns, At safepoint: 7100 ns, Total: 104359 ns
[2021-04-18T12:03:56.126+0000][8][safepoint   ] Safepoint "Cleanup", Time since last: 1000306386 ns, Reaching safepoint: 149186 ns, At safepoint: 5782 ns, Total: 154968 ns
[2021-04-18T12:03:58.127+0000][8][safepoint   ] Safepoint "Cleanup", Time since last: 2000409856 ns, Reaching safepoint: 157770 ns, At safepoint: 6412 ns, Total: 164182 ns
[2021-04-18T12:03:59.127+0000][8][safepoint   ] Safepoint "Cleanup", Time since last: 1000446278 ns, Reaching safepoint: 145719 ns, At safepoint: 7269 ns, Total: 152988 ns
[2021-04-18T12:04:00.128+0000][8][safepoint   ] Safepoint "Cleanup", Time since last: 1000162320 ns, Reaching safepoint: 142890 ns, At safepoint: 7321 ns, Total: 150211 ns
[2021-04-18T12:04:01.128+0000][8][safepoint   ] Safepoint "Cleanup", Time since last: 1000096215 ns, Reaching safepoint: 104031 ns, At safepoint: 6717 ns, Total: 110748 ns
[2021-04-18T12:04:04.129+0000][8][safepoint   ] Safepoint "Cleanup", Time since last: 3000645010 ns, Reaching safepoint: 140905 ns, At safepoint: 7255 ns, Total: 148160 ns
[2021-04-18T12:04:13.122+0000][8][gc,start    ] GC(84) Pause Young (Concurrent Start) (G1 Evacuation Pause)
[2021-04-18T12:04:13.122+0000][8][gc,task     ] GC(84) Using 6 workers of 8 for evacuation
[2021-04-18T12:04:13.122+0000][8][gc,age      ] GC(84) Desired survivor size 6291456 bytes, new threshold 15 (max threshold 15)
[2021-04-18T12:04:13.125+0000][8][gc,age      ] GC(84) Age table with threshold 15 (max threshold 15)
[2021-04-18T12:04:13.125+0000][8][gc,age      ] GC(84) - age   1:     887712 bytes,     887712 total
[2021-04-18T12:04:13.125+0000][8][gc,age      ] GC(84) - age   2:     325672 bytes,    1213384 total
[2021-04-18T12:04:13.125+0000][8][gc,age      ] GC(84) - age   3:     317896 bytes,    1531280 total
[2021-04-18T12:04:13.125+0000][8][gc,age      ] GC(84) - age   4:     146344 bytes,    1677624 total
[2021-04-18T12:04:13.125+0000][8][gc,age      ] GC(84) - age   5:      76288 bytes,    1753912 total
[2021-04-18T12:04:13.125+0000][8][gc,age      ] GC(84) - age   6:      32128 bytes,    1786040 total
[2021-04-18T12:04:13.125+0000][8][gc,age      ] GC(84) - age   7:     147240 bytes,    1933280 total
[2021-04-18T12:04:13.125+0000][8][gc,age      ] GC(84) - age   8:       3184 bytes,    1936464 total
[2021-04-18T12:04:13.125+0000][8][gc,age      ] GC(84) - age   9:        648 bytes,    1937112 total
[2021-04-18T12:04:13.125+0000][8][gc,age      ] GC(84) - age  10:      56992 bytes,    1994104 total
[2021-04-18T12:04:13.125+0000][8][gc,age      ] GC(84) - age  11:      19752 bytes,    2013856 total
[2021-04-18T12:04:13.125+0000][8][gc,age      ] GC(84) - age  12:       2808 bytes,    2016664 total
[2021-04-18T12:04:13.125+0000][8][gc,age      ] GC(84) - age  13:       2328 bytes,    2018992 total
[2021-04-18T12:04:13.125+0000][8][gc,age      ] GC(84) - age  14:      12400 bytes,    2031392 total
[2021-04-18T12:04:13.125+0000][8][gc,age      ] GC(84) - age  15:      12200 bytes,    2043592 total
[2021-04-18T12:04:13.125+0000][8][gc,phases   ] GC(84)   Pre Evacuate Collection Set: 0.1ms
[2021-04-18T12:04:13.125+0000][8][gc,phases   ] GC(84)   Merge Heap Roots: 0.0ms
[2021-04-18T12:04:13.125+0000][8][gc,phases   ] GC(84)   Evacuate Collection Set: 1.4ms
[2021-04-18T12:04:13.125+0000][8][gc,phases   ] GC(84)   Post Evacuate Collection Set: 0.6ms
[2021-04-18T12:04:13.125+0000][8][gc,phases   ] GC(84)   Other: 0.2ms
[2021-04-18T12:04:13.125+0000][8][gc,heap     ] GC(84) Eden regions: 22->0(22)
[2021-04-18T12:04:13.125+0000][8][gc,heap     ] GC(84) Survivor regions: 1->1(3)
[2021-04-18T12:04:13.125+0000][8][gc,heap     ] GC(84) Old regions: 26->26
[2021-04-18T12:04:13.125+0000][8][gc,heap     ] GC(84) Archive regions: 2->2
[2021-04-18T12:04:13.125+0000][8][gc,heap     ] GC(84) Humongous regions: 2->2
[2021-04-18T12:04:13.125+0000][8][gc,metaspace] GC(84) Metaspace: 109461K(113700K)->109461K(113700K) NonClass: 95281K(98136K)->95281K(98136K) Class: 14179K(15564K)->14179K(15564K)
[2021-04-18T12:04:13.125+0000][8][gc          ] GC(84) Pause Young (Concurrent Start) (G1 Evacuation Pause) 203M->115M(256M) 2.498ms
[2021-04-18T12:04:13.125+0000][8][gc,cpu      ] GC(84) User=0.01s Sys=0.00s Real=0.00s
[2021-04-18T12:04:13.125+0000][8][safepoint   ] Safepoint "G1CollectForAllocation", Time since last: 8993659434 ns, Reaching safepoint: 141378 ns, At safepoint: 2565272 ns, Total: 2706650 ns
[2021-04-18T12:04:13.125+0000][8][gc          ] GC(85) Concurrent Cycle
[2021-04-18T12:04:13.125+0000][8][gc,marking  ] GC(85) Concurrent Clear Claimed Marks
[2021-04-18T12:04:13.125+0000][8][gc,marking  ] GC(85) Concurrent Clear Claimed Marks 0.071ms
[2021-04-18T12:04:13.125+0000][8][gc,marking  ] GC(85) Concurrent Scan Root Regions
[2021-04-18T12:04:13.127+0000][8][gc,marking  ] GC(85) Concurrent Scan Root Regions 1.588ms
[2021-04-18T12:04:13.127+0000][8][gc,marking  ] GC(85) Concurrent Mark (1837.661s)
[2021-04-18T12:04:13.127+0000][8][gc,marking  ] GC(85) Concurrent Mark From Roots
[2021-04-18T12:04:13.127+0000][8][gc,task     ] GC(85) Using 2 workers of 2 for marking
[2021-04-18T12:04:13.210+0000][8][gc,marking  ] GC(85) Concurrent Mark From Roots 83.012ms
[2021-04-18T12:04:13.210+0000][8][gc,marking  ] GC(85) Concurrent Preclean
[2021-04-18T12:04:13.210+0000][8][gc,marking  ] GC(85) Concurrent Preclean 0.211ms
[2021-04-18T12:04:13.210+0000][8][gc,marking  ] GC(85) Concurrent Mark (1837.661s, 1837.744s) 83.268ms
[2021-04-18T12:04:13.210+0000][8][gc,start    ] GC(85) Pause Remark
[2021-04-18T12:04:13.216+0000][8][gc          ] GC(85) Pause Remark 116M->116M(256M) 5.717ms
[2021-04-18T12:04:13.216+0000][8][gc,cpu      ] GC(85) User=0.04s Sys=0.00s Real=0.00s
[2021-04-18T12:04:13.216+0000][8][safepoint   ] Safepoint "G1Concurrent", Time since last: 85031312 ns, Reaching safepoint: 112418 ns, At safepoint: 5812833 ns, Total: 5925251 ns
[2021-04-18T12:04:13.216+0000][8][gc,marking  ] GC(85) Concurrent Rebuild Remembered Sets
[2021-04-18T12:04:13.271+0000][8][gc,marking  ] GC(85) Concurrent Rebuild Remembered Sets 54.697ms
[2021-04-18T12:04:13.271+0000][8][gc,start    ] GC(85) Pause Cleanup
[2021-04-18T12:04:13.271+0000][8][gc          ] GC(85) Pause Cleanup 116M->116M(256M) 0.063ms
[2021-04-18T12:04:13.271+0000][8][gc,cpu      ] GC(85) User=0.00s Sys=0.00s Real=0.00s
[2021-04-18T12:04:13.271+0000][8][safepoint   ] Safepoint "G1Concurrent", Time since last: 54840414 ns, Reaching safepoint: 111847 ns, At safepoint: 101861 ns, Total: 213708 ns
[2021-04-18T12:04:13.271+0000][8][gc,marking  ] GC(85) Concurrent Cleanup for Next Mark
[2021-04-18T12:04:13.271+0000][8][gc,marking  ] GC(85) Concurrent Cleanup for Next Mark 0.154ms
[2021-04-18T12:04:13.271+0000][8][gc          ] GC(85) Concurrent Cycle 146.164ms
[2021-04-18T12:04:15.271+0000][8][safepoint   ] Safepoint "Cleanup", Time since last: 2000397778 ns, Reaching safepoint: 110111 ns, At safepoint: 6476 ns, Total: 116587 ns
[2021-04-18T12:04:16.272+0000][8][safepoint   ] Safepoint "Cleanup", Time since last: 1000140789 ns, Reaching safepoint: 139595 ns, At safepoint: 8352 ns, Total: 147947 ns
[2021-04-18T12:04:17.272+0000][8][safepoint   ] Safepoint "Cleanup", Time since last: 1000169844 ns, Reaching safepoint: 172167 ns, At safepoint: 5541 ns, Total: 177708 ns
[2021-04-18T12:04:20.273+0000][8][safepoint   ] Safepoint "Cleanup", Time since last: 3001055340 ns, Reaching safepoint: 119301 ns, At safepoint: 6924 ns, Total: 126225 ns
[2021-04-18T12:04:28.275+0000][8][safepoint   ] Safepoint "Cleanup", Time since last: 8001341641 ns, Reaching safepoint: 145781 ns, At safepoint: 8231 ns, Total: 154012 ns
[2021-04-18T12:04:29.275+0000][8][safepoint   ] Safepoint "Cleanup", Time since last: 1000211873 ns, Reaching safepoint: 115163 ns, At safepoint: 6599 ns, Total: 121762 ns
[2021-04-18T12:04:32.276+0000][8][safepoint   ] Safepoint "Cleanup", Time since last: 3000230069 ns, Reaching safepoint: 124919 ns, At safepoint: 6838 ns, Total: 131757 ns
[2021-04-18T12:04:55.281+0000][8][safepoint   ] Safepoint "Cleanup", Time since last: 23005214373 ns, Reaching safepoint: 177972 ns, At safepoint: 6820 ns, Total: 184792 ns
[2021-04-18T12:04:57.155+0000][8][gc,start    ] GC(86) Pause Young (Normal) (G1 Evacuation Pause)
[2021-04-18T12:04:57.155+0000][8][gc,task     ] GC(86) Using 6 workers of 8 for evacuation
[2021-04-18T12:04:57.155+0000][8][gc,age      ] GC(86) Desired survivor size 6291456 bytes, new threshold 15 (max threshold 15)
[2021-04-18T12:04:57.157+0000][8][gc,age      ] GC(86) Age table with threshold 15 (max threshold 15)
[2021-04-18T12:04:57.157+0000][8][gc,age      ] GC(86) - age   1:     441944 bytes,     441944 total
[2021-04-18T12:04:57.157+0000][8][gc,age      ] GC(86) - age   2:     218632 bytes,     660576 total
[2021-04-18T12:04:57.157+0000][8][gc,age      ] GC(86) - age   3:      19184 bytes,     679760 total
[2021-04-18T12:04:57.157+0000][8][gc,age      ] GC(86) - age   4:      15336 bytes,     695096 total
[2021-04-18T12:04:57.157+0000][8][gc,age      ] GC(86) - age   5:     146280 bytes,     841376 total
[2021-04-18T12:04:57.157+0000][8][gc,age      ] GC(86) - age   6:      60736 bytes,     902112 total
[2021-04-18T12:04:57.157+0000][8][gc,age      ] GC(86) - age   7:       2968 bytes,     905080 total
[2021-04-18T12:04:57.157+0000][8][gc,age      ] GC(86) - age   8:       4208 bytes,     909288 total
[2021-04-18T12:04:57.157+0000][8][gc,age      ] GC(86) - age   9:       3184 bytes,     912472 total
[2021-04-18T12:04:57.157+0000][8][gc,age      ] GC(86) - age  10:        584 bytes,     913056 total
[2021-04-18T12:04:57.157+0000][8][gc,age      ] GC(86) - age  11:      56512 bytes,     969568 total
[2021-04-18T12:04:57.157+0000][8][gc,age      ] GC(86) - age  12:      19752 bytes,     989320 total
[2021-04-18T12:04:57.157+0000][8][gc,age      ] GC(86) - age  13:       2808 bytes,     992128 total
[2021-04-18T12:04:57.157+0000][8][gc,age      ] GC(86) - age  14:       2328 bytes,     994456 total
[2021-04-18T12:04:57.157+0000][8][gc,age      ] GC(86) - age  15:      12296 bytes,    1006752 total
[2021-04-18T12:04:57.158+0000][8][gc,phases   ] GC(86)   Pre Evacuate Collection Set: 0.1ms
[2021-04-18T12:04:57.158+0000][8][gc,phases   ] GC(86)   Merge Heap Roots: 0.1ms
[2021-04-18T12:04:57.158+0000][8][gc,phases   ] GC(86)   Evacuate Collection Set: 1.4ms
[2021-04-18T12:04:57.158+0000][8][gc,phases   ] GC(86)   Post Evacuate Collection Set: 0.5ms
[2021-04-18T12:04:57.158+0000][8][gc,phases   ] GC(86)   Other: 0.2ms
[2021-04-18T12:04:57.158+0000][8][gc,heap     ] GC(86) Eden regions: 22->0(22)
[2021-04-18T12:04:57.158+0000][8][gc,heap     ] GC(86) Survivor regions: 1->1(3)
[2021-04-18T12:04:57.158+0000][8][gc,heap     ] GC(86) Old regions: 26->26
[2021-04-18T12:04:57.158+0000][8][gc,heap     ] GC(86) Archive regions: 2->2
[2021-04-18T12:04:57.158+0000][8][gc,heap     ] GC(86) Humongous regions: 2->2
[2021-04-18T12:04:57.158+0000][8][gc,metaspace] GC(86) Metaspace: 109519K(113700K)->109519K(113700K) NonClass: 95339K(98136K)->95339K(98136K) Class: 14179K(15564K)->14179K(15564K)
[2021-04-18T12:04:57.158+0000][8][gc          ] GC(86) Pause Young (Normal) (G1 Evacuation Pause) 203M->114M(256M) 2.267ms
[2021-04-18T12:04:57.158+0000][8][gc,cpu      ] GC(86) User=0.01s Sys=0.00s Real=0.01s
[2021-04-18T12:04:57.158+0000][8][safepoint   ] Safepoint "G1CollectForAllocation", Time since last: 1874224407 ns, Reaching safepoint: 171986 ns, At safepoint: 2338822 ns, Total: 2510808 ns
[2021-04-18T12:04:58.158+0000][8][safepoint   ] Safepoint "Cleanup", Time since last: 1000151254 ns, Reaching safepoint: 90365 ns, At safepoint: 5897 ns, Total: 96262 ns
[2021-04-18T12:05:12.161+0000][8][safepoint   ] Safepoint "Cleanup", Time since last: 14003235306 ns, Reaching safepoint: 96409 ns, At safepoint: 7891 ns, Total: 104300 ns
[2021-04-18T12:05:17.162+0000][8][safepoint   ] Safepoint "Cleanup", Time since last: 5001098382 ns, Reaching safepoint: 119211 ns, At safepoint: 6222 ns, Total: 125433 ns
[2021-04-18T12:05:22.164+0000][8][safepoint   ] Safepoint "Cleanup", Time since last: 5001586577 ns, Reaching safepoint: 110107 ns, At safepoint: 5763 ns, Total: 115870 ns
[2021-04-18T12:05:31.166+0000][8][safepoint   ] Safepoint "Cleanup", Time since last: 9001865914 ns, Reaching safepoint: 172474 ns, At safepoint: 7477 ns, Total: 179951 ns
[2021-04-18T12:05:32.167+0000][8][safepoint   ] Safepoint "Cleanup", Time since last: 1000295856 ns, Reaching safepoint: 140633 ns, At safepoint: 7251 ns, Total: 147884 ns
[2021-04-18T12:05:40.168+0000][8][safepoint   ] Safepoint "Cleanup", Time since last: 8001645656 ns, Reaching safepoint: 143824 ns, At safepoint: 7535 ns, Total: 151359 ns
[2021-04-18T12:05:55.172+0000][8][safepoint   ] Safepoint "Cleanup", Time since last: 15003477854 ns, Reaching safepoint: 103009 ns, At safepoint: 6137 ns, Total: 109146 ns
[2021-04-18T12:05:57.173+0000][8][safepoint   ] Safepoint "Cleanup", Time since last: 2000390330 ns, Reaching safepoint: 112310 ns, At safepoint: 5404 ns, Total: 117714 ns
[2021-04-18T12:05:58.173+0000][8][safepoint   ] Safepoint "Cleanup", Time since last: 1000346458 ns, Reaching safepoint: 177514 ns, At safepoint: 9337 ns, Total: 186851 ns
[2021-04-18T12:06:00.174+0000][8][safepoint   ] Safepoint "Cleanup", Time since last: 2000416852 ns, Reaching safepoint: 100169 ns, At safepoint: 7353 ns, Total: 107522 ns
[2021-04-18T12:06:01.174+0000][8][safepoint   ] Safepoint "Cleanup", Time since last: 1000158061 ns, Reaching safepoint: 218780 ns, At safepoint: 8221 ns, Total: 227001 ns
[2021-04-18T12:06:12.167+0000][8][gc,start    ] GC(87) Pause Young (Concurrent Start) (G1 Evacuation Pause)
[2021-04-18T12:06:12.167+0000][8][gc,task     ] GC(87) Using 6 workers of 8 for evacuation
[2021-04-18T12:06:12.167+0000][8][gc,age      ] GC(87) Desired survivor size 6291456 bytes, new threshold 15 (max threshold 15)
[2021-04-18T12:06:12.170+0000][8][gc,age      ] GC(87) Age table with threshold 15 (max threshold 15)
[2021-04-18T12:06:12.170+0000][8][gc,age      ] GC(87) - age   1:     474408 bytes,     474408 total
[2021-04-18T12:06:12.170+0000][8][gc,age      ] GC(87) - age   2:     348048 bytes,     822456 total
[2021-04-18T12:06:12.170+0000][8][gc,age      ] GC(87) - age   3:     217472 bytes,    1039928 total
[2021-04-18T12:06:12.170+0000][8][gc,age      ] GC(87) - age   4:      18888 bytes,    1058816 total
[2021-04-18T12:06:12.170+0000][8][gc,age      ] GC(87) - age   5:      14992 bytes,    1073808 total
[2021-04-18T12:06:12.170+0000][8][gc,age      ] GC(87) - age   6:     146104 bytes,    1219912 total
[2021-04-18T12:06:12.170+0000][8][gc,age      ] GC(87) - age   7:      60696 bytes,    1280608 total
[2021-04-18T12:06:12.170+0000][8][gc,age      ] GC(87) - age   8:       2968 bytes,    1283576 total
[2021-04-18T12:06:12.170+0000][8][gc,age      ] GC(87) - age   9:       4208 bytes,    1287784 total
[2021-04-18T12:06:12.170+0000][8][gc,age      ] GC(87) - age  10:       3184 bytes,    1290968 total
[2021-04-18T12:06:12.170+0000][8][gc,age      ] GC(87) - age  11:        584 bytes,    1291552 total
[2021-04-18T12:06:12.170+0000][8][gc,age      ] GC(87) - age  12:      56448 bytes,    1348000 total
[2021-04-18T12:06:12.170+0000][8][gc,age      ] GC(87) - age  13:      19752 bytes,    1367752 total
[2021-04-18T12:06:12.170+0000][8][gc,age      ] GC(87) - age  14:       2744 bytes,    1370496 total
[2021-04-18T12:06:12.170+0000][8][gc,age      ] GC(87) - age  15:       2328 bytes,    1372824 total
[2021-04-18T12:06:12.170+0000][8][gc,phases   ] GC(87)   Pre Evacuate Collection Set: 0.1ms
[2021-04-18T12:06:12.170+0000][8][gc,phases   ] GC(87)   Merge Heap Roots: 0.0ms
[2021-04-18T12:06:12.170+0000][8][gc,phases   ] GC(87)   Evacuate Collection Set: 1.4ms
[2021-04-18T12:06:12.170+0000][8][gc,phases   ] GC(87)   Post Evacuate Collection Set: 0.6ms
[2021-04-18T12:06:12.170+0000][8][gc,phases   ] GC(87)   Other: 0.3ms
[2021-04-18T12:06:12.170+0000][8][gc,heap     ] GC(87) Eden regions: 22->0(22)
[2021-04-18T12:06:12.170+0000][8][gc,heap     ] GC(87) Survivor regions: 1->1(3)
[2021-04-18T12:06:12.170+0000][8][gc,heap     ] GC(87) Old regions: 26->26
[2021-04-18T12:06:12.170+0000][8][gc,heap     ] GC(87) Archive regions: 2->2
[2021-04-18T12:06:12.170+0000][8][gc,heap     ] GC(87) Humongous regions: 2->2
[2021-04-18T12:06:12.170+0000][8][gc,metaspace] GC(87) Metaspace: 109569K(113700K)->109569K(113700K) NonClass: 95389K(98136K)->95389K(98136K) Class: 14179K(15564K)->14179K(15564K)
[2021-04-18T12:06:12.170+0000][8][gc          ] GC(87) Pause Young (Concurrent Start) (G1 Evacuation Pause) 202M->114M(256M) 2.535ms
[2021-04-18T12:06:12.170+0000][8][gc,cpu      ] GC(87) User=0.01s Sys=0.00s Real=0.01s
[2021-04-18T12:06:12.170+0000][8][safepoint   ] Safepoint "G1CollectForAllocation", Time since last: 10993221978 ns, Reaching safepoint: 104416 ns, At safepoint: 2617447 ns, Total: 2721863 ns
[2021-04-18T12:06:12.170+0000][8][gc          ] GC(88) Concurrent Cycle
[2021-04-18T12:06:12.170+0000][8][gc,marking  ] GC(88) Concurrent Clear Claimed Marks
[2021-04-18T12:06:12.170+0000][8][gc,marking  ] GC(88) Concurrent Clear Claimed Marks 0.081ms
[2021-04-18T12:06:12.170+0000][8][gc,marking  ] GC(88) Concurrent Scan Root Regions
[2021-04-18T12:06:12.171+0000][8][gc,marking  ] GC(88) Concurrent Scan Root Regions 1.206ms
[2021-04-18T12:06:12.171+0000][8][gc,marking  ] GC(88) Concurrent Mark (1956.705s)
[2021-04-18T12:06:12.171+0000][8][gc,marking  ] GC(88) Concurrent Mark From Roots
[2021-04-18T12:06:12.171+0000][8][gc,task     ] GC(88) Using 2 workers of 2 for marking
[2021-04-18T12:06:12.253+0000][8][gc,marking  ] GC(88) Concurrent Mark From Roots 81.911ms
[2021-04-18T12:06:12.253+0000][8][gc,marking  ] GC(88) Concurrent Preclean
[2021-04-18T12:06:12.253+0000][8][gc,marking  ] GC(88) Concurrent Preclean 0.224ms
[2021-04-18T12:06:12.253+0000][8][gc,marking  ] GC(88) Concurrent Mark (1956.705s, 1956.787s) 82.184ms
[2021-04-18T12:06:12.254+0000][8][gc,start    ] GC(88) Pause Remark
[2021-04-18T12:06:12.260+0000][8][gc          ] GC(88) Pause Remark 115M->115M(256M) 6.205ms
[2021-04-18T12:06:12.260+0000][8][gc,cpu      ] GC(88) User=0.03s Sys=0.00s Real=0.01s
[2021-04-18T12:06:12.260+0000][8][safepoint   ] Safepoint "G1Concurrent", Time since last: 83612743 ns, Reaching safepoint: 181728 ns, At safepoint: 6278761 ns, Total: 6460489 ns
[2021-04-18T12:06:12.260+0000][8][gc,marking  ] GC(88) Concurrent Rebuild Remembered Sets
[2021-04-18T12:06:12.315+0000][8][gc,marking  ] GC(88) Concurrent Rebuild Remembered Sets 54.900ms
[2021-04-18T12:06:12.315+0000][8][gc,start    ] GC(88) Pause Cleanup
[2021-04-18T12:06:12.315+0000][8][gc          ] GC(88) Pause Cleanup 115M->115M(256M) 0.072ms
[2021-04-18T12:06:12.315+0000][8][gc,cpu      ] GC(88) User=0.00s Sys=0.00s Real=0.00s
[2021-04-18T12:06:12.315+0000][8][safepoint   ] Safepoint "G1Concurrent", Time since last: 55042723 ns, Reaching safepoint: 94515 ns, At safepoint: 112674 ns, Total: 207189 ns
[2021-04-18T12:06:12.315+0000][8][gc,marking  ] GC(88) Concurrent Cleanup for Next Mark
[2021-04-18T12:06:12.315+0000][8][gc,marking  ] GC(88) Concurrent Cleanup for Next Mark 0.192ms
[2021-04-18T12:06:12.316+0000][8][gc          ] GC(88) Concurrent Cycle 145.575ms
[2021-04-18T12:06:20.317+0000][8][safepoint   ] Safepoint "Cleanup", Time since last: 8001379208 ns, Reaching safepoint: 160177 ns, At safepoint: 7382 ns, Total: 167559 ns
[2021-04-18T12:06:23.268+0000][8][gc,heap,exit] Heap
[2021-04-18T12:06:23.268+0000][8][gc,heap,exit]  garbage-first heap   total 262144K, used 142313K [0x00000000f0000000, 0x0000000100000000)
[2021-04-18T12:06:23.268+0000][8][gc,heap,exit]   region size 4096K, 9 young (36864K), 1 survivors (4096K)
[2021-04-18T12:06:23.268+0000][8][gc,heap,exit]  Metaspace       used 109736K, capacity 113510K, committed 113956K, reserved 1148928K
[2021-04-18T12:06:23.268+0000][8][gc,heap,exit]   class space    used 14209K, capacity 15477K, committed 15564K, reserved 1048576K
