[2021-04-20T02:31:18.023+0000][8][gc] Using G1
[2021-04-20T02:31:18.154+0000][8][gc,init] Version: 15.0.1+9 (release)
[2021-04-20T02:31:18.154+0000][8][gc,init] CPUs: 8 total, 8 available
[2021-04-20T02:31:18.154+0000][8][gc,init] Memory: 15907M
[2021-04-20T02:31:18.154+0000][8][gc,init] Large Page Support: Disabled
[2021-04-20T02:31:18.154+0000][8][gc,init] NUMA Support: Disabled
[2021-04-20T02:31:18.154+0000][8][gc,init] Compressed Oops: Enabled (32-bit)
[2021-04-20T02:31:18.154+0000][8][gc,init] Heap Region Size: 4M
[2021-04-20T02:31:18.154+0000][8][gc,init] Heap Min Capacity: 256M
[2021-04-20T02:31:18.154+0000][8][gc,init] Heap Initial Capacity: 256M
[2021-04-20T02:31:18.154+0000][8][gc,init] Heap Max Capacity: 256M
[2021-04-20T02:31:18.154+0000][8][gc,init] Pre-touch: Enabled
[2021-04-20T02:31:18.154+0000][8][gc,init] Parallel Workers: 8
[2021-04-20T02:31:18.154+0000][8][gc,init] Concurrent Workers: 2
[2021-04-20T02:31:18.154+0000][8][gc,init] Concurrent Refinement Workers: 8
[2021-04-20T02:31:18.154+0000][8][gc,init] Periodic GC: Disabled
[2021-04-20T02:31:18.155+0000][8][gc,cds ] Mark closed archive regions in map: [0x00000000ffc00000, 0x00000000ffc7bff8]
[2021-04-20T02:31:18.155+0000][8][gc,cds ] Mark open archive regions in map: [0x00000000ffb00000, 0x00000000ffb51ff8]
[2021-04-20T02:31:18.155+0000][8][gc,metaspace] CDS archive(s) mapped at: [0x0000000800000000-0x0000000800b2a000-0x0000000800b2a000), size 11706368, SharedBaseAddress: 0x0000000800000000, ArchiveRelocationMode: 0.
[2021-04-20T02:31:18.155+0000][8][gc,metaspace] Compressed class space mapped at: 0x0000000800b2c000-0x0000000840b2c000, size: 1073741824
[2021-04-20T02:31:18.155+0000][8][gc,metaspace] Narrow klass base: 0x0000000800000000, Narrow klass shift: 3, Narrow klass range: 0x100000000
[2021-04-20T02:31:18.869+0000][8][safepoint   ] Safepoint "ICBufferFull", Time since last: 702352160 ns, Reaching safepoint: 1291196 ns, At safepoint: 8987 ns, Total: 1300183 ns
[2021-04-20T02:31:19.026+0000][8][gc,start    ] GC(0) Pause Young (Normal) (G1 Evacuation Pause)
[2021-04-20T02:31:19.026+0000][8][gc,task     ] GC(0) Using 6 workers of 8 for evacuation
[2021-04-20T02:31:19.026+0000][8][gc,age      ] GC(0) Desired survivor size 2097152 bytes, new threshold 15 (max threshold 15)
[2021-04-20T02:31:19.030+0000][8][gc,age      ] GC(0) Age table with threshold 15 (max threshold 15)
[2021-04-20T02:31:19.030+0000][8][gc,age      ] GC(0) - age   1:    3661464 bytes,    3661464 total
[2021-04-20T02:31:19.030+0000][8][gc,phases   ] GC(0)   Pre Evacuate Collection Set: 0.0ms
[2021-04-20T02:31:19.030+0000][8][gc,phases   ] GC(0)   Merge Heap Roots: 0.0ms
[2021-04-20T02:31:19.030+0000][8][gc,phases   ] GC(0)   Evacuate Collection Set: 3.8ms
[2021-04-20T02:31:19.030+0000][8][gc,phases   ] GC(0)   Post Evacuate Collection Set: 0.3ms
[2021-04-20T02:31:19.031+0000][8][gc,phases   ] GC(0)   Other: 0.7ms
[2021-04-20T02:31:19.031+0000][8][gc,heap     ] GC(0) Eden regions: 5->0(5)
[2021-04-20T02:31:19.031+0000][8][gc,heap     ] GC(0) Survivor regions: 0->1(1)
[2021-04-20T02:31:19.031+0000][8][gc,heap     ] GC(0) Old regions: 0->0
[2021-04-20T02:31:19.031+0000][8][gc,heap     ] GC(0) Archive regions: 2->2
[2021-04-20T02:31:19.031+0000][8][gc,heap     ] GC(0) Humongous regions: 0->0
[2021-04-20T02:31:19.031+0000][8][gc,metaspace] GC(0) Metaspace: 6711K(8960K)->6711K(8960K) NonClass: 5978K(7936K)->5978K(7936K) Class: 732K(1024K)->732K(1024K)
[2021-04-20T02:31:19.031+0000][8][gc          ] GC(0) Pause Young (Normal) (G1 Evacuation Pause) 23M->7M(256M) 4.996ms
[2021-04-20T02:31:19.031+0000][8][gc,cpu      ] GC(0) User=0.01s Sys=0.01s Real=0.00s
[2021-04-20T02:31:19.031+0000][8][safepoint   ] Safepoint "G1CollectForAllocation", Time since last: 156255040 ns, Reaching safepoint: 74881 ns, At safepoint: 5169115 ns, Total: 5243996 ns
[2021-04-20T02:31:20.101+0000][8][safepoint   ] Safepoint "Cleanup", Time since last: 1070215006 ns, Reaching safepoint: 189485 ns, At safepoint: 4498 ns, Total: 193983 ns
[2021-04-20T02:31:20.698+0000][8][gc,start    ] GC(1) Pause Young (Normal) (G1 Evacuation Pause)
[2021-04-20T02:31:20.698+0000][8][gc,task     ] GC(1) Using 6 workers of 8 for evacuation
[2021-04-20T02:31:20.698+0000][8][gc,age      ] GC(1) Desired survivor size 2097152 bytes, new threshold 1 (max threshold 15)
[2021-04-20T02:31:20.712+0000][8][gc,age      ] GC(1) Age table with threshold 1 (max threshold 15)
[2021-04-20T02:31:20.712+0000][8][gc,age      ] GC(1) - age   1:    1988200 bytes,    1988200 total
[2021-04-20T02:31:20.712+0000][8][gc,phases   ] GC(1)   Pre Evacuate Collection Set: 0.1ms
[2021-04-20T02:31:20.713+0000][8][gc,phases   ] GC(1)   Merge Heap Roots: 0.1ms
[2021-04-20T02:31:20.713+0000][8][gc,phases   ] GC(1)   Evacuate Collection Set: 12.8ms
[2021-04-20T02:31:20.713+0000][8][gc,phases   ] GC(1)   Post Evacuate Collection Set: 0.7ms
[2021-04-20T02:31:20.713+0000][8][gc,phases   ] GC(1)   Other: 0.3ms
[2021-04-20T02:31:20.713+0000][8][gc,heap     ] GC(1) Eden regions: 5->0(12)
[2021-04-20T02:31:20.713+0000][8][gc,heap     ] GC(1) Survivor regions: 1->1(1)
[2021-04-20T02:31:20.713+0000][8][gc,heap     ] GC(1) Old regions: 0->1
[2021-04-20T02:31:20.713+0000][8][gc,heap     ] GC(1) Archive regions: 2->2
[2021-04-20T02:31:20.713+0000][8][gc,heap     ] GC(1) Humongous regions: 0->0
[2021-04-20T02:31:20.713+0000][8][gc,metaspace] GC(1) Metaspace: 11818K(12288K)->11818K(12288K) NonClass: 10400K(10752K)->10400K(10752K) Class: 1417K(1536K)->1417K(1536K)
[2021-04-20T02:31:20.713+0000][8][gc          ] GC(1) Pause Young (Normal) (G1 Evacuation Pause) 27M->9M(256M) 14.761ms
[2021-04-20T02:31:20.713+0000][8][gc,cpu      ] GC(1) User=0.02s Sys=0.00s Real=0.01s
[2021-04-20T02:31:20.715+0000][8][safepoint   ] Safepoint "G1CollectForAllocation", Time since last: 596626250 ns, Reaching safepoint: 115453 ns, At safepoint: 14884428 ns, Total: 14999881 ns
[2021-04-20T02:31:22.229+0000][8][safepoint   ] Safepoint "ICBufferFull", Time since last: 1515148138 ns, Reaching safepoint: 583319 ns, At safepoint: 16432 ns, Total: 599751 ns
[2021-04-20T02:31:22.287+0000][8][gc,start    ] GC(2) Pause Young (Normal) (G1 Evacuation Pause)
[2021-04-20T02:31:22.287+0000][8][gc,task     ] GC(2) Using 6 workers of 8 for evacuation
[2021-04-20T02:31:22.287+0000][8][gc,age      ] GC(2) Desired survivor size 4194304 bytes, new threshold 15 (max threshold 15)
[2021-04-20T02:31:22.305+0000][8][gc,age      ] GC(2) Age table with threshold 15 (max threshold 15)
[2021-04-20T02:31:22.305+0000][8][gc,age      ] GC(2) - age   1:    1823720 bytes,    1823720 total
[2021-04-20T02:31:22.305+0000][8][gc,age      ] GC(2) - age   2:    1889584 bytes,    3713304 total
[2021-04-20T02:31:22.305+0000][8][gc,phases   ] GC(2)   Pre Evacuate Collection Set: 0.4ms
[2021-04-20T02:31:22.305+0000][8][gc,phases   ] GC(2)   Merge Heap Roots: 0.2ms
[2021-04-20T02:31:22.305+0000][8][gc,phases   ] GC(2)   Evacuate Collection Set: 16.5ms
[2021-04-20T02:31:22.305+0000][8][gc,phases   ] GC(2)   Post Evacuate Collection Set: 1.5ms
[2021-04-20T02:31:22.305+0000][8][gc,phases   ] GC(2)   Other: 0.3ms
[2021-04-20T02:31:22.305+0000][8][gc,heap     ] GC(2) Eden regions: 12->0(36)
[2021-04-20T02:31:22.305+0000][8][gc,heap     ] GC(2) Survivor regions: 1->1(2)
[2021-04-20T02:31:22.305+0000][8][gc,heap     ] GC(2) Old regions: 1->1
[2021-04-20T02:31:22.305+0000][8][gc,heap     ] GC(2) Archive regions: 2->2
[2021-04-20T02:31:22.305+0000][8][gc,heap     ] GC(2) Humongous regions: 0->0
[2021-04-20T02:31:22.305+0000][8][gc,metaspace] GC(2) Metaspace: 14676K(15232K)->14676K(15232K) NonClass: 12981K(13312K)->12981K(13312K) Class: 1694K(1920K)->1694K(1920K)
[2021-04-20T02:31:22.305+0000][8][gc          ] GC(2) Pause Young (Normal) (G1 Evacuation Pause) 57M->10M(256M) 18.943ms
[2021-04-20T02:31:22.305+0000][8][gc,cpu      ] GC(2) User=0.04s Sys=0.00s Real=0.02s
[2021-04-20T02:31:22.307+0000][8][safepoint   ] Safepoint "G1CollectForAllocation", Time since last: 57022940 ns, Reaching safepoint: 719007 ns, At safepoint: 20713723 ns, Total: 21432730 ns
[2021-04-20T02:31:22.897+0000][8][safepoint   ] Safepoint "ICBufferFull", Time since last: 589316875 ns, Reaching safepoint: 772942 ns, At safepoint: 8310 ns, Total: 781252 ns
[2021-04-20T02:31:22.912+0000][8][safepoint   ] Safepoint "ICBufferFull", Time since last: 14559782 ns, Reaching safepoint: 161582 ns, At safepoint: 7967 ns, Total: 169549 ns
[2021-04-20T02:31:22.918+0000][8][safepoint   ] Safepoint "ICBufferFull", Time since last: 6257964 ns, Reaching safepoint: 83820 ns, At safepoint: 8724 ns, Total: 92544 ns
[2021-04-20T02:31:22.926+0000][8][safepoint   ] Safepoint "ICBufferFull", Time since last: 3801849 ns, Reaching safepoint: 4127089 ns, At safepoint: 27895 ns, Total: 4154984 ns
[2021-04-20T02:31:22.933+0000][8][safepoint   ] Safepoint "ICBufferFull", Time since last: 6451039 ns, Reaching safepoint: 53338 ns, At safepoint: 8234 ns, Total: 61572 ns
[2021-04-20T02:31:22.936+0000][8][safepoint   ] Safepoint "ICBufferFull", Time since last: 3608526 ns, Reaching safepoint: 151754 ns, At safepoint: 5697 ns, Total: 157451 ns
[2021-04-20T02:31:22.952+0000][8][safepoint   ] Safepoint "ICBufferFull", Time since last: 15114535 ns, Reaching safepoint: 81651 ns, At safepoint: 6385 ns, Total: 88036 ns
[2021-04-20T02:31:22.956+0000][8][safepoint   ] Safepoint "ICBufferFull", Time since last: 4205678 ns, Reaching safepoint: 87203 ns, At safepoint: 5645 ns, Total: 92848 ns
[2021-04-20T02:31:22.960+0000][8][safepoint   ] Safepoint "ICBufferFull", Time since last: 4116375 ns, Reaching safepoint: 335090 ns, At safepoint: 13518 ns, Total: 348608 ns
[2021-04-20T02:31:22.970+0000][8][safepoint   ] Safepoint "ICBufferFull", Time since last: 9469645 ns, Reaching safepoint: 149423 ns, At safepoint: 7901 ns, Total: 157324 ns
[2021-04-20T02:31:22.977+0000][8][safepoint   ] Safepoint "ICBufferFull", Time since last: 6626758 ns, Reaching safepoint: 102540 ns, At safepoint: 7948 ns, Total: 110488 ns
[2021-04-20T02:31:22.987+0000][8][safepoint   ] Safepoint "ICBufferFull", Time since last: 10026837 ns, Reaching safepoint: 350061 ns, At safepoint: 263560 ns, Total: 613621 ns
[2021-04-20T02:31:22.996+0000][8][safepoint   ] Safepoint "ICBufferFull", Time since last: 8413262 ns, Reaching safepoint: 220787 ns, At safepoint: 6996 ns, Total: 227783 ns
[2021-04-20T02:31:23.003+0000][8][safepoint   ] Safepoint "ICBufferFull", Time since last: 6535508 ns, Reaching safepoint: 131454 ns, At safepoint: 9148 ns, Total: 140602 ns
[2021-04-20T02:31:23.009+0000][8][safepoint   ] Safepoint "ICBufferFull", Time since last: 5689362 ns, Reaching safepoint: 50773 ns, At safepoint: 4060 ns, Total: 54833 ns
[2021-04-20T02:31:23.571+0000][8][safepoint   ] Safepoint "ICBufferFull", Time since last: 562174239 ns, Reaching safepoint: 240497 ns, At safepoint: 8625 ns, Total: 249122 ns
[2021-04-20T02:31:23.975+0000][8][gc,start    ] GC(3) Pause Young (Normal) (G1 Evacuation Pause)
[2021-04-20T02:31:23.975+0000][8][gc,task     ] GC(3) Using 6 workers of 8 for evacuation
[2021-04-20T02:31:23.975+0000][8][gc,age      ] GC(3) Desired survivor size 10485760 bytes, new threshold 15 (max threshold 15)
[2021-04-20T02:31:23.987+0000][8][gc,age      ] GC(3) Age table with threshold 15 (max threshold 15)
[2021-04-20T02:31:23.987+0000][8][gc,age      ] GC(3) - age   1:    3492064 bytes,    3492064 total
[2021-04-20T02:31:23.987+0000][8][gc,age      ] GC(3) - age   2:    1804488 bytes,    5296552 total
[2021-04-20T02:31:23.987+0000][8][gc,age      ] GC(3) - age   3:    1874344 bytes,    7170896 total
[2021-04-20T02:31:23.987+0000][8][gc,phases   ] GC(3)   Pre Evacuate Collection Set: 0.1ms
[2021-04-20T02:31:23.987+0000][8][gc,phases   ] GC(3)   Merge Heap Roots: 0.1ms
[2021-04-20T02:31:23.987+0000][8][gc,phases   ] GC(3)   Evacuate Collection Set: 11.3ms
[2021-04-20T02:31:23.987+0000][8][gc,phases   ] GC(3)   Post Evacuate Collection Set: 0.8ms
[2021-04-20T02:31:23.987+0000][8][gc,phases   ] GC(3)   Other: 0.2ms
[2021-04-20T02:31:23.987+0000][8][gc,heap     ] GC(3) Eden regions: 36->0(36)
[2021-04-20T02:31:23.987+0000][8][gc,heap     ] GC(3) Survivor regions: 1->2(5)
[2021-04-20T02:31:23.987+0000][8][gc,heap     ] GC(3) Old regions: 1->1
[2021-04-20T02:31:23.987+0000][8][gc,heap     ] GC(3) Archive regions: 2->2
[2021-04-20T02:31:23.987+0000][8][gc,heap     ] GC(3) Humongous regions: 0->0
[2021-04-20T02:31:23.987+0000][8][gc,metaspace] GC(3) Metaspace: 17880K(18432K)->17880K(18432K) NonClass: 15748K(16128K)->15748K(16128K) Class: 2132K(2304K)->2132K(2304K)
[2021-04-20T02:31:23.987+0000][8][gc          ] GC(3) Pause Young (Normal) (G1 Evacuation Pause) 154M->14M(256M) 12.581ms
[2021-04-20T02:31:23.987+0000][8][gc,cpu      ] GC(3) User=0.05s Sys=0.00s Real=0.01s
[2021-04-20T02:31:23.987+0000][8][safepoint   ] Safepoint "G1CollectForAllocation", Time since last: 403422306 ns, Reaching safepoint: 168057 ns, At safepoint: 12670992 ns, Total: 12839049 ns
[2021-04-20T02:31:24.575+0000][8][gc,start    ] GC(4) Pause Young (Normal) (G1 Evacuation Pause)
[2021-04-20T02:31:24.575+0000][8][gc,task     ] GC(4) Using 6 workers of 8 for evacuation
[2021-04-20T02:31:24.575+0000][8][gc,age      ] GC(4) Desired survivor size 10485760 bytes, new threshold 15 (max threshold 15)
[2021-04-20T02:31:24.584+0000][8][gc,age      ] GC(4) Age table with threshold 15 (max threshold 15)
[2021-04-20T02:31:24.584+0000][8][gc,age      ] GC(4) - age   1:    2309088 bytes,    2309088 total
[2021-04-20T02:31:24.584+0000][8][gc,age      ] GC(4) - age   2:    2897200 bytes,    5206288 total
[2021-04-20T02:31:24.584+0000][8][gc,age      ] GC(4) - age   3:    1804488 bytes,    7010776 total
[2021-04-20T02:31:24.584+0000][8][gc,age      ] GC(4) - age   4:    1874344 bytes,    8885120 total
[2021-04-20T02:31:24.584+0000][8][gc,phases   ] GC(4)   Pre Evacuate Collection Set: 0.1ms
[2021-04-20T02:31:24.584+0000][8][gc,phases   ] GC(4)   Merge Heap Roots: 0.0ms
[2021-04-20T02:31:24.584+0000][8][gc,phases   ] GC(4)   Evacuate Collection Set: 8.3ms
[2021-04-20T02:31:24.584+0000][8][gc,phases   ] GC(4)   Post Evacuate Collection Set: 0.5ms
[2021-04-20T02:31:24.584+0000][8][gc,phases   ] GC(4)   Other: 0.2ms
[2021-04-20T02:31:24.584+0000][8][gc,heap     ] GC(4) Eden regions: 36->0(35)
[2021-04-20T02:31:24.584+0000][8][gc,heap     ] GC(4) Survivor regions: 2->3(5)
[2021-04-20T02:31:24.584+0000][8][gc,heap     ] GC(4) Old regions: 1->1
[2021-04-20T02:31:24.584+0000][8][gc,heap     ] GC(4) Archive regions: 2->2
[2021-04-20T02:31:24.584+0000][8][gc,heap     ] GC(4) Humongous regions: 0->0
[2021-04-20T02:31:24.584+0000][8][gc,metaspace] GC(4) Metaspace: 18397K(19072K)->18397K(19072K) NonClass: 16201K(16640K)->16201K(16640K) Class: 2196K(2432K)->2196K(2432K)
[2021-04-20T02:31:24.584+0000][8][gc          ] GC(4) Pause Young (Normal) (G1 Evacuation Pause) 158M->16M(256M) 9.207ms
[2021-04-20T02:31:24.584+0000][8][gc,cpu      ] GC(4) User=0.05s Sys=0.00s Real=0.01s
[2021-04-20T02:31:24.586+0000][8][safepoint   ] Safepoint "G1CollectForAllocation", Time since last: 587834707 ns, Reaching safepoint: 150966 ns, At safepoint: 11222627 ns, Total: 11373593 ns
[2021-04-20T02:31:24.954+0000][8][gc,start    ] GC(5) Pause Young (Normal) (G1 Evacuation Pause)
[2021-04-20T02:31:24.954+0000][8][gc,task     ] GC(5) Using 6 workers of 8 for evacuation
[2021-04-20T02:31:24.954+0000][8][gc,age      ] GC(5) Desired survivor size 10485760 bytes, new threshold 15 (max threshold 15)
[2021-04-20T02:31:24.970+0000][8][gc,age      ] GC(5) Age table with threshold 15 (max threshold 15)
[2021-04-20T02:31:24.970+0000][8][gc,age      ] GC(5) - age   1:    1455312 bytes,    1455312 total
[2021-04-20T02:31:24.970+0000][8][gc,age      ] GC(5) - age   2:    1828320 bytes,    3283632 total
[2021-04-20T02:31:24.970+0000][8][gc,age      ] GC(5) - age   3:    2896944 bytes,    6180576 total
[2021-04-20T02:31:24.970+0000][8][gc,age      ] GC(5) - age   4:    1804488 bytes,    7985064 total
[2021-04-20T02:31:24.970+0000][8][gc,age      ] GC(5) - age   5:    1874344 bytes,    9859408 total
[2021-04-20T02:31:24.970+0000][8][gc,phases   ] GC(5)   Pre Evacuate Collection Set: 0.0ms
[2021-04-20T02:31:24.970+0000][8][gc,phases   ] GC(5)   Merge Heap Roots: 0.0ms
[2021-04-20T02:31:24.970+0000][8][gc,phases   ] GC(5)   Evacuate Collection Set: 15.3ms
[2021-04-20T02:31:24.970+0000][8][gc,phases   ] GC(5)   Post Evacuate Collection Set: 0.5ms
[2021-04-20T02:31:24.970+0000][8][gc,phases   ] GC(5)   Other: 0.2ms
[2021-04-20T02:31:24.970+0000][8][gc,heap     ] GC(5) Eden regions: 35->0(35)
[2021-04-20T02:31:24.970+0000][8][gc,heap     ] GC(5) Survivor regions: 3->3(5)
[2021-04-20T02:31:24.970+0000][8][gc,heap     ] GC(5) Old regions: 1->1
[2021-04-20T02:31:24.970+0000][8][gc,heap     ] GC(5) Archive regions: 2->2
[2021-04-20T02:31:24.970+0000][8][gc,heap     ] GC(5) Humongous regions: 0->0
[2021-04-20T02:31:24.970+0000][8][gc,metaspace] GC(5) Metaspace: 18832K(19712K)->18832K(19712K) NonClass: 16564K(17152K)->16564K(17152K) Class: 2268K(2560K)->2268K(2560K)
[2021-04-20T02:31:24.970+0000][8][gc          ] GC(5) Pause Young (Normal) (G1 Evacuation Pause) 156M->17M(256M) 16.136ms
[2021-04-20T02:31:24.970+0000][8][gc,cpu      ] GC(5) User=0.04s Sys=0.00s Real=0.02s
[2021-04-20T02:31:24.970+0000][8][safepoint   ] Safepoint "G1CollectForAllocation", Time since last: 367123465 ns, Reaching safepoint: 91970 ns, At safepoint: 16215544 ns, Total: 16307514 ns
[2021-04-20T02:31:25.286+0000][8][gc,start    ] GC(6) Pause Young (Normal) (G1 Evacuation Pause)
[2021-04-20T02:31:25.286+0000][8][gc,task     ] GC(6) Using 6 workers of 8 for evacuation
[2021-04-20T02:31:25.286+0000][8][gc,age      ] GC(6) Desired survivor size 10485760 bytes, new threshold 15 (max threshold 15)
[2021-04-20T02:31:25.299+0000][8][gc,age      ] GC(6) Age table with threshold 15 (max threshold 15)
[2021-04-20T02:31:25.299+0000][8][gc,age      ] GC(6) - age   1:    2926840 bytes,    2926840 total
[2021-04-20T02:31:25.299+0000][8][gc,age      ] GC(6) - age   2:    1074576 bytes,    4001416 total
[2021-04-20T02:31:25.299+0000][8][gc,age      ] GC(6) - age   3:    1828320 bytes,    5829736 total
[2021-04-20T02:31:25.299+0000][8][gc,age      ] GC(6) - age   4:    2896152 bytes,    8725888 total
[2021-04-20T02:31:25.299+0000][8][gc,age      ] GC(6) - age   5:    1804488 bytes,   10530376 total
[2021-04-20T02:31:25.299+0000][8][gc,age      ] GC(6) - age   6:    1874344 bytes,   12404720 total
[2021-04-20T02:31:25.299+0000][8][gc,phases   ] GC(6)   Pre Evacuate Collection Set: 0.2ms
[2021-04-20T02:31:25.299+0000][8][gc,phases   ] GC(6)   Merge Heap Roots: 0.2ms
[2021-04-20T02:31:25.299+0000][8][gc,phases   ] GC(6)   Evacuate Collection Set: 11.8ms
[2021-04-20T02:31:25.299+0000][8][gc,phases   ] GC(6)   Post Evacuate Collection Set: 0.6ms
[2021-04-20T02:31:25.299+0000][8][gc,phases   ] GC(6)   Other: 0.2ms
[2021-04-20T02:31:25.299+0000][8][gc,heap     ] GC(6) Eden regions: 35->0(34)
[2021-04-20T02:31:25.299+0000][8][gc,heap     ] GC(6) Survivor regions: 3->4(5)
[2021-04-20T02:31:25.299+0000][8][gc,heap     ] GC(6) Old regions: 1->1
[2021-04-20T02:31:25.299+0000][8][gc,heap     ] GC(6) Archive regions: 2->2
[2021-04-20T02:31:25.299+0000][8][gc,heap     ] GC(6) Humongous regions: 0->0
[2021-04-20T02:31:25.299+0000][8][gc,metaspace] GC(6) Metaspace: 18961K(19968K)->18961K(19968K) NonClass: 16676K(17408K)->16676K(17408K) Class: 2284K(2560K)->2284K(2560K)
[2021-04-20T02:31:25.299+0000][8][gc          ] GC(6) Pause Young (Normal) (G1 Evacuation Pause) 157M->19M(256M) 13.200ms
[2021-04-20T02:31:25.299+0000][8][gc,cpu      ] GC(6) User=0.06s Sys=0.01s Real=0.01s
[2021-04-20T02:31:25.300+0000][8][safepoint   ] Safepoint "G1CollectForAllocation", Time since last: 316318851 ns, Reaching safepoint: 77975 ns, At safepoint: 13277919 ns, Total: 13355894 ns
[2021-04-20T02:31:25.588+0000][8][gc,start    ] GC(7) Pause Young (Normal) (G1 Evacuation Pause)
[2021-04-20T02:31:25.588+0000][8][gc,task     ] GC(7) Using 6 workers of 8 for evacuation
[2021-04-20T02:31:25.588+0000][8][gc,age      ] GC(7) Desired survivor size 10485760 bytes, new threshold 5 (max threshold 15)
[2021-04-20T02:31:25.615+0000][8][gc,age      ] GC(7) Age table with threshold 5 (max threshold 15)
[2021-04-20T02:31:25.615+0000][8][gc,age      ] GC(7) - age   1:     399096 bytes,     399096 total
[2021-04-20T02:31:25.615+0000][8][gc,age      ] GC(7) - age   2:    1361824 bytes,    1760920 total
[2021-04-20T02:31:25.615+0000][8][gc,age      ] GC(7) - age   3:    1074456 bytes,    2835376 total
[2021-04-20T02:31:25.615+0000][8][gc,age      ] GC(7) - age   4:    1828320 bytes,    4663696 total
[2021-04-20T02:31:25.615+0000][8][gc,age      ] GC(7) - age   5:    2896152 bytes,    7559848 total
[2021-04-20T02:31:25.615+0000][8][gc,phases   ] GC(7)   Pre Evacuate Collection Set: 0.1ms
[2021-04-20T02:31:25.615+0000][8][gc,phases   ] GC(7)   Merge Heap Roots: 0.1ms
[2021-04-20T02:31:25.615+0000][8][gc,phases   ] GC(7)   Evacuate Collection Set: 26.1ms
[2021-04-20T02:31:25.615+0000][8][gc,phases   ] GC(7)   Post Evacuate Collection Set: 0.9ms
[2021-04-20T02:31:25.615+0000][8][gc,phases   ] GC(7)   Other: 0.2ms
[2021-04-20T02:31:25.615+0000][8][gc,heap     ] GC(7) Eden regions: 34->0(35)
[2021-04-20T02:31:25.615+0000][8][gc,heap     ] GC(7) Survivor regions: 4->3(5)
[2021-04-20T02:31:25.615+0000][8][gc,heap     ] GC(7) Old regions: 1->2
[2021-04-20T02:31:25.615+0000][8][gc,heap     ] GC(7) Archive regions: 2->2
[2021-04-20T02:31:25.615+0000][8][gc,heap     ] GC(7) Humongous regions: 0->0
[2021-04-20T02:31:25.615+0000][8][gc,metaspace] GC(7) Metaspace: 19192K(20224K)->19192K(20224K) NonClass: 16883K(17664K)->16883K(17664K) Class: 2308K(2560K)->2308K(2560K)
[2021-04-20T02:31:25.615+0000][8][gc          ] GC(7) Pause Young (Normal) (G1 Evacuation Pause) 155M->19M(256M) 27.481ms
[2021-04-20T02:31:25.615+0000][8][gc,cpu      ] GC(7) User=0.09s Sys=0.00s Real=0.03s
[2021-04-20T02:31:25.615+0000][8][safepoint   ] Safepoint "G1CollectForAllocation", Time since last: 288038350 ns, Reaching safepoint: 164064 ns, At safepoint: 27598522 ns, Total: 27762586 ns
[2021-04-20T02:31:25.963+0000][8][gc,start    ] GC(8) Pause Young (Normal) (G1 Evacuation Pause)
[2021-04-20T02:31:25.963+0000][8][gc,task     ] GC(8) Using 6 workers of 8 for evacuation
[2021-04-20T02:31:25.963+0000][8][gc,age      ] GC(8) Desired survivor size 10485760 bytes, new threshold 15 (max threshold 15)
[2021-04-20T02:31:25.979+0000][8][gc,age      ] GC(8) Age table with threshold 15 (max threshold 15)
[2021-04-20T02:31:25.979+0000][8][gc,age      ] GC(8) - age   1:     814000 bytes,     814000 total
[2021-04-20T02:31:25.979+0000][8][gc,age      ] GC(8) - age   2:     378480 bytes,    1192480 total
[2021-04-20T02:31:25.979+0000][8][gc,age      ] GC(8) - age   3:    1361624 bytes,    2554104 total
[2021-04-20T02:31:25.979+0000][8][gc,age      ] GC(8) - age   4:    1073816 bytes,    3627920 total
[2021-04-20T02:31:25.979+0000][8][gc,age      ] GC(8) - age   5:    1828256 bytes,    5456176 total
[2021-04-20T02:31:25.979+0000][8][gc,age      ] GC(8) - age   6:    2892200 bytes,    8348376 total
[2021-04-20T02:31:25.979+0000][8][gc,phases   ] GC(8)   Pre Evacuate Collection Set: 0.1ms
[2021-04-20T02:31:25.979+0000][8][gc,phases   ] GC(8)   Merge Heap Roots: 0.0ms
[2021-04-20T02:31:25.979+0000][8][gc,phases   ] GC(8)   Evacuate Collection Set: 12.0ms
[2021-04-20T02:31:25.979+0000][8][gc,phases   ] GC(8)   Post Evacuate Collection Set: 4.0ms
[2021-04-20T02:31:25.979+0000][8][gc,phases   ] GC(8)   Other: 0.2ms
[2021-04-20T02:31:25.979+0000][8][gc,heap     ] GC(8) Eden regions: 35->0(35)
[2021-04-20T02:31:25.979+0000][8][gc,heap     ] GC(8) Survivor regions: 3->3(5)
[2021-04-20T02:31:25.979+0000][8][gc,heap     ] GC(8) Old regions: 2->2
[2021-04-20T02:31:25.979+0000][8][gc,heap     ] GC(8) Archive regions: 2->2
[2021-04-20T02:31:25.979+0000][8][gc,heap     ] GC(8) Humongous regions: 0->0
[2021-04-20T02:31:25.979+0000][8][gc,metaspace] GC(8) Metaspace: 19365K(20480K)->19365K(20480K) NonClass: 17025K(17920K)->17025K(17920K) Class: 2340K(2560K)->2340K(2560K)
[2021-04-20T02:31:25.979+0000][8][gc          ] GC(8) Pause Young (Normal) (G1 Evacuation Pause) 159M->19M(256M) 16.417ms
[2021-04-20T02:31:25.979+0000][8][gc,cpu      ] GC(8) User=0.04s Sys=0.00s Real=0.01s
[2021-04-20T02:31:25.979+0000][8][safepoint   ] Safepoint "G1CollectForAllocation", Time since last: 347204751 ns, Reaching safepoint: 174500 ns, At safepoint: 16503298 ns, Total: 16677798 ns
[2021-04-20T02:31:26.321+0000][8][gc,start    ] GC(9) Pause Young (Normal) (G1 Evacuation Pause)
[2021-04-20T02:31:26.321+0000][8][gc,task     ] GC(9) Using 6 workers of 8 for evacuation
[2021-04-20T02:31:26.321+0000][8][gc,age      ] GC(9) Desired survivor size 10485760 bytes, new threshold 15 (max threshold 15)
[2021-04-20T02:31:26.334+0000][8][gc,age      ] GC(9) Age table with threshold 15 (max threshold 15)
[2021-04-20T02:31:26.334+0000][8][gc,age      ] GC(9) - age   1:    1701944 bytes,    1701944 total
[2021-04-20T02:31:26.334+0000][8][gc,age      ] GC(9) - age   2:     264216 bytes,    1966160 total
[2021-04-20T02:31:26.334+0000][8][gc,age      ] GC(9) - age   3:     378480 bytes,    2344640 total
[2021-04-20T02:31:26.334+0000][8][gc,age      ] GC(9) - age   4:    1361624 bytes,    3706264 total
[2021-04-20T02:31:26.334+0000][8][gc,age      ] GC(9) - age   5:    1073816 bytes,    4780080 total
[2021-04-20T02:31:26.334+0000][8][gc,age      ] GC(9) - age   6:    1828256 bytes,    6608336 total
[2021-04-20T02:31:26.334+0000][8][gc,age      ] GC(9) - age   7:    2892200 bytes,    9500536 total
[2021-04-20T02:31:26.334+0000][8][gc,phases   ] GC(9)   Pre Evacuate Collection Set: 0.1ms
[2021-04-20T02:31:26.334+0000][8][gc,phases   ] GC(9)   Merge Heap Roots: 0.1ms
[2021-04-20T02:31:26.334+0000][8][gc,phases   ] GC(9)   Evacuate Collection Set: 12.5ms
[2021-04-20T02:31:26.334+0000][8][gc,phases   ] GC(9)   Post Evacuate Collection Set: 0.4ms
[2021-04-20T02:31:26.334+0000][8][gc,phases   ] GC(9)   Other: 0.4ms
[2021-04-20T02:31:26.334+0000][8][gc,heap     ] GC(9) Eden regions: 35->0(35)
[2021-04-20T02:31:26.334+0000][8][gc,heap     ] GC(9) Survivor regions: 3->3(5)
[2021-04-20T02:31:26.334+0000][8][gc,heap     ] GC(9) Old regions: 2->2
[2021-04-20T02:31:26.334+0000][8][gc,heap     ] GC(9) Archive regions: 2->2
[2021-04-20T02:31:26.334+0000][8][gc,heap     ] GC(9) Humongous regions: 0->0
[2021-04-20T02:31:26.334+0000][8][gc,metaspace] GC(9) Metaspace: 19545K(20864K)->19545K(20864K) NonClass: 17171K(18176K)->17171K(18176K) Class: 2374K(2688K)->2374K(2688K)
[2021-04-20T02:31:26.334+0000][8][gc          ] GC(9) Pause Young (Normal) (G1 Evacuation Pause) 159M->20M(256M) 13.483ms
[2021-04-20T02:31:26.334+0000][8][gc,cpu      ] GC(9) User=0.04s Sys=0.00s Real=0.01s
[2021-04-20T02:31:26.334+0000][8][safepoint   ] Safepoint "G1CollectForAllocation", Time since last: 341155816 ns, Reaching safepoint: 145982 ns, At safepoint: 13730783 ns, Total: 13876765 ns
[2021-04-20T02:31:26.673+0000][8][gc,start    ] GC(10) Pause Young (Normal) (G1 Evacuation Pause)
[2021-04-20T02:31:26.673+0000][8][gc,task     ] GC(10) Using 6 workers of 8 for evacuation
[2021-04-20T02:31:26.673+0000][8][gc,age      ] GC(10) Desired survivor size 10485760 bytes, new threshold 15 (max threshold 15)
[2021-04-20T02:31:26.682+0000][8][gc,age      ] GC(10) Age table with threshold 15 (max threshold 15)
[2021-04-20T02:31:26.682+0000][8][gc,age      ] GC(10) - age   1:    1910688 bytes,    1910688 total
[2021-04-20T02:31:26.682+0000][8][gc,age      ] GC(10) - age   2:     205384 bytes,    2116072 total
[2021-04-20T02:31:26.682+0000][8][gc,age      ] GC(10) - age   3:     264064 bytes,    2380136 total
[2021-04-20T02:31:26.682+0000][8][gc,age      ] GC(10) - age   4:     378480 bytes,    2758616 total
[2021-04-20T02:31:26.682+0000][8][gc,age      ] GC(10) - age   5:    1361624 bytes,    4120240 total
[2021-04-20T02:31:26.682+0000][8][gc,age      ] GC(10) - age   6:    1073144 bytes,    5193384 total
[2021-04-20T02:31:26.682+0000][8][gc,age      ] GC(10) - age   7:    1827968 bytes,    7021352 total
[2021-04-20T02:31:26.682+0000][8][gc,age      ] GC(10) - age   8:    2892072 bytes,    9913424 total
[2021-04-20T02:31:26.682+0000][8][gc,phases   ] GC(10)   Pre Evacuate Collection Set: 0.1ms
[2021-04-20T02:31:26.682+0000][8][gc,phases   ] GC(10)   Merge Heap Roots: 0.0ms
[2021-04-20T02:31:26.682+0000][8][gc,phases   ] GC(10)   Evacuate Collection Set: 8.6ms
[2021-04-20T02:31:26.682+0000][8][gc,phases   ] GC(10)   Post Evacuate Collection Set: 0.4ms
[2021-04-20T02:31:26.683+0000][8][gc,phases   ] GC(10)   Other: 0.2ms
[2021-04-20T02:31:26.683+0000][8][gc,heap     ] GC(10) Eden regions: 35->0(35)
[2021-04-20T02:31:26.683+0000][8][gc,heap     ] GC(10) Survivor regions: 3->3(5)
[2021-04-20T02:31:26.683+0000][8][gc,heap     ] GC(10) Old regions: 2->2
[2021-04-20T02:31:26.683+0000][8][gc,heap     ] GC(10) Archive regions: 2->2
[2021-04-20T02:31:26.683+0000][8][gc,heap     ] GC(10) Humongous regions: 0->0
[2021-04-20T02:31:26.683+0000][8][gc,metaspace] GC(10) Metaspace: 19596K(20864K)->19596K(20864K) NonClass: 17212K(18176K)->17212K(18176K) Class: 2383K(2688K)->2383K(2688K)
[2021-04-20T02:31:26.683+0000][8][gc          ] GC(10) Pause Young (Normal) (G1 Evacuation Pause) 160M->21M(256M) 9.529ms
[2021-04-20T02:31:26.683+0000][8][gc,cpu      ] GC(10) User=0.03s Sys=0.00s Real=0.02s
[2021-04-20T02:31:26.683+0000][8][safepoint   ] Safepoint "G1CollectForAllocation", Time since last: 338717326 ns, Reaching safepoint: 175500 ns, At safepoint: 9613101 ns, Total: 9788601 ns
[2021-04-20T02:31:26.971+0000][8][gc,start    ] GC(11) Pause Young (Normal) (G1 Evacuation Pause)
[2021-04-20T02:31:26.971+0000][8][gc,task     ] GC(11) Using 6 workers of 8 for evacuation
[2021-04-20T02:31:26.971+0000][8][gc,age      ] GC(11) Desired survivor size 10485760 bytes, new threshold 15 (max threshold 15)
[2021-04-20T02:31:26.978+0000][8][gc,age      ] GC(11) Age table with threshold 15 (max threshold 15)
[2021-04-20T02:31:26.978+0000][8][gc,age      ] GC(11) - age   1:    2340248 bytes,    2340248 total
[2021-04-20T02:31:26.978+0000][8][gc,age      ] GC(11) - age   2:     186248 bytes,    2526496 total
[2021-04-20T02:31:26.978+0000][8][gc,age      ] GC(11) - age   3:     205320 bytes,    2731816 total
[2021-04-20T02:31:26.978+0000][8][gc,age      ] GC(11) - age   4:     264064 bytes,    2995880 total
[2021-04-20T02:31:26.978+0000][8][gc,age      ] GC(11) - age   5:     378480 bytes,    3374360 total
[2021-04-20T02:31:26.978+0000][8][gc,age      ] GC(11) - age   6:    1360584 bytes,    4734944 total
[2021-04-20T02:31:26.978+0000][8][gc,age      ] GC(11) - age   7:    1073144 bytes,    5808088 total
[2021-04-20T02:31:26.978+0000][8][gc,age      ] GC(11) - age   8:    1827968 bytes,    7636056 total
[2021-04-20T02:31:26.978+0000][8][gc,age      ] GC(11) - age   9:    2891952 bytes,   10528008 total
[2021-04-20T02:31:26.978+0000][8][gc,phases   ] GC(11)   Pre Evacuate Collection Set: 0.0ms
[2021-04-20T02:31:26.978+0000][8][gc,phases   ] GC(11)   Merge Heap Roots: 0.0ms
[2021-04-20T02:31:26.978+0000][8][gc,phases   ] GC(11)   Evacuate Collection Set: 7.1ms
[2021-04-20T02:31:26.978+0000][8][gc,phases   ] GC(11)   Post Evacuate Collection Set: 0.4ms
[2021-04-20T02:31:26.979+0000][8][gc,phases   ] GC(11)   Other: 0.3ms
[2021-04-20T02:31:26.979+0000][8][gc,heap     ] GC(11) Eden regions: 35->0(35)
[2021-04-20T02:31:26.979+0000][8][gc,heap     ] GC(11) Survivor regions: 3->3(5)
[2021-04-20T02:31:26.979+0000][8][gc,heap     ] GC(11) Old regions: 2->2
[2021-04-20T02:31:26.979+0000][8][gc,heap     ] GC(11) Archive regions: 2->2
[2021-04-20T02:31:26.979+0000][8][gc,heap     ] GC(11) Humongous regions: 0->0
[2021-04-20T02:31:26.979+0000][8][gc,metaspace] GC(11) Metaspace: 19967K(21120K)->19967K(21120K) NonClass: 17531K(18432K)->17531K(18432K) Class: 2435K(2688K)->2435K(2688K)
[2021-04-20T02:31:26.979+0000][8][gc          ] GC(11) Pause Young (Normal) (G1 Evacuation Pause) 161M->21M(256M) 7.848ms
[2021-04-20T02:31:26.979+0000][8][gc,cpu      ] GC(11) User=0.02s Sys=0.00s Real=0.01s
[2021-04-20T02:31:26.979+0000][8][safepoint   ] Safepoint "G1CollectForAllocation", Time since last: 287852808 ns, Reaching safepoint: 141111 ns, At safepoint: 7916603 ns, Total: 8057714 ns
[2021-04-20T02:31:27.006+0000][8][gc,start    ] GC(12) Pause Young (Concurrent Start) (Metadata GC Threshold)
[2021-04-20T02:31:27.006+0000][8][gc,task     ] GC(12) Using 6 workers of 8 for evacuation
[2021-04-20T02:31:27.006+0000][8][gc,age      ] GC(12) Desired survivor size 10485760 bytes, new threshold 9 (max threshold 15)
[2021-04-20T02:31:27.011+0000][8][gc,age      ] GC(12) Age table with threshold 9 (max threshold 15)
[2021-04-20T02:31:27.011+0000][8][gc,age      ] GC(12) - age   1:     406920 bytes,     406920 total
[2021-04-20T02:31:27.011+0000][8][gc,age      ] GC(12) - age   2:    1527328 bytes,    1934248 total
[2021-04-20T02:31:27.011+0000][8][gc,age      ] GC(12) - age   3:     186248 bytes,    2120496 total
[2021-04-20T02:31:27.011+0000][8][gc,age      ] GC(12) - age   4:     205320 bytes,    2325816 total
[2021-04-20T02:31:27.011+0000][8][gc,age      ] GC(12) - age   5:     264064 bytes,    2589880 total
[2021-04-20T02:31:27.011+0000][8][gc,age      ] GC(12) - age   6:     378480 bytes,    2968360 total
[2021-04-20T02:31:27.011+0000][8][gc,age      ] GC(12) - age   7:    1360584 bytes,    4328944 total
[2021-04-20T02:31:27.011+0000][8][gc,age      ] GC(12) - age   8:    1073144 bytes,    5402088 total
[2021-04-20T02:31:27.011+0000][8][gc,age      ] GC(12) - age   9:    1827968 bytes,    7230056 total
[2021-04-20T02:31:27.011+0000][8][gc,phases   ] GC(12)   Pre Evacuate Collection Set: 0.1ms
[2021-04-20T02:31:27.011+0000][8][gc,phases   ] GC(12)   Merge Heap Roots: 0.0ms
[2021-04-20T02:31:27.011+0000][8][gc,phases   ] GC(12)   Evacuate Collection Set: 4.7ms
[2021-04-20T02:31:27.011+0000][8][gc,phases   ] GC(12)   Post Evacuate Collection Set: 0.4ms
[2021-04-20T02:31:27.011+0000][8][gc,phases   ] GC(12)   Other: 0.3ms
[2021-04-20T02:31:27.011+0000][8][gc,heap     ] GC(12) Eden regions: 4->0(36)
[2021-04-20T02:31:27.011+0000][8][gc,heap     ] GC(12) Survivor regions: 3->2(5)
[2021-04-20T02:31:27.011+0000][8][gc,heap     ] GC(12) Old regions: 2->3
[2021-04-20T02:31:27.011+0000][8][gc,heap     ] GC(12) Archive regions: 2->2
[2021-04-20T02:31:27.011+0000][8][gc,heap     ] GC(12) Humongous regions: 0->0
[2021-04-20T02:31:27.011+0000][8][gc,metaspace] GC(12) Metaspace: 20001K(21296K)->20001K(21296K) NonClass: 17564K(18608K)->17564K(18608K) Class: 2437K(2688K)->2437K(2688K)
[2021-04-20T02:31:27.011+0000][8][gc          ] GC(12) Pause Young (Concurrent Start) (Metadata GC Threshold) 35M->21M(256M) 5.673ms
[2021-04-20T02:31:27.011+0000][8][gc,cpu      ] GC(12) User=0.02s Sys=0.00s Real=0.00s
[2021-04-20T02:31:27.011+0000][8][gc          ] GC(13) Concurrent Cycle
[2021-04-20T02:31:27.012+0000][8][gc,marking  ] GC(13) Concurrent Clear Claimed Marks
[2021-04-20T02:31:27.012+0000][8][gc,marking  ] GC(13) Concurrent Clear Claimed Marks 0.024ms
[2021-04-20T02:31:27.012+0000][8][gc,marking  ] GC(13) Concurrent Scan Root Regions
[2021-04-20T02:31:27.014+0000][8][safepoint   ] Safepoint "CollectForMetadataAllocation", Time since last: 26963728 ns, Reaching safepoint: 131894 ns, At safepoint: 8697927 ns, Total: 8829821 ns
[2021-04-20T02:31:27.017+0000][8][gc,marking  ] GC(13) Concurrent Scan Root Regions 5.037ms
[2021-04-20T02:31:27.017+0000][8][gc,marking  ] GC(13) Concurrent Mark (9.002s)
[2021-04-20T02:31:27.017+0000][8][gc,marking  ] GC(13) Concurrent Mark From Roots
[2021-04-20T02:31:27.017+0000][8][gc,task     ] GC(13) Using 2 workers of 2 for marking
[2021-04-20T02:31:27.032+0000][8][gc,marking  ] GC(13) Concurrent Mark From Roots 15.010ms
[2021-04-20T02:31:27.032+0000][8][gc,marking  ] GC(13) Concurrent Preclean
[2021-04-20T02:31:27.032+0000][8][gc,marking  ] GC(13) Concurrent Preclean 0.184ms
[2021-04-20T02:31:27.032+0000][8][gc,marking  ] GC(13) Concurrent Mark (9.002s, 9.017s) 15.266ms
[2021-04-20T02:31:27.032+0000][8][gc,start    ] GC(13) Pause Remark
[2021-04-20T02:31:27.037+0000][8][gc          ] GC(13) Pause Remark 25M->25M(256M) 4.667ms
[2021-04-20T02:31:27.037+0000][8][gc,cpu      ] GC(13) User=0.02s Sys=0.00s Real=0.01s
[2021-04-20T02:31:27.037+0000][8][safepoint   ] Safepoint "G1Concurrent", Time since last: 17473229 ns, Reaching safepoint: 143401 ns, At safepoint: 4738328 ns, Total: 4881729 ns
[2021-04-20T02:31:27.037+0000][8][gc,marking  ] GC(13) Concurrent Rebuild Remembered Sets
[2021-04-20T02:31:27.048+0000][8][gc,marking  ] GC(13) Concurrent Rebuild Remembered Sets 11.324ms
[2021-04-20T02:31:27.049+0000][8][gc,start    ] GC(13) Pause Cleanup
[2021-04-20T02:31:27.049+0000][8][gc          ] GC(13) Pause Cleanup 29M->29M(256M) 0.058ms
[2021-04-20T02:31:27.049+0000][8][gc,cpu      ] GC(13) User=0.00s Sys=0.00s Real=0.00s
[2021-04-20T02:31:27.049+0000][8][safepoint   ] Safepoint "G1Concurrent", Time since last: 11405349 ns, Reaching safepoint: 757392 ns, At safepoint: 114863 ns, Total: 872255 ns
[2021-04-20T02:31:27.049+0000][8][gc,marking  ] GC(13) Concurrent Cleanup for Next Mark
[2021-04-20T02:31:27.049+0000][8][gc,marking  ] GC(13) Concurrent Cleanup for Next Mark 0.282ms
[2021-04-20T02:31:27.049+0000][8][gc          ] GC(13) Concurrent Cycle 37.955ms
[2021-04-20T02:31:27.402+0000][8][gc,start    ] GC(14) Pause Young (Normal) (G1 Evacuation Pause)
[2021-04-20T02:31:27.403+0000][8][gc,task     ] GC(14) Using 6 workers of 8 for evacuation
[2021-04-20T02:31:27.403+0000][8][gc,age      ] GC(14) Desired survivor size 10485760 bytes, new threshold 15 (max threshold 15)
[2021-04-20T02:31:27.415+0000][8][gc,age      ] GC(14) Age table with threshold 15 (max threshold 15)
[2021-04-20T02:31:27.415+0000][8][gc,age      ] GC(14) - age   1:    1904624 bytes,    1904624 total
[2021-04-20T02:31:27.415+0000][8][gc,age      ] GC(14) - age   2:     389128 bytes,    2293752 total
[2021-04-20T02:31:27.415+0000][8][gc,age      ] GC(14) - age   3:    1526784 bytes,    3820536 total
[2021-04-20T02:31:27.415+0000][8][gc,age      ] GC(14) - age   4:     184648 bytes,    4005184 total
[2021-04-20T02:31:27.415+0000][8][gc,age      ] GC(14) - age   5:     205320 bytes,    4210504 total
[2021-04-20T02:31:27.415+0000][8][gc,age      ] GC(14) - age   6:     264000 bytes,    4474504 total
[2021-04-20T02:31:27.415+0000][8][gc,age      ] GC(14) - age   7:     378480 bytes,    4852984 total
[2021-04-20T02:31:27.415+0000][8][gc,age      ] GC(14) - age   8:    1360584 bytes,    6213568 total
[2021-04-20T02:31:27.415+0000][8][gc,age      ] GC(14) - age   9:    1073144 bytes,    7286712 total
[2021-04-20T02:31:27.415+0000][8][gc,age      ] GC(14) - age  10:    1827840 bytes,    9114552 total
[2021-04-20T02:31:27.415+0000][8][gc,phases   ] GC(14)   Pre Evacuate Collection Set: 0.1ms
[2021-04-20T02:31:27.415+0000][8][gc,phases   ] GC(14)   Merge Heap Roots: 0.0ms
[2021-04-20T02:31:27.415+0000][8][gc,phases   ] GC(14)   Evacuate Collection Set: 11.1ms
[2021-04-20T02:31:27.415+0000][8][gc,phases   ] GC(14)   Post Evacuate Collection Set: 1.1ms
[2021-04-20T02:31:27.415+0000][8][gc,phases   ] GC(14)   Other: 0.3ms
[2021-04-20T02:31:27.415+0000][8][gc,heap     ] GC(14) Eden regions: 36->0(35)
[2021-04-20T02:31:27.415+0000][8][gc,heap     ] GC(14) Survivor regions: 2->3(5)
[2021-04-20T02:31:27.415+0000][8][gc,heap     ] GC(14) Old regions: 3->3
[2021-04-20T02:31:27.415+0000][8][gc,heap     ] GC(14) Archive regions: 2->2
[2021-04-20T02:31:27.415+0000][8][gc,heap     ] GC(14) Humongous regions: 0->0
[2021-04-20T02:31:27.415+0000][8][gc,metaspace] GC(14) Metaspace: 20137K(21680K)->20137K(21680K) NonClass: 17670K(18864K)->17670K(18864K) Class: 2466K(2816K)->2466K(2816K)
[2021-04-20T02:31:27.415+0000][8][gc          ] GC(14) Pause Young (Normal) (G1 Evacuation Pause) 165M->23M(256M) 12.745ms
[2021-04-20T02:31:27.415+0000][8][gc,cpu      ] GC(14) User=0.05s Sys=0.00s Real=0.01s
[2021-04-20T02:31:27.415+0000][8][safepoint   ] Safepoint "G1CollectForAllocation", Time since last: 353192522 ns, Reaching safepoint: 167531 ns, At safepoint: 12827981 ns, Total: 12995512 ns
[2021-04-20T02:31:27.638+0000][8][gc,start    ] GC(15) Pause Young (Normal) (G1 Evacuation Pause)
[2021-04-20T02:31:27.638+0000][8][gc,task     ] GC(15) Using 6 workers of 8 for evacuation
[2021-04-20T02:31:27.638+0000][8][gc,age      ] GC(15) Desired survivor size 10485760 bytes, new threshold 15 (max threshold 15)
[2021-04-20T02:31:27.645+0000][8][gc,age      ] GC(15) Age table with threshold 15 (max threshold 15)
[2021-04-20T02:31:27.645+0000][8][gc,age      ] GC(15) - age   1:    1451536 bytes,    1451536 total
[2021-04-20T02:31:27.645+0000][8][gc,age      ] GC(15) - age   2:     192664 bytes,    1644200 total
[2021-04-20T02:31:27.645+0000][8][gc,age      ] GC(15) - age   3:     389128 bytes,    2033328 total
[2021-04-20T02:31:27.645+0000][8][gc,age      ] GC(15) - age   4:    1526784 bytes,    3560112 total
[2021-04-20T02:31:27.645+0000][8][gc,age      ] GC(15) - age   5:     184432 bytes,    3744544 total
[2021-04-20T02:31:27.645+0000][8][gc,age      ] GC(15) - age   6:     205320 bytes,    3949864 total
[2021-04-20T02:31:27.645+0000][8][gc,age      ] GC(15) - age   7:     263456 bytes,    4213320 total
[2021-04-20T02:31:27.645+0000][8][gc,age      ] GC(15) - age   8:     378480 bytes,    4591800 total
[2021-04-20T02:31:27.645+0000][8][gc,age      ] GC(15) - age   9:    1360584 bytes,    5952384 total
[2021-04-20T02:31:27.645+0000][8][gc,age      ] GC(15) - age  10:    1073144 bytes,    7025528 total
[2021-04-20T02:31:27.645+0000][8][gc,age      ] GC(15) - age  11:    1827840 bytes,    8853368 total
[2021-04-20T02:31:27.645+0000][8][gc,phases   ] GC(15)   Pre Evacuate Collection Set: 0.1ms
[2021-04-20T02:31:27.645+0000][8][gc,phases   ] GC(15)   Merge Heap Roots: 0.1ms
[2021-04-20T02:31:27.645+0000][8][gc,phases   ] GC(15)   Evacuate Collection Set: 6.6ms
[2021-04-20T02:31:27.645+0000][8][gc,phases   ] GC(15)   Post Evacuate Collection Set: 0.4ms
[2021-04-20T02:31:27.645+0000][8][gc,phases   ] GC(15)   Other: 0.3ms
[2021-04-20T02:31:27.645+0000][8][gc,heap     ] GC(15) Eden regions: 35->0(35)
[2021-04-20T02:31:27.645+0000][8][gc,heap     ] GC(15) Survivor regions: 3->3(5)
[2021-04-20T02:31:27.645+0000][8][gc,heap     ] GC(15) Old regions: 3->3
[2021-04-20T02:31:27.645+0000][8][gc,heap     ] GC(15) Archive regions: 2->2
[2021-04-20T02:31:27.645+0000][8][gc,heap     ] GC(15) Humongous regions: 0->0
[2021-04-20T02:31:27.645+0000][8][gc,metaspace] GC(15) Metaspace: 20163K(21680K)->20163K(21680K) NonClass: 17691K(18864K)->17691K(18864K) Class: 2471K(2816K)->2471K(2816K)
[2021-04-20T02:31:27.646+0000][8][gc          ] GC(15) Pause Young (Normal) (G1 Evacuation Pause) 163M->23M(256M) 7.614ms
[2021-04-20T02:31:27.646+0000][8][gc,cpu      ] GC(15) User=0.02s Sys=0.00s Real=0.01s
[2021-04-20T02:31:27.646+0000][8][safepoint   ] Safepoint "G1CollectForAllocation", Time since last: 222530366 ns, Reaching safepoint: 67138 ns, At safepoint: 7692091 ns, Total: 7759229 ns
[2021-04-20T02:31:27.862+0000][8][gc,start    ] GC(16) Pause Young (Normal) (G1 Evacuation Pause)
[2021-04-20T02:31:27.862+0000][8][gc,task     ] GC(16) Using 6 workers of 8 for evacuation
[2021-04-20T02:31:27.862+0000][8][gc,age      ] GC(16) Desired survivor size 10485760 bytes, new threshold 15 (max threshold 15)
[2021-04-20T02:31:27.873+0000][8][gc,age      ] GC(16) Age table with threshold 15 (max threshold 15)
[2021-04-20T02:31:27.873+0000][8][gc,age      ] GC(16) - age   1:    1301544 bytes,    1301544 total
[2021-04-20T02:31:27.873+0000][8][gc,age      ] GC(16) - age   2:     490928 bytes,    1792472 total
[2021-04-20T02:31:27.873+0000][8][gc,age      ] GC(16) - age   3:     192664 bytes,    1985136 total
[2021-04-20T02:31:27.873+0000][8][gc,age      ] GC(16) - age   4:     389128 bytes,    2374264 total
[2021-04-20T02:31:27.873+0000][8][gc,age      ] GC(16) - age   5:    1526784 bytes,    3901048 total
[2021-04-20T02:31:27.873+0000][8][gc,age      ] GC(16) - age   6:     184432 bytes,    4085480 total
[2021-04-20T02:31:27.873+0000][8][gc,age      ] GC(16) - age   7:     205320 bytes,    4290800 total
[2021-04-20T02:31:27.873+0000][8][gc,age      ] GC(16) - age   8:     263456 bytes,    4554256 total
[2021-04-20T02:31:27.873+0000][8][gc,age      ] GC(16) - age   9:     378480 bytes,    4932736 total
[2021-04-20T02:31:27.873+0000][8][gc,age      ] GC(16) - age  10:    1360584 bytes,    6293320 total
[2021-04-20T02:31:27.874+0000][8][gc,age      ] GC(16) - age  11:    1073144 bytes,    7366464 total
[2021-04-20T02:31:27.874+0000][8][gc,age      ] GC(16) - age  12:    1827840 bytes,    9194304 total
[2021-04-20T02:31:27.874+0000][8][gc,phases   ] GC(16)   Pre Evacuate Collection Set: 0.0ms
[2021-04-20T02:31:27.874+0000][8][gc,phases   ] GC(16)   Merge Heap Roots: 0.0ms
[2021-04-20T02:31:27.874+0000][8][gc,phases   ] GC(16)   Evacuate Collection Set: 11.0ms
[2021-04-20T02:31:27.874+0000][8][gc,phases   ] GC(16)   Post Evacuate Collection Set: 0.5ms
[2021-04-20T02:31:27.874+0000][8][gc,phases   ] GC(16)   Other: 0.3ms
[2021-04-20T02:31:27.874+0000][8][gc,heap     ] GC(16) Eden regions: 35->0(35)
[2021-04-20T02:31:27.874+0000][8][gc,heap     ] GC(16) Survivor regions: 3->3(5)
[2021-04-20T02:31:27.874+0000][8][gc,heap     ] GC(16) Old regions: 3->3
[2021-04-20T02:31:27.874+0000][8][gc,heap     ] GC(16) Archive regions: 2->2
[2021-04-20T02:31:27.874+0000][8][gc,heap     ] GC(16) Humongous regions: 0->0
[2021-04-20T02:31:27.874+0000][8][gc,metaspace] GC(16) Metaspace: 20196K(21680K)->20196K(21680K) NonClass: 17717K(18864K)->17717K(18864K) Class: 2479K(2816K)->2479K(2816K)
[2021-04-20T02:31:27.874+0000][8][gc          ] GC(16) Pause Young (Normal) (G1 Evacuation Pause) 163M->23M(256M) 12.004ms
[2021-04-20T02:31:27.874+0000][8][gc,cpu      ] GC(16) User=0.02s Sys=0.00s Real=0.01s
[2021-04-20T02:31:27.874+0000][8][safepoint   ] Safepoint "G1CollectForAllocation", Time since last: 216035214 ns, Reaching safepoint: 70878 ns, At safepoint: 12099893 ns, Total: 12170771 ns
[2021-04-20T02:31:28.877+0000][8][safepoint   ] Safepoint "Cleanup", Time since last: 1000816347 ns, Reaching safepoint: 1987163 ns, At safepoint: 15869 ns, Total: 2003032 ns
[2021-04-20T02:31:30.390+0000][8][safepoint   ] Safepoint "Cleanup", Time since last: 1512212871 ns, Reaching safepoint: 1126724 ns, At safepoint: 15575 ns, Total: 1142299 ns
[2021-04-20T02:31:31.875+0000][8][safepoint   ] Safepoint "Cleanup", Time since last: 1484499988 ns, Reaching safepoint: 315137 ns, At safepoint: 7930 ns, Total: 323067 ns
[2021-04-20T02:31:32.139+0000][8][gc,start    ] GC(17) Pause Young (Normal) (G1 Evacuation Pause)
[2021-04-20T02:31:32.139+0000][8][gc,task     ] GC(17) Using 6 workers of 8 for evacuation
[2021-04-20T02:31:32.139+0000][8][gc,age      ] GC(17) Desired survivor size 10485760 bytes, new threshold 15 (max threshold 15)
[2021-04-20T02:31:32.222+0000][8][gc,age      ] GC(17) Age table with threshold 15 (max threshold 15)
[2021-04-20T02:31:32.222+0000][8][gc,age      ] GC(17) - age   1:   12701192 bytes,   12701192 total
[2021-04-20T02:31:32.222+0000][8][gc,age      ] GC(17) - age   2:     308720 bytes,   13009912 total
[2021-04-20T02:31:32.222+0000][8][gc,age      ] GC(17) - age   3:     490928 bytes,   13500840 total
[2021-04-20T02:31:32.222+0000][8][gc,age      ] GC(17) - age   4:     191688 bytes,   13692528 total
[2021-04-20T02:31:32.222+0000][8][gc,age      ] GC(17) - age   5:     386976 bytes,   14079504 total
[2021-04-20T02:31:32.222+0000][8][gc,age      ] GC(17) - age   6:    1524952 bytes,   15604456 total
[2021-04-20T02:31:32.222+0000][8][gc,age      ] GC(17) - age   7:     184008 bytes,   15788464 total
[2021-04-20T02:31:32.222+0000][8][gc,age      ] GC(17) - age   8:     204888 bytes,   15993352 total
[2021-04-20T02:31:32.222+0000][8][gc,age      ] GC(17) - age   9:     256344 bytes,   16249696 total
[2021-04-20T02:31:32.222+0000][8][gc,age      ] GC(17) - age  10:     375936 bytes,   16625632 total
[2021-04-20T02:31:32.222+0000][8][gc,age      ] GC(17) - age  11:    1358088 bytes,   17983720 total
[2021-04-20T02:31:32.222+0000][8][gc,age      ] GC(17) - age  12:    1071416 bytes,   19055136 total
[2021-04-20T02:31:32.222+0000][8][gc,age      ] GC(17) - age  13:    1820592 bytes,   20875728 total
[2021-04-20T02:31:32.222+0000][8][gc,phases   ] GC(17)   Pre Evacuate Collection Set: 0.1ms
[2021-04-20T02:31:32.222+0000][8][gc,phases   ] GC(17)   Merge Heap Roots: 0.5ms
[2021-04-20T02:31:32.222+0000][8][gc,phases   ] GC(17)   Evacuate Collection Set: 77.6ms
[2021-04-20T02:31:32.222+0000][8][gc,phases   ] GC(17)   Post Evacuate Collection Set: 4.3ms
[2021-04-20T02:31:32.222+0000][8][gc,phases   ] GC(17)   Other: 0.4ms
[2021-04-20T02:31:32.222+0000][8][gc,heap     ] GC(17) Eden regions: 35->0(33)
[2021-04-20T02:31:32.222+0000][8][gc,heap     ] GC(17) Survivor regions: 3->5(5)
[2021-04-20T02:31:32.222+0000][8][gc,heap     ] GC(17) Old regions: 3->3
[2021-04-20T02:31:32.222+0000][8][gc,heap     ] GC(17) Archive regions: 2->2
[2021-04-20T02:31:32.222+0000][8][gc,heap     ] GC(17) Humongous regions: 0->0
[2021-04-20T02:31:32.222+0000][8][gc,metaspace] GC(17) Metaspace: 30073K(32176K)->30073K(32176K) NonClass: 26309K(27824K)->26309K(27824K) Class: 3764K(4352K)->3764K(4352K)
[2021-04-20T02:31:32.222+0000][8][gc          ] GC(17) Pause Young (Normal) (G1 Evacuation Pause) 163M->35M(256M) 82.985ms
[2021-04-20T02:31:32.222+0000][8][gc,cpu      ] GC(17) User=0.21s Sys=0.00s Real=0.08s
[2021-04-20T02:31:32.225+0000][8][safepoint   ] Safepoint "G1CollectForAllocation", Time since last: 263978875 ns, Reaching safepoint: 293928 ns, At safepoint: 86421740 ns, Total: 86715668 ns
[2021-04-20T02:31:34.225+0000][8][safepoint   ] Safepoint "Cleanup", Time since last: 1999299432 ns, Reaching safepoint: 257541 ns, At safepoint: 11142 ns, Total: 268683 ns
[2021-04-20T02:31:34.367+0000][8][gc,start    ] GC(18) Pause Young (Normal) (G1 Evacuation Pause)
[2021-04-20T02:31:34.367+0000][8][gc,task     ] GC(18) Using 6 workers of 8 for evacuation
[2021-04-20T02:31:34.367+0000][8][gc,age      ] GC(18) Desired survivor size 10485760 bytes, new threshold 1 (max threshold 15)
[2021-04-20T02:31:34.440+0000][8][gc,age      ] GC(18) Age table with threshold 1 (max threshold 15)
[2021-04-20T02:31:34.440+0000][8][gc,age      ] GC(18) - age   1:   16655688 bytes,   16655688 total
[2021-04-20T02:31:34.440+0000][8][gc,phases   ] GC(18)   Pre Evacuate Collection Set: 0.1ms
[2021-04-20T02:31:34.440+0000][8][gc,phases   ] GC(18)   Merge Heap Roots: 0.4ms
[2021-04-20T02:31:34.440+0000][8][gc,phases   ] GC(18)   Evacuate Collection Set: 71.6ms
[2021-04-20T02:31:34.440+0000][8][gc,phases   ] GC(18)   Post Evacuate Collection Set: 0.7ms
[2021-04-20T02:31:34.440+0000][8][gc,phases   ] GC(18)   Other: 0.2ms
[2021-04-20T02:31:34.440+0000][8][gc,heap     ] GC(18) Eden regions: 33->0(32)
[2021-04-20T02:31:34.440+0000][8][gc,heap     ] GC(18) Survivor regions: 5->5(5)
[2021-04-20T02:31:34.440+0000][8][gc,heap     ] GC(18) Old regions: 3->8
[2021-04-20T02:31:34.440+0000][8][gc,heap     ] GC(18) Archive regions: 2->2
[2021-04-20T02:31:34.440+0000][8][gc,heap     ] GC(18) Humongous regions: 0->0
[2021-04-20T02:31:34.440+0000][8][gc,metaspace] GC(18) Metaspace: 30141K(32176K)->30141K(32176K) NonClass: 26372K(27824K)->26372K(27824K) Class: 3769K(4352K)->3769K(4352K)
[2021-04-20T02:31:34.440+0000][8][gc          ] GC(18) Pause Young (Normal) (G1 Evacuation Pause) 167M->52M(256M) 73.140ms
[2021-04-20T02:31:34.440+0000][8][gc,cpu      ] GC(18) User=0.27s Sys=0.00s Real=0.07s
[2021-04-20T02:31:34.440+0000][8][safepoint   ] Safepoint "G1CollectForAllocation", Time since last: 142125920 ns, Reaching safepoint: 107277 ns, At safepoint: 73230989 ns, Total: 73338266 ns
[2021-04-20T02:31:35.355+0000][8][gc,start    ] GC(19) Pause Young (Concurrent Start) (Metadata GC Threshold)
[2021-04-20T02:31:35.355+0000][8][gc,task     ] GC(19) Using 6 workers of 8 for evacuation
[2021-04-20T02:31:35.355+0000][8][gc,age      ] GC(19) Desired survivor size 10485760 bytes, new threshold 1 (max threshold 15)
[2021-04-20T02:31:35.412+0000][8][gc,age      ] GC(19) Age table with threshold 1 (max threshold 15)
[2021-04-20T02:31:35.412+0000][8][gc,age      ] GC(19) - age   1:    7263696 bytes,    7263696 total
[2021-04-20T02:31:35.412+0000][8][gc,phases   ] GC(19)   Pre Evacuate Collection Set: 0.1ms
[2021-04-20T02:31:35.412+0000][8][gc,phases   ] GC(19)   Merge Heap Roots: 0.1ms
[2021-04-20T02:31:35.412+0000][8][gc,phases   ] GC(19)   Evacuate Collection Set: 55.8ms
[2021-04-20T02:31:35.412+0000][8][gc,phases   ] GC(19)   Post Evacuate Collection Set: 0.6ms
[2021-04-20T02:31:35.412+0000][8][gc,phases   ] GC(19)   Other: 0.3ms
[2021-04-20T02:31:35.412+0000][8][gc,heap     ] GC(19) Eden regions: 10->0(30)
[2021-04-20T02:31:35.412+0000][8][gc,heap     ] GC(19) Survivor regions: 5->2(5)
[2021-04-20T02:31:35.412+0000][8][gc,heap     ] GC(19) Old regions: 8->13
[2021-04-20T02:31:35.412+0000][8][gc,heap     ] GC(19) Archive regions: 2->2
[2021-04-20T02:31:35.412+0000][8][gc,heap     ] GC(19) Humongous regions: 0->0
[2021-04-20T02:31:35.412+0000][8][gc,metaspace] GC(19) Metaspace: 33477K(35632K)->33477K(35632K) NonClass: 29147K(30640K)->29147K(30640K) Class: 4330K(4992K)->4330K(4992K)
[2021-04-20T02:31:35.412+0000][8][gc          ] GC(19) Pause Young (Concurrent Start) (Metadata GC Threshold) 92M->60M(256M) 57.113ms
[2021-04-20T02:31:35.412+0000][8][gc,cpu      ] GC(19) User=0.12s Sys=0.00s Real=0.05s
[2021-04-20T02:31:35.412+0000][8][gc          ] GC(20) Concurrent Cycle
[2021-04-20T02:31:35.412+0000][8][gc,marking  ] GC(20) Concurrent Clear Claimed Marks
[2021-04-20T02:31:35.412+0000][8][gc,marking  ] GC(20) Concurrent Clear Claimed Marks 0.056ms
[2021-04-20T02:31:35.412+0000][8][gc,marking  ] GC(20) Concurrent Scan Root Regions
[2021-04-20T02:31:35.420+0000][8][safepoint   ] Safepoint "CollectForMetadataAllocation", Time since last: 912601139 ns, Reaching safepoint: 1550693 ns, At safepoint: 65493609 ns, Total: 67044302 ns
[2021-04-20T02:31:35.453+0000][8][gc,marking  ] GC(20) Concurrent Scan Root Regions 41.293ms
[2021-04-20T02:31:35.453+0000][8][gc,marking  ] GC(20) Concurrent Mark (17.439s)
[2021-04-20T02:31:35.453+0000][8][gc,marking  ] GC(20) Concurrent Mark From Roots
[2021-04-20T02:31:35.453+0000][8][gc,task     ] GC(20) Using 2 workers of 2 for marking
[2021-04-20T02:31:35.522+0000][8][safepoint   ] Safepoint "CollectForMetadataAllocation", Time since last: 101363110 ns, Reaching safepoint: 127307 ns, At safepoint: 184327 ns, Total: 311634 ns
[2021-04-20T02:31:35.529+0000][8][gc,marking  ] GC(20) Concurrent Mark From Roots 75.202ms
[2021-04-20T02:31:35.529+0000][8][gc,marking  ] GC(20) Concurrent Preclean
[2021-04-20T02:31:35.529+0000][8][gc,marking  ] GC(20) Concurrent Preclean 0.591ms
[2021-04-20T02:31:35.529+0000][8][gc,marking  ] GC(20) Concurrent Mark (17.439s, 17.515s) 75.954ms
[2021-04-20T02:31:35.530+0000][8][gc,start    ] GC(20) Pause Remark
[2021-04-20T02:31:35.536+0000][8][gc          ] GC(20) Pause Remark 64M->64M(256M) 5.943ms
[2021-04-20T02:31:35.536+0000][8][gc,cpu      ] GC(20) User=0.03s Sys=0.00s Real=0.01s
[2021-04-20T02:31:35.536+0000][8][safepoint   ] Safepoint "G1Concurrent", Time since last: 8125430 ns, Reaching safepoint: 188861 ns, At safepoint: 6036569 ns, Total: 6225430 ns
[2021-04-20T02:31:35.536+0000][8][gc,marking  ] GC(20) Concurrent Rebuild Remembered Sets
[2021-04-20T02:31:35.644+0000][8][gc,marking  ] GC(20) Concurrent Rebuild Remembered Sets 107.382ms
[2021-04-20T02:31:35.648+0000][8][gc,start    ] GC(20) Pause Cleanup
[2021-04-20T02:31:35.649+0000][8][gc          ] GC(20) Pause Cleanup 66M->66M(256M) 0.420ms
[2021-04-20T02:31:35.649+0000][8][gc,cpu      ] GC(20) User=0.00s Sys=0.00s Real=0.00s
[2021-04-20T02:31:35.649+0000][8][safepoint   ] Safepoint "G1Concurrent", Time since last: 109043982 ns, Reaching safepoint: 3189385 ns, At safepoint: 1067335 ns, Total: 4256720 ns
[2021-04-20T02:31:35.650+0000][8][gc,marking  ] GC(20) Concurrent Cleanup for Next Mark
[2021-04-20T02:31:35.650+0000][8][gc,marking  ] GC(20) Concurrent Cleanup for Next Mark 0.298ms
[2021-04-20T02:31:35.650+0000][8][gc          ] GC(20) Concurrent Cycle 238.009ms
[2021-04-20T02:31:36.527+0000][8][gc,start    ] GC(21) Pause Young (Concurrent Start) (G1 Evacuation Pause)
[2021-04-20T02:31:36.527+0000][8][gc,task     ] GC(21) Using 6 workers of 8 for evacuation
[2021-04-20T02:31:36.527+0000][8][gc,age      ] GC(21) Desired survivor size 8388608 bytes, new threshold 15 (max threshold 15)
[2021-04-20T02:31:36.575+0000][8][gc,age      ] GC(21) Age table with threshold 15 (max threshold 15)
[2021-04-20T02:31:36.575+0000][8][gc,age      ] GC(21) - age   1:    1676768 bytes,    1676768 total
[2021-04-20T02:31:36.575+0000][8][gc,age      ] GC(21) - age   2:    7156576 bytes,    8833344 total
[2021-04-20T02:31:36.575+0000][8][gc,phases   ] GC(21)   Pre Evacuate Collection Set: 0.1ms
[2021-04-20T02:31:36.575+0000][8][gc,phases   ] GC(21)   Merge Heap Roots: 0.1ms
[2021-04-20T02:31:36.575+0000][8][gc,phases   ] GC(21)   Evacuate Collection Set: 46.0ms
[2021-04-20T02:31:36.575+0000][8][gc,phases   ] GC(21)   Post Evacuate Collection Set: 2.1ms
[2021-04-20T02:31:36.575+0000][8][gc,phases   ] GC(21)   Other: 0.3ms
[2021-04-20T02:31:36.575+0000][8][gc,heap     ] GC(21) Eden regions: 30->0(30)
[2021-04-20T02:31:36.575+0000][8][gc,heap     ] GC(21) Survivor regions: 2->3(4)
[2021-04-20T02:31:36.575+0000][8][gc,heap     ] GC(21) Old regions: 13->13
[2021-04-20T02:31:36.575+0000][8][gc,heap     ] GC(21) Archive regions: 2->2
[2021-04-20T02:31:36.575+0000][8][gc,heap     ] GC(21) Humongous regions: 0->0
[2021-04-20T02:31:36.576+0000][8][gc,metaspace] GC(21) Metaspace: 36052K(38600K)->36052K(38600K) NonClass: 31470K(33352K)->31470K(33352K) Class: 4581K(5248K)->4581K(5248K)
[2021-04-20T02:31:36.576+0000][8][gc          ] GC(21) Pause Young (Concurrent Start) (G1 Evacuation Pause) 180M->62M(256M) 48.761ms
[2021-04-20T02:31:36.576+0000][8][gc,cpu      ] GC(21) User=0.09s Sys=0.00s Real=0.05s
[2021-04-20T02:31:36.576+0000][8][gc          ] GC(22) Concurrent Cycle
[2021-04-20T02:31:36.576+0000][8][gc,marking  ] GC(22) Concurrent Clear Claimed Marks
[2021-04-20T02:31:36.576+0000][8][gc,marking  ] GC(22) Concurrent Clear Claimed Marks 0.068ms
[2021-04-20T02:31:36.576+0000][8][gc,marking  ] GC(22) Concurrent Scan Root Regions
[2021-04-20T02:31:36.576+0000][8][safepoint   ] Safepoint "G1CollectForAllocation", Time since last: 876690258 ns, Reaching safepoint: 596914 ns, At safepoint: 49148717 ns, Total: 49745631 ns
[2021-04-20T02:31:36.589+0000][8][gc,marking  ] GC(22) Concurrent Scan Root Regions 13.334ms
[2021-04-20T02:31:36.589+0000][8][gc,marking  ] GC(22) Concurrent Mark (18.575s)
[2021-04-20T02:31:36.589+0000][8][gc,marking  ] GC(22) Concurrent Mark From Roots
[2021-04-20T02:31:36.589+0000][8][gc,task     ] GC(22) Using 2 workers of 2 for marking
[2021-04-20T02:31:36.763+0000][8][gc,marking  ] GC(22) Concurrent Mark From Roots 173.587ms
[2021-04-20T02:31:36.763+0000][8][gc,marking  ] GC(22) Concurrent Preclean
[2021-04-20T02:31:36.765+0000][8][gc,marking  ] GC(22) Concurrent Preclean 1.197ms
[2021-04-20T02:31:36.765+0000][8][gc,marking  ] GC(22) Concurrent Mark (18.575s, 18.750s) 175.225ms
[2021-04-20T02:31:36.765+0000][8][gc,start    ] GC(22) Pause Remark
[2021-04-20T02:31:36.782+0000][8][gc          ] GC(22) Pause Remark 66M->66M(256M) 16.295ms
[2021-04-20T02:31:36.782+0000][8][gc,cpu      ] GC(22) User=0.02s Sys=0.01s Real=0.01s
[2021-04-20T02:31:36.782+0000][8][safepoint   ] Safepoint "G1Concurrent", Time since last: 188928368 ns, Reaching safepoint: 403585 ns, At safepoint: 16410041 ns, Total: 16813626 ns
[2021-04-20T02:31:36.782+0000][8][gc,marking  ] GC(22) Concurrent Rebuild Remembered Sets
[2021-04-20T02:31:36.854+0000][8][gc,marking  ] GC(22) Concurrent Rebuild Remembered Sets 71.857ms
[2021-04-20T02:31:36.859+0000][8][gc,start    ] GC(22) Pause Cleanup
[2021-04-20T02:31:36.859+0000][8][gc          ] GC(22) Pause Cleanup 68M->68M(256M) 0.119ms
[2021-04-20T02:31:36.859+0000][8][gc,cpu      ] GC(22) User=0.00s Sys=0.00s Real=0.00s
[2021-04-20T02:31:36.859+0000][8][safepoint   ] Safepoint "G1Concurrent", Time since last: 72789745 ns, Reaching safepoint: 4219296 ns, At safepoint: 187981 ns, Total: 4407277 ns
[2021-04-20T02:31:36.862+0000][8][gc,marking  ] GC(22) Concurrent Cleanup for Next Mark
[2021-04-20T02:31:36.863+0000][8][gc,marking  ] GC(22) Concurrent Cleanup for Next Mark 0.711ms
[2021-04-20T02:31:36.863+0000][8][gc          ] GC(22) Concurrent Cycle 287.326ms
[2021-04-20T02:31:37.863+0000][8][safepoint   ] Safepoint "Cleanup", Time since last: 1000113668 ns, Reaching safepoint: 4398355 ns, At safepoint: 21780 ns, Total: 4420135 ns
[2021-04-20T02:31:38.914+0000][8][safepoint   ] Safepoint "Cleanup", Time since last: 1049640112 ns, Reaching safepoint: 1237744 ns, At safepoint: 8562 ns, Total: 1246306 ns
[2021-04-20T02:31:39.918+0000][8][safepoint   ] Safepoint "Cleanup", Time since last: 1002095922 ns, Reaching safepoint: 2093300 ns, At safepoint: 18620 ns, Total: 2111920 ns
[2021-04-20T02:31:39.968+0000][8][gc,start    ] GC(23) Pause Young (Normal) (G1 Evacuation Pause)
[2021-04-20T02:31:39.968+0000][8][gc,task     ] GC(23) Using 6 workers of 8 for evacuation
[2021-04-20T02:31:39.968+0000][8][gc,age      ] GC(23) Desired survivor size 10485760 bytes, new threshold 15 (max threshold 15)
[2021-04-20T02:31:40.005+0000][8][gc,age      ] GC(23) Age table with threshold 15 (max threshold 15)
[2021-04-20T02:31:40.005+0000][8][gc,age      ] GC(23) - age   1:    5205256 bytes,    5205256 total
[2021-04-20T02:31:40.005+0000][8][gc,age      ] GC(23) - age   2:    1358312 bytes,    6563568 total
[2021-04-20T02:31:40.005+0000][8][gc,age      ] GC(23) - age   3:    7133544 bytes,   13697112 total
[2021-04-20T02:31:40.005+0000][8][gc,phases   ] GC(23)   Pre Evacuate Collection Set: 0.1ms
[2021-04-20T02:31:40.005+0000][8][gc,phases   ] GC(23)   Merge Heap Roots: 0.2ms
[2021-04-20T02:31:40.005+0000][8][gc,phases   ] GC(23)   Evacuate Collection Set: 34.1ms
[2021-04-20T02:31:40.005+0000][8][gc,phases   ] GC(23)   Post Evacuate Collection Set: 2.5ms
[2021-04-20T02:31:40.005+0000][8][gc,phases   ] GC(23)   Other: 0.3ms
[2021-04-20T02:31:40.005+0000][8][gc,heap     ] GC(23) Eden regions: 30->0(29)
[2021-04-20T02:31:40.005+0000][8][gc,heap     ] GC(23) Survivor regions: 3->4(5)
[2021-04-20T02:31:40.005+0000][8][gc,heap     ] GC(23) Old regions: 13->13
[2021-04-20T02:31:40.005+0000][8][gc,heap     ] GC(23) Archive regions: 2->2
[2021-04-20T02:31:40.005+0000][8][gc,heap     ] GC(23) Humongous regions: 0->0
[2021-04-20T02:31:40.005+0000][8][gc,metaspace] GC(23) Metaspace: 51796K(55240K)->51796K(55240K) NonClass: 44868K(47432K)->44868K(47432K) Class: 6928K(7808K)->6928K(7808K)
[2021-04-20T02:31:40.005+0000][8][gc          ] GC(23) Pause Young (Normal) (G1 Evacuation Pause) 182M->65M(256M) 37.256ms
[2021-04-20T02:31:40.005+0000][8][gc,cpu      ] GC(23) User=0.10s Sys=0.01s Real=0.04s
[2021-04-20T02:31:40.006+0000][8][safepoint   ] Safepoint "G1CollectForAllocation", Time since last: 48747694 ns, Reaching safepoint: 585572 ns, At safepoint: 38627333 ns, Total: 39212905 ns
[2021-04-20T02:31:41.697+0000][8][safepoint   ] Safepoint "Cleanup", Time since last: 1690685689 ns, Reaching safepoint: 198439 ns, At safepoint: 9313 ns, Total: 207752 ns
[2021-04-20T02:31:42.245+0000][8][gc,start    ] GC(24) Pause Young (Normal) (G1 Evacuation Pause)
[2021-04-20T02:31:42.245+0000][8][gc,task     ] GC(24) Using 6 workers of 8 for evacuation
[2021-04-20T02:31:42.246+0000][8][gc,age      ] GC(24) Desired survivor size 10485760 bytes, new threshold 3 (max threshold 15)
[2021-04-20T02:31:42.269+0000][8][gc,age      ] GC(24) Age table with threshold 3 (max threshold 15)
[2021-04-20T02:31:42.269+0000][8][gc,age      ] GC(24) - age   1:    5641880 bytes,    5641880 total
[2021-04-20T02:31:42.269+0000][8][gc,age      ] GC(24) - age   2:    5028880 bytes,   10670760 total
[2021-04-20T02:31:42.269+0000][8][gc,age      ] GC(24) - age   3:    1356872 bytes,   12027632 total
[2021-04-20T02:31:42.269+0000][8][gc,phases   ] GC(24)   Pre Evacuate Collection Set: 0.1ms
[2021-04-20T02:31:42.269+0000][8][gc,phases   ] GC(24)   Merge Heap Roots: 0.1ms
[2021-04-20T02:31:42.269+0000][8][gc,phases   ] GC(24)   Evacuate Collection Set: 21.2ms
[2021-04-20T02:31:42.269+0000][8][gc,phases   ] GC(24)   Post Evacuate Collection Set: 2.0ms
[2021-04-20T02:31:42.269+0000][8][gc,phases   ] GC(24)   Other: 0.3ms
[2021-04-20T02:31:42.269+0000][8][gc,heap     ] GC(24) Eden regions: 29->0(29)
[2021-04-20T02:31:42.269+0000][8][gc,heap     ] GC(24) Survivor regions: 4->4(5)
[2021-04-20T02:31:42.269+0000][8][gc,heap     ] GC(24) Old regions: 13->14
[2021-04-20T02:31:42.269+0000][8][gc,heap     ] GC(24) Archive regions: 2->2
[2021-04-20T02:31:42.269+0000][8][gc,heap     ] GC(24) Humongous regions: 0->0
[2021-04-20T02:31:42.269+0000][8][gc,metaspace] GC(24) Metaspace: 59630K(63432K)->59630K(63432K) NonClass: 51781K(54600K)->51781K(54600K) Class: 7848K(8832K)->7848K(8832K)
[2021-04-20T02:31:42.269+0000][8][gc          ] GC(24) Pause Young (Normal) (G1 Evacuation Pause) 181M->71M(256M) 23.800ms
[2021-04-20T02:31:42.269+0000][8][gc,cpu      ] GC(24) User=0.14s Sys=0.00s Real=0.02s
[2021-04-20T02:31:42.269+0000][8][safepoint   ] Safepoint "G1CollectForAllocation", Time since last: 547699264 ns, Reaching safepoint: 387739 ns, At safepoint: 23918870 ns, Total: 24306609 ns
[2021-04-20T02:31:42.428+0000][8][gc,start    ] GC(25) Pause Young (Concurrent Start) (Metadata GC Threshold)
[2021-04-20T02:31:42.428+0000][8][gc,task     ] GC(25) Using 6 workers of 8 for evacuation
[2021-04-20T02:31:42.428+0000][8][gc,age      ] GC(25) Desired survivor size 10485760 bytes, new threshold 2 (max threshold 15)
[2021-04-20T02:31:42.444+0000][8][gc,age      ] GC(25) Age table with threshold 2 (max threshold 15)
[2021-04-20T02:31:42.444+0000][8][gc,age      ] GC(25) - age   1:     230424 bytes,     230424 total
[2021-04-20T02:31:42.444+0000][8][gc,age      ] GC(25) - age   2:    5581064 bytes,    5811488 total
[2021-04-20T02:31:42.444+0000][8][gc,phases   ] GC(25)   Pre Evacuate Collection Set: 0.1ms
[2021-04-20T02:31:42.444+0000][8][gc,phases   ] GC(25)   Merge Heap Roots: 0.1ms
[2021-04-20T02:31:42.444+0000][8][gc,phases   ] GC(25)   Evacuate Collection Set: 14.2ms
[2021-04-20T02:31:42.444+0000][8][gc,phases   ] GC(25)   Post Evacuate Collection Set: 1.0ms
[2021-04-20T02:31:42.444+0000][8][gc,phases   ] GC(25)   Other: 0.3ms
[2021-04-20T02:31:42.444+0000][8][gc,heap     ] GC(25) Eden regions: 3->0(29)
[2021-04-20T02:31:42.444+0000][8][gc,heap     ] GC(25) Survivor regions: 4->2(5)
[2021-04-20T02:31:42.444+0000][8][gc,heap     ] GC(25) Old regions: 14->16
[2021-04-20T02:31:42.444+0000][8][gc,heap     ] GC(25) Archive regions: 2->2
[2021-04-20T02:31:42.444+0000][8][gc,heap     ] GC(25) Humongous regions: 0->0
[2021-04-20T02:31:42.444+0000][8][gc,metaspace] GC(25) Metaspace: 60747K(64328K)->60747K(64328K) NonClass: 52757K(55368K)->52757K(55368K) Class: 7989K(8960K)->7989K(8960K)
[2021-04-20T02:31:42.444+0000][8][gc          ] GC(25) Pause Young (Concurrent Start) (Metadata GC Threshold) 81M->71M(256M) 15.842ms
[2021-04-20T02:31:42.444+0000][8][gc,cpu      ] GC(25) User=0.07s Sys=0.00s Real=0.02s
[2021-04-20T02:31:42.444+0000][8][gc          ] GC(26) Concurrent Cycle
[2021-04-20T02:31:42.444+0000][8][gc,marking  ] GC(26) Concurrent Clear Claimed Marks
[2021-04-20T02:31:42.444+0000][8][gc,marking  ] GC(26) Concurrent Clear Claimed Marks 0.071ms
[2021-04-20T02:31:42.444+0000][8][gc,marking  ] GC(26) Concurrent Scan Root Regions
[2021-04-20T02:31:42.444+0000][8][safepoint   ] Safepoint "CollectForMetadataAllocation", Time since last: 158594718 ns, Reaching safepoint: 312395 ns, At safepoint: 16142197 ns, Total: 16454592 ns
[2021-04-20T02:31:42.453+0000][8][gc,marking  ] GC(26) Concurrent Scan Root Regions 8.571ms
[2021-04-20T02:31:42.453+0000][8][gc,marking  ] GC(26) Concurrent Mark (24.438s)
[2021-04-20T02:31:42.453+0000][8][gc,marking  ] GC(26) Concurrent Mark From Roots
[2021-04-20T02:31:42.453+0000][8][gc,task     ] GC(26) Using 2 workers of 2 for marking
[2021-04-20T02:31:42.469+0000][8][safepoint   ] Safepoint "CollectForMetadataAllocation", Time since last: 23892652 ns, Reaching safepoint: 138089 ns, At safepoint: 175754 ns, Total: 313843 ns
[2021-04-20T02:31:42.509+0000][8][safepoint   ] Safepoint "CollectForMetadataAllocation", Time since last: 40346126 ns, Reaching safepoint: 178896 ns, At safepoint: 179262 ns, Total: 358158 ns
[2021-04-20T02:31:42.537+0000][8][gc,marking  ] GC(26) Concurrent Mark From Roots 84.536ms
[2021-04-20T02:31:42.537+0000][8][gc,marking  ] GC(26) Concurrent Preclean
[2021-04-20T02:31:42.538+0000][8][gc,marking  ] GC(26) Concurrent Preclean 0.303ms
[2021-04-20T02:31:42.538+0000][8][gc,marking  ] GC(26) Concurrent Mark (24.438s, 24.523s) 84.898ms
[2021-04-20T02:31:42.538+0000][8][gc,start    ] GC(26) Pause Remark
[2021-04-20T02:31:42.541+0000][8][gc          ] GC(26) Pause Remark 81M->81M(256M) 3.242ms
[2021-04-20T02:31:42.541+0000][8][gc,cpu      ] GC(26) User=0.01s Sys=0.00s Real=0.00s
[2021-04-20T02:31:42.541+0000][8][safepoint   ] Safepoint "G1Concurrent", Time since last: 28521901 ns, Reaching safepoint: 132006 ns, At safepoint: 3327321 ns, Total: 3459327 ns
[2021-04-20T02:31:42.541+0000][8][gc,marking  ] GC(26) Concurrent Rebuild Remembered Sets
[2021-04-20T02:31:42.599+0000][8][gc,marking  ] GC(26) Concurrent Rebuild Remembered Sets 57.300ms
[2021-04-20T02:31:42.599+0000][8][gc,start    ] GC(26) Pause Cleanup
[2021-04-20T02:31:42.599+0000][8][gc          ] GC(26) Pause Cleanup 85M->85M(256M) 0.067ms
[2021-04-20T02:31:42.599+0000][8][gc,cpu      ] GC(26) User=0.00s Sys=0.00s Real=0.00s
[2021-04-20T02:31:42.599+0000][8][safepoint   ] Safepoint "G1Concurrent", Time since last: 57402469 ns, Reaching safepoint: 556883 ns, At safepoint: 110895 ns, Total: 667778 ns
[2021-04-20T02:31:42.599+0000][8][gc,marking  ] GC(26) Concurrent Cleanup for Next Mark
[2021-04-20T02:31:42.600+0000][8][gc,marking  ] GC(26) Concurrent Cleanup for Next Mark 0.179ms
[2021-04-20T02:31:42.600+0000][8][gc          ] GC(26) Concurrent Cycle 155.406ms
[2021-04-20T02:31:43.601+0000][8][safepoint   ] Safepoint "Cleanup", Time since last: 1000106773 ns, Reaching safepoint: 1048518 ns, At safepoint: 18079 ns, Total: 1066597 ns
[2021-04-20T02:31:44.602+0000][8][safepoint   ] Safepoint "Cleanup", Time since last: 1000643943 ns, Reaching safepoint: 1165173 ns, At safepoint: 12050 ns, Total: 1177223 ns
[2021-04-20T02:31:44.910+0000][8][gc,start    ] GC(27) Pause Young (Concurrent Start) (G1 Evacuation Pause)
[2021-04-20T02:31:44.910+0000][8][gc,task     ] GC(27) Using 6 workers of 8 for evacuation
[2021-04-20T02:31:44.910+0000][8][gc,age      ] GC(27) Desired survivor size 8388608 bytes, new threshold 15 (max threshold 15)
[2021-04-20T02:31:44.939+0000][8][gc,age      ] GC(27) Age table with threshold 15 (max threshold 15)
[2021-04-20T02:31:44.939+0000][8][gc,age      ] GC(27) - age   1:    5912552 bytes,    5912552 total
[2021-04-20T02:31:44.939+0000][8][gc,age      ] GC(27) - age   2:     211448 bytes,    6124000 total
[2021-04-20T02:31:44.939+0000][8][gc,age      ] GC(27) - age   3:    5546416 bytes,   11670416 total
[2021-04-20T02:31:44.940+0000][8][gc,phases   ] GC(27)   Pre Evacuate Collection Set: 0.2ms
[2021-04-20T02:31:44.940+0000][8][gc,phases   ] GC(27)   Merge Heap Roots: 0.2ms
[2021-04-20T02:31:44.940+0000][8][gc,phases   ] GC(27)   Evacuate Collection Set: 23.7ms
[2021-04-20T02:31:44.940+0000][8][gc,phases   ] GC(27)   Post Evacuate Collection Set: 5.0ms
[2021-04-20T02:31:44.940+0000][8][gc,phases   ] GC(27)   Other: 0.4ms
[2021-04-20T02:31:44.940+0000][8][gc,heap     ] GC(27) Eden regions: 29->0(28)
[2021-04-20T02:31:44.940+0000][8][gc,heap     ] GC(27) Survivor regions: 2->3(4)
[2021-04-20T02:31:44.940+0000][8][gc,heap     ] GC(27) Old regions: 16->16
[2021-04-20T02:31:44.940+0000][8][gc,heap     ] GC(27) Archive regions: 2->2
[2021-04-20T02:31:44.940+0000][8][gc,heap     ] GC(27) Humongous regions: 0->0
[2021-04-20T02:31:44.940+0000][8][gc,metaspace] GC(27) Metaspace: 77117K(81096K)->77117K(81096K) NonClass: 66723K(69704K)->66723K(69704K) Class: 10393K(11392K)->10393K(11392K)
[2021-04-20T02:31:44.940+0000][8][gc          ] GC(27) Pause Young (Concurrent Start) (G1 Evacuation Pause) 187M->77M(256M) 29.565ms
[2021-04-20T02:31:44.940+0000][8][gc,cpu      ] GC(27) User=0.10s Sys=0.00s Real=0.03s
[2021-04-20T02:31:44.940+0000][8][gc          ] GC(28) Concurrent Cycle
[2021-04-20T02:31:44.940+0000][8][gc,marking  ] GC(28) Concurrent Clear Claimed Marks
[2021-04-20T02:31:44.940+0000][8][gc,marking  ] GC(28) Concurrent Clear Claimed Marks 0.071ms
[2021-04-20T02:31:44.940+0000][8][gc,marking  ] GC(28) Concurrent Scan Root Regions
[2021-04-20T02:31:44.941+0000][8][safepoint   ] Safepoint "G1CollectForAllocation", Time since last: 307734883 ns, Reaching safepoint: 87209 ns, At safepoint: 30411372 ns, Total: 30498581 ns
[2021-04-20T02:31:44.954+0000][8][gc,marking  ] GC(28) Concurrent Scan Root Regions 13.576ms
[2021-04-20T02:31:44.954+0000][8][gc,marking  ] GC(28) Concurrent Mark (26.939s)
[2021-04-20T02:31:44.954+0000][8][gc,marking  ] GC(28) Concurrent Mark From Roots
[2021-04-20T02:31:44.954+0000][8][gc,task     ] GC(28) Using 2 workers of 2 for marking
[2021-04-20T02:31:45.082+0000][8][gc,marking  ] GC(28) Concurrent Mark From Roots 128.261ms
[2021-04-20T02:31:45.082+0000][8][gc,marking  ] GC(28) Concurrent Preclean
[2021-04-20T02:31:45.082+0000][8][gc,marking  ] GC(28) Concurrent Preclean 0.246ms
[2021-04-20T02:31:45.082+0000][8][gc,marking  ] GC(28) Concurrent Mark (26.939s, 27.068s) 128.602ms
[2021-04-20T02:31:45.082+0000][8][gc,start    ] GC(28) Pause Remark
[2021-04-20T02:31:45.095+0000][8][gc          ] GC(28) Pause Remark 81M->81M(256M) 12.228ms
[2021-04-20T02:31:45.095+0000][8][gc,cpu      ] GC(28) User=0.02s Sys=0.01s Real=0.01s
[2021-04-20T02:31:45.095+0000][8][safepoint   ] Safepoint "G1Concurrent", Time since last: 141635913 ns, Reaching safepoint: 188001 ns, At safepoint: 12352543 ns, Total: 12540544 ns
[2021-04-20T02:31:45.096+0000][8][gc,marking  ] GC(28) Concurrent Rebuild Remembered Sets
[2021-04-20T02:31:45.174+0000][8][gc,marking  ] GC(28) Concurrent Rebuild Remembered Sets 77.692ms
[2021-04-20T02:31:45.175+0000][8][gc,start    ] GC(28) Pause Cleanup
[2021-04-20T02:31:45.175+0000][8][gc          ] GC(28) Pause Cleanup 85M->85M(256M) 0.080ms
[2021-04-20T02:31:45.175+0000][8][gc,cpu      ] GC(28) User=0.00s Sys=0.00s Real=0.00s
[2021-04-20T02:31:45.175+0000][8][safepoint   ] Safepoint "G1Concurrent", Time since last: 79476013 ns, Reaching safepoint: 372848 ns, At safepoint: 128101 ns, Total: 500949 ns
[2021-04-20T02:31:45.175+0000][8][gc,marking  ] GC(28) Concurrent Cleanup for Next Mark
[2021-04-20T02:31:45.175+0000][8][gc,marking  ] GC(28) Concurrent Cleanup for Next Mark 0.190ms
[2021-04-20T02:31:45.175+0000][8][gc          ] GC(28) Concurrent Cycle 235.122ms
[2021-04-20T02:31:45.809+0000][8][safepoint   ] Safepoint "ICBufferFull", Time since last: 634482922 ns, Reaching safepoint: 204463 ns, At safepoint: 12631 ns, Total: 217094 ns
[2021-04-20T02:31:46.246+0000][8][safepoint   ] Safepoint "ICBufferFull", Time since last: 436738613 ns, Reaching safepoint: 186684 ns, At safepoint: 7980 ns, Total: 194664 ns
[2021-04-20T02:31:46.748+0000][8][safepoint   ] Safepoint "ICBufferFull", Time since last: 501741415 ns, Reaching safepoint: 337544 ns, At safepoint: 13116 ns, Total: 350660 ns
[2021-04-20T02:31:46.845+0000][8][gc,start    ] GC(29) Pause Young (Normal) (G1 Evacuation Pause)
[2021-04-20T02:31:46.845+0000][8][gc,task     ] GC(29) Using 6 workers of 8 for evacuation
[2021-04-20T02:31:46.845+0000][8][gc,age      ] GC(29) Desired survivor size 8388608 bytes, new threshold 3 (max threshold 15)
[2021-04-20T02:31:46.864+0000][8][gc,age      ] GC(29) Age table with threshold 3 (max threshold 15)
[2021-04-20T02:31:46.864+0000][8][gc,age      ] GC(29) - age   1:    5637344 bytes,    5637344 total
[2021-04-20T02:31:46.864+0000][8][gc,age      ] GC(29) - age   2:    5351536 bytes,   10988880 total
[2021-04-20T02:31:46.864+0000][8][gc,age      ] GC(29) - age   3:     210584 bytes,   11199464 total
[2021-04-20T02:31:46.864+0000][8][gc,phases   ] GC(29)   Pre Evacuate Collection Set: 0.1ms
[2021-04-20T02:31:46.864+0000][8][gc,phases   ] GC(29)   Merge Heap Roots: 0.1ms
[2021-04-20T02:31:46.864+0000][8][gc,phases   ] GC(29)   Evacuate Collection Set: 17.7ms
[2021-04-20T02:31:46.864+0000][8][gc,phases   ] GC(29)   Post Evacuate Collection Set: 1.0ms
[2021-04-20T02:31:46.864+0000][8][gc,phases   ] GC(29)   Other: 0.2ms
[2021-04-20T02:31:46.864+0000][8][gc,heap     ] GC(29) Eden regions: 28->0(27)
[2021-04-20T02:31:46.864+0000][8][gc,heap     ] GC(29) Survivor regions: 3->3(4)
[2021-04-20T02:31:46.864+0000][8][gc,heap     ] GC(29) Old regions: 16->17
[2021-04-20T02:31:46.864+0000][8][gc,heap     ] GC(29) Archive regions: 2->2
[2021-04-20T02:31:46.864+0000][8][gc,heap     ] GC(29) Humongous regions: 0->0
[2021-04-20T02:31:46.864+0000][8][gc,metaspace] GC(29) Metaspace: 88587K(93128K)->88587K(93128K) NonClass: 76579K(79944K)->76579K(79944K) Class: 12008K(13184K)->12008K(13184K)
[2021-04-20T02:31:46.864+0000][8][gc          ] GC(29) Pause Young (Normal) (G1 Evacuation Pause) 189M->82M(256M) 19.141ms
[2021-04-20T02:31:46.864+0000][8][gc,cpu      ] GC(29) User=0.13s Sys=0.00s Real=0.02s
[2021-04-20T02:31:46.864+0000][8][safepoint   ] Safepoint "G1CollectForAllocation", Time since last: 96594661 ns, Reaching safepoint: 100711 ns, At safepoint: 19240391 ns, Total: 19341102 ns
[2021-04-20T02:31:47.190+0000][8][gc,start    ] GC(30) Pause Young (Concurrent Start) (G1 Humongous Allocation)
[2021-04-20T02:31:47.190+0000][8][gc,task     ] GC(30) Using 6 workers of 8 for evacuation
[2021-04-20T02:31:47.190+0000][8][gc,age      ] GC(30) Desired survivor size 8388608 bytes, new threshold 2 (max threshold 15)
[2021-04-20T02:31:47.215+0000][8][gc,age      ] GC(30) Age table with threshold 2 (max threshold 15)
[2021-04-20T02:31:47.215+0000][8][gc,age      ] GC(30) - age   1:     909704 bytes,     909704 total
[2021-04-20T02:31:47.215+0000][8][gc,age      ] GC(30) - age   2:    4937600 bytes,    5847304 total
[2021-04-20T02:31:47.215+0000][8][gc,phases   ] GC(30)   Pre Evacuate Collection Set: 0.1ms
[2021-04-20T02:31:47.215+0000][8][gc,phases   ] GC(30)   Merge Heap Roots: 0.4ms
[2021-04-20T02:31:47.215+0000][8][gc,phases   ] GC(30)   Evacuate Collection Set: 22.9ms
[2021-04-20T02:31:47.215+0000][8][gc,phases   ] GC(30)   Post Evacuate Collection Set: 1.2ms
[2021-04-20T02:31:47.215+0000][8][gc,phases   ] GC(30)   Other: 0.5ms
[2021-04-20T02:31:47.215+0000][8][gc,heap     ] GC(30) Eden regions: 5->0(27)
[2021-04-20T02:31:47.215+0000][8][gc,heap     ] GC(30) Survivor regions: 3->2(4)
[2021-04-20T02:31:47.215+0000][8][gc,heap     ] GC(30) Old regions: 17->19
[2021-04-20T02:31:47.215+0000][8][gc,heap     ] GC(30) Archive regions: 2->2
[2021-04-20T02:31:47.215+0000][8][gc,heap     ] GC(30) Humongous regions: 0->0
[2021-04-20T02:31:47.215+0000][8][gc,metaspace] GC(30) Metaspace: 89328K(94024K)->89328K(94024K) NonClass: 77221K(80712K)->77221K(80712K) Class: 12107K(13312K)->12107K(13312K)
[2021-04-20T02:31:47.216+0000][8][gc          ] GC(30) Pause Young (Concurrent Start) (G1 Humongous Allocation) 101M->83M(256M) 25.660ms
[2021-04-20T02:31:47.216+0000][8][gc,cpu      ] GC(30) User=0.11s Sys=0.00s Real=0.03s
[2021-04-20T02:31:47.216+0000][8][gc          ] GC(31) Concurrent Cycle
[2021-04-20T02:31:47.216+0000][8][safepoint   ] Safepoint "G1TryInitiateConcMark", Time since last: 325229654 ns, Reaching safepoint: 302664 ns, At safepoint: 25929394 ns, Total: 26232058 ns
[2021-04-20T02:31:47.216+0000][8][gc,marking  ] GC(31) Concurrent Clear Claimed Marks
[2021-04-20T02:31:47.216+0000][8][gc,marking  ] GC(31) Concurrent Clear Claimed Marks 0.090ms
[2021-04-20T02:31:47.216+0000][8][gc,marking  ] GC(31) Concurrent Scan Root Regions
[2021-04-20T02:31:47.234+0000][8][gc,marking  ] GC(31) Concurrent Scan Root Regions 17.847ms
[2021-04-20T02:31:47.234+0000][8][gc,marking  ] GC(31) Concurrent Mark (29.219s)
[2021-04-20T02:31:47.234+0000][8][gc,marking  ] GC(31) Concurrent Mark From Roots
[2021-04-20T02:31:47.234+0000][8][gc,task     ] GC(31) Using 2 workers of 2 for marking
[2021-04-20T02:31:47.348+0000][8][gc,marking  ] GC(31) Concurrent Mark From Roots 114.509ms
[2021-04-20T02:31:47.348+0000][8][gc,marking  ] GC(31) Concurrent Preclean
[2021-04-20T02:31:47.349+0000][8][gc,marking  ] GC(31) Concurrent Preclean 0.209ms
[2021-04-20T02:31:47.349+0000][8][gc,marking  ] GC(31) Concurrent Mark (29.219s, 29.334s) 114.784ms
[2021-04-20T02:31:47.349+0000][8][gc,start    ] GC(31) Pause Remark
[2021-04-20T02:31:47.353+0000][8][gc          ] GC(31) Pause Remark 94M->94M(256M) 3.890ms
[2021-04-20T02:31:47.353+0000][8][gc,cpu      ] GC(31) User=0.03s Sys=0.00s Real=0.00s
[2021-04-20T02:31:47.353+0000][8][safepoint   ] Safepoint "G1Concurrent", Time since last: 132815645 ns, Reaching safepoint: 152531 ns, At safepoint: 3980880 ns, Total: 4133411 ns
[2021-04-20T02:31:47.353+0000][8][gc,marking  ] GC(31) Concurrent Rebuild Remembered Sets
[2021-04-20T02:31:47.434+0000][8][gc,marking  ] GC(31) Concurrent Rebuild Remembered Sets 81.526ms
[2021-04-20T02:31:47.435+0000][8][gc,start    ] GC(31) Pause Cleanup
[2021-04-20T02:31:47.435+0000][8][gc          ] GC(31) Pause Cleanup 99M->99M(256M) 0.069ms
[2021-04-20T02:31:47.435+0000][8][gc,cpu      ] GC(31) User=0.00s Sys=0.00s Real=0.00s
[2021-04-20T02:31:47.435+0000][8][safepoint   ] Safepoint "G1Concurrent", Time since last: 81635065 ns, Reaching safepoint: 648114 ns, At safepoint: 118082 ns, Total: 766196 ns
[2021-04-20T02:31:47.435+0000][8][gc,marking  ] GC(31) Concurrent Cleanup for Next Mark
[2021-04-20T02:31:47.435+0000][8][gc,marking  ] GC(31) Concurrent Cleanup for Next Mark 0.180ms
[2021-04-20T02:31:47.435+0000][8][gc          ] GC(31) Concurrent Cycle 219.609ms
[2021-04-20T02:31:47.629+0000][8][safepoint   ] Safepoint "ICBufferFull", Time since last: 193314068 ns, Reaching safepoint: 168831 ns, At safepoint: 10938 ns, Total: 179769 ns
[2021-04-20T02:31:48.008+0000][8][safepoint   ] Safepoint "ICBufferFull", Time since last: 379230087 ns, Reaching safepoint: 256868 ns, At safepoint: 13029 ns, Total: 269897 ns
[2021-04-20T02:31:48.288+0000][8][safepoint   ] Safepoint "ICBufferFull", Time since last: 279210243 ns, Reaching safepoint: 214680 ns, At safepoint: 13563 ns, Total: 228243 ns
[2021-04-20T02:31:48.334+0000][8][gc,start    ] GC(32) Pause Young (Normal) (G1 Evacuation Pause)
[2021-04-20T02:31:48.335+0000][8][gc,task     ] GC(32) Using 6 workers of 8 for evacuation
[2021-04-20T02:31:48.335+0000][8][gc,age      ] GC(32) Desired survivor size 8388608 bytes, new threshold 15 (max threshold 15)
[2021-04-20T02:31:48.359+0000][8][gc,age      ] GC(32) Age table with threshold 15 (max threshold 15)
[2021-04-20T02:31:48.359+0000][8][gc,age      ] GC(32) - age   1:    9538416 bytes,    9538416 total
[2021-04-20T02:31:48.359+0000][8][gc,age      ] GC(32) - age   2:     770200 bytes,   10308616 total
[2021-04-20T02:31:48.359+0000][8][gc,age      ] GC(32) - age   3:    4805448 bytes,   15114064 total
[2021-04-20T02:31:48.359+0000][8][gc,phases   ] GC(32)   Pre Evacuate Collection Set: 0.2ms
[2021-04-20T02:31:48.359+0000][8][gc,phases   ] GC(32)   Merge Heap Roots: 0.1ms
[2021-04-20T02:31:48.359+0000][8][gc,phases   ] GC(32)   Evacuate Collection Set: 23.4ms
[2021-04-20T02:31:48.359+0000][8][gc,phases   ] GC(32)   Post Evacuate Collection Set: 0.7ms
[2021-04-20T02:31:48.359+0000][8][gc,phases   ] GC(32)   Other: 0.5ms
[2021-04-20T02:31:48.359+0000][8][gc,heap     ] GC(32) Eden regions: 27->0(23)
[2021-04-20T02:31:48.359+0000][8][gc,heap     ] GC(32) Survivor regions: 2->4(4)
[2021-04-20T02:31:48.359+0000][8][gc,heap     ] GC(32) Old regions: 19->19
[2021-04-20T02:31:48.359+0000][8][gc,heap     ] GC(32) Archive regions: 2->2
[2021-04-20T02:31:48.359+0000][8][gc,heap     ] GC(32) Humongous regions: 2->2
[2021-04-20T02:31:48.359+0000][8][gc,metaspace] GC(32) Metaspace: 94143K(98760K)->94143K(98760K) NonClass: 81365K(84808K)->81365K(84808K) Class: 12778K(13952K)->12778K(13952K)
[2021-04-20T02:31:48.359+0000][8][gc          ] GC(32) Pause Young (Normal) (G1 Evacuation Pause) 199M->99M(256M) 24.931ms
[2021-04-20T02:31:48.359+0000][8][gc,cpu      ] GC(32) User=0.14s Sys=0.01s Real=0.02s
[2021-04-20T02:31:48.363+0000][8][safepoint   ] Safepoint "G1CollectForAllocation", Time since last: 46478463 ns, Reaching safepoint: 243131 ns, At safepoint: 29049211 ns, Total: 29292342 ns
[2021-04-20T02:31:48.683+0000][8][safepoint   ] Safepoint "ICBufferFull", Time since last: 319243510 ns, Reaching safepoint: 283194 ns, At safepoint: 15662 ns, Total: 298856 ns
[2021-04-20T02:31:48.945+0000][8][safepoint   ] Safepoint "ICBufferFull", Time since last: 261314228 ns, Reaching safepoint: 287930 ns, At safepoint: 18653 ns, Total: 306583 ns
[2021-04-20T02:31:48.946+0000][8][gc,start    ] GC(33) Pause Young (Concurrent Start) (G1 Evacuation Pause)
[2021-04-20T02:31:48.946+0000][8][gc,task     ] GC(33) Using 6 workers of 8 for evacuation
[2021-04-20T02:31:48.946+0000][8][gc,age      ] GC(33) Desired survivor size 8388608 bytes, new threshold 1 (max threshold 15)
[2021-04-20T02:31:48.975+0000][8][gc,age      ] GC(33) Age table with threshold 1 (max threshold 15)
[2021-04-20T02:31:48.975+0000][8][gc,age      ] GC(33) - age   1:   13355392 bytes,   13355392 total
[2021-04-20T02:31:48.975+0000][8][gc,phases   ] GC(33)   Pre Evacuate Collection Set: 0.1ms
[2021-04-20T02:31:48.975+0000][8][gc,phases   ] GC(33)   Merge Heap Roots: 0.1ms
[2021-04-20T02:31:48.975+0000][8][gc,phases   ] GC(33)   Evacuate Collection Set: 27.8ms
[2021-04-20T02:31:48.975+0000][8][gc,phases   ] GC(33)   Post Evacuate Collection Set: 0.7ms
[2021-04-20T02:31:48.975+0000][8][gc,phases   ] GC(33)   Other: 0.2ms
[2021-04-20T02:31:48.975+0000][8][gc,heap     ] GC(33) Eden regions: 23->0(18)
[2021-04-20T02:31:48.975+0000][8][gc,heap     ] GC(33) Survivor regions: 4->4(4)
[2021-04-20T02:31:48.975+0000][8][gc,heap     ] GC(33) Old regions: 19->22
[2021-04-20T02:31:48.975+0000][8][gc,heap     ] GC(33) Archive regions: 2->2
[2021-04-20T02:31:48.975+0000][8][gc,heap     ] GC(33) Humongous regions: 2->2
[2021-04-20T02:31:48.975+0000][8][gc,metaspace] GC(33) Metaspace: 97381K(101960K)->97381K(101960K) NonClass: 84211K(87624K)->84211K(87624K) Class: 13169K(14336K)->13169K(14336K)
[2021-04-20T02:31:48.975+0000][8][gc          ] GC(33) Pause Young (Concurrent Start) (G1 Evacuation Pause) 191M->112M(256M) 29.065ms
[2021-04-20T02:31:48.975+0000][8][gc,cpu      ] GC(33) User=0.16s Sys=0.00s Real=0.03s
[2021-04-20T02:31:48.975+0000][8][gc          ] GC(34) Concurrent Cycle
[2021-04-20T02:31:48.975+0000][8][gc,marking  ] GC(34) Concurrent Clear Claimed Marks
[2021-04-20T02:31:48.976+0000][8][gc,marking  ] GC(34) Concurrent Clear Claimed Marks 0.090ms
[2021-04-20T02:31:48.976+0000][8][gc,marking  ] GC(34) Concurrent Scan Root Regions
[2021-04-20T02:31:48.982+0000][8][safepoint   ] Safepoint "G1CollectForAllocation", Time since last: 1601684 ns, Reaching safepoint: 148680 ns, At safepoint: 36130889 ns, Total: 36279569 ns
[2021-04-20T02:31:49.001+0000][8][gc,marking  ] GC(34) Concurrent Scan Root Regions 25.505ms
[2021-04-20T02:31:49.001+0000][8][gc,marking  ] GC(34) Concurrent Mark (30.987s)
[2021-04-20T02:31:49.001+0000][8][gc,marking  ] GC(34) Concurrent Mark From Roots
[2021-04-20T02:31:49.001+0000][8][gc,task     ] GC(34) Using 2 workers of 2 for marking
[2021-04-20T02:31:49.186+0000][8][gc,marking  ] GC(34) Concurrent Mark From Roots 185.191ms
[2021-04-20T02:31:49.186+0000][8][gc,marking  ] GC(34) Concurrent Preclean
[2021-04-20T02:31:49.187+0000][8][gc,marking  ] GC(34) Concurrent Preclean 0.315ms
[2021-04-20T02:31:49.187+0000][8][gc,marking  ] GC(34) Concurrent Mark (30.987s, 31.172s) 185.591ms
[2021-04-20T02:31:49.187+0000][8][gc,start    ] GC(34) Pause Remark
[2021-04-20T02:31:49.206+0000][8][gc          ] GC(34) Pause Remark 133M->133M(256M) 18.338ms
[2021-04-20T02:31:49.206+0000][8][gc,cpu      ] GC(34) User=0.05s Sys=0.00s Real=0.02s
[2021-04-20T02:31:49.206+0000][8][safepoint   ] Safepoint "G1Concurrent", Time since last: 204375336 ns, Reaching safepoint: 327424 ns, At safepoint: 18478007 ns, Total: 18805431 ns
[2021-04-20T02:31:49.206+0000][8][gc,marking  ] GC(34) Concurrent Rebuild Remembered Sets
[2021-04-20T02:31:49.347+0000][8][gc,marking  ] GC(34) Concurrent Rebuild Remembered Sets 141.682ms
[2021-04-20T02:31:49.348+0000][8][gc,start    ] GC(34) Pause Cleanup
[2021-04-20T02:31:49.348+0000][8][gc          ] GC(34) Pause Cleanup 150M->150M(256M) 0.092ms
[2021-04-20T02:31:49.348+0000][8][gc,cpu      ] GC(34) User=0.00s Sys=0.00s Real=0.00s
[2021-04-20T02:31:49.348+0000][8][safepoint   ] Safepoint "G1Concurrent", Time since last: 141802548 ns, Reaching safepoint: 356951 ns, At safepoint: 176548 ns, Total: 533499 ns
[2021-04-20T02:31:49.348+0000][8][gc,marking  ] GC(34) Concurrent Cleanup for Next Mark
[2021-04-20T02:31:49.348+0000][8][gc,marking  ] GC(34) Concurrent Cleanup for Next Mark 0.387ms
[2021-04-20T02:31:49.348+0000][8][gc          ] GC(34) Concurrent Cycle 372.976ms
[2021-04-20T02:31:50.066+0000][8][gc,start    ] GC(35) Pause Young (Normal) (G1 Evacuation Pause)
[2021-04-20T02:31:50.066+0000][8][gc,task     ] GC(35) Using 6 workers of 8 for evacuation
[2021-04-20T02:31:50.066+0000][8][gc,age      ] GC(35) Desired survivor size 6291456 bytes, new threshold 1 (max threshold 15)
[2021-04-20T02:31:50.074+0000][8][gc,age      ] GC(35) Age table with threshold 1 (max threshold 15)
[2021-04-20T02:31:50.074+0000][8][gc,age      ] GC(35) - age   1:    6353464 bytes,    6353464 total
[2021-04-20T02:31:50.074+0000][8][gc,phases   ] GC(35)   Pre Evacuate Collection Set: 0.1ms
[2021-04-20T02:31:50.074+0000][8][gc,phases   ] GC(35)   Merge Heap Roots: 0.1ms
[2021-04-20T02:31:50.074+0000][8][gc,phases   ] GC(35)   Evacuate Collection Set: 7.2ms
[2021-04-20T02:31:50.074+0000][8][gc,phases   ] GC(35)   Post Evacuate Collection Set: 0.4ms
[2021-04-20T02:31:50.074+0000][8][gc,phases   ] GC(35)   Other: 0.2ms
[2021-04-20T02:31:50.074+0000][8][gc,heap     ] GC(35) Eden regions: 18->0(19)
[2021-04-20T02:31:50.074+0000][8][gc,heap     ] GC(35) Survivor regions: 4->2(3)
[2021-04-20T02:31:50.074+0000][8][gc,heap     ] GC(35) Old regions: 22->23
[2021-04-20T02:31:50.074+0000][8][gc,heap     ] GC(35) Archive regions: 2->2
[2021-04-20T02:31:50.074+0000][8][gc,heap     ] GC(35) Humongous regions: 2->2
[2021-04-20T02:31:50.074+0000][8][gc,metaspace] GC(35) Metaspace: 97930K(102856K)->97930K(102856K) NonClass: 84713K(88392K)->84713K(88392K) Class: 13217K(14464K)->13217K(14464K)
[2021-04-20T02:31:50.074+0000][8][gc          ] GC(35) Pause Young (Normal) (G1 Evacuation Pause) 184M->110M(256M) 8.021ms
[2021-04-20T02:31:50.074+0000][8][gc,cpu      ] GC(35) User=0.04s Sys=0.00s Real=0.00s
[2021-04-20T02:31:50.074+0000][8][safepoint   ] Safepoint "G1CollectForAllocation", Time since last: 717574110 ns, Reaching safepoint: 233573 ns, At safepoint: 8116045 ns, Total: 8349618 ns
[2021-04-20T02:31:51.084+0000][8][safepoint   ] Safepoint "Cleanup", Time since last: 1009967606 ns, Reaching safepoint: 223759 ns, At safepoint: 5772 ns, Total: 229531 ns
[2021-04-20T02:31:52.084+0000][8][safepoint   ] Safepoint "Cleanup", Time since last: 1000222583 ns, Reaching safepoint: 181458 ns, At safepoint: 10665 ns, Total: 192123 ns
[2021-04-20T02:31:53.085+0000][8][safepoint   ] Safepoint "Cleanup", Time since last: 1000216434 ns, Reaching safepoint: 130925 ns, At safepoint: 7991 ns, Total: 138916 ns
[2021-04-20T02:31:53.338+0000][8][safepoint   ] Safepoint "ICBufferFull", Time since last: 252714093 ns, Reaching safepoint: 504500 ns, At safepoint: 15051 ns, Total: 519551 ns
[2021-04-20T02:31:54.338+0000][8][safepoint   ] Safepoint "Cleanup", Time since last: 1000120158 ns, Reaching safepoint: 164211 ns, At safepoint: 14207 ns, Total: 178418 ns
[2021-04-20T02:31:55.339+0000][8][safepoint   ] Safepoint "Cleanup", Time since last: 1000131616 ns, Reaching safepoint: 113626 ns, At safepoint: 11242 ns, Total: 124868 ns
[2021-04-20T02:31:56.339+0000][8][safepoint   ] Safepoint "Cleanup", Time since last: 1000116033 ns, Reaching safepoint: 120413 ns, At safepoint: 20405 ns, Total: 140818 ns
[2021-04-20T02:31:57.339+0000][8][safepoint   ] Safepoint "Cleanup", Time since last: 1000105451 ns, Reaching safepoint: 112701 ns, At safepoint: 9198 ns, Total: 121899 ns
[2021-04-20T02:31:58.339+0000][8][safepoint   ] Safepoint "Cleanup", Time since last: 1000142915 ns, Reaching safepoint: 110695 ns, At safepoint: 8339 ns, Total: 119034 ns
[2021-04-20T02:31:59.340+0000][8][safepoint   ] Safepoint "Cleanup", Time since last: 1000107848 ns, Reaching safepoint: 106373 ns, At safepoint: 7744 ns, Total: 114117 ns
[2021-04-20T02:32:00.340+0000][8][safepoint   ] Safepoint "Cleanup", Time since last: 1000116646 ns, Reaching safepoint: 107642 ns, At safepoint: 12221 ns, Total: 119863 ns
[2021-04-20T02:32:01.340+0000][8][safepoint   ] Safepoint "Cleanup", Time since last: 1000124650 ns, Reaching safepoint: 165344 ns, At safepoint: 13545 ns, Total: 178889 ns
[2021-04-20T02:32:02.340+0000][8][safepoint   ] Safepoint "Cleanup", Time since last: 1000135750 ns, Reaching safepoint: 183632 ns, At safepoint: 11052 ns, Total: 194684 ns
[2021-04-20T02:32:03.341+0000][8][safepoint   ] Safepoint "Cleanup", Time since last: 1000117871 ns, Reaching safepoint: 157357 ns, At safepoint: 11385 ns, Total: 168742 ns
[2021-04-20T02:32:05.341+0000][8][safepoint   ] Safepoint "Cleanup", Time since last: 2000365894 ns, Reaching safepoint: 292130 ns, At safepoint: 23187 ns, Total: 315317 ns
[2021-04-20T02:32:07.342+0000][8][safepoint   ] Safepoint "Cleanup", Time since last: 2000293236 ns, Reaching safepoint: 153619 ns, At safepoint: 8265 ns, Total: 161884 ns
[2021-04-20T02:32:08.342+0000][8][safepoint   ] Safepoint "Cleanup", Time since last: 1000142186 ns, Reaching safepoint: 324904 ns, At safepoint: 30623 ns, Total: 355527 ns
[2021-04-20T02:32:10.343+0000][8][safepoint   ] Safepoint "Cleanup", Time since last: 2000323344 ns, Reaching safepoint: 117025 ns, At safepoint: 8571 ns, Total: 125596 ns
[2021-04-20T02:32:11.344+0000][8][safepoint   ] Safepoint "Cleanup", Time since last: 1000179089 ns, Reaching safepoint: 461592 ns, At safepoint: 41784 ns, Total: 503376 ns
[2021-04-20T02:32:12.344+0000][8][safepoint   ] Safepoint "Cleanup", Time since last: 1000225779 ns, Reaching safepoint: 133960 ns, At safepoint: 10333 ns, Total: 144293 ns
[2021-04-20T02:32:14.345+0000][8][safepoint   ] Safepoint "Cleanup", Time since last: 2000356737 ns, Reaching safepoint: 274435 ns, At safepoint: 26948 ns, Total: 301383 ns
[2021-04-20T02:32:15.345+0000][8][safepoint   ] Safepoint "Cleanup", Time since last: 1000256257 ns, Reaching safepoint: 402638 ns, At safepoint: 33089 ns, Total: 435727 ns
[2021-04-20T02:32:17.141+0000][8][gc,start    ] GC(36) Pause Young (Concurrent Start) (G1 Evacuation Pause)
[2021-04-20T02:32:17.141+0000][8][gc,task     ] GC(36) Using 6 workers of 8 for evacuation
[2021-04-20T02:32:17.141+0000][8][gc,age      ] GC(36) Desired survivor size 6291456 bytes, new threshold 1 (max threshold 15)
[2021-04-20T02:32:17.150+0000][8][gc,age      ] GC(36) Age table with threshold 1 (max threshold 15)
[2021-04-20T02:32:17.150+0000][8][gc,age      ] GC(36) - age   1:    3352632 bytes,    3352632 total
[2021-04-20T02:32:17.150+0000][8][gc,phases   ] GC(36)   Pre Evacuate Collection Set: 0.2ms
[2021-04-20T02:32:17.150+0000][8][gc,phases   ] GC(36)   Merge Heap Roots: 0.1ms
[2021-04-20T02:32:17.150+0000][8][gc,phases   ] GC(36)   Evacuate Collection Set: 7.4ms
[2021-04-20T02:32:17.150+0000][8][gc,phases   ] GC(36)   Post Evacuate Collection Set: 0.7ms
[2021-04-20T02:32:17.150+0000][8][gc,phases   ] GC(36)   Other: 0.2ms
[2021-04-20T02:32:17.150+0000][8][gc,heap     ] GC(36) Eden regions: 19->0(18)
[2021-04-20T02:32:17.150+0000][8][gc,heap     ] GC(36) Survivor regions: 2->1(3)
[2021-04-20T02:32:17.150+0000][8][gc,heap     ] GC(36) Old regions: 23->25
[2021-04-20T02:32:17.150+0000][8][gc,heap     ] GC(36) Archive regions: 2->2
[2021-04-20T02:32:17.150+0000][8][gc,heap     ] GC(36) Humongous regions: 2->2
[2021-04-20T02:32:17.150+0000][8][gc,metaspace] GC(36) Metaspace: 101453K(106184K)->101453K(106184K) NonClass: 87754K(91208K)->87754K(91208K) Class: 13698K(14976K)->13698K(14976K)
[2021-04-20T02:32:17.150+0000][8][gc          ] GC(36) Pause Young (Concurrent Start) (G1 Evacuation Pause) 185M->111M(256M) 8.689ms
[2021-04-20T02:32:17.150+0000][8][gc,cpu      ] GC(36) User=0.05s Sys=0.00s Real=0.01s
[2021-04-20T02:32:17.150+0000][8][safepoint   ] Safepoint "G1CollectForAllocation", Time since last: 1795473994 ns, Reaching safepoint: 264250 ns, At safepoint: 8783997 ns, Total: 9048247 ns
[2021-04-20T02:32:17.150+0000][8][gc          ] GC(37) Concurrent Cycle
[2021-04-20T02:32:17.150+0000][8][gc,marking  ] GC(37) Concurrent Clear Claimed Marks
[2021-04-20T02:32:17.150+0000][8][gc,marking  ] GC(37) Concurrent Clear Claimed Marks 0.087ms
[2021-04-20T02:32:17.150+0000][8][gc,marking  ] GC(37) Concurrent Scan Root Regions
[2021-04-20T02:32:17.157+0000][8][gc,marking  ] GC(37) Concurrent Scan Root Regions 6.716ms
[2021-04-20T02:32:17.157+0000][8][gc,marking  ] GC(37) Concurrent Mark (59.142s)
[2021-04-20T02:32:17.157+0000][8][gc,marking  ] GC(37) Concurrent Mark From Roots
[2021-04-20T02:32:17.157+0000][8][gc,task     ] GC(37) Using 2 workers of 2 for marking
[2021-04-20T02:32:17.254+0000][8][gc,marking  ] GC(37) Concurrent Mark From Roots 97.068ms
[2021-04-20T02:32:17.254+0000][8][gc,marking  ] GC(37) Concurrent Preclean
[2021-04-20T02:32:17.254+0000][8][gc,marking  ] GC(37) Concurrent Preclean 0.191ms
[2021-04-20T02:32:17.254+0000][8][gc,marking  ] GC(37) Concurrent Mark (59.142s, 59.240s) 97.323ms
[2021-04-20T02:32:17.254+0000][8][gc,start    ] GC(37) Pause Remark
[2021-04-20T02:32:17.262+0000][8][gc          ] GC(37) Pause Remark 115M->115M(256M) 7.676ms
[2021-04-20T02:32:17.262+0000][8][gc,cpu      ] GC(37) User=0.04s Sys=0.00s Real=0.01s
[2021-04-20T02:32:17.262+0000][8][safepoint   ] Safepoint "G1Concurrent", Time since last: 104248171 ns, Reaching safepoint: 104400 ns, At safepoint: 7789470 ns, Total: 7893870 ns
[2021-04-20T02:32:17.262+0000][8][gc,marking  ] GC(37) Concurrent Rebuild Remembered Sets
[2021-04-20T02:32:17.292+0000][8][safepoint   ] Safepoint "ICBufferFull", Time since last: 29295842 ns, Reaching safepoint: 527547 ns, At safepoint: 13221 ns, Total: 540768 ns
[2021-04-20T02:32:17.345+0000][8][gc,marking  ] GC(37) Concurrent Rebuild Remembered Sets 82.827ms
[2021-04-20T02:32:17.345+0000][8][gc,start    ] GC(37) Pause Cleanup
[2021-04-20T02:32:17.345+0000][8][gc          ] GC(37) Pause Cleanup 123M->123M(256M) 0.119ms
[2021-04-20T02:32:17.345+0000][8][gc,cpu      ] GC(37) User=0.00s Sys=0.00s Real=0.00s
[2021-04-20T02:32:17.345+0000][8][safepoint   ] Safepoint "G1Concurrent", Time since last: 53076434 ns, Reaching safepoint: 190306 ns, At safepoint: 173290 ns, Total: 363596 ns
[2021-04-20T02:32:17.345+0000][8][gc,marking  ] GC(37) Concurrent Cleanup for Next Mark
[2021-04-20T02:32:17.345+0000][8][gc,marking  ] GC(37) Concurrent Cleanup for Next Mark 0.198ms
[2021-04-20T02:32:17.345+0000][8][gc          ] GC(37) Concurrent Cycle 195.671ms
[2021-04-20T02:32:18.346+0000][8][safepoint   ] Safepoint "Cleanup", Time since last: 1000121513 ns, Reaching safepoint: 345608 ns, At safepoint: 15785 ns, Total: 361393 ns
[2021-04-20T02:32:19.347+0000][8][safepoint   ] Safepoint "Cleanup", Time since last: 1000702493 ns, Reaching safepoint: 437142 ns, At safepoint: 28581 ns, Total: 465723 ns
[2021-04-20T02:32:20.348+0000][8][safepoint   ] Safepoint "Cleanup", Time since last: 1000509291 ns, Reaching safepoint: 179753 ns, At safepoint: 7662 ns, Total: 187415 ns
[2021-04-20T02:32:22.348+0000][8][safepoint   ] Safepoint "Cleanup", Time since last: 2000357427 ns, Reaching safepoint: 136414 ns, At safepoint: 8964 ns, Total: 145378 ns
[2021-04-20T02:32:23.348+0000][8][safepoint   ] Safepoint "Cleanup", Time since last: 1000097129 ns, Reaching safepoint: 109107 ns, At safepoint: 8271 ns, Total: 117378 ns
[2021-04-20T02:32:26.349+0000][8][safepoint   ] Safepoint "Cleanup", Time since last: 3000266460 ns, Reaching safepoint: 130291 ns, At safepoint: 7841 ns, Total: 138132 ns
[2021-04-20T02:32:28.349+0000][8][safepoint   ] Safepoint "Cleanup", Time since last: 2000579667 ns, Reaching safepoint: 225778 ns, At safepoint: 7869 ns, Total: 233647 ns
[2021-04-20T02:32:29.350+0000][8][safepoint   ] Safepoint "Cleanup", Time since last: 1000153394 ns, Reaching safepoint: 223049 ns, At safepoint: 5790 ns, Total: 228839 ns
[2021-04-20T02:32:30.350+0000][8][safepoint   ] Safepoint "Cleanup", Time since last: 1000274790 ns, Reaching safepoint: 182311 ns, At safepoint: 14807 ns, Total: 197118 ns
[2021-04-20T02:32:32.351+0000][8][safepoint   ] Safepoint "Cleanup", Time since last: 2000286364 ns, Reaching safepoint: 210852 ns, At safepoint: 5083 ns, Total: 215935 ns
[2021-04-20T02:32:33.351+0000][8][safepoint   ] Safepoint "Cleanup", Time since last: 1000261456 ns, Reaching safepoint: 111888 ns, At safepoint: 7846 ns, Total: 119734 ns
[2021-04-20T02:32:35.352+0000][8][safepoint   ] Safepoint "Cleanup", Time since last: 2000229205 ns, Reaching safepoint: 87040 ns, At safepoint: 9785 ns, Total: 96825 ns
[2021-04-20T02:32:37.352+0000][8][safepoint   ] Safepoint "Cleanup", Time since last: 2000261222 ns, Reaching safepoint: 179956 ns, At safepoint: 11821 ns, Total: 191777 ns
[2021-04-20T02:32:38.353+0000][8][safepoint   ] Safepoint "Cleanup", Time since last: 1000191773 ns, Reaching safepoint: 338368 ns, At safepoint: 35320 ns, Total: 373688 ns
[2021-04-20T02:32:39.353+0000][8][safepoint   ] Safepoint "Cleanup", Time since last: 1000233196 ns, Reaching safepoint: 128382 ns, At safepoint: 9027 ns, Total: 137409 ns
[2021-04-20T02:32:40.353+0000][8][safepoint   ] Safepoint "Cleanup", Time since last: 1000115937 ns, Reaching safepoint: 148470 ns, At safepoint: 10797 ns, Total: 159267 ns
[2021-04-20T02:32:41.354+0000][8][safepoint   ] Safepoint "Cleanup", Time since last: 1000154315 ns, Reaching safepoint: 183088 ns, At safepoint: 9685 ns, Total: 192773 ns
[2021-04-20T02:32:42.354+0000][8][safepoint   ] Safepoint "Cleanup", Time since last: 1000167445 ns, Reaching safepoint: 144533 ns, At safepoint: 11276 ns, Total: 155809 ns
[2021-04-20T02:32:44.355+0000][8][safepoint   ] Safepoint "Cleanup", Time since last: 2000287990 ns, Reaching safepoint: 386498 ns, At safepoint: 29900 ns, Total: 416398 ns
[2021-04-20T02:32:45.355+0000][8][safepoint   ] Safepoint "Cleanup", Time since last: 1000250004 ns, Reaching safepoint: 369384 ns, At safepoint: 30237 ns, Total: 399621 ns
[2021-04-20T02:32:47.356+0000][8][safepoint   ] Safepoint "Cleanup", Time since last: 2000362660 ns, Reaching safepoint: 198179 ns, At safepoint: 9370 ns, Total: 207549 ns
[2021-04-20T02:32:48.356+0000][8][safepoint   ] Safepoint "Cleanup", Time since last: 1000279665 ns, Reaching safepoint: 147711 ns, At safepoint: 7292 ns, Total: 155003 ns
[2021-04-20T02:32:50.357+0000][8][safepoint   ] Safepoint "Cleanup", Time since last: 2000277026 ns, Reaching safepoint: 151129 ns, At safepoint: 8941 ns, Total: 160070 ns
[2021-04-20T02:32:52.357+0000][8][safepoint   ] Safepoint "Cleanup", Time since last: 2000346512 ns, Reaching safepoint: 333187 ns, At safepoint: 13564 ns, Total: 346751 ns
[2021-04-20T02:32:53.358+0000][8][safepoint   ] Safepoint "Cleanup", Time since last: 1000173820 ns, Reaching safepoint: 171542 ns, At safepoint: 9694 ns, Total: 181236 ns
[2021-04-20T02:32:55.358+0000][8][safepoint   ] Safepoint "Cleanup", Time since last: 2000230963 ns, Reaching safepoint: 112648 ns, At safepoint: 7493 ns, Total: 120141 ns
[2021-04-20T02:32:56.359+0000][8][safepoint   ] Safepoint "Cleanup", Time since last: 1000126168 ns, Reaching safepoint: 599928 ns, At safepoint: 35500 ns, Total: 635428 ns
[2021-04-20T02:32:57.359+0000][8][safepoint   ] Safepoint "Cleanup", Time since last: 1000196897 ns, Reaching safepoint: 363299 ns, At safepoint: 31082 ns, Total: 394381 ns
[2021-04-20T02:32:59.360+0000][8][safepoint   ] Safepoint "Cleanup", Time since last: 2000279123 ns, Reaching safepoint: 352361 ns, At safepoint: 41650 ns, Total: 394011 ns
[2021-04-20T02:33:00.360+0000][8][safepoint   ] Safepoint "Cleanup", Time since last: 1000202428 ns, Reaching safepoint: 134269 ns, At safepoint: 7830 ns, Total: 142099 ns
[2021-04-20T02:33:02.361+0000][8][safepoint   ] Safepoint "Cleanup", Time since last: 2000266717 ns, Reaching safepoint: 186273 ns, At safepoint: 12213 ns, Total: 198486 ns
[2021-04-20T02:33:05.362+0000][8][safepoint   ] Safepoint "Cleanup", Time since last: 3000445718 ns, Reaching safepoint: 340178 ns, At safepoint: 45944 ns, Total: 386122 ns
[2021-04-20T02:33:07.363+0000][8][safepoint   ] Safepoint "Cleanup", Time since last: 2000302366 ns, Reaching safepoint: 517547 ns, At safepoint: 38958 ns, Total: 556505 ns
[2021-04-20T02:33:08.363+0000][8][safepoint   ] Safepoint "Cleanup", Time since last: 1000228365 ns, Reaching safepoint: 123986 ns, At safepoint: 11585 ns, Total: 135571 ns
[2021-04-20T02:33:08.614+0000][8][gc,start    ] GC(38) Pause Young (Normal) (G1 Evacuation Pause)
[2021-04-20T02:33:08.614+0000][8][gc,task     ] GC(38) Using 6 workers of 8 for evacuation
[2021-04-20T02:33:08.614+0000][8][gc,age      ] GC(38) Desired survivor size 6291456 bytes, new threshold 15 (max threshold 15)
[2021-04-20T02:33:08.618+0000][8][gc,age      ] GC(38) Age table with threshold 15 (max threshold 15)
[2021-04-20T02:33:08.618+0000][8][gc,age      ] GC(38) - age   1:    1486592 bytes,    1486592 total
[2021-04-20T02:33:08.618+0000][8][gc,age      ] GC(38) - age   2:    2472400 bytes,    3958992 total
[2021-04-20T02:33:08.618+0000][8][gc,phases   ] GC(38)   Pre Evacuate Collection Set: 0.1ms
[2021-04-20T02:33:08.618+0000][8][gc,phases   ] GC(38)   Merge Heap Roots: 0.1ms
[2021-04-20T02:33:08.618+0000][8][gc,phases   ] GC(38)   Evacuate Collection Set: 3.1ms
[2021-04-20T02:33:08.618+0000][8][gc,phases   ] GC(38)   Post Evacuate Collection Set: 0.6ms
[2021-04-20T02:33:08.618+0000][8][gc,phases   ] GC(38)   Other: 0.2ms
[2021-04-20T02:33:08.618+0000][8][gc,heap     ] GC(38) Eden regions: 18->0(18)
[2021-04-20T02:33:08.618+0000][8][gc,heap     ] GC(38) Survivor regions: 1->2(3)
[2021-04-20T02:33:08.618+0000][8][gc,heap     ] GC(38) Old regions: 25->25
[2021-04-20T02:33:08.618+0000][8][gc,heap     ] GC(38) Archive regions: 2->2
[2021-04-20T02:33:08.618+0000][8][gc,heap     ] GC(38) Humongous regions: 2->2
[2021-04-20T02:33:08.618+0000][8][gc,metaspace] GC(38) Metaspace: 102179K(106952K)->102179K(106952K) NonClass: 88453K(91976K)->88453K(91976K) Class: 13725K(14976K)->13725K(14976K)
[2021-04-20T02:33:08.618+0000][8][gc          ] GC(38) Pause Young (Normal) (G1 Evacuation Pause) 183M->112M(256M) 4.092ms
[2021-04-20T02:33:08.618+0000][8][gc,cpu      ] GC(38) User=0.03s Sys=0.00s Real=0.01s
[2021-04-20T02:33:08.618+0000][8][safepoint   ] Safepoint "G1CollectForAllocation", Time since last: 250615012 ns, Reaching safepoint: 204324 ns, At safepoint: 4183994 ns, Total: 4388318 ns
[2021-04-20T02:33:09.618+0000][8][safepoint   ] Safepoint "Cleanup", Time since last: 1000087527 ns, Reaching safepoint: 130967 ns, At safepoint: 9389 ns, Total: 140356 ns
[2021-04-20T02:33:11.619+0000][8][safepoint   ] Safepoint "Cleanup", Time since last: 2000303464 ns, Reaching safepoint: 463354 ns, At safepoint: 39948 ns, Total: 503302 ns
[2021-04-20T02:33:12.620+0000][8][safepoint   ] Safepoint "Cleanup", Time since last: 1000244587 ns, Reaching safepoint: 613602 ns, At safepoint: 35581 ns, Total: 649183 ns
[2021-04-20T02:33:14.621+0000][8][safepoint   ] Safepoint "Cleanup", Time since last: 2000365232 ns, Reaching safepoint: 357018 ns, At safepoint: 35289 ns, Total: 392307 ns
[2021-04-20T02:33:16.621+0000][8][safepoint   ] Safepoint "Cleanup", Time since last: 2000339734 ns, Reaching safepoint: 342497 ns, At safepoint: 37548 ns, Total: 380045 ns
[2021-04-20T02:33:17.622+0000][8][safepoint   ] Safepoint "Cleanup", Time since last: 1000324352 ns, Reaching safepoint: 341440 ns, At safepoint: 27846 ns, Total: 369286 ns
[2021-04-20T02:33:18.623+0000][8][safepoint   ] Safepoint "Cleanup", Time since last: 1000265254 ns, Reaching safepoint: 461346 ns, At safepoint: 40725 ns, Total: 502071 ns
[2021-04-20T02:33:20.623+0000][8][safepoint   ] Safepoint "Cleanup", Time since last: 2000360235 ns, Reaching safepoint: 117154 ns, At safepoint: 7812 ns, Total: 124966 ns
[2021-04-20T02:33:22.624+0000][8][safepoint   ] Safepoint "Cleanup", Time since last: 2000427123 ns, Reaching safepoint: 201137 ns, At safepoint: 12883 ns, Total: 214020 ns
[2021-04-20T02:33:24.123+0000][8][safepoint   ] Safepoint "Cleanup", Time since last: 1498434443 ns, Reaching safepoint: 639032 ns, At safepoint: 42079 ns, Total: 681111 ns
[2021-04-20T02:33:25.124+0000][8][safepoint   ] Safepoint "Cleanup", Time since last: 1000288109 ns, Reaching safepoint: 292312 ns, At safepoint: 22839 ns, Total: 315151 ns
[2021-04-20T02:33:26.124+0000][8][safepoint   ] Safepoint "Cleanup", Time since last: 1000276078 ns, Reaching safepoint: 475347 ns, At safepoint: 34976 ns, Total: 510323 ns
[2021-04-20T02:33:27.125+0000][8][safepoint   ] Safepoint "Cleanup", Time since last: 1000201283 ns, Reaching safepoint: 235585 ns, At safepoint: 12383 ns, Total: 247968 ns
[2021-04-20T02:33:28.126+0000][8][safepoint   ] Safepoint "Cleanup", Time since last: 1000221877 ns, Reaching safepoint: 454497 ns, At safepoint: 37887 ns, Total: 492384 ns
[2021-04-20T02:33:29.132+0000][8][safepoint   ] Safepoint "Cleanup", Time since last: 1006743971 ns, Reaching safepoint: 130808 ns, At safepoint: 7519 ns, Total: 138327 ns
[2021-04-20T02:33:32.133+0000][8][safepoint   ] Safepoint "Cleanup", Time since last: 3000376594 ns, Reaching safepoint: 499800 ns, At safepoint: 31103 ns, Total: 530903 ns
[2021-04-20T02:33:35.134+0000][8][safepoint   ] Safepoint "Cleanup", Time since last: 3000501717 ns, Reaching safepoint: 99676 ns, At safepoint: 8250 ns, Total: 107926 ns
[2021-04-20T02:33:38.135+0000][8][safepoint   ] Safepoint "Cleanup", Time since last: 3000423786 ns, Reaching safepoint: 134153 ns, At safepoint: 7731 ns, Total: 141884 ns
[2021-04-20T02:33:41.135+0000][8][safepoint   ] Safepoint "Cleanup", Time since last: 3000354345 ns, Reaching safepoint: 161712 ns, At safepoint: 8013 ns, Total: 169725 ns
[2021-04-20T02:33:42.136+0000][8][safepoint   ] Safepoint "Cleanup", Time since last: 1000213096 ns, Reaching safepoint: 333532 ns, At safepoint: 22992 ns, Total: 356524 ns
[2021-04-20T02:33:44.136+0000][8][safepoint   ] Safepoint "Cleanup", Time since last: 2000298057 ns, Reaching safepoint: 293533 ns, At safepoint: 18195 ns, Total: 311728 ns
[2021-04-20T02:33:46.137+0000][8][safepoint   ] Safepoint "Cleanup", Time since last: 2000360397 ns, Reaching safepoint: 348684 ns, At safepoint: 21006 ns, Total: 369690 ns
[2021-04-20T02:33:47.137+0000][8][safepoint   ] Safepoint "Cleanup", Time since last: 1000228561 ns, Reaching safepoint: 120597 ns, At safepoint: 7347 ns, Total: 127944 ns
[2021-04-20T02:33:50.139+0000][8][safepoint   ] Safepoint "Cleanup", Time since last: 3000785725 ns, Reaching safepoint: 382480 ns, At safepoint: 22342 ns, Total: 404822 ns
[2021-04-20T02:33:51.139+0000][8][safepoint   ] Safepoint "Cleanup", Time since last: 1000527023 ns, Reaching safepoint: 320163 ns, At safepoint: 33857 ns, Total: 354020 ns
[2021-04-20T02:33:52.140+0000][8][safepoint   ] Safepoint "Cleanup", Time since last: 1000203303 ns, Reaching safepoint: 290545 ns, At safepoint: 18892 ns, Total: 309437 ns
[2021-04-20T02:33:53.141+0000][8][safepoint   ] Safepoint "Cleanup", Time since last: 1000497620 ns, Reaching safepoint: 223203 ns, At safepoint: 16047 ns, Total: 239250 ns
[2021-04-20T02:33:55.142+0000][8][safepoint   ] Safepoint "Cleanup", Time since last: 2000338924 ns, Reaching safepoint: 557410 ns, At safepoint: 39103 ns, Total: 596513 ns
[2021-04-20T02:33:56.142+0000][8][safepoint   ] Safepoint "Cleanup", Time since last: 1000250913 ns, Reaching safepoint: 299736 ns, At safepoint: 27739 ns, Total: 327475 ns
[2021-04-20T02:33:59.143+0000][8][safepoint   ] Safepoint "Cleanup", Time since last: 3000436085 ns, Reaching safepoint: 216304 ns, At safepoint: 22251 ns, Total: 238555 ns
[2021-04-20T02:34:00.143+0000][8][safepoint   ] Safepoint "Cleanup", Time since last: 1000184261 ns, Reaching safepoint: 263698 ns, At safepoint: 11283 ns, Total: 274981 ns
[2021-04-20T02:34:01.144+0000][8][safepoint   ] Safepoint "Cleanup", Time since last: 1000136692 ns, Reaching safepoint: 326722 ns, At safepoint: 31892 ns, Total: 358614 ns
[2021-04-20T02:34:02.145+0000][8][safepoint   ] Safepoint "Cleanup", Time since last: 1000247060 ns, Reaching safepoint: 385759 ns, At safepoint: 31763 ns, Total: 417522 ns
[2021-04-20T02:34:04.145+0000][8][safepoint   ] Safepoint "Cleanup", Time since last: 2000356556 ns, Reaching safepoint: 540292 ns, At safepoint: 49871 ns, Total: 590163 ns
[2021-04-20T02:34:05.146+0000][8][safepoint   ] Safepoint "Cleanup", Time since last: 1000239858 ns, Reaching safepoint: 145306 ns, At safepoint: 7118 ns, Total: 152424 ns
[2021-04-20T02:34:06.146+0000][8][safepoint   ] Safepoint "Cleanup", Time since last: 1000132886 ns, Reaching safepoint: 242906 ns, At safepoint: 17557 ns, Total: 260463 ns
[2021-04-20T02:34:07.147+0000][8][safepoint   ] Safepoint "Cleanup", Time since last: 1000263565 ns, Reaching safepoint: 415793 ns, At safepoint: 34650 ns, Total: 450443 ns
[2021-04-20T02:34:08.148+0000][8][safepoint   ] Safepoint "Cleanup", Time since last: 1000196808 ns, Reaching safepoint: 330536 ns, At safepoint: 22715 ns, Total: 353251 ns
[2021-04-20T02:34:09.148+0000][8][safepoint   ] Safepoint "Cleanup", Time since last: 1000227600 ns, Reaching safepoint: 204959 ns, At safepoint: 19285 ns, Total: 224244 ns
[2021-04-20T02:34:11.058+0000][8][gc,start    ] GC(39) Pause Young (Concurrent Start) (G1 Evacuation Pause)
[2021-04-20T02:34:11.058+0000][8][gc,task     ] GC(39) Using 6 workers of 8 for evacuation
[2021-04-20T02:34:11.058+0000][8][gc,age      ] GC(39) Desired survivor size 6291456 bytes, new threshold 15 (max threshold 15)
[2021-04-20T02:34:11.065+0000][8][gc,age      ] GC(39) Age table with threshold 15 (max threshold 15)
[2021-04-20T02:34:11.065+0000][8][gc,age      ] GC(39) - age   1:     251496 bytes,     251496 total
[2021-04-20T02:34:11.065+0000][8][gc,age      ] GC(39) - age   2:     711344 bytes,     962840 total
[2021-04-20T02:34:11.065+0000][8][gc,age      ] GC(39) - age   3:    2045472 bytes,    3008312 total
[2021-04-20T02:34:11.065+0000][8][gc,phases   ] GC(39)   Pre Evacuate Collection Set: 0.3ms
[2021-04-20T02:34:11.065+0000][8][gc,phases   ] GC(39)   Merge Heap Roots: 0.1ms
[2021-04-20T02:34:11.065+0000][8][gc,phases   ] GC(39)   Evacuate Collection Set: 5.1ms
[2021-04-20T02:34:11.065+0000][8][gc,phases   ] GC(39)   Post Evacuate Collection Set: 1.1ms
[2021-04-20T02:34:11.065+0000][8][gc,phases   ] GC(39)   Other: 0.3ms
[2021-04-20T02:34:11.065+0000][8][gc,heap     ] GC(39) Eden regions: 18->0(20)
[2021-04-20T02:34:11.065+0000][8][gc,heap     ] GC(39) Survivor regions: 2->1(3)
[2021-04-20T02:34:11.065+0000][8][gc,heap     ] GC(39) Old regions: 25->25
[2021-04-20T02:34:11.065+0000][8][gc,heap     ] GC(39) Archive regions: 2->2
[2021-04-20T02:34:11.065+0000][8][gc,heap     ] GC(39) Humongous regions: 2->2
[2021-04-20T02:34:11.065+0000][8][gc,metaspace] GC(39) Metaspace: 102688K(107464K)->102688K(107464K) NonClass: 88961K(92488K)->88961K(92488K) Class: 13727K(14976K)->13727K(14976K)
[2021-04-20T02:34:11.065+0000][8][gc          ] GC(39) Pause Young (Concurrent Start) (G1 Evacuation Pause) 184M->111M(256M) 7.141ms
[2021-04-20T02:34:11.065+0000][8][gc,cpu      ] GC(39) User=0.02s Sys=0.00s Real=0.01s
[2021-04-20T02:34:11.065+0000][8][gc          ] GC(40) Concurrent Cycle
[2021-04-20T02:34:11.065+0000][8][safepoint   ] Safepoint "G1CollectForAllocation", Time since last: 1909985207 ns, Reaching safepoint: 120724 ns, At safepoint: 7369629 ns, Total: 7490353 ns
[2021-04-20T02:34:11.065+0000][8][gc,marking  ] GC(40) Concurrent Clear Claimed Marks
[2021-04-20T02:34:11.066+0000][8][gc,marking  ] GC(40) Concurrent Clear Claimed Marks 0.280ms
[2021-04-20T02:34:11.066+0000][8][gc,marking  ] GC(40) Concurrent Scan Root Regions
[2021-04-20T02:34:11.071+0000][8][gc,marking  ] GC(40) Concurrent Scan Root Regions 4.687ms
[2021-04-20T02:34:11.071+0000][8][gc,marking  ] GC(40) Concurrent Mark (173.056s)
[2021-04-20T02:34:11.071+0000][8][gc,marking  ] GC(40) Concurrent Mark From Roots
[2021-04-20T02:34:11.071+0000][8][gc,task     ] GC(40) Using 2 workers of 2 for marking
[2021-04-20T02:34:11.205+0000][8][gc,marking  ] GC(40) Concurrent Mark From Roots 134.157ms
[2021-04-20T02:34:11.205+0000][8][gc,marking  ] GC(40) Concurrent Preclean
[2021-04-20T02:34:11.206+0000][8][gc,marking  ] GC(40) Concurrent Preclean 0.830ms
[2021-04-20T02:34:11.206+0000][8][gc,marking  ] GC(40) Concurrent Mark (173.056s, 173.191s) 135.059ms
[2021-04-20T02:34:11.206+0000][8][gc,start    ] GC(40) Pause Remark
[2021-04-20T02:34:11.219+0000][8][gc          ] GC(40) Pause Remark 113M->113M(256M) 13.052ms
[2021-04-20T02:34:11.219+0000][8][gc,cpu      ] GC(40) User=0.06s Sys=0.00s Real=0.01s
[2021-04-20T02:34:11.219+0000][8][safepoint   ] Safepoint "G1Concurrent", Time since last: 140216486 ns, Reaching safepoint: 118182 ns, At safepoint: 13152524 ns, Total: 13270706 ns
[2021-04-20T02:34:11.219+0000][8][gc,marking  ] GC(40) Concurrent Rebuild Remembered Sets
[2021-04-20T02:34:11.298+0000][8][gc,marking  ] GC(40) Concurrent Rebuild Remembered Sets 79.294ms
[2021-04-20T02:34:11.299+0000][8][gc,start    ] GC(40) Pause Cleanup
[2021-04-20T02:34:11.299+0000][8][gc          ] GC(40) Pause Cleanup 113M->113M(256M) 0.093ms
[2021-04-20T02:34:11.299+0000][8][gc,cpu      ] GC(40) User=0.00s Sys=0.00s Real=0.00s
[2021-04-20T02:34:11.299+0000][8][safepoint   ] Safepoint "G1Concurrent", Time since last: 79451810 ns, Reaching safepoint: 234931 ns, At safepoint: 159632 ns, Total: 394563 ns
[2021-04-20T02:34:11.299+0000][8][gc,marking  ] GC(40) Concurrent Cleanup for Next Mark
[2021-04-20T02:34:11.299+0000][8][gc,marking  ] GC(40) Concurrent Cleanup for Next Mark 0.227ms
[2021-04-20T02:34:11.299+0000][8][gc          ] GC(40) Concurrent Cycle 233.673ms
[2021-04-20T02:34:12.299+0000][8][safepoint   ] Safepoint "Cleanup", Time since last: 1000138612 ns, Reaching safepoint: 524992 ns, At safepoint: 32442 ns, Total: 557434 ns
[2021-04-20T02:34:14.300+0000][8][safepoint   ] Safepoint "Cleanup", Time since last: 2000407844 ns, Reaching safepoint: 412078 ns, At safepoint: 36313 ns, Total: 448391 ns
[2021-04-20T02:34:15.301+0000][8][safepoint   ] Safepoint "Cleanup", Time since last: 1000228783 ns, Reaching safepoint: 532947 ns, At safepoint: 56573 ns, Total: 589520 ns
[2021-04-20T02:34:16.302+0000][8][safepoint   ] Safepoint "Cleanup", Time since last: 1000270304 ns, Reaching safepoint: 297321 ns, At safepoint: 27870 ns, Total: 325191 ns
[2021-04-20T02:34:17.302+0000][8][safepoint   ] Safepoint "Cleanup", Time since last: 1000281625 ns, Reaching safepoint: 366310 ns, At safepoint: 62081 ns, Total: 428391 ns
[2021-04-20T02:34:18.303+0000][8][safepoint   ] Safepoint "Cleanup", Time since last: 1000206907 ns, Reaching safepoint: 362207 ns, At safepoint: 17586 ns, Total: 379793 ns
[2021-04-20T02:34:19.304+0000][8][safepoint   ] Safepoint "Cleanup", Time since last: 1000574992 ns, Reaching safepoint: 325096 ns, At safepoint: 28790 ns, Total: 353886 ns
[2021-04-20T02:34:20.305+0000][8][safepoint   ] Safepoint "Cleanup", Time since last: 1000580130 ns, Reaching safepoint: 327425 ns, At safepoint: 32114 ns, Total: 359539 ns
[2021-04-20T02:34:23.306+0000][8][safepoint   ] Safepoint "Cleanup", Time since last: 3000598436 ns, Reaching safepoint: 329173 ns, At safepoint: 27187 ns, Total: 356360 ns
[2021-04-20T02:34:25.306+0000][8][safepoint   ] Safepoint "Cleanup", Time since last: 2000295280 ns, Reaching safepoint: 215983 ns, At safepoint: 24358 ns, Total: 240341 ns
[2021-04-20T02:34:26.307+0000][8][safepoint   ] Safepoint "Cleanup", Time since last: 1000199659 ns, Reaching safepoint: 525679 ns, At safepoint: 46084 ns, Total: 571763 ns
[2021-04-20T02:34:27.308+0000][8][safepoint   ] Safepoint "Cleanup", Time since last: 1000227993 ns, Reaching safepoint: 285656 ns, At safepoint: 38792 ns, Total: 324448 ns
[2021-04-20T02:34:29.308+0000][8][safepoint   ] Safepoint "Cleanup", Time since last: 2000402197 ns, Reaching safepoint: 323680 ns, At safepoint: 22407 ns, Total: 346087 ns
[2021-04-20T02:34:31.309+0000][8][safepoint   ] Safepoint "Cleanup", Time since last: 2000306756 ns, Reaching safepoint: 262029 ns, At safepoint: 23162 ns, Total: 285191 ns
[2021-04-20T02:34:32.310+0000][8][safepoint   ] Safepoint "Cleanup", Time since last: 1000252314 ns, Reaching safepoint: 412572 ns, At safepoint: 25959 ns, Total: 438531 ns
[2021-04-20T02:34:33.311+0000][8][safepoint   ] Safepoint "Cleanup", Time since last: 1000486997 ns, Reaching safepoint: 467699 ns, At safepoint: 39693 ns, Total: 507392 ns
[2021-04-20T02:34:34.311+0000][8][safepoint   ] Safepoint "Cleanup", Time since last: 1000241734 ns, Reaching safepoint: 253095 ns, At safepoint: 24512 ns, Total: 277607 ns
[2021-04-20T02:34:35.312+0000][8][safepoint   ] Safepoint "Cleanup", Time since last: 1000241237 ns, Reaching safepoint: 389324 ns, At safepoint: 32062 ns, Total: 421386 ns
[2021-04-20T02:34:38.313+0000][8][safepoint   ] Safepoint "Cleanup", Time since last: 3000475865 ns, Reaching safepoint: 304917 ns, At safepoint: 26948 ns, Total: 331865 ns
[2021-04-20T02:34:41.314+0000][8][safepoint   ] Safepoint "Cleanup", Time since last: 3000479384 ns, Reaching safepoint: 323397 ns, At safepoint: 29500 ns, Total: 352897 ns
[2021-04-20T02:34:44.314+0000][8][safepoint   ] Safepoint "Cleanup", Time since last: 3000427878 ns, Reaching safepoint: 339602 ns, At safepoint: 38865 ns, Total: 378467 ns
[2021-04-20T02:34:47.315+0000][8][safepoint   ] Safepoint "Cleanup", Time since last: 3000489027 ns, Reaching safepoint: 147099 ns, At safepoint: 10070 ns, Total: 157169 ns
[2021-04-20T02:34:50.316+0000][8][safepoint   ] Safepoint "Cleanup", Time since last: 3000427073 ns, Reaching safepoint: 440061 ns, At safepoint: 34088 ns, Total: 474149 ns
[2021-04-20T02:34:52.316+0000][8][safepoint   ] Safepoint "Cleanup", Time since last: 2000307659 ns, Reaching safepoint: 101481 ns, At safepoint: 8873 ns, Total: 110354 ns
[2021-04-20T02:34:53.317+0000][8][safepoint   ] Safepoint "Cleanup", Time since last: 1000201986 ns, Reaching safepoint: 304717 ns, At safepoint: 24191 ns, Total: 328908 ns
[2021-04-20T02:34:56.317+0000][8][safepoint   ] Safepoint "Cleanup", Time since last: 3000370958 ns, Reaching safepoint: 97001 ns, At safepoint: 7453 ns, Total: 104454 ns
[2021-04-20T02:34:57.318+0000][8][safepoint   ] Safepoint "Cleanup", Time since last: 1000179774 ns, Reaching safepoint: 186176 ns, At safepoint: 9395 ns, Total: 195571 ns
[2021-04-20T02:34:59.319+0000][8][safepoint   ] Safepoint "Cleanup", Time since last: 2000535076 ns, Reaching safepoint: 386845 ns, At safepoint: 28784 ns, Total: 415629 ns
[2021-04-20T02:35:02.107+0000][8][safepoint   ] Safepoint "ICBufferFull", Time since last: 2788474040 ns, Reaching safepoint: 260583 ns, At safepoint: 14133 ns, Total: 274716 ns
[2021-04-20T02:35:03.108+0000][8][safepoint   ] Safepoint "Cleanup", Time since last: 1000207973 ns, Reaching safepoint: 497144 ns, At safepoint: 34983 ns, Total: 532127 ns
[2021-04-20T02:35:05.109+0000][8][safepoint   ] Safepoint "Cleanup", Time since last: 2000579992 ns, Reaching safepoint: 90321 ns, At safepoint: 8370 ns, Total: 98691 ns
[2021-04-20T02:35:08.110+0000][8][safepoint   ] Safepoint "Cleanup", Time since last: 3000429923 ns, Reaching safepoint: 379977 ns, At safepoint: 46403 ns, Total: 426380 ns
[2021-04-20T02:35:12.110+0000][8][safepoint   ] Safepoint "Cleanup", Time since last: 4000530862 ns, Reaching safepoint: 249376 ns, At safepoint: 18273 ns, Total: 267649 ns
[2021-04-20T02:35:14.112+0000][8][safepoint   ] Safepoint "Cleanup", Time since last: 2000715844 ns, Reaching safepoint: 300413 ns, At safepoint: 29987 ns, Total: 330400 ns
[2021-04-20T02:35:15.112+0000][8][safepoint   ] Safepoint "Cleanup", Time since last: 1000250409 ns, Reaching safepoint: 347923 ns, At safepoint: 25166 ns, Total: 373089 ns
[2021-04-20T02:35:17.113+0000][8][safepoint   ] Safepoint "Cleanup", Time since last: 2000337922 ns, Reaching safepoint: 248103 ns, At safepoint: 14918 ns, Total: 263021 ns
[2021-04-20T02:35:20.114+0000][8][safepoint   ] Safepoint "Cleanup", Time since last: 3000657392 ns, Reaching safepoint: 211107 ns, At safepoint: 14426 ns, Total: 225533 ns
[2021-04-20T02:35:21.114+0000][8][safepoint   ] Safepoint "Cleanup", Time since last: 1000133647 ns, Reaching safepoint: 223632 ns, At safepoint: 16399 ns, Total: 240031 ns
[2021-04-20T02:35:22.114+0000][8][safepoint   ] Safepoint "Cleanup", Time since last: 1000173299 ns, Reaching safepoint: 109380 ns, At safepoint: 9575 ns, Total: 118955 ns
[2021-04-20T02:35:23.115+0000][8][safepoint   ] Safepoint "Cleanup", Time since last: 1000062824 ns, Reaching safepoint: 153870 ns, At safepoint: 12975 ns, Total: 166845 ns
[2021-04-20T02:35:26.115+0000][8][safepoint   ] Safepoint "Cleanup", Time since last: 3000296446 ns, Reaching safepoint: 108408 ns, At safepoint: 5014 ns, Total: 113422 ns
[2021-04-20T02:35:29.116+0000][8][safepoint   ] Safepoint "Cleanup", Time since last: 3000494120 ns, Reaching safepoint: 577198 ns, At safepoint: 37092 ns, Total: 614290 ns
[2021-04-20T02:35:30.117+0000][8][safepoint   ] Safepoint "Cleanup", Time since last: 1000296897 ns, Reaching safepoint: 332103 ns, At safepoint: 29954 ns, Total: 362057 ns
[2021-04-20T02:35:32.117+0000][8][safepoint   ] Safepoint "Cleanup", Time since last: 2000521254 ns, Reaching safepoint: 118426 ns, At safepoint: 8068 ns, Total: 126494 ns
[2021-04-20T02:35:33.118+0000][8][safepoint   ] Safepoint "Cleanup", Time since last: 1000148716 ns, Reaching safepoint: 350503 ns, At safepoint: 32012 ns, Total: 382515 ns
[2021-04-20T02:35:35.119+0000][8][safepoint   ] Safepoint "Cleanup", Time since last: 2000393634 ns, Reaching safepoint: 345070 ns, At safepoint: 14693 ns, Total: 359763 ns
[2021-04-20T02:35:38.120+0000][8][safepoint   ] Safepoint "Cleanup", Time since last: 3000584784 ns, Reaching safepoint: 321300 ns, At safepoint: 30950 ns, Total: 352250 ns
[2021-04-20T02:35:40.120+0000][8][safepoint   ] Safepoint "Cleanup", Time since last: 2000355713 ns, Reaching safepoint: 428611 ns, At safepoint: 32859 ns, Total: 461470 ns
[2021-04-20T02:35:41.121+0000][8][safepoint   ] Safepoint "Cleanup", Time since last: 1000270195 ns, Reaching safepoint: 248739 ns, At safepoint: 9830 ns, Total: 258569 ns
[2021-04-20T02:35:42.122+0000][8][safepoint   ] Safepoint "Cleanup", Time since last: 1000186126 ns, Reaching safepoint: 413264 ns, At safepoint: 37228 ns, Total: 450492 ns
[2021-04-20T02:35:44.122+0000][8][safepoint   ] Safepoint "Cleanup", Time since last: 2000384988 ns, Reaching safepoint: 106890 ns, At safepoint: 6913 ns, Total: 113803 ns
[2021-04-20T02:35:45.122+0000][8][safepoint   ] Safepoint "Cleanup", Time since last: 1000100300 ns, Reaching safepoint: 94790 ns, At safepoint: 10346 ns, Total: 105136 ns
[2021-04-20T02:35:46.123+0000][8][safepoint   ] Safepoint "Cleanup", Time since last: 1000226334 ns, Reaching safepoint: 336653 ns, At safepoint: 25025 ns, Total: 361678 ns
[2021-04-20T02:35:47.123+0000][8][safepoint   ] Safepoint "Cleanup", Time since last: 1000177750 ns, Reaching safepoint: 195496 ns, At safepoint: 20853 ns, Total: 216349 ns
[2021-04-20T02:35:48.124+0000][8][safepoint   ] Safepoint "Cleanup", Time since last: 1000231770 ns, Reaching safepoint: 423644 ns, At safepoint: 33896 ns, Total: 457540 ns
[2021-04-20T02:35:48.874+0000][8][gc,start    ] GC(41) Pause Young (Normal) (G1 Evacuation Pause)
[2021-04-20T02:35:48.874+0000][8][gc,task     ] GC(41) Using 6 workers of 8 for evacuation
[2021-04-20T02:35:48.874+0000][8][gc,age      ] GC(41) Desired survivor size 6291456 bytes, new threshold 15 (max threshold 15)
[2021-04-20T02:35:48.889+0000][8][gc,age      ] GC(41) Age table with threshold 15 (max threshold 15)
[2021-04-20T02:35:48.889+0000][8][gc,age      ] GC(41) - age   1:     476984 bytes,     476984 total
[2021-04-20T02:35:48.889+0000][8][gc,age      ] GC(41) - age   2:     182784 bytes,     659768 total
[2021-04-20T02:35:48.889+0000][8][gc,age      ] GC(41) - age   3:     700944 bytes,    1360712 total
[2021-04-20T02:35:48.889+0000][8][gc,age      ] GC(41) - age   4:    2031112 bytes,    3391824 total
[2021-04-20T02:35:48.890+0000][8][gc,phases   ] GC(41)   Pre Evacuate Collection Set: 0.2ms
[2021-04-20T02:35:48.890+0000][8][gc,phases   ] GC(41)   Merge Heap Roots: 0.2ms
[2021-04-20T02:35:48.890+0000][8][gc,phases   ] GC(41)   Evacuate Collection Set: 13.0ms
[2021-04-20T02:35:48.890+0000][8][gc,phases   ] GC(41)   Post Evacuate Collection Set: 1.7ms
[2021-04-20T02:35:48.890+0000][8][gc,phases   ] GC(41)   Other: 0.6ms
[2021-04-20T02:35:48.890+0000][8][gc,heap     ] GC(41) Eden regions: 20->0(21)
[2021-04-20T02:35:48.890+0000][8][gc,heap     ] GC(41) Survivor regions: 1->1(3)
[2021-04-20T02:35:48.890+0000][8][gc,heap     ] GC(41) Old regions: 25->25
[2021-04-20T02:35:48.890+0000][8][gc,heap     ] GC(41) Archive regions: 2->2
[2021-04-20T02:35:48.890+0000][8][gc,heap     ] GC(41) Humongous regions: 2->2
[2021-04-20T02:35:48.890+0000][8][gc,metaspace] GC(41) Metaspace: 103102K(107976K)->103102K(107976K) NonClass: 89392K(93000K)->89392K(93000K) Class: 13710K(14976K)->13710K(14976K)
[2021-04-20T02:35:48.890+0000][8][gc          ] GC(41) Pause Young (Normal) (G1 Evacuation Pause) 191M->111M(256M) 15.844ms
[2021-04-20T02:35:48.890+0000][8][gc,cpu      ] GC(41) User=0.07s Sys=0.01s Real=0.02s
[2021-04-20T02:35:48.890+0000][8][safepoint   ] Safepoint "G1CollectForAllocation", Time since last: 749615050 ns, Reaching safepoint: 374866 ns, At safepoint: 16078128 ns, Total: 16452994 ns
[2021-04-20T02:35:49.891+0000][8][safepoint   ] Safepoint "Cleanup", Time since last: 1000186446 ns, Reaching safepoint: 357813 ns, At safepoint: 30793 ns, Total: 388606 ns
[2021-04-20T02:35:50.892+0000][8][safepoint   ] Safepoint "Cleanup", Time since last: 1000741927 ns, Reaching safepoint: 449252 ns, At safepoint: 42042 ns, Total: 491294 ns
[2021-04-20T02:35:52.893+0000][8][safepoint   ] Safepoint "Cleanup", Time since last: 2000376590 ns, Reaching safepoint: 397257 ns, At safepoint: 25500 ns, Total: 422757 ns
[2021-04-20T02:35:53.893+0000][8][safepoint   ] Safepoint "Cleanup", Time since last: 1000246696 ns, Reaching safepoint: 150920 ns, At safepoint: 9949 ns, Total: 160869 ns
[2021-04-20T02:35:54.894+0000][8][safepoint   ] Safepoint "Cleanup", Time since last: 1000231969 ns, Reaching safepoint: 299942 ns, At safepoint: 28542 ns, Total: 328484 ns
[2021-04-20T02:35:55.894+0000][8][safepoint   ] Safepoint "Cleanup", Time since last: 1000185778 ns, Reaching safepoint: 412735 ns, At safepoint: 37351 ns, Total: 450086 ns
[2021-04-20T02:35:56.897+0000][8][safepoint   ] Safepoint "Cleanup", Time since last: 1002831920 ns, Reaching safepoint: 284460 ns, At safepoint: 26395 ns, Total: 310855 ns
[2021-04-20T02:35:59.898+0000][8][safepoint   ] Safepoint "Cleanup", Time since last: 3000412845 ns, Reaching safepoint: 345348 ns, At safepoint: 43962 ns, Total: 389310 ns
[2021-04-20T02:36:02.899+0000][8][safepoint   ] Safepoint "Cleanup", Time since last: 3000571424 ns, Reaching safepoint: 143523 ns, At safepoint: 11386 ns, Total: 154909 ns
[2021-04-20T02:36:05.900+0000][8][safepoint   ] Safepoint "Cleanup", Time since last: 3000317861 ns, Reaching safepoint: 474370 ns, At safepoint: 32502 ns, Total: 506872 ns
[2021-04-20T02:36:07.900+0000][8][safepoint   ] Safepoint "Cleanup", Time since last: 2000403819 ns, Reaching safepoint: 295751 ns, At safepoint: 27574 ns, Total: 323325 ns
[2021-04-20T02:36:08.901+0000][8][safepoint   ] Safepoint "Cleanup", Time since last: 1000206354 ns, Reaching safepoint: 98033 ns, At safepoint: 6410 ns, Total: 104443 ns
[2021-04-20T02:36:11.901+0000][8][safepoint   ] Safepoint "Cleanup", Time since last: 3000309739 ns, Reaching safepoint: 151971 ns, At safepoint: 5575 ns, Total: 157546 ns
[2021-04-20T02:36:14.902+0000][8][safepoint   ] Safepoint "Cleanup", Time since last: 3000334133 ns, Reaching safepoint: 91036 ns, At safepoint: 8520 ns, Total: 99556 ns
[2021-04-20T02:36:16.902+0000][8][safepoint   ] Safepoint "Cleanup", Time since last: 2000325890 ns, Reaching safepoint: 298979 ns, At safepoint: 44512 ns, Total: 343491 ns
[2021-04-20T02:36:17.903+0000][8][safepoint   ] Safepoint "Cleanup", Time since last: 1000265190 ns, Reaching safepoint: 294640 ns, At safepoint: 21408 ns, Total: 316048 ns
[2021-04-20T02:36:18.903+0000][8][safepoint   ] Safepoint "Cleanup", Time since last: 1000201596 ns, Reaching safepoint: 133817 ns, At safepoint: 8518 ns, Total: 142335 ns
[2021-04-20T02:36:19.904+0000][8][safepoint   ] Safepoint "Cleanup", Time since last: 1000186405 ns, Reaching safepoint: 259443 ns, At safepoint: 23722 ns, Total: 283165 ns
[2021-04-20T02:36:20.904+0000][8][safepoint   ] Safepoint "Cleanup", Time since last: 1000336669 ns, Reaching safepoint: 369030 ns, At safepoint: 32350 ns, Total: 401380 ns
[2021-04-20T02:36:22.905+0000][8][safepoint   ] Safepoint "Cleanup", Time since last: 2000357646 ns, Reaching safepoint: 363730 ns, At safepoint: 30868 ns, Total: 394598 ns
[2021-04-20T02:36:26.906+0000][8][safepoint   ] Safepoint "Cleanup", Time since last: 4000652727 ns, Reaching safepoint: 388165 ns, At safepoint: 36300 ns, Total: 424465 ns
[2021-04-20T02:36:27.907+0000][8][safepoint   ] Safepoint "Cleanup", Time since last: 1000230283 ns, Reaching safepoint: 107951 ns, At safepoint: 6967 ns, Total: 114918 ns
[2021-04-20T02:36:32.908+0000][8][safepoint   ] Safepoint "Cleanup", Time since last: 5000722569 ns, Reaching safepoint: 283275 ns, At safepoint: 26102 ns, Total: 309377 ns
[2021-04-20T02:36:34.908+0000][8][safepoint   ] Safepoint "Cleanup", Time since last: 2000362232 ns, Reaching safepoint: 356130 ns, At safepoint: 26106 ns, Total: 382236 ns
[2021-04-20T02:36:35.909+0000][8][safepoint   ] Safepoint "Cleanup", Time since last: 1000146995 ns, Reaching safepoint: 136854 ns, At safepoint: 11608 ns, Total: 148462 ns
[2021-04-20T02:36:39.910+0000][8][safepoint   ] Safepoint "Cleanup", Time since last: 4000593177 ns, Reaching safepoint: 394265 ns, At safepoint: 28610 ns, Total: 422875 ns
[2021-04-20T02:36:41.917+0000][8][safepoint   ] Safepoint "Cleanup", Time since last: 2007024349 ns, Reaching safepoint: 386128 ns, At safepoint: 36726 ns, Total: 422854 ns
[2021-04-20T02:36:44.918+0000][8][safepoint   ] Safepoint "Cleanup", Time since last: 3000468752 ns, Reaching safepoint: 271104 ns, At safepoint: 24645 ns, Total: 295749 ns
[2021-04-20T02:36:46.925+0000][8][safepoint   ] Safepoint "Cleanup", Time since last: 2007044309 ns, Reaching safepoint: 404453 ns, At safepoint: 37167 ns, Total: 441620 ns
[2021-04-20T02:36:47.926+0000][8][safepoint   ] Safepoint "Cleanup", Time since last: 1000170990 ns, Reaching safepoint: 211511 ns, At safepoint: 13337 ns, Total: 224848 ns
[2021-04-20T02:36:48.926+0000][8][safepoint   ] Safepoint "Cleanup", Time since last: 1000211841 ns, Reaching safepoint: 299277 ns, At safepoint: 25272 ns, Total: 324549 ns
[2021-04-20T02:36:49.927+0000][8][safepoint   ] Safepoint "Cleanup", Time since last: 1000175908 ns, Reaching safepoint: 193904 ns, At safepoint: 9010 ns, Total: 202914 ns
[2021-04-20T02:36:50.154+0000][8][gc,start    ] GC(42) Pause Young (Concurrent Start) (G1 Evacuation Pause)
[2021-04-20T02:36:50.154+0000][8][gc,task     ] GC(42) Using 6 workers of 8 for evacuation
[2021-04-20T02:36:50.154+0000][8][gc,age      ] GC(42) Desired survivor size 6291456 bytes, new threshold 15 (max threshold 15)
[2021-04-20T02:36:50.159+0000][8][gc,age      ] GC(42) Age table with threshold 15 (max threshold 15)
[2021-04-20T02:36:50.160+0000][8][gc,age      ] GC(42) - age   1:    3036792 bytes,    3036792 total
[2021-04-20T02:36:50.160+0000][8][gc,age      ] GC(42) - age   2:     353360 bytes,    3390152 total
[2021-04-20T02:36:50.160+0000][8][gc,age      ] GC(42) - age   3:     182040 bytes,    3572192 total
[2021-04-20T02:36:50.160+0000][8][gc,age      ] GC(42) - age   4:     315160 bytes,    3887352 total
[2021-04-20T02:36:50.160+0000][8][gc,age      ] GC(42) - age   5:    1918568 bytes,    5805920 total
[2021-04-20T02:36:50.160+0000][8][gc,phases   ] GC(42)   Pre Evacuate Collection Set: 0.2ms
[2021-04-20T02:36:50.160+0000][8][gc,phases   ] GC(42)   Merge Heap Roots: 0.1ms
[2021-04-20T02:36:50.160+0000][8][gc,phases   ] GC(42)   Evacuate Collection Set: 4.8ms
[2021-04-20T02:36:50.160+0000][8][gc,phases   ] GC(42)   Post Evacuate Collection Set: 0.7ms
[2021-04-20T02:36:50.160+0000][8][gc,phases   ] GC(42)   Other: 0.3ms
[2021-04-20T02:36:50.160+0000][8][gc,heap     ] GC(42) Eden regions: 21->0(20)
[2021-04-20T02:36:50.160+0000][8][gc,heap     ] GC(42) Survivor regions: 1->2(3)
[2021-04-20T02:36:50.160+0000][8][gc,heap     ] GC(42) Old regions: 25->25
[2021-04-20T02:36:50.160+0000][8][gc,heap     ] GC(42) Archive regions: 2->2
[2021-04-20T02:36:50.160+0000][8][gc,heap     ] GC(42) Humongous regions: 2->2
[2021-04-20T02:36:50.160+0000][8][gc,metaspace] GC(42) Metaspace: 103532K(108488K)->103532K(108488K) NonClass: 89804K(93512K)->89804K(93512K) Class: 13728K(14976K)->13728K(14976K)
[2021-04-20T02:36:50.160+0000][8][gc          ] GC(42) Pause Young (Concurrent Start) (G1 Evacuation Pause) 195M->113M(256M) 6.141ms
[2021-04-20T02:36:50.160+0000][8][gc,cpu      ] GC(42) User=0.03s Sys=0.00s Real=0.01s
[2021-04-20T02:36:50.160+0000][8][gc          ] GC(43) Concurrent Cycle
[2021-04-20T02:36:50.160+0000][8][safepoint   ] Safepoint "G1CollectForAllocation", Time since last: 226639166 ns, Reaching safepoint: 150430 ns, At safepoint: 6230292 ns, Total: 6380722 ns
[2021-04-20T02:36:50.160+0000][8][gc,marking  ] GC(43) Concurrent Clear Claimed Marks
[2021-04-20T02:36:50.160+0000][8][gc,marking  ] GC(43) Concurrent Clear Claimed Marks 0.097ms
[2021-04-20T02:36:50.160+0000][8][gc,marking  ] GC(43) Concurrent Scan Root Regions
[2021-04-20T02:36:50.166+0000][8][gc,marking  ] GC(43) Concurrent Scan Root Regions 5.998ms
[2021-04-20T02:36:50.166+0000][8][gc,marking  ] GC(43) Concurrent Mark (332.151s)
[2021-04-20T02:36:50.166+0000][8][gc,marking  ] GC(43) Concurrent Mark From Roots
[2021-04-20T02:36:50.166+0000][8][gc,task     ] GC(43) Using 2 workers of 2 for marking
[2021-04-20T02:36:50.294+0000][8][gc,marking  ] GC(43) Concurrent Mark From Roots 128.252ms
[2021-04-20T02:36:50.294+0000][8][gc,marking  ] GC(43) Concurrent Preclean
[2021-04-20T02:36:50.295+0000][8][gc,marking  ] GC(43) Concurrent Preclean 0.306ms
[2021-04-20T02:36:50.295+0000][8][gc,marking  ] GC(43) Concurrent Mark (332.151s, 332.280s) 128.630ms
[2021-04-20T02:36:50.295+0000][8][gc,start    ] GC(43) Pause Remark
[2021-04-20T02:36:50.300+0000][8][gc          ] GC(43) Pause Remark 120M->120M(256M) 5.388ms
[2021-04-20T02:36:50.300+0000][8][gc,cpu      ] GC(43) User=0.03s Sys=0.00s Real=0.00s
[2021-04-20T02:36:50.300+0000][8][safepoint   ] Safepoint "G1Concurrent", Time since last: 134833200 ns, Reaching safepoint: 99716 ns, At safepoint: 5486575 ns, Total: 5586291 ns
[2021-04-20T02:36:50.300+0000][8][gc,marking  ] GC(43) Concurrent Rebuild Remembered Sets
[2021-04-20T02:36:50.493+0000][8][safepoint   ] Safepoint "ICBufferFull", Time since last: 191835306 ns, Reaching safepoint: 1444542 ns, At safepoint: 54894 ns, Total: 1499436 ns
[2021-04-20T02:36:50.532+0000][8][gc,marking  ] GC(43) Concurrent Rebuild Remembered Sets 231.544ms
[2021-04-20T02:36:50.534+0000][8][gc,start    ] GC(43) Pause Cleanup
[2021-04-20T02:36:50.534+0000][8][gc          ] GC(43) Pause Cleanup 153M->153M(256M) 0.132ms
[2021-04-20T02:36:50.534+0000][8][gc,cpu      ] GC(43) User=0.00s Sys=0.00s Real=0.00s
[2021-04-20T02:36:50.534+0000][8][safepoint   ] Safepoint "G1Concurrent", Time since last: 38359858 ns, Reaching safepoint: 2315655 ns, At safepoint: 241899 ns, Total: 2557554 ns
[2021-04-20T02:36:50.534+0000][8][gc,marking  ] GC(43) Concurrent Cleanup for Next Mark
[2021-04-20T02:36:50.535+0000][8][gc,marking  ] GC(43) Concurrent Cleanup for Next Mark 0.405ms
[2021-04-20T02:36:50.535+0000][8][gc          ] GC(43) Concurrent Cycle 375.190ms
[2021-04-20T02:36:50.728+0000][8][safepoint   ] Safepoint "ICBufferFull", Time since last: 193492458 ns, Reaching safepoint: 317968 ns, At safepoint: 13644 ns, Total: 331612 ns
[2021-04-20T02:36:51.312+0000][8][gc,start    ] GC(44) Pause Young (Normal) (G1 Evacuation Pause)
[2021-04-20T02:36:51.313+0000][8][gc,task     ] GC(44) Using 6 workers of 8 for evacuation
[2021-04-20T02:36:51.313+0000][8][gc,age      ] GC(44) Desired survivor size 6291456 bytes, new threshold 15 (max threshold 15)
[2021-04-20T02:36:51.322+0000][8][gc,age      ] GC(44) Age table with threshold 15 (max threshold 15)
[2021-04-20T02:36:51.322+0000][8][gc,age      ] GC(44) - age   1:    2412112 bytes,    2412112 total
[2021-04-20T02:36:51.322+0000][8][gc,age      ] GC(44) - age   2:     606512 bytes,    3018624 total
[2021-04-20T02:36:51.322+0000][8][gc,age      ] GC(44) - age   3:     352208 bytes,    3370832 total
[2021-04-20T02:36:51.322+0000][8][gc,age      ] GC(44) - age   4:     181160 bytes,    3551992 total
[2021-04-20T02:36:51.322+0000][8][gc,age      ] GC(44) - age   5:     313928 bytes,    3865920 total
[2021-04-20T02:36:51.322+0000][8][gc,age      ] GC(44) - age   6:    1911560 bytes,    5777480 total
[2021-04-20T02:36:51.322+0000][8][gc,phases   ] GC(44)   Pre Evacuate Collection Set: 0.1ms
[2021-04-20T02:36:51.322+0000][8][gc,phases   ] GC(44)   Merge Heap Roots: 0.1ms
[2021-04-20T02:36:51.322+0000][8][gc,phases   ] GC(44)   Evacuate Collection Set: 8.0ms
[2021-04-20T02:36:51.322+0000][8][gc,phases   ] GC(44)   Post Evacuate Collection Set: 0.9ms
[2021-04-20T02:36:51.322+0000][8][gc,phases   ] GC(44)   Other: 0.3ms
[2021-04-20T02:36:51.322+0000][8][gc,heap     ] GC(44) Eden regions: 20->0(20)
[2021-04-20T02:36:51.322+0000][8][gc,heap     ] GC(44) Survivor regions: 2->2(3)
[2021-04-20T02:36:51.322+0000][8][gc,heap     ] GC(44) Old regions: 25->25
[2021-04-20T02:36:51.322+0000][8][gc,heap     ] GC(44) Archive regions: 2->2
[2021-04-20T02:36:51.322+0000][8][gc,heap     ] GC(44) Humongous regions: 2->2
[2021-04-20T02:36:51.322+0000][8][gc,metaspace] GC(44) Metaspace: 105457K(110152K)->105457K(110152K) NonClass: 91440K(94792K)->91440K(94792K) Class: 14017K(15360K)->14017K(15360K)
[2021-04-20T02:36:51.322+0000][8][gc          ] GC(44) Pause Young (Normal) (G1 Evacuation Pause) 193M->113M(256M) 9.480ms
[2021-04-20T02:36:51.322+0000][8][gc,cpu      ] GC(44) User=0.06s Sys=0.01s Real=0.01s
[2021-04-20T02:36:51.322+0000][8][safepoint   ] Safepoint "G1CollectForAllocation", Time since last: 584077726 ns, Reaching safepoint: 148804 ns, At safepoint: 9574732 ns, Total: 9723536 ns
[2021-04-20T02:36:52.346+0000][8][safepoint   ] Safepoint "Cleanup", Time since last: 1023549464 ns, Reaching safepoint: 376253 ns, At safepoint: 32001 ns, Total: 408254 ns
[2021-04-20T02:36:53.347+0000][8][safepoint   ] Safepoint "Cleanup", Time since last: 1000264868 ns, Reaching safepoint: 445084 ns, At safepoint: 35893 ns, Total: 480977 ns
[2021-04-20T02:36:55.347+0000][8][safepoint   ] Safepoint "Cleanup", Time since last: 2000391085 ns, Reaching safepoint: 312192 ns, At safepoint: 27099 ns, Total: 339291 ns
[2021-04-20T02:36:56.348+0000][8][safepoint   ] Safepoint "Cleanup", Time since last: 1000199169 ns, Reaching safepoint: 120058 ns, At safepoint: 7315 ns, Total: 127373 ns
[2021-04-20T02:36:57.348+0000][8][safepoint   ] Safepoint "Cleanup", Time since last: 1000177864 ns, Reaching safepoint: 384605 ns, At safepoint: 33103 ns, Total: 417708 ns
[2021-04-20T02:36:59.977+0000][8][safepoint   ] Safepoint "Cleanup", Time since last: 2627898007 ns, Reaching safepoint: 399023 ns, At safepoint: 30165 ns, Total: 429188 ns
[2021-04-20T02:37:02.978+0000][8][safepoint   ] Safepoint "Cleanup", Time since last: 3000396255 ns, Reaching safepoint: 376348 ns, At safepoint: 40159 ns, Total: 416507 ns
[2021-04-20T02:37:04.978+0000][8][safepoint   ] Safepoint "Cleanup", Time since last: 2000406499 ns, Reaching safepoint: 393721 ns, At safepoint: 33906 ns, Total: 427627 ns
[2021-04-20T02:37:05.979+0000][8][safepoint   ] Safepoint "Cleanup", Time since last: 1000238003 ns, Reaching safepoint: 314365 ns, At safepoint: 22216 ns, Total: 336581 ns
[2021-04-20T02:37:07.980+0000][8][safepoint   ] Safepoint "Cleanup", Time since last: 2000426348 ns, Reaching safepoint: 328126 ns, At safepoint: 24791 ns, Total: 352917 ns
[2021-04-20T02:37:08.981+0000][8][safepoint   ] Safepoint "Cleanup", Time since last: 1000256508 ns, Reaching safepoint: 501133 ns, At safepoint: 41940 ns, Total: 543073 ns
[2021-04-20T02:37:11.981+0000][8][safepoint   ] Safepoint "Cleanup", Time since last: 3000495626 ns, Reaching safepoint: 409244 ns, At safepoint: 27221 ns, Total: 436465 ns
[2021-04-20T02:37:12.982+0000][8][safepoint   ] Safepoint "Cleanup", Time since last: 1000280208 ns, Reaching safepoint: 451072 ns, At safepoint: 31032 ns, Total: 482104 ns
[2021-04-20T02:37:14.983+0000][8][safepoint   ] Safepoint "Cleanup", Time since last: 2000394656 ns, Reaching safepoint: 324600 ns, At safepoint: 21790 ns, Total: 346390 ns
[2021-04-20T02:37:16.984+0000][8][safepoint   ] Safepoint "Cleanup", Time since last: 2000358716 ns, Reaching safepoint: 325866 ns, At safepoint: 36769 ns, Total: 362635 ns
[2021-04-20T02:37:17.984+0000][8][safepoint   ] Safepoint "Cleanup", Time since last: 1000256000 ns, Reaching safepoint: 382506 ns, At safepoint: 30785 ns, Total: 413291 ns
[2021-04-20T02:37:19.985+0000][8][safepoint   ] Safepoint "Cleanup", Time since last: 2000415372 ns, Reaching safepoint: 363399 ns, At safepoint: 27024 ns, Total: 390423 ns
[2021-04-20T02:37:20.986+0000][8][safepoint   ] Safepoint "Cleanup", Time since last: 1000254084 ns, Reaching safepoint: 418657 ns, At safepoint: 26605 ns, Total: 445262 ns
[2021-04-20T02:37:21.987+0000][8][safepoint   ] Safepoint "Cleanup", Time since last: 1000448637 ns, Reaching safepoint: 407510 ns, At safepoint: 41536 ns, Total: 449046 ns
[2021-04-20T02:37:22.987+0000][8][safepoint   ] Safepoint "Cleanup", Time since last: 1000235610 ns, Reaching safepoint: 326237 ns, At safepoint: 22972 ns, Total: 349209 ns
[2021-04-20T02:37:23.988+0000][8][safepoint   ] Safepoint "Cleanup", Time since last: 1000208259 ns, Reaching safepoint: 143459 ns, At safepoint: 11101 ns, Total: 154560 ns
[2021-04-20T02:37:24.988+0000][8][safepoint   ] Safepoint "Cleanup", Time since last: 1000150726 ns, Reaching safepoint: 395028 ns, At safepoint: 40175 ns, Total: 435203 ns
[2021-04-20T02:37:26.989+0000][8][safepoint   ] Safepoint "Cleanup", Time since last: 2000409923 ns, Reaching safepoint: 427040 ns, At safepoint: 35132 ns, Total: 462172 ns
[2021-04-20T02:37:29.990+0000][8][safepoint   ] Safepoint "Cleanup", Time since last: 3000484352 ns, Reaching safepoint: 455596 ns, At safepoint: 33604 ns, Total: 489200 ns
[2021-04-20T02:37:32.991+0000][8][safepoint   ] Safepoint "Cleanup", Time since last: 3000493431 ns, Reaching safepoint: 345496 ns, At safepoint: 28755 ns, Total: 374251 ns
[2021-04-20T02:37:35.992+0000][8][safepoint   ] Safepoint "Cleanup", Time since last: 3000528871 ns, Reaching safepoint: 403252 ns, At safepoint: 31240 ns, Total: 434492 ns
[2021-04-20T02:37:38.993+0000][8][safepoint   ] Safepoint "Cleanup", Time since last: 3000486606 ns, Reaching safepoint: 426073 ns, At safepoint: 32453 ns, Total: 458526 ns
[2021-04-20T02:37:41.994+0000][8][safepoint   ] Safepoint "Cleanup", Time since last: 3000495223 ns, Reaching safepoint: 169448 ns, At safepoint: 9273 ns, Total: 178721 ns
[2021-04-20T02:37:42.994+0000][8][safepoint   ] Safepoint "Cleanup", Time since last: 1000188168 ns, Reaching safepoint: 327693 ns, At safepoint: 30819 ns, Total: 358512 ns
[2021-04-20T02:37:44.995+0000][8][safepoint   ] Safepoint "Cleanup", Time since last: 2000359796 ns, Reaching safepoint: 362115 ns, At safepoint: 39243 ns, Total: 401358 ns
[2021-04-20T02:37:45.996+0000][8][safepoint   ] Safepoint "Cleanup", Time since last: 1000254681 ns, Reaching safepoint: 342515 ns, At safepoint: 30151 ns, Total: 372666 ns
[2021-04-20T02:37:46.996+0000][8][safepoint   ] Safepoint "Cleanup", Time since last: 1000229031 ns, Reaching safepoint: 398432 ns, At safepoint: 41284 ns, Total: 439716 ns
[2021-04-20T02:37:47.116+0000][8][gc,start    ] GC(45) Pause Young (Concurrent Start) (G1 Evacuation Pause)
[2021-04-20T02:37:47.116+0000][8][gc,task     ] GC(45) Using 6 workers of 8 for evacuation
[2021-04-20T02:37:47.116+0000][8][gc,age      ] GC(45) Desired survivor size 6291456 bytes, new threshold 15 (max threshold 15)
[2021-04-20T02:37:47.124+0000][8][gc,age      ] GC(45) Age table with threshold 15 (max threshold 15)
[2021-04-20T02:37:47.124+0000][8][gc,age      ] GC(45) - age   1:    1774640 bytes,    1774640 total
[2021-04-20T02:37:47.124+0000][8][gc,age      ] GC(45) - age   2:    1404416 bytes,    3179056 total
[2021-04-20T02:37:47.124+0000][8][gc,age      ] GC(45) - age   3:     472824 bytes,    3651880 total
[2021-04-20T02:37:47.124+0000][8][gc,age      ] GC(45) - age   4:     336472 bytes,    3988352 total
[2021-04-20T02:37:47.124+0000][8][gc,age      ] GC(45) - age   5:     181032 bytes,    4169384 total
[2021-04-20T02:37:47.124+0000][8][gc,age      ] GC(45) - age   6:     313576 bytes,    4482960 total
[2021-04-20T02:37:47.124+0000][8][gc,age      ] GC(45) - age   7:    1901992 bytes,    6384952 total
[2021-04-20T02:37:47.124+0000][8][gc,phases   ] GC(45)   Pre Evacuate Collection Set: 0.2ms
[2021-04-20T02:37:47.124+0000][8][gc,phases   ] GC(45)   Merge Heap Roots: 0.1ms
[2021-04-20T02:37:47.124+0000][8][gc,phases   ] GC(45)   Evacuate Collection Set: 6.7ms
[2021-04-20T02:37:47.124+0000][8][gc,phases   ] GC(45)   Post Evacuate Collection Set: 0.9ms
[2021-04-20T02:37:47.124+0000][8][gc,phases   ] GC(45)   Other: 0.3ms
[2021-04-20T02:37:47.124+0000][8][gc,heap     ] GC(45) Eden regions: 20->0(20)
[2021-04-20T02:37:47.124+0000][8][gc,heap     ] GC(45) Survivor regions: 2->2(3)
[2021-04-20T02:37:47.124+0000][8][gc,heap     ] GC(45) Old regions: 25->25
[2021-04-20T02:37:47.124+0000][8][gc,heap     ] GC(45) Archive regions: 2->2
[2021-04-20T02:37:47.124+0000][8][gc,heap     ] GC(45) Humongous regions: 2->2
[2021-04-20T02:37:47.124+0000][8][gc,metaspace] GC(45) Metaspace: 105747K(110664K)->105747K(110664K) NonClass: 91730K(95304K)->91730K(95304K) Class: 14017K(15360K)->14017K(15360K)
[2021-04-20T02:37:47.124+0000][8][gc          ] GC(45) Pause Young (Concurrent Start) (G1 Evacuation Pause) 193M->114M(256M) 8.321ms
[2021-04-20T02:37:47.124+0000][8][gc,cpu      ] GC(45) User=0.04s Sys=0.00s Real=0.01s
[2021-04-20T02:37:47.125+0000][8][safepoint   ] Safepoint "G1CollectForAllocation", Time since last: 119674481 ns, Reaching safepoint: 241785 ns, At safepoint: 8421204 ns, Total: 8662989 ns
[2021-04-20T02:37:47.125+0000][8][gc          ] GC(46) Concurrent Cycle
[2021-04-20T02:37:47.125+0000][8][gc,marking  ] GC(46) Concurrent Clear Claimed Marks
[2021-04-20T02:37:47.125+0000][8][gc,marking  ] GC(46) Concurrent Clear Claimed Marks 0.111ms
[2021-04-20T02:37:47.125+0000][8][gc,marking  ] GC(46) Concurrent Scan Root Regions
[2021-04-20T02:37:47.129+0000][8][gc,marking  ] GC(46) Concurrent Scan Root Regions 4.333ms
[2021-04-20T02:37:47.129+0000][8][gc,marking  ] GC(46) Concurrent Mark (389.115s)
[2021-04-20T02:37:47.129+0000][8][gc,marking  ] GC(46) Concurrent Mark From Roots
[2021-04-20T02:37:47.129+0000][8][gc,task     ] GC(46) Using 2 workers of 2 for marking
[2021-04-20T02:37:47.228+0000][8][gc,marking  ] GC(46) Concurrent Mark From Roots 98.696ms
[2021-04-20T02:37:47.228+0000][8][gc,marking  ] GC(46) Concurrent Preclean
[2021-04-20T02:37:47.228+0000][8][gc,marking  ] GC(46) Concurrent Preclean 0.227ms
[2021-04-20T02:37:47.228+0000][8][gc,marking  ] GC(46) Concurrent Mark (389.115s, 389.214s) 98.983ms
[2021-04-20T02:37:47.228+0000][8][gc,start    ] GC(46) Pause Remark
[2021-04-20T02:37:47.233+0000][8][gc          ] GC(46) Pause Remark 115M->115M(256M) 4.560ms
[2021-04-20T02:37:47.233+0000][8][gc,cpu      ] GC(46) User=0.02s Sys=0.00s Real=0.00s
[2021-04-20T02:37:47.233+0000][8][safepoint   ] Safepoint "G1Concurrent", Time since last: 103597902 ns, Reaching safepoint: 116860 ns, At safepoint: 4644319 ns, Total: 4761179 ns
[2021-04-20T02:37:47.233+0000][8][gc,marking  ] GC(46) Concurrent Rebuild Remembered Sets
[2021-04-20T02:37:47.293+0000][8][gc,marking  ] GC(46) Concurrent Rebuild Remembered Sets 60.377ms
[2021-04-20T02:37:47.293+0000][8][gc,start    ] GC(46) Pause Cleanup
[2021-04-20T02:37:47.294+0000][8][gc          ] GC(46) Pause Cleanup 115M->115M(256M) 0.070ms
[2021-04-20T02:37:47.294+0000][8][gc,cpu      ] GC(46) User=0.00s Sys=0.00s Real=0.00s
[2021-04-20T02:37:47.294+0000][8][safepoint   ] Safepoint "G1Concurrent", Time since last: 60454755 ns, Reaching safepoint: 130622 ns, At safepoint: 114078 ns, Total: 244700 ns
[2021-04-20T02:37:47.294+0000][8][gc,marking  ] GC(46) Concurrent Cleanup for Next Mark
[2021-04-20T02:37:47.294+0000][8][gc,marking  ] GC(46) Concurrent Cleanup for Next Mark 0.175ms
[2021-04-20T02:37:47.294+0000][8][gc          ] GC(46) Concurrent Cycle 169.283ms
[2021-04-20T02:37:48.294+0000][8][safepoint   ] Safepoint "Cleanup", Time since last: 1000132053 ns, Reaching safepoint: 338638 ns, At safepoint: 32992 ns, Total: 371630 ns
[2021-04-20T02:37:50.295+0000][8][safepoint   ] Safepoint "Cleanup", Time since last: 2000585688 ns, Reaching safepoint: 408977 ns, At safepoint: 37575 ns, Total: 446552 ns
[2021-04-20T02:37:51.296+0000][8][safepoint   ] Safepoint "Cleanup", Time since last: 1000222944 ns, Reaching safepoint: 405822 ns, At safepoint: 36598 ns, Total: 442420 ns
[2021-04-20T02:37:53.297+0000][8][safepoint   ] Safepoint "Cleanup", Time since last: 2000895032 ns, Reaching safepoint: 166800 ns, At safepoint: 13024 ns, Total: 179824 ns
[2021-04-20T02:37:56.298+0000][8][safepoint   ] Safepoint "Cleanup", Time since last: 3000392292 ns, Reaching safepoint: 430168 ns, At safepoint: 40269 ns, Total: 470437 ns
[2021-04-20T02:38:05.299+0000][8][safepoint   ] Safepoint "Cleanup", Time since last: 9001055994 ns, Reaching safepoint: 154691 ns, At safepoint: 8172 ns, Total: 162863 ns
[2021-04-20T02:38:08.299+0000][8][safepoint   ] Safepoint "Cleanup", Time since last: 3000297544 ns, Reaching safepoint: 150336 ns, At safepoint: 7818 ns, Total: 158154 ns
[2021-04-20T02:38:11.300+0000][8][safepoint   ] Safepoint "Cleanup", Time since last: 3000431499 ns, Reaching safepoint: 618597 ns, At safepoint: 31802 ns, Total: 650399 ns
[2021-04-20T02:38:12.301+0000][8][safepoint   ] Safepoint "Cleanup", Time since last: 1000256762 ns, Reaching safepoint: 358364 ns, At safepoint: 27581 ns, Total: 385945 ns
[2021-04-20T02:38:14.302+0000][8][safepoint   ] Safepoint "Cleanup", Time since last: 2000319264 ns, Reaching safepoint: 417809 ns, At safepoint: 34903 ns, Total: 452712 ns
[2021-04-20T02:38:17.303+0000][8][safepoint   ] Safepoint "Cleanup", Time since last: 3000540781 ns, Reaching safepoint: 388842 ns, At safepoint: 33999 ns, Total: 422841 ns
[2021-04-20T02:38:20.304+0000][8][safepoint   ] Safepoint "Cleanup", Time since last: 3000511441 ns, Reaching safepoint: 408113 ns, At safepoint: 30636 ns, Total: 438749 ns
[2021-04-20T02:38:22.304+0000][8][safepoint   ] Safepoint "Cleanup", Time since last: 2000253709 ns, Reaching safepoint: 121097 ns, At safepoint: 6975 ns, Total: 128072 ns
[2021-04-20T02:38:23.304+0000][8][safepoint   ] Safepoint "Cleanup", Time since last: 1000118513 ns, Reaching safepoint: 154228 ns, At safepoint: 13231 ns, Total: 167459 ns
[2021-04-20T02:38:25.305+0000][8][safepoint   ] Safepoint "Cleanup", Time since last: 2000310268 ns, Reaching safepoint: 429642 ns, At safepoint: 34996 ns, Total: 464638 ns
[2021-04-20T02:38:26.306+0000][8][safepoint   ] Safepoint "Cleanup", Time since last: 1000257853 ns, Reaching safepoint: 347473 ns, At safepoint: 30988 ns, Total: 378461 ns
[2021-04-20T02:38:27.306+0000][8][safepoint   ] Safepoint "Cleanup", Time since last: 1000202017 ns, Reaching safepoint: 292649 ns, At safepoint: 63049 ns, Total: 355698 ns
[2021-04-20T02:38:36.308+0000][8][safepoint   ] Safepoint "Cleanup", Time since last: 9001193693 ns, Reaching safepoint: 463191 ns, At safepoint: 30144 ns, Total: 493335 ns
[2021-04-20T02:38:39.309+0000][8][safepoint   ] Safepoint "Cleanup", Time since last: 3000432981 ns, Reaching safepoint: 398602 ns, At safepoint: 30321 ns, Total: 428923 ns
[2021-04-20T02:38:41.316+0000][8][safepoint   ] Safepoint "Cleanup", Time since last: 2007036983 ns, Reaching safepoint: 399105 ns, At safepoint: 38150 ns, Total: 437255 ns
[2021-04-20T02:38:42.317+0000][8][safepoint   ] Safepoint "Cleanup", Time since last: 1000260907 ns, Reaching safepoint: 301368 ns, At safepoint: 21009 ns, Total: 322377 ns
[2021-04-20T02:38:47.318+0000][8][safepoint   ] Safepoint "Cleanup", Time since last: 5000925497 ns, Reaching safepoint: 329925 ns, At safepoint: 26926 ns, Total: 356851 ns
[2021-04-20T02:38:50.319+0000][8][safepoint   ] Safepoint "Cleanup", Time since last: 3000550780 ns, Reaching safepoint: 243604 ns, At safepoint: 13041 ns, Total: 256645 ns
[2021-04-20T02:38:51.320+0000][8][safepoint   ] Safepoint "Cleanup", Time since last: 1000145620 ns, Reaching safepoint: 331126 ns, At safepoint: 22783 ns, Total: 353909 ns
[2021-04-20T02:38:52.320+0000][8][safepoint   ] Safepoint "Cleanup", Time since last: 1000255320 ns, Reaching safepoint: 366416 ns, At safepoint: 23232 ns, Total: 389648 ns
[2021-04-20T02:38:53.321+0000][8][safepoint   ] Safepoint "Cleanup", Time since last: 1000170340 ns, Reaching safepoint: 178648 ns, At safepoint: 11003 ns, Total: 189651 ns
[2021-04-20T02:38:54.321+0000][8][safepoint   ] Safepoint "Cleanup", Time since last: 1000143503 ns, Reaching safepoint: 412717 ns, At safepoint: 36399 ns, Total: 449116 ns
[2021-04-20T02:38:56.322+0000][8][safepoint   ] Safepoint "Cleanup", Time since last: 2000374500 ns, Reaching safepoint: 386315 ns, At safepoint: 27950 ns, Total: 414265 ns
[2021-04-20T02:39:02.110+0000][8][gc,start    ] GC(47) Pause Young (Normal) (G1 Evacuation Pause)
[2021-04-20T02:39:02.110+0000][8][gc,task     ] GC(47) Using 6 workers of 8 for evacuation
[2021-04-20T02:39:02.110+0000][8][gc,age      ] GC(47) Desired survivor size 6291456 bytes, new threshold 7 (max threshold 15)
[2021-04-20T02:39:02.134+0000][8][gc,age      ] GC(47) Age table with threshold 7 (max threshold 15)
[2021-04-20T02:39:02.134+0000][8][gc,age      ] GC(47) - age   1:     464824 bytes,     464824 total
[2021-04-20T02:39:02.134+0000][8][gc,age      ] GC(47) - age   2:     929880 bytes,    1394704 total
[2021-04-20T02:39:02.134+0000][8][gc,age      ] GC(47) - age   3:    1354992 bytes,    2749696 total
[2021-04-20T02:39:02.134+0000][8][gc,age      ] GC(47) - age   4:     162000 bytes,    2911696 total
[2021-04-20T02:39:02.134+0000][8][gc,age      ] GC(47) - age   5:      49320 bytes,    2961016 total
[2021-04-20T02:39:02.134+0000][8][gc,age      ] GC(47) - age   6:     180544 bytes,    3141560 total
[2021-04-20T02:39:02.134+0000][8][gc,age      ] GC(47) - age   7:     159240 bytes,    3300800 total
[2021-04-20T02:39:02.134+0000][8][gc,phases   ] GC(47)   Pre Evacuate Collection Set: 0.3ms
[2021-04-20T02:39:02.134+0000][8][gc,phases   ] GC(47)   Merge Heap Roots: 0.4ms
[2021-04-20T02:39:02.135+0000][8][gc,phases   ] GC(47)   Evacuate Collection Set: 19.4ms
[2021-04-20T02:39:02.135+0000][8][gc,phases   ] GC(47)   Post Evacuate Collection Set: 3.4ms
[2021-04-20T02:39:02.135+0000][8][gc,phases   ] GC(47)   Other: 0.9ms
[2021-04-20T02:39:02.135+0000][8][gc,heap     ] GC(47) Eden regions: 20->0(21)
[2021-04-20T02:39:02.135+0000][8][gc,heap     ] GC(47) Survivor regions: 2->1(3)
[2021-04-20T02:39:02.135+0000][8][gc,heap     ] GC(47) Old regions: 25->25
[2021-04-20T02:39:02.135+0000][8][gc,heap     ] GC(47) Archive regions: 2->2
[2021-04-20T02:39:02.135+0000][8][gc,heap     ] GC(47) Humongous regions: 2->2
[2021-04-20T02:39:02.135+0000][8][gc,metaspace] GC(47) Metaspace: 105999K(110920K)->105999K(110920K) NonClass: 91981K(95560K)->91981K(95560K) Class: 14018K(15360K)->14018K(15360K)
[2021-04-20T02:39:02.135+0000][8][gc          ] GC(47) Pause Young (Normal) (G1 Evacuation Pause) 194M->113M(256M) 24.870ms
[2021-04-20T02:39:02.135+0000][8][gc,cpu      ] GC(47) User=0.08s Sys=0.01s Real=0.03s
[2021-04-20T02:39:02.135+0000][8][safepoint   ] Safepoint "G1CollectForAllocation", Time since last: 5787489763 ns, Reaching safepoint: 349202 ns, At safepoint: 25150280 ns, Total: 25499482 ns
[2021-04-20T02:39:03.136+0000][8][safepoint   ] Safepoint "Cleanup", Time since last: 1000152381 ns, Reaching safepoint: 399219 ns, At safepoint: 24886 ns, Total: 424105 ns
[2021-04-20T02:39:08.137+0000][8][safepoint   ] Safepoint "Cleanup", Time since last: 5000627949 ns, Reaching safepoint: 341290 ns, At safepoint: 27422 ns, Total: 368712 ns
[2021-04-20T02:39:11.137+0000][8][safepoint   ] Safepoint "Cleanup", Time since last: 3000413883 ns, Reaching safepoint: 219137 ns, At safepoint: 12737 ns, Total: 231874 ns
[2021-04-20T02:39:12.138+0000][8][safepoint   ] Safepoint "Cleanup", Time since last: 1000141815 ns, Reaching safepoint: 429299 ns, At safepoint: 34755 ns, Total: 464054 ns
[2021-04-20T02:39:14.138+0000][8][safepoint   ] Safepoint "Cleanup", Time since last: 2000381814 ns, Reaching safepoint: 207191 ns, At safepoint: 18414 ns, Total: 225605 ns
[2021-04-20T02:39:15.139+0000][8][safepoint   ] Safepoint "Cleanup", Time since last: 1000124191 ns, Reaching safepoint: 114531 ns, At safepoint: 7596 ns, Total: 122127 ns
[2021-04-20T02:39:17.139+0000][8][safepoint   ] Safepoint "Cleanup", Time since last: 2000430408 ns, Reaching safepoint: 278526 ns, At safepoint: 40767 ns, Total: 319293 ns
[2021-04-20T02:39:19.140+0000][8][safepoint   ] Safepoint "Cleanup", Time since last: 2000365599 ns, Reaching safepoint: 398650 ns, At safepoint: 35471 ns, Total: 434121 ns
[2021-04-20T02:39:20.141+0000][8][safepoint   ] Safepoint "Cleanup", Time since last: 1000234703 ns, Reaching safepoint: 374530 ns, At safepoint: 31721 ns, Total: 406251 ns
[2021-04-20T02:39:21.142+0000][8][safepoint   ] Safepoint "Cleanup", Time since last: 1000583791 ns, Reaching safepoint: 166746 ns, At safepoint: 9742 ns, Total: 176488 ns
[2021-04-20T02:39:22.142+0000][8][safepoint   ] Safepoint "Cleanup", Time since last: 1000194716 ns, Reaching safepoint: 384659 ns, At safepoint: 35314 ns, Total: 419973 ns
[2021-04-20T02:39:25.143+0000][8][safepoint   ] Safepoint "Cleanup", Time since last: 3000383393 ns, Reaching safepoint: 155086 ns, At safepoint: 7514 ns, Total: 162600 ns
[2021-04-20T02:39:27.143+0000][8][safepoint   ] Safepoint "Cleanup", Time since last: 2000237245 ns, Reaching safepoint: 280704 ns, At safepoint: 18208 ns, Total: 298912 ns
[2021-04-20T02:39:30.144+0000][8][safepoint   ] Safepoint "Cleanup", Time since last: 3000438727 ns, Reaching safepoint: 389450 ns, At safepoint: 29229 ns, Total: 418679 ns
[2021-04-20T02:39:35.145+0000][8][safepoint   ] Safepoint "Cleanup", Time since last: 5000626449 ns, Reaching safepoint: 175147 ns, At safepoint: 10263 ns, Total: 185410 ns
[2021-04-20T02:39:38.153+0000][8][safepoint   ] Safepoint "Cleanup", Time since last: 3007404951 ns, Reaching safepoint: 726272 ns, At safepoint: 18381 ns, Total: 744653 ns
[2021-04-20T02:39:41.154+0000][8][safepoint   ] Safepoint "Cleanup", Time since last: 3000915603 ns, Reaching safepoint: 172074 ns, At safepoint: 8590 ns, Total: 180664 ns
[2021-04-20T02:39:46.155+0000][8][safepoint   ] Safepoint "Cleanup", Time since last: 5000668429 ns, Reaching safepoint: 477462 ns, At safepoint: 40179 ns, Total: 517641 ns
[2021-04-20T02:39:47.156+0000][8][safepoint   ] Safepoint "Cleanup", Time since last: 1000251415 ns, Reaching safepoint: 320658 ns, At safepoint: 34042 ns, Total: 354700 ns
[2021-04-20T02:39:48.157+0000][8][safepoint   ] Safepoint "Cleanup", Time since last: 1000223895 ns, Reaching safepoint: 264940 ns, At safepoint: 20948 ns, Total: 285888 ns
[2021-04-20T02:39:49.157+0000][8][safepoint   ] Safepoint "Cleanup", Time since last: 1000249653 ns, Reaching safepoint: 511496 ns, At safepoint: 28254 ns, Total: 539750 ns
[2021-04-20T02:39:50.158+0000][8][safepoint   ] Safepoint "Cleanup", Time since last: 1000188068 ns, Reaching safepoint: 142170 ns, At safepoint: 9371 ns, Total: 151541 ns
[2021-04-20T02:39:52.158+0000][8][safepoint   ] Safepoint "Cleanup", Time since last: 2000230649 ns, Reaching safepoint: 106209 ns, At safepoint: 7038 ns, Total: 113247 ns
[2021-04-20T02:39:53.158+0000][8][safepoint   ] Safepoint "Cleanup", Time since last: 1000100002 ns, Reaching safepoint: 137606 ns, At safepoint: 12502 ns, Total: 150108 ns
[2021-04-20T02:39:54.159+0000][8][safepoint   ] Safepoint "Cleanup", Time since last: 1000181286 ns, Reaching safepoint: 361131 ns, At safepoint: 32427 ns, Total: 393558 ns
[2021-04-20T02:39:56.159+0000][8][safepoint   ] Safepoint "Cleanup", Time since last: 2000322572 ns, Reaching safepoint: 206942 ns, At safepoint: 12123 ns, Total: 219065 ns
[2021-04-20T02:39:57.160+0000][8][safepoint   ] Safepoint "Cleanup", Time since last: 1000112683 ns, Reaching safepoint: 139863 ns, At safepoint: 10957 ns, Total: 150820 ns
[2021-04-20T02:39:59.160+0000][8][safepoint   ] Safepoint "Cleanup", Time since last: 2000376838 ns, Reaching safepoint: 391437 ns, At safepoint: 32528 ns, Total: 423965 ns
[2021-04-20T02:40:02.162+0000][8][safepoint   ] Safepoint "Cleanup", Time since last: 3000526482 ns, Reaching safepoint: 501978 ns, At safepoint: 53326 ns, Total: 555304 ns
[2021-04-20T02:40:07.162+0000][8][safepoint   ] Safepoint "Cleanup", Time since last: 5000767207 ns, Reaching safepoint: 160635 ns, At safepoint: 7905 ns, Total: 168540 ns
[2021-04-20T02:40:08.169+0000][8][safepoint   ] Safepoint "Cleanup", Time since last: 1006794350 ns, Reaching safepoint: 117100 ns, At safepoint: 8759 ns, Total: 125859 ns
[2021-04-20T02:40:09.170+0000][8][safepoint   ] Safepoint "Cleanup", Time since last: 1000192507 ns, Reaching safepoint: 294576 ns, At safepoint: 27482 ns, Total: 322058 ns
[2021-04-20T02:40:11.171+0000][8][safepoint   ] Safepoint "Cleanup", Time since last: 2000597651 ns, Reaching safepoint: 338358 ns, At safepoint: 29192 ns, Total: 367550 ns
[2021-04-20T02:40:12.172+0000][8][safepoint   ] Safepoint "Cleanup", Time since last: 1000236863 ns, Reaching safepoint: 377310 ns, At safepoint: 27007 ns, Total: 404317 ns
[2021-04-20T02:40:17.179+0000][8][safepoint   ] Safepoint "Cleanup", Time since last: 5007100255 ns, Reaching safepoint: 196293 ns, At safepoint: 9021 ns, Total: 205314 ns
[2021-04-20T02:40:18.179+0000][8][safepoint   ] Safepoint "Cleanup", Time since last: 1000136574 ns, Reaching safepoint: 88069 ns, At safepoint: 5773 ns, Total: 93842 ns
[2021-04-20T02:40:19.331+0000][8][gc,start    ] GC(48) Pause Young (Concurrent Start) (G1 Evacuation Pause)
[2021-04-20T02:40:19.332+0000][8][gc,task     ] GC(48) Using 6 workers of 8 for evacuation
[2021-04-20T02:40:19.332+0000][8][gc,age      ] GC(48) Desired survivor size 6291456 bytes, new threshold 15 (max threshold 15)
[2021-04-20T02:40:19.350+0000][8][gc,age      ] GC(48) Age table with threshold 15 (max threshold 15)
[2021-04-20T02:40:19.350+0000][8][gc,age      ] GC(48) - age   1:     784880 bytes,     784880 total
[2021-04-20T02:40:19.350+0000][8][gc,age      ] GC(48) - age   2:     326752 bytes,    1111632 total
[2021-04-20T02:40:19.350+0000][8][gc,age      ] GC(48) - age   3:     927624 bytes,    2039256 total
[2021-04-20T02:40:19.350+0000][8][gc,age      ] GC(48) - age   4:    1354672 bytes,    3393928 total
[2021-04-20T02:40:19.350+0000][8][gc,age      ] GC(48) - age   5:     160336 bytes,    3554264 total
[2021-04-20T02:40:19.350+0000][8][gc,age      ] GC(48) - age   6:      49256 bytes,    3603520 total
[2021-04-20T02:40:19.350+0000][8][gc,age      ] GC(48) - age   7:     180480 bytes,    3784000 total
[2021-04-20T02:40:19.350+0000][8][gc,age      ] GC(48) - age   8:     159240 bytes,    3943240 total
[2021-04-20T02:40:19.350+0000][8][gc,phases   ] GC(48)   Pre Evacuate Collection Set: 0.5ms
[2021-04-20T02:40:19.350+0000][8][gc,phases   ] GC(48)   Merge Heap Roots: 0.5ms
[2021-04-20T02:40:19.350+0000][8][gc,phases   ] GC(48)   Evacuate Collection Set: 16.0ms
[2021-04-20T02:40:19.350+0000][8][gc,phases   ] GC(48)   Post Evacuate Collection Set: 1.1ms
[2021-04-20T02:40:19.350+0000][8][gc,phases   ] GC(48)   Other: 0.7ms
[2021-04-20T02:40:19.350+0000][8][gc,heap     ] GC(48) Eden regions: 21->0(21)
[2021-04-20T02:40:19.350+0000][8][gc,heap     ] GC(48) Survivor regions: 1->2(3)
[2021-04-20T02:40:19.350+0000][8][gc,heap     ] GC(48) Old regions: 25->25
[2021-04-20T02:40:19.350+0000][8][gc,heap     ] GC(48) Archive regions: 2->2
[2021-04-20T02:40:19.350+0000][8][gc,heap     ] GC(48) Humongous regions: 2->2
[2021-04-20T02:40:19.350+0000][8][gc,metaspace] GC(48) Metaspace: 106266K(111176K)->106266K(111176K) NonClass: 92247K(95816K)->92247K(95816K) Class: 14019K(15360K)->14019K(15360K)
[2021-04-20T02:40:19.350+0000][8][gc          ] GC(48) Pause Young (Concurrent Start) (G1 Evacuation Pause) 197M->113M(256M) 18.762ms
[2021-04-20T02:40:19.350+0000][8][gc,cpu      ] GC(48) User=0.05s Sys=0.00s Real=0.02s
[2021-04-20T02:40:19.350+0000][8][gc          ] GC(49) Concurrent Cycle
[2021-04-20T02:40:19.350+0000][8][gc,marking  ] GC(49) Concurrent Clear Claimed Marks
[2021-04-20T02:40:19.350+0000][8][gc,marking  ] GC(49) Concurrent Clear Claimed Marks 0.124ms
[2021-04-20T02:40:19.350+0000][8][gc,marking  ] GC(49) Concurrent Scan Root Regions
[2021-04-20T02:40:19.354+0000][8][safepoint   ] Safepoint "G1CollectForAllocation", Time since last: 1152073614 ns, Reaching safepoint: 261561 ns, At safepoint: 22956800 ns, Total: 23218361 ns
[2021-04-20T02:40:19.356+0000][8][gc,marking  ] GC(49) Concurrent Scan Root Regions 5.918ms
[2021-04-20T02:40:19.356+0000][8][gc,marking  ] GC(49) Concurrent Mark (541.342s)
[2021-04-20T02:40:19.356+0000][8][gc,marking  ] GC(49) Concurrent Mark From Roots
[2021-04-20T02:40:19.356+0000][8][gc,task     ] GC(49) Using 2 workers of 2 for marking
[2021-04-20T02:40:19.455+0000][8][gc,marking  ] GC(49) Concurrent Mark From Roots 98.762ms
[2021-04-20T02:40:19.455+0000][8][gc,marking  ] GC(49) Concurrent Preclean
[2021-04-20T02:40:19.455+0000][8][gc,marking  ] GC(49) Concurrent Preclean 0.237ms
[2021-04-20T02:40:19.455+0000][8][gc,marking  ] GC(49) Concurrent Mark (541.342s, 541.441s) 99.052ms
[2021-04-20T02:40:19.456+0000][8][gc,start    ] GC(49) Pause Remark
[2021-04-20T02:40:19.465+0000][8][gc          ] GC(49) Pause Remark 114M->114M(256M) 9.625ms
[2021-04-20T02:40:19.465+0000][8][gc,cpu      ] GC(49) User=0.05s Sys=0.00s Real=0.01s
[2021-04-20T02:40:19.465+0000][8][safepoint   ] Safepoint "G1Concurrent", Time since last: 101185494 ns, Reaching safepoint: 143138 ns, At safepoint: 9708531 ns, Total: 9851669 ns
[2021-04-20T02:40:19.465+0000][8][gc,marking  ] GC(49) Concurrent Rebuild Remembered Sets
[2021-04-20T02:40:19.529+0000][8][gc,marking  ] GC(49) Concurrent Rebuild Remembered Sets 63.555ms
[2021-04-20T02:40:19.529+0000][8][gc,start    ] GC(49) Pause Cleanup
[2021-04-20T02:40:19.529+0000][8][gc          ] GC(49) Pause Cleanup 114M->114M(256M) 0.074ms
[2021-04-20T02:40:19.529+0000][8][gc,cpu      ] GC(49) User=0.00s Sys=0.00s Real=0.00s
[2021-04-20T02:40:19.529+0000][8][safepoint   ] Safepoint "G1Concurrent", Time since last: 63672464 ns, Reaching safepoint: 100087 ns, At safepoint: 112832 ns, Total: 212919 ns
[2021-04-20T02:40:19.529+0000][8][gc,marking  ] GC(49) Concurrent Cleanup for Next Mark
[2021-04-20T02:40:19.529+0000][8][gc,marking  ] GC(49) Concurrent Cleanup for Next Mark 0.174ms
[2021-04-20T02:40:19.529+0000][8][gc          ] GC(49) Concurrent Cycle 179.173ms
[2021-04-20T02:40:20.125+0000][8][safepoint   ] Safepoint "ICBufferFull", Time since last: 594519614 ns, Reaching safepoint: 741532 ns, At safepoint: 43549 ns, Total: 785081 ns
[2021-04-20T02:40:21.125+0000][8][safepoint   ] Safepoint "Cleanup", Time since last: 1000316806 ns, Reaching safepoint: 440460 ns, At safepoint: 26193 ns, Total: 466653 ns
[2021-04-20T02:40:22.126+0000][8][safepoint   ] Safepoint "Cleanup", Time since last: 1000277833 ns, Reaching safepoint: 457549 ns, At safepoint: 30450 ns, Total: 487999 ns
[2021-04-20T02:40:24.127+0000][8][safepoint   ] Safepoint "Cleanup", Time since last: 2000653757 ns, Reaching safepoint: 497999 ns, At safepoint: 38930 ns, Total: 536929 ns
[2021-04-20T02:40:25.128+0000][8][safepoint   ] Safepoint "Cleanup", Time since last: 1000200465 ns, Reaching safepoint: 190821 ns, At safepoint: 14587 ns, Total: 205408 ns
[2021-04-20T02:40:32.129+0000][8][safepoint   ] Safepoint "Cleanup", Time since last: 7001111916 ns, Reaching safepoint: 445817 ns, At safepoint: 47488 ns, Total: 493305 ns
[2021-04-20T02:40:35.130+0000][8][safepoint   ] Safepoint "Cleanup", Time since last: 3000526369 ns, Reaching safepoint: 343230 ns, At safepoint: 24753 ns, Total: 367983 ns
[2021-04-20T02:40:37.131+0000][8][safepoint   ] Safepoint "Cleanup", Time since last: 2000323789 ns, Reaching safepoint: 422321 ns, At safepoint: 32563 ns, Total: 454884 ns
[2021-04-20T02:40:40.132+0000][8][safepoint   ] Safepoint "Cleanup", Time since last: 3000585339 ns, Reaching safepoint: 502134 ns, At safepoint: 41850 ns, Total: 543984 ns
[2021-04-20T02:40:41.139+0000][8][safepoint   ] Safepoint "Cleanup", Time since last: 1006682834 ns, Reaching safepoint: 199002 ns, At safepoint: 12824 ns, Total: 211826 ns
[2021-04-20T02:40:42.140+0000][8][safepoint   ] Safepoint "Cleanup", Time since last: 1000178150 ns, Reaching safepoint: 390763 ns, At safepoint: 33684 ns, Total: 424447 ns
[2021-04-20T02:40:44.140+0000][8][safepoint   ] Safepoint "Cleanup", Time since last: 2000381626 ns, Reaching safepoint: 289795 ns, At safepoint: 21431 ns, Total: 311226 ns
[2021-04-20T02:40:47.141+0000][8][safepoint   ] Safepoint "Cleanup", Time since last: 3000550730 ns, Reaching safepoint: 287844 ns, At safepoint: 20572 ns, Total: 308416 ns
[2021-04-20T02:40:48.141+0000][8][safepoint   ] Safepoint "Cleanup", Time since last: 1000167311 ns, Reaching safepoint: 126764 ns, At safepoint: 7221 ns, Total: 133985 ns
[2021-04-20T02:40:50.142+0000][8][safepoint   ] Safepoint "Cleanup", Time since last: 2000395612 ns, Reaching safepoint: 507153 ns, At safepoint: 66611 ns, Total: 573764 ns
[2021-04-20T02:40:52.143+0000][8][safepoint   ] Safepoint "Cleanup", Time since last: 2000262089 ns, Reaching safepoint: 359574 ns, At safepoint: 26926 ns, Total: 386500 ns
[2021-04-20T02:40:54.151+0000][8][safepoint   ] Safepoint "Cleanup", Time since last: 2007129426 ns, Reaching safepoint: 442218 ns, At safepoint: 37595 ns, Total: 479813 ns
[2021-04-20T02:40:56.151+0000][8][safepoint   ] Safepoint "Cleanup", Time since last: 2000301452 ns, Reaching safepoint: 438805 ns, At safepoint: 22442 ns, Total: 461247 ns
[2021-04-20T02:41:00.152+0000][8][safepoint   ] Safepoint "Cleanup", Time since last: 4000523095 ns, Reaching safepoint: 376528 ns, At safepoint: 24367 ns, Total: 400895 ns
[2021-04-20T02:41:11.154+0000][8][safepoint   ] Safepoint "Cleanup", Time since last: 11001295376 ns, Reaching safepoint: 120526 ns, At safepoint: 6099 ns, Total: 126625 ns
[2021-04-20T02:41:17.155+0000][8][safepoint   ] Safepoint "Cleanup", Time since last: 6000594588 ns, Reaching safepoint: 143480 ns, At safepoint: 10807 ns, Total: 154287 ns
[2021-04-20T02:41:18.155+0000][8][safepoint   ] Safepoint "Cleanup", Time since last: 1000139940 ns, Reaching safepoint: 154547 ns, At safepoint: 10534 ns, Total: 165081 ns
[2021-04-20T02:41:20.156+0000][8][safepoint   ] Safepoint "Cleanup", Time since last: 2000330349 ns, Reaching safepoint: 551998 ns, At safepoint: 41762 ns, Total: 593760 ns
[2021-04-20T02:41:20.933+0000][8][safepoint   ] Safepoint "ICBufferFull", Time since last: 776324025 ns, Reaching safepoint: 843764 ns, At safepoint: 43442 ns, Total: 887206 ns
[2021-04-20T02:41:21.933+0000][8][safepoint   ] Safepoint "Cleanup", Time since last: 1000197254 ns, Reaching safepoint: 126617 ns, At safepoint: 8800 ns, Total: 135417 ns
[2021-04-20T02:41:22.934+0000][8][safepoint   ] Safepoint "Cleanup", Time since last: 1000118735 ns, Reaching safepoint: 113011 ns, At safepoint: 11174 ns, Total: 124185 ns
[2021-04-20T02:41:23.934+0000][8][safepoint   ] Safepoint "Cleanup", Time since last: 1000133108 ns, Reaching safepoint: 337650 ns, At safepoint: 19240 ns, Total: 356890 ns
[2021-04-20T02:41:26.935+0000][8][safepoint   ] Safepoint "Cleanup", Time since last: 3000502538 ns, Reaching safepoint: 354941 ns, At safepoint: 17622 ns, Total: 372563 ns
[2021-04-20T02:41:36.936+0000][8][safepoint   ] Safepoint "Cleanup", Time since last: 10001360424 ns, Reaching safepoint: 164856 ns, At safepoint: 8606 ns, Total: 173462 ns
[2021-04-20T02:41:39.937+0000][8][safepoint   ] Safepoint "Cleanup", Time since last: 3000445149 ns, Reaching safepoint: 435390 ns, At safepoint: 38544 ns, Total: 473934 ns
[2021-04-20T02:41:45.939+0000][8][safepoint   ] Safepoint "Cleanup", Time since last: 6000852553 ns, Reaching safepoint: 551024 ns, At safepoint: 30743 ns, Total: 581767 ns
[2021-04-20T02:41:46.939+0000][8][safepoint   ] Safepoint "Cleanup", Time since last: 1000122395 ns, Reaching safepoint: 181161 ns, At safepoint: 7720 ns, Total: 188881 ns
[2021-04-20T02:41:47.156+0000][8][gc,start    ] GC(50) Pause Young (Normal) (G1 Evacuation Pause)
[2021-04-20T02:41:47.157+0000][8][gc,task     ] GC(50) Using 6 workers of 8 for evacuation
[2021-04-20T02:41:47.157+0000][8][gc,age      ] GC(50) Desired survivor size 6291456 bytes, new threshold 15 (max threshold 15)
[2021-04-20T02:41:47.163+0000][8][gc,age      ] GC(50) Age table with threshold 15 (max threshold 15)
[2021-04-20T02:41:47.163+0000][8][gc,age      ] GC(50) - age   1:     607920 bytes,     607920 total
[2021-04-20T02:41:47.163+0000][8][gc,age      ] GC(50) - age   2:     631096 bytes,    1239016 total
[2021-04-20T02:41:47.163+0000][8][gc,age      ] GC(50) - age   3:     305336 bytes,    1544352 total
[2021-04-20T02:41:47.163+0000][8][gc,age      ] GC(50) - age   4:     926800 bytes,    2471152 total
[2021-04-20T02:41:47.163+0000][8][gc,age      ] GC(50) - age   5:    1291168 bytes,    3762320 total
[2021-04-20T02:41:47.163+0000][8][gc,age      ] GC(50) - age   6:     160072 bytes,    3922392 total
[2021-04-20T02:41:47.163+0000][8][gc,age      ] GC(50) - age   7:      33104 bytes,    3955496 total
[2021-04-20T02:41:47.163+0000][8][gc,age      ] GC(50) - age   8:     180480 bytes,    4135976 total
[2021-04-20T02:41:47.163+0000][8][gc,age      ] GC(50) - age   9:     159240 bytes,    4295216 total
[2021-04-20T02:41:47.163+0000][8][gc,phases   ] GC(50)   Pre Evacuate Collection Set: 0.1ms
[2021-04-20T02:41:47.163+0000][8][gc,phases   ] GC(50)   Merge Heap Roots: 0.1ms
[2021-04-20T02:41:47.163+0000][8][gc,phases   ] GC(50)   Evacuate Collection Set: 5.3ms
[2021-04-20T02:41:47.163+0000][8][gc,phases   ] GC(50)   Post Evacuate Collection Set: 0.7ms
[2021-04-20T02:41:47.163+0000][8][gc,phases   ] GC(50)   Other: 0.3ms
[2021-04-20T02:41:47.163+0000][8][gc,heap     ] GC(50) Eden regions: 21->0(21)
[2021-04-20T02:41:47.163+0000][8][gc,heap     ] GC(50) Survivor regions: 2->2(3)
[2021-04-20T02:41:47.163+0000][8][gc,heap     ] GC(50) Old regions: 25->25
[2021-04-20T02:41:47.163+0000][8][gc,heap     ] GC(50) Archive regions: 2->2
[2021-04-20T02:41:47.163+0000][8][gc,heap     ] GC(50) Humongous regions: 2->2
[2021-04-20T02:41:47.163+0000][8][gc,metaspace] GC(50) Metaspace: 106464K(111176K)->106464K(111176K) NonClass: 92438K(95816K)->92438K(95816K) Class: 14026K(15360K)->14026K(15360K)
[2021-04-20T02:41:47.163+0000][8][gc          ] GC(50) Pause Young (Normal) (G1 Evacuation Pause) 197M->114M(256M) 6.696ms
[2021-04-20T02:41:47.163+0000][8][gc,cpu      ] GC(50) User=0.03s Sys=0.00s Real=0.01s
[2021-04-20T02:41:47.163+0000][8][safepoint   ] Safepoint "G1CollectForAllocation", Time since last: 217108339 ns, Reaching safepoint: 191374 ns, At safepoint: 6798036 ns, Total: 6989410 ns
[2021-04-20T02:41:49.164+0000][8][safepoint   ] Safepoint "Cleanup", Time since last: 2000295971 ns, Reaching safepoint: 361326 ns, At safepoint: 33462 ns, Total: 394788 ns
[2021-04-20T02:41:50.165+0000][8][safepoint   ] Safepoint "Cleanup", Time since last: 1000302911 ns, Reaching safepoint: 351268 ns, At safepoint: 41315 ns, Total: 392583 ns
[2021-04-20T02:41:51.165+0000][8][safepoint   ] Safepoint "Cleanup", Time since last: 1000258108 ns, Reaching safepoint: 360645 ns, At safepoint: 32748 ns, Total: 393393 ns
[2021-04-20T02:41:54.166+0000][8][safepoint   ] Safepoint "Cleanup", Time since last: 3000393388 ns, Reaching safepoint: 170763 ns, At safepoint: 5605 ns, Total: 176368 ns
[2021-04-20T02:41:56.166+0000][8][safepoint   ] Safepoint "Cleanup", Time since last: 2000283950 ns, Reaching safepoint: 150444 ns, At safepoint: 9785 ns, Total: 160229 ns
[2021-04-20T02:42:00.167+0000][8][safepoint   ] Safepoint "Cleanup", Time since last: 4000500470 ns, Reaching safepoint: 210178 ns, At safepoint: 16290 ns, Total: 226468 ns
[2021-04-20T02:42:02.167+0000][8][safepoint   ] Safepoint "Cleanup", Time since last: 2000358531 ns, Reaching safepoint: 87319 ns, At safepoint: 6666 ns, Total: 93985 ns
[2021-04-20T02:42:11.169+0000][8][safepoint   ] Safepoint "Cleanup", Time since last: 9001365086 ns, Reaching safepoint: 420058 ns, At safepoint: 34375 ns, Total: 454433 ns
[2021-04-20T02:42:17.171+0000][8][safepoint   ] Safepoint "Cleanup", Time since last: 6001046987 ns, Reaching safepoint: 324256 ns, At safepoint: 22533 ns, Total: 346789 ns
[2021-04-20T02:42:20.171+0000][8][safepoint   ] Safepoint "Cleanup", Time since last: 3000387748 ns, Reaching safepoint: 369997 ns, At safepoint: 20228 ns, Total: 390225 ns
[2021-04-20T02:42:22.172+0000][8][safepoint   ] Safepoint "Cleanup", Time since last: 2000334730 ns, Reaching safepoint: 147128 ns, At safepoint: 9161 ns, Total: 156289 ns
[2021-04-20T02:42:23.172+0000][8][safepoint   ] Safepoint "Cleanup", Time since last: 1000154808 ns, Reaching safepoint: 164675 ns, At safepoint: 15677 ns, Total: 180352 ns
[2021-04-20T02:42:24.072+0000][8][safepoint   ] Safepoint "ICBufferFull", Time since last: 899125856 ns, Reaching safepoint: 301091 ns, At safepoint: 12799 ns, Total: 313890 ns
[2021-04-20T02:42:25.072+0000][8][safepoint   ] Safepoint "Cleanup", Time since last: 1000138542 ns, Reaching safepoint: 134272 ns, At safepoint: 7566 ns, Total: 141838 ns
[2021-04-20T02:42:26.073+0000][8][safepoint   ] Safepoint "Cleanup", Time since last: 1000138522 ns, Reaching safepoint: 404611 ns, At safepoint: 34198 ns, Total: 438809 ns
[2021-04-20T02:42:27.073+0000][8][safepoint   ] Safepoint "Cleanup", Time since last: 1000262368 ns, Reaching safepoint: 357324 ns, At safepoint: 28055 ns, Total: 385379 ns
[2021-04-20T02:42:36.075+0000][8][safepoint   ] Safepoint "Cleanup", Time since last: 9001143405 ns, Reaching safepoint: 178273 ns, At safepoint: 13196 ns, Total: 191469 ns
[2021-04-20T02:42:37.075+0000][8][safepoint   ] Safepoint "Cleanup", Time since last: 1000158071 ns, Reaching safepoint: 178394 ns, At safepoint: 11407 ns, Total: 189801 ns
[2021-04-20T02:42:38.075+0000][8][safepoint   ] Safepoint "Cleanup", Time since last: 1000134834 ns, Reaching safepoint: 258079 ns, At safepoint: 16603 ns, Total: 274682 ns
[2021-04-20T02:42:42.076+0000][8][safepoint   ] Safepoint "Cleanup", Time since last: 4000563357 ns, Reaching safepoint: 281731 ns, At safepoint: 26599 ns, Total: 308330 ns
[2021-04-20T02:42:43.076+0000][8][safepoint   ] Safepoint "Cleanup", Time since last: 1000162278 ns, Reaching safepoint: 109417 ns, At safepoint: 8183 ns, Total: 117600 ns
[2021-04-20T02:42:49.077+0000][8][safepoint   ] Safepoint "Cleanup", Time since last: 6000640632 ns, Reaching safepoint: 327551 ns, At safepoint: 33105 ns, Total: 360656 ns
[2021-04-20T02:42:50.078+0000][8][safepoint   ] Safepoint "Cleanup", Time since last: 1000283305 ns, Reaching safepoint: 330981 ns, At safepoint: 22639 ns, Total: 353620 ns
[2021-04-20T02:42:54.079+0000][8][safepoint   ] Safepoint "Cleanup", Time since last: 4000866331 ns, Reaching safepoint: 315515 ns, At safepoint: 29817 ns, Total: 345332 ns
[2021-04-20T02:42:59.171+0000][8][gc,start    ] GC(51) Pause Young (Concurrent Start) (G1 Evacuation Pause)
[2021-04-20T02:42:59.178+0000][8][gc,task     ] GC(51) Using 6 workers of 8 for evacuation
[2021-04-20T02:42:59.178+0000][8][gc,age      ] GC(51) Desired survivor size 6291456 bytes, new threshold 15 (max threshold 15)
[2021-04-20T02:42:59.193+0000][8][gc,age      ] GC(51) Age table with threshold 15 (max threshold 15)
[2021-04-20T02:42:59.194+0000][8][gc,age      ] GC(51) - age   1:     429088 bytes,     429088 total
[2021-04-20T02:42:59.194+0000][8][gc,age      ] GC(51) - age   2:      66496 bytes,     495584 total
[2021-04-20T02:42:59.194+0000][8][gc,age      ] GC(51) - age   3:      18696 bytes,     514280 total
[2021-04-20T02:42:59.194+0000][8][gc,age      ] GC(51) - age   4:       9568 bytes,     523848 total
[2021-04-20T02:42:59.194+0000][8][gc,age      ] GC(51) - age   5:     747968 bytes,    1271816 total
[2021-04-20T02:42:59.194+0000][8][gc,age      ] GC(51) - age   6:    1288360 bytes,    2560176 total
[2021-04-20T02:42:59.194+0000][8][gc,age      ] GC(51) - age   7:     160008 bytes,    2720184 total
[2021-04-20T02:42:59.194+0000][8][gc,age      ] GC(51) - age   8:      33104 bytes,    2753288 total
[2021-04-20T02:42:59.194+0000][8][gc,age      ] GC(51) - age   9:     180480 bytes,    2933768 total
[2021-04-20T02:42:59.194+0000][8][gc,age      ] GC(51) - age  10:     159104 bytes,    3092872 total
[2021-04-20T02:42:59.194+0000][8][gc,phases   ] GC(51)   Pre Evacuate Collection Set: 0.4ms
[2021-04-20T02:42:59.194+0000][8][gc,phases   ] GC(51)   Merge Heap Roots: 0.2ms
[2021-04-20T02:42:59.194+0000][8][gc,phases   ] GC(51)   Evacuate Collection Set: 13.1ms
[2021-04-20T02:42:59.194+0000][8][gc,phases   ] GC(51)   Post Evacuate Collection Set: 1.7ms
[2021-04-20T02:42:59.194+0000][8][gc,phases   ] GC(51)   Other: 7.4ms
[2021-04-20T02:42:59.194+0000][8][gc,heap     ] GC(51) Eden regions: 21->0(22)
[2021-04-20T02:42:59.194+0000][8][gc,heap     ] GC(51) Survivor regions: 2->1(3)
[2021-04-20T02:42:59.194+0000][8][gc,heap     ] GC(51) Old regions: 25->25
[2021-04-20T02:42:59.194+0000][8][gc,heap     ] GC(51) Archive regions: 2->2
[2021-04-20T02:42:59.194+0000][8][gc,heap     ] GC(51) Humongous regions: 2->2
[2021-04-20T02:42:59.194+0000][8][gc,metaspace] GC(51) Metaspace: 106735K(111432K)->106735K(111432K) NonClass: 92708K(96072K)->92708K(96072K) Class: 14027K(15360K)->14027K(15360K)
[2021-04-20T02:42:59.194+0000][8][gc          ] GC(51) Pause Young (Concurrent Start) (G1 Evacuation Pause) 198M->113M(256M) 23.107ms
[2021-04-20T02:42:59.195+0000][8][gc,cpu      ] GC(51) User=0.06s Sys=0.00s Real=0.03s
[2021-04-20T02:42:59.195+0000][8][safepoint   ] Safepoint "G1CollectForAllocation", Time since last: 5091555944 ns, Reaching safepoint: 287127 ns, At safepoint: 23439538 ns, Total: 23726665 ns
[2021-04-20T02:42:59.195+0000][8][gc          ] GC(52) Concurrent Cycle
[2021-04-20T02:42:59.195+0000][8][gc,marking  ] GC(52) Concurrent Clear Claimed Marks
[2021-04-20T02:42:59.195+0000][8][gc,marking  ] GC(52) Concurrent Clear Claimed Marks 0.222ms
[2021-04-20T02:42:59.195+0000][8][gc,marking  ] GC(52) Concurrent Scan Root Regions
[2021-04-20T02:42:59.204+0000][8][gc,marking  ] GC(52) Concurrent Scan Root Regions 8.600ms
[2021-04-20T02:42:59.204+0000][8][gc,marking  ] GC(52) Concurrent Mark (701.189s)
[2021-04-20T02:42:59.204+0000][8][gc,marking  ] GC(52) Concurrent Mark From Roots
[2021-04-20T02:42:59.204+0000][8][gc,task     ] GC(52) Using 2 workers of 2 for marking
[2021-04-20T02:42:59.320+0000][8][gc,marking  ] GC(52) Concurrent Mark From Roots 116.153ms
[2021-04-20T02:42:59.320+0000][8][gc,marking  ] GC(52) Concurrent Preclean
[2021-04-20T02:42:59.320+0000][8][gc,marking  ] GC(52) Concurrent Preclean 0.247ms
[2021-04-20T02:42:59.320+0000][8][gc,marking  ] GC(52) Concurrent Mark (701.189s, 701.306s) 116.489ms
[2021-04-20T02:42:59.320+0000][8][gc,start    ] GC(52) Pause Remark
[2021-04-20T02:42:59.325+0000][8][gc          ] GC(52) Pause Remark 114M->114M(256M) 4.817ms
[2021-04-20T02:42:59.325+0000][8][gc,cpu      ] GC(52) User=0.03s Sys=0.00s Real=0.01s
[2021-04-20T02:42:59.325+0000][8][safepoint   ] Safepoint "G1Concurrent", Time since last: 125567760 ns, Reaching safepoint: 101004 ns, At safepoint: 4893328 ns, Total: 4994332 ns
[2021-04-20T02:42:59.325+0000][8][gc,marking  ] GC(52) Concurrent Rebuild Remembered Sets
[2021-04-20T02:42:59.387+0000][8][gc,marking  ] GC(52) Concurrent Rebuild Remembered Sets 61.441ms
[2021-04-20T02:42:59.387+0000][8][gc,start    ] GC(52) Pause Cleanup
[2021-04-20T02:42:59.387+0000][8][gc          ] GC(52) Pause Cleanup 114M->114M(256M) 0.080ms
[2021-04-20T02:42:59.387+0000][8][gc,cpu      ] GC(52) User=0.00s Sys=0.00s Real=0.00s
[2021-04-20T02:42:59.387+0000][8][safepoint   ] Safepoint "G1Concurrent", Time since last: 61526842 ns, Reaching safepoint: 126866 ns, At safepoint: 126423 ns, Total: 253289 ns
[2021-04-20T02:42:59.387+0000][8][gc,marking  ] GC(52) Concurrent Cleanup for Next Mark
[2021-04-20T02:42:59.387+0000][8][gc,marking  ] GC(52) Concurrent Cleanup for Next Mark 0.192ms
[2021-04-20T02:42:59.387+0000][8][gc          ] GC(52) Concurrent Cycle 192.522ms
[2021-04-20T02:43:02.388+0000][8][safepoint   ] Safepoint "Cleanup", Time since last: 3000384108 ns, Reaching safepoint: 317129 ns, At safepoint: 21746 ns, Total: 338875 ns
[2021-04-20T02:43:05.389+0000][8][safepoint   ] Safepoint "Cleanup", Time since last: 3000518724 ns, Reaching safepoint: 515017 ns, At safepoint: 32022 ns, Total: 547039 ns
[2021-04-20T02:43:09.390+0000][8][safepoint   ] Safepoint "Cleanup", Time since last: 4000548040 ns, Reaching safepoint: 370876 ns, At safepoint: 34100 ns, Total: 404976 ns
[2021-04-20T02:43:10.390+0000][8][safepoint   ] Safepoint "Cleanup", Time since last: 1000220496 ns, Reaching safepoint: 362363 ns, At safepoint: 34883 ns, Total: 397246 ns
[2021-04-20T02:43:11.391+0000][8][safepoint   ] Safepoint "Cleanup", Time since last: 1000204561 ns, Reaching safepoint: 107784 ns, At safepoint: 7082 ns, Total: 114866 ns
[2021-04-20T02:43:12.791+0000][8][safepoint   ] Safepoint "Cleanup", Time since last: 1399957843 ns, Reaching safepoint: 181722 ns, At safepoint: 8902 ns, Total: 190624 ns
[2021-04-20T02:43:14.791+0000][8][safepoint   ] Safepoint "Cleanup", Time since last: 2000382075 ns, Reaching safepoint: 295327 ns, At safepoint: 25849 ns, Total: 321176 ns
[2021-04-20T02:43:23.793+0000][8][safepoint   ] Safepoint "Cleanup", Time since last: 9001470686 ns, Reaching safepoint: 341287 ns, At safepoint: 26192 ns, Total: 367479 ns
[2021-04-20T02:43:26.794+0000][8][safepoint   ] Safepoint "Cleanup", Time since last: 3000636347 ns, Reaching safepoint: 478762 ns, At safepoint: 29249 ns, Total: 508011 ns
[2021-04-20T02:43:27.796+0000][8][safepoint   ] Safepoint "Cleanup", Time since last: 1000457195 ns, Reaching safepoint: 691083 ns, At safepoint: 79105 ns, Total: 770188 ns
[2021-04-20T02:43:29.797+0000][8][safepoint   ] Safepoint "Cleanup", Time since last: 2000579288 ns, Reaching safepoint: 366362 ns, At safepoint: 29742 ns, Total: 396104 ns
[2021-04-20T02:43:35.798+0000][8][safepoint   ] Safepoint "Cleanup", Time since last: 6001104278 ns, Reaching safepoint: 355738 ns, At safepoint: 24004 ns, Total: 379742 ns
[2021-04-20T02:43:38.799+0000][8][safepoint   ] Safepoint "Cleanup", Time since last: 3000500844 ns, Reaching safepoint: 258327 ns, At safepoint: 22453 ns, Total: 280780 ns
[2021-04-20T02:43:41.800+0000][8][safepoint   ] Safepoint "Cleanup", Time since last: 3000529902 ns, Reaching safepoint: 129156 ns, At safepoint: 6976 ns, Total: 136132 ns
[2021-04-20T02:43:42.800+0000][8][safepoint   ] Safepoint "Cleanup", Time since last: 1000152685 ns, Reaching safepoint: 249862 ns, At safepoint: 18447 ns, Total: 268309 ns
[2021-04-20T02:43:46.801+0000][8][safepoint   ] Safepoint "Cleanup", Time since last: 4000640453 ns, Reaching safepoint: 251694 ns, At safepoint: 26589 ns, Total: 278283 ns
[2021-04-20T02:43:47.802+0000][8][safepoint   ] Safepoint "Cleanup", Time since last: 1000243079 ns, Reaching safepoint: 371426 ns, At safepoint: 32963 ns, Total: 404389 ns
[2021-04-20T02:43:48.802+0000][8][safepoint   ] Safepoint "Cleanup", Time since last: 1000197141 ns, Reaching safepoint: 319149 ns, At safepoint: 26915 ns, Total: 346064 ns
[2021-04-20T02:43:50.803+0000][8][safepoint   ] Safepoint "Cleanup", Time since last: 2000347240 ns, Reaching safepoint: 321068 ns, At safepoint: 27644 ns, Total: 348712 ns
[2021-04-20T02:43:51.804+0000][8][safepoint   ] Safepoint "Cleanup", Time since last: 1000213433 ns, Reaching safepoint: 413882 ns, At safepoint: 51328 ns, Total: 465210 ns
[2021-04-20T02:43:53.804+0000][8][safepoint   ] Safepoint "Cleanup", Time since last: 2000370265 ns, Reaching safepoint: 353777 ns, At safepoint: 28175 ns, Total: 381952 ns
[2021-04-20T02:43:59.805+0000][8][safepoint   ] Safepoint "Cleanup", Time since last: 6000838061 ns, Reaching safepoint: 320592 ns, At safepoint: 31871 ns, Total: 352463 ns
[2021-04-20T02:44:00.806+0000][8][safepoint   ] Safepoint "Cleanup", Time since last: 1000211651 ns, Reaching safepoint: 316468 ns, At safepoint: 24484 ns, Total: 340952 ns
[2021-04-20T02:44:02.807+0000][8][safepoint   ] Safepoint "Cleanup", Time since last: 2000347493 ns, Reaching safepoint: 400595 ns, At safepoint: 39040 ns, Total: 439635 ns
[2021-04-20T02:44:04.807+0000][8][safepoint   ] Safepoint "Cleanup", Time since last: 2000352144 ns, Reaching safepoint: 279609 ns, At safepoint: 26963 ns, Total: 306572 ns
[2021-04-20T02:44:05.808+0000][8][safepoint   ] Safepoint "Cleanup", Time since last: 1000253996 ns, Reaching safepoint: 246696 ns, At safepoint: 23886 ns, Total: 270582 ns
[2021-04-20T02:44:12.810+0000][8][safepoint   ] Safepoint "Cleanup", Time since last: 7001132392 ns, Reaching safepoint: 404935 ns, At safepoint: 27547 ns, Total: 432482 ns
[2021-04-20T02:44:21.812+0000][8][safepoint   ] Safepoint "Cleanup", Time since last: 9001821747 ns, Reaching safepoint: 340383 ns, At safepoint: 29605 ns, Total: 369988 ns
[2021-04-20T02:44:27.813+0000][8][safepoint   ] Safepoint "Cleanup", Time since last: 6000675688 ns, Reaching safepoint: 322335 ns, At safepoint: 28353 ns, Total: 350688 ns
[2021-04-20T02:44:29.813+0000][8][safepoint   ] Safepoint "Cleanup", Time since last: 2000437739 ns, Reaching safepoint: 269956 ns, At safepoint: 22607 ns, Total: 292563 ns
[2021-04-20T02:44:30.140+0000][8][gc,start    ] GC(53) Pause Young (Normal) (G1 Evacuation Pause)
[2021-04-20T02:44:30.140+0000][8][gc,task     ] GC(53) Using 6 workers of 8 for evacuation
[2021-04-20T02:44:30.140+0000][8][gc,age      ] GC(53) Desired survivor size 6291456 bytes, new threshold 15 (max threshold 15)
[2021-04-20T02:44:30.152+0000][8][gc,age      ] GC(53) Age table with threshold 15 (max threshold 15)
[2021-04-20T02:44:30.152+0000][8][gc,age      ] GC(53) - age   1:    1084016 bytes,    1084016 total
[2021-04-20T02:44:30.152+0000][8][gc,age      ] GC(53) - age   2:     331848 bytes,    1415864 total
[2021-04-20T02:44:30.152+0000][8][gc,age      ] GC(53) - age   3:      32960 bytes,    1448824 total
[2021-04-20T02:44:30.152+0000][8][gc,age      ] GC(53) - age   4:      17440 bytes,    1466264 total
[2021-04-20T02:44:30.152+0000][8][gc,age      ] GC(53) - age   5:       9536 bytes,    1475800 total
[2021-04-20T02:44:30.152+0000][8][gc,age      ] GC(53) - age   6:     746984 bytes,    2222784 total
[2021-04-20T02:44:30.152+0000][8][gc,age      ] GC(53) - age   7:    1285904 bytes,    3508688 total
[2021-04-20T02:44:30.152+0000][8][gc,age      ] GC(53) - age   8:     160008 bytes,    3668696 total
[2021-04-20T02:44:30.152+0000][8][gc,age      ] GC(53) - age   9:      33040 bytes,    3701736 total
[2021-04-20T02:44:30.152+0000][8][gc,age      ] GC(53) - age  10:     180280 bytes,    3882016 total
[2021-04-20T02:44:30.152+0000][8][gc,age      ] GC(53) - age  11:     159104 bytes,    4041120 total
[2021-04-20T02:44:30.152+0000][8][gc,phases   ] GC(53)   Pre Evacuate Collection Set: 0.1ms
[2021-04-20T02:44:30.152+0000][8][gc,phases   ] GC(53)   Merge Heap Roots: 0.1ms
[2021-04-20T02:44:30.153+0000][8][gc,phases   ] GC(53)   Evacuate Collection Set: 10.4ms
[2021-04-20T02:44:30.153+0000][8][gc,phases   ] GC(53)   Post Evacuate Collection Set: 1.3ms
[2021-04-20T02:44:30.153+0000][8][gc,phases   ] GC(53)   Other: 0.6ms
[2021-04-20T02:44:30.153+0000][8][gc,heap     ] GC(53) Eden regions: 22->0(21)
[2021-04-20T02:44:30.153+0000][8][gc,heap     ] GC(53) Survivor regions: 1->2(3)
[2021-04-20T02:44:30.153+0000][8][gc,heap     ] GC(53) Old regions: 25->25
[2021-04-20T02:44:30.153+0000][8][gc,heap     ] GC(53) Archive regions: 2->2
[2021-04-20T02:44:30.153+0000][8][gc,heap     ] GC(53) Humongous regions: 2->2
[2021-04-20T02:44:30.153+0000][8][gc,metaspace] GC(53) Metaspace: 106841K(111688K)->106841K(111688K) NonClass: 92814K(96328K)->92814K(96328K) Class: 14027K(15360K)->14027K(15360K)
[2021-04-20T02:44:30.153+0000][8][gc          ] GC(53) Pause Young (Normal) (G1 Evacuation Pause) 201M->113M(256M) 12.931ms
[2021-04-20T02:44:30.153+0000][8][gc,cpu      ] GC(53) User=0.05s Sys=0.00s Real=0.01s
[2021-04-20T02:44:30.153+0000][8][safepoint   ] Safepoint "G1CollectForAllocation", Time since last: 326027431 ns, Reaching safepoint: 316637 ns, At safepoint: 13130713 ns, Total: 13447350 ns
[2021-04-20T02:44:31.154+0000][8][safepoint   ] Safepoint "Cleanup", Time since last: 1000189519 ns, Reaching safepoint: 312297 ns, At safepoint: 38276 ns, Total: 350573 ns
[2021-04-20T02:44:35.155+0000][8][safepoint   ] Safepoint "Cleanup", Time since last: 4000550685 ns, Reaching safepoint: 523878 ns, At safepoint: 17267 ns, Total: 541145 ns
[2021-04-20T02:44:36.162+0000][8][safepoint   ] Safepoint "Cleanup", Time since last: 1007251916 ns, Reaching safepoint: 336420 ns, At safepoint: 30305 ns, Total: 366725 ns
[2021-04-20T02:44:37.163+0000][8][safepoint   ] Safepoint "Cleanup", Time since last: 1000282271 ns, Reaching safepoint: 295298 ns, At safepoint: 17010 ns, Total: 312308 ns
[2021-04-20T02:44:39.164+0000][8][safepoint   ] Safepoint "Cleanup", Time since last: 2000352360 ns, Reaching safepoint: 510472 ns, At safepoint: 38382 ns, Total: 548854 ns
[2021-04-20T02:44:41.164+0000][8][safepoint   ] Safepoint "Cleanup", Time since last: 2000302226 ns, Reaching safepoint: 279850 ns, At safepoint: 15293 ns, Total: 295143 ns
[2021-04-20T02:44:42.165+0000][8][safepoint   ] Safepoint "Cleanup", Time since last: 1000110020 ns, Reaching safepoint: 112531 ns, At safepoint: 7767 ns, Total: 120298 ns
[2021-04-20T02:44:43.165+0000][8][safepoint   ] Safepoint "Cleanup", Time since last: 1000145541 ns, Reaching safepoint: 168905 ns, At safepoint: 11531 ns, Total: 180436 ns
[2021-04-20T02:44:44.165+0000][8][safepoint   ] Safepoint "Cleanup", Time since last: 1000135534 ns, Reaching safepoint: 341679 ns, At safepoint: 26955 ns, Total: 368634 ns
[2021-04-20T02:44:45.166+0000][8][safepoint   ] Safepoint "Cleanup", Time since last: 1000186004 ns, Reaching safepoint: 422833 ns, At safepoint: 54535 ns, Total: 477368 ns
[2021-04-20T02:44:46.167+0000][8][safepoint   ] Safepoint "Cleanup", Time since last: 1000230178 ns, Reaching safepoint: 432885 ns, At safepoint: 32729 ns, Total: 465614 ns
[2021-04-20T02:44:48.167+0000][8][safepoint   ] Safepoint "Cleanup", Time since last: 2000368524 ns, Reaching safepoint: 345529 ns, At safepoint: 29780 ns, Total: 375309 ns
[2021-04-20T02:44:50.168+0000][8][safepoint   ] Safepoint "Cleanup", Time since last: 2000289763 ns, Reaching safepoint: 302711 ns, At safepoint: 35352 ns, Total: 338063 ns
[2021-04-20T02:44:52.169+0000][8][safepoint   ] Safepoint "Cleanup", Time since last: 2000305837 ns, Reaching safepoint: 136567 ns, At safepoint: 6647 ns, Total: 143214 ns
[2021-04-20T02:45:00.170+0000][8][safepoint   ] Safepoint "Cleanup", Time since last: 8001375556 ns, Reaching safepoint: 310237 ns, At safepoint: 24049 ns, Total: 334286 ns
[2021-04-20T02:45:01.171+0000][8][safepoint   ] Safepoint "Cleanup", Time since last: 1000260431 ns, Reaching safepoint: 165410 ns, At safepoint: 11605 ns, Total: 177015 ns
[2021-04-20T02:45:07.172+0000][8][safepoint   ] Safepoint "Cleanup", Time since last: 6000815430 ns, Reaching safepoint: 164420 ns, At safepoint: 14101 ns, Total: 178521 ns
[2021-04-20T02:45:17.173+0000][8][safepoint   ] Safepoint "Cleanup", Time since last: 10001188860 ns, Reaching safepoint: 230985 ns, At safepoint: 22896 ns, Total: 253881 ns
[2021-04-20T02:45:20.174+0000][8][safepoint   ] Safepoint "Cleanup", Time since last: 3000528982 ns, Reaching safepoint: 274850 ns, At safepoint: 36656 ns, Total: 311506 ns
[2021-04-20T02:45:22.175+0000][8][safepoint   ] Safepoint "Cleanup", Time since last: 2000660782 ns, Reaching safepoint: 183651 ns, At safepoint: 16756 ns, Total: 200407 ns
[2021-04-20T02:45:24.176+0000][8][safepoint   ] Safepoint "Cleanup", Time since last: 2000409575 ns, Reaching safepoint: 422464 ns, At safepoint: 34762 ns, Total: 457226 ns
[2021-04-20T02:45:31.177+0000][8][safepoint   ] Safepoint "Cleanup", Time since last: 7001138643 ns, Reaching safepoint: 325974 ns, At safepoint: 26507 ns, Total: 352481 ns
[2021-04-20T02:45:32.177+0000][8][safepoint   ] Safepoint "Cleanup", Time since last: 1000130920 ns, Reaching safepoint: 99356 ns, At safepoint: 8751 ns, Total: 108107 ns
[2021-04-20T02:45:33.178+0000][8][safepoint   ] Safepoint "Cleanup", Time since last: 1000159380 ns, Reaching safepoint: 266651 ns, At safepoint: 20605 ns, Total: 287256 ns
[2021-04-20T02:45:34.178+0000][8][safepoint   ] Safepoint "Cleanup", Time since last: 1000168069 ns, Reaching safepoint: 119329 ns, At safepoint: 8522 ns, Total: 127851 ns
[2021-04-20T02:45:37.179+0000][8][safepoint   ] Safepoint "Cleanup", Time since last: 3000488981 ns, Reaching safepoint: 296579 ns, At safepoint: 20352 ns, Total: 316931 ns
[2021-04-20T02:45:38.180+0000][8][safepoint   ] Safepoint "Cleanup", Time since last: 1000271957 ns, Reaching safepoint: 330131 ns, At safepoint: 28033 ns, Total: 358164 ns
[2021-04-20T02:45:45.181+0000][8][safepoint   ] Safepoint "Cleanup", Time since last: 7001182081 ns, Reaching safepoint: 281433 ns, At safepoint: 23741 ns, Total: 305174 ns
[2021-04-20T02:45:46.182+0000][8][safepoint   ] Safepoint "Cleanup", Time since last: 1000206223 ns, Reaching safepoint: 317940 ns, At safepoint: 25763 ns, Total: 343703 ns
[2021-04-20T02:45:47.182+0000][8][safepoint   ] Safepoint "Cleanup", Time since last: 1000217246 ns, Reaching safepoint: 412156 ns, At safepoint: 43635 ns, Total: 455791 ns
[2021-04-20T02:45:49.183+0000][8][safepoint   ] Safepoint "Cleanup", Time since last: 2000351556 ns, Reaching safepoint: 199806 ns, At safepoint: 12207 ns, Total: 212013 ns
[2021-04-20T02:45:50.183+0000][8][safepoint   ] Safepoint "Cleanup", Time since last: 1000204323 ns, Reaching safepoint: 238977 ns, At safepoint: 22658 ns, Total: 261635 ns
[2021-04-20T02:45:52.184+0000][8][safepoint   ] Safepoint "Cleanup", Time since last: 2000379257 ns, Reaching safepoint: 278621 ns, At safepoint: 25161 ns, Total: 303782 ns
[2021-04-20T02:45:54.185+0000][8][safepoint   ] Safepoint "Cleanup", Time since last: 2000397634 ns, Reaching safepoint: 204881 ns, At safepoint: 14558 ns, Total: 219439 ns
[2021-04-20T02:45:55.185+0000][8][safepoint   ] Safepoint "Cleanup", Time since last: 1000225968 ns, Reaching safepoint: 250290 ns, At safepoint: 23698 ns, Total: 273988 ns
[2021-04-20T02:45:56.178+0000][8][gc,start    ] GC(54) Pause Young (Concurrent Start) (G1 Evacuation Pause)
[2021-04-20T02:45:56.178+0000][8][gc,task     ] GC(54) Using 6 workers of 8 for evacuation
[2021-04-20T02:45:56.178+0000][8][gc,age      ] GC(54) Desired survivor size 6291456 bytes, new threshold 15 (max threshold 15)
[2021-04-20T02:45:56.195+0000][8][gc,age      ] GC(54) Age table with threshold 15 (max threshold 15)
[2021-04-20T02:45:56.195+0000][8][gc,age      ] GC(54) - age   1:     744288 bytes,     744288 total
[2021-04-20T02:45:56.195+0000][8][gc,age      ] GC(54) - age   2:     526528 bytes,    1270816 total
[2021-04-20T02:45:56.195+0000][8][gc,age      ] GC(54) - age   3:     330768 bytes,    1601584 total
[2021-04-20T02:45:56.195+0000][8][gc,age      ] GC(54) - age   4:      32800 bytes,    1634384 total
[2021-04-20T02:45:56.195+0000][8][gc,age      ] GC(54) - age   5:      17440 bytes,    1651824 total
[2021-04-20T02:45:56.195+0000][8][gc,age      ] GC(54) - age   6:       9472 bytes,    1661296 total
[2021-04-20T02:45:56.196+0000][8][gc,age      ] GC(54) - age   7:     746464 bytes,    2407760 total
[2021-04-20T02:45:56.196+0000][8][gc,age      ] GC(54) - age   8:    1285904 bytes,    3693664 total
[2021-04-20T02:45:56.196+0000][8][gc,age      ] GC(54) - age   9:     159944 bytes,    3853608 total
[2021-04-20T02:45:56.196+0000][8][gc,age      ] GC(54) - age  10:      33000 bytes,    3886608 total
[2021-04-20T02:45:56.196+0000][8][gc,age      ] GC(54) - age  11:     180280 bytes,    4066888 total
[2021-04-20T02:45:56.196+0000][8][gc,age      ] GC(54) - age  12:     158976 bytes,    4225864 total
[2021-04-20T02:45:56.196+0000][8][gc,phases   ] GC(54)   Pre Evacuate Collection Set: 0.4ms
[2021-04-20T02:45:56.196+0000][8][gc,phases   ] GC(54)   Merge Heap Roots: 0.2ms
[2021-04-20T02:45:56.196+0000][8][gc,phases   ] GC(54)   Evacuate Collection Set: 14.2ms
[2021-04-20T02:45:56.196+0000][8][gc,phases   ] GC(54)   Post Evacuate Collection Set: 2.4ms
[2021-04-20T02:45:56.196+0000][8][gc,phases   ] GC(54)   Other: 1.0ms
[2021-04-20T02:45:56.196+0000][8][gc,heap     ] GC(54) Eden regions: 21->0(21)
[2021-04-20T02:45:56.196+0000][8][gc,heap     ] GC(54) Survivor regions: 2->2(3)
[2021-04-20T02:45:56.196+0000][8][gc,heap     ] GC(54) Old regions: 25->25
[2021-04-20T02:45:56.196+0000][8][gc,heap     ] GC(54) Archive regions: 2->2
[2021-04-20T02:45:56.196+0000][8][gc,heap     ] GC(54) Humongous regions: 2->2
[2021-04-20T02:45:56.196+0000][8][gc,metaspace] GC(54) Metaspace: 106994K(111944K)->106994K(111944K) NonClass: 92967K(96584K)->92967K(96584K) Class: 14027K(15360K)->14027K(15360K)
[2021-04-20T02:45:56.196+0000][8][gc          ] GC(54) Pause Young (Concurrent Start) (G1 Evacuation Pause) 197M->114M(256M) 18.464ms
[2021-04-20T02:45:56.196+0000][8][gc,cpu      ] GC(54) User=0.07s Sys=0.00s Real=0.02s
[2021-04-20T02:45:56.196+0000][8][gc          ] GC(55) Concurrent Cycle
[2021-04-20T02:45:56.196+0000][8][gc,marking  ] GC(55) Concurrent Clear Claimed Marks
[2021-04-20T02:45:56.196+0000][8][safepoint   ] Safepoint "G1CollectForAllocation", Time since last: 992001754 ns, Reaching safepoint: 419835 ns, At safepoint: 18930603 ns, Total: 19350438 ns
[2021-04-20T02:45:56.197+0000][8][gc,marking  ] GC(55) Concurrent Clear Claimed Marks 0.286ms
[2021-04-20T02:45:56.197+0000][8][gc,marking  ] GC(55) Concurrent Scan Root Regions
[2021-04-20T02:45:56.205+0000][8][gc,marking  ] GC(55) Concurrent Scan Root Regions 8.601ms
[2021-04-20T02:45:56.205+0000][8][gc,marking  ] GC(55) Concurrent Mark (878.191s)
[2021-04-20T02:45:56.205+0000][8][gc,marking  ] GC(55) Concurrent Mark From Roots
[2021-04-20T02:45:56.206+0000][8][gc,task     ] GC(55) Using 2 workers of 2 for marking
[2021-04-20T02:45:56.305+0000][8][gc,marking  ] GC(55) Concurrent Mark From Roots 99.933ms
[2021-04-20T02:45:56.305+0000][8][gc,marking  ] GC(55) Concurrent Preclean
[2021-04-20T02:45:56.306+0000][8][gc,marking  ] GC(55) Concurrent Preclean 0.511ms
[2021-04-20T02:45:56.306+0000][8][gc,marking  ] GC(55) Concurrent Mark (878.191s, 878.292s) 100.589ms
[2021-04-20T02:45:56.306+0000][8][gc,start    ] GC(55) Pause Remark
[2021-04-20T02:45:56.312+0000][8][gc          ] GC(55) Pause Remark 114M->114M(256M) 5.179ms
[2021-04-20T02:45:56.312+0000][8][gc,cpu      ] GC(55) User=0.02s Sys=0.00s Real=0.00s
[2021-04-20T02:45:56.312+0000][8][safepoint   ] Safepoint "G1Concurrent", Time since last: 109649457 ns, Reaching safepoint: 192781 ns, At safepoint: 5273283 ns, Total: 5466064 ns
[2021-04-20T02:45:56.312+0000][8][gc,marking  ] GC(55) Concurrent Rebuild Remembered Sets
[2021-04-20T02:45:56.372+0000][8][gc,marking  ] GC(55) Concurrent Rebuild Remembered Sets 60.442ms
[2021-04-20T02:45:56.372+0000][8][gc,start    ] GC(55) Pause Cleanup
[2021-04-20T02:45:56.372+0000][8][gc          ] GC(55) Pause Cleanup 114M->114M(256M) 0.066ms
[2021-04-20T02:45:56.372+0000][8][gc,cpu      ] GC(55) User=0.00s Sys=0.00s Real=0.00s
[2021-04-20T02:45:56.372+0000][8][safepoint   ] Safepoint "G1Concurrent", Time since last: 60602032 ns, Reaching safepoint: 150956 ns, At safepoint: 108823 ns, Total: 259779 ns
[2021-04-20T02:45:56.373+0000][8][gc,marking  ] GC(55) Concurrent Cleanup for Next Mark
[2021-04-20T02:45:56.373+0000][8][gc,marking  ] GC(55) Concurrent Cleanup for Next Mark 0.187ms
[2021-04-20T02:45:56.373+0000][8][gc          ] GC(55) Concurrent Cycle 176.379ms
[2021-04-20T02:46:00.373+0000][8][safepoint   ] Safepoint "Cleanup", Time since last: 4000615305 ns, Reaching safepoint: 310146 ns, At safepoint: 26789 ns, Total: 336935 ns
[2021-04-20T02:46:02.374+0000][8][safepoint   ] Safepoint "Cleanup", Time since last: 2000522159 ns, Reaching safepoint: 326387 ns, At safepoint: 30915 ns, Total: 357302 ns
[2021-04-20T02:46:05.375+0000][8][safepoint   ] Safepoint "Cleanup", Time since last: 3000708231 ns, Reaching safepoint: 318957 ns, At safepoint: 26259 ns, Total: 345216 ns
[2021-04-20T02:46:16.378+0000][8][safepoint   ] Safepoint "Cleanup", Time since last: 11002391300 ns, Reaching safepoint: 407982 ns, At safepoint: 42212 ns, Total: 450194 ns
[2021-04-20T02:46:17.379+0000][8][safepoint   ] Safepoint "Cleanup", Time since last: 1000325495 ns, Reaching safepoint: 228702 ns, At safepoint: 19341 ns, Total: 248043 ns
[2021-04-20T02:46:18.379+0000][8][safepoint   ] Safepoint "Cleanup", Time since last: 1000241953 ns, Reaching safepoint: 435437 ns, At safepoint: 32434 ns, Total: 467871 ns
[2021-04-20T02:46:20.380+0000][8][safepoint   ] Safepoint "Cleanup", Time since last: 2000397540 ns, Reaching safepoint: 276053 ns, At safepoint: 39101 ns, Total: 315154 ns
[2021-04-20T02:46:21.381+0000][8][safepoint   ] Safepoint "Cleanup", Time since last: 1000459928 ns, Reaching safepoint: 416326 ns, At safepoint: 26833 ns, Total: 443159 ns
[2021-04-20T02:46:23.382+0000][8][safepoint   ] Safepoint "Cleanup", Time since last: 2000443252 ns, Reaching safepoint: 310536 ns, At safepoint: 29241 ns, Total: 339777 ns
[2021-04-20T02:46:26.383+0000][8][safepoint   ] Safepoint "Cleanup", Time since last: 3000599874 ns, Reaching safepoint: 346850 ns, At safepoint: 26430 ns, Total: 373280 ns
[2021-04-20T02:46:35.387+0000][8][safepoint   ] Safepoint "Cleanup", Time since last: 9003766494 ns, Reaching safepoint: 350209 ns, At safepoint: 26038 ns, Total: 376247 ns
[2021-04-20T02:46:36.387+0000][8][safepoint   ] Safepoint "Cleanup", Time since last: 1000229650 ns, Reaching safepoint: 138718 ns, At safepoint: 9798 ns, Total: 148516 ns
[2021-04-20T02:46:41.388+0000][8][safepoint   ] Safepoint "Cleanup", Time since last: 5000688054 ns, Reaching safepoint: 265506 ns, At safepoint: 20945 ns, Total: 286451 ns
[2021-04-20T02:46:42.389+0000][8][safepoint   ] Safepoint "Cleanup", Time since last: 1000216505 ns, Reaching safepoint: 371824 ns, At safepoint: 32950 ns, Total: 404774 ns
[2021-04-20T02:46:44.390+0000][8][safepoint   ] Safepoint "Cleanup", Time since last: 2000329366 ns, Reaching safepoint: 229273 ns, At safepoint: 26373 ns, Total: 255646 ns
[2021-04-20T02:46:46.391+0000][8][safepoint   ] Safepoint "Cleanup", Time since last: 2000661718 ns, Reaching safepoint: 423526 ns, At safepoint: 41104 ns, Total: 464630 ns
[2021-04-20T02:46:47.391+0000][8][safepoint   ] Safepoint "Cleanup", Time since last: 1000207454 ns, Reaching safepoint: 296724 ns, At safepoint: 39662 ns, Total: 336386 ns
[2021-04-20T02:46:48.392+0000][8][safepoint   ] Safepoint "Cleanup", Time since last: 1000215868 ns, Reaching safepoint: 338815 ns, At safepoint: 25474 ns, Total: 364289 ns
[2021-04-20T02:46:50.394+0000][8][safepoint   ] Safepoint "Cleanup", Time since last: 2001589289 ns, Reaching safepoint: 352253 ns, At safepoint: 41530 ns, Total: 393783 ns
[2021-04-20T02:46:51.394+0000][8][safepoint   ] Safepoint "Cleanup", Time since last: 1000292321 ns, Reaching safepoint: 360032 ns, At safepoint: 25332 ns, Total: 385364 ns
[2021-04-20T02:46:52.395+0000][8][safepoint   ] Safepoint "Cleanup", Time since last: 1000572946 ns, Reaching safepoint: 369044 ns, At safepoint: 32859 ns, Total: 401903 ns
[2021-04-20T02:47:17.206+0000][8][gc,start    ] GC(56) Pause Young (Normal) (G1 Evacuation Pause)
[2021-04-20T02:47:17.206+0000][8][gc,task     ] GC(56) Using 6 workers of 8 for evacuation
[2021-04-20T02:47:17.207+0000][8][gc,age      ] GC(56) Desired survivor size 6291456 bytes, new threshold 15 (max threshold 15)
[2021-04-20T02:47:17.216+0000][8][gc,age      ] GC(56) Age table with threshold 15 (max threshold 15)
[2021-04-20T02:47:17.216+0000][8][gc,age      ] GC(56) - age   1:     646568 bytes,     646568 total
[2021-04-20T02:47:17.216+0000][8][gc,age      ] GC(56) - age   2:     481896 bytes,    1128464 total
[2021-04-20T02:47:17.216+0000][8][gc,age      ] GC(56) - age   3:     509608 bytes,    1638072 total
[2021-04-20T02:47:17.216+0000][8][gc,age      ] GC(56) - age   4:     330272 bytes,    1968344 total
[2021-04-20T02:47:17.216+0000][8][gc,age      ] GC(56) - age   5:      32760 bytes,    2001104 total
[2021-04-20T02:47:17.216+0000][8][gc,age      ] GC(56) - age   6:      17248 bytes,    2018352 total
[2021-04-20T02:47:17.216+0000][8][gc,age      ] GC(56) - age   7:       9408 bytes,    2027760 total
[2021-04-20T02:47:17.216+0000][8][gc,age      ] GC(56) - age   8:     746336 bytes,    2774096 total
[2021-04-20T02:47:17.216+0000][8][gc,age      ] GC(56) - age   9:    1285840 bytes,    4059936 total
[2021-04-20T02:47:17.216+0000][8][gc,age      ] GC(56) - age  10:     159944 bytes,    4219880 total
[2021-04-20T02:47:17.216+0000][8][gc,age      ] GC(56) - age  11:      32968 bytes,    4252848 total
[2021-04-20T02:47:17.216+0000][8][gc,age      ] GC(56) - age  12:     179928 bytes,    4432776 total
[2021-04-20T02:47:17.216+0000][8][gc,age      ] GC(56) - age  13:     158936 bytes,    4591712 total
[2021-04-20T02:47:17.217+0000][8][gc,phases   ] GC(56)   Pre Evacuate Collection Set: 0.1ms
[2021-04-20T02:47:17.217+0000][8][gc,phases   ] GC(56)   Merge Heap Roots: 0.2ms
[2021-04-20T02:47:17.217+0000][8][gc,phases   ] GC(56)   Evacuate Collection Set: 8.4ms
[2021-04-20T02:47:17.217+0000][8][gc,phases   ] GC(56)   Post Evacuate Collection Set: 1.1ms
[2021-04-20T02:47:17.217+0000][8][gc,phases   ] GC(56)   Other: 0.4ms
[2021-04-20T02:47:17.217+0000][8][gc,heap     ] GC(56) Eden regions: 21->0(21)
[2021-04-20T02:47:17.217+0000][8][gc,heap     ] GC(56) Survivor regions: 2->2(3)
[2021-04-20T02:47:17.217+0000][8][gc,heap     ] GC(56) Old regions: 25->25
[2021-04-20T02:47:17.217+0000][8][gc,heap     ] GC(56) Archive regions: 2->2
[2021-04-20T02:47:17.217+0000][8][gc,heap     ] GC(56) Humongous regions: 2->2
[2021-04-20T02:47:17.217+0000][8][gc,metaspace] GC(56) Metaspace: 107133K(111944K)->107133K(111944K) NonClass: 93102K(96584K)->93102K(96584K) Class: 14030K(15360K)->14030K(15360K)
[2021-04-20T02:47:17.217+0000][8][gc          ] GC(56) Pause Young (Normal) (G1 Evacuation Pause) 198M->114M(256M) 10.271ms
[2021-04-20T02:47:17.217+0000][8][gc,cpu      ] GC(56) User=0.04s Sys=0.00s Real=0.01s
[2021-04-20T02:47:17.217+0000][8][safepoint   ] Safepoint "G1CollectForAllocation", Time since last: 24810671385 ns, Reaching safepoint: 204508 ns, At safepoint: 10393909 ns, Total: 10598417 ns
[2021-04-20T02:47:22.218+0000][8][safepoint   ] Safepoint "Cleanup", Time since last: 5000703121 ns, Reaching safepoint: 244189 ns, At safepoint: 23818 ns, Total: 268007 ns
[2021-04-20T02:47:26.218+0000][8][safepoint   ] Safepoint "Cleanup", Time since last: 4000577927 ns, Reaching safepoint: 190489 ns, At safepoint: 13481 ns, Total: 203970 ns
[2021-04-20T02:47:27.219+0000][8][safepoint   ] Safepoint "Cleanup", Time since last: 1000154029 ns, Reaching safepoint: 632779 ns, At safepoint: 31006 ns, Total: 663785 ns
[2021-04-20T02:47:30.220+0000][8][safepoint   ] Safepoint "Cleanup", Time since last: 3000530836 ns, Reaching safepoint: 349269 ns, At safepoint: 32616 ns, Total: 381885 ns
[2021-04-20T02:47:32.221+0000][8][safepoint   ] Safepoint "Cleanup", Time since last: 2000354493 ns, Reaching safepoint: 315884 ns, At safepoint: 28564 ns, Total: 344448 ns
[2021-04-20T02:47:38.222+0000][8][safepoint   ] Safepoint "Cleanup", Time since last: 6001004417 ns, Reaching safepoint: 272744 ns, At safepoint: 18102 ns, Total: 290846 ns
[2021-04-20T02:47:39.223+0000][8][safepoint   ] Safepoint "Cleanup", Time since last: 1000469596 ns, Reaching safepoint: 371765 ns, At safepoint: 32331 ns, Total: 404096 ns
[2021-04-20T02:47:46.225+0000][8][safepoint   ] Safepoint "Cleanup", Time since last: 7001623793 ns, Reaching safepoint: 333488 ns, At safepoint: 27516 ns, Total: 361004 ns
[2021-04-20T02:47:47.225+0000][8][safepoint   ] Safepoint "Cleanup", Time since last: 1000237256 ns, Reaching safepoint: 143685 ns, At safepoint: 11577 ns, Total: 155262 ns
[2021-04-20T02:47:49.226+0000][8][safepoint   ] Safepoint "Cleanup", Time since last: 2000318337 ns, Reaching safepoint: 211293 ns, At safepoint: 15634 ns, Total: 226927 ns
[2021-04-20T02:47:50.227+0000][8][safepoint   ] Safepoint "Cleanup", Time since last: 1000242612 ns, Reaching safepoint: 463806 ns, At safepoint: 35740 ns, Total: 499546 ns
[2021-04-20T02:47:52.228+0000][8][safepoint   ] Safepoint "Cleanup", Time since last: 2000449882 ns, Reaching safepoint: 396494 ns, At safepoint: 41502 ns, Total: 437996 ns
[2021-04-20T02:48:05.065+0000][8][gc,start    ] GC(57) Pause Young (Concurrent Start) (G1 Evacuation Pause)
[2021-04-20T02:48:05.065+0000][8][gc,task     ] GC(57) Using 6 workers of 8 for evacuation
[2021-04-20T02:48:05.065+0000][8][gc,age      ] GC(57) Desired survivor size 6291456 bytes, new threshold 15 (max threshold 15)
[2021-04-20T02:48:05.072+0000][8][gc,age      ] GC(57) Age table with threshold 15 (max threshold 15)
[2021-04-20T02:48:05.072+0000][8][gc,age      ] GC(57) - age   1:    1067128 bytes,    1067128 total
[2021-04-20T02:48:05.072+0000][8][gc,age      ] GC(57) - age   2:      14232 bytes,    1081360 total
[2021-04-20T02:48:05.072+0000][8][gc,age      ] GC(57) - age   3:       8288 bytes,    1089648 total
[2021-04-20T02:48:05.072+0000][8][gc,age      ] GC(57) - age   4:      52552 bytes,    1142200 total
[2021-04-20T02:48:05.072+0000][8][gc,age      ] GC(57) - age   5:     330176 bytes,    1472376 total
[2021-04-20T02:48:05.072+0000][8][gc,age      ] GC(57) - age   6:      32696 bytes,    1505072 total
[2021-04-20T02:48:05.072+0000][8][gc,age      ] GC(57) - age   7:      17152 bytes,    1522224 total
[2021-04-20T02:48:05.072+0000][8][gc,age      ] GC(57) - age   8:       9016 bytes,    1531240 total
[2021-04-20T02:48:05.072+0000][8][gc,age      ] GC(57) - age   9:     730720 bytes,    2261960 total
[2021-04-20T02:48:05.072+0000][8][gc,age      ] GC(57) - age  10:    1272992 bytes,    3534952 total
[2021-04-20T02:48:05.072+0000][8][gc,age      ] GC(57) - age  11:     159272 bytes,    3694224 total
[2021-04-20T02:48:05.072+0000][8][gc,age      ] GC(57) - age  12:      27256 bytes,    3721480 total
[2021-04-20T02:48:05.072+0000][8][gc,age      ] GC(57) - age  13:      38440 bytes,    3759920 total
[2021-04-20T02:48:05.072+0000][8][gc,age      ] GC(57) - age  14:     158872 bytes,    3918792 total
[2021-04-20T02:48:05.072+0000][8][gc,phases   ] GC(57)   Pre Evacuate Collection Set: 0.3ms
[2021-04-20T02:48:05.072+0000][8][gc,phases   ] GC(57)   Merge Heap Roots: 0.1ms
[2021-04-20T02:48:05.072+0000][8][gc,phases   ] GC(57)   Evacuate Collection Set: 5.3ms
[2021-04-20T02:48:05.072+0000][8][gc,phases   ] GC(57)   Post Evacuate Collection Set: 0.8ms
[2021-04-20T02:48:05.072+0000][8][gc,phases   ] GC(57)   Other: 0.4ms
[2021-04-20T02:48:05.072+0000][8][gc,heap     ] GC(57) Eden regions: 21->0(21)
[2021-04-20T02:48:05.072+0000][8][gc,heap     ] GC(57) Survivor regions: 2->2(3)
[2021-04-20T02:48:05.072+0000][8][gc,heap     ] GC(57) Old regions: 25->25
[2021-04-20T02:48:05.072+0000][8][gc,heap     ] GC(57) Archive regions: 2->2
[2021-04-20T02:48:05.072+0000][8][gc,heap     ] GC(57) Humongous regions: 2->2
[2021-04-20T02:48:05.072+0000][8][gc,metaspace] GC(57) Metaspace: 107259K(112200K)->107259K(112200K) NonClass: 93228K(96840K)->93228K(96840K) Class: 14030K(15360K)->14030K(15360K)
[2021-04-20T02:48:05.072+0000][8][gc          ] GC(57) Pause Young (Concurrent Start) (G1 Evacuation Pause) 198M->113M(256M) 7.054ms
[2021-04-20T02:48:05.072+0000][8][gc,cpu      ] GC(57) User=0.03s Sys=0.00s Real=0.00s
[2021-04-20T02:48:05.072+0000][8][safepoint   ] Safepoint "G1CollectForAllocation", Time since last: 12837057595 ns, Reaching safepoint: 180304 ns, At safepoint: 7172754 ns, Total: 7353058 ns
[2021-04-20T02:48:05.072+0000][8][gc          ] GC(58) Concurrent Cycle
[2021-04-20T02:48:05.072+0000][8][gc,marking  ] GC(58) Concurrent Clear Claimed Marks
[2021-04-20T02:48:05.072+0000][8][gc,marking  ] GC(58) Concurrent Clear Claimed Marks 0.103ms
[2021-04-20T02:48:05.072+0000][8][gc,marking  ] GC(58) Concurrent Scan Root Regions
[2021-04-20T02:48:05.076+0000][8][gc,marking  ] GC(58) Concurrent Scan Root Regions 3.729ms
[2021-04-20T02:48:05.076+0000][8][gc,marking  ] GC(58) Concurrent Mark (1007.062s)
[2021-04-20T02:48:05.076+0000][8][gc,marking  ] GC(58) Concurrent Mark From Roots
[2021-04-20T02:48:05.076+0000][8][gc,task     ] GC(58) Using 2 workers of 2 for marking
[2021-04-20T02:48:05.193+0000][8][gc,marking  ] GC(58) Concurrent Mark From Roots 116.609ms
[2021-04-20T02:48:05.193+0000][8][gc,marking  ] GC(58) Concurrent Preclean
[2021-04-20T02:48:05.193+0000][8][gc,marking  ] GC(58) Concurrent Preclean 0.264ms
[2021-04-20T02:48:05.193+0000][8][gc,marking  ] GC(58) Concurrent Mark (1007.062s, 1007.178s) 116.934ms
[2021-04-20T02:48:05.193+0000][8][gc,start    ] GC(58) Pause Remark
[2021-04-20T02:48:05.198+0000][8][gc          ] GC(58) Pause Remark 115M->115M(256M) 5.277ms
[2021-04-20T02:48:05.198+0000][8][gc,cpu      ] GC(58) User=0.03s Sys=0.00s Real=0.01s
[2021-04-20T02:48:05.198+0000][8][safepoint   ] Safepoint "G1Concurrent", Time since last: 120918334 ns, Reaching safepoint: 88888 ns, At safepoint: 5355363 ns, Total: 5444251 ns
[2021-04-20T02:48:05.198+0000][8][gc,marking  ] GC(58) Concurrent Rebuild Remembered Sets
[2021-04-20T02:48:05.263+0000][8][gc,marking  ] GC(58) Concurrent Rebuild Remembered Sets 64.454ms
[2021-04-20T02:48:05.263+0000][8][gc,start    ] GC(58) Pause Cleanup
[2021-04-20T02:48:05.263+0000][8][gc          ] GC(58) Pause Cleanup 115M->115M(256M) 0.078ms
[2021-04-20T02:48:05.263+0000][8][gc,cpu      ] GC(58) User=0.00s Sys=0.00s Real=0.00s
[2021-04-20T02:48:05.263+0000][8][safepoint   ] Safepoint "G1Concurrent", Time since last: 64574097 ns, Reaching safepoint: 134243 ns, At safepoint: 121936 ns, Total: 256179 ns
[2021-04-20T02:48:05.263+0000][8][gc,marking  ] GC(58) Concurrent Cleanup for Next Mark
[2021-04-20T02:48:05.263+0000][8][gc,marking  ] GC(58) Concurrent Cleanup for Next Mark 0.181ms
[2021-04-20T02:48:05.263+0000][8][gc          ] GC(58) Concurrent Cycle 191.446ms
[2021-04-20T02:48:06.264+0000][8][safepoint   ] Safepoint "Cleanup", Time since last: 1000126144 ns, Reaching safepoint: 330498 ns, At safepoint: 33770 ns, Total: 364268 ns
[2021-04-20T02:48:07.264+0000][8][safepoint   ] Safepoint "Cleanup", Time since last: 1000227219 ns, Reaching safepoint: 319731 ns, At safepoint: 31767 ns, Total: 351498 ns
[2021-04-20T02:48:11.265+0000][8][safepoint   ] Safepoint "Cleanup", Time since last: 4000669713 ns, Reaching safepoint: 388041 ns, At safepoint: 34859 ns, Total: 422900 ns
[2021-04-20T02:48:13.266+0000][8][safepoint   ] Safepoint "Cleanup", Time since last: 2000361487 ns, Reaching safepoint: 293000 ns, At safepoint: 19097 ns, Total: 312097 ns
[2021-04-20T02:48:14.267+0000][8][safepoint   ] Safepoint "Cleanup", Time since last: 1000191172 ns, Reaching safepoint: 318474 ns, At safepoint: 29031 ns, Total: 347505 ns
[2021-04-20T02:48:17.267+0000][8][safepoint   ] Safepoint "Cleanup", Time since last: 3000484410 ns, Reaching safepoint: 340155 ns, At safepoint: 24883 ns, Total: 365038 ns
[2021-04-20T02:48:22.269+0000][8][safepoint   ] Safepoint "Cleanup", Time since last: 5000882171 ns, Reaching safepoint: 364285 ns, At safepoint: 31991 ns, Total: 396276 ns
[2021-04-20T02:48:23.269+0000][8][safepoint   ] Safepoint "Cleanup", Time since last: 1000295774 ns, Reaching safepoint: 367717 ns, At safepoint: 32282 ns, Total: 399999 ns
[2021-04-20T02:48:26.270+0000][8][safepoint   ] Safepoint "Cleanup", Time since last: 3000664454 ns, Reaching safepoint: 352309 ns, At safepoint: 33347 ns, Total: 385656 ns
[2021-04-20T02:48:30.271+0000][8][safepoint   ] Safepoint "Cleanup", Time since last: 4000643943 ns, Reaching safepoint: 311739 ns, At safepoint: 29797 ns, Total: 341536 ns
[2021-04-20T02:48:31.272+0000][8][safepoint   ] Safepoint "Cleanup", Time since last: 1000182651 ns, Reaching safepoint: 94835 ns, At safepoint: 6247 ns, Total: 101082 ns
[2021-04-20T02:48:32.272+0000][8][safepoint   ] Safepoint "Cleanup", Time since last: 1000153486 ns, Reaching safepoint: 205631 ns, At safepoint: 17497 ns, Total: 223128 ns
[2021-04-20T02:48:34.273+0000][8][safepoint   ] Safepoint "Cleanup", Time since last: 2000286018 ns, Reaching safepoint: 426109 ns, At safepoint: 36128 ns, Total: 462237 ns
[2021-04-20T02:48:41.275+0000][8][safepoint   ] Safepoint "Cleanup", Time since last: 7001698216 ns, Reaching safepoint: 115139 ns, At safepoint: 6437 ns, Total: 121576 ns
[2021-04-20T02:48:42.275+0000][8][safepoint   ] Safepoint "Cleanup", Time since last: 1000147938 ns, Reaching safepoint: 379711 ns, At safepoint: 33110 ns, Total: 412821 ns
[2021-04-20T02:48:43.276+0000][8][safepoint   ] Safepoint "Cleanup", Time since last: 1000304737 ns, Reaching safepoint: 393195 ns, At safepoint: 36845 ns, Total: 430040 ns
[2021-04-20T02:48:44.276+0000][8][safepoint   ] Safepoint "Cleanup", Time since last: 1000220792 ns, Reaching safepoint: 128095 ns, At safepoint: 6633 ns, Total: 134728 ns
[2021-04-20T02:48:50.278+0000][8][safepoint   ] Safepoint "Cleanup", Time since last: 6001433980 ns, Reaching safepoint: 328952 ns, At safepoint: 35524 ns, Total: 364476 ns
[2021-04-20T02:48:51.279+0000][8][safepoint   ] Safepoint "Cleanup", Time since last: 1000317291 ns, Reaching safepoint: 481166 ns, At safepoint: 46124 ns, Total: 527290 ns
[2021-04-20T02:48:52.279+0000][8][safepoint   ] Safepoint "Cleanup", Time since last: 1000210278 ns, Reaching safepoint: 150804 ns, At safepoint: 8998 ns, Total: 159802 ns
[2021-04-20T02:48:53.280+0000][8][safepoint   ] Safepoint "Cleanup", Time since last: 1000146602 ns, Reaching safepoint: 443830 ns, At safepoint: 37433 ns, Total: 481263 ns
[2021-04-20T02:48:56.281+0000][8][safepoint   ] Safepoint "Cleanup", Time since last: 3000424709 ns, Reaching safepoint: 383457 ns, At safepoint: 30251 ns, Total: 413708 ns
[2021-04-20T02:48:59.282+0000][8][safepoint   ] Safepoint "Cleanup", Time since last: 3000786011 ns, Reaching safepoint: 336669 ns, At safepoint: 30088 ns, Total: 366757 ns
[2021-04-20T02:49:06.284+0000][8][safepoint   ] Safepoint "Cleanup", Time since last: 7001773544 ns, Reaching safepoint: 356229 ns, At safepoint: 25711 ns, Total: 381940 ns
[2021-04-20T02:49:17.287+0000][8][safepoint   ] Safepoint "Cleanup", Time since last: 11002400785 ns, Reaching safepoint: 118197 ns, At safepoint: 6930 ns, Total: 125127 ns
[2021-04-20T02:49:18.287+0000][8][safepoint   ] Safepoint "Cleanup", Time since last: 1000148120 ns, Reaching safepoint: 289824 ns, At safepoint: 22756 ns, Total: 312580 ns
[2021-04-20T02:49:19.288+0000][8][safepoint   ] Safepoint "Cleanup", Time since last: 1000242234 ns, Reaching safepoint: 319525 ns, At safepoint: 45537 ns, Total: 365062 ns
[2021-04-20T02:49:20.288+0000][8][safepoint   ] Safepoint "Cleanup", Time since last: 1000298763 ns, Reaching safepoint: 359666 ns, At safepoint: 31133 ns, Total: 390799 ns
[2021-04-20T02:49:21.289+0000][8][safepoint   ] Safepoint "Cleanup", Time since last: 1000279587 ns, Reaching safepoint: 344029 ns, At safepoint: 27447 ns, Total: 371476 ns
[2021-04-20T02:49:22.290+0000][8][safepoint   ] Safepoint "Cleanup", Time since last: 1000247820 ns, Reaching safepoint: 423326 ns, At safepoint: 36087 ns, Total: 459413 ns
[2021-04-20T02:49:25.291+0000][8][safepoint   ] Safepoint "Cleanup", Time since last: 3000584888 ns, Reaching safepoint: 379695 ns, At safepoint: 28746 ns, Total: 408441 ns
[2021-04-20T02:49:27.292+0000][8][safepoint   ] Safepoint "Cleanup", Time since last: 2000498607 ns, Reaching safepoint: 338198 ns, At safepoint: 21928 ns, Total: 360126 ns
[2021-04-20T02:49:31.293+0000][8][safepoint   ] Safepoint "Cleanup", Time since last: 4000712434 ns, Reaching safepoint: 326488 ns, At safepoint: 38400 ns, Total: 364888 ns
[2021-04-20T02:49:37.121+0000][8][gc,start    ] GC(59) Pause Young (Normal) (G1 Evacuation Pause)
[2021-04-20T02:49:37.121+0000][8][gc,task     ] GC(59) Using 6 workers of 8 for evacuation
[2021-04-20T02:49:37.121+0000][8][gc,age      ] GC(59) Desired survivor size 6291456 bytes, new threshold 15 (max threshold 15)
[2021-04-20T02:49:37.140+0000][8][gc,age      ] GC(59) Age table with threshold 15 (max threshold 15)
[2021-04-20T02:49:37.141+0000][8][gc,age      ] GC(59) - age   1:     500264 bytes,     500264 total
[2021-04-20T02:49:37.141+0000][8][gc,age      ] GC(59) - age   2:     944088 bytes,    1444352 total
[2021-04-20T02:49:37.141+0000][8][gc,age      ] GC(59) - age   3:      13640 bytes,    1457992 total
[2021-04-20T02:49:37.141+0000][8][gc,age      ] GC(59) - age   4:       7584 bytes,    1465576 total
[2021-04-20T02:49:37.141+0000][8][gc,age      ] GC(59) - age   5:      52392 bytes,    1517968 total
[2021-04-20T02:49:37.141+0000][8][gc,age      ] GC(59) - age   6:     330112 bytes,    1848080 total
[2021-04-20T02:49:37.141+0000][8][gc,age      ] GC(59) - age   7:      32696 bytes,    1880776 total
[2021-04-20T02:49:37.141+0000][8][gc,age      ] GC(59) - age   8:      17152 bytes,    1897928 total
[2021-04-20T02:49:37.141+0000][8][gc,age      ] GC(59) - age   9:       8976 bytes,    1906904 total
[2021-04-20T02:49:37.141+0000][8][gc,age      ] GC(59) - age  10:     730720 bytes,    2637624 total
[2021-04-20T02:49:37.141+0000][8][gc,age      ] GC(59) - age  11:    1272928 bytes,    3910552 total
[2021-04-20T02:49:37.141+0000][8][gc,age      ] GC(59) - age  12:     159232 bytes,    4069784 total
[2021-04-20T02:49:37.141+0000][8][gc,age      ] GC(59) - age  13:      27192 bytes,    4096976 total
[2021-04-20T02:49:37.141+0000][8][gc,age      ] GC(59) - age  14:      38440 bytes,    4135416 total
[2021-04-20T02:49:37.141+0000][8][gc,age      ] GC(59) - age  15:     158872 bytes,    4294288 total
[2021-04-20T02:49:37.141+0000][8][gc,phases   ] GC(59)   Pre Evacuate Collection Set: 0.2ms
[2021-04-20T02:49:37.141+0000][8][gc,phases   ] GC(59)   Merge Heap Roots: 0.3ms
[2021-04-20T02:49:37.141+0000][8][gc,phases   ] GC(59)   Evacuate Collection Set: 16.6ms
[2021-04-20T02:49:37.141+0000][8][gc,phases   ] GC(59)   Post Evacuate Collection Set: 2.1ms
[2021-04-20T02:49:37.141+0000][8][gc,phases   ] GC(59)   Other: 0.9ms
[2021-04-20T02:49:37.141+0000][8][gc,heap     ] GC(59) Eden regions: 21->0(21)
[2021-04-20T02:49:37.141+0000][8][gc,heap     ] GC(59) Survivor regions: 2->2(3)
[2021-04-20T02:49:37.141+0000][8][gc,heap     ] GC(59) Old regions: 25->25
[2021-04-20T02:49:37.141+0000][8][gc,heap     ] GC(59) Archive regions: 2->2
[2021-04-20T02:49:37.141+0000][8][gc,heap     ] GC(59) Humongous regions: 2->2
[2021-04-20T02:49:37.141+0000][8][gc,metaspace] GC(59) Metaspace: 107320K(112200K)->107320K(112200K) NonClass: 93289K(96840K)->93289K(96840K) Class: 14030K(15360K)->14030K(15360K)
[2021-04-20T02:49:37.141+0000][8][gc          ] GC(59) Pause Young (Normal) (G1 Evacuation Pause) 197M->114M(256M) 20.477ms
[2021-04-20T02:49:37.142+0000][8][gc,cpu      ] GC(59) User=0.09s Sys=0.00s Real=0.02s
[2021-04-20T02:49:37.142+0000][8][safepoint   ] Safepoint "G1CollectForAllocation", Time since last: 5827701014 ns, Reaching safepoint: 450388 ns, At safepoint: 20809000 ns, Total: 21259388 ns
[2021-04-20T02:49:42.143+0000][8][safepoint   ] Safepoint "Cleanup", Time since last: 5000693579 ns, Reaching safepoint: 331042 ns, At safepoint: 26691 ns, Total: 357733 ns
[2021-04-20T02:49:43.143+0000][8][safepoint   ] Safepoint "Cleanup", Time since last: 1000266480 ns, Reaching safepoint: 387218 ns, At safepoint: 34466 ns, Total: 421684 ns
[2021-04-20T02:49:45.144+0000][8][safepoint   ] Safepoint "Cleanup", Time since last: 2000378666 ns, Reaching safepoint: 438826 ns, At safepoint: 28717 ns, Total: 467543 ns
[2021-04-20T02:49:46.145+0000][8][safepoint   ] Safepoint "Cleanup", Time since last: 1000303675 ns, Reaching safepoint: 392743 ns, At safepoint: 31410 ns, Total: 424153 ns
[2021-04-20T02:49:47.146+0000][8][safepoint   ] Safepoint "Cleanup", Time since last: 1000229353 ns, Reaching safepoint: 306603 ns, At safepoint: 25479 ns, Total: 332082 ns
[2021-04-20T02:49:49.146+0000][8][safepoint   ] Safepoint "Cleanup", Time since last: 2000369757 ns, Reaching safepoint: 194471 ns, At safepoint: 13534 ns, Total: 208005 ns
[2021-04-20T02:49:50.147+0000][8][safepoint   ] Safepoint "Cleanup", Time since last: 1000226008 ns, Reaching safepoint: 378136 ns, At safepoint: 30778 ns, Total: 408914 ns
[2021-04-20T02:49:51.147+0000][8][safepoint   ] Safepoint "Cleanup", Time since last: 1000203060 ns, Reaching safepoint: 311302 ns, At safepoint: 25484 ns, Total: 336786 ns
[2021-04-20T02:49:52.148+0000][8][safepoint   ] Safepoint "Cleanup", Time since last: 1000206592 ns, Reaching safepoint: 114033 ns, At safepoint: 8628 ns, Total: 122661 ns
[2021-04-20T02:50:00.149+0000][8][safepoint   ] Safepoint "Cleanup", Time since last: 8001070938 ns, Reaching safepoint: 356055 ns, At safepoint: 36253 ns, Total: 392308 ns
[2021-04-20T02:50:17.152+0000][8][safepoint   ] Safepoint "Cleanup", Time since last: 17002842858 ns, Reaching safepoint: 357325 ns, At safepoint: 38237 ns, Total: 395562 ns
[2021-04-20T02:50:18.153+0000][8][safepoint   ] Safepoint "Cleanup", Time since last: 1000241489 ns, Reaching safepoint: 303664 ns, At safepoint: 25374 ns, Total: 329038 ns
[2021-04-20T02:50:19.153+0000][8][safepoint   ] Safepoint "Cleanup", Time since last: 1000238970 ns, Reaching safepoint: 327203 ns, At safepoint: 34320 ns, Total: 361523 ns
[2021-04-20T02:50:47.157+0000][8][safepoint   ] Safepoint "Cleanup", Time since last: 28003605062 ns, Reaching safepoint: 105041 ns, At safepoint: 8882 ns, Total: 113923 ns
[2021-04-20T02:50:47.496+0000][8][gc,start    ] GC(60) Pause Young (Concurrent Start) (G1 Evacuation Pause)
[2021-04-20T02:50:47.496+0000][8][gc,task     ] GC(60) Using 6 workers of 8 for evacuation
[2021-04-20T02:50:47.496+0000][8][gc,age      ] GC(60) Desired survivor size 6291456 bytes, new threshold 15 (max threshold 15)
[2021-04-20T02:50:47.502+0000][8][gc,age      ] GC(60) Age table with threshold 15 (max threshold 15)
[2021-04-20T02:50:47.502+0000][8][gc,age      ] GC(60) - age   1:     679792 bytes,     679792 total
[2021-04-20T02:50:47.502+0000][8][gc,age      ] GC(60) - age   2:       7432 bytes,     687224 total
[2021-04-20T02:50:47.502+0000][8][gc,age      ] GC(60) - age   3:     203488 bytes,     890712 total
[2021-04-20T02:50:47.502+0000][8][gc,age      ] GC(60) - age   4:      10232 bytes,     900944 total
[2021-04-20T02:50:47.502+0000][8][gc,age      ] GC(60) - age   5:       7544 bytes,     908488 total
[2021-04-20T02:50:47.502+0000][8][gc,age      ] GC(60) - age   6:      44600 bytes,     953088 total
[2021-04-20T02:50:47.502+0000][8][gc,age      ] GC(60) - age   7:     188192 bytes,    1141280 total
[2021-04-20T02:50:47.502+0000][8][gc,age      ] GC(60) - age   8:      32496 bytes,    1173776 total
[2021-04-20T02:50:47.502+0000][8][gc,age      ] GC(60) - age   9:      17048 bytes,    1190824 total
[2021-04-20T02:50:47.502+0000][8][gc,age      ] GC(60) - age  10:       8976 bytes,    1199800 total
[2021-04-20T02:50:47.502+0000][8][gc,age      ] GC(60) - age  11:     730680 bytes,    1930480 total
[2021-04-20T02:50:47.502+0000][8][gc,age      ] GC(60) - age  12:    1272864 bytes,    3203344 total
[2021-04-20T02:50:47.502+0000][8][gc,age      ] GC(60) - age  13:     158880 bytes,    3362224 total
[2021-04-20T02:50:47.502+0000][8][gc,age      ] GC(60) - age  14:      27192 bytes,    3389416 total
[2021-04-20T02:50:47.502+0000][8][gc,age      ] GC(60) - age  15:      38440 bytes,    3427856 total
[2021-04-20T02:50:47.503+0000][8][gc,phases   ] GC(60)   Pre Evacuate Collection Set: 0.1ms
[2021-04-20T02:50:47.503+0000][8][gc,phases   ] GC(60)   Merge Heap Roots: 0.1ms
[2021-04-20T02:50:47.503+0000][8][gc,phases   ] GC(60)   Evacuate Collection Set: 4.8ms
[2021-04-20T02:50:47.503+0000][8][gc,phases   ] GC(60)   Post Evacuate Collection Set: 0.8ms
[2021-04-20T02:50:47.503+0000][8][gc,phases   ] GC(60)   Other: 0.4ms
[2021-04-20T02:50:47.503+0000][8][gc,heap     ] GC(60) Eden regions: 21->0(23)
[2021-04-20T02:50:47.503+0000][8][gc,heap     ] GC(60) Survivor regions: 2->1(3)
[2021-04-20T02:50:47.503+0000][8][gc,heap     ] GC(60) Old regions: 25->25
[2021-04-20T02:50:47.503+0000][8][gc,heap     ] GC(60) Archive regions: 2->2
[2021-04-20T02:50:47.503+0000][8][gc,heap     ] GC(60) Humongous regions: 2->2
[2021-04-20T02:50:47.503+0000][8][gc,metaspace] GC(60) Metaspace: 107516K(112456K)->107516K(112456K) NonClass: 93485K(97096K)->93485K(97096K) Class: 14030K(15360K)->14030K(15360K)
[2021-04-20T02:50:47.503+0000][8][gc          ] GC(60) Pause Young (Concurrent Start) (G1 Evacuation Pause) 198M->113M(256M) 6.253ms
[2021-04-20T02:50:47.503+0000][8][gc,cpu      ] GC(60) User=0.02s Sys=0.00s Real=0.01s
[2021-04-20T02:50:47.503+0000][8][safepoint   ] Safepoint "G1CollectForAllocation", Time since last: 339086916 ns, Reaching safepoint: 97072 ns, At safepoint: 6349107 ns, Total: 6446179 ns
[2021-04-20T02:50:47.503+0000][8][gc          ] GC(61) Concurrent Cycle
[2021-04-20T02:50:47.503+0000][8][gc,marking  ] GC(61) Concurrent Clear Claimed Marks
[2021-04-20T02:50:47.503+0000][8][gc,marking  ] GC(61) Concurrent Clear Claimed Marks 0.151ms
[2021-04-20T02:50:47.503+0000][8][gc,marking  ] GC(61) Concurrent Scan Root Regions
[2021-04-20T02:50:47.509+0000][8][gc,marking  ] GC(61) Concurrent Scan Root Regions 5.576ms
[2021-04-20T02:50:47.509+0000][8][gc,marking  ] GC(61) Concurrent Mark (1169.494s)
[2021-04-20T02:50:47.509+0000][8][gc,marking  ] GC(61) Concurrent Mark From Roots
[2021-04-20T02:50:47.509+0000][8][gc,task     ] GC(61) Using 2 workers of 2 for marking
[2021-04-20T02:50:47.613+0000][8][gc,marking  ] GC(61) Concurrent Mark From Roots 104.748ms
[2021-04-20T02:50:47.613+0000][8][gc,marking  ] GC(61) Concurrent Preclean
[2021-04-20T02:50:47.614+0000][8][gc,marking  ] GC(61) Concurrent Preclean 0.249ms
[2021-04-20T02:50:47.614+0000][8][gc,marking  ] GC(61) Concurrent Mark (1169.494s, 1169.599s) 105.051ms
[2021-04-20T02:50:47.614+0000][8][gc,start    ] GC(61) Pause Remark
[2021-04-20T02:50:47.621+0000][8][gc          ] GC(61) Pause Remark 115M->115M(256M) 7.293ms
[2021-04-20T02:50:47.621+0000][8][gc,cpu      ] GC(61) User=0.04s Sys=0.00s Real=0.01s
[2021-04-20T02:50:47.621+0000][8][safepoint   ] Safepoint "G1Concurrent", Time since last: 110918546 ns, Reaching safepoint: 103498 ns, At safepoint: 7372839 ns, Total: 7476337 ns
[2021-04-20T02:50:47.621+0000][8][gc,marking  ] GC(61) Concurrent Rebuild Remembered Sets
[2021-04-20T02:50:47.689+0000][8][gc,marking  ] GC(61) Concurrent Rebuild Remembered Sets 67.746ms
[2021-04-20T02:50:47.689+0000][8][gc,start    ] GC(61) Pause Cleanup
[2021-04-20T02:50:47.689+0000][8][gc          ] GC(61) Pause Cleanup 115M->115M(256M) 0.073ms
[2021-04-20T02:50:47.689+0000][8][gc,cpu      ] GC(61) User=0.00s Sys=0.00s Real=0.00s
[2021-04-20T02:50:47.689+0000][8][safepoint   ] Safepoint "G1Concurrent", Time since last: 67856274 ns, Reaching safepoint: 96477 ns, At safepoint: 117271 ns, Total: 213748 ns
[2021-04-20T02:50:47.689+0000][8][gc,marking  ] GC(61) Concurrent Cleanup for Next Mark
[2021-04-20T02:50:47.689+0000][8][gc,marking  ] GC(61) Concurrent Cleanup for Next Mark 0.145ms
[2021-04-20T02:50:47.689+0000][8][gc          ] GC(61) Concurrent Cycle 186.634ms
[2021-04-20T02:50:50.690+0000][8][safepoint   ] Safepoint "Cleanup", Time since last: 3000511404 ns, Reaching safepoint: 383310 ns, At safepoint: 39065 ns, Total: 422375 ns
[2021-04-20T02:51:05.692+0000][8][safepoint   ] Safepoint "Cleanup", Time since last: 15001960487 ns, Reaching safepoint: 273084 ns, At safepoint: 22644 ns, Total: 295728 ns
[2021-04-20T02:51:08.693+0000][8][safepoint   ] Safepoint "Cleanup", Time since last: 3000498229 ns, Reaching safepoint: 436325 ns, At safepoint: 30523 ns, Total: 466848 ns
[2021-04-20T02:51:13.695+0000][8][safepoint   ] Safepoint "Cleanup", Time since last: 5000790636 ns, Reaching safepoint: 411561 ns, At safepoint: 31262 ns, Total: 442823 ns
[2021-04-20T02:51:20.696+0000][8][safepoint   ] Safepoint "Cleanup", Time since last: 7001051603 ns, Reaching safepoint: 290318 ns, At safepoint: 28313 ns, Total: 318631 ns
[2021-04-20T02:51:21.697+0000][8][safepoint   ] Safepoint "Cleanup", Time since last: 1000207988 ns, Reaching safepoint: 486916 ns, At safepoint: 36143 ns, Total: 523059 ns
[2021-04-20T02:51:24.698+0000][8][safepoint   ] Safepoint "Cleanup", Time since last: 3000753820 ns, Reaching safepoint: 389351 ns, At safepoint: 30606 ns, Total: 419957 ns
[2021-04-20T02:51:29.699+0000][8][safepoint   ] Safepoint "Cleanup", Time since last: 5001118347 ns, Reaching safepoint: 151338 ns, At safepoint: 9966 ns, Total: 161304 ns
[2021-04-20T02:51:47.702+0000][8][safepoint   ] Safepoint "Cleanup", Time since last: 18002430236 ns, Reaching safepoint: 661938 ns, At safepoint: 29414 ns, Total: 691352 ns
[2021-04-20T02:51:50.703+0000][8][safepoint   ] Safepoint "Cleanup", Time since last: 3000444610 ns, Reaching safepoint: 194178 ns, At safepoint: 14307 ns, Total: 208485 ns
[2021-04-20T02:51:51.704+0000][8][safepoint   ] Safepoint "Cleanup", Time since last: 1000412000 ns, Reaching safepoint: 244303 ns, At safepoint: 23238 ns, Total: 267541 ns
[2021-04-20T02:51:52.704+0000][8][safepoint   ] Safepoint "Cleanup", Time since last: 1000192028 ns, Reaching safepoint: 270923 ns, At safepoint: 21353 ns, Total: 292276 ns
[2021-04-20T02:51:53.705+0000][8][safepoint   ] Safepoint "Cleanup", Time since last: 1000202771 ns, Reaching safepoint: 367957 ns, At safepoint: 27226 ns, Total: 395183 ns
[2021-04-20T02:52:00.706+0000][8][safepoint   ] Safepoint "Cleanup", Time since last: 7001116597 ns, Reaching safepoint: 429390 ns, At safepoint: 31140 ns, Total: 460530 ns
[2021-04-20T02:52:02.707+0000][8][safepoint   ] Safepoint "Cleanup", Time since last: 2000365325 ns, Reaching safepoint: 363282 ns, At safepoint: 31579 ns, Total: 394861 ns
[2021-04-20T02:52:04.708+0000][8][safepoint   ] Safepoint "Cleanup", Time since last: 2000343404 ns, Reaching safepoint: 286567 ns, At safepoint: 30481 ns, Total: 317048 ns
[2021-04-20T02:52:05.708+0000][8][safepoint   ] Safepoint "Cleanup", Time since last: 1000174343 ns, Reaching safepoint: 107556 ns, At safepoint: 8523 ns, Total: 116079 ns
[2021-04-20T02:52:17.710+0000][8][safepoint   ] Safepoint "Cleanup", Time since last: 12001427127 ns, Reaching safepoint: 373804 ns, At safepoint: 40410 ns, Total: 414214 ns
[2021-04-20T02:52:18.711+0000][8][safepoint   ] Safepoint "Cleanup", Time since last: 1000382232 ns, Reaching safepoint: 491221 ns, At safepoint: 41288 ns, Total: 532509 ns
[2021-04-20T02:52:20.711+0000][8][safepoint   ] Safepoint "Cleanup", Time since last: 2000313993 ns, Reaching safepoint: 122328 ns, At safepoint: 8197 ns, Total: 130525 ns
[2021-04-20T02:52:29.243+0000][8][gc,start    ] GC(62) Pause Young (Normal) (G1 Evacuation Pause)
[2021-04-20T02:52:29.243+0000][8][gc,task     ] GC(62) Using 6 workers of 8 for evacuation
[2021-04-20T02:52:29.244+0000][8][gc,age      ] GC(62) Desired survivor size 6291456 bytes, new threshold 15 (max threshold 15)
[2021-04-20T02:52:29.253+0000][8][gc,age      ] GC(62) Age table with threshold 15 (max threshold 15)
[2021-04-20T02:52:29.253+0000][8][gc,age      ] GC(62) - age   1:    1065800 bytes,    1065800 total
[2021-04-20T02:52:29.253+0000][8][gc,age      ] GC(62) - age   2:     325272 bytes,    1391072 total
[2021-04-20T02:52:29.253+0000][8][gc,age      ] GC(62) - age   3:       5744 bytes,    1396816 total
[2021-04-20T02:52:29.253+0000][8][gc,age      ] GC(62) - age   4:     202888 bytes,    1599704 total
[2021-04-20T02:52:29.253+0000][8][gc,age      ] GC(62) - age   5:       9856 bytes,    1609560 total
[2021-04-20T02:52:29.253+0000][8][gc,age      ] GC(62) - age   6:       7480 bytes,    1617040 total
[2021-04-20T02:52:29.253+0000][8][gc,age      ] GC(62) - age   7:      44376 bytes,    1661416 total
[2021-04-20T02:52:29.253+0000][8][gc,age      ] GC(62) - age   8:     185536 bytes,    1846952 total
[2021-04-20T02:52:29.253+0000][8][gc,age      ] GC(62) - age   9:      31992 bytes,    1878944 total
[2021-04-20T02:52:29.253+0000][8][gc,age      ] GC(62) - age  10:      16920 bytes,    1895864 total
[2021-04-20T02:52:29.253+0000][8][gc,age      ] GC(62) - age  11:       8976 bytes,    1904840 total
[2021-04-20T02:52:29.253+0000][8][gc,age      ] GC(62) - age  12:     730376 bytes,    2635216 total
[2021-04-20T02:52:29.253+0000][8][gc,age      ] GC(62) - age  13:    1272864 bytes,    3908080 total
[2021-04-20T02:52:29.253+0000][8][gc,age      ] GC(62) - age  14:     158880 bytes,    4066960 total
[2021-04-20T02:52:29.253+0000][8][gc,age      ] GC(62) - age  15:      27192 bytes,    4094152 total
[2021-04-20T02:52:29.253+0000][8][gc,phases   ] GC(62)   Pre Evacuate Collection Set: 0.1ms
[2021-04-20T02:52:29.253+0000][8][gc,phases   ] GC(62)   Merge Heap Roots: 0.1ms
[2021-04-20T02:52:29.253+0000][8][gc,phases   ] GC(62)   Evacuate Collection Set: 8.2ms
[2021-04-20T02:52:29.253+0000][8][gc,phases   ] GC(62)   Post Evacuate Collection Set: 0.9ms
[2021-04-20T02:52:29.253+0000][8][gc,phases   ] GC(62)   Other: 0.4ms
[2021-04-20T02:52:29.253+0000][8][gc,heap     ] GC(62) Eden regions: 23->0(21)
[2021-04-20T02:52:29.253+0000][8][gc,heap     ] GC(62) Survivor regions: 1->2(3)
[2021-04-20T02:52:29.253+0000][8][gc,heap     ] GC(62) Old regions: 25->25
[2021-04-20T02:52:29.253+0000][8][gc,heap     ] GC(62) Archive regions: 2->2
[2021-04-20T02:52:29.253+0000][8][gc,heap     ] GC(62) Humongous regions: 2->2
[2021-04-20T02:52:29.253+0000][8][gc,metaspace] GC(62) Metaspace: 107732K(112712K)->107732K(112712K) NonClass: 93701K(97352K)->93701K(97352K) Class: 14030K(15360K)->14030K(15360K)
[2021-04-20T02:52:29.253+0000][8][gc          ] GC(62) Pause Young (Normal) (G1 Evacuation Pause) 205M->114M(256M) 9.887ms
[2021-04-20T02:52:29.253+0000][8][gc,cpu      ] GC(62) User=0.04s Sys=0.00s Real=0.00s
[2021-04-20T02:52:29.253+0000][8][safepoint   ] Safepoint "G1CollectForAllocation", Time since last: 8531900848 ns, Reaching safepoint: 251983 ns, At safepoint: 10013899 ns, Total: 10265882 ns
[2021-04-20T02:52:30.254+0000][8][safepoint   ] Safepoint "Cleanup", Time since last: 1000094831 ns, Reaching safepoint: 150589 ns, At safepoint: 7668 ns, Total: 158257 ns
[2021-04-20T02:52:40.255+0000][8][safepoint   ] Safepoint "Cleanup", Time since last: 10001349573 ns, Reaching safepoint: 356561 ns, At safepoint: 25312 ns, Total: 381873 ns
[2021-04-20T02:52:50.257+0000][8][safepoint   ] Safepoint "Cleanup", Time since last: 10001532410 ns, Reaching safepoint: 107011 ns, At safepoint: 6692 ns, Total: 113703 ns
[2021-04-20T02:52:53.258+0000][8][safepoint   ] Safepoint "Cleanup", Time since last: 3000471333 ns, Reaching safepoint: 447322 ns, At safepoint: 34139 ns, Total: 481461 ns
[2021-04-20T02:52:54.259+0000][8][safepoint   ] Safepoint "Cleanup", Time since last: 1000293954 ns, Reaching safepoint: 349763 ns, At safepoint: 25546 ns, Total: 375309 ns
[2021-04-20T02:52:57.260+0000][8][safepoint   ] Safepoint "Cleanup", Time since last: 3000919509 ns, Reaching safepoint: 281682 ns, At safepoint: 21242 ns, Total: 302924 ns
[2021-04-20T02:53:06.261+0000][8][safepoint   ] Safepoint "Cleanup", Time since last: 9001264967 ns, Reaching safepoint: 289608 ns, At safepoint: 24541 ns, Total: 314149 ns
[2021-04-20T02:53:17.263+0000][8][safepoint   ] Safepoint "Cleanup", Time since last: 11001624169 ns, Reaching safepoint: 129524 ns, At safepoint: 12165 ns, Total: 141689 ns
[2021-04-20T02:53:26.265+0000][8][safepoint   ] Safepoint "Cleanup", Time since last: 9001468243 ns, Reaching safepoint: 455785 ns, At safepoint: 33821 ns, Total: 489606 ns
[2021-04-20T02:53:35.267+0000][8][safepoint   ] Safepoint "Cleanup", Time since last: 9001966266 ns, Reaching safepoint: 199440 ns, At safepoint: 17805 ns, Total: 217245 ns
[2021-04-20T02:53:35.612+0000][8][gc,start    ] GC(63) Pause Young (Concurrent Start) (G1 Evacuation Pause)
[2021-04-20T02:53:35.612+0000][8][gc,task     ] GC(63) Using 6 workers of 8 for evacuation
[2021-04-20T02:53:35.612+0000][8][gc,age      ] GC(63) Desired survivor size 6291456 bytes, new threshold 15 (max threshold 15)
[2021-04-20T02:53:35.619+0000][8][gc,age      ] GC(63) Age table with threshold 15 (max threshold 15)
[2021-04-20T02:53:35.619+0000][8][gc,age      ] GC(63) - age   1:     840776 bytes,     840776 total
[2021-04-20T02:53:35.619+0000][8][gc,age      ] GC(63) - age   2:     513440 bytes,    1354216 total
[2021-04-20T02:53:35.619+0000][8][gc,age      ] GC(63) - age   3:     309448 bytes,    1663664 total
[2021-04-20T02:53:35.619+0000][8][gc,age      ] GC(63) - age   4:       5584 bytes,    1669248 total
[2021-04-20T02:53:35.619+0000][8][gc,age      ] GC(63) - age   5:     202648 bytes,    1871896 total
[2021-04-20T02:53:35.619+0000][8][gc,age      ] GC(63) - age   6:       9544 bytes,    1881440 total
[2021-04-20T02:53:35.619+0000][8][gc,age      ] GC(63) - age   7:       7040 bytes,    1888480 total
[2021-04-20T02:53:35.619+0000][8][gc,age      ] GC(63) - age   8:      44336 bytes,    1932816 total
[2021-04-20T02:53:35.619+0000][8][gc,age      ] GC(63) - age   9:     185536 bytes,    2118352 total
[2021-04-20T02:53:35.619+0000][8][gc,age      ] GC(63) - age  10:      31992 bytes,    2150344 total
[2021-04-20T02:53:35.619+0000][8][gc,age      ] GC(63) - age  11:      16920 bytes,    2167264 total
[2021-04-20T02:53:35.619+0000][8][gc,age      ] GC(63) - age  12:       8976 bytes,    2176240 total
[2021-04-20T02:53:35.619+0000][8][gc,age      ] GC(63) - age  13:     730240 bytes,    2906480 total
[2021-04-20T02:53:35.619+0000][8][gc,age      ] GC(63) - age  14:    1272864 bytes,    4179344 total
[2021-04-20T02:53:35.619+0000][8][gc,age      ] GC(63) - age  15:     158880 bytes,    4338224 total
[2021-04-20T02:53:35.619+0000][8][gc,phases   ] GC(63)   Pre Evacuate Collection Set: 0.2ms
[2021-04-20T02:53:35.619+0000][8][gc,phases   ] GC(63)   Merge Heap Roots: 0.2ms
[2021-04-20T02:53:35.619+0000][8][gc,phases   ] GC(63)   Evacuate Collection Set: 6.0ms
[2021-04-20T02:53:35.619+0000][8][gc,phases   ] GC(63)   Post Evacuate Collection Set: 0.8ms
[2021-04-20T02:53:35.619+0000][8][gc,phases   ] GC(63)   Other: 0.4ms
[2021-04-20T02:53:35.619+0000][8][gc,heap     ] GC(63) Eden regions: 21->0(21)
[2021-04-20T02:53:35.619+0000][8][gc,heap     ] GC(63) Survivor regions: 2->2(3)
[2021-04-20T02:53:35.619+0000][8][gc,heap     ] GC(63) Old regions: 25->25
[2021-04-20T02:53:35.619+0000][8][gc,heap     ] GC(63) Archive regions: 2->2
[2021-04-20T02:53:35.619+0000][8][gc,heap     ] GC(63) Humongous regions: 2->2
[2021-04-20T02:53:35.619+0000][8][gc,metaspace] GC(63) Metaspace: 107767K(112712K)->107767K(112712K) NonClass: 93736K(97352K)->93736K(97352K) Class: 14030K(15360K)->14030K(15360K)
[2021-04-20T02:53:35.619+0000][8][gc          ] GC(63) Pause Young (Concurrent Start) (G1 Evacuation Pause) 198M->114M(256M) 7.656ms
[2021-04-20T02:53:35.619+0000][8][gc,cpu      ] GC(63) User=0.03s Sys=0.01s Real=0.01s
[2021-04-20T02:53:35.619+0000][8][gc          ] GC(64) Concurrent Cycle
[2021-04-20T02:53:35.619+0000][8][safepoint   ] Safepoint "G1CollectForAllocation", Time since last: 344068799 ns, Reaching safepoint: 142137 ns, At safepoint: 7763141 ns, Total: 7905278 ns
[2021-04-20T02:53:35.619+0000][8][gc,marking  ] GC(64) Concurrent Clear Claimed Marks
[2021-04-20T02:53:35.619+0000][8][gc,marking  ] GC(64) Concurrent Clear Claimed Marks 0.114ms
[2021-04-20T02:53:35.619+0000][8][gc,marking  ] GC(64) Concurrent Scan Root Regions
[2021-04-20T02:53:35.623+0000][8][gc,marking  ] GC(64) Concurrent Scan Root Regions 3.665ms
[2021-04-20T02:53:35.623+0000][8][gc,marking  ] GC(64) Concurrent Mark (1337.609s)
[2021-04-20T02:53:35.623+0000][8][gc,marking  ] GC(64) Concurrent Mark From Roots
[2021-04-20T02:53:35.623+0000][8][gc,task     ] GC(64) Using 2 workers of 2 for marking
[2021-04-20T02:53:35.718+0000][8][gc,marking  ] GC(64) Concurrent Mark From Roots 95.277ms
[2021-04-20T02:53:35.718+0000][8][gc,marking  ] GC(64) Concurrent Preclean
[2021-04-20T02:53:35.719+0000][8][gc,marking  ] GC(64) Concurrent Preclean 0.252ms
[2021-04-20T02:53:35.719+0000][8][gc,marking  ] GC(64) Concurrent Mark (1337.609s, 1337.704s) 95.601ms
[2021-04-20T02:53:35.719+0000][8][gc,start    ] GC(64) Pause Remark
[2021-04-20T02:53:35.725+0000][8][gc          ] GC(64) Pause Remark 115M->115M(256M) 5.716ms
[2021-04-20T02:53:35.725+0000][8][gc,cpu      ] GC(64) User=0.03s Sys=0.00s Real=0.01s
[2021-04-20T02:53:35.725+0000][8][safepoint   ] Safepoint "G1Concurrent", Time since last: 99467954 ns, Reaching safepoint: 125031 ns, At safepoint: 5790839 ns, Total: 5915870 ns
[2021-04-20T02:53:35.725+0000][8][gc,marking  ] GC(64) Concurrent Rebuild Remembered Sets
[2021-04-20T02:53:35.786+0000][8][gc,marking  ] GC(64) Concurrent Rebuild Remembered Sets 61.818ms
[2021-04-20T02:53:35.787+0000][8][gc,start    ] GC(64) Pause Cleanup
[2021-04-20T02:53:35.787+0000][8][gc          ] GC(64) Pause Cleanup 115M->115M(256M) 0.067ms
[2021-04-20T02:53:35.787+0000][8][gc,cpu      ] GC(64) User=0.00s Sys=0.00s Real=0.00s
[2021-04-20T02:53:35.787+0000][8][safepoint   ] Safepoint "G1Concurrent", Time since last: 61890652 ns, Reaching safepoint: 128736 ns, At safepoint: 117588 ns, Total: 246324 ns
[2021-04-20T02:53:35.787+0000][8][gc,marking  ] GC(64) Concurrent Cleanup for Next Mark
[2021-04-20T02:53:35.787+0000][8][gc,marking  ] GC(64) Concurrent Cleanup for Next Mark 0.129ms
[2021-04-20T02:53:35.787+0000][8][gc          ] GC(64) Concurrent Cycle 167.721ms
[2021-04-20T02:53:41.788+0000][8][safepoint   ] Safepoint "Cleanup", Time since last: 6000771530 ns, Reaching safepoint: 255928 ns, At safepoint: 27594 ns, Total: 283522 ns
[2021-04-20T02:53:50.789+0000][8][safepoint   ] Safepoint "Cleanup", Time since last: 9001166474 ns, Reaching safepoint: 299755 ns, At safepoint: 39565 ns, Total: 339320 ns
[2021-04-20T02:53:56.791+0000][8][safepoint   ] Safepoint "Cleanup", Time since last: 6001133955 ns, Reaching safepoint: 407776 ns, At safepoint: 37687 ns, Total: 445463 ns
[2021-04-20T02:54:02.792+0000][8][safepoint   ] Safepoint "Cleanup", Time since last: 6001021888 ns, Reaching safepoint: 291387 ns, At safepoint: 23136 ns, Total: 314523 ns
[2021-04-20T02:54:23.796+0000][8][safepoint   ] Safepoint "Cleanup", Time since last: 21002995783 ns, Reaching safepoint: 304451 ns, At safepoint: 34178 ns, Total: 338629 ns
[2021-04-20T02:54:47.799+0000][8][safepoint   ] Safepoint "Cleanup", Time since last: 24002898698 ns, Reaching safepoint: 365060 ns, At safepoint: 32187 ns, Total: 397247 ns
[2021-04-20T02:54:50.800+0000][8][safepoint   ] Safepoint "Cleanup", Time since last: 3000500478 ns, Reaching safepoint: 415622 ns, At safepoint: 32116 ns, Total: 447738 ns
[2021-04-20T02:54:57.169+0000][8][gc,start    ] GC(65) Pause Young (Normal) (G1 Evacuation Pause)
[2021-04-20T02:54:57.169+0000][8][gc,task     ] GC(65) Using 6 workers of 8 for evacuation
[2021-04-20T02:54:57.169+0000][8][gc,age      ] GC(65) Desired survivor size 6291456 bytes, new threshold 15 (max threshold 15)
[2021-04-20T02:54:57.179+0000][8][gc,age      ] GC(65) Age table with threshold 15 (max threshold 15)
[2021-04-20T02:54:57.179+0000][8][gc,age      ] GC(65) - age   1:     427160 bytes,     427160 total
[2021-04-20T02:54:57.179+0000][8][gc,age      ] GC(65) - age   2:      20176 bytes,     447336 total
[2021-04-20T02:54:57.179+0000][8][gc,age      ] GC(65) - age   3:      16408 bytes,     463744 total
[2021-04-20T02:54:57.179+0000][8][gc,age      ] GC(65) - age   4:     171856 bytes,     635600 total
[2021-04-20T02:54:57.179+0000][8][gc,age      ] GC(65) - age   5:       5288 bytes,     640888 total
[2021-04-20T02:54:57.179+0000][8][gc,age      ] GC(65) - age   6:      38296 bytes,     679184 total
[2021-04-20T02:54:57.179+0000][8][gc,age      ] GC(65) - age   7:       9544 bytes,     688728 total
[2021-04-20T02:54:57.179+0000][8][gc,age      ] GC(65) - age   8:       7040 bytes,     695768 total
[2021-04-20T02:54:57.179+0000][8][gc,age      ] GC(65) - age   9:      44272 bytes,     740040 total
[2021-04-20T02:54:57.179+0000][8][gc,age      ] GC(65) - age  10:     185472 bytes,     925512 total
[2021-04-20T02:54:57.179+0000][8][gc,age      ] GC(65) - age  11:      31992 bytes,     957504 total
[2021-04-20T02:54:57.179+0000][8][gc,age      ] GC(65) - age  12:      16920 bytes,     974424 total
[2021-04-20T02:54:57.180+0000][8][gc,age      ] GC(65) - age  13:       8912 bytes,     983336 total
[2021-04-20T02:54:57.180+0000][8][gc,age      ] GC(65) - age  14:     730176 bytes,    1713512 total
[2021-04-20T02:54:57.180+0000][8][gc,age      ] GC(65) - age  15:    1233296 bytes,    2946808 total
[2021-04-20T02:54:57.180+0000][8][gc,phases   ] GC(65)   Pre Evacuate Collection Set: 0.2ms
[2021-04-20T02:54:57.180+0000][8][gc,phases   ] GC(65)   Merge Heap Roots: 0.2ms
[2021-04-20T02:54:57.180+0000][8][gc,phases   ] GC(65)   Evacuate Collection Set: 8.2ms
[2021-04-20T02:54:57.180+0000][8][gc,phases   ] GC(65)   Post Evacuate Collection Set: 1.1ms
[2021-04-20T02:54:57.180+0000][8][gc,phases   ] GC(65)   Other: 0.7ms
[2021-04-20T02:54:57.180+0000][8][gc,heap     ] GC(65) Eden regions: 21->0(23)
[2021-04-20T02:54:57.180+0000][8][gc,heap     ] GC(65) Survivor regions: 2->1(3)
[2021-04-20T02:54:57.180+0000][8][gc,heap     ] GC(65) Old regions: 25->25
[2021-04-20T02:54:57.180+0000][8][gc,heap     ] GC(65) Archive regions: 2->2
[2021-04-20T02:54:57.180+0000][8][gc,heap     ] GC(65) Humongous regions: 2->2
[2021-04-20T02:54:57.180+0000][8][gc,metaspace] GC(65) Metaspace: 107816K(112712K)->107816K(112712K) NonClass: 93785K(97352K)->93785K(97352K) Class: 14030K(15360K)->14030K(15360K)
[2021-04-20T02:54:57.180+0000][8][gc          ] GC(65) Pause Young (Normal) (G1 Evacuation Pause) 198M->113M(256M) 10.594ms
[2021-04-20T02:54:57.180+0000][8][gc,cpu      ] GC(65) User=0.03s Sys=0.01s Real=0.01s
[2021-04-20T02:54:57.180+0000][8][safepoint   ] Safepoint "G1CollectForAllocation", Time since last: 6368845741 ns, Reaching safepoint: 370543 ns, At safepoint: 10753572 ns, Total: 11124115 ns
[2021-04-20T02:54:59.764+0000][8][safepoint   ] Safepoint "Cleanup", Time since last: 2583538305 ns, Reaching safepoint: 176920 ns, At safepoint: 14735 ns, Total: 191655 ns
[2021-04-20T02:55:00.764+0000][8][safepoint   ] Safepoint "Cleanup", Time since last: 1000277789 ns, Reaching safepoint: 161431 ns, At safepoint: 10327 ns, Total: 171758 ns
[2021-04-20T02:55:05.766+0000][8][safepoint   ] Safepoint "Cleanup", Time since last: 5001320426 ns, Reaching safepoint: 258188 ns, At safepoint: 25133 ns, Total: 283321 ns
[2021-04-20T02:55:17.768+0000][8][safepoint   ] Safepoint "Cleanup", Time since last: 12001821350 ns, Reaching safepoint: 304748 ns, At safepoint: 24783 ns, Total: 329531 ns
[2021-04-20T02:55:21.769+0000][8][safepoint   ] Safepoint "Cleanup", Time since last: 4000473747 ns, Reaching safepoint: 538903 ns, At safepoint: 61234 ns, Total: 600137 ns
[2021-04-20T02:55:22.770+0000][8][safepoint   ] Safepoint "Cleanup", Time since last: 1000331493 ns, Reaching safepoint: 374177 ns, At safepoint: 38270 ns, Total: 412447 ns
[2021-04-20T02:55:34.772+0000][8][safepoint   ] Safepoint "Cleanup", Time since last: 12001676762 ns, Reaching safepoint: 380667 ns, At safepoint: 32339 ns, Total: 413006 ns
[2021-04-20T02:55:35.772+0000][8][safepoint   ] Safepoint "Cleanup", Time since last: 1000295849 ns, Reaching safepoint: 373670 ns, At safepoint: 37036 ns, Total: 410706 ns
[2021-04-20T02:55:44.774+0000][8][safepoint   ] Safepoint "Cleanup", Time since last: 9001332665 ns, Reaching safepoint: 167323 ns, At safepoint: 9136 ns, Total: 176459 ns
[2021-04-20T02:55:50.775+0000][8][safepoint   ] Safepoint "Cleanup", Time since last: 6000961942 ns, Reaching safepoint: 385992 ns, At safepoint: 39057 ns, Total: 425049 ns
[2021-04-20T02:55:51.776+0000][8][safepoint   ] Safepoint "Cleanup", Time since last: 1000273023 ns, Reaching safepoint: 368092 ns, At safepoint: 35280 ns, Total: 403372 ns
[2021-04-20T02:56:02.778+0000][8][safepoint   ] Safepoint "Cleanup", Time since last: 11001996189 ns, Reaching safepoint: 236557 ns, At safepoint: 21069 ns, Total: 257626 ns
[2021-04-20T02:56:05.779+0000][8][safepoint   ] Safepoint "Cleanup", Time since last: 3000486940 ns, Reaching safepoint: 316310 ns, At safepoint: 28933 ns, Total: 345243 ns
[2021-04-20T02:56:10.780+0000][8][safepoint   ] Safepoint "Cleanup", Time since last: 5000875839 ns, Reaching safepoint: 282009 ns, At safepoint: 23657 ns, Total: 305666 ns
[2021-04-20T02:56:11.781+0000][8][safepoint   ] Safepoint "Cleanup", Time since last: 1000202846 ns, Reaching safepoint: 414639 ns, At safepoint: 31863 ns, Total: 446502 ns
[2021-04-20T02:56:12.781+0000][8][safepoint   ] Safepoint "Cleanup", Time since last: 1000236793 ns, Reaching safepoint: 113035 ns, At safepoint: 7163 ns, Total: 120198 ns
[2021-04-20T02:56:17.782+0000][8][safepoint   ] Safepoint "Cleanup", Time since last: 5000861978 ns, Reaching safepoint: 356513 ns, At safepoint: 21468 ns, Total: 377981 ns
[2021-04-20T02:56:21.261+0000][8][safepoint   ] Safepoint "Cleanup", Time since last: 3478600703 ns, Reaching safepoint: 387143 ns, At safepoint: 35074 ns, Total: 422217 ns
[2021-04-20T02:56:22.262+0000][8][safepoint   ] Safepoint "Cleanup", Time since last: 1000281423 ns, Reaching safepoint: 393909 ns, At safepoint: 30167 ns, Total: 424076 ns
[2021-04-20T02:56:24.263+0000][8][safepoint   ] Safepoint "Cleanup", Time since last: 2000388370 ns, Reaching safepoint: 331044 ns, At safepoint: 35846 ns, Total: 366890 ns
[2021-04-20T02:56:25.862+0000][8][gc,start    ] GC(66) Pause Young (Concurrent Start) (G1 Evacuation Pause)
[2021-04-20T02:56:25.862+0000][8][gc,task     ] GC(66) Using 6 workers of 8 for evacuation
[2021-04-20T02:56:25.862+0000][8][gc,age      ] GC(66) Desired survivor size 6291456 bytes, new threshold 15 (max threshold 15)
[2021-04-20T02:56:25.872+0000][8][gc,age      ] GC(66) Age table with threshold 15 (max threshold 15)
[2021-04-20T02:56:25.872+0000][8][gc,age      ] GC(66) - age   1:     796880 bytes,     796880 total
[2021-04-20T02:56:25.872+0000][8][gc,age      ] GC(66) - age   2:     314704 bytes,    1111584 total
[2021-04-20T02:56:25.872+0000][8][gc,age      ] GC(66) - age   3:      18288 bytes,    1129872 total
[2021-04-20T02:56:25.872+0000][8][gc,age      ] GC(66) - age   4:      15472 bytes,    1145344 total
[2021-04-20T02:56:25.872+0000][8][gc,age      ] GC(66) - age   5:     171616 bytes,    1316960 total
[2021-04-20T02:56:25.872+0000][8][gc,age      ] GC(66) - age   6:       5248 bytes,    1322208 total
[2021-04-20T02:56:25.872+0000][8][gc,age      ] GC(66) - age   7:      22080 bytes,    1344288 total
[2021-04-20T02:56:25.872+0000][8][gc,age      ] GC(66) - age   8:       9248 bytes,    1353536 total
[2021-04-20T02:56:25.872+0000][8][gc,age      ] GC(66) - age   9:       7040 bytes,    1360576 total
[2021-04-20T02:56:25.872+0000][8][gc,age      ] GC(66) - age  10:      44272 bytes,    1404848 total
[2021-04-20T02:56:25.872+0000][8][gc,age      ] GC(66) - age  11:     185472 bytes,    1590320 total
[2021-04-20T02:56:25.872+0000][8][gc,age      ] GC(66) - age  12:      31992 bytes,    1622312 total
[2021-04-20T02:56:25.872+0000][8][gc,age      ] GC(66) - age  13:      16920 bytes,    1639232 total
[2021-04-20T02:56:25.872+0000][8][gc,age      ] GC(66) - age  14:       8872 bytes,    1648104 total
[2021-04-20T02:56:25.872+0000][8][gc,age      ] GC(66) - age  15:     729824 bytes,    2377928 total
[2021-04-20T02:56:25.872+0000][8][gc,phases   ] GC(66)   Pre Evacuate Collection Set: 0.4ms
[2021-04-20T02:56:25.872+0000][8][gc,phases   ] GC(66)   Merge Heap Roots: 0.2ms
[2021-04-20T02:56:25.872+0000][8][gc,phases   ] GC(66)   Evacuate Collection Set: 8.1ms
[2021-04-20T02:56:25.872+0000][8][gc,phases   ] GC(66)   Post Evacuate Collection Set: 1.3ms
[2021-04-20T02:56:25.872+0000][8][gc,phases   ] GC(66)   Other: 0.6ms
[2021-04-20T02:56:25.872+0000][8][gc,heap     ] GC(66) Eden regions: 23->0(23)
[2021-04-20T02:56:25.873+0000][8][gc,heap     ] GC(66) Survivor regions: 1->1(3)
[2021-04-20T02:56:25.873+0000][8][gc,heap     ] GC(66) Old regions: 25->25
[2021-04-20T02:56:25.873+0000][8][gc,heap     ] GC(66) Archive regions: 2->2
[2021-04-20T02:56:25.873+0000][8][gc,heap     ] GC(66) Humongous regions: 2->2
[2021-04-20T02:56:25.873+0000][8][gc,metaspace] GC(66) Metaspace: 107918K(112712K)->107918K(112712K) NonClass: 93887K(97352K)->93887K(97352K) Class: 14030K(15360K)->14030K(15360K)
[2021-04-20T02:56:25.873+0000][8][gc          ] GC(66) Pause Young (Concurrent Start) (G1 Evacuation Pause) 205M->113M(256M) 10.840ms
[2021-04-20T02:56:25.873+0000][8][gc,cpu      ] GC(66) User=0.05s Sys=0.00s Real=0.01s
[2021-04-20T02:56:25.873+0000][8][safepoint   ] Safepoint "G1CollectForAllocation", Time since last: 1598317626 ns, Reaching safepoint: 409078 ns, At safepoint: 11010196 ns, Total: 11419274 ns
[2021-04-20T02:56:25.873+0000][8][gc          ] GC(67) Concurrent Cycle
[2021-04-20T02:56:25.873+0000][8][gc,marking  ] GC(67) Concurrent Clear Claimed Marks
[2021-04-20T02:56:25.873+0000][8][gc,marking  ] GC(67) Concurrent Clear Claimed Marks 0.110ms
[2021-04-20T02:56:25.873+0000][8][gc,marking  ] GC(67) Concurrent Scan Root Regions
[2021-04-20T02:56:25.876+0000][8][gc,marking  ] GC(67) Concurrent Scan Root Regions 2.981ms
[2021-04-20T02:56:25.876+0000][8][gc,marking  ] GC(67) Concurrent Mark (1507.861s)
[2021-04-20T02:56:25.876+0000][8][gc,marking  ] GC(67) Concurrent Mark From Roots
[2021-04-20T02:56:25.876+0000][8][gc,task     ] GC(67) Using 2 workers of 2 for marking
[2021-04-20T02:56:25.972+0000][8][gc,marking  ] GC(67) Concurrent Mark From Roots 95.912ms
[2021-04-20T02:56:25.972+0000][8][gc,marking  ] GC(67) Concurrent Preclean
[2021-04-20T02:56:25.972+0000][8][gc,marking  ] GC(67) Concurrent Preclean 0.243ms
[2021-04-20T02:56:25.972+0000][8][gc,marking  ] GC(67) Concurrent Mark (1507.861s, 1507.958s) 96.211ms
[2021-04-20T02:56:25.972+0000][8][gc,start    ] GC(67) Pause Remark
[2021-04-20T02:56:25.978+0000][8][gc          ] GC(67) Pause Remark 114M->114M(256M) 5.684ms
[2021-04-20T02:56:25.978+0000][8][gc,cpu      ] GC(67) User=0.04s Sys=0.00s Real=0.01s
[2021-04-20T02:56:25.978+0000][8][safepoint   ] Safepoint "G1Concurrent", Time since last: 99483271 ns, Reaching safepoint: 159251 ns, At safepoint: 5814667 ns, Total: 5973918 ns
[2021-04-20T02:56:25.978+0000][8][gc,marking  ] GC(67) Concurrent Rebuild Remembered Sets
[2021-04-20T02:56:26.039+0000][8][gc,marking  ] GC(67) Concurrent Rebuild Remembered Sets 60.737ms
[2021-04-20T02:56:26.039+0000][8][gc,start    ] GC(67) Pause Cleanup
[2021-04-20T02:56:26.039+0000][8][gc          ] GC(67) Pause Cleanup 114M->114M(256M) 0.077ms
[2021-04-20T02:56:26.039+0000][8][gc,cpu      ] GC(67) User=0.00s Sys=0.00s Real=0.00s
[2021-04-20T02:56:26.039+0000][8][safepoint   ] Safepoint "G1Concurrent", Time since last: 60874791 ns, Reaching safepoint: 151944 ns, At safepoint: 118389 ns, Total: 270333 ns
[2021-04-20T02:56:26.039+0000][8][gc,marking  ] GC(67) Concurrent Cleanup for Next Mark
[2021-04-20T02:56:26.040+0000][8][gc,marking  ] GC(67) Concurrent Cleanup for Next Mark 0.203ms
[2021-04-20T02:56:26.040+0000][8][gc          ] GC(67) Concurrent Cycle 166.859ms
[2021-04-20T02:56:42.042+0000][8][safepoint   ] Safepoint "Cleanup", Time since last: 16002264607 ns, Reaching safepoint: 307420 ns, At safepoint: 25980 ns, Total: 333400 ns
[2021-04-20T02:56:45.043+0000][8][safepoint   ] Safepoint "Cleanup", Time since last: 3000595505 ns, Reaching safepoint: 315378 ns, At safepoint: 23777 ns, Total: 339155 ns
[2021-04-20T02:56:51.044+0000][8][safepoint   ] Safepoint "Cleanup", Time since last: 6001058729 ns, Reaching safepoint: 358082 ns, At safepoint: 25914 ns, Total: 383996 ns
[2021-04-20T02:57:03.047+0000][8][safepoint   ] Safepoint "Cleanup", Time since last: 12002340682 ns, Reaching safepoint: 285901 ns, At safepoint: 26686 ns, Total: 312587 ns
[2021-04-20T02:57:06.048+0000][8][safepoint   ] Safepoint "Cleanup", Time since last: 3000497696 ns, Reaching safepoint: 318447 ns, At safepoint: 35035 ns, Total: 353482 ns
[2021-04-20T02:57:12.049+0000][8][safepoint   ] Safepoint "Cleanup", Time since last: 6000821587 ns, Reaching safepoint: 121121 ns, At safepoint: 7959 ns, Total: 129080 ns
[2021-04-20T02:57:13.049+0000][8][safepoint   ] Safepoint "Cleanup", Time since last: 1000132789 ns, Reaching safepoint: 131319 ns, At safepoint: 7314 ns, Total: 138633 ns
[2021-04-20T02:57:18.050+0000][8][safepoint   ] Safepoint "Cleanup", Time since last: 5000542426 ns, Reaching safepoint: 264007 ns, At safepoint: 23574 ns, Total: 287581 ns
[2021-04-20T02:57:22.051+0000][8][safepoint   ] Safepoint "Cleanup", Time since last: 4000680444 ns, Reaching safepoint: 317593 ns, At safepoint: 29801 ns, Total: 347394 ns
[2021-04-20T02:57:27.052+0000][8][safepoint   ] Safepoint "Cleanup", Time since last: 5000956827 ns, Reaching safepoint: 347872 ns, At safepoint: 31452 ns, Total: 379324 ns
[2021-04-20T02:57:33.016+0000][8][gc,start    ] GC(68) Pause Young (Normal) (G1 Evacuation Pause)
[2021-04-20T02:57:33.016+0000][8][gc,task     ] GC(68) Using 6 workers of 8 for evacuation
[2021-04-20T02:57:33.016+0000][8][gc,age      ] GC(68) Desired survivor size 6291456 bytes, new threshold 15 (max threshold 15)
[2021-04-20T02:57:33.024+0000][8][gc,age      ] GC(68) Age table with threshold 15 (max threshold 15)
[2021-04-20T02:57:33.024+0000][8][gc,age      ] GC(68) - age   1:    1056856 bytes,    1056856 total
[2021-04-20T02:57:33.024+0000][8][gc,age      ] GC(68) - age   2:     636936 bytes,    1693792 total
[2021-04-20T02:57:33.024+0000][8][gc,age      ] GC(68) - age   3:     298912 bytes,    1992704 total
[2021-04-20T02:57:33.024+0000][8][gc,age      ] GC(68) - age   4:      17840 bytes,    2010544 total
[2021-04-20T02:57:33.024+0000][8][gc,age      ] GC(68) - age   5:      15112 bytes,    2025656 total
[2021-04-20T02:57:33.024+0000][8][gc,age      ] GC(68) - age   6:     171488 bytes,    2197144 total
[2021-04-20T02:57:33.024+0000][8][gc,age      ] GC(68) - age   7:       5248 bytes,    2202392 total
[2021-04-20T02:57:33.024+0000][8][gc,age      ] GC(68) - age   8:      21752 bytes,    2224144 total
[2021-04-20T02:57:33.024+0000][8][gc,age      ] GC(68) - age   9:       9184 bytes,    2233328 total
[2021-04-20T02:57:33.024+0000][8][gc,age      ] GC(68) - age  10:       7040 bytes,    2240368 total
[2021-04-20T02:57:33.024+0000][8][gc,age      ] GC(68) - age  11:      44272 bytes,    2284640 total
[2021-04-20T02:57:33.024+0000][8][gc,age      ] GC(68) - age  12:     185472 bytes,    2470112 total
[2021-04-20T02:57:33.024+0000][8][gc,age      ] GC(68) - age  13:      31928 bytes,    2502040 total
[2021-04-20T02:57:33.024+0000][8][gc,age      ] GC(68) - age  14:      16792 bytes,    2518832 total
[2021-04-20T02:57:33.024+0000][8][gc,age      ] GC(68) - age  15:       8872 bytes,    2527704 total
[2021-04-20T02:57:33.024+0000][8][gc,phases   ] GC(68)   Pre Evacuate Collection Set: 0.1ms
[2021-04-20T02:57:33.024+0000][8][gc,phases   ] GC(68)   Merge Heap Roots: 0.1ms
[2021-04-20T02:57:33.024+0000][8][gc,phases   ] GC(68)   Evacuate Collection Set: 7.0ms
[2021-04-20T02:57:33.024+0000][8][gc,phases   ] GC(68)   Post Evacuate Collection Set: 0.7ms
[2021-04-20T02:57:33.024+0000][8][gc,phases   ] GC(68)   Other: 0.3ms
[2021-04-20T02:57:33.024+0000][8][gc,heap     ] GC(68) Eden regions: 23->0(22)
[2021-04-20T02:57:33.024+0000][8][gc,heap     ] GC(68) Survivor regions: 1->1(3)
[2021-04-20T02:57:33.024+0000][8][gc,heap     ] GC(68) Old regions: 25->26
[2021-04-20T02:57:33.024+0000][8][gc,heap     ] GC(68) Archive regions: 2->2
[2021-04-20T02:57:33.024+0000][8][gc,heap     ] GC(68) Humongous regions: 2->2
[2021-04-20T02:57:33.024+0000][8][gc,metaspace] GC(68) Metaspace: 108109K(112968K)->108109K(112968K) NonClass: 94078K(97608K)->94078K(97608K) Class: 14030K(15360K)->14030K(15360K)
[2021-04-20T02:57:33.024+0000][8][gc          ] GC(68) Pause Young (Normal) (G1 Evacuation Pause) 205M->114M(256M) 8.302ms
[2021-04-20T02:57:33.024+0000][8][gc,cpu      ] GC(68) User=0.03s Sys=0.00s Real=0.01s
[2021-04-20T02:57:33.024+0000][8][safepoint   ] Safepoint "G1CollectForAllocation", Time since last: 5963175031 ns, Reaching safepoint: 157805 ns, At safepoint: 8401888 ns, Total: 8559693 ns
[2021-04-20T02:57:34.025+0000][8][safepoint   ] Safepoint "Cleanup", Time since last: 1000181196 ns, Reaching safepoint: 397307 ns, At safepoint: 36471 ns, Total: 433778 ns
[2021-04-20T02:57:36.258+0000][8][safepoint   ] Safepoint "Cleanup", Time since last: 2233261118 ns, Reaching safepoint: 119935 ns, At safepoint: 9067 ns, Total: 129002 ns
[2021-04-20T02:57:50.261+0000][8][safepoint   ] Safepoint "Cleanup", Time since last: 14002481115 ns, Reaching safepoint: 417025 ns, At safepoint: 33473 ns, Total: 450498 ns
[2021-04-20T02:57:52.262+0000][8][safepoint   ] Safepoint "Cleanup", Time since last: 2000999365 ns, Reaching safepoint: 406749 ns, At safepoint: 42177 ns, Total: 448926 ns
[2021-04-20T02:58:08.265+0000][8][safepoint   ] Safepoint "Cleanup", Time since last: 16002332435 ns, Reaching safepoint: 424148 ns, At safepoint: 41992 ns, Total: 466140 ns
[2021-04-20T02:58:09.266+0000][8][safepoint   ] Safepoint "Cleanup", Time since last: 1000288120 ns, Reaching safepoint: 411688 ns, At safepoint: 32715 ns, Total: 444403 ns
[2021-04-20T02:58:14.267+0000][8][safepoint   ] Safepoint "Cleanup", Time since last: 5001024145 ns, Reaching safepoint: 276116 ns, At safepoint: 28749 ns, Total: 304865 ns
[2021-04-20T02:58:19.268+0000][8][safepoint   ] Safepoint "Cleanup", Time since last: 5000761603 ns, Reaching safepoint: 102381 ns, At safepoint: 9079 ns, Total: 111460 ns
[2021-04-20T02:58:20.269+0000][8][safepoint   ] Safepoint "Cleanup", Time since last: 1000153142 ns, Reaching safepoint: 903504 ns, At safepoint: 53912 ns, Total: 957416 ns
[2021-04-20T02:58:21.270+0000][8][safepoint   ] Safepoint "Cleanup", Time since last: 1000557394 ns, Reaching safepoint: 169093 ns, At safepoint: 16358 ns, Total: 185451 ns
[2021-04-20T02:58:22.271+0000][8][safepoint   ] Safepoint "Cleanup", Time since last: 1000244245 ns, Reaching safepoint: 416597 ns, At safepoint: 40737 ns, Total: 457334 ns
[2021-04-20T02:58:30.272+0000][8][safepoint   ] Safepoint "Cleanup", Time since last: 8001554297 ns, Reaching safepoint: 327768 ns, At safepoint: 31584 ns, Total: 359352 ns
[2021-04-20T02:58:32.273+0000][8][safepoint   ] Safepoint "Cleanup", Time since last: 2000395793 ns, Reaching safepoint: 288652 ns, At safepoint: 27304 ns, Total: 315956 ns
[2021-04-20T02:58:38.275+0000][8][safepoint   ] Safepoint "Cleanup", Time since last: 6001443452 ns, Reaching safepoint: 190327 ns, At safepoint: 13018 ns, Total: 203345 ns
[2021-04-20T02:58:44.276+0000][8][safepoint   ] Safepoint "Cleanup", Time since last: 6000933745 ns, Reaching safepoint: 96784 ns, At safepoint: 9373 ns, Total: 106157 ns
[2021-04-20T02:58:50.277+0000][8][safepoint   ] Safepoint "Cleanup", Time since last: 6001081830 ns, Reaching safepoint: 140381 ns, At safepoint: 10156 ns, Total: 150537 ns
[2021-04-20T02:59:08.280+0000][8][safepoint   ] Safepoint "Cleanup", Time since last: 18002842737 ns, Reaching safepoint: 354587 ns, At safepoint: 25555 ns, Total: 380142 ns
[2021-04-20T02:59:10.281+0000][8][safepoint   ] Safepoint "Cleanup", Time since last: 2000443159 ns, Reaching safepoint: 370618 ns, At safepoint: 33836 ns, Total: 404454 ns
[2021-04-20T02:59:11.308+0000][8][gc,start    ] GC(69) Pause Young (Concurrent Start) (G1 Evacuation Pause)
[2021-04-20T02:59:11.308+0000][8][gc,task     ] GC(69) Using 6 workers of 8 for evacuation
[2021-04-20T02:59:11.308+0000][8][gc,age      ] GC(69) Desired survivor size 6291456 bytes, new threshold 15 (max threshold 15)
[2021-04-20T02:59:11.312+0000][8][gc,age      ] GC(69) Age table with threshold 15 (max threshold 15)
[2021-04-20T02:59:11.312+0000][8][gc,age      ] GC(69) - age   1:    1218664 bytes,    1218664 total
[2021-04-20T02:59:11.312+0000][8][gc,age      ] GC(69) - age   2:      67288 bytes,    1285952 total
[2021-04-20T02:59:11.312+0000][8][gc,age      ] GC(69) - age   3:       8544 bytes,    1294496 total
[2021-04-20T02:59:11.312+0000][8][gc,age      ] GC(69) - age   4:     162992 bytes,    1457488 total
[2021-04-20T02:59:11.312+0000][8][gc,age      ] GC(69) - age   5:       2104 bytes,    1459592 total
[2021-04-20T02:59:11.313+0000][8][gc,age      ] GC(69) - age   6:       8528 bytes,    1468120 total
[2021-04-20T02:59:11.313+0000][8][gc,age      ] GC(69) - age   7:       5064 bytes,    1473184 total
[2021-04-20T02:59:11.313+0000][8][gc,age      ] GC(69) - age   8:       5248 bytes,    1478432 total
[2021-04-20T02:59:11.313+0000][8][gc,age      ] GC(69) - age   9:      21728 bytes,    1500160 total
[2021-04-20T02:59:11.313+0000][8][gc,age      ] GC(69) - age  10:       9144 bytes,    1509304 total
[2021-04-20T02:59:11.313+0000][8][gc,age      ] GC(69) - age  11:       6744 bytes,    1516048 total
[2021-04-20T02:59:11.313+0000][8][gc,age      ] GC(69) - age  12:      44232 bytes,    1560280 total
[2021-04-20T02:59:11.313+0000][8][gc,age      ] GC(69) - age  13:     185472 bytes,    1745752 total
[2021-04-20T02:59:11.313+0000][8][gc,age      ] GC(69) - age  14:      31928 bytes,    1777680 total
[2021-04-20T02:59:11.313+0000][8][gc,age      ] GC(69) - age  15:      16792 bytes,    1794472 total
[2021-04-20T02:59:11.313+0000][8][gc,phases   ] GC(69)   Pre Evacuate Collection Set: 0.2ms
[2021-04-20T02:59:11.313+0000][8][gc,phases   ] GC(69)   Merge Heap Roots: 0.1ms
[2021-04-20T02:59:11.313+0000][8][gc,phases   ] GC(69)   Evacuate Collection Set: 3.1ms
[2021-04-20T02:59:11.313+0000][8][gc,phases   ] GC(69)   Post Evacuate Collection Set: 0.8ms
[2021-04-20T02:59:11.313+0000][8][gc,phases   ] GC(69)   Other: 0.4ms
[2021-04-20T02:59:11.313+0000][8][gc,heap     ] GC(69) Eden regions: 22->0(22)
[2021-04-20T02:59:11.313+0000][8][gc,heap     ] GC(69) Survivor regions: 1->1(3)
[2021-04-20T02:59:11.313+0000][8][gc,heap     ] GC(69) Old regions: 26->26
[2021-04-20T02:59:11.313+0000][8][gc,heap     ] GC(69) Archive regions: 2->2
[2021-04-20T02:59:11.313+0000][8][gc,heap     ] GC(69) Humongous regions: 2->2
[2021-04-20T02:59:11.313+0000][8][gc,metaspace] GC(69) Metaspace: 108144K(112968K)->108144K(112968K) NonClass: 94113K(97608K)->94113K(97608K) Class: 14030K(15360K)->14030K(15360K)
[2021-04-20T02:59:11.313+0000][8][gc          ] GC(69) Pause Young (Concurrent Start) (G1 Evacuation Pause) 202M->114M(256M) 4.688ms
[2021-04-20T02:59:11.313+0000][8][gc,cpu      ] GC(69) User=0.02s Sys=0.00s Real=0.00s
[2021-04-20T02:59:11.313+0000][8][safepoint   ] Safepoint "G1CollectForAllocation", Time since last: 1026759185 ns, Reaching safepoint: 139316 ns, At safepoint: 4801856 ns, Total: 4941172 ns
[2021-04-20T02:59:11.313+0000][8][gc          ] GC(70) Concurrent Cycle
[2021-04-20T02:59:11.313+0000][8][gc,marking  ] GC(70) Concurrent Clear Claimed Marks
[2021-04-20T02:59:11.313+0000][8][gc,marking  ] GC(70) Concurrent Clear Claimed Marks 0.121ms
[2021-04-20T02:59:11.313+0000][8][gc,marking  ] GC(70) Concurrent Scan Root Regions
[2021-04-20T02:59:11.316+0000][8][gc,marking  ] GC(70) Concurrent Scan Root Regions 2.756ms
[2021-04-20T02:59:11.316+0000][8][gc,marking  ] GC(70) Concurrent Mark (1673.302s)
[2021-04-20T02:59:11.316+0000][8][gc,marking  ] GC(70) Concurrent Mark From Roots
[2021-04-20T02:59:11.316+0000][8][gc,task     ] GC(70) Using 2 workers of 2 for marking
[2021-04-20T02:59:11.423+0000][8][gc,marking  ] GC(70) Concurrent Mark From Roots 106.840ms
[2021-04-20T02:59:11.423+0000][8][gc,marking  ] GC(70) Concurrent Preclean
[2021-04-20T02:59:11.423+0000][8][gc,marking  ] GC(70) Concurrent Preclean 0.254ms
[2021-04-20T02:59:11.423+0000][8][gc,marking  ] GC(70) Concurrent Mark (1673.302s, 1673.409s) 107.153ms
[2021-04-20T02:59:11.423+0000][8][gc,start    ] GC(70) Pause Remark
[2021-04-20T02:59:11.434+0000][8][gc          ] GC(70) Pause Remark 120M->120M(256M) 11.187ms
[2021-04-20T02:59:11.434+0000][8][gc,cpu      ] GC(70) User=0.07s Sys=0.00s Real=0.01s
[2021-04-20T02:59:11.434+0000][8][safepoint   ] Safepoint "G1Concurrent", Time since last: 110206812 ns, Reaching safepoint: 120431 ns, At safepoint: 11267941 ns, Total: 11388372 ns
[2021-04-20T02:59:11.435+0000][8][gc,marking  ] GC(70) Concurrent Rebuild Remembered Sets
[2021-04-20T02:59:11.503+0000][8][gc,marking  ] GC(70) Concurrent Rebuild Remembered Sets 68.345ms
[2021-04-20T02:59:11.503+0000][8][gc,start    ] GC(70) Pause Cleanup
[2021-04-20T02:59:11.503+0000][8][gc          ] GC(70) Pause Cleanup 120M->120M(256M) 0.134ms
[2021-04-20T02:59:11.503+0000][8][gc,cpu      ] GC(70) User=0.00s Sys=0.00s Real=0.00s
[2021-04-20T02:59:11.503+0000][8][safepoint   ] Safepoint "G1Concurrent", Time since last: 68499022 ns, Reaching safepoint: 230399 ns, At safepoint: 185556 ns, Total: 415955 ns
[2021-04-20T02:59:11.503+0000][8][gc,marking  ] GC(70) Concurrent Cleanup for Next Mark
[2021-04-20T02:59:11.504+0000][8][gc,marking  ] GC(70) Concurrent Cleanup for Next Mark 0.202ms
[2021-04-20T02:59:11.504+0000][8][gc          ] GC(70) Concurrent Cycle 190.756ms
[2021-04-20T02:59:12.124+0000][8][safepoint   ] Safepoint "ICBufferFull", Time since last: 620310858 ns, Reaching safepoint: 248065 ns, At safepoint: 14044 ns, Total: 262109 ns
[2021-04-20T02:59:13.125+0000][8][safepoint   ] Safepoint "Cleanup", Time since last: 1000148106 ns, Reaching safepoint: 441319 ns, At safepoint: 44072 ns, Total: 485391 ns
[2021-04-20T02:59:14.126+0000][8][safepoint   ] Safepoint "Cleanup", Time since last: 1000499897 ns, Reaching safepoint: 408796 ns, At safepoint: 27374 ns, Total: 436170 ns
[2021-04-20T02:59:15.127+0000][8][safepoint   ] Safepoint "Cleanup", Time since last: 1000408089 ns, Reaching safepoint: 742943 ns, At safepoint: 44148 ns, Total: 787091 ns
[2021-04-20T02:59:16.127+0000][8][safepoint   ] Safepoint "Cleanup", Time since last: 1000261622 ns, Reaching safepoint: 385412 ns, At safepoint: 40885 ns, Total: 426297 ns
[2021-04-20T02:59:17.128+0000][8][safepoint   ] Safepoint "Cleanup", Time since last: 1000257472 ns, Reaching safepoint: 311265 ns, At safepoint: 21134 ns, Total: 332399 ns
[2021-04-20T02:59:18.129+0000][8][safepoint   ] Safepoint "Cleanup", Time since last: 1000192875 ns, Reaching safepoint: 268598 ns, At safepoint: 65800 ns, Total: 334398 ns
[2021-04-20T02:59:19.129+0000][8][safepoint   ] Safepoint "Cleanup", Time since last: 1000218097 ns, Reaching safepoint: 380171 ns, At safepoint: 33077 ns, Total: 413248 ns
[2021-04-20T02:59:21.130+0000][8][safepoint   ] Safepoint "Cleanup", Time since last: 2000405703 ns, Reaching safepoint: 358586 ns, At safepoint: 25931 ns, Total: 384517 ns
[2021-04-20T02:59:22.131+0000][8][safepoint   ] Safepoint "Cleanup", Time since last: 1000216924 ns, Reaching safepoint: 399097 ns, At safepoint: 48604 ns, Total: 447701 ns
[2021-04-20T02:59:29.132+0000][8][safepoint   ] Safepoint "Cleanup", Time since last: 7001028442 ns, Reaching safepoint: 412182 ns, At safepoint: 41557 ns, Total: 453739 ns
[2021-04-20T02:59:30.133+0000][8][safepoint   ] Safepoint "Cleanup", Time since last: 1000240103 ns, Reaching safepoint: 287106 ns, At safepoint: 22451 ns, Total: 309557 ns
[2021-04-20T02:59:41.135+0000][8][safepoint   ] Safepoint "Cleanup", Time since last: 11002080872 ns, Reaching safepoint: 215976 ns, At safepoint: 11160 ns, Total: 227136 ns
[2021-04-20T02:59:47.136+0000][8][safepoint   ] Safepoint "Cleanup", Time since last: 6000949219 ns, Reaching safepoint: 127398 ns, At safepoint: 6942 ns, Total: 134340 ns
[2021-04-20T02:59:48.137+0000][8][safepoint   ] Safepoint "Cleanup", Time since last: 1000146331 ns, Reaching safepoint: 416260 ns, At safepoint: 34027 ns, Total: 450287 ns
[2021-04-20T02:59:50.137+0000][8][safepoint   ] Safepoint "Cleanup", Time since last: 2000332222 ns, Reaching safepoint: 382152 ns, At safepoint: 22105 ns, Total: 404257 ns
[2021-04-20T02:59:52.138+0000][8][safepoint   ] Safepoint "Cleanup", Time since last: 2000317406 ns, Reaching safepoint: 215436 ns, At safepoint: 20075 ns, Total: 235511 ns
[2021-04-20T03:00:02.140+0000][8][safepoint   ] Safepoint "Cleanup", Time since last: 10001477651 ns, Reaching safepoint: 360069 ns, At safepoint: 26881 ns, Total: 386950 ns
[2021-04-20T03:00:15.142+0000][8][safepoint   ] Safepoint "Cleanup", Time since last: 13002110849 ns, Reaching safepoint: 545710 ns, At safepoint: 29729 ns, Total: 575439 ns
[2021-04-20T03:00:16.143+0000][8][safepoint   ] Safepoint "Cleanup", Time since last: 1000241881 ns, Reaching safepoint: 373255 ns, At safepoint: 39980 ns, Total: 413235 ns
[2021-04-20T03:00:19.144+0000][8][safepoint   ] Safepoint "Cleanup", Time since last: 3000474213 ns, Reaching safepoint: 277359 ns, At safepoint: 38021 ns, Total: 315380 ns
[2021-04-20T03:00:22.145+0000][8][safepoint   ] Safepoint "Cleanup", Time since last: 3000762003 ns, Reaching safepoint: 272655 ns, At safepoint: 26809 ns, Total: 299464 ns
[2021-04-20T03:00:27.147+0000][8][safepoint   ] Safepoint "Cleanup", Time since last: 5001477677 ns, Reaching safepoint: 309015 ns, At safepoint: 39411 ns, Total: 348426 ns
[2021-04-20T03:00:36.238+0000][8][gc,start    ] GC(71) Pause Young (Normal) (G1 Evacuation Pause)
[2021-04-20T03:00:36.238+0000][8][gc,task     ] GC(71) Using 6 workers of 8 for evacuation
[2021-04-20T03:00:36.238+0000][8][gc,age      ] GC(71) Desired survivor size 6291456 bytes, new threshold 15 (max threshold 15)
[2021-04-20T03:00:36.247+0000][8][gc,age      ] GC(71) Age table with threshold 15 (max threshold 15)
[2021-04-20T03:00:36.247+0000][8][gc,age      ] GC(71) - age   1:     804488 bytes,     804488 total
[2021-04-20T03:00:36.247+0000][8][gc,age      ] GC(71) - age   2:     462816 bytes,    1267304 total
[2021-04-20T03:00:36.247+0000][8][gc,age      ] GC(71) - age   3:      66184 bytes,    1333488 total
[2021-04-20T03:00:36.247+0000][8][gc,age      ] GC(71) - age   4:       8232 bytes,    1341720 total
[2021-04-20T03:00:36.247+0000][8][gc,age      ] GC(71) - age   5:     162592 bytes,    1504312 total
[2021-04-20T03:00:36.247+0000][8][gc,age      ] GC(71) - age   6:       2040 bytes,    1506352 total
[2021-04-20T03:00:36.247+0000][8][gc,age      ] GC(71) - age   7:       8528 bytes,    1514880 total
[2021-04-20T03:00:36.247+0000][8][gc,age      ] GC(71) - age   8:       4968 bytes,    1519848 total
[2021-04-20T03:00:36.247+0000][8][gc,age      ] GC(71) - age   9:       5184 bytes,    1525032 total
[2021-04-20T03:00:36.247+0000][8][gc,age      ] GC(71) - age  10:      21664 bytes,    1546696 total
[2021-04-20T03:00:36.247+0000][8][gc,age      ] GC(71) - age  11:       9144 bytes,    1555840 total
[2021-04-20T03:00:36.247+0000][8][gc,age      ] GC(71) - age  12:       6680 bytes,    1562520 total
[2021-04-20T03:00:36.247+0000][8][gc,age      ] GC(71) - age  13:      44232 bytes,    1606752 total
[2021-04-20T03:00:36.247+0000][8][gc,age      ] GC(71) - age  14:     185408 bytes,    1792160 total
[2021-04-20T03:00:36.247+0000][8][gc,age      ] GC(71) - age  15:      31928 bytes,    1824088 total
[2021-04-20T03:00:36.247+0000][8][gc,phases   ] GC(71)   Pre Evacuate Collection Set: 0.2ms
[2021-04-20T03:00:36.248+0000][8][gc,phases   ] GC(71)   Merge Heap Roots: 0.2ms
[2021-04-20T03:00:36.248+0000][8][gc,phases   ] GC(71)   Evacuate Collection Set: 6.0ms
[2021-04-20T03:00:36.248+0000][8][gc,phases   ] GC(71)   Post Evacuate Collection Set: 2.6ms
[2021-04-20T03:00:36.248+0000][8][gc,phases   ] GC(71)   Other: 0.9ms
[2021-04-20T03:00:36.248+0000][8][gc,heap     ] GC(71) Eden regions: 22->0(22)
[2021-04-20T03:00:36.248+0000][8][gc,heap     ] GC(71) Survivor regions: 1->1(3)
[2021-04-20T03:00:36.248+0000][8][gc,heap     ] GC(71) Old regions: 26->26
[2021-04-20T03:00:36.248+0000][8][gc,heap     ] GC(71) Archive regions: 2->2
[2021-04-20T03:00:36.248+0000][8][gc,heap     ] GC(71) Humongous regions: 2->2
[2021-04-20T03:00:36.248+0000][8][gc,metaspace] GC(71) Metaspace: 108158K(112968K)->108158K(112968K) NonClass: 94137K(97608K)->94137K(97608K) Class: 14020K(15360K)->14020K(15360K)
[2021-04-20T03:00:36.248+0000][8][gc          ] GC(71) Pause Young (Normal) (G1 Evacuation Pause) 202M->114M(256M) 10.361ms
[2021-04-20T03:00:36.248+0000][8][gc,cpu      ] GC(71) User=0.04s Sys=0.00s Real=0.01s
[2021-04-20T03:00:36.248+0000][8][safepoint   ] Safepoint "G1CollectForAllocation", Time since last: 9090242580 ns, Reaching safepoint: 526403 ns, At safepoint: 10671464 ns, Total: 11197867 ns
[2021-04-20T03:00:50.251+0000][8][safepoint   ] Safepoint "Cleanup", Time since last: 14002730774 ns, Reaching safepoint: 346103 ns, At safepoint: 28525 ns, Total: 374628 ns
[2021-04-20T03:00:54.252+0000][8][safepoint   ] Safepoint "Cleanup", Time since last: 4000610112 ns, Reaching safepoint: 151402 ns, At safepoint: 15020 ns, Total: 166422 ns
[2021-04-20T03:01:06.254+0000][8][safepoint   ] Safepoint "Cleanup", Time since last: 12001672227 ns, Reaching safepoint: 332857 ns, At safepoint: 32002 ns, Total: 364859 ns
[2021-04-20T03:01:09.255+0000][8][safepoint   ] Safepoint "Cleanup", Time since last: 3000601555 ns, Reaching safepoint: 378370 ns, At safepoint: 31765 ns, Total: 410135 ns
[2021-04-20T03:01:18.257+0000][8][safepoint   ] Safepoint "Cleanup", Time since last: 9001333580 ns, Reaching safepoint: 112730 ns, At safepoint: 11587 ns, Total: 124317 ns
[2021-04-20T03:01:19.257+0000][8][safepoint   ] Safepoint "Cleanup", Time since last: 1000170536 ns, Reaching safepoint: 356895 ns, At safepoint: 37977 ns, Total: 394872 ns
[2021-04-20T03:01:42.261+0000][8][safepoint   ] Safepoint "Cleanup", Time since last: 23003335416 ns, Reaching safepoint: 293298 ns, At safepoint: 18476 ns, Total: 311774 ns
[2021-04-20T03:01:47.262+0000][8][safepoint   ] Safepoint "Cleanup", Time since last: 5000695821 ns, Reaching safepoint: 425547 ns, At safepoint: 33126 ns, Total: 458673 ns
[2021-04-20T03:01:48.263+0000][8][safepoint   ] Safepoint "Cleanup", Time since last: 1000219280 ns, Reaching safepoint: 339250 ns, At safepoint: 26464 ns, Total: 365714 ns
[2021-04-20T03:01:50.263+0000][8][safepoint   ] Safepoint "Cleanup", Time since last: 2000278680 ns, Reaching safepoint: 381772 ns, At safepoint: 27449 ns, Total: 409221 ns
[2021-04-20T03:01:51.264+0000][8][safepoint   ] Safepoint "Cleanup", Time since last: 1000205843 ns, Reaching safepoint: 293070 ns, At safepoint: 33108 ns, Total: 326178 ns
[2021-04-20T03:01:52.264+0000][8][safepoint   ] Safepoint "Cleanup", Time since last: 1000281524 ns, Reaching safepoint: 349144 ns, At safepoint: 30633 ns, Total: 379777 ns
[2021-04-20T03:01:59.301+0000][8][gc,start    ] GC(72) Pause Young (Concurrent Start) (G1 Evacuation Pause)
[2021-04-20T03:01:59.301+0000][8][gc,task     ] GC(72) Using 6 workers of 8 for evacuation
[2021-04-20T03:01:59.301+0000][8][gc,age      ] GC(72) Desired survivor size 6291456 bytes, new threshold 15 (max threshold 15)
[2021-04-20T03:01:59.305+0000][8][gc,age      ] GC(72) Age table with threshold 15 (max threshold 15)
[2021-04-20T03:01:59.305+0000][8][gc,age      ] GC(72) - age   1:     759032 bytes,     759032 total
[2021-04-20T03:01:59.305+0000][8][gc,age      ] GC(72) - age   2:     630296 bytes,    1389328 total
[2021-04-20T03:01:59.305+0000][8][gc,age      ] GC(72) - age   3:     462320 bytes,    1851648 total
[2021-04-20T03:01:59.305+0000][8][gc,age      ] GC(72) - age   4:      65752 bytes,    1917400 total
[2021-04-20T03:01:59.305+0000][8][gc,age      ] GC(72) - age   5:       7808 bytes,    1925208 total
[2021-04-20T03:01:59.305+0000][8][gc,age      ] GC(72) - age   6:     162560 bytes,    2087768 total
[2021-04-20T03:01:59.305+0000][8][gc,age      ] GC(72) - age   7:       2040 bytes,    2089808 total
[2021-04-20T03:01:59.305+0000][8][gc,age      ] GC(72) - age   8:       5264 bytes,    2095072 total
[2021-04-20T03:01:59.305+0000][8][gc,age      ] GC(72) - age   9:       4664 bytes,    2099736 total
[2021-04-20T03:01:59.305+0000][8][gc,age      ] GC(72) - age  10:       5120 bytes,    2104856 total
[2021-04-20T03:01:59.305+0000][8][gc,age      ] GC(72) - age  11:      21664 bytes,    2126520 total
[2021-04-20T03:01:59.305+0000][8][gc,age      ] GC(72) - age  12:       8936 bytes,    2135456 total
[2021-04-20T03:01:59.305+0000][8][gc,age      ] GC(72) - age  13:       6640 bytes,    2142096 total
[2021-04-20T03:01:59.305+0000][8][gc,age      ] GC(72) - age  14:      44232 bytes,    2186328 total
[2021-04-20T03:01:59.305+0000][8][gc,age      ] GC(72) - age  15:     185408 bytes,    2371736 total
[2021-04-20T03:01:59.305+0000][8][gc,phases   ] GC(72)   Pre Evacuate Collection Set: 0.2ms
[2021-04-20T03:01:59.305+0000][8][gc,phases   ] GC(72)   Merge Heap Roots: 0.1ms
[2021-04-20T03:01:59.305+0000][8][gc,phases   ] GC(72)   Evacuate Collection Set: 3.1ms
[2021-04-20T03:01:59.305+0000][8][gc,phases   ] GC(72)   Post Evacuate Collection Set: 1.0ms
[2021-04-20T03:01:59.305+0000][8][gc,phases   ] GC(72)   Other: 0.4ms
[2021-04-20T03:01:59.305+0000][8][gc,heap     ] GC(72) Eden regions: 22->0(22)
[2021-04-20T03:01:59.305+0000][8][gc,heap     ] GC(72) Survivor regions: 1->1(3)
[2021-04-20T03:01:59.305+0000][8][gc,heap     ] GC(72) Old regions: 26->26
[2021-04-20T03:01:59.305+0000][8][gc,heap     ] GC(72) Archive regions: 2->2
[2021-04-20T03:01:59.305+0000][8][gc,heap     ] GC(72) Humongous regions: 2->2
[2021-04-20T03:01:59.305+0000][8][gc,metaspace] GC(72) Metaspace: 108242K(113224K)->108242K(113224K) NonClass: 94221K(97864K)->94221K(97864K) Class: 14020K(15360K)->14020K(15360K)
[2021-04-20T03:01:59.305+0000][8][gc          ] GC(72) Pause Young (Concurrent Start) (G1 Evacuation Pause) 202M->114M(256M) 4.911ms
[2021-04-20T03:01:59.305+0000][8][gc,cpu      ] GC(72) User=0.02s Sys=0.00s Real=0.01s
[2021-04-20T03:01:59.305+0000][8][gc          ] GC(73) Concurrent Cycle
[2021-04-20T03:01:59.306+0000][8][gc,marking  ] GC(73) Concurrent Clear Claimed Marks
[2021-04-20T03:01:59.305+0000][8][safepoint   ] Safepoint "G1CollectForAllocation", Time since last: 7035840765 ns, Reaching safepoint: 162873 ns, At safepoint: 5015595 ns, Total: 5178468 ns
[2021-04-20T03:01:59.306+0000][8][gc,marking  ] GC(73) Concurrent Clear Claimed Marks 0.096ms
[2021-04-20T03:01:59.306+0000][8][gc,marking  ] GC(73) Concurrent Scan Root Regions
[2021-04-20T03:01:59.308+0000][8][gc,marking  ] GC(73) Concurrent Scan Root Regions 2.615ms
[2021-04-20T03:01:59.308+0000][8][gc,marking  ] GC(73) Concurrent Mark (1841.294s)
[2021-04-20T03:01:59.308+0000][8][gc,marking  ] GC(73) Concurrent Mark From Roots
[2021-04-20T03:01:59.308+0000][8][gc,task     ] GC(73) Using 2 workers of 2 for marking
[2021-04-20T03:01:59.411+0000][8][gc,marking  ] GC(73) Concurrent Mark From Roots 103.024ms
[2021-04-20T03:01:59.411+0000][8][gc,marking  ] GC(73) Concurrent Preclean
[2021-04-20T03:01:59.412+0000][8][gc,marking  ] GC(73) Concurrent Preclean 0.248ms
[2021-04-20T03:01:59.412+0000][8][gc,marking  ] GC(73) Concurrent Mark (1841.294s, 1841.397s) 103.324ms
[2021-04-20T03:01:59.412+0000][8][gc,start    ] GC(73) Pause Remark
[2021-04-20T03:01:59.417+0000][8][gc          ] GC(73) Pause Remark 116M->116M(256M) 5.307ms
[2021-04-20T03:01:59.417+0000][8][gc,cpu      ] GC(73) User=0.03s Sys=0.00s Real=0.01s
[2021-04-20T03:01:59.417+0000][8][safepoint   ] Safepoint "G1Concurrent", Time since last: 106150825 ns, Reaching safepoint: 113871 ns, At safepoint: 5379813 ns, Total: 5493684 ns
[2021-04-20T03:01:59.417+0000][8][gc,marking  ] GC(73) Concurrent Rebuild Remembered Sets
[2021-04-20T03:01:59.480+0000][8][gc,marking  ] GC(73) Concurrent Rebuild Remembered Sets 62.471ms
[2021-04-20T03:01:59.480+0000][8][gc,start    ] GC(73) Pause Cleanup
[2021-04-20T03:01:59.480+0000][8][gc          ] GC(73) Pause Cleanup 116M->116M(256M) 0.078ms
[2021-04-20T03:01:59.480+0000][8][gc,cpu      ] GC(73) User=0.00s Sys=0.00s Real=0.00s
[2021-04-20T03:01:59.480+0000][8][safepoint   ] Safepoint "G1Concurrent", Time since last: 62581271 ns, Reaching safepoint: 182869 ns, At safepoint: 120442 ns, Total: 303311 ns
[2021-04-20T03:01:59.480+0000][8][gc,marking  ] GC(73) Concurrent Cleanup for Next Mark
[2021-04-20T03:01:59.480+0000][8][gc,marking  ] GC(73) Concurrent Cleanup for Next Mark 0.222ms
[2021-04-20T03:01:59.480+0000][8][gc          ] GC(73) Concurrent Cycle 174.795ms
[2021-04-20T03:02:05.482+0000][8][safepoint   ] Safepoint "Cleanup", Time since last: 6001173625 ns, Reaching safepoint: 326065 ns, At safepoint: 29152 ns, Total: 355217 ns
[2021-04-20T03:02:18.484+0000][8][safepoint   ] Safepoint "Cleanup", Time since last: 13002034519 ns, Reaching safepoint: 363707 ns, At safepoint: 26104 ns, Total: 389811 ns
[2021-04-20T03:02:20.331+0000][8][safepoint   ] Safepoint "ICBufferFull", Time since last: 1846479107 ns, Reaching safepoint: 281270 ns, At safepoint: 15842 ns, Total: 297112 ns
[2021-04-20T03:02:21.332+0000][8][safepoint   ] Safepoint "Cleanup", Time since last: 1000195699 ns, Reaching safepoint: 607913 ns, At safepoint: 34473 ns, Total: 642386 ns
[2021-04-20T03:02:22.332+0000][8][safepoint   ] Safepoint "Cleanup", Time since last: 1000201924 ns, Reaching safepoint: 95874 ns, At safepoint: 5588 ns, Total: 101462 ns
[2021-04-20T03:02:35.334+0000][8][safepoint   ] Safepoint "Cleanup", Time since last: 13001402823 ns, Reaching safepoint: 325866 ns, At safepoint: 27809 ns, Total: 353675 ns
[2021-04-20T03:02:36.334+0000][8][safepoint   ] Safepoint "Cleanup", Time since last: 1000222197 ns, Reaching safepoint: 323649 ns, At safepoint: 15166 ns, Total: 338815 ns
[2021-04-20T03:02:37.335+0000][8][safepoint   ] Safepoint "Cleanup", Time since last: 1000310332 ns, Reaching safepoint: 315923 ns, At safepoint: 30126 ns, Total: 346049 ns
[2021-04-20T03:02:41.336+0000][8][safepoint   ] Safepoint "Cleanup", Time since last: 4000823337 ns, Reaching safepoint: 172308 ns, At safepoint: 13247 ns, Total: 185555 ns
[2021-04-20T03:02:42.336+0000][8][safepoint   ] Safepoint "Cleanup", Time since last: 1000180143 ns, Reaching safepoint: 280816 ns, At safepoint: 21958 ns, Total: 302774 ns
[2021-04-20T03:02:47.337+0000][8][safepoint   ] Safepoint "Cleanup", Time since last: 5000788159 ns, Reaching safepoint: 87380 ns, At safepoint: 6291 ns, Total: 93671 ns
[2021-04-20T03:02:50.076+0000][8][gc,start    ] GC(74) Pause Young (Normal) (G1 Evacuation Pause)
[2021-04-20T03:02:50.076+0000][8][gc,task     ] GC(74) Using 6 workers of 8 for evacuation
[2021-04-20T03:02:50.076+0000][8][gc,age      ] GC(74) Desired survivor size 6291456 bytes, new threshold 15 (max threshold 15)
[2021-04-20T03:02:50.086+0000][8][gc,age      ] GC(74) Age table with threshold 15 (max threshold 15)
[2021-04-20T03:02:50.086+0000][8][gc,age      ] GC(74) - age   1:    1112504 bytes,    1112504 total
[2021-04-20T03:02:50.086+0000][8][gc,age      ] GC(74) - age   2:      32144 bytes,    1144648 total
[2021-04-20T03:02:50.086+0000][8][gc,age      ] GC(74) - age   3:      20872 bytes,    1165520 total
[2021-04-20T03:02:50.086+0000][8][gc,age      ] GC(74) - age   4:     157088 bytes,    1322608 total
[2021-04-20T03:02:50.086+0000][8][gc,age      ] GC(74) - age   5:      23592 bytes,    1346200 total
[2021-04-20T03:02:50.086+0000][8][gc,age      ] GC(74) - age   6:       7712 bytes,    1353912 total
[2021-04-20T03:02:50.086+0000][8][gc,age      ] GC(74) - age   7:      19344 bytes,    1373256 total
[2021-04-20T03:02:50.086+0000][8][gc,age      ] GC(74) - age   8:       1976 bytes,    1375232 total
[2021-04-20T03:02:50.086+0000][8][gc,age      ] GC(74) - age   9:       5200 bytes,    1380432 total
[2021-04-20T03:02:50.086+0000][8][gc,age      ] GC(74) - age  10:       4664 bytes,    1385096 total
[2021-04-20T03:02:50.086+0000][8][gc,age      ] GC(74) - age  11:       5120 bytes,    1390216 total
[2021-04-20T03:02:50.086+0000][8][gc,age      ] GC(74) - age  12:      21504 bytes,    1411720 total
[2021-04-20T03:02:50.086+0000][8][gc,age      ] GC(74) - age  13:       8936 bytes,    1420656 total
[2021-04-20T03:02:50.086+0000][8][gc,age      ] GC(74) - age  14:       6640 bytes,    1427296 total
[2021-04-20T03:02:50.086+0000][8][gc,age      ] GC(74) - age  15:      44040 bytes,    1471336 total
[2021-04-20T03:02:50.086+0000][8][gc,phases   ] GC(74)   Pre Evacuate Collection Set: 0.2ms
[2021-04-20T03:02:50.086+0000][8][gc,phases   ] GC(74)   Merge Heap Roots: 0.2ms
[2021-04-20T03:02:50.086+0000][8][gc,phases   ] GC(74)   Evacuate Collection Set: 7.8ms
[2021-04-20T03:02:50.086+0000][8][gc,phases   ] GC(74)   Post Evacuate Collection Set: 1.8ms
[2021-04-20T03:02:50.086+0000][8][gc,phases   ] GC(74)   Other: 0.8ms
[2021-04-20T03:02:50.086+0000][8][gc,heap     ] GC(74) Eden regions: 22->0(22)
[2021-04-20T03:02:50.086+0000][8][gc,heap     ] GC(74) Survivor regions: 1->1(3)
[2021-04-20T03:02:50.086+0000][8][gc,heap     ] GC(74) Old regions: 26->26
[2021-04-20T03:02:50.086+0000][8][gc,heap     ] GC(74) Archive regions: 2->2
[2021-04-20T03:02:50.087+0000][8][gc,heap     ] GC(74) Humongous regions: 2->2
[2021-04-20T03:02:50.087+0000][8][gc,metaspace] GC(74) Metaspace: 108310K(113224K)->108310K(113224K) NonClass: 94289K(97864K)->94289K(97864K) Class: 14020K(15360K)->14020K(15360K)
[2021-04-20T03:02:50.087+0000][8][gc          ] GC(74) Pause Young (Normal) (G1 Evacuation Pause) 202M->114M(256M) 11.021ms
[2021-04-20T03:02:50.087+0000][8][gc,cpu      ] GC(74) User=0.05s Sys=0.01s Real=0.01s
[2021-04-20T03:02:50.087+0000][8][safepoint   ] Safepoint "G1CollectForAllocation", Time since last: 2737902504 ns, Reaching safepoint: 346024 ns, At safepoint: 11300329 ns, Total: 11646353 ns
[2021-04-20T03:02:51.087+0000][8][safepoint   ] Safepoint "Cleanup", Time since last: 1000105984 ns, Reaching safepoint: 351626 ns, At safepoint: 30520 ns, Total: 382146 ns
[2021-04-20T03:02:57.089+0000][8][safepoint   ] Safepoint "Cleanup", Time since last: 6000891518 ns, Reaching safepoint: 292523 ns, At safepoint: 24115 ns, Total: 316638 ns
[2021-04-20T03:03:12.091+0000][8][safepoint   ] Safepoint "Cleanup", Time since last: 15002092154 ns, Reaching safepoint: 113500 ns, At safepoint: 11797 ns, Total: 125297 ns
[2021-04-20T03:03:17.092+0000][8][safepoint   ] Safepoint "Cleanup", Time since last: 5000676411 ns, Reaching safepoint: 425287 ns, At safepoint: 35179 ns, Total: 460466 ns
[2021-04-20T03:03:24.093+0000][8][safepoint   ] Safepoint "Cleanup", Time since last: 7001035906 ns, Reaching safepoint: 409453 ns, At safepoint: 40294 ns, Total: 449747 ns
[2021-04-20T03:03:42.097+0000][8][safepoint   ] Safepoint "Cleanup", Time since last: 18002759231 ns, Reaching safepoint: 437337 ns, At safepoint: 30885 ns, Total: 468222 ns
[2021-04-20T03:03:43.097+0000][8][safepoint   ] Safepoint "Cleanup", Time since last: 1000258694 ns, Reaching safepoint: 129893 ns, At safepoint: 10145 ns, Total: 140038 ns
[2021-04-20T03:03:45.098+0000][8][safepoint   ] Safepoint "Cleanup", Time since last: 2000349424 ns, Reaching safepoint: 288187 ns, At safepoint: 27807 ns, Total: 315994 ns
[2021-04-20T03:03:47.098+0000][8][safepoint   ] Safepoint "Cleanup", Time since last: 2000437076 ns, Reaching safepoint: 314371 ns, At safepoint: 59085 ns, Total: 373456 ns
[2021-04-20T03:03:48.099+0000][8][safepoint   ] Safepoint "Cleanup", Time since last: 1000245215 ns, Reaching safepoint: 428746 ns, At safepoint: 35769 ns, Total: 464515 ns
[2021-04-20T03:03:50.100+0000][8][safepoint   ] Safepoint "Cleanup", Time since last: 2000249621 ns, Reaching safepoint: 186733 ns, At safepoint: 12353 ns, Total: 199086 ns
[2021-04-20T03:03:51.100+0000][8][safepoint   ] Safepoint "Cleanup", Time since last: 1000119195 ns, Reaching safepoint: 124997 ns, At safepoint: 7939 ns, Total: 132936 ns
[2021-04-20T03:03:52.101+0000][8][safepoint   ] Safepoint "Cleanup", Time since last: 1000197317 ns, Reaching safepoint: 427145 ns, At safepoint: 40879 ns, Total: 468024 ns
[2021-04-20T03:03:53.101+0000][8][safepoint   ] Safepoint "Cleanup", Time since last: 1000198727 ns, Reaching safepoint: 218575 ns, At safepoint: 25713 ns, Total: 244288 ns
[2021-04-20T03:03:54.102+0000][8][safepoint   ] Safepoint "Cleanup", Time since last: 1000177858 ns, Reaching safepoint: 361117 ns, At safepoint: 24388 ns, Total: 385505 ns
[2021-04-20T03:04:08.104+0000][8][safepoint   ] Safepoint "Cleanup", Time since last: 14002302802 ns, Reaching safepoint: 465283 ns, At safepoint: 29708 ns, Total: 494991 ns
[2021-04-20T03:04:15.106+0000][8][safepoint   ] Safepoint "Cleanup", Time since last: 7001147921 ns, Reaching safepoint: 367074 ns, At safepoint: 33354 ns, Total: 400428 ns
[2021-04-20T03:04:25.107+0000][8][safepoint   ] Safepoint "Cleanup", Time since last: 10001281522 ns, Reaching safepoint: 106033 ns, At safepoint: 8337 ns, Total: 114370 ns
[2021-04-20T03:04:26.306+0000][8][gc,start    ] GC(75) Pause Young (Concurrent Start) (G1 Evacuation Pause)
[2021-04-20T03:04:26.306+0000][8][gc,task     ] GC(75) Using 6 workers of 8 for evacuation
[2021-04-20T03:04:26.306+0000][8][gc,age      ] GC(75) Desired survivor size 6291456 bytes, new threshold 15 (max threshold 15)
[2021-04-20T03:04:26.311+0000][8][gc,age      ] GC(75) Age table with threshold 15 (max threshold 15)
[2021-04-20T03:04:26.311+0000][8][gc,age      ] GC(75) - age   1:    1339824 bytes,    1339824 total
[2021-04-20T03:04:26.311+0000][8][gc,age      ] GC(75) - age   2:     925456 bytes,    2265280 total
[2021-04-20T03:04:26.311+0000][8][gc,age      ] GC(75) - age   3:      31496 bytes,    2296776 total
[2021-04-20T03:04:26.311+0000][8][gc,age      ] GC(75) - age   4:      20568 bytes,    2317344 total
[2021-04-20T03:04:26.311+0000][8][gc,age      ] GC(75) - age   5:     156496 bytes,    2473840 total
[2021-04-20T03:04:26.311+0000][8][gc,age      ] GC(75) - age   6:      23528 bytes,    2497368 total
[2021-04-20T03:04:26.311+0000][8][gc,age      ] GC(75) - age   7:       7712 bytes,    2505080 total
[2021-04-20T03:04:26.311+0000][8][gc,age      ] GC(75) - age   8:      19344 bytes,    2524424 total
[2021-04-20T03:04:26.311+0000][8][gc,age      ] GC(75) - age   9:       1976 bytes,    2526400 total
[2021-04-20T03:04:26.311+0000][8][gc,age      ] GC(75) - age  10:       5136 bytes,    2531536 total
[2021-04-20T03:04:26.311+0000][8][gc,age      ] GC(75) - age  11:       4664 bytes,    2536200 total
[2021-04-20T03:04:26.311+0000][8][gc,age      ] GC(75) - age  12:       5120 bytes,    2541320 total
[2021-04-20T03:04:26.311+0000][8][gc,age      ] GC(75) - age  13:      21504 bytes,    2562824 total
[2021-04-20T03:04:26.311+0000][8][gc,age      ] GC(75) - age  14:       8936 bytes,    2571760 total
[2021-04-20T03:04:26.311+0000][8][gc,age      ] GC(75) - age  15:       6640 bytes,    2578400 total
[2021-04-20T03:04:26.311+0000][8][gc,phases   ] GC(75)   Pre Evacuate Collection Set: 0.2ms
[2021-04-20T03:04:26.311+0000][8][gc,phases   ] GC(75)   Merge Heap Roots: 0.1ms
[2021-04-20T03:04:26.311+0000][8][gc,phases   ] GC(75)   Evacuate Collection Set: 4.0ms
[2021-04-20T03:04:26.311+0000][8][gc,phases   ] GC(75)   Post Evacuate Collection Set: 0.9ms
[2021-04-20T03:04:26.311+0000][8][gc,phases   ] GC(75)   Other: 0.5ms
[2021-04-20T03:04:26.311+0000][8][gc,heap     ] GC(75) Eden regions: 22->0(22)
[2021-04-20T03:04:26.311+0000][8][gc,heap     ] GC(75) Survivor regions: 1->1(3)
[2021-04-20T03:04:26.311+0000][8][gc,heap     ] GC(75) Old regions: 26->26
[2021-04-20T03:04:26.311+0000][8][gc,heap     ] GC(75) Archive regions: 2->2
[2021-04-20T03:04:26.311+0000][8][gc,heap     ] GC(75) Humongous regions: 2->2
[2021-04-20T03:04:26.311+0000][8][gc,metaspace] GC(75) Metaspace: 108361K(113224K)->108361K(113224K) NonClass: 94340K(97864K)->94340K(97864K) Class: 14020K(15360K)->14020K(15360K)
[2021-04-20T03:04:26.311+0000][8][gc          ] GC(75) Pause Young (Concurrent Start) (G1 Evacuation Pause) 202M->115M(256M) 5.878ms
[2021-04-20T03:04:26.311+0000][8][gc,cpu      ] GC(75) User=0.03s Sys=0.00s Real=0.00s
[2021-04-20T03:04:26.311+0000][8][gc          ] GC(76) Concurrent Cycle
[2021-04-20T03:04:26.311+0000][8][safepoint   ] Safepoint "G1CollectForAllocation", Time since last: 1197969073 ns, Reaching safepoint: 218581 ns, At safepoint: 6016961 ns, Total: 6235542 ns
[2021-04-20T03:04:26.311+0000][8][gc,marking  ] GC(76) Concurrent Clear Claimed Marks
[2021-04-20T03:04:26.312+0000][8][gc,marking  ] GC(76) Concurrent Clear Claimed Marks 0.134ms
[2021-04-20T03:04:26.312+0000][8][gc,marking  ] GC(76) Concurrent Scan Root Regions
[2021-04-20T03:04:26.314+0000][8][gc,marking  ] GC(76) Concurrent Scan Root Regions 2.505ms
[2021-04-20T03:04:26.314+0000][8][gc,marking  ] GC(76) Concurrent Mark (1988.300s)
[2021-04-20T03:04:26.314+0000][8][gc,marking  ] GC(76) Concurrent Mark From Roots
[2021-04-20T03:04:26.314+0000][8][gc,task     ] GC(76) Using 2 workers of 2 for marking
[2021-04-20T03:04:26.425+0000][8][gc,marking  ] GC(76) Concurrent Mark From Roots 110.859ms
[2021-04-20T03:04:26.425+0000][8][gc,marking  ] GC(76) Concurrent Preclean
[2021-04-20T03:04:26.425+0000][8][gc,marking  ] GC(76) Concurrent Preclean 0.257ms
[2021-04-20T03:04:26.425+0000][8][gc,marking  ] GC(76) Concurrent Mark (1988.300s, 1988.411s) 111.174ms
[2021-04-20T03:04:26.426+0000][8][gc,start    ] GC(76) Pause Remark
[2021-04-20T03:04:26.431+0000][8][gc          ] GC(76) Pause Remark 123M->123M(256M) 5.375ms
[2021-04-20T03:04:26.431+0000][8][gc,cpu      ] GC(76) User=0.03s Sys=0.00s Real=0.00s
[2021-04-20T03:04:26.431+0000][8][safepoint   ] Safepoint "G1Concurrent", Time since last: 113976810 ns, Reaching safepoint: 117785 ns, At safepoint: 5452432 ns, Total: 5570217 ns
[2021-04-20T03:04:26.431+0000][8][gc,marking  ] GC(76) Concurrent Rebuild Remembered Sets
[2021-04-20T03:04:26.493+0000][8][gc,marking  ] GC(76) Concurrent Rebuild Remembered Sets 62.045ms
[2021-04-20T03:04:26.493+0000][8][gc,start    ] GC(76) Pause Cleanup
[2021-04-20T03:04:26.493+0000][8][gc          ] GC(76) Pause Cleanup 124M->124M(256M) 0.070ms
[2021-04-20T03:04:26.493+0000][8][gc,cpu      ] GC(76) User=0.00s Sys=0.00s Real=0.00s
[2021-04-20T03:04:26.493+0000][8][safepoint   ] Safepoint "G1Concurrent", Time since last: 62192491 ns, Reaching safepoint: 106529 ns, At safepoint: 112191 ns, Total: 218720 ns
[2021-04-20T03:04:26.493+0000][8][gc,marking  ] GC(76) Concurrent Cleanup for Next Mark
[2021-04-20T03:04:26.494+0000][8][gc,marking  ] GC(76) Concurrent Cleanup for Next Mark 0.141ms
[2021-04-20T03:04:26.494+0000][8][gc          ] GC(76) Concurrent Cycle 182.144ms
[2021-04-20T03:04:27.494+0000][8][safepoint   ] Safepoint "Cleanup", Time since last: 1000217953 ns, Reaching safepoint: 459156 ns, At safepoint: 47570 ns, Total: 506726 ns
[2021-04-20T03:04:28.495+0000][8][safepoint   ] Safepoint "Cleanup", Time since last: 1000187818 ns, Reaching safepoint: 159562 ns, At safepoint: 11949 ns, Total: 171511 ns
[2021-04-20T03:04:29.495+0000][8][safepoint   ] Safepoint "Cleanup", Time since last: 1000113830 ns, Reaching safepoint: 89709 ns, At safepoint: 7827 ns, Total: 97536 ns
[2021-04-20T03:04:30.495+0000][8][safepoint   ] Safepoint "Cleanup", Time since last: 1000156562 ns, Reaching safepoint: 565732 ns, At safepoint: 33082 ns, Total: 598814 ns
[2021-04-20T03:04:32.499+0000][8][safepoint   ] Safepoint "Cleanup", Time since last: 2003051999 ns, Reaching safepoint: 359383 ns, At safepoint: 60739 ns, Total: 420122 ns
[2021-04-20T03:04:35.500+0000][8][safepoint   ] Safepoint "Cleanup", Time since last: 3000509647 ns, Reaching safepoint: 253708 ns, At safepoint: 30667 ns, Total: 284375 ns
[2021-04-20T03:04:47.502+0000][8][safepoint   ] Safepoint "Cleanup", Time since last: 12001679510 ns, Reaching safepoint: 259617 ns, At safepoint: 25495 ns, Total: 285112 ns
[2021-04-20T03:04:48.502+0000][8][safepoint   ] Safepoint "Cleanup", Time since last: 1000366855 ns, Reaching safepoint: 243522 ns, At safepoint: 27761 ns, Total: 271283 ns
[2021-04-20T03:04:49.503+0000][8][safepoint   ] Safepoint "Cleanup", Time since last: 1000197960 ns, Reaching safepoint: 187827 ns, At safepoint: 10679 ns, Total: 198506 ns
[2021-04-20T03:04:50.503+0000][8][safepoint   ] Safepoint "Cleanup", Time since last: 1000130937 ns, Reaching safepoint: 264961 ns, At safepoint: 23720 ns, Total: 288681 ns
[2021-04-20T03:05:00.504+0000][8][safepoint   ] Safepoint "Cleanup", Time since last: 10001156073 ns, Reaching safepoint: 115786 ns, At safepoint: 8965 ns, Total: 124751 ns
[2021-04-20T03:05:17.507+0000][8][safepoint   ] Safepoint "Cleanup", Time since last: 17002303740 ns, Reaching safepoint: 401488 ns, At safepoint: 32763 ns, Total: 434251 ns
[2021-04-20T03:05:22.508+0000][8][safepoint   ] Safepoint "Cleanup", Time since last: 5000801002 ns, Reaching safepoint: 337780 ns, At safepoint: 27837 ns, Total: 365617 ns
[2021-04-20T03:05:29.510+0000][8][safepoint   ] Safepoint "Cleanup", Time since last: 7001179157 ns, Reaching safepoint: 155903 ns, At safepoint: 12279 ns, Total: 168182 ns
[2021-04-20T03:05:30.510+0000][8][safepoint   ] Safepoint "Cleanup", Time since last: 1000147268 ns, Reaching safepoint: 178656 ns, At safepoint: 15770 ns, Total: 194426 ns
[2021-04-20T03:05:41.512+0000][8][safepoint   ] Safepoint "Cleanup", Time since last: 11001468188 ns, Reaching safepoint: 321618 ns, At safepoint: 34827 ns, Total: 356445 ns
[2021-04-20T03:05:44.300+0000][8][gc,start    ] GC(77) Pause Young (Normal) (G1 Evacuation Pause)
[2021-04-20T03:05:44.300+0000][8][gc,task     ] GC(77) Using 6 workers of 8 for evacuation
[2021-04-20T03:05:44.301+0000][8][gc,age      ] GC(77) Desired survivor size 6291456 bytes, new threshold 15 (max threshold 15)
[2021-04-20T03:05:44.311+0000][8][gc,age      ] GC(77) Age table with threshold 15 (max threshold 15)
[2021-04-20T03:05:44.311+0000][8][gc,age      ] GC(77) - age   1:     646800 bytes,     646800 total
[2021-04-20T03:05:44.311+0000][8][gc,age      ] GC(77) - age   2:       4304 bytes,     651104 total
[2021-04-20T03:05:44.311+0000][8][gc,age      ] GC(77) - age   3:     187568 bytes,     838672 total
[2021-04-20T03:05:44.311+0000][8][gc,age      ] GC(77) - age   4:       6240 bytes,     844912 total
[2021-04-20T03:05:44.311+0000][8][gc,age      ] GC(77) - age   5:      20232 bytes,     865144 total
[2021-04-20T03:05:44.311+0000][8][gc,age      ] GC(77) - age   6:       5408 bytes,     870552 total
[2021-04-20T03:05:44.311+0000][8][gc,age      ] GC(77) - age   7:      22104 bytes,     892656 total
[2021-04-20T03:05:44.311+0000][8][gc,age      ] GC(77) - age   8:       7520 bytes,     900176 total
[2021-04-20T03:05:44.311+0000][8][gc,age      ] GC(77) - age   9:       3096 bytes,     903272 total
[2021-04-20T03:05:44.311+0000][8][gc,age      ] GC(77) - age  10:       1976 bytes,     905248 total
[2021-04-20T03:05:44.311+0000][8][gc,age      ] GC(77) - age  11:       5136 bytes,     910384 total
[2021-04-20T03:05:44.311+0000][8][gc,age      ] GC(77) - age  12:       4664 bytes,     915048 total
[2021-04-20T03:05:44.311+0000][8][gc,age      ] GC(77) - age  13:       5056 bytes,     920104 total
[2021-04-20T03:05:44.311+0000][8][gc,age      ] GC(77) - age  14:      21408 bytes,     941512 total
[2021-04-20T03:05:44.311+0000][8][gc,age      ] GC(77) - age  15:       8936 bytes,     950448 total
[2021-04-20T03:05:44.312+0000][8][gc,phases   ] GC(77)   Pre Evacuate Collection Set: 0.3ms
[2021-04-20T03:05:44.312+0000][8][gc,phases   ] GC(77)   Merge Heap Roots: 0.3ms
[2021-04-20T03:05:44.312+0000][8][gc,phases   ] GC(77)   Evacuate Collection Set: 6.8ms
[2021-04-20T03:05:44.312+0000][8][gc,phases   ] GC(77)   Post Evacuate Collection Set: 2.6ms
[2021-04-20T03:05:44.312+0000][8][gc,phases   ] GC(77)   Other: 1.4ms
[2021-04-20T03:05:44.312+0000][8][gc,heap     ] GC(77) Eden regions: 22->0(22)
[2021-04-20T03:05:44.313+0000][8][gc,heap     ] GC(77) Survivor regions: 1->1(3)
[2021-04-20T03:05:44.313+0000][8][gc,heap     ] GC(77) Old regions: 26->26
[2021-04-20T03:05:44.313+0000][8][gc,heap     ] GC(77) Archive regions: 2->2
[2021-04-20T03:05:44.313+0000][8][gc,heap     ] GC(77) Humongous regions: 2->2
[2021-04-20T03:05:44.313+0000][8][gc,metaspace] GC(77) Metaspace: 108407K(113224K)->108407K(113224K) NonClass: 94386K(97864K)->94386K(97864K) Class: 14020K(15360K)->14020K(15360K)
[2021-04-20T03:05:44.313+0000][8][gc          ] GC(77) Pause Young (Normal) (G1 Evacuation Pause) 203M->113M(256M) 12.563ms
[2021-04-20T03:05:44.313+0000][8][gc,cpu      ] GC(77) User=0.04s Sys=0.00s Real=0.01s
[2021-04-20T03:05:44.313+0000][8][safepoint   ] Safepoint "G1CollectForAllocation", Time since last: 2788103103 ns, Reaching safepoint: 278518 ns, At safepoint: 12957780 ns, Total: 13236298 ns
[2021-04-20T03:05:47.315+0000][8][safepoint   ] Safepoint "Cleanup", Time since last: 3001485862 ns, Reaching safepoint: 349286 ns, At safepoint: 32526 ns, Total: 381812 ns
[2021-04-20T03:05:50.316+0000][8][safepoint   ] Safepoint "Cleanup", Time since last: 3000512919 ns, Reaching safepoint: 324371 ns, At safepoint: 29426 ns, Total: 353797 ns
[2021-04-20T03:05:52.317+0000][8][safepoint   ] Safepoint "Cleanup", Time since last: 2000462883 ns, Reaching safepoint: 252832 ns, At safepoint: 24451 ns, Total: 277283 ns
[2021-04-20T03:05:55.317+0000][8][safepoint   ] Safepoint "Cleanup", Time since last: 3000497023 ns, Reaching safepoint: 117504 ns, At safepoint: 9814 ns, Total: 127318 ns
[2021-04-20T03:06:02.319+0000][8][safepoint   ] Safepoint "Cleanup", Time since last: 7000917139 ns, Reaching safepoint: 346513 ns, At safepoint: 40951 ns, Total: 387464 ns
[2021-04-20T03:06:32.323+0000][8][safepoint   ] Safepoint "Cleanup", Time since last: 30004172540 ns, Reaching safepoint: 339310 ns, At safepoint: 36160 ns, Total: 375470 ns
[2021-04-20T03:06:33.324+0000][8][safepoint   ] Safepoint "Cleanup", Time since last: 1000203806 ns, Reaching safepoint: 377749 ns, At safepoint: 35207 ns, Total: 412956 ns
[2021-04-20T03:06:39.325+0000][8][safepoint   ] Safepoint "Cleanup", Time since last: 6001110044 ns, Reaching safepoint: 353988 ns, At safepoint: 32591 ns, Total: 386579 ns
[2021-04-20T03:06:42.326+0000][8][safepoint   ] Safepoint "Cleanup", Time since last: 3000510272 ns, Reaching safepoint: 179186 ns, At safepoint: 10556 ns, Total: 189742 ns
[2021-04-20T03:06:45.326+0000][8][safepoint   ] Safepoint "Cleanup", Time since last: 3000354289 ns, Reaching safepoint: 160637 ns, At safepoint: 9240 ns, Total: 169877 ns
[2021-04-20T03:06:50.328+0000][8][safepoint   ] Safepoint "Cleanup", Time since last: 5000678150 ns, Reaching safepoint: 402146 ns, At safepoint: 48435 ns, Total: 450581 ns
[2021-04-20T03:06:51.329+0000][8][safepoint   ] Safepoint "Cleanup", Time since last: 1000376681 ns, Reaching safepoint: 502973 ns, At safepoint: 75709 ns, Total: 578682 ns
[2021-04-20T03:06:52.330+0000][8][safepoint   ] Safepoint "Cleanup", Time since last: 1000229018 ns, Reaching safepoint: 757971 ns, At safepoint: 32809 ns, Total: 790780 ns
[2021-04-20T03:06:53.330+0000][8][safepoint   ] Safepoint "Cleanup", Time since last: 1000203059 ns, Reaching safepoint: 177659 ns, At safepoint: 11866 ns, Total: 189525 ns
[2021-04-20T03:07:12.333+0000][8][safepoint   ] Safepoint "Cleanup", Time since last: 19002471299 ns, Reaching safepoint: 395742 ns, At safepoint: 35658 ns, Total: 431400 ns
[2021-04-20T03:07:17.334+0000][8][safepoint   ] Safepoint "Cleanup", Time since last: 5000866267 ns, Reaching safepoint: 257404 ns, At safepoint: 23642 ns, Total: 281046 ns
[2021-04-20T03:07:21.563+0000][8][gc,start    ] GC(78) Pause Young (Concurrent Start) (G1 Evacuation Pause)
[2021-04-20T03:07:21.563+0000][8][gc,task     ] GC(78) Using 6 workers of 8 for evacuation
[2021-04-20T03:07:21.563+0000][8][gc,age      ] GC(78) Desired survivor size 6291456 bytes, new threshold 15 (max threshold 15)
[2021-04-20T03:07:21.567+0000][8][gc,age      ] GC(78) Age table with threshold 15 (max threshold 15)
[2021-04-20T03:07:21.567+0000][8][gc,age      ] GC(78) - age   1:     574800 bytes,     574800 total
[2021-04-20T03:07:21.567+0000][8][gc,age      ] GC(78) - age   2:     464736 bytes,    1039536 total
[2021-04-20T03:07:21.567+0000][8][gc,age      ] GC(78) - age   3:       3168 bytes,    1042704 total
[2021-04-20T03:07:21.567+0000][8][gc,age      ] GC(78) - age   4:     186872 bytes,    1229576 total
[2021-04-20T03:07:21.567+0000][8][gc,age      ] GC(78) - age   5:       6032 bytes,    1235608 total
[2021-04-20T03:07:21.567+0000][8][gc,age      ] GC(78) - age   6:      20232 bytes,    1255840 total
[2021-04-20T03:07:21.567+0000][8][gc,age      ] GC(78) - age   7:       5112 bytes,    1260952 total
[2021-04-20T03:07:21.567+0000][8][gc,age      ] GC(78) - age   8:      21664 bytes,    1282616 total
[2021-04-20T03:07:21.567+0000][8][gc,age      ] GC(78) - age   9:       7216 bytes,    1289832 total
[2021-04-20T03:07:21.567+0000][8][gc,age      ] GC(78) - age  10:       3032 bytes,    1292864 total
[2021-04-20T03:07:21.567+0000][8][gc,age      ] GC(78) - age  11:       1912 bytes,    1294776 total
[2021-04-20T03:07:21.567+0000][8][gc,age      ] GC(78) - age  12:       5008 bytes,    1299784 total
[2021-04-20T03:07:21.567+0000][8][gc,age      ] GC(78) - age  13:       4664 bytes,    1304448 total
[2021-04-20T03:07:21.567+0000][8][gc,age      ] GC(78) - age  14:       5056 bytes,    1309504 total
[2021-04-20T03:07:21.567+0000][8][gc,age      ] GC(78) - age  15:      21408 bytes,    1330912 total
[2021-04-20T03:07:21.567+0000][8][gc,phases   ] GC(78)   Pre Evacuate Collection Set: 0.2ms
[2021-04-20T03:07:21.567+0000][8][gc,phases   ] GC(78)   Merge Heap Roots: 0.1ms
[2021-04-20T03:07:21.567+0000][8][gc,phases   ] GC(78)   Evacuate Collection Set: 3.1ms
[2021-04-20T03:07:21.568+0000][8][gc,phases   ] GC(78)   Post Evacuate Collection Set: 1.0ms
[2021-04-20T03:07:21.568+0000][8][gc,phases   ] GC(78)   Other: 0.4ms
[2021-04-20T03:07:21.568+0000][8][gc,heap     ] GC(78) Eden regions: 22->0(22)
[2021-04-20T03:07:21.568+0000][8][gc,heap     ] GC(78) Survivor regions: 1->1(3)
[2021-04-20T03:07:21.568+0000][8][gc,heap     ] GC(78) Old regions: 26->26
[2021-04-20T03:07:21.568+0000][8][gc,heap     ] GC(78) Archive regions: 2->2
[2021-04-20T03:07:21.568+0000][8][gc,heap     ] GC(78) Humongous regions: 2->2
[2021-04-20T03:07:21.568+0000][8][gc,metaspace] GC(78) Metaspace: 108439K(113224K)->108439K(113224K) NonClass: 94417K(97864K)->94417K(97864K) Class: 14021K(15360K)->14021K(15360K)
[2021-04-20T03:07:21.568+0000][8][gc          ] GC(78) Pause Young (Concurrent Start) (G1 Evacuation Pause) 201M->113M(256M) 4.851ms
[2021-04-20T03:07:21.568+0000][8][gc,cpu      ] GC(78) User=0.02s Sys=0.00s Real=0.00s
[2021-04-20T03:07:21.568+0000][8][safepoint   ] Safepoint "G1CollectForAllocation", Time since last: 4228504969 ns, Reaching safepoint: 195644 ns, At safepoint: 4957879 ns, Total: 5153523 ns
[2021-04-20T03:07:21.568+0000][8][gc          ] GC(79) Concurrent Cycle
[2021-04-20T03:07:21.568+0000][8][gc,marking  ] GC(79) Concurrent Clear Claimed Marks
[2021-04-20T03:07:21.568+0000][8][gc,marking  ] GC(79) Concurrent Clear Claimed Marks 0.105ms
[2021-04-20T03:07:21.568+0000][8][gc,marking  ] GC(79) Concurrent Scan Root Regions
[2021-04-20T03:07:21.570+0000][8][gc,marking  ] GC(79) Concurrent Scan Root Regions 1.924ms
[2021-04-20T03:07:21.570+0000][8][gc,marking  ] GC(79) Concurrent Mark (2163.555s)
[2021-04-20T03:07:21.570+0000][8][gc,marking  ] GC(79) Concurrent Mark From Roots
[2021-04-20T03:07:21.570+0000][8][gc,task     ] GC(79) Using 2 workers of 2 for marking
[2021-04-20T03:07:21.673+0000][8][gc,marking  ] GC(79) Concurrent Mark From Roots 103.539ms
[2021-04-20T03:07:21.673+0000][8][gc,marking  ] GC(79) Concurrent Preclean
[2021-04-20T03:07:21.674+0000][8][gc,marking  ] GC(79) Concurrent Preclean 0.255ms
[2021-04-20T03:07:21.674+0000][8][gc,marking  ] GC(79) Concurrent Mark (2163.555s, 2163.659s) 103.856ms
[2021-04-20T03:07:21.674+0000][8][gc,start    ] GC(79) Pause Remark
[2021-04-20T03:07:21.679+0000][8][gc          ] GC(79) Pause Remark 114M->114M(256M) 5.635ms
[2021-04-20T03:07:21.680+0000][8][gc,cpu      ] GC(79) User=0.02s Sys=0.01s Real=0.01s
[2021-04-20T03:07:21.680+0000][8][safepoint   ] Safepoint "G1Concurrent", Time since last: 106060279 ns, Reaching safepoint: 82697 ns, At safepoint: 5708639 ns, Total: 5791336 ns
[2021-04-20T03:07:21.680+0000][8][gc,marking  ] GC(79) Concurrent Rebuild Remembered Sets
[2021-04-20T03:07:21.741+0000][8][gc,marking  ] GC(79) Concurrent Rebuild Remembered Sets 61.216ms
[2021-04-20T03:07:21.741+0000][8][gc,start    ] GC(79) Pause Cleanup
[2021-04-20T03:07:21.741+0000][8][gc          ] GC(79) Pause Cleanup 114M->114M(256M) 0.087ms
[2021-04-20T03:07:21.741+0000][8][gc,cpu      ] GC(79) User=0.00s Sys=0.00s Real=0.00s
[2021-04-20T03:07:21.741+0000][8][safepoint   ] Safepoint "G1Concurrent", Time since last: 61296797 ns, Reaching safepoint: 110052 ns, At safepoint: 143935 ns, Total: 253987 ns
[2021-04-20T03:07:21.741+0000][8][gc,marking  ] GC(79) Concurrent Cleanup for Next Mark
[2021-04-20T03:07:21.741+0000][8][gc,marking  ] GC(79) Concurrent Cleanup for Next Mark 0.254ms
[2021-04-20T03:07:21.741+0000][8][gc          ] GC(79) Concurrent Cycle 173.690ms
[2021-04-20T03:07:26.742+0000][8][safepoint   ] Safepoint "Cleanup", Time since last: 5000692481 ns, Reaching safepoint: 452053 ns, At safepoint: 39072 ns, Total: 491125 ns
[2021-04-20T03:07:35.743+0000][8][safepoint   ] Safepoint "Cleanup", Time since last: 9001021306 ns, Reaching safepoint: 137440 ns, At safepoint: 5678 ns, Total: 143118 ns
[2021-04-20T03:07:36.744+0000][8][safepoint   ] Safepoint "Cleanup", Time since last: 1000221815 ns, Reaching safepoint: 415099 ns, At safepoint: 32747 ns, Total: 447846 ns
[2021-04-20T03:07:38.745+0000][8][safepoint   ] Safepoint "Cleanup", Time since last: 2000418211 ns, Reaching safepoint: 371388 ns, At safepoint: 35916 ns, Total: 407304 ns
[2021-04-20T03:07:39.746+0000][8][safepoint   ] Safepoint "Cleanup", Time since last: 1000224325 ns, Reaching safepoint: 364271 ns, At safepoint: 33497 ns, Total: 397768 ns
[2021-04-20T03:07:40.746+0000][8][safepoint   ] Safepoint "Cleanup", Time since last: 1000178456 ns, Reaching safepoint: 189165 ns, At safepoint: 18666 ns, Total: 207831 ns
[2021-04-20T03:07:42.747+0000][8][safepoint   ] Safepoint "Cleanup", Time since last: 2000351966 ns, Reaching safepoint: 355147 ns, At safepoint: 29765 ns, Total: 384912 ns
[2021-04-20T03:07:50.748+0000][8][safepoint   ] Safepoint "Cleanup", Time since last: 8001237373 ns, Reaching safepoint: 303895 ns, At safepoint: 32356 ns, Total: 336251 ns
[2021-04-20T03:07:51.749+0000][8][safepoint   ] Safepoint "Cleanup", Time since last: 1000297552 ns, Reaching safepoint: 326249 ns, At safepoint: 44170 ns, Total: 370419 ns
[2021-04-20T03:07:54.750+0000][8][safepoint   ] Safepoint "Cleanup", Time since last: 3000466812 ns, Reaching safepoint: 472841 ns, At safepoint: 39466 ns, Total: 512307 ns
[2021-04-20T03:08:02.751+0000][8][safepoint   ] Safepoint "Cleanup", Time since last: 8001150654 ns, Reaching safepoint: 346317 ns, At safepoint: 32035 ns, Total: 378352 ns
[2021-04-20T03:08:08.753+0000][8][safepoint   ] Safepoint "Cleanup", Time since last: 6000862000 ns, Reaching safepoint: 374470 ns, At safepoint: 34590 ns, Total: 409060 ns
[2021-04-20T03:08:11.754+0000][8][safepoint   ] Safepoint "Cleanup", Time since last: 3000633395 ns, Reaching safepoint: 253369 ns, At safepoint: 26035 ns, Total: 279404 ns
[2021-04-20T03:08:12.754+0000][8][safepoint   ] Safepoint "Cleanup", Time since last: 1000187945 ns, Reaching safepoint: 370159 ns, At safepoint: 37469 ns, Total: 407628 ns
[2021-04-20T03:08:21.756+0000][8][safepoint   ] Safepoint "Cleanup", Time since last: 9001241355 ns, Reaching safepoint: 376674 ns, At safepoint: 31035 ns, Total: 407709 ns
[2021-04-20T03:08:32.306+0000][8][gc,start    ] GC(80) Pause Young (Normal) (G1 Evacuation Pause)
[2021-04-20T03:08:32.306+0000][8][gc,task     ] GC(80) Using 6 workers of 8 for evacuation
[2021-04-20T03:08:32.306+0000][8][gc,age      ] GC(80) Desired survivor size 6291456 bytes, new threshold 15 (max threshold 15)
[2021-04-20T03:08:32.315+0000][8][gc,age      ] GC(80) Age table with threshold 15 (max threshold 15)
[2021-04-20T03:08:32.315+0000][8][gc,age      ] GC(80) - age   1:     982040 bytes,     982040 total
[2021-04-20T03:08:32.315+0000][8][gc,age      ] GC(80) - age   2:     344376 bytes,    1326416 total
[2021-04-20T03:08:32.315+0000][8][gc,age      ] GC(80) - age   3:     448872 bytes,    1775288 total
[2021-04-20T03:08:32.315+0000][8][gc,age      ] GC(80) - age   4:       2736 bytes,    1778024 total
[2021-04-20T03:08:32.315+0000][8][gc,age      ] GC(80) - age   5:     186448 bytes,    1964472 total
[2021-04-20T03:08:32.315+0000][8][gc,age      ] GC(80) - age   6:       5968 bytes,    1970440 total
[2021-04-20T03:08:32.315+0000][8][gc,age      ] GC(80) - age   7:      20136 bytes,    1990576 total
[2021-04-20T03:08:32.315+0000][8][gc,age      ] GC(80) - age   8:       5048 bytes,    1995624 total
[2021-04-20T03:08:32.315+0000][8][gc,age      ] GC(80) - age   9:       5512 bytes,    2001136 total
[2021-04-20T03:08:32.315+0000][8][gc,age      ] GC(80) - age  10:       7088 bytes,    2008224 total
[2021-04-20T03:08:32.315+0000][8][gc,age      ] GC(80) - age  11:       2952 bytes,    2011176 total
[2021-04-20T03:08:32.315+0000][8][gc,age      ] GC(80) - age  12:       1912 bytes,    2013088 total
[2021-04-20T03:08:32.315+0000][8][gc,age      ] GC(80) - age  13:       5008 bytes,    2018096 total
[2021-04-20T03:08:32.315+0000][8][gc,age      ] GC(80) - age  14:       4624 bytes,    2022720 total
[2021-04-20T03:08:32.315+0000][8][gc,age      ] GC(80) - age  15:       5056 bytes,    2027776 total
[2021-04-20T03:08:32.315+0000][8][gc,phases   ] GC(80)   Pre Evacuate Collection Set: 0.3ms
[2021-04-20T03:08:32.315+0000][8][gc,phases   ] GC(80)   Merge Heap Roots: 0.2ms
[2021-04-20T03:08:32.315+0000][8][gc,phases   ] GC(80)   Evacuate Collection Set: 6.0ms
[2021-04-20T03:08:32.315+0000][8][gc,phases   ] GC(80)   Post Evacuate Collection Set: 1.8ms
[2021-04-20T03:08:32.315+0000][8][gc,phases   ] GC(80)   Other: 0.8ms
[2021-04-20T03:08:32.315+0000][8][gc,heap     ] GC(80) Eden regions: 22->0(22)
[2021-04-20T03:08:32.315+0000][8][gc,heap     ] GC(80) Survivor regions: 1->1(3)
[2021-04-20T03:08:32.315+0000][8][gc,heap     ] GC(80) Old regions: 26->26
[2021-04-20T03:08:32.315+0000][8][gc,heap     ] GC(80) Archive regions: 2->2
[2021-04-20T03:08:32.316+0000][8][gc,heap     ] GC(80) Humongous regions: 2->2
[2021-04-20T03:08:32.316+0000][8][gc,metaspace] GC(80) Metaspace: 108461K(113224K)->108461K(113224K) NonClass: 94439K(97864K)->94439K(97864K) Class: 14021K(15360K)->14021K(15360K)
[2021-04-20T03:08:32.316+0000][8][gc          ] GC(80) Pause Young (Normal) (G1 Evacuation Pause) 201M->114M(256M) 9.763ms
[2021-04-20T03:08:32.316+0000][8][gc,cpu      ] GC(80) User=0.03s Sys=0.02s Real=0.01s
[2021-04-20T03:08:32.316+0000][8][safepoint   ] Safepoint "G1CollectForAllocation", Time since last: 10549781050 ns, Reaching safepoint: 387611 ns, At safepoint: 10003836 ns, Total: 10391447 ns
[2021-04-20T03:08:38.317+0000][8][safepoint   ] Safepoint "Cleanup", Time since last: 6001089164 ns, Reaching safepoint: 201407 ns, At safepoint: 12574 ns, Total: 213981 ns
[2021-04-20T03:08:39.318+0000][8][safepoint   ] Safepoint "Cleanup", Time since last: 1000146099 ns, Reaching safepoint: 148551 ns, At safepoint: 9075 ns, Total: 157626 ns
[2021-04-20T03:08:48.319+0000][8][safepoint   ] Safepoint "Cleanup", Time since last: 9001388002 ns, Reaching safepoint: 236512 ns, At safepoint: 17738 ns, Total: 254250 ns
[2021-04-20T03:08:50.320+0000][8][safepoint   ] Safepoint "Cleanup", Time since last: 2000352340 ns, Reaching safepoint: 382523 ns, At safepoint: 33356 ns, Total: 415879 ns
[2021-04-20T03:08:52.321+0000][8][safepoint   ] Safepoint "Cleanup", Time since last: 2000417432 ns, Reaching safepoint: 255288 ns, At safepoint: 23883 ns, Total: 279171 ns
[2021-04-20T03:09:22.326+0000][8][safepoint   ] Safepoint "Cleanup", Time since last: 30004406460 ns, Reaching safepoint: 330779 ns, At safepoint: 27379 ns, Total: 358158 ns
[2021-04-20T03:09:42.329+0000][8][safepoint   ] Safepoint "Cleanup", Time since last: 20002741147 ns, Reaching safepoint: 330679 ns, At safepoint: 29685 ns, Total: 360364 ns
[2021-04-20T03:09:47.056+0000][8][gc,start    ] GC(81) Pause Young (Concurrent Start) (G1 Evacuation Pause)
[2021-04-20T03:09:47.056+0000][8][gc,task     ] GC(81) Using 6 workers of 8 for evacuation
[2021-04-20T03:09:47.056+0000][8][gc,age      ] GC(81) Desired survivor size 6291456 bytes, new threshold 15 (max threshold 15)
[2021-04-20T03:09:47.063+0000][8][gc,age      ] GC(81) Age table with threshold 15 (max threshold 15)
[2021-04-20T03:09:47.063+0000][8][gc,age      ] GC(81) - age   1:     749152 bytes,     749152 total
[2021-04-20T03:09:47.064+0000][8][gc,age      ] GC(81) - age   2:      70816 bytes,     819968 total
[2021-04-20T03:09:47.064+0000][8][gc,age      ] GC(81) - age   3:       7528 bytes,     827496 total
[2021-04-20T03:09:47.064+0000][8][gc,age      ] GC(81) - age   4:     161720 bytes,     989216 total
[2021-04-20T03:09:47.064+0000][8][gc,age      ] GC(81) - age   5:       2736 bytes,     991952 total
[2021-04-20T03:09:47.064+0000][8][gc,age      ] GC(81) - age   6:      28000 bytes,    1019952 total
[2021-04-20T03:09:47.064+0000][8][gc,age      ] GC(81) - age   7:       5968 bytes,    1025920 total
[2021-04-20T03:09:47.064+0000][8][gc,age      ] GC(81) - age   8:       3920 bytes,    1029840 total
[2021-04-20T03:09:47.064+0000][8][gc,age      ] GC(81) - age   9:       5048 bytes,    1034888 total
[2021-04-20T03:09:47.064+0000][8][gc,age      ] GC(81) - age  10:       5408 bytes,    1040296 total
[2021-04-20T03:09:47.064+0000][8][gc,age      ] GC(81) - age  11:       6440 bytes,    1046736 total
[2021-04-20T03:09:47.064+0000][8][gc,age      ] GC(81) - age  12:       2952 bytes,    1049688 total
[2021-04-20T03:09:47.064+0000][8][gc,age      ] GC(81) - age  13:       1848 bytes,    1051536 total
[2021-04-20T03:09:47.064+0000][8][gc,age      ] GC(81) - age  14:       5008 bytes,    1056544 total
[2021-04-20T03:09:47.064+0000][8][gc,age      ] GC(81) - age  15:       4624 bytes,    1061168 total
[2021-04-20T03:09:47.064+0000][8][gc,phases   ] GC(81)   Pre Evacuate Collection Set: 0.4ms
[2021-04-20T03:09:47.064+0000][8][gc,phases   ] GC(81)   Merge Heap Roots: 0.2ms
[2021-04-20T03:09:47.064+0000][8][gc,phases   ] GC(81)   Evacuate Collection Set: 4.6ms
[2021-04-20T03:09:47.064+0000][8][gc,phases   ] GC(81)   Post Evacuate Collection Set: 1.7ms
[2021-04-20T03:09:47.064+0000][8][gc,phases   ] GC(81)   Other: 1.1ms
[2021-04-20T03:09:47.064+0000][8][gc,heap     ] GC(81) Eden regions: 22->0(22)
[2021-04-20T03:09:47.064+0000][8][gc,heap     ] GC(81) Survivor regions: 1->1(3)
[2021-04-20T03:09:47.064+0000][8][gc,heap     ] GC(81) Old regions: 26->26
[2021-04-20T03:09:47.064+0000][8][gc,heap     ] GC(81) Archive regions: 2->2
[2021-04-20T03:09:47.064+0000][8][gc,heap     ] GC(81) Humongous regions: 2->2
[2021-04-20T03:09:47.064+0000][8][gc,metaspace] GC(81) Metaspace: 108493K(113480K)->108493K(113480K) NonClass: 94472K(98120K)->94472K(98120K) Class: 14021K(15360K)->14021K(15360K)
[2021-04-20T03:09:47.064+0000][8][gc          ] GC(81) Pause Young (Concurrent Start) (G1 Evacuation Pause) 202M->113M(256M) 8.366ms
[2021-04-20T03:09:47.065+0000][8][gc,cpu      ] GC(81) User=0.03s Sys=0.01s Real=0.01s
[2021-04-20T03:09:47.065+0000][8][safepoint   ] Safepoint "G1CollectForAllocation", Time since last: 4727012814 ns, Reaching safepoint: 342741 ns, At safepoint: 8608638 ns, Total: 8951379 ns
[2021-04-20T03:09:47.065+0000][8][gc          ] GC(82) Concurrent Cycle
[2021-04-20T03:09:47.065+0000][8][gc,marking  ] GC(82) Concurrent Clear Claimed Marks
[2021-04-20T03:09:47.065+0000][8][gc,marking  ] GC(82) Concurrent Clear Claimed Marks 0.287ms
[2021-04-20T03:09:47.065+0000][8][gc,marking  ] GC(82) Concurrent Scan Root Regions
[2021-04-20T03:09:47.071+0000][8][gc,marking  ] GC(82) Concurrent Scan Root Regions 5.403ms
[2021-04-20T03:09:47.071+0000][8][gc,marking  ] GC(82) Concurrent Mark (2309.056s)
[2021-04-20T03:09:47.071+0000][8][gc,marking  ] GC(82) Concurrent Mark From Roots
[2021-04-20T03:09:47.071+0000][8][gc,task     ] GC(82) Using 2 workers of 2 for marking
[2021-04-20T03:09:47.199+0000][8][gc,marking  ] GC(82) Concurrent Mark From Roots 128.243ms
[2021-04-20T03:09:47.199+0000][8][gc,marking  ] GC(82) Concurrent Preclean
[2021-04-20T03:09:47.199+0000][8][gc,marking  ] GC(82) Concurrent Preclean 0.264ms
[2021-04-20T03:09:47.199+0000][8][gc,marking  ] GC(82) Concurrent Mark (2309.056s, 2309.185s) 128.589ms
[2021-04-20T03:09:47.199+0000][8][gc,start    ] GC(82) Pause Remark
[2021-04-20T03:09:47.205+0000][8][gc          ] GC(82) Pause Remark 115M->115M(256M) 5.977ms
[2021-04-20T03:09:47.205+0000][8][gc,cpu      ] GC(82) User=0.03s Sys=0.00s Real=0.01s
[2021-04-20T03:09:47.205+0000][8][safepoint   ] Safepoint "G1Concurrent", Time since last: 134664617 ns, Reaching safepoint: 114055 ns, At safepoint: 6054510 ns, Total: 6168565 ns
[2021-04-20T03:09:47.205+0000][8][gc,marking  ] GC(82) Concurrent Rebuild Remembered Sets
[2021-04-20T03:09:47.267+0000][8][gc,marking  ] GC(82) Concurrent Rebuild Remembered Sets 61.147ms
[2021-04-20T03:09:47.267+0000][8][gc,start    ] GC(82) Pause Cleanup
[2021-04-20T03:09:47.267+0000][8][gc          ] GC(82) Pause Cleanup 115M->115M(256M) 0.075ms
[2021-04-20T03:09:47.267+0000][8][gc,cpu      ] GC(82) User=0.00s Sys=0.00s Real=0.00s
[2021-04-20T03:09:47.267+0000][8][safepoint   ] Safepoint "G1Concurrent", Time since last: 61263980 ns, Reaching safepoint: 96674 ns, At safepoint: 117752 ns, Total: 214426 ns
[2021-04-20T03:09:47.267+0000][8][gc,marking  ] GC(82) Concurrent Cleanup for Next Mark
[2021-04-20T03:09:47.267+0000][8][gc,marking  ] GC(82) Concurrent Cleanup for Next Mark 0.175ms
[2021-04-20T03:09:47.267+0000][8][gc          ] GC(82) Concurrent Cycle 202.506ms
[2021-04-20T03:09:50.267+0000][8][safepoint   ] Safepoint "Cleanup", Time since last: 3000279105 ns, Reaching safepoint: 123122 ns, At safepoint: 14280 ns, Total: 137402 ns
[2021-04-20T03:10:15.271+0000][8][safepoint   ] Safepoint "Cleanup", Time since last: 25003691337 ns, Reaching safepoint: 407567 ns, At safepoint: 18850 ns, Total: 426417 ns
[2021-04-20T03:10:22.273+0000][8][safepoint   ] Safepoint "Cleanup", Time since last: 7001494319 ns, Reaching safepoint: 533560 ns, At safepoint: 33680 ns, Total: 567240 ns
[2021-04-20T03:10:45.277+0000][8][safepoint   ] Safepoint "Cleanup", Time since last: 23003597406 ns, Reaching safepoint: 137137 ns, At safepoint: 8733 ns, Total: 145870 ns
[2021-04-20T03:10:48.278+0000][8][safepoint   ] Safepoint "Cleanup", Time since last: 3000429134 ns, Reaching safepoint: 107339 ns, At safepoint: 6874 ns, Total: 114213 ns
[2021-04-20T03:10:50.278+0000][8][safepoint   ] Safepoint "Cleanup", Time since last: 2000309945 ns, Reaching safepoint: 306925 ns, At safepoint: 53866 ns, Total: 360791 ns
[2021-04-20T03:11:27.121+0000][8][gc,start    ] GC(83) Pause Young (Normal) (G1 Evacuation Pause)
[2021-04-20T03:11:27.121+0000][8][gc,task     ] GC(83) Using 6 workers of 8 for evacuation
[2021-04-20T03:11:27.121+0000][8][gc,age      ] GC(83) Desired survivor size 6291456 bytes, new threshold 15 (max threshold 15)
[2021-04-20T03:11:27.130+0000][8][gc,age      ] GC(83) Age table with threshold 15 (max threshold 15)
[2021-04-20T03:11:27.130+0000][8][gc,age      ] GC(83) - age   1:     482464 bytes,     482464 total
[2021-04-20T03:11:27.130+0000][8][gc,age      ] GC(83) - age   2:     626160 bytes,    1108624 total
[2021-04-20T03:11:27.130+0000][8][gc,age      ] GC(83) - age   3:      53416 bytes,    1162040 total
[2021-04-20T03:11:27.130+0000][8][gc,age      ] GC(83) - age   4:       6920 bytes,    1168960 total
[2021-04-20T03:11:27.130+0000][8][gc,age      ] GC(83) - age   5:     161720 bytes,    1330680 total
[2021-04-20T03:11:27.130+0000][8][gc,age      ] GC(83) - age   6:       2736 bytes,    1333416 total
[2021-04-20T03:11:27.130+0000][8][gc,age      ] GC(83) - age   7:      28000 bytes,    1361416 total
[2021-04-20T03:11:27.130+0000][8][gc,age      ] GC(83) - age   8:       5968 bytes,    1367384 total
[2021-04-20T03:11:27.130+0000][8][gc,age      ] GC(83) - age   9:       3856 bytes,    1371240 total
[2021-04-20T03:11:27.130+0000][8][gc,age      ] GC(83) - age  10:       5048 bytes,    1376288 total
[2021-04-20T03:11:27.130+0000][8][gc,age      ] GC(83) - age  11:       5344 bytes,    1381632 total
[2021-04-20T03:11:27.130+0000][8][gc,age      ] GC(83) - age  12:       6400 bytes,    1388032 total
[2021-04-20T03:11:27.130+0000][8][gc,age      ] GC(83) - age  13:       2536 bytes,    1390568 total
[2021-04-20T03:11:27.130+0000][8][gc,age      ] GC(83) - age  14:       1848 bytes,    1392416 total
[2021-04-20T03:11:27.130+0000][8][gc,age      ] GC(83) - age  15:       5008 bytes,    1397424 total
[2021-04-20T03:11:27.130+0000][8][gc,phases   ] GC(83)   Pre Evacuate Collection Set: 0.2ms
[2021-04-20T03:11:27.130+0000][8][gc,phases   ] GC(83)   Merge Heap Roots: 0.3ms
[2021-04-20T03:11:27.130+0000][8][gc,phases   ] GC(83)   Evacuate Collection Set: 6.2ms
[2021-04-20T03:11:27.130+0000][8][gc,phases   ] GC(83)   Post Evacuate Collection Set: 2.0ms
[2021-04-20T03:11:27.131+0000][8][gc,phases   ] GC(83)   Other: 0.9ms
[2021-04-20T03:11:27.131+0000][8][gc,heap     ] GC(83) Eden regions: 22->0(22)
[2021-04-20T03:11:27.131+0000][8][gc,heap     ] GC(83) Survivor regions: 1->1(3)
[2021-04-20T03:11:27.131+0000][8][gc,heap     ] GC(83) Old regions: 26->26
[2021-04-20T03:11:27.131+0000][8][gc,heap     ] GC(83) Archive regions: 2->2
[2021-04-20T03:11:27.131+0000][8][gc,heap     ] GC(83) Humongous regions: 2->2
[2021-04-20T03:11:27.131+0000][8][gc,metaspace] GC(83) Metaspace: 108517K(113480K)->108517K(113480K) NonClass: 94496K(98120K)->94496K(98120K) Class: 14021K(15360K)->14021K(15360K)
[2021-04-20T03:11:27.131+0000][8][gc          ] GC(83) Pause Young (Normal) (G1 Evacuation Pause) 201M->114M(256M) 9.928ms
[2021-04-20T03:11:27.131+0000][8][gc,cpu      ] GC(83) User=0.04s Sys=0.00s Real=0.01s
[2021-04-20T03:11:27.131+0000][8][safepoint   ] Safepoint "G1CollectForAllocation", Time since last: 36841848917 ns, Reaching safepoint: 434586 ns, At safepoint: 10175959 ns, Total: 10610545 ns
[2021-04-20T03:11:30.132+0000][8][safepoint   ] Safepoint "Cleanup", Time since last: 3000542851 ns, Reaching safepoint: 282730 ns, At safepoint: 25064 ns, Total: 307794 ns
[2021-04-20T03:11:47.135+0000][8][safepoint   ] Safepoint "Cleanup", Time since last: 17002577659 ns, Reaching safepoint: 343098 ns, At safepoint: 28194 ns, Total: 371292 ns
[2021-04-20T03:11:48.135+0000][8][safepoint   ] Safepoint "Cleanup", Time since last: 1000325741 ns, Reaching safepoint: 307426 ns, At safepoint: 24143 ns, Total: 331569 ns
[2021-04-20T03:11:49.136+0000][8][safepoint   ] Safepoint "Cleanup", Time since last: 1000258917 ns, Reaching safepoint: 351033 ns, At safepoint: 31787 ns, Total: 382820 ns
[2021-04-20T03:11:50.136+0000][8][safepoint   ] Safepoint "Cleanup", Time since last: 1000160705 ns, Reaching safepoint: 82393 ns, At safepoint: 6713 ns, Total: 89106 ns
[2021-04-20T03:11:54.137+0000][8][safepoint   ] Safepoint "Cleanup", Time since last: 4000848030 ns, Reaching safepoint: 283864 ns, At safepoint: 23434 ns, Total: 307298 ns
[2021-04-20T03:11:55.138+0000][8][safepoint   ] Safepoint "Cleanup", Time since last: 1000270814 ns, Reaching safepoint: 372565 ns, At safepoint: 32623 ns, Total: 405188 ns
[2021-04-20T03:12:06.140+0000][8][safepoint   ] Safepoint "Cleanup", Time since last: 11001948003 ns, Reaching safepoint: 294444 ns, At safepoint: 27217 ns, Total: 321661 ns
[2021-04-20T03:12:12.142+0000][8][safepoint   ] Safepoint "Cleanup", Time since last: 6001014999 ns, Reaching safepoint: 419664 ns, At safepoint: 27194 ns, Total: 446858 ns
[2021-04-20T03:12:39.568+0000][8][safepoint   ] Safepoint "Cleanup", Time since last: 27425664423 ns, Reaching safepoint: 516877 ns, At safepoint: 38798 ns, Total: 555675 ns
[2021-04-20T03:12:41.435+0000][8][gc,start    ] GC(84) Pause Young (Concurrent Start) (G1 Evacuation Pause)
[2021-04-20T03:12:41.435+0000][8][gc,task     ] GC(84) Using 6 workers of 8 for evacuation
[2021-04-20T03:12:41.435+0000][8][gc,age      ] GC(84) Desired survivor size 6291456 bytes, new threshold 15 (max threshold 15)
[2021-04-20T03:12:41.439+0000][8][gc,age      ] GC(84) Age table with threshold 15 (max threshold 15)
[2021-04-20T03:12:41.439+0000][8][gc,age      ] GC(84) - age   1:    1086320 bytes,    1086320 total
[2021-04-20T03:12:41.439+0000][8][gc,age      ] GC(84) - age   2:     311896 bytes,    1398216 total
[2021-04-20T03:12:41.439+0000][8][gc,age      ] GC(84) - age   3:     609608 bytes,    2007824 total
[2021-04-20T03:12:41.439+0000][8][gc,age      ] GC(84) - age   4:      53064 bytes,    2060888 total
[2021-04-20T03:12:41.439+0000][8][gc,age      ] GC(84) - age   5:       6400 bytes,    2067288 total
[2021-04-20T03:12:41.439+0000][8][gc,age      ] GC(84) - age   6:     161608 bytes,    2228896 total
[2021-04-20T03:12:41.439+0000][8][gc,age      ] GC(84) - age   7:       2736 bytes,    2231632 total
[2021-04-20T03:12:41.439+0000][8][gc,age      ] GC(84) - age   8:      27936 bytes,    2259568 total
[2021-04-20T03:12:41.439+0000][8][gc,age      ] GC(84) - age   9:       2664 bytes,    2262232 total
[2021-04-20T03:12:41.439+0000][8][gc,age      ] GC(84) - age  10:       3856 bytes,    2266088 total
[2021-04-20T03:12:41.439+0000][8][gc,age      ] GC(84) - age  11:       5048 bytes,    2271136 total
[2021-04-20T03:12:41.439+0000][8][gc,age      ] GC(84) - age  12:       5344 bytes,    2276480 total
[2021-04-20T03:12:41.439+0000][8][gc,age      ] GC(84) - age  13:       6400 bytes,    2282880 total
[2021-04-20T03:12:41.439+0000][8][gc,age      ] GC(84) - age  14:       2472 bytes,    2285352 total
[2021-04-20T03:12:41.439+0000][8][gc,age      ] GC(84) - age  15:       1848 bytes,    2287200 total
[2021-04-20T03:12:41.439+0000][8][gc,phases   ] GC(84)   Pre Evacuate Collection Set: 0.2ms
[2021-04-20T03:12:41.439+0000][8][gc,phases   ] GC(84)   Merge Heap Roots: 0.1ms
[2021-04-20T03:12:41.439+0000][8][gc,phases   ] GC(84)   Evacuate Collection Set: 2.4ms
[2021-04-20T03:12:41.439+0000][8][gc,phases   ] GC(84)   Post Evacuate Collection Set: 0.9ms
[2021-04-20T03:12:41.439+0000][8][gc,phases   ] GC(84)   Other: 0.4ms
[2021-04-20T03:12:41.439+0000][8][gc,heap     ] GC(84) Eden regions: 22->0(22)
[2021-04-20T03:12:41.439+0000][8][gc,heap     ] GC(84) Survivor regions: 1->1(3)
[2021-04-20T03:12:41.439+0000][8][gc,heap     ] GC(84) Old regions: 26->26
[2021-04-20T03:12:41.439+0000][8][gc,heap     ] GC(84) Archive regions: 2->2
[2021-04-20T03:12:41.439+0000][8][gc,heap     ] GC(84) Humongous regions: 2->2
[2021-04-20T03:12:41.439+0000][8][gc,metaspace] GC(84) Metaspace: 108555K(113480K)->108555K(113480K) NonClass: 94532K(98120K)->94532K(98120K) Class: 14023K(15360K)->14023K(15360K)
[2021-04-20T03:12:41.439+0000][8][gc          ] GC(84) Pause Young (Concurrent Start) (G1 Evacuation Pause) 202M->114M(256M) 4.025ms
[2021-04-20T03:12:41.439+0000][8][gc,cpu      ] GC(84) User=0.01s Sys=0.01s Real=0.00s
[2021-04-20T03:12:41.439+0000][8][safepoint   ] Safepoint "G1CollectForAllocation", Time since last: 1867073460 ns, Reaching safepoint: 165796 ns, At safepoint: 4128959 ns, Total: 4294755 ns
[2021-04-20T03:12:41.439+0000][8][gc          ] GC(85) Concurrent Cycle
[2021-04-20T03:12:41.439+0000][8][gc,marking  ] GC(85) Concurrent Clear Claimed Marks
[2021-04-20T03:12:41.440+0000][8][gc,marking  ] GC(85) Concurrent Clear Claimed Marks 0.101ms
[2021-04-20T03:12:41.440+0000][8][gc,marking  ] GC(85) Concurrent Scan Root Regions
[2021-04-20T03:12:41.443+0000][8][gc,marking  ] GC(85) Concurrent Scan Root Regions 3.029ms
[2021-04-20T03:12:41.443+0000][8][gc,marking  ] GC(85) Concurrent Mark (2483.428s)
[2021-04-20T03:12:41.443+0000][8][gc,marking  ] GC(85) Concurrent Mark From Roots
[2021-04-20T03:12:41.443+0000][8][gc,task     ] GC(85) Using 2 workers of 2 for marking
[2021-04-20T03:12:41.552+0000][8][gc,marking  ] GC(85) Concurrent Mark From Roots 109.627ms
[2021-04-20T03:12:41.552+0000][8][gc,marking  ] GC(85) Concurrent Preclean
[2021-04-20T03:12:41.553+0000][8][gc,marking  ] GC(85) Concurrent Preclean 0.310ms
[2021-04-20T03:12:41.553+0000][8][gc,marking  ] GC(85) Concurrent Mark (2483.428s, 2483.538s) 110.007ms
[2021-04-20T03:12:41.553+0000][8][gc,start    ] GC(85) Pause Remark
[2021-04-20T03:12:41.559+0000][8][gc          ] GC(85) Pause Remark 116M->116M(256M) 6.486ms
[2021-04-20T03:12:41.559+0000][8][gc,cpu      ] GC(85) User=0.04s Sys=0.00s Real=0.01s
[2021-04-20T03:12:41.559+0000][8][safepoint   ] Safepoint "G1Concurrent", Time since last: 113281974 ns, Reaching safepoint: 132704 ns, At safepoint: 6565584 ns, Total: 6698288 ns
[2021-04-20T03:12:41.559+0000][8][gc,marking  ] GC(85) Concurrent Rebuild Remembered Sets
[2021-04-20T03:12:41.623+0000][8][gc,marking  ] GC(85) Concurrent Rebuild Remembered Sets 63.859ms
[2021-04-20T03:12:41.623+0000][8][gc,start    ] GC(85) Pause Cleanup
[2021-04-20T03:12:41.623+0000][8][gc          ] GC(85) Pause Cleanup 116M->116M(256M) 0.066ms
[2021-04-20T03:12:41.623+0000][8][gc,cpu      ] GC(85) User=0.00s Sys=0.00s Real=0.00s
[2021-04-20T03:12:41.624+0000][8][safepoint   ] Safepoint "G1Concurrent", Time since last: 63935558 ns, Reaching safepoint: 90738 ns, At safepoint: 109853 ns, Total: 200591 ns
[2021-04-20T03:12:41.624+0000][8][gc,marking  ] GC(85) Concurrent Cleanup for Next Mark
[2021-04-20T03:12:41.624+0000][8][gc,marking  ] GC(85) Concurrent Cleanup for Next Mark 0.141ms
[2021-04-20T03:12:41.624+0000][8][gc          ] GC(85) Concurrent Cycle 184.254ms
[2021-04-20T03:12:42.624+0000][8][safepoint   ] Safepoint "Cleanup", Time since last: 1000111048 ns, Reaching safepoint: 105579 ns, At safepoint: 7620 ns, Total: 113199 ns
[2021-04-20T03:12:45.624+0000][8][safepoint   ] Safepoint "Cleanup", Time since last: 3000368582 ns, Reaching safepoint: 128996 ns, At safepoint: 7949 ns, Total: 136945 ns
[2021-04-20T03:12:50.626+0000][8][safepoint   ] Safepoint "Cleanup", Time since last: 5000866375 ns, Reaching safepoint: 389776 ns, At safepoint: 39089 ns, Total: 428865 ns
[2021-04-20T03:12:51.626+0000][8][safepoint   ] Safepoint "Cleanup", Time since last: 1000221545 ns, Reaching safepoint: 95007 ns, At safepoint: 7330 ns, Total: 102337 ns
[2021-04-20T03:13:12.629+0000][8][safepoint   ] Safepoint "Cleanup", Time since last: 21002997273 ns, Reaching safepoint: 355195 ns, At safepoint: 33157 ns, Total: 388352 ns
[2021-04-20T03:13:27.632+0000][8][safepoint   ] Safepoint "Cleanup", Time since last: 15002279777 ns, Reaching safepoint: 553973 ns, At safepoint: 41942 ns, Total: 595915 ns
[2021-04-20T03:13:29.633+0000][8][safepoint   ] Safepoint "Cleanup", Time since last: 2000493698 ns, Reaching safepoint: 381798 ns, At safepoint: 31815 ns, Total: 413613 ns
[2021-04-20T03:13:32.634+0000][8][safepoint   ] Safepoint "Cleanup", Time since last: 3000551318 ns, Reaching safepoint: 266694 ns, At safepoint: 27759 ns, Total: 294453 ns
[2021-04-20T03:13:42.636+0000][8][safepoint   ] Safepoint "Cleanup", Time since last: 10001351261 ns, Reaching safepoint: 287934 ns, At safepoint: 20170 ns, Total: 308104 ns
[2021-04-20T03:13:50.637+0000][8][safepoint   ] Safepoint "Cleanup", Time since last: 8001090113 ns, Reaching safepoint: 137559 ns, At safepoint: 6870 ns, Total: 144429 ns
[2021-04-20T03:13:53.432+0000][8][gc,start    ] GC(86) Pause Young (Normal) (G1 Evacuation Pause)
[2021-04-20T03:13:53.432+0000][8][gc,task     ] GC(86) Using 6 workers of 8 for evacuation
[2021-04-20T03:13:53.432+0000][8][gc,age      ] GC(86) Desired survivor size 6291456 bytes, new threshold 15 (max threshold 15)
[2021-04-20T03:13:53.434+0000][8][gc,age      ] GC(86) Age table with threshold 15 (max threshold 15)
[2021-04-20T03:13:53.434+0000][8][gc,age      ] GC(86) - age   1:     863392 bytes,     863392 total
[2021-04-20T03:13:53.434+0000][8][gc,age      ] GC(86) - age   2:      83896 bytes,     947288 total
[2021-04-20T03:13:53.434+0000][8][gc,age      ] GC(86) - age   3:       5184 bytes,     952472 total
[2021-04-20T03:13:53.434+0000][8][gc,age      ] GC(86) - age   4:     168352 bytes,    1120824 total
[2021-04-20T03:13:53.434+0000][8][gc,age      ] GC(86) - age   5:      11352 bytes,    1132176 total
[2021-04-20T03:13:53.434+0000][8][gc,age      ] GC(86) - age   6:       6216 bytes,    1138392 total
[2021-04-20T03:13:53.434+0000][8][gc,age      ] GC(86) - age   7:       8032 bytes,    1146424 total
[2021-04-20T03:13:53.434+0000][8][gc,age      ] GC(86) - age   8:       2672 bytes,    1149096 total
[2021-04-20T03:13:53.434+0000][8][gc,age      ] GC(86) - age   9:      27712 bytes,    1176808 total
[2021-04-20T03:13:53.434+0000][8][gc,age      ] GC(86) - age  10:       2664 bytes,    1179472 total
[2021-04-20T03:13:53.434+0000][8][gc,age      ] GC(86) - age  11:       3856 bytes,    1183328 total
[2021-04-20T03:13:53.434+0000][8][gc,age      ] GC(86) - age  12:       5048 bytes,    1188376 total
[2021-04-20T03:13:53.434+0000][8][gc,age      ] GC(86) - age  13:       5344 bytes,    1193720 total
[2021-04-20T03:13:53.434+0000][8][gc,age      ] GC(86) - age  14:       6400 bytes,    1200120 total
[2021-04-20T03:13:53.434+0000][8][gc,age      ] GC(86) - age  15:       2472 bytes,    1202592 total
[2021-04-20T03:13:53.435+0000][8][gc,phases   ] GC(86)   Pre Evacuate Collection Set: 0.1ms
[2021-04-20T03:13:53.435+0000][8][gc,phases   ] GC(86)   Merge Heap Roots: 0.1ms
[2021-04-20T03:13:53.435+0000][8][gc,phases   ] GC(86)   Evacuate Collection Set: 1.6ms
[2021-04-20T03:13:53.435+0000][8][gc,phases   ] GC(86)   Post Evacuate Collection Set: 0.6ms
[2021-04-20T03:13:53.435+0000][8][gc,phases   ] GC(86)   Other: 0.3ms
[2021-04-20T03:13:53.435+0000][8][gc,heap     ] GC(86) Eden regions: 22->0(22)
[2021-04-20T03:13:53.435+0000][8][gc,heap     ] GC(86) Survivor regions: 1->1(3)
[2021-04-20T03:13:53.435+0000][8][gc,heap     ] GC(86) Old regions: 26->26
[2021-04-20T03:13:53.435+0000][8][gc,heap     ] GC(86) Archive regions: 2->2
[2021-04-20T03:13:53.435+0000][8][gc,heap     ] GC(86) Humongous regions: 2->2
[2021-04-20T03:13:53.435+0000][8][gc,metaspace] GC(86) Metaspace: 108599K(113480K)->108599K(113480K) NonClass: 94576K(98120K)->94576K(98120K) Class: 14023K(15360K)->14023K(15360K)
[2021-04-20T03:13:53.435+0000][8][gc          ] GC(86) Pause Young (Normal) (G1 Evacuation Pause) 202M->114M(256M) 2.855ms
[2021-04-20T03:13:53.435+0000][8][gc,cpu      ] GC(86) User=0.00s Sys=0.00s Real=0.01s
[2021-04-20T03:13:53.435+0000][8][safepoint   ] Safepoint "G1CollectForAllocation", Time since last: 2794949848 ns, Reaching safepoint: 96351 ns, At safepoint: 2950689 ns, Total: 3047040 ns
[2021-04-20T03:13:56.435+0000][8][safepoint   ] Safepoint "Cleanup", Time since last: 3000417189 ns, Reaching safepoint: 163172 ns, At safepoint: 9515 ns, Total: 172687 ns
[2021-04-20T03:14:10.437+0000][8][safepoint   ] Safepoint "Cleanup", Time since last: 14001769799 ns, Reaching safepoint: 171588 ns, At safepoint: 11272 ns, Total: 182860 ns
[2021-04-20T03:14:11.438+0000][8][safepoint   ] Safepoint "Cleanup", Time since last: 1000171174 ns, Reaching safepoint: 524381 ns, At safepoint: 39369 ns, Total: 563750 ns
[2021-04-20T03:14:50.443+0000][8][safepoint   ] Safepoint "Cleanup", Time since last: 39005000322 ns, Reaching safepoint: 373609 ns, At safepoint: 34373 ns, Total: 407982 ns
[2021-04-20T03:14:56.445+0000][8][safepoint   ] Safepoint "Cleanup", Time since last: 6000871497 ns, Reaching safepoint: 285220 ns, At safepoint: 30264 ns, Total: 315484 ns
[2021-04-20T03:14:57.445+0000][8][safepoint   ] Safepoint "Cleanup", Time since last: 1000306344 ns, Reaching safepoint: 366846 ns, At safepoint: 44837 ns, Total: 411683 ns
[2021-04-20T03:15:11.158+0000][8][gc,start    ] GC(87) Pause Young (Concurrent Start) (G1 Evacuation Pause)
[2021-04-20T03:15:11.158+0000][8][gc,task     ] GC(87) Using 6 workers of 8 for evacuation
[2021-04-20T03:15:11.158+0000][8][gc,age      ] GC(87) Desired survivor size 6291456 bytes, new threshold 15 (max threshold 15)
[2021-04-20T03:15:11.167+0000][8][gc,age      ] GC(87) Age table with threshold 15 (max threshold 15)
[2021-04-20T03:15:11.167+0000][8][gc,age      ] GC(87) - age   1:     929160 bytes,     929160 total
[2021-04-20T03:15:11.167+0000][8][gc,age      ] GC(87) - age   2:     617048 bytes,    1546208 total
[2021-04-20T03:15:11.167+0000][8][gc,age      ] GC(87) - age   3:      58432 bytes,    1604640 total
[2021-04-20T03:15:11.167+0000][8][gc,age      ] GC(87) - age   4:       4776 bytes,    1609416 total
[2021-04-20T03:15:11.168+0000][8][gc,age      ] GC(87) - age   5:     168160 bytes,    1777576 total
[2021-04-20T03:15:11.168+0000][8][gc,age      ] GC(87) - age   6:      11288 bytes,    1788864 total
[2021-04-20T03:15:11.168+0000][8][gc,age      ] GC(87) - age   7:       6152 bytes,    1795016 total
[2021-04-20T03:15:11.168+0000][8][gc,age      ] GC(87) - age   8:       7808 bytes,    1802824 total
[2021-04-20T03:15:11.168+0000][8][gc,age      ] GC(87) - age   9:       2648 bytes,    1805472 total
[2021-04-20T03:15:11.168+0000][8][gc,age      ] GC(87) - age  10:      27712 bytes,    1833184 total
[2021-04-20T03:15:11.168+0000][8][gc,age      ] GC(87) - age  11:       2600 bytes,    1835784 total
[2021-04-20T03:15:11.168+0000][8][gc,age      ] GC(87) - age  12:       3792 bytes,    1839576 total
[2021-04-20T03:15:11.168+0000][8][gc,age      ] GC(87) - age  13:       4984 bytes,    1844560 total
[2021-04-20T03:15:11.168+0000][8][gc,age      ] GC(87) - age  14:       5216 bytes,    1849776 total
[2021-04-20T03:15:11.168+0000][8][gc,age      ] GC(87) - age  15:       6400 bytes,    1856176 total
[2021-04-20T03:15:11.168+0000][8][gc,phases   ] GC(87)   Pre Evacuate Collection Set: 0.4ms
[2021-04-20T03:15:11.168+0000][8][gc,phases   ] GC(87)   Merge Heap Roots: 0.1ms
[2021-04-20T03:15:11.168+0000][8][gc,phases   ] GC(87)   Evacuate Collection Set: 6.3ms
[2021-04-20T03:15:11.168+0000][8][gc,phases   ] GC(87)   Post Evacuate Collection Set: 2.0ms
[2021-04-20T03:15:11.168+0000][8][gc,phases   ] GC(87)   Other: 1.0ms
[2021-04-20T03:15:11.168+0000][8][gc,heap     ] GC(87) Eden regions: 22->0(22)
[2021-04-20T03:15:11.168+0000][8][gc,heap     ] GC(87) Survivor regions: 1->1(3)
[2021-04-20T03:15:11.168+0000][8][gc,heap     ] GC(87) Old regions: 26->26
[2021-04-20T03:15:11.168+0000][8][gc,heap     ] GC(87) Archive regions: 2->2
[2021-04-20T03:15:11.168+0000][8][gc,heap     ] GC(87) Humongous regions: 2->2
[2021-04-20T03:15:11.168+0000][8][gc,metaspace] GC(87) Metaspace: 108635K(113480K)->108635K(113480K) NonClass: 94611K(98120K)->94611K(98120K) Class: 14023K(15360K)->14023K(15360K)
[2021-04-20T03:15:11.168+0000][8][gc          ] GC(87) Pause Young (Concurrent Start) (G1 Evacuation Pause) 202M->114M(256M) 10.155ms
[2021-04-20T03:15:11.168+0000][8][gc,cpu      ] GC(87) User=0.05s Sys=0.00s Real=0.01s
[2021-04-20T03:15:11.169+0000][8][gc          ] GC(88) Concurrent Cycle
[2021-04-20T03:15:11.169+0000][8][safepoint   ] Safepoint "G1CollectForAllocation", Time since last: 13712336912 ns, Reaching safepoint: 382957 ns, At safepoint: 10539673 ns, Total: 10922630 ns
[2021-04-20T03:15:11.169+0000][8][gc,marking  ] GC(88) Concurrent Clear Claimed Marks
[2021-04-20T03:15:11.169+0000][8][gc,marking  ] GC(88) Concurrent Clear Claimed Marks 0.218ms
[2021-04-20T03:15:11.169+0000][8][gc,marking  ] GC(88) Concurrent Scan Root Regions
[2021-04-20T03:15:11.179+0000][8][gc,marking  ] GC(88) Concurrent Scan Root Regions 10.494ms
[2021-04-20T03:15:11.180+0000][8][gc,marking  ] GC(88) Concurrent Mark (2633.165s)
[2021-04-20T03:15:11.180+0000][8][gc,marking  ] GC(88) Concurrent Mark From Roots
[2021-04-20T03:15:11.180+0000][8][gc,task     ] GC(88) Using 2 workers of 2 for marking
[2021-04-20T03:15:11.301+0000][8][gc,marking  ] GC(88) Concurrent Mark From Roots 121.509ms
[2021-04-20T03:15:11.301+0000][8][gc,marking  ] GC(88) Concurrent Preclean
[2021-04-20T03:15:11.301+0000][8][gc,marking  ] GC(88) Concurrent Preclean 0.274ms
[2021-04-20T03:15:11.301+0000][8][gc,marking  ] GC(88) Concurrent Mark (2633.165s, 2633.287s) 121.873ms
[2021-04-20T03:15:11.302+0000][8][gc,start    ] GC(88) Pause Remark
[2021-04-20T03:15:11.308+0000][8][gc          ] GC(88) Pause Remark 115M->115M(256M) 6.287ms
[2021-04-20T03:15:11.308+0000][8][gc,cpu      ] GC(88) User=0.04s Sys=0.00s Real=0.01s
[2021-04-20T03:15:11.308+0000][8][safepoint   ] Safepoint "G1Concurrent", Time since last: 132810395 ns, Reaching safepoint: 140063 ns, At safepoint: 6363253 ns, Total: 6503316 ns
[2021-04-20T03:15:11.308+0000][8][gc,marking  ] GC(88) Concurrent Rebuild Remembered Sets
[2021-04-20T03:15:11.373+0000][8][gc,marking  ] GC(88) Concurrent Rebuild Remembered Sets 65.071ms
[2021-04-20T03:15:11.373+0000][8][gc,start    ] GC(88) Pause Cleanup
[2021-04-20T03:15:11.373+0000][8][gc          ] GC(88) Pause Cleanup 116M->116M(256M) 0.076ms
[2021-04-20T03:15:11.373+0000][8][gc,cpu      ] GC(88) User=0.00s Sys=0.00s Real=0.00s
[2021-04-20T03:15:11.373+0000][8][safepoint   ] Safepoint "G1Concurrent", Time since last: 65160236 ns, Reaching safepoint: 94760 ns, At safepoint: 120939 ns, Total: 215699 ns
[2021-04-20T03:15:11.373+0000][8][gc,marking  ] GC(88) Concurrent Cleanup for Next Mark
[2021-04-20T03:15:11.374+0000][8][gc,marking  ] GC(88) Concurrent Cleanup for Next Mark 0.229ms
[2021-04-20T03:15:11.374+0000][8][gc          ] GC(88) Concurrent Cycle 205.010ms
[2021-04-20T03:15:18.375+0000][8][safepoint   ] Safepoint "Cleanup", Time since last: 7000993896 ns, Reaching safepoint: 353298 ns, At safepoint: 35648 ns, Total: 388946 ns
[2021-04-20T03:15:35.378+0000][8][safepoint   ] Safepoint "Cleanup", Time since last: 17002784464 ns, Reaching safepoint: 276827 ns, At safepoint: 22104 ns, Total: 298931 ns
[2021-04-20T03:15:50.380+0000][8][safepoint   ] Safepoint "Cleanup", Time since last: 15002232318 ns, Reaching safepoint: 383514 ns, At safepoint: 35921 ns, Total: 419435 ns
[2021-04-20T03:15:59.382+0000][8][safepoint   ] Safepoint "Cleanup", Time since last: 9001409542 ns, Reaching safepoint: 303906 ns, At safepoint: 38303 ns, Total: 342209 ns
[2021-04-20T03:16:00.383+0000][8][safepoint   ] Safepoint "Cleanup", Time since last: 1000242921 ns, Reaching safepoint: 327527 ns, At safepoint: 25360 ns, Total: 352887 ns
[2021-04-20T03:16:02.383+0000][8][safepoint   ] Safepoint "Cleanup", Time since last: 2000363195 ns, Reaching safepoint: 150308 ns, At safepoint: 11110 ns, Total: 161418 ns
[2021-04-20T03:16:08.384+0000][8][safepoint   ] Safepoint "Cleanup", Time since last: 6000835595 ns, Reaching safepoint: 317876 ns, At safepoint: 27455 ns, Total: 345331 ns
[2021-04-20T03:16:15.386+0000][8][safepoint   ] Safepoint "Cleanup", Time since last: 7001080411 ns, Reaching safepoint: 301598 ns, At safepoint: 26803 ns, Total: 328401 ns
[2021-04-20T03:16:17.386+0000][8][safepoint   ] Safepoint "Cleanup", Time since last: 2000362791 ns, Reaching safepoint: 172727 ns, At safepoint: 12570 ns, Total: 185297 ns
[2021-04-20T03:16:21.388+0000][8][safepoint   ] Safepoint "Cleanup", Time since last: 4000706684 ns, Reaching safepoint: 393462 ns, At safepoint: 29295 ns, Total: 422757 ns
[2021-04-20T03:16:29.406+0000][8][gc,start    ] GC(89) Pause Young (Normal) (G1 Evacuation Pause)
[2021-04-20T03:16:29.406+0000][8][gc,task     ] GC(89) Using 6 workers of 8 for evacuation
[2021-04-20T03:16:29.406+0000][8][gc,age      ] GC(89) Desired survivor size 6291456 bytes, new threshold 15 (max threshold 15)
[2021-04-20T03:16:29.409+0000][8][gc,age      ] GC(89) Age table with threshold 15 (max threshold 15)
[2021-04-20T03:16:29.409+0000][8][gc,age      ] GC(89) - age   1:     886336 bytes,     886336 total
[2021-04-20T03:16:29.409+0000][8][gc,age      ] GC(89) - age   2:       3624 bytes,     889960 total
[2021-04-20T03:16:29.409+0000][8][gc,age      ] GC(89) - age   3:     174520 bytes,    1064480 total
[2021-04-20T03:16:29.409+0000][8][gc,age      ] GC(89) - age   4:       6464 bytes,    1070944 total
[2021-04-20T03:16:29.409+0000][8][gc,age      ] GC(89) - age   5:       4608 bytes,    1075552 total
[2021-04-20T03:16:29.409+0000][8][gc,age      ] GC(89) - age   6:      23888 bytes,    1099440 total
[2021-04-20T03:16:29.409+0000][8][gc,age      ] GC(89) - age   7:      10984 bytes,    1110424 total
[2021-04-20T03:16:29.409+0000][8][gc,age      ] GC(89) - age   8:       6088 bytes,    1116512 total
[2021-04-20T03:16:29.409+0000][8][gc,age      ] GC(89) - age   9:       7808 bytes,    1124320 total
[2021-04-20T03:16:29.409+0000][8][gc,age      ] GC(89) - age  10:       2584 bytes,    1126904 total
[2021-04-20T03:16:29.409+0000][8][gc,age      ] GC(89) - age  11:      27712 bytes,    1154616 total
[2021-04-20T03:16:29.409+0000][8][gc,age      ] GC(89) - age  12:       2504 bytes,    1157120 total
[2021-04-20T03:16:29.409+0000][8][gc,age      ] GC(89) - age  13:       3792 bytes,    1160912 total
[2021-04-20T03:16:29.409+0000][8][gc,age      ] GC(89) - age  14:       4984 bytes,    1165896 total
[2021-04-20T03:16:29.409+0000][8][gc,age      ] GC(89) - age  15:       5216 bytes,    1171112 total
[2021-04-20T03:16:29.410+0000][8][gc,phases   ] GC(89)   Pre Evacuate Collection Set: 0.1ms
[2021-04-20T03:16:29.410+0000][8][gc,phases   ] GC(89)   Merge Heap Roots: 0.1ms
[2021-04-20T03:16:29.410+0000][8][gc,phases   ] GC(89)   Evacuate Collection Set: 2.0ms
[2021-04-20T03:16:29.410+0000][8][gc,phases   ] GC(89)   Post Evacuate Collection Set: 0.7ms
[2021-04-20T03:16:29.410+0000][8][gc,phases   ] GC(89)   Other: 0.3ms
[2021-04-20T03:16:29.410+0000][8][gc,heap     ] GC(89) Eden regions: 22->0(22)
[2021-04-20T03:16:29.410+0000][8][gc,heap     ] GC(89) Survivor regions: 1->1(3)
[2021-04-20T03:16:29.410+0000][8][gc,heap     ] GC(89) Old regions: 26->26
[2021-04-20T03:16:29.410+0000][8][gc,heap     ] GC(89) Archive regions: 2->2
[2021-04-20T03:16:29.410+0000][8][gc,heap     ] GC(89) Humongous regions: 2->2
[2021-04-20T03:16:29.410+0000][8][gc,metaspace] GC(89) Metaspace: 108678K(113480K)->108678K(113480K) NonClass: 94654K(98120K)->94654K(98120K) Class: 14023K(15360K)->14023K(15360K)
[2021-04-20T03:16:29.410+0000][8][gc          ] GC(89) Pause Young (Normal) (G1 Evacuation Pause) 202M->114M(256M) 3.222ms
[2021-04-20T03:16:29.410+0000][8][gc,cpu      ] GC(89) User=0.01s Sys=0.00s Real=0.00s
[2021-04-20T03:16:29.410+0000][8][safepoint   ] Safepoint "G1CollectForAllocation", Time since last: 8018696417 ns, Reaching safepoint: 101845 ns, At safepoint: 3313901 ns, Total: 3415746 ns
[2021-04-20T03:16:30.410+0000][8][safepoint   ] Safepoint "Cleanup", Time since last: 1000123008 ns, Reaching safepoint: 310966 ns, At safepoint: 20147 ns, Total: 331113 ns
[2021-04-20T03:16:33.411+0000][8][safepoint   ] Safepoint "Cleanup", Time since last: 3000570857 ns, Reaching safepoint: 130434 ns, At safepoint: 10706 ns, Total: 141140 ns
[2021-04-20T03:16:50.413+0000][8][safepoint   ] Safepoint "Cleanup", Time since last: 17002430334 ns, Reaching safepoint: 165904 ns, At safepoint: 10372 ns, Total: 176276 ns
[2021-04-20T03:16:53.414+0000][8][safepoint   ] Safepoint "Cleanup", Time since last: 3000639516 ns, Reaching safepoint: 186685 ns, At safepoint: 14888 ns, Total: 201573 ns
[2021-04-20T03:17:02.416+0000][8][safepoint   ] Safepoint "Cleanup", Time since last: 9001529618 ns, Reaching safepoint: 122773 ns, At safepoint: 8392 ns, Total: 131165 ns
[2021-04-20T03:17:08.417+0000][8][safepoint   ] Safepoint "Cleanup", Time since last: 6001012768 ns, Reaching safepoint: 294517 ns, At safepoint: 28509 ns, Total: 323026 ns
[2021-04-20T03:17:17.419+0000][8][safepoint   ] Safepoint "Cleanup", Time since last: 9001640940 ns, Reaching safepoint: 103103 ns, At safepoint: 8712 ns, Total: 111815 ns
[2021-04-20T03:17:22.420+0000][8][safepoint   ] Safepoint "Cleanup", Time since last: 5000644162 ns, Reaching safepoint: 383494 ns, At safepoint: 25271 ns, Total: 408765 ns
[2021-04-20T03:17:32.422+0000][8][safepoint   ] Safepoint "Cleanup", Time since last: 10001268939 ns, Reaching safepoint: 144698 ns, At safepoint: 7095 ns, Total: 151793 ns
[2021-04-20T03:17:41.415+0000][8][gc,start    ] GC(90) Pause Young (Concurrent Start) (G1 Evacuation Pause)
[2021-04-20T03:17:41.415+0000][8][gc,task     ] GC(90) Using 6 workers of 8 for evacuation
[2021-04-20T03:17:41.415+0000][8][gc,age      ] GC(90) Desired survivor size 6291456 bytes, new threshold 15 (max threshold 15)
[2021-04-20T03:17:41.419+0000][8][gc,age      ] GC(90) Age table with threshold 15 (max threshold 15)
[2021-04-20T03:17:41.419+0000][8][gc,age      ] GC(90) - age   1:    1560608 bytes,    1560608 total
[2021-04-20T03:17:41.419+0000][8][gc,age      ] GC(90) - age   2:     296080 bytes,    1856688 total
[2021-04-20T03:17:41.419+0000][8][gc,age      ] GC(90) - age   3:       2488 bytes,    1859176 total
[2021-04-20T03:17:41.419+0000][8][gc,age      ] GC(90) - age   4:     173800 bytes,    2032976 total
[2021-04-20T03:17:41.419+0000][8][gc,age      ] GC(90) - age   5:       5904 bytes,    2038880 total
[2021-04-20T03:17:41.419+0000][8][gc,age      ] GC(90) - age   6:       4608 bytes,    2043488 total
[2021-04-20T03:17:41.419+0000][8][gc,age      ] GC(90) - age   7:      23208 bytes,    2066696 total
[2021-04-20T03:17:41.419+0000][8][gc,age      ] GC(90) - age   8:      10816 bytes,    2077512 total
[2021-04-20T03:17:41.419+0000][8][gc,age      ] GC(90) - age   9:       5768 bytes,    2083280 total
[2021-04-20T03:17:41.419+0000][8][gc,age      ] GC(90) - age  10:       7808 bytes,    2091088 total
[2021-04-20T03:17:41.419+0000][8][gc,age      ] GC(90) - age  11:       2584 bytes,    2093672 total
[2021-04-20T03:17:41.419+0000][8][gc,age      ] GC(90) - age  12:      27456 bytes,    2121128 total
[2021-04-20T03:17:41.419+0000][8][gc,age      ] GC(90) - age  13:       2192 bytes,    2123320 total
[2021-04-20T03:17:41.419+0000][8][gc,age      ] GC(90) - age  14:       3696 bytes,    2127016 total
[2021-04-20T03:17:41.419+0000][8][gc,age      ] GC(90) - age  15:       4984 bytes,    2132000 total
[2021-04-20T03:17:41.419+0000][8][gc,phases   ] GC(90)   Pre Evacuate Collection Set: 0.2ms
[2021-04-20T03:17:41.419+0000][8][gc,phases   ] GC(90)   Merge Heap Roots: 0.1ms
[2021-04-20T03:17:41.419+0000][8][gc,phases   ] GC(90)   Evacuate Collection Set: 2.6ms
[2021-04-20T03:17:41.419+0000][8][gc,phases   ] GC(90)   Post Evacuate Collection Set: 0.9ms
[2021-04-20T03:17:41.419+0000][8][gc,phases   ] GC(90)   Other: 0.4ms
[2021-04-20T03:17:41.419+0000][8][gc,heap     ] GC(90) Eden regions: 22->0(22)
[2021-04-20T03:17:41.419+0000][8][gc,heap     ] GC(90) Survivor regions: 1->1(3)
[2021-04-20T03:17:41.419+0000][8][gc,heap     ] GC(90) Old regions: 26->26
[2021-04-20T03:17:41.419+0000][8][gc,heap     ] GC(90) Archive regions: 2->2
[2021-04-20T03:17:41.419+0000][8][gc,heap     ] GC(90) Humongous regions: 2->2
[2021-04-20T03:17:41.419+0000][8][gc,metaspace] GC(90) Metaspace: 108733K(113480K)->108733K(113480K) NonClass: 94710K(98120K)->94710K(98120K) Class: 14023K(15360K)->14023K(15360K)
[2021-04-20T03:17:41.420+0000][8][gc          ] GC(90) Pause Young (Concurrent Start) (G1 Evacuation Pause) 201M->114M(256M) 4.471ms
[2021-04-20T03:17:41.420+0000][8][gc,cpu      ] GC(90) User=0.01s Sys=0.01s Real=0.00s
[2021-04-20T03:17:41.420+0000][8][safepoint   ] Safepoint "G1CollectForAllocation", Time since last: 8993262712 ns, Reaching safepoint: 204612 ns, At safepoint: 4604151 ns, Total: 4808763 ns
[2021-04-20T03:17:41.420+0000][8][gc          ] GC(91) Concurrent Cycle
[2021-04-20T03:17:41.420+0000][8][gc,marking  ] GC(91) Concurrent Clear Claimed Marks
[2021-04-20T03:17:41.420+0000][8][gc,marking  ] GC(91) Concurrent Clear Claimed Marks 0.100ms
[2021-04-20T03:17:41.420+0000][8][gc,marking  ] GC(91) Concurrent Scan Root Regions
[2021-04-20T03:17:41.423+0000][8][gc,marking  ] GC(91) Concurrent Scan Root Regions 3.603ms
[2021-04-20T03:17:41.423+0000][8][gc,marking  ] GC(91) Concurrent Mark (2783.409s)
[2021-04-20T03:17:41.423+0000][8][gc,marking  ] GC(91) Concurrent Mark From Roots
[2021-04-20T03:17:41.423+0000][8][gc,task     ] GC(91) Using 2 workers of 2 for marking
[2021-04-20T03:17:41.530+0000][8][gc,marking  ] GC(91) Concurrent Mark From Roots 106.659ms
[2021-04-20T03:17:41.530+0000][8][gc,marking  ] GC(91) Concurrent Preclean
[2021-04-20T03:17:41.530+0000][8][gc,marking  ] GC(91) Concurrent Preclean 0.271ms
[2021-04-20T03:17:41.530+0000][8][gc,marking  ] GC(91) Concurrent Mark (2783.409s, 2783.516s) 106.995ms
[2021-04-20T03:17:41.531+0000][8][gc,start    ] GC(91) Pause Remark
[2021-04-20T03:17:41.537+0000][8][gc          ] GC(91) Pause Remark 119M->119M(256M) 6.107ms
[2021-04-20T03:17:41.537+0000][8][gc,cpu      ] GC(91) User=0.04s Sys=0.00s Real=0.01s
[2021-04-20T03:17:41.537+0000][8][safepoint   ] Safepoint "G1Concurrent", Time since last: 110877278 ns, Reaching safepoint: 170771 ns, At safepoint: 6198423 ns, Total: 6369194 ns
[2021-04-20T03:17:41.537+0000][8][gc,marking  ] GC(91) Concurrent Rebuild Remembered Sets
[2021-04-20T03:17:41.598+0000][8][gc,marking  ] GC(91) Concurrent Rebuild Remembered Sets 60.730ms
[2021-04-20T03:17:41.598+0000][8][gc,start    ] GC(91) Pause Cleanup
[2021-04-20T03:17:41.598+0000][8][gc          ] GC(91) Pause Cleanup 119M->119M(256M) 0.074ms
[2021-04-20T03:17:41.598+0000][8][gc,cpu      ] GC(91) User=0.00s Sys=0.00s Real=0.00s
[2021-04-20T03:17:41.598+0000][8][safepoint   ] Safepoint "G1Concurrent", Time since last: 60869809 ns, Reaching safepoint: 111593 ns, At safepoint: 116369 ns, Total: 227962 ns
[2021-04-20T03:17:41.598+0000][8][gc,marking  ] GC(91) Concurrent Cleanup for Next Mark
[2021-04-20T03:17:41.598+0000][8][gc,marking  ] GC(91) Concurrent Cleanup for Next Mark 0.238ms
[2021-04-20T03:17:41.598+0000][8][gc          ] GC(91) Concurrent Cycle 178.623ms
[2021-04-20T03:17:50.600+0000][8][safepoint   ] Safepoint "Cleanup", Time since last: 9001261623 ns, Reaching safepoint: 327601 ns, At safepoint: 25857 ns, Total: 353458 ns
[2021-04-20T03:18:05.602+0000][8][safepoint   ] Safepoint "Cleanup", Time since last: 15002321023 ns, Reaching safepoint: 296967 ns, At safepoint: 30200 ns, Total: 327167 ns
[2021-04-20T03:18:06.603+0000][8][safepoint   ] Safepoint "Cleanup", Time since last: 1000275662 ns, Reaching safepoint: 266708 ns, At safepoint: 20238 ns, Total: 286946 ns
[2021-04-20T03:18:07.604+0000][8][safepoint   ] Safepoint "Cleanup", Time since last: 1000509891 ns, Reaching safepoint: 303937 ns, At safepoint: 30112 ns, Total: 334049 ns
[2021-04-20T03:18:38.609+0000][8][safepoint   ] Safepoint "Cleanup", Time since last: 31005435076 ns, Reaching safepoint: 371640 ns, At safepoint: 25964 ns, Total: 397604 ns
[2021-04-20T03:18:47.611+0000][8][safepoint   ] Safepoint "Cleanup", Time since last: 9001124157 ns, Reaching safepoint: 541633 ns, At safepoint: 29303 ns, Total: 570936 ns
[2021-04-20T03:18:50.612+0000][8][safepoint   ] Safepoint "Cleanup", Time since last: 3000566714 ns, Reaching safepoint: 305448 ns, At safepoint: 27856 ns, Total: 333304 ns
[2021-04-20T03:18:53.387+0000][8][gc,start    ] GC(92) Pause Young (Normal) (G1 Evacuation Pause)
[2021-04-20T03:18:53.387+0000][8][gc,task     ] GC(92) Using 6 workers of 8 for evacuation
[2021-04-20T03:18:53.387+0000][8][gc,age      ] GC(92) Desired survivor size 6291456 bytes, new threshold 15 (max threshold 15)
[2021-04-20T03:18:53.390+0000][8][gc,age      ] GC(92) Age table with threshold 15 (max threshold 15)
[2021-04-20T03:18:53.390+0000][8][gc,age      ] GC(92) - age   1:     328768 bytes,     328768 total
[2021-04-20T03:18:53.390+0000][8][gc,age      ] GC(92) - age   2:     401656 bytes,     730424 total
[2021-04-20T03:18:53.390+0000][8][gc,age      ] GC(92) - age   3:     159488 bytes,     889912 total
[2021-04-20T03:18:53.390+0000][8][gc,age      ] GC(92) - age   4:       2064 bytes,     891976 total
[2021-04-20T03:18:53.390+0000][8][gc,age      ] GC(92) - age   5:       3184 bytes,     895160 total
[2021-04-20T03:18:53.390+0000][8][gc,age      ] GC(92) - age   6:       5776 bytes,     900936 total
[2021-04-20T03:18:53.390+0000][8][gc,age      ] GC(92) - age   7:       4608 bytes,     905544 total
[2021-04-20T03:18:53.390+0000][8][gc,age      ] GC(92) - age   8:      23048 bytes,     928592 total
[2021-04-20T03:18:53.390+0000][8][gc,age      ] GC(92) - age   9:      10640 bytes,     939232 total
[2021-04-20T03:18:53.390+0000][8][gc,age      ] GC(92) - age  10:       5768 bytes,     945000 total
[2021-04-20T03:18:53.390+0000][8][gc,age      ] GC(92) - age  11:       7680 bytes,     952680 total
[2021-04-20T03:18:53.390+0000][8][gc,age      ] GC(92) - age  12:       2584 bytes,     955264 total
[2021-04-20T03:18:53.390+0000][8][gc,age      ] GC(92) - age  13:      27288 bytes,     982552 total
[2021-04-20T03:18:53.390+0000][8][gc,age      ] GC(92) - age  14:       2192 bytes,     984744 total
[2021-04-20T03:18:53.390+0000][8][gc,age      ] GC(92) - age  15:       3696 bytes,     988440 total
[2021-04-20T03:18:53.390+0000][8][gc,phases   ] GC(92)   Pre Evacuate Collection Set: 0.1ms
[2021-04-20T03:18:53.390+0000][8][gc,phases   ] GC(92)   Merge Heap Roots: 0.0ms
[2021-04-20T03:18:53.390+0000][8][gc,phases   ] GC(92)   Evacuate Collection Set: 1.8ms
[2021-04-20T03:18:53.390+0000][8][gc,phases   ] GC(92)   Post Evacuate Collection Set: 0.4ms
[2021-04-20T03:18:53.390+0000][8][gc,phases   ] GC(92)   Other: 0.3ms
[2021-04-20T03:18:53.390+0000][8][gc,heap     ] GC(92) Eden regions: 22->0(22)
[2021-04-20T03:18:53.390+0000][8][gc,heap     ] GC(92) Survivor regions: 1->1(3)
[2021-04-20T03:18:53.390+0000][8][gc,heap     ] GC(92) Old regions: 26->26
[2021-04-20T03:18:53.390+0000][8][gc,heap     ] GC(92) Archive regions: 2->2
[2021-04-20T03:18:53.390+0000][8][gc,heap     ] GC(92) Humongous regions: 2->2
[2021-04-20T03:18:53.390+0000][8][gc,metaspace] GC(92) Metaspace: 108796K(113736K)->108796K(113736K) NonClass: 94772K(98376K)->94772K(98376K) Class: 14024K(15360K)->14024K(15360K)
[2021-04-20T03:18:53.390+0000][8][gc          ] GC(92) Pause Young (Normal) (G1 Evacuation Pause) 202M->113M(256M) 2.701ms
[2021-04-20T03:18:53.390+0000][8][gc,cpu      ] GC(92) User=0.01s Sys=0.00s Real=0.00s
[2021-04-20T03:18:53.390+0000][8][safepoint   ] Safepoint "G1CollectForAllocation", Time since last: 2774940771 ns, Reaching safepoint: 145195 ns, At safepoint: 2790060 ns, Total: 2935255 ns
[2021-04-20T03:19:08.392+0000][8][safepoint   ] Safepoint "Cleanup", Time since last: 15001581426 ns, Reaching safepoint: 223022 ns, At safepoint: 9388 ns, Total: 232410 ns
[2021-04-20T03:19:09.392+0000][8][safepoint   ] Safepoint "Cleanup", Time since last: 1000127385 ns, Reaching safepoint: 230194 ns, At safepoint: 22853 ns, Total: 253047 ns
[2021-04-20T03:19:12.393+0000][8][safepoint   ] Safepoint "Cleanup", Time since last: 3000442696 ns, Reaching safepoint: 292069 ns, At safepoint: 40277 ns, Total: 332346 ns
[2021-04-20T03:19:22.395+0000][8][safepoint   ] Safepoint "Cleanup", Time since last: 10001599182 ns, Reaching safepoint: 326864 ns, At safepoint: 24458 ns, Total: 351322 ns
[2021-04-20T03:19:50.399+0000][8][safepoint   ] Safepoint "Cleanup", Time since last: 28003632194 ns, Reaching safepoint: 409002 ns, At safepoint: 46019 ns, Total: 455021 ns
[2021-04-20T03:19:53.400+0000][8][safepoint   ] Safepoint "Cleanup", Time since last: 3000456889 ns, Reaching safepoint: 184377 ns, At safepoint: 12565 ns, Total: 196942 ns
[2021-04-20T03:20:12.402+0000][8][safepoint   ] Safepoint "Cleanup", Time since last: 19001731374 ns, Reaching safepoint: 324656 ns, At safepoint: 32729 ns, Total: 357385 ns
[2021-04-20T03:20:22.937+0000][8][gc,start    ] GC(93) Pause Young (Concurrent Start) (G1 Evacuation Pause)
[2021-04-20T03:20:22.937+0000][8][gc,task     ] GC(93) Using 6 workers of 8 for evacuation
[2021-04-20T03:20:22.937+0000][8][gc,age      ] GC(93) Desired survivor size 6291456 bytes, new threshold 15 (max threshold 15)
[2021-04-20T03:20:22.943+0000][8][gc,age      ] GC(93) Age table with threshold 15 (max threshold 15)
[2021-04-20T03:20:22.943+0000][8][gc,age      ] GC(93) - age   1:     771528 bytes,     771528 total
[2021-04-20T03:20:22.943+0000][8][gc,age      ] GC(93) - age   2:     182544 bytes,     954072 total
[2021-04-20T03:20:22.943+0000][8][gc,age      ] GC(93) - age   3:     400384 bytes,    1354456 total
[2021-04-20T03:20:22.943+0000][8][gc,age      ] GC(93) - age   4:     159328 bytes,    1513784 total
[2021-04-20T03:20:22.943+0000][8][gc,age      ] GC(93) - age   5:       1664 bytes,    1515448 total
[2021-04-20T03:20:22.943+0000][8][gc,age      ] GC(93) - age   6:       2680 bytes,    1518128 total
[2021-04-20T03:20:22.943+0000][8][gc,age      ] GC(93) - age   7:       5776 bytes,    1523904 total
[2021-04-20T03:20:22.943+0000][8][gc,age      ] GC(93) - age   8:       4544 bytes,    1528448 total
[2021-04-20T03:20:22.943+0000][8][gc,age      ] GC(93) - age   9:       6832 bytes,    1535280 total
[2021-04-20T03:20:22.943+0000][8][gc,age      ] GC(93) - age  10:      10640 bytes,    1545920 total
[2021-04-20T03:20:22.943+0000][8][gc,age      ] GC(93) - age  11:       5672 bytes,    1551592 total
[2021-04-20T03:20:22.943+0000][8][gc,age      ] GC(93) - age  12:       7616 bytes,    1559208 total
[2021-04-20T03:20:22.943+0000][8][gc,age      ] GC(93) - age  13:       2584 bytes,    1561792 total
[2021-04-20T03:20:22.943+0000][8][gc,age      ] GC(93) - age  14:      27288 bytes,    1589080 total
[2021-04-20T03:20:22.943+0000][8][gc,age      ] GC(93) - age  15:       2192 bytes,    1591272 total
[2021-04-20T03:20:22.944+0000][8][gc,phases   ] GC(93)   Pre Evacuate Collection Set: 0.3ms
[2021-04-20T03:20:22.944+0000][8][gc,phases   ] GC(93)   Merge Heap Roots: 0.1ms
[2021-04-20T03:20:22.944+0000][8][gc,phases   ] GC(93)   Evacuate Collection Set: 3.8ms
[2021-04-20T03:20:22.944+0000][8][gc,phases   ] GC(93)   Post Evacuate Collection Set: 1.3ms
[2021-04-20T03:20:22.944+0000][8][gc,phases   ] GC(93)   Other: 1.0ms
[2021-04-20T03:20:22.944+0000][8][gc,heap     ] GC(93) Eden regions: 22->0(22)
[2021-04-20T03:20:22.944+0000][8][gc,heap     ] GC(93) Survivor regions: 1->1(3)
[2021-04-20T03:20:22.944+0000][8][gc,heap     ] GC(93) Old regions: 26->26
[2021-04-20T03:20:22.944+0000][8][gc,heap     ] GC(93) Archive regions: 2->2
[2021-04-20T03:20:22.944+0000][8][gc,heap     ] GC(93) Humongous regions: 2->2
[2021-04-20T03:20:22.944+0000][8][gc,metaspace] GC(93) Metaspace: 108802K(113736K)->108802K(113736K) NonClass: 94777K(98376K)->94777K(98376K) Class: 14024K(15360K)->14024K(15360K)
[2021-04-20T03:20:22.944+0000][8][gc          ] GC(93) Pause Young (Concurrent Start) (G1 Evacuation Pause) 201M->114M(256M) 7.026ms
[2021-04-20T03:20:22.944+0000][8][gc,cpu      ] GC(93) User=0.03s Sys=0.00s Real=0.01s
[2021-04-20T03:20:22.944+0000][8][gc          ] GC(94) Concurrent Cycle
[2021-04-20T03:20:22.944+0000][8][safepoint   ] Safepoint "G1CollectForAllocation", Time since last: 10535127827 ns, Reaching safepoint: 261701 ns, At safepoint: 7254411 ns, Total: 7516112 ns
[2021-04-20T03:20:22.944+0000][8][gc,marking  ] GC(94) Concurrent Clear Claimed Marks
[2021-04-20T03:20:22.945+0000][8][gc,marking  ] GC(94) Concurrent Clear Claimed Marks 0.161ms
[2021-04-20T03:20:22.945+0000][8][gc,marking  ] GC(94) Concurrent Scan Root Regions
[2021-04-20T03:20:22.952+0000][8][gc,marking  ] GC(94) Concurrent Scan Root Regions 7.468ms
[2021-04-20T03:20:22.952+0000][8][gc,marking  ] GC(94) Concurrent Mark (2944.938s)
[2021-04-20T03:20:22.952+0000][8][gc,marking  ] GC(94) Concurrent Mark From Roots
[2021-04-20T03:20:22.952+0000][8][gc,task     ] GC(94) Using 2 workers of 2 for marking
[2021-04-20T03:20:23.121+0000][8][gc,marking  ] GC(94) Concurrent Mark From Roots 168.756ms
[2021-04-20T03:20:23.121+0000][8][gc,marking  ] GC(94) Concurrent Preclean
[2021-04-20T03:20:23.121+0000][8][gc,marking  ] GC(94) Concurrent Preclean 0.293ms
[2021-04-20T03:20:23.121+0000][8][gc,marking  ] GC(94) Concurrent Mark (2944.938s, 2945.107s) 169.207ms
[2021-04-20T03:20:23.122+0000][8][gc,start    ] GC(94) Pause Remark
[2021-04-20T03:20:23.128+0000][8][gc          ] GC(94) Pause Remark 115M->115M(256M) 6.307ms
[2021-04-20T03:20:23.128+0000][8][gc,cpu      ] GC(94) User=0.04s Sys=0.00s Real=0.01s
[2021-04-20T03:20:23.128+0000][8][safepoint   ] Safepoint "G1Concurrent", Time since last: 177083916 ns, Reaching safepoint: 133850 ns, At safepoint: 6383032 ns, Total: 6516882 ns
[2021-04-20T03:20:23.128+0000][8][gc,marking  ] GC(94) Concurrent Rebuild Remembered Sets
[2021-04-20T03:20:23.189+0000][8][gc,marking  ] GC(94) Concurrent Rebuild Remembered Sets 61.349ms
[2021-04-20T03:20:23.189+0000][8][gc,start    ] GC(94) Pause Cleanup
[2021-04-20T03:20:23.189+0000][8][gc          ] GC(94) Pause Cleanup 115M->115M(256M) 0.066ms
[2021-04-20T03:20:23.190+0000][8][gc,cpu      ] GC(94) User=0.00s Sys=0.00s Real=0.00s
[2021-04-20T03:20:23.190+0000][8][safepoint   ] Safepoint "G1Concurrent", Time since last: 61422828 ns, Reaching safepoint: 90088 ns, At safepoint: 103764 ns, Total: 193852 ns
[2021-04-20T03:20:23.190+0000][8][gc,marking  ] GC(94) Concurrent Cleanup for Next Mark
[2021-04-20T03:20:23.190+0000][8][gc,marking  ] GC(94) Concurrent Cleanup for Next Mark 0.146ms
[2021-04-20T03:20:23.190+0000][8][gc          ] GC(94) Concurrent Cycle 245.414ms
[2021-04-20T03:21:15.196+0000][8][safepoint   ] Safepoint "Cleanup", Time since last: 52006281068 ns, Reaching safepoint: 141071 ns, At safepoint: 9883 ns, Total: 150954 ns
[2021-04-20T03:21:22.197+0000][8][safepoint   ] Safepoint "Cleanup", Time since last: 7000838465 ns, Reaching safepoint: 288824 ns, At safepoint: 19495 ns, Total: 308319 ns
[2021-04-20T03:21:30.199+0000][8][safepoint   ] Safepoint "Cleanup", Time since last: 8001047030 ns, Reaching safepoint: 427273 ns, At safepoint: 38244 ns, Total: 465517 ns
[2021-04-20T03:21:36.200+0000][8][safepoint   ] Safepoint "Cleanup", Time since last: 6000744836 ns, Reaching safepoint: 324256 ns, At safepoint: 33071 ns, Total: 357327 ns
[2021-04-20T03:21:39.200+0000][8][safepoint   ] Safepoint "Cleanup", Time since last: 3000458484 ns, Reaching safepoint: 110133 ns, At safepoint: 6241 ns, Total: 116374 ns
[2021-04-20T03:21:43.201+0000][8][safepoint   ] Safepoint "Cleanup", Time since last: 4000511905 ns, Reaching safepoint: 459685 ns, At safepoint: 36565 ns, Total: 496250 ns
[2021-04-20T03:21:46.202+0000][8][safepoint   ] Safepoint "Cleanup", Time since last: 3000549912 ns, Reaching safepoint: 282992 ns, At safepoint: 31139 ns, Total: 314131 ns
[2021-04-20T03:21:47.203+0000][8][safepoint   ] Safepoint "Cleanup", Time since last: 1000194118 ns, Reaching safepoint: 356070 ns, At safepoint: 26090 ns, Total: 382160 ns
[2021-04-20T03:21:49.203+0000][8][safepoint   ] Safepoint "Cleanup", Time since last: 2000327847 ns, Reaching safepoint: 217157 ns, At safepoint: 23454 ns, Total: 240611 ns
[2021-04-20T03:21:50.203+0000][8][safepoint   ] Safepoint "Cleanup", Time since last: 1000099250 ns, Reaching safepoint: 75144 ns, At safepoint: 5205 ns, Total: 80349 ns
[2021-04-20T03:21:51.204+0000][8][safepoint   ] Safepoint "Cleanup", Time since last: 1000186543 ns, Reaching safepoint: 178974 ns, At safepoint: 10198 ns, Total: 189172 ns
[2021-04-20T03:21:53.101+0000][8][gc,start    ] GC(95) Pause Young (Normal) (G1 Evacuation Pause)
[2021-04-20T03:21:53.101+0000][8][gc,task     ] GC(95) Using 6 workers of 8 for evacuation
[2021-04-20T03:21:53.101+0000][8][gc,age      ] GC(95) Desired survivor size 6291456 bytes, new threshold 15 (max threshold 15)
[2021-04-20T03:21:53.109+0000][8][gc,age      ] GC(95) Age table with threshold 15 (max threshold 15)
[2021-04-20T03:21:53.110+0000][8][gc,age      ] GC(95) - age   1:     676720 bytes,     676720 total
[2021-04-20T03:21:53.110+0000][8][gc,age      ] GC(95) - age   2:     629312 bytes,    1306032 total
[2021-04-20T03:21:53.110+0000][8][gc,age      ] GC(95) - age   3:     179144 bytes,    1485176 total
[2021-04-20T03:21:53.110+0000][8][gc,age      ] GC(95) - age   4:     400256 bytes,    1885432 total
[2021-04-20T03:21:53.110+0000][8][gc,age      ] GC(95) - age   5:     159232 bytes,    2044664 total
[2021-04-20T03:21:53.110+0000][8][gc,age      ] GC(95) - age   6:       1664 bytes,    2046328 total
[2021-04-20T03:21:53.110+0000][8][gc,age      ] GC(95) - age   7:       2616 bytes,    2048944 total
[2021-04-20T03:21:53.110+0000][8][gc,age      ] GC(95) - age   8:       2576 bytes,    2051520 total
[2021-04-20T03:21:53.110+0000][8][gc,age      ] GC(95) - age   9:       4496 bytes,    2056016 total
[2021-04-20T03:21:53.110+0000][8][gc,age      ] GC(95) - age  10:       6792 bytes,    2062808 total
[2021-04-20T03:21:53.110+0000][8][gc,age      ] GC(95) - age  11:      10640 bytes,    2073448 total
[2021-04-20T03:21:53.110+0000][8][gc,age      ] GC(95) - age  12:       5672 bytes,    2079120 total
[2021-04-20T03:21:53.110+0000][8][gc,age      ] GC(95) - age  13:       7552 bytes,    2086672 total
[2021-04-20T03:21:53.110+0000][8][gc,age      ] GC(95) - age  14:       2584 bytes,    2089256 total
[2021-04-20T03:21:53.110+0000][8][gc,age      ] GC(95) - age  15:      27288 bytes,    2116544 total
[2021-04-20T03:21:53.110+0000][8][gc,phases   ] GC(95)   Pre Evacuate Collection Set: 0.2ms
[2021-04-20T03:21:53.110+0000][8][gc,phases   ] GC(95)   Merge Heap Roots: 0.2ms
[2021-04-20T03:21:53.110+0000][8][gc,phases   ] GC(95)   Evacuate Collection Set: 5.6ms
[2021-04-20T03:21:53.110+0000][8][gc,phases   ] GC(95)   Post Evacuate Collection Set: 2.2ms
[2021-04-20T03:21:53.110+0000][8][gc,phases   ] GC(95)   Other: 1.0ms
[2021-04-20T03:21:53.110+0000][8][gc,heap     ] GC(95) Eden regions: 22->0(22)
[2021-04-20T03:21:53.110+0000][8][gc,heap     ] GC(95) Survivor regions: 1->1(3)
[2021-04-20T03:21:53.110+0000][8][gc,heap     ] GC(95) Old regions: 26->26
[2021-04-20T03:21:53.110+0000][8][gc,heap     ] GC(95) Archive regions: 2->2
[2021-04-20T03:21:53.110+0000][8][gc,heap     ] GC(95) Humongous regions: 2->2
[2021-04-20T03:21:53.111+0000][8][gc,metaspace] GC(95) Metaspace: 108824K(113736K)->108824K(113736K) NonClass: 94799K(98376K)->94799K(98376K) Class: 14025K(15360K)->14025K(15360K)
[2021-04-20T03:21:53.111+0000][8][gc          ] GC(95) Pause Young (Normal) (G1 Evacuation Pause) 202M->114M(256M) 9.568ms
[2021-04-20T03:21:53.111+0000][8][gc,cpu      ] GC(95) User=0.04s Sys=0.00s Real=0.01s
[2021-04-20T03:21:53.111+0000][8][safepoint   ] Safepoint "G1CollectForAllocation", Time since last: 1896802607 ns, Reaching safepoint: 273451 ns, At safepoint: 9833456 ns, Total: 10106907 ns
[2021-04-20T03:22:00.112+0000][8][safepoint   ] Safepoint "Cleanup", Time since last: 7000784091 ns, Reaching safepoint: 296256 ns, At safepoint: 32488 ns, Total: 328744 ns
[2021-04-20T03:22:18.115+0000][8][safepoint   ] Safepoint "Cleanup", Time since last: 18002340617 ns, Reaching safepoint: 320667 ns, At safepoint: 57975 ns, Total: 378642 ns
[2021-04-20T03:22:19.115+0000][8][safepoint   ] Safepoint "Cleanup", Time since last: 1000207173 ns, Reaching safepoint: 283306 ns, At safepoint: 26278 ns, Total: 309584 ns
[2021-04-20T03:22:30.117+0000][8][safepoint   ] Safepoint "Cleanup", Time since last: 11001385452 ns, Reaching safepoint: 307282 ns, At safepoint: 35736 ns, Total: 343018 ns
[2021-04-20T03:22:38.118+0000][8][safepoint   ] Safepoint "Cleanup", Time since last: 8001003304 ns, Reaching safepoint: 378169 ns, At safepoint: 55534 ns, Total: 433703 ns
[2021-04-20T03:22:45.120+0000][8][safepoint   ] Safepoint "Cleanup", Time since last: 7000952500 ns, Reaching safepoint: 339432 ns, At safepoint: 34253 ns, Total: 373685 ns
[2021-04-20T03:22:46.120+0000][8][safepoint   ] Safepoint "Cleanup", Time since last: 1000541365 ns, Reaching safepoint: 290808 ns, At safepoint: 33165 ns, Total: 323973 ns
[2021-04-20T03:22:47.121+0000][8][safepoint   ] Safepoint "Cleanup", Time since last: 1000244589 ns, Reaching safepoint: 258917 ns, At safepoint: 33481 ns, Total: 292398 ns
[2021-04-20T03:22:49.122+0000][8][safepoint   ] Safepoint "Cleanup", Time since last: 2000320190 ns, Reaching safepoint: 317856 ns, At safepoint: 33552 ns, Total: 351408 ns
[2021-04-20T03:22:50.122+0000][8][safepoint   ] Safepoint "Cleanup", Time since last: 1000222000 ns, Reaching safepoint: 268491 ns, At safepoint: 23060 ns, Total: 291551 ns
[2021-04-20T03:22:56.123+0000][8][safepoint   ] Safepoint "Cleanup", Time since last: 6000839160 ns, Reaching safepoint: 359608 ns, At safepoint: 38130 ns, Total: 397738 ns
[2021-04-20T03:22:56.416+0000][8][gc,start    ] GC(96) Pause Young (Concurrent Start) (G1 Evacuation Pause)
[2021-04-20T03:22:56.416+0000][8][gc,task     ] GC(96) Using 6 workers of 8 for evacuation
[2021-04-20T03:22:56.417+0000][8][gc,age      ] GC(96) Desired survivor size 6291456 bytes, new threshold 15 (max threshold 15)
[2021-04-20T03:22:56.430+0000][8][gc,age      ] GC(96) Age table with threshold 15 (max threshold 15)
[2021-04-20T03:22:56.430+0000][8][gc,age      ] GC(96) - age   1:     486432 bytes,     486432 total
[2021-04-20T03:22:56.430+0000][8][gc,age      ] GC(96) - age   2:      91752 bytes,     578184 total
[2021-04-20T03:22:56.430+0000][8][gc,age      ] GC(96) - age   3:      20224 bytes,     598408 total
[2021-04-20T03:22:56.430+0000][8][gc,age      ] GC(96) - age   4:     146712 bytes,     745120 total
[2021-04-20T03:22:56.430+0000][8][gc,age      ] GC(96) - age   5:     384304 bytes,    1129424 total
[2021-04-20T03:22:56.430+0000][8][gc,age      ] GC(96) - age   6:       4384 bytes,    1133808 total
[2021-04-20T03:22:56.430+0000][8][gc,age      ] GC(96) - age   7:       1664 bytes,    1135472 total
[2021-04-20T03:22:56.430+0000][8][gc,age      ] GC(96) - age   8:       2576 bytes,    1138048 total
[2021-04-20T03:22:56.430+0000][8][gc,age      ] GC(96) - age   9:       2576 bytes,    1140624 total
[2021-04-20T03:22:56.430+0000][8][gc,age      ] GC(96) - age  10:       4496 bytes,    1145120 total
[2021-04-20T03:22:56.430+0000][8][gc,age      ] GC(96) - age  11:       6792 bytes,    1151912 total
[2021-04-20T03:22:56.430+0000][8][gc,age      ] GC(96) - age  12:      10640 bytes,    1162552 total
[2021-04-20T03:22:56.430+0000][8][gc,age      ] GC(96) - age  13:       5672 bytes,    1168224 total
[2021-04-20T03:22:56.430+0000][8][gc,age      ] GC(96) - age  14:       7552 bytes,    1175776 total
[2021-04-20T03:22:56.430+0000][8][gc,age      ] GC(96) - age  15:       2584 bytes,    1178360 total
[2021-04-20T03:22:56.430+0000][8][gc,phases   ] GC(96)   Pre Evacuate Collection Set: 0.5ms
[2021-04-20T03:22:56.430+0000][8][gc,phases   ] GC(96)   Merge Heap Roots: 0.2ms
[2021-04-20T03:22:56.430+0000][8][gc,phases   ] GC(96)   Evacuate Collection Set: 10.0ms
[2021-04-20T03:22:56.430+0000][8][gc,phases   ] GC(96)   Post Evacuate Collection Set: 2.1ms
[2021-04-20T03:22:56.430+0000][8][gc,phases   ] GC(96)   Other: 1.1ms
[2021-04-20T03:22:56.430+0000][8][gc,heap     ] GC(96) Eden regions: 22->0(22)
[2021-04-20T03:22:56.430+0000][8][gc,heap     ] GC(96) Survivor regions: 1->1(3)
[2021-04-20T03:22:56.430+0000][8][gc,heap     ] GC(96) Old regions: 26->26
[2021-04-20T03:22:56.430+0000][8][gc,heap     ] GC(96) Archive regions: 2->2
[2021-04-20T03:22:56.430+0000][8][gc,heap     ] GC(96) Humongous regions: 2->2
[2021-04-20T03:22:56.431+0000][8][gc,metaspace] GC(96) Metaspace: 108854K(113736K)->108854K(113736K) NonClass: 94828K(98376K)->94828K(98376K) Class: 14025K(15360K)->14025K(15360K)
[2021-04-20T03:22:56.431+0000][8][gc          ] GC(96) Pause Young (Concurrent Start) (G1 Evacuation Pause) 202M->114M(256M) 14.200ms
[2021-04-20T03:22:56.431+0000][8][gc,cpu      ] GC(96) User=0.02s Sys=0.00s Real=0.01s
[2021-04-20T03:22:56.431+0000][8][safepoint   ] Safepoint "G1CollectForAllocation", Time since last: 292433812 ns, Reaching safepoint: 439684 ns, At safepoint: 14436296 ns, Total: 14875980 ns
[2021-04-20T03:22:56.431+0000][8][gc          ] GC(97) Concurrent Cycle
[2021-04-20T03:22:56.431+0000][8][gc,marking  ] GC(97) Concurrent Clear Claimed Marks
[2021-04-20T03:22:56.431+0000][8][gc,marking  ] GC(97) Concurrent Clear Claimed Marks 0.220ms
[2021-04-20T03:22:56.431+0000][8][gc,marking  ] GC(97) Concurrent Scan Root Regions
[2021-04-20T03:22:56.436+0000][8][gc,marking  ] GC(97) Concurrent Scan Root Regions 4.827ms
[2021-04-20T03:22:56.436+0000][8][gc,marking  ] GC(97) Concurrent Mark (3098.422s)
[2021-04-20T03:22:56.436+0000][8][gc,marking  ] GC(97) Concurrent Mark From Roots
[2021-04-20T03:22:56.436+0000][8][gc,task     ] GC(97) Using 2 workers of 2 for marking
[2021-04-20T03:22:56.624+0000][8][gc,marking  ] GC(97) Concurrent Mark From Roots 187.496ms
[2021-04-20T03:22:56.624+0000][8][gc,marking  ] GC(97) Concurrent Preclean
[2021-04-20T03:22:56.624+0000][8][gc,marking  ] GC(97) Concurrent Preclean 0.400ms
[2021-04-20T03:22:56.624+0000][8][gc,marking  ] GC(97) Concurrent Mark (3098.422s, 3098.610s) 188.016ms
[2021-04-20T03:22:56.624+0000][8][gc,start    ] GC(97) Pause Remark
[2021-04-20T03:22:56.632+0000][8][gc          ] GC(97) Pause Remark 114M->114M(256M) 7.522ms
[2021-04-20T03:22:56.632+0000][8][gc,cpu      ] GC(97) User=0.04s Sys=0.00s Real=0.00s
[2021-04-20T03:22:56.632+0000][8][safepoint   ] Safepoint "G1Concurrent", Time since last: 193415156 ns, Reaching safepoint: 89627 ns, At safepoint: 7619143 ns, Total: 7708770 ns
[2021-04-20T03:22:56.632+0000][8][gc,marking  ] GC(97) Concurrent Rebuild Remembered Sets
[2021-04-20T03:22:56.702+0000][8][gc,marking  ] GC(97) Concurrent Rebuild Remembered Sets 69.763ms
[2021-04-20T03:22:56.702+0000][8][gc,start    ] GC(97) Pause Cleanup
[2021-04-20T03:22:56.703+0000][8][gc          ] GC(97) Pause Cleanup 114M->114M(256M) 0.465ms
[2021-04-20T03:22:56.703+0000][8][gc,cpu      ] GC(97) User=0.00s Sys=0.00s Real=0.01s
[2021-04-20T03:22:56.703+0000][8][safepoint   ] Safepoint "G1Concurrent", Time since last: 69933188 ns, Reaching safepoint: 198630 ns, At safepoint: 808728 ns, Total: 1007358 ns
[2021-04-20T03:22:56.703+0000][8][gc,marking  ] GC(97) Concurrent Cleanup for Next Mark
[2021-04-20T03:22:56.703+0000][8][gc,marking  ] GC(97) Concurrent Cleanup for Next Mark 0.339ms
[2021-04-20T03:22:56.703+0000][8][gc          ] GC(97) Concurrent Cycle 272.489ms
[2021-04-20T03:22:59.703+0000][8][safepoint   ] Safepoint "Cleanup", Time since last: 3000380326 ns, Reaching safepoint: 260892 ns, At safepoint: 23880 ns, Total: 284772 ns
[2021-04-20T03:23:02.704+0000][8][safepoint   ] Safepoint "Cleanup", Time since last: 3000420346 ns, Reaching safepoint: 316993 ns, At safepoint: 44101 ns, Total: 361094 ns
[2021-04-20T03:23:20.707+0000][8][safepoint   ] Safepoint "Cleanup", Time since last: 18002533205 ns, Reaching safepoint: 202705 ns, At safepoint: 15288 ns, Total: 217993 ns
[2021-04-20T03:23:47.711+0000][8][safepoint   ] Safepoint "Cleanup", Time since last: 27003477952 ns, Reaching safepoint: 512419 ns, At safepoint: 38774 ns, Total: 551193 ns
[2021-04-20T03:23:50.712+0000][8][safepoint   ] Safepoint "Cleanup", Time since last: 3000480794 ns, Reaching safepoint: 407945 ns, At safepoint: 28005 ns, Total: 435950 ns
[2021-04-20T03:24:05.714+0000][8][safepoint   ] Safepoint "Cleanup", Time since last: 15001857797 ns, Reaching safepoint: 245797 ns, At safepoint: 28499 ns, Total: 274296 ns
[2021-04-20T03:24:22.716+0000][8][safepoint   ] Safepoint "Cleanup", Time since last: 17002146670 ns, Reaching safepoint: 226989 ns, At safepoint: 22171 ns, Total: 249160 ns
[2021-04-20T03:24:23.717+0000][8][safepoint   ] Safepoint "Cleanup", Time since last: 1000265749 ns, Reaching safepoint: 309540 ns, At safepoint: 30391 ns, Total: 339931 ns
[2021-04-20T03:24:24.340+0000][8][gc,start    ] GC(98) Pause Young (Normal) (G1 Evacuation Pause)
[2021-04-20T03:24:24.340+0000][8][gc,task     ] GC(98) Using 6 workers of 8 for evacuation
[2021-04-20T03:24:24.340+0000][8][gc,age      ] GC(98) Desired survivor size 6291456 bytes, new threshold 15 (max threshold 15)
[2021-04-20T03:24:24.348+0000][8][gc,age      ] GC(98) Age table with threshold 15 (max threshold 15)
[2021-04-20T03:24:24.348+0000][8][gc,age      ] GC(98) - age   1:    1043640 bytes,    1043640 total
[2021-04-20T03:24:24.348+0000][8][gc,age      ] GC(98) - age   2:     332232 bytes,    1375872 total
[2021-04-20T03:24:24.348+0000][8][gc,age      ] GC(98) - age   3:      59152 bytes,    1435024 total
[2021-04-20T03:24:24.348+0000][8][gc,age      ] GC(98) - age   4:      19488 bytes,    1454512 total
[2021-04-20T03:24:24.348+0000][8][gc,age      ] GC(98) - age   5:     146536 bytes,    1601048 total
[2021-04-20T03:24:24.348+0000][8][gc,age      ] GC(98) - age   6:     383784 bytes,    1984832 total
[2021-04-20T03:24:24.348+0000][8][gc,age      ] GC(98) - age   7:       4272 bytes,    1989104 total
[2021-04-20T03:24:24.348+0000][8][gc,age      ] GC(98) - age   8:       1600 bytes,    1990704 total
[2021-04-20T03:24:24.348+0000][8][gc,age      ] GC(98) - age   9:       2512 bytes,    1993216 total
[2021-04-20T03:24:24.348+0000][8][gc,age      ] GC(98) - age  10:       2512 bytes,    1995728 total
[2021-04-20T03:24:24.348+0000][8][gc,age      ] GC(98) - age  11:       4432 bytes,    2000160 total
[2021-04-20T03:24:24.348+0000][8][gc,age      ] GC(98) - age  12:       6592 bytes,    2006752 total
[2021-04-20T03:24:24.348+0000][8][gc,age      ] GC(98) - age  13:      10640 bytes,    2017392 total
[2021-04-20T03:24:24.348+0000][8][gc,age      ] GC(98) - age  14:       5568 bytes,    2022960 total
[2021-04-20T03:24:24.348+0000][8][gc,age      ] GC(98) - age  15:       7552 bytes,    2030512 total
[2021-04-20T03:24:24.348+0000][8][gc,phases   ] GC(98)   Pre Evacuate Collection Set: 0.1ms
[2021-04-20T03:24:24.348+0000][8][gc,phases   ] GC(98)   Merge Heap Roots: 0.2ms
[2021-04-20T03:24:24.348+0000][8][gc,phases   ] GC(98)   Evacuate Collection Set: 5.7ms
[2021-04-20T03:24:24.348+0000][8][gc,phases   ] GC(98)   Post Evacuate Collection Set: 1.8ms
[2021-04-20T03:24:24.348+0000][8][gc,phases   ] GC(98)   Other: 1.0ms
[2021-04-20T03:24:24.348+0000][8][gc,heap     ] GC(98) Eden regions: 22->0(22)
[2021-04-20T03:24:24.348+0000][8][gc,heap     ] GC(98) Survivor regions: 1->1(3)
[2021-04-20T03:24:24.348+0000][8][gc,heap     ] GC(98) Old regions: 26->26
[2021-04-20T03:24:24.348+0000][8][gc,heap     ] GC(98) Archive regions: 2->2
[2021-04-20T03:24:24.348+0000][8][gc,heap     ] GC(98) Humongous regions: 2->2
[2021-04-20T03:24:24.349+0000][8][gc,metaspace] GC(98) Metaspace: 108872K(113736K)->108872K(113736K) NonClass: 94846K(98376K)->94846K(98376K) Class: 14025K(15360K)->14025K(15360K)
[2021-04-20T03:24:24.349+0000][8][gc          ] GC(98) Pause Young (Normal) (G1 Evacuation Pause) 201M->114M(256M) 8.992ms
[2021-04-20T03:24:24.349+0000][8][gc,cpu      ] GC(98) User=0.03s Sys=0.00s Real=0.01s
[2021-04-20T03:24:24.349+0000][8][safepoint   ] Safepoint "G1CollectForAllocation", Time since last: 622124319 ns, Reaching safepoint: 242175 ns, At safepoint: 9248300 ns, Total: 9490475 ns
[2021-04-20T03:24:50.352+0000][8][safepoint   ] Safepoint "Cleanup", Time since last: 26003022885 ns, Reaching safepoint: 353558 ns, At safepoint: 29834 ns, Total: 383392 ns
[2021-04-20T03:25:27.357+0000][8][safepoint   ] Safepoint "Cleanup", Time since last: 37004119935 ns, Reaching safepoint: 318265 ns, At safepoint: 28781 ns, Total: 347046 ns
[2021-04-20T03:25:28.357+0000][8][safepoint   ] Safepoint "Cleanup", Time since last: 1000206498 ns, Reaching safepoint: 268094 ns, At safepoint: 25233 ns, Total: 293327 ns
[2021-04-20T03:25:41.359+0000][8][safepoint   ] Safepoint "Cleanup", Time since last: 13001507340 ns, Reaching safepoint: 129915 ns, At safepoint: 8709 ns, Total: 138624 ns
[2021-04-20T03:25:47.360+0000][8][safepoint   ] Safepoint "Cleanup", Time since last: 6000718033 ns, Reaching safepoint: 285907 ns, At safepoint: 29470 ns, Total: 315377 ns
[2021-04-20T03:25:50.361+0000][8][safepoint   ] Safepoint "Cleanup", Time since last: 3000495355 ns, Reaching safepoint: 338810 ns, At safepoint: 30252 ns, Total: 369062 ns
[2021-04-20T03:25:52.478+0000][8][gc,start    ] GC(99) Pause Young (Concurrent Start) (G1 Evacuation Pause)
[2021-04-20T03:25:52.478+0000][8][gc,task     ] GC(99) Using 6 workers of 8 for evacuation
[2021-04-20T03:25:52.478+0000][8][gc,age      ] GC(99) Desired survivor size 6291456 bytes, new threshold 15 (max threshold 15)
[2021-04-20T03:25:52.483+0000][8][gc,age      ] GC(99) Age table with threshold 15 (max threshold 15)
[2021-04-20T03:25:52.483+0000][8][gc,age      ] GC(99) - age   1:     661624 bytes,     661624 total
[2021-04-20T03:25:52.483+0000][8][gc,age      ] GC(99) - age   2:     472896 bytes,    1134520 total
[2021-04-20T03:25:52.483+0000][8][gc,age      ] GC(99) - age   3:     331200 bytes,    1465720 total
[2021-04-20T03:25:52.483+0000][8][gc,age      ] GC(99) - age   4:      59152 bytes,    1524872 total
[2021-04-20T03:25:52.483+0000][8][gc,age      ] GC(99) - age   5:      18832 bytes,    1543704 total
[2021-04-20T03:25:52.483+0000][8][gc,age      ] GC(99) - age   6:     146472 bytes,    1690176 total
[2021-04-20T03:25:52.483+0000][8][gc,age      ] GC(99) - age   7:     383784 bytes,    2073960 total
[2021-04-20T03:25:52.483+0000][8][gc,age      ] GC(99) - age   8:       3976 bytes,    2077936 total
[2021-04-20T03:25:52.483+0000][8][gc,age      ] GC(99) - age   9:       1600 bytes,    2079536 total
[2021-04-20T03:25:52.483+0000][8][gc,age      ] GC(99) - age  10:       2512 bytes,    2082048 total
[2021-04-20T03:25:52.483+0000][8][gc,age      ] GC(99) - age  11:       2512 bytes,    2084560 total
[2021-04-20T03:25:52.483+0000][8][gc,age      ] GC(99) - age  12:       4432 bytes,    2088992 total
[2021-04-20T03:25:52.483+0000][8][gc,age      ] GC(99) - age  13:       6592 bytes,    2095584 total
[2021-04-20T03:25:52.483+0000][8][gc,age      ] GC(99) - age  14:      10640 bytes,    2106224 total
[2021-04-20T03:25:52.483+0000][8][gc,age      ] GC(99) - age  15:       5568 bytes,    2111792 total
[2021-04-20T03:25:52.483+0000][8][gc,phases   ] GC(99)   Pre Evacuate Collection Set: 0.3ms
[2021-04-20T03:25:52.483+0000][8][gc,phases   ] GC(99)   Merge Heap Roots: 0.1ms
[2021-04-20T03:25:52.483+0000][8][gc,phases   ] GC(99)   Evacuate Collection Set: 3.3ms
[2021-04-20T03:25:52.483+0000][8][gc,phases   ] GC(99)   Post Evacuate Collection Set: 1.3ms
[2021-04-20T03:25:52.483+0000][8][gc,phases   ] GC(99)   Other: 0.6ms
[2021-04-20T03:25:52.483+0000][8][gc,heap     ] GC(99) Eden regions: 22->0(22)
[2021-04-20T03:25:52.483+0000][8][gc,heap     ] GC(99) Survivor regions: 1->1(3)
[2021-04-20T03:25:52.483+0000][8][gc,heap     ] GC(99) Old regions: 26->26
[2021-04-20T03:25:52.483+0000][8][gc,heap     ] GC(99) Archive regions: 2->2
[2021-04-20T03:25:52.483+0000][8][gc,heap     ] GC(99) Humongous regions: 2->2
[2021-04-20T03:25:52.483+0000][8][gc,metaspace] GC(99) Metaspace: 108888K(113736K)->108888K(113736K) NonClass: 94862K(98376K)->94862K(98376K) Class: 14025K(15360K)->14025K(15360K)
[2021-04-20T03:25:52.484+0000][8][gc          ] GC(99) Pause Young (Concurrent Start) (G1 Evacuation Pause) 202M->114M(256M) 5.740ms
[2021-04-20T03:25:52.484+0000][8][gc,cpu      ] GC(99) User=0.02s Sys=0.01s Real=0.01s
[2021-04-20T03:25:52.484+0000][8][gc          ] GC(100) Concurrent Cycle
[2021-04-20T03:25:52.484+0000][8][safepoint   ] Safepoint "G1CollectForAllocation", Time since last: 2116859454 ns, Reaching safepoint: 265148 ns, At safepoint: 5923996 ns, Total: 6189144 ns
[2021-04-20T03:25:52.484+0000][8][gc,marking  ] GC(100) Concurrent Clear Claimed Marks
[2021-04-20T03:25:52.484+0000][8][gc,marking  ] GC(100) Concurrent Clear Claimed Marks 0.169ms
[2021-04-20T03:25:52.484+0000][8][gc,marking  ] GC(100) Concurrent Scan Root Regions
[2021-04-20T03:25:52.489+0000][8][gc,marking  ] GC(100) Concurrent Scan Root Regions 5.182ms
[2021-04-20T03:25:52.489+0000][8][gc,marking  ] GC(100) Concurrent Mark (3274.475s)
[2021-04-20T03:25:52.489+0000][8][gc,marking  ] GC(100) Concurrent Mark From Roots
[2021-04-20T03:25:52.489+0000][8][gc,task     ] GC(100) Using 2 workers of 2 for marking
[2021-04-20T03:25:52.592+0000][8][gc,marking  ] GC(100) Concurrent Mark From Roots 103.106ms
[2021-04-20T03:25:52.592+0000][8][gc,marking  ] GC(100) Concurrent Preclean
[2021-04-20T03:25:52.593+0000][8][gc,marking  ] GC(100) Concurrent Preclean 0.270ms
[2021-04-20T03:25:52.593+0000][8][gc,marking  ] GC(100) Concurrent Mark (3274.475s, 3274.578s) 103.435ms
[2021-04-20T03:25:52.593+0000][8][gc,start    ] GC(100) Pause Remark
[2021-04-20T03:25:52.599+0000][8][gc          ] GC(100) Pause Remark 115M->115M(256M) 5.841ms
[2021-04-20T03:25:52.599+0000][8][gc,cpu      ] GC(100) User=0.03s Sys=0.00s Real=0.01s
[2021-04-20T03:25:52.599+0000][8][safepoint   ] Safepoint "G1Concurrent", Time since last: 108962655 ns, Reaching safepoint: 108063 ns, At safepoint: 5912234 ns, Total: 6020297 ns
[2021-04-20T03:25:52.599+0000][8][gc,marking  ] GC(100) Concurrent Rebuild Remembered Sets
[2021-04-20T03:25:52.661+0000][8][gc,marking  ] GC(100) Concurrent Rebuild Remembered Sets 62.098ms
[2021-04-20T03:25:52.661+0000][8][gc,start    ] GC(100) Pause Cleanup
[2021-04-20T03:25:52.661+0000][8][gc          ] GC(100) Pause Cleanup 115M->115M(256M) 0.077ms
[2021-04-20T03:25:52.661+0000][8][gc,cpu      ] GC(100) User=0.00s Sys=0.00s Real=0.00s
[2021-04-20T03:25:52.661+0000][8][safepoint   ] Safepoint "G1Concurrent", Time since last: 62174493 ns, Reaching safepoint: 91063 ns, At safepoint: 120384 ns, Total: 211447 ns
[2021-04-20T03:25:52.661+0000][8][gc,marking  ] GC(100) Concurrent Cleanup for Next Mark
[2021-04-20T03:25:52.661+0000][8][gc,marking  ] GC(100) Concurrent Cleanup for Next Mark 0.179ms
[2021-04-20T03:25:52.661+0000][8][gc          ] GC(100) Concurrent Cycle 177.631ms
[2021-04-20T03:25:56.662+0000][8][safepoint   ] Safepoint "Cleanup", Time since last: 4000458810 ns, Reaching safepoint: 336214 ns, At safepoint: 26240 ns, Total: 362454 ns
[2021-04-20T03:26:10.664+0000][8][safepoint   ] Safepoint "Cleanup", Time since last: 14001744082 ns, Reaching safepoint: 262640 ns, At safepoint: 20082 ns, Total: 282722 ns
[2021-04-20T03:26:11.665+0000][8][safepoint   ] Safepoint "Cleanup", Time since last: 1000550869 ns, Reaching safepoint: 251891 ns, At safepoint: 60248 ns, Total: 312139 ns
[2021-04-20T03:26:14.668+0000][8][safepoint   ] Safepoint "Cleanup", Time since last: 3002978212 ns, Reaching safepoint: 353912 ns, At safepoint: 36853 ns, Total: 390765 ns
[2021-04-20T03:26:17.669+0000][8][safepoint   ] Safepoint "Cleanup", Time since last: 3000385187 ns, Reaching safepoint: 222815 ns, At safepoint: 19325 ns, Total: 242140 ns
[2021-04-20T03:26:30.671+0000][8][safepoint   ] Safepoint "Cleanup", Time since last: 13001574122 ns, Reaching safepoint: 303473 ns, At safepoint: 26221 ns, Total: 329694 ns
[2021-04-20T03:26:44.673+0000][8][safepoint   ] Safepoint "Cleanup", Time since last: 14001699746 ns, Reaching safepoint: 364193 ns, At safepoint: 24532 ns, Total: 388725 ns
[2021-04-20T03:26:49.674+0000][8][safepoint   ] Safepoint "Cleanup", Time since last: 5000626508 ns, Reaching safepoint: 152640 ns, At safepoint: 12810 ns, Total: 165450 ns
[2021-04-20T03:26:50.674+0000][8][safepoint   ] Safepoint "Cleanup", Time since last: 1000219776 ns, Reaching safepoint: 332351 ns, At safepoint: 19623 ns, Total: 351974 ns
[2021-04-20T03:27:00.677+0000][8][safepoint   ] Safepoint "Cleanup", Time since last: 10002229695 ns, Reaching safepoint: 281053 ns, At safepoint: 25518 ns, Total: 306571 ns
[2021-04-20T03:27:03.451+0000][8][safepoint   ] Safepoint "Cleanup", Time since last: 2774179761 ns, Reaching safepoint: 337571 ns, At safepoint: 29978 ns, Total: 367549 ns
[2021-04-20T03:27:05.452+0000][8][safepoint   ] Safepoint "Cleanup", Time since last: 2000347768 ns, Reaching safepoint: 308973 ns, At safepoint: 27577 ns, Total: 336550 ns
[2021-04-20T03:27:08.453+0000][8][safepoint   ] Safepoint "Cleanup", Time since last: 3000422765 ns, Reaching safepoint: 571043 ns, At safepoint: 63899 ns, Total: 634942 ns
[2021-04-20T03:27:10.454+0000][8][safepoint   ] Safepoint "Cleanup", Time since last: 2000441720 ns, Reaching safepoint: 148472 ns, At safepoint: 12755 ns, Total: 161227 ns
[2021-04-20T03:27:11.454+0000][8][safepoint   ] Safepoint "Cleanup", Time since last: 1000159464 ns, Reaching safepoint: 298572 ns, At safepoint: 24852 ns, Total: 323424 ns
[2021-04-20T03:27:14.445+0000][8][gc,start    ] GC(101) Pause Young (Normal) (G1 Evacuation Pause)
[2021-04-20T03:27:14.445+0000][8][gc,task     ] GC(101) Using 6 workers of 8 for evacuation
[2021-04-20T03:27:14.446+0000][8][gc,age      ] GC(101) Desired survivor size 6291456 bytes, new threshold 15 (max threshold 15)
[2021-04-20T03:27:14.456+0000][8][gc,age      ] GC(101) Age table with threshold 15 (max threshold 15)
[2021-04-20T03:27:14.456+0000][8][gc,age      ] GC(101) - age   1:     313144 bytes,     313144 total
[2021-04-20T03:27:14.456+0000][8][gc,age      ] GC(101) - age   2:       7440 bytes,     320584 total
[2021-04-20T03:27:14.456+0000][8][gc,age      ] GC(101) - age   3:       3864 bytes,     324448 total
[2021-04-20T03:27:14.456+0000][8][gc,age      ] GC(101) - age   4:      18640 bytes,     343088 total
[2021-04-20T03:27:14.456+0000][8][gc,age      ] GC(101) - age   5:      59064 bytes,     402152 total
[2021-04-20T03:27:14.456+0000][8][gc,age      ] GC(101) - age   6:      18704 bytes,     420856 total
[2021-04-20T03:27:14.457+0000][8][gc,age      ] GC(101) - age   7:     146368 bytes,     567224 total
[2021-04-20T03:27:14.457+0000][8][gc,age      ] GC(101) - age   8:     383600 bytes,     950824 total
[2021-04-20T03:27:14.457+0000][8][gc,age      ] GC(101) - age   9:       3848 bytes,     954672 total
[2021-04-20T03:27:14.457+0000][8][gc,age      ] GC(101) - age  10:       1536 bytes,     956208 total
[2021-04-20T03:27:14.457+0000][8][gc,age      ] GC(101) - age  11:       2448 bytes,     958656 total
[2021-04-20T03:27:14.457+0000][8][gc,age      ] GC(101) - age  12:       2512 bytes,     961168 total
[2021-04-20T03:27:14.457+0000][8][gc,age      ] GC(101) - age  13:       4016 bytes,     965184 total
[2021-04-20T03:27:14.457+0000][8][gc,age      ] GC(101) - age  14:       6464 bytes,     971648 total
[2021-04-20T03:27:14.457+0000][8][gc,age      ] GC(101) - age  15:      10544 bytes,     982192 total
[2021-04-20T03:27:14.457+0000][8][gc,phases   ] GC(101)   Pre Evacuate Collection Set: 0.2ms
[2021-04-20T03:27:14.457+0000][8][gc,phases   ] GC(101)   Merge Heap Roots: 0.3ms
[2021-04-20T03:27:14.457+0000][8][gc,phases   ] GC(101)   Evacuate Collection Set: 8.2ms
[2021-04-20T03:27:14.457+0000][8][gc,phases   ] GC(101)   Post Evacuate Collection Set: 1.9ms
[2021-04-20T03:27:14.457+0000][8][gc,phases   ] GC(101)   Other: 0.9ms
[2021-04-20T03:27:14.457+0000][8][gc,heap     ] GC(101) Eden regions: 22->0(22)
[2021-04-20T03:27:14.457+0000][8][gc,heap     ] GC(101) Survivor regions: 1->1(3)
[2021-04-20T03:27:14.457+0000][8][gc,heap     ] GC(101) Old regions: 26->26
[2021-04-20T03:27:14.457+0000][8][gc,heap     ] GC(101) Archive regions: 2->2
[2021-04-20T03:27:14.457+0000][8][gc,heap     ] GC(101) Humongous regions: 2->2
[2021-04-20T03:27:14.457+0000][8][gc,metaspace] GC(101) Metaspace: 108932K(113992K)->108932K(113992K) NonClass: 94903K(98632K)->94903K(98632K) Class: 14028K(15360K)->14028K(15360K)
[2021-04-20T03:27:14.457+0000][8][gc          ] GC(101) Pause Young (Normal) (G1 Evacuation Pause) 202M->113M(256M) 11.744ms
[2021-04-20T03:27:14.457+0000][8][gc,cpu      ] GC(101) User=0.02s Sys=0.00s Real=0.01s
[2021-04-20T03:27:14.457+0000][8][safepoint   ] Safepoint "G1CollectForAllocation", Time since last: 2990920374 ns, Reaching safepoint: 315793 ns, At safepoint: 11997022 ns, Total: 12312815 ns
[2021-04-20T03:27:17.458+0000][8][safepoint   ] Safepoint "Cleanup", Time since last: 3000456766 ns, Reaching safepoint: 139206 ns, At safepoint: 8388 ns, Total: 147594 ns
[2021-04-20T03:27:20.459+0000][8][safepoint   ] Safepoint "Cleanup", Time since last: 3000392899 ns, Reaching safepoint: 308839 ns, At safepoint: 58814 ns, Total: 367653 ns
[2021-04-20T03:27:22.459+0000][8][safepoint   ] Safepoint "Cleanup", Time since last: 2000263053 ns, Reaching safepoint: 201361 ns, At safepoint: 10699 ns, Total: 212060 ns
[2021-04-20T03:27:24.460+0000][8][safepoint   ] Safepoint "Cleanup", Time since last: 2000373743 ns, Reaching safepoint: 303310 ns, At safepoint: 25501 ns, Total: 328811 ns
[2021-04-20T03:27:42.156+0000][8][safepoint   ] Safepoint "Cleanup", Time since last: 17695753483 ns, Reaching safepoint: 318330 ns, At safepoint: 24108 ns, Total: 342438 ns
[2021-04-20T03:27:48.157+0000][8][safepoint   ] Safepoint "Cleanup", Time since last: 6000891656 ns, Reaching safepoint: 132778 ns, At safepoint: 8969 ns, Total: 141747 ns
[2021-04-20T03:27:49.157+0000][8][safepoint   ] Safepoint "Cleanup", Time since last: 1000143672 ns, Reaching safepoint: 285946 ns, At safepoint: 19550 ns, Total: 305496 ns
[2021-04-20T03:28:18.161+0000][8][safepoint   ] Safepoint "Cleanup", Time since last: 29003392355 ns, Reaching safepoint: 331256 ns, At safepoint: 33917 ns, Total: 365173 ns
[2021-04-20T03:28:19.162+0000][8][safepoint   ] Safepoint "Cleanup", Time since last: 1000220062 ns, Reaching safepoint: 327771 ns, At safepoint: 29412 ns, Total: 357183 ns
[2021-04-20T03:28:20.162+0000][8][safepoint   ] Safepoint "Cleanup", Time since last: 1000206734 ns, Reaching safepoint: 244123 ns, At safepoint: 16773 ns, Total: 260896 ns
[2021-04-20T03:28:22.499+0000][8][gc,start    ] GC(102) Pause Young (Concurrent Start) (G1 Evacuation Pause)
[2021-04-20T03:28:22.499+0000][8][gc,task     ] GC(102) Using 6 workers of 8 for evacuation
[2021-04-20T03:28:22.499+0000][8][gc,age      ] GC(102) Desired survivor size 6291456 bytes, new threshold 15 (max threshold 15)
[2021-04-20T03:28:22.507+0000][8][gc,age      ] GC(102) Age table with threshold 15 (max threshold 15)
[2021-04-20T03:28:22.507+0000][8][gc,age      ] GC(102) - age   1:    1119696 bytes,    1119696 total
[2021-04-20T03:28:22.507+0000][8][gc,age      ] GC(102) - age   2:     201608 bytes,    1321304 total
[2021-04-20T03:28:22.507+0000][8][gc,age      ] GC(102) - age   3:       6208 bytes,    1327512 total
[2021-04-20T03:28:22.507+0000][8][gc,age      ] GC(102) - age   4:       2632 bytes,    1330144 total
[2021-04-20T03:28:22.507+0000][8][gc,age      ] GC(102) - age   5:      18600 bytes,    1348744 total
[2021-04-20T03:28:22.507+0000][8][gc,age      ] GC(102) - age   6:      58768 bytes,    1407512 total
[2021-04-20T03:28:22.507+0000][8][gc,age      ] GC(102) - age   7:      18704 bytes,    1426216 total
[2021-04-20T03:28:22.507+0000][8][gc,age      ] GC(102) - age   8:     145816 bytes,    1572032 total
[2021-04-20T03:28:22.507+0000][8][gc,age      ] GC(102) - age   9:     383144 bytes,    1955176 total
[2021-04-20T03:28:22.507+0000][8][gc,age      ] GC(102) - age  10:       3848 bytes,    1959024 total
[2021-04-20T03:28:22.507+0000][8][gc,age      ] GC(102) - age  11:       1536 bytes,    1960560 total
[2021-04-20T03:28:22.507+0000][8][gc,age      ] GC(102) - age  12:       2448 bytes,    1963008 total
[2021-04-20T03:28:22.507+0000][8][gc,age      ] GC(102) - age  13:       2512 bytes,    1965520 total
[2021-04-20T03:28:22.507+0000][8][gc,age      ] GC(102) - age  14:       3920 bytes,    1969440 total
[2021-04-20T03:28:22.507+0000][8][gc,age      ] GC(102) - age  15:       6400 bytes,    1975840 total
[2021-04-20T03:28:22.508+0000][8][gc,phases   ] GC(102)   Pre Evacuate Collection Set: 0.4ms
[2021-04-20T03:28:22.508+0000][8][gc,phases   ] GC(102)   Merge Heap Roots: 0.2ms
[2021-04-20T03:28:22.508+0000][8][gc,phases   ] GC(102)   Evacuate Collection Set: 4.9ms
[2021-04-20T03:28:22.508+0000][8][gc,phases   ] GC(102)   Post Evacuate Collection Set: 2.2ms
[2021-04-20T03:28:22.508+0000][8][gc,phases   ] GC(102)   Other: 0.9ms
[2021-04-20T03:28:22.508+0000][8][gc,heap     ] GC(102) Eden regions: 22->0(22)
[2021-04-20T03:28:22.508+0000][8][gc,heap     ] GC(102) Survivor regions: 1->1(3)
[2021-04-20T03:28:22.508+0000][8][gc,heap     ] GC(102) Old regions: 26->26
[2021-04-20T03:28:22.508+0000][8][gc,heap     ] GC(102) Archive regions: 2->2
[2021-04-20T03:28:22.508+0000][8][gc,heap     ] GC(102) Humongous regions: 2->2
[2021-04-20T03:28:22.508+0000][8][gc,metaspace] GC(102) Metaspace: 108972K(113992K)->108972K(113992K) NonClass: 94944K(98632K)->94944K(98632K) Class: 14028K(15360K)->14028K(15360K)
[2021-04-20T03:28:22.508+0000][8][gc          ] GC(102) Pause Young (Concurrent Start) (G1 Evacuation Pause) 201M->114M(256M) 8.997ms
[2021-04-20T03:28:22.508+0000][8][gc,cpu      ] GC(102) User=0.04s Sys=0.00s Real=0.01s
[2021-04-20T03:28:22.508+0000][8][safepoint   ] Safepoint "G1CollectForAllocation", Time since last: 2336207484 ns, Reaching safepoint: 415468 ns, At safepoint: 9264407 ns, Total: 9679875 ns
[2021-04-20T03:28:22.508+0000][8][gc          ] GC(103) Concurrent Cycle
[2021-04-20T03:28:22.508+0000][8][gc,marking  ] GC(103) Concurrent Clear Claimed Marks
[2021-04-20T03:28:22.508+0000][8][gc,marking  ] GC(103) Concurrent Clear Claimed Marks 0.204ms
[2021-04-20T03:28:22.508+0000][8][gc,marking  ] GC(103) Concurrent Scan Root Regions
[2021-04-20T03:28:22.514+0000][8][gc,marking  ] GC(103) Concurrent Scan Root Regions 6.034ms
[2021-04-20T03:28:22.515+0000][8][gc,marking  ] GC(103) Concurrent Mark (3424.500s)
[2021-04-20T03:28:22.515+0000][8][gc,marking  ] GC(103) Concurrent Mark From Roots
[2021-04-20T03:28:22.515+0000][8][gc,task     ] GC(103) Using 2 workers of 2 for marking
[2021-04-20T03:28:22.680+0000][8][gc,marking  ] GC(103) Concurrent Mark From Roots 165.580ms
[2021-04-20T03:28:22.680+0000][8][gc,marking  ] GC(103) Concurrent Preclean
[2021-04-20T03:28:22.680+0000][8][gc,marking  ] GC(103) Concurrent Preclean 0.241ms
[2021-04-20T03:28:22.680+0000][8][gc,marking  ] GC(103) Concurrent Mark (3424.500s, 3424.666s) 165.902ms
[2021-04-20T03:28:22.681+0000][8][gc,start    ] GC(103) Pause Remark
[2021-04-20T03:28:22.686+0000][8][gc          ] GC(103) Pause Remark 114M->114M(256M) 5.353ms
[2021-04-20T03:28:22.686+0000][8][gc,cpu      ] GC(103) User=0.03s Sys=0.00s Real=0.01s
[2021-04-20T03:28:22.686+0000][8][safepoint   ] Safepoint "G1Concurrent", Time since last: 172491393 ns, Reaching safepoint: 85512 ns, At safepoint: 5425401 ns, Total: 5510913 ns
[2021-04-20T03:28:22.686+0000][8][gc,marking  ] GC(103) Concurrent Rebuild Remembered Sets
[2021-04-20T03:28:22.751+0000][8][gc,marking  ] GC(103) Concurrent Rebuild Remembered Sets 64.453ms
[2021-04-20T03:28:22.751+0000][8][gc,start    ] GC(103) Pause Cleanup
[2021-04-20T03:28:22.751+0000][8][gc          ] GC(103) Pause Cleanup 115M->115M(256M) 0.067ms
[2021-04-20T03:28:22.751+0000][8][gc,cpu      ] GC(103) User=0.00s Sys=0.00s Real=0.00s
[2021-04-20T03:28:22.751+0000][8][safepoint   ] Safepoint "G1Concurrent", Time since last: 64518772 ns, Reaching safepoint: 85139 ns, At safepoint: 108543 ns, Total: 193682 ns
[2021-04-20T03:28:22.751+0000][8][gc,marking  ] GC(103) Concurrent Cleanup for Next Mark
[2021-04-20T03:28:22.751+0000][8][gc,marking  ] GC(103) Concurrent Cleanup for Next Mark 0.200ms
[2021-04-20T03:28:22.751+0000][8][gc          ] GC(103) Concurrent Cycle 242.972ms
[2021-04-20T03:28:27.752+0000][8][safepoint   ] Safepoint "Cleanup", Time since last: 5000543908 ns, Reaching safepoint: 298334 ns, At safepoint: 24912 ns, Total: 323246 ns
[2021-04-20T03:28:30.752+0000][8][safepoint   ] Safepoint "Cleanup", Time since last: 3000436501 ns, Reaching safepoint: 251437 ns, At safepoint: 20610 ns, Total: 272047 ns
[2021-04-20T03:28:32.753+0000][8][safepoint   ] Safepoint "Cleanup", Time since last: 2000369863 ns, Reaching safepoint: 310463 ns, At safepoint: 25371 ns, Total: 335834 ns
[2021-04-20T03:28:34.754+0000][8][safepoint   ] Safepoint "Cleanup", Time since last: 2000350993 ns, Reaching safepoint: 244636 ns, At safepoint: 28489 ns, Total: 273125 ns
[2021-04-20T03:28:35.754+0000][8][safepoint   ] Safepoint "Cleanup", Time since last: 1000203507 ns, Reaching safepoint: 370516 ns, At safepoint: 26814 ns, Total: 397330 ns
[2021-04-20T03:28:41.756+0000][8][safepoint   ] Safepoint "Cleanup", Time since last: 6000906054 ns, Reaching safepoint: 338309 ns, At safepoint: 40242 ns, Total: 378551 ns
[2021-04-20T03:28:43.756+0000][8][safepoint   ] Safepoint "Cleanup", Time since last: 2000360839 ns, Reaching safepoint: 359431 ns, At safepoint: 30921 ns, Total: 390352 ns
[2021-04-20T03:29:22.761+0000][8][safepoint   ] Safepoint "Cleanup", Time since last: 39004325446 ns, Reaching safepoint: 368045 ns, At safepoint: 51974 ns, Total: 420019 ns
[2021-04-20T03:29:38.562+0000][8][gc,start    ] GC(104) Pause Young (Normal) (G1 Evacuation Pause)
[2021-04-20T03:29:38.562+0000][8][gc,task     ] GC(104) Using 6 workers of 8 for evacuation
[2021-04-20T03:29:38.562+0000][8][gc,age      ] GC(104) Desired survivor size 6291456 bytes, new threshold 15 (max threshold 15)
[2021-04-20T03:29:38.571+0000][8][gc,age      ] GC(104) Age table with threshold 15 (max threshold 15)
[2021-04-20T03:29:38.571+0000][8][gc,age      ] GC(104) - age   1:     858904 bytes,     858904 total
[2021-04-20T03:29:38.571+0000][8][gc,age      ] GC(104) - age   2:     961688 bytes,    1820592 total
[2021-04-20T03:29:38.571+0000][8][gc,age      ] GC(104) - age   3:     175312 bytes,    1995904 total
[2021-04-20T03:29:38.571+0000][8][gc,age      ] GC(104) - age   4:       5496 bytes,    2001400 total
[2021-04-20T03:29:38.571+0000][8][gc,age      ] GC(104) - age   5:       2632 bytes,    2004032 total
[2021-04-20T03:29:38.571+0000][8][gc,age      ] GC(104) - age   6:      18600 bytes,    2022632 total
[2021-04-20T03:29:38.571+0000][8][gc,age      ] GC(104) - age   7:      58672 bytes,    2081304 total
[2021-04-20T03:29:38.571+0000][8][gc,age      ] GC(104) - age   8:      18608 bytes,    2099912 total
[2021-04-20T03:29:38.571+0000][8][gc,age      ] GC(104) - age   9:     145776 bytes,    2245688 total
[2021-04-20T03:29:38.571+0000][8][gc,age      ] GC(104) - age  10:     383016 bytes,    2628704 total
[2021-04-20T03:29:38.571+0000][8][gc,age      ] GC(104) - age  11:       3848 bytes,    2632552 total
[2021-04-20T03:29:38.571+0000][8][gc,age      ] GC(104) - age  12:       1536 bytes,    2634088 total
[2021-04-20T03:29:38.571+0000][8][gc,age      ] GC(104) - age  13:       2448 bytes,    2636536 total
[2021-04-20T03:29:38.571+0000][8][gc,age      ] GC(104) - age  14:       2512 bytes,    2639048 total
[2021-04-20T03:29:38.571+0000][8][gc,age      ] GC(104) - age  15:       3880 bytes,    2642928 total
[2021-04-20T03:29:38.571+0000][8][gc,phases   ] GC(104)   Pre Evacuate Collection Set: 0.2ms
[2021-04-20T03:29:38.571+0000][8][gc,phases   ] GC(104)   Merge Heap Roots: 0.1ms
[2021-04-20T03:29:38.572+0000][8][gc,phases   ] GC(104)   Evacuate Collection Set: 6.6ms
[2021-04-20T03:29:38.572+0000][8][gc,phases   ] GC(104)   Post Evacuate Collection Set: 1.9ms
[2021-04-20T03:29:38.572+0000][8][gc,phases   ] GC(104)   Other: 0.9ms
[2021-04-20T03:29:38.572+0000][8][gc,heap     ] GC(104) Eden regions: 22->0(22)
[2021-04-20T03:29:38.572+0000][8][gc,heap     ] GC(104) Survivor regions: 1->1(3)
[2021-04-20T03:29:38.572+0000][8][gc,heap     ] GC(104) Old regions: 26->26
[2021-04-20T03:29:38.572+0000][8][gc,heap     ] GC(104) Archive regions: 2->2
[2021-04-20T03:29:38.572+0000][8][gc,heap     ] GC(104) Humongous regions: 2->2
[2021-04-20T03:29:38.572+0000][8][gc,metaspace] GC(104) Metaspace: 109008K(113992K)->109008K(113992K) NonClass: 94978K(98632K)->94978K(98632K) Class: 14030K(15360K)->14030K(15360K)
[2021-04-20T03:29:38.572+0000][8][gc          ] GC(104) Pause Young (Normal) (G1 Evacuation Pause) 202M->115M(256M) 10.195ms
[2021-04-20T03:29:38.572+0000][8][gc,cpu      ] GC(104) User=0.05s Sys=0.01s Real=0.01s
[2021-04-20T03:29:38.572+0000][8][safepoint   ] Safepoint "G1CollectForAllocation", Time since last: 15800193262 ns, Reaching safepoint: 380805 ns, At safepoint: 10428576 ns, Total: 10809381 ns
[2021-04-20T03:29:39.573+0000][8][safepoint   ] Safepoint "Cleanup", Time since last: 1000481850 ns, Reaching safepoint: 323254 ns, At safepoint: 29623 ns, Total: 352877 ns
[2021-04-20T03:29:40.573+0000][8][safepoint   ] Safepoint "Cleanup", Time since last: 1000199131 ns, Reaching safepoint: 320730 ns, At safepoint: 26537 ns, Total: 347267 ns
[2021-04-20T03:29:41.574+0000][8][safepoint   ] Safepoint "Cleanup", Time since last: 1000214286 ns, Reaching safepoint: 314976 ns, At safepoint: 35352 ns, Total: 350328 ns
[2021-04-20T03:29:47.575+0000][8][safepoint   ] Safepoint "Cleanup", Time since last: 6000812202 ns, Reaching safepoint: 359076 ns, At safepoint: 29162 ns, Total: 388238 ns
[2021-04-20T03:29:50.576+0000][8][safepoint   ] Safepoint "Cleanup", Time since last: 3000428179 ns, Reaching safepoint: 299512 ns, At safepoint: 40210 ns, Total: 339722 ns
[2021-04-20T03:30:05.578+0000][8][safepoint   ] Safepoint "Cleanup", Time since last: 15002017594 ns, Reaching safepoint: 312897 ns, At safepoint: 37076 ns, Total: 349973 ns
[2021-04-20T03:30:30.582+0000][8][safepoint   ] Safepoint "Cleanup", Time since last: 25003166380 ns, Reaching safepoint: 388495 ns, At safepoint: 35505 ns, Total: 424000 ns
[2021-04-20T03:30:32.583+0000][8][safepoint   ] Safepoint "Cleanup", Time since last: 2000310017 ns, Reaching safepoint: 327700 ns, At safepoint: 18708 ns, Total: 346408 ns
[2021-04-20T03:30:41.584+0000][8][safepoint   ] Safepoint "Cleanup", Time since last: 9001279175 ns, Reaching safepoint: 169158 ns, At safepoint: 9997 ns, Total: 179155 ns
[2021-04-20T03:30:42.654+0000][8][safepoint   ] Safepoint "Cleanup", Time since last: 1069591275 ns, Reaching safepoint: 271046 ns, At safepoint: 26364 ns, Total: 297410 ns
[2021-04-20T03:30:50.655+0000][8][safepoint   ] Safepoint "Cleanup", Time since last: 8000968117 ns, Reaching safepoint: 465627 ns, At safepoint: 32110 ns, Total: 497737 ns
[2021-04-20T03:30:52.656+0000][8][safepoint   ] Safepoint "Cleanup", Time since last: 2000336733 ns, Reaching safepoint: 334641 ns, At safepoint: 43196 ns, Total: 377837 ns
[2021-04-20T03:31:08.658+0000][8][safepoint   ] Safepoint "Cleanup", Time since last: 16001796279 ns, Reaching safepoint: 282563 ns, At safepoint: 20199 ns, Total: 302762 ns
[2021-04-20T03:31:08.963+0000][8][gc,start    ] GC(105) Pause Young (Concurrent Start) (G1 Evacuation Pause)
[2021-04-20T03:31:08.963+0000][8][gc,task     ] GC(105) Using 6 workers of 8 for evacuation
[2021-04-20T03:31:08.963+0000][8][gc,age      ] GC(105) Desired survivor size 6291456 bytes, new threshold 15 (max threshold 15)
[2021-04-20T03:31:08.969+0000][8][gc,age      ] GC(105) Age table with threshold 15 (max threshold 15)
[2021-04-20T03:31:08.969+0000][8][gc,age      ] GC(105) - age   1:     739840 bytes,     739840 total
[2021-04-20T03:31:08.969+0000][8][gc,age      ] GC(105) - age   2:      23832 bytes,     763672 total
[2021-04-20T03:31:08.970+0000][8][gc,age      ] GC(105) - age   3:      71080 bytes,     834752 total
[2021-04-20T03:31:08.970+0000][8][gc,age      ] GC(105) - age   4:     175184 bytes,    1009936 total
[2021-04-20T03:31:08.970+0000][8][gc,age      ] GC(105) - age   5:       4944 bytes,    1014880 total
[2021-04-20T03:31:08.970+0000][8][gc,age      ] GC(105) - age   6:       2632 bytes,    1017512 total
[2021-04-20T03:31:08.970+0000][8][gc,age      ] GC(105) - age   7:       3024 bytes,    1020536 total
[2021-04-20T03:31:08.970+0000][8][gc,age      ] GC(105) - age   8:      22600 bytes,    1043136 total
[2021-04-20T03:31:08.970+0000][8][gc,age      ] GC(105) - age   9:       5008 bytes,    1048144 total
[2021-04-20T03:31:08.970+0000][8][gc,age      ] GC(105) - age  10:       2344 bytes,    1050488 total
[2021-04-20T03:31:08.970+0000][8][gc,age      ] GC(105) - age  11:     383016 bytes,    1433504 total
[2021-04-20T03:31:08.970+0000][8][gc,age      ] GC(105) - age  12:       3848 bytes,    1437352 total
[2021-04-20T03:31:08.970+0000][8][gc,age      ] GC(105) - age  13:       1472 bytes,    1438824 total
[2021-04-20T03:31:08.970+0000][8][gc,age      ] GC(105) - age  14:       2448 bytes,    1441272 total
[2021-04-20T03:31:08.970+0000][8][gc,age      ] GC(105) - age  15:       2512 bytes,    1443784 total
[2021-04-20T03:31:08.970+0000][8][gc,phases   ] GC(105)   Pre Evacuate Collection Set: 0.3ms
[2021-04-20T03:31:08.970+0000][8][gc,phases   ] GC(105)   Merge Heap Roots: 0.1ms
[2021-04-20T03:31:08.970+0000][8][gc,phases   ] GC(105)   Evacuate Collection Set: 3.8ms
[2021-04-20T03:31:08.970+0000][8][gc,phases   ] GC(105)   Post Evacuate Collection Set: 1.6ms
[2021-04-20T03:31:08.970+0000][8][gc,phases   ] GC(105)   Other: 0.9ms
[2021-04-20T03:31:08.970+0000][8][gc,heap     ] GC(105) Eden regions: 22->0(22)
[2021-04-20T03:31:08.970+0000][8][gc,heap     ] GC(105) Survivor regions: 1->1(3)
[2021-04-20T03:31:08.970+0000][8][gc,heap     ] GC(105) Old regions: 26->26
[2021-04-20T03:31:08.970+0000][8][gc,heap     ] GC(105) Archive regions: 2->2
[2021-04-20T03:31:08.970+0000][8][gc,heap     ] GC(105) Humongous regions: 2->2
[2021-04-20T03:31:08.970+0000][8][gc,metaspace] GC(105) Metaspace: 109054K(113992K)->109054K(113992K) NonClass: 95024K(98632K)->95024K(98632K) Class: 14030K(15360K)->14030K(15360K)
[2021-04-20T03:31:08.970+0000][8][gc          ] GC(105) Pause Young (Concurrent Start) (G1 Evacuation Pause) 203M->114M(256M) 6.997ms
[2021-04-20T03:31:08.970+0000][8][gc,cpu      ] GC(105) User=0.03s Sys=0.00s Real=0.00s
[2021-04-20T03:31:08.970+0000][8][safepoint   ] Safepoint "G1CollectForAllocation", Time since last: 304613364 ns, Reaching safepoint: 316391 ns, At safepoint: 7222871 ns, Total: 7539262 ns
[2021-04-20T03:31:08.970+0000][8][gc          ] GC(106) Concurrent Cycle
[2021-04-20T03:31:08.970+0000][8][gc,marking  ] GC(106) Concurrent Clear Claimed Marks
[2021-04-20T03:31:08.971+0000][8][gc,marking  ] GC(106) Concurrent Clear Claimed Marks 0.209ms
[2021-04-20T03:31:08.971+0000][8][gc,marking  ] GC(106) Concurrent Scan Root Regions
[2021-04-20T03:31:08.978+0000][8][gc,marking  ] GC(106) Concurrent Scan Root Regions 7.125ms
[2021-04-20T03:31:08.978+0000][8][gc,marking  ] GC(106) Concurrent Mark (3590.964s)
[2021-04-20T03:31:08.978+0000][8][gc,marking  ] GC(106) Concurrent Mark From Roots
[2021-04-20T03:31:08.978+0000][8][gc,task     ] GC(106) Using 2 workers of 2 for marking
[2021-04-20T03:31:09.110+0000][8][gc,marking  ] GC(106) Concurrent Mark From Roots 131.811ms
[2021-04-20T03:31:09.110+0000][8][gc,marking  ] GC(106) Concurrent Preclean
[2021-04-20T03:31:09.110+0000][8][gc,marking  ] GC(106) Concurrent Preclean 0.248ms
[2021-04-20T03:31:09.110+0000][8][gc,marking  ] GC(106) Concurrent Mark (3590.964s, 3591.096s) 132.130ms
[2021-04-20T03:31:09.110+0000][8][gc,start    ] GC(106) Pause Remark
[2021-04-20T03:31:09.116+0000][8][gc          ] GC(106) Pause Remark 115M->115M(256M) 6.023ms
[2021-04-20T03:31:09.116+0000][8][gc,cpu      ] GC(106) User=0.03s Sys=0.00s Real=0.01s
[2021-04-20T03:31:09.116+0000][8][safepoint   ] Safepoint "G1Concurrent", Time since last: 139773324 ns, Reaching safepoint: 86529 ns, At safepoint: 6097799 ns, Total: 6184328 ns
[2021-04-20T03:31:09.116+0000][8][gc,marking  ] GC(106) Concurrent Rebuild Remembered Sets
[2021-04-20T03:31:09.179+0000][8][gc,marking  ] GC(106) Concurrent Rebuild Remembered Sets 62.447ms
[2021-04-20T03:31:09.179+0000][8][gc,start    ] GC(106) Pause Cleanup
[2021-04-20T03:31:09.179+0000][8][gc          ] GC(106) Pause Cleanup 115M->115M(256M) 0.063ms
[2021-04-20T03:31:09.179+0000][8][gc,cpu      ] GC(106) User=0.00s Sys=0.00s Real=0.00s
[2021-04-20T03:31:09.179+0000][8][safepoint   ] Safepoint "G1Concurrent", Time since last: 62539754 ns, Reaching safepoint: 71601 ns, At safepoint: 103766 ns, Total: 175367 ns
[2021-04-20T03:31:09.179+0000][8][gc,marking  ] GC(106) Concurrent Cleanup for Next Mark
[2021-04-20T03:31:09.179+0000][8][gc,marking  ] GC(106) Concurrent Cleanup for Next Mark 0.129ms
[2021-04-20T03:31:09.179+0000][8][gc          ] GC(106) Concurrent Cycle 208.838ms
[2021-04-20T03:31:12.180+0000][8][safepoint   ] Safepoint "Cleanup", Time since last: 3000455680 ns, Reaching safepoint: 310321 ns, At safepoint: 32593 ns, Total: 342914 ns
[2021-04-20T03:31:33.182+0000][8][safepoint   ] Safepoint "Cleanup", Time since last: 21002258643 ns, Reaching safepoint: 95907 ns, At safepoint: 6793 ns, Total: 102700 ns
[2021-04-20T03:31:43.184+0000][8][safepoint   ] Safepoint "Cleanup", Time since last: 10001091139 ns, Reaching safepoint: 243080 ns, At safepoint: 23292 ns, Total: 266372 ns
[2021-04-20T03:31:45.184+0000][8][safepoint   ] Safepoint "Cleanup", Time since last: 2000357607 ns, Reaching safepoint: 304009 ns, At safepoint: 19894 ns, Total: 323903 ns
[2021-04-20T03:31:47.185+0000][8][safepoint   ] Safepoint "Cleanup", Time since last: 2000313795 ns, Reaching safepoint: 376980 ns, At safepoint: 40985 ns, Total: 417965 ns
[2021-04-20T03:31:48.186+0000][8][safepoint   ] Safepoint "Cleanup", Time since last: 1000219270 ns, Reaching safepoint: 369682 ns, At safepoint: 45893 ns, Total: 415575 ns
[2021-04-20T03:31:51.187+0000][8][safepoint   ] Safepoint "Cleanup", Time since last: 3000540873 ns, Reaching safepoint: 480579 ns, At safepoint: 20751 ns, Total: 501330 ns
[2021-04-20T03:31:52.187+0000][8][safepoint   ] Safepoint "Cleanup", Time since last: 1000192765 ns, Reaching safepoint: 292721 ns, At safepoint: 30072 ns, Total: 322793 ns
[2021-04-20T03:31:54.188+0000][8][safepoint   ] Safepoint "Cleanup", Time since last: 2000326652 ns, Reaching safepoint: 549082 ns, At safepoint: 41557 ns, Total: 590639 ns
[2021-04-20T03:32:10.190+0000][8][safepoint   ] Safepoint "Cleanup", Time since last: 16001904374 ns, Reaching safepoint: 244151 ns, At safepoint: 34637 ns, Total: 278788 ns
[2021-04-20T03:32:41.507+0000][8][gc,start    ] GC(107) Pause Young (Normal) (G1 Evacuation Pause)
[2021-04-20T03:32:41.507+0000][8][gc,task     ] GC(107) Using 6 workers of 8 for evacuation
[2021-04-20T03:32:41.507+0000][8][gc,age      ] GC(107) Desired survivor size 6291456 bytes, new threshold 15 (max threshold 15)
[2021-04-20T03:32:41.510+0000][8][gc,age      ] GC(107) Age table with threshold 15 (max threshold 15)
[2021-04-20T03:32:41.510+0000][8][gc,age      ] GC(107) - age   1:     699152 bytes,     699152 total
[2021-04-20T03:32:41.510+0000][8][gc,age      ] GC(107) - age   2:     603776 bytes,    1302928 total
[2021-04-20T03:32:41.510+0000][8][gc,age      ] GC(107) - age   3:       7112 bytes,    1310040 total
[2021-04-20T03:32:41.510+0000][8][gc,age      ] GC(107) - age   4:      69968 bytes,    1380008 total
[2021-04-20T03:32:41.510+0000][8][gc,age      ] GC(107) - age   5:     168704 bytes,    1548712 total
[2021-04-20T03:32:41.510+0000][8][gc,age      ] GC(107) - age   6:       4944 bytes,    1553656 total
[2021-04-20T03:32:41.510+0000][8][gc,age      ] GC(107) - age   7:       2568 bytes,    1556224 total
[2021-04-20T03:32:41.510+0000][8][gc,age      ] GC(107) - age   8:       2608 bytes,    1558832 total
[2021-04-20T03:32:41.510+0000][8][gc,age      ] GC(107) - age   9:      19536 bytes,    1578368 total
[2021-04-20T03:32:41.510+0000][8][gc,age      ] GC(107) - age  10:       5008 bytes,    1583376 total
[2021-04-20T03:32:41.510+0000][8][gc,age      ] GC(107) - age  11:       2344 bytes,    1585720 total
[2021-04-20T03:32:41.510+0000][8][gc,age      ] GC(107) - age  12:     382744 bytes,    1968464 total
[2021-04-20T03:32:41.510+0000][8][gc,age      ] GC(107) - age  13:       3808 bytes,    1972272 total
[2021-04-20T03:32:41.510+0000][8][gc,age      ] GC(107) - age  14:       1472 bytes,    1973744 total
[2021-04-20T03:32:41.510+0000][8][gc,age      ] GC(107) - age  15:       2384 bytes,    1976128 total
[2021-04-20T03:32:41.510+0000][8][gc,phases   ] GC(107)   Pre Evacuate Collection Set: 0.1ms
[2021-04-20T03:32:41.510+0000][8][gc,phases   ] GC(107)   Merge Heap Roots: 0.1ms
[2021-04-20T03:32:41.510+0000][8][gc,phases   ] GC(107)   Evacuate Collection Set: 2.4ms
[2021-04-20T03:32:41.510+0000][8][gc,phases   ] GC(107)   Post Evacuate Collection Set: 0.7ms
[2021-04-20T03:32:41.510+0000][8][gc,phases   ] GC(107)   Other: 0.4ms
[2021-04-20T03:32:41.510+0000][8][gc,heap     ] GC(107) Eden regions: 22->0(22)
[2021-04-20T03:32:41.510+0000][8][gc,heap     ] GC(107) Survivor regions: 1->1(3)
[2021-04-20T03:32:41.510+0000][8][gc,heap     ] GC(107) Old regions: 26->26
[2021-04-20T03:32:41.510+0000][8][gc,heap     ] GC(107) Archive regions: 2->2
[2021-04-20T03:32:41.510+0000][8][gc,heap     ] GC(107) Humongous regions: 2->2
[2021-04-20T03:32:41.510+0000][8][gc,metaspace] GC(107) Metaspace: 109069K(113992K)->109069K(113992K) NonClass: 95039K(98632K)->95039K(98632K) Class: 14030K(15360K)->14030K(15360K)
[2021-04-20T03:32:41.510+0000][8][gc          ] GC(107) Pause Young (Normal) (G1 Evacuation Pause) 202M->114M(256M) 3.895ms
[2021-04-20T03:32:41.511+0000][8][gc,cpu      ] GC(107) User=0.02s Sys=0.00s Real=0.00s
[2021-04-20T03:32:41.511+0000][8][safepoint   ] Safepoint "G1CollectForAllocation", Time since last: 31316103981 ns, Reaching safepoint: 137284 ns, At safepoint: 4037584 ns, Total: 4174868 ns
[2021-04-20T03:32:48.512+0000][8][safepoint   ] Safepoint "Cleanup", Time since last: 7000656801 ns, Reaching safepoint: 291052 ns, At safepoint: 19394 ns, Total: 310446 ns
[2021-04-20T03:32:50.512+0000][8][safepoint   ] Safepoint "Cleanup", Time since last: 2000333778 ns, Reaching safepoint: 291168 ns, At safepoint: 50915 ns, Total: 342083 ns
[2021-04-20T03:32:51.513+0000][8][safepoint   ] Safepoint "Cleanup", Time since last: 1000163997 ns, Reaching safepoint: 167911 ns, At safepoint: 9954 ns, Total: 177865 ns
[2021-04-20T03:32:59.514+0000][8][safepoint   ] Safepoint "Cleanup", Time since last: 8001084860 ns, Reaching safepoint: 101506 ns, At safepoint: 6467 ns, Total: 107973 ns
[2021-04-20T03:33:00.514+0000][8][safepoint   ] Safepoint "Cleanup", Time since last: 1000145061 ns, Reaching safepoint: 141405 ns, At safepoint: 8896 ns, Total: 150301 ns
[2021-04-20T03:33:22.517+0000][8][safepoint   ] Safepoint "Cleanup", Time since last: 22002490015 ns, Reaching safepoint: 279108 ns, At safepoint: 22435 ns, Total: 301543 ns
[2021-04-20T03:33:23.517+0000][8][safepoint   ] Safepoint "Cleanup", Time since last: 1000212473 ns, Reaching safepoint: 112616 ns, At safepoint: 8952 ns, Total: 121568 ns
[2021-04-20T03:33:32.519+0000][8][safepoint   ] Safepoint "Cleanup", Time since last: 9001033768 ns, Reaching safepoint: 595783 ns, At safepoint: 53209 ns, Total: 648992 ns
[2021-04-20T03:33:41.520+0000][8][safepoint   ] Safepoint "Cleanup", Time since last: 9001174247 ns, Reaching safepoint: 268254 ns, At safepoint: 31642 ns, Total: 299896 ns
[2021-04-20T03:33:47.521+0000][8][safepoint   ] Safepoint "Cleanup", Time since last: 6000755887 ns, Reaching safepoint: 267058 ns, At safepoint: 20564 ns, Total: 287622 ns
[2021-04-20T03:33:50.074+0000][8][gc,start    ] GC(108) Pause Young (Concurrent Start) (G1 Evacuation Pause)
[2021-04-20T03:33:50.074+0000][8][gc,task     ] GC(108) Using 6 workers of 8 for evacuation
[2021-04-20T03:33:50.074+0000][8][gc,age      ] GC(108) Desired survivor size 6291456 bytes, new threshold 15 (max threshold 15)
[2021-04-20T03:33:50.080+0000][8][gc,age      ] GC(108) Age table with threshold 15 (max threshold 15)
[2021-04-20T03:33:50.080+0000][8][gc,age      ] GC(108) - age   1:     276976 bytes,     276976 total
[2021-04-20T03:33:50.080+0000][8][gc,age      ] GC(108) - age   2:      36488 bytes,     313464 total
[2021-04-20T03:33:50.080+0000][8][gc,age      ] GC(108) - age   3:       2832 bytes,     316296 total
[2021-04-20T03:33:50.080+0000][8][gc,age      ] GC(108) - age   4:       5688 bytes,     321984 total
[2021-04-20T03:33:50.080+0000][8][gc,age      ] GC(108) - age   5:      69672 bytes,     391656 total
[2021-04-20T03:33:50.080+0000][8][gc,age      ] GC(108) - age   6:     168312 bytes,     559968 total
[2021-04-20T03:33:50.080+0000][8][gc,age      ] GC(108) - age   7:       4944 bytes,     564912 total
[2021-04-20T03:33:50.080+0000][8][gc,age      ] GC(108) - age   8:       2168 bytes,     567080 total
[2021-04-20T03:33:50.080+0000][8][gc,age      ] GC(108) - age   9:       2544 bytes,     569624 total
[2021-04-20T03:33:50.080+0000][8][gc,age      ] GC(108) - age  10:      19472 bytes,     589096 total
[2021-04-20T03:33:50.080+0000][8][gc,age      ] GC(108) - age  11:       4912 bytes,     594008 total
[2021-04-20T03:33:50.080+0000][8][gc,age      ] GC(108) - age  12:       2344 bytes,     596352 total
[2021-04-20T03:33:50.080+0000][8][gc,age      ] GC(108) - age  13:     382616 bytes,     978968 total
[2021-04-20T03:33:50.080+0000][8][gc,age      ] GC(108) - age  14:       3808 bytes,     982776 total
[2021-04-20T03:33:50.080+0000][8][gc,age      ] GC(108) - age  15:       1472 bytes,     984248 total
[2021-04-20T03:33:50.080+0000][8][gc,phases   ] GC(108)   Pre Evacuate Collection Set: 0.3ms
[2021-04-20T03:33:50.080+0000][8][gc,phases   ] GC(108)   Merge Heap Roots: 0.2ms
[2021-04-20T03:33:50.080+0000][8][gc,phases   ] GC(108)   Evacuate Collection Set: 3.6ms
[2021-04-20T03:33:50.080+0000][8][gc,phases   ] GC(108)   Post Evacuate Collection Set: 1.8ms
[2021-04-20T03:33:50.081+0000][8][gc,phases   ] GC(108)   Other: 0.9ms
[2021-04-20T03:33:50.081+0000][8][gc,heap     ] GC(108) Eden regions: 22->0(22)
[2021-04-20T03:33:50.081+0000][8][gc,heap     ] GC(108) Survivor regions: 1->1(3)
[2021-04-20T03:33:50.081+0000][8][gc,heap     ] GC(108) Old regions: 26->26
[2021-04-20T03:33:50.081+0000][8][gc,heap     ] GC(108) Archive regions: 2->2
[2021-04-20T03:33:50.081+0000][8][gc,heap     ] GC(108) Humongous regions: 2->2
[2021-04-20T03:33:50.081+0000][8][gc,metaspace] GC(108) Metaspace: 109102K(113992K)->109102K(113992K) NonClass: 95071K(98632K)->95071K(98632K) Class: 14030K(15360K)->14030K(15360K)
[2021-04-20T03:33:50.081+0000][8][gc          ] GC(108) Pause Young (Concurrent Start) (G1 Evacuation Pause) 202M->114M(256M) 7.009ms
[2021-04-20T03:33:50.081+0000][8][gc,cpu      ] GC(108) User=0.02s Sys=0.02s Real=0.01s
[2021-04-20T03:33:50.081+0000][8][gc          ] GC(109) Concurrent Cycle
[2021-04-20T03:33:50.081+0000][8][gc,marking  ] GC(109) Concurrent Clear Claimed Marks
[2021-04-20T03:33:50.081+0000][8][safepoint   ] Safepoint "G1CollectForAllocation", Time since last: 2551985386 ns, Reaching safepoint: 284971 ns, At safepoint: 7311564 ns, Total: 7596535 ns
[2021-04-20T03:33:50.081+0000][8][gc,marking  ] GC(109) Concurrent Clear Claimed Marks 0.233ms
[2021-04-20T03:33:50.081+0000][8][gc,marking  ] GC(109) Concurrent Scan Root Regions
[2021-04-20T03:33:50.089+0000][8][gc,marking  ] GC(109) Concurrent Scan Root Regions 7.530ms
[2021-04-20T03:33:50.089+0000][8][gc,marking  ] GC(109) Concurrent Mark (3752.074s)
[2021-04-20T03:33:50.089+0000][8][gc,marking  ] GC(109) Concurrent Mark From Roots
[2021-04-20T03:33:50.089+0000][8][gc,task     ] GC(109) Using 2 workers of 2 for marking
[2021-04-20T03:33:50.258+0000][8][gc,marking  ] GC(109) Concurrent Mark From Roots 168.837ms
[2021-04-20T03:33:50.258+0000][8][gc,marking  ] GC(109) Concurrent Preclean
[2021-04-20T03:33:50.258+0000][8][gc,marking  ] GC(109) Concurrent Preclean 0.246ms
[2021-04-20T03:33:50.258+0000][8][gc,marking  ] GC(109) Concurrent Mark (3752.074s, 3752.244s) 169.153ms
[2021-04-20T03:33:50.258+0000][8][gc,start    ] GC(109) Pause Remark
[2021-04-20T03:33:50.264+0000][8][gc          ] GC(109) Pause Remark 115M->115M(256M) 5.411ms
[2021-04-20T03:33:50.264+0000][8][gc,cpu      ] GC(109) User=0.03s Sys=0.00s Real=0.01s
[2021-04-20T03:33:50.264+0000][8][safepoint   ] Safepoint "G1Concurrent", Time since last: 177066573 ns, Reaching safepoint: 95822 ns, At safepoint: 5495012 ns, Total: 5590834 ns
[2021-04-20T03:33:50.264+0000][8][gc,marking  ] GC(109) Concurrent Rebuild Remembered Sets
[2021-04-20T03:33:50.326+0000][8][gc,marking  ] GC(109) Concurrent Rebuild Remembered Sets 62.664ms
[2021-04-20T03:33:50.326+0000][8][gc,start    ] GC(109) Pause Cleanup
[2021-04-20T03:33:50.327+0000][8][gc          ] GC(109) Pause Cleanup 115M->115M(256M) 0.088ms
[2021-04-20T03:33:50.327+0000][8][gc,cpu      ] GC(109) User=0.00s Sys=0.00s Real=0.00s
[2021-04-20T03:33:50.327+0000][8][safepoint   ] Safepoint "G1Concurrent", Time since last: 62751335 ns, Reaching safepoint: 106970 ns, At safepoint: 135006 ns, Total: 241976 ns
[2021-04-20T03:33:50.327+0000][8][gc,marking  ] GC(109) Concurrent Cleanup for Next Mark
[2021-04-20T03:33:50.327+0000][8][gc,marking  ] GC(109) Concurrent Cleanup for Next Mark 0.246ms
[2021-04-20T03:33:50.327+0000][8][gc          ] GC(109) Concurrent Cycle 246.033ms
[2021-04-20T03:33:51.327+0000][8][safepoint   ] Safepoint "Cleanup", Time since last: 1000184611 ns, Reaching safepoint: 368045 ns, At safepoint: 22488 ns, Total: 390533 ns
[2021-04-20T03:34:12.331+0000][8][safepoint   ] Safepoint "Cleanup", Time since last: 21003157723 ns, Reaching safepoint: 320571 ns, At safepoint: 24226 ns, Total: 344797 ns
[2021-04-20T03:34:17.332+0000][8][safepoint   ] Safepoint "Cleanup", Time since last: 5000702845 ns, Reaching safepoint: 310884 ns, At safepoint: 25257 ns, Total: 336141 ns
[2021-04-20T03:34:41.335+0000][8][safepoint   ] Safepoint "Cleanup", Time since last: 24002803160 ns, Reaching safepoint: 388609 ns, At safepoint: 32565 ns, Total: 421174 ns
[2021-04-20T03:34:48.336+0000][8][safepoint   ] Safepoint "Cleanup", Time since last: 7000888250 ns, Reaching safepoint: 419354 ns, At safepoint: 25689 ns, Total: 445043 ns
[2021-04-20T03:34:50.337+0000][8][safepoint   ] Safepoint "Cleanup", Time since last: 2000336206 ns, Reaching safepoint: 268143 ns, At safepoint: 25773 ns, Total: 293916 ns
[2021-04-20T03:34:54.338+0000][8][safepoint   ] Safepoint "Cleanup", Time since last: 4000578976 ns, Reaching safepoint: 139880 ns, At safepoint: 6972 ns, Total: 146852 ns
[2021-04-20T03:35:11.340+0000][8][safepoint   ] Safepoint "Cleanup", Time since last: 17002203958 ns, Reaching safepoint: 288234 ns, At safepoint: 32263 ns, Total: 320497 ns
[2021-04-20T03:35:17.254+0000][8][gc,start    ] GC(110) Pause Young (Normal) (G1 Evacuation Pause)
[2021-04-20T03:35:17.254+0000][8][gc,task     ] GC(110) Using 6 workers of 8 for evacuation
[2021-04-20T03:35:17.254+0000][8][gc,age      ] GC(110) Desired survivor size 6291456 bytes, new threshold 15 (max threshold 15)
[2021-04-20T03:35:17.258+0000][8][gc,age      ] GC(110) Age table with threshold 15 (max threshold 15)
[2021-04-20T03:35:17.258+0000][8][gc,age      ] GC(110) - age   1:     810152 bytes,     810152 total
[2021-04-20T03:35:17.258+0000][8][gc,age      ] GC(110) - age   2:     183344 bytes,     993496 total
[2021-04-20T03:35:17.258+0000][8][gc,age      ] GC(110) - age   3:      10560 bytes,    1004056 total
[2021-04-20T03:35:17.258+0000][8][gc,age      ] GC(110) - age   4:       1928 bytes,    1005984 total
[2021-04-20T03:35:17.258+0000][8][gc,age      ] GC(110) - age   5:       5584 bytes,    1011568 total
[2021-04-20T03:35:17.258+0000][8][gc,age      ] GC(110) - age   6:      69632 bytes,    1081200 total
[2021-04-20T03:35:17.258+0000][8][gc,age      ] GC(110) - age   7:     168216 bytes,    1249416 total
[2021-04-20T03:35:17.258+0000][8][gc,age      ] GC(110) - age   8:       4768 bytes,    1254184 total
[2021-04-20T03:35:17.258+0000][8][gc,age      ] GC(110) - age   9:       2168 bytes,    1256352 total
[2021-04-20T03:35:17.258+0000][8][gc,age      ] GC(110) - age  10:       2544 bytes,    1258896 total
[2021-04-20T03:35:17.258+0000][8][gc,age      ] GC(110) - age  11:      19408 bytes,    1278304 total
[2021-04-20T03:35:17.258+0000][8][gc,age      ] GC(110) - age  12:       4784 bytes,    1283088 total
[2021-04-20T03:35:17.258+0000][8][gc,age      ] GC(110) - age  13:       2248 bytes,    1285336 total
[2021-04-20T03:35:17.258+0000][8][gc,age      ] GC(110) - age  14:     382616 bytes,    1667952 total
[2021-04-20T03:35:17.258+0000][8][gc,age      ] GC(110) - age  15:       3808 bytes,    1671760 total
[2021-04-20T03:35:17.258+0000][8][gc,phases   ] GC(110)   Pre Evacuate Collection Set: 0.1ms
[2021-04-20T03:35:17.258+0000][8][gc,phases   ] GC(110)   Merge Heap Roots: 0.1ms
[2021-04-20T03:35:17.258+0000][8][gc,phases   ] GC(110)   Evacuate Collection Set: 2.4ms
[2021-04-20T03:35:17.258+0000][8][gc,phases   ] GC(110)   Post Evacuate Collection Set: 1.0ms
[2021-04-20T03:35:17.258+0000][8][gc,phases   ] GC(110)   Other: 0.4ms
[2021-04-20T03:35:17.258+0000][8][gc,heap     ] GC(110) Eden regions: 22->0(22)
[2021-04-20T03:35:17.258+0000][8][gc,heap     ] GC(110) Survivor regions: 1->1(3)
[2021-04-20T03:35:17.258+0000][8][gc,heap     ] GC(110) Old regions: 26->26
[2021-04-20T03:35:17.258+0000][8][gc,heap     ] GC(110) Archive regions: 2->2
[2021-04-20T03:35:17.258+0000][8][gc,heap     ] GC(110) Humongous regions: 2->2
[2021-04-20T03:35:17.258+0000][8][gc,metaspace] GC(110) Metaspace: 109180K(113992K)->109180K(113992K) NonClass: 95149K(98632K)->95149K(98632K) Class: 14030K(15360K)->14030K(15360K)
[2021-04-20T03:35:17.258+0000][8][gc          ] GC(110) Pause Young (Normal) (G1 Evacuation Pause) 202M->114M(256M) 4.078ms
[2021-04-20T03:35:17.258+0000][8][gc,cpu      ] GC(110) User=0.02s Sys=0.00s Real=0.01s
[2021-04-20T03:35:17.258+0000][8][safepoint   ] Safepoint "G1CollectForAllocation", Time since last: 5913752173 ns, Reaching safepoint: 169700 ns, At safepoint: 4202060 ns, Total: 4371760 ns
[2021-04-20T03:35:18.259+0000][8][safepoint   ] Safepoint "Cleanup", Time since last: 1000112425 ns, Reaching safepoint: 161489 ns, At safepoint: 13361 ns, Total: 174850 ns
[2021-04-20T03:35:48.263+0000][8][safepoint   ] Safepoint "Cleanup", Time since last: 30003845972 ns, Reaching safepoint: 335337 ns, At safepoint: 30582 ns, Total: 365919 ns
[2021-04-20T03:35:50.263+0000][8][safepoint   ] Safepoint "Cleanup", Time since last: 2000345500 ns, Reaching safepoint: 322881 ns, At safepoint: 31049 ns, Total: 353930 ns
[2021-04-20T03:35:54.264+0000][8][safepoint   ] Safepoint "Cleanup", Time since last: 4000594365 ns, Reaching safepoint: 345674 ns, At safepoint: 43258 ns, Total: 388932 ns
[2021-04-20T03:35:57.265+0000][8][safepoint   ] Safepoint "Cleanup", Time since last: 3000472059 ns, Reaching safepoint: 269115 ns, At safepoint: 21488 ns, Total: 290603 ns
[2021-04-20T03:36:11.267+0000][8][safepoint   ] Safepoint "Cleanup", Time since last: 14001804529 ns, Reaching safepoint: 390186 ns, At safepoint: 34886 ns, Total: 425072 ns
[2021-04-20T03:36:17.269+0000][8][safepoint   ] Safepoint "Cleanup", Time since last: 6000822941 ns, Reaching safepoint: 345245 ns, At safepoint: 36763 ns, Total: 382008 ns
[2021-04-20T03:36:18.269+0000][8][safepoint   ] Safepoint "Cleanup", Time since last: 1000265541 ns, Reaching safepoint: 257003 ns, At safepoint: 25799 ns, Total: 282802 ns
[2021-04-20T03:36:42.273+0000][8][safepoint   ] Safepoint "Cleanup", Time since last: 24003315783 ns, Reaching safepoint: 407998 ns, At safepoint: 34466 ns, Total: 442464 ns
[2021-04-20T03:36:49.274+0000][8][safepoint   ] Safepoint "Cleanup", Time since last: 7000925499 ns, Reaching safepoint: 302260 ns, At safepoint: 24708 ns, Total: 326968 ns
[2021-04-20T03:36:50.275+0000][8][safepoint   ] Safepoint "Cleanup", Time since last: 1000274031 ns, Reaching safepoint: 321443 ns, At safepoint: 23221 ns, Total: 344664 ns
[2021-04-20T03:36:50.347+0000][8][gc,start    ] GC(111) Pause Young (Concurrent Start) (G1 Evacuation Pause)
[2021-04-20T03:36:50.347+0000][8][gc,task     ] GC(111) Using 6 workers of 8 for evacuation
[2021-04-20T03:36:50.347+0000][8][gc,age      ] GC(111) Desired survivor size 6291456 bytes, new threshold 15 (max threshold 15)
[2021-04-20T03:36:50.355+0000][8][gc,age      ] GC(111) Age table with threshold 15 (max threshold 15)
[2021-04-20T03:36:50.355+0000][8][gc,age      ] GC(111) - age   1:     553888 bytes,     553888 total
[2021-04-20T03:36:50.355+0000][8][gc,age      ] GC(111) - age   2:     646424 bytes,    1200312 total
[2021-04-20T03:36:50.355+0000][8][gc,age      ] GC(111) - age   3:     147440 bytes,    1347752 total
[2021-04-20T03:36:50.355+0000][8][gc,age      ] GC(111) - age   4:      10560 bytes,    1358312 total
[2021-04-20T03:36:50.355+0000][8][gc,age      ] GC(111) - age   5:       1376 bytes,    1359688 total
[2021-04-20T03:36:50.356+0000][8][gc,age      ] GC(111) - age   6:       5584 bytes,    1365272 total
[2021-04-20T03:36:50.356+0000][8][gc,age      ] GC(111) - age   7:      69240 bytes,    1434512 total
[2021-04-20T03:36:50.356+0000][8][gc,age      ] GC(111) - age   8:     168216 bytes,    1602728 total
[2021-04-20T03:36:50.356+0000][8][gc,age      ] GC(111) - age   9:       4768 bytes,    1607496 total
[2021-04-20T03:36:50.356+0000][8][gc,age      ] GC(111) - age  10:       2104 bytes,    1609600 total
[2021-04-20T03:36:50.356+0000][8][gc,age      ] GC(111) - age  11:       2544 bytes,    1612144 total
[2021-04-20T03:36:50.356+0000][8][gc,age      ] GC(111) - age  12:      19344 bytes,    1631488 total
[2021-04-20T03:36:50.356+0000][8][gc,age      ] GC(111) - age  13:       4784 bytes,    1636272 total
[2021-04-20T03:36:50.356+0000][8][gc,age      ] GC(111) - age  14:       2248 bytes,    1638520 total
[2021-04-20T03:36:50.356+0000][8][gc,age      ] GC(111) - age  15:     382616 bytes,    2021136 total
[2021-04-20T03:36:50.356+0000][8][gc,phases   ] GC(111)   Pre Evacuate Collection Set: 0.4ms
[2021-04-20T03:36:50.356+0000][8][gc,phases   ] GC(111)   Merge Heap Roots: 0.2ms
[2021-04-20T03:36:50.356+0000][8][gc,phases   ] GC(111)   Evacuate Collection Set: 6.2ms
[2021-04-20T03:36:50.356+0000][8][gc,phases   ] GC(111)   Post Evacuate Collection Set: 1.6ms
[2021-04-20T03:36:50.356+0000][8][gc,phases   ] GC(111)   Other: 0.9ms
[2021-04-20T03:36:50.356+0000][8][gc,heap     ] GC(111) Eden regions: 22->0(22)
[2021-04-20T03:36:50.356+0000][8][gc,heap     ] GC(111) Survivor regions: 1->1(3)
[2021-04-20T03:36:50.356+0000][8][gc,heap     ] GC(111) Old regions: 26->26
[2021-04-20T03:36:50.356+0000][8][gc,heap     ] GC(111) Archive regions: 2->2
[2021-04-20T03:36:50.356+0000][8][gc,heap     ] GC(111) Humongous regions: 2->2
[2021-04-20T03:36:50.356+0000][8][gc,metaspace] GC(111) Metaspace: 109219K(114248K)->109219K(114248K) NonClass: 95188K(98888K)->95188K(98888K) Class: 14030K(15360K)->14030K(15360K)
[2021-04-20T03:36:50.356+0000][8][gc          ] GC(111) Pause Young (Concurrent Start) (G1 Evacuation Pause) 202M->114M(256M) 9.612ms
[2021-04-20T03:36:50.356+0000][8][gc,cpu      ] GC(111) User=0.04s Sys=0.00s Real=0.01s
[2021-04-20T03:36:50.356+0000][8][gc          ] GC(112) Concurrent Cycle
[2021-04-20T03:36:50.356+0000][8][safepoint   ] Safepoint "G1CollectForAllocation", Time since last: 71162833 ns, Reaching safepoint: 500383 ns, At safepoint: 9889828 ns, Total: 10390211 ns
[2021-04-20T03:36:50.356+0000][8][gc,marking  ] GC(112) Concurrent Clear Claimed Marks
[2021-04-20T03:36:50.357+0000][8][gc,marking  ] GC(112) Concurrent Clear Claimed Marks 0.284ms
[2021-04-20T03:36:50.357+0000][8][gc,marking  ] GC(112) Concurrent Scan Root Regions
[2021-04-20T03:36:50.366+0000][8][gc,marking  ] GC(112) Concurrent Scan Root Regions 9.534ms
[2021-04-20T03:36:50.366+0000][8][gc,marking  ] GC(112) Concurrent Mark (3932.352s)
[2021-04-20T03:36:50.366+0000][8][gc,marking  ] GC(112) Concurrent Mark From Roots
[2021-04-20T03:36:50.366+0000][8][gc,task     ] GC(112) Using 2 workers of 2 for marking
[2021-04-20T03:36:50.530+0000][8][gc,marking  ] GC(112) Concurrent Mark From Roots 163.315ms
[2021-04-20T03:36:50.530+0000][8][gc,marking  ] GC(112) Concurrent Preclean
[2021-04-20T03:36:50.530+0000][8][gc,marking  ] GC(112) Concurrent Preclean 0.273ms
[2021-04-20T03:36:50.530+0000][8][gc,marking  ] GC(112) Concurrent Mark (3932.352s, 3932.516s) 163.711ms
[2021-04-20T03:36:50.530+0000][8][gc,start    ] GC(112) Pause Remark
[2021-04-20T03:36:50.536+0000][8][gc          ] GC(112) Pause Remark 118M->118M(256M) 5.551ms
[2021-04-20T03:36:50.536+0000][8][gc,cpu      ] GC(112) User=0.03s Sys=0.00s Real=0.01s
[2021-04-20T03:36:50.536+0000][8][safepoint   ] Safepoint "G1Concurrent", Time since last: 173760763 ns, Reaching safepoint: 80581 ns, At safepoint: 5623881 ns, Total: 5704462 ns
[2021-04-20T03:36:50.536+0000][8][gc,marking  ] GC(112) Concurrent Rebuild Remembered Sets
[2021-04-20T03:36:50.599+0000][8][gc,marking  ] GC(112) Concurrent Rebuild Remembered Sets 62.784ms
[2021-04-20T03:36:50.599+0000][8][gc,start    ] GC(112) Pause Cleanup
[2021-04-20T03:36:50.599+0000][8][gc          ] GC(112) Pause Cleanup 118M->118M(256M) 0.081ms
[2021-04-20T03:36:50.599+0000][8][gc,cpu      ] GC(112) User=0.00s Sys=0.00s Real=0.00s
[2021-04-20T03:36:50.599+0000][8][safepoint   ] Safepoint "G1Concurrent", Time since last: 62880621 ns, Reaching safepoint: 119113 ns, At safepoint: 126791 ns, Total: 245904 ns
[2021-04-20T03:36:50.599+0000][8][gc,marking  ] GC(112) Concurrent Cleanup for Next Mark
[2021-04-20T03:36:50.599+0000][8][gc,marking  ] GC(112) Concurrent Cleanup for Next Mark 0.161ms
[2021-04-20T03:36:50.599+0000][8][gc          ] GC(112) Concurrent Cycle 242.826ms
[2021-04-20T03:37:00.600+0000][8][safepoint   ] Safepoint "Cleanup", Time since last: 10001077423 ns, Reaching safepoint: 293386 ns, At safepoint: 26325 ns, Total: 319711 ns
[2021-04-20T03:37:11.602+0000][8][safepoint   ] Safepoint "Cleanup", Time since last: 11001368627 ns, Reaching safepoint: 366409 ns, At safepoint: 35809 ns, Total: 402218 ns
[2021-04-20T03:37:41.607+0000][8][safepoint   ] Safepoint "Cleanup", Time since last: 30004180381 ns, Reaching safepoint: 397466 ns, At safepoint: 34954 ns, Total: 432420 ns
[2021-04-20T03:37:42.607+0000][8][safepoint   ] Safepoint "Cleanup", Time since last: 1000266626 ns, Reaching safepoint: 371354 ns, At safepoint: 46089 ns, Total: 417443 ns
[2021-04-20T03:37:50.609+0000][8][safepoint   ] Safepoint "Cleanup", Time since last: 8001014111 ns, Reaching safepoint: 211437 ns, At safepoint: 12038 ns, Total: 223475 ns
[2021-04-20T03:37:53.610+0000][8][safepoint   ] Safepoint "Cleanup", Time since last: 3000410437 ns, Reaching safepoint: 535066 ns, At safepoint: 33939 ns, Total: 569005 ns
[2021-04-20T03:37:53.653+0000][8][gc,start    ] GC(113) Pause Young (Normal) (G1 Evacuation Pause)
[2021-04-20T03:37:53.653+0000][8][gc,task     ] GC(113) Using 6 workers of 8 for evacuation
[2021-04-20T03:37:53.653+0000][8][gc,age      ] GC(113) Desired survivor size 6291456 bytes, new threshold 15 (max threshold 15)
[2021-04-20T03:37:53.656+0000][8][gc,age      ] GC(113) Age table with threshold 15 (max threshold 15)
[2021-04-20T03:37:53.656+0000][8][gc,age      ] GC(113) - age   1:     856248 bytes,     856248 total
[2021-04-20T03:37:53.656+0000][8][gc,age      ] GC(113) - age   2:     322576 bytes,    1178824 total
[2021-04-20T03:37:53.656+0000][8][gc,age      ] GC(113) - age   3:     629912 bytes,    1808736 total
[2021-04-20T03:37:53.656+0000][8][gc,age      ] GC(113) - age   4:     147112 bytes,    1955848 total
[2021-04-20T03:37:53.656+0000][8][gc,age      ] GC(113) - age   5:      10280 bytes,    1966128 total
[2021-04-20T03:37:53.656+0000][8][gc,age      ] GC(113) - age   6:       1312 bytes,    1967440 total
[2021-04-20T03:37:53.656+0000][8][gc,age      ] GC(113) - age   7:       5584 bytes,    1973024 total
[2021-04-20T03:37:53.656+0000][8][gc,age      ] GC(113) - age   8:      69016 bytes,    2042040 total
[2021-04-20T03:37:53.656+0000][8][gc,age      ] GC(113) - age   9:     168216 bytes,    2210256 total
[2021-04-20T03:37:53.656+0000][8][gc,age      ] GC(113) - age  10:       4768 bytes,    2215024 total
[2021-04-20T03:37:53.656+0000][8][gc,age      ] GC(113) - age  11:       2104 bytes,    2217128 total
[2021-04-20T03:37:53.656+0000][8][gc,age      ] GC(113) - age  12:       2544 bytes,    2219672 total
[2021-04-20T03:37:53.656+0000][8][gc,age      ] GC(113) - age  13:       3192 bytes,    2222864 total
[2021-04-20T03:37:53.656+0000][8][gc,age      ] GC(113) - age  14:       4784 bytes,    2227648 total
[2021-04-20T03:37:53.656+0000][8][gc,age      ] GC(113) - age  15:       2048 bytes,    2229696 total
[2021-04-20T03:37:53.656+0000][8][gc,phases   ] GC(113)   Pre Evacuate Collection Set: 0.1ms
[2021-04-20T03:37:53.656+0000][8][gc,phases   ] GC(113)   Merge Heap Roots: 0.0ms
[2021-04-20T03:37:53.657+0000][8][gc,phases   ] GC(113)   Evacuate Collection Set: 2.6ms
[2021-04-20T03:37:53.657+0000][8][gc,phases   ] GC(113)   Post Evacuate Collection Set: 0.5ms
[2021-04-20T03:37:53.657+0000][8][gc,phases   ] GC(113)   Other: 0.3ms
[2021-04-20T03:37:53.657+0000][8][gc,heap     ] GC(113) Eden regions: 22->0(22)
[2021-04-20T03:37:53.657+0000][8][gc,heap     ] GC(113) Survivor regions: 1->1(3)
[2021-04-20T03:37:53.657+0000][8][gc,heap     ] GC(113) Old regions: 26->26
[2021-04-20T03:37:53.657+0000][8][gc,heap     ] GC(113) Archive regions: 2->2
[2021-04-20T03:37:53.657+0000][8][gc,heap     ] GC(113) Humongous regions: 2->2
[2021-04-20T03:37:53.657+0000][8][gc,metaspace] GC(113) Metaspace: 109232K(114248K)->109232K(114248K) NonClass: 95201K(98888K)->95201K(98888K) Class: 14030K(15360K)->14030K(15360K)
[2021-04-20T03:37:53.657+0000][8][gc          ] GC(113) Pause Young (Normal) (G1 Evacuation Pause) 202M->115M(256M) 3.578ms
[2021-04-20T03:37:53.657+0000][8][gc,cpu      ] GC(113) User=0.02s Sys=0.00s Real=0.01s
[2021-04-20T03:37:53.657+0000][8][safepoint   ] Safepoint "G1CollectForAllocation", Time since last: 43270316 ns, Reaching safepoint: 90236 ns, At safepoint: 3670724 ns, Total: 3760960 ns
[2021-04-20T03:37:54.657+0000][8][safepoint   ] Safepoint "Cleanup", Time since last: 1000088914 ns, Reaching safepoint: 144589 ns, At safepoint: 10333 ns, Total: 154922 ns
[2021-04-20T03:38:02.658+0000][8][safepoint   ] Safepoint "Cleanup", Time since last: 8000875111 ns, Reaching safepoint: 330665 ns, At safepoint: 35064 ns, Total: 365729 ns
[2021-04-20T03:38:03.659+0000][8][safepoint   ] Safepoint "Cleanup", Time since last: 1000283694 ns, Reaching safepoint: 300566 ns, At safepoint: 23422 ns, Total: 323988 ns
[2021-04-20T03:38:11.660+0000][8][safepoint   ] Safepoint "Cleanup", Time since last: 8001360134 ns, Reaching safepoint: 308852 ns, At safepoint: 23424 ns, Total: 332276 ns
[2021-04-20T03:38:18.662+0000][8][safepoint   ] Safepoint "Cleanup", Time since last: 7000856469 ns, Reaching safepoint: 251554 ns, At safepoint: 30413 ns, Total: 281967 ns
[2021-04-20T03:38:50.666+0000][8][safepoint   ] Safepoint "Cleanup", Time since last: 32004158478 ns, Reaching safepoint: 326068 ns, At safepoint: 40298 ns, Total: 366366 ns
[2021-04-20T03:39:02.668+0000][8][safepoint   ] Safepoint "Cleanup", Time since last: 12001523014 ns, Reaching safepoint: 166804 ns, At safepoint: 8479 ns, Total: 175283 ns
[2021-04-20T03:39:05.669+0000][8][safepoint   ] Safepoint "Cleanup", Time since last: 3000398280 ns, Reaching safepoint: 339432 ns, At safepoint: 25449 ns, Total: 364881 ns
[2021-04-20T03:39:05.756+0000][8][gc,start    ] GC(114) Pause Young (Concurrent Start) (G1 Evacuation Pause)
[2021-04-20T03:39:05.756+0000][8][gc,task     ] GC(114) Using 6 workers of 8 for evacuation
[2021-04-20T03:39:05.756+0000][8][gc,age      ] GC(114) Desired survivor size 6291456 bytes, new threshold 15 (max threshold 15)
[2021-04-20T03:39:05.763+0000][8][gc,age      ] GC(114) Age table with threshold 15 (max threshold 15)
[2021-04-20T03:39:05.763+0000][8][gc,age      ] GC(114) - age   1:    1711160 bytes,    1711160 total
[2021-04-20T03:39:05.763+0000][8][gc,age      ] GC(114) - age   2:      66888 bytes,    1778048 total
[2021-04-20T03:39:05.763+0000][8][gc,age      ] GC(114) - age   3:      15784 bytes,    1793832 total
[2021-04-20T03:39:05.763+0000][8][gc,age      ] GC(114) - age   4:      37064 bytes,    1830896 total
[2021-04-20T03:39:05.763+0000][8][gc,age      ] GC(114) - age   5:     147112 bytes,    1978008 total
[2021-04-20T03:39:05.763+0000][8][gc,age      ] GC(114) - age   6:      10112 bytes,    1988120 total
[2021-04-20T03:39:05.763+0000][8][gc,age      ] GC(114) - age   7:       1312 bytes,    1989432 total
[2021-04-20T03:39:05.763+0000][8][gc,age      ] GC(114) - age   8:       5456 bytes,    1994888 total
[2021-04-20T03:39:05.763+0000][8][gc,age      ] GC(114) - age   9:      27288 bytes,    2022176 total
[2021-04-20T03:39:05.763+0000][8][gc,age      ] GC(114) - age  10:      23760 bytes,    2045936 total
[2021-04-20T03:39:05.763+0000][8][gc,age      ] GC(114) - age  11:       4768 bytes,    2050704 total
[2021-04-20T03:39:05.763+0000][8][gc,age      ] GC(114) - age  12:       2080 bytes,    2052784 total
[2021-04-20T03:39:05.763+0000][8][gc,age      ] GC(114) - age  13:       2544 bytes,    2055328 total
[2021-04-20T03:39:05.763+0000][8][gc,age      ] GC(114) - age  14:       3192 bytes,    2058520 total
[2021-04-20T03:39:05.763+0000][8][gc,age      ] GC(114) - age  15:       4720 bytes,    2063240 total
[2021-04-20T03:39:05.763+0000][8][gc,phases   ] GC(114)   Pre Evacuate Collection Set: 0.7ms
[2021-04-20T03:39:05.763+0000][8][gc,phases   ] GC(114)   Merge Heap Roots: 0.2ms
[2021-04-20T03:39:05.763+0000][8][gc,phases   ] GC(114)   Evacuate Collection Set: 4.3ms
[2021-04-20T03:39:05.763+0000][8][gc,phases   ] GC(114)   Post Evacuate Collection Set: 1.6ms
[2021-04-20T03:39:05.763+0000][8][gc,phases   ] GC(114)   Other: 1.0ms
[2021-04-20T03:39:05.763+0000][8][gc,heap     ] GC(114) Eden regions: 22->0(22)
[2021-04-20T03:39:05.763+0000][8][gc,heap     ] GC(114) Survivor regions: 1->1(3)
[2021-04-20T03:39:05.763+0000][8][gc,heap     ] GC(114) Old regions: 26->26
[2021-04-20T03:39:05.763+0000][8][gc,heap     ] GC(114) Archive regions: 2->2
[2021-04-20T03:39:05.763+0000][8][gc,heap     ] GC(114) Humongous regions: 2->2
[2021-04-20T03:39:05.763+0000][8][gc,metaspace] GC(114) Metaspace: 109241K(114248K)->109241K(114248K) NonClass: 95210K(98888K)->95210K(98888K) Class: 14031K(15360K)->14031K(15360K)
[2021-04-20T03:39:05.763+0000][8][gc          ] GC(114) Pause Young (Concurrent Start) (G1 Evacuation Pause) 203M->115M(256M) 7.907ms
[2021-04-20T03:39:05.764+0000][8][gc,cpu      ] GC(114) User=0.03s Sys=0.00s Real=0.01s
[2021-04-20T03:39:05.764+0000][8][safepoint   ] Safepoint "G1CollectForAllocation", Time since last: 86470647 ns, Reaching safepoint: 406320 ns, At safepoint: 8148086 ns, Total: 8554406 ns
[2021-04-20T03:39:05.764+0000][8][gc          ] GC(115) Concurrent Cycle
[2021-04-20T03:39:05.764+0000][8][gc,marking  ] GC(115) Concurrent Clear Claimed Marks
[2021-04-20T03:39:05.764+0000][8][gc,marking  ] GC(115) Concurrent Clear Claimed Marks 0.189ms
[2021-04-20T03:39:05.764+0000][8][gc,marking  ] GC(115) Concurrent Scan Root Regions
[2021-04-20T03:39:05.769+0000][8][gc,marking  ] GC(115) Concurrent Scan Root Regions 4.774ms
[2021-04-20T03:39:05.769+0000][8][gc,marking  ] GC(115) Concurrent Mark (4067.754s)
[2021-04-20T03:39:05.769+0000][8][gc,marking  ] GC(115) Concurrent Mark From Roots
[2021-04-20T03:39:05.769+0000][8][gc,task     ] GC(115) Using 2 workers of 2 for marking
[2021-04-20T03:39:05.920+0000][8][gc,marking  ] GC(115) Concurrent Mark From Roots 151.341ms
[2021-04-20T03:39:05.920+0000][8][gc,marking  ] GC(115) Concurrent Preclean
[2021-04-20T03:39:05.920+0000][8][gc,marking  ] GC(115) Concurrent Preclean 0.294ms
[2021-04-20T03:39:05.920+0000][8][gc,marking  ] GC(115) Concurrent Mark (4067.754s, 4067.906s) 151.712ms
[2021-04-20T03:39:05.921+0000][8][gc,start    ] GC(115) Pause Remark
[2021-04-20T03:39:05.926+0000][8][gc          ] GC(115) Pause Remark 115M->115M(256M) 5.581ms
[2021-04-20T03:39:05.926+0000][8][gc,cpu      ] GC(115) User=0.03s Sys=0.00s Real=0.01s
[2021-04-20T03:39:05.926+0000][8][safepoint   ] Safepoint "G1Concurrent", Time since last: 156956332 ns, Reaching safepoint: 88077 ns, At safepoint: 5653764 ns, Total: 5741841 ns
[2021-04-20T03:39:05.926+0000][8][gc,marking  ] GC(115) Concurrent Rebuild Remembered Sets
[2021-04-20T03:39:05.989+0000][8][gc,marking  ] GC(115) Concurrent Rebuild Remembered Sets 62.731ms
[2021-04-20T03:39:05.989+0000][8][gc,start    ] GC(115) Pause Cleanup
[2021-04-20T03:39:05.989+0000][8][gc          ] GC(115) Pause Cleanup 115M->115M(256M) 0.061ms
[2021-04-20T03:39:05.989+0000][8][gc,cpu      ] GC(115) User=0.00s Sys=0.00s Real=0.00s
[2021-04-20T03:39:05.989+0000][8][safepoint   ] Safepoint "G1Concurrent", Time since last: 62800610 ns, Reaching safepoint: 75294 ns, At safepoint: 100198 ns, Total: 175492 ns
[2021-04-20T03:39:05.989+0000][8][gc,marking  ] GC(115) Concurrent Cleanup for Next Mark
[2021-04-20T03:39:05.989+0000][8][gc,marking  ] GC(115) Concurrent Cleanup for Next Mark 0.117ms
[2021-04-20T03:39:05.989+0000][8][gc          ] GC(115) Concurrent Cycle 225.825ms
[2021-04-20T03:39:06.990+0000][8][safepoint   ] Safepoint "Cleanup", Time since last: 1000187689 ns, Reaching safepoint: 324040 ns, At safepoint: 20777 ns, Total: 344817 ns
[2021-04-20T03:39:35.994+0000][8][safepoint   ] Safepoint "Cleanup", Time since last: 29003518010 ns, Reaching safepoint: 374979 ns, At safepoint: 33075 ns, Total: 408054 ns
[2021-04-20T03:40:08.998+0000][8][safepoint   ] Safepoint "Cleanup", Time since last: 33004069254 ns, Reaching safepoint: 220090 ns, At safepoint: 15933 ns, Total: 236023 ns
[2021-04-20T03:40:34.815+0000][8][gc,start    ] GC(116) Pause Young (Normal) (G1 Evacuation Pause)
[2021-04-20T03:40:34.815+0000][8][gc,task     ] GC(116) Using 6 workers of 8 for evacuation
[2021-04-20T03:40:34.815+0000][8][gc,age      ] GC(116) Desired survivor size 6291456 bytes, new threshold 15 (max threshold 15)
[2021-04-20T03:40:34.825+0000][8][gc,age      ] GC(116) Age table with threshold 15 (max threshold 15)
[2021-04-20T03:40:34.825+0000][8][gc,age      ] GC(116) - age   1:     655696 bytes,     655696 total
[2021-04-20T03:40:34.825+0000][8][gc,age      ] GC(116) - age   2:     924080 bytes,    1579776 total
[2021-04-20T03:40:34.825+0000][8][gc,age      ] GC(116) - age   3:      66256 bytes,    1646032 total
[2021-04-20T03:40:34.825+0000][8][gc,age      ] GC(116) - age   4:      15160 bytes,    1661192 total
[2021-04-20T03:40:34.825+0000][8][gc,age      ] GC(116) - age   5:      36520 bytes,    1697712 total
[2021-04-20T03:40:34.825+0000][8][gc,age      ] GC(116) - age   6:     146760 bytes,    1844472 total
[2021-04-20T03:40:34.825+0000][8][gc,age      ] GC(116) - age   7:       9984 bytes,    1854456 total
[2021-04-20T03:40:34.825+0000][8][gc,age      ] GC(116) - age   8:       1184 bytes,    1855640 total
[2021-04-20T03:40:34.825+0000][8][gc,age      ] GC(116) - age   9:       5392 bytes,    1861032 total
[2021-04-20T03:40:34.825+0000][8][gc,age      ] GC(116) - age  10:      27096 bytes,    1888128 total
[2021-04-20T03:40:34.825+0000][8][gc,age      ] GC(116) - age  11:      23696 bytes,    1911824 total
[2021-04-20T03:40:34.825+0000][8][gc,age      ] GC(116) - age  12:       4768 bytes,    1916592 total
[2021-04-20T03:40:34.825+0000][8][gc,age      ] GC(116) - age  13:       2080 bytes,    1918672 total
[2021-04-20T03:40:34.825+0000][8][gc,age      ] GC(116) - age  14:       2544 bytes,    1921216 total
[2021-04-20T03:40:34.825+0000][8][gc,age      ] GC(116) - age  15:       3192 bytes,    1924408 total
[2021-04-20T03:40:34.825+0000][8][gc,phases   ] GC(116)   Pre Evacuate Collection Set: 0.5ms
[2021-04-20T03:40:34.825+0000][8][gc,phases   ] GC(116)   Merge Heap Roots: 0.2ms
[2021-04-20T03:40:34.825+0000][8][gc,phases   ] GC(116)   Evacuate Collection Set: 7.1ms
[2021-04-20T03:40:34.825+0000][8][gc,phases   ] GC(116)   Post Evacuate Collection Set: 1.3ms
[2021-04-20T03:40:34.825+0000][8][gc,phases   ] GC(116)   Other: 1.0ms
[2021-04-20T03:40:34.825+0000][8][gc,heap     ] GC(116) Eden regions: 22->0(22)
[2021-04-20T03:40:34.825+0000][8][gc,heap     ] GC(116) Survivor regions: 1->1(3)
[2021-04-20T03:40:34.825+0000][8][gc,heap     ] GC(116) Old regions: 26->26
[2021-04-20T03:40:34.825+0000][8][gc,heap     ] GC(116) Archive regions: 2->2
[2021-04-20T03:40:34.825+0000][8][gc,heap     ] GC(116) Humongous regions: 2->2
[2021-04-20T03:40:34.825+0000][8][gc,metaspace] GC(116) Metaspace: 109249K(114248K)->109249K(114248K) NonClass: 95218K(98888K)->95218K(98888K) Class: 14031K(15360K)->14031K(15360K)
[2021-04-20T03:40:34.825+0000][8][gc          ] GC(116) Pause Young (Normal) (G1 Evacuation Pause) 203M->115M(256M) 10.287ms
[2021-04-20T03:40:34.825+0000][8][gc,cpu      ] GC(116) User=0.03s Sys=0.01s Real=0.01s
[2021-04-20T03:40:34.825+0000][8][safepoint   ] Safepoint "G1CollectForAllocation", Time since last: 25816592645 ns, Reaching safepoint: 300373 ns, At safepoint: 10521918 ns, Total: 10822291 ns
[2021-04-20T03:41:11.830+0000][8][safepoint   ] Safepoint "Cleanup", Time since last: 37004679529 ns, Reaching safepoint: 239714 ns, At safepoint: 12732 ns, Total: 252446 ns
[2021-04-20T03:41:12.831+0000][8][safepoint   ] Safepoint "Cleanup", Time since last: 1000336051 ns, Reaching safepoint: 383496 ns, At safepoint: 33500 ns, Total: 416996 ns
[2021-04-20T03:41:47.836+0000][8][safepoint   ] Safepoint "Cleanup", Time since last: 35004643654 ns, Reaching safepoint: 394903 ns, At safepoint: 35250 ns, Total: 430153 ns
[2021-04-20T03:41:50.837+0000][8][safepoint   ] Safepoint "Cleanup", Time since last: 3000431402 ns, Reaching safepoint: 273664 ns, At safepoint: 30267 ns, Total: 303931 ns
[2021-04-20T03:41:51.037+0000][8][gc,start    ] GC(117) Pause Young (Concurrent Start) (G1 Evacuation Pause)
[2021-04-20T03:41:51.038+0000][8][gc,task     ] GC(117) Using 6 workers of 8 for evacuation
[2021-04-20T03:41:51.038+0000][8][gc,age      ] GC(117) Desired survivor size 6291456 bytes, new threshold 15 (max threshold 15)
[2021-04-20T03:41:51.044+0000][8][gc,age      ] GC(117) Age table with threshold 15 (max threshold 15)
[2021-04-20T03:41:51.044+0000][8][gc,age      ] GC(117) - age   1:     486536 bytes,     486536 total
[2021-04-20T03:41:51.044+0000][8][gc,age      ] GC(117) - age   2:       3432 bytes,     489968 total
[2021-04-20T03:41:51.044+0000][8][gc,age      ] GC(117) - age   3:       4128 bytes,     494096 total
[2021-04-20T03:41:51.044+0000][8][gc,age      ] GC(117) - age   4:      62632 bytes,     556728 total
[2021-04-20T03:41:51.044+0000][8][gc,age      ] GC(117) - age   5:      15096 bytes,     571824 total
[2021-04-20T03:41:51.044+0000][8][gc,age      ] GC(117) - age   6:      36456 bytes,     608280 total
[2021-04-20T03:41:51.044+0000][8][gc,age      ] GC(117) - age   7:     146664 bytes,     754944 total
[2021-04-20T03:41:51.044+0000][8][gc,age      ] GC(117) - age   8:       7024 bytes,     761968 total
[2021-04-20T03:41:51.044+0000][8][gc,age      ] GC(117) - age   9:       1184 bytes,     763152 total
[2021-04-20T03:41:51.044+0000][8][gc,age      ] GC(117) - age  10:       5032 bytes,     768184 total
[2021-04-20T03:41:51.044+0000][8][gc,age      ] GC(117) - age  11:      27096 bytes,     795280 total
[2021-04-20T03:41:51.044+0000][8][gc,age      ] GC(117) - age  12:      23696 bytes,     818976 total
[2021-04-20T03:41:51.044+0000][8][gc,age      ] GC(117) - age  13:       4768 bytes,     823744 total
[2021-04-20T03:41:51.044+0000][8][gc,age      ] GC(117) - age  14:       2080 bytes,     825824 total
[2021-04-20T03:41:51.044+0000][8][gc,age      ] GC(117) - age  15:       2544 bytes,     828368 total
[2021-04-20T03:41:51.044+0000][8][gc,phases   ] GC(117)   Pre Evacuate Collection Set: 0.4ms
[2021-04-20T03:41:51.044+0000][8][gc,phases   ] GC(117)   Merge Heap Roots: 0.2ms
[2021-04-20T03:41:51.044+0000][8][gc,phases   ] GC(117)   Evacuate Collection Set: 3.3ms
[2021-04-20T03:41:51.044+0000][8][gc,phases   ] GC(117)   Post Evacuate Collection Set: 2.0ms
[2021-04-20T03:41:51.045+0000][8][gc,phases   ] GC(117)   Other: 1.1ms
[2021-04-20T03:41:51.045+0000][8][gc,heap     ] GC(117) Eden regions: 22->0(22)
[2021-04-20T03:41:51.045+0000][8][gc,heap     ] GC(117) Survivor regions: 1->1(3)
[2021-04-20T03:41:51.045+0000][8][gc,heap     ] GC(117) Old regions: 26->26
[2021-04-20T03:41:51.045+0000][8][gc,heap     ] GC(117) Archive regions: 2->2
[2021-04-20T03:41:51.045+0000][8][gc,heap     ] GC(117) Humongous regions: 2->2
[2021-04-20T03:41:51.045+0000][8][gc,metaspace] GC(117) Metaspace: 109266K(114248K)->109266K(114248K) NonClass: 95234K(98888K)->95234K(98888K) Class: 14031K(15360K)->14031K(15360K)
[2021-04-20T03:41:51.045+0000][8][gc          ] GC(117) Pause Young (Concurrent Start) (G1 Evacuation Pause) 203M->114M(256M) 7.228ms
[2021-04-20T03:41:51.045+0000][8][gc,cpu      ] GC(117) User=0.02s Sys=0.01s Real=0.01s
[2021-04-20T03:41:51.045+0000][8][gc          ] GC(118) Concurrent Cycle
[2021-04-20T03:41:51.045+0000][8][safepoint   ] Safepoint "G1CollectForAllocation", Time since last: 200076873 ns, Reaching safepoint: 355219 ns, At safepoint: 7481765 ns, Total: 7836984 ns
[2021-04-20T03:41:51.045+0000][8][gc,marking  ] GC(118) Concurrent Clear Claimed Marks
[2021-04-20T03:41:51.045+0000][8][gc,marking  ] GC(118) Concurrent Clear Claimed Marks 0.264ms
[2021-04-20T03:41:51.045+0000][8][gc,marking  ] GC(118) Concurrent Scan Root Regions
[2021-04-20T03:41:51.050+0000][8][gc,marking  ] GC(118) Concurrent Scan Root Regions 4.840ms
[2021-04-20T03:41:51.050+0000][8][gc,marking  ] GC(118) Concurrent Mark (4233.036s)
[2021-04-20T03:41:51.050+0000][8][gc,marking  ] GC(118) Concurrent Mark From Roots
[2021-04-20T03:41:51.050+0000][8][gc,task     ] GC(118) Using 2 workers of 2 for marking
[2021-04-20T03:41:51.173+0000][8][gc,marking  ] GC(118) Concurrent Mark From Roots 122.825ms
[2021-04-20T03:41:51.173+0000][8][gc,marking  ] GC(118) Concurrent Preclean
[2021-04-20T03:41:51.173+0000][8][gc,marking  ] GC(118) Concurrent Preclean 0.260ms
[2021-04-20T03:41:51.173+0000][8][gc,marking  ] GC(118) Concurrent Mark (4233.036s, 4233.159s) 123.182ms
[2021-04-20T03:41:51.174+0000][8][gc,start    ] GC(118) Pause Remark
[2021-04-20T03:41:51.179+0000][8][gc          ] GC(118) Pause Remark 116M->116M(256M) 5.631ms
[2021-04-20T03:41:51.179+0000][8][gc,cpu      ] GC(118) User=0.03s Sys=0.00s Real=0.01s
[2021-04-20T03:41:51.179+0000][8][safepoint   ] Safepoint "G1Concurrent", Time since last: 128553700 ns, Reaching safepoint: 86624 ns, At safepoint: 5707281 ns, Total: 5793905 ns
[2021-04-20T03:41:51.179+0000][8][gc,marking  ] GC(118) Concurrent Rebuild Remembered Sets
[2021-04-20T03:41:51.241+0000][8][gc,marking  ] GC(118) Concurrent Rebuild Remembered Sets 62.090ms
[2021-04-20T03:41:51.241+0000][8][gc,start    ] GC(118) Pause Cleanup
[2021-04-20T03:41:51.242+0000][8][gc          ] GC(118) Pause Cleanup 116M->116M(256M) 0.066ms
[2021-04-20T03:41:51.242+0000][8][gc,cpu      ] GC(118) User=0.00s Sys=0.00s Real=0.00s
[2021-04-20T03:41:51.242+0000][8][safepoint   ] Safepoint "G1Concurrent", Time since last: 62197916 ns, Reaching safepoint: 80850 ns, At safepoint: 122774 ns, Total: 203624 ns
[2021-04-20T03:41:51.242+0000][8][gc,marking  ] GC(118) Concurrent Cleanup for Next Mark
[2021-04-20T03:41:51.242+0000][8][gc,marking  ] GC(118) Concurrent Cleanup for Next Mark 0.123ms
[2021-04-20T03:41:51.242+0000][8][gc          ] GC(118) Concurrent Cycle 196.946ms
[2021-04-20T03:42:00.243+0000][8][safepoint   ] Safepoint "Cleanup", Time since last: 9001191112 ns, Reaching safepoint: 247537 ns, At safepoint: 27502 ns, Total: 275039 ns
[2021-04-20T03:42:15.246+0000][8][safepoint   ] Safepoint "Cleanup", Time since last: 15002263186 ns, Reaching safepoint: 270660 ns, At safepoint: 31093 ns, Total: 301753 ns
[2021-04-20T03:42:57.251+0000][8][safepoint   ] Safepoint "Cleanup", Time since last: 42005126343 ns, Reaching safepoint: 283759 ns, At safepoint: 22993 ns, Total: 306752 ns
[2021-04-20T03:43:11.579+0000][8][gc,start    ] GC(119) Pause Young (Normal) (G1 Evacuation Pause)
[2021-04-20T03:43:11.579+0000][8][gc,task     ] GC(119) Using 6 workers of 8 for evacuation
[2021-04-20T03:43:11.580+0000][8][gc,age      ] GC(119) Desired survivor size 6291456 bytes, new threshold 15 (max threshold 15)
[2021-04-20T03:43:11.584+0000][8][gc,age      ] GC(119) Age table with threshold 15 (max threshold 15)
[2021-04-20T03:43:11.584+0000][8][gc,age      ] GC(119) - age   1:     897248 bytes,     897248 total
[2021-04-20T03:43:11.584+0000][8][gc,age      ] GC(119) - age   2:     313832 bytes,    1211080 total
[2021-04-20T03:43:11.584+0000][8][gc,age      ] GC(119) - age   3:       1920 bytes,    1213000 total
[2021-04-20T03:43:11.584+0000][8][gc,age      ] GC(119) - age   4:       3608 bytes,    1216608 total
[2021-04-20T03:43:11.584+0000][8][gc,age      ] GC(119) - age   5:      62632 bytes,    1279240 total
[2021-04-20T03:43:11.584+0000][8][gc,age      ] GC(119) - age   6:      15096 bytes,    1294336 total
[2021-04-20T03:43:11.584+0000][8][gc,age      ] GC(119) - age   7:      36360 bytes,    1330696 total
[2021-04-20T03:43:11.584+0000][8][gc,age      ] GC(119) - age   8:     146664 bytes,    1477360 total
[2021-04-20T03:43:11.584+0000][8][gc,age      ] GC(119) - age   9:       6960 bytes,    1484320 total
[2021-04-20T03:43:11.584+0000][8][gc,age      ] GC(119) - age  10:       1184 bytes,    1485504 total
[2021-04-20T03:43:11.584+0000][8][gc,age      ] GC(119) - age  11:       5032 bytes,    1490536 total
[2021-04-20T03:43:11.584+0000][8][gc,age      ] GC(119) - age  12:      27096 bytes,    1517632 total
[2021-04-20T03:43:11.584+0000][8][gc,age      ] GC(119) - age  13:      23600 bytes,    1541232 total
[2021-04-20T03:43:11.584+0000][8][gc,age      ] GC(119) - age  14:       4768 bytes,    1546000 total
[2021-04-20T03:43:11.584+0000][8][gc,age      ] GC(119) - age  15:       2080 bytes,    1548080 total
[2021-04-20T03:43:11.584+0000][8][gc,phases   ] GC(119)   Pre Evacuate Collection Set: 0.1ms
[2021-04-20T03:43:11.584+0000][8][gc,phases   ] GC(119)   Merge Heap Roots: 0.1ms
[2021-04-20T03:43:11.584+0000][8][gc,phases   ] GC(119)   Evacuate Collection Set: 3.4ms
[2021-04-20T03:43:11.584+0000][8][gc,phases   ] GC(119)   Post Evacuate Collection Set: 0.8ms
[2021-04-20T03:43:11.584+0000][8][gc,phases   ] GC(119)   Other: 0.4ms
[2021-04-20T03:43:11.584+0000][8][gc,heap     ] GC(119) Eden regions: 22->0(22)
[2021-04-20T03:43:11.584+0000][8][gc,heap     ] GC(119) Survivor regions: 1->1(3)
[2021-04-20T03:43:11.584+0000][8][gc,heap     ] GC(119) Old regions: 26->26
[2021-04-20T03:43:11.584+0000][8][gc,heap     ] GC(119) Archive regions: 2->2
[2021-04-20T03:43:11.584+0000][8][gc,heap     ] GC(119) Humongous regions: 2->2
[2021-04-20T03:43:11.584+0000][8][gc,metaspace] GC(119) Metaspace: 109293K(114248K)->109293K(114248K) NonClass: 95262K(98888K)->95262K(98888K) Class: 14031K(15360K)->14031K(15360K)
[2021-04-20T03:43:11.584+0000][8][gc          ] GC(119) Pause Young (Normal) (G1 Evacuation Pause) 202M->114M(256M) 5.039ms
[2021-04-20T03:43:11.584+0000][8][gc,cpu      ] GC(119) User=0.02s Sys=0.00s Real=0.01s
[2021-04-20T03:43:11.585+0000][8][safepoint   ] Safepoint "G1CollectForAllocation", Time since last: 14328056212 ns, Reaching safepoint: 231074 ns, At safepoint: 5167304 ns, Total: 5398378 ns
[2021-04-20T03:43:42.588+0000][8][safepoint   ] Safepoint "Cleanup", Time since last: 31003302173 ns, Reaching safepoint: 336046 ns, At safepoint: 25738 ns, Total: 361784 ns
[2021-04-20T03:43:50.589+0000][8][safepoint   ] Safepoint "Cleanup", Time since last: 8000803961 ns, Reaching safepoint: 104912 ns, At safepoint: 7939 ns, Total: 112851 ns
[2021-04-20T03:44:21.222+0000][8][gc,start    ] GC(120) Pause Young (Concurrent Start) (G1 Evacuation Pause)
[2021-04-20T03:44:21.222+0000][8][gc,task     ] GC(120) Using 6 workers of 8 for evacuation
[2021-04-20T03:44:21.222+0000][8][gc,age      ] GC(120) Desired survivor size 6291456 bytes, new threshold 15 (max threshold 15)
[2021-04-20T03:44:21.236+0000][8][gc,age      ] GC(120) Age table with threshold 15 (max threshold 15)
[2021-04-20T03:44:21.236+0000][8][gc,age      ] GC(120) - age   1:    1123928 bytes,    1123928 total
[2021-04-20T03:44:21.236+0000][8][gc,age      ] GC(120) - age   2:     677568 bytes,    1801496 total
[2021-04-20T03:44:21.236+0000][8][gc,age      ] GC(120) - age   3:     288072 bytes,    2089568 total
[2021-04-20T03:44:21.236+0000][8][gc,age      ] GC(120) - age   4:       1440 bytes,    2091008 total
[2021-04-20T03:44:21.236+0000][8][gc,age      ] GC(120) - age   5:       3384 bytes,    2094392 total
[2021-04-20T03:44:21.236+0000][8][gc,age      ] GC(120) - age   6:      62568 bytes,    2156960 total
[2021-04-20T03:44:21.237+0000][8][gc,age      ] GC(120) - age   7:      15032 bytes,    2171992 total
[2021-04-20T03:44:21.237+0000][8][gc,age      ] GC(120) - age   8:      36200 bytes,    2208192 total
[2021-04-20T03:44:21.237+0000][8][gc,age      ] GC(120) - age   9:     146624 bytes,    2354816 total
[2021-04-20T03:44:21.237+0000][8][gc,age      ] GC(120) - age  10:       6720 bytes,    2361536 total
[2021-04-20T03:44:21.237+0000][8][gc,age      ] GC(120) - age  11:       1072 bytes,    2362608 total
[2021-04-20T03:44:21.237+0000][8][gc,age      ] GC(120) - age  12:       5032 bytes,    2367640 total
[2021-04-20T03:44:21.237+0000][8][gc,age      ] GC(120) - age  13:      26968 bytes,    2394608 total
[2021-04-20T03:44:21.237+0000][8][gc,age      ] GC(120) - age  14:      23600 bytes,    2418208 total
[2021-04-20T03:44:21.237+0000][8][gc,age      ] GC(120) - age  15:       4768 bytes,    2422976 total
[2021-04-20T03:44:21.237+0000][8][gc,phases   ] GC(120)   Pre Evacuate Collection Set: 0.5ms
[2021-04-20T03:44:21.237+0000][8][gc,phases   ] GC(120)   Merge Heap Roots: 0.2ms
[2021-04-20T03:44:21.237+0000][8][gc,phases   ] GC(120)   Evacuate Collection Set: 10.5ms
[2021-04-20T03:44:21.237+0000][8][gc,phases   ] GC(120)   Post Evacuate Collection Set: 2.5ms
[2021-04-20T03:44:21.237+0000][8][gc,phases   ] GC(120)   Other: 1.1ms
[2021-04-20T03:44:21.237+0000][8][gc,heap     ] GC(120) Eden regions: 22->0(22)
[2021-04-20T03:44:21.237+0000][8][gc,heap     ] GC(120) Survivor regions: 1->1(3)
[2021-04-20T03:44:21.237+0000][8][gc,heap     ] GC(120) Old regions: 26->26
[2021-04-20T03:44:21.237+0000][8][gc,heap     ] GC(120) Archive regions: 2->2
[2021-04-20T03:44:21.237+0000][8][gc,heap     ] GC(120) Humongous regions: 2->2
[2021-04-20T03:44:21.237+0000][8][gc,metaspace] GC(120) Metaspace: 109314K(114248K)->109314K(114248K) NonClass: 95283K(98888K)->95283K(98888K) Class: 14031K(15360K)->14031K(15360K)
[2021-04-20T03:44:21.237+0000][8][gc          ] GC(120) Pause Young (Concurrent Start) (G1 Evacuation Pause) 202M->115M(256M) 15.223ms
[2021-04-20T03:44:21.237+0000][8][gc,cpu      ] GC(120) User=0.07s Sys=0.00s Real=0.02s
[2021-04-20T03:44:21.238+0000][8][gc          ] GC(121) Concurrent Cycle
[2021-04-20T03:44:21.238+0000][8][safepoint   ] Safepoint "G1CollectForAllocation", Time since last: 30632537625 ns, Reaching safepoint: 370513 ns, At safepoint: 15570813 ns, Total: 15941326 ns
[2021-04-20T03:44:21.238+0000][8][gc,marking  ] GC(121) Concurrent Clear Claimed Marks
[2021-04-20T03:44:21.238+0000][8][gc,marking  ] GC(121) Concurrent Clear Claimed Marks 0.303ms
[2021-04-20T03:44:21.238+0000][8][gc,marking  ] GC(121) Concurrent Scan Root Regions
[2021-04-20T03:44:21.248+0000][8][gc,marking  ] GC(121) Concurrent Scan Root Regions 9.588ms
[2021-04-20T03:44:21.248+0000][8][gc,marking  ] GC(121) Concurrent Mark (4383.234s)
[2021-04-20T03:44:21.248+0000][8][gc,marking  ] GC(121) Concurrent Mark From Roots
[2021-04-20T03:44:21.248+0000][8][gc,task     ] GC(121) Using 2 workers of 2 for marking
[2021-04-20T03:44:21.379+0000][8][gc,marking  ] GC(121) Concurrent Mark From Roots 130.823ms
[2021-04-20T03:44:21.379+0000][8][gc,marking  ] GC(121) Concurrent Preclean
[2021-04-20T03:44:21.379+0000][8][gc,marking  ] GC(121) Concurrent Preclean 0.252ms
[2021-04-20T03:44:21.379+0000][8][gc,marking  ] GC(121) Concurrent Mark (4383.234s, 4383.365s) 131.186ms
[2021-04-20T03:44:21.379+0000][8][gc,start    ] GC(121) Pause Remark
[2021-04-20T03:44:21.385+0000][8][gc          ] GC(121) Pause Remark 123M->123M(256M) 5.598ms
[2021-04-20T03:44:21.385+0000][8][gc,cpu      ] GC(121) User=0.03s Sys=0.00s Real=0.01s
[2021-04-20T03:44:21.385+0000][8][safepoint   ] Safepoint "G1Concurrent", Time since last: 141549324 ns, Reaching safepoint: 76057 ns, At safepoint: 5672492 ns, Total: 5748549 ns
[2021-04-20T03:44:21.385+0000][8][gc,marking  ] GC(121) Concurrent Rebuild Remembered Sets
[2021-04-20T03:44:21.446+0000][8][gc,marking  ] GC(121) Concurrent Rebuild Remembered Sets 61.383ms
[2021-04-20T03:44:21.446+0000][8][gc,start    ] GC(121) Pause Cleanup
[2021-04-20T03:44:21.447+0000][8][gc          ] GC(121) Pause Cleanup 123M->123M(256M) 0.062ms
[2021-04-20T03:44:21.447+0000][8][gc,cpu      ] GC(121) User=0.00s Sys=0.00s Real=0.00s
[2021-04-20T03:44:21.447+0000][8][safepoint   ] Safepoint "G1Concurrent", Time since last: 61456945 ns, Reaching safepoint: 87489 ns, At safepoint: 101578 ns, Total: 189067 ns
[2021-04-20T03:44:21.447+0000][8][gc,marking  ] GC(121) Concurrent Cleanup for Next Mark
[2021-04-20T03:44:21.447+0000][8][gc,marking  ] GC(121) Concurrent Cleanup for Next Mark 0.115ms
[2021-04-20T03:44:21.447+0000][8][gc          ] GC(121) Concurrent Cycle 209.114ms
[2021-04-20T03:44:36.448+0000][8][safepoint   ] Safepoint "Cleanup", Time since last: 15001658165 ns, Reaching safepoint: 266729 ns, At safepoint: 20449 ns, Total: 287178 ns
[2021-04-20T03:45:24.455+0000][8][safepoint   ] Safepoint "Cleanup", Time since last: 48006636472 ns, Reaching safepoint: 319021 ns, At safepoint: 25574 ns, Total: 344595 ns
