[2021-04-30T09:33:39.693+0000][8][gc] Using G1
[2021-04-30T09:33:39.817+0000][8][gc,init] Version: 15.0.1+9 (release)
[2021-04-30T09:33:39.817+0000][8][gc,init] CPUs: 8 total, 8 available
[2021-04-30T09:33:39.817+0000][8][gc,init] Memory: 15907M
[2021-04-30T09:33:39.817+0000][8][gc,init] Large Page Support: Disabled
[2021-04-30T09:33:39.817+0000][8][gc,init] NUMA Support: Disabled
[2021-04-30T09:33:39.817+0000][8][gc,init] Compressed Oops: Enabled (32-bit)
[2021-04-30T09:33:39.817+0000][8][gc,init] Heap Region Size: 4M
[2021-04-30T09:33:39.817+0000][8][gc,init] Heap Min Capacity: 256M
[2021-04-30T09:33:39.817+0000][8][gc,init] Heap Initial Capacity: 256M
[2021-04-30T09:33:39.817+0000][8][gc,init] Heap Max Capacity: 256M
[2021-04-30T09:33:39.817+0000][8][gc,init] Pre-touch: Enabled
[2021-04-30T09:33:39.817+0000][8][gc,init] Parallel Workers: 8
[2021-04-30T09:33:39.817+0000][8][gc,init] Concurrent Workers: 2
[2021-04-30T09:33:39.817+0000][8][gc,init] Concurrent Refinement Workers: 8
[2021-04-30T09:33:39.817+0000][8][gc,init] Periodic GC: Disabled
[2021-04-30T09:33:39.817+0000][8][gc,cds ] Mark closed archive regions in map: [0x00000000ffc00000, 0x00000000ffc7bff8]
[2021-04-30T09:33:39.817+0000][8][gc,cds ] Mark open archive regions in map: [0x00000000ffb00000, 0x00000000ffb51ff8]
[2021-04-30T09:33:39.817+0000][8][gc,metaspace] CDS archive(s) mapped at: [0x0000000800000000-0x0000000800b2a000-0x0000000800b2a000), size 11706368, SharedBaseAddress: 0x0000000800000000, ArchiveRelocationMode: 0.
[2021-04-30T09:33:39.817+0000][8][gc,metaspace] Compressed class space mapped at: 0x0000000800b2c000-0x0000000840b2c000, size: 1073741824
[2021-04-30T09:33:39.817+0000][8][gc,metaspace] Narrow klass base: 0x0000000800000000, Narrow klass shift: 3, Narrow klass range: 0x100000000
[2021-04-30T09:33:40.584+0000][8][safepoint   ] Safepoint "ICBufferFull", Time since last: 759956438 ns, Reaching safepoint: 182587 ns, At safepoint: 5583 ns, Total: 188170 ns
[2021-04-30T09:33:40.707+0000][8][gc,start    ] GC(0) Pause Young (Normal) (G1 Evacuation Pause)
[2021-04-30T09:33:40.708+0000][8][gc,task     ] GC(0) Using 6 workers of 8 for evacuation
[2021-04-30T09:33:40.708+0000][8][gc,age      ] GC(0) Desired survivor size 2097152 bytes, new threshold 15 (max threshold 15)
[2021-04-30T09:33:40.714+0000][8][gc,age      ] GC(0) Age table with threshold 15 (max threshold 15)
[2021-04-30T09:33:40.714+0000][8][gc,age      ] GC(0) - age   1:    3625480 bytes,    3625480 total
[2021-04-30T09:33:40.714+0000][8][gc,phases   ] GC(0)   Pre Evacuate Collection Set: 0.0ms
[2021-04-30T09:33:40.714+0000][8][gc,phases   ] GC(0)   Merge Heap Roots: 0.1ms
[2021-04-30T09:33:40.714+0000][8][gc,phases   ] GC(0)   Evacuate Collection Set: 6.2ms
[2021-04-30T09:33:40.714+0000][8][gc,phases   ] GC(0)   Post Evacuate Collection Set: 0.2ms
[2021-04-30T09:33:40.714+0000][8][gc,phases   ] GC(0)   Other: 0.6ms
[2021-04-30T09:33:40.714+0000][8][gc,heap     ] GC(0) Eden regions: 5->0(5)
[2021-04-30T09:33:40.714+0000][8][gc,heap     ] GC(0) Survivor regions: 0->1(1)
[2021-04-30T09:33:40.714+0000][8][gc,heap     ] GC(0) Old regions: 0->0
[2021-04-30T09:33:40.714+0000][8][gc,heap     ] GC(0) Archive regions: 2->2
[2021-04-30T09:33:40.714+0000][8][gc,heap     ] GC(0) Humongous regions: 0->0
[2021-04-30T09:33:40.714+0000][8][gc,metaspace] GC(0) Metaspace: 6556K(8960K)->6556K(8960K) NonClass: 5839K(7936K)->5839K(7936K) Class: 717K(1024K)->717K(1024K)
[2021-04-30T09:33:40.714+0000][8][gc          ] GC(0) Pause Young (Normal) (G1 Evacuation Pause) 23M->7M(256M) 7.127ms
[2021-04-30T09:33:40.714+0000][8][gc,cpu      ] GC(0) User=0.01s Sys=0.00s Real=0.01s
[2021-04-30T09:33:40.714+0000][8][safepoint   ] Safepoint "G1CollectForAllocation", Time since last: 122621143 ns, Reaching safepoint: 129842 ns, At safepoint: 7207271 ns, Total: 7337113 ns
[2021-04-30T09:33:41.943+0000][8][safepoint   ] Safepoint "Cleanup", Time since last: 1228739015 ns, Reaching safepoint: 101131 ns, At safepoint: 13823 ns, Total: 114954 ns
[2021-04-30T09:33:42.173+0000][8][gc,start    ] GC(1) Pause Young (Normal) (G1 Evacuation Pause)
[2021-04-30T09:33:42.173+0000][8][gc,task     ] GC(1) Using 6 workers of 8 for evacuation
[2021-04-30T09:33:42.173+0000][8][gc,age      ] GC(1) Desired survivor size 2097152 bytes, new threshold 1 (max threshold 15)
[2021-04-30T09:33:42.185+0000][8][gc,age      ] GC(1) Age table with threshold 1 (max threshold 15)
[2021-04-30T09:33:42.185+0000][8][gc,age      ] GC(1) - age   1:    2031472 bytes,    2031472 total
[2021-04-30T09:33:42.185+0000][8][gc,phases   ] GC(1)   Pre Evacuate Collection Set: 0.1ms
[2021-04-30T09:33:42.185+0000][8][gc,phases   ] GC(1)   Merge Heap Roots: 0.0ms
[2021-04-30T09:33:42.185+0000][8][gc,phases   ] GC(1)   Evacuate Collection Set: 11.4ms
[2021-04-30T09:33:42.185+0000][8][gc,phases   ] GC(1)   Post Evacuate Collection Set: 0.6ms
[2021-04-30T09:33:42.185+0000][8][gc,phases   ] GC(1)   Other: 0.2ms
[2021-04-30T09:33:42.185+0000][8][gc,heap     ] GC(1) Eden regions: 5->0(12)
[2021-04-30T09:33:42.185+0000][8][gc,heap     ] GC(1) Survivor regions: 1->1(1)
[2021-04-30T09:33:42.185+0000][8][gc,heap     ] GC(1) Old regions: 0->1
[2021-04-30T09:33:42.185+0000][8][gc,heap     ] GC(1) Archive regions: 2->2
[2021-04-30T09:33:42.185+0000][8][gc,heap     ] GC(1) Humongous regions: 0->0
[2021-04-30T09:33:42.185+0000][8][gc,metaspace] GC(1) Metaspace: 11835K(12288K)->11835K(12288K) NonClass: 10419K(10752K)->10419K(10752K) Class: 1416K(1536K)->1416K(1536K)
[2021-04-30T09:33:42.185+0000][8][gc          ] GC(1) Pause Young (Normal) (G1 Evacuation Pause) 27M->9M(256M) 12.454ms
[2021-04-30T09:33:42.185+0000][8][gc,cpu      ] GC(1) User=0.03s Sys=0.00s Real=0.01s
[2021-04-30T09:33:42.186+0000][8][safepoint   ] Safepoint "G1CollectForAllocation", Time since last: 229614248 ns, Reaching safepoint: 83667 ns, At safepoint: 13501605 ns, Total: 13585272 ns
[2021-04-30T09:33:43.428+0000][8][safepoint   ] Safepoint "ICBufferFull", Time since last: 1241733520 ns, Reaching safepoint: 164462 ns, At safepoint: 10490 ns, Total: 174952 ns
[2021-04-30T09:33:43.782+0000][8][gc,start    ] GC(2) Pause Young (Normal) (G1 Evacuation Pause)
[2021-04-30T09:33:43.782+0000][8][gc,task     ] GC(2) Using 6 workers of 8 for evacuation
[2021-04-30T09:33:43.782+0000][8][gc,age      ] GC(2) Desired survivor size 4194304 bytes, new threshold 15 (max threshold 15)
[2021-04-30T09:33:43.813+0000][8][gc,age      ] GC(2) Age table with threshold 15 (max threshold 15)
[2021-04-30T09:33:43.813+0000][8][gc,age      ] GC(2) - age   1:    1839264 bytes,    1839264 total
[2021-04-30T09:33:43.813+0000][8][gc,age      ] GC(2) - age   2:    1932136 bytes,    3771400 total
[2021-04-30T09:33:43.813+0000][8][gc,phases   ] GC(2)   Pre Evacuate Collection Set: 0.1ms
[2021-04-30T09:33:43.813+0000][8][gc,phases   ] GC(2)   Merge Heap Roots: 0.1ms
[2021-04-30T09:33:43.813+0000][8][gc,phases   ] GC(2)   Evacuate Collection Set: 27.9ms
[2021-04-30T09:33:43.813+0000][8][gc,phases   ] GC(2)   Post Evacuate Collection Set: 2.7ms
[2021-04-30T09:33:43.813+0000][8][gc,phases   ] GC(2)   Other: 0.3ms
[2021-04-30T09:33:43.813+0000][8][gc,heap     ] GC(2) Eden regions: 12->0(36)
[2021-04-30T09:33:43.813+0000][8][gc,heap     ] GC(2) Survivor regions: 1->1(2)
[2021-04-30T09:33:43.814+0000][8][gc,heap     ] GC(2) Old regions: 1->1
[2021-04-30T09:33:43.814+0000][8][gc,heap     ] GC(2) Archive regions: 2->2
[2021-04-30T09:33:43.814+0000][8][gc,heap     ] GC(2) Humongous regions: 0->0
[2021-04-30T09:33:43.814+0000][8][gc,metaspace] GC(2) Metaspace: 14724K(15232K)->14724K(15232K) NonClass: 13028K(13312K)->13028K(13312K) Class: 1696K(1920K)->1696K(1920K)
[2021-04-30T09:33:43.814+0000][8][gc          ] GC(2) Pause Young (Normal) (G1 Evacuation Pause) 57M->11M(256M) 31.487ms
[2021-04-30T09:33:43.814+0000][8][gc,cpu      ] GC(2) User=0.05s Sys=0.00s Real=0.03s
[2021-04-30T09:33:43.819+0000][8][safepoint   ] Safepoint "G1CollectForAllocation", Time since last: 353625698 ns, Reaching safepoint: 160412 ns, At safepoint: 37126047 ns, Total: 37286459 ns
[2021-04-30T09:33:44.475+0000][8][safepoint   ] Safepoint "ICBufferFull", Time since last: 655278045 ns, Reaching safepoint: 410841 ns, At safepoint: 7667 ns, Total: 418508 ns
[2021-04-30T09:33:44.484+0000][8][safepoint   ] Safepoint "ICBufferFull", Time since last: 9366757 ns, Reaching safepoint: 228690 ns, At safepoint: 6750 ns, Total: 235440 ns
[2021-04-30T09:33:44.492+0000][8][safepoint   ] Safepoint "ICBufferFull", Time since last: 7509207 ns, Reaching safepoint: 245656 ns, At safepoint: 6885 ns, Total: 252541 ns
[2021-04-30T09:33:44.502+0000][8][safepoint   ] Safepoint "ICBufferFull", Time since last: 9542206 ns, Reaching safepoint: 190059 ns, At safepoint: 7353 ns, Total: 197412 ns
[2021-04-30T09:33:44.515+0000][8][safepoint   ] Safepoint "ICBufferFull", Time since last: 12822040 ns, Reaching safepoint: 96268 ns, At safepoint: 7196 ns, Total: 103464 ns
[2021-04-30T09:33:44.521+0000][8][safepoint   ] Safepoint "ICBufferFull", Time since last: 5362650 ns, Reaching safepoint: 379838 ns, At safepoint: 10334 ns, Total: 390172 ns
[2021-04-30T09:33:44.539+0000][8][safepoint   ] Safepoint "ICBufferFull", Time since last: 17975063 ns, Reaching safepoint: 125492 ns, At safepoint: 6893 ns, Total: 132385 ns
[2021-04-30T09:33:44.544+0000][8][safepoint   ] Safepoint "ICBufferFull", Time since last: 5169261 ns, Reaching safepoint: 503624 ns, At safepoint: 17878 ns, Total: 521502 ns
[2021-04-30T09:33:44.554+0000][8][safepoint   ] Safepoint "ICBufferFull", Time since last: 7673696 ns, Reaching safepoint: 1709727 ns, At safepoint: 9218 ns, Total: 1718945 ns
[2021-04-30T09:33:44.565+0000][8][safepoint   ] Safepoint "ICBufferFull", Time since last: 10464133 ns, Reaching safepoint: 209735 ns, At safepoint: 7107 ns, Total: 216842 ns
[2021-04-30T09:33:44.576+0000][8][safepoint   ] Safepoint "ICBufferFull", Time since last: 11621188 ns, Reaching safepoint: 116990 ns, At safepoint: 8570 ns, Total: 125560 ns
[2021-04-30T09:33:44.583+0000][8][safepoint   ] Safepoint "ICBufferFull", Time since last: 6546298 ns, Reaching safepoint: 81605 ns, At safepoint: 8638 ns, Total: 90243 ns
[2021-04-30T09:33:44.590+0000][8][safepoint   ] Safepoint "ICBufferFull", Time since last: 6517424 ns, Reaching safepoint: 106615 ns, At safepoint: 5122 ns, Total: 111737 ns
[2021-04-30T09:33:44.597+0000][8][safepoint   ] Safepoint "ICBufferFull", Time since last: 7097071 ns, Reaching safepoint: 71970 ns, At safepoint: 18703 ns, Total: 90673 ns
[2021-04-30T09:33:44.604+0000][8][safepoint   ] Safepoint "ICBufferFull", Time since last: 6736513 ns, Reaching safepoint: 195506 ns, At safepoint: 4997 ns, Total: 200503 ns
[2021-04-30T09:33:44.609+0000][8][safepoint   ] Safepoint "ICBufferFull", Time since last: 4949297 ns, Reaching safepoint: 91156 ns, At safepoint: 4188 ns, Total: 95344 ns
[2021-04-30T09:33:45.103+0000][8][safepoint   ] Safepoint "ICBufferFull", Time since last: 493673379 ns, Reaching safepoint: 247270 ns, At safepoint: 6227 ns, Total: 253497 ns
[2021-04-30T09:33:45.589+0000][8][gc,start    ] GC(3) Pause Young (Normal) (G1 Evacuation Pause)
[2021-04-30T09:33:45.589+0000][8][gc,task     ] GC(3) Using 6 workers of 8 for evacuation
[2021-04-30T09:33:45.589+0000][8][gc,age      ] GC(3) Desired survivor size 10485760 bytes, new threshold 15 (max threshold 15)
[2021-04-30T09:33:45.608+0000][8][gc,age      ] GC(3) Age table with threshold 15 (max threshold 15)
[2021-04-30T09:33:45.608+0000][8][gc,age      ] GC(3) - age   1:    2999456 bytes,    2999456 total
[2021-04-30T09:33:45.608+0000][8][gc,age      ] GC(3) - age   2:    1818904 bytes,    4818360 total
[2021-04-30T09:33:45.608+0000][8][gc,age      ] GC(3) - age   3:    1917040 bytes,    6735400 total
[2021-04-30T09:33:45.608+0000][8][gc,phases   ] GC(3)   Pre Evacuate Collection Set: 0.1ms
[2021-04-30T09:33:45.608+0000][8][gc,phases   ] GC(3)   Merge Heap Roots: 0.1ms
[2021-04-30T09:33:45.608+0000][8][gc,phases   ] GC(3)   Evacuate Collection Set: 18.1ms
[2021-04-30T09:33:45.608+0000][8][gc,phases   ] GC(3)   Post Evacuate Collection Set: 0.7ms
[2021-04-30T09:33:45.608+0000][8][gc,phases   ] GC(3)   Other: 0.2ms
[2021-04-30T09:33:45.608+0000][8][gc,heap     ] GC(3) Eden regions: 36->0(36)
[2021-04-30T09:33:45.608+0000][8][gc,heap     ] GC(3) Survivor regions: 1->2(5)
[2021-04-30T09:33:45.608+0000][8][gc,heap     ] GC(3) Old regions: 1->1
[2021-04-30T09:33:45.608+0000][8][gc,heap     ] GC(3) Archive regions: 2->2
[2021-04-30T09:33:45.608+0000][8][gc,heap     ] GC(3) Humongous regions: 0->0
[2021-04-30T09:33:45.608+0000][8][gc,metaspace] GC(3) Metaspace: 18027K(18688K)->18027K(18688K) NonClass: 15890K(16384K)->15890K(16384K) Class: 2137K(2304K)->2137K(2304K)
[2021-04-30T09:33:45.608+0000][8][gc          ] GC(3) Pause Young (Normal) (G1 Evacuation Pause) 155M->14M(256M) 19.320ms
[2021-04-30T09:33:45.608+0000][8][gc,cpu      ] GC(3) User=0.06s Sys=0.00s Real=0.01s
[2021-04-30T09:33:45.609+0000][8][safepoint   ] Safepoint "G1CollectForAllocation", Time since last: 486283761 ns, Reaching safepoint: 193012 ns, At safepoint: 19409629 ns, Total: 19602641 ns
[2021-04-30T09:33:46.701+0000][8][gc,start    ] GC(4) Pause Young (Normal) (G1 Evacuation Pause)
[2021-04-30T09:33:46.701+0000][8][gc,task     ] GC(4) Using 6 workers of 8 for evacuation
[2021-04-30T09:33:46.701+0000][8][gc,age      ] GC(4) Desired survivor size 10485760 bytes, new threshold 15 (max threshold 15)
[2021-04-30T09:33:46.723+0000][8][gc,age      ] GC(4) Age table with threshold 15 (max threshold 15)
[2021-04-30T09:33:46.723+0000][8][gc,age      ] GC(4) - age   1:    2778408 bytes,    2778408 total
[2021-04-30T09:33:46.723+0000][8][gc,age      ] GC(4) - age   2:    2953376 bytes,    5731784 total
[2021-04-30T09:33:46.723+0000][8][gc,age      ] GC(4) - age   3:    1818904 bytes,    7550688 total
[2021-04-30T09:33:46.723+0000][8][gc,age      ] GC(4) - age   4:    1917040 bytes,    9467728 total
[2021-04-30T09:33:46.723+0000][8][gc,phases   ] GC(4)   Pre Evacuate Collection Set: 0.1ms
[2021-04-30T09:33:46.723+0000][8][gc,phases   ] GC(4)   Merge Heap Roots: 0.1ms
[2021-04-30T09:33:46.723+0000][8][gc,phases   ] GC(4)   Evacuate Collection Set: 20.9ms
[2021-04-30T09:33:46.723+0000][8][gc,phases   ] GC(4)   Post Evacuate Collection Set: 1.0ms
[2021-04-30T09:33:46.723+0000][8][gc,phases   ] GC(4)   Other: 0.3ms
[2021-04-30T09:33:46.723+0000][8][gc,heap     ] GC(4) Eden regions: 36->0(35)
[2021-04-30T09:33:46.723+0000][8][gc,heap     ] GC(4) Survivor regions: 2->3(5)
[2021-04-30T09:33:46.723+0000][8][gc,heap     ] GC(4) Old regions: 1->1
[2021-04-30T09:33:46.723+0000][8][gc,heap     ] GC(4) Archive regions: 2->2
[2021-04-30T09:33:46.723+0000][8][gc,heap     ] GC(4) Humongous regions: 0->0
[2021-04-30T09:33:46.723+0000][8][gc,metaspace] GC(4) Metaspace: 18485K(19328K)->18485K(19328K) NonClass: 16283K(16896K)->16283K(16896K) Class: 2201K(2432K)->2201K(2432K)
[2021-04-30T09:33:46.723+0000][8][gc          ] GC(4) Pause Young (Normal) (G1 Evacuation Pause) 158M->16M(256M) 22.430ms
[2021-04-30T09:33:46.723+0000][8][gc,cpu      ] GC(4) User=0.05s Sys=0.00s Real=0.02s
[2021-04-30T09:33:46.725+0000][8][safepoint   ] Safepoint "G1CollectForAllocation", Time since last: 1088835042 ns, Reaching safepoint: 3578976 ns, At safepoint: 23824679 ns, Total: 27403655 ns
[2021-04-30T09:33:47.548+0000][8][gc,start    ] GC(5) Pause Young (Normal) (G1 Evacuation Pause)
[2021-04-30T09:33:47.548+0000][8][gc,task     ] GC(5) Using 6 workers of 8 for evacuation
[2021-04-30T09:33:47.548+0000][8][gc,age      ] GC(5) Desired survivor size 10485760 bytes, new threshold 15 (max threshold 15)
[2021-04-30T09:33:47.561+0000][8][gc,age      ] GC(5) Age table with threshold 15 (max threshold 15)
[2021-04-30T09:33:47.561+0000][8][gc,age      ] GC(5) - age   1:    2414552 bytes,    2414552 total
[2021-04-30T09:33:47.561+0000][8][gc,age      ] GC(5) - age   2:    1815744 bytes,    4230296 total
[2021-04-30T09:33:47.561+0000][8][gc,age      ] GC(5) - age   3:    2952016 bytes,    7182312 total
[2021-04-30T09:33:47.561+0000][8][gc,age      ] GC(5) - age   4:    1818904 bytes,    9001216 total
[2021-04-30T09:33:47.561+0000][8][gc,age      ] GC(5) - age   5:    1917040 bytes,   10918256 total
[2021-04-30T09:33:47.561+0000][8][gc,phases   ] GC(5)   Pre Evacuate Collection Set: 0.1ms
[2021-04-30T09:33:47.561+0000][8][gc,phases   ] GC(5)   Merge Heap Roots: 0.1ms
[2021-04-30T09:33:47.562+0000][8][gc,phases   ] GC(5)   Evacuate Collection Set: 11.9ms
[2021-04-30T09:33:47.562+0000][8][gc,phases   ] GC(5)   Post Evacuate Collection Set: 0.9ms
[2021-04-30T09:33:47.562+0000][8][gc,phases   ] GC(5)   Other: 0.3ms
[2021-04-30T09:33:47.562+0000][8][gc,heap     ] GC(5) Eden regions: 35->0(35)
[2021-04-30T09:33:47.562+0000][8][gc,heap     ] GC(5) Survivor regions: 3->3(5)
[2021-04-30T09:33:47.562+0000][8][gc,heap     ] GC(5) Old regions: 1->1
[2021-04-30T09:33:47.562+0000][8][gc,heap     ] GC(5) Archive regions: 2->2
[2021-04-30T09:33:47.562+0000][8][gc,heap     ] GC(5) Humongous regions: 0->0
[2021-04-30T09:33:47.562+0000][8][gc,metaspace] GC(5) Metaspace: 18955K(19968K)->18955K(19968K) NonClass: 16678K(17408K)->16678K(17408K) Class: 2276K(2560K)->2276K(2560K)
[2021-04-30T09:33:47.562+0000][8][gc          ] GC(5) Pause Young (Normal) (G1 Evacuation Pause) 156M->18M(256M) 13.350ms
[2021-04-30T09:33:47.562+0000][8][gc,cpu      ] GC(5) User=0.05s Sys=0.00s Real=0.02s
[2021-04-30T09:33:47.566+0000][8][safepoint   ] Safepoint "G1CollectForAllocation", Time since last: 823255737 ns, Reaching safepoint: 260338 ns, At safepoint: 17400529 ns, Total: 17660867 ns
[2021-04-30T09:33:47.968+0000][8][gc,start    ] GC(6) Pause Young (Normal) (G1 Evacuation Pause)
[2021-04-30T09:33:47.968+0000][8][gc,task     ] GC(6) Using 6 workers of 8 for evacuation
[2021-04-30T09:33:47.968+0000][8][gc,age      ] GC(6) Desired survivor size 10485760 bytes, new threshold 5 (max threshold 15)
[2021-04-30T09:33:47.978+0000][8][gc,age      ] GC(6) Age table with threshold 5 (max threshold 15)
[2021-04-30T09:33:47.978+0000][8][gc,age      ] GC(6) - age   1:    3261120 bytes,    3261120 total
[2021-04-30T09:33:47.978+0000][8][gc,age      ] GC(6) - age   2:    1510504 bytes,    4771624 total
[2021-04-30T09:33:47.978+0000][8][gc,age      ] GC(6) - age   3:    1815744 bytes,    6587368 total
[2021-04-30T09:33:47.978+0000][8][gc,age      ] GC(6) - age   4:    2952016 bytes,    9539384 total
[2021-04-30T09:33:47.978+0000][8][gc,age      ] GC(6) - age   5:    1818904 bytes,   11358288 total
[2021-04-30T09:33:47.978+0000][8][gc,phases   ] GC(6)   Pre Evacuate Collection Set: 0.0ms
[2021-04-30T09:33:47.978+0000][8][gc,phases   ] GC(6)   Merge Heap Roots: 0.0ms
[2021-04-30T09:33:47.978+0000][8][gc,phases   ] GC(6)   Evacuate Collection Set: 10.1ms
[2021-04-30T09:33:47.978+0000][8][gc,phases   ] GC(6)   Post Evacuate Collection Set: 0.5ms
[2021-04-30T09:33:47.978+0000][8][gc,phases   ] GC(6)   Other: 0.2ms
[2021-04-30T09:33:47.978+0000][8][gc,heap     ] GC(6) Eden regions: 35->0(35)
[2021-04-30T09:33:47.978+0000][8][gc,heap     ] GC(6) Survivor regions: 3->3(5)
[2021-04-30T09:33:47.978+0000][8][gc,heap     ] GC(6) Old regions: 1->2
[2021-04-30T09:33:47.978+0000][8][gc,heap     ] GC(6) Archive regions: 2->2
[2021-04-30T09:33:47.978+0000][8][gc,heap     ] GC(6) Humongous regions: 0->0
[2021-04-30T09:33:47.979+0000][8][gc,metaspace] GC(6) Metaspace: 19243K(20224K)->19243K(20224K) NonClass: 16937K(17664K)->16937K(17664K) Class: 2306K(2560K)->2306K(2560K)
[2021-04-30T09:33:47.979+0000][8][gc          ] GC(6) Pause Young (Normal) (G1 Evacuation Pause) 158M->20M(256M) 10.954ms
[2021-04-30T09:33:47.979+0000][8][gc,cpu      ] GC(6) User=0.06s Sys=0.00s Real=0.02s
[2021-04-30T09:33:47.979+0000][8][safepoint   ] Safepoint "G1CollectForAllocation", Time since last: 401698932 ns, Reaching safepoint: 164778 ns, At safepoint: 11038780 ns, Total: 11203558 ns
[2021-04-30T09:33:48.275+0000][8][gc,start    ] GC(7) Pause Young (Normal) (G1 Evacuation Pause)
[2021-04-30T09:33:48.275+0000][8][gc,task     ] GC(7) Using 6 workers of 8 for evacuation
[2021-04-30T09:33:48.275+0000][8][gc,age      ] GC(7) Desired survivor size 10485760 bytes, new threshold 5 (max threshold 15)
[2021-04-30T09:33:48.283+0000][8][gc,age      ] GC(7) Age table with threshold 5 (max threshold 15)
[2021-04-30T09:33:48.283+0000][8][gc,age      ] GC(7) - age   1:     696592 bytes,     696592 total
[2021-04-30T09:33:48.283+0000][8][gc,age      ] GC(7) - age   2:    1208752 bytes,    1905344 total
[2021-04-30T09:33:48.283+0000][8][gc,age      ] GC(7) - age   3:    1509728 bytes,    3415072 total
[2021-04-30T09:33:48.283+0000][8][gc,age      ] GC(7) - age   4:    1815744 bytes,    5230816 total
[2021-04-30T09:33:48.283+0000][8][gc,age      ] GC(7) - age   5:    2948000 bytes,    8178816 total
[2021-04-30T09:33:48.283+0000][8][gc,phases   ] GC(7)   Pre Evacuate Collection Set: 0.0ms
[2021-04-30T09:33:48.283+0000][8][gc,phases   ] GC(7)   Merge Heap Roots: 0.0ms
[2021-04-30T09:33:48.283+0000][8][gc,phases   ] GC(7)   Evacuate Collection Set: 7.0ms
[2021-04-30T09:33:48.283+0000][8][gc,phases   ] GC(7)   Post Evacuate Collection Set: 0.5ms
[2021-04-30T09:33:48.283+0000][8][gc,phases   ] GC(7)   Other: 0.3ms
[2021-04-30T09:33:48.283+0000][8][gc,heap     ] GC(7) Eden regions: 35->0(35)
[2021-04-30T09:33:48.283+0000][8][gc,heap     ] GC(7) Survivor regions: 3->3(5)
[2021-04-30T09:33:48.283+0000][8][gc,heap     ] GC(7) Old regions: 2->2
[2021-04-30T09:33:48.283+0000][8][gc,heap     ] GC(7) Archive regions: 2->2
[2021-04-30T09:33:48.283+0000][8][gc,heap     ] GC(7) Humongous regions: 0->0
[2021-04-30T09:33:48.283+0000][8][gc,metaspace] GC(7) Metaspace: 19418K(20480K)->19418K(20480K) NonClass: 17078K(17920K)->17078K(17920K) Class: 2339K(2560K)->2339K(2560K)
[2021-04-30T09:33:48.283+0000][8][gc          ] GC(7) Pause Young (Normal) (G1 Evacuation Pause) 160M->19M(256M) 7.996ms
[2021-04-30T09:33:48.283+0000][8][gc,cpu      ] GC(7) User=0.03s Sys=0.01s Real=0.01s
[2021-04-30T09:33:48.283+0000][8][safepoint   ] Safepoint "G1CollectForAllocation", Time since last: 296421033 ns, Reaching safepoint: 134158 ns, At safepoint: 8085405 ns, Total: 8219563 ns
[2021-04-30T09:33:48.580+0000][8][gc,start    ] GC(8) Pause Young (Normal) (G1 Evacuation Pause)
[2021-04-30T09:33:48.580+0000][8][gc,task     ] GC(8) Using 6 workers of 8 for evacuation
[2021-04-30T09:33:48.580+0000][8][gc,age      ] GC(8) Desired survivor size 10485760 bytes, new threshold 15 (max threshold 15)
[2021-04-30T09:33:48.589+0000][8][gc,age      ] GC(8) Age table with threshold 15 (max threshold 15)
[2021-04-30T09:33:48.589+0000][8][gc,age      ] GC(8) - age   1:    1224096 bytes,    1224096 total
[2021-04-30T09:33:48.589+0000][8][gc,age      ] GC(8) - age   2:     305352 bytes,    1529448 total
[2021-04-30T09:33:48.589+0000][8][gc,age      ] GC(8) - age   3:    1208752 bytes,    2738200 total
[2021-04-30T09:33:48.589+0000][8][gc,age      ] GC(8) - age   4:    1509728 bytes,    4247928 total
[2021-04-30T09:33:48.589+0000][8][gc,age      ] GC(8) - age   5:    1815744 bytes,    6063672 total
[2021-04-30T09:33:48.589+0000][8][gc,age      ] GC(8) - age   6:    2948000 bytes,    9011672 total
[2021-04-30T09:33:48.589+0000][8][gc,phases   ] GC(8)   Pre Evacuate Collection Set: 0.1ms
[2021-04-30T09:33:48.589+0000][8][gc,phases   ] GC(8)   Merge Heap Roots: 0.1ms
[2021-04-30T09:33:48.589+0000][8][gc,phases   ] GC(8)   Evacuate Collection Set: 8.7ms
[2021-04-30T09:33:48.589+0000][8][gc,phases   ] GC(8)   Post Evacuate Collection Set: 0.5ms
[2021-04-30T09:33:48.589+0000][8][gc,phases   ] GC(8)   Other: 0.2ms
[2021-04-30T09:33:48.589+0000][8][gc,heap     ] GC(8) Eden regions: 35->0(35)
[2021-04-30T09:33:48.589+0000][8][gc,heap     ] GC(8) Survivor regions: 3->3(5)
[2021-04-30T09:33:48.589+0000][8][gc,heap     ] GC(8) Old regions: 2->2
[2021-04-30T09:33:48.589+0000][8][gc,heap     ] GC(8) Archive regions: 2->2
[2021-04-30T09:33:48.589+0000][8][gc,heap     ] GC(8) Humongous regions: 0->0
[2021-04-30T09:33:48.589+0000][8][gc,metaspace] GC(8) Metaspace: 19601K(20864K)->19601K(20864K) NonClass: 17227K(18176K)->17227K(18176K) Class: 2374K(2688K)->2374K(2688K)
[2021-04-30T09:33:48.589+0000][8][gc          ] GC(8) Pause Young (Normal) (G1 Evacuation Pause) 159M->20M(256M) 9.629ms
[2021-04-30T09:33:48.589+0000][8][gc,cpu      ] GC(8) User=0.04s Sys=0.00s Real=0.01s
[2021-04-30T09:33:48.589+0000][8][safepoint   ] Safepoint "G1CollectForAllocation", Time since last: 296106843 ns, Reaching safepoint: 400594 ns, At safepoint: 9708167 ns, Total: 10108761 ns
[2021-04-30T09:33:48.927+0000][8][gc,start    ] GC(9) Pause Young (Normal) (G1 Evacuation Pause)
[2021-04-30T09:33:48.927+0000][8][gc,task     ] GC(9) Using 6 workers of 8 for evacuation
[2021-04-30T09:33:48.927+0000][8][gc,age      ] GC(9) Desired survivor size 10485760 bytes, new threshold 15 (max threshold 15)
[2021-04-30T09:33:48.932+0000][8][gc,age      ] GC(9) Age table with threshold 15 (max threshold 15)
[2021-04-30T09:33:48.932+0000][8][gc,age      ] GC(9) - age   1:     998112 bytes,     998112 total
[2021-04-30T09:33:48.932+0000][8][gc,age      ] GC(9) - age   2:     243384 bytes,    1241496 total
[2021-04-30T09:33:48.932+0000][8][gc,age      ] GC(9) - age   3:     305200 bytes,    1546696 total
[2021-04-30T09:33:48.932+0000][8][gc,age      ] GC(9) - age   4:    1208752 bytes,    2755448 total
[2021-04-30T09:33:48.932+0000][8][gc,age      ] GC(9) - age   5:    1509056 bytes,    4264504 total
[2021-04-30T09:33:48.932+0000][8][gc,age      ] GC(9) - age   6:    1815744 bytes,    6080248 total
[2021-04-30T09:33:48.932+0000][8][gc,age      ] GC(9) - age   7:    2947584 bytes,    9027832 total
[2021-04-30T09:33:48.933+0000][8][gc,phases   ] GC(9)   Pre Evacuate Collection Set: 0.0ms
[2021-04-30T09:33:48.933+0000][8][gc,phases   ] GC(9)   Merge Heap Roots: 0.0ms
[2021-04-30T09:33:48.933+0000][8][gc,phases   ] GC(9)   Evacuate Collection Set: 4.2ms
[2021-04-30T09:33:48.933+0000][8][gc,phases   ] GC(9)   Post Evacuate Collection Set: 0.7ms
[2021-04-30T09:33:48.933+0000][8][gc,phases   ] GC(9)   Other: 0.3ms
[2021-04-30T09:33:48.933+0000][8][gc,heap     ] GC(9) Eden regions: 35->0(35)
[2021-04-30T09:33:48.933+0000][8][gc,heap     ] GC(9) Survivor regions: 3->3(5)
[2021-04-30T09:33:48.933+0000][8][gc,heap     ] GC(9) Old regions: 2->2
[2021-04-30T09:33:48.933+0000][8][gc,heap     ] GC(9) Archive regions: 2->2
[2021-04-30T09:33:48.933+0000][8][gc,heap     ] GC(9) Humongous regions: 0->0
[2021-04-30T09:33:48.933+0000][8][gc,metaspace] GC(9) Metaspace: 19669K(20864K)->19669K(20864K) NonClass: 17282K(18176K)->17282K(18176K) Class: 2387K(2688K)->2387K(2688K)
[2021-04-30T09:33:48.933+0000][8][gc          ] GC(9) Pause Young (Normal) (G1 Evacuation Pause) 160M->20M(256M) 5.717ms
[2021-04-30T09:33:48.933+0000][8][gc,cpu      ] GC(9) User=0.02s Sys=0.00s Real=0.01s
[2021-04-30T09:33:48.933+0000][8][safepoint   ] Safepoint "G1CollectForAllocation", Time since last: 337751018 ns, Reaching safepoint: 81809 ns, At safepoint: 5843977 ns, Total: 5925786 ns
[2021-04-30T09:33:49.203+0000][8][gc,start    ] GC(10) Pause Young (Concurrent Start) (Metadata GC Threshold)
[2021-04-30T09:33:49.203+0000][8][gc,task     ] GC(10) Using 6 workers of 8 for evacuation
[2021-04-30T09:33:49.203+0000][8][gc,age      ] GC(10) Desired survivor size 10485760 bytes, new threshold 15 (max threshold 15)
[2021-04-30T09:33:49.214+0000][8][gc,age      ] GC(10) Age table with threshold 15 (max threshold 15)
[2021-04-30T09:33:49.214+0000][8][gc,age      ] GC(10) - age   1:    1683008 bytes,    1683008 total
[2021-04-30T09:33:49.214+0000][8][gc,age      ] GC(10) - age   2:     412144 bytes,    2095152 total
[2021-04-30T09:33:49.214+0000][8][gc,age      ] GC(10) - age   3:     243320 bytes,    2338472 total
[2021-04-30T09:33:49.214+0000][8][gc,age      ] GC(10) - age   4:     305136 bytes,    2643608 total
[2021-04-30T09:33:49.214+0000][8][gc,age      ] GC(10) - age   5:    1208752 bytes,    3852360 total
[2021-04-30T09:33:49.214+0000][8][gc,age      ] GC(10) - age   6:    1508016 bytes,    5360376 total
[2021-04-30T09:33:49.214+0000][8][gc,age      ] GC(10) - age   7:    1815680 bytes,    7176056 total
[2021-04-30T09:33:49.214+0000][8][gc,age      ] GC(10) - age   8:    2947144 bytes,   10123200 total
[2021-04-30T09:33:49.214+0000][8][gc,phases   ] GC(10)   Pre Evacuate Collection Set: 0.1ms
[2021-04-30T09:33:49.214+0000][8][gc,phases   ] GC(10)   Merge Heap Roots: 0.1ms
[2021-04-30T09:33:49.214+0000][8][gc,phases   ] GC(10)   Evacuate Collection Set: 10.2ms
[2021-04-30T09:33:49.214+0000][8][gc,phases   ] GC(10)   Post Evacuate Collection Set: 0.6ms
[2021-04-30T09:33:49.215+0000][8][gc,phases   ] GC(10)   Other: 0.4ms
[2021-04-30T09:33:49.215+0000][8][gc,heap     ] GC(10) Eden regions: 22->0(35)
[2021-04-30T09:33:49.215+0000][8][gc,heap     ] GC(10) Survivor regions: 3->3(5)
[2021-04-30T09:33:49.215+0000][8][gc,heap     ] GC(10) Old regions: 2->2
[2021-04-30T09:33:49.215+0000][8][gc,heap     ] GC(10) Archive regions: 2->2
[2021-04-30T09:33:49.215+0000][8][gc,heap     ] GC(10) Humongous regions: 0->0
[2021-04-30T09:33:49.215+0000][8][gc,metaspace] GC(10) Metaspace: 20067K(21248K)->20067K(21248K) NonClass: 17625K(18432K)->17625K(18432K) Class: 2441K(2816K)->2441K(2816K)
[2021-04-30T09:33:49.215+0000][8][gc          ] GC(10) Pause Young (Concurrent Start) (Metadata GC Threshold) 106M->21M(256M) 11.471ms
[2021-04-30T09:33:49.215+0000][8][gc,cpu      ] GC(10) User=0.03s Sys=0.00s Real=0.01s
[2021-04-30T09:33:49.215+0000][8][gc          ] GC(11) Concurrent Cycle
[2021-04-30T09:33:49.215+0000][8][gc,marking  ] GC(11) Concurrent Clear Claimed Marks
[2021-04-30T09:33:49.215+0000][8][gc,marking  ] GC(11) Concurrent Clear Claimed Marks 0.030ms
[2021-04-30T09:33:49.215+0000][8][gc,marking  ] GC(11) Concurrent Scan Root Regions
[2021-04-30T09:33:49.215+0000][8][safepoint   ] Safepoint "CollectForMetadataAllocation", Time since last: 269918030 ns, Reaching safepoint: 67723 ns, At safepoint: 11752919 ns, Total: 11820642 ns
[2021-04-30T09:33:49.230+0000][8][gc,marking  ] GC(11) Concurrent Scan Root Regions 15.648ms
[2021-04-30T09:33:49.230+0000][8][gc,marking  ] GC(11) Concurrent Mark (9.545s)
[2021-04-30T09:33:49.230+0000][8][gc,marking  ] GC(11) Concurrent Mark From Roots
[2021-04-30T09:33:49.230+0000][8][gc,task     ] GC(11) Using 2 workers of 2 for marking
[2021-04-30T09:33:49.248+0000][8][gc,marking  ] GC(11) Concurrent Mark From Roots 17.285ms
[2021-04-30T09:33:49.248+0000][8][gc,marking  ] GC(11) Concurrent Preclean
[2021-04-30T09:33:49.248+0000][8][gc,marking  ] GC(11) Concurrent Preclean 0.211ms
[2021-04-30T09:33:49.248+0000][8][gc,marking  ] GC(11) Concurrent Mark (9.545s, 9.563s) 17.579ms
[2021-04-30T09:33:49.248+0000][8][gc,start    ] GC(11) Pause Remark
[2021-04-30T09:33:49.256+0000][8][gc          ] GC(11) Pause Remark 31M->31M(256M) 7.868ms
[2021-04-30T09:33:49.256+0000][8][gc,cpu      ] GC(11) User=0.02s Sys=0.00s Real=0.01s
[2021-04-30T09:33:49.256+0000][8][safepoint   ] Safepoint "G1Concurrent", Time since last: 33194349 ns, Reaching safepoint: 176240 ns, At safepoint: 7994946 ns, Total: 8171186 ns
[2021-04-30T09:33:49.257+0000][8][gc,marking  ] GC(11) Concurrent Rebuild Remembered Sets
[2021-04-30T09:33:49.269+0000][8][gc,marking  ] GC(11) Concurrent Rebuild Remembered Sets 12.375ms
[2021-04-30T09:33:49.271+0000][8][gc,start    ] GC(11) Pause Cleanup
[2021-04-30T09:33:49.273+0000][8][gc          ] GC(11) Pause Cleanup 39M->39M(256M) 2.481ms
[2021-04-30T09:33:49.273+0000][8][gc,cpu      ] GC(11) User=0.00s Sys=0.00s Real=0.00s
[2021-04-30T09:33:49.273+0000][8][safepoint   ] Safepoint "G1Concurrent", Time since last: 12726132 ns, Reaching safepoint: 877197 ns, At safepoint: 3371792 ns, Total: 4248989 ns
[2021-04-30T09:33:49.273+0000][8][gc,marking  ] GC(11) Concurrent Cleanup for Next Mark
[2021-04-30T09:33:49.274+0000][8][gc,marking  ] GC(11) Concurrent Cleanup for Next Mark 0.417ms
[2021-04-30T09:33:49.274+0000][8][gc          ] GC(11) Concurrent Cycle 59.050ms
[2021-04-30T09:33:49.610+0000][8][gc,start    ] GC(12) Pause Young (Normal) (G1 Evacuation Pause)
[2021-04-30T09:33:49.610+0000][8][gc,task     ] GC(12) Using 6 workers of 8 for evacuation
[2021-04-30T09:33:49.610+0000][8][gc,age      ] GC(12) Desired survivor size 10485760 bytes, new threshold 15 (max threshold 15)
[2021-04-30T09:33:49.619+0000][8][gc,age      ] GC(12) Age table with threshold 15 (max threshold 15)
[2021-04-30T09:33:49.619+0000][8][gc,age      ] GC(12) - age   1:    2071264 bytes,    2071264 total
[2021-04-30T09:33:49.619+0000][8][gc,age      ] GC(12) - age   2:    1663464 bytes,    3734728 total
[2021-04-30T09:33:49.619+0000][8][gc,age      ] GC(12) - age   3:     411152 bytes,    4145880 total
[2021-04-30T09:33:49.619+0000][8][gc,age      ] GC(12) - age   4:     243320 bytes,    4389200 total
[2021-04-30T09:33:49.619+0000][8][gc,age      ] GC(12) - age   5:     305136 bytes,    4694336 total
[2021-04-30T09:33:49.619+0000][8][gc,age      ] GC(12) - age   6:    1208752 bytes,    5903088 total
[2021-04-30T09:33:49.619+0000][8][gc,age      ] GC(12) - age   7:    1508016 bytes,    7411104 total
[2021-04-30T09:33:49.619+0000][8][gc,age      ] GC(12) - age   8:    1815680 bytes,    9226784 total
[2021-04-30T09:33:49.619+0000][8][gc,age      ] GC(12) - age   9:    2947144 bytes,   12173928 total
[2021-04-30T09:33:49.620+0000][8][gc,phases   ] GC(12)   Pre Evacuate Collection Set: 0.1ms
[2021-04-30T09:33:49.620+0000][8][gc,phases   ] GC(12)   Merge Heap Roots: 0.1ms
[2021-04-30T09:33:49.620+0000][8][gc,phases   ] GC(12)   Evacuate Collection Set: 7.4ms
[2021-04-30T09:33:49.620+0000][8][gc,phases   ] GC(12)   Post Evacuate Collection Set: 1.4ms
[2021-04-30T09:33:49.620+0000][8][gc,phases   ] GC(12)   Other: 0.4ms
[2021-04-30T09:33:49.620+0000][8][gc,heap     ] GC(12) Eden regions: 35->0(34)
[2021-04-30T09:33:49.620+0000][8][gc,heap     ] GC(12) Survivor regions: 3->4(5)
[2021-04-30T09:33:49.620+0000][8][gc,heap     ] GC(12) Old regions: 2->2
[2021-04-30T09:33:49.620+0000][8][gc,heap     ] GC(12) Archive regions: 2->2
[2021-04-30T09:33:49.620+0000][8][gc,heap     ] GC(12) Humongous regions: 0->0
[2021-04-30T09:33:49.620+0000][8][gc,metaspace] GC(12) Metaspace: 20189K(21504K)->20189K(21504K) NonClass: 17722K(18688K)->17722K(18688K) Class: 2466K(2816K)->2466K(2816K)
[2021-04-30T09:33:49.620+0000][8][gc          ] GC(12) Pause Young (Normal) (G1 Evacuation Pause) 161M->23M(256M) 9.395ms
[2021-04-30T09:33:49.620+0000][8][gc,cpu      ] GC(12) User=0.03s Sys=0.00s Real=0.01s
[2021-04-30T09:33:49.620+0000][8][safepoint   ] Safepoint "G1CollectForAllocation", Time since last: 336844478 ns, Reaching safepoint: 179740 ns, At safepoint: 9479669 ns, Total: 9659409 ns
[2021-04-30T09:33:49.860+0000][8][gc,start    ] GC(13) Pause Young (Normal) (G1 Evacuation Pause)
[2021-04-30T09:33:49.860+0000][8][gc,task     ] GC(13) Using 6 workers of 8 for evacuation
[2021-04-30T09:33:49.860+0000][8][gc,age      ] GC(13) Desired survivor size 10485760 bytes, new threshold 9 (max threshold 15)
[2021-04-30T09:33:49.867+0000][8][gc,age      ] GC(13) Age table with threshold 9 (max threshold 15)
[2021-04-30T09:33:49.867+0000][8][gc,age      ] GC(13) - age   1:     749976 bytes,     749976 total
[2021-04-30T09:33:49.867+0000][8][gc,age      ] GC(13) - age   2:     408040 bytes,    1158016 total
[2021-04-30T09:33:49.867+0000][8][gc,age      ] GC(13) - age   3:    1663464 bytes,    2821480 total
[2021-04-30T09:33:49.867+0000][8][gc,age      ] GC(13) - age   4:     410936 bytes,    3232416 total
[2021-04-30T09:33:49.867+0000][8][gc,age      ] GC(13) - age   5:     243320 bytes,    3475736 total
[2021-04-30T09:33:49.867+0000][8][gc,age      ] GC(13) - age   6:     304592 bytes,    3780328 total
[2021-04-30T09:33:49.867+0000][8][gc,age      ] GC(13) - age   7:    1208752 bytes,    4989080 total
[2021-04-30T09:33:49.867+0000][8][gc,age      ] GC(13) - age   8:    1508016 bytes,    6497096 total
[2021-04-30T09:33:49.867+0000][8][gc,age      ] GC(13) - age   9:    1815680 bytes,    8312776 total
[2021-04-30T09:33:49.867+0000][8][gc,phases   ] GC(13)   Pre Evacuate Collection Set: 0.0ms
[2021-04-30T09:33:49.867+0000][8][gc,phases   ] GC(13)   Merge Heap Roots: 0.0ms
[2021-04-30T09:33:49.867+0000][8][gc,phases   ] GC(13)   Evacuate Collection Set: 6.4ms
[2021-04-30T09:33:49.867+0000][8][gc,phases   ] GC(13)   Post Evacuate Collection Set: 0.5ms
[2021-04-30T09:33:49.867+0000][8][gc,phases   ] GC(13)   Other: 0.3ms
[2021-04-30T09:33:49.867+0000][8][gc,heap     ] GC(13) Eden regions: 34->0(35)
[2021-04-30T09:33:49.867+0000][8][gc,heap     ] GC(13) Survivor regions: 4->3(5)
[2021-04-30T09:33:49.867+0000][8][gc,heap     ] GC(13) Old regions: 2->3
[2021-04-30T09:33:49.867+0000][8][gc,heap     ] GC(13) Archive regions: 2->2
[2021-04-30T09:33:49.867+0000][8][gc,heap     ] GC(13) Humongous regions: 0->0
[2021-04-30T09:33:49.867+0000][8][gc,metaspace] GC(13) Metaspace: 20236K(21760K)->20236K(21760K) NonClass: 17760K(18944K)->17760K(18944K) Class: 2476K(2816K)->2476K(2816K)
[2021-04-30T09:33:49.868+0000][8][gc          ] GC(13) Pause Young (Normal) (G1 Evacuation Pause) 159M->22M(256M) 7.409ms
[2021-04-30T09:33:49.868+0000][8][gc,cpu      ] GC(13) User=0.03s Sys=0.00s Real=0.00s
[2021-04-30T09:33:49.868+0000][8][safepoint   ] Safepoint "G1CollectForAllocation", Time since last: 240304232 ns, Reaching safepoint: 62701 ns, At safepoint: 7502594 ns, Total: 7565295 ns
[2021-04-30T09:33:50.869+0000][8][safepoint   ] Safepoint "Cleanup", Time since last: 1001254319 ns, Reaching safepoint: 332287 ns, At safepoint: 10445 ns, Total: 342732 ns
[2021-04-30T09:33:51.392+0000][8][gc,start    ] GC(14) Pause Young (Normal) (G1 Evacuation Pause)
[2021-04-30T09:33:51.392+0000][8][gc,task     ] GC(14) Using 6 workers of 8 for evacuation
[2021-04-30T09:33:51.392+0000][8][gc,age      ] GC(14) Desired survivor size 10485760 bytes, new threshold 15 (max threshold 15)
[2021-04-30T09:33:51.411+0000][8][gc,age      ] GC(14) Age table with threshold 15 (max threshold 15)
[2021-04-30T09:33:51.411+0000][8][gc,age      ] GC(14) - age   1:    5358816 bytes,    5358816 total
[2021-04-30T09:33:51.411+0000][8][gc,age      ] GC(14) - age   2:     422784 bytes,    5781600 total
[2021-04-30T09:33:51.411+0000][8][gc,age      ] GC(14) - age   3:     407160 bytes,    6188760 total
[2021-04-30T09:33:51.411+0000][8][gc,age      ] GC(14) - age   4:    1659488 bytes,    7848248 total
[2021-04-30T09:33:51.411+0000][8][gc,age      ] GC(14) - age   5:     410376 bytes,    8258624 total
[2021-04-30T09:33:51.411+0000][8][gc,age      ] GC(14) - age   6:     242888 bytes,    8501512 total
[2021-04-30T09:33:51.411+0000][8][gc,age      ] GC(14) - age   7:     297480 bytes,    8798992 total
[2021-04-30T09:33:51.412+0000][8][gc,age      ] GC(14) - age   8:    1205904 bytes,   10004896 total
[2021-04-30T09:33:51.412+0000][8][gc,age      ] GC(14) - age   9:    1504480 bytes,   11509376 total
[2021-04-30T09:33:51.412+0000][8][gc,age      ] GC(14) - age  10:    1810680 bytes,   13320056 total
[2021-04-30T09:33:51.412+0000][8][gc,phases   ] GC(14)   Pre Evacuate Collection Set: 0.3ms
[2021-04-30T09:33:51.412+0000][8][gc,phases   ] GC(14)   Merge Heap Roots: 0.2ms
[2021-04-30T09:33:51.412+0000][8][gc,phases   ] GC(14)   Evacuate Collection Set: 17.4ms
[2021-04-30T09:33:51.412+0000][8][gc,phases   ] GC(14)   Post Evacuate Collection Set: 1.0ms
[2021-04-30T09:33:51.412+0000][8][gc,phases   ] GC(14)   Other: 0.3ms
[2021-04-30T09:33:51.412+0000][8][gc,heap     ] GC(14) Eden regions: 35->0(34)
[2021-04-30T09:33:51.412+0000][8][gc,heap     ] GC(14) Survivor regions: 3->4(5)
[2021-04-30T09:33:51.412+0000][8][gc,heap     ] GC(14) Old regions: 3->3
[2021-04-30T09:33:51.412+0000][8][gc,heap     ] GC(14) Archive regions: 2->2
[2021-04-30T09:33:51.412+0000][8][gc,heap     ] GC(14) Humongous regions: 0->0
[2021-04-30T09:33:51.412+0000][8][gc,metaspace] GC(14) Metaspace: 29143K(30976K)->29143K(30976K) NonClass: 25493K(26880K)->25493K(26880K) Class: 3649K(4096K)->3649K(4096K)
[2021-04-30T09:33:51.412+0000][8][gc          ] GC(14) Pause Young (Normal) (G1 Evacuation Pause) 162M->27M(256M) 19.297ms
[2021-04-30T09:33:51.412+0000][8][gc,cpu      ] GC(14) User=0.07s Sys=0.01s Real=0.02s
[2021-04-30T09:33:51.416+0000][8][safepoint   ] Safepoint "G1CollectForAllocation", Time since last: 522682842 ns, Reaching safepoint: 535900 ns, At safepoint: 23123627 ns, Total: 23659527 ns
[2021-04-30T09:33:52.422+0000][8][safepoint   ] Safepoint "Cleanup", Time since last: 1005860502 ns, Reaching safepoint: 466985 ns, At safepoint: 11603 ns, Total: 478588 ns
[2021-04-30T09:33:53.538+0000][8][gc,start    ] GC(15) Pause Young (Normal) (G1 Evacuation Pause)
[2021-04-30T09:33:53.538+0000][8][gc,task     ] GC(15) Using 6 workers of 8 for evacuation
[2021-04-30T09:33:53.538+0000][8][gc,age      ] GC(15) Desired survivor size 10485760 bytes, new threshold 9 (max threshold 15)
[2021-04-30T09:33:53.587+0000][8][gc,age      ] GC(15) Age table with threshold 9 (max threshold 15)
[2021-04-30T09:33:53.587+0000][8][gc,age      ] GC(15) - age   1:   11304616 bytes,   11304616 total
[2021-04-30T09:33:53.587+0000][8][gc,age      ] GC(15) - age   2:    4966448 bytes,   16271064 total
[2021-04-30T09:33:53.587+0000][8][gc,age      ] GC(15) - age   3:     420728 bytes,   16691792 total
[2021-04-30T09:33:53.587+0000][8][gc,age      ] GC(15) - age   4:     407160 bytes,   17098952 total
[2021-04-30T09:33:53.587+0000][8][gc,age      ] GC(15) - age   5:    1659488 bytes,   18758440 total
[2021-04-30T09:33:53.587+0000][8][gc,age      ] GC(15) - age   6:     410376 bytes,   19168816 total
[2021-04-30T09:33:53.587+0000][8][gc,age      ] GC(15) - age   7:     242888 bytes,   19411704 total
[2021-04-30T09:33:53.587+0000][8][gc,age      ] GC(15) - age   8:     297480 bytes,   19709184 total
[2021-04-30T09:33:53.587+0000][8][gc,age      ] GC(15) - age   9:    1205904 bytes,   20915088 total
[2021-04-30T09:33:53.587+0000][8][gc,phases   ] GC(15)   Pre Evacuate Collection Set: 0.1ms
[2021-04-30T09:33:53.587+0000][8][gc,phases   ] GC(15)   Merge Heap Roots: 0.1ms
[2021-04-30T09:33:53.587+0000][8][gc,phases   ] GC(15)   Evacuate Collection Set: 47.6ms
[2021-04-30T09:33:53.587+0000][8][gc,phases   ] GC(15)   Post Evacuate Collection Set: 1.3ms
[2021-04-30T09:33:53.587+0000][8][gc,phases   ] GC(15)   Other: 0.3ms
[2021-04-30T09:33:53.587+0000][8][gc,heap     ] GC(15) Eden regions: 34->0(33)
[2021-04-30T09:33:53.587+0000][8][gc,heap     ] GC(15) Survivor regions: 4->5(5)
[2021-04-30T09:33:53.587+0000][8][gc,heap     ] GC(15) Old regions: 3->5
[2021-04-30T09:33:53.587+0000][8][gc,heap     ] GC(15) Archive regions: 2->2
[2021-04-30T09:33:53.587+0000][8][gc,heap     ] GC(15) Humongous regions: 0->0
[2021-04-30T09:33:53.587+0000][8][gc,metaspace] GC(15) Metaspace: 30148K(32256K)->30148K(32256K) NonClass: 26378K(27904K)->26378K(27904K) Class: 3769K(4352K)->3769K(4352K)
[2021-04-30T09:33:53.587+0000][8][gc          ] GC(15) Pause Young (Normal) (G1 Evacuation Pause) 163M->43M(256M) 49.420ms
[2021-04-30T09:33:53.587+0000][8][gc,cpu      ] GC(15) User=0.19s Sys=0.00s Real=0.04s
[2021-04-30T09:33:53.587+0000][8][safepoint   ] Safepoint "G1CollectForAllocation", Time since last: 1115529778 ns, Reaching safepoint: 218787 ns, At safepoint: 49617429 ns, Total: 49836216 ns
[2021-04-30T09:33:54.591+0000][8][safepoint   ] Safepoint "Cleanup", Time since last: 1002980625 ns, Reaching safepoint: 879815 ns, At safepoint: 8765 ns, Total: 888580 ns
[2021-04-30T09:33:54.924+0000][8][gc,start    ] GC(16) Pause Young (Concurrent Start) (Metadata GC Threshold)
[2021-04-30T09:33:54.924+0000][8][gc,task     ] GC(16) Using 6 workers of 8 for evacuation
[2021-04-30T09:33:54.924+0000][8][gc,age      ] GC(16) Desired survivor size 10485760 bytes, new threshold 1 (max threshold 15)
[2021-04-30T09:33:54.991+0000][8][gc,age      ] GC(16) Age table with threshold 1 (max threshold 15)
[2021-04-30T09:33:54.991+0000][8][gc,age      ] GC(16) - age   1:   15478504 bytes,   15478504 total
[2021-04-30T09:33:54.991+0000][8][gc,phases   ] GC(16)   Pre Evacuate Collection Set: 0.1ms
[2021-04-30T09:33:54.991+0000][8][gc,phases   ] GC(16)   Merge Heap Roots: 0.4ms
[2021-04-30T09:33:54.991+0000][8][gc,phases   ] GC(16)   Evacuate Collection Set: 65.6ms
[2021-04-30T09:33:54.991+0000][8][gc,phases   ] GC(16)   Post Evacuate Collection Set: 0.7ms
[2021-04-30T09:33:54.991+0000][8][gc,phases   ] GC(16)   Other: 0.3ms
[2021-04-30T09:33:54.991+0000][8][gc,heap     ] GC(16) Eden regions: 28->0(29)
[2021-04-30T09:33:54.991+0000][8][gc,heap     ] GC(16) Survivor regions: 5->5(5)
[2021-04-30T09:33:54.991+0000][8][gc,heap     ] GC(16) Old regions: 5->10
[2021-04-30T09:33:54.991+0000][8][gc,heap     ] GC(16) Archive regions: 2->2
[2021-04-30T09:33:54.991+0000][8][gc,heap     ] GC(16) Humongous regions: 0->0
[2021-04-30T09:33:54.991+0000][8][gc,metaspace] GC(16) Metaspace: 33723K(35840K)->33723K(35840K) NonClass: 29362K(30848K)->29362K(30848K) Class: 4361K(4992K)->4361K(4992K)
[2021-04-30T09:33:54.992+0000][8][gc          ] GC(16) Pause Young (Concurrent Start) (Metadata GC Threshold) 153M->60M(256M) 67.282ms
[2021-04-30T09:33:54.992+0000][8][gc,cpu      ] GC(16) User=0.25s Sys=0.00s Real=0.07s
[2021-04-30T09:33:54.992+0000][8][gc          ] GC(17) Concurrent Cycle
[2021-04-30T09:33:54.992+0000][8][gc,marking  ] GC(17) Concurrent Clear Claimed Marks
[2021-04-30T09:33:54.992+0000][8][gc,marking  ] GC(17) Concurrent Clear Claimed Marks 0.059ms
[2021-04-30T09:33:54.992+0000][8][gc,marking  ] GC(17) Concurrent Scan Root Regions
[2021-04-30T09:33:54.992+0000][8][safepoint   ] Safepoint "CollectForMetadataAllocation", Time since last: 332898195 ns, Reaching safepoint: 226639 ns, At safepoint: 67587548 ns, Total: 67814187 ns
[2021-04-30T09:33:55.021+0000][8][safepoint   ] Safepoint "CollectForMetadataAllocation", Time since last: 28693751 ns, Reaching safepoint: 95906 ns, At safepoint: 282010 ns, Total: 377916 ns
[2021-04-30T09:33:55.037+0000][8][gc,marking  ] GC(17) Concurrent Scan Root Regions 45.341ms
[2021-04-30T09:33:55.037+0000][8][gc,marking  ] GC(17) Concurrent Mark (15.352s)
[2021-04-30T09:33:55.037+0000][8][gc,marking  ] GC(17) Concurrent Mark From Roots
[2021-04-30T09:33:55.037+0000][8][gc,task     ] GC(17) Using 2 workers of 2 for marking
[2021-04-30T09:33:55.055+0000][8][safepoint   ] Safepoint "CollectForMetadataAllocation", Time since last: 34068325 ns, Reaching safepoint: 145153 ns, At safepoint: 133755 ns, Total: 278908 ns
[2021-04-30T09:33:55.080+0000][8][gc,marking  ] GC(17) Concurrent Mark From Roots 42.590ms
[2021-04-30T09:33:55.080+0000][8][gc,marking  ] GC(17) Concurrent Preclean
[2021-04-30T09:33:55.080+0000][8][gc,marking  ] GC(17) Concurrent Preclean 0.259ms
[2021-04-30T09:33:55.080+0000][8][gc,marking  ] GC(17) Concurrent Mark (15.352s, 15.395s) 42.926ms
[2021-04-30T09:33:55.080+0000][8][gc,start    ] GC(17) Pause Remark
[2021-04-30T09:33:55.086+0000][8][gc          ] GC(17) Pause Remark 64M->64M(256M) 6.048ms
[2021-04-30T09:33:55.086+0000][8][gc,cpu      ] GC(17) User=0.01s Sys=0.02s Real=0.00s
[2021-04-30T09:33:55.086+0000][8][safepoint   ] Safepoint "G1Concurrent", Time since last: 24854745 ns, Reaching safepoint: 253074 ns, At safepoint: 6144759 ns, Total: 6397833 ns
[2021-04-30T09:33:55.087+0000][8][gc,marking  ] GC(17) Concurrent Rebuild Remembered Sets
[2021-04-30T09:33:55.138+0000][8][gc,marking  ] GC(17) Concurrent Rebuild Remembered Sets 51.506ms
[2021-04-30T09:33:55.139+0000][8][gc,start    ] GC(17) Pause Cleanup
[2021-04-30T09:33:55.139+0000][8][gc          ] GC(17) Pause Cleanup 66M->66M(256M) 0.094ms
[2021-04-30T09:33:55.139+0000][8][gc,cpu      ] GC(17) User=0.00s Sys=0.00s Real=0.00s
[2021-04-30T09:33:55.139+0000][8][safepoint   ] Safepoint "G1Concurrent", Time since last: 51962412 ns, Reaching safepoint: 444016 ns, At safepoint: 153014 ns, Total: 597030 ns
[2021-04-30T09:33:55.139+0000][8][gc,marking  ] GC(17) Concurrent Cleanup for Next Mark
[2021-04-30T09:33:55.139+0000][8][gc,marking  ] GC(17) Concurrent Cleanup for Next Mark 0.355ms
[2021-04-30T09:33:55.139+0000][8][gc          ] GC(17) Concurrent Cycle 147.848ms
[2021-04-30T09:33:55.562+0000][8][gc,start    ] GC(18) Pause Young (Concurrent Start) (G1 Evacuation Pause)
[2021-04-30T09:33:55.562+0000][8][gc,task     ] GC(18) Using 6 workers of 8 for evacuation
[2021-04-30T09:33:55.562+0000][8][gc,age      ] GC(18) Desired survivor size 10485760 bytes, new threshold 1 (max threshold 15)
[2021-04-30T09:33:55.587+0000][8][gc,age      ] GC(18) Age table with threshold 1 (max threshold 15)
[2021-04-30T09:33:55.587+0000][8][gc,age      ] GC(18) - age   1:    1327816 bytes,    1327816 total
[2021-04-30T09:33:55.588+0000][8][gc,phases   ] GC(18)   Pre Evacuate Collection Set: 0.1ms
[2021-04-30T09:33:55.588+0000][8][gc,phases   ] GC(18)   Merge Heap Roots: 0.1ms
[2021-04-30T09:33:55.588+0000][8][gc,phases   ] GC(18)   Evacuate Collection Set: 25.1ms
[2021-04-30T09:33:55.588+0000][8][gc,phases   ] GC(18)   Post Evacuate Collection Set: 0.5ms
[2021-04-30T09:33:55.588+0000][8][gc,phases   ] GC(18)   Other: 0.2ms
[2021-04-30T09:33:55.588+0000][8][gc,heap     ] GC(18) Eden regions: 29->0(30)
[2021-04-30T09:33:55.588+0000][8][gc,heap     ] GC(18) Survivor regions: 5->1(5)
[2021-04-30T09:33:55.588+0000][8][gc,heap     ] GC(18) Old regions: 10->14
[2021-04-30T09:33:55.588+0000][8][gc,heap     ] GC(18) Archive regions: 2->2
[2021-04-30T09:33:55.588+0000][8][gc,heap     ] GC(18) Humongous regions: 0->0
[2021-04-30T09:33:55.588+0000][8][gc,metaspace] GC(18) Metaspace: 36048K(38500K)->36048K(38500K) NonClass: 31470K(33252K)->31470K(33252K) Class: 4578K(5248K)->4578K(5248K)
[2021-04-30T09:33:55.588+0000][8][gc          ] GC(18) Pause Young (Concurrent Start) (G1 Evacuation Pause) 176M->63M(256M) 26.140ms
[2021-04-30T09:33:55.588+0000][8][gc,cpu      ] GC(18) User=0.11s Sys=0.00s Real=0.02s
[2021-04-30T09:33:55.588+0000][8][safepoint   ] Safepoint "G1CollectForAllocation", Time since last: 422229690 ns, Reaching safepoint: 261806 ns, At safepoint: 26241592 ns, Total: 26503398 ns
[2021-04-30T09:33:55.588+0000][8][gc          ] GC(19) Concurrent Cycle
[2021-04-30T09:33:55.588+0000][8][gc,marking  ] GC(19) Concurrent Clear Claimed Marks
[2021-04-30T09:33:55.588+0000][8][gc,marking  ] GC(19) Concurrent Clear Claimed Marks 0.061ms
[2021-04-30T09:33:55.588+0000][8][gc,marking  ] GC(19) Concurrent Scan Root Regions
[2021-04-30T09:33:55.630+0000][8][gc,marking  ] GC(19) Concurrent Scan Root Regions 42.487ms
[2021-04-30T09:33:55.630+0000][8][gc,marking  ] GC(19) Concurrent Mark (15.945s)
[2021-04-30T09:33:55.630+0000][8][gc,marking  ] GC(19) Concurrent Mark From Roots
[2021-04-30T09:33:55.630+0000][8][gc,task     ] GC(19) Using 2 workers of 2 for marking
[2021-04-30T09:33:55.785+0000][8][gc,marking  ] GC(19) Concurrent Mark From Roots 154.337ms
[2021-04-30T09:33:55.785+0000][8][gc,marking  ] GC(19) Concurrent Preclean
[2021-04-30T09:33:55.786+0000][8][gc,marking  ] GC(19) Concurrent Preclean 1.687ms
[2021-04-30T09:33:55.787+0000][8][gc,marking  ] GC(19) Concurrent Mark (15.945s, 16.101s) 156.124ms
[2021-04-30T09:33:55.787+0000][8][gc,start    ] GC(19) Pause Remark
[2021-04-30T09:33:55.796+0000][8][gc          ] GC(19) Pause Remark 75M->75M(256M) 8.940ms
[2021-04-30T09:33:55.796+0000][8][gc,cpu      ] GC(19) User=0.02s Sys=0.00s Real=0.01s
[2021-04-30T09:33:55.800+0000][8][safepoint   ] Safepoint "G1Concurrent", Time since last: 198811725 ns, Reaching safepoint: 251699 ns, At safepoint: 13161345 ns, Total: 13413044 ns
[2021-04-30T09:33:55.800+0000][8][gc,marking  ] GC(19) Concurrent Rebuild Remembered Sets
[2021-04-30T09:33:55.927+0000][8][gc,marking  ] GC(19) Concurrent Rebuild Remembered Sets 127.085ms
[2021-04-30T09:33:55.927+0000][8][gc,start    ] GC(19) Pause Cleanup
[2021-04-30T09:33:55.928+0000][8][gc          ] GC(19) Pause Cleanup 79M->79M(256M) 0.098ms
[2021-04-30T09:33:55.928+0000][8][gc,cpu      ] GC(19) User=0.00s Sys=0.00s Real=0.00s
[2021-04-30T09:33:55.928+0000][8][safepoint   ] Safepoint "G1Concurrent", Time since last: 127230721 ns, Reaching safepoint: 244522 ns, At safepoint: 154999 ns, Total: 399521 ns
[2021-04-30T09:33:55.928+0000][8][gc,marking  ] GC(19) Concurrent Cleanup for Next Mark
[2021-04-30T09:33:55.928+0000][8][gc,marking  ] GC(19) Concurrent Cleanup for Next Mark 0.335ms
[2021-04-30T09:33:55.928+0000][8][gc          ] GC(19) Concurrent Cycle 340.261ms
[2021-04-30T09:33:57.475+0000][8][safepoint   ] Safepoint "Cleanup", Time since last: 1547265242 ns, Reaching safepoint: 290990 ns, At safepoint: 18863 ns, Total: 309853 ns
[2021-04-30T09:33:58.069+0000][8][gc,start    ] GC(20) Pause Young (Normal) (G1 Evacuation Pause)
[2021-04-30T09:33:58.069+0000][8][gc,task     ] GC(20) Using 6 workers of 8 for evacuation
[2021-04-30T09:33:58.069+0000][8][gc,age      ] GC(20) Desired survivor size 8388608 bytes, new threshold 15 (max threshold 15)
[2021-04-30T09:33:58.083+0000][8][gc,age      ] GC(20) Age table with threshold 15 (max threshold 15)
[2021-04-30T09:33:58.083+0000][8][gc,age      ] GC(20) - age   1:    5253728 bytes,    5253728 total
[2021-04-30T09:33:58.083+0000][8][gc,age      ] GC(20) - age   2:    1230944 bytes,    6484672 total
[2021-04-30T09:33:58.083+0000][8][gc,phases   ] GC(20)   Pre Evacuate Collection Set: 0.0ms
[2021-04-30T09:33:58.083+0000][8][gc,phases   ] GC(20)   Merge Heap Roots: 0.1ms
[2021-04-30T09:33:58.083+0000][8][gc,phases   ] GC(20)   Evacuate Collection Set: 13.1ms
[2021-04-30T09:33:58.083+0000][8][gc,phases   ] GC(20)   Post Evacuate Collection Set: 0.9ms
[2021-04-30T09:33:58.083+0000][8][gc,phases   ] GC(20)   Other: 0.2ms
[2021-04-30T09:33:58.083+0000][8][gc,heap     ] GC(20) Eden regions: 30->0(30)
[2021-04-30T09:33:58.083+0000][8][gc,heap     ] GC(20) Survivor regions: 1->2(4)
[2021-04-30T09:33:58.083+0000][8][gc,heap     ] GC(20) Old regions: 14->14
[2021-04-30T09:33:58.083+0000][8][gc,heap     ] GC(20) Archive regions: 2->2
[2021-04-30T09:33:58.083+0000][8][gc,heap     ] GC(20) Humongous regions: 0->0
[2021-04-30T09:33:58.083+0000][8][gc,metaspace] GC(20) Metaspace: 51808K(54884K)->51808K(54884K) NonClass: 44881K(47076K)->44881K(47076K) Class: 6926K(7808K)->6926K(7808K)
[2021-04-30T09:33:58.083+0000][8][gc          ] GC(20) Pause Young (Normal) (G1 Evacuation Pause) 183M->66M(256M) 14.470ms
[2021-04-30T09:33:58.083+0000][8][gc,cpu      ] GC(20) User=0.07s Sys=0.00s Real=0.01s
[2021-04-30T09:33:58.083+0000][8][safepoint   ] Safepoint "G1CollectForAllocation", Time since last: 592326007 ns, Reaching safepoint: 1251369 ns, At safepoint: 14565021 ns, Total: 15816390 ns
[2021-04-30T09:33:58.725+0000][8][safepoint   ] Safepoint "ICBufferFull", Time since last: 640175024 ns, Reaching safepoint: 1030210 ns, At safepoint: 13444 ns, Total: 1043654 ns
[2021-04-30T09:33:59.725+0000][8][safepoint   ] Safepoint "Cleanup", Time since last: 1000473789 ns, Reaching safepoint: 288019 ns, At safepoint: 12816 ns, Total: 300835 ns
[2021-04-30T09:34:00.124+0000][8][gc,start    ] GC(21) Pause Young (Normal) (G1 Evacuation Pause)
[2021-04-30T09:34:00.124+0000][8][gc,task     ] GC(21) Using 6 workers of 8 for evacuation
[2021-04-30T09:34:00.124+0000][8][gc,age      ] GC(21) Desired survivor size 8388608 bytes, new threshold 15 (max threshold 15)
[2021-04-30T09:34:00.142+0000][8][gc,age      ] GC(21) Age table with threshold 15 (max threshold 15)
[2021-04-30T09:34:00.142+0000][8][gc,age      ] GC(21) - age   1:    5642616 bytes,    5642616 total
[2021-04-30T09:34:00.142+0000][8][gc,age      ] GC(21) - age   2:    5092160 bytes,   10734776 total
[2021-04-30T09:34:00.142+0000][8][gc,age      ] GC(21) - age   3:    1230736 bytes,   11965512 total
[2021-04-30T09:34:00.142+0000][8][gc,phases   ] GC(21)   Pre Evacuate Collection Set: 0.1ms
[2021-04-30T09:34:00.142+0000][8][gc,phases   ] GC(21)   Merge Heap Roots: 0.1ms
[2021-04-30T09:34:00.142+0000][8][gc,phases   ] GC(21)   Evacuate Collection Set: 16.8ms
[2021-04-30T09:34:00.142+0000][8][gc,phases   ] GC(21)   Post Evacuate Collection Set: 0.8ms
[2021-04-30T09:34:00.142+0000][8][gc,phases   ] GC(21)   Other: 0.2ms
[2021-04-30T09:34:00.142+0000][8][gc,heap     ] GC(21) Eden regions: 30->0(29)
[2021-04-30T09:34:00.142+0000][8][gc,heap     ] GC(21) Survivor regions: 2->3(4)
[2021-04-30T09:34:00.142+0000][8][gc,heap     ] GC(21) Old regions: 14->14
[2021-04-30T09:34:00.142+0000][8][gc,heap     ] GC(21) Archive regions: 2->2
[2021-04-30T09:34:00.142+0000][8][gc,heap     ] GC(21) Humongous regions: 0->0
[2021-04-30T09:34:00.142+0000][8][gc,metaspace] GC(21) Metaspace: 59669K(63076K)->59669K(63076K) NonClass: 51817K(54244K)->51817K(54244K) Class: 7851K(8832K)->7851K(8832K)
[2021-04-30T09:34:00.142+0000][8][gc          ] GC(21) Pause Young (Normal) (G1 Evacuation Pause) 186M->71M(256M) 18.107ms
[2021-04-30T09:34:00.142+0000][8][gc,cpu      ] GC(21) User=0.09s Sys=0.00s Real=0.02s
[2021-04-30T09:34:00.142+0000][8][safepoint   ] Safepoint "G1CollectForAllocation", Time since last: 398199964 ns, Reaching safepoint: 202336 ns, At safepoint: 18199151 ns, Total: 18401487 ns
[2021-04-30T09:34:00.459+0000][8][gc,start    ] GC(22) Pause Young (Concurrent Start) (Metadata GC Threshold)
[2021-04-30T09:34:00.459+0000][8][gc,task     ] GC(22) Using 6 workers of 8 for evacuation
[2021-04-30T09:34:00.459+0000][8][gc,age      ] GC(22) Desired survivor size 8388608 bytes, new threshold 2 (max threshold 15)
[2021-04-30T09:34:00.469+0000][8][gc,age      ] GC(22) Age table with threshold 2 (max threshold 15)
[2021-04-30T09:34:00.469+0000][8][gc,age      ] GC(22) - age   1:     606600 bytes,     606600 total
[2021-04-30T09:34:00.469+0000][8][gc,age      ] GC(22) - age   2:    5579016 bytes,    6185616 total
[2021-04-30T09:34:00.469+0000][8][gc,phases   ] GC(22)   Pre Evacuate Collection Set: 0.1ms
[2021-04-30T09:34:00.469+0000][8][gc,phases   ] GC(22)   Merge Heap Roots: 0.0ms
[2021-04-30T09:34:00.469+0000][8][gc,phases   ] GC(22)   Evacuate Collection Set: 9.4ms
[2021-04-30T09:34:00.469+0000][8][gc,phases   ] GC(22)   Post Evacuate Collection Set: 0.5ms
[2021-04-30T09:34:00.469+0000][8][gc,phases   ] GC(22)   Other: 0.2ms
[2021-04-30T09:34:00.469+0000][8][gc,heap     ] GC(22) Eden regions: 5->0(29)
[2021-04-30T09:34:00.469+0000][8][gc,heap     ] GC(22) Survivor regions: 3->2(4)
[2021-04-30T09:34:00.469+0000][8][gc,heap     ] GC(22) Old regions: 14->16
[2021-04-30T09:34:00.469+0000][8][gc,heap     ] GC(22) Archive regions: 2->2
[2021-04-30T09:34:00.469+0000][8][gc,heap     ] GC(22) Humongous regions: 0->0
[2021-04-30T09:34:00.469+0000][8][gc,metaspace] GC(22) Metaspace: 62008K(65236K)->62008K(65236K) NonClass: 53726K(56036K)->53726K(56036K) Class: 8281K(9200K)->8281K(9200K)
[2021-04-30T09:34:00.469+0000][8][gc          ] GC(22) Pause Young (Concurrent Start) (Metadata GC Threshold) 91M->72M(256M) 10.371ms
[2021-04-30T09:34:00.469+0000][8][gc,cpu      ] GC(22) User=0.07s Sys=0.00s Real=0.01s
[2021-04-30T09:34:00.469+0000][8][gc          ] GC(23) Concurrent Cycle
[2021-04-30T09:34:00.469+0000][8][gc,marking  ] GC(23) Concurrent Clear Claimed Marks
[2021-04-30T09:34:00.470+0000][8][gc,marking  ] GC(23) Concurrent Clear Claimed Marks 0.056ms
[2021-04-30T09:34:00.470+0000][8][gc,marking  ] GC(23) Concurrent Scan Root Regions
[2021-04-30T09:34:00.470+0000][8][safepoint   ] Safepoint "CollectForMetadataAllocation", Time since last: 316859157 ns, Reaching safepoint: 221190 ns, At safepoint: 10575492 ns, Total: 10796682 ns
[2021-04-30T09:34:00.478+0000][8][gc,marking  ] GC(23) Concurrent Scan Root Regions 8.576ms
[2021-04-30T09:34:00.478+0000][8][gc,marking  ] GC(23) Concurrent Mark (20.793s)
[2021-04-30T09:34:00.478+0000][8][gc,marking  ] GC(23) Concurrent Mark From Roots
[2021-04-30T09:34:00.478+0000][8][gc,task     ] GC(23) Using 2 workers of 2 for marking
[2021-04-30T09:34:00.510+0000][8][safepoint   ] Safepoint "CollectForMetadataAllocation", Time since last: 39715741 ns, Reaching safepoint: 153000 ns, At safepoint: 151303 ns, Total: 304303 ns
[2021-04-30T09:34:00.549+0000][8][safepoint   ] Safepoint "CollectForMetadataAllocation", Time since last: 39161275 ns, Reaching safepoint: 312655 ns, At safepoint: 190009 ns, Total: 502664 ns
[2021-04-30T09:34:00.558+0000][8][gc,marking  ] GC(23) Concurrent Mark From Roots 79.445ms
[2021-04-30T09:34:00.558+0000][8][gc,marking  ] GC(23) Concurrent Preclean
[2021-04-30T09:34:00.558+0000][8][gc,marking  ] GC(23) Concurrent Preclean 0.468ms
[2021-04-30T09:34:00.558+0000][8][gc,marking  ] GC(23) Concurrent Mark (20.793s, 20.873s) 80.002ms
[2021-04-30T09:34:00.558+0000][8][gc,start    ] GC(23) Pause Remark
[2021-04-30T09:34:00.565+0000][8][gc          ] GC(23) Pause Remark 80M->80M(256M) 6.814ms
[2021-04-30T09:34:00.565+0000][8][gc,cpu      ] GC(23) User=0.02s Sys=0.00s Real=0.00s
[2021-04-30T09:34:00.565+0000][8][safepoint   ] Safepoint "G1Concurrent", Time since last: 9028369 ns, Reaching safepoint: 149421 ns, At safepoint: 6910361 ns, Total: 7059782 ns
[2021-04-30T09:34:00.568+0000][8][gc,marking  ] GC(23) Concurrent Rebuild Remembered Sets
[2021-04-30T09:34:00.659+0000][8][gc,marking  ] GC(23) Concurrent Rebuild Remembered Sets 90.909ms
[2021-04-30T09:34:00.664+0000][8][gc,start    ] GC(23) Pause Cleanup
[2021-04-30T09:34:00.664+0000][8][gc          ] GC(23) Pause Cleanup 86M->86M(256M) 0.129ms
[2021-04-30T09:34:00.664+0000][8][gc,cpu      ] GC(23) User=0.00s Sys=0.00s Real=0.00s
[2021-04-30T09:34:00.664+0000][8][safepoint   ] Safepoint "G1Concurrent", Time since last: 93480821 ns, Reaching safepoint: 4832661 ns, At safepoint: 209332 ns, Total: 5041993 ns
[2021-04-30T09:34:00.664+0000][8][gc,marking  ] GC(23) Concurrent Cleanup for Next Mark
[2021-04-30T09:34:00.664+0000][8][gc,marking  ] GC(23) Concurrent Cleanup for Next Mark 0.260ms
[2021-04-30T09:34:00.664+0000][8][gc          ] GC(23) Concurrent Cycle 194.795ms
[2021-04-30T09:34:01.665+0000][8][safepoint   ] Safepoint "Cleanup", Time since last: 1000103516 ns, Reaching safepoint: 948227 ns, At safepoint: 8844 ns, Total: 957071 ns
[2021-04-30T09:34:02.545+0000][8][gc,start    ] GC(24) Pause Young (Concurrent Start) (G1 Evacuation Pause)
[2021-04-30T09:34:02.545+0000][8][gc,task     ] GC(24) Using 6 workers of 8 for evacuation
[2021-04-30T09:34:02.545+0000][8][gc,age      ] GC(24) Desired survivor size 8388608 bytes, new threshold 15 (max threshold 15)
[2021-04-30T09:34:02.556+0000][8][gc,age      ] GC(24) Age table with threshold 15 (max threshold 15)
[2021-04-30T09:34:02.556+0000][8][gc,age      ] GC(24) - age   1:    6143384 bytes,    6143384 total
[2021-04-30T09:34:02.556+0000][8][gc,age      ] GC(24) - age   2:     575152 bytes,    6718536 total
[2021-04-30T09:34:02.556+0000][8][gc,age      ] GC(24) - age   3:    5544176 bytes,   12262712 total
[2021-04-30T09:34:02.556+0000][8][gc,phases   ] GC(24)   Pre Evacuate Collection Set: 0.1ms
[2021-04-30T09:34:02.556+0000][8][gc,phases   ] GC(24)   Merge Heap Roots: 0.1ms
[2021-04-30T09:34:02.556+0000][8][gc,phases   ] GC(24)   Evacuate Collection Set: 10.3ms
[2021-04-30T09:34:02.556+0000][8][gc,phases   ] GC(24)   Post Evacuate Collection Set: 0.9ms
[2021-04-30T09:34:02.556+0000][8][gc,phases   ] GC(24)   Other: 0.2ms
[2021-04-30T09:34:02.556+0000][8][gc,heap     ] GC(24) Eden regions: 29->0(28)
[2021-04-30T09:34:02.556+0000][8][gc,heap     ] GC(24) Survivor regions: 2->3(4)
[2021-04-30T09:34:02.556+0000][8][gc,heap     ] GC(24) Old regions: 16->16
[2021-04-30T09:34:02.556+0000][8][gc,heap     ] GC(24) Archive regions: 2->2
[2021-04-30T09:34:02.556+0000][8][gc,heap     ] GC(24) Humongous regions: 0->0
[2021-04-30T09:34:02.556+0000][8][gc,metaspace] GC(24) Metaspace: 79090K(82772K)->79090K(82772K) NonClass: 68429K(71140K)->68429K(71140K) Class: 10660K(11632K)->10660K(11632K)
[2021-04-30T09:34:02.556+0000][8][gc          ] GC(24) Pause Young (Concurrent Start) (G1 Evacuation Pause) 188M->77M(256M) 11.652ms
[2021-04-30T09:34:02.556+0000][8][gc,cpu      ] GC(24) User=0.06s Sys=0.00s Real=0.01s
[2021-04-30T09:34:02.556+0000][8][safepoint   ] Safepoint "G1CollectForAllocation", Time since last: 879635490 ns, Reaching safepoint: 115335 ns, At safepoint: 11722704 ns, Total: 11838039 ns
[2021-04-30T09:34:02.556+0000][8][gc          ] GC(25) Concurrent Cycle
[2021-04-30T09:34:02.556+0000][8][gc,marking  ] GC(25) Concurrent Clear Claimed Marks
[2021-04-30T09:34:02.557+0000][8][gc,marking  ] GC(25) Concurrent Clear Claimed Marks 0.067ms
[2021-04-30T09:34:02.557+0000][8][gc,marking  ] GC(25) Concurrent Scan Root Regions
[2021-04-30T09:34:02.565+0000][8][gc,marking  ] GC(25) Concurrent Scan Root Regions 8.776ms
[2021-04-30T09:34:02.565+0000][8][gc,marking  ] GC(25) Concurrent Mark (22.880s)
[2021-04-30T09:34:02.565+0000][8][gc,marking  ] GC(25) Concurrent Mark From Roots
[2021-04-30T09:34:02.565+0000][8][gc,task     ] GC(25) Using 2 workers of 2 for marking
[2021-04-30T09:34:02.647+0000][8][gc,marking  ] GC(25) Concurrent Mark From Roots 81.571ms
[2021-04-30T09:34:02.647+0000][8][gc,marking  ] GC(25) Concurrent Preclean
[2021-04-30T09:34:02.647+0000][8][gc,marking  ] GC(25) Concurrent Preclean 0.198ms
[2021-04-30T09:34:02.647+0000][8][gc,marking  ] GC(25) Concurrent Mark (22.880s, 22.962s) 81.820ms
[2021-04-30T09:34:02.647+0000][8][gc,start    ] GC(25) Pause Remark
[2021-04-30T09:34:02.650+0000][8][gc          ] GC(25) Pause Remark 83M->83M(256M) 2.322ms
[2021-04-30T09:34:02.650+0000][8][gc,cpu      ] GC(25) User=0.01s Sys=0.00s Real=0.01s
[2021-04-30T09:34:02.650+0000][8][safepoint   ] Safepoint "G1Concurrent", Time since last: 90793519 ns, Reaching safepoint: 141411 ns, At safepoint: 2387064 ns, Total: 2528475 ns
[2021-04-30T09:34:02.650+0000][8][gc,marking  ] GC(25) Concurrent Rebuild Remembered Sets
[2021-04-30T09:34:02.713+0000][8][gc,marking  ] GC(25) Concurrent Rebuild Remembered Sets 63.715ms
[2021-04-30T09:34:02.714+0000][8][gc,start    ] GC(25) Pause Cleanup
[2021-04-30T09:34:02.714+0000][8][gc          ] GC(25) Pause Cleanup 85M->85M(256M) 0.070ms
[2021-04-30T09:34:02.714+0000][8][gc,cpu      ] GC(25) User=0.00s Sys=0.00s Real=0.00s
[2021-04-30T09:34:02.714+0000][8][safepoint   ] Safepoint "G1Concurrent", Time since last: 63799351 ns, Reaching safepoint: 237503 ns, At safepoint: 109959 ns, Total: 347462 ns
[2021-04-30T09:34:02.714+0000][8][gc,marking  ] GC(25) Concurrent Cleanup for Next Mark
[2021-04-30T09:34:02.714+0000][8][gc,marking  ] GC(25) Concurrent Cleanup for Next Mark 0.278ms
[2021-04-30T09:34:02.714+0000][8][gc          ] GC(25) Concurrent Cycle 157.776ms
[2021-04-30T09:34:03.297+0000][8][safepoint   ] Safepoint "ICBufferFull", Time since last: 583166981 ns, Reaching safepoint: 186297 ns, At safepoint: 8693 ns, Total: 194990 ns
[2021-04-30T09:34:03.962+0000][8][safepoint   ] Safepoint "ICBufferFull", Time since last: 664133723 ns, Reaching safepoint: 197707 ns, At safepoint: 10238 ns, Total: 207945 ns
[2021-04-30T09:34:04.366+0000][8][gc,start    ] GC(26) Pause Young (Normal) (G1 Evacuation Pause)
[2021-04-30T09:34:04.366+0000][8][gc,task     ] GC(26) Using 6 workers of 8 for evacuation
[2021-04-30T09:34:04.366+0000][8][gc,age      ] GC(26) Desired survivor size 8388608 bytes, new threshold 3 (max threshold 15)
[2021-04-30T09:34:04.388+0000][8][gc,age      ] GC(26) Age table with threshold 3 (max threshold 15)
[2021-04-30T09:34:04.388+0000][8][gc,age      ] GC(26) - age   1:    4733808 bytes,    4733808 total
[2021-04-30T09:34:04.388+0000][8][gc,age      ] GC(26) - age   2:    5962472 bytes,   10696280 total
[2021-04-30T09:34:04.388+0000][8][gc,age      ] GC(26) - age   3:     574192 bytes,   11270472 total
[2021-04-30T09:34:04.388+0000][8][gc,phases   ] GC(26)   Pre Evacuate Collection Set: 0.1ms
[2021-04-30T09:34:04.388+0000][8][gc,phases   ] GC(26)   Merge Heap Roots: 0.1ms
[2021-04-30T09:34:04.388+0000][8][gc,phases   ] GC(26)   Evacuate Collection Set: 19.9ms
[2021-04-30T09:34:04.388+0000][8][gc,phases   ] GC(26)   Post Evacuate Collection Set: 1.1ms
[2021-04-30T09:34:04.388+0000][8][gc,phases   ] GC(26)   Other: 0.2ms
[2021-04-30T09:34:04.388+0000][8][gc,heap     ] GC(26) Eden regions: 28->0(27)
[2021-04-30T09:34:04.388+0000][8][gc,heap     ] GC(26) Survivor regions: 3->3(4)
[2021-04-30T09:34:04.388+0000][8][gc,heap     ] GC(26) Old regions: 16->17
[2021-04-30T09:34:04.388+0000][8][gc,heap     ] GC(26) Archive regions: 2->2
[2021-04-30T09:34:04.388+0000][8][gc,heap     ] GC(26) Humongous regions: 0->0
[2021-04-30T09:34:04.388+0000][8][gc,metaspace] GC(26) Metaspace: 88855K(93012K)->88855K(93012K) NonClass: 76799K(79844K)->76799K(79844K) Class: 12056K(13168K)->12056K(13168K)
[2021-04-30T09:34:04.388+0000][8][gc          ] GC(26) Pause Young (Normal) (G1 Evacuation Pause) 189M->83M(256M) 21.525ms
[2021-04-30T09:34:04.388+0000][8][gc,cpu      ] GC(26) User=0.12s Sys=0.00s Real=0.02s
[2021-04-30T09:34:04.388+0000][8][safepoint   ] Safepoint "G1CollectForAllocation", Time since last: 404496410 ns, Reaching safepoint: 175611 ns, At safepoint: 21625268 ns, Total: 21800879 ns
[2021-04-30T09:34:04.518+0000][8][gc,start    ] GC(27) Pause Young (Concurrent Start) (G1 Humongous Allocation)
[2021-04-30T09:34:04.518+0000][8][gc,task     ] GC(27) Using 6 workers of 8 for evacuation
[2021-04-30T09:34:04.518+0000][8][gc,age      ] GC(27) Desired survivor size 8388608 bytes, new threshold 2 (max threshold 15)
[2021-04-30T09:34:04.533+0000][8][gc,age      ] GC(27) Age table with threshold 2 (max threshold 15)
[2021-04-30T09:34:04.533+0000][8][gc,age      ] GC(27) - age   1:     267264 bytes,     267264 total
[2021-04-30T09:34:04.533+0000][8][gc,age      ] GC(27) - age   2:    4602080 bytes,    4869344 total
[2021-04-30T09:34:04.533+0000][8][gc,phases   ] GC(27)   Pre Evacuate Collection Set: 0.1ms
[2021-04-30T09:34:04.533+0000][8][gc,phases   ] GC(27)   Merge Heap Roots: 0.1ms
[2021-04-30T09:34:04.533+0000][8][gc,phases   ] GC(27)   Evacuate Collection Set: 13.2ms
[2021-04-30T09:34:04.533+0000][8][gc,phases   ] GC(27)   Post Evacuate Collection Set: 0.8ms
[2021-04-30T09:34:04.533+0000][8][gc,phases   ] GC(27)   Other: 0.3ms
[2021-04-30T09:34:04.533+0000][8][gc,heap     ] GC(27) Eden regions: 2->0(27)
[2021-04-30T09:34:04.533+0000][8][gc,heap     ] GC(27) Survivor regions: 3->2(4)
[2021-04-30T09:34:04.533+0000][8][gc,heap     ] GC(27) Old regions: 17->19
[2021-04-30T09:34:04.533+0000][8][gc,heap     ] GC(27) Archive regions: 2->2
[2021-04-30T09:34:04.533+0000][8][gc,heap     ] GC(27) Humongous regions: 0->0
[2021-04-30T09:34:04.533+0000][8][gc,metaspace] GC(27) Metaspace: 89319K(93396K)->89319K(93396K) NonClass: 77206K(80100K)->77206K(80100K) Class: 12113K(13296K)->12113K(13296K)
[2021-04-30T09:34:04.533+0000][8][gc          ] GC(27) Pause Young (Concurrent Start) (G1 Humongous Allocation) 89M->83M(256M) 14.592ms
[2021-04-30T09:34:04.533+0000][8][gc,cpu      ] GC(27) User=0.11s Sys=0.00s Real=0.01s
[2021-04-30T09:34:04.533+0000][8][gc          ] GC(28) Concurrent Cycle
[2021-04-30T09:34:04.533+0000][8][safepoint   ] Safepoint "G1TryInitiateConcMark", Time since last: 130219980 ns, Reaching safepoint: 233675 ns, At safepoint: 14707734 ns, Total: 14941409 ns
[2021-04-30T09:34:04.533+0000][8][gc,marking  ] GC(28) Concurrent Clear Claimed Marks
[2021-04-30T09:34:04.533+0000][8][gc,marking  ] GC(28) Concurrent Clear Claimed Marks 0.124ms
[2021-04-30T09:34:04.533+0000][8][gc,marking  ] GC(28) Concurrent Scan Root Regions
[2021-04-30T09:34:04.545+0000][8][gc,marking  ] GC(28) Concurrent Scan Root Regions 11.792ms
[2021-04-30T09:34:04.545+0000][8][gc,marking  ] GC(28) Concurrent Mark (24.860s)
[2021-04-30T09:34:04.545+0000][8][gc,marking  ] GC(28) Concurrent Mark From Roots
[2021-04-30T09:34:04.545+0000][8][gc,task     ] GC(28) Using 2 workers of 2 for marking
[2021-04-30T09:34:04.685+0000][8][gc,marking  ] GC(28) Concurrent Mark From Roots 140.140ms
[2021-04-30T09:34:04.685+0000][8][gc,marking  ] GC(28) Concurrent Preclean
[2021-04-30T09:34:04.686+0000][8][gc,marking  ] GC(28) Concurrent Preclean 0.260ms
[2021-04-30T09:34:04.686+0000][8][gc,marking  ] GC(28) Concurrent Mark (24.860s, 25.000s) 140.480ms
[2021-04-30T09:34:04.686+0000][8][gc,start    ] GC(28) Pause Remark
[2021-04-30T09:34:04.691+0000][8][gc          ] GC(28) Pause Remark 94M->94M(256M) 5.631ms
[2021-04-30T09:34:04.691+0000][8][gc,cpu      ] GC(28) User=0.03s Sys=0.00s Real=0.01s
[2021-04-30T09:34:04.691+0000][8][safepoint   ] Safepoint "G1Concurrent", Time since last: 152526801 ns, Reaching safepoint: 116741 ns, At safepoint: 5752857 ns, Total: 5869598 ns
[2021-04-30T09:34:04.691+0000][8][gc,marking  ] GC(28) Concurrent Rebuild Remembered Sets
[2021-04-30T09:34:04.804+0000][8][gc,marking  ] GC(28) Concurrent Rebuild Remembered Sets 112.328ms
[2021-04-30T09:34:04.804+0000][8][gc,start    ] GC(28) Pause Cleanup
[2021-04-30T09:34:04.804+0000][8][gc          ] GC(28) Pause Cleanup 97M->97M(256M) 0.304ms
[2021-04-30T09:34:04.804+0000][8][gc,cpu      ] GC(28) User=0.00s Sys=0.00s Real=0.00s
[2021-04-30T09:34:04.805+0000][8][safepoint   ] Safepoint "G1Concurrent", Time since last: 112486901 ns, Reaching safepoint: 217018 ns, At safepoint: 386717 ns, Total: 603735 ns
[2021-04-30T09:34:04.805+0000][8][gc,marking  ] GC(28) Concurrent Cleanup for Next Mark
[2021-04-30T09:34:04.805+0000][8][gc,marking  ] GC(28) Concurrent Cleanup for Next Mark 0.248ms
[2021-04-30T09:34:04.805+0000][8][gc          ] GC(28) Concurrent Cycle 271.831ms
[2021-04-30T09:34:05.105+0000][8][safepoint   ] Safepoint "ICBufferFull", Time since last: 300277518 ns, Reaching safepoint: 586361 ns, At safepoint: 18823 ns, Total: 605184 ns
[2021-04-30T09:34:05.585+0000][8][safepoint   ] Safepoint "ICBufferFull", Time since last: 478824146 ns, Reaching safepoint: 310193 ns, At safepoint: 13992 ns, Total: 324185 ns
[2021-04-30T09:34:05.984+0000][8][safepoint   ] Safepoint "ICBufferFull", Time since last: 399322179 ns, Reaching safepoint: 243379 ns, At safepoint: 16555 ns, Total: 259934 ns
[2021-04-30T09:34:05.997+0000][8][gc,start    ] GC(29) Pause Young (Normal) (G1 Evacuation Pause)
[2021-04-30T09:34:05.997+0000][8][gc,task     ] GC(29) Using 6 workers of 8 for evacuation
[2021-04-30T09:34:05.997+0000][8][gc,age      ] GC(29) Desired survivor size 8388608 bytes, new threshold 15 (max threshold 15)
[2021-04-30T09:34:06.024+0000][8][gc,age      ] GC(29) Age table with threshold 15 (max threshold 15)
[2021-04-30T09:34:06.024+0000][8][gc,age      ] GC(29) - age   1:   12530944 bytes,   12530944 total
[2021-04-30T09:34:06.024+0000][8][gc,age      ] GC(29) - age   2:     170992 bytes,   12701936 total
[2021-04-30T09:34:06.024+0000][8][gc,age      ] GC(29) - age   3:    4052288 bytes,   16754224 total
[2021-04-30T09:34:06.024+0000][8][gc,phases   ] GC(29)   Pre Evacuate Collection Set: 0.1ms
[2021-04-30T09:34:06.024+0000][8][gc,phases   ] GC(29)   Merge Heap Roots: 0.1ms
[2021-04-30T09:34:06.024+0000][8][gc,phases   ] GC(29)   Evacuate Collection Set: 26.0ms
[2021-04-30T09:34:06.024+0000][8][gc,phases   ] GC(29)   Post Evacuate Collection Set: 0.9ms
[2021-04-30T09:34:06.024+0000][8][gc,phases   ] GC(29)   Other: 0.2ms
[2021-04-30T09:34:06.024+0000][8][gc,heap     ] GC(29) Eden regions: 27->0(19)
[2021-04-30T09:34:06.024+0000][8][gc,heap     ] GC(29) Survivor regions: 2->4(4)
[2021-04-30T09:34:06.024+0000][8][gc,heap     ] GC(29) Old regions: 19->21
[2021-04-30T09:34:06.024+0000][8][gc,heap     ] GC(29) Archive regions: 2->2
[2021-04-30T09:34:06.024+0000][8][gc,heap     ] GC(29) Humongous regions: 2->2
[2021-04-30T09:34:06.024+0000][8][gc,metaspace] GC(29) Metaspace: 96137K(100308K)->96137K(100308K) NonClass: 83077K(85988K)->83077K(85988K) Class: 13060K(14320K)->13060K(14320K)
[2021-04-30T09:34:06.024+0000][8][gc          ] GC(29) Pause Young (Normal) (G1 Evacuation Pause) 199M->108M(256M) 27.367ms
[2021-04-30T09:34:06.024+0000][8][gc,cpu      ] GC(29) User=0.16s Sys=0.00s Real=0.02s
[2021-04-30T09:34:06.024+0000][8][safepoint   ] Safepoint "G1CollectForAllocation", Time since last: 12471952 ns, Reaching safepoint: 101659 ns, At safepoint: 27505141 ns, Total: 27606800 ns
[2021-04-30T09:34:06.224+0000][8][safepoint   ] Safepoint "ICBufferFull", Time since last: 199155811 ns, Reaching safepoint: 406560 ns, At safepoint: 25399 ns, Total: 431959 ns
[2021-04-30T09:34:06.635+0000][8][safepoint   ] Safepoint "ICBufferFull", Time since last: 410904901 ns, Reaching safepoint: 351629 ns, At safepoint: 23027 ns, Total: 374656 ns
[2021-04-30T09:34:06.643+0000][8][gc,start    ] GC(30) Pause Young (Concurrent Start) (G1 Evacuation Pause)
[2021-04-30T09:34:06.643+0000][8][gc,task     ] GC(30) Using 6 workers of 8 for evacuation
[2021-04-30T09:34:06.643+0000][8][gc,age      ] GC(30) Desired survivor size 6291456 bytes, new threshold 1 (max threshold 15)
[2021-04-30T09:34:06.683+0000][8][gc,age      ] GC(30) Age table with threshold 1 (max threshold 15)
[2021-04-30T09:34:06.683+0000][8][gc,age      ] GC(30) - age   1:   12581952 bytes,   12581952 total
[2021-04-30T09:34:06.683+0000][8][gc,phases   ] GC(30)   Pre Evacuate Collection Set: 0.1ms
[2021-04-30T09:34:06.683+0000][8][gc,phases   ] GC(30)   Merge Heap Roots: 0.2ms
[2021-04-30T09:34:06.683+0000][8][gc,phases   ] GC(30)   Evacuate Collection Set: 39.1ms
[2021-04-30T09:34:06.683+0000][8][gc,phases   ] GC(30)   Post Evacuate Collection Set: 0.6ms
[2021-04-30T09:34:06.683+0000][8][gc,phases   ] GC(30)   Other: 0.2ms
[2021-04-30T09:34:06.683+0000][8][gc,heap     ] GC(30) Eden regions: 19->0(15)
[2021-04-30T09:34:06.683+0000][8][gc,heap     ] GC(30) Survivor regions: 4->3(3)
[2021-04-30T09:34:06.683+0000][8][gc,heap     ] GC(30) Old regions: 21->25
[2021-04-30T09:34:06.683+0000][8][gc,heap     ] GC(30) Archive regions: 2->2
[2021-04-30T09:34:06.683+0000][8][gc,heap     ] GC(30) Humongous regions: 2->2
[2021-04-30T09:34:06.683+0000][8][gc,metaspace] GC(30) Metaspace: 96439K(100820K)->96439K(100820K) NonClass: 83379K(86500K)->83379K(86500K) Class: 13060K(14320K)->13060K(14320K)
[2021-04-30T09:34:06.683+0000][8][gc          ] GC(30) Pause Young (Concurrent Start) (G1 Evacuation Pause) 184M->121M(256M) 40.330ms
[2021-04-30T09:34:06.683+0000][8][gc,cpu      ] GC(30) User=0.23s Sys=0.00s Real=0.04s
[2021-04-30T09:34:06.683+0000][8][gc          ] GC(31) Concurrent Cycle
[2021-04-30T09:34:06.683+0000][8][safepoint   ] Safepoint "G1CollectForAllocation", Time since last: 7614229 ns, Reaching safepoint: 98345 ns, At safepoint: 40435156 ns, Total: 40533501 ns
[2021-04-30T09:34:06.683+0000][8][gc,marking  ] GC(31) Concurrent Clear Claimed Marks
[2021-04-30T09:34:06.683+0000][8][gc,marking  ] GC(31) Concurrent Clear Claimed Marks 0.105ms
[2021-04-30T09:34:06.683+0000][8][gc,marking  ] GC(31) Concurrent Scan Root Regions
[2021-04-30T09:34:06.720+0000][8][gc,marking  ] GC(31) Concurrent Scan Root Regions 36.356ms
[2021-04-30T09:34:06.720+0000][8][gc,marking  ] GC(31) Concurrent Mark (27.035s)
[2021-04-30T09:34:06.720+0000][8][gc,marking  ] GC(31) Concurrent Mark From Roots
[2021-04-30T09:34:06.720+0000][8][gc,task     ] GC(31) Using 2 workers of 2 for marking
[2021-04-30T09:34:06.860+0000][8][gc,marking  ] GC(31) Concurrent Mark From Roots 139.767ms
[2021-04-30T09:34:06.860+0000][8][gc,marking  ] GC(31) Concurrent Preclean
[2021-04-30T09:34:06.860+0000][8][gc,marking  ] GC(31) Concurrent Preclean 0.308ms
[2021-04-30T09:34:06.860+0000][8][gc,marking  ] GC(31) Concurrent Mark (27.035s, 27.175s) 140.203ms
[2021-04-30T09:34:06.862+0000][8][gc,start    ] GC(31) Pause Remark
[2021-04-30T09:34:06.869+0000][8][gc          ] GC(31) Pause Remark 137M->133M(256M) 6.752ms
[2021-04-30T09:34:06.869+0000][8][gc,cpu      ] GC(31) User=0.03s Sys=0.00s Real=0.01s
[2021-04-30T09:34:06.869+0000][8][safepoint   ] Safepoint "G1Concurrent", Time since last: 176836565 ns, Reaching safepoint: 2284371 ns, At safepoint: 6876101 ns, Total: 9160472 ns
[2021-04-30T09:34:06.870+0000][8][gc,marking  ] GC(31) Concurrent Rebuild Remembered Sets
[2021-04-30T09:34:06.997+0000][8][gc,marking  ] GC(31) Concurrent Rebuild Remembered Sets 127.006ms
[2021-04-30T09:34:06.997+0000][8][gc,start    ] GC(31) Pause Cleanup
[2021-04-30T09:34:06.997+0000][8][gc          ] GC(31) Pause Cleanup 147M->147M(256M) 0.263ms
[2021-04-30T09:34:06.997+0000][8][gc,cpu      ] GC(31) User=0.00s Sys=0.00s Real=0.00s
[2021-04-30T09:34:06.997+0000][8][safepoint   ] Safepoint "G1Concurrent", Time since last: 127518378 ns, Reaching safepoint: 366834 ns, At safepoint: 347764 ns, Total: 714598 ns
[2021-04-30T09:34:06.997+0000][8][gc,marking  ] GC(31) Concurrent Cleanup for Next Mark
[2021-04-30T09:34:06.998+0000][8][gc,marking  ] GC(31) Concurrent Cleanup for Next Mark 0.216ms
[2021-04-30T09:34:06.998+0000][8][gc          ] GC(31) Concurrent Cycle 314.531ms
[2021-04-30T09:34:07.276+0000][8][safepoint   ] Safepoint "ICBufferFull", Time since last: 278779021 ns, Reaching safepoint: 211163 ns, At safepoint: 16326 ns, Total: 227489 ns
[2021-04-30T09:34:08.277+0000][8][safepoint   ] Safepoint "Cleanup", Time since last: 1000268938 ns, Reaching safepoint: 85968 ns, At safepoint: 6579 ns, Total: 92547 ns
[2021-04-30T09:34:09.069+0000][8][safepoint   ] Safepoint "ICBufferFull", Time since last: 791388046 ns, Reaching safepoint: 544406 ns, At safepoint: 53041 ns, Total: 597447 ns
[2021-04-30T09:34:09.077+0000][8][gc,start    ] GC(32) Pause Young (Normal) (G1 Evacuation Pause)
[2021-04-30T09:34:09.077+0000][8][gc,task     ] GC(32) Using 6 workers of 8 for evacuation
[2021-04-30T09:34:09.077+0000][8][gc,age      ] GC(32) Desired survivor size 6291456 bytes, new threshold 1 (max threshold 15)
[2021-04-30T09:34:09.093+0000][8][gc,age      ] GC(32) Age table with threshold 1 (max threshold 15)
[2021-04-30T09:34:09.093+0000][8][gc,age      ] GC(32) - age   1:    3012544 bytes,    3012544 total
[2021-04-30T09:34:09.093+0000][8][gc,phases   ] GC(32)   Pre Evacuate Collection Set: 0.0ms
[2021-04-30T09:34:09.093+0000][8][gc,phases   ] GC(32)   Merge Heap Roots: 0.0ms
[2021-04-30T09:34:09.093+0000][8][gc,phases   ] GC(32)   Evacuate Collection Set: 15.0ms
[2021-04-30T09:34:09.093+0000][8][gc,phases   ] GC(32)   Post Evacuate Collection Set: 0.4ms
[2021-04-30T09:34:09.093+0000][8][gc,phases   ] GC(32)   Other: 0.2ms
[2021-04-30T09:34:09.093+0000][8][gc,heap     ] GC(32) Eden regions: 15->0(16)
[2021-04-30T09:34:09.093+0000][8][gc,heap     ] GC(32) Survivor regions: 3->2(3)
[2021-04-30T09:34:09.093+0000][8][gc,heap     ] GC(32) Old regions: 24->26
[2021-04-30T09:34:09.093+0000][8][gc,heap     ] GC(32) Archive regions: 2->2
[2021-04-30T09:34:09.093+0000][8][gc,heap     ] GC(32) Humongous regions: 2->2
[2021-04-30T09:34:09.093+0000][8][gc,metaspace] GC(32) Metaspace: 97356K(101588K)->97356K(101588K) NonClass: 84205K(87268K)->84205K(87268K) Class: 13150K(14320K)->13150K(14320K)
[2021-04-30T09:34:09.093+0000][8][gc          ] GC(32) Pause Young (Normal) (G1 Evacuation Pause) 177M->118M(256M) 15.781ms
[2021-04-30T09:34:09.093+0000][8][gc,cpu      ] GC(32) User=0.08s Sys=0.00s Real=0.01s
[2021-04-30T09:34:09.093+0000][8][safepoint   ] Safepoint "G1CollectForAllocation", Time since last: 7935193 ns, Reaching safepoint: 217015 ns, At safepoint: 15867938 ns, Total: 16084953 ns
[2021-04-30T09:34:10.095+0000][8][safepoint   ] Safepoint "Cleanup", Time since last: 1002423182 ns, Reaching safepoint: 106680 ns, At safepoint: 5111 ns, Total: 111791 ns
[2021-04-30T09:34:11.096+0000][8][safepoint   ] Safepoint "Cleanup", Time since last: 1000172310 ns, Reaching safepoint: 116399 ns, At safepoint: 5729 ns, Total: 122128 ns
[2021-04-30T09:34:12.096+0000][8][safepoint   ] Safepoint "Cleanup", Time since last: 1000166114 ns, Reaching safepoint: 107397 ns, At safepoint: 11761 ns, Total: 119158 ns
[2021-04-30T09:34:13.096+0000][8][safepoint   ] Safepoint "Cleanup", Time since last: 1000188306 ns, Reaching safepoint: 166391 ns, At safepoint: 8443 ns, Total: 174834 ns
[2021-04-30T09:34:14.097+0000][8][safepoint   ] Safepoint "Cleanup", Time since last: 1000089211 ns, Reaching safepoint: 92867 ns, At safepoint: 4740 ns, Total: 97607 ns
[2021-04-30T09:34:15.097+0000][8][safepoint   ] Safepoint "Cleanup", Time since last: 1000091332 ns, Reaching safepoint: 64131 ns, At safepoint: 5237 ns, Total: 69368 ns
[2021-04-30T09:34:16.097+0000][8][safepoint   ] Safepoint "Cleanup", Time since last: 1000075261 ns, Reaching safepoint: 83189 ns, At safepoint: 3669 ns, Total: 86858 ns
[2021-04-30T09:34:17.097+0000][8][safepoint   ] Safepoint "Cleanup", Time since last: 1000269109 ns, Reaching safepoint: 126534 ns, At safepoint: 6805 ns, Total: 133339 ns
[2021-04-30T09:34:18.098+0000][8][safepoint   ] Safepoint "Cleanup", Time since last: 1000263433 ns, Reaching safepoint: 133266 ns, At safepoint: 6828 ns, Total: 140094 ns
[2021-04-30T09:34:19.098+0000][8][safepoint   ] Safepoint "Cleanup", Time since last: 1000147358 ns, Reaching safepoint: 68451 ns, At safepoint: 4720 ns, Total: 73171 ns
[2021-04-30T09:34:20.098+0000][8][safepoint   ] Safepoint "Cleanup", Time since last: 1000126223 ns, Reaching safepoint: 104921 ns, At safepoint: 6591 ns, Total: 111512 ns
[2021-04-30T09:34:21.098+0000][8][safepoint   ] Safepoint "Cleanup", Time since last: 1000091254 ns, Reaching safepoint: 113123 ns, At safepoint: 6623 ns, Total: 119746 ns
[2021-04-30T09:34:24.099+0000][8][safepoint   ] Safepoint "Cleanup", Time since last: 3000264995 ns, Reaching safepoint: 91669 ns, At safepoint: 6908 ns, Total: 98577 ns
[2021-04-30T09:34:26.099+0000][8][safepoint   ] Safepoint "Cleanup", Time since last: 2000166456 ns, Reaching safepoint: 89866 ns, At safepoint: 6132 ns, Total: 95998 ns
[2021-04-30T09:34:27.099+0000][8][safepoint   ] Safepoint "Cleanup", Time since last: 1000423224 ns, Reaching safepoint: 91965 ns, At safepoint: 5797 ns, Total: 97762 ns
[2021-04-30T09:34:29.100+0000][8][safepoint   ] Safepoint "Cleanup", Time since last: 2000207813 ns, Reaching safepoint: 118707 ns, At safepoint: 6285 ns, Total: 124992 ns
[2021-04-30T09:34:30.100+0000][8][safepoint   ] Safepoint "Cleanup", Time since last: 1000094425 ns, Reaching safepoint: 68496 ns, At safepoint: 4077 ns, Total: 72573 ns
[2021-04-30T09:34:31.100+0000][8][safepoint   ] Safepoint "Cleanup", Time since last: 1000126411 ns, Reaching safepoint: 83878 ns, At safepoint: 4239 ns, Total: 88117 ns
[2021-04-30T09:34:34.101+0000][8][safepoint   ] Safepoint "Cleanup", Time since last: 3000644531 ns, Reaching safepoint: 128059 ns, At safepoint: 7041 ns, Total: 135100 ns
[2021-04-30T09:34:35.101+0000][8][safepoint   ] Safepoint "Cleanup", Time since last: 1000127629 ns, Reaching safepoint: 111763 ns, At safepoint: 3670 ns, Total: 115433 ns
[2021-04-30T09:34:36.102+0000][8][safepoint   ] Safepoint "Cleanup", Time since last: 1000224852 ns, Reaching safepoint: 115134 ns, At safepoint: 5049 ns, Total: 120183 ns
[2021-04-30T09:34:37.102+0000][8][safepoint   ] Safepoint "Cleanup", Time since last: 1000167302 ns, Reaching safepoint: 110073 ns, At safepoint: 5999 ns, Total: 116072 ns
[2021-04-30T09:34:38.102+0000][8][safepoint   ] Safepoint "Cleanup", Time since last: 1000554401 ns, Reaching safepoint: 94738 ns, At safepoint: 4858 ns, Total: 99596 ns
[2021-04-30T09:34:39.103+0000][8][safepoint   ] Safepoint "Cleanup", Time since last: 1000301170 ns, Reaching safepoint: 160782 ns, At safepoint: 6926 ns, Total: 167708 ns
[2021-04-30T09:34:40.103+0000][8][safepoint   ] Safepoint "Cleanup", Time since last: 1000126835 ns, Reaching safepoint: 132063 ns, At safepoint: 7032 ns, Total: 139095 ns
[2021-04-30T09:34:41.104+0000][8][safepoint   ] Safepoint "Cleanup", Time since last: 1000227874 ns, Reaching safepoint: 178314 ns, At safepoint: 6787 ns, Total: 185101 ns
[2021-04-30T09:34:42.104+0000][8][safepoint   ] Safepoint "Cleanup", Time since last: 1000182743 ns, Reaching safepoint: 162110 ns, At safepoint: 5591 ns, Total: 167701 ns
[2021-04-30T09:34:44.105+0000][8][safepoint   ] Safepoint "Cleanup", Time since last: 2000677908 ns, Reaching safepoint: 122270 ns, At safepoint: 6327 ns, Total: 128597 ns
[2021-04-30T09:34:45.105+0000][8][safepoint   ] Safepoint "Cleanup", Time since last: 1000142609 ns, Reaching safepoint: 103174 ns, At safepoint: 6332 ns, Total: 109506 ns
[2021-04-30T09:34:50.106+0000][8][safepoint   ] Safepoint "Cleanup", Time since last: 5001053869 ns, Reaching safepoint: 92158 ns, At safepoint: 5772 ns, Total: 97930 ns
[2021-04-30T09:34:51.106+0000][8][safepoint   ] Safepoint "Cleanup", Time since last: 1000123380 ns, Reaching safepoint: 90699 ns, At safepoint: 5310 ns, Total: 96009 ns
[2021-04-30T09:34:52.107+0000][8][safepoint   ] Safepoint "Cleanup", Time since last: 1000134494 ns, Reaching safepoint: 96736 ns, At safepoint: 7558 ns, Total: 104294 ns
[2021-04-30T09:34:53.107+0000][8][safepoint   ] Safepoint "Cleanup", Time since last: 1000104485 ns, Reaching safepoint: 93823 ns, At safepoint: 6997 ns, Total: 100820 ns
[2021-04-30T09:34:54.107+0000][8][safepoint   ] Safepoint "Cleanup", Time since last: 1000132154 ns, Reaching safepoint: 69055 ns, At safepoint: 4663 ns, Total: 73718 ns
[2021-04-30T09:34:57.108+0000][8][safepoint   ] Safepoint "Cleanup", Time since last: 3000603662 ns, Reaching safepoint: 81257 ns, At safepoint: 5691 ns, Total: 86948 ns
[2021-04-30T09:34:59.108+0000][8][safepoint   ] Safepoint "Cleanup", Time since last: 2000329417 ns, Reaching safepoint: 145260 ns, At safepoint: 6243 ns, Total: 151503 ns
[2021-04-30T09:35:00.108+0000][8][safepoint   ] Safepoint "Cleanup", Time since last: 1000089297 ns, Reaching safepoint: 73851 ns, At safepoint: 5391 ns, Total: 79242 ns
[2021-04-30T09:35:01.109+0000][8][safepoint   ] Safepoint "Cleanup", Time since last: 1000092666 ns, Reaching safepoint: 83926 ns, At safepoint: 5632 ns, Total: 89558 ns
[2021-04-30T09:35:02.109+0000][8][safepoint   ] Safepoint "Cleanup", Time since last: 1000360616 ns, Reaching safepoint: 99256 ns, At safepoint: 5520 ns, Total: 104776 ns
[2021-04-30T09:35:03.109+0000][8][safepoint   ] Safepoint "Cleanup", Time since last: 1000128993 ns, Reaching safepoint: 124130 ns, At safepoint: 6447 ns, Total: 130577 ns
[2021-04-30T09:35:04.110+0000][8][safepoint   ] Safepoint "Cleanup", Time since last: 1000141387 ns, Reaching safepoint: 76004 ns, At safepoint: 4840 ns, Total: 80844 ns
[2021-04-30T09:35:06.087+0000][8][gc,start    ] GC(33) Pause Young (Concurrent Start) (G1 Evacuation Pause)
[2021-04-30T09:35:06.087+0000][8][gc,task     ] GC(33) Using 6 workers of 8 for evacuation
[2021-04-30T09:35:06.087+0000][8][gc,age      ] GC(33) Desired survivor size 6291456 bytes, new threshold 15 (max threshold 15)
[2021-04-30T09:35:06.092+0000][8][gc,age      ] GC(33) Age table with threshold 15 (max threshold 15)
[2021-04-30T09:35:06.092+0000][8][gc,age      ] GC(33) - age   1:    2681592 bytes,    2681592 total
[2021-04-30T09:35:06.092+0000][8][gc,age      ] GC(33) - age   2:    2482240 bytes,    5163832 total
[2021-04-30T09:35:06.092+0000][8][gc,phases   ] GC(33)   Pre Evacuate Collection Set: 0.1ms
[2021-04-30T09:35:06.092+0000][8][gc,phases   ] GC(33)   Merge Heap Roots: 0.0ms
[2021-04-30T09:35:06.092+0000][8][gc,phases   ] GC(33)   Evacuate Collection Set: 3.9ms
[2021-04-30T09:35:06.092+0000][8][gc,phases   ] GC(33)   Post Evacuate Collection Set: 0.5ms
[2021-04-30T09:35:06.092+0000][8][gc,phases   ] GC(33)   Other: 0.2ms
[2021-04-30T09:35:06.092+0000][8][gc,heap     ] GC(33) Eden regions: 16->0(16)
[2021-04-30T09:35:06.092+0000][8][gc,heap     ] GC(33) Survivor regions: 2->2(3)
[2021-04-30T09:35:06.092+0000][8][gc,heap     ] GC(33) Old regions: 26->26
[2021-04-30T09:35:06.092+0000][8][gc,heap     ] GC(33) Archive regions: 2->2
[2021-04-30T09:35:06.092+0000][8][gc,heap     ] GC(33) Humongous regions: 2->2
[2021-04-30T09:35:06.092+0000][8][gc,metaspace] GC(33) Metaspace: 100528K(104660K)->100528K(104660K) NonClass: 86946K(89828K)->86946K(89828K) Class: 13582K(14832K)->13582K(14832K)
[2021-04-30T09:35:06.092+0000][8][gc          ] GC(33) Pause Young (Concurrent Start) (G1 Evacuation Pause) 182M->118M(256M) 4.822ms
[2021-04-30T09:35:06.092+0000][8][gc,cpu      ] GC(33) User=0.03s Sys=0.00s Real=0.01s
[2021-04-30T09:35:06.092+0000][8][gc          ] GC(34) Concurrent Cycle
[2021-04-30T09:35:06.092+0000][8][safepoint   ] Safepoint "G1CollectForAllocation", Time since last: 1977573951 ns, Reaching safepoint: 91072 ns, At safepoint: 4894323 ns, Total: 4985395 ns
[2021-04-30T09:35:06.092+0000][8][gc,marking  ] GC(34) Concurrent Clear Claimed Marks
[2021-04-30T09:35:06.092+0000][8][gc,marking  ] GC(34) Concurrent Clear Claimed Marks 0.089ms
[2021-04-30T09:35:06.092+0000][8][gc,marking  ] GC(34) Concurrent Scan Root Regions
[2021-04-30T09:35:06.096+0000][8][gc,marking  ] GC(34) Concurrent Scan Root Regions 3.326ms
[2021-04-30T09:35:06.096+0000][8][gc,marking  ] GC(34) Concurrent Mark (86.410s)
[2021-04-30T09:35:06.096+0000][8][gc,marking  ] GC(34) Concurrent Mark From Roots
[2021-04-30T09:35:06.096+0000][8][gc,task     ] GC(34) Using 2 workers of 2 for marking
[2021-04-30T09:35:06.172+0000][8][gc,marking  ] GC(34) Concurrent Mark From Roots 76.568ms
[2021-04-30T09:35:06.172+0000][8][gc,marking  ] GC(34) Concurrent Preclean
[2021-04-30T09:35:06.172+0000][8][gc,marking  ] GC(34) Concurrent Preclean 0.160ms
[2021-04-30T09:35:06.172+0000][8][gc,marking  ] GC(34) Concurrent Mark (86.410s, 86.487s) 76.772ms
[2021-04-30T09:35:06.173+0000][8][gc,start    ] GC(34) Pause Remark
[2021-04-30T09:35:06.179+0000][8][gc          ] GC(34) Pause Remark 119M->119M(256M) 6.910ms
[2021-04-30T09:35:06.179+0000][8][gc,cpu      ] GC(34) User=0.04s Sys=0.00s Real=0.01s
[2021-04-30T09:35:06.179+0000][8][safepoint   ] Safepoint "G1Concurrent", Time since last: 80298962 ns, Reaching safepoint: 118706 ns, At safepoint: 6976916 ns, Total: 7095622 ns
[2021-04-30T09:35:06.180+0000][8][gc,marking  ] GC(34) Concurrent Rebuild Remembered Sets
[2021-04-30T09:35:06.232+0000][8][gc,marking  ] GC(34) Concurrent Rebuild Remembered Sets 52.838ms
[2021-04-30T09:35:06.233+0000][8][gc,start    ] GC(34) Pause Cleanup
[2021-04-30T09:35:06.233+0000][8][gc          ] GC(34) Pause Cleanup 119M->119M(256M) 0.073ms
[2021-04-30T09:35:06.233+0000][8][gc,cpu      ] GC(34) User=0.00s Sys=0.00s Real=0.00s
[2021-04-30T09:35:06.233+0000][8][safepoint   ] Safepoint "G1Concurrent", Time since last: 52979271 ns, Reaching safepoint: 230109 ns, At safepoint: 114903 ns, Total: 345012 ns
[2021-04-30T09:35:06.233+0000][8][gc,marking  ] GC(34) Concurrent Cleanup for Next Mark
[2021-04-30T09:35:06.233+0000][8][gc,marking  ] GC(34) Concurrent Cleanup for Next Mark 0.196ms
[2021-04-30T09:35:06.233+0000][8][gc          ] GC(34) Concurrent Cycle 140.989ms
[2021-04-30T09:35:07.233+0000][8][safepoint   ] Safepoint "Cleanup", Time since last: 1000128210 ns, Reaching safepoint: 142428 ns, At safepoint: 5500 ns, Total: 147928 ns
[2021-04-30T09:35:08.233+0000][8][safepoint   ] Safepoint "Cleanup", Time since last: 1000163966 ns, Reaching safepoint: 132222 ns, At safepoint: 6335 ns, Total: 138557 ns
[2021-04-30T09:35:09.234+0000][8][safepoint   ] Safepoint "Cleanup", Time since last: 1000132121 ns, Reaching safepoint: 155957 ns, At safepoint: 7106 ns, Total: 163063 ns
[2021-04-30T09:35:10.234+0000][8][safepoint   ] Safepoint "Cleanup", Time since last: 1000248487 ns, Reaching safepoint: 98781 ns, At safepoint: 7735 ns, Total: 106516 ns
[2021-04-30T09:35:11.234+0000][8][safepoint   ] Safepoint "Cleanup", Time since last: 1000095261 ns, Reaching safepoint: 130437 ns, At safepoint: 6466 ns, Total: 136903 ns
[2021-04-30T09:35:12.235+0000][8][safepoint   ] Safepoint "Cleanup", Time since last: 1000221962 ns, Reaching safepoint: 132896 ns, At safepoint: 6632 ns, Total: 139528 ns
[2021-04-30T09:35:13.235+0000][8][safepoint   ] Safepoint "Cleanup", Time since last: 1000126158 ns, Reaching safepoint: 76821 ns, At safepoint: 6354 ns, Total: 83175 ns
[2021-04-30T09:35:14.235+0000][8][safepoint   ] Safepoint "Cleanup", Time since last: 1000204356 ns, Reaching safepoint: 141588 ns, At safepoint: 7584 ns, Total: 149172 ns
[2021-04-30T09:35:18.236+0000][8][safepoint   ] Safepoint "Cleanup", Time since last: 4000373048 ns, Reaching safepoint: 111596 ns, At safepoint: 6724 ns, Total: 118320 ns
[2021-04-30T09:35:19.236+0000][8][safepoint   ] Safepoint "Cleanup", Time since last: 1000094877 ns, Reaching safepoint: 173315 ns, At safepoint: 5946 ns, Total: 179261 ns
[2021-04-30T09:35:20.236+0000][8][safepoint   ] Safepoint "Cleanup", Time since last: 1000321269 ns, Reaching safepoint: 78953 ns, At safepoint: 5131 ns, Total: 84084 ns
[2021-04-30T09:35:21.237+0000][8][safepoint   ] Safepoint "Cleanup", Time since last: 1000291508 ns, Reaching safepoint: 100587 ns, At safepoint: 6382 ns, Total: 106969 ns
[2021-04-30T09:35:23.237+0000][8][safepoint   ] Safepoint "Cleanup", Time since last: 2000161232 ns, Reaching safepoint: 124340 ns, At safepoint: 6004 ns, Total: 130344 ns
[2021-04-30T09:35:26.238+0000][8][safepoint   ] Safepoint "Cleanup", Time since last: 3000367980 ns, Reaching safepoint: 196426 ns, At safepoint: 6962 ns, Total: 203388 ns
[2021-04-30T09:35:28.238+0000][8][safepoint   ] Safepoint "Cleanup", Time since last: 2000194584 ns, Reaching safepoint: 79609 ns, At safepoint: 4947 ns, Total: 84556 ns
[2021-04-30T09:35:29.238+0000][8][safepoint   ] Safepoint "Cleanup", Time since last: 1000096326 ns, Reaching safepoint: 104889 ns, At safepoint: 11781 ns, Total: 116670 ns
[2021-04-30T09:35:31.238+0000][8][safepoint   ] Safepoint "Cleanup", Time since last: 2000212681 ns, Reaching safepoint: 141672 ns, At safepoint: 7290 ns, Total: 148962 ns
[2021-04-30T09:35:34.239+0000][8][safepoint   ] Safepoint "Cleanup", Time since last: 3000273825 ns, Reaching safepoint: 132776 ns, At safepoint: 6432 ns, Total: 139208 ns
[2021-04-30T09:35:35.239+0000][8][safepoint   ] Safepoint "Cleanup", Time since last: 1000118691 ns, Reaching safepoint: 117108 ns, At safepoint: 7933 ns, Total: 125041 ns
[2021-04-30T09:35:36.240+0000][8][safepoint   ] Safepoint "Cleanup", Time since last: 1000280391 ns, Reaching safepoint: 107966 ns, At safepoint: 7001 ns, Total: 114967 ns
[2021-04-30T09:35:38.240+0000][8][safepoint   ] Safepoint "Cleanup", Time since last: 2000403578 ns, Reaching safepoint: 68461 ns, At safepoint: 6036 ns, Total: 74497 ns
[2021-04-30T09:35:39.240+0000][8][safepoint   ] Safepoint "Cleanup", Time since last: 1000103183 ns, Reaching safepoint: 104648 ns, At safepoint: 6302 ns, Total: 110950 ns
[2021-04-30T09:35:41.241+0000][8][safepoint   ] Safepoint "Cleanup", Time since last: 2000160000 ns, Reaching safepoint: 150972 ns, At safepoint: 12113 ns, Total: 163085 ns
[2021-04-30T09:35:42.241+0000][8][safepoint   ] Safepoint "Cleanup", Time since last: 1000149318 ns, Reaching safepoint: 119251 ns, At safepoint: 5356 ns, Total: 124607 ns
[2021-04-30T09:35:43.241+0000][8][safepoint   ] Safepoint "Cleanup", Time since last: 1000212530 ns, Reaching safepoint: 98168 ns, At safepoint: 5849 ns, Total: 104017 ns
[2021-04-30T09:35:44.241+0000][8][safepoint   ] Safepoint "Cleanup", Time since last: 1000092576 ns, Reaching safepoint: 69407 ns, At safepoint: 5243 ns, Total: 74650 ns
[2021-04-30T09:35:45.242+0000][8][safepoint   ] Safepoint "Cleanup", Time since last: 1000248907 ns, Reaching safepoint: 99429 ns, At safepoint: 4827 ns, Total: 104256 ns
[2021-04-30T09:35:46.242+0000][8][safepoint   ] Safepoint "Cleanup", Time since last: 1000130143 ns, Reaching safepoint: 81331 ns, At safepoint: 6353 ns, Total: 87684 ns
[2021-04-30T09:35:48.242+0000][8][safepoint   ] Safepoint "Cleanup", Time since last: 2000483890 ns, Reaching safepoint: 85236 ns, At safepoint: 5176 ns, Total: 90412 ns
[2021-04-30T09:35:53.243+0000][8][safepoint   ] Safepoint "Cleanup", Time since last: 5000502817 ns, Reaching safepoint: 118556 ns, At safepoint: 6501 ns, Total: 125057 ns
[2021-04-30T09:35:58.244+0000][8][safepoint   ] Safepoint "Cleanup", Time since last: 5000401428 ns, Reaching safepoint: 74374 ns, At safepoint: 6668 ns, Total: 81042 ns
[2021-04-30T09:36:01.244+0000][8][safepoint   ] Safepoint "Cleanup", Time since last: 3000263403 ns, Reaching safepoint: 87895 ns, At safepoint: 5820 ns, Total: 93715 ns
[2021-04-30T09:36:03.244+0000][8][safepoint   ] Safepoint "Cleanup", Time since last: 2000355232 ns, Reaching safepoint: 87409 ns, At safepoint: 6383 ns, Total: 93792 ns
[2021-04-30T09:36:04.245+0000][8][safepoint   ] Safepoint "Cleanup", Time since last: 1000266480 ns, Reaching safepoint: 70598 ns, At safepoint: 4994 ns, Total: 75592 ns
[2021-04-30T09:36:09.246+0000][8][safepoint   ] Safepoint "Cleanup", Time since last: 5000837522 ns, Reaching safepoint: 140734 ns, At safepoint: 7085 ns, Total: 147819 ns
[2021-04-30T09:36:10.246+0000][8][safepoint   ] Safepoint "Cleanup", Time since last: 1000098004 ns, Reaching safepoint: 100239 ns, At safepoint: 6191 ns, Total: 106430 ns
[2021-04-30T09:36:11.246+0000][8][safepoint   ] Safepoint "Cleanup", Time since last: 1000095180 ns, Reaching safepoint: 85938 ns, At safepoint: 6243 ns, Total: 92181 ns
[2021-04-30T09:36:12.246+0000][8][safepoint   ] Safepoint "Cleanup", Time since last: 1000229410 ns, Reaching safepoint: 175727 ns, At safepoint: 7207 ns, Total: 182934 ns
[2021-04-30T09:36:15.247+0000][8][safepoint   ] Safepoint "Cleanup", Time since last: 3000415276 ns, Reaching safepoint: 70699 ns, At safepoint: 6210 ns, Total: 76909 ns
[2021-04-30T09:36:16.247+0000][8][safepoint   ] Safepoint "Cleanup", Time since last: 1000102287 ns, Reaching safepoint: 136291 ns, At safepoint: 8677 ns, Total: 144968 ns
[2021-04-30T09:36:18.248+0000][8][safepoint   ] Safepoint "Cleanup", Time since last: 2000339564 ns, Reaching safepoint: 188515 ns, At safepoint: 8051 ns, Total: 196566 ns
[2021-04-30T09:36:23.248+0000][8][safepoint   ] Safepoint "Cleanup", Time since last: 5000473854 ns, Reaching safepoint: 84945 ns, At safepoint: 7218 ns, Total: 92163 ns
[2021-04-30T09:36:24.249+0000][8][safepoint   ] Safepoint "Cleanup", Time since last: 1000237287 ns, Reaching safepoint: 75000 ns, At safepoint: 4971 ns, Total: 79971 ns
[2021-04-30T09:36:26.249+0000][8][safepoint   ] Safepoint "Cleanup", Time since last: 2000238700 ns, Reaching safepoint: 112437 ns, At safepoint: 5346 ns, Total: 117783 ns
[2021-04-30T09:36:27.249+0000][8][safepoint   ] Safepoint "Cleanup", Time since last: 1000089109 ns, Reaching safepoint: 107161 ns, At safepoint: 6903 ns, Total: 114064 ns
[2021-04-30T09:36:29.250+0000][8][safepoint   ] Safepoint "Cleanup", Time since last: 2000187233 ns, Reaching safepoint: 117338 ns, At safepoint: 7162 ns, Total: 124500 ns
[2021-04-30T09:36:31.250+0000][8][safepoint   ] Safepoint "Cleanup", Time since last: 2000153248 ns, Reaching safepoint: 90773 ns, At safepoint: 6149 ns, Total: 96922 ns
[2021-04-30T09:36:33.250+0000][8][safepoint   ] Safepoint "Cleanup", Time since last: 2000248577 ns, Reaching safepoint: 85260 ns, At safepoint: 8339 ns, Total: 93599 ns
[2021-04-30T09:36:34.250+0000][8][safepoint   ] Safepoint "Cleanup", Time since last: 1000099222 ns, Reaching safepoint: 76886 ns, At safepoint: 4396 ns, Total: 81282 ns
[2021-04-30T09:36:36.251+0000][8][safepoint   ] Safepoint "Cleanup", Time since last: 2000271667 ns, Reaching safepoint: 117594 ns, At safepoint: 8376 ns, Total: 125970 ns
[2021-04-30T09:36:38.251+0000][8][safepoint   ] Safepoint "Cleanup", Time since last: 2000267115 ns, Reaching safepoint: 88164 ns, At safepoint: 6148 ns, Total: 94312 ns
[2021-04-30T09:36:39.251+0000][8][safepoint   ] Safepoint "Cleanup", Time since last: 1000091455 ns, Reaching safepoint: 90604 ns, At safepoint: 9334 ns, Total: 99938 ns
[2021-04-30T09:36:40.251+0000][8][safepoint   ] Safepoint "Cleanup", Time since last: 1000094378 ns, Reaching safepoint: 77116 ns, At safepoint: 7396 ns, Total: 84512 ns
[2021-04-30T09:36:41.252+0000][8][safepoint   ] Safepoint "Cleanup", Time since last: 1000095747 ns, Reaching safepoint: 70997 ns, At safepoint: 3953 ns, Total: 74950 ns
[2021-04-30T09:36:42.071+0000][8][gc,start    ] GC(35) Pause Young (Normal) (G1 Evacuation Pause)
[2021-04-30T09:36:42.072+0000][8][gc,task     ] GC(35) Using 6 workers of 8 for evacuation
[2021-04-30T09:36:42.072+0000][8][gc,age      ] GC(35) Desired survivor size 6291456 bytes, new threshold 15 (max threshold 15)
[2021-04-30T09:36:42.076+0000][8][gc,age      ] GC(35) Age table with threshold 15 (max threshold 15)
[2021-04-30T09:36:42.076+0000][8][gc,age      ] GC(35) - age   1:     896480 bytes,     896480 total
[2021-04-30T09:36:42.076+0000][8][gc,age      ] GC(35) - age   2:    2428280 bytes,    3324760 total
[2021-04-30T09:36:42.076+0000][8][gc,age      ] GC(35) - age   3:    2469936 bytes,    5794696 total
[2021-04-30T09:36:42.076+0000][8][gc,phases   ] GC(35)   Pre Evacuate Collection Set: 0.0ms
[2021-04-30T09:36:42.076+0000][8][gc,phases   ] GC(35)   Merge Heap Roots: 0.1ms
[2021-04-30T09:36:42.076+0000][8][gc,phases   ] GC(35)   Evacuate Collection Set: 4.2ms
[2021-04-30T09:36:42.076+0000][8][gc,phases   ] GC(35)   Post Evacuate Collection Set: 0.5ms
[2021-04-30T09:36:42.076+0000][8][gc,phases   ] GC(35)   Other: 0.2ms
[2021-04-30T09:36:42.076+0000][8][gc,heap     ] GC(35) Eden regions: 16->0(17)
[2021-04-30T09:36:42.076+0000][8][gc,heap     ] GC(35) Survivor regions: 2->2(3)
[2021-04-30T09:36:42.076+0000][8][gc,heap     ] GC(35) Old regions: 26->26
[2021-04-30T09:36:42.076+0000][8][gc,heap     ] GC(35) Archive regions: 2->2
[2021-04-30T09:36:42.076+0000][8][gc,heap     ] GC(35) Humongous regions: 2->2
[2021-04-30T09:36:42.076+0000][8][gc,metaspace] GC(35) Metaspace: 101218K(105428K)->101218K(105428K) NonClass: 87633K(90596K)->87633K(90596K) Class: 13585K(14832K)->13585K(14832K)
[2021-04-30T09:36:42.076+0000][8][gc          ] GC(35) Pause Young (Normal) (G1 Evacuation Pause) 182M->119M(256M) 5.002ms
[2021-04-30T09:36:42.076+0000][8][gc,cpu      ] GC(35) User=0.03s Sys=0.00s Real=0.00s
[2021-04-30T09:36:42.077+0000][8][safepoint   ] Safepoint "G1CollectForAllocation", Time since last: 819666196 ns, Reaching safepoint: 195110 ns, At safepoint: 5077955 ns, Total: 5273065 ns
[2021-04-30T09:36:43.077+0000][8][safepoint   ] Safepoint "Cleanup", Time since last: 1000212692 ns, Reaching safepoint: 109673 ns, At safepoint: 6879 ns, Total: 116552 ns
[2021-04-30T09:36:46.077+0000][8][safepoint   ] Safepoint "Cleanup", Time since last: 3000250596 ns, Reaching safepoint: 108788 ns, At safepoint: 15515 ns, Total: 124303 ns
[2021-04-30T09:36:48.078+0000][8][safepoint   ] Safepoint "Cleanup", Time since last: 2000179296 ns, Reaching safepoint: 85000 ns, At safepoint: 6444 ns, Total: 91444 ns
[2021-04-30T09:36:49.078+0000][8][safepoint   ] Safepoint "Cleanup", Time since last: 1000096289 ns, Reaching safepoint: 70371 ns, At safepoint: 3986 ns, Total: 74357 ns
[2021-04-30T09:36:51.078+0000][8][safepoint   ] Safepoint "Cleanup", Time since last: 2000193608 ns, Reaching safepoint: 99409 ns, At safepoint: 5988 ns, Total: 105397 ns
[2021-04-30T09:36:52.078+0000][8][safepoint   ] Safepoint "Cleanup", Time since last: 1000102697 ns, Reaching safepoint: 64402 ns, At safepoint: 4851 ns, Total: 69253 ns
[2021-04-30T09:36:54.078+0000][8][safepoint   ] Safepoint "Cleanup", Time since last: 2000160080 ns, Reaching safepoint: 83127 ns, At safepoint: 4879 ns, Total: 88006 ns
[2021-04-30T09:36:56.079+0000][8][safepoint   ] Safepoint "Cleanup", Time since last: 2000161268 ns, Reaching safepoint: 68324 ns, At safepoint: 4894 ns, Total: 73218 ns
[2021-04-30T09:36:59.079+0000][8][safepoint   ] Safepoint "Cleanup", Time since last: 3000204002 ns, Reaching safepoint: 96685 ns, At safepoint: 10012 ns, Total: 106697 ns
[2021-04-30T09:37:00.079+0000][8][safepoint   ] Safepoint "Cleanup", Time since last: 1000113857 ns, Reaching safepoint: 189257 ns, At safepoint: 15231 ns, Total: 204488 ns
[2021-04-30T09:37:01.080+0000][8][safepoint   ] Safepoint "Cleanup", Time since last: 1000160612 ns, Reaching safepoint: 89795 ns, At safepoint: 5716 ns, Total: 95511 ns
[2021-04-30T09:37:04.080+0000][8][safepoint   ] Safepoint "Cleanup", Time since last: 3000269753 ns, Reaching safepoint: 109171 ns, At safepoint: 8737 ns, Total: 117908 ns
[2021-04-30T09:37:05.080+0000][8][safepoint   ] Safepoint "Cleanup", Time since last: 1000225196 ns, Reaching safepoint: 239302 ns, At safepoint: 8199 ns, Total: 247501 ns
[2021-04-30T09:37:06.081+0000][8][safepoint   ] Safepoint "Cleanup", Time since last: 1000130201 ns, Reaching safepoint: 147442 ns, At safepoint: 7266 ns, Total: 154708 ns
[2021-04-30T09:37:09.081+0000][8][safepoint   ] Safepoint "Cleanup", Time since last: 3000391212 ns, Reaching safepoint: 316682 ns, At safepoint: 11509 ns, Total: 328191 ns
[2021-04-30T09:37:10.082+0000][8][safepoint   ] Safepoint "Cleanup", Time since last: 1000312050 ns, Reaching safepoint: 318999 ns, At safepoint: 13080 ns, Total: 332079 ns
[2021-04-30T09:37:11.082+0000][8][safepoint   ] Safepoint "Cleanup", Time since last: 1000163520 ns, Reaching safepoint: 267606 ns, At safepoint: 8525 ns, Total: 276131 ns
[2021-04-30T09:37:12.084+0000][8][safepoint   ] Safepoint "Cleanup", Time since last: 1000354828 ns, Reaching safepoint: 1342825 ns, At safepoint: 38516 ns, Total: 1381341 ns
[2021-04-30T09:37:13.098+0000][8][safepoint   ] Safepoint "Cleanup", Time since last: 1013081872 ns, Reaching safepoint: 214253 ns, At safepoint: 8270 ns, Total: 222523 ns
[2021-04-30T09:37:14.098+0000][8][safepoint   ] Safepoint "Cleanup", Time since last: 1000281037 ns, Reaching safepoint: 111541 ns, At safepoint: 8357 ns, Total: 119898 ns
[2021-04-30T09:37:15.098+0000][8][safepoint   ] Safepoint "Cleanup", Time since last: 1000227076 ns, Reaching safepoint: 97238 ns, At safepoint: 8044 ns, Total: 105282 ns
[2021-04-30T09:37:21.099+0000][8][safepoint   ] Safepoint "Cleanup", Time since last: 6000441827 ns, Reaching safepoint: 68531 ns, At safepoint: 5604 ns, Total: 74135 ns
[2021-04-30T09:37:22.099+0000][8][safepoint   ] Safepoint "Cleanup", Time since last: 1000099935 ns, Reaching safepoint: 103473 ns, At safepoint: 5769 ns, Total: 109242 ns
[2021-04-30T09:37:28.100+0000][8][safepoint   ] Safepoint "Cleanup", Time since last: 6000449759 ns, Reaching safepoint: 139578 ns, At safepoint: 8969 ns, Total: 148547 ns
[2021-04-30T09:37:29.100+0000][8][safepoint   ] Safepoint "Cleanup", Time since last: 1000103715 ns, Reaching safepoint: 113466 ns, At safepoint: 10534 ns, Total: 124000 ns
[2021-04-30T09:37:31.100+0000][8][safepoint   ] Safepoint "Cleanup", Time since last: 2000194446 ns, Reaching safepoint: 107999 ns, At safepoint: 5337 ns, Total: 113336 ns
[2021-04-30T09:37:34.100+0000][8][safepoint   ] Safepoint "Cleanup", Time since last: 3000255469 ns, Reaching safepoint: 104964 ns, At safepoint: 5943 ns, Total: 110907 ns
[2021-04-30T09:37:36.101+0000][8][safepoint   ] Safepoint "Cleanup", Time since last: 2000195599 ns, Reaching safepoint: 107697 ns, At safepoint: 6558 ns, Total: 114255 ns
[2021-04-30T09:37:39.101+0000][8][safepoint   ] Safepoint "Cleanup", Time since last: 3000229735 ns, Reaching safepoint: 105445 ns, At safepoint: 6441 ns, Total: 111886 ns
[2021-04-30T09:37:40.101+0000][8][safepoint   ] Safepoint "Cleanup", Time since last: 1000132914 ns, Reaching safepoint: 120021 ns, At safepoint: 8354 ns, Total: 128375 ns
[2021-04-30T09:37:42.102+0000][8][safepoint   ] Safepoint "Cleanup", Time since last: 2000171524 ns, Reaching safepoint: 186891 ns, At safepoint: 10073 ns, Total: 196964 ns
[2021-04-30T09:37:43.102+0000][8][safepoint   ] Safepoint "Cleanup", Time since last: 1000370184 ns, Reaching safepoint: 108612 ns, At safepoint: 7772 ns, Total: 116384 ns
[2021-04-30T09:37:44.102+0000][8][safepoint   ] Safepoint "Cleanup", Time since last: 1000097711 ns, Reaching safepoint: 132208 ns, At safepoint: 9089 ns, Total: 141297 ns
[2021-04-30T09:37:46.103+0000][8][safepoint   ] Safepoint "Cleanup", Time since last: 2000173362 ns, Reaching safepoint: 91515 ns, At safepoint: 5471 ns, Total: 96986 ns
[2021-04-30T09:37:51.103+0000][8][safepoint   ] Safepoint "Cleanup", Time since last: 5000350198 ns, Reaching safepoint: 77959 ns, At safepoint: 5921 ns, Total: 83880 ns
[2021-04-30T09:37:52.103+0000][8][safepoint   ] Safepoint "Cleanup", Time since last: 1000099351 ns, Reaching safepoint: 107311 ns, At safepoint: 5422 ns, Total: 112733 ns
[2021-04-30T09:37:54.104+0000][8][safepoint   ] Safepoint "Cleanup", Time since last: 2000174243 ns, Reaching safepoint: 73495 ns, At safepoint: 4997 ns, Total: 78492 ns
[2021-04-30T09:37:56.104+0000][8][safepoint   ] Safepoint "Cleanup", Time since last: 2000316400 ns, Reaching safepoint: 79191 ns, At safepoint: 6042 ns, Total: 85233 ns
[2021-04-30T09:37:58.104+0000][8][safepoint   ] Safepoint "Cleanup", Time since last: 2000215536 ns, Reaching safepoint: 101038 ns, At safepoint: 7367 ns, Total: 108405 ns
[2021-04-30T09:38:03.105+0000][8][safepoint   ] Safepoint "Cleanup", Time since last: 5000392521 ns, Reaching safepoint: 104562 ns, At safepoint: 8933 ns, Total: 113495 ns
[2021-04-30T09:38:04.105+0000][8][safepoint   ] Safepoint "Cleanup", Time since last: 1000101845 ns, Reaching safepoint: 76391 ns, At safepoint: 4679 ns, Total: 81070 ns
[2021-04-30T09:38:05.105+0000][8][safepoint   ] Safepoint "Cleanup", Time since last: 1000126106 ns, Reaching safepoint: 87496 ns, At safepoint: 5540 ns, Total: 93036 ns
[2021-04-30T09:38:06.105+0000][8][safepoint   ] Safepoint "Cleanup", Time since last: 1000123408 ns, Reaching safepoint: 83339 ns, At safepoint: 5785 ns, Total: 89124 ns
[2021-04-30T09:38:09.106+0000][8][safepoint   ] Safepoint "Cleanup", Time since last: 3000264736 ns, Reaching safepoint: 129860 ns, At safepoint: 7949 ns, Total: 137809 ns
[2021-04-30T09:38:10.106+0000][8][safepoint   ] Safepoint "Cleanup", Time since last: 1000101944 ns, Reaching safepoint: 120160 ns, At safepoint: 10013 ns, Total: 130173 ns
[2021-04-30T09:38:11.106+0000][8][safepoint   ] Safepoint "Cleanup", Time since last: 1000119900 ns, Reaching safepoint: 67659 ns, At safepoint: 6988 ns, Total: 74647 ns
[2021-04-30T09:38:12.107+0000][8][safepoint   ] Safepoint "Cleanup", Time since last: 1000151037 ns, Reaching safepoint: 280799 ns, At safepoint: 18728 ns, Total: 299527 ns
[2021-04-30T09:38:13.107+0000][8][safepoint   ] Safepoint "Cleanup", Time since last: 1000336958 ns, Reaching safepoint: 115532 ns, At safepoint: 9472 ns, Total: 125004 ns
[2021-04-30T09:38:15.108+0000][8][safepoint   ] Safepoint "Cleanup", Time since last: 2000220280 ns, Reaching safepoint: 157536 ns, At safepoint: 8627 ns, Total: 166163 ns
[2021-04-30T09:38:16.108+0000][8][safepoint   ] Safepoint "Cleanup", Time since last: 1000096422 ns, Reaching safepoint: 78444 ns, At safepoint: 5993 ns, Total: 84437 ns
[2021-04-30T09:38:18.108+0000][8][safepoint   ] Safepoint "Cleanup", Time since last: 2000272720 ns, Reaching safepoint: 277048 ns, At safepoint: 10405 ns, Total: 287453 ns
[2021-04-30T09:38:19.109+0000][8][safepoint   ] Safepoint "Cleanup", Time since last: 1000164271 ns, Reaching safepoint: 94984 ns, At safepoint: 5063 ns, Total: 100047 ns
[2021-04-30T09:38:21.109+0000][8][safepoint   ] Safepoint "Cleanup", Time since last: 2000189377 ns, Reaching safepoint: 113148 ns, At safepoint: 5263 ns, Total: 118411 ns
[2021-04-30T09:38:25.762+0000][8][gc,start    ] GC(36) Pause Young (Concurrent Start) (G1 Evacuation Pause)
[2021-04-30T09:38:25.762+0000][8][gc,task     ] GC(36) Using 6 workers of 8 for evacuation
[2021-04-30T09:38:25.762+0000][8][gc,age      ] GC(36) Desired survivor size 6291456 bytes, new threshold 15 (max threshold 15)
[2021-04-30T09:38:25.773+0000][8][gc,age      ] GC(36) Age table with threshold 15 (max threshold 15)
[2021-04-30T09:38:25.773+0000][8][gc,age      ] GC(36) - age   1:     526704 bytes,     526704 total
[2021-04-30T09:38:25.773+0000][8][gc,age      ] GC(36) - age   2:     358256 bytes,     884960 total
[2021-04-30T09:38:25.773+0000][8][gc,age      ] GC(36) - age   3:    2381664 bytes,    3266624 total
[2021-04-30T09:38:25.773+0000][8][gc,age      ] GC(36) - age   4:    2435544 bytes,    5702168 total
[2021-04-30T09:38:25.773+0000][8][gc,phases   ] GC(36)   Pre Evacuate Collection Set: 0.1ms
[2021-04-30T09:38:25.773+0000][8][gc,phases   ] GC(36)   Merge Heap Roots: 0.1ms
[2021-04-30T09:38:25.773+0000][8][gc,phases   ] GC(36)   Evacuate Collection Set: 9.2ms
[2021-04-30T09:38:25.773+0000][8][gc,phases   ] GC(36)   Post Evacuate Collection Set: 1.7ms
[2021-04-30T09:38:25.773+0000][8][gc,phases   ] GC(36)   Other: 0.3ms
[2021-04-30T09:38:25.773+0000][8][gc,heap     ] GC(36) Eden regions: 17->0(18)
[2021-04-30T09:38:25.773+0000][8][gc,heap     ] GC(36) Survivor regions: 2->2(3)
[2021-04-30T09:38:25.773+0000][8][gc,heap     ] GC(36) Old regions: 26->26
[2021-04-30T09:38:25.773+0000][8][gc,heap     ] GC(36) Archive regions: 2->2
[2021-04-30T09:38:25.773+0000][8][gc,heap     ] GC(36) Humongous regions: 2->2
[2021-04-30T09:38:25.773+0000][8][gc,metaspace] GC(36) Metaspace: 101799K(105940K)->101799K(105940K) NonClass: 88213K(91108K)->88213K(91108K) Class: 13586K(14832K)->13586K(14832K)
[2021-04-30T09:38:25.773+0000][8][gc          ] GC(36) Pause Young (Concurrent Start) (G1 Evacuation Pause) 187M->119M(256M) 11.461ms
[2021-04-30T09:38:25.773+0000][8][gc,cpu      ] GC(36) User=0.04s Sys=0.01s Real=0.01s
[2021-04-30T09:38:25.773+0000][8][gc          ] GC(37) Concurrent Cycle
[2021-04-30T09:38:25.773+0000][8][gc,marking  ] GC(37) Concurrent Clear Claimed Marks
[2021-04-30T09:38:25.773+0000][8][gc,marking  ] GC(37) Concurrent Clear Claimed Marks 0.107ms
[2021-04-30T09:38:25.773+0000][8][gc,marking  ] GC(37) Concurrent Scan Root Regions
[2021-04-30T09:38:25.773+0000][8][safepoint   ] Safepoint "G1CollectForAllocation", Time since last: 4652453343 ns, Reaching safepoint: 130005 ns, At safepoint: 11566681 ns, Total: 11696686 ns
[2021-04-30T09:38:25.784+0000][8][gc,marking  ] GC(37) Concurrent Scan Root Regions 10.839ms
[2021-04-30T09:38:25.784+0000][8][gc,marking  ] GC(37) Concurrent Mark (286.099s)
[2021-04-30T09:38:25.784+0000][8][gc,marking  ] GC(37) Concurrent Mark From Roots
[2021-04-30T09:38:25.784+0000][8][gc,task     ] GC(37) Using 2 workers of 2 for marking
[2021-04-30T09:38:25.909+0000][8][gc,marking  ] GC(37) Concurrent Mark From Roots 124.526ms
[2021-04-30T09:38:25.909+0000][8][gc,marking  ] GC(37) Concurrent Preclean
[2021-04-30T09:38:25.909+0000][8][gc,marking  ] GC(37) Concurrent Preclean 0.767ms
[2021-04-30T09:38:25.909+0000][8][gc,marking  ] GC(37) Concurrent Mark (286.099s, 286.224s) 125.358ms
[2021-04-30T09:38:25.910+0000][8][gc,start    ] GC(37) Pause Remark
[2021-04-30T09:38:25.921+0000][8][gc          ] GC(37) Pause Remark 120M->120M(256M) 10.956ms
[2021-04-30T09:38:25.921+0000][8][gc,cpu      ] GC(37) User=0.06s Sys=0.00s Real=0.01s
[2021-04-30T09:38:25.921+0000][8][safepoint   ] Safepoint "G1Concurrent", Time since last: 136448637 ns, Reaching safepoint: 135555 ns, At safepoint: 11057987 ns, Total: 11193542 ns
[2021-04-30T09:38:25.921+0000][8][gc,marking  ] GC(37) Concurrent Rebuild Remembered Sets
[2021-04-30T09:38:26.001+0000][8][gc,marking  ] GC(37) Concurrent Rebuild Remembered Sets 80.599ms
[2021-04-30T09:38:26.002+0000][8][gc,start    ] GC(37) Pause Cleanup
[2021-04-30T09:38:26.002+0000][8][gc          ] GC(37) Pause Cleanup 120M->120M(256M) 0.140ms
[2021-04-30T09:38:26.002+0000][8][gc,cpu      ] GC(37) User=0.00s Sys=0.00s Real=0.00s
[2021-04-30T09:38:26.002+0000][8][safepoint   ] Safepoint "G1Concurrent", Time since last: 80777677 ns, Reaching safepoint: 163402 ns, At safepoint: 200324 ns, Total: 363726 ns
[2021-04-30T09:38:26.002+0000][8][gc,marking  ] GC(37) Concurrent Cleanup for Next Mark
[2021-04-30T09:38:26.002+0000][8][gc,marking  ] GC(37) Concurrent Cleanup for Next Mark 0.298ms
[2021-04-30T09:38:26.002+0000][8][gc          ] GC(37) Concurrent Cycle 229.175ms
[2021-04-30T09:38:27.002+0000][8][safepoint   ] Safepoint "Cleanup", Time since last: 1000183396 ns, Reaching safepoint: 177157 ns, At safepoint: 6882 ns, Total: 184039 ns
[2021-04-30T09:38:28.002+0000][8][safepoint   ] Safepoint "Cleanup", Time since last: 1000105395 ns, Reaching safepoint: 129966 ns, At safepoint: 7962 ns, Total: 137928 ns
[2021-04-30T09:38:29.003+0000][8][safepoint   ] Safepoint "Cleanup", Time since last: 1000125405 ns, Reaching safepoint: 127158 ns, At safepoint: 7221 ns, Total: 134379 ns
[2021-04-30T09:38:31.003+0000][8][safepoint   ] Safepoint "Cleanup", Time since last: 2000159484 ns, Reaching safepoint: 109075 ns, At safepoint: 6846 ns, Total: 115921 ns
[2021-04-30T09:38:34.004+0000][8][safepoint   ] Safepoint "Cleanup", Time since last: 3000417243 ns, Reaching safepoint: 154070 ns, At safepoint: 8385 ns, Total: 162455 ns
[2021-04-30T09:38:35.004+0000][8][safepoint   ] Safepoint "Cleanup", Time since last: 1000099488 ns, Reaching safepoint: 141175 ns, At safepoint: 8160 ns, Total: 149335 ns
[2021-04-30T09:38:38.004+0000][8][safepoint   ] Safepoint "Cleanup", Time since last: 3000289117 ns, Reaching safepoint: 80305 ns, At safepoint: 5850 ns, Total: 86155 ns
[2021-04-30T09:38:39.004+0000][8][safepoint   ] Safepoint "Cleanup", Time since last: 1000097048 ns, Reaching safepoint: 85780 ns, At safepoint: 5898 ns, Total: 91678 ns
[2021-04-30T09:38:40.005+0000][8][safepoint   ] Safepoint "Cleanup", Time since last: 1000103785 ns, Reaching safepoint: 133103 ns, At safepoint: 11190 ns, Total: 144293 ns
[2021-04-30T09:38:41.005+0000][8][safepoint   ] Safepoint "Cleanup", Time since last: 1000099231 ns, Reaching safepoint: 78552 ns, At safepoint: 7289 ns, Total: 85841 ns
[2021-04-30T09:38:42.005+0000][8][safepoint   ] Safepoint "Cleanup", Time since last: 1000092168 ns, Reaching safepoint: 125586 ns, At safepoint: 7730 ns, Total: 133316 ns
[2021-04-30T09:38:43.005+0000][8][safepoint   ] Safepoint "Cleanup", Time since last: 1000095029 ns, Reaching safepoint: 139334 ns, At safepoint: 7219 ns, Total: 146553 ns
[2021-04-30T09:38:44.006+0000][8][safepoint   ] Safepoint "Cleanup", Time since last: 1000209799 ns, Reaching safepoint: 125947 ns, At safepoint: 8112 ns, Total: 134059 ns
[2021-04-30T09:38:45.006+0000][8][safepoint   ] Safepoint "Cleanup", Time since last: 1000115573 ns, Reaching safepoint: 98955 ns, At safepoint: 8233 ns, Total: 107188 ns
[2021-04-30T09:38:58.007+0000][8][safepoint   ] Safepoint "Cleanup", Time since last: 13001487661 ns, Reaching safepoint: 94677 ns, At safepoint: 5074 ns, Total: 99751 ns
[2021-04-30T09:38:59.008+0000][8][safepoint   ] Safepoint "Cleanup", Time since last: 1000105609 ns, Reaching safepoint: 130261 ns, At safepoint: 7142 ns, Total: 137403 ns
[2021-04-30T09:39:01.008+0000][8][safepoint   ] Safepoint "Cleanup", Time since last: 2000288541 ns, Reaching safepoint: 102559 ns, At safepoint: 5648 ns, Total: 108207 ns
[2021-04-30T09:39:03.008+0000][8][safepoint   ] Safepoint "Cleanup", Time since last: 2000196458 ns, Reaching safepoint: 109114 ns, At safepoint: 6163 ns, Total: 115277 ns
[2021-04-30T09:39:04.009+0000][8][safepoint   ] Safepoint "Cleanup", Time since last: 1000127437 ns, Reaching safepoint: 72111 ns, At safepoint: 4494 ns, Total: 76605 ns
[2021-04-30T09:39:06.009+0000][8][safepoint   ] Safepoint "Cleanup", Time since last: 2000206303 ns, Reaching safepoint: 115959 ns, At safepoint: 6547 ns, Total: 122506 ns
[2021-04-30T09:39:07.009+0000][8][safepoint   ] Safepoint "Cleanup", Time since last: 1000118354 ns, Reaching safepoint: 104665 ns, At safepoint: 6695 ns, Total: 111360 ns
[2021-04-30T09:39:09.009+0000][8][safepoint   ] Safepoint "Cleanup", Time since last: 2000161260 ns, Reaching safepoint: 109119 ns, At safepoint: 7020 ns, Total: 116139 ns
[2021-04-30T09:39:09.339+0000][8][safepoint   ] Safepoint "ICBufferFull", Time since last: 328352619 ns, Reaching safepoint: 1216427 ns, At safepoint: 62024 ns, Total: 1278451 ns
[2021-04-30T09:39:09.455+0000][8][gc,start    ] GC(38) Pause Young (Normal) (G1 Evacuation Pause)
[2021-04-30T09:39:09.455+0000][8][gc,task     ] GC(38) Using 6 workers of 8 for evacuation
[2021-04-30T09:39:09.455+0000][8][gc,age      ] GC(38) Desired survivor size 6291456 bytes, new threshold 15 (max threshold 15)
[2021-04-30T09:39:09.498+0000][8][gc,age      ] GC(38) Age table with threshold 15 (max threshold 15)
[2021-04-30T09:39:09.498+0000][8][gc,age      ] GC(38) - age   1:    2213072 bytes,    2213072 total
[2021-04-30T09:39:09.498+0000][8][gc,age      ] GC(38) - age   2:     252976 bytes,    2466048 total
[2021-04-30T09:39:09.498+0000][8][gc,age      ] GC(38) - age   3:     356000 bytes,    2822048 total
[2021-04-30T09:39:09.498+0000][8][gc,age      ] GC(38) - age   4:    1999768 bytes,    4821816 total
[2021-04-30T09:39:09.498+0000][8][gc,age      ] GC(38) - age   5:    2434208 bytes,    7256024 total
[2021-04-30T09:39:09.498+0000][8][gc,phases   ] GC(38)   Pre Evacuate Collection Set: 0.1ms
[2021-04-30T09:39:09.498+0000][8][gc,phases   ] GC(38)   Merge Heap Roots: 0.2ms
[2021-04-30T09:39:09.498+0000][8][gc,phases   ] GC(38)   Evacuate Collection Set: 37.2ms
[2021-04-30T09:39:09.498+0000][8][gc,phases   ] GC(38)   Post Evacuate Collection Set: 5.2ms
[2021-04-30T09:39:09.498+0000][8][gc,phases   ] GC(38)   Other: 0.4ms
[2021-04-30T09:39:09.498+0000][8][gc,heap     ] GC(38) Eden regions: 18->0(18)
[2021-04-30T09:39:09.498+0000][8][gc,heap     ] GC(38) Survivor regions: 2->2(3)
[2021-04-30T09:39:09.498+0000][8][gc,heap     ] GC(38) Old regions: 26->26
[2021-04-30T09:39:09.498+0000][8][gc,heap     ] GC(38) Archive regions: 2->2
[2021-04-30T09:39:09.498+0000][8][gc,heap     ] GC(38) Humongous regions: 2->2
[2021-04-30T09:39:09.498+0000][8][gc,metaspace] GC(38) Metaspace: 102699K(106836K)->102699K(106836K) NonClass: 89015K(91876K)->89015K(91876K) Class: 13683K(14960K)->13683K(14960K)
[2021-04-30T09:39:09.498+0000][8][gc          ] GC(38) Pause Young (Normal) (G1 Evacuation Pause) 191M->121M(256M) 43.186ms
[2021-04-30T09:39:09.498+0000][8][gc,cpu      ] GC(38) User=0.11s Sys=0.00s Real=0.05s
[2021-04-30T09:39:09.514+0000][8][safepoint   ] Safepoint "G1CollectForAllocation", Time since last: 113684515 ns, Reaching safepoint: 2458147 ns, At safepoint: 59197128 ns, Total: 61655275 ns
[2021-04-30T09:39:09.945+0000][8][safepoint   ] Safepoint "ICBufferFull", Time since last: 430351357 ns, Reaching safepoint: 344742 ns, At safepoint: 25641 ns, Total: 370383 ns
[2021-04-30T09:39:10.946+0000][8][safepoint   ] Safepoint "Cleanup", Time since last: 1000650165 ns, Reaching safepoint: 187855 ns, At safepoint: 7786 ns, Total: 195641 ns
[2021-04-30T09:39:11.946+0000][8][safepoint   ] Safepoint "Cleanup", Time since last: 1000176769 ns, Reaching safepoint: 65897 ns, At safepoint: 4583 ns, Total: 70480 ns
[2021-04-30T09:39:12.946+0000][8][safepoint   ] Safepoint "Cleanup", Time since last: 1000092758 ns, Reaching safepoint: 102013 ns, At safepoint: 5277 ns, Total: 107290 ns
[2021-04-30T09:39:13.947+0000][8][safepoint   ] Safepoint "Cleanup", Time since last: 1000192015 ns, Reaching safepoint: 143860 ns, At safepoint: 7482 ns, Total: 151342 ns
[2021-04-30T09:39:14.947+0000][8][safepoint   ] Safepoint "Cleanup", Time since last: 1000097117 ns, Reaching safepoint: 85898 ns, At safepoint: 3761 ns, Total: 89659 ns
[2021-04-30T09:39:15.947+0000][8][safepoint   ] Safepoint "Cleanup", Time since last: 1000100978 ns, Reaching safepoint: 90096 ns, At safepoint: 4098 ns, Total: 94194 ns
[2021-04-30T09:39:17.947+0000][8][safepoint   ] Safepoint "Cleanup", Time since last: 2000221963 ns, Reaching safepoint: 89722 ns, At safepoint: 5191 ns, Total: 94913 ns
[2021-04-30T09:39:20.948+0000][8][safepoint   ] Safepoint "Cleanup", Time since last: 3000277773 ns, Reaching safepoint: 66140 ns, At safepoint: 3610 ns, Total: 69750 ns
[2021-04-30T09:39:30.949+0000][8][safepoint   ] Safepoint "Cleanup", Time since last: 10000749891 ns, Reaching safepoint: 79266 ns, At safepoint: 6170 ns, Total: 85436 ns
[2021-04-30T09:39:33.949+0000][8][safepoint   ] Safepoint "Cleanup", Time since last: 3000233591 ns, Reaching safepoint: 63373 ns, At safepoint: 4134 ns, Total: 67507 ns
[2021-04-30T09:39:34.949+0000][8][safepoint   ] Safepoint "Cleanup", Time since last: 1000096690 ns, Reaching safepoint: 67844 ns, At safepoint: 5357 ns, Total: 73201 ns
[2021-04-30T09:39:35.807+0000][8][gc,start    ] GC(39) Pause Young (Concurrent Start) (G1 Evacuation Pause)
[2021-04-30T09:39:35.807+0000][8][gc,task     ] GC(39) Using 6 workers of 8 for evacuation
[2021-04-30T09:39:35.807+0000][8][gc,age      ] GC(39) Desired survivor size 6291456 bytes, new threshold 5 (max threshold 15)
[2021-04-30T09:39:35.815+0000][8][gc,age      ] GC(39) Age table with threshold 5 (max threshold 15)
[2021-04-30T09:39:35.815+0000][8][gc,age      ] GC(39) - age   1:    1152256 bytes,    1152256 total
[2021-04-30T09:39:35.815+0000][8][gc,age      ] GC(39) - age   2:     843728 bytes,    1995984 total
[2021-04-30T09:39:35.815+0000][8][gc,age      ] GC(39) - age   3:      47384 bytes,    2043368 total
[2021-04-30T09:39:35.815+0000][8][gc,age      ] GC(39) - age   4:     354912 bytes,    2398280 total
[2021-04-30T09:39:35.815+0000][8][gc,age      ] GC(39) - age   5:    1996840 bytes,    4395120 total
[2021-04-30T09:39:35.815+0000][8][gc,phases   ] GC(39)   Pre Evacuate Collection Set: 0.1ms
[2021-04-30T09:39:35.816+0000][8][gc,phases   ] GC(39)   Merge Heap Roots: 0.1ms
[2021-04-30T09:39:35.816+0000][8][gc,phases   ] GC(39)   Evacuate Collection Set: 6.2ms
[2021-04-30T09:39:35.816+0000][8][gc,phases   ] GC(39)   Post Evacuate Collection Set: 2.1ms
[2021-04-30T09:39:35.816+0000][8][gc,phases   ] GC(39)   Other: 0.3ms
[2021-04-30T09:39:35.816+0000][8][gc,heap     ] GC(39) Eden regions: 18->0(18)
[2021-04-30T09:39:35.816+0000][8][gc,heap     ] GC(39) Survivor regions: 2->2(3)
[2021-04-30T09:39:35.816+0000][8][gc,heap     ] GC(39) Old regions: 26->27
[2021-04-30T09:39:35.816+0000][8][gc,heap     ] GC(39) Archive regions: 2->2
[2021-04-30T09:39:35.816+0000][8][gc,heap     ] GC(39) Humongous regions: 2->2
[2021-04-30T09:39:35.816+0000][8][gc,metaspace] GC(39) Metaspace: 103952K(108116K)->103952K(108116K) NonClass: 90094K(92900K)->90094K(92900K) Class: 13857K(15216K)->13857K(15216K)
[2021-04-30T09:39:35.816+0000][8][gc          ] GC(39) Pause Young (Concurrent Start) (G1 Evacuation Pause) 193M->120M(256M) 8.909ms
[2021-04-30T09:39:35.816+0000][8][gc,cpu      ] GC(39) User=0.03s Sys=0.00s Real=0.01s
[2021-04-30T09:39:35.816+0000][8][gc          ] GC(40) Concurrent Cycle
[2021-04-30T09:39:35.816+0000][8][safepoint   ] Safepoint "G1CollectForAllocation", Time since last: 857489209 ns, Reaching safepoint: 81390 ns, At safepoint: 9002449 ns, Total: 9083839 ns
[2021-04-30T09:39:35.816+0000][8][gc,marking  ] GC(40) Concurrent Clear Claimed Marks
[2021-04-30T09:39:35.816+0000][8][gc,marking  ] GC(40) Concurrent Clear Claimed Marks 0.109ms
[2021-04-30T09:39:35.816+0000][8][gc,marking  ] GC(40) Concurrent Scan Root Regions
[2021-04-30T09:39:35.823+0000][8][gc,marking  ] GC(40) Concurrent Scan Root Regions 6.662ms
[2021-04-30T09:39:35.823+0000][8][gc,marking  ] GC(40) Concurrent Mark (356.137s)
[2021-04-30T09:39:35.823+0000][8][gc,marking  ] GC(40) Concurrent Mark From Roots
[2021-04-30T09:39:35.823+0000][8][gc,task     ] GC(40) Using 2 workers of 2 for marking
[2021-04-30T09:39:35.932+0000][8][gc,marking  ] GC(40) Concurrent Mark From Roots 109.290ms
[2021-04-30T09:39:35.932+0000][8][gc,marking  ] GC(40) Concurrent Preclean
[2021-04-30T09:39:35.932+0000][8][gc,marking  ] GC(40) Concurrent Preclean 0.197ms
[2021-04-30T09:39:35.932+0000][8][gc,marking  ] GC(40) Concurrent Mark (356.137s, 356.247s) 109.545ms
[2021-04-30T09:39:35.932+0000][8][gc,start    ] GC(40) Pause Remark
[2021-04-30T09:39:35.936+0000][8][gc          ] GC(40) Pause Remark 121M->121M(256M) 4.170ms
[2021-04-30T09:39:35.936+0000][8][gc,cpu      ] GC(40) User=0.03s Sys=0.00s Real=0.00s
[2021-04-30T09:39:35.936+0000][8][safepoint   ] Safepoint "G1Concurrent", Time since last: 116446977 ns, Reaching safepoint: 86308 ns, At safepoint: 4242147 ns, Total: 4328455 ns
[2021-04-30T09:39:35.936+0000][8][gc,marking  ] GC(40) Concurrent Rebuild Remembered Sets
[2021-04-30T09:39:36.007+0000][8][gc,marking  ] GC(40) Concurrent Rebuild Remembered Sets 70.914ms
[2021-04-30T09:39:36.008+0000][8][gc,start    ] GC(40) Pause Cleanup
[2021-04-30T09:39:36.008+0000][8][gc          ] GC(40) Pause Cleanup 121M->121M(256M) 0.091ms
[2021-04-30T09:39:36.008+0000][8][gc,cpu      ] GC(40) User=0.00s Sys=0.00s Real=0.00s
[2021-04-30T09:39:36.008+0000][8][safepoint   ] Safepoint "G1Concurrent", Time since last: 70984293 ns, Reaching safepoint: 163095 ns, At safepoint: 134862 ns, Total: 297957 ns
[2021-04-30T09:39:36.008+0000][8][gc,marking  ] GC(40) Concurrent Cleanup for Next Mark
[2021-04-30T09:39:36.008+0000][8][gc,marking  ] GC(40) Concurrent Cleanup for Next Mark 0.171ms
[2021-04-30T09:39:36.008+0000][8][gc          ] GC(40) Concurrent Cycle 192.271ms
[2021-04-30T09:39:40.008+0000][8][safepoint   ] Safepoint "Cleanup", Time since last: 4000382487 ns, Reaching safepoint: 131451 ns, At safepoint: 7986 ns, Total: 139437 ns
[2021-04-30T09:39:42.009+0000][8][safepoint   ] Safepoint "Cleanup", Time since last: 2000321920 ns, Reaching safepoint: 63674 ns, At safepoint: 4167 ns, Total: 67841 ns
[2021-04-30T09:39:43.009+0000][8][safepoint   ] Safepoint "Cleanup", Time since last: 1000123239 ns, Reaching safepoint: 184244 ns, At safepoint: 7246 ns, Total: 191490 ns
[2021-04-30T09:39:44.009+0000][8][safepoint   ] Safepoint "Cleanup", Time since last: 1000340442 ns, Reaching safepoint: 100992 ns, At safepoint: 6688 ns, Total: 107680 ns
[2021-04-30T09:39:45.010+0000][8][safepoint   ] Safepoint "Cleanup", Time since last: 1000115008 ns, Reaching safepoint: 101003 ns, At safepoint: 7680 ns, Total: 108683 ns
[2021-04-30T09:39:49.010+0000][8][safepoint   ] Safepoint "Cleanup", Time since last: 4000411994 ns, Reaching safepoint: 107948 ns, At safepoint: 5054 ns, Total: 113002 ns
[2021-04-30T09:39:59.011+0000][8][safepoint   ] Safepoint "Cleanup", Time since last: 10000749374 ns, Reaching safepoint: 63916 ns, At safepoint: 4574 ns, Total: 68490 ns
[2021-04-30T09:40:01.011+0000][8][safepoint   ] Safepoint "Cleanup", Time since last: 2000161197 ns, Reaching safepoint: 84496 ns, At safepoint: 4778 ns, Total: 89274 ns
[2021-04-30T09:40:03.012+0000][8][safepoint   ] Safepoint "Cleanup", Time since last: 2000161842 ns, Reaching safepoint: 93676 ns, At safepoint: 5550 ns, Total: 99226 ns
[2021-04-30T09:40:04.012+0000][8][safepoint   ] Safepoint "Cleanup", Time since last: 1000111085 ns, Reaching safepoint: 140048 ns, At safepoint: 7213 ns, Total: 147261 ns
[2021-04-30T09:40:05.012+0000][8][safepoint   ] Safepoint "Cleanup", Time since last: 1000112726 ns, Reaching safepoint: 101229 ns, At safepoint: 7769 ns, Total: 108998 ns
[2021-04-30T09:40:06.012+0000][8][safepoint   ] Safepoint "Cleanup", Time since last: 1000111486 ns, Reaching safepoint: 110167 ns, At safepoint: 6812 ns, Total: 116979 ns
[2021-04-30T09:40:07.013+0000][8][safepoint   ] Safepoint "Cleanup", Time since last: 1000276079 ns, Reaching safepoint: 83346 ns, At safepoint: 9610 ns, Total: 92956 ns
[2021-04-30T09:40:09.013+0000][8][safepoint   ] Safepoint "Cleanup", Time since last: 2000170252 ns, Reaching safepoint: 91282 ns, At safepoint: 5375 ns, Total: 96657 ns
[2021-04-30T09:40:10.013+0000][8][safepoint   ] Safepoint "Cleanup", Time since last: 1000104100 ns, Reaching safepoint: 77807 ns, At safepoint: 4605 ns, Total: 82412 ns
[2021-04-30T09:40:11.013+0000][8][safepoint   ] Safepoint "Cleanup", Time since last: 1000093090 ns, Reaching safepoint: 78743 ns, At safepoint: 5672 ns, Total: 84415 ns
[2021-04-30T09:40:13.014+0000][8][safepoint   ] Safepoint "Cleanup", Time since last: 2000193177 ns, Reaching safepoint: 105638 ns, At safepoint: 3507 ns, Total: 109145 ns
[2021-04-30T09:40:14.014+0000][8][safepoint   ] Safepoint "Cleanup", Time since last: 1000193472 ns, Reaching safepoint: 72251 ns, At safepoint: 3765 ns, Total: 76016 ns
[2021-04-30T09:40:15.014+0000][8][safepoint   ] Safepoint "Cleanup", Time since last: 1000095662 ns, Reaching safepoint: 81673 ns, At safepoint: 4983 ns, Total: 86656 ns
[2021-04-30T09:40:16.014+0000][8][safepoint   ] Safepoint "Cleanup", Time since last: 1000146105 ns, Reaching safepoint: 77021 ns, At safepoint: 5409 ns, Total: 82430 ns
[2021-04-30T09:40:28.015+0000][8][safepoint   ] Safepoint "Cleanup", Time since last: 12000903477 ns, Reaching safepoint: 69665 ns, At safepoint: 4871 ns, Total: 74536 ns
[2021-04-30T09:40:30.015+0000][8][safepoint   ] Safepoint "Cleanup", Time since last: 2000158785 ns, Reaching safepoint: 67821 ns, At safepoint: 5858 ns, Total: 73679 ns
[2021-04-30T09:40:31.016+0000][8][safepoint   ] Safepoint "Cleanup", Time since last: 1000131476 ns, Reaching safepoint: 135798 ns, At safepoint: 7387 ns, Total: 143185 ns
[2021-04-30T09:40:33.016+0000][8][safepoint   ] Safepoint "Cleanup", Time since last: 2000205658 ns, Reaching safepoint: 79180 ns, At safepoint: 4547 ns, Total: 83727 ns
[2021-04-30T09:40:34.016+0000][8][safepoint   ] Safepoint "Cleanup", Time since last: 1000100234 ns, Reaching safepoint: 93063 ns, At safepoint: 4175 ns, Total: 97238 ns
[2021-04-30T09:40:35.016+0000][8][safepoint   ] Safepoint "Cleanup", Time since last: 1000093205 ns, Reaching safepoint: 69365 ns, At safepoint: 4881 ns, Total: 74246 ns
[2021-04-30T09:40:40.017+0000][8][safepoint   ] Safepoint "Cleanup", Time since last: 5000407268 ns, Reaching safepoint: 69971 ns, At safepoint: 4143 ns, Total: 74114 ns
[2021-04-30T09:40:42.017+0000][8][safepoint   ] Safepoint "Cleanup", Time since last: 2000218438 ns, Reaching safepoint: 75922 ns, At safepoint: 5451 ns, Total: 81373 ns
[2021-04-30T09:40:43.017+0000][8][safepoint   ] Safepoint "Cleanup", Time since last: 1000082407 ns, Reaching safepoint: 146101 ns, At safepoint: 9238 ns, Total: 155339 ns
[2021-04-30T09:40:45.018+0000][8][safepoint   ] Safepoint "Cleanup", Time since last: 2000418042 ns, Reaching safepoint: 71540 ns, At safepoint: 6883 ns, Total: 78423 ns
[2021-04-30T09:40:48.018+0000][8][safepoint   ] Safepoint "Cleanup", Time since last: 3000310740 ns, Reaching safepoint: 76642 ns, At safepoint: 5015 ns, Total: 81657 ns
[2021-04-30T09:40:49.018+0000][8][safepoint   ] Safepoint "Cleanup", Time since last: 1000095275 ns, Reaching safepoint: 91841 ns, At safepoint: 5409 ns, Total: 97250 ns
[2021-04-30T09:40:51.019+0000][8][safepoint   ] Safepoint "Cleanup", Time since last: 2000164852 ns, Reaching safepoint: 121950 ns, At safepoint: 6853 ns, Total: 128803 ns
[2021-04-30T09:40:54.019+0000][8][safepoint   ] Safepoint "Cleanup", Time since last: 3000239679 ns, Reaching safepoint: 102255 ns, At safepoint: 5517 ns, Total: 107772 ns
[2021-04-30T09:40:56.019+0000][8][safepoint   ] Safepoint "Cleanup", Time since last: 2000172445 ns, Reaching safepoint: 97905 ns, At safepoint: 7161 ns, Total: 105066 ns
[2021-04-30T09:41:04.020+0000][8][safepoint   ] Safepoint "Cleanup", Time since last: 8000821368 ns, Reaching safepoint: 102535 ns, At safepoint: 5248 ns, Total: 107783 ns
[2021-04-30T09:41:10.021+0000][8][safepoint   ] Safepoint "Cleanup", Time since last: 6000633522 ns, Reaching safepoint: 129324 ns, At safepoint: 4919 ns, Total: 134243 ns
[2021-04-30T09:41:11.021+0000][8][safepoint   ] Safepoint "Cleanup", Time since last: 1000232140 ns, Reaching safepoint: 86554 ns, At safepoint: 7245 ns, Total: 93799 ns
[2021-04-30T09:41:12.022+0000][8][safepoint   ] Safepoint "Cleanup", Time since last: 1000103531 ns, Reaching safepoint: 170493 ns, At safepoint: 10683 ns, Total: 181176 ns
[2021-04-30T09:41:13.022+0000][8][safepoint   ] Safepoint "Cleanup", Time since last: 1000117708 ns, Reaching safepoint: 88894 ns, At safepoint: 7379 ns, Total: 96273 ns
[2021-04-30T09:41:14.022+0000][8][safepoint   ] Safepoint "Cleanup", Time since last: 1000217321 ns, Reaching safepoint: 103507 ns, At safepoint: 5681 ns, Total: 109188 ns
[2021-04-30T09:41:15.022+0000][8][safepoint   ] Safepoint "Cleanup", Time since last: 1000104874 ns, Reaching safepoint: 114278 ns, At safepoint: 6179 ns, Total: 120457 ns
[2021-04-30T09:41:18.023+0000][8][safepoint   ] Safepoint "Cleanup", Time since last: 3000278748 ns, Reaching safepoint: 87409 ns, At safepoint: 6138 ns, Total: 93547 ns
[2021-04-30T09:41:19.023+0000][8][safepoint   ] Safepoint "Cleanup", Time since last: 1000056799 ns, Reaching safepoint: 83107 ns, At safepoint: 5220 ns, Total: 88327 ns
[2021-04-30T09:41:21.023+0000][8][safepoint   ] Safepoint "Cleanup", Time since last: 2000177642 ns, Reaching safepoint: 86897 ns, At safepoint: 6614 ns, Total: 93511 ns
[2021-04-30T09:41:24.024+0000][8][safepoint   ] Safepoint "Cleanup", Time since last: 3000236391 ns, Reaching safepoint: 72517 ns, At safepoint: 7837 ns, Total: 80354 ns
[2021-04-30T09:41:26.024+0000][8][safepoint   ] Safepoint "Cleanup", Time since last: 2000179645 ns, Reaching safepoint: 90920 ns, At safepoint: 6178 ns, Total: 97098 ns
[2021-04-30T09:41:26.535+0000][8][gc,start    ] GC(41) Pause Young (Normal) (G1 Evacuation Pause)
[2021-04-30T09:41:26.535+0000][8][gc,task     ] GC(41) Using 6 workers of 8 for evacuation
[2021-04-30T09:41:26.535+0000][8][gc,age      ] GC(41) Desired survivor size 6291456 bytes, new threshold 15 (max threshold 15)
[2021-04-30T09:41:26.540+0000][8][gc,age      ] GC(41) Age table with threshold 15 (max threshold 15)
[2021-04-30T09:41:26.540+0000][8][gc,age      ] GC(41) - age   1:     540256 bytes,     540256 total
[2021-04-30T09:41:26.540+0000][8][gc,age      ] GC(41) - age   2:     837664 bytes,    1377920 total
[2021-04-30T09:41:26.540+0000][8][gc,age      ] GC(41) - age   3:     628536 bytes,    2006456 total
[2021-04-30T09:41:26.540+0000][8][gc,age      ] GC(41) - age   4:      23096 bytes,    2029552 total
[2021-04-30T09:41:26.540+0000][8][gc,age      ] GC(41) - age   5:     354864 bytes,    2384416 total
[2021-04-30T09:41:26.540+0000][8][gc,age      ] GC(41) - age   6:    1996840 bytes,    4381256 total
[2021-04-30T09:41:26.540+0000][8][gc,phases   ] GC(41)   Pre Evacuate Collection Set: 0.0ms
[2021-04-30T09:41:26.540+0000][8][gc,phases   ] GC(41)   Merge Heap Roots: 0.0ms
[2021-04-30T09:41:26.540+0000][8][gc,phases   ] GC(41)   Evacuate Collection Set: 3.6ms
[2021-04-30T09:41:26.540+0000][8][gc,phases   ] GC(41)   Post Evacuate Collection Set: 0.6ms
[2021-04-30T09:41:26.540+0000][8][gc,phases   ] GC(41)   Other: 0.2ms
[2021-04-30T09:41:26.540+0000][8][gc,heap     ] GC(41) Eden regions: 18->0(18)
[2021-04-30T09:41:26.540+0000][8][gc,heap     ] GC(41) Survivor regions: 2->2(3)
[2021-04-30T09:41:26.540+0000][8][gc,heap     ] GC(41) Old regions: 27->27
[2021-04-30T09:41:26.540+0000][8][gc,heap     ] GC(41) Archive regions: 2->2
[2021-04-30T09:41:26.540+0000][8][gc,heap     ] GC(41) Humongous regions: 2->2
[2021-04-30T09:41:26.540+0000][8][gc,metaspace] GC(41) Metaspace: 104334K(108628K)->104334K(108628K) NonClass: 90476K(93412K)->90476K(93412K) Class: 13858K(15216K)->13858K(15216K)
[2021-04-30T09:41:26.540+0000][8][gc          ] GC(41) Pause Young (Normal) (G1 Evacuation Pause) 192M->120M(256M) 4.517ms
[2021-04-30T09:41:26.540+0000][8][gc,cpu      ] GC(41) User=0.02s Sys=0.00s Real=0.01s
[2021-04-30T09:41:26.540+0000][8][safepoint   ] Safepoint "G1CollectForAllocation", Time since last: 511468428 ns, Reaching safepoint: 92025 ns, At safepoint: 4583512 ns, Total: 4675537 ns
[2021-04-30T09:41:27.540+0000][8][safepoint   ] Safepoint "Cleanup", Time since last: 1000085857 ns, Reaching safepoint: 137572 ns, At safepoint: 7137 ns, Total: 144709 ns
[2021-04-30T09:41:28.540+0000][8][safepoint   ] Safepoint "Cleanup", Time since last: 1000160332 ns, Reaching safepoint: 73143 ns, At safepoint: 6596 ns, Total: 79739 ns
[2021-04-30T09:41:30.541+0000][8][safepoint   ] Safepoint "Cleanup", Time since last: 2000207354 ns, Reaching safepoint: 64506 ns, At safepoint: 5842 ns, Total: 70348 ns
[2021-04-30T09:41:31.541+0000][8][safepoint   ] Safepoint "Cleanup", Time since last: 1000117639 ns, Reaching safepoint: 64023 ns, At safepoint: 3727 ns, Total: 67750 ns
[2021-04-30T09:41:33.541+0000][8][safepoint   ] Safepoint "Cleanup", Time since last: 2000152236 ns, Reaching safepoint: 71443 ns, At safepoint: 4604 ns, Total: 76047 ns
[2021-04-30T09:41:35.541+0000][8][safepoint   ] Safepoint "Cleanup", Time since last: 2000157752 ns, Reaching safepoint: 68248 ns, At safepoint: 7027 ns, Total: 75275 ns
[2021-04-30T09:41:36.542+0000][8][safepoint   ] Safepoint "Cleanup", Time since last: 1000099141 ns, Reaching safepoint: 67738 ns, At safepoint: 3501 ns, Total: 71239 ns
[2021-04-30T09:41:38.542+0000][8][safepoint   ] Safepoint "Cleanup", Time since last: 2000154712 ns, Reaching safepoint: 70221 ns, At safepoint: 5704 ns, Total: 75925 ns
[2021-04-30T09:41:39.542+0000][8][safepoint   ] Safepoint "Cleanup", Time since last: 1000097160 ns, Reaching safepoint: 79723 ns, At safepoint: 4979 ns, Total: 84702 ns
[2021-04-30T09:41:41.542+0000][8][safepoint   ] Safepoint "Cleanup", Time since last: 2000196663 ns, Reaching safepoint: 110366 ns, At safepoint: 9161 ns, Total: 119527 ns
[2021-04-30T09:41:42.542+0000][8][safepoint   ] Safepoint "Cleanup", Time since last: 1000121755 ns, Reaching safepoint: 98466 ns, At safepoint: 5780 ns, Total: 104246 ns
[2021-04-30T09:41:45.543+0000][8][safepoint   ] Safepoint "Cleanup", Time since last: 3000386224 ns, Reaching safepoint: 69238 ns, At safepoint: 5559 ns, Total: 74797 ns
[2021-04-30T09:41:46.543+0000][8][safepoint   ] Safepoint "Cleanup", Time since last: 1000124932 ns, Reaching safepoint: 69735 ns, At safepoint: 5843 ns, Total: 75578 ns
[2021-04-30T09:41:47.543+0000][8][safepoint   ] Safepoint "Cleanup", Time since last: 1000107774 ns, Reaching safepoint: 102439 ns, At safepoint: 12001 ns, Total: 114440 ns
[2021-04-30T09:41:48.544+0000][8][safepoint   ] Safepoint "Cleanup", Time since last: 1000112102 ns, Reaching safepoint: 72662 ns, At safepoint: 8020 ns, Total: 80682 ns
[2021-04-30T09:41:51.544+0000][8][safepoint   ] Safepoint "Cleanup", Time since last: 3000228409 ns, Reaching safepoint: 89649 ns, At safepoint: 4836 ns, Total: 94485 ns
[2021-04-30T09:41:55.544+0000][8][safepoint   ] Safepoint "Cleanup", Time since last: 4000305155 ns, Reaching safepoint: 90919 ns, At safepoint: 5030 ns, Total: 95949 ns
[2021-04-30T09:42:01.545+0000][8][safepoint   ] Safepoint "Cleanup", Time since last: 6000426751 ns, Reaching safepoint: 85335 ns, At safepoint: 5633 ns, Total: 90968 ns
[2021-04-30T09:42:03.545+0000][8][safepoint   ] Safepoint "Cleanup", Time since last: 2000154226 ns, Reaching safepoint: 85566 ns, At safepoint: 5326 ns, Total: 90892 ns
[2021-04-30T09:42:04.545+0000][8][safepoint   ] Safepoint "Cleanup", Time since last: 1000094490 ns, Reaching safepoint: 69110 ns, At safepoint: 6156 ns, Total: 75266 ns
[2021-04-30T09:42:06.545+0000][8][safepoint   ] Safepoint "Cleanup", Time since last: 2000186036 ns, Reaching safepoint: 76599 ns, At safepoint: 5824 ns, Total: 82423 ns
[2021-04-30T09:42:09.262+0000][8][safepoint   ] Safepoint "Cleanup", Time since last: 2716718605 ns, Reaching safepoint: 148163 ns, At safepoint: 6677 ns, Total: 154840 ns
[2021-04-30T09:42:11.263+0000][8][safepoint   ] Safepoint "Cleanup", Time since last: 2000334255 ns, Reaching safepoint: 160786 ns, At safepoint: 7239 ns, Total: 168025 ns
[2021-04-30T09:42:12.263+0000][8][safepoint   ] Safepoint "Cleanup", Time since last: 1000188037 ns, Reaching safepoint: 170383 ns, At safepoint: 6379 ns, Total: 176762 ns
[2021-04-30T09:42:15.264+0000][8][safepoint   ] Safepoint "Cleanup", Time since last: 3000438752 ns, Reaching safepoint: 197615 ns, At safepoint: 6234 ns, Total: 203849 ns
[2021-04-30T09:42:21.265+0000][8][safepoint   ] Safepoint "Cleanup", Time since last: 6000680503 ns, Reaching safepoint: 83685 ns, At safepoint: 4028 ns, Total: 87713 ns
[2021-04-30T09:42:23.265+0000][8][safepoint   ] Safepoint "Cleanup", Time since last: 2000301736 ns, Reaching safepoint: 66410 ns, At safepoint: 5317 ns, Total: 71727 ns
[2021-04-30T09:42:36.266+0000][8][safepoint   ] Safepoint "Cleanup", Time since last: 13001342162 ns, Reaching safepoint: 110157 ns, At safepoint: 7072 ns, Total: 117229 ns
[2021-04-30T09:42:39.267+0000][8][safepoint   ] Safepoint "Cleanup", Time since last: 3000253802 ns, Reaching safepoint: 122586 ns, At safepoint: 9519 ns, Total: 132105 ns
[2021-04-30T09:42:42.267+0000][8][safepoint   ] Safepoint "Cleanup", Time since last: 3000401000 ns, Reaching safepoint: 83043 ns, At safepoint: 4257 ns, Total: 87300 ns
[2021-04-30T09:42:43.268+0000][8][safepoint   ] Safepoint "Cleanup", Time since last: 1000171488 ns, Reaching safepoint: 71533 ns, At safepoint: 5712 ns, Total: 77245 ns
[2021-04-30T09:42:45.268+0000][8][safepoint   ] Safepoint "Cleanup", Time since last: 2000249668 ns, Reaching safepoint: 165616 ns, At safepoint: 8077 ns, Total: 173693 ns
[2021-04-30T09:42:46.268+0000][8][safepoint   ] Safepoint "Cleanup", Time since last: 1000189577 ns, Reaching safepoint: 70153 ns, At safepoint: 4967 ns, Total: 75120 ns
[2021-04-30T09:42:48.269+0000][8][safepoint   ] Safepoint "Cleanup", Time since last: 2000187566 ns, Reaching safepoint: 104900 ns, At safepoint: 6889 ns, Total: 111789 ns
[2021-04-30T09:42:53.269+0000][8][safepoint   ] Safepoint "Cleanup", Time since last: 5000475218 ns, Reaching safepoint: 68863 ns, At safepoint: 5411 ns, Total: 74274 ns
[2021-04-30T09:43:03.270+0000][8][safepoint   ] Safepoint "Cleanup", Time since last: 10001187091 ns, Reaching safepoint: 95118 ns, At safepoint: 8867 ns, Total: 103985 ns
[2021-04-30T09:43:04.271+0000][8][safepoint   ] Safepoint "Cleanup", Time since last: 1000130441 ns, Reaching safepoint: 85080 ns, At safepoint: 6693 ns, Total: 91773 ns
[2021-04-30T09:43:05.271+0000][8][safepoint   ] Safepoint "Cleanup", Time since last: 1000176911 ns, Reaching safepoint: 94590 ns, At safepoint: 7832 ns, Total: 102422 ns
[2021-04-30T09:43:06.271+0000][8][safepoint   ] Safepoint "Cleanup", Time since last: 1000094019 ns, Reaching safepoint: 68990 ns, At safepoint: 4133 ns, Total: 73123 ns
[2021-04-30T09:43:07.271+0000][8][safepoint   ] Safepoint "Cleanup", Time since last: 1000179741 ns, Reaching safepoint: 75605 ns, At safepoint: 5936 ns, Total: 81541 ns
[2021-04-30T09:43:09.272+0000][8][safepoint   ] Safepoint "Cleanup", Time since last: 2000162592 ns, Reaching safepoint: 70839 ns, At safepoint: 4155 ns, Total: 74994 ns
[2021-04-30T09:43:12.272+0000][8][safepoint   ] Safepoint "Cleanup", Time since last: 3000231427 ns, Reaching safepoint: 85645 ns, At safepoint: 5503 ns, Total: 91148 ns
[2021-04-30T09:43:15.911+0000][8][gc,start    ] GC(42) Pause Young (Concurrent Start) (G1 Evacuation Pause)
[2021-04-30T09:43:15.911+0000][8][gc,task     ] GC(42) Using 6 workers of 8 for evacuation
[2021-04-30T09:43:15.911+0000][8][gc,age      ] GC(42) Desired survivor size 6291456 bytes, new threshold 15 (max threshold 15)
[2021-04-30T09:43:15.917+0000][8][gc,age      ] GC(42) Age table with threshold 15 (max threshold 15)
[2021-04-30T09:43:15.917+0000][8][gc,age      ] GC(42) - age   1:     516928 bytes,     516928 total
[2021-04-30T09:43:15.917+0000][8][gc,age      ] GC(42) - age   2:      36384 bytes,     553312 total
[2021-04-30T09:43:15.917+0000][8][gc,age      ] GC(42) - age   3:     812304 bytes,    1365616 total
[2021-04-30T09:43:15.917+0000][8][gc,age      ] GC(42) - age   4:     600288 bytes,    1965904 total
[2021-04-30T09:43:15.917+0000][8][gc,age      ] GC(42) - age   5:      22896 bytes,    1988800 total
[2021-04-30T09:43:15.917+0000][8][gc,age      ] GC(42) - age   6:     354864 bytes,    2343664 total
[2021-04-30T09:43:15.917+0000][8][gc,age      ] GC(42) - age   7:    1996840 bytes,    4340504 total
[2021-04-30T09:43:15.917+0000][8][gc,phases   ] GC(42)   Pre Evacuate Collection Set: 0.1ms
[2021-04-30T09:43:15.917+0000][8][gc,phases   ] GC(42)   Merge Heap Roots: 0.0ms
[2021-04-30T09:43:15.917+0000][8][gc,phases   ] GC(42)   Evacuate Collection Set: 4.5ms
[2021-04-30T09:43:15.917+0000][8][gc,phases   ] GC(42)   Post Evacuate Collection Set: 1.4ms
[2021-04-30T09:43:15.917+0000][8][gc,phases   ] GC(42)   Other: 0.3ms
[2021-04-30T09:43:15.917+0000][8][gc,heap     ] GC(42) Eden regions: 18->0(19)
[2021-04-30T09:43:15.917+0000][8][gc,heap     ] GC(42) Survivor regions: 2->2(3)
[2021-04-30T09:43:15.917+0000][8][gc,heap     ] GC(42) Old regions: 27->27
[2021-04-30T09:43:15.917+0000][8][gc,heap     ] GC(42) Archive regions: 2->2
[2021-04-30T09:43:15.917+0000][8][gc,heap     ] GC(42) Humongous regions: 2->2
[2021-04-30T09:43:15.917+0000][8][gc,metaspace] GC(42) Metaspace: 104624K(108884K)->104624K(108884K) NonClass: 90765K(93668K)->90765K(93668K) Class: 13858K(15216K)->13858K(15216K)
[2021-04-30T09:43:15.917+0000][8][gc          ] GC(42) Pause Young (Concurrent Start) (G1 Evacuation Pause) 192M->120M(256M) 6.561ms
[2021-04-30T09:43:15.917+0000][8][gc,cpu      ] GC(42) User=0.02s Sys=0.01s Real=0.01s
[2021-04-30T09:43:15.917+0000][8][gc          ] GC(43) Concurrent Cycle
[2021-04-30T09:43:15.917+0000][8][safepoint   ] Safepoint "G1CollectForAllocation", Time since last: 3638677297 ns, Reaching safepoint: 95845 ns, At safepoint: 6660539 ns, Total: 6756384 ns
[2021-04-30T09:43:15.917+0000][8][gc,marking  ] GC(43) Concurrent Clear Claimed Marks
[2021-04-30T09:43:15.917+0000][8][gc,marking  ] GC(43) Concurrent Clear Claimed Marks 0.133ms
[2021-04-30T09:43:15.917+0000][8][gc,marking  ] GC(43) Concurrent Scan Root Regions
[2021-04-30T09:43:15.922+0000][8][gc,marking  ] GC(43) Concurrent Scan Root Regions 4.738ms
[2021-04-30T09:43:15.922+0000][8][gc,marking  ] GC(43) Concurrent Mark (576.237s)
[2021-04-30T09:43:15.922+0000][8][gc,marking  ] GC(43) Concurrent Mark From Roots
[2021-04-30T09:43:15.922+0000][8][gc,task     ] GC(43) Using 2 workers of 2 for marking
[2021-04-30T09:43:16.032+0000][8][gc,marking  ] GC(43) Concurrent Mark From Roots 109.223ms
[2021-04-30T09:43:16.032+0000][8][gc,marking  ] GC(43) Concurrent Preclean
[2021-04-30T09:43:16.032+0000][8][gc,marking  ] GC(43) Concurrent Preclean 0.268ms
[2021-04-30T09:43:16.032+0000][8][gc,marking  ] GC(43) Concurrent Mark (576.237s, 576.347s) 109.560ms
[2021-04-30T09:43:16.032+0000][8][gc,start    ] GC(43) Pause Remark
[2021-04-30T09:43:16.037+0000][8][gc          ] GC(43) Pause Remark 121M->121M(256M) 5.132ms
[2021-04-30T09:43:16.037+0000][8][gc,cpu      ] GC(43) User=0.02s Sys=0.00s Real=0.01s
[2021-04-30T09:43:16.037+0000][8][safepoint   ] Safepoint "G1Concurrent", Time since last: 114528667 ns, Reaching safepoint: 94280 ns, At safepoint: 5243699 ns, Total: 5337979 ns
[2021-04-30T09:43:16.037+0000][8][gc,marking  ] GC(43) Concurrent Rebuild Remembered Sets
[2021-04-30T09:43:16.106+0000][8][gc,marking  ] GC(43) Concurrent Rebuild Remembered Sets 68.618ms
[2021-04-30T09:43:16.106+0000][8][gc,start    ] GC(43) Pause Cleanup
[2021-04-30T09:43:16.106+0000][8][gc          ] GC(43) Pause Cleanup 121M->121M(256M) 0.071ms
[2021-04-30T09:43:16.106+0000][8][gc,cpu      ] GC(43) User=0.00s Sys=0.00s Real=0.00s
[2021-04-30T09:43:16.106+0000][8][safepoint   ] Safepoint "G1Concurrent", Time since last: 68858741 ns, Reaching safepoint: 69627 ns, At safepoint: 118079 ns, Total: 187706 ns
[2021-04-30T09:43:16.106+0000][8][gc,marking  ] GC(43) Concurrent Cleanup for Next Mark
[2021-04-30T09:43:16.106+0000][8][gc,marking  ] GC(43) Concurrent Cleanup for Next Mark 0.140ms
[2021-04-30T09:43:16.106+0000][8][gc          ] GC(43) Concurrent Cycle 189.100ms
[2021-04-30T09:43:21.107+0000][8][safepoint   ] Safepoint "Cleanup", Time since last: 5000369643 ns, Reaching safepoint: 75996 ns, At safepoint: 6035 ns, Total: 82031 ns
[2021-04-30T09:43:27.107+0000][8][safepoint   ] Safepoint "Cleanup", Time since last: 6000460852 ns, Reaching safepoint: 113248 ns, At safepoint: 9248 ns, Total: 122496 ns
[2021-04-30T09:43:31.108+0000][8][safepoint   ] Safepoint "Cleanup", Time since last: 4000303903 ns, Reaching safepoint: 63986 ns, At safepoint: 4783 ns, Total: 68769 ns
[2021-04-30T09:43:37.108+0000][8][safepoint   ] Safepoint "Cleanup", Time since last: 6000399807 ns, Reaching safepoint: 83847 ns, At safepoint: 5259 ns, Total: 89106 ns
[2021-04-30T09:43:40.108+0000][8][safepoint   ] Safepoint "Cleanup", Time since last: 3000214963 ns, Reaching safepoint: 76157 ns, At safepoint: 7198 ns, Total: 83355 ns
[2021-04-30T09:43:42.109+0000][8][safepoint   ] Safepoint "Cleanup", Time since last: 2000310281 ns, Reaching safepoint: 152019 ns, At safepoint: 24183 ns, Total: 176202 ns
[2021-04-30T09:43:51.111+0000][8][safepoint   ] Safepoint "Cleanup", Time since last: 9001636861 ns, Reaching safepoint: 87187 ns, At safepoint: 5654 ns, Total: 92841 ns
[2021-04-30T09:43:54.111+0000][8][safepoint   ] Safepoint "Cleanup", Time since last: 3000430285 ns, Reaching safepoint: 123536 ns, At safepoint: 8725 ns, Total: 132261 ns
[2021-04-30T09:44:04.113+0000][8][safepoint   ] Safepoint "Cleanup", Time since last: 10001316586 ns, Reaching safepoint: 134429 ns, At safepoint: 4397 ns, Total: 138826 ns
[2021-04-30T09:44:04.335+0000][8][safepoint   ] Safepoint "ICBufferFull", Time since last: 221868483 ns, Reaching safepoint: 176997 ns, At safepoint: 9778 ns, Total: 186775 ns
[2021-04-30T09:44:05.335+0000][8][safepoint   ] Safepoint "Cleanup", Time since last: 1000260855 ns, Reaching safepoint: 243240 ns, At safepoint: 9299 ns, Total: 252539 ns
[2021-04-30T09:44:06.335+0000][8][safepoint   ] Safepoint "Cleanup", Time since last: 1000106408 ns, Reaching safepoint: 101567 ns, At safepoint: 9386 ns, Total: 110953 ns
[2021-04-30T09:44:09.336+0000][8][safepoint   ] Safepoint "Cleanup", Time since last: 3000246312 ns, Reaching safepoint: 111450 ns, At safepoint: 5003 ns, Total: 116453 ns
[2021-04-30T09:44:10.336+0000][8][safepoint   ] Safepoint "Cleanup", Time since last: 1000237564 ns, Reaching safepoint: 90178 ns, At safepoint: 7211 ns, Total: 97389 ns
[2021-04-30T09:44:12.336+0000][8][safepoint   ] Safepoint "Cleanup", Time since last: 2000162879 ns, Reaching safepoint: 74427 ns, At safepoint: 3549 ns, Total: 77976 ns
[2021-04-30T09:44:13.337+0000][8][safepoint   ] Safepoint "Cleanup", Time since last: 1000164504 ns, Reaching safepoint: 65987 ns, At safepoint: 4077 ns, Total: 70064 ns
[2021-04-30T09:44:25.950+0000][8][gc,start    ] GC(44) Pause Young (Normal) (G1 Evacuation Pause)
[2021-04-30T09:44:25.950+0000][8][gc,task     ] GC(44) Using 6 workers of 8 for evacuation
[2021-04-30T09:44:25.950+0000][8][gc,age      ] GC(44) Desired survivor size 6291456 bytes, new threshold 15 (max threshold 15)
[2021-04-30T09:44:25.955+0000][8][gc,age      ] GC(44) Age table with threshold 15 (max threshold 15)
[2021-04-30T09:44:25.955+0000][8][gc,age      ] GC(44) - age   1:     955144 bytes,     955144 total
[2021-04-30T09:44:25.955+0000][8][gc,age      ] GC(44) - age   2:      10992 bytes,     966136 total
[2021-04-30T09:44:25.955+0000][8][gc,age      ] GC(44) - age   3:      36288 bytes,    1002424 total
[2021-04-30T09:44:25.955+0000][8][gc,age      ] GC(44) - age   4:     804256 bytes,    1806680 total
[2021-04-30T09:44:25.955+0000][8][gc,age      ] GC(44) - age   5:     597992 bytes,    2404672 total
[2021-04-30T09:44:25.955+0000][8][gc,age      ] GC(44) - age   6:      22896 bytes,    2427568 total
[2021-04-30T09:44:25.955+0000][8][gc,age      ] GC(44) - age   7:     354864 bytes,    2782432 total
[2021-04-30T09:44:25.955+0000][8][gc,age      ] GC(44) - age   8:    1996840 bytes,    4779272 total
[2021-04-30T09:44:25.955+0000][8][gc,phases   ] GC(44)   Pre Evacuate Collection Set: 0.0ms
[2021-04-30T09:44:25.955+0000][8][gc,phases   ] GC(44)   Merge Heap Roots: 0.1ms
[2021-04-30T09:44:25.956+0000][8][gc,phases   ] GC(44)   Evacuate Collection Set: 4.8ms
[2021-04-30T09:44:25.956+0000][8][gc,phases   ] GC(44)   Post Evacuate Collection Set: 0.5ms
[2021-04-30T09:44:25.956+0000][8][gc,phases   ] GC(44)   Other: 0.2ms
[2021-04-30T09:44:25.956+0000][8][gc,heap     ] GC(44) Eden regions: 19->0(19)
[2021-04-30T09:44:25.956+0000][8][gc,heap     ] GC(44) Survivor regions: 2->2(3)
[2021-04-30T09:44:25.956+0000][8][gc,heap     ] GC(44) Old regions: 27->27
[2021-04-30T09:44:25.956+0000][8][gc,heap     ] GC(44) Archive regions: 2->2
[2021-04-30T09:44:25.956+0000][8][gc,heap     ] GC(44) Humongous regions: 2->2
[2021-04-30T09:44:25.956+0000][8][gc,metaspace] GC(44) Metaspace: 104881K(109140K)->104881K(109140K) NonClass: 91009K(93924K)->91009K(93924K) Class: 13871K(15216K)->13871K(15216K)
[2021-04-30T09:44:25.956+0000][8][gc          ] GC(44) Pause Young (Normal) (G1 Evacuation Pause) 196M->120M(256M) 5.678ms
[2021-04-30T09:44:25.956+0000][8][gc,cpu      ] GC(44) User=0.03s Sys=0.00s Real=0.00s
[2021-04-30T09:44:25.956+0000][8][safepoint   ] Safepoint "G1CollectForAllocation", Time since last: 12613152026 ns, Reaching safepoint: 87570 ns, At safepoint: 5743539 ns, Total: 5831109 ns
[2021-04-30T09:44:33.956+0000][8][safepoint   ] Safepoint "Cleanup", Time since last: 8000620585 ns, Reaching safepoint: 78020 ns, At safepoint: 8333 ns, Total: 86353 ns
[2021-04-30T09:44:38.957+0000][8][safepoint   ] Safepoint "Cleanup", Time since last: 5000419436 ns, Reaching safepoint: 94093 ns, At safepoint: 6700 ns, Total: 100793 ns
[2021-04-30T09:44:41.957+0000][8][safepoint   ] Safepoint "Cleanup", Time since last: 3000426963 ns, Reaching safepoint: 113132 ns, At safepoint: 5566 ns, Total: 118698 ns
[2021-04-30T09:44:42.958+0000][8][safepoint   ] Safepoint "Cleanup", Time since last: 1000127498 ns, Reaching safepoint: 68795 ns, At safepoint: 4202 ns, Total: 72997 ns
[2021-04-30T09:44:47.958+0000][8][safepoint   ] Safepoint "Cleanup", Time since last: 5000544484 ns, Reaching safepoint: 74143 ns, At safepoint: 5440 ns, Total: 79583 ns
[2021-04-30T09:44:50.959+0000][8][safepoint   ] Safepoint "Cleanup", Time since last: 3000257610 ns, Reaching safepoint: 102499 ns, At safepoint: 6796 ns, Total: 109295 ns
[2021-04-30T09:44:59.960+0000][8][safepoint   ] Safepoint "Cleanup", Time since last: 9000812465 ns, Reaching safepoint: 128485 ns, At safepoint: 4938 ns, Total: 133423 ns
[2021-04-30T09:45:00.960+0000][8][safepoint   ] Safepoint "Cleanup", Time since last: 1000117629 ns, Reaching safepoint: 92735 ns, At safepoint: 6979 ns, Total: 99714 ns
[2021-04-30T09:45:03.960+0000][8][safepoint   ] Safepoint "Cleanup", Time since last: 3000429030 ns, Reaching safepoint: 88724 ns, At safepoint: 8138 ns, Total: 96862 ns
[2021-04-30T09:45:09.961+0000][8][safepoint   ] Safepoint "Cleanup", Time since last: 6000535115 ns, Reaching safepoint: 293503 ns, At safepoint: 5003 ns, Total: 298506 ns
[2021-04-30T09:45:12.129+0000][8][safepoint   ] Safepoint "Cleanup", Time since last: 2167574357 ns, Reaching safepoint: 118043 ns, At safepoint: 6791 ns, Total: 124834 ns
[2021-04-30T09:45:13.129+0000][8][safepoint   ] Safepoint "Cleanup", Time since last: 1000238649 ns, Reaching safepoint: 102858 ns, At safepoint: 4840 ns, Total: 107698 ns
[2021-04-30T09:45:14.129+0000][8][safepoint   ] Safepoint "Cleanup", Time since last: 1000128123 ns, Reaching safepoint: 126945 ns, At safepoint: 6825 ns, Total: 133770 ns
[2021-04-30T09:45:31.131+0000][8][safepoint   ] Safepoint "Cleanup", Time since last: 17001935173 ns, Reaching safepoint: 98882 ns, At safepoint: 5005 ns, Total: 103887 ns
[2021-04-30T09:45:34.132+0000][8][safepoint   ] Safepoint "Cleanup", Time since last: 3000256985 ns, Reaching safepoint: 76175 ns, At safepoint: 4840 ns, Total: 81015 ns
[2021-04-30T09:45:35.132+0000][8][safepoint   ] Safepoint "Cleanup", Time since last: 1000098047 ns, Reaching safepoint: 71988 ns, At safepoint: 5068 ns, Total: 77056 ns
[2021-04-30T09:45:36.132+0000][8][safepoint   ] Safepoint "Cleanup", Time since last: 1000105390 ns, Reaching safepoint: 106202 ns, At safepoint: 6421 ns, Total: 112623 ns
[2021-04-30T09:45:40.133+0000][8][safepoint   ] Safepoint "Cleanup", Time since last: 4000510796 ns, Reaching safepoint: 156340 ns, At safepoint: 20488 ns, Total: 176828 ns
[2021-04-30T09:45:41.133+0000][8][safepoint   ] Safepoint "Cleanup", Time since last: 1000121118 ns, Reaching safepoint: 112232 ns, At safepoint: 10360 ns, Total: 122592 ns
[2021-04-30T09:45:42.133+0000][8][safepoint   ] Safepoint "Cleanup", Time since last: 1000147560 ns, Reaching safepoint: 181950 ns, At safepoint: 12620 ns, Total: 194570 ns
[2021-04-30T09:45:44.134+0000][8][safepoint   ] Safepoint "Cleanup", Time since last: 2000277357 ns, Reaching safepoint: 64659 ns, At safepoint: 5033 ns, Total: 69692 ns
[2021-04-30T09:45:51.134+0000][8][safepoint   ] Safepoint "Cleanup", Time since last: 7000559168 ns, Reaching safepoint: 75385 ns, At safepoint: 3609 ns, Total: 78994 ns
[2021-04-30T09:46:04.136+0000][8][safepoint   ] Safepoint "Cleanup", Time since last: 13000985862 ns, Reaching safepoint: 70637 ns, At safepoint: 4882 ns, Total: 75519 ns
[2021-04-30T09:46:06.136+0000][8][safepoint   ] Safepoint "Cleanup", Time since last: 2000164933 ns, Reaching safepoint: 95050 ns, At safepoint: 6028 ns, Total: 101078 ns
[2021-04-30T09:46:09.136+0000][8][safepoint   ] Safepoint "Cleanup", Time since last: 3000234617 ns, Reaching safepoint: 127823 ns, At safepoint: 6760 ns, Total: 134583 ns
[2021-04-30T09:46:10.136+0000][8][safepoint   ] Safepoint "Cleanup", Time since last: 1000092691 ns, Reaching safepoint: 79145 ns, At safepoint: 6115 ns, Total: 85260 ns
[2021-04-30T09:46:12.137+0000][8][safepoint   ] Safepoint "Cleanup", Time since last: 2000184208 ns, Reaching safepoint: 166177 ns, At safepoint: 6832 ns, Total: 173009 ns
[2021-04-30T09:46:19.138+0000][8][safepoint   ] Safepoint "Cleanup", Time since last: 7000895503 ns, Reaching safepoint: 173089 ns, At safepoint: 11091 ns, Total: 184180 ns
[2021-04-30T09:46:21.138+0000][8][safepoint   ] Safepoint "Cleanup", Time since last: 2000249199 ns, Reaching safepoint: 100775 ns, At safepoint: 7678 ns, Total: 108453 ns
[2021-04-30T09:46:24.139+0000][8][safepoint   ] Safepoint "Cleanup", Time since last: 3000321916 ns, Reaching safepoint: 168229 ns, At safepoint: 6399 ns, Total: 174628 ns
[2021-04-30T09:46:24.916+0000][8][gc,start    ] GC(45) Pause Young (Concurrent Start) (G1 Evacuation Pause)
[2021-04-30T09:46:24.916+0000][8][gc,task     ] GC(45) Using 6 workers of 8 for evacuation
[2021-04-30T09:46:24.916+0000][8][gc,age      ] GC(45) Desired survivor size 6291456 bytes, new threshold 15 (max threshold 15)
[2021-04-30T09:46:24.921+0000][8][gc,age      ] GC(45) Age table with threshold 15 (max threshold 15)
[2021-04-30T09:46:24.921+0000][8][gc,age      ] GC(45) - age   1:     516680 bytes,     516680 total
[2021-04-30T09:46:24.921+0000][8][gc,age      ] GC(45) - age   2:     442360 bytes,     959040 total
[2021-04-30T09:46:24.921+0000][8][gc,age      ] GC(45) - age   3:      10728 bytes,     969768 total
[2021-04-30T09:46:24.921+0000][8][gc,age      ] GC(45) - age   4:      36288 bytes,    1006056 total
[2021-04-30T09:46:24.921+0000][8][gc,age      ] GC(45) - age   5:     804160 bytes,    1810216 total
[2021-04-30T09:46:24.921+0000][8][gc,age      ] GC(45) - age   6:     597952 bytes,    2408168 total
[2021-04-30T09:46:24.921+0000][8][gc,age      ] GC(45) - age   7:      22896 bytes,    2431064 total
[2021-04-30T09:46:24.921+0000][8][gc,age      ] GC(45) - age   8:     354864 bytes,    2785928 total
[2021-04-30T09:46:24.921+0000][8][gc,age      ] GC(45) - age   9:    1996840 bytes,    4782768 total
[2021-04-30T09:46:24.921+0000][8][gc,phases   ] GC(45)   Pre Evacuate Collection Set: 0.1ms
[2021-04-30T09:46:24.921+0000][8][gc,phases   ] GC(45)   Merge Heap Roots: 0.0ms
[2021-04-30T09:46:24.921+0000][8][gc,phases   ] GC(45)   Evacuate Collection Set: 3.8ms
[2021-04-30T09:46:24.921+0000][8][gc,phases   ] GC(45)   Post Evacuate Collection Set: 0.6ms
[2021-04-30T09:46:24.921+0000][8][gc,phases   ] GC(45)   Other: 0.2ms
[2021-04-30T09:46:24.921+0000][8][gc,heap     ] GC(45) Eden regions: 19->0(19)
[2021-04-30T09:46:24.921+0000][8][gc,heap     ] GC(45) Survivor regions: 2->2(3)
[2021-04-30T09:46:24.921+0000][8][gc,heap     ] GC(45) Old regions: 27->27
[2021-04-30T09:46:24.921+0000][8][gc,heap     ] GC(45) Archive regions: 2->2
[2021-04-30T09:46:24.921+0000][8][gc,heap     ] GC(45) Humongous regions: 2->2
[2021-04-30T09:46:24.921+0000][8][gc,metaspace] GC(45) Metaspace: 105034K(109140K)->105034K(109140K) NonClass: 91162K(93924K)->91162K(93924K) Class: 13872K(15216K)->13872K(15216K)
[2021-04-30T09:46:24.921+0000][8][gc          ] GC(45) Pause Young (Concurrent Start) (G1 Evacuation Pause) 196M->120M(256M) 4.779ms
[2021-04-30T09:46:24.921+0000][8][gc,cpu      ] GC(45) User=0.02s Sys=0.00s Real=0.01s
[2021-04-30T09:46:24.921+0000][8][gc          ] GC(46) Concurrent Cycle
[2021-04-30T09:46:24.921+0000][8][safepoint   ] Safepoint "G1CollectForAllocation", Time since last: 777700936 ns, Reaching safepoint: 71232 ns, At safepoint: 4854356 ns, Total: 4925588 ns
[2021-04-30T09:46:24.921+0000][8][gc,marking  ] GC(46) Concurrent Clear Claimed Marks
[2021-04-30T09:46:24.921+0000][8][gc,marking  ] GC(46) Concurrent Clear Claimed Marks 0.071ms
[2021-04-30T09:46:24.921+0000][8][gc,marking  ] GC(46) Concurrent Scan Root Regions
[2021-04-30T09:46:24.924+0000][8][gc,marking  ] GC(46) Concurrent Scan Root Regions 2.843ms
[2021-04-30T09:46:24.924+0000][8][gc,marking  ] GC(46) Concurrent Mark (765.239s)
[2021-04-30T09:46:24.924+0000][8][gc,marking  ] GC(46) Concurrent Mark From Roots
[2021-04-30T09:46:24.924+0000][8][gc,task     ] GC(46) Using 2 workers of 2 for marking
[2021-04-30T09:46:25.013+0000][8][gc,marking  ] GC(46) Concurrent Mark From Roots 89.192ms
[2021-04-30T09:46:25.014+0000][8][gc,marking  ] GC(46) Concurrent Preclean
[2021-04-30T09:46:25.014+0000][8][gc,marking  ] GC(46) Concurrent Preclean 0.206ms
[2021-04-30T09:46:25.014+0000][8][gc,marking  ] GC(46) Concurrent Mark (765.239s, 765.329s) 89.450ms
[2021-04-30T09:46:25.014+0000][8][gc,start    ] GC(46) Pause Remark
[2021-04-30T09:46:25.019+0000][8][gc          ] GC(46) Pause Remark 121M->121M(256M) 4.674ms
[2021-04-30T09:46:25.019+0000][8][gc,cpu      ] GC(46) User=0.02s Sys=0.00s Real=0.01s
[2021-04-30T09:46:25.019+0000][8][safepoint   ] Safepoint "G1Concurrent", Time since last: 92542196 ns, Reaching safepoint: 119819 ns, At safepoint: 4758382 ns, Total: 4878201 ns
[2021-04-30T09:46:25.019+0000][8][gc,marking  ] GC(46) Concurrent Rebuild Remembered Sets
[2021-04-30T09:46:25.080+0000][8][gc,marking  ] GC(46) Concurrent Rebuild Remembered Sets 60.871ms
[2021-04-30T09:46:25.080+0000][8][gc,start    ] GC(46) Pause Cleanup
[2021-04-30T09:46:25.080+0000][8][gc          ] GC(46) Pause Cleanup 121M->121M(256M) 0.137ms
[2021-04-30T09:46:25.080+0000][8][gc,cpu      ] GC(46) User=0.00s Sys=0.00s Real=0.00s
[2021-04-30T09:46:25.080+0000][8][safepoint   ] Safepoint "G1Concurrent", Time since last: 61008427 ns, Reaching safepoint: 123945 ns, At safepoint: 184826 ns, Total: 308771 ns
[2021-04-30T09:46:25.080+0000][8][gc,marking  ] GC(46) Concurrent Cleanup for Next Mark
[2021-04-30T09:46:25.080+0000][8][gc,marking  ] GC(46) Concurrent Cleanup for Next Mark 0.168ms
[2021-04-30T09:46:25.080+0000][8][gc          ] GC(46) Concurrent Cycle 158.973ms
[2021-04-30T09:46:31.081+0000][8][safepoint   ] Safepoint "Cleanup", Time since last: 6000740648 ns, Reaching safepoint: 98741 ns, At safepoint: 6994 ns, Total: 105735 ns
[2021-04-30T09:46:34.081+0000][8][safepoint   ] Safepoint "Cleanup", Time since last: 3000240613 ns, Reaching safepoint: 82451 ns, At safepoint: 6718 ns, Total: 89169 ns
[2021-04-30T09:46:37.082+0000][8][safepoint   ] Safepoint "Cleanup", Time since last: 3000262014 ns, Reaching safepoint: 84205 ns, At safepoint: 5978 ns, Total: 90183 ns
[2021-04-30T09:46:39.082+0000][8][safepoint   ] Safepoint "Cleanup", Time since last: 2000174546 ns, Reaching safepoint: 74080 ns, At safepoint: 4423 ns, Total: 78503 ns
[2021-04-30T09:46:42.082+0000][8][safepoint   ] Safepoint "Cleanup", Time since last: 3000240137 ns, Reaching safepoint: 77550 ns, At safepoint: 6887 ns, Total: 84437 ns
[2021-04-30T09:46:43.082+0000][8][safepoint   ] Safepoint "Cleanup", Time since last: 1000094871 ns, Reaching safepoint: 65213 ns, At safepoint: 3268 ns, Total: 68481 ns
[2021-04-30T09:46:51.083+0000][8][safepoint   ] Safepoint "Cleanup", Time since last: 8000761303 ns, Reaching safepoint: 69488 ns, At safepoint: 4552 ns, Total: 74040 ns
[2021-04-30T09:46:54.083+0000][8][safepoint   ] Safepoint "Cleanup", Time since last: 3000264220 ns, Reaching safepoint: 108306 ns, At safepoint: 5906 ns, Total: 114212 ns
[2021-04-30T09:47:06.084+0000][8][safepoint   ] Safepoint "Cleanup", Time since last: 12000907042 ns, Reaching safepoint: 94964 ns, At safepoint: 6904 ns, Total: 101868 ns
[2021-04-30T09:47:07.085+0000][8][safepoint   ] Safepoint "Cleanup", Time since last: 1000128953 ns, Reaching safepoint: 99768 ns, At safepoint: 6668 ns, Total: 106436 ns
[2021-04-30T09:47:09.085+0000][8][safepoint   ] Safepoint "Cleanup", Time since last: 2000198224 ns, Reaching safepoint: 118071 ns, At safepoint: 6013 ns, Total: 124084 ns
[2021-04-30T09:47:11.085+0000][8][safepoint   ] Safepoint "Cleanup", Time since last: 2000220356 ns, Reaching safepoint: 90626 ns, At safepoint: 5988 ns, Total: 96614 ns
[2021-04-30T09:47:13.086+0000][8][safepoint   ] Safepoint "Cleanup", Time since last: 2000243418 ns, Reaching safepoint: 173168 ns, At safepoint: 3765 ns, Total: 176933 ns
[2021-04-30T09:47:16.086+0000][8][safepoint   ] Safepoint "Cleanup", Time since last: 3000407481 ns, Reaching safepoint: 80101 ns, At safepoint: 3394 ns, Total: 83495 ns
[2021-04-30T09:47:19.087+0000][8][safepoint   ] Safepoint "Cleanup", Time since last: 3000234251 ns, Reaching safepoint: 77594 ns, At safepoint: 8494 ns, Total: 86088 ns
[2021-04-30T09:47:21.087+0000][8][safepoint   ] Safepoint "Cleanup", Time since last: 2000198610 ns, Reaching safepoint: 78884 ns, At safepoint: 5764 ns, Total: 84648 ns
[2021-04-30T09:47:24.087+0000][8][safepoint   ] Safepoint "Cleanup", Time since last: 3000344843 ns, Reaching safepoint: 70769 ns, At safepoint: 4002 ns, Total: 74771 ns
[2021-04-30T09:47:40.089+0000][8][safepoint   ] Safepoint "Cleanup", Time since last: 16001377979 ns, Reaching safepoint: 73084 ns, At safepoint: 5216 ns, Total: 78300 ns
[2021-04-30T09:47:42.089+0000][8][safepoint   ] Safepoint "Cleanup", Time since last: 2000158082 ns, Reaching safepoint: 148848 ns, At safepoint: 4424 ns, Total: 153272 ns
[2021-04-30T09:47:43.089+0000][8][safepoint   ] Safepoint "Cleanup", Time since last: 1000259505 ns, Reaching safepoint: 155928 ns, At safepoint: 6282 ns, Total: 162210 ns
[2021-04-30T09:48:01.091+0000][8][safepoint   ] Safepoint "Cleanup", Time since last: 18001855122 ns, Reaching safepoint: 78635 ns, At safepoint: 5956 ns, Total: 84591 ns
[2021-04-30T09:48:03.092+0000][8][safepoint   ] Safepoint "Cleanup", Time since last: 2000163749 ns, Reaching safepoint: 114035 ns, At safepoint: 6930 ns, Total: 120965 ns
[2021-04-30T09:48:04.092+0000][8][safepoint   ] Safepoint "Cleanup", Time since last: 1000095794 ns, Reaching safepoint: 74197 ns, At safepoint: 4031 ns, Total: 78228 ns
[2021-04-30T09:48:06.092+0000][8][safepoint   ] Safepoint "Cleanup", Time since last: 2000185387 ns, Reaching safepoint: 77710 ns, At safepoint: 6575 ns, Total: 84285 ns
[2021-04-30T09:48:09.093+0000][8][safepoint   ] Safepoint "Cleanup", Time since last: 3000292268 ns, Reaching safepoint: 134853 ns, At safepoint: 3877 ns, Total: 138730 ns
[2021-04-30T09:48:10.093+0000][8][safepoint   ] Safepoint "Cleanup", Time since last: 1000097224 ns, Reaching safepoint: 84818 ns, At safepoint: 5822 ns, Total: 90640 ns
[2021-04-30T09:48:11.093+0000][8][safepoint   ] Safepoint "Cleanup", Time since last: 1000092112 ns, Reaching safepoint: 77722 ns, At safepoint: 3703 ns, Total: 81425 ns
[2021-04-30T09:48:13.093+0000][8][safepoint   ] Safepoint "Cleanup", Time since last: 2000157246 ns, Reaching safepoint: 82088 ns, At safepoint: 7371 ns, Total: 89459 ns
[2021-04-30T09:48:14.093+0000][8][safepoint   ] Safepoint "Cleanup", Time since last: 1000122861 ns, Reaching safepoint: 73520 ns, At safepoint: 5189 ns, Total: 78709 ns
[2021-04-30T09:48:21.058+0000][8][gc,start    ] GC(47) Pause Young (Normal) (G1 Evacuation Pause)
[2021-04-30T09:48:21.058+0000][8][gc,task     ] GC(47) Using 6 workers of 8 for evacuation
[2021-04-30T09:48:21.058+0000][8][gc,age      ] GC(47) Desired survivor size 6291456 bytes, new threshold 15 (max threshold 15)
[2021-04-30T09:48:21.064+0000][8][gc,age      ] GC(47) Age table with threshold 15 (max threshold 15)
[2021-04-30T09:48:21.064+0000][8][gc,age      ] GC(47) - age   1:     512848 bytes,     512848 total
[2021-04-30T09:48:21.064+0000][8][gc,age      ] GC(47) - age   2:      10480 bytes,     523328 total
[2021-04-30T09:48:21.064+0000][8][gc,age      ] GC(47) - age   3:     279704 bytes,     803032 total
[2021-04-30T09:48:21.064+0000][8][gc,age      ] GC(47) - age   4:      10728 bytes,     813760 total
[2021-04-30T09:48:21.064+0000][8][gc,age      ] GC(47) - age   5:      36048 bytes,     849808 total
[2021-04-30T09:48:21.064+0000][8][gc,age      ] GC(47) - age   6:     804160 bytes,    1653968 total
[2021-04-30T09:48:21.064+0000][8][gc,age      ] GC(47) - age   7:     595336 bytes,    2249304 total
[2021-04-30T09:48:21.064+0000][8][gc,age      ] GC(47) - age   8:      22896 bytes,    2272200 total
[2021-04-30T09:48:21.064+0000][8][gc,age      ] GC(47) - age   9:     354864 bytes,    2627064 total
[2021-04-30T09:48:21.064+0000][8][gc,age      ] GC(47) - age  10:    1996824 bytes,    4623888 total
[2021-04-30T09:48:21.064+0000][8][gc,phases   ] GC(47)   Pre Evacuate Collection Set: 0.0ms
[2021-04-30T09:48:21.064+0000][8][gc,phases   ] GC(47)   Merge Heap Roots: 0.0ms
[2021-04-30T09:48:21.064+0000][8][gc,phases   ] GC(47)   Evacuate Collection Set: 4.8ms
[2021-04-30T09:48:21.064+0000][8][gc,phases   ] GC(47)   Post Evacuate Collection Set: 0.8ms
[2021-04-30T09:48:21.064+0000][8][gc,phases   ] GC(47)   Other: 0.2ms
[2021-04-30T09:48:21.064+0000][8][gc,heap     ] GC(47) Eden regions: 19->0(19)
[2021-04-30T09:48:21.064+0000][8][gc,heap     ] GC(47) Survivor regions: 2->2(3)
[2021-04-30T09:48:21.064+0000][8][gc,heap     ] GC(47) Old regions: 27->27
[2021-04-30T09:48:21.064+0000][8][gc,heap     ] GC(47) Archive regions: 2->2
[2021-04-30T09:48:21.064+0000][8][gc,heap     ] GC(47) Humongous regions: 2->2
[2021-04-30T09:48:21.064+0000][8][gc,metaspace] GC(47) Metaspace: 105144K(109396K)->105144K(109396K) NonClass: 91271K(94180K)->91271K(94180K) Class: 13872K(15216K)->13872K(15216K)
[2021-04-30T09:48:21.064+0000][8][gc          ] GC(47) Pause Young (Normal) (G1 Evacuation Pause) 196M->120M(256M) 6.062ms
[2021-04-30T09:48:21.064+0000][8][gc,cpu      ] GC(47) User=0.03s Sys=0.00s Real=0.00s
[2021-04-30T09:48:21.064+0000][8][safepoint   ] Safepoint "G1CollectForAllocation", Time since last: 6964790926 ns, Reaching safepoint: 75971 ns, At safepoint: 6133906 ns, Total: 6209877 ns
[2021-04-30T09:48:26.065+0000][8][safepoint   ] Safepoint "Cleanup", Time since last: 5000356542 ns, Reaching safepoint: 71823 ns, At safepoint: 5995 ns, Total: 77818 ns
[2021-04-30T09:48:31.065+0000][8][safepoint   ] Safepoint "Cleanup", Time since last: 5000309985 ns, Reaching safepoint: 70972 ns, At safepoint: 6049 ns, Total: 77021 ns
[2021-04-30T09:48:33.066+0000][8][safepoint   ] Safepoint "Cleanup", Time since last: 2000218618 ns, Reaching safepoint: 141357 ns, At safepoint: 10644 ns, Total: 152001 ns
[2021-04-30T09:48:37.066+0000][8][safepoint   ] Safepoint "Cleanup", Time since last: 4000408935 ns, Reaching safepoint: 102644 ns, At safepoint: 8509 ns, Total: 111153 ns
[2021-04-30T09:48:40.067+0000][8][safepoint   ] Safepoint "Cleanup", Time since last: 3000272461 ns, Reaching safepoint: 140562 ns, At safepoint: 9084 ns, Total: 149646 ns
[2021-04-30T09:48:42.067+0000][8][safepoint   ] Safepoint "Cleanup", Time since last: 2000181238 ns, Reaching safepoint: 136374 ns, At safepoint: 7536 ns, Total: 143910 ns
[2021-04-30T09:48:43.067+0000][8][safepoint   ] Safepoint "Cleanup", Time since last: 1000074696 ns, Reaching safepoint: 100755 ns, At safepoint: 4998 ns, Total: 105753 ns
[2021-04-30T09:48:45.067+0000][8][safepoint   ] Safepoint "Cleanup", Time since last: 2000341523 ns, Reaching safepoint: 84462 ns, At safepoint: 5088 ns, Total: 89550 ns
[2021-04-30T09:48:57.068+0000][8][safepoint   ] Safepoint "Cleanup", Time since last: 12000878452 ns, Reaching safepoint: 78006 ns, At safepoint: 3893 ns, Total: 81899 ns
[2021-04-30T09:48:59.069+0000][8][safepoint   ] Safepoint "Cleanup", Time since last: 2000185628 ns, Reaching safepoint: 63313 ns, At safepoint: 4025 ns, Total: 67338 ns
[2021-04-30T09:49:01.069+0000][8][safepoint   ] Safepoint "Cleanup", Time since last: 2000149916 ns, Reaching safepoint: 95090 ns, At safepoint: 3968 ns, Total: 99058 ns
[2021-04-30T09:49:03.069+0000][8][safepoint   ] Safepoint "Cleanup", Time since last: 2000184008 ns, Reaching safepoint: 80366 ns, At safepoint: 7275 ns, Total: 87641 ns
[2021-04-30T09:49:04.069+0000][8][safepoint   ] Safepoint "Cleanup", Time since last: 1000125489 ns, Reaching safepoint: 128236 ns, At safepoint: 5986 ns, Total: 134222 ns
[2021-04-30T09:49:07.070+0000][8][safepoint   ] Safepoint "Cleanup", Time since last: 3000288634 ns, Reaching safepoint: 92448 ns, At safepoint: 7134 ns, Total: 99582 ns
[2021-04-30T09:49:09.070+0000][8][safepoint   ] Safepoint "Cleanup", Time since last: 2000173365 ns, Reaching safepoint: 123332 ns, At safepoint: 8330 ns, Total: 131662 ns
[2021-04-30T09:49:10.070+0000][8][safepoint   ] Safepoint "Cleanup", Time since last: 1000166198 ns, Reaching safepoint: 102026 ns, At safepoint: 6239 ns, Total: 108265 ns
[2021-04-30T09:49:11.071+0000][8][safepoint   ] Safepoint "Cleanup", Time since last: 1000218882 ns, Reaching safepoint: 93370 ns, At safepoint: 10309 ns, Total: 103679 ns
[2021-04-30T09:49:13.071+0000][8][safepoint   ] Safepoint "Cleanup", Time since last: 2000173872 ns, Reaching safepoint: 101853 ns, At safepoint: 5734 ns, Total: 107587 ns
[2021-04-30T09:49:18.072+0000][8][safepoint   ] Safepoint "Cleanup", Time since last: 5000448286 ns, Reaching safepoint: 72401 ns, At safepoint: 6281 ns, Total: 78682 ns
[2021-04-30T09:49:31.073+0000][8][safepoint   ] Safepoint "Cleanup", Time since last: 13000975801 ns, Reaching safepoint: 96681 ns, At safepoint: 10537 ns, Total: 107218 ns
[2021-04-30T09:49:34.073+0000][8][safepoint   ] Safepoint "Cleanup", Time since last: 3000223624 ns, Reaching safepoint: 104435 ns, At safepoint: 9735 ns, Total: 114170 ns
[2021-04-30T09:49:36.073+0000][8][safepoint   ] Safepoint "Cleanup", Time since last: 2000254671 ns, Reaching safepoint: 97852 ns, At safepoint: 7378 ns, Total: 105230 ns
[2021-04-30T09:49:40.074+0000][8][safepoint   ] Safepoint "Cleanup", Time since last: 4000290392 ns, Reaching safepoint: 92996 ns, At safepoint: 6199 ns, Total: 99195 ns
[2021-04-30T09:49:41.074+0000][8][safepoint   ] Safepoint "Cleanup", Time since last: 1000128301 ns, Reaching safepoint: 108556 ns, At safepoint: 6648 ns, Total: 115204 ns
[2021-04-30T09:49:43.074+0000][8][safepoint   ] Safepoint "Cleanup", Time since last: 2000176986 ns, Reaching safepoint: 119033 ns, At safepoint: 7200 ns, Total: 126233 ns
[2021-04-30T09:49:51.075+0000][8][safepoint   ] Safepoint "Cleanup", Time since last: 8000751522 ns, Reaching safepoint: 69617 ns, At safepoint: 4452 ns, Total: 74069 ns
[2021-04-30T09:50:04.076+0000][8][safepoint   ] Safepoint "Cleanup", Time since last: 13001039260 ns, Reaching safepoint: 163285 ns, At safepoint: 11620 ns, Total: 174905 ns
[2021-04-30T09:50:06.077+0000][8][safepoint   ] Safepoint "Cleanup", Time since last: 2000256446 ns, Reaching safepoint: 72340 ns, At safepoint: 6084 ns, Total: 78424 ns
[2021-04-30T09:50:09.077+0000][8][safepoint   ] Safepoint "Cleanup", Time since last: 3000175779 ns, Reaching safepoint: 77210 ns, At safepoint: 6765 ns, Total: 83975 ns
[2021-04-30T09:50:10.077+0000][8][safepoint   ] Safepoint "Cleanup", Time since last: 1000094030 ns, Reaching safepoint: 74855 ns, At safepoint: 5705 ns, Total: 80560 ns
[2021-04-30T09:50:11.077+0000][8][safepoint   ] Safepoint "Cleanup", Time since last: 1000089184 ns, Reaching safepoint: 70028 ns, At safepoint: 5392 ns, Total: 75420 ns
[2021-04-30T09:50:12.124+0000][8][gc,start    ] GC(48) Pause Young (Concurrent Start) (G1 Evacuation Pause)
[2021-04-30T09:50:12.124+0000][8][gc,task     ] GC(48) Using 6 workers of 8 for evacuation
[2021-04-30T09:50:12.124+0000][8][gc,age      ] GC(48) Desired survivor size 6291456 bytes, new threshold 15 (max threshold 15)
[2021-04-30T09:50:12.129+0000][8][gc,age      ] GC(48) Age table with threshold 15 (max threshold 15)
[2021-04-30T09:50:12.129+0000][8][gc,age      ] GC(48) - age   1:     515584 bytes,     515584 total
[2021-04-30T09:50:12.129+0000][8][gc,age      ] GC(48) - age   2:       6648 bytes,     522232 total
[2021-04-30T09:50:12.129+0000][8][gc,age      ] GC(48) - age   3:       7512 bytes,     529744 total
[2021-04-30T09:50:12.129+0000][8][gc,age      ] GC(48) - age   4:     277672 bytes,     807416 total
[2021-04-30T09:50:12.129+0000][8][gc,age      ] GC(48) - age   5:      10632 bytes,     818048 total
[2021-04-30T09:50:12.129+0000][8][gc,age      ] GC(48) - age   6:      36048 bytes,     854096 total
[2021-04-30T09:50:12.129+0000][8][gc,age      ] GC(48) - age   7:     803952 bytes,    1658048 total
[2021-04-30T09:50:12.129+0000][8][gc,age      ] GC(48) - age   8:     595336 bytes,    2253384 total
[2021-04-30T09:50:12.129+0000][8][gc,age      ] GC(48) - age   9:      22896 bytes,    2276280 total
[2021-04-30T09:50:12.129+0000][8][gc,age      ] GC(48) - age  10:     354864 bytes,    2631144 total
[2021-04-30T09:50:12.129+0000][8][gc,age      ] GC(48) - age  11:    1996824 bytes,    4627968 total
[2021-04-30T09:50:12.129+0000][8][gc,phases   ] GC(48)   Pre Evacuate Collection Set: 0.1ms
[2021-04-30T09:50:12.129+0000][8][gc,phases   ] GC(48)   Merge Heap Roots: 0.0ms
[2021-04-30T09:50:12.129+0000][8][gc,phases   ] GC(48)   Evacuate Collection Set: 4.0ms
[2021-04-30T09:50:12.129+0000][8][gc,phases   ] GC(48)   Post Evacuate Collection Set: 0.5ms
[2021-04-30T09:50:12.129+0000][8][gc,phases   ] GC(48)   Other: 0.3ms
[2021-04-30T09:50:12.129+0000][8][gc,heap     ] GC(48) Eden regions: 19->0(19)
[2021-04-30T09:50:12.129+0000][8][gc,heap     ] GC(48) Survivor regions: 2->2(3)
[2021-04-30T09:50:12.129+0000][8][gc,heap     ] GC(48) Old regions: 27->27
[2021-04-30T09:50:12.129+0000][8][gc,heap     ] GC(48) Archive regions: 2->2
[2021-04-30T09:50:12.129+0000][8][gc,heap     ] GC(48) Humongous regions: 2->2
[2021-04-30T09:50:12.129+0000][8][gc,metaspace] GC(48) Metaspace: 105329K(109396K)->105329K(109396K) NonClass: 91455K(94180K)->91455K(94180K) Class: 13874K(15216K)->13874K(15216K)
[2021-04-30T09:50:12.129+0000][8][gc          ] GC(48) Pause Young (Concurrent Start) (G1 Evacuation Pause) 196M->120M(256M) 5.019ms
[2021-04-30T09:50:12.129+0000][8][gc,cpu      ] GC(48) User=0.02s Sys=0.00s Real=0.00s
[2021-04-30T09:50:12.129+0000][8][gc          ] GC(49) Concurrent Cycle
[2021-04-30T09:50:12.129+0000][8][gc,marking  ] GC(49) Concurrent Clear Claimed Marks
[2021-04-30T09:50:12.129+0000][8][gc,marking  ] GC(49) Concurrent Clear Claimed Marks 0.083ms
[2021-04-30T09:50:12.129+0000][8][gc,marking  ] GC(49) Concurrent Scan Root Regions
[2021-04-30T09:50:12.129+0000][8][safepoint   ] Safepoint "G1CollectForAllocation", Time since last: 1046267244 ns, Reaching safepoint: 151888 ns, At safepoint: 5412839 ns, Total: 5564727 ns
[2021-04-30T09:50:12.137+0000][8][gc,marking  ] GC(49) Concurrent Scan Root Regions 7.900ms
[2021-04-30T09:50:12.137+0000][8][gc,marking  ] GC(49) Concurrent Mark (992.452s)
[2021-04-30T09:50:12.137+0000][8][gc,marking  ] GC(49) Concurrent Mark From Roots
[2021-04-30T09:50:12.137+0000][8][gc,task     ] GC(49) Using 2 workers of 2 for marking
[2021-04-30T09:50:12.231+0000][8][gc,marking  ] GC(49) Concurrent Mark From Roots 94.399ms
[2021-04-30T09:50:12.231+0000][8][gc,marking  ] GC(49) Concurrent Preclean
[2021-04-30T09:50:12.232+0000][8][gc,marking  ] GC(49) Concurrent Preclean 0.247ms
[2021-04-30T09:50:12.232+0000][8][gc,marking  ] GC(49) Concurrent Mark (992.452s, 992.546s) 94.709ms
[2021-04-30T09:50:12.232+0000][8][gc,start    ] GC(49) Pause Remark
[2021-04-30T09:50:12.237+0000][8][gc          ] GC(49) Pause Remark 124M->124M(256M) 5.074ms
[2021-04-30T09:50:12.237+0000][8][gc,cpu      ] GC(49) User=0.02s Sys=0.02s Real=0.01s
[2021-04-30T09:50:12.237+0000][8][safepoint   ] Safepoint "G1Concurrent", Time since last: 102505920 ns, Reaching safepoint: 86757 ns, At safepoint: 5164948 ns, Total: 5251705 ns
[2021-04-30T09:50:12.237+0000][8][gc,marking  ] GC(49) Concurrent Rebuild Remembered Sets
[2021-04-30T09:50:12.304+0000][8][gc,marking  ] GC(49) Concurrent Rebuild Remembered Sets 66.647ms
[2021-04-30T09:50:12.304+0000][8][gc,start    ] GC(49) Pause Cleanup
[2021-04-30T09:50:12.304+0000][8][gc          ] GC(49) Pause Cleanup 124M->124M(256M) 0.089ms
[2021-04-30T09:50:12.304+0000][8][gc,cpu      ] GC(49) User=0.00s Sys=0.00s Real=0.00s
[2021-04-30T09:50:12.304+0000][8][safepoint   ] Safepoint "G1Concurrent", Time since last: 66864353 ns, Reaching safepoint: 105532 ns, At safepoint: 181246 ns, Total: 286778 ns
[2021-04-30T09:50:12.304+0000][8][gc,marking  ] GC(49) Concurrent Cleanup for Next Mark
[2021-04-30T09:50:12.304+0000][8][gc,marking  ] GC(49) Concurrent Cleanup for Next Mark 0.239ms
[2021-04-30T09:50:12.304+0000][8][gc          ] GC(49) Concurrent Cycle 175.565ms
[2021-04-30T09:50:18.305+0000][8][safepoint   ] Safepoint "Cleanup", Time since last: 6000607950 ns, Reaching safepoint: 76602 ns, At safepoint: 4556 ns, Total: 81158 ns
[2021-04-30T09:50:31.306+0000][8][safepoint   ] Safepoint "Cleanup", Time since last: 13001182630 ns, Reaching safepoint: 73771 ns, At safepoint: 8535 ns, Total: 82306 ns
[2021-04-30T09:50:33.306+0000][8][safepoint   ] Safepoint "Cleanup", Time since last: 2000166059 ns, Reaching safepoint: 70011 ns, At safepoint: 4339 ns, Total: 74350 ns
[2021-04-30T09:50:36.306+0000][8][safepoint   ] Safepoint "Cleanup", Time since last: 3000226585 ns, Reaching safepoint: 71389 ns, At safepoint: 4823 ns, Total: 76212 ns
[2021-04-30T09:50:39.307+0000][8][safepoint   ] Safepoint "Cleanup", Time since last: 3000231771 ns, Reaching safepoint: 108450 ns, At safepoint: 13873 ns, Total: 122323 ns
[2021-04-30T09:50:42.308+0000][8][safepoint   ] Safepoint "Cleanup", Time since last: 3000293875 ns, Reaching safepoint: 365754 ns, At safepoint: 29191 ns, Total: 394945 ns
[2021-04-30T09:50:43.308+0000][8][safepoint   ] Safepoint "Cleanup", Time since last: 1000619702 ns, Reaching safepoint: 94264 ns, At safepoint: 6740 ns, Total: 101004 ns
[2021-04-30T09:50:51.309+0000][8][safepoint   ] Safepoint "Cleanup", Time since last: 8000585261 ns, Reaching safepoint: 92206 ns, At safepoint: 8458 ns, Total: 100664 ns
[2021-04-30T09:51:08.311+0000][8][safepoint   ] Safepoint "Cleanup", Time since last: 17001532494 ns, Reaching safepoint: 64011 ns, At safepoint: 5392 ns, Total: 69403 ns
[2021-04-30T09:51:09.311+0000][8][safepoint   ] Safepoint "Cleanup", Time since last: 1000108387 ns, Reaching safepoint: 115587 ns, At safepoint: 5270 ns, Total: 120857 ns
[2021-04-30T09:51:11.311+0000][8][safepoint   ] Safepoint "Cleanup", Time since last: 2000205469 ns, Reaching safepoint: 88097 ns, At safepoint: 4193 ns, Total: 92290 ns
[2021-04-30T09:51:12.311+0000][8][safepoint   ] Safepoint "Cleanup", Time since last: 1000097975 ns, Reaching safepoint: 70728 ns, At safepoint: 5040 ns, Total: 75768 ns
[2021-04-30T09:51:14.312+0000][8][safepoint   ] Safepoint "Cleanup", Time since last: 2000312864 ns, Reaching safepoint: 93746 ns, At safepoint: 4329 ns, Total: 98075 ns
[2021-04-30T09:51:24.313+0000][8][safepoint   ] Safepoint "Cleanup", Time since last: 10000886781 ns, Reaching safepoint: 85933 ns, At safepoint: 4502 ns, Total: 90435 ns
[2021-04-30T09:51:27.313+0000][8][safepoint   ] Safepoint "Cleanup", Time since last: 3000276663 ns, Reaching safepoint: 93948 ns, At safepoint: 5498 ns, Total: 99446 ns
[2021-04-30T09:51:34.314+0000][8][safepoint   ] Safepoint "Cleanup", Time since last: 7000904448 ns, Reaching safepoint: 114002 ns, At safepoint: 8026 ns, Total: 122028 ns
[2021-04-30T09:51:39.315+0000][8][safepoint   ] Safepoint "Cleanup", Time since last: 5000700879 ns, Reaching safepoint: 85157 ns, At safepoint: 4830 ns, Total: 89987 ns
[2021-04-30T09:51:42.315+0000][8][safepoint   ] Safepoint "Cleanup", Time since last: 3000438190 ns, Reaching safepoint: 117770 ns, At safepoint: 5389 ns, Total: 123159 ns
[2021-04-30T09:52:01.318+0000][8][safepoint   ] Safepoint "Cleanup", Time since last: 19002022975 ns, Reaching safepoint: 127307 ns, At safepoint: 6674 ns, Total: 133981 ns
[2021-04-30T09:52:03.318+0000][8][safepoint   ] Safepoint "Cleanup", Time since last: 2000334673 ns, Reaching safepoint: 119518 ns, At safepoint: 4834 ns, Total: 124352 ns
[2021-04-30T09:52:05.318+0000][8][safepoint   ] Safepoint "Cleanup", Time since last: 2000194259 ns, Reaching safepoint: 79783 ns, At safepoint: 5124 ns, Total: 84907 ns
[2021-04-30T09:52:09.319+0000][8][safepoint   ] Safepoint "Cleanup", Time since last: 4000394297 ns, Reaching safepoint: 86650 ns, At safepoint: 6760 ns, Total: 93410 ns
[2021-04-30T09:52:11.319+0000][8][safepoint   ] Safepoint "Cleanup", Time since last: 2000205472 ns, Reaching safepoint: 148841 ns, At safepoint: 10733 ns, Total: 159574 ns
[2021-04-30T09:52:12.132+0000][8][gc,start    ] GC(50) Pause Young (Normal) (G1 Evacuation Pause)
[2021-04-30T09:52:12.132+0000][8][gc,task     ] GC(50) Using 6 workers of 8 for evacuation
[2021-04-30T09:52:12.132+0000][8][gc,age      ] GC(50) Desired survivor size 6291456 bytes, new threshold 15 (max threshold 15)
[2021-04-30T09:52:12.138+0000][8][gc,age      ] GC(50) Age table with threshold 15 (max threshold 15)
[2021-04-30T09:52:12.138+0000][8][gc,age      ] GC(50) - age   1:     368976 bytes,     368976 total
[2021-04-30T09:52:12.138+0000][8][gc,age      ] GC(50) - age   2:      12888 bytes,     381864 total
[2021-04-30T09:52:12.138+0000][8][gc,age      ] GC(50) - age   3:       6496 bytes,     388360 total
[2021-04-30T09:52:12.138+0000][8][gc,age      ] GC(50) - age   4:       7512 bytes,     395872 total
[2021-04-30T09:52:12.138+0000][8][gc,age      ] GC(50) - age   5:     277336 bytes,     673208 total
[2021-04-30T09:52:12.138+0000][8][gc,age      ] GC(50) - age   6:      10632 bytes,     683840 total
[2021-04-30T09:52:12.138+0000][8][gc,age      ] GC(50) - age   7:      36048 bytes,     719888 total
[2021-04-30T09:52:12.138+0000][8][gc,age      ] GC(50) - age   8:     803952 bytes,    1523840 total
[2021-04-30T09:52:12.138+0000][8][gc,age      ] GC(50) - age   9:     595336 bytes,    2119176 total
[2021-04-30T09:52:12.138+0000][8][gc,age      ] GC(50) - age  10:      22896 bytes,    2142072 total
[2021-04-30T09:52:12.138+0000][8][gc,age      ] GC(50) - age  11:     354864 bytes,    2496936 total
[2021-04-30T09:52:12.138+0000][8][gc,age      ] GC(50) - age  12:    1996824 bytes,    4493760 total
[2021-04-30T09:52:12.138+0000][8][gc,phases   ] GC(50)   Pre Evacuate Collection Set: 0.0ms
[2021-04-30T09:52:12.138+0000][8][gc,phases   ] GC(50)   Merge Heap Roots: 0.1ms
[2021-04-30T09:52:12.138+0000][8][gc,phases   ] GC(50)   Evacuate Collection Set: 5.0ms
[2021-04-30T09:52:12.138+0000][8][gc,phases   ] GC(50)   Post Evacuate Collection Set: 0.7ms
[2021-04-30T09:52:12.138+0000][8][gc,phases   ] GC(50)   Other: 0.2ms
[2021-04-30T09:52:12.138+0000][8][gc,heap     ] GC(50) Eden regions: 19->0(19)
[2021-04-30T09:52:12.138+0000][8][gc,heap     ] GC(50) Survivor regions: 2->2(3)
[2021-04-30T09:52:12.138+0000][8][gc,heap     ] GC(50) Old regions: 27->27
[2021-04-30T09:52:12.138+0000][8][gc,heap     ] GC(50) Archive regions: 2->2
[2021-04-30T09:52:12.138+0000][8][gc,heap     ] GC(50) Humongous regions: 2->2
[2021-04-30T09:52:12.138+0000][8][gc,metaspace] GC(50) Metaspace: 105407K(109652K)->105407K(109652K) NonClass: 91533K(94436K)->91533K(94436K) Class: 13874K(15216K)->13874K(15216K)
[2021-04-30T09:52:12.138+0000][8][gc          ] GC(50) Pause Young (Normal) (G1 Evacuation Pause) 196M->120M(256M) 6.039ms
[2021-04-30T09:52:12.138+0000][8][gc,cpu      ] GC(50) User=0.02s Sys=0.00s Real=0.01s
[2021-04-30T09:52:12.139+0000][8][safepoint   ] Safepoint "G1CollectForAllocation", Time since last: 813129435 ns, Reaching safepoint: 152374 ns, At safepoint: 6124414 ns, Total: 6276788 ns
[2021-04-30T09:52:13.139+0000][8][safepoint   ] Safepoint "Cleanup", Time since last: 1000116774 ns, Reaching safepoint: 95358 ns, At safepoint: 7938 ns, Total: 103296 ns
[2021-04-30T09:52:34.141+0000][8][safepoint   ] Safepoint "Cleanup", Time since last: 21002091361 ns, Reaching safepoint: 80628 ns, At safepoint: 3998 ns, Total: 84626 ns
[2021-04-30T09:52:37.141+0000][8][safepoint   ] Safepoint "Cleanup", Time since last: 3000232498 ns, Reaching safepoint: 109053 ns, At safepoint: 7811 ns, Total: 116864 ns
[2021-04-30T09:52:40.142+0000][8][safepoint   ] Safepoint "Cleanup", Time since last: 3000259576 ns, Reaching safepoint: 63459 ns, At safepoint: 4803 ns, Total: 68262 ns
[2021-04-30T09:52:49.143+0000][8][safepoint   ] Safepoint "Cleanup", Time since last: 9001088412 ns, Reaching safepoint: 81249 ns, At safepoint: 5847 ns, Total: 87096 ns
[2021-04-30T09:53:01.144+0000][8][safepoint   ] Safepoint "Cleanup", Time since last: 12001214027 ns, Reaching safepoint: 74548 ns, At safepoint: 3920 ns, Total: 78468 ns
[2021-04-30T09:53:04.144+0000][8][safepoint   ] Safepoint "Cleanup", Time since last: 3000258750 ns, Reaching safepoint: 79129 ns, At safepoint: 6477 ns, Total: 85606 ns
[2021-04-30T09:53:06.145+0000][8][safepoint   ] Safepoint "Cleanup", Time since last: 2000313636 ns, Reaching safepoint: 127444 ns, At safepoint: 6699 ns, Total: 134143 ns
[2021-04-30T09:53:07.145+0000][8][safepoint   ] Safepoint "Cleanup", Time since last: 1000095195 ns, Reaching safepoint: 88063 ns, At safepoint: 4210 ns, Total: 92273 ns
[2021-04-30T09:53:09.145+0000][8][safepoint   ] Safepoint "Cleanup", Time since last: 2000180523 ns, Reaching safepoint: 77273 ns, At safepoint: 5628 ns, Total: 82901 ns
[2021-04-30T09:53:10.145+0000][8][safepoint   ] Safepoint "Cleanup", Time since last: 1000091000 ns, Reaching safepoint: 80385 ns, At safepoint: 7909 ns, Total: 88294 ns
[2021-04-30T09:53:30.148+0000][8][safepoint   ] Safepoint "Cleanup", Time since last: 20002344847 ns, Reaching safepoint: 98920 ns, At safepoint: 5885 ns, Total: 104805 ns
[2021-04-30T09:53:36.149+0000][8][safepoint   ] Safepoint "Cleanup", Time since last: 6000715305 ns, Reaching safepoint: 91581 ns, At safepoint: 5549 ns, Total: 97130 ns
[2021-04-30T09:53:40.149+0000][8][safepoint   ] Safepoint "Cleanup", Time since last: 4000519225 ns, Reaching safepoint: 67569 ns, At safepoint: 5833 ns, Total: 73402 ns
[2021-04-30T09:53:41.150+0000][8][safepoint   ] Safepoint "Cleanup", Time since last: 1000100205 ns, Reaching safepoint: 128935 ns, At safepoint: 10413 ns, Total: 139348 ns
[2021-04-30T09:53:42.150+0000][8][safepoint   ] Safepoint "Cleanup", Time since last: 1000139067 ns, Reaching safepoint: 122739 ns, At safepoint: 8628 ns, Total: 131367 ns
[2021-04-30T09:53:49.151+0000][8][safepoint   ] Safepoint "Cleanup", Time since last: 7000770639 ns, Reaching safepoint: 83897 ns, At safepoint: 6335 ns, Total: 90232 ns
[2021-04-30T09:53:56.151+0000][8][safepoint   ] Safepoint "Cleanup", Time since last: 7000531852 ns, Reaching safepoint: 108029 ns, At safepoint: 6146 ns, Total: 114175 ns
[2021-04-30T09:54:04.315+0000][8][gc,start    ] GC(51) Pause Young (Concurrent Start) (G1 Evacuation Pause)
[2021-04-30T09:54:04.315+0000][8][gc,task     ] GC(51) Using 6 workers of 8 for evacuation
[2021-04-30T09:54:04.315+0000][8][gc,age      ] GC(51) Desired survivor size 6291456 bytes, new threshold 15 (max threshold 15)
[2021-04-30T09:54:04.320+0000][8][gc,age      ] GC(51) Age table with threshold 15 (max threshold 15)
[2021-04-30T09:54:04.320+0000][8][gc,age      ] GC(51) - age   1:     767032 bytes,     767032 total
[2021-04-30T09:54:04.320+0000][8][gc,age      ] GC(51) - age   2:       4776 bytes,     771808 total
[2021-04-30T09:54:04.320+0000][8][gc,age      ] GC(51) - age   3:       9416 bytes,     781224 total
[2021-04-30T09:54:04.320+0000][8][gc,age      ] GC(51) - age   4:       6472 bytes,     787696 total
[2021-04-30T09:54:04.320+0000][8][gc,age      ] GC(51) - age   5:       7312 bytes,     795008 total
[2021-04-30T09:54:04.320+0000][8][gc,age      ] GC(51) - age   6:     184528 bytes,     979536 total
[2021-04-30T09:54:04.320+0000][8][gc,age      ] GC(51) - age   7:      10592 bytes,     990128 total
[2021-04-30T09:54:04.320+0000][8][gc,age      ] GC(51) - age   8:      36048 bytes,    1026176 total
[2021-04-30T09:54:04.320+0000][8][gc,age      ] GC(51) - age   9:     803952 bytes,    1830128 total
[2021-04-30T09:54:04.320+0000][8][gc,age      ] GC(51) - age  10:     595336 bytes,    2425464 total
[2021-04-30T09:54:04.320+0000][8][gc,age      ] GC(51) - age  11:      22896 bytes,    2448360 total
[2021-04-30T09:54:04.320+0000][8][gc,age      ] GC(51) - age  12:     354864 bytes,    2803224 total
[2021-04-30T09:54:04.320+0000][8][gc,age      ] GC(51) - age  13:    1996824 bytes,    4800048 total
[2021-04-30T09:54:04.320+0000][8][gc,phases   ] GC(51)   Pre Evacuate Collection Set: 0.1ms
[2021-04-30T09:54:04.320+0000][8][gc,phases   ] GC(51)   Merge Heap Roots: 0.0ms
[2021-04-30T09:54:04.320+0000][8][gc,phases   ] GC(51)   Evacuate Collection Set: 4.4ms
[2021-04-30T09:54:04.320+0000][8][gc,phases   ] GC(51)   Post Evacuate Collection Set: 0.5ms
[2021-04-30T09:54:04.320+0000][8][gc,phases   ] GC(51)   Other: 0.2ms
[2021-04-30T09:54:04.320+0000][8][gc,heap     ] GC(51) Eden regions: 19->0(19)
[2021-04-30T09:54:04.320+0000][8][gc,heap     ] GC(51) Survivor regions: 2->2(3)
[2021-04-30T09:54:04.320+0000][8][gc,heap     ] GC(51) Old regions: 27->27
[2021-04-30T09:54:04.320+0000][8][gc,heap     ] GC(51) Archive regions: 2->2
[2021-04-30T09:54:04.320+0000][8][gc,heap     ] GC(51) Humongous regions: 2->2
[2021-04-30T09:54:04.320+0000][8][gc,metaspace] GC(51) Metaspace: 105569K(109908K)->105569K(109908K) NonClass: 91694K(94692K)->91694K(94692K) Class: 13875K(15216K)->13875K(15216K)
[2021-04-30T09:54:04.320+0000][8][gc          ] GC(51) Pause Young (Concurrent Start) (G1 Evacuation Pause) 196M->120M(256M) 5.384ms
[2021-04-30T09:54:04.320+0000][8][gc,cpu      ] GC(51) User=0.02s Sys=0.00s Real=0.01s
[2021-04-30T09:54:04.320+0000][8][gc          ] GC(52) Concurrent Cycle
[2021-04-30T09:54:04.320+0000][8][safepoint   ] Safepoint "G1CollectForAllocation", Time since last: 8163446487 ns, Reaching safepoint: 89286 ns, At safepoint: 5452692 ns, Total: 5541978 ns
[2021-04-30T09:54:04.320+0000][8][gc,marking  ] GC(52) Concurrent Clear Claimed Marks
[2021-04-30T09:54:04.320+0000][8][gc,marking  ] GC(52) Concurrent Clear Claimed Marks 0.100ms
[2021-04-30T09:54:04.320+0000][8][gc,marking  ] GC(52) Concurrent Scan Root Regions
[2021-04-30T09:54:04.324+0000][8][gc,marking  ] GC(52) Concurrent Scan Root Regions 3.944ms
[2021-04-30T09:54:04.324+0000][8][gc,marking  ] GC(52) Concurrent Mark (1224.639s)
[2021-04-30T09:54:04.324+0000][8][gc,marking  ] GC(52) Concurrent Mark From Roots
[2021-04-30T09:54:04.324+0000][8][gc,task     ] GC(52) Using 2 workers of 2 for marking
[2021-04-30T09:54:04.440+0000][8][gc,marking  ] GC(52) Concurrent Mark From Roots 115.652ms
[2021-04-30T09:54:04.440+0000][8][gc,marking  ] GC(52) Concurrent Preclean
[2021-04-30T09:54:04.440+0000][8][gc,marking  ] GC(52) Concurrent Preclean 0.246ms
[2021-04-30T09:54:04.440+0000][8][gc,marking  ] GC(52) Concurrent Mark (1224.639s, 1224.755s) 115.963ms
[2021-04-30T09:54:04.441+0000][8][gc,start    ] GC(52) Pause Remark
[2021-04-30T09:54:04.446+0000][8][gc          ] GC(52) Pause Remark 136M->136M(256M) 5.103ms
[2021-04-30T09:54:04.446+0000][8][gc,cpu      ] GC(52) User=0.03s Sys=0.00s Real=0.00s
[2021-04-30T09:54:04.446+0000][8][safepoint   ] Safepoint "G1Concurrent", Time since last: 120083908 ns, Reaching safepoint: 100688 ns, At safepoint: 5182430 ns, Total: 5283118 ns
[2021-04-30T09:54:04.446+0000][8][gc,marking  ] GC(52) Concurrent Rebuild Remembered Sets
[2021-04-30T09:54:04.521+0000][8][gc,marking  ] GC(52) Concurrent Rebuild Remembered Sets 75.242ms
[2021-04-30T09:54:04.521+0000][8][gc,start    ] GC(52) Pause Cleanup
[2021-04-30T09:54:04.521+0000][8][gc          ] GC(52) Pause Cleanup 136M->136M(256M) 0.069ms
[2021-04-30T09:54:04.521+0000][8][gc,cpu      ] GC(52) User=0.00s Sys=0.00s Real=0.00s
[2021-04-30T09:54:04.521+0000][8][safepoint   ] Safepoint "G1Concurrent", Time since last: 75312634 ns, Reaching safepoint: 69177 ns, At safepoint: 107135 ns, Total: 176312 ns
[2021-04-30T09:54:04.521+0000][8][gc,marking  ] GC(52) Concurrent Cleanup for Next Mark
[2021-04-30T09:54:04.521+0000][8][gc,marking  ] GC(52) Concurrent Cleanup for Next Mark 0.128ms
[2021-04-30T09:54:04.521+0000][8][gc          ] GC(52) Concurrent Cycle 201.023ms
[2021-04-30T09:54:09.522+0000][8][safepoint   ] Safepoint "Cleanup", Time since last: 5000372729 ns, Reaching safepoint: 113445 ns, At safepoint: 6711 ns, Total: 120156 ns
[2021-04-30T09:54:12.522+0000][8][safepoint   ] Safepoint "Cleanup", Time since last: 3000364410 ns, Reaching safepoint: 94025 ns, At safepoint: 6909 ns, Total: 100934 ns
[2021-04-30T09:54:26.523+0000][8][safepoint   ] Safepoint "Cleanup", Time since last: 14001138233 ns, Reaching safepoint: 67662 ns, At safepoint: 5852 ns, Total: 73514 ns
[2021-04-30T09:54:33.524+0000][8][safepoint   ] Safepoint "Cleanup", Time since last: 7000781714 ns, Reaching safepoint: 103741 ns, At safepoint: 4915 ns, Total: 108656 ns
[2021-04-30T09:54:39.525+0000][8][safepoint   ] Safepoint "Cleanup", Time since last: 6000666347 ns, Reaching safepoint: 99962 ns, At safepoint: 5877 ns, Total: 105839 ns
[2021-04-30T09:54:41.525+0000][8][safepoint   ] Safepoint "Cleanup", Time since last: 2000175021 ns, Reaching safepoint: 81684 ns, At safepoint: 5559 ns, Total: 87243 ns
[2021-04-30T09:54:42.526+0000][8][safepoint   ] Safepoint "Cleanup", Time since last: 1000116036 ns, Reaching safepoint: 109206 ns, At safepoint: 6049 ns, Total: 115255 ns
[2021-04-30T09:54:43.526+0000][8][safepoint   ] Safepoint "Cleanup", Time since last: 1000273414 ns, Reaching safepoint: 169626 ns, At safepoint: 9972 ns, Total: 179598 ns
[2021-04-30T09:55:03.528+0000][8][safepoint   ] Safepoint "Cleanup", Time since last: 20002024818 ns, Reaching safepoint: 68563 ns, At safepoint: 4593 ns, Total: 73156 ns
[2021-04-30T09:55:09.529+0000][8][safepoint   ] Safepoint "Cleanup", Time since last: 6000467303 ns, Reaching safepoint: 81644 ns, At safepoint: 5058 ns, Total: 86702 ns
[2021-04-30T09:55:12.529+0000][8][safepoint   ] Safepoint "Cleanup", Time since last: 3000230219 ns, Reaching safepoint: 80200 ns, At safepoint: 8600 ns, Total: 88800 ns
[2021-04-30T09:55:15.529+0000][8][safepoint   ] Safepoint "Cleanup", Time since last: 3000248887 ns, Reaching safepoint: 85340 ns, At safepoint: 7577 ns, Total: 92917 ns
[2021-04-30T09:55:23.530+0000][8][safepoint   ] Safepoint "Cleanup", Time since last: 8000664296 ns, Reaching safepoint: 74929 ns, At safepoint: 5928 ns, Total: 80857 ns
[2021-04-30T09:55:24.530+0000][8][safepoint   ] Safepoint "Cleanup", Time since last: 1000101130 ns, Reaching safepoint: 66095 ns, At safepoint: 5554 ns, Total: 71649 ns
[2021-04-30T09:55:30.392+0000][8][gc,start    ] GC(53) Pause Young (Normal) (G1 Evacuation Pause)
[2021-04-30T09:55:30.392+0000][8][gc,task     ] GC(53) Using 6 workers of 8 for evacuation
[2021-04-30T09:55:30.392+0000][8][gc,age      ] GC(53) Desired survivor size 6291456 bytes, new threshold 15 (max threshold 15)
[2021-04-30T09:55:30.398+0000][8][gc,age      ] GC(53) Age table with threshold 15 (max threshold 15)
[2021-04-30T09:55:30.398+0000][8][gc,age      ] GC(53) - age   1:     611264 bytes,     611264 total
[2021-04-30T09:55:30.398+0000][8][gc,age      ] GC(53) - age   2:     195552 bytes,     806816 total
[2021-04-30T09:55:30.398+0000][8][gc,age      ] GC(53) - age   3:       4416 bytes,     811232 total
[2021-04-30T09:55:30.398+0000][8][gc,age      ] GC(53) - age   4:       9248 bytes,     820480 total
[2021-04-30T09:55:30.398+0000][8][gc,age      ] GC(53) - age   5:       6472 bytes,     826952 total
[2021-04-30T09:55:30.398+0000][8][gc,age      ] GC(53) - age   6:       7216 bytes,     834168 total
[2021-04-30T09:55:30.398+0000][8][gc,age      ] GC(53) - age   7:     133416 bytes,     967584 total
[2021-04-30T09:55:30.398+0000][8][gc,age      ] GC(53) - age   8:      10592 bytes,     978176 total
[2021-04-30T09:55:30.398+0000][8][gc,age      ] GC(53) - age   9:      36048 bytes,    1014224 total
[2021-04-30T09:55:30.398+0000][8][gc,age      ] GC(53) - age  10:     803952 bytes,    1818176 total
[2021-04-30T09:55:30.398+0000][8][gc,age      ] GC(53) - age  11:     595336 bytes,    2413512 total
[2021-04-30T09:55:30.398+0000][8][gc,age      ] GC(53) - age  12:      22896 bytes,    2436408 total
[2021-04-30T09:55:30.398+0000][8][gc,age      ] GC(53) - age  13:     354864 bytes,    2791272 total
[2021-04-30T09:55:30.398+0000][8][gc,age      ] GC(53) - age  14:    1996824 bytes,    4788096 total
[2021-04-30T09:55:30.398+0000][8][gc,phases   ] GC(53)   Pre Evacuate Collection Set: 0.1ms
[2021-04-30T09:55:30.398+0000][8][gc,phases   ] GC(53)   Merge Heap Roots: 0.1ms
[2021-04-30T09:55:30.398+0000][8][gc,phases   ] GC(53)   Evacuate Collection Set: 5.6ms
[2021-04-30T09:55:30.398+0000][8][gc,phases   ] GC(53)   Post Evacuate Collection Set: 0.7ms
[2021-04-30T09:55:30.398+0000][8][gc,phases   ] GC(53)   Other: 0.3ms
[2021-04-30T09:55:30.398+0000][8][gc,heap     ] GC(53) Eden regions: 19->0(19)
[2021-04-30T09:55:30.398+0000][8][gc,heap     ] GC(53) Survivor regions: 2->2(3)
[2021-04-30T09:55:30.398+0000][8][gc,heap     ] GC(53) Old regions: 27->27
[2021-04-30T09:55:30.398+0000][8][gc,heap     ] GC(53) Archive regions: 2->2
[2021-04-30T09:55:30.398+0000][8][gc,heap     ] GC(53) Humongous regions: 2->2
[2021-04-30T09:55:30.398+0000][8][gc,metaspace] GC(53) Metaspace: 105744K(109908K)->105744K(109908K) NonClass: 91869K(94692K)->91869K(94692K) Class: 13875K(15216K)->13875K(15216K)
[2021-04-30T09:55:30.398+0000][8][gc          ] GC(53) Pause Young (Normal) (G1 Evacuation Pause) 196M->120M(256M) 6.732ms
[2021-04-30T09:55:30.398+0000][8][gc,cpu      ] GC(53) User=0.03s Sys=0.00s Real=0.01s
[2021-04-30T09:55:30.398+0000][8][safepoint   ] Safepoint "G1CollectForAllocation", Time since last: 5861287011 ns, Reaching safepoint: 154799 ns, At safepoint: 6808966 ns, Total: 6963765 ns
[2021-04-30T09:55:36.399+0000][8][safepoint   ] Safepoint "Cleanup", Time since last: 6000554276 ns, Reaching safepoint: 71934 ns, At safepoint: 6961 ns, Total: 78895 ns
[2021-04-30T09:55:39.399+0000][8][safepoint   ] Safepoint "Cleanup", Time since last: 3000255981 ns, Reaching safepoint: 72328 ns, At safepoint: 6677 ns, Total: 79005 ns
[2021-04-30T09:55:41.400+0000][8][safepoint   ] Safepoint "Cleanup", Time since last: 2000158585 ns, Reaching safepoint: 85204 ns, At safepoint: 4076 ns, Total: 89280 ns
[2021-04-30T09:55:42.400+0000][8][safepoint   ] Safepoint "Cleanup", Time since last: 1000139789 ns, Reaching safepoint: 85881 ns, At safepoint: 6138 ns, Total: 92019 ns
[2021-04-30T09:55:48.401+0000][8][safepoint   ] Safepoint "Cleanup", Time since last: 6000624043 ns, Reaching safepoint: 65252 ns, At safepoint: 6432 ns, Total: 71684 ns
[2021-04-30T09:55:53.401+0000][8][safepoint   ] Safepoint "Cleanup", Time since last: 5000365947 ns, Reaching safepoint: 75003 ns, At safepoint: 6201 ns, Total: 81204 ns
[2021-04-30T09:56:00.402+0000][8][safepoint   ] Safepoint "Cleanup", Time since last: 7000544478 ns, Reaching safepoint: 82471 ns, At safepoint: 5190 ns, Total: 87661 ns
[2021-04-30T09:56:01.402+0000][8][safepoint   ] Safepoint "Cleanup", Time since last: 1000098093 ns, Reaching safepoint: 76271 ns, At safepoint: 5439 ns, Total: 81710 ns
[2021-04-30T09:56:09.403+0000][8][safepoint   ] Safepoint "Cleanup", Time since last: 8000606306 ns, Reaching safepoint: 96717 ns, At safepoint: 5423 ns, Total: 102140 ns
[2021-04-30T09:56:11.403+0000][8][safepoint   ] Safepoint "Cleanup", Time since last: 2000175140 ns, Reaching safepoint: 79119 ns, At safepoint: 6402 ns, Total: 85521 ns
[2021-04-30T09:56:12.403+0000][8][safepoint   ] Safepoint "Cleanup", Time since last: 1000173802 ns, Reaching safepoint: 173536 ns, At safepoint: 5435 ns, Total: 178971 ns
[2021-04-30T09:56:13.403+0000][8][safepoint   ] Safepoint "Cleanup", Time since last: 1000217689 ns, Reaching safepoint: 91476 ns, At safepoint: 5206 ns, Total: 96682 ns
[2021-04-30T09:56:18.404+0000][8][safepoint   ] Safepoint "Cleanup", Time since last: 5000482845 ns, Reaching safepoint: 81382 ns, At safepoint: 4636 ns, Total: 86018 ns
[2021-04-30T09:56:21.405+0000][8][safepoint   ] Safepoint "Cleanup", Time since last: 3000378219 ns, Reaching safepoint: 72993 ns, At safepoint: 4670 ns, Total: 77663 ns
[2021-04-30T09:56:34.406+0000][8][safepoint   ] Safepoint "Cleanup", Time since last: 13001217149 ns, Reaching safepoint: 91880 ns, At safepoint: 6043 ns, Total: 97923 ns
[2021-04-30T09:56:39.406+0000][8][safepoint   ] Safepoint "Cleanup", Time since last: 5000552800 ns, Reaching safepoint: 76791 ns, At safepoint: 5219 ns, Total: 82010 ns
[2021-04-30T09:56:42.407+0000][8][safepoint   ] Safepoint "Cleanup", Time since last: 3000439762 ns, Reaching safepoint: 66932 ns, At safepoint: 4475 ns, Total: 71407 ns
[2021-04-30T09:56:53.408+0000][8][safepoint   ] Safepoint "Cleanup", Time since last: 11001348122 ns, Reaching safepoint: 71216 ns, At safepoint: 8692 ns, Total: 79908 ns
[2021-04-30T09:56:58.409+0000][8][safepoint   ] Safepoint "Cleanup", Time since last: 5000333259 ns, Reaching safepoint: 92492 ns, At safepoint: 4241 ns, Total: 96733 ns
[2021-04-30T09:57:09.410+0000][8][safepoint   ] Safepoint "Cleanup", Time since last: 11000870715 ns, Reaching safepoint: 132673 ns, At safepoint: 9857 ns, Total: 142530 ns
[2021-04-30T09:57:11.410+0000][8][safepoint   ] Safepoint "Cleanup", Time since last: 2000202086 ns, Reaching safepoint: 89650 ns, At safepoint: 7559 ns, Total: 97209 ns
[2021-04-30T09:57:12.410+0000][8][safepoint   ] Safepoint "Cleanup", Time since last: 1000092023 ns, Reaching safepoint: 66201 ns, At safepoint: 3657 ns, Total: 69858 ns
[2021-04-30T09:57:30.388+0000][8][gc,start    ] GC(54) Pause Young (Concurrent Start) (G1 Evacuation Pause)
[2021-04-30T09:57:30.388+0000][8][gc,task     ] GC(54) Using 6 workers of 8 for evacuation
[2021-04-30T09:57:30.388+0000][8][gc,age      ] GC(54) Desired survivor size 6291456 bytes, new threshold 15 (max threshold 15)
[2021-04-30T09:57:30.396+0000][8][gc,age      ] GC(54) Age table with threshold 15 (max threshold 15)
[2021-04-30T09:57:30.396+0000][8][gc,age      ] GC(54) - age   1:     519808 bytes,     519808 total
[2021-04-30T09:57:30.396+0000][8][gc,age      ] GC(54) - age   2:      91928 bytes,     611736 total
[2021-04-30T09:57:30.396+0000][8][gc,age      ] GC(54) - age   3:     162016 bytes,     773752 total
[2021-04-30T09:57:30.396+0000][8][gc,age      ] GC(54) - age   4:       4416 bytes,     778168 total
[2021-04-30T09:57:30.396+0000][8][gc,age      ] GC(54) - age   5:       8744 bytes,     786912 total
[2021-04-30T09:57:30.396+0000][8][gc,age      ] GC(54) - age   6:       6472 bytes,     793384 total
[2021-04-30T09:57:30.396+0000][8][gc,age      ] GC(54) - age   7:       7216 bytes,     800600 total
[2021-04-30T09:57:30.396+0000][8][gc,age      ] GC(54) - age   8:     133416 bytes,     934016 total
[2021-04-30T09:57:30.396+0000][8][gc,age      ] GC(54) - age   9:      10592 bytes,     944608 total
[2021-04-30T09:57:30.396+0000][8][gc,age      ] GC(54) - age  10:      36048 bytes,     980656 total
[2021-04-30T09:57:30.396+0000][8][gc,age      ] GC(54) - age  11:     803952 bytes,    1784608 total
[2021-04-30T09:57:30.396+0000][8][gc,age      ] GC(54) - age  12:     595288 bytes,    2379896 total
[2021-04-30T09:57:30.396+0000][8][gc,age      ] GC(54) - age  13:      22896 bytes,    2402792 total
[2021-04-30T09:57:30.396+0000][8][gc,age      ] GC(54) - age  14:     354864 bytes,    2757656 total
[2021-04-30T09:57:30.396+0000][8][gc,age      ] GC(54) - age  15:    1996824 bytes,    4754480 total
[2021-04-30T09:57:30.396+0000][8][gc,phases   ] GC(54)   Pre Evacuate Collection Set: 0.1ms
[2021-04-30T09:57:30.396+0000][8][gc,phases   ] GC(54)   Merge Heap Roots: 0.1ms
[2021-04-30T09:57:30.396+0000][8][gc,phases   ] GC(54)   Evacuate Collection Set: 4.8ms
[2021-04-30T09:57:30.396+0000][8][gc,phases   ] GC(54)   Post Evacuate Collection Set: 2.8ms
[2021-04-30T09:57:30.396+0000][8][gc,phases   ] GC(54)   Other: 0.4ms
[2021-04-30T09:57:30.396+0000][8][gc,heap     ] GC(54) Eden regions: 19->0(19)
[2021-04-30T09:57:30.396+0000][8][gc,heap     ] GC(54) Survivor regions: 2->2(3)
[2021-04-30T09:57:30.396+0000][8][gc,heap     ] GC(54) Old regions: 27->27
[2021-04-30T09:57:30.396+0000][8][gc,heap     ] GC(54) Archive regions: 2->2
[2021-04-30T09:57:30.396+0000][8][gc,heap     ] GC(54) Humongous regions: 2->2
[2021-04-30T09:57:30.396+0000][8][gc,metaspace] GC(54) Metaspace: 105790K(109908K)->105790K(109908K) NonClass: 91914K(94692K)->91914K(94692K) Class: 13875K(15216K)->13875K(15216K)
[2021-04-30T09:57:30.396+0000][8][gc          ] GC(54) Pause Young (Concurrent Start) (G1 Evacuation Pause) 196M->120M(256M) 8.273ms
[2021-04-30T09:57:30.396+0000][8][gc,cpu      ] GC(54) User=0.02s Sys=0.00s Real=0.01s
[2021-04-30T09:57:30.396+0000][8][gc          ] GC(55) Concurrent Cycle
[2021-04-30T09:57:30.396+0000][8][safepoint   ] Safepoint "G1CollectForAllocation", Time since last: 17977299941 ns, Reaching safepoint: 101940 ns, At safepoint: 8368796 ns, Total: 8470736 ns
[2021-04-30T09:57:30.396+0000][8][gc,marking  ] GC(55) Concurrent Clear Claimed Marks
[2021-04-30T09:57:30.396+0000][8][gc,marking  ] GC(55) Concurrent Clear Claimed Marks 0.134ms
[2021-04-30T09:57:30.396+0000][8][gc,marking  ] GC(55) Concurrent Scan Root Regions
[2021-04-30T09:57:30.402+0000][8][gc,marking  ] GC(55) Concurrent Scan Root Regions 5.878ms
[2021-04-30T09:57:30.402+0000][8][gc,marking  ] GC(55) Concurrent Mark (1430.717s)
[2021-04-30T09:57:30.402+0000][8][gc,marking  ] GC(55) Concurrent Mark From Roots
[2021-04-30T09:57:30.402+0000][8][gc,task     ] GC(55) Using 2 workers of 2 for marking
[2021-04-30T09:57:30.487+0000][8][gc,marking  ] GC(55) Concurrent Mark From Roots 85.037ms
[2021-04-30T09:57:30.487+0000][8][gc,marking  ] GC(55) Concurrent Preclean
[2021-04-30T09:57:30.487+0000][8][gc,marking  ] GC(55) Concurrent Preclean 0.228ms
[2021-04-30T09:57:30.487+0000][8][gc,marking  ] GC(55) Concurrent Mark (1430.717s, 1430.802s) 85.323ms
[2021-04-30T09:57:30.488+0000][8][gc,start    ] GC(55) Pause Remark
[2021-04-30T09:57:30.493+0000][8][gc          ] GC(55) Pause Remark 122M->122M(256M) 4.932ms
[2021-04-30T09:57:30.493+0000][8][gc,cpu      ] GC(55) User=0.03s Sys=0.01s Real=0.01s
[2021-04-30T09:57:30.493+0000][8][safepoint   ] Safepoint "G1Concurrent", Time since last: 91468201 ns, Reaching safepoint: 75819 ns, At safepoint: 5030430 ns, Total: 5106249 ns
[2021-04-30T09:57:30.493+0000][8][gc,marking  ] GC(55) Concurrent Rebuild Remembered Sets
[2021-04-30T09:57:30.551+0000][8][gc,marking  ] GC(55) Concurrent Rebuild Remembered Sets 58.624ms
[2021-04-30T09:57:30.551+0000][8][gc,start    ] GC(55) Pause Cleanup
[2021-04-30T09:57:30.552+0000][8][gc          ] GC(55) Pause Cleanup 122M->122M(256M) 0.071ms
[2021-04-30T09:57:30.552+0000][8][gc,cpu      ] GC(55) User=0.00s Sys=0.00s Real=0.00s
[2021-04-30T09:57:30.552+0000][8][safepoint   ] Safepoint "G1Concurrent", Time since last: 58696731 ns, Reaching safepoint: 74413 ns, At safepoint: 112277 ns, Total: 186690 ns
[2021-04-30T09:57:30.552+0000][8][gc,marking  ] GC(55) Concurrent Cleanup for Next Mark
[2021-04-30T09:57:30.552+0000][8][gc,marking  ] GC(55) Concurrent Cleanup for Next Mark 0.127ms
[2021-04-30T09:57:30.552+0000][8][gc          ] GC(55) Concurrent Cycle 155.628ms
[2021-04-30T09:57:36.552+0000][8][safepoint   ] Safepoint "Cleanup", Time since last: 6000450750 ns, Reaching safepoint: 76205 ns, At safepoint: 3899 ns, Total: 80104 ns
[2021-04-30T09:57:39.552+0000][8][safepoint   ] Safepoint "Cleanup", Time since last: 3000286214 ns, Reaching safepoint: 101800 ns, At safepoint: 5221 ns, Total: 107021 ns
[2021-04-30T09:57:41.553+0000][8][safepoint   ] Safepoint "Cleanup", Time since last: 2000177845 ns, Reaching safepoint: 100510 ns, At safepoint: 5096 ns, Total: 105606 ns
[2021-04-30T09:57:42.553+0000][8][safepoint   ] Safepoint "Cleanup", Time since last: 1000091860 ns, Reaching safepoint: 101327 ns, At safepoint: 4615 ns, Total: 105942 ns
[2021-04-30T09:57:51.554+0000][8][safepoint   ] Safepoint "Cleanup", Time since last: 9000843193 ns, Reaching safepoint: 71783 ns, At safepoint: 4892 ns, Total: 76675 ns
[2021-04-30T09:58:04.555+0000][8][safepoint   ] Safepoint "Cleanup", Time since last: 13001216434 ns, Reaching safepoint: 112206 ns, At safepoint: 7919 ns, Total: 120125 ns
[2021-04-30T09:58:09.556+0000][8][safepoint   ] Safepoint "Cleanup", Time since last: 5000423269 ns, Reaching safepoint: 74676 ns, At safepoint: 3972 ns, Total: 78648 ns
[2021-04-30T09:58:12.556+0000][8][safepoint   ] Safepoint "Cleanup", Time since last: 3000237380 ns, Reaching safepoint: 87188 ns, At safepoint: 5741 ns, Total: 92929 ns
[2021-04-30T09:58:21.557+0000][8][safepoint   ] Safepoint "Cleanup", Time since last: 9000804999 ns, Reaching safepoint: 84114 ns, At safepoint: 7314 ns, Total: 91428 ns
[2021-04-30T09:58:31.558+0000][8][safepoint   ] Safepoint "Cleanup", Time since last: 10000801742 ns, Reaching safepoint: 103302 ns, At safepoint: 7047 ns, Total: 110349 ns
[2021-04-30T09:58:33.558+0000][8][safepoint   ] Safepoint "Cleanup", Time since last: 2000204857 ns, Reaching safepoint: 130261 ns, At safepoint: 7629 ns, Total: 137890 ns
[2021-04-30T09:58:34.558+0000][8][safepoint   ] Safepoint "Cleanup", Time since last: 1000098021 ns, Reaching safepoint: 99183 ns, At safepoint: 5536 ns, Total: 104719 ns
[2021-04-30T09:58:35.559+0000][8][safepoint   ] Safepoint "Cleanup", Time since last: 1000096198 ns, Reaching safepoint: 89239 ns, At safepoint: 4882 ns, Total: 94121 ns
[2021-04-30T09:58:36.851+0000][8][safepoint   ] Safepoint "Cleanup", Time since last: 1292697691 ns, Reaching safepoint: 81878 ns, At safepoint: 5770 ns, Total: 87648 ns
[2021-04-30T09:58:42.852+0000][8][safepoint   ] Safepoint "Cleanup", Time since last: 6000508598 ns, Reaching safepoint: 70639 ns, At safepoint: 4479 ns, Total: 75118 ns
[2021-04-30T09:58:47.853+0000][8][safepoint   ] Safepoint "Cleanup", Time since last: 5000580848 ns, Reaching safepoint: 64402 ns, At safepoint: 4458 ns, Total: 68860 ns
[2021-04-30T09:59:00.854+0000][8][safepoint   ] Safepoint "Cleanup", Time since last: 13001303657 ns, Reaching safepoint: 95906 ns, At safepoint: 6338 ns, Total: 102244 ns
[2021-04-30T09:59:09.855+0000][8][safepoint   ] Safepoint "Cleanup", Time since last: 9000643534 ns, Reaching safepoint: 68664 ns, At safepoint: 5784 ns, Total: 74448 ns
[2021-04-30T09:59:10.855+0000][8][safepoint   ] Safepoint "Cleanup", Time since last: 1000150061 ns, Reaching safepoint: 64104 ns, At safepoint: 4396 ns, Total: 68500 ns
[2021-04-30T09:59:12.855+0000][8][safepoint   ] Safepoint "Cleanup", Time since last: 2000290019 ns, Reaching safepoint: 89753 ns, At safepoint: 5233 ns, Total: 94986 ns
[2021-04-30T09:59:13.856+0000][8][safepoint   ] Safepoint "Cleanup", Time since last: 1000195703 ns, Reaching safepoint: 75146 ns, At safepoint: 3804 ns, Total: 78950 ns
[2021-04-30T09:59:16.352+0000][8][gc,start    ] GC(56) Pause Young (Normal) (G1 Evacuation Pause)
[2021-04-30T09:59:16.352+0000][8][gc,task     ] GC(56) Using 6 workers of 8 for evacuation
[2021-04-30T09:59:16.352+0000][8][gc,age      ] GC(56) Desired survivor size 6291456 bytes, new threshold 15 (max threshold 15)
[2021-04-30T09:59:16.357+0000][8][gc,age      ] GC(56) Age table with threshold 15 (max threshold 15)
[2021-04-30T09:59:16.358+0000][8][gc,age      ] GC(56) - age   1:     517792 bytes,     517792 total
[2021-04-30T09:59:16.358+0000][8][gc,age      ] GC(56) - age   2:       4328 bytes,     522120 total
[2021-04-30T09:59:16.358+0000][8][gc,age      ] GC(56) - age   3:      80424 bytes,     602544 total
[2021-04-30T09:59:16.358+0000][8][gc,age      ] GC(56) - age   4:      82696 bytes,     685240 total
[2021-04-30T09:59:16.358+0000][8][gc,age      ] GC(56) - age   5:       4416 bytes,     689656 total
[2021-04-30T09:59:16.358+0000][8][gc,age      ] GC(56) - age   6:       8744 bytes,     698400 total
[2021-04-30T09:59:16.358+0000][8][gc,age      ] GC(56) - age   7:       6472 bytes,     704872 total
[2021-04-30T09:59:16.358+0000][8][gc,age      ] GC(56) - age   8:       7216 bytes,     712088 total
[2021-04-30T09:59:16.358+0000][8][gc,age      ] GC(56) - age   9:     133416 bytes,     845504 total
[2021-04-30T09:59:16.358+0000][8][gc,age      ] GC(56) - age  10:      10592 bytes,     856096 total
[2021-04-30T09:59:16.358+0000][8][gc,age      ] GC(56) - age  11:      36024 bytes,     892120 total
[2021-04-30T09:59:16.358+0000][8][gc,age      ] GC(56) - age  12:     803952 bytes,    1696072 total
[2021-04-30T09:59:16.358+0000][8][gc,age      ] GC(56) - age  13:     595288 bytes,    2291360 total
[2021-04-30T09:59:16.358+0000][8][gc,age      ] GC(56) - age  14:      22896 bytes,    2314256 total
[2021-04-30T09:59:16.358+0000][8][gc,age      ] GC(56) - age  15:     354864 bytes,    2669120 total
[2021-04-30T09:59:16.358+0000][8][gc,phases   ] GC(56)   Pre Evacuate Collection Set: 0.0ms
[2021-04-30T09:59:16.358+0000][8][gc,phases   ] GC(56)   Merge Heap Roots: 0.1ms
[2021-04-30T09:59:16.358+0000][8][gc,phases   ] GC(56)   Evacuate Collection Set: 5.0ms
[2021-04-30T09:59:16.358+0000][8][gc,phases   ] GC(56)   Post Evacuate Collection Set: 0.6ms
[2021-04-30T09:59:16.358+0000][8][gc,phases   ] GC(56)   Other: 0.3ms
[2021-04-30T09:59:16.358+0000][8][gc,heap     ] GC(56) Eden regions: 19->0(21)
[2021-04-30T09:59:16.358+0000][8][gc,heap     ] GC(56) Survivor regions: 2->1(3)
[2021-04-30T09:59:16.358+0000][8][gc,heap     ] GC(56) Old regions: 27->27
[2021-04-30T09:59:16.358+0000][8][gc,heap     ] GC(56) Archive regions: 2->2
[2021-04-30T09:59:16.358+0000][8][gc,heap     ] GC(56) Humongous regions: 2->2
[2021-04-30T09:59:16.358+0000][8][gc,metaspace] GC(56) Metaspace: 105898K(110164K)->105898K(110164K) NonClass: 92022K(94948K)->92022K(94948K) Class: 13875K(15216K)->13875K(15216K)
[2021-04-30T09:59:16.358+0000][8][gc          ] GC(56) Pause Young (Normal) (G1 Evacuation Pause) 196M->120M(256M) 6.048ms
[2021-04-30T09:59:16.358+0000][8][gc,cpu      ] GC(56) User=0.02s Sys=0.01s Real=0.01s
[2021-04-30T09:59:16.358+0000][8][safepoint   ] Safepoint "G1CollectForAllocation", Time since last: 2495997570 ns, Reaching safepoint: 78525 ns, At safepoint: 6110939 ns, Total: 6189464 ns
[2021-04-30T09:59:31.359+0000][8][safepoint   ] Safepoint "Cleanup", Time since last: 15001314470 ns, Reaching safepoint: 262241 ns, At safepoint: 23460 ns, Total: 285701 ns
[2021-04-30T09:59:42.360+0000][8][safepoint   ] Safepoint "Cleanup", Time since last: 11000956224 ns, Reaching safepoint: 75928 ns, At safepoint: 5982 ns, Total: 81910 ns
[2021-04-30T09:59:58.362+0000][8][safepoint   ] Safepoint "Cleanup", Time since last: 16001243206 ns, Reaching safepoint: 77758 ns, At safepoint: 6704 ns, Total: 84462 ns
[2021-04-30T10:00:01.362+0000][8][safepoint   ] Safepoint "Cleanup", Time since last: 3000238330 ns, Reaching safepoint: 127562 ns, At safepoint: 7418 ns, Total: 134980 ns
[2021-04-30T10:00:04.363+0000][8][safepoint   ] Safepoint "Cleanup", Time since last: 3000385388 ns, Reaching safepoint: 88832 ns, At safepoint: 7037 ns, Total: 95869 ns
[2021-04-30T10:00:09.363+0000][8][safepoint   ] Safepoint "Cleanup", Time since last: 5000503428 ns, Reaching safepoint: 82244 ns, At safepoint: 5527 ns, Total: 87771 ns
[2021-04-30T10:00:12.364+0000][8][safepoint   ] Safepoint "Cleanup", Time since last: 3000230208 ns, Reaching safepoint: 122285 ns, At safepoint: 7489 ns, Total: 129774 ns
[2021-04-30T10:00:21.365+0000][8][safepoint   ] Safepoint "Cleanup", Time since last: 9000859451 ns, Reaching safepoint: 88539 ns, At safepoint: 7282 ns, Total: 95821 ns
[2021-04-30T10:00:42.367+0000][8][safepoint   ] Safepoint "Cleanup", Time since last: 21001953542 ns, Reaching safepoint: 80763 ns, At safepoint: 5491 ns, Total: 86254 ns
[2021-04-30T10:01:09.369+0000][8][safepoint   ] Safepoint "Cleanup", Time since last: 27002073524 ns, Reaching safepoint: 80469 ns, At safepoint: 4447 ns, Total: 84916 ns
[2021-04-30T10:01:12.369+0000][8][safepoint   ] Safepoint "Cleanup", Time since last: 3000239911 ns, Reaching safepoint: 76126 ns, At safepoint: 7414 ns, Total: 83540 ns
[2021-04-30T10:01:31.414+0000][8][gc,start    ] GC(57) Pause Young (Concurrent Start) (G1 Evacuation Pause)
[2021-04-30T10:01:31.414+0000][8][gc,task     ] GC(57) Using 6 workers of 8 for evacuation
[2021-04-30T10:01:31.414+0000][8][gc,age      ] GC(57) Desired survivor size 6291456 bytes, new threshold 15 (max threshold 15)
[2021-04-30T10:01:31.418+0000][8][gc,age      ] GC(57) Age table with threshold 15 (max threshold 15)
[2021-04-30T10:01:31.418+0000][8][gc,age      ] GC(57) - age   1:     508552 bytes,     508552 total
[2021-04-30T10:01:31.418+0000][8][gc,age      ] GC(57) - age   2:       4416 bytes,     512968 total
[2021-04-30T10:01:31.418+0000][8][gc,age      ] GC(57) - age   3:       4136 bytes,     517104 total
[2021-04-30T10:01:31.418+0000][8][gc,age      ] GC(57) - age   4:      80424 bytes,     597528 total
[2021-04-30T10:01:31.418+0000][8][gc,age      ] GC(57) - age   5:      82696 bytes,     680224 total
[2021-04-30T10:01:31.418+0000][8][gc,age      ] GC(57) - age   6:       4320 bytes,     684544 total
[2021-04-30T10:01:31.418+0000][8][gc,age      ] GC(57) - age   7:       8720 bytes,     693264 total
[2021-04-30T10:01:31.418+0000][8][gc,age      ] GC(57) - age   8:       6472 bytes,     699736 total
[2021-04-30T10:01:31.418+0000][8][gc,age      ] GC(57) - age   9:       7216 bytes,     706952 total
[2021-04-30T10:01:31.418+0000][8][gc,age      ] GC(57) - age  10:     133176 bytes,     840128 total
[2021-04-30T10:01:31.418+0000][8][gc,age      ] GC(57) - age  11:      10592 bytes,     850720 total
[2021-04-30T10:01:31.419+0000][8][gc,age      ] GC(57) - age  12:      36024 bytes,     886744 total
[2021-04-30T10:01:31.419+0000][8][gc,age      ] GC(57) - age  13:     803952 bytes,    1690696 total
[2021-04-30T10:01:31.419+0000][8][gc,age      ] GC(57) - age  14:     595288 bytes,    2285984 total
[2021-04-30T10:01:31.419+0000][8][gc,age      ] GC(57) - age  15:      22896 bytes,    2308880 total
[2021-04-30T10:01:31.419+0000][8][gc,phases   ] GC(57)   Pre Evacuate Collection Set: 0.1ms
[2021-04-30T10:01:31.419+0000][8][gc,phases   ] GC(57)   Merge Heap Roots: 0.1ms
[2021-04-30T10:01:31.419+0000][8][gc,phases   ] GC(57)   Evacuate Collection Set: 4.0ms
[2021-04-30T10:01:31.419+0000][8][gc,phases   ] GC(57)   Post Evacuate Collection Set: 0.5ms
[2021-04-30T10:01:31.419+0000][8][gc,phases   ] GC(57)   Other: 0.3ms
[2021-04-30T10:01:31.419+0000][8][gc,heap     ] GC(57) Eden regions: 21->0(21)
[2021-04-30T10:01:31.419+0000][8][gc,heap     ] GC(57) Survivor regions: 1->1(3)
[2021-04-30T10:01:31.419+0000][8][gc,heap     ] GC(57) Old regions: 27->27
[2021-04-30T10:01:31.419+0000][8][gc,heap     ] GC(57) Archive regions: 2->2
[2021-04-30T10:01:31.419+0000][8][gc,heap     ] GC(57) Humongous regions: 2->2
[2021-04-30T10:01:31.419+0000][8][gc,metaspace] GC(57) Metaspace: 105954K(110164K)->105954K(110164K) NonClass: 92079K(94948K)->92079K(94948K) Class: 13875K(15216K)->13875K(15216K)
[2021-04-30T10:01:31.419+0000][8][gc          ] GC(57) Pause Young (Concurrent Start) (G1 Evacuation Pause) 204M->120M(256M) 4.949ms
[2021-04-30T10:01:31.419+0000][8][gc,cpu      ] GC(57) User=0.02s Sys=0.00s Real=0.01s
[2021-04-30T10:01:31.419+0000][8][gc          ] GC(58) Concurrent Cycle
[2021-04-30T10:01:31.419+0000][8][safepoint   ] Safepoint "G1CollectForAllocation", Time since last: 19044458579 ns, Reaching safepoint: 155585 ns, At safepoint: 5023127 ns, Total: 5178712 ns
[2021-04-30T10:01:31.419+0000][8][gc,marking  ] GC(58) Concurrent Clear Claimed Marks
[2021-04-30T10:01:31.419+0000][8][gc,marking  ] GC(58) Concurrent Clear Claimed Marks 0.081ms
[2021-04-30T10:01:31.419+0000][8][gc,marking  ] GC(58) Concurrent Scan Root Regions
[2021-04-30T10:01:31.421+0000][8][gc,marking  ] GC(58) Concurrent Scan Root Regions 2.293ms
[2021-04-30T10:01:31.421+0000][8][gc,marking  ] GC(58) Concurrent Mark (1671.736s)
[2021-04-30T10:01:31.421+0000][8][gc,marking  ] GC(58) Concurrent Mark From Roots
[2021-04-30T10:01:31.421+0000][8][gc,task     ] GC(58) Using 2 workers of 2 for marking
[2021-04-30T10:01:31.515+0000][8][gc,marking  ] GC(58) Concurrent Mark From Roots 93.853ms
[2021-04-30T10:01:31.515+0000][8][gc,marking  ] GC(58) Concurrent Preclean
[2021-04-30T10:01:31.515+0000][8][gc,marking  ] GC(58) Concurrent Preclean 0.295ms
[2021-04-30T10:01:31.515+0000][8][gc,marking  ] GC(58) Concurrent Mark (1671.736s, 1671.830s) 94.232ms
[2021-04-30T10:01:31.516+0000][8][gc,start    ] GC(58) Pause Remark
[2021-04-30T10:01:31.530+0000][8][gc          ] GC(58) Pause Remark 122M->122M(256M) 14.123ms
[2021-04-30T10:01:31.530+0000][8][gc,cpu      ] GC(58) User=0.07s Sys=0.00s Real=0.02s
[2021-04-30T10:01:31.530+0000][8][safepoint   ] Safepoint "G1Concurrent", Time since last: 96731398 ns, Reaching safepoint: 204270 ns, At safepoint: 14242333 ns, Total: 14446603 ns
[2021-04-30T10:01:31.530+0000][8][gc,marking  ] GC(58) Concurrent Rebuild Remembered Sets
[2021-04-30T10:01:31.600+0000][8][gc,marking  ] GC(58) Concurrent Rebuild Remembered Sets 69.757ms
[2021-04-30T10:01:31.600+0000][8][gc,start    ] GC(58) Pause Cleanup
[2021-04-30T10:01:31.600+0000][8][gc          ] GC(58) Pause Cleanup 122M->122M(256M) 0.095ms
[2021-04-30T10:01:31.600+0000][8][gc,cpu      ] GC(58) User=0.00s Sys=0.00s Real=0.00s
[2021-04-30T10:01:31.600+0000][8][safepoint   ] Safepoint "G1Concurrent", Time since last: 69859085 ns, Reaching safepoint: 95030 ns, At safepoint: 180300 ns, Total: 275330 ns
[2021-04-30T10:01:31.600+0000][8][gc,marking  ] GC(58) Concurrent Cleanup for Next Mark
[2021-04-30T10:01:31.600+0000][8][gc,marking  ] GC(58) Concurrent Cleanup for Next Mark 0.387ms
[2021-04-30T10:01:31.600+0000][8][gc          ] GC(58) Concurrent Cycle 181.800ms
[2021-04-30T10:01:32.600+0000][8][safepoint   ] Safepoint "Cleanup", Time since last: 1000092533 ns, Reaching safepoint: 125478 ns, At safepoint: 6190 ns, Total: 131668 ns
[2021-04-30T10:01:33.600+0000][8][safepoint   ] Safepoint "Cleanup", Time since last: 1000101862 ns, Reaching safepoint: 164086 ns, At safepoint: 5292 ns, Total: 169378 ns
[2021-04-30T10:01:34.601+0000][8][safepoint   ] Safepoint "Cleanup", Time since last: 1000100221 ns, Reaching safepoint: 190839 ns, At safepoint: 15220 ns, Total: 206059 ns
[2021-04-30T10:01:35.601+0000][8][safepoint   ] Safepoint "Cleanup", Time since last: 1000140440 ns, Reaching safepoint: 92955 ns, At safepoint: 7000 ns, Total: 99955 ns
[2021-04-30T10:01:36.601+0000][8][safepoint   ] Safepoint "Cleanup", Time since last: 1000102599 ns, Reaching safepoint: 60844 ns, At safepoint: 4404 ns, Total: 65248 ns
[2021-04-30T10:01:39.602+0000][8][safepoint   ] Safepoint "Cleanup", Time since last: 3000262870 ns, Reaching safepoint: 120760 ns, At safepoint: 6896 ns, Total: 127656 ns
[2021-04-30T10:01:41.602+0000][8][safepoint   ] Safepoint "Cleanup", Time since last: 2000173894 ns, Reaching safepoint: 84047 ns, At safepoint: 5293 ns, Total: 89340 ns
[2021-04-30T10:01:42.602+0000][8][safepoint   ] Safepoint "Cleanup", Time since last: 1000143433 ns, Reaching safepoint: 205195 ns, At safepoint: 5884 ns, Total: 211079 ns
[2021-04-30T10:01:43.602+0000][8][safepoint   ] Safepoint "Cleanup", Time since last: 1000172513 ns, Reaching safepoint: 108688 ns, At safepoint: 6445 ns, Total: 115133 ns
[2021-04-30T10:02:00.604+0000][8][safepoint   ] Safepoint "Cleanup", Time since last: 17001266074 ns, Reaching safepoint: 98793 ns, At safepoint: 7261 ns, Total: 106054 ns
[2021-04-30T10:02:03.604+0000][8][safepoint   ] Safepoint "Cleanup", Time since last: 3000233519 ns, Reaching safepoint: 124425 ns, At safepoint: 5133 ns, Total: 129558 ns
[2021-04-30T10:02:04.604+0000][8][safepoint   ] Safepoint "Cleanup", Time since last: 1000117154 ns, Reaching safepoint: 132456 ns, At safepoint: 5824 ns, Total: 138280 ns
[2021-04-30T10:02:09.605+0000][8][safepoint   ] Safepoint "Cleanup", Time since last: 5000448637 ns, Reaching safepoint: 170691 ns, At safepoint: 8260 ns, Total: 178951 ns
[2021-04-30T10:02:11.605+0000][8][safepoint   ] Safepoint "Cleanup", Time since last: 2000184795 ns, Reaching safepoint: 134651 ns, At safepoint: 7730 ns, Total: 142381 ns
[2021-04-30T10:02:12.606+0000][8][safepoint   ] Safepoint "Cleanup", Time since last: 1000263770 ns, Reaching safepoint: 138102 ns, At safepoint: 4917 ns, Total: 143019 ns
[2021-04-30T10:02:39.610+0000][8][safepoint   ] Safepoint "Cleanup", Time since last: 27003652100 ns, Reaching safepoint: 66763 ns, At safepoint: 7592 ns, Total: 74355 ns
[2021-04-30T10:02:42.610+0000][8][safepoint   ] Safepoint "Cleanup", Time since last: 3000273921 ns, Reaching safepoint: 94796 ns, At safepoint: 4408 ns, Total: 99204 ns
[2021-04-30T10:02:51.611+0000][8][safepoint   ] Safepoint "Cleanup", Time since last: 9000860911 ns, Reaching safepoint: 110524 ns, At safepoint: 6518 ns, Total: 117042 ns
[2021-04-30T10:03:04.612+0000][8][safepoint   ] Safepoint "Cleanup", Time since last: 13001001921 ns, Reaching safepoint: 77530 ns, At safepoint: 5026 ns, Total: 82556 ns
[2021-04-30T10:03:05.612+0000][8][safepoint   ] Safepoint "Cleanup", Time since last: 1000111302 ns, Reaching safepoint: 145000 ns, At safepoint: 6433 ns, Total: 151433 ns
[2021-04-30T10:03:09.613+0000][8][safepoint   ] Safepoint "Cleanup", Time since last: 4000314707 ns, Reaching safepoint: 76106 ns, At safepoint: 4839 ns, Total: 80945 ns
[2021-04-30T10:03:30.615+0000][8][safepoint   ] Safepoint "Cleanup", Time since last: 21001965380 ns, Reaching safepoint: 151867 ns, At safepoint: 11158 ns, Total: 163025 ns
[2021-04-30T10:03:34.615+0000][8][safepoint   ] Safepoint "Cleanup", Time since last: 4000457753 ns, Reaching safepoint: 73056 ns, At safepoint: 4819 ns, Total: 77875 ns
[2021-04-30T10:03:35.616+0000][8][safepoint   ] Safepoint "Cleanup", Time since last: 1000100443 ns, Reaching safepoint: 91250 ns, At safepoint: 6235 ns, Total: 97485 ns
[2021-04-30T10:03:40.616+0000][8][safepoint   ] Safepoint "Cleanup", Time since last: 5000406666 ns, Reaching safepoint: 88237 ns, At safepoint: 5831 ns, Total: 94068 ns
[2021-04-30T10:03:42.189+0000][8][gc,start    ] GC(59) Pause Young (Normal) (G1 Evacuation Pause)
[2021-04-30T10:03:42.189+0000][8][gc,task     ] GC(59) Using 6 workers of 8 for evacuation
[2021-04-30T10:03:42.189+0000][8][gc,age      ] GC(59) Desired survivor size 6291456 bytes, new threshold 15 (max threshold 15)
[2021-04-30T10:03:42.194+0000][8][gc,age      ] GC(59) Age table with threshold 15 (max threshold 15)
[2021-04-30T10:03:42.194+0000][8][gc,age      ] GC(59) - age   1:     909000 bytes,     909000 total
[2021-04-30T10:03:42.194+0000][8][gc,age      ] GC(59) - age   2:       2392 bytes,     911392 total
[2021-04-30T10:03:42.194+0000][8][gc,age      ] GC(59) - age   3:       4392 bytes,     915784 total
[2021-04-30T10:03:42.194+0000][8][gc,age      ] GC(59) - age   4:       3936 bytes,     919720 total
[2021-04-30T10:03:42.194+0000][8][gc,age      ] GC(59) - age   5:      80424 bytes,    1000144 total
[2021-04-30T10:03:42.194+0000][8][gc,age      ] GC(59) - age   6:      82600 bytes,    1082744 total
[2021-04-30T10:03:42.194+0000][8][gc,age      ] GC(59) - age   7:       4280 bytes,    1087024 total
[2021-04-30T10:03:42.194+0000][8][gc,age      ] GC(59) - age   8:       8720 bytes,    1095744 total
[2021-04-30T10:03:42.194+0000][8][gc,age      ] GC(59) - age   9:       6472 bytes,    1102216 total
[2021-04-30T10:03:42.194+0000][8][gc,age      ] GC(59) - age  10:       7216 bytes,    1109432 total
[2021-04-30T10:03:42.194+0000][8][gc,age      ] GC(59) - age  11:     133176 bytes,    1242608 total
[2021-04-30T10:03:42.194+0000][8][gc,age      ] GC(59) - age  12:      10592 bytes,    1253200 total
[2021-04-30T10:03:42.194+0000][8][gc,age      ] GC(59) - age  13:      36024 bytes,    1289224 total
[2021-04-30T10:03:42.194+0000][8][gc,age      ] GC(59) - age  14:     779072 bytes,    2068296 total
[2021-04-30T10:03:42.194+0000][8][gc,age      ] GC(59) - age  15:     586440 bytes,    2654736 total
[2021-04-30T10:03:42.194+0000][8][gc,phases   ] GC(59)   Pre Evacuate Collection Set: 0.0ms
[2021-04-30T10:03:42.194+0000][8][gc,phases   ] GC(59)   Merge Heap Roots: 0.0ms
[2021-04-30T10:03:42.194+0000][8][gc,phases   ] GC(59)   Evacuate Collection Set: 4.1ms
[2021-04-30T10:03:42.194+0000][8][gc,phases   ] GC(59)   Post Evacuate Collection Set: 0.5ms
[2021-04-30T10:03:42.194+0000][8][gc,phases   ] GC(59)   Other: 0.2ms
[2021-04-30T10:03:42.194+0000][8][gc,heap     ] GC(59) Eden regions: 21->0(21)
[2021-04-30T10:03:42.194+0000][8][gc,heap     ] GC(59) Survivor regions: 1->1(3)
[2021-04-30T10:03:42.194+0000][8][gc,heap     ] GC(59) Old regions: 27->27
[2021-04-30T10:03:42.194+0000][8][gc,heap     ] GC(59) Archive regions: 2->2
[2021-04-30T10:03:42.194+0000][8][gc,heap     ] GC(59) Humongous regions: 2->2
[2021-04-30T10:03:42.194+0000][8][gc,metaspace] GC(59) Metaspace: 105960K(110164K)->105960K(110164K) NonClass: 92098K(94948K)->92098K(94948K) Class: 13862K(15216K)->13862K(15216K)
[2021-04-30T10:03:42.194+0000][8][gc          ] GC(59) Pause Young (Normal) (G1 Evacuation Pause) 204M->121M(256M) 4.966ms
[2021-04-30T10:03:42.194+0000][8][gc,cpu      ] GC(59) User=0.02s Sys=0.00s Real=0.00s
[2021-04-30T10:03:42.194+0000][8][safepoint   ] Safepoint "G1CollectForAllocation", Time since last: 1572733282 ns, Reaching safepoint: 162831 ns, At safepoint: 5033875 ns, Total: 5196706 ns
[2021-04-30T10:03:46.194+0000][8][safepoint   ] Safepoint "Cleanup", Time since last: 4000318916 ns, Reaching safepoint: 113943 ns, At safepoint: 7501 ns, Total: 121444 ns
[2021-04-30T10:03:56.195+0000][8][safepoint   ] Safepoint "Cleanup", Time since last: 10000759202 ns, Reaching safepoint: 76016 ns, At safepoint: 4751 ns, Total: 80767 ns
[2021-04-30T10:04:01.196+0000][8][safepoint   ] Safepoint "Cleanup", Time since last: 5000406525 ns, Reaching safepoint: 96873 ns, At safepoint: 5412 ns, Total: 102285 ns
[2021-04-30T10:04:04.196+0000][8][safepoint   ] Safepoint "Cleanup", Time since last: 3000250768 ns, Reaching safepoint: 124439 ns, At safepoint: 6770 ns, Total: 131209 ns
[2021-04-30T10:04:04.322+0000][8][safepoint   ] Safepoint "ICBufferFull", Time since last: 125861211 ns, Reaching safepoint: 199281 ns, At safepoint: 6926 ns, Total: 206207 ns
[2021-04-30T10:04:05.322+0000][8][safepoint   ] Safepoint "Cleanup", Time since last: 1000095570 ns, Reaching safepoint: 91704 ns, At safepoint: 5367 ns, Total: 97071 ns
[2021-04-30T10:04:06.323+0000][8][safepoint   ] Safepoint "Cleanup", Time since last: 1000110508 ns, Reaching safepoint: 134977 ns, At safepoint: 6173 ns, Total: 141150 ns
[2021-04-30T10:04:07.323+0000][8][safepoint   ] Safepoint "Cleanup", Time since last: 1000098573 ns, Reaching safepoint: 68197 ns, At safepoint: 3939 ns, Total: 72136 ns
[2021-04-30T10:04:09.323+0000][8][safepoint   ] Safepoint "Cleanup", Time since last: 2000231951 ns, Reaching safepoint: 97794 ns, At safepoint: 6618 ns, Total: 104412 ns
[2021-04-30T10:04:12.324+0000][8][safepoint   ] Safepoint "Cleanup", Time since last: 3000291402 ns, Reaching safepoint: 89528 ns, At safepoint: 6288 ns, Total: 95816 ns
[2021-04-30T10:04:37.326+0000][8][safepoint   ] Safepoint "Cleanup", Time since last: 25002223437 ns, Reaching safepoint: 99354 ns, At safepoint: 8777 ns, Total: 108131 ns
[2021-04-30T10:04:42.326+0000][8][safepoint   ] Safepoint "Cleanup", Time since last: 5000436708 ns, Reaching safepoint: 62213 ns, At safepoint: 4739 ns, Total: 66952 ns
[2021-04-30T10:05:01.328+0000][8][safepoint   ] Safepoint "Cleanup", Time since last: 19001494808 ns, Reaching safepoint: 89737 ns, At safepoint: 6756 ns, Total: 96493 ns
[2021-04-30T10:05:09.329+0000][8][safepoint   ] Safepoint "Cleanup", Time since last: 8000783246 ns, Reaching safepoint: 94495 ns, At safepoint: 8300 ns, Total: 102795 ns
[2021-04-30T10:05:12.196+0000][8][gc,start    ] GC(60) Pause Young (Concurrent Start) (G1 Evacuation Pause)
[2021-04-30T10:05:12.196+0000][8][gc,task     ] GC(60) Using 6 workers of 8 for evacuation
[2021-04-30T10:05:12.196+0000][8][gc,age      ] GC(60) Desired survivor size 6291456 bytes, new threshold 15 (max threshold 15)
[2021-04-30T10:05:12.200+0000][8][gc,age      ] GC(60) Age table with threshold 15 (max threshold 15)
[2021-04-30T10:05:12.200+0000][8][gc,age      ] GC(60) - age   1:     935904 bytes,     935904 total
[2021-04-30T10:05:12.200+0000][8][gc,age      ] GC(60) - age   2:     365864 bytes,    1301768 total
[2021-04-30T10:05:12.200+0000][8][gc,age      ] GC(60) - age   3:       2392 bytes,    1304160 total
[2021-04-30T10:05:12.200+0000][8][gc,age      ] GC(60) - age   4:       4136 bytes,    1308296 total
[2021-04-30T10:05:12.200+0000][8][gc,age      ] GC(60) - age   5:       3936 bytes,    1312232 total
[2021-04-30T10:05:12.200+0000][8][gc,age      ] GC(60) - age   6:       3272 bytes,    1315504 total
[2021-04-30T10:05:12.200+0000][8][gc,age      ] GC(60) - age   7:       7576 bytes,    1323080 total
[2021-04-30T10:05:12.200+0000][8][gc,age      ] GC(60) - age   8:       4280 bytes,    1327360 total
[2021-04-30T10:05:12.200+0000][8][gc,age      ] GC(60) - age   9:       8472 bytes,    1335832 total
[2021-04-30T10:05:12.200+0000][8][gc,age      ] GC(60) - age  10:       6232 bytes,    1342064 total
[2021-04-30T10:05:12.200+0000][8][gc,age      ] GC(60) - age  11:       7216 bytes,    1349280 total
[2021-04-30T10:05:12.200+0000][8][gc,age      ] GC(60) - age  12:     128824 bytes,    1478104 total
[2021-04-30T10:05:12.200+0000][8][gc,age      ] GC(60) - age  13:      10592 bytes,    1488696 total
[2021-04-30T10:05:12.200+0000][8][gc,age      ] GC(60) - age  14:      36024 bytes,    1524720 total
[2021-04-30T10:05:12.200+0000][8][gc,age      ] GC(60) - age  15:     779072 bytes,    2303792 total
[2021-04-30T10:05:12.200+0000][8][gc,phases   ] GC(60)   Pre Evacuate Collection Set: 0.1ms
[2021-04-30T10:05:12.200+0000][8][gc,phases   ] GC(60)   Merge Heap Roots: 0.0ms
[2021-04-30T10:05:12.200+0000][8][gc,phases   ] GC(60)   Evacuate Collection Set: 3.6ms
[2021-04-30T10:05:12.200+0000][8][gc,phases   ] GC(60)   Post Evacuate Collection Set: 0.6ms
[2021-04-30T10:05:12.200+0000][8][gc,phases   ] GC(60)   Other: 0.3ms
[2021-04-30T10:05:12.200+0000][8][gc,heap     ] GC(60) Eden regions: 21->0(21)
[2021-04-30T10:05:12.200+0000][8][gc,heap     ] GC(60) Survivor regions: 1->1(3)
[2021-04-30T10:05:12.200+0000][8][gc,heap     ] GC(60) Old regions: 27->27
[2021-04-30T10:05:12.200+0000][8][gc,heap     ] GC(60) Archive regions: 2->2
[2021-04-30T10:05:12.200+0000][8][gc,heap     ] GC(60) Humongous regions: 2->2
[2021-04-30T10:05:12.200+0000][8][gc,metaspace] GC(60) Metaspace: 106054K(110420K)->106054K(110420K) NonClass: 92191K(95204K)->92191K(95204K) Class: 13862K(15216K)->13862K(15216K)
[2021-04-30T10:05:12.200+0000][8][gc          ] GC(60) Pause Young (Concurrent Start) (G1 Evacuation Pause) 205M->121M(256M) 4.691ms
[2021-04-30T10:05:12.200+0000][8][gc,cpu      ] GC(60) User=0.03s Sys=0.00s Real=0.01s
[2021-04-30T10:05:12.200+0000][8][gc          ] GC(61) Concurrent Cycle
[2021-04-30T10:05:12.200+0000][8][safepoint   ] Safepoint "G1CollectForAllocation", Time since last: 2866491380 ns, Reaching safepoint: 160932 ns, At safepoint: 4776567 ns, Total: 4937499 ns
[2021-04-30T10:05:12.200+0000][8][gc,marking  ] GC(61) Concurrent Clear Claimed Marks
[2021-04-30T10:05:12.200+0000][8][gc,marking  ] GC(61) Concurrent Clear Claimed Marks 0.085ms
[2021-04-30T10:05:12.200+0000][8][gc,marking  ] GC(61) Concurrent Scan Root Regions
[2021-04-30T10:05:12.204+0000][8][gc,marking  ] GC(61) Concurrent Scan Root Regions 3.586ms
[2021-04-30T10:05:12.204+0000][8][gc,marking  ] GC(61) Concurrent Mark (1892.519s)
[2021-04-30T10:05:12.204+0000][8][gc,marking  ] GC(61) Concurrent Mark From Roots
[2021-04-30T10:05:12.204+0000][8][gc,task     ] GC(61) Using 2 workers of 2 for marking
[2021-04-30T10:05:12.303+0000][8][gc,marking  ] GC(61) Concurrent Mark From Roots 98.723ms
[2021-04-30T10:05:12.303+0000][8][gc,marking  ] GC(61) Concurrent Preclean
[2021-04-30T10:05:12.303+0000][8][gc,marking  ] GC(61) Concurrent Preclean 0.284ms
[2021-04-30T10:05:12.303+0000][8][gc,marking  ] GC(61) Concurrent Mark (1892.519s, 1892.618s) 99.072ms
[2021-04-30T10:05:12.303+0000][8][gc,start    ] GC(61) Pause Remark
[2021-04-30T10:05:12.315+0000][8][gc          ] GC(61) Pause Remark 123M->123M(256M) 11.674ms
[2021-04-30T10:05:12.315+0000][8][gc,cpu      ] GC(61) User=0.06s Sys=0.00s Real=0.01s
[2021-04-30T10:05:12.315+0000][8][safepoint   ] Safepoint "G1Concurrent", Time since last: 102913698 ns, Reaching safepoint: 81769 ns, At safepoint: 11748153 ns, Total: 11829922 ns
[2021-04-30T10:05:12.315+0000][8][gc,marking  ] GC(61) Concurrent Rebuild Remembered Sets
[2021-04-30T10:05:12.381+0000][8][gc,marking  ] GC(61) Concurrent Rebuild Remembered Sets 65.935ms
[2021-04-30T10:05:12.381+0000][8][gc,start    ] GC(61) Pause Cleanup
[2021-04-30T10:05:12.381+0000][8][gc          ] GC(61) Pause Cleanup 123M->123M(256M) 0.072ms
[2021-04-30T10:05:12.381+0000][8][gc,cpu      ] GC(61) User=0.01s Sys=0.00s Real=0.00s
[2021-04-30T10:05:12.381+0000][8][safepoint   ] Safepoint "G1Concurrent", Time since last: 66008316 ns, Reaching safepoint: 79547 ns, At safepoint: 115920 ns, Total: 195467 ns
[2021-04-30T10:05:12.381+0000][8][gc,marking  ] GC(61) Concurrent Cleanup for Next Mark
[2021-04-30T10:05:12.381+0000][8][gc,marking  ] GC(61) Concurrent Cleanup for Next Mark 0.118ms
[2021-04-30T10:05:12.381+0000][8][gc          ] GC(61) Concurrent Cycle 181.132ms
[2021-04-30T10:05:13.381+0000][8][safepoint   ] Safepoint "Cleanup", Time since last: 1000130887 ns, Reaching safepoint: 121683 ns, At safepoint: 6268 ns, Total: 127951 ns
[2021-04-30T10:05:17.382+0000][8][safepoint   ] Safepoint "Cleanup", Time since last: 4000331946 ns, Reaching safepoint: 136142 ns, At safepoint: 7984 ns, Total: 144126 ns
[2021-04-30T10:05:21.382+0000][8][safepoint   ] Safepoint "Cleanup", Time since last: 4000348691 ns, Reaching safepoint: 83861 ns, At safepoint: 5782 ns, Total: 89643 ns
[2021-04-30T10:05:30.383+0000][8][safepoint   ] Safepoint "Cleanup", Time since last: 9000832024 ns, Reaching safepoint: 125282 ns, At safepoint: 5611 ns, Total: 130893 ns
[2021-04-30T10:05:31.384+0000][8][safepoint   ] Safepoint "Cleanup", Time since last: 1000127816 ns, Reaching safepoint: 244152 ns, At safepoint: 11931 ns, Total: 256083 ns
[2021-04-30T10:05:34.384+0000][8][safepoint   ] Safepoint "Cleanup", Time since last: 3000342553 ns, Reaching safepoint: 117417 ns, At safepoint: 6620 ns, Total: 124037 ns
[2021-04-30T10:05:35.385+0000][8][safepoint   ] Safepoint "Cleanup", Time since last: 1000117030 ns, Reaching safepoint: 254348 ns, At safepoint: 22813 ns, Total: 277161 ns
[2021-04-30T10:05:39.385+0000][8][safepoint   ] Safepoint "Cleanup", Time since last: 4000411424 ns, Reaching safepoint: 144089 ns, At safepoint: 25508 ns, Total: 169597 ns
[2021-04-30T10:05:41.385+0000][8][safepoint   ] Safepoint "Cleanup", Time since last: 2000183233 ns, Reaching safepoint: 106190 ns, At safepoint: 10994 ns, Total: 117184 ns
[2021-04-30T10:05:42.386+0000][8][safepoint   ] Safepoint "Cleanup", Time since last: 1000134879 ns, Reaching safepoint: 295303 ns, At safepoint: 9704 ns, Total: 305007 ns
[2021-04-30T10:05:46.387+0000][8][safepoint   ] Safepoint "Cleanup", Time since last: 4000645649 ns, Reaching safepoint: 175828 ns, At safepoint: 6904 ns, Total: 182732 ns
[2021-04-30T10:05:51.387+0000][8][safepoint   ] Safepoint "Cleanup", Time since last: 5000576004 ns, Reaching safepoint: 76820 ns, At safepoint: 4791 ns, Total: 81611 ns
[2021-04-30T10:05:52.388+0000][8][safepoint   ] Safepoint "Cleanup", Time since last: 1000114153 ns, Reaching safepoint: 77355 ns, At safepoint: 7300 ns, Total: 84655 ns
[2021-04-30T10:06:01.388+0000][8][safepoint   ] Safepoint "Cleanup", Time since last: 9000637666 ns, Reaching safepoint: 96389 ns, At safepoint: 4392 ns, Total: 100781 ns
[2021-04-30T10:06:03.389+0000][8][safepoint   ] Safepoint "Cleanup", Time since last: 2000157085 ns, Reaching safepoint: 72196 ns, At safepoint: 5281 ns, Total: 77477 ns
[2021-04-30T10:06:04.389+0000][8][safepoint   ] Safepoint "Cleanup", Time since last: 1000064617 ns, Reaching safepoint: 106360 ns, At safepoint: 7049 ns, Total: 113409 ns
[2021-04-30T10:06:09.389+0000][8][safepoint   ] Safepoint "Cleanup", Time since last: 5000363410 ns, Reaching safepoint: 175473 ns, At safepoint: 7980 ns, Total: 183453 ns
[2021-04-30T10:06:12.390+0000][8][safepoint   ] Safepoint "Cleanup", Time since last: 3000231428 ns, Reaching safepoint: 107591 ns, At safepoint: 3718 ns, Total: 111309 ns
[2021-04-30T10:06:36.392+0000][8][safepoint   ] Safepoint "Cleanup", Time since last: 24001947323 ns, Reaching safepoint: 85491 ns, At safepoint: 3705 ns, Total: 89196 ns
[2021-04-30T10:06:39.392+0000][8][safepoint   ] Safepoint "Cleanup", Time since last: 3000286970 ns, Reaching safepoint: 80672 ns, At safepoint: 4098 ns, Total: 84770 ns
[2021-04-30T10:06:41.392+0000][8][safepoint   ] Safepoint "Cleanup", Time since last: 2000258293 ns, Reaching safepoint: 76086 ns, At safepoint: 3768 ns, Total: 79854 ns
[2021-04-30T10:06:42.393+0000][8][safepoint   ] Safepoint "Cleanup", Time since last: 1000090098 ns, Reaching safepoint: 64105 ns, At safepoint: 3870 ns, Total: 67975 ns
[2021-04-30T10:06:43.393+0000][8][safepoint   ] Safepoint "Cleanup", Time since last: 1000212958 ns, Reaching safepoint: 77261 ns, At safepoint: 4926 ns, Total: 82187 ns
[2021-04-30T10:06:46.393+0000][8][safepoint   ] Safepoint "Cleanup", Time since last: 3000218035 ns, Reaching safepoint: 92468 ns, At safepoint: 5615 ns, Total: 98083 ns
[2021-04-30T10:06:53.394+0000][8][safepoint   ] Safepoint "Cleanup", Time since last: 7000621495 ns, Reaching safepoint: 80718 ns, At safepoint: 5332 ns, Total: 86050 ns
[2021-04-30T10:06:56.394+0000][8][safepoint   ] Safepoint "Cleanup", Time since last: 3000401692 ns, Reaching safepoint: 99291 ns, At safepoint: 7839 ns, Total: 107130 ns
[2021-04-30T10:06:58.395+0000][8][safepoint   ] Safepoint "Cleanup", Time since last: 2000197325 ns, Reaching safepoint: 73193 ns, At safepoint: 5741 ns, Total: 78934 ns
[2021-04-30T10:07:09.396+0000][8][safepoint   ] Safepoint "Cleanup", Time since last: 11001275542 ns, Reaching safepoint: 77906 ns, At safepoint: 3149 ns, Total: 81055 ns
[2021-04-30T10:07:10.396+0000][8][safepoint   ] Safepoint "Cleanup", Time since last: 1000133529 ns, Reaching safepoint: 91141 ns, At safepoint: 5653 ns, Total: 96794 ns
[2021-04-30T10:07:12.397+0000][8][safepoint   ] Safepoint "Cleanup", Time since last: 2000188576 ns, Reaching safepoint: 96524 ns, At safepoint: 5239 ns, Total: 101763 ns
[2021-04-30T10:07:21.398+0000][8][safepoint   ] Safepoint "Cleanup", Time since last: 9000909558 ns, Reaching safepoint: 131549 ns, At safepoint: 8034 ns, Total: 139583 ns
[2021-04-30T10:07:26.565+0000][8][gc,start    ] GC(62) Pause Young (Normal) (G1 Evacuation Pause)
[2021-04-30T10:07:26.565+0000][8][gc,task     ] GC(62) Using 6 workers of 8 for evacuation
[2021-04-30T10:07:26.565+0000][8][gc,age      ] GC(62) Desired survivor size 6291456 bytes, new threshold 15 (max threshold 15)
[2021-04-30T10:07:26.568+0000][8][gc,age      ] GC(62) Age table with threshold 15 (max threshold 15)
[2021-04-30T10:07:26.568+0000][8][gc,age      ] GC(62) - age   1:     529768 bytes,     529768 total
[2021-04-30T10:07:26.568+0000][8][gc,age      ] GC(62) - age   2:     310128 bytes,     839896 total
[2021-04-30T10:07:26.568+0000][8][gc,age      ] GC(62) - age   3:     364984 bytes,    1204880 total
[2021-04-30T10:07:26.568+0000][8][gc,age      ] GC(62) - age   4:       2368 bytes,    1207248 total
[2021-04-30T10:07:26.568+0000][8][gc,age      ] GC(62) - age   5:       4136 bytes,    1211384 total
[2021-04-30T10:07:26.568+0000][8][gc,age      ] GC(62) - age   6:       3936 bytes,    1215320 total
[2021-04-30T10:07:26.568+0000][8][gc,age      ] GC(62) - age   7:       3272 bytes,    1218592 total
[2021-04-30T10:07:26.568+0000][8][gc,age      ] GC(62) - age   8:       7576 bytes,    1226168 total
[2021-04-30T10:07:26.568+0000][8][gc,age      ] GC(62) - age   9:       4280 bytes,    1230448 total
[2021-04-30T10:07:26.568+0000][8][gc,age      ] GC(62) - age  10:       8472 bytes,    1238920 total
[2021-04-30T10:07:26.568+0000][8][gc,age      ] GC(62) - age  11:       6232 bytes,    1245152 total
[2021-04-30T10:07:26.568+0000][8][gc,age      ] GC(62) - age  12:       7216 bytes,    1252368 total
[2021-04-30T10:07:26.568+0000][8][gc,age      ] GC(62) - age  13:     128648 bytes,    1381016 total
[2021-04-30T10:07:26.568+0000][8][gc,age      ] GC(62) - age  14:      10592 bytes,    1391608 total
[2021-04-30T10:07:26.568+0000][8][gc,age      ] GC(62) - age  15:      36000 bytes,    1427608 total
[2021-04-30T10:07:26.568+0000][8][gc,phases   ] GC(62)   Pre Evacuate Collection Set: 0.0ms
[2021-04-30T10:07:26.568+0000][8][gc,phases   ] GC(62)   Merge Heap Roots: 0.0ms
[2021-04-30T10:07:26.568+0000][8][gc,phases   ] GC(62)   Evacuate Collection Set: 2.5ms
[2021-04-30T10:07:26.568+0000][8][gc,phases   ] GC(62)   Post Evacuate Collection Set: 0.6ms
[2021-04-30T10:07:26.568+0000][8][gc,phases   ] GC(62)   Other: 0.3ms
[2021-04-30T10:07:26.568+0000][8][gc,heap     ] GC(62) Eden regions: 21->0(21)
[2021-04-30T10:07:26.568+0000][8][gc,heap     ] GC(62) Survivor regions: 1->1(3)
[2021-04-30T10:07:26.568+0000][8][gc,heap     ] GC(62) Old regions: 27->27
[2021-04-30T10:07:26.568+0000][8][gc,heap     ] GC(62) Archive regions: 2->2
[2021-04-30T10:07:26.568+0000][8][gc,heap     ] GC(62) Humongous regions: 2->2
[2021-04-30T10:07:26.568+0000][8][gc,metaspace] GC(62) Metaspace: 106258K(110420K)->106258K(110420K) NonClass: 92393K(95204K)->92393K(95204K) Class: 13865K(15216K)->13865K(15216K)
[2021-04-30T10:07:26.568+0000][8][gc          ] GC(62) Pause Young (Normal) (G1 Evacuation Pause) 205M->121M(256M) 3.595ms
[2021-04-30T10:07:26.568+0000][8][gc,cpu      ] GC(62) User=0.01s Sys=0.01s Real=0.00s
[2021-04-30T10:07:26.568+0000][8][safepoint   ] Safepoint "G1CollectForAllocation", Time since last: 5166882828 ns, Reaching safepoint: 82850 ns, At safepoint: 3700779 ns, Total: 3783629 ns
[2021-04-30T10:07:39.569+0000][8][safepoint   ] Safepoint "Cleanup", Time since last: 13000902588 ns, Reaching safepoint: 79503 ns, At safepoint: 5630 ns, Total: 85133 ns
[2021-04-30T10:07:41.043+0000][8][safepoint   ] Safepoint "Cleanup", Time since last: 1473964179 ns, Reaching safepoint: 199854 ns, At safepoint: 8781 ns, Total: 208635 ns
[2021-04-30T10:07:43.044+0000][8][safepoint   ] Safepoint "Cleanup", Time since last: 2000289486 ns, Reaching safepoint: 86378 ns, At safepoint: 6494 ns, Total: 92872 ns
[2021-04-30T10:07:44.044+0000][8][safepoint   ] Safepoint "Cleanup", Time since last: 1000108849 ns, Reaching safepoint: 95001 ns, At safepoint: 6643 ns, Total: 101644 ns
[2021-04-30T10:07:49.045+0000][8][safepoint   ] Safepoint "Cleanup", Time since last: 5000443535 ns, Reaching safepoint: 80767 ns, At safepoint: 6308 ns, Total: 87075 ns
[2021-04-30T10:08:10.047+0000][8][safepoint   ] Safepoint "Cleanup", Time since last: 21001948330 ns, Reaching safepoint: 75408 ns, At safepoint: 4463 ns, Total: 79871 ns
[2021-04-30T10:08:11.047+0000][8][safepoint   ] Safepoint "Cleanup", Time since last: 1000129718 ns, Reaching safepoint: 74944 ns, At safepoint: 5386 ns, Total: 80330 ns
[2021-04-30T10:08:13.047+0000][8][safepoint   ] Safepoint "Cleanup", Time since last: 2000160203 ns, Reaching safepoint: 65066 ns, At safepoint: 5406 ns, Total: 70472 ns
[2021-04-30T10:08:26.048+0000][8][safepoint   ] Safepoint "Cleanup", Time since last: 13001344204 ns, Reaching safepoint: 114845 ns, At safepoint: 6362 ns, Total: 121207 ns
[2021-04-30T10:08:31.049+0000][8][safepoint   ] Safepoint "Cleanup", Time since last: 5000329370 ns, Reaching safepoint: 65593 ns, At safepoint: 5164 ns, Total: 70757 ns
[2021-04-30T10:08:34.049+0000][8][safepoint   ] Safepoint "Cleanup", Time since last: 3000233782 ns, Reaching safepoint: 72855 ns, At safepoint: 7636 ns, Total: 80491 ns
[2021-04-30T10:08:42.050+0000][8][safepoint   ] Safepoint "Cleanup", Time since last: 8000587854 ns, Reaching safepoint: 88586 ns, At safepoint: 4869 ns, Total: 93455 ns
[2021-04-30T10:08:43.050+0000][8][safepoint   ] Safepoint "Cleanup", Time since last: 1000098969 ns, Reaching safepoint: 64647 ns, At safepoint: 3828 ns, Total: 68475 ns
[2021-04-30T10:08:51.051+0000][8][safepoint   ] Safepoint "Cleanup", Time since last: 8000666648 ns, Reaching safepoint: 65038 ns, At safepoint: 5327 ns, Total: 70365 ns
[2021-04-30T10:08:54.051+0000][8][safepoint   ] Safepoint "Cleanup", Time since last: 3000219325 ns, Reaching safepoint: 87581 ns, At safepoint: 5647 ns, Total: 93228 ns
[2021-04-30T10:08:59.052+0000][8][safepoint   ] Safepoint "Cleanup", Time since last: 5000492789 ns, Reaching safepoint: 108126 ns, At safepoint: 5397 ns, Total: 113523 ns
[2021-04-30T10:08:59.772+0000][8][gc,heap,exit] Heap
[2021-04-30T10:08:59.772+0000][8][gc,heap,exit]  garbage-first heap   total 262144K, used 189647K [0x00000000f0000000, 0x0000000100000000)
[2021-04-30T10:08:59.772+0000][8][gc,heap,exit]   region size 4096K, 19 young (77824K), 1 survivors (4096K)
[2021-04-30T10:08:59.772+0000][8][gc,heap,exit]  Metaspace       used 106526K, capacity 109935K, committed 110676K, reserved 1144832K
[2021-04-30T10:08:59.772+0000][8][gc,heap,exit]   class space    used 13898K, capacity 15092K, committed 15216K, reserved 1048576K
