[2021-05-05T00:59:13.459+0000][8][gc] Using G1
[2021-05-05T00:59:13.581+0000][8][gc,init] Version: 15.0.1+9 (release)
[2021-05-05T00:59:13.581+0000][8][gc,init] CPUs: 8 total, 8 available
[2021-05-05T00:59:13.581+0000][8][gc,init] Memory: 15907M
[2021-05-05T00:59:13.581+0000][8][gc,init] Large Page Support: Disabled
[2021-05-05T00:59:13.581+0000][8][gc,init] NUMA Support: Disabled
[2021-05-05T00:59:13.581+0000][8][gc,init] Compressed Oops: Enabled (32-bit)
[2021-05-05T00:59:13.581+0000][8][gc,init] Heap Region Size: 4M
[2021-05-05T00:59:13.581+0000][8][gc,init] Heap Min Capacity: 256M
[2021-05-05T00:59:13.581+0000][8][gc,init] Heap Initial Capacity: 256M
[2021-05-05T00:59:13.581+0000][8][gc,init] Heap Max Capacity: 256M
[2021-05-05T00:59:13.581+0000][8][gc,init] Pre-touch: Enabled
[2021-05-05T00:59:13.581+0000][8][gc,init] Parallel Workers: 8
[2021-05-05T00:59:13.581+0000][8][gc,init] Concurrent Workers: 2
[2021-05-05T00:59:13.581+0000][8][gc,init] Concurrent Refinement Workers: 8
[2021-05-05T00:59:13.581+0000][8][gc,init] Periodic GC: Disabled
[2021-05-05T00:59:13.581+0000][8][gc,cds ] Mark closed archive regions in map: [0x00000000ffc00000, 0x00000000ffc7bff8]
[2021-05-05T00:59:13.581+0000][8][gc,cds ] Mark open archive regions in map: [0x00000000ffb00000, 0x00000000ffb51ff8]
[2021-05-05T00:59:13.581+0000][8][gc,metaspace] CDS archive(s) mapped at: [0x0000000800000000-0x0000000800b2a000-0x0000000800b2a000), size 11706368, SharedBaseAddress: 0x0000000800000000, ArchiveRelocationMode: 0.
[2021-05-05T00:59:13.581+0000][8][gc,metaspace] Compressed class space mapped at: 0x0000000800b2c000-0x0000000840b2c000, size: 1073741824
[2021-05-05T00:59:13.581+0000][8][gc,metaspace] Narrow klass base: 0x0000000800000000, Narrow klass shift: 3, Narrow klass range: 0x100000000
[2021-05-05T00:59:14.093+0000][8][safepoint   ] Safepoint "ICBufferFull", Time since last: 504144882 ns, Reaching safepoint: 130214 ns, At safepoint: 6953 ns, Total: 137167 ns
[2021-05-05T00:59:14.219+0000][8][gc,start    ] GC(0) Pause Young (Normal) (G1 Evacuation Pause)
[2021-05-05T00:59:14.219+0000][8][gc,task     ] GC(0) Using 6 workers of 8 for evacuation
[2021-05-05T00:59:14.219+0000][8][gc,age      ] GC(0) Desired survivor size 2097152 bytes, new threshold 15 (max threshold 15)
[2021-05-05T00:59:14.221+0000][8][gc,age      ] GC(0) Age table with threshold 15 (max threshold 15)
[2021-05-05T00:59:14.221+0000][8][gc,age      ] GC(0) - age   1:    3617944 bytes,    3617944 total
[2021-05-05T00:59:14.222+0000][8][gc,phases   ] GC(0)   Pre Evacuate Collection Set: 0.0ms
[2021-05-05T00:59:14.222+0000][8][gc,phases   ] GC(0)   Merge Heap Roots: 0.0ms
[2021-05-05T00:59:14.222+0000][8][gc,phases   ] GC(0)   Evacuate Collection Set: 1.9ms
[2021-05-05T00:59:14.222+0000][8][gc,phases   ] GC(0)   Post Evacuate Collection Set: 0.3ms
[2021-05-05T00:59:14.222+0000][8][gc,phases   ] GC(0)   Other: 0.6ms
[2021-05-05T00:59:14.222+0000][8][gc,heap     ] GC(0) Eden regions: 5->0(5)
[2021-05-05T00:59:14.222+0000][8][gc,heap     ] GC(0) Survivor regions: 0->1(1)
[2021-05-05T00:59:14.222+0000][8][gc,heap     ] GC(0) Old regions: 0->0
[2021-05-05T00:59:14.222+0000][8][gc,heap     ] GC(0) Archive regions: 2->2
[2021-05-05T00:59:14.222+0000][8][gc,heap     ] GC(0) Humongous regions: 0->0
[2021-05-05T00:59:14.222+0000][8][gc,metaspace] GC(0) Metaspace: 6468K(8960K)->6468K(8960K) NonClass: 5764K(7936K)->5764K(7936K) Class: 704K(1024K)->704K(1024K)
[2021-05-05T00:59:14.222+0000][8][gc          ] GC(0) Pause Young (Normal) (G1 Evacuation Pause) 23M->7M(256M) 2.953ms
[2021-05-05T00:59:14.222+0000][8][gc,cpu      ] GC(0) User=0.02s Sys=0.00s Real=0.00s
[2021-05-05T00:59:14.222+0000][8][safepoint   ] Safepoint "G1CollectForAllocation", Time since last: 125036845 ns, Reaching safepoint: 164385 ns, At safepoint: 3038274 ns, Total: 3202659 ns
[2021-05-05T00:59:15.240+0000][8][safepoint   ] Safepoint "ICBufferFull", Time since last: 1017892875 ns, Reaching safepoint: 358468 ns, At safepoint: 9442 ns, Total: 367910 ns
[2021-05-05T00:59:15.287+0000][8][gc,start    ] GC(1) Pause Young (Normal) (G1 Evacuation Pause)
[2021-05-05T00:59:15.287+0000][8][gc,task     ] GC(1) Using 6 workers of 8 for evacuation
[2021-05-05T00:59:15.287+0000][8][gc,age      ] GC(1) Desired survivor size 2097152 bytes, new threshold 1 (max threshold 15)
[2021-05-05T00:59:15.293+0000][8][gc,age      ] GC(1) Age table with threshold 1 (max threshold 15)
[2021-05-05T00:59:15.293+0000][8][gc,age      ] GC(1) - age   1:    2033600 bytes,    2033600 total
[2021-05-05T00:59:15.293+0000][8][gc,phases   ] GC(1)   Pre Evacuate Collection Set: 0.0ms
[2021-05-05T00:59:15.293+0000][8][gc,phases   ] GC(1)   Merge Heap Roots: 0.0ms
[2021-05-05T00:59:15.293+0000][8][gc,phases   ] GC(1)   Evacuate Collection Set: 5.9ms
[2021-05-05T00:59:15.293+0000][8][gc,phases   ] GC(1)   Post Evacuate Collection Set: 0.3ms
[2021-05-05T00:59:15.294+0000][8][gc,phases   ] GC(1)   Other: 0.2ms
[2021-05-05T00:59:15.294+0000][8][gc,heap     ] GC(1) Eden regions: 5->0(12)
[2021-05-05T00:59:15.294+0000][8][gc,heap     ] GC(1) Survivor regions: 1->1(1)
[2021-05-05T00:59:15.294+0000][8][gc,heap     ] GC(1) Old regions: 0->1
[2021-05-05T00:59:15.294+0000][8][gc,heap     ] GC(1) Archive regions: 2->2
[2021-05-05T00:59:15.294+0000][8][gc,heap     ] GC(1) Humongous regions: 0->0
[2021-05-05T00:59:15.294+0000][8][gc,metaspace] GC(1) Metaspace: 11875K(12288K)->11875K(12288K) NonClass: 10460K(10752K)->10460K(10752K) Class: 1415K(1536K)->1415K(1536K)
[2021-05-05T00:59:15.294+0000][8][gc          ] GC(1) Pause Young (Normal) (G1 Evacuation Pause) 27M->9M(256M) 6.525ms
[2021-05-05T00:59:15.294+0000][8][gc,cpu      ] GC(1) User=0.03s Sys=0.00s Real=0.01s
[2021-05-05T00:59:15.294+0000][8][safepoint   ] Safepoint "G1CollectForAllocation", Time since last: 47016749 ns, Reaching safepoint: 127473 ns, At safepoint: 6601504 ns, Total: 6728977 ns
[2021-05-05T00:59:16.127+0000][8][safepoint   ] Safepoint "ICBufferFull", Time since last: 833544464 ns, Reaching safepoint: 140533 ns, At safepoint: 10886 ns, Total: 151419 ns
[2021-05-05T00:59:16.166+0000][8][gc,start    ] GC(2) Pause Young (Normal) (G1 Evacuation Pause)
[2021-05-05T00:59:16.166+0000][8][gc,task     ] GC(2) Using 6 workers of 8 for evacuation
[2021-05-05T00:59:16.166+0000][8][gc,age      ] GC(2) Desired survivor size 4194304 bytes, new threshold 15 (max threshold 15)
[2021-05-05T00:59:16.174+0000][8][gc,age      ] GC(2) Age table with threshold 15 (max threshold 15)
[2021-05-05T00:59:16.174+0000][8][gc,age      ] GC(2) - age   1:    1856944 bytes,    1856944 total
[2021-05-05T00:59:16.174+0000][8][gc,age      ] GC(2) - age   2:    1936000 bytes,    3792944 total
[2021-05-05T00:59:16.174+0000][8][gc,phases   ] GC(2)   Pre Evacuate Collection Set: 0.0ms
[2021-05-05T00:59:16.174+0000][8][gc,phases   ] GC(2)   Merge Heap Roots: 0.0ms
[2021-05-05T00:59:16.174+0000][8][gc,phases   ] GC(2)   Evacuate Collection Set: 6.5ms
[2021-05-05T00:59:16.174+0000][8][gc,phases   ] GC(2)   Post Evacuate Collection Set: 0.6ms
[2021-05-05T00:59:16.174+0000][8][gc,phases   ] GC(2)   Other: 0.2ms
[2021-05-05T00:59:16.174+0000][8][gc,heap     ] GC(2) Eden regions: 12->0(36)
[2021-05-05T00:59:16.174+0000][8][gc,heap     ] GC(2) Survivor regions: 1->1(2)
[2021-05-05T00:59:16.174+0000][8][gc,heap     ] GC(2) Old regions: 1->1
[2021-05-05T00:59:16.174+0000][8][gc,heap     ] GC(2) Archive regions: 2->2
[2021-05-05T00:59:16.174+0000][8][gc,heap     ] GC(2) Humongous regions: 0->0
[2021-05-05T00:59:16.174+0000][8][gc,metaspace] GC(2) Metaspace: 14718K(15104K)->14718K(15104K) NonClass: 13025K(13312K)->13025K(13312K) Class: 1692K(1792K)->1692K(1792K)
[2021-05-05T00:59:16.174+0000][8][gc          ] GC(2) Pause Young (Normal) (G1 Evacuation Pause) 57M->11M(256M) 7.508ms
[2021-05-05T00:59:16.174+0000][8][gc,cpu      ] GC(2) User=0.02s Sys=0.00s Real=0.01s
[2021-05-05T00:59:16.175+0000][8][safepoint   ] Safepoint "G1CollectForAllocation", Time since last: 38810297 ns, Reaching safepoint: 138354 ns, At safepoint: 8333838 ns, Total: 8472192 ns
[2021-05-05T00:59:16.485+0000][8][safepoint   ] Safepoint "ICBufferFull", Time since last: 310615004 ns, Reaching safepoint: 78658 ns, At safepoint: 8390 ns, Total: 87048 ns
[2021-05-05T00:59:16.493+0000][8][safepoint   ] Safepoint "ICBufferFull", Time since last: 7559171 ns, Reaching safepoint: 134510 ns, At safepoint: 6495 ns, Total: 141005 ns
[2021-05-05T00:59:16.497+0000][8][safepoint   ] Safepoint "ICBufferFull", Time since last: 4224316 ns, Reaching safepoint: 127879 ns, At safepoint: 4094 ns, Total: 131973 ns
[2021-05-05T00:59:16.501+0000][8][safepoint   ] Safepoint "ICBufferFull", Time since last: 3547759 ns, Reaching safepoint: 134863 ns, At safepoint: 8525 ns, Total: 143388 ns
[2021-05-05T00:59:16.507+0000][8][safepoint   ] Safepoint "ICBufferFull", Time since last: 6239986 ns, Reaching safepoint: 51780 ns, At safepoint: 4137 ns, Total: 55917 ns
[2021-05-05T00:59:16.512+0000][8][safepoint   ] Safepoint "ICBufferFull", Time since last: 4007327 ns, Reaching safepoint: 138558 ns, At safepoint: 6111 ns, Total: 144669 ns
[2021-05-05T00:59:16.517+0000][8][safepoint   ] Safepoint "ICBufferFull", Time since last: 5811481 ns, Reaching safepoint: 98599 ns, At safepoint: 5181 ns, Total: 103780 ns
[2021-05-05T00:59:16.528+0000][8][safepoint   ] Safepoint "ICBufferFull", Time since last: 10226535 ns, Reaching safepoint: 256393 ns, At safepoint: 7007 ns, Total: 263400 ns
[2021-05-05T00:59:16.535+0000][8][safepoint   ] Safepoint "ICBufferFull", Time since last: 6237510 ns, Reaching safepoint: 491724 ns, At safepoint: 9366 ns, Total: 501090 ns
[2021-05-05T00:59:16.541+0000][8][safepoint   ] Safepoint "ICBufferFull", Time since last: 6659070 ns, Reaching safepoint: 165901 ns, At safepoint: 5215 ns, Total: 171116 ns
[2021-05-05T00:59:16.546+0000][8][safepoint   ] Safepoint "ICBufferFull", Time since last: 3798700 ns, Reaching safepoint: 219711 ns, At safepoint: 5483 ns, Total: 225194 ns
[2021-05-05T00:59:16.550+0000][8][safepoint   ] Safepoint "ICBufferFull", Time since last: 4234022 ns, Reaching safepoint: 162602 ns, At safepoint: 5178 ns, Total: 167780 ns
[2021-05-05T00:59:16.555+0000][8][safepoint   ] Safepoint "ICBufferFull", Time since last: 4944682 ns, Reaching safepoint: 163241 ns, At safepoint: 4975 ns, Total: 168216 ns
[2021-05-05T00:59:16.561+0000][8][safepoint   ] Safepoint "ICBufferFull", Time since last: 5456782 ns, Reaching safepoint: 161086 ns, At safepoint: 4764 ns, Total: 165850 ns
[2021-05-05T00:59:16.565+0000][8][safepoint   ] Safepoint "ICBufferFull", Time since last: 4505762 ns, Reaching safepoint: 160702 ns, At safepoint: 5139 ns, Total: 165841 ns
[2021-05-05T00:59:16.570+0000][8][safepoint   ] Safepoint "ICBufferFull", Time since last: 5009829 ns, Reaching safepoint: 126888 ns, At safepoint: 7394 ns, Total: 134282 ns
[2021-05-05T00:59:16.580+0000][8][safepoint   ] Safepoint "ICBufferFull", Time since last: 8912369 ns, Reaching safepoint: 167446 ns, At safepoint: 7079 ns, Total: 174525 ns
[2021-05-05T00:59:16.584+0000][8][safepoint   ] Safepoint "ICBufferFull", Time since last: 4792424 ns, Reaching safepoint: 129599 ns, At safepoint: 6052 ns, Total: 135651 ns
[2021-05-05T00:59:16.596+0000][8][safepoint   ] Safepoint "ICBufferFull", Time since last: 11183618 ns, Reaching safepoint: 50696 ns, At safepoint: 6148 ns, Total: 56844 ns
[2021-05-05T00:59:16.597+0000][8][safepoint   ] Safepoint "ICBufferFull", Time since last: 1139478 ns, Reaching safepoint: 46626 ns, At safepoint: 5383 ns, Total: 52009 ns
[2021-05-05T00:59:16.598+0000][8][safepoint   ] Safepoint "ICBufferFull", Time since last: 1185045 ns, Reaching safepoint: 45271 ns, At safepoint: 5829 ns, Total: 51100 ns
[2021-05-05T00:59:16.599+0000][8][safepoint   ] Safepoint "ICBufferFull", Time since last: 1057173 ns, Reaching safepoint: 43785 ns, At safepoint: 5444 ns, Total: 49229 ns
[2021-05-05T00:59:16.600+0000][8][safepoint   ] Safepoint "ICBufferFull", Time since last: 1170269 ns, Reaching safepoint: 41788 ns, At safepoint: 5141 ns, Total: 46929 ns
[2021-05-05T00:59:16.602+0000][8][safepoint   ] Safepoint "ICBufferFull", Time since last: 1178602 ns, Reaching safepoint: 44880 ns, At safepoint: 3183 ns, Total: 48063 ns
[2021-05-05T00:59:16.603+0000][8][safepoint   ] Safepoint "ICBufferFull", Time since last: 1372898 ns, Reaching safepoint: 45803 ns, At safepoint: 5397 ns, Total: 51200 ns
[2021-05-05T00:59:16.604+0000][8][safepoint   ] Safepoint "ICBufferFull", Time since last: 1184903 ns, Reaching safepoint: 49210 ns, At safepoint: 6052 ns, Total: 55262 ns
[2021-05-05T00:59:16.606+0000][8][safepoint   ] Safepoint "ICBufferFull", Time since last: 1145920 ns, Reaching safepoint: 44181 ns, At safepoint: 5651 ns, Total: 49832 ns
[2021-05-05T00:59:16.607+0000][8][safepoint   ] Safepoint "ICBufferFull", Time since last: 1088606 ns, Reaching safepoint: 38911 ns, At safepoint: 3371 ns, Total: 42282 ns
[2021-05-05T00:59:16.608+0000][8][safepoint   ] Safepoint "ICBufferFull", Time since last: 1067138 ns, Reaching safepoint: 47359 ns, At safepoint: 3415 ns, Total: 50774 ns
[2021-05-05T00:59:16.609+0000][8][safepoint   ] Safepoint "ICBufferFull", Time since last: 1163453 ns, Reaching safepoint: 42496 ns, At safepoint: 3682 ns, Total: 46178 ns
[2021-05-05T00:59:16.611+0000][8][safepoint   ] Safepoint "ICBufferFull", Time since last: 1616525 ns, Reaching safepoint: 50556 ns, At safepoint: 3894 ns, Total: 54450 ns
[2021-05-05T00:59:16.612+0000][8][safepoint   ] Safepoint "ICBufferFull", Time since last: 1196057 ns, Reaching safepoint: 154486 ns, At safepoint: 7607 ns, Total: 162093 ns
[2021-05-05T00:59:16.614+0000][8][safepoint   ] Safepoint "ICBufferFull", Time since last: 1886433 ns, Reaching safepoint: 70959 ns, At safepoint: 7585 ns, Total: 78544 ns
[2021-05-05T00:59:16.616+0000][8][safepoint   ] Safepoint "ICBufferFull", Time since last: 1735998 ns, Reaching safepoint: 69560 ns, At safepoint: 5828 ns, Total: 75388 ns
[2021-05-05T00:59:16.617+0000][8][safepoint   ] Safepoint "ICBufferFull", Time since last: 1125031 ns, Reaching safepoint: 64025 ns, At safepoint: 3904 ns, Total: 67929 ns
[2021-05-05T00:59:16.620+0000][8][safepoint   ] Safepoint "ICBufferFull", Time since last: 2659688 ns, Reaching safepoint: 58817 ns, At safepoint: 18803 ns, Total: 77620 ns
[2021-05-05T00:59:16.626+0000][8][safepoint   ] Safepoint "ICBufferFull", Time since last: 6184835 ns, Reaching safepoint: 120919 ns, At safepoint: 7602 ns, Total: 128521 ns
[2021-05-05T00:59:16.631+0000][8][safepoint   ] Safepoint "ICBufferFull", Time since last: 4971749 ns, Reaching safepoint: 50452 ns, At safepoint: 4733 ns, Total: 55185 ns
[2021-05-05T00:59:16.635+0000][8][safepoint   ] Safepoint "ICBufferFull", Time since last: 3511147 ns, Reaching safepoint: 133680 ns, At safepoint: 4558 ns, Total: 138238 ns
[2021-05-05T00:59:16.750+0000][8][safepoint   ] Safepoint "ICBufferFull", Time since last: 115123930 ns, Reaching safepoint: 77841 ns, At safepoint: 4646 ns, Total: 82487 ns
[2021-05-05T00:59:17.199+0000][8][gc,start    ] GC(3) Pause Young (Normal) (G1 Evacuation Pause)
[2021-05-05T00:59:17.199+0000][8][gc,task     ] GC(3) Using 6 workers of 8 for evacuation
[2021-05-05T00:59:17.199+0000][8][gc,age      ] GC(3) Desired survivor size 10485760 bytes, new threshold 15 (max threshold 15)
[2021-05-05T00:59:17.212+0000][8][gc,age      ] GC(3) Age table with threshold 15 (max threshold 15)
[2021-05-05T00:59:17.212+0000][8][gc,age      ] GC(3) - age   1:    2957384 bytes,    2957384 total
[2021-05-05T00:59:17.212+0000][8][gc,age      ] GC(3) - age   2:    1834472 bytes,    4791856 total
[2021-05-05T00:59:17.212+0000][8][gc,age      ] GC(3) - age   3:    1920904 bytes,    6712760 total
[2021-05-05T00:59:17.212+0000][8][gc,phases   ] GC(3)   Pre Evacuate Collection Set: 0.1ms
[2021-05-05T00:59:17.212+0000][8][gc,phases   ] GC(3)   Merge Heap Roots: 0.0ms
[2021-05-05T00:59:17.212+0000][8][gc,phases   ] GC(3)   Evacuate Collection Set: 11.9ms
[2021-05-05T00:59:17.212+0000][8][gc,phases   ] GC(3)   Post Evacuate Collection Set: 0.5ms
[2021-05-05T00:59:17.212+0000][8][gc,phases   ] GC(3)   Other: 0.2ms
[2021-05-05T00:59:17.212+0000][8][gc,heap     ] GC(3) Eden regions: 36->0(36)
[2021-05-05T00:59:17.212+0000][8][gc,heap     ] GC(3) Survivor regions: 1->2(5)
[2021-05-05T00:59:17.212+0000][8][gc,heap     ] GC(3) Old regions: 1->1
[2021-05-05T00:59:17.212+0000][8][gc,heap     ] GC(3) Archive regions: 2->2
[2021-05-05T00:59:17.212+0000][8][gc,heap     ] GC(3) Humongous regions: 0->0
[2021-05-05T00:59:17.212+0000][8][gc,metaspace] GC(3) Metaspace: 17917K(18432K)->17917K(18432K) NonClass: 15791K(16128K)->15791K(16128K) Class: 2126K(2304K)->2126K(2304K)
[2021-05-05T00:59:17.212+0000][8][gc          ] GC(3) Pause Young (Normal) (G1 Evacuation Pause) 155M->13M(256M) 12.773ms
[2021-05-05T00:59:17.212+0000][8][gc,cpu      ] GC(3) User=0.04s Sys=0.00s Real=0.01s
[2021-05-05T00:59:17.216+0000][8][safepoint   ] Safepoint "G1CollectForAllocation", Time since last: 448840567 ns, Reaching safepoint: 159013 ns, At safepoint: 16671316 ns, Total: 16830329 ns
[2021-05-05T00:59:17.709+0000][8][gc,start    ] GC(4) Pause Young (Normal) (G1 Evacuation Pause)
[2021-05-05T00:59:17.709+0000][8][gc,task     ] GC(4) Using 6 workers of 8 for evacuation
[2021-05-05T00:59:17.709+0000][8][gc,age      ] GC(4) Desired survivor size 10485760 bytes, new threshold 15 (max threshold 15)
[2021-05-05T00:59:17.722+0000][8][gc,age      ] GC(4) Age table with threshold 15 (max threshold 15)
[2021-05-05T00:59:17.722+0000][8][gc,age      ] GC(4) - age   1:    2558320 bytes,    2558320 total
[2021-05-05T00:59:17.722+0000][8][gc,age      ] GC(4) - age   2:    2917464 bytes,    5475784 total
[2021-05-05T00:59:17.722+0000][8][gc,age      ] GC(4) - age   3:    1834472 bytes,    7310256 total
[2021-05-05T00:59:17.722+0000][8][gc,age      ] GC(4) - age   4:    1920904 bytes,    9231160 total
[2021-05-05T00:59:17.722+0000][8][gc,phases   ] GC(4)   Pre Evacuate Collection Set: 0.1ms
[2021-05-05T00:59:17.722+0000][8][gc,phases   ] GC(4)   Merge Heap Roots: 0.0ms
[2021-05-05T00:59:17.722+0000][8][gc,phases   ] GC(4)   Evacuate Collection Set: 11.6ms
[2021-05-05T00:59:17.722+0000][8][gc,phases   ] GC(4)   Post Evacuate Collection Set: 1.0ms
[2021-05-05T00:59:17.722+0000][8][gc,phases   ] GC(4)   Other: 0.2ms
[2021-05-05T00:59:17.722+0000][8][gc,heap     ] GC(4) Eden regions: 36->0(35)
[2021-05-05T00:59:17.722+0000][8][gc,heap     ] GC(4) Survivor regions: 2->3(5)
[2021-05-05T00:59:17.722+0000][8][gc,heap     ] GC(4) Old regions: 1->1
[2021-05-05T00:59:17.722+0000][8][gc,heap     ] GC(4) Archive regions: 2->2
[2021-05-05T00:59:17.722+0000][8][gc,heap     ] GC(4) Humongous regions: 0->0
[2021-05-05T00:59:17.722+0000][8][gc,metaspace] GC(4) Metaspace: 18457K(19328K)->18457K(19328K) NonClass: 16260K(16896K)->16260K(16896K) Class: 2196K(2432K)->2196K(2432K)
[2021-05-05T00:59:17.722+0000][8][gc          ] GC(4) Pause Young (Normal) (G1 Evacuation Pause) 157M->16M(256M) 13.057ms
[2021-05-05T00:59:17.722+0000][8][gc,cpu      ] GC(4) User=0.05s Sys=0.00s Real=0.01s
[2021-05-05T00:59:17.722+0000][8][safepoint   ] Safepoint "G1CollectForAllocation", Time since last: 492943898 ns, Reaching safepoint: 741832 ns, At safepoint: 13141135 ns, Total: 13882967 ns
[2021-05-05T00:59:18.102+0000][8][gc,start    ] GC(5) Pause Young (Normal) (G1 Evacuation Pause)
[2021-05-05T00:59:18.102+0000][8][gc,task     ] GC(5) Using 6 workers of 8 for evacuation
[2021-05-05T00:59:18.102+0000][8][gc,age      ] GC(5) Desired survivor size 10485760 bytes, new threshold 15 (max threshold 15)
[2021-05-05T00:59:18.111+0000][8][gc,age      ] GC(5) Age table with threshold 15 (max threshold 15)
[2021-05-05T00:59:18.111+0000][8][gc,age      ] GC(5) - age   1:    2156248 bytes,    2156248 total
[2021-05-05T00:59:18.111+0000][8][gc,age      ] GC(5) - age   2:    1829384 bytes,    3985632 total
[2021-05-05T00:59:18.111+0000][8][gc,age      ] GC(5) - age   3:    2915728 bytes,    6901360 total
[2021-05-05T00:59:18.111+0000][8][gc,age      ] GC(5) - age   4:    1834472 bytes,    8735832 total
[2021-05-05T00:59:18.111+0000][8][gc,age      ] GC(5) - age   5:    1920904 bytes,   10656736 total
[2021-05-05T00:59:18.111+0000][8][gc,phases   ] GC(5)   Pre Evacuate Collection Set: 0.1ms
[2021-05-05T00:59:18.111+0000][8][gc,phases   ] GC(5)   Merge Heap Roots: 0.0ms
[2021-05-05T00:59:18.111+0000][8][gc,phases   ] GC(5)   Evacuate Collection Set: 8.4ms
[2021-05-05T00:59:18.111+0000][8][gc,phases   ] GC(5)   Post Evacuate Collection Set: 0.5ms
[2021-05-05T00:59:18.111+0000][8][gc,phases   ] GC(5)   Other: 0.2ms
[2021-05-05T00:59:18.111+0000][8][gc,heap     ] GC(5) Eden regions: 35->0(35)
[2021-05-05T00:59:18.111+0000][8][gc,heap     ] GC(5) Survivor regions: 3->3(5)
[2021-05-05T00:59:18.111+0000][8][gc,heap     ] GC(5) Old regions: 1->1
[2021-05-05T00:59:18.111+0000][8][gc,heap     ] GC(5) Archive regions: 2->2
[2021-05-05T00:59:18.111+0000][8][gc,heap     ] GC(5) Humongous regions: 0->0
[2021-05-05T00:59:18.111+0000][8][gc,metaspace] GC(5) Metaspace: 18935K(19712K)->18935K(19712K) NonClass: 16663K(17152K)->16663K(17152K) Class: 2271K(2560K)->2271K(2560K)
[2021-05-05T00:59:18.111+0000][8][gc          ] GC(5) Pause Young (Normal) (G1 Evacuation Pause) 156M->18M(256M) 9.328ms
[2021-05-05T00:59:18.111+0000][8][gc,cpu      ] GC(5) User=0.04s Sys=0.00s Real=0.01s
[2021-05-05T00:59:18.115+0000][8][safepoint   ] Safepoint "G1CollectForAllocation", Time since last: 378032769 ns, Reaching safepoint: 1251430 ns, At safepoint: 12894243 ns, Total: 14145673 ns
[2021-05-05T00:59:18.461+0000][8][gc,start    ] GC(6) Pause Young (Normal) (G1 Evacuation Pause)
[2021-05-05T00:59:18.461+0000][8][gc,task     ] GC(6) Using 6 workers of 8 for evacuation
[2021-05-05T00:59:18.461+0000][8][gc,age      ] GC(6) Desired survivor size 10485760 bytes, new threshold 5 (max threshold 15)
[2021-05-05T00:59:18.474+0000][8][gc,age      ] GC(6) Age table with threshold 5 (max threshold 15)
[2021-05-05T00:59:18.474+0000][8][gc,age      ] GC(6) - age   1:    3064752 bytes,    3064752 total
[2021-05-05T00:59:18.474+0000][8][gc,age      ] GC(6) - age   2:    1510504 bytes,    4575256 total
[2021-05-05T00:59:18.474+0000][8][gc,age      ] GC(6) - age   3:    1829384 bytes,    6404640 total
[2021-05-05T00:59:18.474+0000][8][gc,age      ] GC(6) - age   4:    2915728 bytes,    9320368 total
[2021-05-05T00:59:18.474+0000][8][gc,age      ] GC(6) - age   5:    1834472 bytes,   11154840 total
[2021-05-05T00:59:18.474+0000][8][gc,phases   ] GC(6)   Pre Evacuate Collection Set: 0.0ms
[2021-05-05T00:59:18.474+0000][8][gc,phases   ] GC(6)   Merge Heap Roots: 0.0ms
[2021-05-05T00:59:18.474+0000][8][gc,phases   ] GC(6)   Evacuate Collection Set: 12.5ms
[2021-05-05T00:59:18.474+0000][8][gc,phases   ] GC(6)   Post Evacuate Collection Set: 0.6ms
[2021-05-05T00:59:18.474+0000][8][gc,phases   ] GC(6)   Other: 0.2ms
[2021-05-05T00:59:18.474+0000][8][gc,heap     ] GC(6) Eden regions: 35->0(35)
[2021-05-05T00:59:18.474+0000][8][gc,heap     ] GC(6) Survivor regions: 3->3(5)
[2021-05-05T00:59:18.474+0000][8][gc,heap     ] GC(6) Old regions: 1->2
[2021-05-05T00:59:18.474+0000][8][gc,heap     ] GC(6) Archive regions: 2->2
[2021-05-05T00:59:18.474+0000][8][gc,heap     ] GC(6) Humongous regions: 0->0
[2021-05-05T00:59:18.474+0000][8][gc,metaspace] GC(6) Metaspace: 19223K(20224K)->19223K(20224K) NonClass: 16921K(17664K)->16921K(17664K) Class: 2302K(2560K)->2302K(2560K)
[2021-05-05T00:59:18.474+0000][8][gc          ] GC(6) Pause Young (Normal) (G1 Evacuation Pause) 158M->20M(256M) 13.460ms
[2021-05-05T00:59:18.474+0000][8][gc,cpu      ] GC(6) User=0.06s Sys=0.00s Real=0.01s
[2021-05-05T00:59:18.474+0000][8][safepoint   ] Safepoint "G1CollectForAllocation", Time since last: 345992278 ns, Reaching safepoint: 130234 ns, At safepoint: 13535668 ns, Total: 13665902 ns
[2021-05-05T00:59:18.808+0000][8][gc,start    ] GC(7) Pause Young (Normal) (G1 Evacuation Pause)
[2021-05-05T00:59:18.808+0000][8][gc,task     ] GC(7) Using 6 workers of 8 for evacuation
[2021-05-05T00:59:18.808+0000][8][gc,age      ] GC(7) Desired survivor size 10485760 bytes, new threshold 5 (max threshold 15)
[2021-05-05T00:59:18.819+0000][8][gc,age      ] GC(7) Age table with threshold 5 (max threshold 15)
[2021-05-05T00:59:18.819+0000][8][gc,age      ] GC(7) - age   1:     551088 bytes,     551088 total
[2021-05-05T00:59:18.819+0000][8][gc,age      ] GC(7) - age   2:    1208752 bytes,    1759840 total
[2021-05-05T00:59:18.819+0000][8][gc,age      ] GC(7) - age   3:    1509728 bytes,    3269568 total
[2021-05-05T00:59:18.819+0000][8][gc,age      ] GC(7) - age   4:    1829320 bytes,    5098888 total
[2021-05-05T00:59:18.819+0000][8][gc,age      ] GC(7) - age   5:    2911776 bytes,    8010664 total
[2021-05-05T00:59:18.819+0000][8][gc,phases   ] GC(7)   Pre Evacuate Collection Set: 0.1ms
[2021-05-05T00:59:18.819+0000][8][gc,phases   ] GC(7)   Merge Heap Roots: 0.0ms
[2021-05-05T00:59:18.819+0000][8][gc,phases   ] GC(7)   Evacuate Collection Set: 9.6ms
[2021-05-05T00:59:18.819+0000][8][gc,phases   ] GC(7)   Post Evacuate Collection Set: 0.7ms
[2021-05-05T00:59:18.819+0000][8][gc,phases   ] GC(7)   Other: 0.3ms
[2021-05-05T00:59:18.819+0000][8][gc,heap     ] GC(7) Eden regions: 35->0(35)
[2021-05-05T00:59:18.819+0000][8][gc,heap     ] GC(7) Survivor regions: 3->3(5)
[2021-05-05T00:59:18.819+0000][8][gc,heap     ] GC(7) Old regions: 2->2
[2021-05-05T00:59:18.819+0000][8][gc,heap     ] GC(7) Archive regions: 2->2
[2021-05-05T00:59:18.819+0000][8][gc,heap     ] GC(7) Humongous regions: 0->0
[2021-05-05T00:59:18.819+0000][8][gc,metaspace] GC(7) Metaspace: 19395K(20480K)->19395K(20480K) NonClass: 17061K(17920K)->17061K(17920K) Class: 2334K(2560K)->2334K(2560K)
[2021-05-05T00:59:18.819+0000][8][gc          ] GC(7) Pause Young (Normal) (G1 Evacuation Pause) 160M->19M(256M) 10.751ms
[2021-05-05T00:59:18.819+0000][8][gc,cpu      ] GC(7) User=0.03s Sys=0.00s Real=0.01s
[2021-05-05T00:59:18.819+0000][8][safepoint   ] Safepoint "G1CollectForAllocation", Time since last: 333934381 ns, Reaching safepoint: 167695 ns, At safepoint: 10843152 ns, Total: 11010847 ns
[2021-05-05T00:59:19.118+0000][8][gc,start    ] GC(8) Pause Young (Normal) (G1 Evacuation Pause)
[2021-05-05T00:59:19.118+0000][8][gc,task     ] GC(8) Using 6 workers of 8 for evacuation
[2021-05-05T00:59:19.118+0000][8][gc,age      ] GC(8) Desired survivor size 10485760 bytes, new threshold 15 (max threshold 15)
[2021-05-05T00:59:19.130+0000][8][gc,age      ] GC(8) Age table with threshold 15 (max threshold 15)
[2021-05-05T00:59:19.130+0000][8][gc,age      ] GC(8) - age   1:    1020056 bytes,    1020056 total
[2021-05-05T00:59:19.130+0000][8][gc,age      ] GC(8) - age   2:     304960 bytes,    1325016 total
[2021-05-05T00:59:19.130+0000][8][gc,age      ] GC(8) - age   3:    1208752 bytes,    2533768 total
[2021-05-05T00:59:19.130+0000][8][gc,age      ] GC(8) - age   4:    1509728 bytes,    4043496 total
[2021-05-05T00:59:19.130+0000][8][gc,age      ] GC(8) - age   5:    1829320 bytes,    5872816 total
[2021-05-05T00:59:19.130+0000][8][gc,age      ] GC(8) - age   6:    2911776 bytes,    8784592 total
[2021-05-05T00:59:19.130+0000][8][gc,phases   ] GC(8)   Pre Evacuate Collection Set: 0.0ms
[2021-05-05T00:59:19.130+0000][8][gc,phases   ] GC(8)   Merge Heap Roots: 0.0ms
[2021-05-05T00:59:19.130+0000][8][gc,phases   ] GC(8)   Evacuate Collection Set: 11.3ms
[2021-05-05T00:59:19.130+0000][8][gc,phases   ] GC(8)   Post Evacuate Collection Set: 0.4ms
[2021-05-05T00:59:19.130+0000][8][gc,phases   ] GC(8)   Other: 0.2ms
[2021-05-05T00:59:19.130+0000][8][gc,heap     ] GC(8) Eden regions: 35->0(35)
[2021-05-05T00:59:19.130+0000][8][gc,heap     ] GC(8) Survivor regions: 3->3(5)
[2021-05-05T00:59:19.130+0000][8][gc,heap     ] GC(8) Old regions: 2->2
[2021-05-05T00:59:19.130+0000][8][gc,heap     ] GC(8) Archive regions: 2->2
[2021-05-05T00:59:19.130+0000][8][gc,heap     ] GC(8) Humongous regions: 0->0
[2021-05-05T00:59:19.130+0000][8][gc,metaspace] GC(8) Metaspace: 19581K(20864K)->19581K(20864K) NonClass: 17211K(18176K)->17211K(18176K) Class: 2369K(2688K)->2369K(2688K)
[2021-05-05T00:59:19.130+0000][8][gc          ] GC(8) Pause Young (Normal) (G1 Evacuation Pause) 159M->20M(256M) 12.106ms
[2021-05-05T00:59:19.130+0000][8][gc,cpu      ] GC(8) User=0.05s Sys=0.00s Real=0.01s
[2021-05-05T00:59:19.130+0000][8][safepoint   ] Safepoint "G1CollectForAllocation", Time since last: 298421301 ns, Reaching safepoint: 54586 ns, At safepoint: 12179586 ns, Total: 12234172 ns
[2021-05-05T00:59:19.505+0000][8][gc,start    ] GC(9) Pause Young (Normal) (G1 Evacuation Pause)
[2021-05-05T00:59:19.505+0000][8][gc,task     ] GC(9) Using 6 workers of 8 for evacuation
[2021-05-05T00:59:19.505+0000][8][gc,age      ] GC(9) Desired survivor size 10485760 bytes, new threshold 15 (max threshold 15)
[2021-05-05T00:59:19.522+0000][8][gc,age      ] GC(9) Age table with threshold 15 (max threshold 15)
[2021-05-05T00:59:19.523+0000][8][gc,age      ] GC(9) - age   1:     907528 bytes,     907528 total
[2021-05-05T00:59:19.523+0000][8][gc,age      ] GC(9) - age   2:     243648 bytes,    1151176 total
[2021-05-05T00:59:19.523+0000][8][gc,age      ] GC(9) - age   3:     304808 bytes,    1455984 total
[2021-05-05T00:59:19.523+0000][8][gc,age      ] GC(9) - age   4:    1208752 bytes,    2664736 total
[2021-05-05T00:59:19.523+0000][8][gc,age      ] GC(9) - age   5:    1509056 bytes,    4173792 total
[2021-05-05T00:59:19.523+0000][8][gc,age      ] GC(9) - age   6:    1829032 bytes,    6002824 total
[2021-05-05T00:59:19.523+0000][8][gc,age      ] GC(9) - age   7:    2911648 bytes,    8914472 total
[2021-05-05T00:59:19.523+0000][8][gc,phases   ] GC(9)   Pre Evacuate Collection Set: 0.1ms
[2021-05-05T00:59:19.523+0000][8][gc,phases   ] GC(9)   Merge Heap Roots: 0.1ms
[2021-05-05T00:59:19.523+0000][8][gc,phases   ] GC(9)   Evacuate Collection Set: 12.8ms
[2021-05-05T00:59:19.523+0000][8][gc,phases   ] GC(9)   Post Evacuate Collection Set: 4.4ms
[2021-05-05T00:59:19.523+0000][8][gc,phases   ] GC(9)   Other: 0.3ms
[2021-05-05T00:59:19.523+0000][8][gc,heap     ] GC(9) Eden regions: 35->0(35)
[2021-05-05T00:59:19.523+0000][8][gc,heap     ] GC(9) Survivor regions: 3->3(5)
[2021-05-05T00:59:19.523+0000][8][gc,heap     ] GC(9) Old regions: 2->2
[2021-05-05T00:59:19.523+0000][8][gc,heap     ] GC(9) Archive regions: 2->2
[2021-05-05T00:59:19.523+0000][8][gc,heap     ] GC(9) Humongous regions: 0->0
[2021-05-05T00:59:19.523+0000][8][gc,metaspace] GC(9) Metaspace: 19649K(20864K)->19649K(20864K) NonClass: 17266K(18176K)->17266K(18176K) Class: 2382K(2688K)->2382K(2688K)
[2021-05-05T00:59:19.523+0000][8][gc          ] GC(9) Pause Young (Normal) (G1 Evacuation Pause) 160M->20M(256M) 17.787ms
[2021-05-05T00:59:19.523+0000][8][gc,cpu      ] GC(9) User=0.06s Sys=0.00s Real=0.02s
[2021-05-05T00:59:19.523+0000][8][safepoint   ] Safepoint "G1CollectForAllocation", Time since last: 374624913 ns, Reaching safepoint: 333880 ns, At safepoint: 18570221 ns, Total: 18904101 ns
[2021-05-05T00:59:19.800+0000][8][gc,start    ] GC(10) Pause Young (Concurrent Start) (Metadata GC Threshold)
[2021-05-05T00:59:19.800+0000][8][gc,task     ] GC(10) Using 6 workers of 8 for evacuation
[2021-05-05T00:59:19.800+0000][8][gc,age      ] GC(10) Desired survivor size 10485760 bytes, new threshold 15 (max threshold 15)
[2021-05-05T00:59:19.806+0000][8][gc,age      ] GC(10) Age table with threshold 15 (max threshold 15)
[2021-05-05T00:59:19.806+0000][8][gc,age      ] GC(10) - age   1:    1759512 bytes,    1759512 total
[2021-05-05T00:59:19.806+0000][8][gc,age      ] GC(10) - age   2:     412536 bytes,    2172048 total
[2021-05-05T00:59:19.806+0000][8][gc,age      ] GC(10) - age   3:     243584 bytes,    2415632 total
[2021-05-05T00:59:19.806+0000][8][gc,age      ] GC(10) - age   4:     304744 bytes,    2720376 total
[2021-05-05T00:59:19.806+0000][8][gc,age      ] GC(10) - age   5:    1208752 bytes,    3929128 total
[2021-05-05T00:59:19.806+0000][8][gc,age      ] GC(10) - age   6:    1508016 bytes,    5437144 total
[2021-05-05T00:59:19.806+0000][8][gc,age      ] GC(10) - age   7:    1828840 bytes,    7265984 total
[2021-05-05T00:59:19.806+0000][8][gc,age      ] GC(10) - age   8:    2911336 bytes,   10177320 total
[2021-05-05T00:59:19.806+0000][8][gc,phases   ] GC(10)   Pre Evacuate Collection Set: 0.1ms
[2021-05-05T00:59:19.806+0000][8][gc,phases   ] GC(10)   Merge Heap Roots: 0.0ms
[2021-05-05T00:59:19.806+0000][8][gc,phases   ] GC(10)   Evacuate Collection Set: 5.0ms
[2021-05-05T00:59:19.806+0000][8][gc,phases   ] GC(10)   Post Evacuate Collection Set: 0.4ms
[2021-05-05T00:59:19.806+0000][8][gc,phases   ] GC(10)   Other: 0.3ms
[2021-05-05T00:59:19.806+0000][8][gc,heap     ] GC(10) Eden regions: 29->0(35)
[2021-05-05T00:59:19.806+0000][8][gc,heap     ] GC(10) Survivor regions: 3->3(5)
[2021-05-05T00:59:19.806+0000][8][gc,heap     ] GC(10) Old regions: 2->2
[2021-05-05T00:59:19.806+0000][8][gc,heap     ] GC(10) Archive regions: 2->2
[2021-05-05T00:59:19.806+0000][8][gc,heap     ] GC(10) Humongous regions: 0->0
[2021-05-05T00:59:19.806+0000][8][gc,metaspace] GC(10) Metaspace: 20066K(21296K)->20066K(21296K) NonClass: 17626K(18608K)->17626K(18608K) Class: 2440K(2688K)->2440K(2688K)
[2021-05-05T00:59:19.806+0000][8][gc          ] GC(10) Pause Young (Concurrent Start) (Metadata GC Threshold) 134M->21M(256M) 5.868ms
[2021-05-05T00:59:19.806+0000][8][gc,cpu      ] GC(10) User=0.03s Sys=0.00s Real=0.00s
[2021-05-05T00:59:19.806+0000][8][gc          ] GC(11) Concurrent Cycle
[2021-05-05T00:59:19.806+0000][8][gc,marking  ] GC(11) Concurrent Clear Claimed Marks
[2021-05-05T00:59:19.806+0000][8][gc,marking  ] GC(11) Concurrent Clear Claimed Marks 0.027ms
[2021-05-05T00:59:19.806+0000][8][gc,marking  ] GC(11) Concurrent Scan Root Regions
[2021-05-05T00:59:19.806+0000][8][safepoint   ] Safepoint "CollectForMetadataAllocation", Time since last: 276424555 ns, Reaching safepoint: 79089 ns, At safepoint: 6057891 ns, Total: 6136980 ns
[2021-05-05T00:59:19.810+0000][8][gc,marking  ] GC(11) Concurrent Scan Root Regions 3.934ms
[2021-05-05T00:59:19.810+0000][8][gc,marking  ] GC(11) Concurrent Mark (6.358s)
[2021-05-05T00:59:19.810+0000][8][gc,marking  ] GC(11) Concurrent Mark From Roots
[2021-05-05T00:59:19.810+0000][8][gc,task     ] GC(11) Using 2 workers of 2 for marking
[2021-05-05T00:59:19.829+0000][8][gc,marking  ] GC(11) Concurrent Mark From Roots 19.550ms
[2021-05-05T00:59:19.829+0000][8][gc,marking  ] GC(11) Concurrent Preclean
[2021-05-05T00:59:19.830+0000][8][gc,marking  ] GC(11) Concurrent Preclean 0.176ms
[2021-05-05T00:59:19.830+0000][8][gc,marking  ] GC(11) Concurrent Mark (6.358s, 6.378s) 19.793ms
[2021-05-05T00:59:19.830+0000][8][gc,start    ] GC(11) Pause Remark
[2021-05-05T00:59:19.833+0000][8][gc          ] GC(11) Pause Remark 35M->35M(256M) 2.962ms
[2021-05-05T00:59:19.833+0000][8][gc,cpu      ] GC(11) User=0.02s Sys=0.00s Real=0.00s
[2021-05-05T00:59:19.833+0000][8][safepoint   ] Safepoint "G1Concurrent", Time since last: 23737679 ns, Reaching safepoint: 119893 ns, At safepoint: 3021342 ns, Total: 3141235 ns
[2021-05-05T00:59:19.834+0000][8][gc,marking  ] GC(11) Concurrent Rebuild Remembered Sets
[2021-05-05T00:59:19.839+0000][8][gc,marking  ] GC(11) Concurrent Rebuild Remembered Sets 5.426ms
[2021-05-05T00:59:19.840+0000][8][gc,start    ] GC(11) Pause Cleanup
[2021-05-05T00:59:19.840+0000][8][gc          ] GC(11) Pause Cleanup 41M->41M(256M) 0.071ms
[2021-05-05T00:59:19.840+0000][8][gc,cpu      ] GC(11) User=0.00s Sys=0.00s Real=0.00s
[2021-05-05T00:59:19.840+0000][8][safepoint   ] Safepoint "G1Concurrent", Time since last: 6373192 ns, Reaching safepoint: 462272 ns, At safepoint: 110388 ns, Total: 572660 ns
[2021-05-05T00:59:19.840+0000][8][gc,marking  ] GC(11) Concurrent Cleanup for Next Mark
[2021-05-05T00:59:19.840+0000][8][gc,marking  ] GC(11) Concurrent Cleanup for Next Mark 0.149ms
[2021-05-05T00:59:19.840+0000][8][gc          ] GC(11) Concurrent Cycle 34.152ms
[2021-05-05T00:59:20.048+0000][8][gc,start    ] GC(12) Pause Young (Normal) (G1 Evacuation Pause)
[2021-05-05T00:59:20.048+0000][8][gc,task     ] GC(12) Using 6 workers of 8 for evacuation
[2021-05-05T00:59:20.048+0000][8][gc,age      ] GC(12) Desired survivor size 10485760 bytes, new threshold 15 (max threshold 15)
[2021-05-05T00:59:20.056+0000][8][gc,age      ] GC(12) Age table with threshold 15 (max threshold 15)
[2021-05-05T00:59:20.056+0000][8][gc,age      ] GC(12) - age   1:    2075080 bytes,    2075080 total
[2021-05-05T00:59:20.057+0000][8][gc,age      ] GC(12) - age   2:    1714000 bytes,    3789080 total
[2021-05-05T00:59:20.057+0000][8][gc,age      ] GC(12) - age   3:     411544 bytes,    4200624 total
[2021-05-05T00:59:20.057+0000][8][gc,age      ] GC(12) - age   4:     243584 bytes,    4444208 total
[2021-05-05T00:59:20.057+0000][8][gc,age      ] GC(12) - age   5:     304744 bytes,    4748952 total
[2021-05-05T00:59:20.057+0000][8][gc,age      ] GC(12) - age   6:    1208752 bytes,    5957704 total
[2021-05-05T00:59:20.057+0000][8][gc,age      ] GC(12) - age   7:    1508016 bytes,    7465720 total
[2021-05-05T00:59:20.057+0000][8][gc,age      ] GC(12) - age   8:    1828840 bytes,    9294560 total
[2021-05-05T00:59:20.057+0000][8][gc,age      ] GC(12) - age   9:    2911336 bytes,   12205896 total
[2021-05-05T00:59:20.057+0000][8][gc,phases   ] GC(12)   Pre Evacuate Collection Set: 0.0ms
[2021-05-05T00:59:20.057+0000][8][gc,phases   ] GC(12)   Merge Heap Roots: 0.0ms
[2021-05-05T00:59:20.057+0000][8][gc,phases   ] GC(12)   Evacuate Collection Set: 7.3ms
[2021-05-05T00:59:20.057+0000][8][gc,phases   ] GC(12)   Post Evacuate Collection Set: 1.1ms
[2021-05-05T00:59:20.057+0000][8][gc,phases   ] GC(12)   Other: 0.3ms
[2021-05-05T00:59:20.057+0000][8][gc,heap     ] GC(12) Eden regions: 35->0(34)
[2021-05-05T00:59:20.057+0000][8][gc,heap     ] GC(12) Survivor regions: 3->4(5)
[2021-05-05T00:59:20.057+0000][8][gc,heap     ] GC(12) Old regions: 2->2
[2021-05-05T00:59:20.057+0000][8][gc,heap     ] GC(12) Archive regions: 2->2
[2021-05-05T00:59:20.057+0000][8][gc,heap     ] GC(12) Humongous regions: 0->0
[2021-05-05T00:59:20.057+0000][8][gc,metaspace] GC(12) Metaspace: 20190K(21552K)->20190K(21552K) NonClass: 17727K(18864K)->17727K(18864K) Class: 2463K(2688K)->2463K(2688K)
[2021-05-05T00:59:20.057+0000][8][gc          ] GC(12) Pause Young (Normal) (G1 Evacuation Pause) 161M->23M(256M) 8.832ms
[2021-05-05T00:59:20.057+0000][8][gc,cpu      ] GC(12) User=0.03s Sys=0.00s Real=0.01s
[2021-05-05T00:59:20.057+0000][8][safepoint   ] Safepoint "G1CollectForAllocation", Time since last: 207931237 ns, Reaching safepoint: 145185 ns, At safepoint: 8915516 ns, Total: 9060701 ns
[2021-05-05T00:59:20.277+0000][8][gc,start    ] GC(13) Pause Young (Normal) (G1 Evacuation Pause)
[2021-05-05T00:59:20.277+0000][8][gc,task     ] GC(13) Using 6 workers of 8 for evacuation
[2021-05-05T00:59:20.277+0000][8][gc,age      ] GC(13) Desired survivor size 10485760 bytes, new threshold 9 (max threshold 15)
[2021-05-05T00:59:20.286+0000][8][gc,age      ] GC(13) Age table with threshold 9 (max threshold 15)
[2021-05-05T00:59:20.286+0000][8][gc,age      ] GC(13) - age   1:     551992 bytes,     551992 total
[2021-05-05T00:59:20.286+0000][8][gc,age      ] GC(13) - age   2:     513216 bytes,    1065208 total
[2021-05-05T00:59:20.286+0000][8][gc,age      ] GC(13) - age   3:    1714000 bytes,    2779208 total
[2021-05-05T00:59:20.286+0000][8][gc,age      ] GC(13) - age   4:     411328 bytes,    3190536 total
[2021-05-05T00:59:20.286+0000][8][gc,age      ] GC(13) - age   5:     243584 bytes,    3434120 total
[2021-05-05T00:59:20.286+0000][8][gc,age      ] GC(13) - age   6:     304200 bytes,    3738320 total
[2021-05-05T00:59:20.286+0000][8][gc,age      ] GC(13) - age   7:    1208752 bytes,    4947072 total
[2021-05-05T00:59:20.286+0000][8][gc,age      ] GC(13) - age   8:    1508016 bytes,    6455088 total
[2021-05-05T00:59:20.286+0000][8][gc,age      ] GC(13) - age   9:    1828840 bytes,    8283928 total
[2021-05-05T00:59:20.286+0000][8][gc,phases   ] GC(13)   Pre Evacuate Collection Set: 0.1ms
[2021-05-05T00:59:20.286+0000][8][gc,phases   ] GC(13)   Merge Heap Roots: 0.1ms
[2021-05-05T00:59:20.286+0000][8][gc,phases   ] GC(13)   Evacuate Collection Set: 7.7ms
[2021-05-05T00:59:20.286+0000][8][gc,phases   ] GC(13)   Post Evacuate Collection Set: 0.4ms
[2021-05-05T00:59:20.286+0000][8][gc,phases   ] GC(13)   Other: 0.2ms
[2021-05-05T00:59:20.286+0000][8][gc,heap     ] GC(13) Eden regions: 34->0(35)
[2021-05-05T00:59:20.286+0000][8][gc,heap     ] GC(13) Survivor regions: 4->3(5)
[2021-05-05T00:59:20.286+0000][8][gc,heap     ] GC(13) Old regions: 2->3
[2021-05-05T00:59:20.286+0000][8][gc,heap     ] GC(13) Archive regions: 2->2
[2021-05-05T00:59:20.286+0000][8][gc,heap     ] GC(13) Humongous regions: 0->0
[2021-05-05T00:59:20.286+0000][8][gc,metaspace] GC(13) Metaspace: 20225K(21680K)->20225K(21680K) NonClass: 17753K(18864K)->17753K(18864K) Class: 2472K(2816K)->2472K(2816K)
[2021-05-05T00:59:20.286+0000][8][gc          ] GC(13) Pause Young (Normal) (G1 Evacuation Pause) 159M->22M(256M) 8.481ms
[2021-05-05T00:59:20.286+0000][8][gc,cpu      ] GC(13) User=0.04s Sys=0.00s Real=0.00s
[2021-05-05T00:59:20.286+0000][8][safepoint   ] Safepoint "G1CollectForAllocation", Time since last: 220331739 ns, Reaching safepoint: 105706 ns, At safepoint: 8551402 ns, Total: 8657108 ns
[2021-05-05T00:59:20.939+0000][8][safepoint   ] Safepoint "ICBufferFull", Time since last: 652488409 ns, Reaching safepoint: 238915 ns, At safepoint: 11444 ns, Total: 250359 ns
[2021-05-05T00:59:21.859+0000][8][safepoint   ] Safepoint "ICBufferFull", Time since last: 920137150 ns, Reaching safepoint: 420493 ns, At safepoint: 6800 ns, Total: 427293 ns
[2021-05-05T00:59:22.145+0000][8][gc,start    ] GC(14) Pause Young (Normal) (G1 Evacuation Pause)
[2021-05-05T00:59:22.145+0000][8][gc,task     ] GC(14) Using 6 workers of 8 for evacuation
[2021-05-05T00:59:22.145+0000][8][gc,age      ] GC(14) Desired survivor size 10485760 bytes, new threshold 15 (max threshold 15)
[2021-05-05T00:59:22.175+0000][8][gc,age      ] GC(14) Age table with threshold 15 (max threshold 15)
[2021-05-05T00:59:22.175+0000][8][gc,age      ] GC(14) - age   1:    9316432 bytes,    9316432 total
[2021-05-05T00:59:22.175+0000][8][gc,age      ] GC(14) - age   2:     300272 bytes,    9616704 total
[2021-05-05T00:59:22.175+0000][8][gc,age      ] GC(14) - age   3:     512616 bytes,   10129320 total
[2021-05-05T00:59:22.175+0000][8][gc,age      ] GC(14) - age   4:    1709704 bytes,   11839024 total
[2021-05-05T00:59:22.175+0000][8][gc,age      ] GC(14) - age   5:     410768 bytes,   12249792 total
[2021-05-05T00:59:22.175+0000][8][gc,age      ] GC(14) - age   6:     243152 bytes,   12492944 total
[2021-05-05T00:59:22.175+0000][8][gc,age      ] GC(14) - age   7:     297024 bytes,   12789968 total
[2021-05-05T00:59:22.175+0000][8][gc,age      ] GC(14) - age   8:    1205904 bytes,   13995872 total
[2021-05-05T00:59:22.175+0000][8][gc,age      ] GC(14) - age   9:    1504352 bytes,   15500224 total
[2021-05-05T00:59:22.175+0000][8][gc,age      ] GC(14) - age  10:    1823304 bytes,   17323528 total
[2021-05-05T00:59:22.175+0000][8][gc,phases   ] GC(14)   Pre Evacuate Collection Set: 0.1ms
[2021-05-05T00:59:22.175+0000][8][gc,phases   ] GC(14)   Merge Heap Roots: 0.1ms
[2021-05-05T00:59:22.175+0000][8][gc,phases   ] GC(14)   Evacuate Collection Set: 27.7ms
[2021-05-05T00:59:22.175+0000][8][gc,phases   ] GC(14)   Post Evacuate Collection Set: 2.0ms
[2021-05-05T00:59:22.175+0000][8][gc,phases   ] GC(14)   Other: 0.3ms
[2021-05-05T00:59:22.175+0000][8][gc,heap     ] GC(14) Eden regions: 35->0(33)
[2021-05-05T00:59:22.175+0000][8][gc,heap     ] GC(14) Survivor regions: 3->5(5)
[2021-05-05T00:59:22.175+0000][8][gc,heap     ] GC(14) Old regions: 3->3
[2021-05-05T00:59:22.175+0000][8][gc,heap     ] GC(14) Archive regions: 2->2
[2021-05-05T00:59:22.175+0000][8][gc,heap     ] GC(14) Humongous regions: 0->0
[2021-05-05T00:59:22.175+0000][8][gc,metaspace] GC(14) Metaspace: 29946K(31920K)->29946K(31920K) NonClass: 26207K(27568K)->26207K(27568K) Class: 3739K(4352K)->3739K(4352K)
[2021-05-05T00:59:22.175+0000][8][gc          ] GC(14) Pause Young (Normal) (G1 Evacuation Pause) 162M->30M(256M) 30.226ms
[2021-05-05T00:59:22.175+0000][8][gc,cpu      ] GC(14) User=0.12s Sys=0.00s Real=0.03s
[2021-05-05T00:59:22.175+0000][8][safepoint   ] Safepoint "G1CollectForAllocation", Time since last: 285682563 ns, Reaching safepoint: 112197 ns, At safepoint: 30305457 ns, Total: 30417654 ns
[2021-05-05T00:59:23.176+0000][8][safepoint   ] Safepoint "Cleanup", Time since last: 1000443491 ns, Reaching safepoint: 195933 ns, At safepoint: 12651 ns, Total: 208584 ns
[2021-05-05T00:59:23.586+0000][8][gc,start    ] GC(15) Pause Young (Normal) (G1 Evacuation Pause)
[2021-05-05T00:59:23.586+0000][8][gc,task     ] GC(15) Using 6 workers of 8 for evacuation
[2021-05-05T00:59:23.586+0000][8][gc,age      ] GC(15) Desired survivor size 10485760 bytes, new threshold 4 (max threshold 15)
[2021-05-05T00:59:23.617+0000][8][gc,age      ] GC(15) Age table with threshold 4 (max threshold 15)
[2021-05-05T00:59:23.617+0000][8][gc,age      ] GC(15) - age   1:   14156080 bytes,   14156080 total
[2021-05-05T00:59:23.617+0000][8][gc,age      ] GC(15) - age   2:    6000208 bytes,   20156288 total
[2021-05-05T00:59:23.617+0000][8][gc,age      ] GC(15) - age   3:     298272 bytes,   20454560 total
[2021-05-05T00:59:23.617+0000][8][gc,age      ] GC(15) - age   4:     512616 bytes,   20967176 total
[2021-05-05T00:59:23.617+0000][8][gc,phases   ] GC(15)   Pre Evacuate Collection Set: 0.0ms
[2021-05-05T00:59:23.617+0000][8][gc,phases   ] GC(15)   Merge Heap Roots: 0.0ms
[2021-05-05T00:59:23.617+0000][8][gc,phases   ] GC(15)   Evacuate Collection Set: 30.3ms
[2021-05-05T00:59:23.617+0000][8][gc,phases   ] GC(15)   Post Evacuate Collection Set: 0.8ms
[2021-05-05T00:59:23.617+0000][8][gc,phases   ] GC(15)   Other: 0.2ms
[2021-05-05T00:59:23.617+0000][8][gc,heap     ] GC(15) Eden regions: 33->0(33)
[2021-05-05T00:59:23.617+0000][8][gc,heap     ] GC(15) Survivor regions: 5->5(5)
[2021-05-05T00:59:23.617+0000][8][gc,heap     ] GC(15) Old regions: 3->6
[2021-05-05T00:59:23.617+0000][8][gc,heap     ] GC(15) Archive regions: 2->2
[2021-05-05T00:59:23.617+0000][8][gc,heap     ] GC(15) Humongous regions: 0->0
[2021-05-05T00:59:23.617+0000][8][gc,metaspace] GC(15) Metaspace: 30015K(32176K)->30015K(32176K) NonClass: 26270K(27824K)->26270K(27824K) Class: 3744K(4352K)->3744K(4352K)
[2021-05-05T00:59:23.617+0000][8][gc          ] GC(15) Pause Young (Normal) (G1 Evacuation Pause) 162M->46M(256M) 31.611ms
[2021-05-05T00:59:23.617+0000][8][gc,cpu      ] GC(15) User=0.15s Sys=0.00s Real=0.04s
[2021-05-05T00:59:23.617+0000][8][safepoint   ] Safepoint "G1CollectForAllocation", Time since last: 409585900 ns, Reaching safepoint: 91308 ns, At safepoint: 31692988 ns, Total: 31784296 ns
[2021-05-05T00:59:24.494+0000][8][gc,start    ] GC(16) Pause Young (Concurrent Start) (Metadata GC Threshold)
[2021-05-05T00:59:24.494+0000][8][gc,task     ] GC(16) Using 6 workers of 8 for evacuation
[2021-05-05T00:59:24.494+0000][8][gc,age      ] GC(16) Desired survivor size 10485760 bytes, new threshold 1 (max threshold 15)
[2021-05-05T00:59:24.525+0000][8][gc,age      ] GC(16) Age table with threshold 1 (max threshold 15)
[2021-05-05T00:59:24.525+0000][8][gc,age      ] GC(16) - age   1:   13192312 bytes,   13192312 total
[2021-05-05T00:59:24.525+0000][8][gc,phases   ] GC(16)   Pre Evacuate Collection Set: 0.1ms
[2021-05-05T00:59:24.525+0000][8][gc,phases   ] GC(16)   Merge Heap Roots: 0.1ms
[2021-05-05T00:59:24.525+0000][8][gc,phases   ] GC(16)   Evacuate Collection Set: 29.5ms
[2021-05-05T00:59:24.525+0000][8][gc,phases   ] GC(16)   Post Evacuate Collection Set: 1.0ms
[2021-05-05T00:59:24.525+0000][8][gc,phases   ] GC(16)   Other: 0.2ms
[2021-05-05T00:59:24.525+0000][8][gc,heap     ] GC(16) Eden regions: 23->0(29)
[2021-05-05T00:59:24.525+0000][8][gc,heap     ] GC(16) Survivor regions: 5->4(5)
[2021-05-05T00:59:24.525+0000][8][gc,heap     ] GC(16) Old regions: 6->11
[2021-05-05T00:59:24.525+0000][8][gc,heap     ] GC(16) Archive regions: 2->2
[2021-05-05T00:59:24.525+0000][8][gc,heap     ] GC(16) Humongous regions: 0->0
[2021-05-05T00:59:24.525+0000][8][gc,metaspace] GC(16) Metaspace: 33744K(35888K)->33744K(35888K) NonClass: 29378K(30896K)->29378K(30896K) Class: 4366K(4992K)->4366K(4992K)
[2021-05-05T00:59:24.525+0000][8][gc          ] GC(16) Pause Young (Concurrent Start) (Metadata GC Threshold) 136M->59M(256M) 31.321ms
[2021-05-05T00:59:24.525+0000][8][gc,cpu      ] GC(16) User=0.18s Sys=0.00s Real=0.03s
[2021-05-05T00:59:24.525+0000][8][gc          ] GC(17) Concurrent Cycle
[2021-05-05T00:59:24.525+0000][8][gc,marking  ] GC(17) Concurrent Clear Claimed Marks
[2021-05-05T00:59:24.525+0000][8][gc,marking  ] GC(17) Concurrent Clear Claimed Marks 0.047ms
[2021-05-05T00:59:24.525+0000][8][gc,marking  ] GC(17) Concurrent Scan Root Regions
[2021-05-05T00:59:24.528+0000][8][safepoint   ] Safepoint "CollectForMetadataAllocation", Time since last: 876472683 ns, Reaching safepoint: 209435 ns, At safepoint: 33730319 ns, Total: 33939754 ns
[2021-05-05T00:59:24.546+0000][8][gc,marking  ] GC(17) Concurrent Scan Root Regions 20.298ms
[2021-05-05T00:59:24.546+0000][8][gc,marking  ] GC(17) Concurrent Mark (11.094s)
[2021-05-05T00:59:24.546+0000][8][gc,marking  ] GC(17) Concurrent Mark From Roots
[2021-05-05T00:59:24.546+0000][8][gc,task     ] GC(17) Using 2 workers of 2 for marking
[2021-05-05T00:59:24.559+0000][8][safepoint   ] Safepoint "CollectForMetadataAllocation", Time since last: 31022881 ns, Reaching safepoint: 133689 ns, At safepoint: 163159 ns, Total: 296848 ns
[2021-05-05T00:59:24.578+0000][8][gc,marking  ] GC(17) Concurrent Mark From Roots 32.092ms
[2021-05-05T00:59:24.578+0000][8][gc,marking  ] GC(17) Concurrent Preclean
[2021-05-05T00:59:24.578+0000][8][gc,marking  ] GC(17) Concurrent Preclean 0.238ms
[2021-05-05T00:59:24.578+0000][8][gc,marking  ] GC(17) Concurrent Mark (11.094s, 11.126s) 32.401ms
[2021-05-05T00:59:24.578+0000][8][gc,start    ] GC(17) Pause Remark
[2021-05-05T00:59:24.582+0000][8][gc          ] GC(17) Pause Remark 61M->61M(256M) 3.667ms
[2021-05-05T00:59:24.582+0000][8][gc,cpu      ] GC(17) User=0.01s Sys=0.00s Real=0.00s
[2021-05-05T00:59:24.582+0000][8][safepoint   ] Safepoint "G1Concurrent", Time since last: 19189092 ns, Reaching safepoint: 121946 ns, At safepoint: 3731026 ns, Total: 3852972 ns
[2021-05-05T00:59:24.582+0000][8][gc,marking  ] GC(17) Concurrent Rebuild Remembered Sets
[2021-05-05T00:59:24.612+0000][8][gc,marking  ] GC(17) Concurrent Rebuild Remembered Sets 30.383ms
[2021-05-05T00:59:24.613+0000][8][gc,start    ] GC(17) Pause Cleanup
[2021-05-05T00:59:24.613+0000][8][gc          ] GC(17) Pause Cleanup 63M->63M(256M) 0.047ms
[2021-05-05T00:59:24.613+0000][8][gc,cpu      ] GC(17) User=0.00s Sys=0.00s Real=0.00s
[2021-05-05T00:59:24.613+0000][8][safepoint   ] Safepoint "G1Concurrent", Time since last: 30452772 ns, Reaching safepoint: 233276 ns, At safepoint: 81736 ns, Total: 315012 ns
[2021-05-05T00:59:24.613+0000][8][gc,marking  ] GC(17) Concurrent Cleanup for Next Mark
[2021-05-05T00:59:24.613+0000][8][gc,marking  ] GC(17) Concurrent Cleanup for Next Mark 0.146ms
[2021-05-05T00:59:24.613+0000][8][gc          ] GC(17) Concurrent Cycle 87.660ms
[2021-05-05T00:59:24.941+0000][8][gc,start    ] GC(18) Pause Young (Concurrent Start) (G1 Evacuation Pause)
[2021-05-05T00:59:24.941+0000][8][gc,task     ] GC(18) Using 6 workers of 8 for evacuation
[2021-05-05T00:59:24.941+0000][8][gc,age      ] GC(18) Desired survivor size 10485760 bytes, new threshold 1 (max threshold 15)
[2021-05-05T00:59:24.955+0000][8][gc,age      ] GC(18) Age table with threshold 1 (max threshold 15)
[2021-05-05T00:59:24.955+0000][8][gc,age      ] GC(18) - age   1:    1351208 bytes,    1351208 total
[2021-05-05T00:59:24.956+0000][8][gc,phases   ] GC(18)   Pre Evacuate Collection Set: 0.1ms
[2021-05-05T00:59:24.956+0000][8][gc,phases   ] GC(18)   Merge Heap Roots: 0.1ms
[2021-05-05T00:59:24.956+0000][8][gc,phases   ] GC(18)   Evacuate Collection Set: 14.1ms
[2021-05-05T00:59:24.956+0000][8][gc,phases   ] GC(18)   Post Evacuate Collection Set: 0.3ms
[2021-05-05T00:59:24.956+0000][8][gc,phases   ] GC(18)   Other: 0.2ms
[2021-05-05T00:59:24.956+0000][8][gc,heap     ] GC(18) Eden regions: 29->0(30)
[2021-05-05T00:59:24.956+0000][8][gc,heap     ] GC(18) Survivor regions: 4->1(5)
[2021-05-05T00:59:24.956+0000][8][gc,heap     ] GC(18) Old regions: 11->14
[2021-05-05T00:59:24.956+0000][8][gc,heap     ] GC(18) Archive regions: 2->2
[2021-05-05T00:59:24.956+0000][8][gc,heap     ] GC(18) Humongous regions: 0->0
[2021-05-05T00:59:24.956+0000][8][gc,metaspace] GC(18) Metaspace: 36076K(38448K)->36076K(38448K) NonClass: 31491K(33200K)->31491K(33200K) Class: 4584K(5248K)->4584K(5248K)
[2021-05-05T00:59:24.956+0000][8][gc          ] GC(18) Pause Young (Concurrent Start) (G1 Evacuation Pause) 175M->63M(256M) 14.842ms
[2021-05-05T00:59:24.956+0000][8][gc,cpu      ] GC(18) User=0.08s Sys=0.00s Real=0.02s
[2021-05-05T00:59:24.956+0000][8][gc          ] GC(19) Concurrent Cycle
[2021-05-05T00:59:24.956+0000][8][safepoint   ] Safepoint "G1CollectForAllocation", Time since last: 327869205 ns, Reaching safepoint: 105687 ns, At safepoint: 14928537 ns, Total: 15034224 ns
[2021-05-05T00:59:24.956+0000][8][gc,marking  ] GC(19) Concurrent Clear Claimed Marks
[2021-05-05T00:59:24.956+0000][8][gc,marking  ] GC(19) Concurrent Clear Claimed Marks 0.064ms
[2021-05-05T00:59:24.956+0000][8][gc,marking  ] GC(19) Concurrent Scan Root Regions
[2021-05-05T00:59:24.973+0000][8][gc,marking  ] GC(19) Concurrent Scan Root Regions 17.643ms
[2021-05-05T00:59:24.973+0000][8][gc,marking  ] GC(19) Concurrent Mark (11.522s)
[2021-05-05T00:59:24.973+0000][8][gc,marking  ] GC(19) Concurrent Mark From Roots
[2021-05-05T00:59:24.973+0000][8][gc,task     ] GC(19) Using 2 workers of 2 for marking
[2021-05-05T00:59:25.049+0000][8][gc,marking  ] GC(19) Concurrent Mark From Roots 75.462ms
[2021-05-05T00:59:25.049+0000][8][gc,marking  ] GC(19) Concurrent Preclean
[2021-05-05T00:59:25.049+0000][8][gc,marking  ] GC(19) Concurrent Preclean 0.230ms
[2021-05-05T00:59:25.049+0000][8][gc,marking  ] GC(19) Concurrent Mark (11.522s, 11.597s) 75.755ms
[2021-05-05T00:59:25.049+0000][8][gc,start    ] GC(19) Pause Remark
[2021-05-05T00:59:25.052+0000][8][gc          ] GC(19) Pause Remark 69M->69M(256M) 3.006ms
[2021-05-05T00:59:25.052+0000][8][gc,cpu      ] GC(19) User=0.02s Sys=0.00s Real=0.00s
[2021-05-05T00:59:25.052+0000][8][safepoint   ] Safepoint "G1Concurrent", Time since last: 93571912 ns, Reaching safepoint: 80593 ns, At safepoint: 3077321 ns, Total: 3157914 ns
[2021-05-05T00:59:25.052+0000][8][gc,marking  ] GC(19) Concurrent Rebuild Remembered Sets
[2021-05-05T00:59:25.109+0000][8][gc,marking  ] GC(19) Concurrent Rebuild Remembered Sets 57.031ms
[2021-05-05T00:59:25.110+0000][8][gc,start    ] GC(19) Pause Cleanup
[2021-05-05T00:59:25.110+0000][8][gc          ] GC(19) Pause Cleanup 71M->71M(256M) 0.067ms
[2021-05-05T00:59:25.110+0000][8][gc,cpu      ] GC(19) User=0.00s Sys=0.00s Real=0.00s
[2021-05-05T00:59:25.110+0000][8][safepoint   ] Safepoint "G1Concurrent", Time since last: 57149624 ns, Reaching safepoint: 135668 ns, At safepoint: 108322 ns, Total: 243990 ns
[2021-05-05T00:59:25.110+0000][8][gc,marking  ] GC(19) Concurrent Cleanup for Next Mark
[2021-05-05T00:59:25.110+0000][8][gc,marking  ] GC(19) Concurrent Cleanup for Next Mark 0.170ms
[2021-05-05T00:59:25.110+0000][8][gc          ] GC(19) Concurrent Cycle 154.351ms
[2021-05-05T00:59:26.662+0000][8][safepoint   ] Safepoint "ICBufferFull", Time since last: 1552036738 ns, Reaching safepoint: 167581 ns, At safepoint: 8961 ns, Total: 176542 ns
[2021-05-05T00:59:26.685+0000][8][gc,start    ] GC(20) Pause Young (Normal) (G1 Evacuation Pause)
[2021-05-05T00:59:26.685+0000][8][gc,task     ] GC(20) Using 6 workers of 8 for evacuation
[2021-05-05T00:59:26.685+0000][8][gc,age      ] GC(20) Desired survivor size 8388608 bytes, new threshold 15 (max threshold 15)
[2021-05-05T00:59:26.693+0000][8][gc,age      ] GC(20) Age table with threshold 15 (max threshold 15)
[2021-05-05T00:59:26.693+0000][8][gc,age      ] GC(20) - age   1:    5271440 bytes,    5271440 total
[2021-05-05T00:59:26.693+0000][8][gc,age      ] GC(20) - age   2:    1236304 bytes,    6507744 total
[2021-05-05T00:59:26.693+0000][8][gc,phases   ] GC(20)   Pre Evacuate Collection Set: 0.0ms
[2021-05-05T00:59:26.693+0000][8][gc,phases   ] GC(20)   Merge Heap Roots: 0.1ms
[2021-05-05T00:59:26.693+0000][8][gc,phases   ] GC(20)   Evacuate Collection Set: 7.8ms
[2021-05-05T00:59:26.693+0000][8][gc,phases   ] GC(20)   Post Evacuate Collection Set: 0.7ms
[2021-05-05T00:59:26.693+0000][8][gc,phases   ] GC(20)   Other: 0.2ms
[2021-05-05T00:59:26.693+0000][8][gc,heap     ] GC(20) Eden regions: 30->0(30)
[2021-05-05T00:59:26.693+0000][8][gc,heap     ] GC(20) Survivor regions: 1->2(4)
[2021-05-05T00:59:26.693+0000][8][gc,heap     ] GC(20) Old regions: 14->14
[2021-05-05T00:59:26.693+0000][8][gc,heap     ] GC(20) Archive regions: 2->2
[2021-05-05T00:59:26.693+0000][8][gc,heap     ] GC(20) Humongous regions: 0->0
[2021-05-05T00:59:26.693+0000][8][gc,metaspace] GC(20) Metaspace: 51834K(55088K)->51834K(55088K) NonClass: 44904K(47280K)->44904K(47280K) Class: 6929K(7808K)->6929K(7808K)
[2021-05-05T00:59:26.693+0000][8][gc          ] GC(20) Pause Young (Normal) (G1 Evacuation Pause) 183M->66M(256M) 8.906ms
[2021-05-05T00:59:26.693+0000][8][gc,cpu      ] GC(20) User=0.04s Sys=0.01s Real=0.01s
[2021-05-05T00:59:26.693+0000][8][safepoint   ] Safepoint "G1CollectForAllocation", Time since last: 22418145 ns, Reaching safepoint: 108128 ns, At safepoint: 8969441 ns, Total: 9077569 ns
[2021-05-05T00:59:27.292+0000][8][safepoint   ] Safepoint "ICBufferFull", Time since last: 598426133 ns, Reaching safepoint: 233070 ns, At safepoint: 9544 ns, Total: 242614 ns
[2021-05-05T00:59:26.710+0000][8][safepoint   ] Safepoint "ICBufferFull", Time since last: 664453731 ns, Reaching safepoint: 184647 ns, At safepoint: 8718 ns, Total: 193365 ns
[2021-05-05T00:59:26.963+0000][8][gc,start    ] GC(21) Pause Young (Normal) (G1 Evacuation Pause)
[2021-05-05T00:59:26.963+0000][8][gc,task     ] GC(21) Using 6 workers of 8 for evacuation
[2021-05-05T00:59:26.963+0000][8][gc,age      ] GC(21) Desired survivor size 8388608 bytes, new threshold 15 (max threshold 15)
[2021-05-05T00:59:26.977+0000][8][gc,age      ] GC(21) Age table with threshold 15 (max threshold 15)
[2021-05-05T00:59:26.977+0000][8][gc,age      ] GC(21) - age   1:    5653912 bytes,    5653912 total
[2021-05-05T00:59:26.977+0000][8][gc,age      ] GC(21) - age   2:    5088120 bytes,   10742032 total
[2021-05-05T00:59:26.977+0000][8][gc,age      ] GC(21) - age   3:    1236096 bytes,   11978128 total
[2021-05-05T00:59:26.977+0000][8][gc,phases   ] GC(21)   Pre Evacuate Collection Set: 0.0ms
[2021-05-05T00:59:26.977+0000][8][gc,phases   ] GC(21)   Merge Heap Roots: 0.1ms
[2021-05-05T00:59:26.977+0000][8][gc,phases   ] GC(21)   Evacuate Collection Set: 12.7ms
[2021-05-05T00:59:26.977+0000][8][gc,phases   ] GC(21)   Post Evacuate Collection Set: 1.8ms
[2021-05-05T00:59:26.977+0000][8][gc,phases   ] GC(21)   Other: 0.2ms
[2021-05-05T00:59:26.977+0000][8][gc,heap     ] GC(21) Eden regions: 30->0(29)
[2021-05-05T00:59:26.977+0000][8][gc,heap     ] GC(21) Survivor regions: 2->3(4)
[2021-05-05T00:59:26.977+0000][8][gc,heap     ] GC(21) Old regions: 14->14
[2021-05-05T00:59:26.977+0000][8][gc,heap     ] GC(21) Archive regions: 2->2
[2021-05-05T00:59:26.977+0000][8][gc,heap     ] GC(21) Humongous regions: 0->0
[2021-05-05T00:59:26.977+0000][8][gc,metaspace] GC(21) Metaspace: 59658K(63280K)->59658K(63280K) NonClass: 51810K(54448K)->51810K(54448K) Class: 7848K(8832K)->7848K(8832K)
[2021-05-05T00:59:26.977+0000][8][gc          ] GC(21) Pause Young (Normal) (G1 Evacuation Pause) 186M->71M(256M) 14.841ms
[2021-05-05T00:59:26.977+0000][8][gc,cpu      ] GC(21) User=0.07s Sys=0.00s Real=0.01s
[2021-05-05T00:59:26.977+0000][8][safepoint   ] Safepoint "G1CollectForAllocation", Time since last: 252607180 ns, Reaching safepoint: 89545 ns, At safepoint: 14910776 ns, Total: 15000321 ns
[2021-05-05T00:59:27.085+0000][8][gc,start    ] GC(22) Pause Young (Concurrent Start) (Metadata GC Threshold)
[2021-05-05T00:59:27.085+0000][8][gc,task     ] GC(22) Using 6 workers of 8 for evacuation
[2021-05-05T00:59:27.085+0000][8][gc,age      ] GC(22) Desired survivor size 8388608 bytes, new threshold 2 (max threshold 15)
[2021-05-05T00:59:27.102+0000][8][gc,age      ] GC(22) Age table with threshold 2 (max threshold 15)
[2021-05-05T00:59:27.102+0000][8][gc,age      ] GC(22) - age   1:     202472 bytes,     202472 total
[2021-05-05T00:59:27.102+0000][8][gc,age      ] GC(22) - age   2:    5574432 bytes,    5776904 total
[2021-05-05T00:59:27.102+0000][8][gc,phases   ] GC(22)   Pre Evacuate Collection Set: 0.1ms
[2021-05-05T00:59:27.102+0000][8][gc,phases   ] GC(22)   Merge Heap Roots: 0.1ms
[2021-05-05T00:59:27.102+0000][8][gc,phases   ] GC(22)   Evacuate Collection Set: 16.0ms
[2021-05-05T00:59:27.102+0000][8][gc,phases   ] GC(22)   Post Evacuate Collection Set: 0.8ms
[2021-05-05T00:59:27.102+0000][8][gc,phases   ] GC(22)   Other: 0.2ms
[2021-05-05T00:59:27.102+0000][8][gc,heap     ] GC(22) Eden regions: 3->0(29)
[2021-05-05T00:59:27.102+0000][8][gc,heap     ] GC(22) Survivor regions: 3->2(4)
[2021-05-05T00:59:27.102+0000][8][gc,heap     ] GC(22) Old regions: 14->16
[2021-05-05T00:59:27.102+0000][8][gc,heap     ] GC(22) Archive regions: 2->2
[2021-05-05T00:59:27.102+0000][8][gc,heap     ] GC(22) Humongous regions: 0->0
[2021-05-05T00:59:27.102+0000][8][gc,metaspace] GC(22) Metaspace: 60688K(64080K)->60688K(64080K) NonClass: 52704K(55120K)->52704K(55120K) Class: 7984K(8960K)->7984K(8960K)
[2021-05-05T00:59:27.102+0000][8][gc          ] GC(22) Pause Young (Concurrent Start) (Metadata GC Threshold) 81M->72M(256M) 17.269ms
[2021-05-05T00:59:27.102+0000][8][gc,cpu      ] GC(22) User=0.08s Sys=0.01s Real=0.02s
[2021-05-05T00:59:27.102+0000][8][gc          ] GC(23) Concurrent Cycle
[2021-05-05T00:59:27.102+0000][8][gc,marking  ] GC(23) Concurrent Clear Claimed Marks
[2021-05-05T00:59:27.102+0000][8][gc,marking  ] GC(23) Concurrent Clear Claimed Marks 0.081ms
[2021-05-05T00:59:27.102+0000][8][gc,marking  ] GC(23) Concurrent Scan Root Regions
[2021-05-05T00:59:27.102+0000][8][safepoint   ] Safepoint "CollectForMetadataAllocation", Time since last: 107141865 ns, Reaching safepoint: 224718 ns, At safepoint: 17568373 ns, Total: 17793091 ns
[2021-05-05T00:59:27.111+0000][8][gc,marking  ] GC(23) Concurrent Scan Root Regions 8.359ms
[2021-05-05T00:59:27.111+0000][8][gc,marking  ] GC(23) Concurrent Mark (14.906s)
[2021-05-05T00:59:27.111+0000][8][gc,marking  ] GC(23) Concurrent Mark From Roots
[2021-05-05T00:59:27.111+0000][8][gc,task     ] GC(23) Using 2 workers of 2 for marking
[2021-05-05T00:59:27.133+0000][8][safepoint   ] Safepoint "CollectForMetadataAllocation", Time since last: 29314754 ns, Reaching safepoint: 980735 ns, At safepoint: 170155 ns, Total: 1150890 ns
[2021-05-05T00:59:27.192+0000][8][safepoint   ] Safepoint "CollectForMetadataAllocation", Time since last: 59004340 ns, Reaching safepoint: 122382 ns, At safepoint: 108982 ns, Total: 231364 ns
[2021-05-05T00:59:27.209+0000][8][gc,marking  ] GC(23) Concurrent Mark From Roots 98.706ms
[2021-05-05T00:59:27.209+0000][8][gc,marking  ] GC(23) Concurrent Preclean
[2021-05-05T00:59:27.210+0000][8][gc,marking  ] GC(23) Concurrent Preclean 0.465ms
[2021-05-05T00:59:27.210+0000][8][gc,marking  ] GC(23) Concurrent Mark (14.906s, 15.005s) 99.242ms
[2021-05-05T00:59:27.210+0000][8][gc,start    ] GC(23) Pause Remark
[2021-05-05T00:59:27.214+0000][8][gc          ] GC(23) Pause Remark 80M->80M(256M) 3.565ms
[2021-05-05T00:59:27.214+0000][8][gc,cpu      ] GC(23) User=0.01s Sys=0.00s Real=0.00s
[2021-05-05T00:59:27.214+0000][8][safepoint   ] Safepoint "G1Concurrent", Time since last: 17871126 ns, Reaching safepoint: 155234 ns, At safepoint: 3638809 ns, Total: 3794043 ns
[2021-05-05T00:59:27.214+0000][8][gc,marking  ] GC(23) Concurrent Rebuild Remembered Sets
[2021-05-05T00:59:27.279+0000][8][gc,marking  ] GC(23) Concurrent Rebuild Remembered Sets 65.248ms
[2021-05-05T00:59:27.280+0000][8][gc,start    ] GC(23) Pause Cleanup
[2021-05-05T00:59:27.280+0000][8][gc          ] GC(23) Pause Cleanup 84M->84M(256M) 0.072ms
[2021-05-05T00:59:27.280+0000][8][gc,cpu      ] GC(23) User=0.00s Sys=0.00s Real=0.00s
[2021-05-05T00:59:27.280+0000][8][safepoint   ] Safepoint "G1Concurrent", Time since last: 65327423 ns, Reaching safepoint: 605385 ns, At safepoint: 121091 ns, Total: 726476 ns
[2021-05-05T00:59:27.280+0000][8][gc,marking  ] GC(23) Concurrent Cleanup for Next Mark
[2021-05-05T00:59:27.280+0000][8][gc,marking  ] GC(23) Concurrent Cleanup for Next Mark 0.167ms
[2021-05-05T00:59:27.280+0000][8][gc          ] GC(23) Concurrent Cycle 177.855ms
[2021-05-05T00:59:28.281+0000][8][safepoint   ] Safepoint "Cleanup", Time since last: 1000133547 ns, Reaching safepoint: 874794 ns, At safepoint: 6067 ns, Total: 880861 ns
[2021-05-05T00:59:28.992+0000][8][gc,start    ] GC(24) Pause Young (Concurrent Start) (G1 Evacuation Pause)
[2021-05-05T00:59:28.992+0000][8][gc,task     ] GC(24) Using 6 workers of 8 for evacuation
[2021-05-05T00:59:28.992+0000][8][gc,age      ] GC(24) Desired survivor size 8388608 bytes, new threshold 15 (max threshold 15)
[2021-05-05T00:59:29.003+0000][8][gc,age      ] GC(24) Age table with threshold 15 (max threshold 15)
[2021-05-05T00:59:29.003+0000][8][gc,age      ] GC(24) - age   1:    5908224 bytes,    5908224 total
[2021-05-05T00:59:29.003+0000][8][gc,age      ] GC(24) - age   2:     197520 bytes,    6105744 total
[2021-05-05T00:59:29.003+0000][8][gc,age      ] GC(24) - age   3:    5539760 bytes,   11645504 total
[2021-05-05T00:59:29.003+0000][8][gc,phases   ] GC(24)   Pre Evacuate Collection Set: 0.1ms
[2021-05-05T00:59:29.003+0000][8][gc,phases   ] GC(24)   Merge Heap Roots: 0.1ms
[2021-05-05T00:59:29.003+0000][8][gc,phases   ] GC(24)   Evacuate Collection Set: 10.1ms
[2021-05-05T00:59:29.003+0000][8][gc,phases   ] GC(24)   Post Evacuate Collection Set: 0.8ms
[2021-05-05T00:59:29.003+0000][8][gc,phases   ] GC(24)   Other: 0.2ms
[2021-05-05T00:59:29.003+0000][8][gc,heap     ] GC(24) Eden regions: 29->0(28)
[2021-05-05T00:59:29.003+0000][8][gc,heap     ] GC(24) Survivor regions: 2->3(4)
[2021-05-05T00:59:29.003+0000][8][gc,heap     ] GC(24) Old regions: 16->16
[2021-05-05T00:59:29.003+0000][8][gc,heap     ] GC(24) Archive regions: 2->2
[2021-05-05T00:59:29.003+0000][8][gc,heap     ] GC(24) Humongous regions: 0->0
[2021-05-05T00:59:29.003+0000][8][gc,metaspace] GC(24) Metaspace: 77356K(81128K)->77356K(81128K) NonClass: 66925K(69608K)->66925K(69608K) Class: 10431K(11520K)->10431K(11520K)
[2021-05-05T00:59:29.003+0000][8][gc          ] GC(24) Pause Young (Concurrent Start) (G1 Evacuation Pause) 188M->77M(256M) 11.296ms
[2021-05-05T00:59:29.003+0000][8][gc,cpu      ] GC(24) User=0.07s Sys=0.00s Real=0.01s
[2021-05-05T00:59:29.003+0000][8][gc          ] GC(25) Concurrent Cycle
[2021-05-05T00:59:29.003+0000][8][safepoint   ] Safepoint "G1CollectForAllocation", Time since last: 711038733 ns, Reaching safepoint: 108194 ns, At safepoint: 11365169 ns, Total: 11473363 ns
[2021-05-05T00:59:29.003+0000][8][gc,marking  ] GC(25) Concurrent Clear Claimed Marks
[2021-05-05T00:59:29.003+0000][8][gc,marking  ] GC(25) Concurrent Clear Claimed Marks 0.073ms
[2021-05-05T00:59:29.003+0000][8][gc,marking  ] GC(25) Concurrent Scan Root Regions
[2021-05-05T00:59:29.014+0000][8][gc,marking  ] GC(25) Concurrent Scan Root Regions 10.617ms
[2021-05-05T00:59:29.014+0000][8][gc,marking  ] GC(25) Concurrent Mark (16.809s)
[2021-05-05T00:59:29.014+0000][8][gc,marking  ] GC(25) Concurrent Mark From Roots
[2021-05-05T00:59:29.014+0000][8][gc,task     ] GC(25) Using 2 workers of 2 for marking
[2021-05-05T00:59:29.116+0000][8][gc,marking  ] GC(25) Concurrent Mark From Roots 102.267ms
[2021-05-05T00:59:29.116+0000][8][gc,marking  ] GC(25) Concurrent Preclean
[2021-05-05T00:59:29.117+0000][8][gc,marking  ] GC(25) Concurrent Preclean 0.227ms
[2021-05-05T00:59:29.117+0000][8][gc,marking  ] GC(25) Concurrent Mark (16.809s, 16.912s) 102.571ms
[2021-05-05T00:59:29.117+0000][8][gc,start    ] GC(25) Pause Remark
[2021-05-05T00:59:29.120+0000][8][gc          ] GC(25) Pause Remark 85M->85M(256M) 3.081ms
[2021-05-05T00:59:29.120+0000][8][gc,cpu      ] GC(25) User=0.01s Sys=0.00s Real=0.00s
[2021-05-05T00:59:29.120+0000][8][safepoint   ] Safepoint "G1Concurrent", Time since last: 113374997 ns, Reaching safepoint: 204671 ns, At safepoint: 3149993 ns, Total: 3354664 ns
[2021-05-05T00:59:29.120+0000][8][gc,marking  ] GC(25) Concurrent Rebuild Remembered Sets
[2021-05-05T00:59:29.184+0000][8][gc,marking  ] GC(25) Concurrent Rebuild Remembered Sets 64.414ms
[2021-05-05T00:59:29.185+0000][8][gc,start    ] GC(25) Pause Cleanup
[2021-05-05T00:59:29.185+0000][8][gc          ] GC(25) Pause Cleanup 89M->89M(256M) 0.066ms
[2021-05-05T00:59:29.185+0000][8][gc,cpu      ] GC(25) User=0.00s Sys=0.00s Real=0.00s
[2021-05-05T00:59:29.185+0000][8][safepoint   ] Safepoint "G1Concurrent", Time since last: 64494432 ns, Reaching safepoint: 264786 ns, At safepoint: 106557 ns, Total: 371343 ns
[2021-05-05T00:59:29.185+0000][8][gc,marking  ] GC(25) Concurrent Cleanup for Next Mark
[2021-05-05T00:59:29.185+0000][8][gc,marking  ] GC(25) Concurrent Cleanup for Next Mark 0.248ms
[2021-05-05T00:59:29.185+0000][8][gc          ] GC(25) Concurrent Cycle 181.901ms
[2021-05-05T00:59:29.781+0000][8][safepoint   ] Safepoint "ICBufferFull", Time since last: 596388191 ns, Reaching safepoint: 154019 ns, At safepoint: 6867 ns, Total: 160886 ns
[2021-05-05T00:59:30.310+0000][8][safepoint   ] Safepoint "ICBufferFull", Time since last: 528432563 ns, Reaching safepoint: 173265 ns, At safepoint: 10316 ns, Total: 183581 ns
[2021-05-05T00:59:30.641+0000][8][gc,start    ] GC(26) Pause Young (Normal) (G1 Evacuation Pause)
[2021-05-05T00:59:30.641+0000][8][gc,task     ] GC(26) Using 6 workers of 8 for evacuation
[2021-05-05T00:59:30.641+0000][8][gc,age      ] GC(26) Desired survivor size 8388608 bytes, new threshold 3 (max threshold 15)
[2021-05-05T00:59:30.654+0000][8][gc,age      ] GC(26) Age table with threshold 3 (max threshold 15)
[2021-05-05T00:59:30.654+0000][8][gc,age      ] GC(26) - age   1:    5292080 bytes,    5292080 total
[2021-05-05T00:59:30.654+0000][8][gc,age      ] GC(26) - age   2:    5715848 bytes,   11007928 total
[2021-05-05T00:59:30.654+0000][8][gc,age      ] GC(26) - age   3:     196656 bytes,   11204584 total
[2021-05-05T00:59:30.654+0000][8][gc,phases   ] GC(26)   Pre Evacuate Collection Set: 0.1ms
[2021-05-05T00:59:30.654+0000][8][gc,phases   ] GC(26)   Merge Heap Roots: 0.1ms
[2021-05-05T00:59:30.654+0000][8][gc,phases   ] GC(26)   Evacuate Collection Set: 12.5ms
[2021-05-05T00:59:30.654+0000][8][gc,phases   ] GC(26)   Post Evacuate Collection Set: 0.6ms
[2021-05-05T00:59:30.654+0000][8][gc,phases   ] GC(26)   Other: 0.2ms
[2021-05-05T00:59:30.654+0000][8][gc,heap     ] GC(26) Eden regions: 28->0(27)
[2021-05-05T00:59:30.654+0000][8][gc,heap     ] GC(26) Survivor regions: 3->3(4)
[2021-05-05T00:59:30.654+0000][8][gc,heap     ] GC(26) Old regions: 16->17
[2021-05-05T00:59:30.654+0000][8][gc,heap     ] GC(26) Archive regions: 2->2
[2021-05-05T00:59:30.654+0000][8][gc,heap     ] GC(26) Humongous regions: 0->0
[2021-05-05T00:59:30.654+0000][8][gc,metaspace] GC(26) Metaspace: 87909K(92392K)->87909K(92392K) NonClass: 76012K(79336K)->76012K(79336K) Class: 11897K(13056K)->11897K(13056K)
[2021-05-05T00:59:30.654+0000][8][gc          ] GC(26) Pause Young (Normal) (G1 Evacuation Pause) 189M->82M(256M) 13.447ms
[2021-05-05T00:59:30.654+0000][8][gc,cpu      ] GC(26) User=0.10s Sys=0.00s Real=0.01s
[2021-05-05T00:59:30.654+0000][8][safepoint   ] Safepoint "G1CollectForAllocation", Time since last: 330513671 ns, Reaching safepoint: 159344 ns, At safepoint: 13536803 ns, Total: 13696147 ns
[2021-05-05T00:59:30.942+0000][8][gc,start    ] GC(27) Pause Young (Concurrent Start) (G1 Humongous Allocation)
[2021-05-05T00:59:30.942+0000][8][gc,task     ] GC(27) Using 6 workers of 8 for evacuation
[2021-05-05T00:59:30.942+0000][8][gc,age      ] GC(27) Desired survivor size 8388608 bytes, new threshold 2 (max threshold 15)
[2021-05-05T00:59:30.955+0000][8][gc,age      ] GC(27) Age table with threshold 2 (max threshold 15)
[2021-05-05T00:59:30.955+0000][8][gc,age      ] GC(27) - age   1:    1033600 bytes,    1033600 total
[2021-05-05T00:59:30.955+0000][8][gc,age      ] GC(27) - age   2:    4492456 bytes,    5526056 total
[2021-05-05T00:59:30.955+0000][8][gc,phases   ] GC(27)   Pre Evacuate Collection Set: 0.1ms
[2021-05-05T00:59:30.955+0000][8][gc,phases   ] GC(27)   Merge Heap Roots: 0.1ms
[2021-05-05T00:59:30.955+0000][8][gc,phases   ] GC(27)   Evacuate Collection Set: 11.3ms
[2021-05-05T00:59:30.955+0000][8][gc,phases   ] GC(27)   Post Evacuate Collection Set: 1.6ms
[2021-05-05T00:59:30.955+0000][8][gc,phases   ] GC(27)   Other: 0.2ms
[2021-05-05T00:59:30.955+0000][8][gc,heap     ] GC(27) Eden regions: 6->0(27)
[2021-05-05T00:59:30.955+0000][8][gc,heap     ] GC(27) Survivor regions: 3->2(4)
[2021-05-05T00:59:30.955+0000][8][gc,heap     ] GC(27) Old regions: 17->19
[2021-05-05T00:59:30.955+0000][8][gc,heap     ] GC(27) Archive regions: 2->2
[2021-05-05T00:59:30.955+0000][8][gc,heap     ] GC(27) Humongous regions: 0->0
[2021-05-05T00:59:30.955+0000][8][gc,metaspace] GC(27) Metaspace: 89323K(93672K)->89323K(93672K) NonClass: 77212K(80360K)->77212K(80360K) Class: 12111K(13312K)->12111K(13312K)
[2021-05-05T00:59:30.955+0000][8][gc          ] GC(27) Pause Young (Concurrent Start) (G1 Humongous Allocation) 104M->83M(256M) 13.473ms
[2021-05-05T00:59:30.955+0000][8][gc,cpu      ] GC(27) User=0.08s Sys=0.00s Real=0.01s
[2021-05-05T00:59:30.955+0000][8][gc          ] GC(28) Concurrent Cycle
[2021-05-05T00:59:30.955+0000][8][gc,marking  ] GC(28) Concurrent Clear Claimed Marks
[2021-05-05T00:59:30.955+0000][8][gc,marking  ] GC(28) Concurrent Clear Claimed Marks 0.065ms
[2021-05-05T00:59:30.955+0000][8][gc,marking  ] GC(28) Concurrent Scan Root Regions
[2021-05-05T00:59:30.957+0000][8][safepoint   ] Safepoint "G1TryInitiateConcMark", Time since last: 287386892 ns, Reaching safepoint: 155946 ns, At safepoint: 14855793 ns, Total: 15011739 ns
[2021-05-05T00:59:30.966+0000][8][gc,marking  ] GC(28) Concurrent Scan Root Regions 10.121ms
[2021-05-05T00:59:30.966+0000][8][gc,marking  ] GC(28) Concurrent Mark (18.761s)
[2021-05-05T00:59:30.966+0000][8][gc,marking  ] GC(28) Concurrent Mark From Roots
[2021-05-05T00:59:30.966+0000][8][gc,task     ] GC(28) Using 2 workers of 2 for marking
[2021-05-05T00:59:31.063+0000][8][gc,marking  ] GC(28) Concurrent Mark From Roots 97.730ms
[2021-05-05T00:59:31.063+0000][8][gc,marking  ] GC(28) Concurrent Preclean
[2021-05-05T00:59:31.064+0000][8][gc,marking  ] GC(28) Concurrent Preclean 0.244ms
[2021-05-05T00:59:31.064+0000][8][gc,marking  ] GC(28) Concurrent Mark (18.761s, 18.859s) 98.050ms
[2021-05-05T00:59:31.064+0000][8][gc,start    ] GC(28) Pause Remark
[2021-05-05T00:59:31.068+0000][8][gc          ] GC(28) Pause Remark 96M->96M(256M) 4.398ms
[2021-05-05T00:59:31.068+0000][8][gc,cpu      ] GC(28) User=0.03s Sys=0.00s Real=0.00s
[2021-05-05T00:59:31.068+0000][8][safepoint   ] Safepoint "G1Concurrent", Time since last: 107047043 ns, Reaching safepoint: 200925 ns, At safepoint: 4484447 ns, Total: 4685372 ns
[2021-05-05T00:59:31.068+0000][8][gc,marking  ] GC(28) Concurrent Rebuild Remembered Sets
[2021-05-05T00:59:31.140+0000][8][gc,marking  ] GC(28) Concurrent Rebuild Remembered Sets 71.967ms
[2021-05-05T00:59:31.141+0000][8][gc,start    ] GC(28) Pause Cleanup
[2021-05-05T00:59:31.141+0000][8][gc          ] GC(28) Pause Cleanup 100M->100M(256M) 0.086ms
[2021-05-05T00:59:31.141+0000][8][gc,cpu      ] GC(28) User=0.00s Sys=0.00s Real=0.00s
[2021-05-05T00:59:31.141+0000][8][safepoint   ] Safepoint "G1Concurrent", Time since last: 72058525 ns, Reaching safepoint: 291515 ns, At safepoint: 145787 ns, Total: 437302 ns
[2021-05-05T00:59:31.141+0000][8][gc,marking  ] GC(28) Concurrent Cleanup for Next Mark
[2021-05-05T00:59:31.141+0000][8][gc,marking  ] GC(28) Concurrent Cleanup for Next Mark 0.197ms
[2021-05-05T00:59:31.141+0000][8][gc          ] GC(28) Concurrent Cycle 185.770ms
[2021-05-05T00:59:31.356+0000][8][safepoint   ] Safepoint "ICBufferFull", Time since last: 215024612 ns, Reaching safepoint: 230331 ns, At safepoint: 18903 ns, Total: 249234 ns
[2021-05-05T00:59:31.727+0000][8][safepoint   ] Safepoint "ICBufferFull", Time since last: 370993476 ns, Reaching safepoint: 185503 ns, At safepoint: 13970 ns, Total: 199473 ns
[2021-05-05T00:59:31.889+0000][8][gc,start    ] GC(29) Pause Young (Normal) (G1 Evacuation Pause)
[2021-05-05T00:59:31.889+0000][8][gc,task     ] GC(29) Using 6 workers of 8 for evacuation
[2021-05-05T00:59:31.889+0000][8][gc,age      ] GC(29) Desired survivor size 8388608 bytes, new threshold 15 (max threshold 15)
[2021-05-05T00:59:31.906+0000][8][gc,age      ] GC(29) Age table with threshold 15 (max threshold 15)
[2021-05-05T00:59:31.906+0000][8][gc,age      ] GC(29) - age   1:    9660112 bytes,    9660112 total
[2021-05-05T00:59:31.906+0000][8][gc,age      ] GC(29) - age   2:     890088 bytes,   10550200 total
[2021-05-05T00:59:31.906+0000][8][gc,age      ] GC(29) - age   3:    4359872 bytes,   14910072 total
[2021-05-05T00:59:31.906+0000][8][gc,phases   ] GC(29)   Pre Evacuate Collection Set: 0.1ms
[2021-05-05T00:59:31.906+0000][8][gc,phases   ] GC(29)   Merge Heap Roots: 0.1ms
[2021-05-05T00:59:31.906+0000][8][gc,phases   ] GC(29)   Evacuate Collection Set: 16.3ms
[2021-05-05T00:59:31.906+0000][8][gc,phases   ] GC(29)   Post Evacuate Collection Set: 1.0ms
[2021-05-05T00:59:31.906+0000][8][gc,phases   ] GC(29)   Other: 0.2ms
[2021-05-05T00:59:31.906+0000][8][gc,heap     ] GC(29) Eden regions: 27->0(23)
[2021-05-05T00:59:31.906+0000][8][gc,heap     ] GC(29) Survivor regions: 2->4(4)
[2021-05-05T00:59:31.906+0000][8][gc,heap     ] GC(29) Old regions: 19->19
[2021-05-05T00:59:31.906+0000][8][gc,heap     ] GC(29) Archive regions: 2->2
[2021-05-05T00:59:31.906+0000][8][gc,heap     ] GC(29) Humongous regions: 2->2
[2021-05-05T00:59:31.906+0000][8][gc,metaspace] GC(29) Metaspace: 94186K(98664K)->94186K(98664K) NonClass: 81385K(84712K)->81385K(84712K) Class: 12801K(13952K)->12801K(13952K)
[2021-05-05T00:59:31.906+0000][8][gc          ] GC(29) Pause Young (Normal) (G1 Evacuation Pause) 199M->100M(256M) 17.825ms
[2021-05-05T00:59:31.906+0000][8][gc,cpu      ] GC(29) User=0.11s Sys=0.00s Real=0.01s
[2021-05-05T00:59:31.907+0000][8][safepoint   ] Safepoint "G1CollectForAllocation", Time since last: 160990442 ns, Reaching safepoint: 238673 ns, At safepoint: 17959993 ns, Total: 18198666 ns
[2021-05-05T00:59:32.321+0000][8][safepoint   ] Safepoint "ICBufferFull", Time since last: 414470695 ns, Reaching safepoint: 266649 ns, At safepoint: 15093 ns, Total: 281742 ns
[2021-05-05T00:59:32.387+0000][8][gc,start    ] GC(30) Pause Young (Concurrent Start) (G1 Evacuation Pause)
[2021-05-05T00:59:32.387+0000][8][gc,task     ] GC(30) Using 6 workers of 8 for evacuation
[2021-05-05T00:59:32.387+0000][8][gc,age      ] GC(30) Desired survivor size 8388608 bytes, new threshold 1 (max threshold 15)
[2021-05-05T00:59:32.408+0000][8][gc,age      ] GC(30) Age table with threshold 1 (max threshold 15)
[2021-05-05T00:59:32.408+0000][8][gc,age      ] GC(30) - age   1:    7613080 bytes,    7613080 total
[2021-05-05T00:59:32.408+0000][8][gc,phases   ] GC(30)   Pre Evacuate Collection Set: 0.1ms
[2021-05-05T00:59:32.408+0000][8][gc,phases   ] GC(30)   Merge Heap Roots: 0.1ms
[2021-05-05T00:59:32.408+0000][8][gc,phases   ] GC(30)   Evacuate Collection Set: 20.1ms
[2021-05-05T00:59:32.408+0000][8][gc,phases   ] GC(30)   Post Evacuate Collection Set: 0.6ms
[2021-05-05T00:59:32.408+0000][8][gc,phases   ] GC(30)   Other: 0.2ms
[2021-05-05T00:59:32.408+0000][8][gc,heap     ] GC(30) Eden regions: 23->0(20)
[2021-05-05T00:59:32.408+0000][8][gc,heap     ] GC(30) Survivor regions: 4->3(4)
[2021-05-05T00:59:32.408+0000][8][gc,heap     ] GC(30) Old regions: 19->22
[2021-05-05T00:59:32.408+0000][8][gc,heap     ] GC(30) Archive regions: 2->2
[2021-05-05T00:59:32.408+0000][8][gc,heap     ] GC(30) Humongous regions: 2->2
[2021-05-05T00:59:32.408+0000][8][gc,metaspace] GC(30) Metaspace: 94793K(99304K)->94793K(99304K) NonClass: 81964K(85224K)->81964K(85224K) Class: 12829K(14080K)->12829K(14080K)
[2021-05-05T00:59:32.408+0000][8][gc          ] GC(30) Pause Young (Concurrent Start) (G1 Evacuation Pause) 192M->108M(256M) 21.233ms
[2021-05-05T00:59:32.408+0000][8][gc,cpu      ] GC(30) User=0.16s Sys=0.00s Real=0.02s
[2021-05-05T00:59:32.408+0000][8][gc          ] GC(31) Concurrent Cycle
[2021-05-05T00:59:32.408+0000][8][gc,marking  ] GC(31) Concurrent Clear Claimed Marks
[2021-05-05T00:59:32.408+0000][8][safepoint   ] Safepoint "G1CollectForAllocation", Time since last: 65582595 ns, Reaching safepoint: 186144 ns, At safepoint: 21320136 ns, Total: 21506280 ns
[2021-05-05T00:59:32.409+0000][8][gc,marking  ] GC(31) Concurrent Clear Claimed Marks 0.077ms
[2021-05-05T00:59:32.409+0000][8][gc,marking  ] GC(31) Concurrent Scan Root Regions
[2021-05-05T00:59:32.424+0000][8][gc,marking  ] GC(31) Concurrent Scan Root Regions 15.067ms
[2021-05-05T00:59:32.424+0000][8][gc,marking  ] GC(31) Concurrent Mark (20.219s)
[2021-05-05T00:59:32.424+0000][8][gc,marking  ] GC(31) Concurrent Mark From Roots
[2021-05-05T00:59:32.424+0000][8][gc,task     ] GC(31) Using 2 workers of 2 for marking
[2021-05-05T00:59:32.526+0000][8][gc,marking  ] GC(31) Concurrent Mark From Roots 102.365ms
[2021-05-05T00:59:32.526+0000][8][gc,marking  ] GC(31) Concurrent Preclean
[2021-05-05T00:59:32.526+0000][8][gc,marking  ] GC(31) Concurrent Preclean 0.273ms
[2021-05-05T00:59:32.526+0000][8][gc,marking  ] GC(31) Concurrent Mark (20.219s, 20.322s) 102.716ms
[2021-05-05T00:59:32.527+0000][8][gc,start    ] GC(31) Pause Remark
[2021-05-05T00:59:32.534+0000][8][gc          ] GC(31) Pause Remark 121M->121M(256M) 7.223ms
[2021-05-05T00:59:32.534+0000][8][gc,cpu      ] GC(31) User=0.04s Sys=0.00s Real=0.01s
[2021-05-05T00:59:32.534+0000][8][safepoint   ] Safepoint "G1Concurrent", Time since last: 117960831 ns, Reaching safepoint: 196571 ns, At safepoint: 7318843 ns, Total: 7515414 ns
[2021-05-05T00:59:32.534+0000][8][gc,marking  ] GC(31) Concurrent Rebuild Remembered Sets
[2021-05-05T00:59:32.622+0000][8][gc,marking  ] GC(31) Concurrent Rebuild Remembered Sets 87.818ms
[2021-05-05T00:59:32.622+0000][8][gc,start    ] GC(31) Pause Cleanup
[2021-05-05T00:59:32.622+0000][8][gc          ] GC(31) Pause Cleanup 131M->131M(256M) 0.080ms
[2021-05-05T00:59:32.622+0000][8][gc,cpu      ] GC(31) User=0.00s Sys=0.00s Real=0.00s
[2021-05-05T00:59:32.622+0000][8][safepoint   ] Safepoint "G1Concurrent", Time since last: 87945270 ns, Reaching safepoint: 230829 ns, At safepoint: 129195 ns, Total: 360024 ns
[2021-05-05T00:59:32.622+0000][8][gc,marking  ] GC(31) Concurrent Cleanup for Next Mark
[2021-05-05T00:59:32.622+0000][8][gc,marking  ] GC(31) Concurrent Cleanup for Next Mark 0.182ms
[2021-05-05T00:59:32.622+0000][8][gc          ] GC(31) Concurrent Cycle 214.040ms
[2021-05-05T00:59:33.263+0000][8][safepoint   ] Safepoint "ICBufferFull", Time since last: 640999084 ns, Reaching safepoint: 237177 ns, At safepoint: 10408 ns, Total: 247585 ns
[2021-05-05T00:59:34.264+0000][8][safepoint   ] Safepoint "Cleanup", Time since last: 1000338250 ns, Reaching safepoint: 230465 ns, At safepoint: 10127 ns, Total: 240592 ns
[2021-05-05T00:59:35.264+0000][8][safepoint   ] Safepoint "Cleanup", Time since last: 1000253547 ns, Reaching safepoint: 113494 ns, At safepoint: 5149 ns, Total: 118643 ns
[2021-05-05T00:59:36.265+0000][8][safepoint   ] Safepoint "Cleanup", Time since last: 1000203400 ns, Reaching safepoint: 271620 ns, At safepoint: 18931 ns, Total: 290551 ns
[2021-05-05T00:59:36.567+0000][8][safepoint   ] Safepoint "ICBufferFull", Time since last: 301751331 ns, Reaching safepoint: 206773 ns, At safepoint: 9333 ns, Total: 216106 ns
[2021-05-05T00:59:37.567+0000][8][safepoint   ] Safepoint "Cleanup", Time since last: 1000194932 ns, Reaching safepoint: 329148 ns, At safepoint: 42766 ns, Total: 371914 ns
[2021-05-05T00:59:38.568+0000][8][safepoint   ] Safepoint "Cleanup", Time since last: 1000254020 ns, Reaching safepoint: 110717 ns, At safepoint: 9818 ns, Total: 120535 ns
[2021-05-05T00:59:40.568+0000][8][safepoint   ] Safepoint "Cleanup", Time since last: 2000181207 ns, Reaching safepoint: 131400 ns, At safepoint: 7372 ns, Total: 138772 ns
[2021-05-05T00:59:41.568+0000][8][safepoint   ] Safepoint "Cleanup", Time since last: 1000099818 ns, Reaching safepoint: 81545 ns, At safepoint: 5906 ns, Total: 87451 ns
[2021-05-05T00:59:42.569+0000][8][safepoint   ] Safepoint "Cleanup", Time since last: 1000136901 ns, Reaching safepoint: 394935 ns, At safepoint: 31164 ns, Total: 426099 ns
[2021-05-05T00:59:43.569+0000][8][safepoint   ] Safepoint "Cleanup", Time since last: 1000233425 ns, Reaching safepoint: 299375 ns, At safepoint: 25966 ns, Total: 325341 ns
[2021-05-05T00:59:45.570+0000][8][safepoint   ] Safepoint "Cleanup", Time since last: 2000233774 ns, Reaching safepoint: 117149 ns, At safepoint: 7094 ns, Total: 124243 ns
[2021-05-05T00:59:46.570+0000][8][safepoint   ] Safepoint "Cleanup", Time since last: 1000186509 ns, Reaching safepoint: 162081 ns, At safepoint: 14422 ns, Total: 176503 ns
[2021-05-05T00:59:47.570+0000][8][safepoint   ] Safepoint "Cleanup", Time since last: 1000177181 ns, Reaching safepoint: 150738 ns, At safepoint: 12348 ns, Total: 163086 ns
[2021-05-05T00:59:50.571+0000][8][safepoint   ] Safepoint "Cleanup", Time since last: 3000396198 ns, Reaching safepoint: 388114 ns, At safepoint: 31730 ns, Total: 419844 ns
[2021-05-05T00:59:51.572+0000][8][safepoint   ] Safepoint "Cleanup", Time since last: 1000186416 ns, Reaching safepoint: 79589 ns, At safepoint: 7661 ns, Total: 87250 ns
[2021-05-05T00:59:52.572+0000][8][safepoint   ] Safepoint "Cleanup", Time since last: 1000193683 ns, Reaching safepoint: 256118 ns, At safepoint: 26530 ns, Total: 282648 ns
[2021-05-05T00:59:53.572+0000][8][safepoint   ] Safepoint "Cleanup", Time since last: 1000153202 ns, Reaching safepoint: 83409 ns, At safepoint: 6007 ns, Total: 89416 ns
[2021-05-05T00:59:54.573+0000][8][safepoint   ] Safepoint "Cleanup", Time since last: 1000130592 ns, Reaching safepoint: 78487 ns, At safepoint: 7002 ns, Total: 85489 ns
[2021-05-05T00:59:55.573+0000][8][safepoint   ] Safepoint "Cleanup", Time since last: 1000220406 ns, Reaching safepoint: 365459 ns, At safepoint: 33061 ns, Total: 398520 ns
[2021-05-05T00:59:56.574+0000][8][safepoint   ] Safepoint "Cleanup", Time since last: 1000188071 ns, Reaching safepoint: 282575 ns, At safepoint: 24071 ns, Total: 306646 ns
[2021-05-05T00:59:57.574+0000][8][safepoint   ] Safepoint "Cleanup", Time since last: 1000188917 ns, Reaching safepoint: 125657 ns, At safepoint: 6353 ns, Total: 132010 ns
[2021-05-05T00:59:59.536+0000][8][gc,start    ] GC(32) Pause Young (Normal) (G1 Evacuation Pause)
[2021-05-05T00:59:59.536+0000][8][gc,task     ] GC(32) Using 6 workers of 8 for evacuation
[2021-05-05T00:59:59.537+0000][8][gc,age      ] GC(32) Desired survivor size 6291456 bytes, new threshold 1 (max threshold 15)
[2021-05-05T00:59:59.563+0000][8][gc,age      ] GC(32) Age table with threshold 1 (max threshold 15)
[2021-05-05T00:59:59.563+0000][8][gc,age      ] GC(32) - age   1:    4140080 bytes,    4140080 total
[2021-05-05T00:59:59.563+0000][8][gc,phases   ] GC(32)   Pre Evacuate Collection Set: 0.2ms
[2021-05-05T00:59:59.563+0000][8][gc,phases   ] GC(32)   Merge Heap Roots: 0.2ms
[2021-05-05T00:59:59.563+0000][8][gc,phases   ] GC(32)   Evacuate Collection Set: 24.9ms
[2021-05-05T00:59:59.563+0000][8][gc,phases   ] GC(32)   Post Evacuate Collection Set: 1.1ms
[2021-05-05T00:59:59.563+0000][8][gc,phases   ] GC(32)   Other: 0.4ms
[2021-05-05T00:59:59.563+0000][8][gc,heap     ] GC(32) Eden regions: 20->0(20)
[2021-05-05T00:59:59.563+0000][8][gc,heap     ] GC(32) Survivor regions: 3->2(3)
[2021-05-05T00:59:59.563+0000][8][gc,heap     ] GC(32) Old regions: 22->24
[2021-05-05T00:59:59.563+0000][8][gc,heap     ] GC(32) Archive regions: 2->2
[2021-05-05T00:59:59.563+0000][8][gc,heap     ] GC(32) Humongous regions: 2->2
[2021-05-05T00:59:59.563+0000][8][gc,metaspace] GC(32) Metaspace: 100030K(104424K)->100030K(104424K) NonClass: 86489K(89576K)->86489K(89576K) Class: 13540K(14848K)->13540K(14848K)
[2021-05-05T00:59:59.563+0000][8][gc          ] GC(32) Pause Young (Normal) (G1 Evacuation Pause) 188M->112M(256M) 26.950ms
[2021-05-05T00:59:59.563+0000][8][gc,cpu      ] GC(32) User=0.15s Sys=0.00s Real=0.03s
[2021-05-05T00:59:59.563+0000][8][safepoint   ] Safepoint "G1CollectForAllocation", Time since last: 1962000631 ns, Reaching safepoint: 313964 ns, At safepoint: 27123948 ns, Total: 27437912 ns
[2021-05-05T01:00:00.564+0000][8][safepoint   ] Safepoint "Cleanup", Time since last: 1000145617 ns, Reaching safepoint: 538784 ns, At safepoint: 47579 ns, Total: 586363 ns
[2021-05-05T01:00:01.564+0000][8][safepoint   ] Safepoint "Cleanup", Time since last: 1000243587 ns, Reaching safepoint: 116344 ns, At safepoint: 9396 ns, Total: 125740 ns
[2021-05-05T01:00:02.565+0000][8][safepoint   ] Safepoint "Cleanup", Time since last: 1000266541 ns, Reaching safepoint: 385405 ns, At safepoint: 51176 ns, Total: 436581 ns
[2021-05-05T01:00:03.566+0000][8][safepoint   ] Safepoint "Cleanup", Time since last: 1000563130 ns, Reaching safepoint: 368092 ns, At safepoint: 36242 ns, Total: 404334 ns
[2021-05-05T01:00:05.567+0000][8][safepoint   ] Safepoint "Cleanup", Time since last: 2000329527 ns, Reaching safepoint: 348354 ns, At safepoint: 37706 ns, Total: 386060 ns
[2021-05-05T01:00:06.567+0000][8][safepoint   ] Safepoint "Cleanup", Time since last: 1000272179 ns, Reaching safepoint: 177386 ns, At safepoint: 5732 ns, Total: 183118 ns
[2021-05-05T01:00:07.568+0000][8][safepoint   ] Safepoint "Cleanup", Time since last: 1000193368 ns, Reaching safepoint: 127130 ns, At safepoint: 7451 ns, Total: 134581 ns
[2021-05-05T01:00:08.568+0000][8][safepoint   ] Safepoint "Cleanup", Time since last: 1000150112 ns, Reaching safepoint: 359551 ns, At safepoint: 33066 ns, Total: 392617 ns
[2021-05-05T01:00:09.568+0000][8][safepoint   ] Safepoint "Cleanup", Time since last: 1000147985 ns, Reaching safepoint: 105100 ns, At safepoint: 10508 ns, Total: 115608 ns
[2021-05-05T01:00:10.569+0000][8][safepoint   ] Safepoint "Cleanup", Time since last: 1000104561 ns, Reaching safepoint: 98063 ns, At safepoint: 10051 ns, Total: 108114 ns
[2021-05-05T01:00:12.569+0000][8][safepoint   ] Safepoint "Cleanup", Time since last: 2000171251 ns, Reaching safepoint: 127770 ns, At safepoint: 8467 ns, Total: 136237 ns
[2021-05-05T01:00:15.570+0000][8][safepoint   ] Safepoint "Cleanup", Time since last: 3000309798 ns, Reaching safepoint: 299198 ns, At safepoint: 36763 ns, Total: 335961 ns
[2021-05-05T01:00:16.570+0000][8][safepoint   ] Safepoint "Cleanup", Time since last: 1000275266 ns, Reaching safepoint: 319884 ns, At safepoint: 31989 ns, Total: 351873 ns
[2021-05-05T01:00:17.571+0000][8][safepoint   ] Safepoint "Cleanup", Time since last: 1000190600 ns, Reaching safepoint: 540121 ns, At safepoint: 26988 ns, Total: 567109 ns
[2021-05-05T01:00:19.572+0000][8][safepoint   ] Safepoint "Cleanup", Time since last: 2000313991 ns, Reaching safepoint: 273870 ns, At safepoint: 35780 ns, Total: 309650 ns
[2021-05-05T01:00:20.572+0000][8][safepoint   ] Safepoint "Cleanup", Time since last: 1000180226 ns, Reaching safepoint: 120691 ns, At safepoint: 9990 ns, Total: 130681 ns
[2021-05-05T01:00:22.573+0000][8][safepoint   ] Safepoint "Cleanup", Time since last: 2000257638 ns, Reaching safepoint: 264965 ns, At safepoint: 27808 ns, Total: 292773 ns
[2021-05-05T01:00:23.573+0000][8][safepoint   ] Safepoint "Cleanup", Time since last: 1000224525 ns, Reaching safepoint: 144977 ns, At safepoint: 11359 ns, Total: 156336 ns
[2021-05-05T01:00:25.574+0000][8][safepoint   ] Safepoint "Cleanup", Time since last: 2000356698 ns, Reaching safepoint: 466880 ns, At safepoint: 32763 ns, Total: 499643 ns
[2021-05-05T01:00:27.574+0000][8][safepoint   ] Safepoint "Cleanup", Time since last: 2000366008 ns, Reaching safepoint: 252609 ns, At safepoint: 24012 ns, Total: 276621 ns
[2021-05-05T01:00:28.575+0000][8][safepoint   ] Safepoint "Cleanup", Time since last: 1000257095 ns, Reaching safepoint: 251224 ns, At safepoint: 24878 ns, Total: 276102 ns
[2021-05-05T01:00:29.576+0000][8][safepoint   ] Safepoint "Cleanup", Time since last: 1000260756 ns, Reaching safepoint: 368135 ns, At safepoint: 32250 ns, Total: 400385 ns
[2021-05-05T01:00:30.576+0000][8][safepoint   ] Safepoint "Cleanup", Time since last: 1000262029 ns, Reaching safepoint: 417780 ns, At safepoint: 56553 ns, Total: 474333 ns
[2021-05-05T01:00:31.577+0000][8][safepoint   ] Safepoint "Cleanup", Time since last: 1000247678 ns, Reaching safepoint: 347654 ns, At safepoint: 36447 ns, Total: 384101 ns
[2021-05-05T01:00:32.578+0000][8][safepoint   ] Safepoint "Cleanup", Time since last: 1000533415 ns, Reaching safepoint: 311586 ns, At safepoint: 38654 ns, Total: 350240 ns
[2021-05-05T01:00:33.579+0000][8][safepoint   ] Safepoint "Cleanup", Time since last: 1000635603 ns, Reaching safepoint: 383446 ns, At safepoint: 35358 ns, Total: 418804 ns
[2021-05-05T01:00:35.580+0000][8][safepoint   ] Safepoint "Cleanup", Time since last: 2000419799 ns, Reaching safepoint: 286179 ns, At safepoint: 29013 ns, Total: 315192 ns
[2021-05-05T01:00:36.580+0000][8][safepoint   ] Safepoint "Cleanup", Time since last: 1000160642 ns, Reaching safepoint: 105123 ns, At safepoint: 7329 ns, Total: 112452 ns
[2021-05-05T01:00:37.580+0000][8][safepoint   ] Safepoint "Cleanup", Time since last: 1000197092 ns, Reaching safepoint: 88312 ns, At safepoint: 8536 ns, Total: 96848 ns
[2021-05-05T01:00:38.581+0000][8][safepoint   ] Safepoint "Cleanup", Time since last: 1000171944 ns, Reaching safepoint: 378200 ns, At safepoint: 33905 ns, Total: 412105 ns
[2021-05-05T01:00:39.581+0000][8][safepoint   ] Safepoint "Cleanup", Time since last: 1000245638 ns, Reaching safepoint: 287154 ns, At safepoint: 25746 ns, Total: 312900 ns
[2021-05-05T01:00:42.582+0000][8][safepoint   ] Safepoint "Cleanup", Time since last: 3000392655 ns, Reaching safepoint: 184449 ns, At safepoint: 20173 ns, Total: 204622 ns
[2021-05-05T01:00:45.583+0000][8][safepoint   ] Safepoint "Cleanup", Time since last: 3000484898 ns, Reaching safepoint: 343285 ns, At safepoint: 35292 ns, Total: 378577 ns
[2021-05-05T01:00:47.584+0000][8][safepoint   ] Safepoint "Cleanup", Time since last: 2000332207 ns, Reaching safepoint: 360668 ns, At safepoint: 25448 ns, Total: 386116 ns
[2021-05-05T01:00:48.584+0000][8][safepoint   ] Safepoint "Cleanup", Time since last: 1000262202 ns, Reaching safepoint: 283731 ns, At safepoint: 27603 ns, Total: 311334 ns
[2021-05-05T01:00:50.585+0000][8][safepoint   ] Safepoint "Cleanup", Time since last: 2000381498 ns, Reaching safepoint: 344414 ns, At safepoint: 29267 ns, Total: 373681 ns
[2021-05-05T01:00:52.585+0000][8][safepoint   ] Safepoint "Cleanup", Time since last: 2000334598 ns, Reaching safepoint: 256841 ns, At safepoint: 24643 ns, Total: 281484 ns
[2021-05-05T01:00:53.586+0000][8][safepoint   ] Safepoint "Cleanup", Time since last: 1000202483 ns, Reaching safepoint: 295879 ns, At safepoint: 24183 ns, Total: 320062 ns
[2021-05-05T01:00:55.587+0000][8][safepoint   ] Safepoint "Cleanup", Time since last: 2000396293 ns, Reaching safepoint: 325728 ns, At safepoint: 33132 ns, Total: 358860 ns
[2021-05-05T01:00:57.587+0000][8][safepoint   ] Safepoint "Cleanup", Time since last: 2000344962 ns, Reaching safepoint: 369858 ns, At safepoint: 13351 ns, Total: 383209 ns
[2021-05-05T01:00:59.588+0000][8][safepoint   ] Safepoint "Cleanup", Time since last: 2000360469 ns, Reaching safepoint: 101873 ns, At safepoint: 4965 ns, Total: 106838 ns
[2021-05-05T01:01:00.588+0000][8][safepoint   ] Safepoint "Cleanup", Time since last: 1000159644 ns, Reaching safepoint: 97906 ns, At safepoint: 6261 ns, Total: 104167 ns
[2021-05-05T01:01:01.589+0000][8][safepoint   ] Safepoint "Cleanup", Time since last: 1000130882 ns, Reaching safepoint: 236551 ns, At safepoint: 16352 ns, Total: 252903 ns
[2021-05-05T01:01:02.590+0000][8][safepoint   ] Safepoint "Cleanup", Time since last: 1000616952 ns, Reaching safepoint: 336610 ns, At safepoint: 24199 ns, Total: 360809 ns
[2021-05-05T01:01:03.590+0000][8][safepoint   ] Safepoint "Cleanup", Time since last: 1000459896 ns, Reaching safepoint: 267456 ns, At safepoint: 22475 ns, Total: 289931 ns
[2021-05-05T01:01:04.591+0000][8][safepoint   ] Safepoint "Cleanup", Time since last: 1000426530 ns, Reaching safepoint: 315617 ns, At safepoint: 33178 ns, Total: 348795 ns
[2021-05-05T01:01:05.592+0000][8][safepoint   ] Safepoint "Cleanup", Time since last: 1000257184 ns, Reaching safepoint: 379858 ns, At safepoint: 31731 ns, Total: 411589 ns
[2021-05-05T01:01:06.592+0000][8][safepoint   ] Safepoint "Cleanup", Time since last: 1000323559 ns, Reaching safepoint: 325026 ns, At safepoint: 21947 ns, Total: 346973 ns
[2021-05-05T01:01:07.593+0000][8][safepoint   ] Safepoint "Cleanup", Time since last: 1000571267 ns, Reaching safepoint: 147204 ns, At safepoint: 7667 ns, Total: 154871 ns
[2021-05-05T01:01:08.593+0000][8][safepoint   ] Safepoint "Cleanup", Time since last: 1000154249 ns, Reaching safepoint: 95314 ns, At safepoint: 9444 ns, Total: 104758 ns
[2021-05-05T01:01:10.594+0000][8][safepoint   ] Safepoint "Cleanup", Time since last: 2000276458 ns, Reaching safepoint: 264962 ns, At safepoint: 22944 ns, Total: 287906 ns
[2021-05-05T01:01:11.595+0000][8][safepoint   ] Safepoint "Cleanup", Time since last: 1000276431 ns, Reaching safepoint: 412430 ns, At safepoint: 41803 ns, Total: 454233 ns
[2021-05-05T01:01:12.595+0000][8][safepoint   ] Safepoint "Cleanup", Time since last: 1000255704 ns, Reaching safepoint: 365505 ns, At safepoint: 30587 ns, Total: 396092 ns
[2021-05-05T01:01:13.596+0000][8][safepoint   ] Safepoint "Cleanup", Time since last: 1000296902 ns, Reaching safepoint: 359899 ns, At safepoint: 44112 ns, Total: 404011 ns
[2021-05-05T01:01:14.597+0000][8][safepoint   ] Safepoint "Cleanup", Time since last: 1000254919 ns, Reaching safepoint: 309074 ns, At safepoint: 66490 ns, Total: 375564 ns
[2021-05-05T01:01:15.597+0000][8][safepoint   ] Safepoint "Cleanup", Time since last: 1000194060 ns, Reaching safepoint: 103069 ns, At safepoint: 8529 ns, Total: 111598 ns
[2021-05-05T01:01:17.598+0000][8][safepoint   ] Safepoint "Cleanup", Time since last: 2000280672 ns, Reaching safepoint: 515888 ns, At safepoint: 58961 ns, Total: 574849 ns
[2021-05-05T01:01:20.599+0000][8][safepoint   ] Safepoint "Cleanup", Time since last: 3000538224 ns, Reaching safepoint: 148845 ns, At safepoint: 14826 ns, Total: 163671 ns
[2021-05-05T01:01:22.599+0000][8][safepoint   ] Safepoint "Cleanup", Time since last: 2000276240 ns, Reaching safepoint: 281649 ns, At safepoint: 33499 ns, Total: 315148 ns
[2021-05-05T01:01:25.600+0000][8][safepoint   ] Safepoint "Cleanup", Time since last: 3000537227 ns, Reaching safepoint: 361173 ns, At safepoint: 35295 ns, Total: 396468 ns
[2021-05-05T01:01:26.601+0000][8][safepoint   ] Safepoint "Cleanup", Time since last: 1000211889 ns, Reaching safepoint: 291100 ns, At safepoint: 19096 ns, Total: 310196 ns
[2021-05-05T01:01:27.601+0000][8][safepoint   ] Safepoint "Cleanup", Time since last: 1000241606 ns, Reaching safepoint: 351627 ns, At safepoint: 33087 ns, Total: 384714 ns
[2021-05-05T01:01:29.602+0000][8][safepoint   ] Safepoint "Cleanup", Time since last: 2000362034 ns, Reaching safepoint: 390189 ns, At safepoint: 33945 ns, Total: 424134 ns
[2021-05-05T01:01:30.603+0000][8][safepoint   ] Safepoint "Cleanup", Time since last: 1000209123 ns, Reaching safepoint: 362029 ns, At safepoint: 40125 ns, Total: 402154 ns
[2021-05-05T01:01:32.604+0000][8][safepoint   ] Safepoint "Cleanup", Time since last: 2000798724 ns, Reaching safepoint: 292376 ns, At safepoint: 28085 ns, Total: 320461 ns
[2021-05-05T01:01:33.605+0000][8][safepoint   ] Safepoint "Cleanup", Time since last: 1000549575 ns, Reaching safepoint: 349028 ns, At safepoint: 79884 ns, Total: 428912 ns
[2021-05-05T01:01:35.605+0000][8][safepoint   ] Safepoint "Cleanup", Time since last: 2000308611 ns, Reaching safepoint: 385997 ns, At safepoint: 40718 ns, Total: 426715 ns
[2021-05-05T01:01:36.606+0000][8][safepoint   ] Safepoint "Cleanup", Time since last: 1000331433 ns, Reaching safepoint: 552514 ns, At safepoint: 26442 ns, Total: 578956 ns
[2021-05-05T01:01:37.607+0000][8][safepoint   ] Safepoint "Cleanup", Time since last: 1000564177 ns, Reaching safepoint: 154145 ns, At safepoint: 9248 ns, Total: 163393 ns
[2021-05-05T01:01:39.608+0000][8][safepoint   ] Safepoint "Cleanup", Time since last: 2000238522 ns, Reaching safepoint: 281528 ns, At safepoint: 25059 ns, Total: 306587 ns
[2021-05-05T01:01:40.608+0000][8][safepoint   ] Safepoint "Cleanup", Time since last: 1000235281 ns, Reaching safepoint: 297840 ns, At safepoint: 30532 ns, Total: 328372 ns
[2021-05-05T01:01:42.609+0000][8][safepoint   ] Safepoint "Cleanup", Time since last: 2000310029 ns, Reaching safepoint: 639700 ns, At safepoint: 32314 ns, Total: 672014 ns
[2021-05-05T01:01:45.610+0000][8][safepoint   ] Safepoint "Cleanup", Time since last: 3000496649 ns, Reaching safepoint: 412853 ns, At safepoint: 32322 ns, Total: 445175 ns
[2021-05-05T01:01:47.611+0000][8][safepoint   ] Safepoint "Cleanup", Time since last: 2000409355 ns, Reaching safepoint: 325698 ns, At safepoint: 36248 ns, Total: 361946 ns
[2021-05-05T01:01:48.611+0000][8][safepoint   ] Safepoint "Cleanup", Time since last: 1000246849 ns, Reaching safepoint: 286024 ns, At safepoint: 27306 ns, Total: 313330 ns
[2021-05-05T01:01:49.612+0000][8][safepoint   ] Safepoint "Cleanup", Time since last: 1000223507 ns, Reaching safepoint: 410924 ns, At safepoint: 47673 ns, Total: 458597 ns
[2021-05-05T01:01:50.613+0000][8][safepoint   ] Safepoint "Cleanup", Time since last: 1000281583 ns, Reaching safepoint: 379653 ns, At safepoint: 32800 ns, Total: 412453 ns
[2021-05-05T01:01:54.734+0000][8][gc,start    ] GC(33) Pause Young (Concurrent Start) (G1 Evacuation Pause)
[2021-05-05T01:01:54.734+0000][8][gc,task     ] GC(33) Using 6 workers of 8 for evacuation
[2021-05-05T01:01:54.734+0000][8][gc,age      ] GC(33) Desired survivor size 6291456 bytes, new threshold 15 (max threshold 15)
[2021-05-05T01:01:54.739+0000][8][gc,age      ] GC(33) Age table with threshold 15 (max threshold 15)
[2021-05-05T01:01:54.739+0000][8][gc,age      ] GC(33) - age   1:    1581376 bytes,    1581376 total
[2021-05-05T01:01:54.739+0000][8][gc,age      ] GC(33) - age   2:    3594288 bytes,    5175664 total
[2021-05-05T01:01:54.739+0000][8][gc,phases   ] GC(33)   Pre Evacuate Collection Set: 0.1ms
[2021-05-05T01:01:54.739+0000][8][gc,phases   ] GC(33)   Merge Heap Roots: 0.1ms
[2021-05-05T01:01:54.739+0000][8][gc,phases   ] GC(33)   Evacuate Collection Set: 3.8ms
[2021-05-05T01:01:54.739+0000][8][gc,phases   ] GC(33)   Post Evacuate Collection Set: 0.6ms
[2021-05-05T01:01:54.739+0000][8][gc,phases   ] GC(33)   Other: 0.2ms
[2021-05-05T01:01:54.739+0000][8][gc,heap     ] GC(33) Eden regions: 20->0(20)
[2021-05-05T01:01:54.739+0000][8][gc,heap     ] GC(33) Survivor regions: 2->2(3)
[2021-05-05T01:01:54.739+0000][8][gc,heap     ] GC(33) Old regions: 24->24
[2021-05-05T01:01:54.739+0000][8][gc,heap     ] GC(33) Archive regions: 2->2
[2021-05-05T01:01:54.739+0000][8][gc,heap     ] GC(33) Humongous regions: 2->2
[2021-05-05T01:01:54.739+0000][8][gc,metaspace] GC(33) Metaspace: 101236K(105704K)->101236K(105704K) NonClass: 87633K(90856K)->87633K(90856K) Class: 13602K(14848K)->13602K(14848K)
[2021-05-05T01:01:54.739+0000][8][gc          ] GC(33) Pause Young (Concurrent Start) (G1 Evacuation Pause) 192M->112M(256M) 4.835ms
[2021-05-05T01:01:54.739+0000][8][gc,cpu      ] GC(33) User=0.02s Sys=0.00s Real=0.00s
[2021-05-05T01:01:54.739+0000][8][gc          ] GC(34) Concurrent Cycle
[2021-05-05T01:01:54.739+0000][8][safepoint   ] Safepoint "G1CollectForAllocation", Time since last: 4120947964 ns, Reaching safepoint: 98626 ns, At safepoint: 4926911 ns, Total: 5025537 ns
[2021-05-05T01:01:54.739+0000][8][gc,marking  ] GC(34) Concurrent Clear Claimed Marks
[2021-05-05T01:01:54.739+0000][8][gc,marking  ] GC(34) Concurrent Clear Claimed Marks 0.147ms
[2021-05-05T01:01:54.739+0000][8][gc,marking  ] GC(34) Concurrent Scan Root Regions
[2021-05-05T01:01:54.744+0000][8][gc,marking  ] GC(34) Concurrent Scan Root Regions 5.057ms
[2021-05-05T01:01:54.744+0000][8][gc,marking  ] GC(34) Concurrent Mark (162.539s)
[2021-05-05T01:01:54.744+0000][8][gc,marking  ] GC(34) Concurrent Mark From Roots
[2021-05-05T01:01:54.744+0000][8][gc,task     ] GC(34) Using 2 workers of 2 for marking
[2021-05-05T01:01:54.847+0000][8][gc,marking  ] GC(34) Concurrent Mark From Roots 102.693ms
[2021-05-05T01:01:54.847+0000][8][gc,marking  ] GC(34) Concurrent Preclean
[2021-05-05T01:01:54.848+0000][8][gc,marking  ] GC(34) Concurrent Preclean 0.845ms
[2021-05-05T01:01:54.848+0000][8][gc,marking  ] GC(34) Concurrent Mark (162.539s, 162.643s) 103.605ms
[2021-05-05T01:01:54.848+0000][8][gc,start    ] GC(34) Pause Remark
[2021-05-05T01:01:54.858+0000][8][gc          ] GC(34) Pause Remark 114M->114M(256M) 10.088ms
[2021-05-05T01:01:54.858+0000][8][gc,cpu      ] GC(34) User=0.05s Sys=0.00s Real=0.01s
[2021-05-05T01:01:54.858+0000][8][safepoint   ] Safepoint "G1Concurrent", Time since last: 108939969 ns, Reaching safepoint: 92554 ns, At safepoint: 10186532 ns, Total: 10279086 ns
[2021-05-05T01:01:54.858+0000][8][gc,marking  ] GC(34) Concurrent Rebuild Remembered Sets
[2021-05-05T01:01:54.928+0000][8][gc,marking  ] GC(34) Concurrent Rebuild Remembered Sets 70.107ms
[2021-05-05T01:01:54.928+0000][8][gc,start    ] GC(34) Pause Cleanup
[2021-05-05T01:01:54.929+0000][8][gc          ] GC(34) Pause Cleanup 114M->114M(256M) 0.074ms
[2021-05-05T01:01:54.929+0000][8][gc,cpu      ] GC(34) User=0.00s Sys=0.00s Real=0.00s
[2021-05-05T01:01:54.929+0000][8][safepoint   ] Safepoint "G1Concurrent", Time since last: 70231603 ns, Reaching safepoint: 248243 ns, At safepoint: 117597 ns, Total: 365840 ns
[2021-05-05T01:01:54.929+0000][8][gc,marking  ] GC(34) Concurrent Cleanup for Next Mark
[2021-05-05T01:01:54.929+0000][8][gc,marking  ] GC(34) Concurrent Cleanup for Next Mark 0.227ms
[2021-05-05T01:01:54.929+0000][8][gc          ] GC(34) Concurrent Cycle 190.106ms
[2021-05-05T01:01:55.929+0000][8][safepoint   ] Safepoint "Cleanup", Time since last: 1000053043 ns, Reaching safepoint: 147695 ns, At safepoint: 8865 ns, Total: 156560 ns
[2021-05-05T01:01:56.930+0000][8][safepoint   ] Safepoint "Cleanup", Time since last: 1000160783 ns, Reaching safepoint: 523901 ns, At safepoint: 48094 ns, Total: 571995 ns
[2021-05-05T01:01:57.930+0000][8][safepoint   ] Safepoint "Cleanup", Time since last: 1000277142 ns, Reaching safepoint: 285474 ns, At safepoint: 19336 ns, Total: 304810 ns
[2021-05-05T01:01:59.931+0000][8][safepoint   ] Safepoint "Cleanup", Time since last: 2000615248 ns, Reaching safepoint: 347451 ns, At safepoint: 25485 ns, Total: 372936 ns
[2021-05-05T01:02:00.932+0000][8][safepoint   ] Safepoint "Cleanup", Time since last: 1000245282 ns, Reaching safepoint: 459489 ns, At safepoint: 30658 ns, Total: 490147 ns
[2021-05-05T01:02:01.933+0000][8][safepoint   ] Safepoint "Cleanup", Time since last: 1000286822 ns, Reaching safepoint: 377926 ns, At safepoint: 27850 ns, Total: 405776 ns
[2021-05-05T01:02:02.933+0000][8][safepoint   ] Safepoint "Cleanup", Time since last: 1000330197 ns, Reaching safepoint: 88925 ns, At safepoint: 7820 ns, Total: 96745 ns
[2021-05-05T01:02:03.933+0000][8][safepoint   ] Safepoint "Cleanup", Time since last: 1000111390 ns, Reaching safepoint: 223353 ns, At safepoint: 20161 ns, Total: 243514 ns
[2021-05-05T01:02:04.934+0000][8][safepoint   ] Safepoint "Cleanup", Time since last: 1000230948 ns, Reaching safepoint: 343813 ns, At safepoint: 23177 ns, Total: 366990 ns
[2021-05-05T01:02:05.935+0000][8][safepoint   ] Safepoint "Cleanup", Time since last: 1000199494 ns, Reaching safepoint: 354626 ns, At safepoint: 37501 ns, Total: 392127 ns
[2021-05-05T01:02:06.935+0000][8][safepoint   ] Safepoint "Cleanup", Time since last: 1000140566 ns, Reaching safepoint: 286259 ns, At safepoint: 9727 ns, Total: 295986 ns
[2021-05-05T01:02:07.936+0000][8][safepoint   ] Safepoint "Cleanup", Time since last: 1000272567 ns, Reaching safepoint: 275071 ns, At safepoint: 34857 ns, Total: 309928 ns
[2021-05-05T01:02:08.936+0000][8][safepoint   ] Safepoint "Cleanup", Time since last: 1000266520 ns, Reaching safepoint: 383854 ns, At safepoint: 35000 ns, Total: 418854 ns
[2021-05-05T01:02:10.937+0000][8][safepoint   ] Safepoint "Cleanup", Time since last: 2000584034 ns, Reaching safepoint: 299242 ns, At safepoint: 28428 ns, Total: 327670 ns
[2021-05-05T01:02:14.938+0000][8][safepoint   ] Safepoint "Cleanup", Time since last: 4000617852 ns, Reaching safepoint: 265934 ns, At safepoint: 28949 ns, Total: 294883 ns
[2021-05-05T01:02:15.939+0000][8][safepoint   ] Safepoint "Cleanup", Time since last: 1000261793 ns, Reaching safepoint: 476906 ns, At safepoint: 32794 ns, Total: 509700 ns
[2021-05-05T01:02:17.939+0000][8][safepoint   ] Safepoint "Cleanup", Time since last: 2000281620 ns, Reaching safepoint: 345316 ns, At safepoint: 27106 ns, Total: 372422 ns
[2021-05-05T01:02:18.940+0000][8][safepoint   ] Safepoint "Cleanup", Time since last: 1000212190 ns, Reaching safepoint: 296357 ns, At safepoint: 19517 ns, Total: 315874 ns
[2021-05-05T01:02:19.941+0000][8][safepoint   ] Safepoint "Cleanup", Time since last: 1000281506 ns, Reaching safepoint: 415727 ns, At safepoint: 29329 ns, Total: 445056 ns
[2021-05-05T01:02:20.941+0000][8][safepoint   ] Safepoint "Cleanup", Time since last: 1000205835 ns, Reaching safepoint: 330202 ns, At safepoint: 34414 ns, Total: 364616 ns
[2021-05-05T01:02:21.942+0000][8][safepoint   ] Safepoint "Cleanup", Time since last: 1000169278 ns, Reaching safepoint: 85462 ns, At safepoint: 5312 ns, Total: 90774 ns
[2021-05-05T01:02:24.942+0000][8][safepoint   ] Safepoint "Cleanup", Time since last: 3000360177 ns, Reaching safepoint: 296148 ns, At safepoint: 26546 ns, Total: 322694 ns
[2021-05-05T01:02:25.943+0000][8][safepoint   ] Safepoint "Cleanup", Time since last: 1000270170 ns, Reaching safepoint: 132423 ns, At safepoint: 13587 ns, Total: 146010 ns
[2021-05-05T01:02:26.943+0000][8][safepoint   ] Safepoint "Cleanup", Time since last: 1000163045 ns, Reaching safepoint: 348513 ns, At safepoint: 36033 ns, Total: 384546 ns
[2021-05-05T01:02:27.944+0000][8][safepoint   ] Safepoint "Cleanup", Time since last: 1000229593 ns, Reaching safepoint: 340926 ns, At safepoint: 31574 ns, Total: 372500 ns
[2021-05-05T01:02:29.945+0000][8][safepoint   ] Safepoint "Cleanup", Time since last: 2000641662 ns, Reaching safepoint: 138056 ns, At safepoint: 13475 ns, Total: 151531 ns
[2021-05-05T01:02:30.945+0000][8][safepoint   ] Safepoint "Cleanup", Time since last: 1000198812 ns, Reaching safepoint: 283124 ns, At safepoint: 21017 ns, Total: 304141 ns
[2021-05-05T01:02:31.945+0000][8][safepoint   ] Safepoint "Cleanup", Time since last: 1000195252 ns, Reaching safepoint: 175706 ns, At safepoint: 12745 ns, Total: 188451 ns
[2021-05-05T01:02:32.946+0000][8][safepoint   ] Safepoint "Cleanup", Time since last: 1000145502 ns, Reaching safepoint: 231106 ns, At safepoint: 16113 ns, Total: 247219 ns
[2021-05-05T01:02:33.947+0000][8][safepoint   ] Safepoint "Cleanup", Time since last: 1000229086 ns, Reaching safepoint: 445567 ns, At safepoint: 41048 ns, Total: 486615 ns
[2021-05-05T01:02:34.947+0000][8][safepoint   ] Safepoint "Cleanup", Time since last: 1000214464 ns, Reaching safepoint: 314193 ns, At safepoint: 27338 ns, Total: 341531 ns
[2021-05-05T01:02:36.948+0000][8][safepoint   ] Safepoint "Cleanup", Time since last: 2000329222 ns, Reaching safepoint: 366379 ns, At safepoint: 40161 ns, Total: 406540 ns
[2021-05-05T01:02:37.949+0000][8][safepoint   ] Safepoint "Cleanup", Time since last: 1000508931 ns, Reaching safepoint: 346463 ns, At safepoint: 33231 ns, Total: 379694 ns
[2021-05-05T01:02:38.949+0000][8][safepoint   ] Safepoint "Cleanup", Time since last: 1000215777 ns, Reaching safepoint: 258602 ns, At safepoint: 28912 ns, Total: 287514 ns
[2021-05-05T01:02:39.950+0000][8][safepoint   ] Safepoint "Cleanup", Time since last: 1000275248 ns, Reaching safepoint: 449591 ns, At safepoint: 39875 ns, Total: 489466 ns
[2021-05-05T01:02:40.951+0000][8][safepoint   ] Safepoint "Cleanup", Time since last: 1000248568 ns, Reaching safepoint: 307006 ns, At safepoint: 27011 ns, Total: 334017 ns
[2021-05-05T01:02:41.951+0000][8][safepoint   ] Safepoint "Cleanup", Time since last: 1000206699 ns, Reaching safepoint: 359506 ns, At safepoint: 33903 ns, Total: 393409 ns
[2021-05-05T01:02:42.952+0000][8][safepoint   ] Safepoint "Cleanup", Time since last: 1000203757 ns, Reaching safepoint: 327734 ns, At safepoint: 34129 ns, Total: 361863 ns
[2021-05-05T01:02:44.953+0000][8][safepoint   ] Safepoint "Cleanup", Time since last: 2000383928 ns, Reaching safepoint: 299951 ns, At safepoint: 31513 ns, Total: 331464 ns
[2021-05-05T01:02:54.954+0000][8][safepoint   ] Safepoint "Cleanup", Time since last: 10001388379 ns, Reaching safepoint: 254196 ns, At safepoint: 23893 ns, Total: 278089 ns
[2021-05-05T01:02:55.955+0000][8][safepoint   ] Safepoint "Cleanup", Time since last: 1000257749 ns, Reaching safepoint: 377472 ns, At safepoint: 35672 ns, Total: 413144 ns
[2021-05-05T01:02:56.955+0000][8][safepoint   ] Safepoint "Cleanup", Time since last: 1000200260 ns, Reaching safepoint: 310045 ns, At safepoint: 29660 ns, Total: 339705 ns
[2021-05-05T01:02:59.957+0000][8][safepoint   ] Safepoint "Cleanup", Time since last: 3000858460 ns, Reaching safepoint: 296124 ns, At safepoint: 26759 ns, Total: 322883 ns
[2021-05-05T01:03:00.958+0000][8][safepoint   ] Safepoint "Cleanup", Time since last: 1000253735 ns, Reaching safepoint: 716858 ns, At safepoint: 26587 ns, Total: 743445 ns
[2021-05-05T01:03:01.958+0000][8][safepoint   ] Safepoint "Cleanup", Time since last: 1000241647 ns, Reaching safepoint: 288879 ns, At safepoint: 19354 ns, Total: 308233 ns
[2021-05-05T01:03:03.959+0000][8][safepoint   ] Safepoint "Cleanup", Time since last: 2000265795 ns, Reaching safepoint: 125046 ns, At safepoint: 9881 ns, Total: 134927 ns
[2021-05-05T01:03:04.959+0000][8][safepoint   ] Safepoint "Cleanup", Time since last: 1000171179 ns, Reaching safepoint: 437386 ns, At safepoint: 26261 ns, Total: 463647 ns
[2021-05-05T01:03:06.960+0000][8][safepoint   ] Safepoint "Cleanup", Time since last: 2000469729 ns, Reaching safepoint: 509740 ns, At safepoint: 38027 ns, Total: 547767 ns
[2021-05-05T01:03:08.961+0000][8][safepoint   ] Safepoint "Cleanup", Time since last: 2000859413 ns, Reaching safepoint: 382838 ns, At safepoint: 44452 ns, Total: 427290 ns
[2021-05-05T01:03:09.962+0000][8][safepoint   ] Safepoint "Cleanup", Time since last: 1000312691 ns, Reaching safepoint: 349984 ns, At safepoint: 41702 ns, Total: 391686 ns
[2021-05-05T01:03:14.963+0000][8][safepoint   ] Safepoint "Cleanup", Time since last: 5000806731 ns, Reaching safepoint: 354272 ns, At safepoint: 36414 ns, Total: 390686 ns
[2021-05-05T01:03:18.964+0000][8][safepoint   ] Safepoint "Cleanup", Time since last: 4000557989 ns, Reaching safepoint: 267203 ns, At safepoint: 24383 ns, Total: 291586 ns
[2021-05-05T01:03:19.965+0000][8][safepoint   ] Safepoint "Cleanup", Time since last: 1000460768 ns, Reaching safepoint: 145283 ns, At safepoint: 11545 ns, Total: 156828 ns
[2021-05-05T01:03:21.965+0000][8][safepoint   ] Safepoint "Cleanup", Time since last: 2000286299 ns, Reaching safepoint: 347025 ns, At safepoint: 39119 ns, Total: 386144 ns
[2021-05-05T01:03:23.966+0000][8][safepoint   ] Safepoint "Cleanup", Time since last: 2000306473 ns, Reaching safepoint: 245620 ns, At safepoint: 26781 ns, Total: 272401 ns
[2021-05-05T01:03:24.967+0000][8][safepoint   ] Safepoint "Cleanup", Time since last: 1000198061 ns, Reaching safepoint: 292706 ns, At safepoint: 24364 ns, Total: 317070 ns
[2021-05-05T01:03:27.967+0000][8][safepoint   ] Safepoint "Cleanup", Time since last: 3000528990 ns, Reaching safepoint: 293150 ns, At safepoint: 29178 ns, Total: 322328 ns
[2021-05-05T01:03:29.968+0000][8][safepoint   ] Safepoint "Cleanup", Time since last: 2000391289 ns, Reaching safepoint: 211178 ns, At safepoint: 15138 ns, Total: 226316 ns
[2021-05-05T01:03:30.969+0000][8][safepoint   ] Safepoint "Cleanup", Time since last: 1000241817 ns, Reaching safepoint: 366283 ns, At safepoint: 47841 ns, Total: 414124 ns
[2021-05-05T01:03:31.969+0000][8][safepoint   ] Safepoint "Cleanup", Time since last: 1000251405 ns, Reaching safepoint: 339215 ns, At safepoint: 35697 ns, Total: 374912 ns
[2021-05-05T01:03:32.970+0000][8][safepoint   ] Safepoint "Cleanup", Time since last: 1000244266 ns, Reaching safepoint: 113750 ns, At safepoint: 7061 ns, Total: 120811 ns
[2021-05-05T01:03:33.970+0000][8][safepoint   ] Safepoint "Cleanup", Time since last: 1000139129 ns, Reaching safepoint: 319255 ns, At safepoint: 24268 ns, Total: 343523 ns
[2021-05-05T01:03:34.971+0000][8][safepoint   ] Safepoint "Cleanup", Time since last: 1000644067 ns, Reaching safepoint: 300258 ns, At safepoint: 30731 ns, Total: 330989 ns
[2021-05-05T01:03:36.972+0000][8][safepoint   ] Safepoint "Cleanup", Time since last: 2000410157 ns, Reaching safepoint: 481812 ns, At safepoint: 38857 ns, Total: 520669 ns
[2021-05-05T01:03:37.973+0000][8][safepoint   ] Safepoint "Cleanup", Time since last: 1000623785 ns, Reaching safepoint: 328895 ns, At safepoint: 56620 ns, Total: 385515 ns
[2021-05-05T01:03:39.974+0000][8][safepoint   ] Safepoint "Cleanup", Time since last: 2000361581 ns, Reaching safepoint: 396972 ns, At safepoint: 37923 ns, Total: 434895 ns
[2021-05-05T01:03:41.975+0000][8][safepoint   ] Safepoint "Cleanup", Time since last: 2000374001 ns, Reaching safepoint: 270318 ns, At safepoint: 20344 ns, Total: 290662 ns
[2021-05-05T01:03:44.975+0000][8][safepoint   ] Safepoint "Cleanup", Time since last: 3000541775 ns, Reaching safepoint: 298916 ns, At safepoint: 26262 ns, Total: 325178 ns
[2021-05-05T01:03:45.976+0000][8][safepoint   ] Safepoint "Cleanup", Time since last: 1000201320 ns, Reaching safepoint: 292736 ns, At safepoint: 28413 ns, Total: 321149 ns
[2021-05-05T01:03:49.977+0000][8][safepoint   ] Safepoint "Cleanup", Time since last: 4000670840 ns, Reaching safepoint: 495627 ns, At safepoint: 36758 ns, Total: 532385 ns
[2021-05-05T01:03:50.978+0000][8][safepoint   ] Safepoint "Cleanup", Time since last: 1000203562 ns, Reaching safepoint: 381947 ns, At safepoint: 38449 ns, Total: 420396 ns
[2021-05-05T01:03:54.979+0000][8][safepoint   ] Safepoint "Cleanup", Time since last: 4000604988 ns, Reaching safepoint: 413214 ns, At safepoint: 36203 ns, Total: 449417 ns
[2021-05-05T01:03:56.966+0000][8][gc,start    ] GC(35) Pause Young (Normal) (G1 Evacuation Pause)
[2021-05-05T01:03:56.966+0000][8][gc,task     ] GC(35) Using 6 workers of 8 for evacuation
[2021-05-05T01:03:56.966+0000][8][gc,age      ] GC(35) Desired survivor size 6291456 bytes, new threshold 15 (max threshold 15)
[2021-05-05T01:03:56.990+0000][8][gc,age      ] GC(35) Age table with threshold 15 (max threshold 15)
[2021-05-05T01:03:56.990+0000][8][gc,age      ] GC(35) - age   1:     530128 bytes,     530128 total
[2021-05-05T01:03:56.990+0000][8][gc,age      ] GC(35) - age   2:    1071440 bytes,    1601568 total
[2021-05-05T01:03:56.990+0000][8][gc,age      ] GC(35) - age   3:    3593272 bytes,    5194840 total
[2021-05-05T01:03:56.990+0000][8][gc,phases   ] GC(35)   Pre Evacuate Collection Set: 0.2ms
[2021-05-05T01:03:56.990+0000][8][gc,phases   ] GC(35)   Merge Heap Roots: 0.3ms
[2021-05-05T01:03:56.990+0000][8][gc,phases   ] GC(35)   Evacuate Collection Set: 21.2ms
[2021-05-05T01:03:56.990+0000][8][gc,phases   ] GC(35)   Post Evacuate Collection Set: 2.1ms
[2021-05-05T01:03:56.990+0000][8][gc,phases   ] GC(35)   Other: 0.6ms
[2021-05-05T01:03:56.990+0000][8][gc,heap     ] GC(35) Eden regions: 20->0(21)
[2021-05-05T01:03:56.990+0000][8][gc,heap     ] GC(35) Survivor regions: 2->2(3)
[2021-05-05T01:03:56.990+0000][8][gc,heap     ] GC(35) Old regions: 24->24
[2021-05-05T01:03:56.990+0000][8][gc,heap     ] GC(35) Archive regions: 2->2
[2021-05-05T01:03:56.990+0000][8][gc,heap     ] GC(35) Humongous regions: 2->2
[2021-05-05T01:03:56.990+0000][8][gc,metaspace] GC(35) Metaspace: 101752K(106216K)->101752K(106216K) NonClass: 88167K(91368K)->88167K(91368K) Class: 13585K(14848K)->13585K(14848K)
[2021-05-05T01:03:56.990+0000][8][gc          ] GC(35) Pause Young (Normal) (G1 Evacuation Pause) 192M->112M(256M) 24.573ms
[2021-05-05T01:03:56.990+0000][8][gc,cpu      ] GC(35) User=0.11s Sys=0.00s Real=0.03s
[2021-05-05T01:03:56.990+0000][8][safepoint   ] Safepoint "G1CollectForAllocation", Time since last: 1986457929 ns, Reaching safepoint: 301877 ns, At safepoint: 24812813 ns, Total: 25114690 ns
[2021-05-05T01:03:57.991+0000][8][safepoint   ] Safepoint "Cleanup", Time since last: 1000200581 ns, Reaching safepoint: 274708 ns, At safepoint: 25964 ns, Total: 300672 ns
[2021-05-05T01:03:59.992+0000][8][safepoint   ] Safepoint "Cleanup", Time since last: 2000361646 ns, Reaching safepoint: 299474 ns, At safepoint: 26316 ns, Total: 325790 ns
[2021-05-05T01:04:00.992+0000][8][safepoint   ] Safepoint "Cleanup", Time since last: 1000260738 ns, Reaching safepoint: 376191 ns, At safepoint: 31350 ns, Total: 407541 ns
[2021-05-05T01:04:03.993+0000][8][safepoint   ] Safepoint "Cleanup", Time since last: 3000528893 ns, Reaching safepoint: 265981 ns, At safepoint: 26853 ns, Total: 292834 ns
[2021-05-05T01:04:04.993+0000][8][safepoint   ] Safepoint "Cleanup", Time since last: 1000216528 ns, Reaching safepoint: 174013 ns, At safepoint: 10113 ns, Total: 184126 ns
[2021-05-05T01:04:05.994+0000][8][safepoint   ] Safepoint "Cleanup", Time since last: 1000139584 ns, Reaching safepoint: 415798 ns, At safepoint: 27618 ns, Total: 443416 ns
[2021-05-05T01:04:06.995+0000][8][safepoint   ] Safepoint "Cleanup", Time since last: 1000267489 ns, Reaching safepoint: 325118 ns, At safepoint: 22240 ns, Total: 347358 ns
[2021-05-05T01:04:07.996+0000][8][safepoint   ] Safepoint "Cleanup", Time since last: 1000486425 ns, Reaching safepoint: 475181 ns, At safepoint: 87181 ns, Total: 562362 ns
[2021-05-05T01:04:09.996+0000][8][safepoint   ] Safepoint "Cleanup", Time since last: 2000308655 ns, Reaching safepoint: 232133 ns, At safepoint: 18430 ns, Total: 250563 ns
[2021-05-05T01:04:12.997+0000][8][safepoint   ] Safepoint "Cleanup", Time since last: 3000414020 ns, Reaching safepoint: 302305 ns, At safepoint: 24419 ns, Total: 326724 ns
[2021-05-05T01:04:24.999+0000][8][safepoint   ] Safepoint "Cleanup", Time since last: 12001629431 ns, Reaching safepoint: 378853 ns, At safepoint: 31686 ns, Total: 410539 ns
[2021-05-05T01:04:27.000+0000][8][safepoint   ] Safepoint "Cleanup", Time since last: 2000353684 ns, Reaching safepoint: 311391 ns, At safepoint: 25112 ns, Total: 336503 ns
[2021-05-05T01:04:28.000+0000][8][safepoint   ] Safepoint "Cleanup", Time since last: 1000287856 ns, Reaching safepoint: 321930 ns, At safepoint: 27294 ns, Total: 349224 ns
[2021-05-05T01:04:30.001+0000][8][safepoint   ] Safepoint "Cleanup", Time since last: 2000350068 ns, Reaching safepoint: 162172 ns, At safepoint: 16047 ns, Total: 178219 ns
[2021-05-05T01:04:31.001+0000][8][safepoint   ] Safepoint "Cleanup", Time since last: 1000156916 ns, Reaching safepoint: 261662 ns, At safepoint: 19763 ns, Total: 281425 ns
[2021-05-05T01:04:33.002+0000][8][safepoint   ] Safepoint "Cleanup", Time since last: 2000801484 ns, Reaching safepoint: 185165 ns, At safepoint: 12585 ns, Total: 197750 ns
[2021-05-05T01:04:33.821+0000][8][safepoint   ] Safepoint "ICBufferFull", Time since last: 818248373 ns, Reaching safepoint: 676157 ns, At safepoint: 71008 ns, Total: 747165 ns
[2021-05-05T01:04:33.905+0000][8][safepoint   ] Safepoint "ICBufferFull", Time since last: 79449126 ns, Reaching safepoint: 4007326 ns, At safepoint: 70995 ns, Total: 4078321 ns
[2021-05-05T01:04:33.910+0000][8][gc,start    ] GC(36) Pause Young (Concurrent Start) (G1 Evacuation Pause)
[2021-05-05T01:04:33.910+0000][8][gc,task     ] GC(36) Using 6 workers of 8 for evacuation
[2021-05-05T01:04:33.910+0000][8][gc,age      ] GC(36) Desired survivor size 6291456 bytes, new threshold 15 (max threshold 15)
[2021-05-05T01:04:33.926+0000][8][gc,age      ] GC(36) Age table with threshold 15 (max threshold 15)
[2021-05-05T01:04:33.926+0000][8][gc,age      ] GC(36) - age   1:    4135928 bytes,    4135928 total
[2021-05-05T01:04:33.926+0000][8][gc,age      ] GC(36) - age   2:     256208 bytes,    4392136 total
[2021-05-05T01:04:33.926+0000][8][gc,age      ] GC(36) - age   3:     684096 bytes,    5076232 total
[2021-05-05T01:04:33.926+0000][8][gc,age      ] GC(36) - age   4:    3485072 bytes,    8561304 total
[2021-05-05T01:04:33.927+0000][8][gc,phases   ] GC(36)   Pre Evacuate Collection Set: 0.2ms
[2021-05-05T01:04:33.927+0000][8][gc,phases   ] GC(36)   Merge Heap Roots: 0.1ms
[2021-05-05T01:04:33.927+0000][8][gc,phases   ] GC(36)   Evacuate Collection Set: 15.2ms
[2021-05-05T01:04:33.927+0000][8][gc,phases   ] GC(36)   Post Evacuate Collection Set: 0.9ms
[2021-05-05T01:04:33.927+0000][8][gc,phases   ] GC(36)   Other: 0.3ms
[2021-05-05T01:04:33.927+0000][8][gc,heap     ] GC(36) Eden regions: 21->0(20)
[2021-05-05T01:04:33.927+0000][8][gc,heap     ] GC(36) Survivor regions: 2->3(3)
[2021-05-05T01:04:33.927+0000][8][gc,heap     ] GC(36) Old regions: 24->24
[2021-05-05T01:04:33.927+0000][8][gc,heap     ] GC(36) Archive regions: 2->2
[2021-05-05T01:04:33.927+0000][8][gc,heap     ] GC(36) Humongous regions: 2->2
[2021-05-05T01:04:33.927+0000][8][gc,metaspace] GC(36) Metaspace: 103068K(107752K)->103068K(107752K) NonClass: 89327K(92648K)->89327K(92648K) Class: 13741K(15104K)->13741K(15104K)
[2021-05-05T01:04:33.927+0000][8][gc          ] GC(36) Pause Young (Concurrent Start) (G1 Evacuation Pause) 196M->116M(256M) 16.836ms
[2021-05-05T01:04:33.927+0000][8][gc,cpu      ] GC(36) User=0.05s Sys=0.00s Real=0.01s
[2021-05-05T01:04:33.929+0000][8][gc          ] GC(37) Concurrent Cycle
[2021-05-05T01:04:33.929+0000][8][gc,marking  ] GC(37) Concurrent Clear Claimed Marks
[2021-05-05T01:04:33.929+0000][8][gc,marking  ] GC(37) Concurrent Clear Claimed Marks 0.095ms
[2021-05-05T01:04:33.929+0000][8][gc,marking  ] GC(37) Concurrent Scan Root Regions
[2021-05-05T01:04:33.932+0000][8][safepoint   ] Safepoint "G1CollectForAllocation", Time since last: 1340883 ns, Reaching safepoint: 3588292 ns, At safepoint: 21752427 ns, Total: 25340719 ns
[2021-05-05T01:04:33.945+0000][8][gc,marking  ] GC(37) Concurrent Scan Root Regions 15.824ms
[2021-05-05T01:04:33.945+0000][8][gc,marking  ] GC(37) Concurrent Mark (321.740s)
[2021-05-05T01:04:33.945+0000][8][gc,marking  ] GC(37) Concurrent Mark From Roots
[2021-05-05T01:04:33.945+0000][8][gc,task     ] GC(37) Using 2 workers of 2 for marking
[2021-05-05T01:04:34.096+0000][8][gc,marking  ] GC(37) Concurrent Mark From Roots 151.721ms
[2021-05-05T01:04:34.096+0000][8][gc,marking  ] GC(37) Concurrent Preclean
[2021-05-05T01:04:34.097+0000][8][gc,marking  ] GC(37) Concurrent Preclean 0.263ms
[2021-05-05T01:04:34.097+0000][8][gc,marking  ] GC(37) Concurrent Mark (321.740s, 321.892s) 152.050ms
[2021-05-05T01:04:34.097+0000][8][gc,start    ] GC(37) Pause Remark
[2021-05-05T01:04:34.104+0000][8][gc          ] GC(37) Pause Remark 151M->151M(256M) 6.922ms
[2021-05-05T01:04:34.104+0000][8][gc,cpu      ] GC(37) User=0.04s Sys=0.00s Real=0.01s
[2021-05-05T01:04:34.104+0000][8][safepoint   ] Safepoint "G1Concurrent", Time since last: 165199384 ns, Reaching safepoint: 205964 ns, At safepoint: 7027803 ns, Total: 7233767 ns
[2021-05-05T01:04:34.104+0000][8][gc,marking  ] GC(37) Concurrent Rebuild Remembered Sets
[2021-05-05T01:04:34.180+0000][8][gc,marking  ] GC(37) Concurrent Rebuild Remembered Sets 76.449ms
[2021-05-05T01:04:34.181+0000][8][gc,start    ] GC(37) Pause Cleanup
[2021-05-05T01:04:34.181+0000][8][gc          ] GC(37) Pause Cleanup 153M->153M(256M) 0.075ms
[2021-05-05T01:04:34.181+0000][8][gc,cpu      ] GC(37) User=0.00s Sys=0.00s Real=0.00s
[2021-05-05T01:04:34.181+0000][8][safepoint   ] Safepoint "G1Concurrent", Time since last: 76536753 ns, Reaching safepoint: 178613 ns, At safepoint: 118539 ns, Total: 297152 ns
[2021-05-05T01:04:34.181+0000][8][gc,marking  ] GC(37) Concurrent Cleanup for Next Mark
[2021-05-05T01:04:34.181+0000][8][gc,marking  ] GC(37) Concurrent Cleanup for Next Mark 0.193ms
[2021-05-05T01:04:34.181+0000][8][gc          ] GC(37) Concurrent Cycle 252.425ms
[2021-05-05T01:04:35.181+0000][8][safepoint   ] Safepoint "Cleanup", Time since last: 1000126232 ns, Reaching safepoint: 395150 ns, At safepoint: 36992 ns, Total: 432142 ns
[2021-05-05T01:04:36.182+0000][8][safepoint   ] Safepoint "Cleanup", Time since last: 1000191180 ns, Reaching safepoint: 142772 ns, At safepoint: 10662 ns, Total: 153434 ns
[2021-05-05T01:04:37.182+0000][8][safepoint   ] Safepoint "Cleanup", Time since last: 1000145167 ns, Reaching safepoint: 376597 ns, At safepoint: 30620 ns, Total: 407217 ns
[2021-05-05T01:04:38.183+0000][8][safepoint   ] Safepoint "Cleanup", Time since last: 1000452745 ns, Reaching safepoint: 419634 ns, At safepoint: 33397 ns, Total: 453031 ns
[2021-05-05T01:04:40.184+0000][8][safepoint   ] Safepoint "Cleanup", Time since last: 2000393026 ns, Reaching safepoint: 397131 ns, At safepoint: 31965 ns, Total: 429096 ns
[2021-05-05T01:04:42.185+0000][8][safepoint   ] Safepoint "Cleanup", Time since last: 2000401656 ns, Reaching safepoint: 230774 ns, At safepoint: 14067 ns, Total: 244841 ns
[2021-05-05T01:04:43.185+0000][8][safepoint   ] Safepoint "Cleanup", Time since last: 1000157693 ns, Reaching safepoint: 358393 ns, At safepoint: 31400 ns, Total: 389793 ns
[2021-05-05T01:04:45.186+0000][8][safepoint   ] Safepoint "Cleanup", Time since last: 2000380481 ns, Reaching safepoint: 560517 ns, At safepoint: 45524 ns, Total: 606041 ns
[2021-05-05T01:04:51.188+0000][8][safepoint   ] Safepoint "Cleanup", Time since last: 6000954717 ns, Reaching safepoint: 345337 ns, At safepoint: 22440 ns, Total: 367777 ns
[2021-05-05T01:04:57.188+0000][8][safepoint   ] Safepoint "Cleanup", Time since last: 6000784169 ns, Reaching safepoint: 128697 ns, At safepoint: 10192 ns, Total: 138889 ns
[2021-05-05T01:04:58.189+0000][8][safepoint   ] Safepoint "Cleanup", Time since last: 1000151324 ns, Reaching safepoint: 508163 ns, At safepoint: 40008 ns, Total: 548171 ns
[2021-05-05T01:05:00.196+0000][8][safepoint   ] Safepoint "Cleanup", Time since last: 2006885568 ns, Reaching safepoint: 403195 ns, At safepoint: 37196 ns, Total: 440391 ns
[2021-05-05T01:05:01.197+0000][8][safepoint   ] Safepoint "Cleanup", Time since last: 1000307485 ns, Reaching safepoint: 380175 ns, At safepoint: 26306 ns, Total: 406481 ns
[2021-05-05T01:05:03.198+0000][8][safepoint   ] Safepoint "Cleanup", Time since last: 2000314037 ns, Reaching safepoint: 401004 ns, At safepoint: 52149 ns, Total: 453153 ns
[2021-05-05T01:05:04.201+0000][8][safepoint   ] Safepoint "Cleanup", Time since last: 1002833650 ns, Reaching safepoint: 299572 ns, At safepoint: 27884 ns, Total: 327456 ns
[2021-05-05T01:05:05.202+0000][8][safepoint   ] Safepoint "Cleanup", Time since last: 1000204780 ns, Reaching safepoint: 378245 ns, At safepoint: 38439 ns, Total: 416684 ns
[2021-05-05T01:05:06.203+0000][8][safepoint   ] Safepoint "Cleanup", Time since last: 1000237126 ns, Reaching safepoint: 888963 ns, At safepoint: 42221 ns, Total: 931184 ns
[2021-05-05T01:05:07.203+0000][8][safepoint   ] Safepoint "Cleanup", Time since last: 1000195136 ns, Reaching safepoint: 263017 ns, At safepoint: 18156 ns, Total: 281173 ns
[2021-05-05T01:05:15.205+0000][8][safepoint   ] Safepoint "Cleanup", Time since last: 8001167387 ns, Reaching safepoint: 433241 ns, At safepoint: 31390 ns, Total: 464631 ns
[2021-05-05T01:05:16.206+0000][8][safepoint   ] Safepoint "Cleanup", Time since last: 1000220285 ns, Reaching safepoint: 413079 ns, At safepoint: 28471 ns, Total: 441550 ns
[2021-05-05T01:05:18.206+0000][8][safepoint   ] Safepoint "Cleanup", Time since last: 2000367809 ns, Reaching safepoint: 396873 ns, At safepoint: 38921 ns, Total: 435794 ns
[2021-05-05T01:05:22.207+0000][8][safepoint   ] Safepoint "Cleanup", Time since last: 4000628366 ns, Reaching safepoint: 347931 ns, At safepoint: 25303 ns, Total: 373234 ns
[2021-05-05T01:05:25.208+0000][8][safepoint   ] Safepoint "Cleanup", Time since last: 3000489505 ns, Reaching safepoint: 349020 ns, At safepoint: 18732 ns, Total: 367752 ns
[2021-05-05T01:05:28.209+0000][8][safepoint   ] Safepoint "Cleanup", Time since last: 3000363790 ns, Reaching safepoint: 344369 ns, At safepoint: 33098 ns, Total: 377467 ns
[2021-05-05T01:05:30.211+0000][8][safepoint   ] Safepoint "Cleanup", Time since last: 2001177310 ns, Reaching safepoint: 314011 ns, At safepoint: 26818 ns, Total: 340829 ns
[2021-05-05T01:05:31.211+0000][8][safepoint   ] Safepoint "Cleanup", Time since last: 1000199895 ns, Reaching safepoint: 133741 ns, At safepoint: 10190 ns, Total: 143931 ns
[2021-05-05T01:05:32.211+0000][8][safepoint   ] Safepoint "Cleanup", Time since last: 1000100781 ns, Reaching safepoint: 155924 ns, At safepoint: 9095 ns, Total: 165019 ns
[2021-05-05T01:05:33.212+0000][8][safepoint   ] Safepoint "Cleanup", Time since last: 1000175135 ns, Reaching safepoint: 138488 ns, At safepoint: 9278 ns, Total: 147766 ns
[2021-05-05T01:05:34.212+0000][8][safepoint   ] Safepoint "Cleanup", Time since last: 1000198049 ns, Reaching safepoint: 430223 ns, At safepoint: 34772 ns, Total: 464995 ns
[2021-05-05T01:05:34.821+0000][8][gc,start    ] GC(38) Pause Young (Normal) (G1 Evacuation Pause)
[2021-05-05T01:05:34.828+0000][8][gc,task     ] GC(38) Using 6 workers of 8 for evacuation
[2021-05-05T01:05:34.828+0000][8][gc,age      ] GC(38) Desired survivor size 6291456 bytes, new threshold 4 (max threshold 15)
[2021-05-05T01:05:34.847+0000][8][gc,age      ] GC(38) Age table with threshold 4 (max threshold 15)
[2021-05-05T01:05:34.847+0000][8][gc,age      ] GC(38) - age   1:    1257136 bytes,    1257136 total
[2021-05-05T01:05:34.847+0000][8][gc,age      ] GC(38) - age   2:    1014984 bytes,    2272120 total
[2021-05-05T01:05:34.847+0000][8][gc,age      ] GC(38) - age   3:      24896 bytes,    2297016 total
[2021-05-05T01:05:34.847+0000][8][gc,age      ] GC(38) - age   4:     682984 bytes,    2980000 total
[2021-05-05T01:05:34.847+0000][8][gc,phases   ] GC(38)   Pre Evacuate Collection Set: 0.2ms
[2021-05-05T01:05:34.847+0000][8][gc,phases   ] GC(38)   Merge Heap Roots: 0.3ms
[2021-05-05T01:05:34.847+0000][8][gc,phases   ] GC(38)   Evacuate Collection Set: 16.5ms
[2021-05-05T01:05:34.848+0000][8][gc,phases   ] GC(38)   Post Evacuate Collection Set: 1.8ms
[2021-05-05T01:05:34.848+0000][8][gc,phases   ] GC(38)   Other: 7.2ms
[2021-05-05T01:05:34.848+0000][8][gc,heap     ] GC(38) Eden regions: 20->0(21)
[2021-05-05T01:05:34.848+0000][8][gc,heap     ] GC(38) Survivor regions: 3->1(3)
[2021-05-05T01:05:34.848+0000][8][gc,heap     ] GC(38) Old regions: 24->25
[2021-05-05T01:05:34.848+0000][8][gc,heap     ] GC(38) Archive regions: 2->2
[2021-05-05T01:05:34.848+0000][8][gc,heap     ] GC(38) Humongous regions: 2->2
[2021-05-05T01:05:34.848+0000][8][gc,metaspace] GC(38) Metaspace: 104094K(108648K)->104094K(108648K) NonClass: 90229K(93416K)->90229K(93416K) Class: 13865K(15232K)->13865K(15232K)
[2021-05-05T01:05:34.848+0000][8][gc          ] GC(38) Pause Young (Normal) (G1 Evacuation Pause) 196M->114M(256M) 26.271ms
[2021-05-05T01:05:34.848+0000][8][gc,cpu      ] GC(38) User=0.10s Sys=0.00s Real=0.02s
[2021-05-05T01:05:34.848+0000][8][safepoint   ] Safepoint "G1CollectForAllocation", Time since last: 608823249 ns, Reaching safepoint: 384301 ns, At safepoint: 26493314 ns, Total: 26877615 ns
[2021-05-05T01:05:36.849+0000][8][safepoint   ] Safepoint "Cleanup", Time since last: 2000294951 ns, Reaching safepoint: 289990 ns, At safepoint: 26526 ns, Total: 316516 ns
[2021-05-05T01:05:37.849+0000][8][safepoint   ] Safepoint "Cleanup", Time since last: 1000537743 ns, Reaching safepoint: 337102 ns, At safepoint: 24896 ns, Total: 361998 ns
[2021-05-05T01:05:42.850+0000][8][safepoint   ] Safepoint "Cleanup", Time since last: 5000722180 ns, Reaching safepoint: 317952 ns, At safepoint: 19814 ns, Total: 337766 ns
[2021-05-05T01:05:44.851+0000][8][safepoint   ] Safepoint "Cleanup", Time since last: 2000240263 ns, Reaching safepoint: 113756 ns, At safepoint: 10000 ns, Total: 123756 ns
[2021-05-05T01:05:52.852+0000][8][safepoint   ] Safepoint "Cleanup", Time since last: 8001191445 ns, Reaching safepoint: 377221 ns, At safepoint: 22178 ns, Total: 399399 ns
[2021-05-05T01:05:54.853+0000][8][safepoint   ] Safepoint "Cleanup", Time since last: 2000291470 ns, Reaching safepoint: 460919 ns, At safepoint: 32253 ns, Total: 493172 ns
[2021-05-05T01:05:55.854+0000][8][safepoint   ] Safepoint "Cleanup", Time since last: 1000244621 ns, Reaching safepoint: 334189 ns, At safepoint: 34950 ns, Total: 369139 ns
[2021-05-05T01:05:57.854+0000][8][safepoint   ] Safepoint "Cleanup", Time since last: 2000351439 ns, Reaching safepoint: 233512 ns, At safepoint: 12222 ns, Total: 245734 ns
[2021-05-05T01:06:00.855+0000][8][safepoint   ] Safepoint "Cleanup", Time since last: 3000471426 ns, Reaching safepoint: 352866 ns, At safepoint: 33236 ns, Total: 386102 ns
[2021-05-05T01:06:01.856+0000][8][safepoint   ] Safepoint "Cleanup", Time since last: 1000260822 ns, Reaching safepoint: 359434 ns, At safepoint: 34557 ns, Total: 393991 ns
[2021-05-05T01:06:02.856+0000][8][safepoint   ] Safepoint "Cleanup", Time since last: 1000280101 ns, Reaching safepoint: 219202 ns, At safepoint: 14465 ns, Total: 233667 ns
[2021-05-05T01:06:04.857+0000][8][safepoint   ] Safepoint "Cleanup", Time since last: 2000320312 ns, Reaching safepoint: 302020 ns, At safepoint: 21652 ns, Total: 323672 ns
[2021-05-05T01:06:05.858+0000][8][safepoint   ] Safepoint "Cleanup", Time since last: 1000205852 ns, Reaching safepoint: 319495 ns, At safepoint: 39008 ns, Total: 358503 ns
[2021-05-05T01:06:06.858+0000][8][safepoint   ] Safepoint "Cleanup", Time since last: 1000306704 ns, Reaching safepoint: 141577 ns, At safepoint: 9377 ns, Total: 150954 ns
[2021-05-05T01:06:09.859+0000][8][safepoint   ] Safepoint "Cleanup", Time since last: 3000508224 ns, Reaching safepoint: 298126 ns, At safepoint: 15642 ns, Total: 313768 ns
[2021-05-05T01:06:14.860+0000][8][safepoint   ] Safepoint "Cleanup", Time since last: 5000674972 ns, Reaching safepoint: 610573 ns, At safepoint: 32698 ns, Total: 643271 ns
[2021-05-05T01:06:15.861+0000][8][safepoint   ] Safepoint "Cleanup", Time since last: 1000311189 ns, Reaching safepoint: 453343 ns, At safepoint: 37757 ns, Total: 491100 ns
[2021-05-05T01:06:22.862+0000][8][safepoint   ] Safepoint "Cleanup", Time since last: 7000994752 ns, Reaching safepoint: 337584 ns, At safepoint: 26594 ns, Total: 364178 ns
[2021-05-05T01:06:27.863+0000][8][safepoint   ] Safepoint "Cleanup", Time since last: 5000592015 ns, Reaching safepoint: 194495 ns, At safepoint: 13376 ns, Total: 207871 ns
[2021-05-05T01:06:30.864+0000][8][safepoint   ] Safepoint "Cleanup", Time since last: 3000469458 ns, Reaching safepoint: 420056 ns, At safepoint: 38302 ns, Total: 458358 ns
[2021-05-05T01:06:32.865+0000][8][safepoint   ] Safepoint "Cleanup", Time since last: 2000443281 ns, Reaching safepoint: 499223 ns, At safepoint: 32591 ns, Total: 531814 ns
[2021-05-05T01:06:33.866+0000][8][safepoint   ] Safepoint "Cleanup", Time since last: 1000260727 ns, Reaching safepoint: 398475 ns, At safepoint: 38355 ns, Total: 436830 ns
[2021-05-05T01:06:34.867+0000][8][safepoint   ] Safepoint "Cleanup", Time since last: 1000294291 ns, Reaching safepoint: 422896 ns, At safepoint: 36641 ns, Total: 459537 ns
[2021-05-05T01:06:36.867+0000][8][safepoint   ] Safepoint "Cleanup", Time since last: 2000334613 ns, Reaching safepoint: 348465 ns, At safepoint: 35739 ns, Total: 384204 ns
[2021-05-05T01:06:37.868+0000][8][safepoint   ] Safepoint "Cleanup", Time since last: 1000505694 ns, Reaching safepoint: 409175 ns, At safepoint: 33561 ns, Total: 442736 ns
[2021-05-05T01:06:38.869+0000][8][safepoint   ] Safepoint "Cleanup", Time since last: 1000290265 ns, Reaching safepoint: 397195 ns, At safepoint: 34034 ns, Total: 431229 ns
[2021-05-05T01:06:43.870+0000][8][safepoint   ] Safepoint "Cleanup", Time since last: 5000717263 ns, Reaching safepoint: 353080 ns, At safepoint: 26225 ns, Total: 379305 ns
[2021-05-05T01:06:44.870+0000][8][safepoint   ] Safepoint "Cleanup", Time since last: 1000238391 ns, Reaching safepoint: 199339 ns, At safepoint: 13553 ns, Total: 212892 ns
[2021-05-05T01:06:45.871+0000][8][safepoint   ] Safepoint "Cleanup", Time since last: 1000175894 ns, Reaching safepoint: 421084 ns, At safepoint: 29309 ns, Total: 450393 ns
[2021-05-05T01:06:50.872+0000][8][safepoint   ] Safepoint "Cleanup", Time since last: 5000638867 ns, Reaching safepoint: 160457 ns, At safepoint: 12911 ns, Total: 173368 ns
[2021-05-05T01:06:55.873+0000][8][safepoint   ] Safepoint "Cleanup", Time since last: 5000791140 ns, Reaching safepoint: 373305 ns, At safepoint: 29637 ns, Total: 402942 ns
[2021-05-05T01:06:57.874+0000][8][safepoint   ] Safepoint "Cleanup", Time since last: 2000322219 ns, Reaching safepoint: 386663 ns, At safepoint: 35250 ns, Total: 421913 ns
[2021-05-05T01:07:00.874+0000][8][safepoint   ] Safepoint "Cleanup", Time since last: 3000389326 ns, Reaching safepoint: 148320 ns, At safepoint: 8734 ns, Total: 157054 ns
[2021-05-05T01:07:01.875+0000][8][safepoint   ] Safepoint "Cleanup", Time since last: 1000184101 ns, Reaching safepoint: 305535 ns, At safepoint: 25585 ns, Total: 331120 ns
[2021-05-05T01:07:02.875+0000][8][safepoint   ] Safepoint "Cleanup", Time since last: 1000164027 ns, Reaching safepoint: 108116 ns, At safepoint: 5897 ns, Total: 114013 ns
[2021-05-05T01:07:04.876+0000][8][safepoint   ] Safepoint "Cleanup", Time since last: 2000306742 ns, Reaching safepoint: 97632 ns, At safepoint: 7094 ns, Total: 104726 ns
[2021-05-05T01:07:05.876+0000][8][safepoint   ] Safepoint "Cleanup", Time since last: 1000124484 ns, Reaching safepoint: 210504 ns, At safepoint: 16214 ns, Total: 226718 ns
[2021-05-05T01:07:06.877+0000][8][safepoint   ] Safepoint "Cleanup", Time since last: 1000241102 ns, Reaching safepoint: 341648 ns, At safepoint: 26573 ns, Total: 368221 ns
[2021-05-05T01:07:07.877+0000][8][safepoint   ] Safepoint "Cleanup", Time since last: 1000487776 ns, Reaching safepoint: 386660 ns, At safepoint: 27142 ns, Total: 413802 ns
[2021-05-05T01:07:14.879+0000][8][safepoint   ] Safepoint "Cleanup", Time since last: 7001039463 ns, Reaching safepoint: 383192 ns, At safepoint: 28777 ns, Total: 411969 ns
[2021-05-05T01:07:15.880+0000][8][safepoint   ] Safepoint "Cleanup", Time since last: 1000291679 ns, Reaching safepoint: 339726 ns, At safepoint: 32835 ns, Total: 372561 ns
[2021-05-05T01:07:20.881+0000][8][safepoint   ] Safepoint "Cleanup", Time since last: 5000635470 ns, Reaching safepoint: 527863 ns, At safepoint: 47520 ns, Total: 575383 ns
[2021-05-05T01:07:27.882+0000][8][safepoint   ] Safepoint "Cleanup", Time since last: 7001075525 ns, Reaching safepoint: 139355 ns, At safepoint: 6533 ns, Total: 145888 ns
[2021-05-05T01:07:30.883+0000][8][safepoint   ] Safepoint "Cleanup", Time since last: 3000538025 ns, Reaching safepoint: 466146 ns, At safepoint: 37693 ns, Total: 503839 ns
[2021-05-05T01:07:33.884+0000][8][safepoint   ] Safepoint "Cleanup", Time since last: 3000409057 ns, Reaching safepoint: 401945 ns, At safepoint: 35403 ns, Total: 437348 ns
[2021-05-05T01:07:35.813+0000][8][safepoint   ] Safepoint "Cleanup", Time since last: 1928878118 ns, Reaching safepoint: 237289 ns, At safepoint: 10145 ns, Total: 247434 ns
[2021-05-05T01:07:36.814+0000][8][safepoint   ] Safepoint "Cleanup", Time since last: 1000307857 ns, Reaching safepoint: 400084 ns, At safepoint: 32417 ns, Total: 432501 ns
[2021-05-05T01:07:38.710+0000][8][safepoint   ] Safepoint "Cleanup", Time since last: 1895692088 ns, Reaching safepoint: 304978 ns, At safepoint: 21897 ns, Total: 326875 ns
[2021-05-05T01:07:40.292+0000][8][gc,start    ] GC(39) Pause Young (Concurrent Start) (G1 Evacuation Pause)
[2021-05-05T01:07:40.292+0000][8][gc,task     ] GC(39) Using 6 workers of 8 for evacuation
[2021-05-05T01:07:40.292+0000][8][gc,age      ] GC(39) Desired survivor size 6291456 bytes, new threshold 15 (max threshold 15)
[2021-05-05T01:07:40.305+0000][8][gc,age      ] GC(39) Age table with threshold 15 (max threshold 15)
[2021-05-05T01:07:40.305+0000][8][gc,age      ] GC(39) - age   1:     526888 bytes,     526888 total
[2021-05-05T01:07:40.305+0000][8][gc,age      ] GC(39) - age   2:     743664 bytes,    1270552 total
[2021-05-05T01:07:40.305+0000][8][gc,age      ] GC(39) - age   3:    1005032 bytes,    2275584 total
[2021-05-05T01:07:40.305+0000][8][gc,age      ] GC(39) - age   4:      24576 bytes,    2300160 total
[2021-05-05T01:07:40.305+0000][8][gc,age      ] GC(39) - age   5:     682944 bytes,    2983104 total
[2021-05-05T01:07:40.305+0000][8][gc,phases   ] GC(39)   Pre Evacuate Collection Set: 0.3ms
[2021-05-05T01:07:40.305+0000][8][gc,phases   ] GC(39)   Merge Heap Roots: 0.2ms
[2021-05-05T01:07:40.305+0000][8][gc,phases   ] GC(39)   Evacuate Collection Set: 10.4ms
[2021-05-05T01:07:40.305+0000][8][gc,phases   ] GC(39)   Post Evacuate Collection Set: 2.1ms
[2021-05-05T01:07:40.305+0000][8][gc,phases   ] GC(39)   Other: 0.7ms
[2021-05-05T01:07:40.305+0000][8][gc,heap     ] GC(39) Eden regions: 21->0(22)
[2021-05-05T01:07:40.305+0000][8][gc,heap     ] GC(39) Survivor regions: 1->1(3)
[2021-05-05T01:07:40.305+0000][8][gc,heap     ] GC(39) Old regions: 25->25
[2021-05-05T01:07:40.305+0000][8][gc,heap     ] GC(39) Archive regions: 2->2
[2021-05-05T01:07:40.305+0000][8][gc,heap     ] GC(39) Humongous regions: 2->2
[2021-05-05T01:07:40.305+0000][8][gc,metaspace] GC(39) Metaspace: 104432K(109160K)->104432K(109160K) NonClass: 90565K(93928K)->90565K(93928K) Class: 13867K(15232K)->13867K(15232K)
[2021-05-05T01:07:40.305+0000][8][gc          ] GC(39) Pause Young (Concurrent Start) (G1 Evacuation Pause) 198M->114M(256M) 13.963ms
[2021-05-05T01:07:40.306+0000][8][gc,cpu      ] GC(39) User=0.04s Sys=0.01s Real=0.01s
[2021-05-05T01:07:40.306+0000][8][safepoint   ] Safepoint "G1CollectForAllocation", Time since last: 1581233162 ns, Reaching safepoint: 367067 ns, At safepoint: 14195106 ns, Total: 14562173 ns
[2021-05-05T01:07:40.306+0000][8][gc          ] GC(40) Concurrent Cycle
[2021-05-05T01:07:40.306+0000][8][gc,marking  ] GC(40) Concurrent Clear Claimed Marks
[2021-05-05T01:07:40.306+0000][8][gc,marking  ] GC(40) Concurrent Clear Claimed Marks 0.205ms
[2021-05-05T01:07:40.306+0000][8][gc,marking  ] GC(40) Concurrent Scan Root Regions
[2021-05-05T01:07:40.315+0000][8][gc,marking  ] GC(40) Concurrent Scan Root Regions 9.126ms
[2021-05-05T01:07:40.315+0000][8][gc,marking  ] GC(40) Concurrent Mark (508.110s)
[2021-05-05T01:07:40.315+0000][8][gc,marking  ] GC(40) Concurrent Mark From Roots
[2021-05-05T01:07:40.315+0000][8][gc,task     ] GC(40) Using 2 workers of 2 for marking
[2021-05-05T01:07:40.461+0000][8][gc,marking  ] GC(40) Concurrent Mark From Roots 146.113ms
[2021-05-05T01:07:40.461+0000][8][gc,marking  ] GC(40) Concurrent Preclean
[2021-05-05T01:07:40.462+0000][8][gc,marking  ] GC(40) Concurrent Preclean 0.213ms
[2021-05-05T01:07:40.462+0000][8][gc,marking  ] GC(40) Concurrent Mark (508.110s, 508.257s) 146.394ms
[2021-05-05T01:07:40.462+0000][8][gc,start    ] GC(40) Pause Remark
[2021-05-05T01:07:40.470+0000][8][gc          ] GC(40) Pause Remark 115M->115M(256M) 8.625ms
[2021-05-05T01:07:40.470+0000][8][gc,cpu      ] GC(40) User=0.04s Sys=0.00s Real=0.01s
[2021-05-05T01:07:40.470+0000][8][safepoint   ] Safepoint "G1Concurrent", Time since last: 156081809 ns, Reaching safepoint: 107793 ns, At safepoint: 8703825 ns, Total: 8811618 ns
[2021-05-05T01:07:40.471+0000][8][gc,marking  ] GC(40) Concurrent Rebuild Remembered Sets
[2021-05-05T01:07:40.537+0000][8][gc,marking  ] GC(40) Concurrent Rebuild Remembered Sets 66.355ms
[2021-05-05T01:07:40.537+0000][8][gc,start    ] GC(40) Pause Cleanup
[2021-05-05T01:07:40.537+0000][8][gc          ] GC(40) Pause Cleanup 115M->115M(256M) 0.081ms
[2021-05-05T01:07:40.537+0000][8][gc,cpu      ] GC(40) User=0.00s Sys=0.00s Real=0.00s
[2021-05-05T01:07:40.537+0000][8][safepoint   ] Safepoint "G1Concurrent", Time since last: 66514347 ns, Reaching safepoint: 154387 ns, At safepoint: 125276 ns, Total: 279663 ns
[2021-05-05T01:07:40.537+0000][8][gc,marking  ] GC(40) Concurrent Cleanup for Next Mark
[2021-05-05T01:07:40.538+0000][8][gc,marking  ] GC(40) Concurrent Cleanup for Next Mark 0.208ms
[2021-05-05T01:07:40.538+0000][8][gc          ] GC(40) Concurrent Cycle 231.926ms
[2021-05-05T01:07:41.538+0000][8][safepoint   ] Safepoint "Cleanup", Time since last: 1000191231 ns, Reaching safepoint: 419736 ns, At safepoint: 31274 ns, Total: 451010 ns
[2021-05-05T01:07:42.539+0000][8][safepoint   ] Safepoint "Cleanup", Time since last: 1000268719 ns, Reaching safepoint: 516316 ns, At safepoint: 31752 ns, Total: 548068 ns
[2021-05-05T01:07:45.540+0000][8][safepoint   ] Safepoint "Cleanup", Time since last: 3000778504 ns, Reaching safepoint: 482735 ns, At safepoint: 32673 ns, Total: 515408 ns
[2021-05-05T01:07:48.541+0000][8][safepoint   ] Safepoint "Cleanup", Time since last: 3000798305 ns, Reaching safepoint: 397782 ns, At safepoint: 39694 ns, Total: 437476 ns
[2021-05-05T01:07:50.542+0000][8][safepoint   ] Safepoint "Cleanup", Time since last: 2000460091 ns, Reaching safepoint: 470012 ns, At safepoint: 40967 ns, Total: 510979 ns
[2021-05-05T01:07:52.543+0000][8][safepoint   ] Safepoint "Cleanup", Time since last: 2000383765 ns, Reaching safepoint: 322339 ns, At safepoint: 31799 ns, Total: 354138 ns
[2021-05-05T01:07:55.544+0000][8][safepoint   ] Safepoint "Cleanup", Time since last: 3000535036 ns, Reaching safepoint: 339364 ns, At safepoint: 24272 ns, Total: 363636 ns
[2021-05-05T01:07:57.545+0000][8][safepoint   ] Safepoint "Cleanup", Time since last: 2000339244 ns, Reaching safepoint: 295209 ns, At safepoint: 24740 ns, Total: 319949 ns
[2021-05-05T01:08:00.970+0000][8][safepoint   ] Safepoint "Cleanup", Time since last: 3424726157 ns, Reaching safepoint: 446128 ns, At safepoint: 35743 ns, Total: 481871 ns
[2021-05-05T01:08:01.970+0000][8][safepoint   ] Safepoint "Cleanup", Time since last: 1000258868 ns, Reaching safepoint: 318297 ns, At safepoint: 25091 ns, Total: 343388 ns
[2021-05-05T01:08:02.971+0000][8][safepoint   ] Safepoint "Cleanup", Time since last: 1000260162 ns, Reaching safepoint: 334022 ns, At safepoint: 35427 ns, Total: 369449 ns
[2021-05-05T01:08:03.972+0000][8][safepoint   ] Safepoint "Cleanup", Time since last: 1000265781 ns, Reaching safepoint: 848381 ns, At safepoint: 70562 ns, Total: 918943 ns
[2021-05-05T01:08:04.973+0000][8][safepoint   ] Safepoint "Cleanup", Time since last: 1000249717 ns, Reaching safepoint: 598942 ns, At safepoint: 32661 ns, Total: 631603 ns
[2021-05-05T01:08:06.974+0000][8][safepoint   ] Safepoint "Cleanup", Time since last: 2000486762 ns, Reaching safepoint: 648620 ns, At safepoint: 33671 ns, Total: 682291 ns
[2021-05-05T01:08:07.975+0000][8][safepoint   ] Safepoint "Cleanup", Time since last: 1000487900 ns, Reaching safepoint: 285899 ns, At safepoint: 23341 ns, Total: 309240 ns
[2021-05-05T01:08:10.976+0000][8][safepoint   ] Safepoint "Cleanup", Time since last: 3000677843 ns, Reaching safepoint: 371131 ns, At safepoint: 24207 ns, Total: 395338 ns
[2021-05-05T01:08:12.977+0000][8][safepoint   ] Safepoint "Cleanup", Time since last: 2000401272 ns, Reaching safepoint: 441159 ns, At safepoint: 36577 ns, Total: 477736 ns
[2021-05-05T01:08:15.978+0000][8][safepoint   ] Safepoint "Cleanup", Time since last: 3000517674 ns, Reaching safepoint: 361272 ns, At safepoint: 30335 ns, Total: 391607 ns
[2021-05-05T01:08:19.979+0000][8][safepoint   ] Safepoint "Cleanup", Time since last: 4000730442 ns, Reaching safepoint: 422008 ns, At safepoint: 30041 ns, Total: 452049 ns
[2021-05-05T01:08:27.981+0000][8][safepoint   ] Safepoint "Cleanup", Time since last: 8001239632 ns, Reaching safepoint: 424148 ns, At safepoint: 30171 ns, Total: 454319 ns
[2021-05-05T01:08:30.982+0000][8][safepoint   ] Safepoint "Cleanup", Time since last: 3000486581 ns, Reaching safepoint: 364633 ns, At safepoint: 31250 ns, Total: 395883 ns
[2021-05-05T01:08:32.983+0000][8][safepoint   ] Safepoint "Cleanup", Time since last: 2000397712 ns, Reaching safepoint: 798159 ns, At safepoint: 57912 ns, Total: 856071 ns
[2021-05-05T01:08:33.984+0000][8][safepoint   ] Safepoint "Cleanup", Time since last: 1000323895 ns, Reaching safepoint: 644372 ns, At safepoint: 42621 ns, Total: 686993 ns
[2021-05-05T01:08:34.985+0000][8][safepoint   ] Safepoint "Cleanup", Time since last: 1000291480 ns, Reaching safepoint: 359079 ns, At safepoint: 22236 ns, Total: 381315 ns
[2021-05-05T01:08:36.985+0000][8][safepoint   ] Safepoint "Cleanup", Time since last: 2000440530 ns, Reaching safepoint: 329920 ns, At safepoint: 27394 ns, Total: 357314 ns
[2021-05-05T01:08:42.987+0000][8][safepoint   ] Safepoint "Cleanup", Time since last: 6001282443 ns, Reaching safepoint: 438640 ns, At safepoint: 31429 ns, Total: 470069 ns
[2021-05-05T01:08:44.988+0000][8][safepoint   ] Safepoint "Cleanup", Time since last: 2000376938 ns, Reaching safepoint: 333631 ns, At safepoint: 36801 ns, Total: 370432 ns
[2021-05-05T01:08:51.989+0000][8][safepoint   ] Safepoint "Cleanup", Time since last: 7000879780 ns, Reaching safepoint: 318560 ns, At safepoint: 23705 ns, Total: 342265 ns
[2021-05-05T01:08:54.990+0000][8][safepoint   ] Safepoint "Cleanup", Time since last: 3000488694 ns, Reaching safepoint: 260786 ns, At safepoint: 26681 ns, Total: 287467 ns
[2021-05-05T01:08:57.991+0000][8][safepoint   ] Safepoint "Cleanup", Time since last: 3000373175 ns, Reaching safepoint: 298496 ns, At safepoint: 28285 ns, Total: 326781 ns
[2021-05-05T01:09:00.991+0000][8][safepoint   ] Safepoint "Cleanup", Time since last: 3000351138 ns, Reaching safepoint: 132962 ns, At safepoint: 7947 ns, Total: 140909 ns
[2021-05-05T01:09:02.992+0000][8][safepoint   ] Safepoint "Cleanup", Time since last: 2000272884 ns, Reaching safepoint: 154822 ns, At safepoint: 9031 ns, Total: 163853 ns
[2021-05-05T01:09:03.992+0000][8][safepoint   ] Safepoint "Cleanup", Time since last: 1000120428 ns, Reaching safepoint: 156655 ns, At safepoint: 13619 ns, Total: 170274 ns
[2021-05-05T01:09:06.993+0000][8][safepoint   ] Safepoint "Cleanup", Time since last: 3000389374 ns, Reaching safepoint: 337912 ns, At safepoint: 33455 ns, Total: 371367 ns
[2021-05-05T01:09:27.997+0000][8][safepoint   ] Safepoint "Cleanup", Time since last: 21003654953 ns, Reaching safepoint: 305072 ns, At safepoint: 31721 ns, Total: 336793 ns
[2021-05-05T01:09:29.997+0000][8][safepoint   ] Safepoint "Cleanup", Time since last: 2000432334 ns, Reaching safepoint: 313711 ns, At safepoint: 28424 ns, Total: 342135 ns
[2021-05-05T01:09:30.804+0000][8][safepoint   ] Safepoint "ICBufferFull", Time since last: 806819817 ns, Reaching safepoint: 233492 ns, At safepoint: 13702 ns, Total: 247194 ns
[2021-05-05T01:09:30.950+0000][8][gc,start    ] GC(41) Pause Young (Normal) (G1 Evacuation Pause)
[2021-05-05T01:09:30.950+0000][8][gc,task     ] GC(41) Using 6 workers of 8 for evacuation
[2021-05-05T01:09:30.950+0000][8][gc,age      ] GC(41) Desired survivor size 6291456 bytes, new threshold 15 (max threshold 15)
[2021-05-05T01:09:30.955+0000][8][gc,age      ] GC(41) Age table with threshold 15 (max threshold 15)
[2021-05-05T01:09:30.955+0000][8][gc,age      ] GC(41) - age   1:     855128 bytes,     855128 total
[2021-05-05T01:09:30.955+0000][8][gc,age      ] GC(41) - age   2:      19064 bytes,     874192 total
[2021-05-05T01:09:30.955+0000][8][gc,age      ] GC(41) - age   3:     720736 bytes,    1594928 total
[2021-05-05T01:09:30.955+0000][8][gc,age      ] GC(41) - age   4:     980560 bytes,    2575488 total
[2021-05-05T01:09:30.955+0000][8][gc,age      ] GC(41) - age   5:      24576 bytes,    2600064 total
[2021-05-05T01:09:30.955+0000][8][gc,age      ] GC(41) - age   6:     682776 bytes,    3282840 total
[2021-05-05T01:09:30.955+0000][8][gc,phases   ] GC(41)   Pre Evacuate Collection Set: 0.1ms
[2021-05-05T01:09:30.955+0000][8][gc,phases   ] GC(41)   Merge Heap Roots: 0.1ms
[2021-05-05T01:09:30.955+0000][8][gc,phases   ] GC(41)   Evacuate Collection Set: 3.4ms
[2021-05-05T01:09:30.955+0000][8][gc,phases   ] GC(41)   Post Evacuate Collection Set: 0.7ms
[2021-05-05T01:09:30.955+0000][8][gc,phases   ] GC(41)   Other: 0.2ms
[2021-05-05T01:09:30.955+0000][8][gc,heap     ] GC(41) Eden regions: 22->0(22)
[2021-05-05T01:09:30.955+0000][8][gc,heap     ] GC(41) Survivor regions: 1->1(3)
[2021-05-05T01:09:30.955+0000][8][gc,heap     ] GC(41) Old regions: 25->25
[2021-05-05T01:09:30.955+0000][8][gc,heap     ] GC(41) Archive regions: 2->2
[2021-05-05T01:09:30.955+0000][8][gc,heap     ] GC(41) Humongous regions: 2->2
[2021-05-05T01:09:30.955+0000][8][gc,metaspace] GC(41) Metaspace: 104767K(109416K)->104767K(109416K) NonClass: 90894K(94184K)->90894K(94184K) Class: 13872K(15232K)->13872K(15232K)
[2021-05-05T01:09:30.955+0000][8][gc          ] GC(41) Pause Young (Normal) (G1 Evacuation Pause) 201M->114M(256M) 4.563ms
[2021-05-05T01:09:30.955+0000][8][gc,cpu      ] GC(41) User=0.02s Sys=0.00s Real=0.00s
[2021-05-05T01:09:30.955+0000][8][safepoint   ] Safepoint "G1CollectForAllocation", Time since last: 145741297 ns, Reaching safepoint: 234592 ns, At safepoint: 4653502 ns, Total: 4888094 ns
[2021-05-05T01:09:31.956+0000][8][safepoint   ] Safepoint "Cleanup", Time since last: 1000192279 ns, Reaching safepoint: 437832 ns, At safepoint: 38448 ns, Total: 476280 ns
[2021-05-05T01:09:32.956+0000][8][safepoint   ] Safepoint "Cleanup", Time since last: 1000282292 ns, Reaching safepoint: 434334 ns, At safepoint: 36968 ns, Total: 471302 ns
[2021-05-05T01:09:33.957+0000][8][safepoint   ] Safepoint "Cleanup", Time since last: 1000249216 ns, Reaching safepoint: 232238 ns, At safepoint: 20639 ns, Total: 252877 ns
[2021-05-05T01:09:36.958+0000][8][safepoint   ] Safepoint "Cleanup", Time since last: 3000449180 ns, Reaching safepoint: 311561 ns, At safepoint: 24489 ns, Total: 336050 ns
[2021-05-05T01:09:37.959+0000][8][safepoint   ] Safepoint "Cleanup", Time since last: 1000527356 ns, Reaching safepoint: 354471 ns, At safepoint: 33220 ns, Total: 387691 ns
[2021-05-05T01:09:57.962+0000][8][safepoint   ] Safepoint "Cleanup", Time since last: 20002853033 ns, Reaching safepoint: 343981 ns, At safepoint: 24636 ns, Total: 368617 ns
[2021-05-05T01:10:01.963+0000][8][safepoint   ] Safepoint "Cleanup", Time since last: 4000690216 ns, Reaching safepoint: 348222 ns, At safepoint: 25072 ns, Total: 373294 ns
[2021-05-05T01:10:04.964+0000][8][safepoint   ] Safepoint "Cleanup", Time since last: 3000470119 ns, Reaching safepoint: 200046 ns, At safepoint: 14756 ns, Total: 214802 ns
[2021-05-05T01:10:05.964+0000][8][safepoint   ] Safepoint "Cleanup", Time since last: 1000144455 ns, Reaching safepoint: 383098 ns, At safepoint: 36559 ns, Total: 419657 ns
[2021-05-05T01:10:06.965+0000][8][safepoint   ] Safepoint "Cleanup", Time since last: 1000275864 ns, Reaching safepoint: 130933 ns, At safepoint: 8793 ns, Total: 139726 ns
[2021-05-05T01:10:09.966+0000][8][safepoint   ] Safepoint "Cleanup", Time since last: 3000557242 ns, Reaching safepoint: 377896 ns, At safepoint: 31383 ns, Total: 409279 ns
[2021-05-05T01:10:15.967+0000][8][safepoint   ] Safepoint "Cleanup", Time since last: 6001150496 ns, Reaching safepoint: 465936 ns, At safepoint: 37933 ns, Total: 503869 ns
[2021-05-05T01:10:30.970+0000][8][safepoint   ] Safepoint "Cleanup", Time since last: 15002423653 ns, Reaching safepoint: 360325 ns, At safepoint: 32176 ns, Total: 392501 ns
[2021-05-05T01:10:33.971+0000][8][safepoint   ] Safepoint "Cleanup", Time since last: 3000610620 ns, Reaching safepoint: 451666 ns, At safepoint: 33833 ns, Total: 485499 ns
[2021-05-05T01:10:34.972+0000][8][safepoint   ] Safepoint "Cleanup", Time since last: 1000251344 ns, Reaching safepoint: 298200 ns, At safepoint: 28321 ns, Total: 326521 ns
[2021-05-05T01:10:36.972+0000][8][safepoint   ] Safepoint "Cleanup", Time since last: 2000328276 ns, Reaching safepoint: 162076 ns, At safepoint: 7193 ns, Total: 169269 ns
[2021-05-05T01:10:40.974+0000][8][safepoint   ] Safepoint "Cleanup", Time since last: 4000905840 ns, Reaching safepoint: 477383 ns, At safepoint: 34484 ns, Total: 511867 ns
[2021-05-05T01:10:57.977+0000][8][safepoint   ] Safepoint "Cleanup", Time since last: 17003087444 ns, Reaching safepoint: 488445 ns, At safepoint: 38031 ns, Total: 526476 ns
[2021-05-05T01:11:00.978+0000][8][safepoint   ] Safepoint "Cleanup", Time since last: 3000476110 ns, Reaching safepoint: 354300 ns, At safepoint: 26398 ns, Total: 380698 ns
[2021-05-05T01:11:02.979+0000][8][safepoint   ] Safepoint "Cleanup", Time since last: 2000368334 ns, Reaching safepoint: 314717 ns, At safepoint: 18357 ns, Total: 333074 ns
[2021-05-05T01:11:04.980+0000][8][safepoint   ] Safepoint "Cleanup", Time since last: 2000351373 ns, Reaching safepoint: 422637 ns, At safepoint: 33405 ns, Total: 456042 ns
[2021-05-05T01:11:05.980+0000][8][safepoint   ] Safepoint "Cleanup", Time since last: 1000272202 ns, Reaching safepoint: 445298 ns, At safepoint: 34719 ns, Total: 480017 ns
[2021-05-05T01:11:06.981+0000][8][safepoint   ] Safepoint "Cleanup", Time since last: 1000324175 ns, Reaching safepoint: 403701 ns, At safepoint: 33169 ns, Total: 436870 ns
[2021-05-05T01:11:14.983+0000][8][safepoint   ] Safepoint "Cleanup", Time since last: 8001657759 ns, Reaching safepoint: 522800 ns, At safepoint: 38295 ns, Total: 561095 ns
[2021-05-05T01:11:24.985+0000][8][safepoint   ] Safepoint "Cleanup", Time since last: 10001425856 ns, Reaching safepoint: 166948 ns, At safepoint: 8333 ns, Total: 175281 ns
[2021-05-05T01:11:27.383+0000][8][gc,start    ] GC(42) Pause Young (Concurrent Start) (G1 Evacuation Pause)
[2021-05-05T01:11:27.383+0000][8][gc,task     ] GC(42) Using 6 workers of 8 for evacuation
[2021-05-05T01:11:27.384+0000][8][gc,age      ] GC(42) Desired survivor size 6291456 bytes, new threshold 15 (max threshold 15)
[2021-05-05T01:11:27.389+0000][8][gc,age      ] GC(42) Age table with threshold 15 (max threshold 15)
[2021-05-05T01:11:27.389+0000][8][gc,age      ] GC(42) - age   1:     689008 bytes,     689008 total
[2021-05-05T01:11:27.389+0000][8][gc,age      ] GC(42) - age   2:     263960 bytes,     952968 total
[2021-05-05T01:11:27.389+0000][8][gc,age      ] GC(42) - age   3:      18840 bytes,     971808 total
[2021-05-05T01:11:27.389+0000][8][gc,age      ] GC(42) - age   4:     718048 bytes,    1689856 total
[2021-05-05T01:11:27.389+0000][8][gc,age      ] GC(42) - age   5:     980504 bytes,    2670360 total
[2021-05-05T01:11:27.389+0000][8][gc,age      ] GC(42) - age   6:      24552 bytes,    2694912 total
[2021-05-05T01:11:27.389+0000][8][gc,age      ] GC(42) - age   7:     681648 bytes,    3376560 total
[2021-05-05T01:11:27.389+0000][8][gc,phases   ] GC(42)   Pre Evacuate Collection Set: 0.2ms
[2021-05-05T01:11:27.389+0000][8][gc,phases   ] GC(42)   Merge Heap Roots: 0.2ms
[2021-05-05T01:11:27.389+0000][8][gc,phases   ] GC(42)   Evacuate Collection Set: 3.5ms
[2021-05-05T01:11:27.389+0000][8][gc,phases   ] GC(42)   Post Evacuate Collection Set: 1.4ms
[2021-05-05T01:11:27.389+0000][8][gc,phases   ] GC(42)   Other: 0.3ms
[2021-05-05T01:11:27.389+0000][8][gc,heap     ] GC(42) Eden regions: 22->0(22)
[2021-05-05T01:11:27.389+0000][8][gc,heap     ] GC(42) Survivor regions: 1->1(3)
[2021-05-05T01:11:27.389+0000][8][gc,heap     ] GC(42) Old regions: 25->25
[2021-05-05T01:11:27.389+0000][8][gc,heap     ] GC(42) Archive regions: 2->2
[2021-05-05T01:11:27.389+0000][8][gc,heap     ] GC(42) Humongous regions: 2->2
[2021-05-05T01:11:27.389+0000][8][gc,metaspace] GC(42) Metaspace: 105071K(109672K)->105071K(109672K) NonClass: 91196K(94440K)->91196K(94440K) Class: 13875K(15232K)->13875K(15232K)
[2021-05-05T01:11:27.389+0000][8][gc          ] GC(42) Pause Young (Concurrent Start) (G1 Evacuation Pause) 202M->114M(256M) 5.638ms
[2021-05-05T01:11:27.389+0000][8][gc,cpu      ] GC(42) User=0.02s Sys=0.00s Real=0.01s
[2021-05-05T01:11:27.389+0000][8][gc          ] GC(43) Concurrent Cycle
[2021-05-05T01:11:27.389+0000][8][safepoint   ] Safepoint "G1CollectForAllocation", Time since last: 2398301948 ns, Reaching safepoint: 166106 ns, At safepoint: 5752706 ns, Total: 5918812 ns
[2021-05-05T01:11:27.389+0000][8][gc,marking  ] GC(43) Concurrent Clear Claimed Marks
[2021-05-05T01:11:27.389+0000][8][gc,marking  ] GC(43) Concurrent Clear Claimed Marks 0.195ms
[2021-05-05T01:11:27.389+0000][8][gc,marking  ] GC(43) Concurrent Scan Root Regions
[2021-05-05T01:11:27.394+0000][8][gc,marking  ] GC(43) Concurrent Scan Root Regions 4.654ms
[2021-05-05T01:11:27.394+0000][8][gc,marking  ] GC(43) Concurrent Mark (735.189s)
[2021-05-05T01:11:27.394+0000][8][gc,marking  ] GC(43) Concurrent Mark From Roots
[2021-05-05T01:11:27.394+0000][8][gc,task     ] GC(43) Using 2 workers of 2 for marking
[2021-05-05T01:11:27.503+0000][8][gc,marking  ] GC(43) Concurrent Mark From Roots 108.525ms
[2021-05-05T01:11:27.503+0000][8][gc,marking  ] GC(43) Concurrent Preclean
[2021-05-05T01:11:27.503+0000][8][gc,marking  ] GC(43) Concurrent Preclean 0.222ms
[2021-05-05T01:11:27.503+0000][8][gc,marking  ] GC(43) Concurrent Mark (735.189s, 735.298s) 108.798ms
[2021-05-05T01:11:27.503+0000][8][gc,start    ] GC(43) Pause Remark
[2021-05-05T01:11:27.508+0000][8][gc          ] GC(43) Pause Remark 116M->116M(256M) 4.712ms
[2021-05-05T01:11:27.508+0000][8][gc,cpu      ] GC(43) User=0.03s Sys=0.00s Real=0.00s
[2021-05-05T01:11:27.508+0000][8][safepoint   ] Safepoint "G1Concurrent", Time since last: 113747752 ns, Reaching safepoint: 92194 ns, At safepoint: 4796106 ns, Total: 4888300 ns
[2021-05-05T01:11:27.508+0000][8][gc,marking  ] GC(43) Concurrent Rebuild Remembered Sets
[2021-05-05T01:11:27.569+0000][8][gc,marking  ] GC(43) Concurrent Rebuild Remembered Sets 61.542ms
[2021-05-05T01:11:27.570+0000][8][gc,start    ] GC(43) Pause Cleanup
[2021-05-05T01:11:27.570+0000][8][gc          ] GC(43) Pause Cleanup 116M->116M(256M) 0.077ms
[2021-05-05T01:11:27.570+0000][8][gc,cpu      ] GC(43) User=0.00s Sys=0.00s Real=0.00s
[2021-05-05T01:11:27.570+0000][8][safepoint   ] Safepoint "G1Concurrent", Time since last: 61669383 ns, Reaching safepoint: 142041 ns, At safepoint: 120764 ns, Total: 262805 ns
[2021-05-05T01:11:27.570+0000][8][gc,marking  ] GC(43) Concurrent Cleanup for Next Mark
[2021-05-05T01:11:27.570+0000][8][gc,marking  ] GC(43) Concurrent Cleanup for Next Mark 0.141ms
[2021-05-05T01:11:27.570+0000][8][gc          ] GC(43) Concurrent Cycle 180.797ms
[2021-05-05T01:11:30.571+0000][8][safepoint   ] Safepoint "Cleanup", Time since last: 3000410145 ns, Reaching safepoint: 512835 ns, At safepoint: 36965 ns, Total: 549800 ns
[2021-05-05T01:11:33.572+0000][8][safepoint   ] Safepoint "Cleanup", Time since last: 3000463646 ns, Reaching safepoint: 476932 ns, At safepoint: 40505 ns, Total: 517437 ns
[2021-05-05T01:11:34.572+0000][8][safepoint   ] Safepoint "Cleanup", Time since last: 1000259708 ns, Reaching safepoint: 329415 ns, At safepoint: 30544 ns, Total: 359959 ns
[2021-05-05T01:11:37.573+0000][8][safepoint   ] Safepoint "Cleanup", Time since last: 3000706064 ns, Reaching safepoint: 328125 ns, At safepoint: 19975 ns, Total: 348100 ns
[2021-05-05T01:11:45.575+0000][8][safepoint   ] Safepoint "Cleanup", Time since last: 8001551463 ns, Reaching safepoint: 348292 ns, At safepoint: 16530 ns, Total: 364822 ns
[2021-05-05T01:11:46.576+0000][8][safepoint   ] Safepoint "Cleanup", Time since last: 1000231702 ns, Reaching safepoint: 306909 ns, At safepoint: 29315 ns, Total: 336224 ns
[2021-05-05T01:11:51.577+0000][8][safepoint   ] Safepoint "Cleanup", Time since last: 5000765624 ns, Reaching safepoint: 525022 ns, At safepoint: 70950 ns, Total: 595972 ns
[2021-05-05T01:11:52.578+0000][8][safepoint   ] Safepoint "Cleanup", Time since last: 1000289269 ns, Reaching safepoint: 403172 ns, At safepoint: 39850 ns, Total: 443022 ns
[2021-05-05T01:11:57.579+0000][8][safepoint   ] Safepoint "Cleanup", Time since last: 5000889863 ns, Reaching safepoint: 382712 ns, At safepoint: 30402 ns, Total: 413114 ns
[2021-05-05T01:12:00.580+0000][8][safepoint   ] Safepoint "Cleanup", Time since last: 3000581895 ns, Reaching safepoint: 384496 ns, At safepoint: 28105 ns, Total: 412601 ns
[2021-05-05T01:12:02.581+0000][8][safepoint   ] Safepoint "Cleanup", Time since last: 2000471279 ns, Reaching safepoint: 380480 ns, At safepoint: 40267 ns, Total: 420747 ns
[2021-05-05T01:12:04.582+0000][8][safepoint   ] Safepoint "Cleanup", Time since last: 2000409555 ns, Reaching safepoint: 374938 ns, At safepoint: 23416 ns, Total: 398354 ns
[2021-05-05T01:12:07.583+0000][8][safepoint   ] Safepoint "Cleanup", Time since last: 3000412329 ns, Reaching safepoint: 386282 ns, At safepoint: 28750 ns, Total: 415032 ns
[2021-05-05T01:12:11.584+0000][8][safepoint   ] Safepoint "Cleanup", Time since last: 4000959991 ns, Reaching safepoint: 424175 ns, At safepoint: 35057 ns, Total: 459232 ns
[2021-05-05T01:12:12.585+0000][8][safepoint   ] Safepoint "Cleanup", Time since last: 1000217506 ns, Reaching safepoint: 484681 ns, At safepoint: 37768 ns, Total: 522449 ns
[2021-05-05T01:12:15.586+0000][8][safepoint   ] Safepoint "Cleanup", Time since last: 3000541242 ns, Reaching safepoint: 406100 ns, At safepoint: 33347 ns, Total: 439447 ns
[2021-05-05T01:12:21.587+0000][8][safepoint   ] Safepoint "Cleanup", Time since last: 6001100503 ns, Reaching safepoint: 467172 ns, At safepoint: 36249 ns, Total: 503421 ns
[2021-05-05T01:12:31.589+0000][8][safepoint   ] Safepoint "Cleanup", Time since last: 10001299468 ns, Reaching safepoint: 391823 ns, At safepoint: 29458 ns, Total: 421281 ns
[2021-05-05T01:12:32.590+0000][8][safepoint   ] Safepoint "Cleanup", Time since last: 1000199400 ns, Reaching safepoint: 357117 ns, At safepoint: 32055 ns, Total: 389172 ns
[2021-05-05T01:12:33.590+0000][8][safepoint   ] Safepoint "Cleanup", Time since last: 1000252009 ns, Reaching safepoint: 341542 ns, At safepoint: 26763 ns, Total: 368305 ns
[2021-05-05T01:12:35.591+0000][8][safepoint   ] Safepoint "Cleanup", Time since last: 2000369663 ns, Reaching safepoint: 360199 ns, At safepoint: 21635 ns, Total: 381834 ns
[2021-05-05T01:12:37.592+0000][8][safepoint   ] Safepoint "Cleanup", Time since last: 2000418779 ns, Reaching safepoint: 487700 ns, At safepoint: 32536 ns, Total: 520236 ns
[2021-05-05T01:12:43.593+0000][8][safepoint   ] Safepoint "Cleanup", Time since last: 6000802241 ns, Reaching safepoint: 353568 ns, At safepoint: 20609 ns, Total: 374177 ns
[2021-05-05T01:12:46.594+0000][8][safepoint   ] Safepoint "Cleanup", Time since last: 3000514117 ns, Reaching safepoint: 311541 ns, At safepoint: 25227 ns, Total: 336768 ns
[2021-05-05T01:12:51.595+0000][8][safepoint   ] Safepoint "Cleanup", Time since last: 5000742317 ns, Reaching safepoint: 367157 ns, At safepoint: 17640 ns, Total: 384797 ns
[2021-05-05T01:12:52.596+0000][8][safepoint   ] Safepoint "Cleanup", Time since last: 1000244431 ns, Reaching safepoint: 377835 ns, At safepoint: 25814 ns, Total: 403649 ns
[2021-05-05T01:12:57.597+0000][8][safepoint   ] Safepoint "Cleanup", Time since last: 5001117948 ns, Reaching safepoint: 278891 ns, At safepoint: 20675 ns, Total: 299566 ns
[2021-05-05T01:13:00.599+0000][8][safepoint   ] Safepoint "Cleanup", Time since last: 3000831466 ns, Reaching safepoint: 438886 ns, At safepoint: 33325 ns, Total: 472211 ns
[2021-05-05T01:13:04.600+0000][8][safepoint   ] Safepoint "Cleanup", Time since last: 4000624826 ns, Reaching safepoint: 332398 ns, At safepoint: 27042 ns, Total: 359440 ns
[2021-05-05T01:13:05.607+0000][8][safepoint   ] Safepoint "Cleanup", Time since last: 1006758613 ns, Reaching safepoint: 301682 ns, At safepoint: 19718 ns, Total: 321400 ns
[2021-05-05T01:13:07.608+0000][8][safepoint   ] Safepoint "Cleanup", Time since last: 2000471751 ns, Reaching safepoint: 432057 ns, At safepoint: 34602 ns, Total: 466659 ns
[2021-05-05T01:13:27.611+0000][8][safepoint   ] Safepoint "Cleanup", Time since last: 20003071630 ns, Reaching safepoint: 362000 ns, At safepoint: 24779 ns, Total: 386779 ns
[2021-05-05T01:13:28.612+0000][8][safepoint   ] Safepoint "Cleanup", Time since last: 1000230491 ns, Reaching safepoint: 373586 ns, At safepoint: 31174 ns, Total: 404760 ns
[2021-05-05T01:13:30.612+0000][8][safepoint   ] Safepoint "Cleanup", Time since last: 2000262117 ns, Reaching safepoint: 291438 ns, At safepoint: 22915 ns, Total: 314353 ns
[2021-05-05T01:13:32.613+0000][8][safepoint   ] Safepoint "Cleanup", Time since last: 2000365425 ns, Reaching safepoint: 229847 ns, At safepoint: 15124 ns, Total: 244971 ns
[2021-05-05T01:13:33.613+0000][8][safepoint   ] Safepoint "Cleanup", Time since last: 1000160385 ns, Reaching safepoint: 392764 ns, At safepoint: 32428 ns, Total: 425192 ns
[2021-05-05T01:13:34.614+0000][8][safepoint   ] Safepoint "Cleanup", Time since last: 1000241354 ns, Reaching safepoint: 366750 ns, At safepoint: 30619 ns, Total: 397369 ns
[2021-05-05T01:13:35.615+0000][8][safepoint   ] Safepoint "Cleanup", Time since last: 1000265478 ns, Reaching safepoint: 327068 ns, At safepoint: 29750 ns, Total: 356818 ns
[2021-05-05T01:13:37.616+0000][8][safepoint   ] Safepoint "Cleanup", Time since last: 2000424929 ns, Reaching safepoint: 437533 ns, At safepoint: 36217 ns, Total: 473750 ns
[2021-05-05T01:13:38.911+0000][8][gc,start    ] GC(44) Pause Young (Normal) (G1 Evacuation Pause)
[2021-05-05T01:13:38.911+0000][8][gc,task     ] GC(44) Using 6 workers of 8 for evacuation
[2021-05-05T01:13:38.911+0000][8][gc,age      ] GC(44) Desired survivor size 6291456 bytes, new threshold 15 (max threshold 15)
[2021-05-05T01:13:38.926+0000][8][gc,age      ] GC(44) Age table with threshold 15 (max threshold 15)
[2021-05-05T01:13:38.926+0000][8][gc,age      ] GC(44) - age   1:     522608 bytes,     522608 total
[2021-05-05T01:13:38.926+0000][8][gc,age      ] GC(44) - age   2:     158376 bytes,     680984 total
[2021-05-05T01:13:38.926+0000][8][gc,age      ] GC(44) - age   3:     180760 bytes,     861744 total
[2021-05-05T01:13:38.926+0000][8][gc,age      ] GC(44) - age   4:      18840 bytes,     880584 total
[2021-05-05T01:13:38.926+0000][8][gc,age      ] GC(44) - age   5:     717952 bytes,    1598536 total
[2021-05-05T01:13:38.926+0000][8][gc,age      ] GC(44) - age   6:     980504 bytes,    2579040 total
[2021-05-05T01:13:38.926+0000][8][gc,age      ] GC(44) - age   7:      24552 bytes,    2603592 total
[2021-05-05T01:13:38.926+0000][8][gc,age      ] GC(44) - age   8:     681632 bytes,    3285224 total
[2021-05-05T01:13:38.926+0000][8][gc,phases   ] GC(44)   Pre Evacuate Collection Set: 0.2ms
[2021-05-05T01:13:38.926+0000][8][gc,phases   ] GC(44)   Merge Heap Roots: 0.2ms
[2021-05-05T01:13:38.927+0000][8][gc,phases   ] GC(44)   Evacuate Collection Set: 12.1ms
[2021-05-05T01:13:38.927+0000][8][gc,phases   ] GC(44)   Post Evacuate Collection Set: 2.1ms
[2021-05-05T01:13:38.927+0000][8][gc,phases   ] GC(44)   Other: 0.7ms
[2021-05-05T01:13:38.927+0000][8][gc,heap     ] GC(44) Eden regions: 22->0(22)
[2021-05-05T01:13:38.927+0000][8][gc,heap     ] GC(44) Survivor regions: 1->1(3)
[2021-05-05T01:13:38.927+0000][8][gc,heap     ] GC(44) Old regions: 25->25
[2021-05-05T01:13:38.927+0000][8][gc,heap     ] GC(44) Archive regions: 2->2
[2021-05-05T01:13:38.927+0000][8][gc,heap     ] GC(44) Humongous regions: 2->2
[2021-05-05T01:13:38.927+0000][8][gc,metaspace] GC(44) Metaspace: 105246K(109928K)->105246K(109928K) NonClass: 91370K(94696K)->91370K(94696K) Class: 13875K(15232K)->13875K(15232K)
[2021-05-05T01:13:38.927+0000][8][gc          ] GC(44) Pause Young (Normal) (G1 Evacuation Pause) 202M->114M(256M) 15.629ms
[2021-05-05T01:13:38.927+0000][8][gc,cpu      ] GC(44) User=0.05s Sys=0.00s Real=0.01s
[2021-05-05T01:13:38.927+0000][8][safepoint   ] Safepoint "G1CollectForAllocation", Time since last: 1295159902 ns, Reaching safepoint: 311101 ns, At safepoint: 15870001 ns, Total: 16181102 ns
[2021-05-05T01:13:39.928+0000][8][safepoint   ] Safepoint "Cleanup", Time since last: 1000218821 ns, Reaching safepoint: 351657 ns, At safepoint: 36383 ns, Total: 388040 ns
[2021-05-05T01:13:57.930+0000][8][safepoint   ] Safepoint "Cleanup", Time since last: 18002240780 ns, Reaching safepoint: 125982 ns, At safepoint: 6582 ns, Total: 132564 ns
[2021-05-05T01:14:01.930+0000][8][safepoint   ] Safepoint "Cleanup", Time since last: 4000346527 ns, Reaching safepoint: 118050 ns, At safepoint: 7914 ns, Total: 125964 ns
[2021-05-05T01:14:02.931+0000][8][safepoint   ] Safepoint "Cleanup", Time since last: 1000132916 ns, Reaching safepoint: 164174 ns, At safepoint: 8326 ns, Total: 172500 ns
[2021-05-05T01:14:04.931+0000][8][safepoint   ] Safepoint "Cleanup", Time since last: 2000241020 ns, Reaching safepoint: 92651 ns, At safepoint: 7138 ns, Total: 99789 ns
[2021-05-05T01:14:06.931+0000][8][safepoint   ] Safepoint "Cleanup", Time since last: 2000216617 ns, Reaching safepoint: 148576 ns, At safepoint: 10274 ns, Total: 158850 ns
[2021-05-05T01:14:07.932+0000][8][safepoint   ] Safepoint "Cleanup", Time since last: 1000202896 ns, Reaching safepoint: 146727 ns, At safepoint: 7362 ns, Total: 154089 ns
[2021-05-05T01:14:25.934+0000][8][safepoint   ] Safepoint "Cleanup", Time since last: 18002093545 ns, Reaching safepoint: 440731 ns, At safepoint: 31775 ns, Total: 472506 ns
[2021-05-05T01:14:28.935+0000][8][safepoint   ] Safepoint "Cleanup", Time since last: 3000357077 ns, Reaching safepoint: 101988 ns, At safepoint: 4783 ns, Total: 106771 ns
[2021-05-05T01:14:30.936+0000][8][safepoint   ] Safepoint "Cleanup", Time since last: 2000293102 ns, Reaching safepoint: 322661 ns, At safepoint: 33655 ns, Total: 356316 ns
[2021-05-05T01:14:32.936+0000][8][safepoint   ] Safepoint "Cleanup", Time since last: 2000220641 ns, Reaching safepoint: 103843 ns, At safepoint: 4628 ns, Total: 108471 ns
[2021-05-05T01:14:33.937+0000][8][safepoint   ] Safepoint "Cleanup", Time since last: 1000159613 ns, Reaching safepoint: 501946 ns, At safepoint: 84973 ns, Total: 586919 ns
[2021-05-05T01:14:34.937+0000][8][safepoint   ] Safepoint "Cleanup", Time since last: 1000331812 ns, Reaching safepoint: 413471 ns, At safepoint: 36967 ns, Total: 450438 ns
[2021-05-05T01:14:36.938+0000][8][safepoint   ] Safepoint "Cleanup", Time since last: 2000323646 ns, Reaching safepoint: 104537 ns, At safepoint: 6243 ns, Total: 110780 ns
[2021-05-05T01:14:40.939+0000][8][safepoint   ] Safepoint "Cleanup", Time since last: 4000730928 ns, Reaching safepoint: 321241 ns, At safepoint: 27113 ns, Total: 348354 ns
[2021-05-05T01:14:44.940+0000][8][safepoint   ] Safepoint "Cleanup", Time since last: 4000661438 ns, Reaching safepoint: 422456 ns, At safepoint: 33245 ns, Total: 455701 ns
[2021-05-05T01:14:52.942+0000][8][safepoint   ] Safepoint "Cleanup", Time since last: 8001122965 ns, Reaching safepoint: 461062 ns, At safepoint: 50292 ns, Total: 511354 ns
[2021-05-05T01:14:54.942+0000][8][safepoint   ] Safepoint "Cleanup", Time since last: 2000305714 ns, Reaching safepoint: 110516 ns, At safepoint: 5005 ns, Total: 115521 ns
[2021-05-05T01:14:55.942+0000][8][safepoint   ] Safepoint "Cleanup", Time since last: 1000099762 ns, Reaching safepoint: 109073 ns, At safepoint: 8089 ns, Total: 117162 ns
[2021-05-05T01:14:57.943+0000][8][safepoint   ] Safepoint "Cleanup", Time since last: 2000180865 ns, Reaching safepoint: 81284 ns, At safepoint: 5673 ns, Total: 86957 ns
[2021-05-05T01:15:00.943+0000][8][safepoint   ] Safepoint "Cleanup", Time since last: 3000468779 ns, Reaching safepoint: 367884 ns, At safepoint: 24436 ns, Total: 392320 ns
[2021-05-05T01:15:04.947+0000][8][safepoint   ] Safepoint "Cleanup", Time since last: 4003284596 ns, Reaching safepoint: 298090 ns, At safepoint: 21979 ns, Total: 320069 ns
[2021-05-05T01:15:06.948+0000][8][safepoint   ] Safepoint "Cleanup", Time since last: 2000724872 ns, Reaching safepoint: 342227 ns, At safepoint: 22722 ns, Total: 364949 ns
[2021-05-05T01:15:24.950+0000][8][safepoint   ] Safepoint "Cleanup", Time since last: 18001585794 ns, Reaching safepoint: 366152 ns, At safepoint: 29419 ns, Total: 395571 ns
[2021-05-05T01:15:31.952+0000][8][safepoint   ] Safepoint "Cleanup", Time since last: 7000916957 ns, Reaching safepoint: 504423 ns, At safepoint: 35125 ns, Total: 539548 ns
[2021-05-05T01:15:32.952+0000][8][safepoint   ] Safepoint "Cleanup", Time since last: 1000498819 ns, Reaching safepoint: 350175 ns, At safepoint: 26632 ns, Total: 376807 ns
[2021-05-05T01:15:33.953+0000][8][safepoint   ] Safepoint "Cleanup", Time since last: 1000262835 ns, Reaching safepoint: 368399 ns, At safepoint: 21647 ns, Total: 390046 ns
[2021-05-05T01:15:34.954+0000][8][safepoint   ] Safepoint "Cleanup", Time since last: 1000227595 ns, Reaching safepoint: 209793 ns, At safepoint: 20629 ns, Total: 230422 ns
[2021-05-05T01:15:36.954+0000][8][safepoint   ] Safepoint "Cleanup", Time since last: 2000367190 ns, Reaching safepoint: 285573 ns, At safepoint: 26941 ns, Total: 312514 ns
[2021-05-05T01:15:47.957+0000][8][safepoint   ] Safepoint "Cleanup", Time since last: 11002110785 ns, Reaching safepoint: 225535 ns, At safepoint: 14293 ns, Total: 239828 ns
[2021-05-05T01:15:51.063+0000][8][gc,start    ] GC(45) Pause Young (Concurrent Start) (G1 Evacuation Pause)
[2021-05-05T01:15:51.063+0000][8][gc,task     ] GC(45) Using 6 workers of 8 for evacuation
[2021-05-05T01:15:51.063+0000][8][gc,age      ] GC(45) Desired survivor size 6291456 bytes, new threshold 15 (max threshold 15)
[2021-05-05T01:15:51.074+0000][8][gc,age      ] GC(45) Age table with threshold 15 (max threshold 15)
[2021-05-05T01:15:51.074+0000][8][gc,age      ] GC(45) - age   1:     528080 bytes,     528080 total
[2021-05-05T01:15:51.074+0000][8][gc,age      ] GC(45) - age   2:      13424 bytes,     541504 total
[2021-05-05T01:15:51.074+0000][8][gc,age      ] GC(45) - age   3:     156936 bytes,     698440 total
[2021-05-05T01:15:51.074+0000][8][gc,age      ] GC(45) - age   4:      90912 bytes,     789352 total
[2021-05-05T01:15:51.074+0000][8][gc,age      ] GC(45) - age   5:      18840 bytes,     808192 total
[2021-05-05T01:15:51.074+0000][8][gc,age      ] GC(45) - age   6:     717952 bytes,    1526144 total
[2021-05-05T01:15:51.074+0000][8][gc,age      ] GC(45) - age   7:     980504 bytes,    2506648 total
[2021-05-05T01:15:51.074+0000][8][gc,age      ] GC(45) - age   8:      24552 bytes,    2531200 total
[2021-05-05T01:15:51.075+0000][8][gc,age      ] GC(45) - age   9:     681632 bytes,    3212832 total
[2021-05-05T01:15:51.075+0000][8][gc,phases   ] GC(45)   Pre Evacuate Collection Set: 0.4ms
[2021-05-05T01:15:51.075+0000][8][gc,phases   ] GC(45)   Merge Heap Roots: 0.2ms
[2021-05-05T01:15:51.075+0000][8][gc,phases   ] GC(45)   Evacuate Collection Set: 9.6ms
[2021-05-05T01:15:51.075+0000][8][gc,phases   ] GC(45)   Post Evacuate Collection Set: 1.3ms
[2021-05-05T01:15:51.075+0000][8][gc,phases   ] GC(45)   Other: 0.6ms
[2021-05-05T01:15:51.075+0000][8][gc,heap     ] GC(45) Eden regions: 22->0(22)
[2021-05-05T01:15:51.075+0000][8][gc,heap     ] GC(45) Survivor regions: 1->1(3)
[2021-05-05T01:15:51.075+0000][8][gc,heap     ] GC(45) Old regions: 25->25
[2021-05-05T01:15:51.075+0000][8][gc,heap     ] GC(45) Archive regions: 2->2
[2021-05-05T01:15:51.075+0000][8][gc,heap     ] GC(45) Humongous regions: 2->2
[2021-05-05T01:15:51.075+0000][8][gc,metaspace] GC(45) Metaspace: 105451K(110184K)->105451K(110184K) NonClass: 91573K(94952K)->91573K(94952K) Class: 13877K(15232K)->13877K(15232K)
[2021-05-05T01:15:51.075+0000][8][gc          ] GC(45) Pause Young (Concurrent Start) (G1 Evacuation Pause) 202M->114M(256M) 12.374ms
[2021-05-05T01:15:51.075+0000][8][gc,cpu      ] GC(45) User=0.04s Sys=0.00s Real=0.01s
[2021-05-05T01:15:51.075+0000][8][safepoint   ] Safepoint "G1CollectForAllocation", Time since last: 3105479706 ns, Reaching safepoint: 447125 ns, At safepoint: 12629325 ns, Total: 13076450 ns
[2021-05-05T01:15:51.075+0000][8][gc          ] GC(46) Concurrent Cycle
[2021-05-05T01:15:51.075+0000][8][gc,marking  ] GC(46) Concurrent Clear Claimed Marks
[2021-05-05T01:15:51.075+0000][8][gc,marking  ] GC(46) Concurrent Clear Claimed Marks 0.154ms
[2021-05-05T01:15:51.075+0000][8][gc,marking  ] GC(46) Concurrent Scan Root Regions
[2021-05-05T01:15:51.083+0000][8][gc,marking  ] GC(46) Concurrent Scan Root Regions 8.039ms
[2021-05-05T01:15:51.083+0000][8][gc,marking  ] GC(46) Concurrent Mark (998.879s)
[2021-05-05T01:15:51.083+0000][8][gc,marking  ] GC(46) Concurrent Mark From Roots
[2021-05-05T01:15:51.084+0000][8][gc,task     ] GC(46) Using 2 workers of 2 for marking
[2021-05-05T01:15:51.269+0000][8][gc,marking  ] GC(46) Concurrent Mark From Roots 185.959ms
[2021-05-05T01:15:51.269+0000][8][gc,marking  ] GC(46) Concurrent Preclean
[2021-05-05T01:15:51.270+0000][8][gc,marking  ] GC(46) Concurrent Preclean 0.269ms
[2021-05-05T01:15:51.270+0000][8][gc,marking  ] GC(46) Concurrent Mark (998.879s, 999.065s) 186.312ms
[2021-05-05T01:15:51.270+0000][8][gc,start    ] GC(46) Pause Remark
[2021-05-05T01:15:51.275+0000][8][gc          ] GC(46) Pause Remark 114M->114M(256M) 5.059ms
[2021-05-05T01:15:51.275+0000][8][gc,cpu      ] GC(46) User=0.02s Sys=0.00s Real=0.00s
[2021-05-05T01:15:51.275+0000][8][safepoint   ] Safepoint "G1Concurrent", Time since last: 194705955 ns, Reaching safepoint: 97700 ns, At safepoint: 5139180 ns, Total: 5236880 ns
[2021-05-05T01:15:51.275+0000][8][gc,marking  ] GC(46) Concurrent Rebuild Remembered Sets
[2021-05-05T01:15:51.341+0000][8][gc,marking  ] GC(46) Concurrent Rebuild Remembered Sets 66.152ms
[2021-05-05T01:15:51.341+0000][8][gc,start    ] GC(46) Pause Cleanup
[2021-05-05T01:15:51.341+0000][8][gc          ] GC(46) Pause Cleanup 114M->114M(256M) 0.074ms
[2021-05-05T01:15:51.341+0000][8][gc,cpu      ] GC(46) User=0.00s Sys=0.00s Real=0.00s
[2021-05-05T01:15:51.342+0000][8][safepoint   ] Safepoint "G1Concurrent", Time since last: 66247992 ns, Reaching safepoint: 105249 ns, At safepoint: 118268 ns, Total: 223517 ns
[2021-05-05T01:15:51.342+0000][8][gc,marking  ] GC(46) Concurrent Cleanup for Next Mark
[2021-05-05T01:15:51.342+0000][8][gc,marking  ] GC(46) Concurrent Cleanup for Next Mark 0.195ms
[2021-05-05T01:15:51.342+0000][8][gc          ] GC(46) Concurrent Cycle 266.689ms
[2021-05-05T01:15:58.343+0000][8][safepoint   ] Safepoint "Cleanup", Time since last: 7000772298 ns, Reaching safepoint: 241962 ns, At safepoint: 14417 ns, Total: 256379 ns
[2021-05-05T01:15:59.343+0000][8][safepoint   ] Safepoint "Cleanup", Time since last: 1000185788 ns, Reaching safepoint: 354149 ns, At safepoint: 31761 ns, Total: 385910 ns
[2021-05-05T01:16:01.344+0000][8][safepoint   ] Safepoint "Cleanup", Time since last: 2000394134 ns, Reaching safepoint: 352768 ns, At safepoint: 27062 ns, Total: 379830 ns
[2021-05-05T01:16:04.345+0000][8][safepoint   ] Safepoint "Cleanup", Time since last: 3000894590 ns, Reaching safepoint: 396541 ns, At safepoint: 25376 ns, Total: 421917 ns
[2021-05-05T01:16:07.346+0000][8][safepoint   ] Safepoint "Cleanup", Time since last: 3000534726 ns, Reaching safepoint: 285773 ns, At safepoint: 19402 ns, Total: 305175 ns
[2021-05-05T01:16:08.347+0000][8][safepoint   ] Safepoint "Cleanup", Time since last: 1000490061 ns, Reaching safepoint: 363963 ns, At safepoint: 33222 ns, Total: 397185 ns
[2021-05-05T01:16:15.349+0000][8][safepoint   ] Safepoint "Cleanup", Time since last: 7001210619 ns, Reaching safepoint: 400723 ns, At safepoint: 23823 ns, Total: 424546 ns
[2021-05-05T01:16:34.352+0000][8][safepoint   ] Safepoint "Cleanup", Time since last: 19002744873 ns, Reaching safepoint: 395785 ns, At safepoint: 31522 ns, Total: 427307 ns
[2021-05-05T01:16:35.865+0000][8][safepoint   ] Safepoint "Cleanup", Time since last: 1512554789 ns, Reaching safepoint: 376445 ns, At safepoint: 33384 ns, Total: 409829 ns
[2021-05-05T01:16:36.865+0000][8][safepoint   ] Safepoint "Cleanup", Time since last: 1000209608 ns, Reaching safepoint: 336964 ns, At safepoint: 30721 ns, Total: 367685 ns
[2021-05-05T01:16:38.866+0000][8][safepoint   ] Safepoint "Cleanup", Time since last: 2000620330 ns, Reaching safepoint: 341603 ns, At safepoint: 29699 ns, Total: 371302 ns
[2021-05-05T01:16:42.867+0000][8][safepoint   ] Safepoint "Cleanup", Time since last: 4000766947 ns, Reaching safepoint: 391023 ns, At safepoint: 30993 ns, Total: 422016 ns
[2021-05-05T01:16:57.870+0000][8][safepoint   ] Safepoint "Cleanup", Time since last: 15002133467 ns, Reaching safepoint: 438594 ns, At safepoint: 33662 ns, Total: 472256 ns
[2021-05-05T01:17:00.871+0000][8][safepoint   ] Safepoint "Cleanup", Time since last: 3000535182 ns, Reaching safepoint: 339109 ns, At safepoint: 22728 ns, Total: 361837 ns
[2021-05-05T01:17:01.872+0000][8][safepoint   ] Safepoint "Cleanup", Time since last: 1000247367 ns, Reaching safepoint: 360115 ns, At safepoint: 36697 ns, Total: 396812 ns
[2021-05-05T01:17:06.873+0000][8][safepoint   ] Safepoint "Cleanup", Time since last: 5001004998 ns, Reaching safepoint: 424624 ns, At safepoint: 32625 ns, Total: 457249 ns
[2021-05-05T01:17:10.874+0000][8][safepoint   ] Safepoint "Cleanup", Time since last: 4000930497 ns, Reaching safepoint: 361622 ns, At safepoint: 21069 ns, Total: 382691 ns
[2021-05-05T01:17:33.879+0000][8][safepoint   ] Safepoint "Cleanup", Time since last: 23003950992 ns, Reaching safepoint: 503299 ns, At safepoint: 40491 ns, Total: 543790 ns
[2021-05-05T01:17:34.880+0000][8][safepoint   ] Safepoint "Cleanup", Time since last: 1000547979 ns, Reaching safepoint: 360885 ns, At safepoint: 29125 ns, Total: 390010 ns
[2021-05-05T01:18:04.885+0000][8][safepoint   ] Safepoint "Cleanup", Time since last: 30004916308 ns, Reaching safepoint: 428627 ns, At safepoint: 34136 ns, Total: 462763 ns
[2021-05-05T01:18:06.721+0000][8][gc,start    ] GC(47) Pause Young (Normal) (G1 Evacuation Pause)
[2021-05-05T01:18:06.721+0000][8][gc,task     ] GC(47) Using 6 workers of 8 for evacuation
[2021-05-05T01:18:06.721+0000][8][gc,age      ] GC(47) Desired survivor size 6291456 bytes, new threshold 15 (max threshold 15)
[2021-05-05T01:18:06.731+0000][8][gc,age      ] GC(47) Age table with threshold 15 (max threshold 15)
[2021-05-05T01:18:06.731+0000][8][gc,age      ] GC(47) - age   1:     603688 bytes,     603688 total
[2021-05-05T01:18:06.731+0000][8][gc,age      ] GC(47) - age   2:      13008 bytes,     616696 total
[2021-05-05T01:18:06.731+0000][8][gc,age      ] GC(47) - age   3:      10136 bytes,     626832 total
[2021-05-05T01:18:06.731+0000][8][gc,age      ] GC(47) - age   4:     156936 bytes,     783768 total
[2021-05-05T01:18:06.731+0000][8][gc,age      ] GC(47) - age   5:      90528 bytes,     874296 total
[2021-05-05T01:18:06.731+0000][8][gc,age      ] GC(47) - age   6:      18840 bytes,     893136 total
[2021-05-05T01:18:06.731+0000][8][gc,age      ] GC(47) - age   7:     717952 bytes,    1611088 total
[2021-05-05T01:18:06.731+0000][8][gc,age      ] GC(47) - age   8:     980504 bytes,    2591592 total
[2021-05-05T01:18:06.731+0000][8][gc,age      ] GC(47) - age   9:      24552 bytes,    2616144 total
[2021-05-05T01:18:06.731+0000][8][gc,age      ] GC(47) - age  10:     681632 bytes,    3297776 total
[2021-05-05T01:18:06.731+0000][8][gc,phases   ] GC(47)   Pre Evacuate Collection Set: 0.2ms
[2021-05-05T01:18:06.731+0000][8][gc,phases   ] GC(47)   Merge Heap Roots: 0.2ms
[2021-05-05T01:18:06.731+0000][8][gc,phases   ] GC(47)   Evacuate Collection Set: 8.4ms
[2021-05-05T01:18:06.731+0000][8][gc,phases   ] GC(47)   Post Evacuate Collection Set: 1.1ms
[2021-05-05T01:18:06.731+0000][8][gc,phases   ] GC(47)   Other: 0.5ms
[2021-05-05T01:18:06.731+0000][8][gc,heap     ] GC(47) Eden regions: 22->0(23)
[2021-05-05T01:18:06.731+0000][8][gc,heap     ] GC(47) Survivor regions: 1->1(3)
[2021-05-05T01:18:06.731+0000][8][gc,heap     ] GC(47) Old regions: 25->25
[2021-05-05T01:18:06.731+0000][8][gc,heap     ] GC(47) Archive regions: 2->2
[2021-05-05T01:18:06.731+0000][8][gc,heap     ] GC(47) Humongous regions: 2->2
[2021-05-05T01:18:06.731+0000][8][gc,metaspace] GC(47) Metaspace: 105519K(110184K)->105519K(110184K) NonClass: 91642K(94952K)->91642K(94952K) Class: 13877K(15232K)->13877K(15232K)
[2021-05-05T01:18:06.731+0000][8][gc          ] GC(47) Pause Young (Normal) (G1 Evacuation Pause) 202M->114M(256M) 10.312ms
[2021-05-05T01:18:06.731+0000][8][gc,cpu      ] GC(47) User=0.04s Sys=0.00s Real=0.01s
[2021-05-05T01:18:06.731+0000][8][safepoint   ] Safepoint "G1CollectForAllocation", Time since last: 1835035421 ns, Reaching safepoint: 493100 ns, At safepoint: 10481996 ns, Total: 10975096 ns
[2021-05-05T01:18:07.732+0000][8][safepoint   ] Safepoint "Cleanup", Time since last: 1000318045 ns, Reaching safepoint: 395110 ns, At safepoint: 36004 ns, Total: 431114 ns
[2021-05-05T01:18:12.733+0000][8][safepoint   ] Safepoint "Cleanup", Time since last: 5000881928 ns, Reaching safepoint: 358542 ns, At safepoint: 30287 ns, Total: 388829 ns
[2021-05-05T01:18:15.741+0000][8][safepoint   ] Safepoint "Cleanup", Time since last: 3007397596 ns, Reaching safepoint: 363860 ns, At safepoint: 27772 ns, Total: 391632 ns
[2021-05-05T01:18:27.744+0000][8][safepoint   ] Safepoint "Cleanup", Time since last: 12002017613 ns, Reaching safepoint: 439101 ns, At safepoint: 37200 ns, Total: 476301 ns
[2021-05-05T01:18:30.745+0000][8][safepoint   ] Safepoint "Cleanup", Time since last: 3000821913 ns, Reaching safepoint: 441466 ns, At safepoint: 25723 ns, Total: 467189 ns
[2021-05-05T01:18:32.746+0000][8][safepoint   ] Safepoint "Cleanup", Time since last: 2000350931 ns, Reaching safepoint: 331242 ns, At safepoint: 31710 ns, Total: 362952 ns
[2021-05-05T01:18:33.746+0000][8][safepoint   ] Safepoint "Cleanup", Time since last: 1000507188 ns, Reaching safepoint: 440064 ns, At safepoint: 23825 ns, Total: 463889 ns
[2021-05-05T01:18:35.747+0000][8][safepoint   ] Safepoint "Cleanup", Time since last: 2000295677 ns, Reaching safepoint: 453145 ns, At safepoint: 36711 ns, Total: 489856 ns
[2021-05-05T01:18:36.748+0000][8][safepoint   ] Safepoint "Cleanup", Time since last: 1000161538 ns, Reaching safepoint: 112375 ns, At safepoint: 5960 ns, Total: 118335 ns
[2021-05-05T01:18:52.750+0000][8][safepoint   ] Safepoint "Cleanup", Time since last: 16002284125 ns, Reaching safepoint: 358933 ns, At safepoint: 24679 ns, Total: 383612 ns
[2021-05-05T01:19:02.752+0000][8][safepoint   ] Safepoint "Cleanup", Time since last: 10001369483 ns, Reaching safepoint: 427057 ns, At safepoint: 43921 ns, Total: 470978 ns
[2021-05-05T01:19:15.755+0000][8][safepoint   ] Safepoint "Cleanup", Time since last: 13002316494 ns, Reaching safepoint: 510438 ns, At safepoint: 27416 ns, Total: 537854 ns
[2021-05-05T01:19:23.757+0000][8][safepoint   ] Safepoint "Cleanup", Time since last: 8001606439 ns, Reaching safepoint: 549970 ns, At safepoint: 45239 ns, Total: 595209 ns
[2021-05-05T01:19:25.758+0000][8][safepoint   ] Safepoint "Cleanup", Time since last: 2000410294 ns, Reaching safepoint: 415919 ns, At safepoint: 29347 ns, Total: 445266 ns
[2021-05-05T01:19:27.759+0000][8][safepoint   ] Safepoint "Cleanup", Time since last: 2000389317 ns, Reaching safepoint: 398919 ns, At safepoint: 30700 ns, Total: 429619 ns
[2021-05-05T01:19:30.760+0000][8][safepoint   ] Safepoint "Cleanup", Time since last: 3000816238 ns, Reaching safepoint: 554985 ns, At safepoint: 52703 ns, Total: 607688 ns
[2021-05-05T01:19:31.761+0000][8][safepoint   ] Safepoint "Cleanup", Time since last: 1000281863 ns, Reaching safepoint: 442356 ns, At safepoint: 26538 ns, Total: 468894 ns
[2021-05-05T01:19:33.761+0000][8][safepoint   ] Safepoint "Cleanup", Time since last: 2000354955 ns, Reaching safepoint: 124168 ns, At safepoint: 8525 ns, Total: 132693 ns
[2021-05-05T01:19:34.762+0000][8][safepoint   ] Safepoint "Cleanup", Time since last: 1000183147 ns, Reaching safepoint: 279931 ns, At safepoint: 23939 ns, Total: 303870 ns
[2021-05-05T01:19:36.763+0000][8][safepoint   ] Safepoint "Cleanup", Time since last: 2000573994 ns, Reaching safepoint: 164229 ns, At safepoint: 8434 ns, Total: 172663 ns
[2021-05-05T01:19:38.764+0000][8][safepoint   ] Safepoint "Cleanup", Time since last: 2000489901 ns, Reaching safepoint: 409464 ns, At safepoint: 31246 ns, Total: 440710 ns
[2021-05-05T01:19:41.765+0000][8][safepoint   ] Safepoint "Cleanup", Time since last: 3000515751 ns, Reaching safepoint: 372773 ns, At safepoint: 28803 ns, Total: 401576 ns
[2021-05-05T01:19:52.581+0000][8][gc,start    ] GC(48) Pause Young (Concurrent Start) (G1 Evacuation Pause)
[2021-05-05T01:19:52.581+0000][8][gc,task     ] GC(48) Using 6 workers of 8 for evacuation
[2021-05-05T01:19:52.581+0000][8][gc,age      ] GC(48) Desired survivor size 6291456 bytes, new threshold 15 (max threshold 15)
[2021-05-05T01:19:52.599+0000][8][gc,age      ] GC(48) Age table with threshold 15 (max threshold 15)
[2021-05-05T01:19:52.599+0000][8][gc,age      ] GC(48) - age   1:     822352 bytes,     822352 total
[2021-05-05T01:19:52.600+0000][8][gc,age      ] GC(48) - age   2:       3952 bytes,     826304 total
[2021-05-05T01:19:52.600+0000][8][gc,age      ] GC(48) - age   3:       9976 bytes,     836280 total
[2021-05-05T01:19:52.600+0000][8][gc,age      ] GC(48) - age   4:      10136 bytes,     846416 total
[2021-05-05T01:19:52.600+0000][8][gc,age      ] GC(48) - age   5:      44784 bytes,     891200 total
[2021-05-05T01:19:52.600+0000][8][gc,age      ] GC(48) - age   6:      58408 bytes,     949608 total
[2021-05-05T01:19:52.600+0000][8][gc,age      ] GC(48) - age   7:      18840 bytes,     968448 total
[2021-05-05T01:19:52.600+0000][8][gc,age      ] GC(48) - age   8:     717712 bytes,    1686160 total
[2021-05-05T01:19:52.600+0000][8][gc,age      ] GC(48) - age   9:     980504 bytes,    2666664 total
[2021-05-05T01:19:52.600+0000][8][gc,age      ] GC(48) - age  10:      24552 bytes,    2691216 total
[2021-05-05T01:19:52.600+0000][8][gc,age      ] GC(48) - age  11:     681432 bytes,    3372648 total
[2021-05-05T01:19:52.600+0000][8][gc,phases   ] GC(48)   Pre Evacuate Collection Set: 0.7ms
[2021-05-05T01:19:52.600+0000][8][gc,phases   ] GC(48)   Merge Heap Roots: 0.3ms
[2021-05-05T01:19:52.600+0000][8][gc,phases   ] GC(48)   Evacuate Collection Set: 15.1ms
[2021-05-05T01:19:52.600+0000][8][gc,phases   ] GC(48)   Post Evacuate Collection Set: 2.1ms
[2021-05-05T01:19:52.600+0000][8][gc,phases   ] GC(48)   Other: 1.2ms
[2021-05-05T01:19:52.600+0000][8][gc,heap     ] GC(48) Eden regions: 23->0(23)
[2021-05-05T01:19:52.600+0000][8][gc,heap     ] GC(48) Survivor regions: 1->1(3)
[2021-05-05T01:19:52.600+0000][8][gc,heap     ] GC(48) Old regions: 25->25
[2021-05-05T01:19:52.600+0000][8][gc,heap     ] GC(48) Archive regions: 2->2
[2021-05-05T01:19:52.601+0000][8][gc,heap     ] GC(48) Humongous regions: 2->2
[2021-05-05T01:19:52.601+0000][8][gc,metaspace] GC(48) Metaspace: 105737K(110440K)->105737K(110440K) NonClass: 91858K(95208K)->91858K(95208K) Class: 13878K(15232K)->13878K(15232K)
[2021-05-05T01:19:52.601+0000][8][gc          ] GC(48) Pause Young (Concurrent Start) (G1 Evacuation Pause) 206M->114M(256M) 19.848ms
[2021-05-05T01:19:52.601+0000][8][gc,cpu      ] GC(48) User=0.07s Sys=0.00s Real=0.02s
[2021-05-05T01:19:52.601+0000][8][safepoint   ] Safepoint "G1CollectForAllocation", Time since last: 10815801374 ns, Reaching safepoint: 418486 ns, At safepoint: 20199944 ns, Total: 20618430 ns
[2021-05-05T01:19:52.601+0000][8][gc          ] GC(49) Concurrent Cycle
[2021-05-05T01:19:52.601+0000][8][gc,marking  ] GC(49) Concurrent Clear Claimed Marks
[2021-05-05T01:19:52.601+0000][8][gc,marking  ] GC(49) Concurrent Clear Claimed Marks 0.190ms
[2021-05-05T01:19:52.601+0000][8][gc,marking  ] GC(49) Concurrent Scan Root Regions
[2021-05-05T01:19:52.611+0000][8][gc,marking  ] GC(49) Concurrent Scan Root Regions 9.951ms
[2021-05-05T01:19:52.611+0000][8][gc,marking  ] GC(49) Concurrent Mark (1240.407s)
[2021-05-05T01:19:52.611+0000][8][gc,marking  ] GC(49) Concurrent Mark From Roots
[2021-05-05T01:19:52.611+0000][8][gc,task     ] GC(49) Using 2 workers of 2 for marking
[2021-05-05T01:19:52.722+0000][8][gc,marking  ] GC(49) Concurrent Mark From Roots 110.528ms
[2021-05-05T01:19:52.722+0000][8][gc,marking  ] GC(49) Concurrent Preclean
[2021-05-05T01:19:52.722+0000][8][gc,marking  ] GC(49) Concurrent Preclean 0.207ms
[2021-05-05T01:19:52.722+0000][8][gc,marking  ] GC(49) Concurrent Mark (1240.407s, 1240.517s) 110.808ms
[2021-05-05T01:19:52.722+0000][8][gc,start    ] GC(49) Pause Remark
[2021-05-05T01:19:52.727+0000][8][gc          ] GC(49) Pause Remark 114M->114M(256M) 5.107ms
[2021-05-05T01:19:52.728+0000][8][gc,cpu      ] GC(49) User=0.02s Sys=0.00s Real=0.00s
[2021-05-05T01:19:52.728+0000][8][safepoint   ] Safepoint "G1Concurrent", Time since last: 121271182 ns, Reaching safepoint: 102283 ns, At safepoint: 5213515 ns, Total: 5315798 ns
[2021-05-05T01:19:52.728+0000][8][gc,marking  ] GC(49) Concurrent Rebuild Remembered Sets
[2021-05-05T01:19:52.789+0000][8][gc,marking  ] GC(49) Concurrent Rebuild Remembered Sets 61.037ms
[2021-05-05T01:19:52.789+0000][8][gc,start    ] GC(49) Pause Cleanup
[2021-05-05T01:19:52.789+0000][8][gc          ] GC(49) Pause Cleanup 114M->114M(256M) 0.086ms
[2021-05-05T01:19:52.789+0000][8][gc,cpu      ] GC(49) User=0.00s Sys=0.00s Real=0.00s
[2021-05-05T01:19:52.789+0000][8][safepoint   ] Safepoint "G1Concurrent", Time since last: 61124352 ns, Reaching safepoint: 113777 ns, At safepoint: 142418 ns, Total: 256195 ns
[2021-05-05T01:19:52.789+0000][8][gc,marking  ] GC(49) Concurrent Cleanup for Next Mark
[2021-05-05T01:19:52.789+0000][8][gc,marking  ] GC(49) Concurrent Cleanup for Next Mark 0.153ms
[2021-05-05T01:19:52.789+0000][8][gc          ] GC(49) Concurrent Cycle 188.180ms
[2021-05-05T01:20:04.791+0000][8][safepoint   ] Safepoint "Cleanup", Time since last: 12001640527 ns, Reaching safepoint: 488689 ns, At safepoint: 36615 ns, Total: 525304 ns
[2021-05-05T01:20:05.792+0000][8][safepoint   ] Safepoint "Cleanup", Time since last: 1000287656 ns, Reaching safepoint: 439905 ns, At safepoint: 37673 ns, Total: 477578 ns
[2021-05-05T01:20:06.792+0000][8][safepoint   ] Safepoint "Cleanup", Time since last: 1000219380 ns, Reaching safepoint: 119552 ns, At safepoint: 7433 ns, Total: 126985 ns
[2021-05-05T01:20:07.793+0000][8][safepoint   ] Safepoint "Cleanup", Time since last: 1000356096 ns, Reaching safepoint: 431968 ns, At safepoint: 30300 ns, Total: 462268 ns
[2021-05-05T01:20:20.796+0000][8][safepoint   ] Safepoint "Cleanup", Time since last: 13001965365 ns, Reaching safepoint: 556567 ns, At safepoint: 35776 ns, Total: 592343 ns
[2021-05-05T01:20:31.798+0000][8][safepoint   ] Safepoint "Cleanup", Time since last: 11001565542 ns, Reaching safepoint: 381033 ns, At safepoint: 33543 ns, Total: 414576 ns
[2021-05-05T01:20:33.798+0000][8][safepoint   ] Safepoint "Cleanup", Time since last: 2000325795 ns, Reaching safepoint: 367667 ns, At safepoint: 38803 ns, Total: 406470 ns
[2021-05-05T01:20:34.799+0000][8][safepoint   ] Safepoint "Cleanup", Time since last: 1000221338 ns, Reaching safepoint: 380523 ns, At safepoint: 42396 ns, Total: 422919 ns
[2021-05-05T01:20:36.800+0000][8][safepoint   ] Safepoint "Cleanup", Time since last: 2000688447 ns, Reaching safepoint: 177759 ns, At safepoint: 10805 ns, Total: 188564 ns
[2021-05-05T01:20:37.801+0000][8][safepoint   ] Safepoint "Cleanup", Time since last: 1000320624 ns, Reaching safepoint: 391593 ns, At safepoint: 39265 ns, Total: 430858 ns
[2021-05-05T01:20:42.802+0000][8][safepoint   ] Safepoint "Cleanup", Time since last: 5000841924 ns, Reaching safepoint: 537093 ns, At safepoint: 47161 ns, Total: 584254 ns
[2021-05-05T01:20:44.810+0000][8][safepoint   ] Safepoint "Cleanup", Time since last: 2006858219 ns, Reaching safepoint: 671672 ns, At safepoint: 33438 ns, Total: 705110 ns
[2021-05-05T01:20:47.811+0000][8][safepoint   ] Safepoint "Cleanup", Time since last: 3000567174 ns, Reaching safepoint: 381125 ns, At safepoint: 26367 ns, Total: 407492 ns
[2021-05-05T01:20:50.818+0000][8][safepoint   ] Safepoint "Cleanup", Time since last: 3007118741 ns, Reaching safepoint: 414319 ns, At safepoint: 30184 ns, Total: 444503 ns
[2021-05-05T01:20:51.819+0000][8][safepoint   ] Safepoint "Cleanup", Time since last: 1000233956 ns, Reaching safepoint: 315291 ns, At safepoint: 30682 ns, Total: 345973 ns
[2021-05-05T01:21:00.821+0000][8][safepoint   ] Safepoint "Cleanup", Time since last: 9001325429 ns, Reaching safepoint: 578000 ns, At safepoint: 43643 ns, Total: 621643 ns
[2021-05-05T01:21:01.821+0000][8][safepoint   ] Safepoint "Cleanup", Time since last: 1000301374 ns, Reaching safepoint: 326045 ns, At safepoint: 22860 ns, Total: 348905 ns
[2021-05-05T01:21:05.822+0000][8][safepoint   ] Safepoint "Cleanup", Time since last: 4000668106 ns, Reaching safepoint: 371423 ns, At safepoint: 30479 ns, Total: 401902 ns
[2021-05-05T01:21:06.823+0000][8][safepoint   ] Safepoint "Cleanup", Time since last: 1000209994 ns, Reaching safepoint: 105638 ns, At safepoint: 6623 ns, Total: 112261 ns
[2021-05-05T01:21:14.824+0000][8][safepoint   ] Safepoint "Cleanup", Time since last: 8001047706 ns, Reaching safepoint: 423853 ns, At safepoint: 47333 ns, Total: 471186 ns
[2021-05-05T01:21:15.825+0000][8][safepoint   ] Safepoint "Cleanup", Time since last: 1000243203 ns, Reaching safepoint: 343387 ns, At safepoint: 24194 ns, Total: 367581 ns
[2021-05-05T01:21:33.828+0000][8][safepoint   ] Safepoint "Cleanup", Time since last: 18002606889 ns, Reaching safepoint: 360847 ns, At safepoint: 26622 ns, Total: 387469 ns
[2021-05-05T01:21:36.828+0000][8][safepoint   ] Safepoint "Cleanup", Time since last: 3000478917 ns, Reaching safepoint: 161966 ns, At safepoint: 7877 ns, Total: 169843 ns
[2021-05-05T01:21:45.830+0000][8][safepoint   ] Safepoint "Cleanup", Time since last: 9001431090 ns, Reaching safepoint: 413324 ns, At safepoint: 35848 ns, Total: 449172 ns
[2021-05-05T01:21:59.833+0000][8][safepoint   ] Safepoint "Cleanup", Time since last: 14001891585 ns, Reaching safepoint: 396792 ns, At safepoint: 25000 ns, Total: 421792 ns
[2021-05-05T01:22:00.833+0000][8][safepoint   ] Safepoint "Cleanup", Time since last: 1000258584 ns, Reaching safepoint: 322385 ns, At safepoint: 24329 ns, Total: 346714 ns
[2021-05-05T01:22:06.834+0000][8][safepoint   ] Safepoint "Cleanup", Time since last: 6000834365 ns, Reaching safepoint: 344916 ns, At safepoint: 42145 ns, Total: 387061 ns
[2021-05-05T01:22:15.837+0000][8][safepoint   ] Safepoint "Cleanup", Time since last: 9001682406 ns, Reaching safepoint: 352221 ns, At safepoint: 26390 ns, Total: 378611 ns
[2021-05-05T01:22:16.686+0000][8][gc,start    ] GC(50) Pause Young (Normal) (G1 Evacuation Pause)
[2021-05-05T01:22:16.686+0000][8][gc,task     ] GC(50) Using 6 workers of 8 for evacuation
[2021-05-05T01:22:16.686+0000][8][gc,age      ] GC(50) Desired survivor size 6291456 bytes, new threshold 15 (max threshold 15)
[2021-05-05T01:22:16.701+0000][8][gc,age      ] GC(50) Age table with threshold 15 (max threshold 15)
[2021-05-05T01:22:16.701+0000][8][gc,age      ] GC(50) - age   1:     513024 bytes,     513024 total
[2021-05-05T01:22:16.701+0000][8][gc,age      ] GC(50) - age   2:     285288 bytes,     798312 total
[2021-05-05T01:22:16.701+0000][8][gc,age      ] GC(50) - age   3:       3232 bytes,     801544 total
[2021-05-05T01:22:16.701+0000][8][gc,age      ] GC(50) - age   4:       9976 bytes,     811520 total
[2021-05-05T01:22:16.701+0000][8][gc,age      ] GC(50) - age   5:      10136 bytes,     821656 total
[2021-05-05T01:22:16.701+0000][8][gc,age      ] GC(50) - age   6:      44784 bytes,     866440 total
[2021-05-05T01:22:16.701+0000][8][gc,age      ] GC(50) - age   7:      58408 bytes,     924848 total
[2021-05-05T01:22:16.701+0000][8][gc,age      ] GC(50) - age   8:      18840 bytes,     943688 total
[2021-05-05T01:22:16.701+0000][8][gc,age      ] GC(50) - age   9:     717712 bytes,    1661400 total
[2021-05-05T01:22:16.701+0000][8][gc,age      ] GC(50) - age  10:     980504 bytes,    2641904 total
[2021-05-05T01:22:16.701+0000][8][gc,age      ] GC(50) - age  11:      24552 bytes,    2666456 total
[2021-05-05T01:22:16.701+0000][8][gc,age      ] GC(50) - age  12:     681432 bytes,    3347888 total
[2021-05-05T01:22:16.701+0000][8][gc,phases   ] GC(50)   Pre Evacuate Collection Set: 0.1ms
[2021-05-05T01:22:16.701+0000][8][gc,phases   ] GC(50)   Merge Heap Roots: 0.3ms
[2021-05-05T01:22:16.701+0000][8][gc,phases   ] GC(50)   Evacuate Collection Set: 13.0ms
[2021-05-05T01:22:16.701+0000][8][gc,phases   ] GC(50)   Post Evacuate Collection Set: 1.4ms
[2021-05-05T01:22:16.701+0000][8][gc,phases   ] GC(50)   Other: 0.6ms
[2021-05-05T01:22:16.701+0000][8][gc,heap     ] GC(50) Eden regions: 23->0(23)
[2021-05-05T01:22:16.701+0000][8][gc,heap     ] GC(50) Survivor regions: 1->1(3)
[2021-05-05T01:22:16.701+0000][8][gc,heap     ] GC(50) Old regions: 25->25
[2021-05-05T01:22:16.701+0000][8][gc,heap     ] GC(50) Archive regions: 2->2
[2021-05-05T01:22:16.701+0000][8][gc,heap     ] GC(50) Humongous regions: 2->2
[2021-05-05T01:22:16.701+0000][8][gc,metaspace] GC(50) Metaspace: 105798K(110440K)->105798K(110440K) NonClass: 91919K(95208K)->91919K(95208K) Class: 13878K(15232K)->13878K(15232K)
[2021-05-05T01:22:16.701+0000][8][gc          ] GC(50) Pause Young (Normal) (G1 Evacuation Pause) 206M->114M(256M) 15.442ms
[2021-05-05T01:22:16.702+0000][8][gc,cpu      ] GC(50) User=0.06s Sys=0.00s Real=0.02s
[2021-05-05T01:22:16.702+0000][8][safepoint   ] Safepoint "G1CollectForAllocation", Time since last: 849161964 ns, Reaching safepoint: 285128 ns, At safepoint: 15606839 ns, Total: 15891967 ns
[2021-05-05T01:22:25.704+0000][8][safepoint   ] Safepoint "Cleanup", Time since last: 9002064634 ns, Reaching safepoint: 331197 ns, At safepoint: 27350 ns, Total: 358547 ns
[2021-05-05T01:22:26.705+0000][8][safepoint   ] Safepoint "Cleanup", Time since last: 1000261959 ns, Reaching safepoint: 296380 ns, At safepoint: 25748 ns, Total: 322128 ns
[2021-05-05T01:22:33.706+0000][8][safepoint   ] Safepoint "Cleanup", Time since last: 7000768240 ns, Reaching safepoint: 395012 ns, At safepoint: 40123 ns, Total: 435135 ns
[2021-05-05T01:22:34.707+0000][8][safepoint   ] Safepoint "Cleanup", Time since last: 1000533801 ns, Reaching safepoint: 179994 ns, At safepoint: 14774 ns, Total: 194768 ns
[2021-05-05T01:22:35.707+0000][8][safepoint   ] Safepoint "Cleanup", Time since last: 1000165017 ns, Reaching safepoint: 391012 ns, At safepoint: 30376 ns, Total: 421388 ns
[2021-05-05T01:22:36.708+0000][8][safepoint   ] Safepoint "Cleanup", Time since last: 1000284959 ns, Reaching safepoint: 441728 ns, At safepoint: 36168 ns, Total: 477896 ns
[2021-05-05T01:22:37.708+0000][8][safepoint   ] Safepoint "Cleanup", Time since last: 1000203964 ns, Reaching safepoint: 260879 ns, At safepoint: 23268 ns, Total: 284147 ns
[2021-05-05T01:23:00.711+0000][8][safepoint   ] Safepoint "Cleanup", Time since last: 23002673194 ns, Reaching safepoint: 139765 ns, At safepoint: 6237 ns, Total: 146002 ns
[2021-05-05T01:23:04.712+0000][8][safepoint   ] Safepoint "Cleanup", Time since last: 4000402992 ns, Reaching safepoint: 114338 ns, At safepoint: 6517 ns, Total: 120855 ns
[2021-05-05T01:23:07.712+0000][8][safepoint   ] Safepoint "Cleanup", Time since last: 3000409387 ns, Reaching safepoint: 102077 ns, At safepoint: 7857 ns, Total: 109934 ns
[2021-05-05T01:23:08.713+0000][8][safepoint   ] Safepoint "Cleanup", Time since last: 1000291166 ns, Reaching safepoint: 106759 ns, At safepoint: 7560 ns, Total: 114319 ns
[2021-05-05T01:23:15.714+0000][8][safepoint   ] Safepoint "Cleanup", Time since last: 7000712416 ns, Reaching safepoint: 377008 ns, At safepoint: 28041 ns, Total: 405049 ns
[2021-05-05T01:23:29.716+0000][8][safepoint   ] Safepoint "Cleanup", Time since last: 14001957295 ns, Reaching safepoint: 416453 ns, At safepoint: 32739 ns, Total: 449192 ns
[2021-05-05T01:23:33.717+0000][8][safepoint   ] Safepoint "Cleanup", Time since last: 4000606161 ns, Reaching safepoint: 309749 ns, At safepoint: 25112 ns, Total: 334861 ns
[2021-05-05T01:23:34.718+0000][8][safepoint   ] Safepoint "Cleanup", Time since last: 1000446333 ns, Reaching safepoint: 538991 ns, At safepoint: 18781 ns, Total: 557772 ns
[2021-05-05T01:23:35.725+0000][8][safepoint   ] Safepoint "Cleanup", Time since last: 1006822719 ns, Reaching safepoint: 388838 ns, At safepoint: 33625 ns, Total: 422463 ns
[2021-05-05T01:23:36.726+0000][8][safepoint   ] Safepoint "Cleanup", Time since last: 1000279135 ns, Reaching safepoint: 417013 ns, At safepoint: 35233 ns, Total: 452246 ns
[2021-05-05T01:23:37.727+0000][8][safepoint   ] Safepoint "Cleanup", Time since last: 1000418131 ns, Reaching safepoint: 426160 ns, At safepoint: 37143 ns, Total: 463303 ns
[2021-05-05T01:24:01.731+0000][8][safepoint   ] Safepoint "Cleanup", Time since last: 24003745528 ns, Reaching safepoint: 264336 ns, At safepoint: 13405 ns, Total: 277741 ns
[2021-05-05T01:24:04.732+0000][8][safepoint   ] Safepoint "Cleanup", Time since last: 3000462735 ns, Reaching safepoint: 463050 ns, At safepoint: 35357 ns, Total: 498407 ns
[2021-05-05T01:24:07.733+0000][8][safepoint   ] Safepoint "Cleanup", Time since last: 3000547709 ns, Reaching safepoint: 386306 ns, At safepoint: 30708 ns, Total: 417014 ns
[2021-05-05T01:24:15.735+0000][8][safepoint   ] Safepoint "Cleanup", Time since last: 8001622475 ns, Reaching safepoint: 370216 ns, At safepoint: 32683 ns, Total: 402899 ns
[2021-05-05T01:24:30.737+0000][8][safepoint   ] Safepoint "Cleanup", Time since last: 15002008938 ns, Reaching safepoint: 346682 ns, At safepoint: 28195 ns, Total: 374877 ns
[2021-05-05T01:24:31.738+0000][8][safepoint   ] Safepoint "Cleanup", Time since last: 1000200379 ns, Reaching safepoint: 303557 ns, At safepoint: 27702 ns, Total: 331259 ns
[2021-05-05T01:24:33.738+0000][8][safepoint   ] Safepoint "Cleanup", Time since last: 2000422620 ns, Reaching safepoint: 142602 ns, At safepoint: 14344 ns, Total: 156946 ns
[2021-05-05T01:24:34.739+0000][8][safepoint   ] Safepoint "Cleanup", Time since last: 1000205798 ns, Reaching safepoint: 386896 ns, At safepoint: 36417 ns, Total: 423313 ns
[2021-05-05T01:24:34.886+0000][8][gc,start    ] GC(51) Pause Young (Concurrent Start) (G1 Evacuation Pause)
[2021-05-05T01:24:34.886+0000][8][gc,task     ] GC(51) Using 6 workers of 8 for evacuation
[2021-05-05T01:24:34.886+0000][8][gc,age      ] GC(51) Desired survivor size 6291456 bytes, new threshold 15 (max threshold 15)
[2021-05-05T01:24:34.902+0000][8][gc,age      ] GC(51) Age table with threshold 15 (max threshold 15)
[2021-05-05T01:24:34.902+0000][8][gc,age      ] GC(51) - age   1:     523976 bytes,     523976 total
[2021-05-05T01:24:34.903+0000][8][gc,age      ] GC(51) - age   2:       4008 bytes,     527984 total
[2021-05-05T01:24:34.903+0000][8][gc,age      ] GC(51) - age   3:     161344 bytes,     689328 total
[2021-05-05T01:24:34.903+0000][8][gc,age      ] GC(51) - age   4:       3232 bytes,     692560 total
[2021-05-05T01:24:34.903+0000][8][gc,age      ] GC(51) - age   5:       9976 bytes,     702536 total
[2021-05-05T01:24:34.903+0000][8][gc,age      ] GC(51) - age   6:      10136 bytes,     712672 total
[2021-05-05T01:24:34.903+0000][8][gc,age      ] GC(51) - age   7:      44784 bytes,     757456 total
[2021-05-05T01:24:34.903+0000][8][gc,age      ] GC(51) - age   8:      58408 bytes,     815864 total
[2021-05-05T01:24:34.903+0000][8][gc,age      ] GC(51) - age   9:      18720 bytes,     834584 total
[2021-05-05T01:24:34.903+0000][8][gc,age      ] GC(51) - age  10:     717712 bytes,    1552296 total
[2021-05-05T01:24:34.903+0000][8][gc,age      ] GC(51) - age  11:     980504 bytes,    2532800 total
[2021-05-05T01:24:34.903+0000][8][gc,age      ] GC(51) - age  12:      24552 bytes,    2557352 total
[2021-05-05T01:24:34.903+0000][8][gc,age      ] GC(51) - age  13:     681304 bytes,    3238656 total
[2021-05-05T01:24:34.903+0000][8][gc,phases   ] GC(51)   Pre Evacuate Collection Set: 0.4ms
[2021-05-05T01:24:34.903+0000][8][gc,phases   ] GC(51)   Merge Heap Roots: 0.3ms
[2021-05-05T01:24:34.903+0000][8][gc,phases   ] GC(51)   Evacuate Collection Set: 13.7ms
[2021-05-05T01:24:34.903+0000][8][gc,phases   ] GC(51)   Post Evacuate Collection Set: 1.5ms
[2021-05-05T01:24:34.903+0000][8][gc,phases   ] GC(51)   Other: 0.9ms
[2021-05-05T01:24:34.903+0000][8][gc,heap     ] GC(51) Eden regions: 23->0(23)
[2021-05-05T01:24:34.903+0000][8][gc,heap     ] GC(51) Survivor regions: 1->1(3)
[2021-05-05T01:24:34.903+0000][8][gc,heap     ] GC(51) Old regions: 25->25
[2021-05-05T01:24:34.903+0000][8][gc,heap     ] GC(51) Archive regions: 2->2
[2021-05-05T01:24:34.903+0000][8][gc,heap     ] GC(51) Humongous regions: 2->2
[2021-05-05T01:24:34.903+0000][8][gc,metaspace] GC(51) Metaspace: 105890K(110440K)->105890K(110440K) NonClass: 92012K(95208K)->92012K(95208K) Class: 13878K(15232K)->13878K(15232K)
[2021-05-05T01:24:34.903+0000][8][gc          ] GC(51) Pause Young (Concurrent Start) (G1 Evacuation Pause) 206M->113M(256M) 16.979ms
[2021-05-05T01:24:34.903+0000][8][gc,cpu      ] GC(51) User=0.06s Sys=0.01s Real=0.02s
[2021-05-05T01:24:34.903+0000][8][safepoint   ] Safepoint "G1CollectForAllocation", Time since last: 146598705 ns, Reaching safepoint: 399148 ns, At safepoint: 17244040 ns, Total: 17643188 ns
[2021-05-05T01:24:34.903+0000][8][gc          ] GC(52) Concurrent Cycle
[2021-05-05T01:24:34.903+0000][8][gc,marking  ] GC(52) Concurrent Clear Claimed Marks
[2021-05-05T01:24:34.904+0000][8][gc,marking  ] GC(52) Concurrent Clear Claimed Marks 0.170ms
[2021-05-05T01:24:34.904+0000][8][gc,marking  ] GC(52) Concurrent Scan Root Regions
[2021-05-05T01:24:34.909+0000][8][gc,marking  ] GC(52) Concurrent Scan Root Regions 5.572ms
[2021-05-05T01:24:34.909+0000][8][gc,marking  ] GC(52) Concurrent Mark (1522.704s)
[2021-05-05T01:24:34.909+0000][8][gc,marking  ] GC(52) Concurrent Mark From Roots
[2021-05-05T01:24:34.909+0000][8][gc,task     ] GC(52) Using 2 workers of 2 for marking
[2021-05-05T01:24:35.017+0000][8][gc,marking  ] GC(52) Concurrent Mark From Roots 107.546ms
[2021-05-05T01:24:35.017+0000][8][gc,marking  ] GC(52) Concurrent Preclean
[2021-05-05T01:24:35.017+0000][8][gc,marking  ] GC(52) Concurrent Preclean 0.209ms
[2021-05-05T01:24:35.017+0000][8][gc,marking  ] GC(52) Concurrent Mark (1522.704s, 1522.812s) 107.811ms
[2021-05-05T01:24:35.017+0000][8][gc,start    ] GC(52) Pause Remark
[2021-05-05T01:24:35.022+0000][8][gc          ] GC(52) Pause Remark 114M->114M(256M) 4.840ms
[2021-05-05T01:24:35.022+0000][8][gc,cpu      ] GC(52) User=0.03s Sys=0.00s Real=0.01s
[2021-05-05T01:24:35.022+0000][8][safepoint   ] Safepoint "G1Concurrent", Time since last: 113758507 ns, Reaching safepoint: 179783 ns, At safepoint: 4915563 ns, Total: 5095346 ns
[2021-05-05T01:24:35.022+0000][8][gc,marking  ] GC(52) Concurrent Rebuild Remembered Sets
[2021-05-05T01:24:35.085+0000][8][gc,marking  ] GC(52) Concurrent Rebuild Remembered Sets 62.721ms
[2021-05-05T01:24:35.085+0000][8][gc,start    ] GC(52) Pause Cleanup
[2021-05-05T01:24:35.085+0000][8][gc          ] GC(52) Pause Cleanup 114M->114M(256M) 0.072ms
[2021-05-05T01:24:35.085+0000][8][gc,cpu      ] GC(52) User=0.00s Sys=0.00s Real=0.00s
[2021-05-05T01:24:35.085+0000][8][safepoint   ] Safepoint "G1Concurrent", Time since last: 62853031 ns, Reaching safepoint: 84714 ns, At safepoint: 111975 ns, Total: 196689 ns
[2021-05-05T01:24:35.085+0000][8][gc,marking  ] GC(52) Concurrent Cleanup for Next Mark
[2021-05-05T01:24:35.085+0000][8][gc,marking  ] GC(52) Concurrent Cleanup for Next Mark 0.221ms
[2021-05-05T01:24:35.085+0000][8][gc          ] GC(52) Concurrent Cycle 182.168ms
[2021-05-05T01:24:38.086+0000][8][safepoint   ] Safepoint "Cleanup", Time since last: 3000333611 ns, Reaching safepoint: 99617 ns, At safepoint: 6320 ns, Total: 105937 ns
[2021-05-05T01:24:45.087+0000][8][safepoint   ] Safepoint "Cleanup", Time since last: 7000975554 ns, Reaching safepoint: 88404 ns, At safepoint: 5705 ns, Total: 94109 ns
[2021-05-05T01:24:48.087+0000][8][safepoint   ] Safepoint "Cleanup", Time since last: 3000369966 ns, Reaching safepoint: 294158 ns, At safepoint: 21396 ns, Total: 315554 ns
[2021-05-05T01:24:58.089+0000][8][safepoint   ] Safepoint "Cleanup", Time since last: 10001345266 ns, Reaching safepoint: 451903 ns, At safepoint: 30988 ns, Total: 482891 ns
[2021-05-05T01:25:05.091+0000][8][safepoint   ] Safepoint "Cleanup", Time since last: 7000995959 ns, Reaching safepoint: 317789 ns, At safepoint: 24645 ns, Total: 342434 ns
[2021-05-05T01:25:16.092+0000][8][safepoint   ] Safepoint "Cleanup", Time since last: 11001451306 ns, Reaching safepoint: 383942 ns, At safepoint: 25827 ns, Total: 409769 ns
[2021-05-05T01:25:18.093+0000][8][safepoint   ] Safepoint "Cleanup", Time since last: 2000691432 ns, Reaching safepoint: 344443 ns, At safepoint: 33419 ns, Total: 377862 ns
[2021-05-05T01:25:28.095+0000][8][safepoint   ] Safepoint "Cleanup", Time since last: 10001229236 ns, Reaching safepoint: 397667 ns, At safepoint: 32098 ns, Total: 429765 ns
[2021-05-05T01:25:31.096+0000][8][safepoint   ] Safepoint "Cleanup", Time since last: 3000587704 ns, Reaching safepoint: 371197 ns, At safepoint: 26088 ns, Total: 397285 ns
[2021-05-05T01:25:34.097+0000][8][safepoint   ] Safepoint "Cleanup", Time since last: 3000447418 ns, Reaching safepoint: 143372 ns, At safepoint: 7402 ns, Total: 150774 ns
[2021-05-05T01:25:35.097+0000][8][safepoint   ] Safepoint "Cleanup", Time since last: 1000087847 ns, Reaching safepoint: 118542 ns, At safepoint: 6903 ns, Total: 125445 ns
[2021-05-05T01:25:37.098+0000][8][safepoint   ] Safepoint "Cleanup", Time since last: 2000366898 ns, Reaching safepoint: 363332 ns, At safepoint: 31755 ns, Total: 395087 ns
[2021-05-05T01:25:39.099+0000][8][safepoint   ] Safepoint "Cleanup", Time since last: 2000554505 ns, Reaching safepoint: 274678 ns, At safepoint: 23009 ns, Total: 297687 ns
[2021-05-05T01:25:48.100+0000][8][safepoint   ] Safepoint "Cleanup", Time since last: 9000956676 ns, Reaching safepoint: 477847 ns, At safepoint: 19394 ns, Total: 497241 ns
[2021-05-05T01:26:07.103+0000][8][safepoint   ] Safepoint "Cleanup", Time since last: 19002251513 ns, Reaching safepoint: 353173 ns, At safepoint: 33112 ns, Total: 386285 ns
[2021-05-05T01:26:34.107+0000][8][safepoint   ] Safepoint "Cleanup", Time since last: 27004314703 ns, Reaching safepoint: 313076 ns, At safepoint: 20656 ns, Total: 333732 ns
[2021-05-05T01:26:37.108+0000][8][safepoint   ] Safepoint "Cleanup", Time since last: 3000610348 ns, Reaching safepoint: 348177 ns, At safepoint: 25416 ns, Total: 373593 ns
[2021-05-05T01:26:57.650+0000][8][gc,start    ] GC(53) Pause Young (Normal) (G1 Evacuation Pause)
[2021-05-05T01:26:57.650+0000][8][gc,task     ] GC(53) Using 6 workers of 8 for evacuation
[2021-05-05T01:26:57.650+0000][8][gc,age      ] GC(53) Desired survivor size 6291456 bytes, new threshold 15 (max threshold 15)
[2021-05-05T01:26:57.669+0000][8][gc,age      ] GC(53) Age table with threshold 15 (max threshold 15)
[2021-05-05T01:26:57.669+0000][8][gc,age      ] GC(53) - age   1:     518288 bytes,     518288 total
[2021-05-05T01:26:57.669+0000][8][gc,age      ] GC(53) - age   2:       5872 bytes,     524160 total
[2021-05-05T01:26:57.669+0000][8][gc,age      ] GC(53) - age   3:       3864 bytes,     528024 total
[2021-05-05T01:26:57.669+0000][8][gc,age      ] GC(53) - age   4:     161344 bytes,     689368 total
[2021-05-05T01:26:57.669+0000][8][gc,age      ] GC(53) - age   5:       3232 bytes,     692600 total
[2021-05-05T01:26:57.669+0000][8][gc,age      ] GC(53) - age   6:       9976 bytes,     702576 total
[2021-05-05T01:26:57.669+0000][8][gc,age      ] GC(53) - age   7:      10136 bytes,     712712 total
[2021-05-05T01:26:57.669+0000][8][gc,age      ] GC(53) - age   8:      44528 bytes,     757240 total
[2021-05-05T01:26:57.669+0000][8][gc,age      ] GC(53) - age   9:      58408 bytes,     815648 total
[2021-05-05T01:26:57.669+0000][8][gc,age      ] GC(53) - age  10:      18720 bytes,     834368 total
[2021-05-05T01:26:57.669+0000][8][gc,age      ] GC(53) - age  11:     717712 bytes,    1552080 total
[2021-05-05T01:26:57.670+0000][8][gc,age      ] GC(53) - age  12:     980504 bytes,    2532584 total
[2021-05-05T01:26:57.670+0000][8][gc,age      ] GC(53) - age  13:      24552 bytes,    2557136 total
[2021-05-05T01:26:57.670+0000][8][gc,age      ] GC(53) - age  14:     681264 bytes,    3238400 total
[2021-05-05T01:26:57.670+0000][8][gc,phases   ] GC(53)   Pre Evacuate Collection Set: 0.3ms
[2021-05-05T01:26:57.670+0000][8][gc,phases   ] GC(53)   Merge Heap Roots: 0.3ms
[2021-05-05T01:26:57.670+0000][8][gc,phases   ] GC(53)   Evacuate Collection Set: 15.7ms
[2021-05-05T01:26:57.670+0000][8][gc,phases   ] GC(53)   Post Evacuate Collection Set: 3.2ms
[2021-05-05T01:26:57.670+0000][8][gc,phases   ] GC(53)   Other: 0.8ms
[2021-05-05T01:26:57.670+0000][8][gc,heap     ] GC(53) Eden regions: 23->0(23)
[2021-05-05T01:26:57.670+0000][8][gc,heap     ] GC(53) Survivor regions: 1->1(3)
[2021-05-05T01:26:57.670+0000][8][gc,heap     ] GC(53) Old regions: 25->25
[2021-05-05T01:26:57.670+0000][8][gc,heap     ] GC(53) Archive regions: 2->2
[2021-05-05T01:26:57.670+0000][8][gc,heap     ] GC(53) Humongous regions: 2->2
[2021-05-05T01:26:57.670+0000][8][gc,metaspace] GC(53) Metaspace: 105950K(110696K)->105950K(110696K) NonClass: 92072K(95464K)->92072K(95464K) Class: 13878K(15232K)->13878K(15232K)
[2021-05-05T01:26:57.670+0000][8][gc          ] GC(53) Pause Young (Normal) (G1 Evacuation Pause) 205M->113M(256M) 20.498ms
[2021-05-05T01:26:57.670+0000][8][gc,cpu      ] GC(53) User=0.07s Sys=0.00s Real=0.02s
[2021-05-05T01:26:57.670+0000][8][safepoint   ] Safepoint "G1CollectForAllocation", Time since last: 20540638881 ns, Reaching safepoint: 504604 ns, At safepoint: 20755360 ns, Total: 21259964 ns
[2021-05-05T01:27:07.672+0000][8][safepoint   ] Safepoint "Cleanup", Time since last: 10001462903 ns, Reaching safepoint: 413674 ns, At safepoint: 35829 ns, Total: 449503 ns
[2021-05-05T01:27:08.673+0000][8][safepoint   ] Safepoint "Cleanup", Time since last: 1000501672 ns, Reaching safepoint: 414211 ns, At safepoint: 36485 ns, Total: 450696 ns
[2021-05-05T01:27:15.675+0000][8][safepoint   ] Safepoint "Cleanup", Time since last: 7001140192 ns, Reaching safepoint: 376704 ns, At safepoint: 31698 ns, Total: 408402 ns
[2021-05-05T01:27:33.678+0000][8][safepoint   ] Safepoint "Cleanup", Time since last: 18002869471 ns, Reaching safepoint: 483686 ns, At safepoint: 28236 ns, Total: 511922 ns
[2021-05-05T01:27:34.679+0000][8][safepoint   ] Safepoint "Cleanup", Time since last: 1000297331 ns, Reaching safepoint: 409024 ns, At safepoint: 38244 ns, Total: 447268 ns
[2021-05-05T01:27:35.679+0000][8][safepoint   ] Safepoint "Cleanup", Time since last: 1000257264 ns, Reaching safepoint: 278094 ns, At safepoint: 24838 ns, Total: 302932 ns
[2021-05-05T01:27:37.680+0000][8][safepoint   ] Safepoint "Cleanup", Time since last: 2000403030 ns, Reaching safepoint: 411186 ns, At safepoint: 32940 ns, Total: 444126 ns
[2021-05-05T01:27:39.681+0000][8][safepoint   ] Safepoint "Cleanup", Time since last: 2000633034 ns, Reaching safepoint: 384923 ns, At safepoint: 29958 ns, Total: 414881 ns
[2021-05-05T01:27:45.682+0000][8][safepoint   ] Safepoint "Cleanup", Time since last: 6000680156 ns, Reaching safepoint: 345798 ns, At safepoint: 27611 ns, Total: 373409 ns
[2021-05-05T01:28:00.685+0000][8][safepoint   ] Safepoint "Cleanup", Time since last: 15002051319 ns, Reaching safepoint: 337510 ns, At safepoint: 68259 ns, Total: 405769 ns
[2021-05-05T01:28:04.686+0000][8][safepoint   ] Safepoint "Cleanup", Time since last: 4000714124 ns, Reaching safepoint: 346671 ns, At safepoint: 33020 ns, Total: 379691 ns
[2021-05-05T01:28:07.687+0000][8][safepoint   ] Safepoint "Cleanup", Time since last: 3000563246 ns, Reaching safepoint: 385198 ns, At safepoint: 41410 ns, Total: 426608 ns
[2021-05-05T01:28:33.692+0000][8][safepoint   ] Safepoint "Cleanup", Time since last: 26004375969 ns, Reaching safepoint: 449814 ns, At safepoint: 38775 ns, Total: 488589 ns
[2021-05-05T01:28:35.693+0000][8][safepoint   ] Safepoint "Cleanup", Time since last: 2000779294 ns, Reaching safepoint: 458272 ns, At safepoint: 27931 ns, Total: 486203 ns
[2021-05-05T01:28:52.696+0000][8][safepoint   ] Safepoint "Cleanup", Time since last: 17002432924 ns, Reaching safepoint: 352243 ns, At safepoint: 26524 ns, Total: 378767 ns
[2021-05-05T01:29:01.697+0000][8][safepoint   ] Safepoint "Cleanup", Time since last: 9001307774 ns, Reaching safepoint: 422614 ns, At safepoint: 31632 ns, Total: 454246 ns
[2021-05-05T01:29:04.698+0000][8][safepoint   ] Safepoint "Cleanup", Time since last: 3000596704 ns, Reaching safepoint: 402667 ns, At safepoint: 31106 ns, Total: 433773 ns
[2021-05-05T01:29:07.699+0000][8][safepoint   ] Safepoint "Cleanup", Time since last: 3000522564 ns, Reaching safepoint: 448849 ns, At safepoint: 37310 ns, Total: 486159 ns
[2021-05-05T01:29:20.702+0000][8][safepoint   ] Safepoint "Cleanup", Time since last: 13002195827 ns, Reaching safepoint: 151885 ns, At safepoint: 8780 ns, Total: 160665 ns
[2021-05-05T01:29:27.334+0000][8][gc,start    ] GC(54) Pause Young (Concurrent Start) (G1 Evacuation Pause)
[2021-05-05T01:29:27.334+0000][8][gc,task     ] GC(54) Using 6 workers of 8 for evacuation
[2021-05-05T01:29:27.334+0000][8][gc,age      ] GC(54) Desired survivor size 6291456 bytes, new threshold 15 (max threshold 15)
[2021-05-05T01:29:27.340+0000][8][gc,age      ] GC(54) Age table with threshold 15 (max threshold 15)
[2021-05-05T01:29:27.340+0000][8][gc,age      ] GC(54) - age   1:     512704 bytes,     512704 total
[2021-05-05T01:29:27.340+0000][8][gc,age      ] GC(54) - age   2:       1272 bytes,     513976 total
[2021-05-05T01:29:27.340+0000][8][gc,age      ] GC(54) - age   3:       5552 bytes,     519528 total
[2021-05-05T01:29:27.340+0000][8][gc,age      ] GC(54) - age   4:       3864 bytes,     523392 total
[2021-05-05T01:29:27.340+0000][8][gc,age      ] GC(54) - age   5:     161344 bytes,     684736 total
[2021-05-05T01:29:27.340+0000][8][gc,age      ] GC(54) - age   6:       3232 bytes,     687968 total
[2021-05-05T01:29:27.340+0000][8][gc,age      ] GC(54) - age   7:       9976 bytes,     697944 total
[2021-05-05T01:29:27.340+0000][8][gc,age      ] GC(54) - age   8:      10136 bytes,     708080 total
[2021-05-05T01:29:27.340+0000][8][gc,age      ] GC(54) - age   9:      44528 bytes,     752608 total
[2021-05-05T01:29:27.340+0000][8][gc,age      ] GC(54) - age  10:      58408 bytes,     811016 total
[2021-05-05T01:29:27.340+0000][8][gc,age      ] GC(54) - age  11:      18720 bytes,     829736 total
[2021-05-05T01:29:27.340+0000][8][gc,age      ] GC(54) - age  12:     717712 bytes,    1547448 total
[2021-05-05T01:29:27.340+0000][8][gc,age      ] GC(54) - age  13:     980504 bytes,    2527952 total
[2021-05-05T01:29:27.340+0000][8][gc,age      ] GC(54) - age  14:      24552 bytes,    2552504 total
[2021-05-05T01:29:27.340+0000][8][gc,age      ] GC(54) - age  15:     681264 bytes,    3233768 total
[2021-05-05T01:29:27.341+0000][8][gc,phases   ] GC(54)   Pre Evacuate Collection Set: 0.2ms
[2021-05-05T01:29:27.341+0000][8][gc,phases   ] GC(54)   Merge Heap Roots: 0.1ms
[2021-05-05T01:29:27.341+0000][8][gc,phases   ] GC(54)   Evacuate Collection Set: 5.3ms
[2021-05-05T01:29:27.341+0000][8][gc,phases   ] GC(54)   Post Evacuate Collection Set: 0.6ms
[2021-05-05T01:29:27.341+0000][8][gc,phases   ] GC(54)   Other: 0.3ms
[2021-05-05T01:29:27.341+0000][8][gc,heap     ] GC(54) Eden regions: 23->0(23)
[2021-05-05T01:29:27.341+0000][8][gc,heap     ] GC(54) Survivor regions: 1->1(3)
[2021-05-05T01:29:27.341+0000][8][gc,heap     ] GC(54) Old regions: 25->25
[2021-05-05T01:29:27.341+0000][8][gc,heap     ] GC(54) Archive regions: 2->2
[2021-05-05T01:29:27.341+0000][8][gc,heap     ] GC(54) Humongous regions: 2->2
[2021-05-05T01:29:27.341+0000][8][gc,metaspace] GC(54) Metaspace: 106008K(110696K)->106008K(110696K) NonClass: 92130K(95464K)->92130K(95464K) Class: 13878K(15232K)->13878K(15232K)
[2021-05-05T01:29:27.341+0000][8][gc          ] GC(54) Pause Young (Concurrent Start) (G1 Evacuation Pause) 205M->113M(256M) 6.602ms
[2021-05-05T01:29:27.341+0000][8][gc,cpu      ] GC(54) User=0.02s Sys=0.00s Real=0.01s
[2021-05-05T01:29:27.341+0000][8][safepoint   ] Safepoint "G1CollectForAllocation", Time since last: 6632025053 ns, Reaching safepoint: 138951 ns, At safepoint: 6695004 ns, Total: 6833955 ns
[2021-05-05T01:29:27.341+0000][8][gc          ] GC(55) Concurrent Cycle
[2021-05-05T01:29:27.341+0000][8][gc,marking  ] GC(55) Concurrent Clear Claimed Marks
[2021-05-05T01:29:27.341+0000][8][gc,marking  ] GC(55) Concurrent Clear Claimed Marks 0.077ms
[2021-05-05T01:29:27.341+0000][8][gc,marking  ] GC(55) Concurrent Scan Root Regions
[2021-05-05T01:29:27.345+0000][8][gc,marking  ] GC(55) Concurrent Scan Root Regions 4.052ms
[2021-05-05T01:29:27.345+0000][8][gc,marking  ] GC(55) Concurrent Mark (1815.140s)
[2021-05-05T01:29:27.345+0000][8][gc,marking  ] GC(55) Concurrent Mark From Roots
[2021-05-05T01:29:27.345+0000][8][gc,task     ] GC(55) Using 2 workers of 2 for marking
[2021-05-05T01:29:27.481+0000][8][gc,marking  ] GC(55) Concurrent Mark From Roots 136.161ms
[2021-05-05T01:29:27.481+0000][8][gc,marking  ] GC(55) Concurrent Preclean
[2021-05-05T01:29:27.481+0000][8][gc,marking  ] GC(55) Concurrent Preclean 0.216ms
[2021-05-05T01:29:27.481+0000][8][gc,marking  ] GC(55) Concurrent Mark (1815.140s, 1815.277s) 136.430ms
[2021-05-05T01:29:27.482+0000][8][gc,start    ] GC(55) Pause Remark
[2021-05-05T01:29:27.487+0000][8][gc          ] GC(55) Pause Remark 116M->116M(256M) 5.015ms
[2021-05-05T01:29:27.487+0000][8][gc,cpu      ] GC(55) User=0.03s Sys=0.00s Real=0.00s
[2021-05-05T01:29:27.487+0000][8][safepoint   ] Safepoint "G1Concurrent", Time since last: 140661307 ns, Reaching safepoint: 136608 ns, At safepoint: 5102893 ns, Total: 5239501 ns
[2021-05-05T01:29:27.487+0000][8][gc,marking  ] GC(55) Concurrent Rebuild Remembered Sets
[2021-05-05T01:29:27.547+0000][8][gc,marking  ] GC(55) Concurrent Rebuild Remembered Sets 59.985ms
[2021-05-05T01:29:27.547+0000][8][gc,start    ] GC(55) Pause Cleanup
[2021-05-05T01:29:27.547+0000][8][gc          ] GC(55) Pause Cleanup 116M->116M(256M) 0.072ms
[2021-05-05T01:29:27.547+0000][8][gc,cpu      ] GC(55) User=0.00s Sys=0.00s Real=0.00s
[2021-05-05T01:29:27.547+0000][8][safepoint   ] Safepoint "G1Concurrent", Time since last: 60064608 ns, Reaching safepoint: 101994 ns, At safepoint: 111792 ns, Total: 213786 ns
[2021-05-05T01:29:27.547+0000][8][gc,marking  ] GC(55) Concurrent Cleanup for Next Mark
[2021-05-05T01:29:27.547+0000][8][gc,marking  ] GC(55) Concurrent Cleanup for Next Mark 0.136ms
[2021-05-05T01:29:27.547+0000][8][gc          ] GC(55) Concurrent Cycle 206.348ms
[2021-05-05T01:29:31.548+0000][8][safepoint   ] Safepoint "Cleanup", Time since last: 4000547855 ns, Reaching safepoint: 192029 ns, At safepoint: 16300 ns, Total: 208329 ns
[2021-05-05T01:29:32.548+0000][8][safepoint   ] Safepoint "Cleanup", Time since last: 1000183787 ns, Reaching safepoint: 330882 ns, At safepoint: 26655 ns, Total: 357537 ns
[2021-05-05T01:29:33.549+0000][8][safepoint   ] Safepoint "Cleanup", Time since last: 1000538317 ns, Reaching safepoint: 343226 ns, At safepoint: 29411 ns, Total: 372637 ns
[2021-05-05T01:29:34.550+0000][8][safepoint   ] Safepoint "Cleanup", Time since last: 1000295059 ns, Reaching safepoint: 369036 ns, At safepoint: 36403 ns, Total: 405439 ns
[2021-05-05T01:29:47.553+0000][8][safepoint   ] Safepoint "Cleanup", Time since last: 13002345783 ns, Reaching safepoint: 364048 ns, At safepoint: 27430 ns, Total: 391478 ns
[2021-05-05T01:30:00.556+0000][8][safepoint   ] Safepoint "Cleanup", Time since last: 13002403152 ns, Reaching safepoint: 630466 ns, At safepoint: 30811 ns, Total: 661277 ns
[2021-05-05T01:30:01.556+0000][8][safepoint   ] Safepoint "Cleanup", Time since last: 1000226837 ns, Reaching safepoint: 375583 ns, At safepoint: 22821 ns, Total: 398404 ns
[2021-05-05T01:30:03.557+0000][8][safepoint   ] Safepoint "Cleanup", Time since last: 2000344285 ns, Reaching safepoint: 365525 ns, At safepoint: 31642 ns, Total: 397167 ns
[2021-05-05T01:30:04.558+0000][8][safepoint   ] Safepoint "Cleanup", Time since last: 1000288747 ns, Reaching safepoint: 448502 ns, At safepoint: 37250 ns, Total: 485752 ns
[2021-05-05T01:30:07.559+0000][8][safepoint   ] Safepoint "Cleanup", Time since last: 3000619610 ns, Reaching safepoint: 390682 ns, At safepoint: 32037 ns, Total: 422719 ns
[2021-05-05T01:30:08.560+0000][8][safepoint   ] Safepoint "Cleanup", Time since last: 1000512025 ns, Reaching safepoint: 371947 ns, At safepoint: 31056 ns, Total: 403003 ns
[2021-05-05T01:30:25.563+0000][8][safepoint   ] Safepoint "Cleanup", Time since last: 17002655599 ns, Reaching safepoint: 396653 ns, At safepoint: 33937 ns, Total: 430590 ns
[2021-05-05T01:30:27.564+0000][8][safepoint   ] Safepoint "Cleanup", Time since last: 2000313620 ns, Reaching safepoint: 452798 ns, At safepoint: 31672 ns, Total: 484470 ns
[2021-05-05T01:30:33.565+0000][8][safepoint   ] Safepoint "Cleanup", Time since last: 6000915217 ns, Reaching safepoint: 596030 ns, At safepoint: 41670 ns, Total: 637700 ns
[2021-05-05T01:30:37.566+0000][8][safepoint   ] Safepoint "Cleanup", Time since last: 4000763353 ns, Reaching safepoint: 400356 ns, At safepoint: 31436 ns, Total: 431792 ns
[2021-05-05T01:30:39.567+0000][8][safepoint   ] Safepoint "Cleanup", Time since last: 2000358079 ns, Reaching safepoint: 296714 ns, At safepoint: 37914 ns, Total: 334628 ns
[2021-05-05T01:30:46.569+0000][8][safepoint   ] Safepoint "Cleanup", Time since last: 7001335273 ns, Reaching safepoint: 645799 ns, At safepoint: 34077 ns, Total: 679876 ns
[2021-05-05T01:31:04.572+0000][8][safepoint   ] Safepoint "Cleanup", Time since last: 18002429158 ns, Reaching safepoint: 357978 ns, At safepoint: 27034 ns, Total: 385012 ns
[2021-05-05T01:31:05.572+0000][8][safepoint   ] Safepoint "Cleanup", Time since last: 1000261960 ns, Reaching safepoint: 304328 ns, At safepoint: 23679 ns, Total: 328007 ns
[2021-05-05T01:31:06.883+0000][8][gc,start    ] GC(56) Pause Young (Normal) (G1 Evacuation Pause)
[2021-05-05T01:31:06.883+0000][8][gc,task     ] GC(56) Using 6 workers of 8 for evacuation
[2021-05-05T01:31:06.884+0000][8][gc,age      ] GC(56) Desired survivor size 6291456 bytes, new threshold 15 (max threshold 15)
[2021-05-05T01:31:06.895+0000][8][gc,age      ] GC(56) Age table with threshold 15 (max threshold 15)
[2021-05-05T01:31:06.895+0000][8][gc,age      ] GC(56) - age   1:    1170752 bytes,    1170752 total
[2021-05-05T01:31:06.895+0000][8][gc,age      ] GC(56) - age   2:       3792 bytes,    1174544 total
[2021-05-05T01:31:06.895+0000][8][gc,age      ] GC(56) - age   3:       1008 bytes,    1175552 total
[2021-05-05T01:31:06.895+0000][8][gc,age      ] GC(56) - age   4:       5440 bytes,    1180992 total
[2021-05-05T01:31:06.895+0000][8][gc,age      ] GC(56) - age   5:       3768 bytes,    1184760 total
[2021-05-05T01:31:06.895+0000][8][gc,age      ] GC(56) - age   6:       9064 bytes,    1193824 total
[2021-05-05T01:31:06.895+0000][8][gc,age      ] GC(56) - age   7:       3232 bytes,    1197056 total
[2021-05-05T01:31:06.895+0000][8][gc,age      ] GC(56) - age   8:       9576 bytes,    1206632 total
[2021-05-05T01:31:06.895+0000][8][gc,age      ] GC(56) - age   9:      10136 bytes,    1216768 total
[2021-05-05T01:31:06.895+0000][8][gc,age      ] GC(56) - age  10:      41968 bytes,    1258736 total
[2021-05-05T01:31:06.895+0000][8][gc,age      ] GC(56) - age  11:      56264 bytes,    1315000 total
[2021-05-05T01:31:06.895+0000][8][gc,age      ] GC(56) - age  12:      18584 bytes,    1333584 total
[2021-05-05T01:31:06.895+0000][8][gc,age      ] GC(56) - age  13:     717712 bytes,    2051296 total
[2021-05-05T01:31:06.895+0000][8][gc,age      ] GC(56) - age  14:     972072 bytes,    3023368 total
[2021-05-05T01:31:06.895+0000][8][gc,age      ] GC(56) - age  15:      24552 bytes,    3047920 total
[2021-05-05T01:31:06.895+0000][8][gc,phases   ] GC(56)   Pre Evacuate Collection Set: 0.2ms
[2021-05-05T01:31:06.895+0000][8][gc,phases   ] GC(56)   Merge Heap Roots: 0.3ms
[2021-05-05T01:31:06.895+0000][8][gc,phases   ] GC(56)   Evacuate Collection Set: 9.3ms
[2021-05-05T01:31:06.895+0000][8][gc,phases   ] GC(56)   Post Evacuate Collection Set: 1.4ms
[2021-05-05T01:31:06.895+0000][8][gc,phases   ] GC(56)   Other: 0.6ms
[2021-05-05T01:31:06.895+0000][8][gc,heap     ] GC(56) Eden regions: 23->0(23)
[2021-05-05T01:31:06.895+0000][8][gc,heap     ] GC(56) Survivor regions: 1->1(3)
[2021-05-05T01:31:06.895+0000][8][gc,heap     ] GC(56) Old regions: 25->25
[2021-05-05T01:31:06.895+0000][8][gc,heap     ] GC(56) Archive regions: 2->2
[2021-05-05T01:31:06.895+0000][8][gc,heap     ] GC(56) Humongous regions: 2->2
[2021-05-05T01:31:06.895+0000][8][gc,metaspace] GC(56) Metaspace: 106136K(110696K)->106136K(110696K) NonClass: 92254K(95464K)->92254K(95464K) Class: 13882K(15232K)->13882K(15232K)
[2021-05-05T01:31:06.895+0000][8][gc          ] GC(56) Pause Young (Normal) (G1 Evacuation Pause) 205M->114M(256M) 11.885ms
[2021-05-05T01:31:06.895+0000][8][gc,cpu      ] GC(56) User=0.05s Sys=0.00s Real=0.01s
[2021-05-05T01:31:06.896+0000][8][safepoint   ] Safepoint "G1CollectForAllocation", Time since last: 1310290785 ns, Reaching safepoint: 494151 ns, At safepoint: 12731196 ns, Total: 13225347 ns
[2021-05-05T01:31:10.897+0000][8][safepoint   ] Safepoint "Cleanup", Time since last: 4000571137 ns, Reaching safepoint: 407704 ns, At safepoint: 34311 ns, Total: 442015 ns
[2021-05-05T01:31:15.898+0000][8][safepoint   ] Safepoint "Cleanup", Time since last: 5000774218 ns, Reaching safepoint: 292335 ns, At safepoint: 22705 ns, Total: 315040 ns
[2021-05-05T01:31:18.899+0000][8][safepoint   ] Safepoint "Cleanup", Time since last: 3000457971 ns, Reaching safepoint: 448667 ns, At safepoint: 30583 ns, Total: 479250 ns
[2021-05-05T01:31:27.901+0000][8][safepoint   ] Safepoint "Cleanup", Time since last: 9001972088 ns, Reaching safepoint: 417994 ns, At safepoint: 36734 ns, Total: 454728 ns
[2021-05-05T01:31:30.902+0000][8][safepoint   ] Safepoint "Cleanup", Time since last: 3000488953 ns, Reaching safepoint: 348232 ns, At safepoint: 34200 ns, Total: 382432 ns
[2021-05-05T01:31:33.903+0000][8][safepoint   ] Safepoint "Cleanup", Time since last: 3000590477 ns, Reaching safepoint: 449019 ns, At safepoint: 34259 ns, Total: 483278 ns
[2021-05-05T01:31:34.904+0000][8][safepoint   ] Safepoint "Cleanup", Time since last: 1000298959 ns, Reaching safepoint: 381691 ns, At safepoint: 38373 ns, Total: 420064 ns
[2021-05-05T01:31:36.905+0000][8][safepoint   ] Safepoint "Cleanup", Time since last: 2000305928 ns, Reaching safepoint: 138633 ns, At safepoint: 8170 ns, Total: 146803 ns
[2021-05-05T01:31:44.906+0000][8][safepoint   ] Safepoint "Cleanup", Time since last: 8001318544 ns, Reaching safepoint: 386658 ns, At safepoint: 40384 ns, Total: 427042 ns
[2021-05-05T01:31:57.909+0000][8][safepoint   ] Safepoint "Cleanup", Time since last: 13002044081 ns, Reaching safepoint: 512304 ns, At safepoint: 37381 ns, Total: 549685 ns
[2021-05-05T01:32:00.910+0000][8][safepoint   ] Safepoint "Cleanup", Time since last: 3000564383 ns, Reaching safepoint: 408591 ns, At safepoint: 30867 ns, Total: 439458 ns
[2021-05-05T01:32:01.911+0000][8][safepoint   ] Safepoint "Cleanup", Time since last: 1000250628 ns, Reaching safepoint: 358264 ns, At safepoint: 34013 ns, Total: 392277 ns
[2021-05-05T01:32:04.911+0000][8][safepoint   ] Safepoint "Cleanup", Time since last: 3000537518 ns, Reaching safepoint: 381709 ns, At safepoint: 30384 ns, Total: 412093 ns
[2021-05-05T01:32:06.912+0000][8][safepoint   ] Safepoint "Cleanup", Time since last: 2000349127 ns, Reaching safepoint: 116482 ns, At safepoint: 10372 ns, Total: 126854 ns
[2021-05-05T01:32:07.913+0000][8][safepoint   ] Safepoint "Cleanup", Time since last: 1000254364 ns, Reaching safepoint: 289615 ns, At safepoint: 34935 ns, Total: 324550 ns
[2021-05-05T01:32:09.913+0000][8][safepoint   ] Safepoint "Cleanup", Time since last: 2000351920 ns, Reaching safepoint: 329355 ns, At safepoint: 29721 ns, Total: 359076 ns
[2021-05-05T01:32:14.914+0000][8][safepoint   ] Safepoint "Cleanup", Time since last: 5000790339 ns, Reaching safepoint: 416613 ns, At safepoint: 32130 ns, Total: 448743 ns
[2021-05-05T01:32:20.916+0000][8][safepoint   ] Safepoint "Cleanup", Time since last: 6000723513 ns, Reaching safepoint: 471506 ns, At safepoint: 38335 ns, Total: 509841 ns
[2021-05-05T01:32:21.917+0000][8][safepoint   ] Safepoint "Cleanup", Time since last: 1000399042 ns, Reaching safepoint: 394360 ns, At safepoint: 29407 ns, Total: 423767 ns
[2021-05-05T01:32:22.917+0000][8][safepoint   ] Safepoint "Cleanup", Time since last: 1000253391 ns, Reaching safepoint: 387754 ns, At safepoint: 33398 ns, Total: 421152 ns
[2021-05-05T01:32:33.919+0000][8][safepoint   ] Safepoint "Cleanup", Time since last: 11001640954 ns, Reaching safepoint: 406748 ns, At safepoint: 34603 ns, Total: 441351 ns
[2021-05-05T01:32:36.920+0000][8][safepoint   ] Safepoint "Cleanup", Time since last: 3000467188 ns, Reaching safepoint: 143009 ns, At safepoint: 9046 ns, Total: 152055 ns
[2021-05-05T01:32:45.922+0000][8][safepoint   ] Safepoint "Cleanup", Time since last: 9001677472 ns, Reaching safepoint: 416262 ns, At safepoint: 33515 ns, Total: 449777 ns
[2021-05-05T01:33:06.925+0000][8][safepoint   ] Safepoint "Cleanup", Time since last: 21002823016 ns, Reaching safepoint: 288152 ns, At safepoint: 16328 ns, Total: 304480 ns
[2021-05-05T01:33:10.926+0000][8][safepoint   ] Safepoint "Cleanup", Time since last: 4000597855 ns, Reaching safepoint: 382890 ns, At safepoint: 25494 ns, Total: 408384 ns
[2021-05-05T01:33:29.929+0000][8][safepoint   ] Safepoint "Cleanup", Time since last: 19002762242 ns, Reaching safepoint: 444446 ns, At safepoint: 36900 ns, Total: 481346 ns
[2021-05-05T01:33:30.930+0000][8][safepoint   ] Safepoint "Cleanup", Time since last: 1000224807 ns, Reaching safepoint: 298855 ns, At safepoint: 19073 ns, Total: 317928 ns
[2021-05-05T01:33:32.706+0000][8][gc,start    ] GC(57) Pause Young (Concurrent Start) (G1 Evacuation Pause)
[2021-05-05T01:33:32.706+0000][8][gc,task     ] GC(57) Using 6 workers of 8 for evacuation
[2021-05-05T01:33:32.706+0000][8][gc,age      ] GC(57) Desired survivor size 6291456 bytes, new threshold 15 (max threshold 15)
[2021-05-05T01:33:32.715+0000][8][gc,age      ] GC(57) Age table with threshold 15 (max threshold 15)
[2021-05-05T01:33:32.715+0000][8][gc,age      ] GC(57) - age   1:     524472 bytes,     524472 total
[2021-05-05T01:33:32.715+0000][8][gc,age      ] GC(57) - age   2:     595592 bytes,    1120064 total
[2021-05-05T01:33:32.715+0000][8][gc,age      ] GC(57) - age   3:       3672 bytes,    1123736 total
[2021-05-05T01:33:32.715+0000][8][gc,age      ] GC(57) - age   4:       1008 bytes,    1124744 total
[2021-05-05T01:33:32.715+0000][8][gc,age      ] GC(57) - age   5:       5440 bytes,    1130184 total
[2021-05-05T01:33:32.715+0000][8][gc,age      ] GC(57) - age   6:       3768 bytes,    1133952 total
[2021-05-05T01:33:32.715+0000][8][gc,age      ] GC(57) - age   7:       9064 bytes,    1143016 total
[2021-05-05T01:33:32.715+0000][8][gc,age      ] GC(57) - age   8:       3232 bytes,    1146248 total
[2021-05-05T01:33:32.715+0000][8][gc,age      ] GC(57) - age   9:       9576 bytes,    1155824 total
[2021-05-05T01:33:32.715+0000][8][gc,age      ] GC(57) - age  10:      10136 bytes,    1165960 total
[2021-05-05T01:33:32.715+0000][8][gc,age      ] GC(57) - age  11:      41968 bytes,    1207928 total
[2021-05-05T01:33:32.715+0000][8][gc,age      ] GC(57) - age  12:      56088 bytes,    1264016 total
[2021-05-05T01:33:32.715+0000][8][gc,age      ] GC(57) - age  13:      18544 bytes,    1282560 total
[2021-05-05T01:33:32.715+0000][8][gc,age      ] GC(57) - age  14:     717712 bytes,    2000272 total
[2021-05-05T01:33:32.715+0000][8][gc,age      ] GC(57) - age  15:     972072 bytes,    2972344 total
[2021-05-05T01:33:32.715+0000][8][gc,phases   ] GC(57)   Pre Evacuate Collection Set: 0.3ms
[2021-05-05T01:33:32.715+0000][8][gc,phases   ] GC(57)   Merge Heap Roots: 0.1ms
[2021-05-05T01:33:32.715+0000][8][gc,phases   ] GC(57)   Evacuate Collection Set: 7.6ms
[2021-05-05T01:33:32.715+0000][8][gc,phases   ] GC(57)   Post Evacuate Collection Set: 0.8ms
[2021-05-05T01:33:32.715+0000][8][gc,phases   ] GC(57)   Other: 0.5ms
[2021-05-05T01:33:32.715+0000][8][gc,heap     ] GC(57) Eden regions: 23->0(23)
[2021-05-05T01:33:32.715+0000][8][gc,heap     ] GC(57) Survivor regions: 1->1(3)
[2021-05-05T01:33:32.715+0000][8][gc,heap     ] GC(57) Old regions: 25->25
[2021-05-05T01:33:32.715+0000][8][gc,heap     ] GC(57) Archive regions: 2->2
[2021-05-05T01:33:32.715+0000][8][gc,heap     ] GC(57) Humongous regions: 2->2
[2021-05-05T01:33:32.715+0000][8][gc,metaspace] GC(57) Metaspace: 106290K(110952K)->106290K(110952K) NonClass: 92407K(95720K)->92407K(95720K) Class: 13883K(15232K)->13883K(15232K)
[2021-05-05T01:33:32.715+0000][8][gc          ] GC(57) Pause Young (Concurrent Start) (G1 Evacuation Pause) 206M->114M(256M) 9.321ms
[2021-05-05T01:33:32.716+0000][8][gc,cpu      ] GC(57) User=0.04s Sys=0.00s Real=0.01s
[2021-05-05T01:33:32.716+0000][8][safepoint   ] Safepoint "G1CollectForAllocation", Time since last: 1775879887 ns, Reaching safepoint: 258128 ns, At safepoint: 9475556 ns, Total: 9733684 ns
[2021-05-05T01:33:32.716+0000][8][gc          ] GC(58) Concurrent Cycle
[2021-05-05T01:33:32.716+0000][8][gc,marking  ] GC(58) Concurrent Clear Claimed Marks
[2021-05-05T01:33:32.716+0000][8][gc,marking  ] GC(58) Concurrent Clear Claimed Marks 0.092ms
[2021-05-05T01:33:32.716+0000][8][gc,marking  ] GC(58) Concurrent Scan Root Regions
[2021-05-05T01:33:32.719+0000][8][gc,marking  ] GC(58) Concurrent Scan Root Regions 3.436ms
[2021-05-05T01:33:32.719+0000][8][gc,marking  ] GC(58) Concurrent Mark (2060.514s)
[2021-05-05T01:33:32.719+0000][8][gc,marking  ] GC(58) Concurrent Mark From Roots
[2021-05-05T01:33:32.719+0000][8][gc,task     ] GC(58) Using 2 workers of 2 for marking
[2021-05-05T01:33:32.827+0000][8][gc,marking  ] GC(58) Concurrent Mark From Roots 108.083ms
[2021-05-05T01:33:32.827+0000][8][gc,marking  ] GC(58) Concurrent Preclean
[2021-05-05T01:33:32.828+0000][8][gc,marking  ] GC(58) Concurrent Preclean 0.250ms
[2021-05-05T01:33:32.828+0000][8][gc,marking  ] GC(58) Concurrent Mark (2060.514s, 2060.623s) 108.385ms
[2021-05-05T01:33:32.828+0000][8][gc,start    ] GC(58) Pause Remark
[2021-05-05T01:33:32.839+0000][8][gc          ] GC(58) Pause Remark 115M->115M(256M) 11.142ms
[2021-05-05T01:33:32.839+0000][8][gc,cpu      ] GC(58) User=0.06s Sys=0.01s Real=0.01s
[2021-05-05T01:33:32.839+0000][8][safepoint   ] Safepoint "G1Concurrent", Time since last: 112042332 ns, Reaching safepoint: 102258 ns, At safepoint: 11225776 ns, Total: 11328034 ns
[2021-05-05T01:33:32.839+0000][8][gc,marking  ] GC(58) Concurrent Rebuild Remembered Sets
[2021-05-05T01:33:32.909+0000][8][gc,marking  ] GC(58) Concurrent Rebuild Remembered Sets 69.761ms
[2021-05-05T01:33:32.909+0000][8][gc,start    ] GC(58) Pause Cleanup
[2021-05-05T01:33:32.909+0000][8][gc          ] GC(58) Pause Cleanup 115M->115M(256M) 0.078ms
[2021-05-05T01:33:32.909+0000][8][gc,cpu      ] GC(58) User=0.00s Sys=0.00s Real=0.00s
[2021-05-05T01:33:32.909+0000][8][safepoint   ] Safepoint "G1Concurrent", Time since last: 69909879 ns, Reaching safepoint: 91954 ns, At safepoint: 122715 ns, Total: 214669 ns
[2021-05-05T01:33:32.909+0000][8][gc,marking  ] GC(58) Concurrent Cleanup for Next Mark
[2021-05-05T01:33:32.909+0000][8][gc,marking  ] GC(58) Concurrent Cleanup for Next Mark 0.208ms
[2021-05-05T01:33:32.909+0000][8][gc          ] GC(58) Concurrent Cycle 193.756ms
[2021-05-05T01:33:33.910+0000][8][safepoint   ] Safepoint "Cleanup", Time since last: 1000093759 ns, Reaching safepoint: 590377 ns, At safepoint: 19330 ns, Total: 609707 ns
[2021-05-05T01:33:34.910+0000][8][safepoint   ] Safepoint "Cleanup", Time since last: 1000253744 ns, Reaching safepoint: 220913 ns, At safepoint: 13581 ns, Total: 234494 ns
[2021-05-05T01:33:35.911+0000][8][safepoint   ] Safepoint "Cleanup", Time since last: 1000213233 ns, Reaching safepoint: 417837 ns, At safepoint: 27310 ns, Total: 445147 ns
[2021-05-05T01:33:36.912+0000][8][safepoint   ] Safepoint "Cleanup", Time since last: 1000239066 ns, Reaching safepoint: 539162 ns, At safepoint: 81733 ns, Total: 620895 ns
[2021-05-05T01:33:37.913+0000][8][safepoint   ] Safepoint "Cleanup", Time since last: 1000720580 ns, Reaching safepoint: 473804 ns, At safepoint: 32125 ns, Total: 505929 ns
[2021-05-05T01:33:45.915+0000][8][safepoint   ] Safepoint "Cleanup", Time since last: 8001644879 ns, Reaching safepoint: 450667 ns, At safepoint: 36583 ns, Total: 487250 ns
[2021-05-05T01:33:52.917+0000][8][safepoint   ] Safepoint "Cleanup", Time since last: 7001567187 ns, Reaching safepoint: 405630 ns, At safepoint: 35919 ns, Total: 441549 ns
[2021-05-05T01:33:54.918+0000][8][safepoint   ] Safepoint "Cleanup", Time since last: 2000320982 ns, Reaching safepoint: 124008 ns, At safepoint: 8263 ns, Total: 132271 ns
[2021-05-05T01:33:57.919+0000][8][safepoint   ] Safepoint "Cleanup", Time since last: 3000504375 ns, Reaching safepoint: 496352 ns, At safepoint: 40633 ns, Total: 536985 ns
[2021-05-05T01:34:00.920+0000][8][safepoint   ] Safepoint "Cleanup", Time since last: 3000636726 ns, Reaching safepoint: 480506 ns, At safepoint: 37571 ns, Total: 518077 ns
[2021-05-05T01:34:01.920+0000][8][safepoint   ] Safepoint "Cleanup", Time since last: 1000258634 ns, Reaching safepoint: 368739 ns, At safepoint: 28650 ns, Total: 397389 ns
[2021-05-05T01:34:04.921+0000][8][safepoint   ] Safepoint "Cleanup", Time since last: 3000519957 ns, Reaching safepoint: 359907 ns, At safepoint: 30041 ns, Total: 389948 ns
[2021-05-05T01:34:06.922+0000][8][safepoint   ] Safepoint "Cleanup", Time since last: 2000374302 ns, Reaching safepoint: 412431 ns, At safepoint: 60006 ns, Total: 472437 ns
[2021-05-05T01:34:20.925+0000][8][safepoint   ] Safepoint "Cleanup", Time since last: 14002746786 ns, Reaching safepoint: 434724 ns, At safepoint: 39102 ns, Total: 473826 ns
[2021-05-05T01:34:24.927+0000][8][safepoint   ] Safepoint "Cleanup", Time since last: 4001184847 ns, Reaching safepoint: 438351 ns, At safepoint: 33659 ns, Total: 472010 ns
[2021-05-05T01:34:26.928+0000][8][safepoint   ] Safepoint "Cleanup", Time since last: 2000412891 ns, Reaching safepoint: 479620 ns, At safepoint: 34316 ns, Total: 513936 ns
[2021-05-05T01:34:30.929+0000][8][safepoint   ] Safepoint "Cleanup", Time since last: 4000576281 ns, Reaching safepoint: 484720 ns, At safepoint: 29028 ns, Total: 513748 ns
[2021-05-05T01:34:33.930+0000][8][safepoint   ] Safepoint "Cleanup", Time since last: 3000381252 ns, Reaching safepoint: 209107 ns, At safepoint: 12962 ns, Total: 222069 ns
[2021-05-05T01:34:36.930+0000][8][safepoint   ] Safepoint "Cleanup", Time since last: 3000309818 ns, Reaching safepoint: 329084 ns, At safepoint: 31570 ns, Total: 360654 ns
[2021-05-05T01:34:39.931+0000][8][safepoint   ] Safepoint "Cleanup", Time since last: 3000474243 ns, Reaching safepoint: 135496 ns, At safepoint: 7194 ns, Total: 142690 ns
[2021-05-05T01:34:47.933+0000][8][safepoint   ] Safepoint "Cleanup", Time since last: 8001532866 ns, Reaching safepoint: 402731 ns, At safepoint: 22497 ns, Total: 425228 ns
[2021-05-05T01:34:57.935+0000][8][safepoint   ] Safepoint "Cleanup", Time since last: 10001535151 ns, Reaching safepoint: 420812 ns, At safepoint: 32161 ns, Total: 452973 ns
[2021-05-05T01:35:06.937+0000][8][safepoint   ] Safepoint "Cleanup", Time since last: 9001955996 ns, Reaching safepoint: 395508 ns, At safepoint: 30817 ns, Total: 426325 ns
[2021-05-05T01:35:18.939+0000][8][safepoint   ] Safepoint "Cleanup", Time since last: 12001757538 ns, Reaching safepoint: 341704 ns, At safepoint: 26894 ns, Total: 368598 ns
[2021-05-05T01:35:29.942+0000][8][safepoint   ] Safepoint "Cleanup", Time since last: 11001998364 ns, Reaching safepoint: 292042 ns, At safepoint: 31493 ns, Total: 323535 ns
[2021-05-05T01:35:31.650+0000][8][safepoint   ] Safepoint "Cleanup", Time since last: 1707485644 ns, Reaching safepoint: 401160 ns, At safepoint: 25723 ns, Total: 426883 ns
[2021-05-05T01:35:33.651+0000][8][safepoint   ] Safepoint "Cleanup", Time since last: 2000419158 ns, Reaching safepoint: 439785 ns, At safepoint: 41094 ns, Total: 480879 ns
[2021-05-05T01:35:42.925+0000][8][gc,start    ] GC(59) Pause Young (Normal) (G1 Evacuation Pause)
[2021-05-05T01:35:42.925+0000][8][gc,task     ] GC(59) Using 6 workers of 8 for evacuation
[2021-05-05T01:35:42.925+0000][8][gc,age      ] GC(59) Desired survivor size 6291456 bytes, new threshold 15 (max threshold 15)
[2021-05-05T01:35:42.940+0000][8][gc,age      ] GC(59) Age table with threshold 15 (max threshold 15)
[2021-05-05T01:35:42.940+0000][8][gc,age      ] GC(59) - age   1:     628624 bytes,     628624 total
[2021-05-05T01:35:42.940+0000][8][gc,age      ] GC(59) - age   2:       8672 bytes,     637296 total
[2021-05-05T01:35:42.940+0000][8][gc,age      ] GC(59) - age   3:     469664 bytes,    1106960 total
[2021-05-05T01:35:42.940+0000][8][gc,age      ] GC(59) - age   4:       3672 bytes,    1110632 total
[2021-05-05T01:35:42.940+0000][8][gc,age      ] GC(59) - age   5:       1008 bytes,    1111640 total
[2021-05-05T01:35:42.940+0000][8][gc,age      ] GC(59) - age   6:       5440 bytes,    1117080 total
[2021-05-05T01:35:42.940+0000][8][gc,age      ] GC(59) - age   7:       3568 bytes,    1120648 total
[2021-05-05T01:35:42.940+0000][8][gc,age      ] GC(59) - age   8:       9024 bytes,    1129672 total
[2021-05-05T01:35:42.940+0000][8][gc,age      ] GC(59) - age   9:       3232 bytes,    1132904 total
[2021-05-05T01:35:42.940+0000][8][gc,age      ] GC(59) - age  10:       9576 bytes,    1142480 total
[2021-05-05T01:35:42.940+0000][8][gc,age      ] GC(59) - age  11:      10136 bytes,    1152616 total
[2021-05-05T01:35:42.940+0000][8][gc,age      ] GC(59) - age  12:      39832 bytes,    1192448 total
[2021-05-05T01:35:42.940+0000][8][gc,age      ] GC(59) - age  13:      55992 bytes,    1248440 total
[2021-05-05T01:35:42.940+0000][8][gc,age      ] GC(59) - age  14:      18544 bytes,    1266984 total
[2021-05-05T01:35:42.940+0000][8][gc,age      ] GC(59) - age  15:     700848 bytes,    1967832 total
[2021-05-05T01:35:42.940+0000][8][gc,phases   ] GC(59)   Pre Evacuate Collection Set: 0.2ms
[2021-05-05T01:35:42.940+0000][8][gc,phases   ] GC(59)   Merge Heap Roots: 0.2ms
[2021-05-05T01:35:42.940+0000][8][gc,phases   ] GC(59)   Evacuate Collection Set: 12.6ms
[2021-05-05T01:35:42.940+0000][8][gc,phases   ] GC(59)   Post Evacuate Collection Set: 1.9ms
[2021-05-05T01:35:42.941+0000][8][gc,phases   ] GC(59)   Other: 0.9ms
[2021-05-05T01:35:42.941+0000][8][gc,heap     ] GC(59) Eden regions: 23->0(22)
[2021-05-05T01:35:42.941+0000][8][gc,heap     ] GC(59) Survivor regions: 1->1(3)
[2021-05-05T01:35:42.941+0000][8][gc,heap     ] GC(59) Old regions: 25->26
[2021-05-05T01:35:42.941+0000][8][gc,heap     ] GC(59) Archive regions: 2->2
[2021-05-05T01:35:42.941+0000][8][gc,heap     ] GC(59) Humongous regions: 2->2
[2021-05-05T01:35:42.941+0000][8][gc,metaspace] GC(59) Metaspace: 106377K(110952K)->106377K(110952K) NonClass: 92494K(95720K)->92494K(95720K) Class: 13883K(15232K)->13883K(15232K)
[2021-05-05T01:35:42.941+0000][8][gc          ] GC(59) Pause Young (Normal) (G1 Evacuation Pause) 206M->114M(256M) 16.066ms
[2021-05-05T01:35:42.941+0000][8][gc,cpu      ] GC(59) User=0.06s Sys=0.00s Real=0.02s
[2021-05-05T01:35:42.941+0000][8][safepoint   ] Safepoint "G1CollectForAllocation", Time since last: 9273640231 ns, Reaching safepoint: 381371 ns, At safepoint: 16371877 ns, Total: 16753248 ns
[2021-05-05T01:35:44.942+0000][8][safepoint   ] Safepoint "Cleanup", Time since last: 2000361501 ns, Reaching safepoint: 428092 ns, At safepoint: 42944 ns, Total: 471036 ns
[2021-05-05T01:35:46.943+0000][8][safepoint   ] Safepoint "Cleanup", Time since last: 2000422273 ns, Reaching safepoint: 324465 ns, At safepoint: 29625 ns, Total: 354090 ns
[2021-05-05T01:35:47.943+0000][8][safepoint   ] Safepoint "Cleanup", Time since last: 1000249322 ns, Reaching safepoint: 312132 ns, At safepoint: 36679 ns, Total: 348811 ns
[2021-05-05T01:35:50.945+0000][8][safepoint   ] Safepoint "Cleanup", Time since last: 3000929371 ns, Reaching safepoint: 467436 ns, At safepoint: 34719 ns, Total: 502155 ns
[2021-05-05T01:35:57.946+0000][8][safepoint   ] Safepoint "Cleanup", Time since last: 7000990695 ns, Reaching safepoint: 503946 ns, At safepoint: 35341 ns, Total: 539287 ns
[2021-05-05T01:36:06.948+0000][8][safepoint   ] Safepoint "Cleanup", Time since last: 9001335812 ns, Reaching safepoint: 520256 ns, At safepoint: 59938 ns, Total: 580194 ns
[2021-05-05T01:36:10.949+0000][8][safepoint   ] Safepoint "Cleanup", Time since last: 4000706085 ns, Reaching safepoint: 317683 ns, At safepoint: 23265 ns, Total: 340948 ns
[2021-05-05T01:36:14.950+0000][8][safepoint   ] Safepoint "Cleanup", Time since last: 4000958994 ns, Reaching safepoint: 332874 ns, At safepoint: 24261 ns, Total: 357135 ns
[2021-05-05T01:36:31.954+0000][8][safepoint   ] Safepoint "Cleanup", Time since last: 17002529174 ns, Reaching safepoint: 518978 ns, At safepoint: 28739 ns, Total: 547717 ns
[2021-05-05T01:36:32.954+0000][8][safepoint   ] Safepoint "Cleanup", Time since last: 1000187245 ns, Reaching safepoint: 372495 ns, At safepoint: 29153 ns, Total: 401648 ns
[2021-05-05T01:36:33.955+0000][8][safepoint   ] Safepoint "Cleanup", Time since last: 1000228148 ns, Reaching safepoint: 399787 ns, At safepoint: 65695 ns, Total: 465482 ns
[2021-05-05T01:36:34.956+0000][8][safepoint   ] Safepoint "Cleanup", Time since last: 1000287030 ns, Reaching safepoint: 406297 ns, At safepoint: 18800 ns, Total: 425097 ns
[2021-05-05T01:36:36.956+0000][8][safepoint   ] Safepoint "Cleanup", Time since last: 2000410026 ns, Reaching safepoint: 413177 ns, At safepoint: 45516 ns, Total: 458693 ns
[2021-05-05T01:37:03.803+0000][8][safepoint   ] Safepoint "Cleanup", Time since last: 26846263944 ns, Reaching safepoint: 364628 ns, At safepoint: 28680 ns, Total: 393308 ns
[2021-05-05T01:37:05.804+0000][8][safepoint   ] Safepoint "Cleanup", Time since last: 2000641843 ns, Reaching safepoint: 357155 ns, At safepoint: 26331 ns, Total: 383486 ns
[2021-05-05T01:37:06.805+0000][8][safepoint   ] Safepoint "Cleanup", Time since last: 1000191738 ns, Reaching safepoint: 339731 ns, At safepoint: 46598 ns, Total: 386329 ns
[2021-05-05T01:37:07.805+0000][8][safepoint   ] Safepoint "Cleanup", Time since last: 1000278309 ns, Reaching safepoint: 376056 ns, At safepoint: 34256 ns, Total: 410312 ns
[2021-05-05T01:37:33.810+0000][8][safepoint   ] Safepoint "Cleanup", Time since last: 26003870384 ns, Reaching safepoint: 366928 ns, At safepoint: 40059 ns, Total: 406987 ns
[2021-05-05T01:37:37.167+0000][8][safepoint   ] Safepoint "Cleanup", Time since last: 3356851907 ns, Reaching safepoint: 97274 ns, At safepoint: 7024 ns, Total: 104298 ns
[2021-05-05T01:38:05.171+0000][8][safepoint   ] Safepoint "Cleanup", Time since last: 28004080131 ns, Reaching safepoint: 450330 ns, At safepoint: 31495 ns, Total: 481825 ns
[2021-05-05T01:38:06.963+0000][8][gc,start    ] GC(60) Pause Young (Concurrent Start) (G1 Evacuation Pause)
[2021-05-05T01:38:06.963+0000][8][gc,task     ] GC(60) Using 6 workers of 8 for evacuation
[2021-05-05T01:38:06.963+0000][8][gc,age      ] GC(60) Desired survivor size 6291456 bytes, new threshold 15 (max threshold 15)
[2021-05-05T01:38:06.972+0000][8][gc,age      ] GC(60) Age table with threshold 15 (max threshold 15)
[2021-05-05T01:38:06.972+0000][8][gc,age      ] GC(60) - age   1:     352576 bytes,     352576 total
[2021-05-05T01:38:06.972+0000][8][gc,age      ] GC(60) - age   2:     113008 bytes,     465584 total
[2021-05-05T01:38:06.972+0000][8][gc,age      ] GC(60) - age   3:       8352 bytes,     473936 total
[2021-05-05T01:38:06.972+0000][8][gc,age      ] GC(60) - age   4:     469624 bytes,     943560 total
[2021-05-05T01:38:06.972+0000][8][gc,age      ] GC(60) - age   5:       3672 bytes,     947232 total
[2021-05-05T01:38:06.972+0000][8][gc,age      ] GC(60) - age   6:       1008 bytes,     948240 total
[2021-05-05T01:38:06.972+0000][8][gc,age      ] GC(60) - age   7:       5416 bytes,     953656 total
[2021-05-05T01:38:06.972+0000][8][gc,age      ] GC(60) - age   8:       3568 bytes,     957224 total
[2021-05-05T01:38:06.972+0000][8][gc,age      ] GC(60) - age   9:       9024 bytes,     966248 total
[2021-05-05T01:38:06.972+0000][8][gc,age      ] GC(60) - age  10:       3232 bytes,     969480 total
[2021-05-05T01:38:06.972+0000][8][gc,age      ] GC(60) - age  11:       9576 bytes,     979056 total
[2021-05-05T01:38:06.972+0000][8][gc,age      ] GC(60) - age  12:      10136 bytes,     989192 total
[2021-05-05T01:38:06.972+0000][8][gc,age      ] GC(60) - age  13:      39832 bytes,    1029024 total
[2021-05-05T01:38:06.972+0000][8][gc,age      ] GC(60) - age  14:      55992 bytes,    1085016 total
[2021-05-05T01:38:06.972+0000][8][gc,age      ] GC(60) - age  15:      18544 bytes,    1103560 total
[2021-05-05T01:38:06.972+0000][8][gc,phases   ] GC(60)   Pre Evacuate Collection Set: 0.5ms
[2021-05-05T01:38:06.972+0000][8][gc,phases   ] GC(60)   Merge Heap Roots: 0.2ms
[2021-05-05T01:38:06.972+0000][8][gc,phases   ] GC(60)   Evacuate Collection Set: 6.4ms
[2021-05-05T01:38:06.972+0000][8][gc,phases   ] GC(60)   Post Evacuate Collection Set: 1.2ms
[2021-05-05T01:38:06.972+0000][8][gc,phases   ] GC(60)   Other: 0.9ms
[2021-05-05T01:38:06.972+0000][8][gc,heap     ] GC(60) Eden regions: 22->0(22)
[2021-05-05T01:38:06.972+0000][8][gc,heap     ] GC(60) Survivor regions: 1->1(3)
[2021-05-05T01:38:06.972+0000][8][gc,heap     ] GC(60) Old regions: 26->26
[2021-05-05T01:38:06.972+0000][8][gc,heap     ] GC(60) Archive regions: 2->2
[2021-05-05T01:38:06.972+0000][8][gc,heap     ] GC(60) Humongous regions: 2->2
[2021-05-05T01:38:06.972+0000][8][gc,metaspace] GC(60) Metaspace: 106412K(110952K)->106412K(110952K) NonClass: 92527K(95720K)->92527K(95720K) Class: 13885K(15232K)->13885K(15232K)
[2021-05-05T01:38:06.972+0000][8][gc          ] GC(60) Pause Young (Concurrent Start) (G1 Evacuation Pause) 202M->114M(256M) 9.313ms
[2021-05-05T01:38:06.972+0000][8][gc,cpu      ] GC(60) User=0.03s Sys=0.00s Real=0.01s
[2021-05-05T01:38:06.972+0000][8][gc          ] GC(61) Concurrent Cycle
[2021-05-05T01:38:06.972+0000][8][safepoint   ] Safepoint "G1CollectForAllocation", Time since last: 1790936090 ns, Reaching safepoint: 794954 ns, At safepoint: 9613321 ns, Total: 10408275 ns
[2021-05-05T01:38:06.972+0000][8][gc,marking  ] GC(61) Concurrent Clear Claimed Marks
[2021-05-05T01:38:06.973+0000][8][gc,marking  ] GC(61) Concurrent Clear Claimed Marks 0.204ms
[2021-05-05T01:38:06.973+0000][8][gc,marking  ] GC(61) Concurrent Scan Root Regions
[2021-05-05T01:38:06.976+0000][8][gc,marking  ] GC(61) Concurrent Scan Root Regions 3.073ms
[2021-05-05T01:38:06.976+0000][8][gc,marking  ] GC(61) Concurrent Mark (2334.771s)
[2021-05-05T01:38:06.976+0000][8][gc,marking  ] GC(61) Concurrent Mark From Roots
[2021-05-05T01:38:06.976+0000][8][gc,task     ] GC(61) Using 2 workers of 2 for marking
[2021-05-05T01:38:07.083+0000][8][gc,marking  ] GC(61) Concurrent Mark From Roots 107.196ms
[2021-05-05T01:38:07.083+0000][8][gc,marking  ] GC(61) Concurrent Preclean
[2021-05-05T01:38:07.083+0000][8][gc,marking  ] GC(61) Concurrent Preclean 0.279ms
[2021-05-05T01:38:07.083+0000][8][gc,marking  ] GC(61) Concurrent Mark (2334.771s, 2334.879s) 107.552ms
[2021-05-05T01:38:07.084+0000][8][gc,start    ] GC(61) Pause Remark
[2021-05-05T01:38:07.094+0000][8][gc          ] GC(61) Pause Remark 118M->118M(256M) 10.095ms
[2021-05-05T01:38:07.094+0000][8][gc,cpu      ] GC(61) User=0.05s Sys=0.00s Real=0.01s
[2021-05-05T01:38:07.094+0000][8][safepoint   ] Safepoint "G1Concurrent", Time since last: 111029386 ns, Reaching safepoint: 186389 ns, At safepoint: 10181312 ns, Total: 10367701 ns
[2021-05-05T01:38:07.094+0000][8][gc,marking  ] GC(61) Concurrent Rebuild Remembered Sets
[2021-05-05T01:38:07.163+0000][8][gc,marking  ] GC(61) Concurrent Rebuild Remembered Sets 68.940ms
[2021-05-05T01:38:07.163+0000][8][gc,start    ] GC(61) Pause Cleanup
[2021-05-05T01:38:07.163+0000][8][gc          ] GC(61) Pause Cleanup 118M->118M(256M) 0.084ms
[2021-05-05T01:38:07.163+0000][8][gc,cpu      ] GC(61) User=0.00s Sys=0.00s Real=0.00s
[2021-05-05T01:38:07.163+0000][8][safepoint   ] Safepoint "G1Concurrent", Time since last: 69064527 ns, Reaching safepoint: 91079 ns, At safepoint: 131459 ns, Total: 222538 ns
[2021-05-05T01:38:07.163+0000][8][gc,marking  ] GC(61) Concurrent Cleanup for Next Mark
[2021-05-05T01:38:07.164+0000][8][gc,marking  ] GC(61) Concurrent Cleanup for Next Mark 0.347ms
[2021-05-05T01:38:07.164+0000][8][gc          ] GC(61) Concurrent Cycle 191.162ms
[2021-05-05T01:38:08.164+0000][8][safepoint   ] Safepoint "Cleanup", Time since last: 1000110329 ns, Reaching safepoint: 441528 ns, At safepoint: 32689 ns, Total: 474217 ns
[2021-05-05T01:38:10.165+0000][8][safepoint   ] Safepoint "Cleanup", Time since last: 2000585035 ns, Reaching safepoint: 450392 ns, At safepoint: 30182 ns, Total: 480574 ns
[2021-05-05T01:38:15.166+0000][8][safepoint   ] Safepoint "Cleanup", Time since last: 5000674038 ns, Reaching safepoint: 270062 ns, At safepoint: 15271 ns, Total: 285333 ns
[2021-05-05T01:38:16.173+0000][8][safepoint   ] Safepoint "Cleanup", Time since last: 1007030308 ns, Reaching safepoint: 471072 ns, At safepoint: 31542 ns, Total: 502614 ns
[2021-05-05T01:38:28.176+0000][8][safepoint   ] Safepoint "Cleanup", Time since last: 12002085952 ns, Reaching safepoint: 405116 ns, At safepoint: 37924 ns, Total: 443040 ns
[2021-05-05T01:38:30.176+0000][8][safepoint   ] Safepoint "Cleanup", Time since last: 2000482296 ns, Reaching safepoint: 156872 ns, At safepoint: 9539 ns, Total: 166411 ns
[2021-05-05T01:38:31.177+0000][8][safepoint   ] Safepoint "Cleanup", Time since last: 1000230303 ns, Reaching safepoint: 398514 ns, At safepoint: 32800 ns, Total: 431314 ns
[2021-05-05T01:38:34.178+0000][8][safepoint   ] Safepoint "Cleanup", Time since last: 3000537256 ns, Reaching safepoint: 332625 ns, At safepoint: 16097 ns, Total: 348722 ns
[2021-05-05T01:38:35.179+0000][8][safepoint   ] Safepoint "Cleanup", Time since last: 1000199157 ns, Reaching safepoint: 414386 ns, At safepoint: 26071 ns, Total: 440457 ns
[2021-05-05T01:38:37.180+0000][8][safepoint   ] Safepoint "Cleanup", Time since last: 2000417940 ns, Reaching safepoint: 693074 ns, At safepoint: 62785 ns, Total: 755859 ns
[2021-05-05T01:38:39.182+0000][8][safepoint   ] Safepoint "Cleanup", Time since last: 2001535371 ns, Reaching safepoint: 353831 ns, At safepoint: 24185 ns, Total: 378016 ns
[2021-05-05T01:38:41.182+0000][8][safepoint   ] Safepoint "Cleanup", Time since last: 2000349293 ns, Reaching safepoint: 376434 ns, At safepoint: 25822 ns, Total: 402256 ns
[2021-05-05T01:38:43.184+0000][8][safepoint   ] Safepoint "Cleanup", Time since last: 2000443936 ns, Reaching safepoint: 598232 ns, At safepoint: 29678 ns, Total: 627910 ns
[2021-05-05T01:39:01.186+0000][8][safepoint   ] Safepoint "Cleanup", Time since last: 18002492538 ns, Reaching safepoint: 350336 ns, At safepoint: 29447 ns, Total: 379783 ns
[2021-05-05T01:39:05.188+0000][8][safepoint   ] Safepoint "Cleanup", Time since last: 4000704660 ns, Reaching safepoint: 435029 ns, At safepoint: 31012 ns, Total: 466041 ns
[2021-05-05T01:39:07.188+0000][8][safepoint   ] Safepoint "Cleanup", Time since last: 2000401804 ns, Reaching safepoint: 329506 ns, At safepoint: 32034 ns, Total: 361540 ns
[2021-05-05T01:39:08.189+0000][8][safepoint   ] Safepoint "Cleanup", Time since last: 1000539167 ns, Reaching safepoint: 312268 ns, At safepoint: 29704 ns, Total: 341972 ns
[2021-05-05T01:39:30.193+0000][8][safepoint   ] Safepoint "Cleanup", Time since last: 22003367742 ns, Reaching safepoint: 434189 ns, At safepoint: 44716 ns, Total: 478905 ns
[2021-05-05T01:39:30.817+0000][8][safepoint   ] Safepoint "ICBufferFull", Time since last: 623047097 ns, Reaching safepoint: 700493 ns, At safepoint: 42069 ns, Total: 742562 ns
[2021-05-05T01:39:31.818+0000][8][safepoint   ] Safepoint "Cleanup", Time since last: 1000211650 ns, Reaching safepoint: 557129 ns, At safepoint: 42988 ns, Total: 600117 ns
[2021-05-05T01:39:33.818+0000][8][safepoint   ] Safepoint "Cleanup", Time since last: 2000465727 ns, Reaching safepoint: 262592 ns, At safepoint: 15078 ns, Total: 277670 ns
[2021-05-05T01:39:35.819+0000][8][safepoint   ] Safepoint "Cleanup", Time since last: 2000298147 ns, Reaching safepoint: 528596 ns, At safepoint: 50198 ns, Total: 578794 ns
[2021-05-05T01:39:37.820+0000][8][safepoint   ] Safepoint "Cleanup", Time since last: 2000401537 ns, Reaching safepoint: 409575 ns, At safepoint: 34397 ns, Total: 443972 ns
[2021-05-05T01:39:40.052+0000][8][gc,start    ] GC(62) Pause Young (Normal) (G1 Evacuation Pause)
[2021-05-05T01:39:40.052+0000][8][gc,task     ] GC(62) Using 6 workers of 8 for evacuation
[2021-05-05T01:39:40.052+0000][8][gc,age      ] GC(62) Desired survivor size 6291456 bytes, new threshold 15 (max threshold 15)
[2021-05-05T01:39:40.063+0000][8][gc,age      ] GC(62) Age table with threshold 15 (max threshold 15)
[2021-05-05T01:39:40.063+0000][8][gc,age      ] GC(62) - age   1:     806296 bytes,     806296 total
[2021-05-05T01:39:40.063+0000][8][gc,age      ] GC(62) - age   2:       5704 bytes,     812000 total
[2021-05-05T01:39:40.063+0000][8][gc,age      ] GC(62) - age   3:     112560 bytes,     924560 total
[2021-05-05T01:39:40.063+0000][8][gc,age      ] GC(62) - age   4:       8352 bytes,     932912 total
[2021-05-05T01:39:40.063+0000][8][gc,age      ] GC(62) - age   5:     291672 bytes,    1224584 total
[2021-05-05T01:39:40.063+0000][8][gc,age      ] GC(62) - age   6:       3672 bytes,    1228256 total
[2021-05-05T01:39:40.063+0000][8][gc,age      ] GC(62) - age   7:        912 bytes,    1229168 total
[2021-05-05T01:39:40.063+0000][8][gc,age      ] GC(62) - age   8:       5416 bytes,    1234584 total
[2021-05-05T01:39:40.063+0000][8][gc,age      ] GC(62) - age   9:       3568 bytes,    1238152 total
[2021-05-05T01:39:40.063+0000][8][gc,age      ] GC(62) - age  10:       7776 bytes,    1245928 total
[2021-05-05T01:39:40.063+0000][8][gc,age      ] GC(62) - age  11:       3232 bytes,    1249160 total
[2021-05-05T01:39:40.063+0000][8][gc,age      ] GC(62) - age  12:       9576 bytes,    1258736 total
[2021-05-05T01:39:40.063+0000][8][gc,age      ] GC(62) - age  13:      10136 bytes,    1268872 total
[2021-05-05T01:39:40.063+0000][8][gc,age      ] GC(62) - age  14:      39736 bytes,    1308608 total
[2021-05-05T01:39:40.063+0000][8][gc,age      ] GC(62) - age  15:      55952 bytes,    1364560 total
[2021-05-05T01:39:40.063+0000][8][gc,phases   ] GC(62)   Pre Evacuate Collection Set: 0.4ms
[2021-05-05T01:39:40.064+0000][8][gc,phases   ] GC(62)   Merge Heap Roots: 0.4ms
[2021-05-05T01:39:40.064+0000][8][gc,phases   ] GC(62)   Evacuate Collection Set: 7.6ms
[2021-05-05T01:39:40.064+0000][8][gc,phases   ] GC(62)   Post Evacuate Collection Set: 2.2ms
[2021-05-05T01:39:40.064+0000][8][gc,phases   ] GC(62)   Other: 0.9ms
[2021-05-05T01:39:40.064+0000][8][gc,heap     ] GC(62) Eden regions: 22->0(22)
[2021-05-05T01:39:40.064+0000][8][gc,heap     ] GC(62) Survivor regions: 1->1(3)
[2021-05-05T01:39:40.064+0000][8][gc,heap     ] GC(62) Old regions: 26->26
[2021-05-05T01:39:40.064+0000][8][gc,heap     ] GC(62) Archive regions: 2->2
[2021-05-05T01:39:40.064+0000][8][gc,heap     ] GC(62) Humongous regions: 2->2
[2021-05-05T01:39:40.064+0000][8][gc,metaspace] GC(62) Metaspace: 106440K(110952K)->106440K(110952K) NonClass: 92556K(95720K)->92556K(95720K) Class: 13883K(15232K)->13883K(15232K)
[2021-05-05T01:39:40.064+0000][8][gc          ] GC(62) Pause Young (Normal) (G1 Evacuation Pause) 202M->114M(256M) 11.811ms
[2021-05-05T01:39:40.064+0000][8][gc,cpu      ] GC(62) User=0.04s Sys=0.01s Real=0.01s
[2021-05-05T01:39:40.064+0000][8][safepoint   ] Safepoint "G1CollectForAllocation", Time since last: 2231390107 ns, Reaching safepoint: 318478 ns, At safepoint: 12081054 ns, Total: 12399532 ns
[2021-05-05T01:40:01.068+0000][8][safepoint   ] Safepoint "Cleanup", Time since last: 21003541096 ns, Reaching safepoint: 268563 ns, At safepoint: 44721 ns, Total: 313284 ns
[2021-05-05T01:40:07.069+0000][8][safepoint   ] Safepoint "Cleanup", Time since last: 6001306660 ns, Reaching safepoint: 309826 ns, At safepoint: 20750 ns, Total: 330576 ns
[2021-05-05T01:40:34.074+0000][8][safepoint   ] Safepoint "Cleanup", Time since last: 27004169226 ns, Reaching safepoint: 554599 ns, At safepoint: 46402 ns, Total: 601001 ns
[2021-05-05T01:40:45.076+0000][8][safepoint   ] Safepoint "Cleanup", Time since last: 11001689095 ns, Reaching safepoint: 467285 ns, At safepoint: 39566 ns, Total: 506851 ns
[2021-05-05T01:41:06.081+0000][8][safepoint   ] Safepoint "Cleanup", Time since last: 21003818286 ns, Reaching safepoint: 465174 ns, At safepoint: 38027 ns, Total: 503201 ns
[2021-05-05T01:41:34.087+0000][8][safepoint   ] Safepoint "Cleanup", Time since last: 28005949227 ns, Reaching safepoint: 437728 ns, At safepoint: 25217 ns, Total: 462945 ns
[2021-05-05T04:07:43.311+0000][8][safepoint   ] Safepoint "Cleanup", Time since last: 17778147693 ns, Reaching safepoint: 363231 ns, At safepoint: 32913 ns, Total: 396144 ns
[2021-05-05T04:07:51.312+0000][8][safepoint   ] Safepoint "Cleanup", Time since last: 8001019894 ns, Reaching safepoint: 91554 ns, At safepoint: 7207 ns, Total: 98761 ns
[2021-05-05T04:07:56.339+0000][8][gc,start    ] GC(63) Pause Young (Concurrent Start) (G1 Evacuation Pause)
[2021-05-05T04:07:56.339+0000][8][gc,task     ] GC(63) Using 6 workers of 8 for evacuation
[2021-05-05T04:07:56.339+0000][8][gc,age      ] GC(63) Desired survivor size 6291456 bytes, new threshold 15 (max threshold 15)
[2021-05-05T04:07:56.342+0000][8][gc,age      ] GC(63) Age table with threshold 15 (max threshold 15)
[2021-05-05T04:07:56.342+0000][8][gc,age      ] GC(63) - age   1:     511912 bytes,     511912 total
[2021-05-05T04:07:56.342+0000][8][gc,age      ] GC(63) - age   2:     295808 bytes,     807720 total
[2021-05-05T04:07:56.342+0000][8][gc,age      ] GC(63) - age   3:       5464 bytes,     813184 total
[2021-05-05T04:07:56.342+0000][8][gc,age      ] GC(63) - age   4:     112560 bytes,     925744 total
[2021-05-05T04:07:56.342+0000][8][gc,age      ] GC(63) - age   5:       8152 bytes,     933896 total
[2021-05-05T04:07:56.342+0000][8][gc,age      ] GC(63) - age   6:     291632 bytes,    1225528 total
[2021-05-05T04:07:56.342+0000][8][gc,age      ] GC(63) - age   7:       3672 bytes,    1229200 total
[2021-05-05T04:07:56.342+0000][8][gc,age      ] GC(63) - age   8:        872 bytes,    1230072 total
[2021-05-05T04:07:56.342+0000][8][gc,age      ] GC(63) - age   9:       5416 bytes,    1235488 total
[2021-05-05T04:07:56.342+0000][8][gc,age      ] GC(63) - age  10:       3568 bytes,    1239056 total
[2021-05-05T04:07:56.342+0000][8][gc,age      ] GC(63) - age  11:       7776 bytes,    1246832 total
[2021-05-05T04:07:56.342+0000][8][gc,age      ] GC(63) - age  12:       3232 bytes,    1250064 total
[2021-05-05T04:07:56.342+0000][8][gc,age      ] GC(63) - age  13:       9576 bytes,    1259640 total
[2021-05-05T04:07:56.342+0000][8][gc,age      ] GC(63) - age  14:      10136 bytes,    1269776 total
[2021-05-05T04:07:56.342+0000][8][gc,age      ] GC(63) - age  15:      39696 bytes,    1309472 total
[2021-05-05T04:07:56.342+0000][8][gc,phases   ] GC(63)   Pre Evacuate Collection Set: 0.2ms
[2021-05-05T04:07:56.342+0000][8][gc,phases   ] GC(63)   Merge Heap Roots: 0.1ms
[2021-05-05T04:07:56.342+0000][8][gc,phases   ] GC(63)   Evacuate Collection Set: 2.0ms
[2021-05-05T04:07:56.342+0000][8][gc,phases   ] GC(63)   Post Evacuate Collection Set: 0.5ms
[2021-05-05T04:07:56.342+0000][8][gc,phases   ] GC(63)   Other: 0.3ms
[2021-05-05T04:07:56.342+0000][8][gc,heap     ] GC(63) Eden regions: 22->0(22)
[2021-05-05T04:07:56.342+0000][8][gc,heap     ] GC(63) Survivor regions: 1->1(3)
[2021-05-05T04:07:56.342+0000][8][gc,heap     ] GC(63) Old regions: 26->26
[2021-05-05T04:07:56.342+0000][8][gc,heap     ] GC(63) Archive regions: 2->2
[2021-05-05T04:07:56.342+0000][8][gc,heap     ] GC(63) Humongous regions: 2->2
[2021-05-05T04:07:56.342+0000][8][gc,metaspace] GC(63) Metaspace: 106483K(111208K)->106483K(111208K) NonClass: 92599K(95976K)->92599K(95976K) Class: 13883K(15232K)->13883K(15232K)
[2021-05-05T04:07:56.342+0000][8][gc          ] GC(63) Pause Young (Concurrent Start) (G1 Evacuation Pause) 202M->114M(256M) 3.131ms
[2021-05-05T04:07:56.342+0000][8][gc,cpu      ] GC(63) User=0.01s Sys=0.00s Real=0.00s
[2021-05-05T04:07:56.342+0000][8][gc          ] GC(64) Concurrent Cycle
[2021-05-05T04:07:56.342+0000][8][safepoint   ] Safepoint "G1CollectForAllocation", Time since last: 5026815173 ns, Reaching safepoint: 127028 ns, At safepoint: 3221448 ns, Total: 3348476 ns
[2021-05-05T04:07:56.342+0000][8][gc,marking  ] GC(64) Concurrent Clear Claimed Marks
[2021-05-05T04:07:56.342+0000][8][gc,marking  ] GC(64) Concurrent Clear Claimed Marks 0.095ms
[2021-05-05T04:07:56.342+0000][8][gc,marking  ] GC(64) Concurrent Scan Root Regions
[2021-05-05T04:07:56.344+0000][8][gc,marking  ] GC(64) Concurrent Scan Root Regions 1.361ms
[2021-05-05T04:07:56.344+0000][8][gc,marking  ] GC(64) Concurrent Mark (2572.694s)
[2021-05-05T04:07:56.344+0000][8][gc,marking  ] GC(64) Concurrent Mark From Roots
[2021-05-05T04:07:56.344+0000][8][gc,task     ] GC(64) Using 2 workers of 2 for marking
[2021-05-05T04:07:56.492+0000][8][gc,marking  ] GC(64) Concurrent Mark From Roots 147.968ms
[2021-05-05T04:07:56.492+0000][8][gc,marking  ] GC(64) Concurrent Preclean
[2021-05-05T04:07:56.492+0000][8][gc,marking  ] GC(64) Concurrent Preclean 0.301ms
[2021-05-05T04:07:56.492+0000][8][gc,marking  ] GC(64) Concurrent Mark (2572.694s, 2572.842s) 148.374ms
[2021-05-05T04:07:56.492+0000][8][gc,start    ] GC(64) Pause Remark
[2021-05-05T04:07:56.499+0000][8][gc          ] GC(64) Pause Remark 115M->115M(256M) 7.145ms
[2021-05-05T04:07:56.499+0000][8][gc,cpu      ] GC(64) User=0.04s Sys=0.00s Real=0.01s
[2021-05-05T04:07:56.499+0000][8][safepoint   ] Safepoint "G1Concurrent", Time since last: 149938495 ns, Reaching safepoint: 114454 ns, At safepoint: 7246085 ns, Total: 7360539 ns
[2021-05-05T04:07:56.499+0000][8][gc,marking  ] GC(64) Concurrent Rebuild Remembered Sets
[2021-05-05T04:07:56.576+0000][8][gc,marking  ] GC(64) Concurrent Rebuild Remembered Sets 76.383ms
[2021-05-05T04:07:56.576+0000][8][gc,start    ] GC(64) Pause Cleanup
[2021-05-05T04:07:56.576+0000][8][gc          ] GC(64) Pause Cleanup 115M->115M(256M) 0.182ms
[2021-05-05T04:07:56.576+0000][8][gc,cpu      ] GC(64) User=0.00s Sys=0.00s Real=0.00s
[2021-05-05T04:07:56.576+0000][8][safepoint   ] Safepoint "G1Concurrent", Time since last: 76554090 ns, Reaching safepoint: 228371 ns, At safepoint: 308799 ns, Total: 537170 ns
[2021-05-05T04:07:56.576+0000][8][gc,marking  ] GC(64) Concurrent Cleanup for Next Mark
[2021-05-05T04:07:56.577+0000][8][gc,marking  ] GC(64) Concurrent Cleanup for Next Mark 0.404ms
[2021-05-05T04:07:56.577+0000][8][gc          ] GC(64) Concurrent Cycle 234.895ms
[2021-05-05T04:07:58.581+0000][8][safepoint   ] Safepoint "Cleanup", Time since last: 2001300576 ns, Reaching safepoint: 2805965 ns, At safepoint: 18488 ns, Total: 2824453 ns
[2021-05-05T04:07:58.957+0000][8][gc,heap,exit] Heap
[2021-05-05T04:07:58.958+0000][8][gc,heap,exit]  garbage-first heap   total 262144K, used 129498K [0x00000000f0000000, 0x0000000100000000)
[2021-05-05T04:07:58.958+0000][8][gc,heap,exit]   region size 4096K, 5 young (20480K), 1 survivors (4096K)
[2021-05-05T04:07:58.958+0000][8][gc,heap,exit]  Metaspace       used 106674K, capacity 110177K, committed 111208K, reserved 1144832K
[2021-05-05T04:07:58.958+0000][8][gc,heap,exit]   class space    used 13916K, capacity 15152K, committed 15232K, reserved 1048576K
