[2021-05-01T01:28:15.937+0000][8][gc] Using G1
[2021-05-01T01:28:16.068+0000][8][gc,init] Version: 15.0.1+9 (release)
[2021-05-01T01:28:16.068+0000][8][gc,init] CPUs: 8 total, 8 available
[2021-05-01T01:28:16.068+0000][8][gc,init] Memory: 15907M
[2021-05-01T01:28:16.068+0000][8][gc,init] Large Page Support: Disabled
[2021-05-01T01:28:16.068+0000][8][gc,init] NUMA Support: Disabled
[2021-05-01T01:28:16.068+0000][8][gc,init] Compressed Oops: Enabled (32-bit)
[2021-05-01T01:28:16.068+0000][8][gc,init] Heap Region Size: 4M
[2021-05-01T01:28:16.068+0000][8][gc,init] Heap Min Capacity: 256M
[2021-05-01T01:28:16.068+0000][8][gc,init] Heap Initial Capacity: 256M
[2021-05-01T01:28:16.068+0000][8][gc,init] Heap Max Capacity: 256M
[2021-05-01T01:28:16.068+0000][8][gc,init] Pre-touch: Enabled
[2021-05-01T01:28:16.068+0000][8][gc,init] Parallel Workers: 8
[2021-05-01T01:28:16.068+0000][8][gc,init] Concurrent Workers: 2
[2021-05-01T01:28:16.068+0000][8][gc,init] Concurrent Refinement Workers: 8
[2021-05-01T01:28:16.068+0000][8][gc,init] Periodic GC: Disabled
[2021-05-01T01:28:16.069+0000][8][gc,cds ] Mark closed archive regions in map: [0x00000000ffc00000, 0x00000000ffc7bff8]
[2021-05-01T01:28:16.069+0000][8][gc,cds ] Mark open archive regions in map: [0x00000000ffb00000, 0x00000000ffb51ff8]
[2021-05-01T01:28:16.069+0000][8][gc,metaspace] CDS archive(s) mapped at: [0x0000000800000000-0x0000000800b2a000-0x0000000800b2a000), size 11706368, SharedBaseAddress: 0x0000000800000000, ArchiveRelocationMode: 0.
[2021-05-01T01:28:16.069+0000][8][gc,metaspace] Compressed class space mapped at: 0x0000000800b2c000-0x0000000840b2c000, size: 1073741824
[2021-05-01T01:28:16.069+0000][8][gc,metaspace] Narrow klass base: 0x0000000800000000, Narrow klass shift: 3, Narrow klass range: 0x100000000
[2021-05-01T01:28:16.801+0000][8][safepoint   ] Safepoint "ICBufferFull", Time since last: 725358775 ns, Reaching safepoint: 141353 ns, At safepoint: 5459 ns, Total: 146812 ns
[2021-05-01T01:28:17.025+0000][8][gc,start    ] GC(0) Pause Young (Normal) (G1 Evacuation Pause)
[2021-05-01T01:28:17.033+0000][8][gc,task     ] GC(0) Using 6 workers of 8 for evacuation
[2021-05-01T01:28:17.033+0000][8][gc,age      ] GC(0) Desired survivor size 2097152 bytes, new threshold 15 (max threshold 15)
[2021-05-01T01:28:17.043+0000][8][gc,age      ] GC(0) Age table with threshold 15 (max threshold 15)
[2021-05-01T01:28:17.043+0000][8][gc,age      ] GC(0) - age   1:    3634640 bytes,    3634640 total
[2021-05-01T01:28:17.043+0000][8][gc,phases   ] GC(0)   Pre Evacuate Collection Set: 0.0ms
[2021-05-01T01:28:17.043+0000][8][gc,phases   ] GC(0)   Merge Heap Roots: 0.0ms
[2021-05-01T01:28:17.043+0000][8][gc,phases   ] GC(0)   Evacuate Collection Set: 7.4ms
[2021-05-01T01:28:17.043+0000][8][gc,phases   ] GC(0)   Post Evacuate Collection Set: 2.1ms
[2021-05-01T01:28:17.043+0000][8][gc,phases   ] GC(0)   Other: 8.0ms
[2021-05-01T01:28:17.043+0000][8][gc,heap     ] GC(0) Eden regions: 5->0(5)
[2021-05-01T01:28:17.043+0000][8][gc,heap     ] GC(0) Survivor regions: 0->1(1)
[2021-05-01T01:28:17.043+0000][8][gc,heap     ] GC(0) Old regions: 0->0
[2021-05-01T01:28:17.043+0000][8][gc,heap     ] GC(0) Archive regions: 2->2
[2021-05-01T01:28:17.043+0000][8][gc,heap     ] GC(0) Humongous regions: 0->0
[2021-05-01T01:28:17.043+0000][8][gc,metaspace] GC(0) Metaspace: 6578K(8960K)->6578K(8960K) NonClass: 5860K(7936K)->5860K(7936K) Class: 718K(1024K)->718K(1024K)
[2021-05-01T01:28:17.043+0000][8][gc          ] GC(0) Pause Young (Normal) (G1 Evacuation Pause) 23M->7M(256M) 17.718ms
[2021-05-01T01:28:17.043+0000][8][gc,cpu      ] GC(0) User=0.02s Sys=0.00s Real=0.01s
[2021-05-01T01:28:17.043+0000][8][safepoint   ] Safepoint "G1CollectForAllocation", Time since last: 223781835 ns, Reaching safepoint: 136270 ns, At safepoint: 17799363 ns, Total: 17935633 ns
[2021-05-01T01:28:18.216+0000][8][safepoint   ] Safepoint "Cleanup", Time since last: 1173185024 ns, Reaching safepoint: 107759 ns, At safepoint: 4660 ns, Total: 112419 ns
[2021-05-01T01:28:18.479+0000][8][gc,start    ] GC(1) Pause Young (Normal) (G1 Evacuation Pause)
[2021-05-01T01:28:18.479+0000][8][gc,task     ] GC(1) Using 6 workers of 8 for evacuation
[2021-05-01T01:28:18.479+0000][8][gc,age      ] GC(1) Desired survivor size 2097152 bytes, new threshold 1 (max threshold 15)
[2021-05-01T01:28:18.486+0000][8][gc,age      ] GC(1) Age table with threshold 1 (max threshold 15)
[2021-05-01T01:28:18.486+0000][8][gc,age      ] GC(1) - age   1:    2022952 bytes,    2022952 total
[2021-05-01T01:28:18.486+0000][8][gc,phases   ] GC(1)   Pre Evacuate Collection Set: 0.0ms
[2021-05-01T01:28:18.486+0000][8][gc,phases   ] GC(1)   Merge Heap Roots: 0.0ms
[2021-05-01T01:28:18.486+0000][8][gc,phases   ] GC(1)   Evacuate Collection Set: 6.9ms
[2021-05-01T01:28:18.486+0000][8][gc,phases   ] GC(1)   Post Evacuate Collection Set: 0.6ms
[2021-05-01T01:28:18.486+0000][8][gc,phases   ] GC(1)   Other: 0.2ms
[2021-05-01T01:28:18.486+0000][8][gc,heap     ] GC(1) Eden regions: 5->0(12)
[2021-05-01T01:28:18.486+0000][8][gc,heap     ] GC(1) Survivor regions: 1->1(1)
[2021-05-01T01:28:18.486+0000][8][gc,heap     ] GC(1) Old regions: 0->1
[2021-05-01T01:28:18.486+0000][8][gc,heap     ] GC(1) Archive regions: 2->2
[2021-05-01T01:28:18.486+0000][8][gc,heap     ] GC(1) Humongous regions: 0->0
[2021-05-01T01:28:18.487+0000][8][gc,metaspace] GC(1) Metaspace: 11858K(12288K)->11858K(12288K) NonClass: 10437K(10752K)->10437K(10752K) Class: 1420K(1536K)->1420K(1536K)
[2021-05-01T01:28:18.487+0000][8][gc          ] GC(1) Pause Young (Normal) (G1 Evacuation Pause) 27M->9M(256M) 7.844ms
[2021-05-01T01:28:18.487+0000][8][gc,cpu      ] GC(1) User=0.02s Sys=0.00s Real=0.01s
[2021-05-01T01:28:18.489+0000][8][safepoint   ] Safepoint "G1CollectForAllocation", Time since last: 260379793 ns, Reaching safepoint: 1909686 ns, At safepoint: 10074736 ns, Total: 11984422 ns
[2021-05-01T01:28:19.479+0000][8][safepoint   ] Safepoint "ICBufferFull", Time since last: 989871571 ns, Reaching safepoint: 150278 ns, At safepoint: 8354 ns, Total: 158632 ns
[2021-05-01T01:28:19.795+0000][8][gc,start    ] GC(2) Pause Young (Normal) (G1 Evacuation Pause)
[2021-05-01T01:28:19.795+0000][8][gc,task     ] GC(2) Using 6 workers of 8 for evacuation
[2021-05-01T01:28:19.795+0000][8][gc,age      ] GC(2) Desired survivor size 4194304 bytes, new threshold 15 (max threshold 15)
[2021-05-01T01:28:19.809+0000][8][gc,age      ] GC(2) Age table with threshold 15 (max threshold 15)
[2021-05-01T01:28:19.809+0000][8][gc,age      ] GC(2) - age   1:    1792720 bytes,    1792720 total
[2021-05-01T01:28:19.809+0000][8][gc,age      ] GC(2) - age   2:    1925296 bytes,    3718016 total
[2021-05-01T01:28:19.809+0000][8][gc,phases   ] GC(2)   Pre Evacuate Collection Set: 0.1ms
[2021-05-01T01:28:19.809+0000][8][gc,phases   ] GC(2)   Merge Heap Roots: 0.0ms
[2021-05-01T01:28:19.809+0000][8][gc,phases   ] GC(2)   Evacuate Collection Set: 8.6ms
[2021-05-01T01:28:19.809+0000][8][gc,phases   ] GC(2)   Post Evacuate Collection Set: 5.2ms
[2021-05-01T01:28:19.809+0000][8][gc,phases   ] GC(2)   Other: 0.2ms
[2021-05-01T01:28:19.809+0000][8][gc,heap     ] GC(2) Eden regions: 12->0(36)
[2021-05-01T01:28:19.809+0000][8][gc,heap     ] GC(2) Survivor regions: 1->1(2)
[2021-05-01T01:28:19.809+0000][8][gc,heap     ] GC(2) Old regions: 1->1
[2021-05-01T01:28:19.809+0000][8][gc,heap     ] GC(2) Archive regions: 2->2
[2021-05-01T01:28:19.809+0000][8][gc,heap     ] GC(2) Humongous regions: 0->0
[2021-05-01T01:28:19.809+0000][8][gc,metaspace] GC(2) Metaspace: 14546K(15104K)->14546K(15104K) NonClass: 12867K(13312K)->12867K(13312K) Class: 1679K(1792K)->1679K(1792K)
[2021-05-01T01:28:19.809+0000][8][gc          ] GC(2) Pause Young (Normal) (G1 Evacuation Pause) 57M->11M(256M) 14.242ms
[2021-05-01T01:28:19.809+0000][8][gc,cpu      ] GC(2) User=0.03s Sys=0.00s Real=0.02s
[2021-05-01T01:28:19.809+0000][8][safepoint   ] Safepoint "G1CollectForAllocation", Time since last: 316133441 ns, Reaching safepoint: 104247 ns, At safepoint: 14322228 ns, Total: 14426475 ns
[2021-05-01T01:28:20.282+0000][8][safepoint   ] Safepoint "ICBufferFull", Time since last: 471695874 ns, Reaching safepoint: 610405 ns, At safepoint: 7056 ns, Total: 617461 ns
[2021-05-01T01:28:20.300+0000][8][safepoint   ] Safepoint "ICBufferFull", Time since last: 18664851 ns, Reaching safepoint: 174585 ns, At safepoint: 5475 ns, Total: 180060 ns
[2021-05-01T01:28:20.310+0000][8][safepoint   ] Safepoint "ICBufferFull", Time since last: 9727627 ns, Reaching safepoint: 146713 ns, At safepoint: 6065 ns, Total: 152778 ns
[2021-05-01T01:28:20.321+0000][8][safepoint   ] Safepoint "ICBufferFull", Time since last: 10384262 ns, Reaching safepoint: 145014 ns, At safepoint: 7195 ns, Total: 152209 ns
[2021-05-01T01:28:20.336+0000][8][safepoint   ] Safepoint "ICBufferFull", Time since last: 14881699 ns, Reaching safepoint: 150238 ns, At safepoint: 9605 ns, Total: 159843 ns
[2021-05-01T01:28:20.343+0000][8][safepoint   ] Safepoint "ICBufferFull", Time since last: 7409316 ns, Reaching safepoint: 79216 ns, At safepoint: 9367 ns, Total: 88583 ns
[2021-05-01T01:28:20.355+0000][8][safepoint   ] Safepoint "ICBufferFull", Time since last: 10986469 ns, Reaching safepoint: 170802 ns, At safepoint: 5266 ns, Total: 176068 ns
[2021-05-01T01:28:20.365+0000][8][safepoint   ] Safepoint "ICBufferFull", Time since last: 10225377 ns, Reaching safepoint: 129995 ns, At safepoint: 6152 ns, Total: 136147 ns
[2021-05-01T01:28:20.371+0000][8][safepoint   ] Safepoint "ICBufferFull", Time since last: 5531814 ns, Reaching safepoint: 322354 ns, At safepoint: 5315 ns, Total: 327669 ns
[2021-05-01T01:28:20.382+0000][8][safepoint   ] Safepoint "ICBufferFull", Time since last: 11428973 ns, Reaching safepoint: 173291 ns, At safepoint: 5751 ns, Total: 179042 ns
[2021-05-01T01:28:20.391+0000][8][safepoint   ] Safepoint "ICBufferFull", Time since last: 7939511 ns, Reaching safepoint: 790075 ns, At safepoint: 5777 ns, Total: 795852 ns
[2021-05-01T01:28:20.407+0000][8][safepoint   ] Safepoint "ICBufferFull", Time since last: 16116346 ns, Reaching safepoint: 103507 ns, At safepoint: 5213 ns, Total: 108720 ns
[2021-05-01T01:28:20.425+0000][8][safepoint   ] Safepoint "ICBufferFull", Time since last: 17336964 ns, Reaching safepoint: 200880 ns, At safepoint: 6614 ns, Total: 207494 ns
[2021-05-01T01:28:20.432+0000][8][safepoint   ] Safepoint "ICBufferFull", Time since last: 7299408 ns, Reaching safepoint: 183291 ns, At safepoint: 7064 ns, Total: 190355 ns
[2021-05-01T01:28:20.462+0000][8][safepoint   ] Safepoint "ICBufferFull", Time since last: 25987392 ns, Reaching safepoint: 3467544 ns, At safepoint: 11194 ns, Total: 3478738 ns
[2021-05-01T01:28:21.490+0000][8][safepoint   ] Safepoint "ICBufferFull", Time since last: 1028065039 ns, Reaching safepoint: 453044 ns, At safepoint: 9478 ns, Total: 462522 ns
[2021-05-01T01:28:21.558+0000][8][gc,start    ] GC(3) Pause Young (Normal) (G1 Evacuation Pause)
[2021-05-01T01:28:21.558+0000][8][gc,task     ] GC(3) Using 6 workers of 8 for evacuation
[2021-05-01T01:28:21.558+0000][8][gc,age      ] GC(3) Desired survivor size 10485760 bytes, new threshold 15 (max threshold 15)
[2021-05-01T01:28:21.582+0000][8][gc,age      ] GC(3) Age table with threshold 15 (max threshold 15)
[2021-05-01T01:28:21.582+0000][8][gc,age      ] GC(3) - age   1:    3558864 bytes,    3558864 total
[2021-05-01T01:28:21.582+0000][8][gc,age      ] GC(3) - age   2:    1734960 bytes,    5293824 total
[2021-05-01T01:28:21.582+0000][8][gc,age      ] GC(3) - age   3:    1910136 bytes,    7203960 total
[2021-05-01T01:28:21.582+0000][8][gc,phases   ] GC(3)   Pre Evacuate Collection Set: 1.6ms
[2021-05-01T01:28:21.582+0000][8][gc,phases   ] GC(3)   Merge Heap Roots: 0.1ms
[2021-05-01T01:28:21.582+0000][8][gc,phases   ] GC(3)   Evacuate Collection Set: 20.9ms
[2021-05-01T01:28:21.582+0000][8][gc,phases   ] GC(3)   Post Evacuate Collection Set: 0.9ms
[2021-05-01T01:28:21.582+0000][8][gc,phases   ] GC(3)   Other: 0.2ms
[2021-05-01T01:28:21.582+0000][8][gc,heap     ] GC(3) Eden regions: 36->0(36)
[2021-05-01T01:28:21.582+0000][8][gc,heap     ] GC(3) Survivor regions: 1->2(5)
[2021-05-01T01:28:21.582+0000][8][gc,heap     ] GC(3) Old regions: 1->1
[2021-05-01T01:28:21.582+0000][8][gc,heap     ] GC(3) Archive regions: 2->2
[2021-05-01T01:28:21.582+0000][8][gc,heap     ] GC(3) Humongous regions: 0->0
[2021-05-01T01:28:21.582+0000][8][gc,metaspace] GC(3) Metaspace: 17861K(18432K)->17861K(18432K) NonClass: 15729K(16128K)->15729K(16128K) Class: 2131K(2304K)->2131K(2304K)
[2021-05-01T01:28:21.582+0000][8][gc          ] GC(3) Pause Young (Normal) (G1 Evacuation Pause) 155M->14M(256M) 23.942ms
[2021-05-01T01:28:21.582+0000][8][gc,cpu      ] GC(3) User=0.05s Sys=0.00s Real=0.02s
[2021-05-01T01:28:21.586+0000][8][safepoint   ] Safepoint "G1CollectForAllocation", Time since last: 66812581 ns, Reaching safepoint: 832108 ns, At safepoint: 28316381 ns, Total: 29148489 ns
[2021-05-01T01:28:22.176+0000][8][gc,start    ] GC(4) Pause Young (Normal) (G1 Evacuation Pause)
[2021-05-01T01:28:22.176+0000][8][gc,task     ] GC(4) Using 6 workers of 8 for evacuation
[2021-05-01T01:28:22.176+0000][8][gc,age      ] GC(4) Desired survivor size 10485760 bytes, new threshold 15 (max threshold 15)
[2021-05-01T01:28:22.187+0000][8][gc,age      ] GC(4) Age table with threshold 15 (max threshold 15)
[2021-05-01T01:28:22.187+0000][8][gc,age      ] GC(4) - age   1:    2334136 bytes,    2334136 total
[2021-05-01T01:28:22.187+0000][8][gc,age      ] GC(4) - age   2:    2963160 bytes,    5297296 total
[2021-05-01T01:28:22.187+0000][8][gc,age      ] GC(4) - age   3:    1734960 bytes,    7032256 total
[2021-05-01T01:28:22.187+0000][8][gc,age      ] GC(4) - age   4:    1910136 bytes,    8942392 total
[2021-05-01T01:28:22.187+0000][8][gc,phases   ] GC(4)   Pre Evacuate Collection Set: 0.0ms
[2021-05-01T01:28:22.187+0000][8][gc,phases   ] GC(4)   Merge Heap Roots: 0.0ms
[2021-05-01T01:28:22.187+0000][8][gc,phases   ] GC(4)   Evacuate Collection Set: 10.4ms
[2021-05-01T01:28:22.187+0000][8][gc,phases   ] GC(4)   Post Evacuate Collection Set: 0.4ms
[2021-05-01T01:28:22.187+0000][8][gc,phases   ] GC(4)   Other: 0.2ms
[2021-05-01T01:28:22.187+0000][8][gc,heap     ] GC(4) Eden regions: 36->0(35)
[2021-05-01T01:28:22.187+0000][8][gc,heap     ] GC(4) Survivor regions: 2->3(5)
[2021-05-01T01:28:22.187+0000][8][gc,heap     ] GC(4) Old regions: 1->1
[2021-05-01T01:28:22.187+0000][8][gc,heap     ] GC(4) Archive regions: 2->2
[2021-05-01T01:28:22.188+0000][8][gc,heap     ] GC(4) Humongous regions: 0->0
[2021-05-01T01:28:22.188+0000][8][gc,metaspace] GC(4) Metaspace: 18398K(19072K)->18398K(19072K) NonClass: 16203K(16640K)->16203K(16640K) Class: 2194K(2432K)->2194K(2432K)
[2021-05-01T01:28:22.188+0000][8][gc          ] GC(4) Pause Young (Normal) (G1 Evacuation Pause) 158M->16M(256M) 11.224ms
[2021-05-01T01:28:22.188+0000][8][gc,cpu      ] GC(4) User=0.03s Sys=0.00s Real=0.02s
[2021-05-01T01:28:22.188+0000][8][safepoint   ] Safepoint "G1CollectForAllocation", Time since last: 589737184 ns, Reaching safepoint: 165226 ns, At safepoint: 11293393 ns, Total: 11458619 ns
[2021-05-01T01:28:22.631+0000][8][gc,start    ] GC(5) Pause Young (Normal) (G1 Evacuation Pause)
[2021-05-01T01:28:22.631+0000][8][gc,task     ] GC(5) Using 6 workers of 8 for evacuation
[2021-05-01T01:28:22.631+0000][8][gc,age      ] GC(5) Desired survivor size 10485760 bytes, new threshold 15 (max threshold 15)
[2021-05-01T01:28:22.648+0000][8][gc,age      ] GC(5) Age table with threshold 15 (max threshold 15)
[2021-05-01T01:28:22.648+0000][8][gc,age      ] GC(5) - age   1:    1587432 bytes,    1587432 total
[2021-05-01T01:28:22.648+0000][8][gc,age      ] GC(5) - age   2:    1828416 bytes,    3415848 total
[2021-05-01T01:28:22.648+0000][8][gc,age      ] GC(5) - age   3:    2962904 bytes,    6378752 total
[2021-05-01T01:28:22.648+0000][8][gc,age      ] GC(5) - age   4:    1734960 bytes,    8113712 total
[2021-05-01T01:28:22.648+0000][8][gc,age      ] GC(5) - age   5:    1910136 bytes,   10023848 total
[2021-05-01T01:28:22.648+0000][8][gc,phases   ] GC(5)   Pre Evacuate Collection Set: 0.1ms
[2021-05-01T01:28:22.648+0000][8][gc,phases   ] GC(5)   Merge Heap Roots: 0.0ms
[2021-05-01T01:28:22.648+0000][8][gc,phases   ] GC(5)   Evacuate Collection Set: 15.7ms
[2021-05-01T01:28:22.648+0000][8][gc,phases   ] GC(5)   Post Evacuate Collection Set: 0.6ms
[2021-05-01T01:28:22.648+0000][8][gc,phases   ] GC(5)   Other: 0.2ms
[2021-05-01T01:28:22.648+0000][8][gc,heap     ] GC(5) Eden regions: 35->0(35)
[2021-05-01T01:28:22.648+0000][8][gc,heap     ] GC(5) Survivor regions: 3->3(5)
[2021-05-01T01:28:22.648+0000][8][gc,heap     ] GC(5) Old regions: 1->1
[2021-05-01T01:28:22.648+0000][8][gc,heap     ] GC(5) Archive regions: 2->2
[2021-05-01T01:28:22.648+0000][8][gc,heap     ] GC(5) Humongous regions: 0->0
[2021-05-01T01:28:22.648+0000][8][gc,metaspace] GC(5) Metaspace: 18820K(19712K)->18820K(19712K) NonClass: 16553K(17152K)->16553K(17152K) Class: 2267K(2560K)->2267K(2560K)
[2021-05-01T01:28:22.648+0000][8][gc          ] GC(5) Pause Young (Normal) (G1 Evacuation Pause) 156M->17M(256M) 16.895ms
[2021-05-01T01:28:22.648+0000][8][gc,cpu      ] GC(5) User=0.04s Sys=0.00s Real=0.02s
[2021-05-01T01:28:22.649+0000][8][safepoint   ] Safepoint "G1CollectForAllocation", Time since last: 443144063 ns, Reaching safepoint: 259215 ns, At safepoint: 17975951 ns, Total: 18235166 ns
[2021-05-01T01:28:23.122+0000][8][gc,start    ] GC(6) Pause Young (Normal) (G1 Evacuation Pause)
[2021-05-01T01:28:23.122+0000][8][gc,task     ] GC(6) Using 6 workers of 8 for evacuation
[2021-05-01T01:28:23.122+0000][8][gc,age      ] GC(6) Desired survivor size 10485760 bytes, new threshold 15 (max threshold 15)
[2021-05-01T01:28:23.138+0000][8][gc,age      ] GC(6) Age table with threshold 15 (max threshold 15)
[2021-05-01T01:28:23.138+0000][8][gc,age      ] GC(6) - age   1:    2968624 bytes,    2968624 total
[2021-05-01T01:28:23.138+0000][8][gc,age      ] GC(6) - age   2:    1074576 bytes,    4043200 total
[2021-05-01T01:28:23.138+0000][8][gc,age      ] GC(6) - age   3:    1828416 bytes,    5871616 total
[2021-05-01T01:28:23.138+0000][8][gc,age      ] GC(6) - age   4:    2962112 bytes,    8833728 total
[2021-05-01T01:28:23.138+0000][8][gc,age      ] GC(6) - age   5:    1734960 bytes,   10568688 total
[2021-05-01T01:28:23.138+0000][8][gc,age      ] GC(6) - age   6:    1910136 bytes,   12478824 total
[2021-05-01T01:28:23.138+0000][8][gc,phases   ] GC(6)   Pre Evacuate Collection Set: 0.0ms
[2021-05-01T01:28:23.138+0000][8][gc,phases   ] GC(6)   Merge Heap Roots: 0.0ms
[2021-05-01T01:28:23.138+0000][8][gc,phases   ] GC(6)   Evacuate Collection Set: 14.7ms
[2021-05-01T01:28:23.138+0000][8][gc,phases   ] GC(6)   Post Evacuate Collection Set: 0.8ms
[2021-05-01T01:28:23.138+0000][8][gc,phases   ] GC(6)   Other: 0.2ms
[2021-05-01T01:28:23.138+0000][8][gc,heap     ] GC(6) Eden regions: 35->0(34)
[2021-05-01T01:28:23.138+0000][8][gc,heap     ] GC(6) Survivor regions: 3->4(5)
[2021-05-01T01:28:23.138+0000][8][gc,heap     ] GC(6) Old regions: 1->1
[2021-05-01T01:28:23.138+0000][8][gc,heap     ] GC(6) Archive regions: 2->2
[2021-05-01T01:28:23.138+0000][8][gc,heap     ] GC(6) Humongous regions: 0->0
[2021-05-01T01:28:23.138+0000][8][gc,metaspace] GC(6) Metaspace: 18958K(19712K)->18958K(19712K) NonClass: 16674K(17152K)->16674K(17152K) Class: 2283K(2560K)->2283K(2560K)
[2021-05-01T01:28:23.138+0000][8][gc          ] GC(6) Pause Young (Normal) (G1 Evacuation Pause) 157M->20M(256M) 15.856ms
[2021-05-01T01:28:23.138+0000][8][gc,cpu      ] GC(6) User=0.05s Sys=0.00s Real=0.02s
[2021-05-01T01:28:23.138+0000][8][safepoint   ] Safepoint "G1CollectForAllocation", Time since last: 472709523 ns, Reaching safepoint: 310915 ns, At safepoint: 15955803 ns, Total: 16266718 ns
[2021-05-01T01:28:23.600+0000][8][gc,start    ] GC(7) Pause Young (Normal) (G1 Evacuation Pause)
[2021-05-01T01:28:23.600+0000][8][gc,task     ] GC(7) Using 6 workers of 8 for evacuation
[2021-05-01T01:28:23.600+0000][8][gc,age      ] GC(7) Desired survivor size 10485760 bytes, new threshold 5 (max threshold 15)
[2021-05-01T01:28:23.614+0000][8][gc,age      ] GC(7) Age table with threshold 5 (max threshold 15)
[2021-05-01T01:28:23.614+0000][8][gc,age      ] GC(7) - age   1:     432600 bytes,     432600 total
[2021-05-01T01:28:23.614+0000][8][gc,age      ] GC(7) - age   2:    1361824 bytes,    1794424 total
[2021-05-01T01:28:23.614+0000][8][gc,age      ] GC(7) - age   3:    1074456 bytes,    2868880 total
[2021-05-01T01:28:23.614+0000][8][gc,age      ] GC(7) - age   4:    1828416 bytes,    4697296 total
[2021-05-01T01:28:23.614+0000][8][gc,age      ] GC(7) - age   5:    2962112 bytes,    7659408 total
[2021-05-01T01:28:23.614+0000][8][gc,phases   ] GC(7)   Pre Evacuate Collection Set: 0.1ms
[2021-05-01T01:28:23.614+0000][8][gc,phases   ] GC(7)   Merge Heap Roots: 0.1ms
[2021-05-01T01:28:23.614+0000][8][gc,phases   ] GC(7)   Evacuate Collection Set: 12.8ms
[2021-05-01T01:28:23.614+0000][8][gc,phases   ] GC(7)   Post Evacuate Collection Set: 0.5ms
[2021-05-01T01:28:23.614+0000][8][gc,phases   ] GC(7)   Other: 0.2ms
[2021-05-01T01:28:23.614+0000][8][gc,heap     ] GC(7) Eden regions: 34->0(35)
[2021-05-01T01:28:23.614+0000][8][gc,heap     ] GC(7) Survivor regions: 4->3(5)
[2021-05-01T01:28:23.614+0000][8][gc,heap     ] GC(7) Old regions: 1->2
[2021-05-01T01:28:23.614+0000][8][gc,heap     ] GC(7) Archive regions: 2->2
[2021-05-01T01:28:23.614+0000][8][gc,heap     ] GC(7) Humongous regions: 0->0
[2021-05-01T01:28:23.614+0000][8][gc,metaspace] GC(7) Metaspace: 19207K(20224K)->19207K(20224K) NonClass: 16897K(17664K)->16897K(17664K) Class: 2310K(2560K)->2310K(2560K)
[2021-05-01T01:28:23.614+0000][8][gc          ] GC(7) Pause Young (Normal) (G1 Evacuation Pause) 156M->19M(256M) 13.735ms
[2021-05-01T01:28:23.614+0000][8][gc,cpu      ] GC(7) User=0.03s Sys=0.00s Real=0.01s
[2021-05-01T01:28:23.614+0000][8][safepoint   ] Safepoint "G1CollectForAllocation", Time since last: 462255331 ns, Reaching safepoint: 183359 ns, At safepoint: 13831210 ns, Total: 14014569 ns
[2021-05-01T01:28:23.927+0000][8][gc,start    ] GC(8) Pause Young (Normal) (G1 Evacuation Pause)
[2021-05-01T01:28:23.927+0000][8][gc,task     ] GC(8) Using 6 workers of 8 for evacuation
[2021-05-01T01:28:23.927+0000][8][gc,age      ] GC(8) Desired survivor size 10485760 bytes, new threshold 15 (max threshold 15)
[2021-05-01T01:28:23.944+0000][8][gc,age      ] GC(8) Age table with threshold 15 (max threshold 15)
[2021-05-01T01:28:23.944+0000][8][gc,age      ] GC(8) - age   1:    1230568 bytes,    1230568 total
[2021-05-01T01:28:23.944+0000][8][gc,age      ] GC(8) - age   2:     407232 bytes,    1637800 total
[2021-05-01T01:28:23.944+0000][8][gc,age      ] GC(8) - age   3:    1361624 bytes,    2999424 total
[2021-05-01T01:28:23.944+0000][8][gc,age      ] GC(8) - age   4:    1073816 bytes,    4073240 total
[2021-05-01T01:28:23.944+0000][8][gc,age      ] GC(8) - age   5:    1828352 bytes,    5901592 total
[2021-05-01T01:28:23.944+0000][8][gc,age      ] GC(8) - age   6:    2958160 bytes,    8859752 total
[2021-05-01T01:28:23.944+0000][8][gc,phases   ] GC(8)   Pre Evacuate Collection Set: 0.2ms
[2021-05-01T01:28:23.944+0000][8][gc,phases   ] GC(8)   Merge Heap Roots: 0.3ms
[2021-05-01T01:28:23.945+0000][8][gc,phases   ] GC(8)   Evacuate Collection Set: 15.9ms
[2021-05-01T01:28:23.945+0000][8][gc,phases   ] GC(8)   Post Evacuate Collection Set: 1.0ms
[2021-05-01T01:28:23.945+0000][8][gc,phases   ] GC(8)   Other: 0.2ms
[2021-05-01T01:28:23.945+0000][8][gc,heap     ] GC(8) Eden regions: 35->0(35)
[2021-05-01T01:28:23.945+0000][8][gc,heap     ] GC(8) Survivor regions: 3->3(5)
[2021-05-01T01:28:23.945+0000][8][gc,heap     ] GC(8) Old regions: 2->2
[2021-05-01T01:28:23.945+0000][8][gc,heap     ] GC(8) Archive regions: 2->2
[2021-05-01T01:28:23.945+0000][8][gc,heap     ] GC(8) Humongous regions: 0->0
[2021-05-01T01:28:23.945+0000][8][gc,metaspace] GC(8) Metaspace: 19365K(20480K)->19365K(20480K) NonClass: 17026K(17920K)->17026K(17920K) Class: 2339K(2560K)->2339K(2560K)
[2021-05-01T01:28:23.945+0000][8][gc          ] GC(8) Pause Young (Normal) (G1 Evacuation Pause) 159M->20M(256M) 17.720ms
[2021-05-01T01:28:23.945+0000][8][gc,cpu      ] GC(8) User=0.04s Sys=0.00s Real=0.01s
[2021-05-01T01:28:23.945+0000][8][safepoint   ] Safepoint "G1CollectForAllocation", Time since last: 312538704 ns, Reaching safepoint: 116100 ns, At safepoint: 18252364 ns, Total: 18368464 ns
[2021-05-01T01:28:24.216+0000][8][gc,start    ] GC(9) Pause Young (Normal) (G1 Evacuation Pause)
[2021-05-01T01:28:24.216+0000][8][gc,task     ] GC(9) Using 6 workers of 8 for evacuation
[2021-05-01T01:28:24.216+0000][8][gc,age      ] GC(9) Desired survivor size 10485760 bytes, new threshold 15 (max threshold 15)
[2021-05-01T01:28:24.225+0000][8][gc,age      ] GC(9) Age table with threshold 15 (max threshold 15)
[2021-05-01T01:28:24.225+0000][8][gc,age      ] GC(9) - age   1:    1914696 bytes,    1914696 total
[2021-05-01T01:28:24.225+0000][8][gc,age      ] GC(9) - age   2:     235464 bytes,    2150160 total
[2021-05-01T01:28:24.225+0000][8][gc,age      ] GC(9) - age   3:     407232 bytes,    2557392 total
[2021-05-01T01:28:24.225+0000][8][gc,age      ] GC(9) - age   4:    1361624 bytes,    3919016 total
[2021-05-01T01:28:24.225+0000][8][gc,age      ] GC(9) - age   5:    1073816 bytes,    4992832 total
[2021-05-01T01:28:24.225+0000][8][gc,age      ] GC(9) - age   6:    1828352 bytes,    6821184 total
[2021-05-01T01:28:24.225+0000][8][gc,age      ] GC(9) - age   7:    2958160 bytes,    9779344 total
[2021-05-01T01:28:24.225+0000][8][gc,phases   ] GC(9)   Pre Evacuate Collection Set: 0.0ms
[2021-05-01T01:28:24.225+0000][8][gc,phases   ] GC(9)   Merge Heap Roots: 0.0ms
[2021-05-01T01:28:24.225+0000][8][gc,phases   ] GC(9)   Evacuate Collection Set: 8.2ms
[2021-05-01T01:28:24.225+0000][8][gc,phases   ] GC(9)   Post Evacuate Collection Set: 0.7ms
[2021-05-01T01:28:24.225+0000][8][gc,phases   ] GC(9)   Other: 0.3ms
[2021-05-01T01:28:24.225+0000][8][gc,heap     ] GC(9) Eden regions: 35->0(35)
[2021-05-01T01:28:24.225+0000][8][gc,heap     ] GC(9) Survivor regions: 3->3(5)
[2021-05-01T01:28:24.225+0000][8][gc,heap     ] GC(9) Old regions: 2->2
[2021-05-01T01:28:24.225+0000][8][gc,heap     ] GC(9) Archive regions: 2->2
[2021-05-01T01:28:24.225+0000][8][gc,heap     ] GC(9) Humongous regions: 0->0
[2021-05-01T01:28:24.225+0000][8][gc,metaspace] GC(9) Metaspace: 19544K(20608K)->19544K(20608K) NonClass: 17170K(17920K)->17170K(17920K) Class: 2373K(2688K)->2373K(2688K)
[2021-05-01T01:28:24.225+0000][8][gc          ] GC(9) Pause Young (Normal) (G1 Evacuation Pause) 160M->20M(256M) 9.444ms
[2021-05-01T01:28:24.225+0000][8][gc,cpu      ] GC(9) User=0.03s Sys=0.00s Real=0.02s
[2021-05-01T01:28:24.225+0000][8][safepoint   ] Safepoint "G1CollectForAllocation", Time since last: 270586879 ns, Reaching safepoint: 71352 ns, At safepoint: 9527525 ns, Total: 9598877 ns
[2021-05-01T01:28:24.499+0000][8][gc,start    ] GC(10) Pause Young (Normal) (G1 Evacuation Pause)
[2021-05-01T01:28:24.499+0000][8][gc,task     ] GC(10) Using 6 workers of 8 for evacuation
[2021-05-01T01:28:24.499+0000][8][gc,age      ] GC(10) Desired survivor size 10485760 bytes, new threshold 15 (max threshold 15)
[2021-05-01T01:28:24.510+0000][8][gc,age      ] GC(10) Age table with threshold 15 (max threshold 15)
[2021-05-01T01:28:24.510+0000][8][gc,age      ] GC(10) - age   1:    2357520 bytes,    2357520 total
[2021-05-01T01:28:24.510+0000][8][gc,age      ] GC(10) - age   2:     205704 bytes,    2563224 total
[2021-05-01T01:28:24.510+0000][8][gc,age      ] GC(10) - age   3:     235312 bytes,    2798536 total
[2021-05-01T01:28:24.510+0000][8][gc,age      ] GC(10) - age   4:     407232 bytes,    3205768 total
[2021-05-01T01:28:24.510+0000][8][gc,age      ] GC(10) - age   5:    1361624 bytes,    4567392 total
[2021-05-01T01:28:24.510+0000][8][gc,age      ] GC(10) - age   6:    1073144 bytes,    5640536 total
[2021-05-01T01:28:24.510+0000][8][gc,age      ] GC(10) - age   7:    1828064 bytes,    7468600 total
[2021-05-01T01:28:24.510+0000][8][gc,age      ] GC(10) - age   8:    2958032 bytes,   10426632 total
[2021-05-01T01:28:24.510+0000][8][gc,phases   ] GC(10)   Pre Evacuate Collection Set: 0.1ms
[2021-05-01T01:28:24.510+0000][8][gc,phases   ] GC(10)   Merge Heap Roots: 0.0ms
[2021-05-01T01:28:24.510+0000][8][gc,phases   ] GC(10)   Evacuate Collection Set: 10.6ms
[2021-05-01T01:28:24.510+0000][8][gc,phases   ] GC(10)   Post Evacuate Collection Set: 0.4ms
[2021-05-01T01:28:24.510+0000][8][gc,phases   ] GC(10)   Other: 0.2ms
[2021-05-01T01:28:24.510+0000][8][gc,heap     ] GC(10) Eden regions: 35->0(35)
[2021-05-01T01:28:24.510+0000][8][gc,heap     ] GC(10) Survivor regions: 3->3(5)
[2021-05-01T01:28:24.510+0000][8][gc,heap     ] GC(10) Old regions: 2->2
[2021-05-01T01:28:24.510+0000][8][gc,heap     ] GC(10) Archive regions: 2->2
[2021-05-01T01:28:24.511+0000][8][gc,heap     ] GC(10) Humongous regions: 0->0
[2021-05-01T01:28:24.511+0000][8][gc,metaspace] GC(10) Metaspace: 19595K(20608K)->19595K(20608K) NonClass: 17212K(17920K)->17212K(17920K) Class: 2383K(2688K)->2383K(2688K)
[2021-05-01T01:28:24.511+0000][8][gc          ] GC(10) Pause Young (Normal) (G1 Evacuation Pause) 160M->21M(256M) 11.478ms
[2021-05-01T01:28:24.511+0000][8][gc,cpu      ] GC(10) User=0.02s Sys=0.00s Real=0.01s
[2021-05-01T01:28:24.511+0000][8][safepoint   ] Safepoint "G1CollectForAllocation", Time since last: 273653401 ns, Reaching safepoint: 79065 ns, At safepoint: 11551300 ns, Total: 11630365 ns
[2021-05-01T01:28:24.791+0000][8][gc,start    ] GC(11) Pause Young (Normal) (G1 Evacuation Pause)
[2021-05-01T01:28:24.791+0000][8][gc,task     ] GC(11) Using 6 workers of 8 for evacuation
[2021-05-01T01:28:24.791+0000][8][gc,age      ] GC(11) Desired survivor size 10485760 bytes, new threshold 15 (max threshold 15)
[2021-05-01T01:28:24.797+0000][8][gc,age      ] GC(11) Age table with threshold 15 (max threshold 15)
[2021-05-01T01:28:24.797+0000][8][gc,age      ] GC(11) - age   1:    3017888 bytes,    3017888 total
[2021-05-01T01:28:24.797+0000][8][gc,age      ] GC(11) - age   2:     186248 bytes,    3204136 total
[2021-05-01T01:28:24.797+0000][8][gc,age      ] GC(11) - age   3:     205640 bytes,    3409776 total
[2021-05-01T01:28:24.797+0000][8][gc,age      ] GC(11) - age   4:     235312 bytes,    3645088 total
[2021-05-01T01:28:24.797+0000][8][gc,age      ] GC(11) - age   5:     407232 bytes,    4052320 total
[2021-05-01T01:28:24.797+0000][8][gc,age      ] GC(11) - age   6:    1360584 bytes,    5412904 total
[2021-05-01T01:28:24.797+0000][8][gc,age      ] GC(11) - age   7:    1073144 bytes,    6486048 total
[2021-05-01T01:28:24.797+0000][8][gc,age      ] GC(11) - age   8:    1828064 bytes,    8314112 total
[2021-05-01T01:28:24.797+0000][8][gc,age      ] GC(11) - age   9:    2957912 bytes,   11272024 total
[2021-05-01T01:28:24.797+0000][8][gc,phases   ] GC(11)   Pre Evacuate Collection Set: 0.0ms
[2021-05-01T01:28:24.797+0000][8][gc,phases   ] GC(11)   Merge Heap Roots: 0.0ms
[2021-05-01T01:28:24.797+0000][8][gc,phases   ] GC(11)   Evacuate Collection Set: 6.0ms
[2021-05-01T01:28:24.797+0000][8][gc,phases   ] GC(11)   Post Evacuate Collection Set: 0.4ms
[2021-05-01T01:28:24.797+0000][8][gc,phases   ] GC(11)   Other: 0.2ms
[2021-05-01T01:28:24.797+0000][8][gc,heap     ] GC(11) Eden regions: 35->0(35)
[2021-05-01T01:28:24.797+0000][8][gc,heap     ] GC(11) Survivor regions: 3->3(5)
[2021-05-01T01:28:24.797+0000][8][gc,heap     ] GC(11) Old regions: 2->2
[2021-05-01T01:28:24.797+0000][8][gc,heap     ] GC(11) Archive regions: 2->2
[2021-05-01T01:28:24.797+0000][8][gc,heap     ] GC(11) Humongous regions: 0->0
[2021-05-01T01:28:24.797+0000][8][gc,metaspace] GC(11) Metaspace: 19964K(21120K)->19964K(21120K) NonClass: 17530K(18432K)->17530K(18432K) Class: 2434K(2688K)->2434K(2688K)
[2021-05-01T01:28:24.797+0000][8][gc          ] GC(11) Pause Young (Normal) (G1 Evacuation Pause) 161M->22M(256M) 6.685ms
[2021-05-01T01:28:24.797+0000][8][gc,cpu      ] GC(11) User=0.03s Sys=0.00s Real=0.01s
[2021-05-01T01:28:24.797+0000][8][safepoint   ] Safepoint "G1CollectForAllocation", Time since last: 280048594 ns, Reaching safepoint: 67054 ns, At safepoint: 6745472 ns, Total: 6812526 ns
[2021-05-01T01:28:24.923+0000][8][gc,start    ] GC(12) Pause Young (Concurrent Start) (Metadata GC Threshold)
[2021-05-01T01:28:24.923+0000][8][gc,task     ] GC(12) Using 6 workers of 8 for evacuation
[2021-05-01T01:28:24.923+0000][8][gc,age      ] GC(12) Desired survivor size 10485760 bytes, new threshold 9 (max threshold 15)
[2021-05-01T01:28:24.929+0000][8][gc,age      ] GC(12) Age table with threshold 9 (max threshold 15)
[2021-05-01T01:28:24.929+0000][8][gc,age      ] GC(12) - age   1:     540000 bytes,     540000 total
[2021-05-01T01:28:24.929+0000][8][gc,age      ] GC(12) - age   2:    1527264 bytes,    2067264 total
[2021-05-01T01:28:24.929+0000][8][gc,age      ] GC(12) - age   3:     185640 bytes,    2252904 total
[2021-05-01T01:28:24.929+0000][8][gc,age      ] GC(12) - age   4:     205640 bytes,    2458544 total
[2021-05-01T01:28:24.929+0000][8][gc,age      ] GC(12) - age   5:     235248 bytes,    2693792 total
[2021-05-01T01:28:24.929+0000][8][gc,age      ] GC(12) - age   6:     407232 bytes,    3101024 total
[2021-05-01T01:28:24.929+0000][8][gc,age      ] GC(12) - age   7:    1360584 bytes,    4461608 total
[2021-05-01T01:28:24.929+0000][8][gc,age      ] GC(12) - age   8:    1073144 bytes,    5534752 total
[2021-05-01T01:28:24.929+0000][8][gc,age      ] GC(12) - age   9:    1827872 bytes,    7362624 total
[2021-05-01T01:28:24.929+0000][8][gc,phases   ] GC(12)   Pre Evacuate Collection Set: 0.1ms
[2021-05-01T01:28:24.929+0000][8][gc,phases   ] GC(12)   Merge Heap Roots: 0.1ms
[2021-05-01T01:28:24.929+0000][8][gc,phases   ] GC(12)   Evacuate Collection Set: 5.7ms
[2021-05-01T01:28:24.929+0000][8][gc,phases   ] GC(12)   Post Evacuate Collection Set: 0.3ms
[2021-05-01T01:28:24.929+0000][8][gc,phases   ] GC(12)   Other: 0.3ms
[2021-05-01T01:28:24.929+0000][8][gc,heap     ] GC(12) Eden regions: 19->0(36)
[2021-05-01T01:28:24.929+0000][8][gc,heap     ] GC(12) Survivor regions: 3->2(5)
[2021-05-01T01:28:24.929+0000][8][gc,heap     ] GC(12) Old regions: 2->3
[2021-05-01T01:28:24.929+0000][8][gc,heap     ] GC(12) Archive regions: 2->2
[2021-05-01T01:28:24.929+0000][8][gc,heap     ] GC(12) Humongous regions: 0->0
[2021-05-01T01:28:24.929+0000][8][gc,metaspace] GC(12) Metaspace: 20120K(21296K)->20120K(21296K) NonClass: 17663K(18608K)->17663K(18608K) Class: 2457K(2688K)->2457K(2688K)
[2021-05-01T01:28:24.929+0000][8][gc          ] GC(12) Pause Young (Concurrent Start) (Metadata GC Threshold) 96M->21M(256M) 6.554ms
[2021-05-01T01:28:24.929+0000][8][gc,cpu      ] GC(12) User=0.02s Sys=0.01s Real=0.01s
[2021-05-01T01:28:24.929+0000][8][gc          ] GC(13) Concurrent Cycle
[2021-05-01T01:28:24.930+0000][8][gc,marking  ] GC(13) Concurrent Clear Claimed Marks
[2021-05-01T01:28:24.930+0000][8][gc,marking  ] GC(13) Concurrent Clear Claimed Marks 0.030ms
[2021-05-01T01:28:24.930+0000][8][gc,marking  ] GC(13) Concurrent Scan Root Regions
[2021-05-01T01:28:24.930+0000][8][safepoint   ] Safepoint "CollectForMetadataAllocation", Time since last: 125261336 ns, Reaching safepoint: 137867 ns, At safepoint: 6788576 ns, Total: 6926443 ns
[2021-05-01T01:28:24.933+0000][8][gc,marking  ] GC(13) Concurrent Scan Root Regions 3.154ms
[2021-05-01T01:28:24.933+0000][8][gc,marking  ] GC(13) Concurrent Mark (9.005s)
[2021-05-01T01:28:24.933+0000][8][gc,marking  ] GC(13) Concurrent Mark From Roots
[2021-05-01T01:28:24.933+0000][8][gc,task     ] GC(13) Using 2 workers of 2 for marking
[2021-05-01T01:28:24.945+0000][8][gc,marking  ] GC(13) Concurrent Mark From Roots 12.362ms
[2021-05-01T01:28:24.945+0000][8][gc,marking  ] GC(13) Concurrent Preclean
[2021-05-01T01:28:24.945+0000][8][gc,marking  ] GC(13) Concurrent Preclean 0.183ms
[2021-05-01T01:28:24.945+0000][8][gc,marking  ] GC(13) Concurrent Mark (9.005s, 9.017s) 12.616ms
[2021-05-01T01:28:24.950+0000][8][gc,start    ] GC(13) Pause Remark
[2021-05-01T01:28:24.954+0000][8][gc          ] GC(13) Pause Remark 25M->25M(256M) 4.309ms
[2021-05-01T01:28:24.954+0000][8][gc,cpu      ] GC(13) User=0.01s Sys=0.00s Real=0.00s
[2021-05-01T01:28:24.955+0000][8][safepoint   ] Safepoint "G1Concurrent", Time since last: 15763303 ns, Reaching safepoint: 4622627 ns, At safepoint: 5198063 ns, Total: 9820690 ns
[2021-05-01T01:28:24.955+0000][8][gc,marking  ] GC(13) Concurrent Rebuild Remembered Sets
[2021-05-01T01:28:24.962+0000][8][gc,marking  ] GC(13) Concurrent Rebuild Remembered Sets 6.473ms
[2021-05-01T01:28:24.962+0000][8][gc,start    ] GC(13) Pause Cleanup
[2021-05-01T01:28:24.962+0000][8][gc          ] GC(13) Pause Cleanup 31M->31M(256M) 0.085ms
[2021-05-01T01:28:24.962+0000][8][gc,cpu      ] GC(13) User=0.00s Sys=0.00s Real=0.00s
[2021-05-01T01:28:24.963+0000][8][safepoint   ] Safepoint "G1Concurrent", Time since last: 6666561 ns, Reaching safepoint: 471107 ns, At safepoint: 157819 ns, Total: 628926 ns
[2021-05-01T01:28:24.963+0000][8][gc,marking  ] GC(13) Concurrent Cleanup for Next Mark
[2021-05-01T01:28:24.963+0000][8][gc,marking  ] GC(13) Concurrent Cleanup for Next Mark 0.246ms
[2021-05-01T01:28:24.963+0000][8][gc          ] GC(13) Concurrent Cycle 33.340ms
[2021-05-01T01:28:25.148+0000][8][gc,start    ] GC(14) Pause Young (Normal) (G1 Evacuation Pause)
[2021-05-01T01:28:25.148+0000][8][gc,task     ] GC(14) Using 6 workers of 8 for evacuation
[2021-05-01T01:28:25.148+0000][8][gc,age      ] GC(14) Desired survivor size 10485760 bytes, new threshold 15 (max threshold 15)
[2021-05-01T01:28:25.155+0000][8][gc,age      ] GC(14) Age table with threshold 15 (max threshold 15)
[2021-05-01T01:28:25.155+0000][8][gc,age      ] GC(14) - age   1:     532248 bytes,     532248 total
[2021-05-01T01:28:25.155+0000][8][gc,age      ] GC(14) - age   2:     502216 bytes,    1034464 total
[2021-05-01T01:28:25.155+0000][8][gc,age      ] GC(14) - age   3:    1526784 bytes,    2561248 total
[2021-05-01T01:28:25.155+0000][8][gc,age      ] GC(14) - age   4:     184648 bytes,    2745896 total
[2021-05-01T01:28:25.155+0000][8][gc,age      ] GC(14) - age   5:     205640 bytes,    2951536 total
[2021-05-01T01:28:25.155+0000][8][gc,age      ] GC(14) - age   6:     235248 bytes,    3186784 total
[2021-05-01T01:28:25.155+0000][8][gc,age      ] GC(14) - age   7:     407232 bytes,    3594016 total
[2021-05-01T01:28:25.155+0000][8][gc,age      ] GC(14) - age   8:    1360584 bytes,    4954600 total
[2021-05-01T01:28:25.155+0000][8][gc,age      ] GC(14) - age   9:    1073144 bytes,    6027744 total
[2021-05-01T01:28:25.155+0000][8][gc,age      ] GC(14) - age  10:    1827872 bytes,    7855616 total
[2021-05-01T01:28:25.155+0000][8][gc,phases   ] GC(14)   Pre Evacuate Collection Set: 0.1ms
[2021-05-01T01:28:25.155+0000][8][gc,phases   ] GC(14)   Merge Heap Roots: 0.0ms
[2021-05-01T01:28:25.155+0000][8][gc,phases   ] GC(14)   Evacuate Collection Set: 5.2ms
[2021-05-01T01:28:25.155+0000][8][gc,phases   ] GC(14)   Post Evacuate Collection Set: 1.1ms
[2021-05-01T01:28:25.155+0000][8][gc,phases   ] GC(14)   Other: 0.5ms
[2021-05-01T01:28:25.155+0000][8][gc,heap     ] GC(14) Eden regions: 36->0(35)
[2021-05-01T01:28:25.155+0000][8][gc,heap     ] GC(14) Survivor regions: 2->3(5)
[2021-05-01T01:28:25.155+0000][8][gc,heap     ] GC(14) Old regions: 3->3
[2021-05-01T01:28:25.155+0000][8][gc,heap     ] GC(14) Archive regions: 2->2
[2021-05-01T01:28:25.155+0000][8][gc,heap     ] GC(14) Humongous regions: 0->0
[2021-05-01T01:28:25.155+0000][8][gc,metaspace] GC(14) Metaspace: 20181K(21552K)->20181K(21552K) NonClass: 17712K(18864K)->17712K(18864K) Class: 2468K(2688K)->2468K(2688K)
[2021-05-01T01:28:25.155+0000][8][gc          ] GC(14) Pause Young (Normal) (G1 Evacuation Pause) 165M->21M(256M) 7.053ms
[2021-05-01T01:28:25.155+0000][8][gc,cpu      ] GC(14) User=0.01s Sys=0.00s Real=0.00s
[2021-05-01T01:28:25.155+0000][8][safepoint   ] Safepoint "G1CollectForAllocation", Time since last: 185770416 ns, Reaching safepoint: 97747 ns, At safepoint: 7117902 ns, Total: 7215649 ns
[2021-05-01T01:28:25.348+0000][8][gc,start    ] GC(15) Pause Young (Normal) (G1 Evacuation Pause)
[2021-05-01T01:28:25.348+0000][8][gc,task     ] GC(15) Using 6 workers of 8 for evacuation
[2021-05-01T01:28:25.348+0000][8][gc,age      ] GC(15) Desired survivor size 10485760 bytes, new threshold 15 (max threshold 15)
[2021-05-01T01:28:25.356+0000][8][gc,age      ] GC(15) Age table with threshold 15 (max threshold 15)
[2021-05-01T01:28:25.356+0000][8][gc,age      ] GC(15) - age   1:    2247120 bytes,    2247120 total
[2021-05-01T01:28:25.356+0000][8][gc,age      ] GC(15) - age   2:     500944 bytes,    2748064 total
[2021-05-01T01:28:25.356+0000][8][gc,age      ] GC(15) - age   3:     502216 bytes,    3250280 total
[2021-05-01T01:28:25.356+0000][8][gc,age      ] GC(15) - age   4:    1526784 bytes,    4777064 total
[2021-05-01T01:28:25.356+0000][8][gc,age      ] GC(15) - age   5:     184432 bytes,    4961496 total
[2021-05-01T01:28:25.356+0000][8][gc,age      ] GC(15) - age   6:     205640 bytes,    5167136 total
[2021-05-01T01:28:25.356+0000][8][gc,age      ] GC(15) - age   7:     234704 bytes,    5401840 total
[2021-05-01T01:28:25.356+0000][8][gc,age      ] GC(15) - age   8:     407232 bytes,    5809072 total
[2021-05-01T01:28:25.356+0000][8][gc,age      ] GC(15) - age   9:    1360584 bytes,    7169656 total
[2021-05-01T01:28:25.356+0000][8][gc,age      ] GC(15) - age  10:    1073144 bytes,    8242800 total
[2021-05-01T01:28:25.356+0000][8][gc,age      ] GC(15) - age  11:    1827872 bytes,   10070672 total
[2021-05-01T01:28:25.356+0000][8][gc,phases   ] GC(15)   Pre Evacuate Collection Set: 0.1ms
[2021-05-01T01:28:25.356+0000][8][gc,phases   ] GC(15)   Merge Heap Roots: 0.0ms
[2021-05-01T01:28:25.356+0000][8][gc,phases   ] GC(15)   Evacuate Collection Set: 7.3ms
[2021-05-01T01:28:25.356+0000][8][gc,phases   ] GC(15)   Post Evacuate Collection Set: 0.4ms
[2021-05-01T01:28:25.356+0000][8][gc,phases   ] GC(15)   Other: 0.3ms
[2021-05-01T01:28:25.356+0000][8][gc,heap     ] GC(15) Eden regions: 35->0(35)
[2021-05-01T01:28:25.356+0000][8][gc,heap     ] GC(15) Survivor regions: 3->3(5)
[2021-05-01T01:28:25.356+0000][8][gc,heap     ] GC(15) Old regions: 3->3
[2021-05-01T01:28:25.356+0000][8][gc,heap     ] GC(15) Archive regions: 2->2
[2021-05-01T01:28:25.356+0000][8][gc,heap     ] GC(15) Humongous regions: 0->0
[2021-05-01T01:28:25.356+0000][8][gc,metaspace] GC(15) Metaspace: 20208K(21680K)->20208K(21680K) NonClass: 17732K(18864K)->17732K(18864K) Class: 2476K(2816K)->2476K(2816K)
[2021-05-01T01:28:25.356+0000][8][gc          ] GC(15) Pause Young (Normal) (G1 Evacuation Pause) 161M->23M(256M) 8.184ms
[2021-05-01T01:28:25.356+0000][8][gc,cpu      ] GC(15) User=0.03s Sys=0.00s Real=0.00s
[2021-05-01T01:28:25.356+0000][8][safepoint   ] Safepoint "G1CollectForAllocation", Time since last: 191995974 ns, Reaching safepoint: 143031 ns, At safepoint: 8255577 ns, Total: 8398608 ns
[2021-05-01T01:28:26.356+0000][8][safepoint   ] Safepoint "Cleanup", Time since last: 1000108075 ns, Reaching safepoint: 353754 ns, At safepoint: 7006 ns, Total: 360760 ns
[2021-05-01T01:28:26.676+0000][8][gc,start    ] GC(16) Pause Young (Normal) (G1 Evacuation Pause)
[2021-05-01T01:28:26.677+0000][8][gc,task     ] GC(16) Using 6 workers of 8 for evacuation
[2021-05-01T01:28:26.677+0000][8][gc,age      ] GC(16) Desired survivor size 10485760 bytes, new threshold 15 (max threshold 15)
[2021-05-01T01:28:26.699+0000][8][gc,age      ] GC(16) Age table with threshold 15 (max threshold 15)
[2021-05-01T01:28:26.699+0000][8][gc,age      ] GC(16) - age   1:    5175224 bytes,    5175224 total
[2021-05-01T01:28:26.699+0000][8][gc,age      ] GC(16) - age   2:     228736 bytes,    5403960 total
[2021-05-01T01:28:26.699+0000][8][gc,age      ] GC(16) - age   3:     500504 bytes,    5904464 total
[2021-05-01T01:28:26.699+0000][8][gc,age      ] GC(16) - age   4:     499488 bytes,    6403952 total
[2021-05-01T01:28:26.699+0000][8][gc,age      ] GC(16) - age   5:    1524984 bytes,    7928936 total
[2021-05-01T01:28:26.699+0000][8][gc,age      ] GC(16) - age   6:     184008 bytes,    8112944 total
[2021-05-01T01:28:26.699+0000][8][gc,age      ] GC(16) - age   7:     205208 bytes,    8318152 total
[2021-05-01T01:28:26.699+0000][8][gc,age      ] GC(16) - age   8:     227624 bytes,    8545776 total
[2021-05-01T01:28:26.699+0000][8][gc,age      ] GC(16) - age   9:     404688 bytes,    8950464 total
[2021-05-01T01:28:26.699+0000][8][gc,age      ] GC(16) - age  10:    1358088 bytes,   10308552 total
[2021-05-01T01:28:26.699+0000][8][gc,age      ] GC(16) - age  11:    1071576 bytes,   11380128 total
[2021-05-01T01:28:26.699+0000][8][gc,age      ] GC(16) - age  12:    1820776 bytes,   13200904 total
[2021-05-01T01:28:26.699+0000][8][gc,phases   ] GC(16)   Pre Evacuate Collection Set: 0.1ms
[2021-05-01T01:28:26.699+0000][8][gc,phases   ] GC(16)   Merge Heap Roots: 0.0ms
[2021-05-01T01:28:26.699+0000][8][gc,phases   ] GC(16)   Evacuate Collection Set: 18.8ms
[2021-05-01T01:28:26.699+0000][8][gc,phases   ] GC(16)   Post Evacuate Collection Set: 3.3ms
[2021-05-01T01:28:26.699+0000][8][gc,phases   ] GC(16)   Other: 0.3ms
[2021-05-01T01:28:26.699+0000][8][gc,heap     ] GC(16) Eden regions: 35->0(34)
[2021-05-01T01:28:26.699+0000][8][gc,heap     ] GC(16) Survivor regions: 3->4(5)
[2021-05-01T01:28:26.699+0000][8][gc,heap     ] GC(16) Old regions: 3->3
[2021-05-01T01:28:26.699+0000][8][gc,heap     ] GC(16) Archive regions: 2->2
[2021-05-01T01:28:26.699+0000][8][gc,heap     ] GC(16) Humongous regions: 0->0
[2021-05-01T01:28:26.699+0000][8][gc,metaspace] GC(16) Metaspace: 29169K(30896K)->29169K(30896K) NonClass: 25513K(26800K)->25513K(26800K) Class: 3656K(4096K)->3656K(4096K)
[2021-05-01T01:28:26.699+0000][8][gc          ] GC(16) Pause Young (Normal) (G1 Evacuation Pause) 163M->27M(256M) 22.627ms
[2021-05-01T01:28:26.699+0000][8][gc,cpu      ] GC(16) User=0.06s Sys=0.01s Real=0.03s
[2021-05-01T01:28:26.701+0000][8][safepoint   ] Safepoint "G1CollectForAllocation", Time since last: 319832842 ns, Reaching safepoint: 273830 ns, At safepoint: 24448600 ns, Total: 24722430 ns
[2021-05-01T01:28:27.714+0000][8][safepoint   ] Safepoint "Cleanup", Time since last: 1012748444 ns, Reaching safepoint: 233813 ns, At safepoint: 8685 ns, Total: 242498 ns
[2021-05-01T01:28:28.740+0000][8][gc,start    ] GC(17) Pause Young (Normal) (G1 Evacuation Pause)
[2021-05-01T01:28:28.740+0000][8][gc,task     ] GC(17) Using 6 workers of 8 for evacuation
[2021-05-01T01:28:28.740+0000][8][gc,age      ] GC(17) Desired survivor size 10485760 bytes, new threshold 11 (max threshold 15)
[2021-05-01T01:28:28.780+0000][8][gc,age      ] GC(17) Age table with threshold 11 (max threshold 15)
[2021-05-01T01:28:28.780+0000][8][gc,age      ] GC(17) - age   1:   10890184 bytes,   10890184 total
[2021-05-01T01:28:28.780+0000][8][gc,age      ] GC(17) - age   2:    4779752 bytes,   15669936 total
[2021-05-01T01:28:28.780+0000][8][gc,age      ] GC(17) - age   3:     226680 bytes,   15896616 total
[2021-05-01T01:28:28.780+0000][8][gc,age      ] GC(17) - age   4:     500504 bytes,   16397120 total
[2021-05-01T01:28:28.780+0000][8][gc,age      ] GC(17) - age   5:     499488 bytes,   16896608 total
[2021-05-01T01:28:28.780+0000][8][gc,age      ] GC(17) - age   6:    1524920 bytes,   18421528 total
[2021-05-01T01:28:28.780+0000][8][gc,age      ] GC(17) - age   7:     184008 bytes,   18605536 total
[2021-05-01T01:28:28.780+0000][8][gc,age      ] GC(17) - age   8:     205208 bytes,   18810744 total
[2021-05-01T01:28:28.780+0000][8][gc,age      ] GC(17) - age   9:     227624 bytes,   19038368 total
[2021-05-01T01:28:28.780+0000][8][gc,age      ] GC(17) - age  10:     404688 bytes,   19443056 total
[2021-05-01T01:28:28.780+0000][8][gc,age      ] GC(17) - age  11:    1358088 bytes,   20801144 total
[2021-05-01T01:28:28.780+0000][8][gc,phases   ] GC(17)   Pre Evacuate Collection Set: 0.0ms
[2021-05-01T01:28:28.780+0000][8][gc,phases   ] GC(17)   Merge Heap Roots: 0.0ms
[2021-05-01T01:28:28.780+0000][8][gc,phases   ] GC(17)   Evacuate Collection Set: 38.4ms
[2021-05-01T01:28:28.780+0000][8][gc,phases   ] GC(17)   Post Evacuate Collection Set: 0.9ms
[2021-05-01T01:28:28.780+0000][8][gc,phases   ] GC(17)   Other: 0.2ms
[2021-05-01T01:28:28.780+0000][8][gc,heap     ] GC(17) Eden regions: 34->0(33)
[2021-05-01T01:28:28.780+0000][8][gc,heap     ] GC(17) Survivor regions: 4->5(5)
[2021-05-01T01:28:28.780+0000][8][gc,heap     ] GC(17) Old regions: 3->5
[2021-05-01T01:28:28.780+0000][8][gc,heap     ] GC(17) Archive regions: 2->2
[2021-05-01T01:28:28.780+0000][8][gc,heap     ] GC(17) Humongous regions: 0->0
[2021-05-01T01:28:28.780+0000][8][gc,metaspace] GC(17) Metaspace: 30132K(32176K)->30132K(32176K) NonClass: 26359K(27824K)->26359K(27824K) Class: 3773K(4352K)->3773K(4352K)
[2021-05-01T01:28:28.780+0000][8][gc          ] GC(17) Pause Young (Normal) (G1 Evacuation Pause) 163M->43M(256M) 39.621ms
[2021-05-01T01:28:28.780+0000][8][gc,cpu      ] GC(17) User=0.18s Sys=0.00s Real=0.04s
[2021-05-01T01:28:28.780+0000][8][safepoint   ] Safepoint "G1CollectForAllocation", Time since last: 1026130761 ns, Reaching safepoint: 119404 ns, At safepoint: 39979251 ns, Total: 40098655 ns
[2021-05-01T01:28:29.781+0000][8][safepoint   ] Safepoint "Cleanup", Time since last: 1000098145 ns, Reaching safepoint: 390938 ns, At safepoint: 10983 ns, Total: 401921 ns
[2021-05-01T01:28:29.799+0000][8][gc,start    ] GC(18) Pause Young (Concurrent Start) (Metadata GC Threshold)
[2021-05-01T01:28:29.799+0000][8][gc,task     ] GC(18) Using 6 workers of 8 for evacuation
[2021-05-01T01:28:29.799+0000][8][gc,age      ] GC(18) Desired survivor size 10485760 bytes, new threshold 1 (max threshold 15)
[2021-05-01T01:28:29.837+0000][8][gc,age      ] GC(18) Age table with threshold 1 (max threshold 15)
[2021-05-01T01:28:29.837+0000][8][gc,age      ] GC(18) - age   1:   16294640 bytes,   16294640 total
[2021-05-01T01:28:29.837+0000][8][gc,phases   ] GC(18)   Pre Evacuate Collection Set: 0.1ms
[2021-05-01T01:28:29.837+0000][8][gc,phases   ] GC(18)   Merge Heap Roots: 0.2ms
[2021-05-01T01:28:29.837+0000][8][gc,phases   ] GC(18)   Evacuate Collection Set: 37.2ms
[2021-05-01T01:28:29.837+0000][8][gc,phases   ] GC(18)   Post Evacuate Collection Set: 0.6ms
[2021-05-01T01:28:29.837+0000][8][gc,phases   ] GC(18)   Other: 0.2ms
[2021-05-01T01:28:29.837+0000][8][gc,heap     ] GC(18) Eden regions: 28->0(29)
[2021-05-01T01:28:29.837+0000][8][gc,heap     ] GC(18) Survivor regions: 5->5(5)
[2021-05-01T01:28:29.837+0000][8][gc,heap     ] GC(18) Old regions: 5->10
[2021-05-01T01:28:29.837+0000][8][gc,heap     ] GC(18) Archive regions: 2->2
[2021-05-01T01:28:29.837+0000][8][gc,heap     ] GC(18) Humongous regions: 0->0
[2021-05-01T01:28:29.837+0000][8][gc,metaspace] GC(18) Metaspace: 33685K(35888K)->33685K(35888K) NonClass: 29323K(30896K)->29323K(30896K) Class: 4361K(4992K)->4361K(4992K)
[2021-05-01T01:28:29.837+0000][8][gc          ] GC(18) Pause Young (Concurrent Start) (Metadata GC Threshold) 155M->60M(256M) 38.349ms
[2021-05-01T01:28:29.837+0000][8][gc,cpu      ] GC(18) User=0.14s Sys=0.01s Real=0.04s
[2021-05-01T01:28:29.837+0000][8][gc          ] GC(19) Concurrent Cycle
[2021-05-01T01:28:29.837+0000][8][gc,marking  ] GC(19) Concurrent Clear Claimed Marks
[2021-05-01T01:28:29.837+0000][8][gc,marking  ] GC(19) Concurrent Clear Claimed Marks 0.046ms
[2021-05-01T01:28:29.837+0000][8][gc,marking  ] GC(19) Concurrent Scan Root Regions
[2021-05-01T01:28:29.841+0000][8][safepoint   ] Safepoint "CollectForMetadataAllocation", Time since last: 17842303 ns, Reaching safepoint: 139862 ns, At safepoint: 42082454 ns, Total: 42222316 ns
[2021-05-01T01:28:29.865+0000][8][gc,marking  ] GC(19) Concurrent Scan Root Regions 27.478ms
[2021-05-01T01:28:29.865+0000][8][gc,marking  ] GC(19) Concurrent Mark (13.936s)
[2021-05-01T01:28:29.865+0000][8][gc,marking  ] GC(19) Concurrent Mark From Roots
[2021-05-01T01:28:29.865+0000][8][gc,task     ] GC(19) Using 2 workers of 2 for marking
[2021-05-01T01:28:29.897+0000][8][safepoint   ] Safepoint "CollectForMetadataAllocation", Time since last: 55839418 ns, Reaching safepoint: 86306 ns, At safepoint: 164012 ns, Total: 250318 ns
[2021-05-01T01:28:29.914+0000][8][gc,marking  ] GC(19) Concurrent Mark From Roots 49.785ms
[2021-05-01T01:28:29.915+0000][8][gc,marking  ] GC(19) Concurrent Preclean
[2021-05-01T01:28:29.915+0000][8][gc,marking  ] GC(19) Concurrent Preclean 0.209ms
[2021-05-01T01:28:29.915+0000][8][gc,marking  ] GC(19) Concurrent Mark (13.936s, 13.987s) 50.466ms
[2021-05-01T01:28:29.915+0000][8][gc,start    ] GC(19) Pause Remark
[2021-05-01T01:28:29.920+0000][8][gc          ] GC(19) Pause Remark 62M->62M(256M) 4.832ms
[2021-05-01T01:28:29.920+0000][8][gc,cpu      ] GC(19) User=0.02s Sys=0.00s Real=0.01s
[2021-05-01T01:28:29.920+0000][8][safepoint   ] Safepoint "G1Concurrent", Time since last: 18375066 ns, Reaching safepoint: 154439 ns, At safepoint: 4910256 ns, Total: 5064695 ns
[2021-05-01T01:28:29.920+0000][8][gc,marking  ] GC(19) Concurrent Rebuild Remembered Sets
[2021-05-01T01:28:29.956+0000][8][gc,marking  ] GC(19) Concurrent Rebuild Remembered Sets 36.189ms
[2021-05-01T01:28:29.957+0000][8][gc,start    ] GC(19) Pause Cleanup
[2021-05-01T01:28:29.957+0000][8][gc          ] GC(19) Pause Cleanup 64M->64M(256M) 0.074ms
[2021-05-01T01:28:29.957+0000][8][gc,cpu      ] GC(19) User=0.00s Sys=0.00s Real=0.00s
[2021-05-01T01:28:29.957+0000][8][safepoint   ] Safepoint "G1Concurrent", Time since last: 36281881 ns, Reaching safepoint: 370034 ns, At safepoint: 129365 ns, Total: 499399 ns
[2021-05-01T01:28:29.957+0000][8][gc,marking  ] GC(19) Concurrent Cleanup for Next Mark
[2021-05-01T01:28:29.957+0000][8][gc,marking  ] GC(19) Concurrent Cleanup for Next Mark 0.155ms
[2021-05-01T01:28:29.957+0000][8][gc          ] GC(19) Concurrent Cycle 120.151ms
[2021-05-01T01:28:30.296+0000][8][gc,start    ] GC(20) Pause Young (Concurrent Start) (G1 Evacuation Pause)
[2021-05-01T01:28:30.296+0000][8][gc,task     ] GC(20) Using 6 workers of 8 for evacuation
[2021-05-01T01:28:30.296+0000][8][gc,age      ] GC(20) Desired survivor size 10485760 bytes, new threshold 1 (max threshold 15)
[2021-05-01T01:28:30.318+0000][8][gc,age      ] GC(20) Age table with threshold 1 (max threshold 15)
[2021-05-01T01:28:30.318+0000][8][gc,age      ] GC(20) - age   1:    1350568 bytes,    1350568 total
[2021-05-01T01:28:30.318+0000][8][gc,phases   ] GC(20)   Pre Evacuate Collection Set: 0.1ms
[2021-05-01T01:28:30.318+0000][8][gc,phases   ] GC(20)   Merge Heap Roots: 0.1ms
[2021-05-01T01:28:30.318+0000][8][gc,phases   ] GC(20)   Evacuate Collection Set: 20.8ms
[2021-05-01T01:28:30.318+0000][8][gc,phases   ] GC(20)   Post Evacuate Collection Set: 0.6ms
[2021-05-01T01:28:30.318+0000][8][gc,phases   ] GC(20)   Other: 0.2ms
[2021-05-01T01:28:30.318+0000][8][gc,heap     ] GC(20) Eden regions: 29->0(29)
[2021-05-01T01:28:30.318+0000][8][gc,heap     ] GC(20) Survivor regions: 5->1(5)
[2021-05-01T01:28:30.318+0000][8][gc,heap     ] GC(20) Old regions: 10->15
[2021-05-01T01:28:30.318+0000][8][gc,heap     ] GC(20) Archive regions: 2->2
[2021-05-01T01:28:30.318+0000][8][gc,heap     ] GC(20) Humongous regions: 0->0
[2021-05-01T01:28:30.318+0000][8][gc,metaspace] GC(20) Metaspace: 36074K(38448K)->36074K(38448K) NonClass: 31484K(33200K)->31484K(33200K) Class: 4590K(5248K)->4590K(5248K)
[2021-05-01T01:28:30.318+0000][8][gc          ] GC(20) Pause Young (Concurrent Start) (G1 Evacuation Pause) 176M->63M(256M) 21.844ms
[2021-05-01T01:28:30.318+0000][8][gc,cpu      ] GC(20) User=0.10s Sys=0.00s Real=0.03s
[2021-05-01T01:28:30.318+0000][8][gc          ] GC(21) Concurrent Cycle
[2021-05-01T01:28:30.318+0000][8][gc,marking  ] GC(21) Concurrent Clear Claimed Marks
[2021-05-01T01:28:30.318+0000][8][gc,marking  ] GC(21) Concurrent Clear Claimed Marks 0.052ms
[2021-05-01T01:28:30.318+0000][8][gc,marking  ] GC(21) Concurrent Scan Root Regions
[2021-05-01T01:28:30.318+0000][8][safepoint   ] Safepoint "G1CollectForAllocation", Time since last: 338949926 ns, Reaching safepoint: 188822 ns, At safepoint: 21925209 ns, Total: 22114031 ns
[2021-05-01T01:28:30.333+0000][8][gc,marking  ] GC(21) Concurrent Scan Root Regions 15.002ms
[2021-05-01T01:28:30.333+0000][8][gc,marking  ] GC(21) Concurrent Mark (14.405s)
[2021-05-01T01:28:30.333+0000][8][gc,marking  ] GC(21) Concurrent Mark From Roots
[2021-05-01T01:28:30.333+0000][8][gc,task     ] GC(21) Using 2 workers of 2 for marking
[2021-05-01T01:28:30.413+0000][8][gc,marking  ] GC(21) Concurrent Mark From Roots 79.363ms
[2021-05-01T01:28:30.413+0000][8][gc,marking  ] GC(21) Concurrent Preclean
[2021-05-01T01:28:30.413+0000][8][gc,marking  ] GC(21) Concurrent Preclean 0.253ms
[2021-05-01T01:28:30.413+0000][8][gc,marking  ] GC(21) Concurrent Mark (14.405s, 14.485s) 79.686ms
[2021-05-01T01:28:30.413+0000][8][gc,start    ] GC(21) Pause Remark
[2021-05-01T01:28:30.421+0000][8][gc          ] GC(21) Pause Remark 69M->69M(256M) 7.479ms
[2021-05-01T01:28:30.421+0000][8][gc,cpu      ] GC(21) User=0.02s Sys=0.00s Real=0.01s
[2021-05-01T01:28:30.421+0000][8][safepoint   ] Safepoint "G1Concurrent", Time since last: 94837242 ns, Reaching safepoint: 390943 ns, At safepoint: 7567215 ns, Total: 7958158 ns
[2021-05-01T01:28:30.421+0000][8][gc,marking  ] GC(21) Concurrent Rebuild Remembered Sets
[2021-05-01T01:28:30.526+0000][8][gc,marking  ] GC(21) Concurrent Rebuild Remembered Sets 105.361ms
[2021-05-01T01:28:30.527+0000][8][gc,start    ] GC(21) Pause Cleanup
[2021-05-01T01:28:30.527+0000][8][gc          ] GC(21) Pause Cleanup 75M->75M(256M) 0.074ms
[2021-05-01T01:28:30.527+0000][8][gc,cpu      ] GC(21) User=0.00s Sys=0.00s Real=0.00s
[2021-05-01T01:28:30.527+0000][8][safepoint   ] Safepoint "G1Concurrent", Time since last: 105467149 ns, Reaching safepoint: 236700 ns, At safepoint: 138847 ns, Total: 375547 ns
[2021-05-01T01:28:30.527+0000][8][gc,marking  ] GC(21) Concurrent Cleanup for Next Mark
[2021-05-01T01:28:30.527+0000][8][gc,marking  ] GC(21) Concurrent Cleanup for Next Mark 0.161ms
[2021-05-01T01:28:30.527+0000][8][gc          ] GC(21) Concurrent Cycle 208.869ms
[2021-05-01T01:28:31.527+0000][8][safepoint   ] Safepoint "Cleanup", Time since last: 1000155750 ns, Reaching safepoint: 292016 ns, At safepoint: 6709 ns, Total: 298725 ns
[2021-05-01T01:28:32.262+0000][8][gc,start    ] GC(22) Pause Young (Normal) (G1 Evacuation Pause)
[2021-05-01T01:28:32.262+0000][8][gc,task     ] GC(22) Using 6 workers of 8 for evacuation
[2021-05-01T01:28:32.262+0000][8][gc,age      ] GC(22) Desired survivor size 8388608 bytes, new threshold 15 (max threshold 15)
[2021-05-01T01:28:32.277+0000][8][gc,age      ] GC(22) Age table with threshold 15 (max threshold 15)
[2021-05-01T01:28:32.278+0000][8][gc,age      ] GC(22) - age   1:    5266704 bytes,    5266704 total
[2021-05-01T01:28:32.278+0000][8][gc,age      ] GC(22) - age   2:    1254672 bytes,    6521376 total
[2021-05-01T01:28:32.278+0000][8][gc,phases   ] GC(22)   Pre Evacuate Collection Set: 0.1ms
[2021-05-01T01:28:32.278+0000][8][gc,phases   ] GC(22)   Merge Heap Roots: 0.1ms
[2021-05-01T01:28:32.278+0000][8][gc,phases   ] GC(22)   Evacuate Collection Set: 14.5ms
[2021-05-01T01:28:32.278+0000][8][gc,phases   ] GC(22)   Post Evacuate Collection Set: 1.0ms
[2021-05-01T01:28:32.278+0000][8][gc,phases   ] GC(22)   Other: 0.2ms
[2021-05-01T01:28:32.278+0000][8][gc,heap     ] GC(22) Eden regions: 29->0(29)
[2021-05-01T01:28:32.278+0000][8][gc,heap     ] GC(22) Survivor regions: 1->2(4)
[2021-05-01T01:28:32.278+0000][8][gc,heap     ] GC(22) Old regions: 15->15
[2021-05-01T01:28:32.278+0000][8][gc,heap     ] GC(22) Archive regions: 2->2
[2021-05-01T01:28:32.278+0000][8][gc,heap     ] GC(22) Humongous regions: 0->0
[2021-05-01T01:28:32.278+0000][8][gc,metaspace] GC(22) Metaspace: 51831K(55344K)->51831K(55344K) NonClass: 44897K(47536K)->44897K(47536K) Class: 6933K(7808K)->6933K(7808K)
[2021-05-01T01:28:32.278+0000][8][gc          ] GC(22) Pause Young (Normal) (G1 Evacuation Pause) 179M->67M(256M) 15.964ms
[2021-05-01T01:28:32.278+0000][8][gc,cpu      ] GC(22) User=0.07s Sys=0.01s Real=0.02s
[2021-05-01T01:28:32.278+0000][8][safepoint   ] Safepoint "G1CollectForAllocation", Time since last: 734448086 ns, Reaching safepoint: 114972 ns, At safepoint: 16051138 ns, Total: 16166110 ns
[2021-05-01T01:28:32.554+0000][8][safepoint   ] Safepoint "ICBufferFull", Time since last: 275529501 ns, Reaching safepoint: 593873 ns, At safepoint: 52936 ns, Total: 646809 ns
[2021-05-01T01:28:33.505+0000][8][safepoint   ] Safepoint "ICBufferFull", Time since last: 950910598 ns, Reaching safepoint: 218929 ns, At safepoint: 10028 ns, Total: 228957 ns
[2021-05-01T01:28:33.554+0000][8][safepoint   ] Safepoint "ICBufferFull", Time since last: 49231983 ns, Reaching safepoint: 154255 ns, At safepoint: 5963 ns, Total: 160218 ns
[2021-05-01T01:28:33.716+0000][8][gc,start    ] GC(23) Pause Young (Normal) (G1 Evacuation Pause)
[2021-05-01T01:28:33.717+0000][8][gc,task     ] GC(23) Using 6 workers of 8 for evacuation
[2021-05-01T01:28:33.717+0000][8][gc,age      ] GC(23) Desired survivor size 8388608 bytes, new threshold 15 (max threshold 15)
[2021-05-01T01:28:33.727+0000][8][gc,age      ] GC(23) Age table with threshold 15 (max threshold 15)
[2021-05-01T01:28:33.727+0000][8][gc,age      ] GC(23) - age   1:    4438176 bytes,    4438176 total
[2021-05-01T01:28:33.727+0000][8][gc,age      ] GC(23) - age   2:    5097984 bytes,    9536160 total
[2021-05-01T01:28:33.727+0000][8][gc,age      ] GC(23) - age   3:    1253168 bytes,   10789328 total
[2021-05-01T01:28:33.727+0000][8][gc,phases   ] GC(23)   Pre Evacuate Collection Set: 0.0ms
[2021-05-01T01:28:33.727+0000][8][gc,phases   ] GC(23)   Merge Heap Roots: 0.1ms
[2021-05-01T01:28:33.727+0000][8][gc,phases   ] GC(23)   Evacuate Collection Set: 9.2ms
[2021-05-01T01:28:33.727+0000][8][gc,phases   ] GC(23)   Post Evacuate Collection Set: 0.7ms
[2021-05-01T01:28:33.727+0000][8][gc,phases   ] GC(23)   Other: 0.2ms
[2021-05-01T01:28:33.727+0000][8][gc,heap     ] GC(23) Eden regions: 29->0(29)
[2021-05-01T01:28:33.727+0000][8][gc,heap     ] GC(23) Survivor regions: 2->3(4)
[2021-05-01T01:28:33.727+0000][8][gc,heap     ] GC(23) Old regions: 15->15
[2021-05-01T01:28:33.727+0000][8][gc,heap     ] GC(23) Archive regions: 2->2
[2021-05-01T01:28:33.727+0000][8][gc,heap     ] GC(23) Humongous regions: 0->0
[2021-05-01T01:28:33.727+0000][8][gc,metaspace] GC(23) Metaspace: 58188K(62000K)->58188K(62000K) NonClass: 50563K(53424K)->50563K(53424K) Class: 7625K(8576K)->7625K(8576K)
[2021-05-01T01:28:33.727+0000][8][gc          ] GC(23) Pause Young (Normal) (G1 Evacuation Pause) 183M->71M(256M) 10.371ms
[2021-05-01T01:28:33.727+0000][8][gc,cpu      ] GC(23) User=0.07s Sys=0.01s Real=0.02s
[2021-05-01T01:28:33.727+0000][8][safepoint   ] Safepoint "G1CollectForAllocation", Time since last: 161763077 ns, Reaching safepoint: 211080 ns, At safepoint: 10449248 ns, Total: 10660328 ns
[2021-05-01T01:28:34.049+0000][8][gc,start    ] GC(24) Pause Young (Concurrent Start) (Metadata GC Threshold)
[2021-05-01T01:28:34.049+0000][8][gc,task     ] GC(24) Using 6 workers of 8 for evacuation
[2021-05-01T01:28:34.049+0000][8][gc,age      ] GC(24) Desired survivor size 8388608 bytes, new threshold 2 (max threshold 15)
[2021-05-01T01:28:34.059+0000][8][gc,age      ] GC(24) Age table with threshold 2 (max threshold 15)
[2021-05-01T01:28:34.059+0000][8][gc,age      ] GC(24) - age   1:    1453032 bytes,    1453032 total
[2021-05-01T01:28:34.059+0000][8][gc,age      ] GC(24) - age   2:    4346096 bytes,    5799128 total
[2021-05-01T01:28:34.059+0000][8][gc,phases   ] GC(24)   Pre Evacuate Collection Set: 0.1ms
[2021-05-01T01:28:34.059+0000][8][gc,phases   ] GC(24)   Merge Heap Roots: 0.1ms
[2021-05-01T01:28:34.059+0000][8][gc,phases   ] GC(24)   Evacuate Collection Set: 9.0ms
[2021-05-01T01:28:34.059+0000][8][gc,phases   ] GC(24)   Post Evacuate Collection Set: 0.4ms
[2021-05-01T01:28:34.059+0000][8][gc,phases   ] GC(24)   Other: 0.2ms
[2021-05-01T01:28:34.059+0000][8][gc,heap     ] GC(24) Eden regions: 5->0(26)
[2021-05-01T01:28:34.059+0000][8][gc,heap     ] GC(24) Survivor regions: 3->2(4)
[2021-05-01T01:28:34.059+0000][8][gc,heap     ] GC(24) Old regions: 15->16
[2021-05-01T01:28:34.059+0000][8][gc,heap     ] GC(24) Archive regions: 2->2
[2021-05-01T01:28:34.059+0000][8][gc,heap     ] GC(24) Humongous regions: 0->0
[2021-05-01T01:28:34.059+0000][8][gc,metaspace] GC(24) Metaspace: 60769K(64432K)->60769K(64432K) NonClass: 52776K(55472K)->52776K(55472K) Class: 7992K(8960K)->7992K(8960K)
[2021-05-01T01:28:34.059+0000][8][gc          ] GC(24) Pause Young (Concurrent Start) (Metadata GC Threshold) 90M->72M(256M) 9.794ms
[2021-05-01T01:28:34.059+0000][8][gc,cpu      ] GC(24) User=0.05s Sys=0.01s Real=0.01s
[2021-05-01T01:28:34.059+0000][8][gc          ] GC(25) Concurrent Cycle
[2021-05-01T01:28:34.059+0000][8][gc,marking  ] GC(25) Concurrent Clear Claimed Marks
[2021-05-01T01:28:34.059+0000][8][gc,marking  ] GC(25) Concurrent Clear Claimed Marks 0.059ms
[2021-05-01T01:28:34.059+0000][8][gc,marking  ] GC(25) Concurrent Scan Root Regions
[2021-05-01T01:28:34.059+0000][8][safepoint   ] Safepoint "CollectForMetadataAllocation", Time since last: 321637811 ns, Reaching safepoint: 305858 ns, At safepoint: 10005111 ns, Total: 10310969 ns
[2021-05-01T01:28:34.065+0000][8][gc,marking  ] GC(25) Concurrent Scan Root Regions 6.363ms
[2021-05-01T01:28:34.065+0000][8][gc,marking  ] GC(25) Concurrent Mark (18.137s)
[2021-05-01T01:28:34.065+0000][8][gc,marking  ] GC(25) Concurrent Mark From Roots
[2021-05-01T01:28:34.065+0000][8][gc,task     ] GC(25) Using 2 workers of 2 for marking
[2021-05-01T01:28:34.096+0000][8][safepoint   ] Safepoint "CollectForMetadataAllocation", Time since last: 37379334 ns, Reaching safepoint: 85690 ns, At safepoint: 130684 ns, Total: 216374 ns
[2021-05-01T01:28:34.122+0000][8][gc,marking  ] GC(25) Concurrent Mark From Roots 57.184ms
[2021-05-01T01:28:34.122+0000][8][gc,marking  ] GC(25) Concurrent Preclean
[2021-05-01T01:28:34.123+0000][8][gc,marking  ] GC(25) Concurrent Preclean 0.225ms
[2021-05-01T01:28:34.123+0000][8][gc,marking  ] GC(25) Concurrent Mark (18.137s, 18.194s) 57.461ms
[2021-05-01T01:28:34.123+0000][8][gc,start    ] GC(25) Pause Remark
[2021-05-01T01:28:34.124+0000][8][gc          ] GC(25) Pause Remark 80M->80M(256M) 1.694ms
[2021-05-01T01:28:34.124+0000][8][gc,cpu      ] GC(25) User=0.01s Sys=0.00s Real=0.00s
[2021-05-01T01:28:34.124+0000][8][safepoint   ] Safepoint "G1Concurrent", Time since last: 26251418 ns, Reaching safepoint: 49932 ns, At safepoint: 1745126 ns, Total: 1795058 ns
[2021-05-01T01:28:34.125+0000][8][gc,marking  ] GC(25) Concurrent Rebuild Remembered Sets
[2021-05-01T01:28:34.172+0000][8][gc,marking  ] GC(25) Concurrent Rebuild Remembered Sets 47.501ms
[2021-05-01T01:28:34.173+0000][8][gc,start    ] GC(25) Pause Cleanup
[2021-05-01T01:28:34.173+0000][8][gc          ] GC(25) Pause Cleanup 84M->84M(256M) 0.077ms
[2021-05-01T01:28:34.173+0000][8][gc,cpu      ] GC(25) User=0.00s Sys=0.00s Real=0.00s
[2021-05-01T01:28:34.173+0000][8][safepoint   ] Safepoint "G1Concurrent", Time since last: 47579131 ns, Reaching safepoint: 661298 ns, At safepoint: 123210 ns, Total: 784508 ns
[2021-05-01T01:28:34.173+0000][8][gc,marking  ] GC(25) Concurrent Cleanup for Next Mark
[2021-05-01T01:28:34.173+0000][8][gc,marking  ] GC(25) Concurrent Cleanup for Next Mark 0.197ms
[2021-05-01T01:28:34.173+0000][8][gc          ] GC(25) Concurrent Cycle 114.399ms
[2021-05-01T01:28:35.174+0000][8][safepoint   ] Safepoint "Cleanup", Time since last: 1000096820 ns, Reaching safepoint: 965188 ns, At safepoint: 10403 ns, Total: 975591 ns
[2021-05-01T01:28:35.502+0000][8][gc,start    ] GC(26) Pause Young (Concurrent Start) (G1 Evacuation Pause)
[2021-05-01T01:28:35.502+0000][8][gc,task     ] GC(26) Using 6 workers of 8 for evacuation
[2021-05-01T01:28:35.502+0000][8][gc,age      ] GC(26) Desired survivor size 8388608 bytes, new threshold 15 (max threshold 15)
[2021-05-01T01:28:35.512+0000][8][gc,age      ] GC(26) Age table with threshold 15 (max threshold 15)
[2021-05-01T01:28:35.512+0000][8][gc,age      ] GC(26) - age   1:    5640960 bytes,    5640960 total
[2021-05-01T01:28:35.513+0000][8][gc,age      ] GC(26) - age   2:    1417280 bytes,    7058240 total
[2021-05-01T01:28:35.513+0000][8][gc,age      ] GC(26) - age   3:    4318472 bytes,   11376712 total
[2021-05-01T01:28:35.513+0000][8][gc,phases   ] GC(26)   Pre Evacuate Collection Set: 0.1ms
[2021-05-01T01:28:35.513+0000][8][gc,phases   ] GC(26)   Merge Heap Roots: 0.1ms
[2021-05-01T01:28:35.513+0000][8][gc,phases   ] GC(26)   Evacuate Collection Set: 9.1ms
[2021-05-01T01:28:35.513+0000][8][gc,phases   ] GC(26)   Post Evacuate Collection Set: 0.7ms
[2021-05-01T01:28:35.513+0000][8][gc,phases   ] GC(26)   Other: 0.2ms
[2021-05-01T01:28:35.513+0000][8][gc,heap     ] GC(26) Eden regions: 26->0(26)
[2021-05-01T01:28:35.513+0000][8][gc,heap     ] GC(26) Survivor regions: 2->3(4)
[2021-05-01T01:28:35.513+0000][8][gc,heap     ] GC(26) Old regions: 16->16
[2021-05-01T01:28:35.513+0000][8][gc,heap     ] GC(26) Archive regions: 2->2
[2021-05-01T01:28:35.513+0000][8][gc,heap     ] GC(26) Humongous regions: 0->0
[2021-05-01T01:28:35.513+0000][8][gc,metaspace] GC(26) Metaspace: 76596K(80788K)->76596K(80788K) NonClass: 66323K(69448K)->66323K(69448K) Class: 10273K(11340K)->10273K(11340K)
[2021-05-01T01:28:35.513+0000][8][gc          ] GC(26) Pause Young (Concurrent Start) (G1 Evacuation Pause) 176M->77M(256M) 10.308ms
[2021-05-01T01:28:35.513+0000][8][gc,cpu      ] GC(26) User=0.07s Sys=0.00s Real=0.01s
[2021-05-01T01:28:35.513+0000][8][safepoint   ] Safepoint "G1CollectForAllocation", Time since last: 328341434 ns, Reaching safepoint: 87493 ns, At safepoint: 10400857 ns, Total: 10488350 ns
[2021-05-01T01:28:35.513+0000][8][gc          ] GC(27) Concurrent Cycle
[2021-05-01T01:28:35.513+0000][8][gc,marking  ] GC(27) Concurrent Clear Claimed Marks
[2021-05-01T01:28:35.513+0000][8][gc,marking  ] GC(27) Concurrent Clear Claimed Marks 0.070ms
[2021-05-01T01:28:35.513+0000][8][gc,marking  ] GC(27) Concurrent Scan Root Regions
[2021-05-01T01:28:35.523+0000][8][gc,marking  ] GC(27) Concurrent Scan Root Regions 9.777ms
[2021-05-01T01:28:35.523+0000][8][gc,marking  ] GC(27) Concurrent Mark (19.595s)
[2021-05-01T01:28:35.523+0000][8][gc,marking  ] GC(27) Concurrent Mark From Roots
[2021-05-01T01:28:35.523+0000][8][gc,task     ] GC(27) Using 2 workers of 2 for marking
[2021-05-01T01:28:35.613+0000][8][gc,marking  ] GC(27) Concurrent Mark From Roots 90.334ms
[2021-05-01T01:28:35.613+0000][8][gc,marking  ] GC(27) Concurrent Preclean
[2021-05-01T01:28:35.613+0000][8][gc,marking  ] GC(27) Concurrent Preclean 0.257ms
[2021-05-01T01:28:35.613+0000][8][gc,marking  ] GC(27) Concurrent Mark (19.595s, 19.685s) 90.656ms
[2021-05-01T01:28:35.614+0000][8][gc,start    ] GC(27) Pause Remark
[2021-05-01T01:28:35.617+0000][8][gc          ] GC(27) Pause Remark 85M->85M(256M) 2.989ms
[2021-05-01T01:28:35.617+0000][8][gc,cpu      ] GC(27) User=0.02s Sys=0.00s Real=0.01s
[2021-05-01T01:28:35.617+0000][8][safepoint   ] Safepoint "G1Concurrent", Time since last: 101414820 ns, Reaching safepoint: 65875 ns, At safepoint: 3067780 ns, Total: 3133655 ns
[2021-05-01T01:28:35.617+0000][8][gc,marking  ] GC(27) Concurrent Rebuild Remembered Sets
[2021-05-01T01:28:35.671+0000][8][gc,marking  ] GC(27) Concurrent Rebuild Remembered Sets 54.003ms
[2021-05-01T01:28:35.672+0000][8][gc,start    ] GC(27) Pause Cleanup
[2021-05-01T01:28:35.672+0000][8][gc          ] GC(27) Pause Cleanup 91M->91M(256M) 0.072ms
[2021-05-01T01:28:35.672+0000][8][gc,cpu      ] GC(27) User=0.00s Sys=0.00s Real=0.00s
[2021-05-01T01:28:35.672+0000][8][safepoint   ] Safepoint "G1Concurrent", Time since last: 54098231 ns, Reaching safepoint: 377928 ns, At safepoint: 119347 ns, Total: 497275 ns
[2021-05-01T01:28:35.672+0000][8][gc,marking  ] GC(27) Concurrent Cleanup for Next Mark
[2021-05-01T01:28:35.672+0000][8][gc,marking  ] GC(27) Concurrent Cleanup for Next Mark 0.158ms
[2021-05-01T01:28:35.672+0000][8][gc          ] GC(27) Concurrent Cycle 159.352ms
[2021-05-01T01:28:36.247+0000][8][safepoint   ] Safepoint "ICBufferFull", Time since last: 575188690 ns, Reaching safepoint: 166635 ns, At safepoint: 6712 ns, Total: 173347 ns
[2021-05-01T01:28:36.811+0000][8][safepoint   ] Safepoint "ICBufferFull", Time since last: 563627066 ns, Reaching safepoint: 278328 ns, At safepoint: 12927 ns, Total: 291255 ns
[2021-05-01T01:28:36.953+0000][8][gc,start    ] GC(28) Pause Young (Normal) (G1 Evacuation Pause)
[2021-05-01T01:28:36.953+0000][8][gc,task     ] GC(28) Using 6 workers of 8 for evacuation
[2021-05-01T01:28:36.953+0000][8][gc,age      ] GC(28) Desired survivor size 8388608 bytes, new threshold 3 (max threshold 15)
[2021-05-01T01:28:36.971+0000][8][gc,age      ] GC(28) Age table with threshold 3 (max threshold 15)
[2021-05-01T01:28:36.971+0000][8][gc,age      ] GC(28) - age   1:    4879344 bytes,    4879344 total
[2021-05-01T01:28:36.971+0000][8][gc,age      ] GC(28) - age   2:    5093344 bytes,    9972688 total
[2021-05-01T01:28:36.971+0000][8][gc,age      ] GC(28) - age   3:    1410600 bytes,   11383288 total
[2021-05-01T01:28:36.971+0000][8][gc,phases   ] GC(28)   Pre Evacuate Collection Set: 0.1ms
[2021-05-01T01:28:36.971+0000][8][gc,phases   ] GC(28)   Merge Heap Roots: 0.1ms
[2021-05-01T01:28:36.972+0000][8][gc,phases   ] GC(28)   Evacuate Collection Set: 17.1ms
[2021-05-01T01:28:36.972+0000][8][gc,phases   ] GC(28)   Post Evacuate Collection Set: 0.8ms
[2021-05-01T01:28:36.972+0000][8][gc,phases   ] GC(28)   Other: 0.2ms
[2021-05-01T01:28:36.972+0000][8][gc,heap     ] GC(28) Eden regions: 26->0(25)
[2021-05-01T01:28:36.972+0000][8][gc,heap     ] GC(28) Survivor regions: 3->3(4)
[2021-05-01T01:28:36.972+0000][8][gc,heap     ] GC(28) Old regions: 16->17
[2021-05-01T01:28:36.972+0000][8][gc,heap     ] GC(28) Archive regions: 2->2
[2021-05-01T01:28:36.972+0000][8][gc,heap     ] GC(28) Humongous regions: 0->0
[2021-05-01T01:28:36.972+0000][8][gc,metaspace] GC(28) Metaspace: 85802K(90132K)->85802K(90132K) NonClass: 74215K(77384K)->74215K(77384K) Class: 11586K(12748K)->11586K(12748K)
[2021-05-01T01:28:36.972+0000][8][gc          ] GC(28) Pause Young (Normal) (G1 Evacuation Pause) 181M->82M(256M) 18.287ms
[2021-05-01T01:28:36.972+0000][8][gc,cpu      ] GC(28) User=0.11s Sys=0.00s Real=0.02s
[2021-05-01T01:28:36.976+0000][8][safepoint   ] Safepoint "G1CollectForAllocation", Time since last: 141942469 ns, Reaching safepoint: 198153 ns, At safepoint: 22861130 ns, Total: 23059283 ns
[2021-05-01T01:28:37.401+0000][8][safepoint   ] Safepoint "ICBufferFull", Time since last: 424292745 ns, Reaching safepoint: 239385 ns, At safepoint: 8655 ns, Total: 248040 ns
[2021-05-01T01:28:37.497+0000][8][gc,start    ] GC(29) Pause Young (Concurrent Start) (G1 Humongous Allocation)
[2021-05-01T01:28:37.497+0000][8][gc,task     ] GC(29) Using 6 workers of 8 for evacuation
[2021-05-01T01:28:37.497+0000][8][gc,age      ] GC(29) Desired survivor size 8388608 bytes, new threshold 2 (max threshold 15)
[2021-05-01T01:28:37.509+0000][8][gc,age      ] GC(29) Age table with threshold 2 (max threshold 15)
[2021-05-01T01:28:37.509+0000][8][gc,age      ] GC(29) - age   1:    2285368 bytes,    2285368 total
[2021-05-01T01:28:37.509+0000][8][gc,age      ] GC(29) - age   2:    3873648 bytes,    6159016 total
[2021-05-01T01:28:37.509+0000][8][gc,phases   ] GC(29)   Pre Evacuate Collection Set: 0.1ms
[2021-05-01T01:28:37.509+0000][8][gc,phases   ] GC(29)   Merge Heap Roots: 0.1ms
[2021-05-01T01:28:37.509+0000][8][gc,phases   ] GC(29)   Evacuate Collection Set: 11.3ms
[2021-05-01T01:28:37.510+0000][8][gc,phases   ] GC(29)   Post Evacuate Collection Set: 0.6ms
[2021-05-01T01:28:37.510+0000][8][gc,phases   ] GC(29)   Other: 0.2ms
[2021-05-01T01:28:37.510+0000][8][gc,heap     ] GC(29) Eden regions: 10->0(25)
[2021-05-01T01:28:37.510+0000][8][gc,heap     ] GC(29) Survivor regions: 3->2(4)
[2021-05-01T01:28:37.510+0000][8][gc,heap     ] GC(29) Old regions: 17->19
[2021-05-01T01:28:37.510+0000][8][gc,heap     ] GC(29) Archive regions: 2->2
[2021-05-01T01:28:37.510+0000][8][gc,heap     ] GC(29) Humongous regions: 0->0
[2021-05-01T01:28:37.510+0000][8][gc,metaspace] GC(29) Metaspace: 89315K(93716K)->89315K(93716K) NonClass: 77200K(80456K)->77200K(80456K) Class: 12114K(13260K)->12114K(13260K)
[2021-05-01T01:28:37.510+0000][8][gc          ] GC(29) Pause Young (Concurrent Start) (G1 Humongous Allocation) 119M->84M(256M) 12.350ms
[2021-05-01T01:28:37.510+0000][8][gc,cpu      ] GC(29) User=0.08s Sys=0.00s Real=0.01s
[2021-05-01T01:28:37.510+0000][8][gc          ] GC(30) Concurrent Cycle
[2021-05-01T01:28:37.510+0000][8][safepoint   ] Safepoint "G1TryInitiateConcMark", Time since last: 96371560 ns, Reaching safepoint: 91156 ns, At safepoint: 12427059 ns, Total: 12518215 ns
[2021-05-01T01:28:37.510+0000][8][gc,marking  ] GC(30) Concurrent Clear Claimed Marks
[2021-05-01T01:28:37.510+0000][8][gc,marking  ] GC(30) Concurrent Clear Claimed Marks 0.067ms
[2021-05-01T01:28:37.510+0000][8][gc,marking  ] GC(30) Concurrent Scan Root Regions
[2021-05-01T01:28:37.519+0000][8][gc,marking  ] GC(30) Concurrent Scan Root Regions 9.345ms
[2021-05-01T01:28:37.519+0000][8][gc,marking  ] GC(30) Concurrent Mark (21.591s)
[2021-05-01T01:28:37.519+0000][8][gc,marking  ] GC(30) Concurrent Mark From Roots
[2021-05-01T01:28:37.519+0000][8][gc,task     ] GC(30) Using 2 workers of 2 for marking
[2021-05-01T01:28:37.610+0000][8][gc,marking  ] GC(30) Concurrent Mark From Roots 90.797ms
[2021-05-01T01:28:37.610+0000][8][gc,marking  ] GC(30) Concurrent Preclean
[2021-05-01T01:28:37.610+0000][8][gc,marking  ] GC(30) Concurrent Preclean 0.182ms
[2021-05-01T01:28:37.610+0000][8][gc,marking  ] GC(30) Concurrent Mark (21.591s, 21.682s) 91.028ms
[2021-05-01T01:28:37.610+0000][8][gc,start    ] GC(30) Pause Remark
[2021-05-01T01:28:37.613+0000][8][gc          ] GC(30) Pause Remark 98M->98M(256M) 2.267ms
[2021-05-01T01:28:37.613+0000][8][gc,cpu      ] GC(30) User=0.01s Sys=0.00s Real=0.00s
[2021-05-01T01:28:37.613+0000][8][safepoint   ] Safepoint "G1Concurrent", Time since last: 100523438 ns, Reaching safepoint: 190330 ns, At safepoint: 2327858 ns, Total: 2518188 ns
[2021-05-01T01:28:37.613+0000][8][gc,marking  ] GC(30) Concurrent Rebuild Remembered Sets
[2021-05-01T01:28:37.667+0000][8][gc,marking  ] GC(30) Concurrent Rebuild Remembered Sets 54.138ms
[2021-05-01T01:28:37.667+0000][8][gc,start    ] GC(30) Pause Cleanup
[2021-05-01T01:28:37.667+0000][8][gc          ] GC(30) Pause Cleanup 101M->101M(256M) 0.064ms
[2021-05-01T01:28:37.667+0000][8][gc,cpu      ] GC(30) User=0.00s Sys=0.00s Real=0.00s
[2021-05-01T01:28:37.667+0000][8][safepoint   ] Safepoint "G1Concurrent", Time since last: 54259149 ns, Reaching safepoint: 179771 ns, At safepoint: 105159 ns, Total: 284930 ns
[2021-05-01T01:28:37.667+0000][8][gc,marking  ] GC(30) Concurrent Cleanup for Next Mark
[2021-05-01T01:28:37.667+0000][8][gc,marking  ] GC(30) Concurrent Cleanup for Next Mark 0.268ms
[2021-05-01T01:28:37.668+0000][8][gc          ] GC(30) Concurrent Cycle 157.912ms
[2021-05-01T01:28:37.818+0000][8][safepoint   ] Safepoint "ICBufferFull", Time since last: 151019400 ns, Reaching safepoint: 158661 ns, At safepoint: 13376 ns, Total: 172037 ns
[2021-05-01T01:28:38.174+0000][8][safepoint   ] Safepoint "ICBufferFull", Time since last: 354959725 ns, Reaching safepoint: 187435 ns, At safepoint: 8762 ns, Total: 196197 ns
[2021-05-01T01:28:38.362+0000][8][gc,start    ] GC(31) Pause Young (Normal) (G1 Evacuation Pause)
[2021-05-01T01:28:38.362+0000][8][gc,task     ] GC(31) Using 6 workers of 8 for evacuation
[2021-05-01T01:28:38.362+0000][8][gc,age      ] GC(31) Desired survivor size 8388608 bytes, new threshold 15 (max threshold 15)
[2021-05-01T01:28:38.376+0000][8][gc,age      ] GC(31) Age table with threshold 15 (max threshold 15)
[2021-05-01T01:28:38.376+0000][8][gc,age      ] GC(31) - age   1:    9442488 bytes,    9442488 total
[2021-05-01T01:28:38.376+0000][8][gc,age      ] GC(31) - age   2:    2044464 bytes,   11486952 total
[2021-05-01T01:28:38.376+0000][8][gc,age      ] GC(31) - age   3:    3833328 bytes,   15320280 total
[2021-05-01T01:28:38.377+0000][8][gc,phases   ] GC(31)   Pre Evacuate Collection Set: 0.1ms
[2021-05-01T01:28:38.377+0000][8][gc,phases   ] GC(31)   Merge Heap Roots: 0.1ms
[2021-05-01T01:28:38.377+0000][8][gc,phases   ] GC(31)   Evacuate Collection Set: 13.7ms
[2021-05-01T01:28:38.377+0000][8][gc,phases   ] GC(31)   Post Evacuate Collection Set: 0.6ms
[2021-05-01T01:28:38.377+0000][8][gc,phases   ] GC(31)   Other: 0.2ms
[2021-05-01T01:28:38.377+0000][8][gc,heap     ] GC(31) Eden regions: 25->0(21)
[2021-05-01T01:28:38.377+0000][8][gc,heap     ] GC(31) Survivor regions: 2->4(4)
[2021-05-01T01:28:38.377+0000][8][gc,heap     ] GC(31) Old regions: 19->19
[2021-05-01T01:28:38.377+0000][8][gc,heap     ] GC(31) Archive regions: 2->2
[2021-05-01T01:28:38.377+0000][8][gc,heap     ] GC(31) Humongous regions: 2->2
[2021-05-01T01:28:38.377+0000][8][gc,metaspace] GC(31) Metaspace: 94143K(98836K)->94143K(98836K) NonClass: 81342K(84808K)->81342K(84808K) Class: 12801K(14028K)->12801K(14028K)
[2021-05-01T01:28:38.377+0000][8][gc          ] GC(31) Pause Young (Normal) (G1 Evacuation Pause) 192M->100M(256M) 14.759ms
[2021-05-01T01:28:38.377+0000][8][gc,cpu      ] GC(31) User=0.10s Sys=0.00s Real=0.01s
[2021-05-01T01:28:38.377+0000][8][safepoint   ] Safepoint "G1CollectForAllocation", Time since last: 188092517 ns, Reaching safepoint: 182149 ns, At safepoint: 14845036 ns, Total: 15027185 ns
[2021-05-01T01:28:38.754+0000][8][safepoint   ] Safepoint "ICBufferFull", Time since last: 376044856 ns, Reaching safepoint: 1048565 ns, At safepoint: 24267 ns, Total: 1072832 ns
[2021-05-01T01:28:38.800+0000][8][gc,start    ] GC(32) Pause Young (Concurrent Start) (G1 Evacuation Pause)
[2021-05-01T01:28:38.800+0000][8][gc,task     ] GC(32) Using 6 workers of 8 for evacuation
[2021-05-01T01:28:38.800+0000][8][gc,age      ] GC(32) Desired survivor size 8388608 bytes, new threshold 1 (max threshold 15)
[2021-05-01T01:28:38.830+0000][8][gc,age      ] GC(32) Age table with threshold 1 (max threshold 15)
[2021-05-01T01:28:38.830+0000][8][gc,age      ] GC(32) - age   1:   16460440 bytes,   16460440 total
[2021-05-01T01:28:38.830+0000][8][gc,phases   ] GC(32)   Pre Evacuate Collection Set: 0.1ms
[2021-05-01T01:28:38.830+0000][8][gc,phases   ] GC(32)   Merge Heap Roots: 0.1ms
[2021-05-01T01:28:38.830+0000][8][gc,phases   ] GC(32)   Evacuate Collection Set: 28.4ms
[2021-05-01T01:28:38.830+0000][8][gc,phases   ] GC(32)   Post Evacuate Collection Set: 0.6ms
[2021-05-01T01:28:38.830+0000][8][gc,phases   ] GC(32)   Other: 0.2ms
[2021-05-01T01:28:38.830+0000][8][gc,heap     ] GC(32) Eden regions: 21->0(17)
[2021-05-01T01:28:38.830+0000][8][gc,heap     ] GC(32) Survivor regions: 4->4(4)
[2021-05-01T01:28:38.830+0000][8][gc,heap     ] GC(32) Old regions: 19->22
[2021-05-01T01:28:38.830+0000][8][gc,heap     ] GC(32) Archive regions: 2->2
[2021-05-01T01:28:38.830+0000][8][gc,heap     ] GC(32) Humongous regions: 2->2
[2021-05-01T01:28:38.830+0000][8][gc,metaspace] GC(32) Metaspace: 96493K(101140K)->96493K(101140K) NonClass: 83412K(86856K)->83412K(86856K) Class: 13080K(14284K)->13080K(14284K)
[2021-05-01T01:28:38.830+0000][8][gc          ] GC(32) Pause Young (Concurrent Start) (G1 Evacuation Pause) 184M->115M(256M) 29.582ms
[2021-05-01T01:28:38.830+0000][8][gc,cpu      ] GC(32) User=0.20s Sys=0.00s Real=0.03s
[2021-05-01T01:28:38.830+0000][8][gc          ] GC(33) Concurrent Cycle
[2021-05-01T01:28:38.830+0000][8][safepoint   ] Safepoint "G1CollectForAllocation", Time since last: 46314451 ns, Reaching safepoint: 110034 ns, At safepoint: 29678095 ns, Total: 29788129 ns
[2021-05-01T01:28:38.830+0000][8][gc,marking  ] GC(33) Concurrent Clear Claimed Marks
[2021-05-01T01:28:38.830+0000][8][gc,marking  ] GC(33) Concurrent Clear Claimed Marks 0.079ms
[2021-05-01T01:28:38.830+0000][8][gc,marking  ] GC(33) Concurrent Scan Root Regions
[2021-05-01T01:28:38.849+0000][8][gc,marking  ] GC(33) Concurrent Scan Root Regions 18.844ms
[2021-05-01T01:28:38.849+0000][8][gc,marking  ] GC(33) Concurrent Mark (22.921s)
[2021-05-01T01:28:38.849+0000][8][gc,marking  ] GC(33) Concurrent Mark From Roots
[2021-05-01T01:28:38.849+0000][8][gc,task     ] GC(33) Using 2 workers of 2 for marking
[2021-05-01T01:28:38.950+0000][8][gc,marking  ] GC(33) Concurrent Mark From Roots 101.314ms
[2021-05-01T01:28:38.950+0000][8][gc,marking  ] GC(33) Concurrent Preclean
[2021-05-01T01:28:38.950+0000][8][gc,marking  ] GC(33) Concurrent Preclean 0.232ms
[2021-05-01T01:28:38.950+0000][8][gc,marking  ] GC(33) Concurrent Mark (22.921s, 23.022s) 101.607ms
[2021-05-01T01:28:38.951+0000][8][gc,start    ] GC(33) Pause Remark
[2021-05-01T01:28:38.955+0000][8][gc          ] GC(33) Pause Remark 128M->128M(256M) 4.270ms
[2021-05-01T01:28:38.955+0000][8][gc,cpu      ] GC(33) User=0.02s Sys=0.00s Real=0.00s
[2021-05-01T01:28:38.955+0000][8][safepoint   ] Safepoint "G1Concurrent", Time since last: 120625989 ns, Reaching safepoint: 166383 ns, At safepoint: 4374640 ns, Total: 4541023 ns
[2021-05-01T01:28:38.955+0000][8][gc,marking  ] GC(33) Concurrent Rebuild Remembered Sets
[2021-05-01T01:28:39.049+0000][8][gc,marking  ] GC(33) Concurrent Rebuild Remembered Sets 93.615ms
[2021-05-01T01:28:39.049+0000][8][gc,start    ] GC(33) Pause Cleanup
[2021-05-01T01:28:39.050+0000][8][gc          ] GC(33) Pause Cleanup 144M->144M(256M) 0.072ms
[2021-05-01T01:28:39.050+0000][8][gc,cpu      ] GC(33) User=0.00s Sys=0.00s Real=0.00s
[2021-05-01T01:28:39.050+0000][8][safepoint   ] Safepoint "G1Concurrent", Time since last: 94109252 ns, Reaching safepoint: 285025 ns, At safepoint: 128630 ns, Total: 413655 ns
[2021-05-01T01:28:39.050+0000][8][gc,marking  ] GC(33) Concurrent Cleanup for Next Mark
[2021-05-01T01:28:39.050+0000][8][gc,marking  ] GC(33) Concurrent Cleanup for Next Mark 0.241ms
[2021-05-01T01:28:39.050+0000][8][gc          ] GC(33) Concurrent Cycle 219.997ms
[2021-05-01T01:28:39.264+0000][8][safepoint   ] Safepoint "ICBufferFull", Time since last: 213949797 ns, Reaching safepoint: 174298 ns, At safepoint: 9957 ns, Total: 184255 ns
[2021-05-01T01:28:40.264+0000][8][safepoint   ] Safepoint "Cleanup", Time since last: 1000293555 ns, Reaching safepoint: 188409 ns, At safepoint: 5949 ns, Total: 194358 ns
[2021-05-01T01:28:40.945+0000][8][gc,start    ] GC(34) Pause Young (Normal) (G1 Evacuation Pause)
[2021-05-01T01:28:40.945+0000][8][gc,task     ] GC(34) Using 6 workers of 8 for evacuation
[2021-05-01T01:28:40.945+0000][8][gc,age      ] GC(34) Desired survivor size 6291456 bytes, new threshold 1 (max threshold 15)
[2021-05-01T01:28:40.955+0000][8][gc,age      ] GC(34) Age table with threshold 1 (max threshold 15)
[2021-05-01T01:28:40.955+0000][8][gc,age      ] GC(34) - age   1:    3834048 bytes,    3834048 total
[2021-05-01T01:28:40.955+0000][8][gc,phases   ] GC(34)   Pre Evacuate Collection Set: 0.0ms
[2021-05-01T01:28:40.955+0000][8][gc,phases   ] GC(34)   Merge Heap Roots: 0.0ms
[2021-05-01T01:28:40.955+0000][8][gc,phases   ] GC(34)   Evacuate Collection Set: 9.2ms
[2021-05-01T01:28:40.955+0000][8][gc,phases   ] GC(34)   Post Evacuate Collection Set: 0.6ms
[2021-05-01T01:28:40.955+0000][8][gc,phases   ] GC(34)   Other: 0.2ms
[2021-05-01T01:28:40.955+0000][8][gc,heap     ] GC(34) Eden regions: 17->0(18)
[2021-05-01T01:28:40.955+0000][8][gc,heap     ] GC(34) Survivor regions: 4->2(3)
[2021-05-01T01:28:40.955+0000][8][gc,heap     ] GC(34) Old regions: 22->24
[2021-05-01T01:28:40.955+0000][8][gc,heap     ] GC(34) Archive regions: 2->2
[2021-05-01T01:28:40.955+0000][8][gc,heap     ] GC(34) Humongous regions: 2->2
[2021-05-01T01:28:40.955+0000][8][gc,metaspace] GC(34) Metaspace: 98643K(103188K)->98643K(103188K) NonClass: 85259K(88648K)->85259K(88648K) Class: 13383K(14540K)->13383K(14540K)
[2021-05-01T01:28:40.955+0000][8][gc          ] GC(34) Pause Young (Normal) (G1 Evacuation Pause) 183M->112M(256M) 10.262ms
[2021-05-01T01:28:40.955+0000][8][gc,cpu      ] GC(34) User=0.05s Sys=0.00s Real=0.00s
[2021-05-01T01:28:40.955+0000][8][safepoint   ] Safepoint "G1CollectForAllocation", Time since last: 680568863 ns, Reaching safepoint: 81147 ns, At safepoint: 10347654 ns, Total: 10428801 ns
[2021-05-01T01:28:41.361+0000][8][safepoint   ] Safepoint "Cleanup", Time since last: 1000307661 ns, Reaching safepoint: 524578 ns, At safepoint: 27039 ns, Total: 551617 ns
[2021-05-01T01:28:42.362+0000][8][safepoint   ] Safepoint "Cleanup", Time since last: 1000402931 ns, Reaching safepoint: 175608 ns, At safepoint: 9540 ns, Total: 185148 ns
[2021-05-01T01:28:43.362+0000][8][safepoint   ] Safepoint "Cleanup", Time since last: 1000191542 ns, Reaching safepoint: 344919 ns, At safepoint: 32844 ns, Total: 377763 ns
[2021-05-01T01:28:44.363+0000][8][safepoint   ] Safepoint "Cleanup", Time since last: 1000248375 ns, Reaching safepoint: 332333 ns, At safepoint: 33616 ns, Total: 365949 ns
[2021-05-01T01:28:45.369+0000][8][safepoint   ] Safepoint "Cleanup", Time since last: 1006180883 ns, Reaching safepoint: 90670 ns, At safepoint: 6229 ns, Total: 96899 ns
[2021-05-01T01:28:47.370+0000][8][safepoint   ] Safepoint "Cleanup", Time since last: 2000251069 ns, Reaching safepoint: 92541 ns, At safepoint: 6957 ns, Total: 99498 ns
[2021-05-01T01:28:48.370+0000][8][safepoint   ] Safepoint "Cleanup", Time since last: 1000105998 ns, Reaching safepoint: 83756 ns, At safepoint: 5642 ns, Total: 89398 ns
[2021-05-01T01:28:49.371+0000][8][safepoint   ] Safepoint "Cleanup", Time since last: 1000403690 ns, Reaching safepoint: 285607 ns, At safepoint: 27172 ns, Total: 312779 ns
[2021-05-01T01:28:50.371+0000][8][safepoint   ] Safepoint "Cleanup", Time since last: 1000212422 ns, Reaching safepoint: 98905 ns, At safepoint: 6533 ns, Total: 105438 ns
[2021-05-01T01:28:51.371+0000][8][safepoint   ] Safepoint "Cleanup", Time since last: 1000133565 ns, Reaching safepoint: 282920 ns, At safepoint: 26566 ns, Total: 309486 ns
[2021-05-01T01:28:52.372+0000][8][safepoint   ] Safepoint "Cleanup", Time since last: 1000282041 ns, Reaching safepoint: 340361 ns, At safepoint: 31651 ns, Total: 372012 ns
[2021-05-01T01:28:53.372+0000][8][safepoint   ] Safepoint "Cleanup", Time since last: 1000284614 ns, Reaching safepoint: 171750 ns, At safepoint: 9588 ns, Total: 181338 ns
[2021-05-01T01:28:55.373+0000][8][safepoint   ] Safepoint "Cleanup", Time since last: 2000312521 ns, Reaching safepoint: 363569 ns, At safepoint: 32734 ns, Total: 396303 ns
[2021-05-01T01:28:56.374+0000][8][safepoint   ] Safepoint "Cleanup", Time since last: 1000501798 ns, Reaching safepoint: 387871 ns, At safepoint: 36511 ns, Total: 424382 ns
[2021-05-01T01:28:57.375+0000][8][safepoint   ] Safepoint "Cleanup", Time since last: 1000247157 ns, Reaching safepoint: 366339 ns, At safepoint: 18368 ns, Total: 384707 ns
[2021-05-01T01:28:58.375+0000][8][safepoint   ] Safepoint "Cleanup", Time since last: 1000175865 ns, Reaching safepoint: 96087 ns, At safepoint: 6707 ns, Total: 102794 ns
[2021-05-01T01:28:59.376+0000][8][safepoint   ] Safepoint "Cleanup", Time since last: 1000137484 ns, Reaching safepoint: 482042 ns, At safepoint: 19674 ns, Total: 501716 ns
[2021-05-01T01:29:00.376+0000][8][safepoint   ] Safepoint "Cleanup", Time since last: 1000159553 ns, Reaching safepoint: 139248 ns, At safepoint: 7472 ns, Total: 146720 ns
[2021-05-01T01:29:01.376+0000][8][safepoint   ] Safepoint "Cleanup", Time since last: 1000096617 ns, Reaching safepoint: 89208 ns, At safepoint: 6103 ns, Total: 95311 ns
[2021-05-01T01:29:03.376+0000][8][safepoint   ] Safepoint "Cleanup", Time since last: 2000159253 ns, Reaching safepoint: 99934 ns, At safepoint: 6487 ns, Total: 106421 ns
[2021-05-01T01:29:05.377+0000][8][safepoint   ] Safepoint "Cleanup", Time since last: 2000319940 ns, Reaching safepoint: 267610 ns, At safepoint: 23032 ns, Total: 290642 ns
[2021-05-01T01:29:06.377+0000][8][safepoint   ] Safepoint "Cleanup", Time since last: 1000162969 ns, Reaching safepoint: 109547 ns, At safepoint: 6371 ns, Total: 115918 ns
[2021-05-01T01:29:07.378+0000][8][safepoint   ] Safepoint "Cleanup", Time since last: 1000104242 ns, Reaching safepoint: 176503 ns, At safepoint: 11711 ns, Total: 188214 ns
[2021-05-01T01:29:08.378+0000][8][safepoint   ] Safepoint "Cleanup", Time since last: 1000597196 ns, Reaching safepoint: 316163 ns, At safepoint: 21707 ns, Total: 337870 ns
[2021-05-01T01:29:09.379+0000][8][safepoint   ] Safepoint "Cleanup", Time since last: 1000552011 ns, Reaching safepoint: 325898 ns, At safepoint: 32295 ns, Total: 358193 ns
[2021-05-01T01:29:10.380+0000][8][safepoint   ] Safepoint "Cleanup", Time since last: 1000461845 ns, Reaching safepoint: 183996 ns, At safepoint: 8038 ns, Total: 192034 ns
[2021-05-01T01:29:11.380+0000][8][safepoint   ] Safepoint "Cleanup", Time since last: 1000109724 ns, Reaching safepoint: 104097 ns, At safepoint: 7687 ns, Total: 111784 ns
[2021-05-01T01:29:12.381+0000][8][safepoint   ] Safepoint "Cleanup", Time since last: 1000128067 ns, Reaching safepoint: 136725 ns, At safepoint: 9896 ns, Total: 146621 ns
[2021-05-01T01:29:13.381+0000][8][safepoint   ] Safepoint "Cleanup", Time since last: 1000236623 ns, Reaching safepoint: 120984 ns, At safepoint: 11644 ns, Total: 132628 ns
[2021-05-01T01:29:14.382+0000][8][safepoint   ] Safepoint "Cleanup", Time since last: 1000201813 ns, Reaching safepoint: 361232 ns, At safepoint: 33425 ns, Total: 394657 ns
[2021-05-01T01:29:15.382+0000][8][safepoint   ] Safepoint "Cleanup", Time since last: 1000243903 ns, Reaching safepoint: 331969 ns, At safepoint: 27878 ns, Total: 359847 ns
[2021-05-01T01:29:17.383+0000][8][safepoint   ] Safepoint "Cleanup", Time since last: 2000333904 ns, Reaching safepoint: 131707 ns, At safepoint: 8955 ns, Total: 140662 ns
[2021-05-01T01:29:18.383+0000][8][safepoint   ] Safepoint "Cleanup", Time since last: 1000129894 ns, Reaching safepoint: 190480 ns, At safepoint: 16083 ns, Total: 206563 ns
[2021-05-01T01:29:20.383+0000][8][safepoint   ] Safepoint "Cleanup", Time since last: 2000275557 ns, Reaching safepoint: 221081 ns, At safepoint: 15259 ns, Total: 236340 ns
[2021-05-01T01:29:21.384+0000][8][safepoint   ] Safepoint "Cleanup", Time since last: 1000160870 ns, Reaching safepoint: 369916 ns, At safepoint: 31724 ns, Total: 401640 ns
[2021-05-01T01:29:22.385+0000][8][safepoint   ] Safepoint "Cleanup", Time since last: 1000228424 ns, Reaching safepoint: 284667 ns, At safepoint: 25942 ns, Total: 310609 ns
[2021-05-01T01:29:23.385+0000][8][safepoint   ] Safepoint "Cleanup", Time since last: 1000437496 ns, Reaching safepoint: 377109 ns, At safepoint: 25159 ns, Total: 402268 ns
[2021-05-01T01:29:25.386+0000][8][safepoint   ] Safepoint "Cleanup", Time since last: 2000250814 ns, Reaching safepoint: 128433 ns, At safepoint: 8056 ns, Total: 136489 ns
[2021-05-01T01:29:26.386+0000][8][safepoint   ] Safepoint "Cleanup", Time since last: 1000167554 ns, Reaching safepoint: 289091 ns, At safepoint: 33051 ns, Total: 322142 ns
[2021-05-01T01:29:27.387+0000][8][safepoint   ] Safepoint "Cleanup", Time since last: 1000261178 ns, Reaching safepoint: 304855 ns, At safepoint: 30938 ns, Total: 335793 ns
[2021-05-01T01:29:28.387+0000][8][safepoint   ] Safepoint "Cleanup", Time since last: 1000226369 ns, Reaching safepoint: 292419 ns, At safepoint: 30031 ns, Total: 322450 ns
[2021-05-01T01:29:30.388+0000][8][safepoint   ] Safepoint "Cleanup", Time since last: 2000331420 ns, Reaching safepoint: 537583 ns, At safepoint: 66188 ns, Total: 603771 ns
[2021-05-01T01:29:31.389+0000][8][safepoint   ] Safepoint "Cleanup", Time since last: 1000800989 ns, Reaching safepoint: 99300 ns, At safepoint: 7298 ns, Total: 106598 ns
[2021-05-01T01:29:32.389+0000][8][safepoint   ] Safepoint "Cleanup", Time since last: 1000106555 ns, Reaching safepoint: 121414 ns, At safepoint: 10257 ns, Total: 131671 ns
[2021-05-01T01:29:33.390+0000][8][safepoint   ] Safepoint "Cleanup", Time since last: 1000150075 ns, Reaching safepoint: 382193 ns, At safepoint: 21163 ns, Total: 403356 ns
[2021-05-01T01:29:34.391+0000][8][safepoint   ] Safepoint "Cleanup", Time since last: 1000192114 ns, Reaching safepoint: 265678 ns, At safepoint: 23402 ns, Total: 289080 ns
[2021-05-01T01:29:35.391+0000][8][safepoint   ] Safepoint "Cleanup", Time since last: 1000200384 ns, Reaching safepoint: 195041 ns, At safepoint: 12850 ns, Total: 207891 ns
[2021-05-01T01:29:36.391+0000][8][safepoint   ] Safepoint "Cleanup", Time since last: 1000140312 ns, Reaching safepoint: 107342 ns, At safepoint: 6540 ns, Total: 113882 ns
[2021-05-01T01:29:37.392+0000][8][safepoint   ] Safepoint "Cleanup", Time since last: 1000117827 ns, Reaching safepoint: 222753 ns, At safepoint: 9091 ns, Total: 231844 ns
[2021-05-01T01:29:38.392+0000][8][safepoint   ] Safepoint "Cleanup", Time since last: 1000432187 ns, Reaching safepoint: 364886 ns, At safepoint: 22892 ns, Total: 387778 ns
[2021-05-01T01:29:39.393+0000][8][safepoint   ] Safepoint "Cleanup", Time since last: 1000416005 ns, Reaching safepoint: 132896 ns, At safepoint: 7005 ns, Total: 139901 ns
[2021-05-01T01:29:40.393+0000][8][safepoint   ] Safepoint "Cleanup", Time since last: 1000193487 ns, Reaching safepoint: 105530 ns, At safepoint: 10540 ns, Total: 116070 ns
[2021-05-01T01:29:42.394+0000][8][safepoint   ] Safepoint "Cleanup", Time since last: 2000226628 ns, Reaching safepoint: 138399 ns, At safepoint: 8326 ns, Total: 146725 ns
[2021-05-01T01:29:43.394+0000][8][safepoint   ] Safepoint "Cleanup", Time since last: 1000188305 ns, Reaching safepoint: 121401 ns, At safepoint: 6531 ns, Total: 127932 ns
[2021-05-01T01:29:44.394+0000][8][safepoint   ] Safepoint "Cleanup", Time since last: 1000101478 ns, Reaching safepoint: 129911 ns, At safepoint: 8401 ns, Total: 138312 ns
[2021-05-01T01:29:45.395+0000][8][safepoint   ] Safepoint "Cleanup", Time since last: 1000181175 ns, Reaching safepoint: 251326 ns, At safepoint: 20242 ns, Total: 271568 ns
[2021-05-01T01:29:47.395+0000][8][safepoint   ] Safepoint "Cleanup", Time since last: 2000382191 ns, Reaching safepoint: 389664 ns, At safepoint: 42497 ns, Total: 432161 ns
[2021-05-01T01:29:48.396+0000][8][safepoint   ] Safepoint "Cleanup", Time since last: 1000275589 ns, Reaching safepoint: 392404 ns, At safepoint: 33542 ns, Total: 425946 ns
[2021-05-01T01:29:50.397+0000][8][safepoint   ] Safepoint "Cleanup", Time since last: 2000481127 ns, Reaching safepoint: 355708 ns, At safepoint: 37786 ns, Total: 393494 ns
[2021-05-01T01:29:51.398+0000][8][safepoint   ] Safepoint "Cleanup", Time since last: 1000221910 ns, Reaching safepoint: 269645 ns, At safepoint: 31029 ns, Total: 300674 ns
[2021-05-01T01:29:52.398+0000][8][safepoint   ] Safepoint "Cleanup", Time since last: 1000189048 ns, Reaching safepoint: 117431 ns, At safepoint: 10053 ns, Total: 127484 ns
[2021-05-01T01:29:53.398+0000][8][safepoint   ] Safepoint "Cleanup", Time since last: 1000133532 ns, Reaching safepoint: 123665 ns, At safepoint: 8178 ns, Total: 131843 ns
[2021-05-01T01:29:55.399+0000][8][safepoint   ] Safepoint "Cleanup", Time since last: 2000220222 ns, Reaching safepoint: 272908 ns, At safepoint: 20710 ns, Total: 293618 ns
[2021-05-01T01:29:58.400+0000][8][safepoint   ] Safepoint "Cleanup", Time since last: 3000528421 ns, Reaching safepoint: 439364 ns, At safepoint: 47912 ns, Total: 487276 ns
[2021-05-01T01:30:00.400+0000][8][safepoint   ] Safepoint "Cleanup", Time since last: 2000327730 ns, Reaching safepoint: 296197 ns, At safepoint: 30084 ns, Total: 326281 ns
[2021-05-01T01:30:01.401+0000][8][safepoint   ] Safepoint "Cleanup", Time since last: 1000172389 ns, Reaching safepoint: 95087 ns, At safepoint: 8589 ns, Total: 103676 ns
[2021-05-01T01:30:02.401+0000][8][safepoint   ] Safepoint "Cleanup", Time since last: 1000146112 ns, Reaching safepoint: 92587 ns, At safepoint: 6982 ns, Total: 99569 ns
[2021-05-01T01:30:02.811+0000][8][gc,start    ] GC(35) Pause Young (Concurrent Start) (G1 Evacuation Pause)
[2021-05-01T01:30:02.811+0000][8][gc,task     ] GC(35) Using 6 workers of 8 for evacuation
[2021-05-01T01:30:02.811+0000][8][gc,age      ] GC(35) Desired survivor size 6291456 bytes, new threshold 15 (max threshold 15)
[2021-05-01T01:30:02.818+0000][8][gc,age      ] GC(35) Age table with threshold 15 (max threshold 15)
[2021-05-01T01:30:02.818+0000][8][gc,age      ] GC(35) - age   1:    2270416 bytes,    2270416 total
[2021-05-01T01:30:02.818+0000][8][gc,age      ] GC(35) - age   2:    3394896 bytes,    5665312 total
[2021-05-01T01:30:02.818+0000][8][gc,phases   ] GC(35)   Pre Evacuate Collection Set: 0.2ms
[2021-05-01T01:30:02.818+0000][8][gc,phases   ] GC(35)   Merge Heap Roots: 0.1ms
[2021-05-01T01:30:02.818+0000][8][gc,phases   ] GC(35)   Evacuate Collection Set: 6.2ms
[2021-05-01T01:30:02.818+0000][8][gc,phases   ] GC(35)   Post Evacuate Collection Set: 0.6ms
[2021-05-01T01:30:02.818+0000][8][gc,phases   ] GC(35)   Other: 0.3ms
[2021-05-01T01:30:02.818+0000][8][gc,heap     ] GC(35) Eden regions: 18->0(19)
[2021-05-01T01:30:02.818+0000][8][gc,heap     ] GC(35) Survivor regions: 2->2(3)
[2021-05-01T01:30:02.818+0000][8][gc,heap     ] GC(35) Old regions: 24->24
[2021-05-01T01:30:02.818+0000][8][gc,heap     ] GC(35) Archive regions: 2->2
[2021-05-01T01:30:02.818+0000][8][gc,heap     ] GC(35) Humongous regions: 2->2
[2021-05-01T01:30:02.818+0000][8][gc,metaspace] GC(35) Metaspace: 100885K(105620K)->100885K(105620K) NonClass: 87275K(90696K)->87275K(90696K) Class: 13610K(14924K)->13610K(14924K)
[2021-05-01T01:30:02.818+0000][8][gc          ] GC(35) Pause Young (Concurrent Start) (G1 Evacuation Pause) 184M->113M(256M) 7.577ms
[2021-05-01T01:30:02.818+0000][8][gc,cpu      ] GC(35) User=0.03s Sys=0.01s Real=0.00s
[2021-05-01T01:30:02.818+0000][8][gc          ] GC(36) Concurrent Cycle
[2021-05-01T01:30:02.818+0000][8][safepoint   ] Safepoint "G1CollectForAllocation", Time since last: 409461098 ns, Reaching safepoint: 241065 ns, At safepoint: 7713600 ns, Total: 7954665 ns
[2021-05-01T01:30:02.818+0000][8][gc,marking  ] GC(36) Concurrent Clear Claimed Marks
[2021-05-01T01:30:02.822+0000][8][gc,marking  ] GC(36) Concurrent Clear Claimed Marks 3.752ms
[2021-05-01T01:30:02.822+0000][8][gc,marking  ] GC(36) Concurrent Scan Root Regions
[2021-05-01T01:30:02.828+0000][8][gc,marking  ] GC(36) Concurrent Scan Root Regions 6.038ms
[2021-05-01T01:30:02.828+0000][8][gc,marking  ] GC(36) Concurrent Mark (107.495s)
[2021-05-01T01:30:02.828+0000][8][gc,marking  ] GC(36) Concurrent Mark From Roots
[2021-05-01T01:30:02.828+0000][8][gc,task     ] GC(36) Using 2 workers of 2 for marking
[2021-05-01T01:30:02.984+0000][8][gc,marking  ] GC(36) Concurrent Mark From Roots 155.633ms
[2021-05-01T01:30:02.984+0000][8][gc,marking  ] GC(36) Concurrent Preclean
[2021-05-01T01:30:02.984+0000][8][gc,marking  ] GC(36) Concurrent Preclean 0.183ms
[2021-05-01T01:30:02.984+0000][8][gc,marking  ] GC(36) Concurrent Mark (107.495s, 107.651s) 155.870ms
[2021-05-01T01:30:02.984+0000][8][gc,start    ] GC(36) Pause Remark
[2021-05-01T01:30:02.992+0000][8][gc          ] GC(36) Pause Remark 115M->115M(256M) 7.600ms
[2021-05-01T01:30:02.992+0000][8][gc,cpu      ] GC(36) User=0.04s Sys=0.00s Real=0.01s
[2021-05-01T01:30:02.992+0000][8][safepoint   ] Safepoint "G1Concurrent", Time since last: 165798377 ns, Reaching safepoint: 87910 ns, At safepoint: 7676448 ns, Total: 7764358 ns
[2021-05-01T01:30:02.992+0000][8][gc,marking  ] GC(36) Concurrent Rebuild Remembered Sets
[2021-05-01T01:30:03.082+0000][8][gc,marking  ] GC(36) Concurrent Rebuild Remembered Sets 90.541ms
[2021-05-01T01:30:03.083+0000][8][gc,start    ] GC(36) Pause Cleanup
[2021-05-01T01:30:03.083+0000][8][gc          ] GC(36) Pause Cleanup 115M->115M(256M) 0.127ms
[2021-05-01T01:30:03.083+0000][8][gc,cpu      ] GC(36) User=0.00s Sys=0.00s Real=0.00s
[2021-05-01T01:30:03.083+0000][8][safepoint   ] Safepoint "G1Concurrent", Time since last: 90685486 ns, Reaching safepoint: 350287 ns, At safepoint: 209642 ns, Total: 559929 ns
[2021-05-01T01:30:03.083+0000][8][gc,marking  ] GC(36) Concurrent Cleanup for Next Mark
[2021-05-01T01:30:03.084+0000][8][gc,marking  ] GC(36) Concurrent Cleanup for Next Mark 0.472ms
[2021-05-01T01:30:03.084+0000][8][gc          ] GC(36) Concurrent Cycle 265.387ms
[2021-05-01T01:30:04.083+0000][8][safepoint   ] Safepoint "Cleanup", Time since last: 1000126896 ns, Reaching safepoint: 166563 ns, At safepoint: 9551 ns, Total: 176114 ns
[2021-05-01T01:30:06.084+0000][8][safepoint   ] Safepoint "Cleanup", Time since last: 2000264475 ns, Reaching safepoint: 437722 ns, At safepoint: 27969 ns, Total: 465691 ns
[2021-05-01T01:30:07.084+0000][8][safepoint   ] Safepoint "Cleanup", Time since last: 1000148633 ns, Reaching safepoint: 181301 ns, At safepoint: 11309 ns, Total: 192610 ns
[2021-05-01T01:30:08.085+0000][8][safepoint   ] Safepoint "Cleanup", Time since last: 1000149908 ns, Reaching safepoint: 150260 ns, At safepoint: 12077 ns, Total: 162337 ns
[2021-05-01T01:30:09.085+0000][8][safepoint   ] Safepoint "Cleanup", Time since last: 1000144284 ns, Reaching safepoint: 343390 ns, At safepoint: 21564 ns, Total: 364954 ns
[2021-05-01T01:30:11.086+0000][8][safepoint   ] Safepoint "Cleanup", Time since last: 2000317148 ns, Reaching safepoint: 482494 ns, At safepoint: 33823 ns, Total: 516317 ns
[2021-05-01T01:30:12.087+0000][8][safepoint   ] Safepoint "Cleanup", Time since last: 1000235267 ns, Reaching safepoint: 486850 ns, At safepoint: 21488 ns, Total: 508338 ns
[2021-05-01T01:30:13.087+0000][8][safepoint   ] Safepoint "Cleanup", Time since last: 1000438750 ns, Reaching safepoint: 244945 ns, At safepoint: 20194 ns, Total: 265139 ns
[2021-05-01T01:30:14.088+0000][8][safepoint   ] Safepoint "Cleanup", Time since last: 1000238630 ns, Reaching safepoint: 345970 ns, At safepoint: 32906 ns, Total: 378876 ns
[2021-05-01T01:30:15.089+0000][8][safepoint   ] Safepoint "Cleanup", Time since last: 1000206402 ns, Reaching safepoint: 352284 ns, At safepoint: 33218 ns, Total: 385502 ns
[2021-05-01T01:30:16.089+0000][8][safepoint   ] Safepoint "Cleanup", Time since last: 1000253440 ns, Reaching safepoint: 291683 ns, At safepoint: 28873 ns, Total: 320556 ns
[2021-05-01T01:30:18.090+0000][8][safepoint   ] Safepoint "Cleanup", Time since last: 2000288384 ns, Reaching safepoint: 223710 ns, At safepoint: 15596 ns, Total: 239306 ns
[2021-05-01T01:30:19.092+0000][8][safepoint   ] Safepoint "Cleanup", Time since last: 1001811913 ns, Reaching safepoint: 695399 ns, At safepoint: 56755 ns, Total: 752154 ns
[2021-05-01T01:30:21.093+0000][8][safepoint   ] Safepoint "Cleanup", Time since last: 2000479543 ns, Reaching safepoint: 394552 ns, At safepoint: 55529 ns, Total: 450081 ns
[2021-05-01T01:30:23.094+0000][8][safepoint   ] Safepoint "Cleanup", Time since last: 2000376973 ns, Reaching safepoint: 125245 ns, At safepoint: 9598 ns, Total: 134843 ns
[2021-05-01T01:30:24.094+0000][8][safepoint   ] Safepoint "Cleanup", Time since last: 1000198743 ns, Reaching safepoint: 410586 ns, At safepoint: 28799 ns, Total: 439385 ns
[2021-05-01T01:30:26.095+0000][8][safepoint   ] Safepoint "Cleanup", Time since last: 2000377265 ns, Reaching safepoint: 305740 ns, At safepoint: 31110 ns, Total: 336850 ns
[2021-05-01T01:30:30.096+0000][8][safepoint   ] Safepoint "Cleanup", Time since last: 4000646151 ns, Reaching safepoint: 286657 ns, At safepoint: 35306 ns, Total: 321963 ns
[2021-05-01T01:30:31.097+0000][8][safepoint   ] Safepoint "Cleanup", Time since last: 1000483265 ns, Reaching safepoint: 296290 ns, At safepoint: 29489 ns, Total: 325779 ns
[2021-05-01T01:30:33.098+0000][8][safepoint   ] Safepoint "Cleanup", Time since last: 2000386089 ns, Reaching safepoint: 468096 ns, At safepoint: 26559 ns, Total: 494655 ns
[2021-05-01T01:30:36.099+0000][8][safepoint   ] Safepoint "Cleanup", Time since last: 3000444563 ns, Reaching safepoint: 227738 ns, At safepoint: 20274 ns, Total: 248012 ns
[2021-05-01T01:30:37.099+0000][8][safepoint   ] Safepoint "Cleanup", Time since last: 1000168431 ns, Reaching safepoint: 408183 ns, At safepoint: 30665 ns, Total: 438848 ns
[2021-05-01T01:30:39.100+0000][8][safepoint   ] Safepoint "Cleanup", Time since last: 2000261736 ns, Reaching safepoint: 382299 ns, At safepoint: 19703 ns, Total: 402002 ns
[2021-05-01T01:30:41.100+0000][8][safepoint   ] Safepoint "Cleanup", Time since last: 2000364733 ns, Reaching safepoint: 308731 ns, At safepoint: 29213 ns, Total: 337944 ns
[2021-05-01T01:30:42.101+0000][8][safepoint   ] Safepoint "Cleanup", Time since last: 1000201277 ns, Reaching safepoint: 460876 ns, At safepoint: 39420 ns, Total: 500296 ns
[2021-05-01T01:30:43.102+0000][8][safepoint   ] Safepoint "Cleanup", Time since last: 1000822797 ns, Reaching safepoint: 372127 ns, At safepoint: 37797 ns, Total: 409924 ns
[2021-05-01T01:30:45.103+0000][8][safepoint   ] Safepoint "Cleanup", Time since last: 2000329399 ns, Reaching safepoint: 301763 ns, At safepoint: 25550 ns, Total: 327313 ns
[2021-05-01T01:30:46.104+0000][8][safepoint   ] Safepoint "Cleanup", Time since last: 1000269759 ns, Reaching safepoint: 346713 ns, At safepoint: 31905 ns, Total: 378618 ns
[2021-05-01T01:30:48.104+0000][8][safepoint   ] Safepoint "Cleanup", Time since last: 2000314002 ns, Reaching safepoint: 354298 ns, At safepoint: 34874 ns, Total: 389172 ns
[2021-05-01T01:30:51.105+0000][8][safepoint   ] Safepoint "Cleanup", Time since last: 3000433335 ns, Reaching safepoint: 110085 ns, At safepoint: 7190 ns, Total: 117275 ns
[2021-05-01T01:30:53.106+0000][8][safepoint   ] Safepoint "Cleanup", Time since last: 2000309647 ns, Reaching safepoint: 328731 ns, At safepoint: 34278 ns, Total: 363009 ns
[2021-05-01T01:30:56.107+0000][8][safepoint   ] Safepoint "Cleanup", Time since last: 3000455025 ns, Reaching safepoint: 385398 ns, At safepoint: 31645 ns, Total: 417043 ns
[2021-05-01T01:30:58.107+0000][8][safepoint   ] Safepoint "Cleanup", Time since last: 2000380827 ns, Reaching safepoint: 367453 ns, At safepoint: 33281 ns, Total: 400734 ns
[2021-05-01T01:31:01.108+0000][8][safepoint   ] Safepoint "Cleanup", Time since last: 3000543360 ns, Reaching safepoint: 279257 ns, At safepoint: 28069 ns, Total: 307326 ns
[2021-05-01T01:31:03.109+0000][8][safepoint   ] Safepoint "Cleanup", Time since last: 2000452850 ns, Reaching safepoint: 385151 ns, At safepoint: 24449 ns, Total: 409600 ns
[2021-05-01T01:31:06.110+0000][8][safepoint   ] Safepoint "Cleanup", Time since last: 3000761661 ns, Reaching safepoint: 297378 ns, At safepoint: 25974 ns, Total: 323352 ns
[2021-05-01T01:31:07.111+0000][8][safepoint   ] Safepoint "Cleanup", Time since last: 1000263751 ns, Reaching safepoint: 353203 ns, At safepoint: 32552 ns, Total: 385755 ns
[2021-05-01T01:31:08.111+0000][8][safepoint   ] Safepoint "Cleanup", Time since last: 1000192659 ns, Reaching safepoint: 345549 ns, At safepoint: 32796 ns, Total: 378345 ns
[2021-05-01T01:31:09.112+0000][8][safepoint   ] Safepoint "Cleanup", Time since last: 1000238281 ns, Reaching safepoint: 294386 ns, At safepoint: 23175 ns, Total: 317561 ns
[2021-05-01T01:31:11.113+0000][8][safepoint   ] Safepoint "Cleanup", Time since last: 2000305712 ns, Reaching safepoint: 354420 ns, At safepoint: 37529 ns, Total: 391949 ns
[2021-05-01T01:31:12.113+0000][8][safepoint   ] Safepoint "Cleanup", Time since last: 1000188435 ns, Reaching safepoint: 101924 ns, At safepoint: 6526 ns, Total: 108450 ns
[2021-05-01T01:31:13.114+0000][8][safepoint   ] Safepoint "Cleanup", Time since last: 1000296936 ns, Reaching safepoint: 341195 ns, At safepoint: 29565 ns, Total: 370760 ns
[2021-05-01T01:31:14.114+0000][8][safepoint   ] Safepoint "Cleanup", Time since last: 1000175876 ns, Reaching safepoint: 186991 ns, At safepoint: 12187 ns, Total: 199178 ns
[2021-05-01T01:31:15.115+0000][8][safepoint   ] Safepoint "Cleanup", Time since last: 1000165117 ns, Reaching safepoint: 508370 ns, At safepoint: 36353 ns, Total: 544723 ns
[2021-05-01T01:31:21.116+0000][8][safepoint   ] Safepoint "Cleanup", Time since last: 6000942124 ns, Reaching safepoint: 342459 ns, At safepoint: 29745 ns, Total: 372204 ns
[2021-05-01T01:31:22.117+0000][8][safepoint   ] Safepoint "Cleanup", Time since last: 1000233707 ns, Reaching safepoint: 309038 ns, At safepoint: 47168 ns, Total: 356206 ns
[2021-05-01T01:31:23.117+0000][8][safepoint   ] Safepoint "Cleanup", Time since last: 1000268817 ns, Reaching safepoint: 364366 ns, At safepoint: 32231 ns, Total: 396597 ns
[2021-05-01T01:31:24.118+0000][8][safepoint   ] Safepoint "Cleanup", Time since last: 1000228770 ns, Reaching safepoint: 365598 ns, At safepoint: 37226 ns, Total: 402824 ns
[2021-05-01T01:31:25.118+0000][8][safepoint   ] Safepoint "Cleanup", Time since last: 1000221675 ns, Reaching safepoint: 121521 ns, At safepoint: 10143 ns, Total: 131664 ns
[2021-05-01T01:31:26.119+0000][8][safepoint   ] Safepoint "Cleanup", Time since last: 1000152370 ns, Reaching safepoint: 397702 ns, At safepoint: 25320 ns, Total: 423022 ns
[2021-05-01T01:31:27.119+0000][8][safepoint   ] Safepoint "Cleanup", Time since last: 1000250281 ns, Reaching safepoint: 293345 ns, At safepoint: 21899 ns, Total: 315244 ns
[2021-05-01T01:31:28.120+0000][8][safepoint   ] Safepoint "Cleanup", Time since last: 1000223503 ns, Reaching safepoint: 269820 ns, At safepoint: 27529 ns, Total: 297349 ns
[2021-05-01T01:31:32.121+0000][8][safepoint   ] Safepoint "Cleanup", Time since last: 4000684416 ns, Reaching safepoint: 392382 ns, At safepoint: 38236 ns, Total: 430618 ns
[2021-05-01T01:31:33.122+0000][8][safepoint   ] Safepoint "Cleanup", Time since last: 1000259584 ns, Reaching safepoint: 386115 ns, At safepoint: 39800 ns, Total: 425915 ns
[2021-05-01T01:31:34.122+0000][8][safepoint   ] Safepoint "Cleanup", Time since last: 1000182582 ns, Reaching safepoint: 137220 ns, At safepoint: 7131 ns, Total: 144351 ns
[2021-05-01T01:31:37.123+0000][8][safepoint   ] Safepoint "Cleanup", Time since last: 3000306771 ns, Reaching safepoint: 301443 ns, At safepoint: 34004 ns, Total: 335447 ns
[2021-05-01T01:31:38.123+0000][8][safepoint   ] Safepoint "Cleanup", Time since last: 1000286412 ns, Reaching safepoint: 450710 ns, At safepoint: 24253 ns, Total: 474963 ns
[2021-05-01T01:31:39.124+0000][8][safepoint   ] Safepoint "Cleanup", Time since last: 1000171967 ns, Reaching safepoint: 196731 ns, At safepoint: 14272 ns, Total: 211003 ns
[2021-05-01T01:31:41.125+0000][8][safepoint   ] Safepoint "Cleanup", Time since last: 2000315153 ns, Reaching safepoint: 474634 ns, At safepoint: 30839 ns, Total: 505473 ns
[2021-05-01T01:31:42.125+0000][8][safepoint   ] Safepoint "Cleanup", Time since last: 1000162009 ns, Reaching safepoint: 104202 ns, At safepoint: 7067 ns, Total: 111269 ns
[2021-05-01T01:31:43.125+0000][8][safepoint   ] Safepoint "Cleanup", Time since last: 1000281414 ns, Reaching safepoint: 227207 ns, At safepoint: 20278 ns, Total: 247485 ns
[2021-05-01T01:31:45.126+0000][8][safepoint   ] Safepoint "Cleanup", Time since last: 2000331147 ns, Reaching safepoint: 382228 ns, At safepoint: 31841 ns, Total: 414069 ns
[2021-05-01T01:31:47.127+0000][8][safepoint   ] Safepoint "Cleanup", Time since last: 2000348412 ns, Reaching safepoint: 273980 ns, At safepoint: 27520 ns, Total: 301500 ns
[2021-05-01T01:31:51.128+0000][8][safepoint   ] Safepoint "Cleanup", Time since last: 4000630346 ns, Reaching safepoint: 331820 ns, At safepoint: 41994 ns, Total: 373814 ns
[2021-05-01T01:31:52.128+0000][8][safepoint   ] Safepoint "Cleanup", Time since last: 1000314303 ns, Reaching safepoint: 337110 ns, At safepoint: 34255 ns, Total: 371365 ns
[2021-05-01T01:31:53.129+0000][8][safepoint   ] Safepoint "Cleanup", Time since last: 1000240025 ns, Reaching safepoint: 370820 ns, At safepoint: 34960 ns, Total: 405780 ns
[2021-05-01T01:31:54.130+0000][8][safepoint   ] Safepoint "Cleanup", Time since last: 1000254736 ns, Reaching safepoint: 409062 ns, At safepoint: 28853 ns, Total: 437915 ns
[2021-05-01T01:31:55.653+0000][8][gc,start    ] GC(37) Pause Young (Normal) (G1 Evacuation Pause)
[2021-05-01T01:31:55.653+0000][8][gc,task     ] GC(37) Using 6 workers of 8 for evacuation
[2021-05-01T01:31:55.653+0000][8][gc,age      ] GC(37) Desired survivor size 6291456 bytes, new threshold 15 (max threshold 15)
[2021-05-01T01:31:55.666+0000][8][gc,age      ] GC(37) Age table with threshold 15 (max threshold 15)
[2021-05-01T01:31:55.666+0000][8][gc,age      ] GC(37) - age   1:     563704 bytes,     563704 total
[2021-05-01T01:31:55.666+0000][8][gc,age      ] GC(37) - age   2:    1912720 bytes,    2476424 total
[2021-05-01T01:31:55.666+0000][8][gc,age      ] GC(37) - age   3:    3385304 bytes,    5861728 total
[2021-05-01T01:31:55.666+0000][8][gc,phases   ] GC(37)   Pre Evacuate Collection Set: 0.2ms
[2021-05-01T01:31:55.666+0000][8][gc,phases   ] GC(37)   Merge Heap Roots: 0.2ms
[2021-05-01T01:31:55.666+0000][8][gc,phases   ] GC(37)   Evacuate Collection Set: 11.2ms
[2021-05-01T01:31:55.666+0000][8][gc,phases   ] GC(37)   Post Evacuate Collection Set: 1.2ms
[2021-05-01T01:31:55.666+0000][8][gc,phases   ] GC(37)   Other: 0.5ms
[2021-05-01T01:31:55.666+0000][8][gc,heap     ] GC(37) Eden regions: 19->0(20)
[2021-05-01T01:31:55.666+0000][8][gc,heap     ] GC(37) Survivor regions: 2->2(3)
[2021-05-01T01:31:55.666+0000][8][gc,heap     ] GC(37) Old regions: 24->24
[2021-05-01T01:31:55.666+0000][8][gc,heap     ] GC(37) Archive regions: 2->2
[2021-05-01T01:31:55.666+0000][8][gc,heap     ] GC(37) Humongous regions: 2->2
[2021-05-01T01:31:55.666+0000][8][gc,metaspace] GC(37) Metaspace: 101594K(106132K)->101594K(106132K) NonClass: 87984K(91208K)->87984K(91208K) Class: 13609K(14924K)->13609K(14924K)
[2021-05-01T01:31:55.667+0000][8][gc          ] GC(37) Pause Young (Normal) (G1 Evacuation Pause) 189M->113M(256M) 13.464ms
[2021-05-01T01:31:55.667+0000][8][gc,cpu      ] GC(37) User=0.06s Sys=0.01s Real=0.01s
[2021-05-01T01:31:55.667+0000][8][safepoint   ] Safepoint "G1CollectForAllocation", Time since last: 1522833336 ns, Reaching safepoint: 329102 ns, At safepoint: 13685391 ns, Total: 14014493 ns
[2021-05-01T01:31:57.667+0000][8][safepoint   ] Safepoint "Cleanup", Time since last: 2000275892 ns, Reaching safepoint: 314639 ns, At safepoint: 27361 ns, Total: 342000 ns
[2021-05-01T01:32:00.668+0000][8][safepoint   ] Safepoint "Cleanup", Time since last: 3000440567 ns, Reaching safepoint: 130972 ns, At safepoint: 7290 ns, Total: 138262 ns
[2021-05-01T01:32:02.669+0000][8][safepoint   ] Safepoint "Cleanup", Time since last: 2000234040 ns, Reaching safepoint: 503236 ns, At safepoint: 41885 ns, Total: 545121 ns
[2021-05-01T01:32:03.669+0000][8][safepoint   ] Safepoint "Cleanup", Time since last: 1000210501 ns, Reaching safepoint: 305391 ns, At safepoint: 38381 ns, Total: 343772 ns
[2021-05-01T01:32:05.670+0000][8][safepoint   ] Safepoint "Cleanup", Time since last: 2000323195 ns, Reaching safepoint: 290463 ns, At safepoint: 24008 ns, Total: 314471 ns
[2021-05-01T01:32:06.671+0000][8][safepoint   ] Safepoint "Cleanup", Time since last: 1000438068 ns, Reaching safepoint: 288542 ns, At safepoint: 27074 ns, Total: 315616 ns
[2021-05-01T01:32:07.671+0000][8][safepoint   ] Safepoint "Cleanup", Time since last: 1000199853 ns, Reaching safepoint: 295603 ns, At safepoint: 25149 ns, Total: 320752 ns
[2021-05-01T01:32:08.672+0000][8][safepoint   ] Safepoint "Cleanup", Time since last: 1000241781 ns, Reaching safepoint: 372146 ns, At safepoint: 34530 ns, Total: 406676 ns
[2021-05-01T01:32:09.673+0000][8][safepoint   ] Safepoint "Cleanup", Time since last: 1000251081 ns, Reaching safepoint: 565498 ns, At safepoint: 47082 ns, Total: 612580 ns
[2021-05-01T01:32:10.673+0000][8][safepoint   ] Safepoint "Cleanup", Time since last: 1000287781 ns, Reaching safepoint: 382649 ns, At safepoint: 28322 ns, Total: 410971 ns
[2021-05-01T01:32:11.674+0000][8][safepoint   ] Safepoint "Cleanup", Time since last: 1000247708 ns, Reaching safepoint: 480100 ns, At safepoint: 63568 ns, Total: 543668 ns
[2021-05-01T01:32:13.083+0000][8][safepoint   ] Safepoint "Cleanup", Time since last: 1407943732 ns, Reaching safepoint: 533454 ns, At safepoint: 32190 ns, Total: 565644 ns
[2021-05-01T01:32:14.083+0000][8][safepoint   ] Safepoint "Cleanup", Time since last: 1000265210 ns, Reaching safepoint: 344881 ns, At safepoint: 38496 ns, Total: 383377 ns
[2021-05-01T01:32:15.084+0000][8][safepoint   ] Safepoint "Cleanup", Time since last: 1000276506 ns, Reaching safepoint: 362424 ns, At safepoint: 35334 ns, Total: 397758 ns
[2021-05-01T01:32:16.084+0000][8][safepoint   ] Safepoint "Cleanup", Time since last: 1000186063 ns, Reaching safepoint: 297160 ns, At safepoint: 24768 ns, Total: 321928 ns
[2021-05-01T01:32:18.085+0000][8][safepoint   ] Safepoint "Cleanup", Time since last: 2000344005 ns, Reaching safepoint: 264550 ns, At safepoint: 28938 ns, Total: 293488 ns
[2021-05-01T01:32:21.086+0000][8][safepoint   ] Safepoint "Cleanup", Time since last: 3000585120 ns, Reaching safepoint: 423979 ns, At safepoint: 39036 ns, Total: 463015 ns
[2021-05-01T01:32:23.087+0000][8][safepoint   ] Safepoint "Cleanup", Time since last: 2000388193 ns, Reaching safepoint: 288253 ns, At safepoint: 24526 ns, Total: 312779 ns
[2021-05-01T01:32:28.088+0000][8][safepoint   ] Safepoint "Cleanup", Time since last: 5000782175 ns, Reaching safepoint: 248994 ns, At safepoint: 25328 ns, Total: 274322 ns
[2021-05-01T01:32:31.089+0000][8][safepoint   ] Safepoint "Cleanup", Time since last: 3000469805 ns, Reaching safepoint: 299302 ns, At safepoint: 21182 ns, Total: 320484 ns
[2021-05-01T01:32:32.089+0000][8][safepoint   ] Safepoint "Cleanup", Time since last: 1000213811 ns, Reaching safepoint: 376979 ns, At safepoint: 29606 ns, Total: 406585 ns
[2021-05-01T01:32:33.090+0000][8][safepoint   ] Safepoint "Cleanup", Time since last: 1000280680 ns, Reaching safepoint: 450505 ns, At safepoint: 33371 ns, Total: 483876 ns
[2021-05-01T01:32:36.091+0000][8][safepoint   ] Safepoint "Cleanup", Time since last: 3000484940 ns, Reaching safepoint: 303493 ns, At safepoint: 53321 ns, Total: 356814 ns
[2021-05-01T01:32:37.092+0000][8][safepoint   ] Safepoint "Cleanup", Time since last: 1000254738 ns, Reaching safepoint: 382723 ns, At safepoint: 34147 ns, Total: 416870 ns
[2021-05-01T01:32:38.092+0000][8][safepoint   ] Safepoint "Cleanup", Time since last: 1000280622 ns, Reaching safepoint: 420887 ns, At safepoint: 42057 ns, Total: 462944 ns
[2021-05-01T01:32:39.093+0000][8][safepoint   ] Safepoint "Cleanup", Time since last: 1000214337 ns, Reaching safepoint: 277140 ns, At safepoint: 22189 ns, Total: 299329 ns
[2021-05-01T01:32:41.094+0000][8][safepoint   ] Safepoint "Cleanup", Time since last: 2000597822 ns, Reaching safepoint: 307698 ns, At safepoint: 29360 ns, Total: 337058 ns
[2021-05-01T01:32:42.094+0000][8][safepoint   ] Safepoint "Cleanup", Time since last: 1000236430 ns, Reaching safepoint: 130806 ns, At safepoint: 9078 ns, Total: 139884 ns
[2021-05-01T01:32:43.095+0000][8][safepoint   ] Safepoint "Cleanup", Time since last: 1000219246 ns, Reaching safepoint: 355443 ns, At safepoint: 31779 ns, Total: 387222 ns
[2021-05-01T01:32:45.096+0000][8][safepoint   ] Safepoint "Cleanup", Time since last: 2000407282 ns, Reaching safepoint: 345696 ns, At safepoint: 29082 ns, Total: 374778 ns
[2021-05-01T01:32:48.096+0000][8][safepoint   ] Safepoint "Cleanup", Time since last: 3000545755 ns, Reaching safepoint: 341543 ns, At safepoint: 33498 ns, Total: 375041 ns
[2021-05-01T01:32:51.097+0000][8][safepoint   ] Safepoint "Cleanup", Time since last: 3000554368 ns, Reaching safepoint: 304437 ns, At safepoint: 29081 ns, Total: 333518 ns
[2021-05-01T01:32:53.098+0000][8][safepoint   ] Safepoint "Cleanup", Time since last: 2000301312 ns, Reaching safepoint: 307016 ns, At safepoint: 32848 ns, Total: 339864 ns
[2021-05-01T01:32:56.099+0000][8][safepoint   ] Safepoint "Cleanup", Time since last: 3000491241 ns, Reaching safepoint: 308189 ns, At safepoint: 46568 ns, Total: 354757 ns
[2021-05-01T01:32:58.100+0000][8][safepoint   ] Safepoint "Cleanup", Time since last: 2000419205 ns, Reaching safepoint: 348128 ns, At safepoint: 31161 ns, Total: 379289 ns
[2021-05-01T01:33:00.101+0000][8][safepoint   ] Safepoint "Cleanup", Time since last: 2000373431 ns, Reaching safepoint: 732644 ns, At safepoint: 54193 ns, Total: 786837 ns
[2021-05-01T01:33:07.102+0000][8][safepoint   ] Safepoint "Cleanup", Time since last: 7001045667 ns, Reaching safepoint: 370292 ns, At safepoint: 26414 ns, Total: 396706 ns
[2021-05-01T01:33:08.103+0000][8][safepoint   ] Safepoint "Cleanup", Time since last: 1000230513 ns, Reaching safepoint: 558554 ns, At safepoint: 52997 ns, Total: 611551 ns
[2021-05-01T01:33:09.104+0000][8][safepoint   ] Safepoint "Cleanup", Time since last: 1000254850 ns, Reaching safepoint: 335814 ns, At safepoint: 39490 ns, Total: 375304 ns
[2021-05-01T01:33:11.104+0000][8][safepoint   ] Safepoint "Cleanup", Time since last: 2000325613 ns, Reaching safepoint: 283586 ns, At safepoint: 26674 ns, Total: 310260 ns
[2021-05-01T01:33:12.105+0000][8][safepoint   ] Safepoint "Cleanup", Time since last: 1000082427 ns, Reaching safepoint: 114890 ns, At safepoint: 5513 ns, Total: 120403 ns
[2021-05-01T01:33:13.105+0000][8][safepoint   ] Safepoint "Cleanup", Time since last: 1000378098 ns, Reaching safepoint: 516823 ns, At safepoint: 26645 ns, Total: 543468 ns
[2021-05-01T01:33:15.106+0000][8][safepoint   ] Safepoint "Cleanup", Time since last: 2000437781 ns, Reaching safepoint: 328053 ns, At safepoint: 36724 ns, Total: 364777 ns
[2021-05-01T01:33:16.107+0000][8][safepoint   ] Safepoint "Cleanup", Time since last: 1000222063 ns, Reaching safepoint: 364468 ns, At safepoint: 33956 ns, Total: 398424 ns
[2021-05-01T01:33:18.108+0000][8][safepoint   ] Safepoint "Cleanup", Time since last: 2000315613 ns, Reaching safepoint: 334478 ns, At safepoint: 33629 ns, Total: 368107 ns
[2021-05-01T01:33:21.108+0000][8][safepoint   ] Safepoint "Cleanup", Time since last: 3000486911 ns, Reaching safepoint: 265012 ns, At safepoint: 26586 ns, Total: 291598 ns
[2021-05-01T01:33:30.110+0000][8][safepoint   ] Safepoint "Cleanup", Time since last: 9001301900 ns, Reaching safepoint: 348719 ns, At safepoint: 30741 ns, Total: 379460 ns
[2021-05-01T01:33:32.111+0000][8][safepoint   ] Safepoint "Cleanup", Time since last: 2000345588 ns, Reaching safepoint: 302057 ns, At safepoint: 27881 ns, Total: 329938 ns
[2021-05-01T01:33:33.112+0000][8][safepoint   ] Safepoint "Cleanup", Time since last: 1000534180 ns, Reaching safepoint: 404849 ns, At safepoint: 36087 ns, Total: 440936 ns
[2021-05-01T01:33:36.113+0000][8][safepoint   ] Safepoint "Cleanup", Time since last: 3000617588 ns, Reaching safepoint: 355648 ns, At safepoint: 36725 ns, Total: 392373 ns
[2021-05-01T01:33:38.114+0000][8][safepoint   ] Safepoint "Cleanup", Time since last: 2000430544 ns, Reaching safepoint: 419936 ns, At safepoint: 32798 ns, Total: 452734 ns
[2021-05-01T01:33:39.049+0000][8][gc,start    ] GC(38) Pause Young (Concurrent Start) (G1 Evacuation Pause)
[2021-05-01T01:33:39.049+0000][8][gc,task     ] GC(38) Using 6 workers of 8 for evacuation
[2021-05-01T01:33:39.049+0000][8][gc,age      ] GC(38) Desired survivor size 6291456 bytes, new threshold 15 (max threshold 15)
[2021-05-01T01:33:39.056+0000][8][gc,age      ] GC(38) Age table with threshold 15 (max threshold 15)
[2021-05-01T01:33:39.057+0000][8][gc,age      ] GC(38) - age   1:    2633904 bytes,    2633904 total
[2021-05-01T01:33:39.057+0000][8][gc,age      ] GC(38) - age   2:      58152 bytes,    2692056 total
[2021-05-01T01:33:39.057+0000][8][gc,age      ] GC(38) - age   3:    1508216 bytes,    4200272 total
[2021-05-01T01:33:39.057+0000][8][gc,age      ] GC(38) - age   4:    3326840 bytes,    7527112 total
[2021-05-01T01:33:39.057+0000][8][gc,phases   ] GC(38)   Pre Evacuate Collection Set: 0.2ms
[2021-05-01T01:33:39.057+0000][8][gc,phases   ] GC(38)   Merge Heap Roots: 0.1ms
[2021-05-01T01:33:39.057+0000][8][gc,phases   ] GC(38)   Evacuate Collection Set: 6.6ms
[2021-05-01T01:33:39.057+0000][8][gc,phases   ] GC(38)   Post Evacuate Collection Set: 0.9ms
[2021-05-01T01:33:39.057+0000][8][gc,phases   ] GC(38)   Other: 0.3ms
[2021-05-01T01:33:39.057+0000][8][gc,heap     ] GC(38) Eden regions: 20->0(20)
[2021-05-01T01:33:39.057+0000][8][gc,heap     ] GC(38) Survivor regions: 2->2(3)
[2021-05-01T01:33:39.057+0000][8][gc,heap     ] GC(38) Old regions: 24->24
[2021-05-01T01:33:39.057+0000][8][gc,heap     ] GC(38) Archive regions: 2->2
[2021-05-01T01:33:39.057+0000][8][gc,heap     ] GC(38) Humongous regions: 2->2
[2021-05-01T01:33:39.057+0000][8][gc,metaspace] GC(38) Metaspace: 102249K(106900K)->102249K(106900K) NonClass: 88624K(91976K)->88624K(91976K) Class: 13624K(14924K)->13624K(14924K)
[2021-05-01T01:33:39.057+0000][8][gc          ] GC(38) Pause Young (Concurrent Start) (G1 Evacuation Pause) 193M->114M(256M) 8.238ms
[2021-05-01T01:33:39.057+0000][8][gc,cpu      ] GC(38) User=0.05s Sys=0.00s Real=0.01s
[2021-05-01T01:33:39.057+0000][8][safepoint   ] Safepoint "G1CollectForAllocation", Time since last: 934764530 ns, Reaching safepoint: 173962 ns, At safepoint: 8362273 ns, Total: 8536235 ns
[2021-05-01T01:33:39.057+0000][8][gc          ] GC(39) Concurrent Cycle
[2021-05-01T01:33:39.057+0000][8][gc,marking  ] GC(39) Concurrent Clear Claimed Marks
[2021-05-01T01:33:39.057+0000][8][gc,marking  ] GC(39) Concurrent Clear Claimed Marks 0.119ms
[2021-05-01T01:33:39.057+0000][8][gc,marking  ] GC(39) Concurrent Scan Root Regions
[2021-05-01T01:33:39.066+0000][8][gc,marking  ] GC(39) Concurrent Scan Root Regions 8.629ms
[2021-05-01T01:33:39.066+0000][8][gc,marking  ] GC(39) Concurrent Mark (323.732s)
[2021-05-01T01:33:39.066+0000][8][gc,marking  ] GC(39) Concurrent Mark From Roots
[2021-05-01T01:33:39.066+0000][8][gc,task     ] GC(39) Using 2 workers of 2 for marking
[2021-05-01T01:33:39.200+0000][8][gc,marking  ] GC(39) Concurrent Mark From Roots 134.588ms
[2021-05-01T01:33:39.200+0000][8][gc,marking  ] GC(39) Concurrent Preclean
[2021-05-01T01:33:39.201+0000][8][gc,marking  ] GC(39) Concurrent Preclean 0.862ms
[2021-05-01T01:33:39.201+0000][8][gc,marking  ] GC(39) Concurrent Mark (323.732s, 323.868s) 135.522ms
[2021-05-01T01:33:39.201+0000][8][gc,start    ] GC(39) Pause Remark
[2021-05-01T01:33:39.212+0000][8][gc          ] GC(39) Pause Remark 133M->133M(256M) 10.126ms
[2021-05-01T01:33:39.212+0000][8][gc,cpu      ] GC(39) User=0.06s Sys=0.00s Real=0.02s
[2021-05-01T01:33:39.212+0000][8][safepoint   ] Safepoint "G1Concurrent", Time since last: 144438865 ns, Reaching safepoint: 149986 ns, At safepoint: 10215499 ns, Total: 10365485 ns
[2021-05-01T01:33:39.212+0000][8][gc,marking  ] GC(39) Concurrent Rebuild Remembered Sets
[2021-05-01T01:33:39.298+0000][8][safepoint   ] Safepoint "ICBufferFull", Time since last: 84276687 ns, Reaching safepoint: 1710836 ns, At safepoint: 42737 ns, Total: 1753573 ns
[2021-05-01T01:33:39.328+0000][8][gc,marking  ] GC(39) Concurrent Rebuild Remembered Sets 116.494ms
[2021-05-01T01:33:39.329+0000][8][gc,start    ] GC(39) Pause Cleanup
[2021-05-01T01:33:39.330+0000][8][gc          ] GC(39) Pause Cleanup 138M->138M(256M) 0.212ms
[2021-05-01T01:33:39.330+0000][8][gc,cpu      ] GC(39) User=0.00s Sys=0.00s Real=0.00s
[2021-05-01T01:33:39.330+0000][8][safepoint   ] Safepoint "G1Concurrent", Time since last: 30890613 ns, Reaching safepoint: 711717 ns, At safepoint: 357164 ns, Total: 1068881 ns
[2021-05-01T01:33:39.330+0000][8][gc,marking  ] GC(39) Concurrent Cleanup for Next Mark
[2021-05-01T01:33:39.330+0000][8][gc,marking  ] GC(39) Concurrent Cleanup for Next Mark 0.687ms
[2021-05-01T01:33:39.330+0000][8][gc          ] GC(39) Concurrent Cycle 273.615ms
[2021-05-01T01:33:39.507+0000][8][safepoint   ] Safepoint "ICBufferFull", Time since last: 176533806 ns, Reaching safepoint: 374492 ns, At safepoint: 47698 ns, Total: 422190 ns
[2021-05-01T01:33:39.643+0000][8][gc,start    ] GC(40) Pause Young (Normal) (G1 Evacuation Pause)
[2021-05-01T01:33:39.643+0000][8][gc,task     ] GC(40) Using 6 workers of 8 for evacuation
[2021-05-01T01:33:39.643+0000][8][gc,age      ] GC(40) Desired survivor size 6291456 bytes, new threshold 4 (max threshold 15)
[2021-05-01T01:33:39.669+0000][8][gc,age      ] GC(40) Age table with threshold 4 (max threshold 15)
[2021-05-01T01:33:39.669+0000][8][gc,age      ] GC(40) - age   1:    2850256 bytes,    2850256 total
[2021-05-01T01:33:39.669+0000][8][gc,age      ] GC(40) - age   2:     610248 bytes,    3460504 total
[2021-05-01T01:33:39.669+0000][8][gc,age      ] GC(40) - age   3:      56144 bytes,    3516648 total
[2021-05-01T01:33:39.669+0000][8][gc,age      ] GC(40) - age   4:    1504248 bytes,    5020896 total
[2021-05-01T01:33:39.669+0000][8][gc,phases   ] GC(40)   Pre Evacuate Collection Set: 0.1ms
[2021-05-01T01:33:39.669+0000][8][gc,phases   ] GC(40)   Merge Heap Roots: 0.1ms
[2021-05-01T01:33:39.669+0000][8][gc,phases   ] GC(40)   Evacuate Collection Set: 23.3ms
[2021-05-01T01:33:39.669+0000][8][gc,phases   ] GC(40)   Post Evacuate Collection Set: 2.8ms
[2021-05-01T01:33:39.669+0000][8][gc,phases   ] GC(40)   Other: 0.3ms
[2021-05-01T01:33:39.669+0000][8][gc,heap     ] GC(40) Eden regions: 20->0(19)
[2021-05-01T01:33:39.669+0000][8][gc,heap     ] GC(40) Survivor regions: 2->2(3)
[2021-05-01T01:33:39.669+0000][8][gc,heap     ] GC(40) Old regions: 24->25
[2021-05-01T01:33:39.669+0000][8][gc,heap     ] GC(40) Archive regions: 2->2
[2021-05-01T01:33:39.669+0000][8][gc,heap     ] GC(40) Humongous regions: 2->2
[2021-05-01T01:33:39.669+0000][8][gc,metaspace] GC(40) Metaspace: 103799K(108436K)->103799K(108436K) NonClass: 89952K(93256K)->89952K(93256K) Class: 13847K(15180K)->13847K(15180K)
[2021-05-01T01:33:39.669+0000][8][gc          ] GC(40) Pause Young (Normal) (G1 Evacuation Pause) 194M->115M(256M) 26.665ms
[2021-05-01T01:33:39.669+0000][8][gc,cpu      ] GC(40) User=0.12s Sys=0.00s Real=0.02s
[2021-05-01T01:33:39.670+0000][8][safepoint   ] Safepoint "G1CollectForAllocation", Time since last: 135877060 ns, Reaching safepoint: 290582 ns, At safepoint: 26761122 ns, Total: 27051704 ns
[2021-05-01T01:33:40.670+0000][8][safepoint   ] Safepoint "Cleanup", Time since last: 1000166906 ns, Reaching safepoint: 729466 ns, At safepoint: 50239 ns, Total: 779705 ns
[2021-05-01T01:33:41.671+0000][8][safepoint   ] Safepoint "Cleanup", Time since last: 1000537425 ns, Reaching safepoint: 170911 ns, At safepoint: 12857 ns, Total: 183768 ns
[2021-05-01T01:33:42.672+0000][8][safepoint   ] Safepoint "Cleanup", Time since last: 1000387849 ns, Reaching safepoint: 234718 ns, At safepoint: 15046 ns, Total: 249764 ns
[2021-05-01T01:33:43.673+0000][8][safepoint   ] Safepoint "Cleanup", Time since last: 1000362589 ns, Reaching safepoint: 341027 ns, At safepoint: 31104 ns, Total: 372131 ns
[2021-05-01T01:33:44.673+0000][8][safepoint   ] Safepoint "Cleanup", Time since last: 1000276614 ns, Reaching safepoint: 361319 ns, At safepoint: 30677 ns, Total: 391996 ns
[2021-05-01T01:33:45.674+0000][8][safepoint   ] Safepoint "Cleanup", Time since last: 1000190903 ns, Reaching safepoint: 319439 ns, At safepoint: 20631 ns, Total: 340070 ns
[2021-05-01T01:33:46.674+0000][8][safepoint   ] Safepoint "Cleanup", Time since last: 1000249602 ns, Reaching safepoint: 277002 ns, At safepoint: 21400 ns, Total: 298402 ns
[2021-05-01T01:33:50.675+0000][8][safepoint   ] Safepoint "Cleanup", Time since last: 4000612711 ns, Reaching safepoint: 349433 ns, At safepoint: 25381 ns, Total: 374814 ns
[2021-05-01T01:33:51.676+0000][8][safepoint   ] Safepoint "Cleanup", Time since last: 1000211329 ns, Reaching safepoint: 310654 ns, At safepoint: 30336 ns, Total: 340990 ns
[2021-05-01T01:33:52.677+0000][8][safepoint   ] Safepoint "Cleanup", Time since last: 1000256676 ns, Reaching safepoint: 384022 ns, At safepoint: 31030 ns, Total: 415052 ns
[2021-05-01T01:33:55.680+0000][8][safepoint   ] Safepoint "Cleanup", Time since last: 3003321743 ns, Reaching safepoint: 303873 ns, At safepoint: 26568 ns, Total: 330441 ns
[2021-05-01T01:34:00.681+0000][8][safepoint   ] Safepoint "Cleanup", Time since last: 5000779676 ns, Reaching safepoint: 475395 ns, At safepoint: 39471 ns, Total: 514866 ns
[2021-05-01T01:34:03.682+0000][8][safepoint   ] Safepoint "Cleanup", Time since last: 3000515965 ns, Reaching safepoint: 353940 ns, At safepoint: 25486 ns, Total: 379426 ns
[2021-05-01T01:34:06.683+0000][8][safepoint   ] Safepoint "Cleanup", Time since last: 3000514782 ns, Reaching safepoint: 230940 ns, At safepoint: 11360 ns, Total: 242300 ns
[2021-05-01T01:34:07.683+0000][8][safepoint   ] Safepoint "Cleanup", Time since last: 1000112454 ns, Reaching safepoint: 116413 ns, At safepoint: 7546 ns, Total: 123959 ns
[2021-05-01T01:34:08.684+0000][8][safepoint   ] Safepoint "Cleanup", Time since last: 1000145439 ns, Reaching safepoint: 332316 ns, At safepoint: 33865 ns, Total: 366181 ns
[2021-05-01T01:34:09.684+0000][8][safepoint   ] Safepoint "Cleanup", Time since last: 1000263048 ns, Reaching safepoint: 308171 ns, At safepoint: 31066 ns, Total: 339237 ns
[2021-05-01T01:34:11.685+0000][8][safepoint   ] Safepoint "Cleanup", Time since last: 2000306150 ns, Reaching safepoint: 426795 ns, At safepoint: 32422 ns, Total: 459217 ns
[2021-05-01T01:34:12.686+0000][8][safepoint   ] Safepoint "Cleanup", Time since last: 1000187056 ns, Reaching safepoint: 368161 ns, At safepoint: 77331 ns, Total: 445492 ns
[2021-05-01T01:34:17.687+0000][8][safepoint   ] Safepoint "Cleanup", Time since last: 5001164127 ns, Reaching safepoint: 405843 ns, At safepoint: 30075 ns, Total: 435918 ns
[2021-05-01T01:34:18.688+0000][8][safepoint   ] Safepoint "Cleanup", Time since last: 1000455803 ns, Reaching safepoint: 339497 ns, At safepoint: 30707 ns, Total: 370204 ns
[2021-05-01T01:34:20.689+0000][8][safepoint   ] Safepoint "Cleanup", Time since last: 2000335457 ns, Reaching safepoint: 407516 ns, At safepoint: 31903 ns, Total: 439419 ns
[2021-05-01T01:34:22.690+0000][8][safepoint   ] Safepoint "Cleanup", Time since last: 2000340274 ns, Reaching safepoint: 373837 ns, At safepoint: 63298 ns, Total: 437135 ns
[2021-05-01T01:34:30.691+0000][8][safepoint   ] Safepoint "Cleanup", Time since last: 8001021113 ns, Reaching safepoint: 396160 ns, At safepoint: 35914 ns, Total: 432074 ns
[2021-05-01T01:34:33.692+0000][8][safepoint   ] Safepoint "Cleanup", Time since last: 3000517156 ns, Reaching safepoint: 357763 ns, At safepoint: 17237 ns, Total: 375000 ns
[2021-05-01T01:34:35.693+0000][8][safepoint   ] Safepoint "Cleanup", Time since last: 2000371678 ns, Reaching safepoint: 449227 ns, At safepoint: 33514 ns, Total: 482741 ns
[2021-05-01T01:34:36.694+0000][8][safepoint   ] Safepoint "Cleanup", Time since last: 1000240905 ns, Reaching safepoint: 398495 ns, At safepoint: 42706 ns, Total: 441201 ns
[2021-05-01T01:34:37.694+0000][8][safepoint   ] Safepoint "Cleanup", Time since last: 1000356157 ns, Reaching safepoint: 337389 ns, At safepoint: 26405 ns, Total: 363794 ns
[2021-05-01T01:34:38.695+0000][8][safepoint   ] Safepoint "Cleanup", Time since last: 1000213216 ns, Reaching safepoint: 332227 ns, At safepoint: 24868 ns, Total: 357095 ns
[2021-05-01T01:34:39.695+0000][8][safepoint   ] Safepoint "Cleanup", Time since last: 1000257223 ns, Reaching safepoint: 137194 ns, At safepoint: 9229 ns, Total: 146423 ns
[2021-05-01T01:34:41.696+0000][8][safepoint   ] Safepoint "Cleanup", Time since last: 2000268239 ns, Reaching safepoint: 424389 ns, At safepoint: 46510 ns, Total: 470899 ns
[2021-05-01T01:34:42.697+0000][8][safepoint   ] Safepoint "Cleanup", Time since last: 1000249471 ns, Reaching safepoint: 415838 ns, At safepoint: 36647 ns, Total: 452485 ns
[2021-05-01T01:34:43.698+0000][8][safepoint   ] Safepoint "Cleanup", Time since last: 1000786422 ns, Reaching safepoint: 425235 ns, At safepoint: 25886 ns, Total: 451121 ns
[2021-05-01T01:34:45.699+0000][8][safepoint   ] Safepoint "Cleanup", Time since last: 2000364795 ns, Reaching safepoint: 391314 ns, At safepoint: 31617 ns, Total: 422931 ns
[2021-05-01T01:34:48.700+0000][8][safepoint   ] Safepoint "Cleanup", Time since last: 3000572707 ns, Reaching safepoint: 417257 ns, At safepoint: 33342 ns, Total: 450599 ns
[2021-05-01T01:34:50.701+0000][8][safepoint   ] Safepoint "Cleanup", Time since last: 2000395547 ns, Reaching safepoint: 393926 ns, At safepoint: 38320 ns, Total: 432246 ns
[2021-05-01T01:34:51.701+0000][8][safepoint   ] Safepoint "Cleanup", Time since last: 1000218267 ns, Reaching safepoint: 143294 ns, At safepoint: 10244 ns, Total: 153538 ns
[2021-05-01T01:34:55.702+0000][8][safepoint   ] Safepoint "Cleanup", Time since last: 4000568325 ns, Reaching safepoint: 404319 ns, At safepoint: 34496 ns, Total: 438815 ns
[2021-05-01T01:35:00.703+0000][8][safepoint   ] Safepoint "Cleanup", Time since last: 5000647759 ns, Reaching safepoint: 318981 ns, At safepoint: 20147 ns, Total: 339128 ns
[2021-05-01T01:35:03.704+0000][8][safepoint   ] Safepoint "Cleanup", Time since last: 3000471673 ns, Reaching safepoint: 438572 ns, At safepoint: 40805 ns, Total: 479377 ns
[2021-05-01T01:35:06.705+0000][8][safepoint   ] Safepoint "Cleanup", Time since last: 3000471520 ns, Reaching safepoint: 391250 ns, At safepoint: 27657 ns, Total: 418907 ns
[2021-05-01T01:35:07.706+0000][8][safepoint   ] Safepoint "Cleanup", Time since last: 1000229339 ns, Reaching safepoint: 327562 ns, At safepoint: 28760 ns, Total: 356322 ns
[2021-05-01T01:35:08.706+0000][8][safepoint   ] Safepoint "Cleanup", Time since last: 1000262381 ns, Reaching safepoint: 313976 ns, At safepoint: 20355 ns, Total: 334331 ns
[2021-05-01T01:35:09.707+0000][8][safepoint   ] Safepoint "Cleanup", Time since last: 1000226080 ns, Reaching safepoint: 158101 ns, At safepoint: 10043 ns, Total: 168144 ns
[2021-05-01T01:35:11.707+0000][8][safepoint   ] Safepoint "Cleanup", Time since last: 2000286780 ns, Reaching safepoint: 304507 ns, At safepoint: 19946 ns, Total: 324453 ns
[2021-05-01T01:35:12.708+0000][8][safepoint   ] Safepoint "Cleanup", Time since last: 1000188822 ns, Reaching safepoint: 365329 ns, At safepoint: 42665 ns, Total: 407994 ns
[2021-05-01T01:35:20.710+0000][8][safepoint   ] Safepoint "Cleanup", Time since last: 8001398129 ns, Reaching safepoint: 397129 ns, At safepoint: 55236 ns, Total: 452365 ns
[2021-05-01T01:35:21.710+0000][8][safepoint   ] Safepoint "Cleanup", Time since last: 1000404333 ns, Reaching safepoint: 393183 ns, At safepoint: 28534 ns, Total: 421717 ns
[2021-05-01T01:35:28.712+0000][8][safepoint   ] Safepoint "Cleanup", Time since last: 7000949848 ns, Reaching safepoint: 137311 ns, At safepoint: 8560 ns, Total: 145871 ns
[2021-05-01T01:35:30.712+0000][8][safepoint   ] Safepoint "Cleanup", Time since last: 2000380017 ns, Reaching safepoint: 364430 ns, At safepoint: 30401 ns, Total: 394831 ns
[2021-05-01T01:35:31.034+0000][8][gc,start    ] GC(41) Pause Young (Concurrent Start) (G1 Evacuation Pause)
[2021-05-01T01:35:31.034+0000][8][gc,task     ] GC(41) Using 6 workers of 8 for evacuation
[2021-05-01T01:35:31.034+0000][8][gc,age      ] GC(41) Desired survivor size 6291456 bytes, new threshold 15 (max threshold 15)
[2021-05-01T01:35:31.047+0000][8][gc,age      ] GC(41) Age table with threshold 15 (max threshold 15)
[2021-05-01T01:35:31.047+0000][8][gc,age      ] GC(41) - age   1:     991656 bytes,     991656 total
[2021-05-01T01:35:31.047+0000][8][gc,age      ] GC(41) - age   2:     983568 bytes,    1975224 total
[2021-05-01T01:35:31.047+0000][8][gc,age      ] GC(41) - age   3:     119512 bytes,    2094736 total
[2021-05-01T01:35:31.047+0000][8][gc,age      ] GC(41) - age   4:      56144 bytes,    2150880 total
[2021-05-01T01:35:31.047+0000][8][gc,age      ] GC(41) - age   5:    1504248 bytes,    3655128 total
[2021-05-01T01:35:31.047+0000][8][gc,phases   ] GC(41)   Pre Evacuate Collection Set: 0.4ms
[2021-05-01T01:35:31.048+0000][8][gc,phases   ] GC(41)   Merge Heap Roots: 0.2ms
[2021-05-01T01:35:31.048+0000][8][gc,phases   ] GC(41)   Evacuate Collection Set: 10.1ms
[2021-05-01T01:35:31.048+0000][8][gc,phases   ] GC(41)   Post Evacuate Collection Set: 2.1ms
[2021-05-01T01:35:31.048+0000][8][gc,phases   ] GC(41)   Other: 0.7ms
[2021-05-01T01:35:31.048+0000][8][gc,heap     ] GC(41) Eden regions: 19->0(21)
[2021-05-01T01:35:31.048+0000][8][gc,heap     ] GC(41) Survivor regions: 2->1(3)
[2021-05-01T01:35:31.048+0000][8][gc,heap     ] GC(41) Old regions: 25->25
[2021-05-01T01:35:31.048+0000][8][gc,heap     ] GC(41) Archive regions: 2->2
[2021-05-01T01:35:31.048+0000][8][gc,heap     ] GC(41) Humongous regions: 2->2
[2021-05-01T01:35:31.048+0000][8][gc,metaspace] GC(41) Metaspace: 104295K(108948K)->104295K(108948K) NonClass: 90424K(93768K)->90424K(93768K) Class: 13871K(15180K)->13871K(15180K)
[2021-05-01T01:35:31.048+0000][8][gc          ] GC(41) Pause Young (Concurrent Start) (G1 Evacuation Pause) 191M->114M(256M) 13.764ms
[2021-05-01T01:35:31.048+0000][8][gc,cpu      ] GC(41) User=0.06s Sys=0.00s Real=0.01s
[2021-05-01T01:35:31.048+0000][8][gc          ] GC(42) Concurrent Cycle
[2021-05-01T01:35:31.048+0000][8][safepoint   ] Safepoint "G1CollectForAllocation", Time since last: 321399489 ns, Reaching safepoint: 398728 ns, At safepoint: 14049536 ns, Total: 14448264 ns
[2021-05-01T01:35:31.048+0000][8][gc,marking  ] GC(42) Concurrent Clear Claimed Marks
[2021-05-01T01:35:31.048+0000][8][gc,marking  ] GC(42) Concurrent Clear Claimed Marks 0.247ms
[2021-05-01T01:35:31.049+0000][8][gc,marking  ] GC(42) Concurrent Scan Root Regions
[2021-05-01T01:35:31.062+0000][8][gc,marking  ] GC(42) Concurrent Scan Root Regions 13.441ms
[2021-05-01T01:35:31.062+0000][8][gc,marking  ] GC(42) Concurrent Mark (435.729s)
[2021-05-01T01:35:31.062+0000][8][gc,marking  ] GC(42) Concurrent Mark From Roots
[2021-05-01T01:35:31.062+0000][8][gc,task     ] GC(42) Using 2 workers of 2 for marking
[2021-05-01T01:35:31.178+0000][8][gc,marking  ] GC(42) Concurrent Mark From Roots 115.485ms
[2021-05-01T01:35:31.178+0000][8][gc,marking  ] GC(42) Concurrent Preclean
[2021-05-01T01:35:31.178+0000][8][gc,marking  ] GC(42) Concurrent Preclean 0.309ms
[2021-05-01T01:35:31.178+0000][8][gc,marking  ] GC(42) Concurrent Mark (435.729s, 435.845s) 115.883ms
[2021-05-01T01:35:31.178+0000][8][gc,start    ] GC(42) Pause Remark
[2021-05-01T01:35:31.183+0000][8][gc          ] GC(42) Pause Remark 115M->115M(256M) 4.886ms
[2021-05-01T01:35:31.183+0000][8][gc,cpu      ] GC(42) User=0.03s Sys=0.00s Real=0.01s
[2021-05-01T01:35:31.183+0000][8][safepoint   ] Safepoint "G1Concurrent", Time since last: 129867249 ns, Reaching safepoint: 103070 ns, At safepoint: 4978813 ns, Total: 5081883 ns
[2021-05-01T01:35:31.183+0000][8][gc,marking  ] GC(42) Concurrent Rebuild Remembered Sets
[2021-05-01T01:35:31.246+0000][8][gc,marking  ] GC(42) Concurrent Rebuild Remembered Sets 62.654ms
[2021-05-01T01:35:31.246+0000][8][gc,start    ] GC(42) Pause Cleanup
[2021-05-01T01:35:31.246+0000][8][gc          ] GC(42) Pause Cleanup 115M->115M(256M) 0.072ms
[2021-05-01T01:35:31.246+0000][8][gc,cpu      ] GC(42) User=0.00s Sys=0.00s Real=0.00s
[2021-05-01T01:35:31.246+0000][8][safepoint   ] Safepoint "G1Concurrent", Time since last: 62755272 ns, Reaching safepoint: 121997 ns, At safepoint: 115031 ns, Total: 237028 ns
[2021-05-01T01:35:31.246+0000][8][gc,marking  ] GC(42) Concurrent Cleanup for Next Mark
[2021-05-01T01:35:31.246+0000][8][gc,marking  ] GC(42) Concurrent Cleanup for Next Mark 0.181ms
[2021-05-01T01:35:31.246+0000][8][gc          ] GC(42) Concurrent Cycle 198.225ms
[2021-05-01T01:35:33.247+0000][8][safepoint   ] Safepoint "Cleanup", Time since last: 2000220636 ns, Reaching safepoint: 334452 ns, At safepoint: 34886 ns, Total: 369338 ns
[2021-05-01T01:35:36.248+0000][8][safepoint   ] Safepoint "Cleanup", Time since last: 3000588377 ns, Reaching safepoint: 302148 ns, At safepoint: 32862 ns, Total: 335010 ns
[2021-05-01T01:35:37.248+0000][8][safepoint   ] Safepoint "Cleanup", Time since last: 1000221736 ns, Reaching safepoint: 323206 ns, At safepoint: 27836 ns, Total: 351042 ns
[2021-05-01T01:35:38.249+0000][8][safepoint   ] Safepoint "Cleanup", Time since last: 1000222261 ns, Reaching safepoint: 335679 ns, At safepoint: 31563 ns, Total: 367242 ns
[2021-05-01T01:35:39.249+0000][8][safepoint   ] Safepoint "Cleanup", Time since last: 1000221861 ns, Reaching safepoint: 104646 ns, At safepoint: 6213 ns, Total: 110859 ns
[2021-05-01T01:35:42.250+0000][8][safepoint   ] Safepoint "Cleanup", Time since last: 3000446223 ns, Reaching safepoint: 113917 ns, At safepoint: 6468 ns, Total: 120385 ns
[2021-05-01T01:35:45.251+0000][8][safepoint   ] Safepoint "Cleanup", Time since last: 3000611415 ns, Reaching safepoint: 367845 ns, At safepoint: 32587 ns, Total: 400432 ns
[2021-05-01T01:35:48.251+0000][8][safepoint   ] Safepoint "Cleanup", Time since last: 3000444768 ns, Reaching safepoint: 340958 ns, At safepoint: 37824 ns, Total: 378782 ns
[2021-05-01T01:35:51.252+0000][8][safepoint   ] Safepoint "Cleanup", Time since last: 3000512423 ns, Reaching safepoint: 383304 ns, At safepoint: 49701 ns, Total: 433005 ns
[2021-05-01T01:35:53.253+0000][8][safepoint   ] Safepoint "Cleanup", Time since last: 2000465853 ns, Reaching safepoint: 406018 ns, At safepoint: 37475 ns, Total: 443493 ns
[2021-05-01T01:36:01.255+0000][8][safepoint   ] Safepoint "Cleanup", Time since last: 8001237678 ns, Reaching safepoint: 402053 ns, At safepoint: 26507 ns, Total: 428560 ns
[2021-05-01T01:36:03.256+0000][8][safepoint   ] Safepoint "Cleanup", Time since last: 2000373963 ns, Reaching safepoint: 424089 ns, At safepoint: 34861 ns, Total: 458950 ns
[2021-05-01T01:36:06.257+0000][8][safepoint   ] Safepoint "Cleanup", Time since last: 3000413634 ns, Reaching safepoint: 281721 ns, At safepoint: 26041 ns, Total: 307762 ns
[2021-05-01T01:36:08.257+0000][8][safepoint   ] Safepoint "Cleanup", Time since last: 2000364616 ns, Reaching safepoint: 288175 ns, At safepoint: 20731 ns, Total: 308906 ns
[2021-05-01T01:36:09.258+0000][8][safepoint   ] Safepoint "Cleanup", Time since last: 1000206398 ns, Reaching safepoint: 278861 ns, At safepoint: 25251 ns, Total: 304112 ns
[2021-05-01T01:36:11.258+0000][8][safepoint   ] Safepoint "Cleanup", Time since last: 2000359084 ns, Reaching safepoint: 278678 ns, At safepoint: 22163 ns, Total: 300841 ns
[2021-05-01T01:36:12.259+0000][8][safepoint   ] Safepoint "Cleanup", Time since last: 1000212166 ns, Reaching safepoint: 380822 ns, At safepoint: 28765 ns, Total: 409587 ns
[2021-05-01T01:36:13.260+0000][8][safepoint   ] Safepoint "Cleanup", Time since last: 1000642773 ns, Reaching safepoint: 401541 ns, At safepoint: 31380 ns, Total: 432921 ns
[2021-05-01T01:36:15.261+0000][8][safepoint   ] Safepoint "Cleanup", Time since last: 2000293956 ns, Reaching safepoint: 285111 ns, At safepoint: 32348 ns, Total: 317459 ns
[2021-05-01T01:36:21.263+0000][8][safepoint   ] Safepoint "Cleanup", Time since last: 6001718912 ns, Reaching safepoint: 426530 ns, At safepoint: 32019 ns, Total: 458549 ns
[2021-05-01T01:36:23.264+0000][8][safepoint   ] Safepoint "Cleanup", Time since last: 2000335133 ns, Reaching safepoint: 400434 ns, At safepoint: 31731 ns, Total: 432165 ns
[2021-05-01T01:36:25.265+0000][8][safepoint   ] Safepoint "Cleanup", Time since last: 2000360534 ns, Reaching safepoint: 444115 ns, At safepoint: 29430 ns, Total: 473545 ns
[2021-05-01T01:36:33.274+0000][8][safepoint   ] Safepoint "Cleanup", Time since last: 8009021444 ns, Reaching safepoint: 577241 ns, At safepoint: 36428 ns, Total: 613669 ns
[2021-05-01T01:36:36.275+0000][8][safepoint   ] Safepoint "Cleanup", Time since last: 3000476242 ns, Reaching safepoint: 437145 ns, At safepoint: 25151 ns, Total: 462296 ns
[2021-05-01T01:36:37.276+0000][8][safepoint   ] Safepoint "Cleanup", Time since last: 1000279106 ns, Reaching safepoint: 337801 ns, At safepoint: 30157 ns, Total: 367958 ns
[2021-05-01T01:36:38.276+0000][8][safepoint   ] Safepoint "Cleanup", Time since last: 1000176120 ns, Reaching safepoint: 163336 ns, At safepoint: 11880 ns, Total: 175216 ns
[2021-05-01T01:36:39.276+0000][8][safepoint   ] Safepoint "Cleanup", Time since last: 1000122216 ns, Reaching safepoint: 135427 ns, At safepoint: 11164 ns, Total: 146591 ns
[2021-05-01T01:36:41.277+0000][8][safepoint   ] Safepoint "Cleanup", Time since last: 2000269462 ns, Reaching safepoint: 338138 ns, At safepoint: 25091 ns, Total: 363229 ns
[2021-05-01T01:36:42.277+0000][8][safepoint   ] Safepoint "Cleanup", Time since last: 1000236645 ns, Reaching safepoint: 131321 ns, At safepoint: 8236 ns, Total: 139557 ns
[2021-05-01T01:36:45.278+0000][8][safepoint   ] Safepoint "Cleanup", Time since last: 3000345820 ns, Reaching safepoint: 119315 ns, At safepoint: 8866 ns, Total: 128181 ns
[2021-05-01T01:36:48.278+0000][8][safepoint   ] Safepoint "Cleanup", Time since last: 3000283546 ns, Reaching safepoint: 154347 ns, At safepoint: 10201 ns, Total: 164548 ns
[2021-05-01T01:36:51.279+0000][8][safepoint   ] Safepoint "Cleanup", Time since last: 3000325747 ns, Reaching safepoint: 380965 ns, At safepoint: 27191 ns, Total: 408156 ns
[2021-05-01T01:36:54.280+0000][8][safepoint   ] Safepoint "Cleanup", Time since last: 3000489371 ns, Reaching safepoint: 330339 ns, At safepoint: 24207 ns, Total: 354546 ns
[2021-05-01T01:36:56.281+0000][8][safepoint   ] Safepoint "Cleanup", Time since last: 2000309825 ns, Reaching safepoint: 327658 ns, At safepoint: 27429 ns, Total: 355087 ns
[2021-05-01T01:37:00.282+0000][8][safepoint   ] Safepoint "Cleanup", Time since last: 4000723698 ns, Reaching safepoint: 395674 ns, At safepoint: 36493 ns, Total: 432167 ns
[2021-05-01T01:37:01.282+0000][8][safepoint   ] Safepoint "Cleanup", Time since last: 1000181551 ns, Reaching safepoint: 117132 ns, At safepoint: 8052 ns, Total: 125184 ns
[2021-05-01T01:37:06.283+0000][8][safepoint   ] Safepoint "Cleanup", Time since last: 5000578840 ns, Reaching safepoint: 295410 ns, At safepoint: 26872 ns, Total: 322282 ns
[2021-05-01T01:37:07.283+0000][8][safepoint   ] Safepoint "Cleanup", Time since last: 1000239447 ns, Reaching safepoint: 320057 ns, At safepoint: 20462 ns, Total: 340519 ns
[2021-05-01T01:37:08.284+0000][8][safepoint   ] Safepoint "Cleanup", Time since last: 1000256129 ns, Reaching safepoint: 408224 ns, At safepoint: 32235 ns, Total: 440459 ns
[2021-05-01T01:37:09.285+0000][8][safepoint   ] Safepoint "Cleanup", Time since last: 1000227969 ns, Reaching safepoint: 315792 ns, At safepoint: 21476 ns, Total: 337268 ns
[2021-05-01T01:37:12.286+0000][8][safepoint   ] Safepoint "Cleanup", Time since last: 3000518299 ns, Reaching safepoint: 288388 ns, At safepoint: 25667 ns, Total: 314055 ns
[2021-05-01T01:37:15.286+0000][8][safepoint   ] Safepoint "Cleanup", Time since last: 3000416839 ns, Reaching safepoint: 213067 ns, At safepoint: 13344 ns, Total: 226411 ns
[2021-05-01T01:37:16.287+0000][8][safepoint   ] Safepoint "Cleanup", Time since last: 1000165252 ns, Reaching safepoint: 342725 ns, At safepoint: 29550 ns, Total: 372275 ns
[2021-05-01T01:37:19.287+0000][8][safepoint   ] Safepoint "Cleanup", Time since last: 3000410766 ns, Reaching safepoint: 304497 ns, At safepoint: 20389 ns, Total: 324886 ns
[2021-05-01T01:37:21.288+0000][8][safepoint   ] Safepoint "Cleanup", Time since last: 2000412566 ns, Reaching safepoint: 414503 ns, At safepoint: 26053 ns, Total: 440556 ns
[2021-05-01T01:37:22.289+0000][8][safepoint   ] Safepoint "Cleanup", Time since last: 1000257458 ns, Reaching safepoint: 417400 ns, At safepoint: 35308 ns, Total: 452708 ns
[2021-05-01T01:37:28.290+0000][8][safepoint   ] Safepoint "Cleanup", Time since last: 6000865605 ns, Reaching safepoint: 439673 ns, At safepoint: 27547 ns, Total: 467220 ns
[2021-05-01T01:37:37.292+0000][8][safepoint   ] Safepoint "Cleanup", Time since last: 9001272068 ns, Reaching safepoint: 703157 ns, At safepoint: 44803 ns, Total: 747960 ns
[2021-05-01T01:37:38.293+0000][8][safepoint   ] Safepoint "Cleanup", Time since last: 1000357899 ns, Reaching safepoint: 469081 ns, At safepoint: 50339 ns, Total: 519420 ns
[2021-05-01T01:37:38.949+0000][8][gc,start    ] GC(43) Pause Young (Normal) (G1 Evacuation Pause)
[2021-05-01T01:37:38.949+0000][8][gc,task     ] GC(43) Using 6 workers of 8 for evacuation
[2021-05-01T01:37:38.949+0000][8][gc,age      ] GC(43) Desired survivor size 6291456 bytes, new threshold 15 (max threshold 15)
[2021-05-01T01:37:38.962+0000][8][gc,age      ] GC(43) Age table with threshold 15 (max threshold 15)
[2021-05-01T01:37:38.963+0000][8][gc,age      ] GC(43) - age   1:     547968 bytes,     547968 total
[2021-05-01T01:37:38.963+0000][8][gc,age      ] GC(43) - age   2:     479488 bytes,    1027456 total
[2021-05-01T01:37:38.963+0000][8][gc,age      ] GC(43) - age   3:     983536 bytes,    2010992 total
[2021-05-01T01:37:38.963+0000][8][gc,age      ] GC(43) - age   4:     118528 bytes,    2129520 total
[2021-05-01T01:37:38.963+0000][8][gc,age      ] GC(43) - age   5:      56144 bytes,    2185664 total
[2021-05-01T01:37:38.963+0000][8][gc,age      ] GC(43) - age   6:    1504248 bytes,    3689912 total
[2021-05-01T01:37:38.963+0000][8][gc,phases   ] GC(43)   Pre Evacuate Collection Set: 0.2ms
[2021-05-01T01:37:38.963+0000][8][gc,phases   ] GC(43)   Merge Heap Roots: 0.4ms
[2021-05-01T01:37:38.963+0000][8][gc,phases   ] GC(43)   Evacuate Collection Set: 11.0ms
[2021-05-01T01:37:38.963+0000][8][gc,phases   ] GC(43)   Post Evacuate Collection Set: 1.3ms
[2021-05-01T01:37:38.963+0000][8][gc,phases   ] GC(43)   Other: 0.5ms
[2021-05-01T01:37:38.963+0000][8][gc,heap     ] GC(43) Eden regions: 21->0(21)
[2021-05-01T01:37:38.963+0000][8][gc,heap     ] GC(43) Survivor regions: 1->1(3)
[2021-05-01T01:37:38.963+0000][8][gc,heap     ] GC(43) Old regions: 25->25
[2021-05-01T01:37:38.963+0000][8][gc,heap     ] GC(43) Archive regions: 2->2
[2021-05-01T01:37:38.963+0000][8][gc,heap     ] GC(43) Humongous regions: 2->2
[2021-05-01T01:37:38.963+0000][8][gc,metaspace] GC(43) Metaspace: 104589K(109204K)->104589K(109204K) NonClass: 90717K(94024K)->90717K(94024K) Class: 13872K(15180K)->13872K(15180K)
[2021-05-01T01:37:38.963+0000][8][gc          ] GC(43) Pause Young (Normal) (G1 Evacuation Pause) 198M->114M(256M) 13.539ms
[2021-05-01T01:37:38.963+0000][8][gc,cpu      ] GC(43) User=0.06s Sys=0.00s Real=0.02s
[2021-05-01T01:37:38.963+0000][8][safepoint   ] Safepoint "G1CollectForAllocation", Time since last: 655449358 ns, Reaching safepoint: 455128 ns, At safepoint: 13720275 ns, Total: 14175403 ns
[2021-05-01T01:37:39.963+0000][8][safepoint   ] Safepoint "Cleanup", Time since last: 1000133152 ns, Reaching safepoint: 297889 ns, At safepoint: 34084 ns, Total: 331973 ns
[2021-05-01T01:37:42.964+0000][8][safepoint   ] Safepoint "Cleanup", Time since last: 3000347696 ns, Reaching safepoint: 147426 ns, At safepoint: 9695 ns, Total: 157121 ns
[2021-05-01T01:37:50.965+0000][8][safepoint   ] Safepoint "Cleanup", Time since last: 8000820800 ns, Reaching safepoint: 310280 ns, At safepoint: 27626 ns, Total: 337906 ns
[2021-05-01T01:38:00.967+0000][8][safepoint   ] Safepoint "Cleanup", Time since last: 10001397671 ns, Reaching safepoint: 381706 ns, At safepoint: 32286 ns, Total: 413992 ns
[2021-05-01T01:38:12.969+0000][8][safepoint   ] Safepoint "Cleanup", Time since last: 12001867910 ns, Reaching safepoint: 275372 ns, At safepoint: 26767 ns, Total: 302139 ns
[2021-05-01T01:38:20.971+0000][8][safepoint   ] Safepoint "Cleanup", Time since last: 8001326722 ns, Reaching safepoint: 339226 ns, At safepoint: 25085 ns, Total: 364311 ns
[2021-05-01T01:38:35.973+0000][8][safepoint   ] Safepoint "Cleanup", Time since last: 15002093307 ns, Reaching safepoint: 388257 ns, At safepoint: 34773 ns, Total: 423030 ns
[2021-05-01T01:38:36.761+0000][8][safepoint   ] Safepoint "ICBufferFull", Time since last: 787447238 ns, Reaching safepoint: 271286 ns, At safepoint: 24679 ns, Total: 295965 ns
[2021-05-01T01:38:38.050+0000][8][safepoint   ] Safepoint "Cleanup", Time since last: 1288472074 ns, Reaching safepoint: 644080 ns, At safepoint: 37312 ns, Total: 681392 ns
[2021-05-01T01:38:39.050+0000][8][safepoint   ] Safepoint "Cleanup", Time since last: 1000212305 ns, Reaching safepoint: 124262 ns, At safepoint: 8866 ns, Total: 133128 ns
[2021-05-01T01:38:40.051+0000][8][safepoint   ] Safepoint "Cleanup", Time since last: 1000130830 ns, Reaching safepoint: 388371 ns, At safepoint: 32194 ns, Total: 420565 ns
[2021-05-01T01:38:42.051+0000][8][safepoint   ] Safepoint "Cleanup", Time since last: 2000247472 ns, Reaching safepoint: 97637 ns, At safepoint: 5677 ns, Total: 103314 ns
[2021-05-01T01:38:43.052+0000][8][safepoint   ] Safepoint "Cleanup", Time since last: 1000524685 ns, Reaching safepoint: 384037 ns, At safepoint: 28479 ns, Total: 412516 ns
[2021-05-01T01:38:51.054+0000][8][safepoint   ] Safepoint "Cleanup", Time since last: 8001603334 ns, Reaching safepoint: 361473 ns, At safepoint: 27147 ns, Total: 388620 ns
[2021-05-01T01:39:01.056+0000][8][safepoint   ] Safepoint "Cleanup", Time since last: 10001573839 ns, Reaching safepoint: 514738 ns, At safepoint: 46460 ns, Total: 561198 ns
[2021-05-01T01:39:01.391+0000][8][gc,start    ] GC(44) Pause Young (Concurrent Start) (G1 Evacuation Pause)
[2021-05-01T01:39:01.391+0000][8][gc,task     ] GC(44) Using 6 workers of 8 for evacuation
[2021-05-01T01:39:01.391+0000][8][gc,age      ] GC(44) Desired survivor size 6291456 bytes, new threshold 15 (max threshold 15)
[2021-05-01T01:39:01.407+0000][8][gc,age      ] GC(44) Age table with threshold 15 (max threshold 15)
[2021-05-01T01:39:01.408+0000][8][gc,age      ] GC(44) - age   1:     804504 bytes,     804504 total
[2021-05-01T01:39:01.408+0000][8][gc,age      ] GC(44) - age   2:       6528 bytes,     811032 total
[2021-05-01T01:39:01.408+0000][8][gc,age      ] GC(44) - age   3:     469880 bytes,    1280912 total
[2021-05-01T01:39:01.408+0000][8][gc,age      ] GC(44) - age   4:     944456 bytes,    2225368 total
[2021-05-01T01:39:01.408+0000][8][gc,age      ] GC(44) - age   5:     118400 bytes,    2343768 total
[2021-05-01T01:39:01.408+0000][8][gc,age      ] GC(44) - age   6:      56144 bytes,    2399912 total
[2021-05-01T01:39:01.408+0000][8][gc,age      ] GC(44) - age   7:    1504248 bytes,    3904160 total
[2021-05-01T01:39:01.408+0000][8][gc,phases   ] GC(44)   Pre Evacuate Collection Set: 0.3ms
[2021-05-01T01:39:01.408+0000][8][gc,phases   ] GC(44)   Merge Heap Roots: 0.2ms
[2021-05-01T01:39:01.408+0000][8][gc,phases   ] GC(44)   Evacuate Collection Set: 13.1ms
[2021-05-01T01:39:01.408+0000][8][gc,phases   ] GC(44)   Post Evacuate Collection Set: 2.5ms
[2021-05-01T01:39:01.408+0000][8][gc,phases   ] GC(44)   Other: 0.7ms
[2021-05-01T01:39:01.408+0000][8][gc,heap     ] GC(44) Eden regions: 21->0(22)
[2021-05-01T01:39:01.408+0000][8][gc,heap     ] GC(44) Survivor regions: 1->1(3)
[2021-05-01T01:39:01.408+0000][8][gc,heap     ] GC(44) Old regions: 25->25
[2021-05-01T01:39:01.408+0000][8][gc,heap     ] GC(44) Archive regions: 2->2
[2021-05-01T01:39:01.408+0000][8][gc,heap     ] GC(44) Humongous regions: 2->2
[2021-05-01T01:39:01.408+0000][8][gc,metaspace] GC(44) Metaspace: 104823K(109460K)->104823K(109460K) NonClass: 90949K(94280K)->90949K(94280K) Class: 13873K(15180K)->13873K(15180K)
[2021-05-01T01:39:01.408+0000][8][gc          ] GC(44) Pause Young (Concurrent Start) (G1 Evacuation Pause) 198M->114M(256M) 17.131ms
[2021-05-01T01:39:01.408+0000][8][gc,cpu      ] GC(44) User=0.07s Sys=0.01s Real=0.01s
[2021-05-01T01:39:01.408+0000][8][safepoint   ] Safepoint "G1CollectForAllocation", Time since last: 334064442 ns, Reaching safepoint: 400023 ns, At safepoint: 17359253 ns, Total: 17759276 ns
[2021-05-01T01:39:01.408+0000][8][gc          ] GC(45) Concurrent Cycle
[2021-05-01T01:39:01.408+0000][8][gc,marking  ] GC(45) Concurrent Clear Claimed Marks
[2021-05-01T01:39:01.409+0000][8][gc,marking  ] GC(45) Concurrent Clear Claimed Marks 0.184ms
[2021-05-01T01:39:01.409+0000][8][gc,marking  ] GC(45) Concurrent Scan Root Regions
[2021-05-01T01:39:01.421+0000][8][gc,marking  ] GC(45) Concurrent Scan Root Regions 12.797ms
[2021-05-01T01:39:01.422+0000][8][gc,marking  ] GC(45) Concurrent Mark (646.088s)
[2021-05-01T01:39:01.422+0000][8][gc,marking  ] GC(45) Concurrent Mark From Roots
[2021-05-01T01:39:01.422+0000][8][gc,task     ] GC(45) Using 2 workers of 2 for marking
[2021-05-01T01:39:01.530+0000][8][gc,marking  ] GC(45) Concurrent Mark From Roots 108.184ms
[2021-05-01T01:39:01.530+0000][8][gc,marking  ] GC(45) Concurrent Preclean
[2021-05-01T01:39:01.530+0000][8][gc,marking  ] GC(45) Concurrent Preclean 0.292ms
[2021-05-01T01:39:01.530+0000][8][gc,marking  ] GC(45) Concurrent Mark (646.088s, 646.197s) 108.549ms
[2021-05-01T01:39:01.530+0000][8][gc,start    ] GC(45) Pause Remark
[2021-05-01T01:39:01.535+0000][8][gc          ] GC(45) Pause Remark 114M->114M(256M) 4.407ms
[2021-05-01T01:39:01.535+0000][8][gc,cpu      ] GC(45) User=0.02s Sys=0.00s Real=0.00s
[2021-05-01T01:39:01.535+0000][8][safepoint   ] Safepoint "G1Concurrent", Time since last: 121880157 ns, Reaching safepoint: 125052 ns, At safepoint: 4481665 ns, Total: 4606717 ns
[2021-05-01T01:39:01.535+0000][8][gc,marking  ] GC(45) Concurrent Rebuild Remembered Sets
[2021-05-01T01:39:01.596+0000][8][gc,marking  ] GC(45) Concurrent Rebuild Remembered Sets 61.457ms
[2021-05-01T01:39:01.596+0000][8][gc,start    ] GC(45) Pause Cleanup
[2021-05-01T01:39:01.597+0000][8][gc          ] GC(45) Pause Cleanup 114M->114M(256M) 0.093ms
[2021-05-01T01:39:01.597+0000][8][gc,cpu      ] GC(45) User=0.01s Sys=0.00s Real=0.00s
[2021-05-01T01:39:01.597+0000][8][safepoint   ] Safepoint "G1Concurrent", Time since last: 61580118 ns, Reaching safepoint: 134332 ns, At safepoint: 142021 ns, Total: 276353 ns
[2021-05-01T01:39:01.597+0000][8][gc,marking  ] GC(45) Concurrent Cleanup for Next Mark
[2021-05-01T01:39:01.597+0000][8][gc,marking  ] GC(45) Concurrent Cleanup for Next Mark 0.180ms
[2021-05-01T01:39:01.597+0000][8][gc          ] GC(45) Concurrent Cycle 188.548ms
[2021-05-01T01:39:09.598+0000][8][safepoint   ] Safepoint "Cleanup", Time since last: 8001039122 ns, Reaching safepoint: 412980 ns, At safepoint: 33426 ns, Total: 446406 ns
[2021-05-01T01:39:10.599+0000][8][safepoint   ] Safepoint "Cleanup", Time since last: 1000210702 ns, Reaching safepoint: 230920 ns, At safepoint: 13071 ns, Total: 243991 ns
[2021-05-01T01:39:12.599+0000][8][safepoint   ] Safepoint "Cleanup", Time since last: 2000423114 ns, Reaching safepoint: 384013 ns, At safepoint: 31998 ns, Total: 416011 ns
[2021-05-01T01:39:15.601+0000][8][safepoint   ] Safepoint "Cleanup", Time since last: 3001017266 ns, Reaching safepoint: 391131 ns, At safepoint: 15183 ns, Total: 406314 ns
[2021-05-01T01:39:18.602+0000][8][safepoint   ] Safepoint "Cleanup", Time since last: 3000386903 ns, Reaching safepoint: 460787 ns, At safepoint: 41673 ns, Total: 502460 ns
[2021-05-01T01:39:20.602+0000][8][safepoint   ] Safepoint "Cleanup", Time since last: 2000426814 ns, Reaching safepoint: 325726 ns, At safepoint: 33188 ns, Total: 358914 ns
[2021-05-01T01:39:21.603+0000][8][safepoint   ] Safepoint "Cleanup", Time since last: 1000212055 ns, Reaching safepoint: 420193 ns, At safepoint: 16319 ns, Total: 436512 ns
[2021-05-01T01:39:23.604+0000][8][safepoint   ] Safepoint "Cleanup", Time since last: 2000359737 ns, Reaching safepoint: 343127 ns, At safepoint: 29850 ns, Total: 372977 ns
[2021-05-01T01:39:25.605+0000][8][safepoint   ] Safepoint "Cleanup", Time since last: 2000401439 ns, Reaching safepoint: 400953 ns, At safepoint: 22543 ns, Total: 423496 ns
[2021-05-01T01:39:33.607+0000][8][safepoint   ] Safepoint "Cleanup", Time since last: 8001436259 ns, Reaching safepoint: 428949 ns, At safepoint: 31474 ns, Total: 460423 ns
[2021-05-01T01:39:36.608+0000][8][safepoint   ] Safepoint "Cleanup", Time since last: 3000581177 ns, Reaching safepoint: 345173 ns, At safepoint: 23926 ns, Total: 369099 ns
[2021-05-01T01:39:39.608+0000][8][safepoint   ] Safepoint "Cleanup", Time since last: 3000484658 ns, Reaching safepoint: 377459 ns, At safepoint: 24923 ns, Total: 402382 ns
[2021-05-01T01:39:40.609+0000][8][safepoint   ] Safepoint "Cleanup", Time since last: 1000275781 ns, Reaching safepoint: 205040 ns, At safepoint: 11363 ns, Total: 216403 ns
[2021-05-01T01:39:42.610+0000][8][safepoint   ] Safepoint "Cleanup", Time since last: 2000309950 ns, Reaching safepoint: 318491 ns, At safepoint: 23994 ns, Total: 342485 ns
[2021-05-01T01:39:46.611+0000][8][safepoint   ] Safepoint "Cleanup", Time since last: 4000962808 ns, Reaching safepoint: 414565 ns, At safepoint: 31950 ns, Total: 446515 ns
[2021-05-01T01:39:50.612+0000][8][safepoint   ] Safepoint "Cleanup", Time since last: 4000649187 ns, Reaching safepoint: 412189 ns, At safepoint: 30209 ns, Total: 442398 ns
[2021-05-01T01:39:51.613+0000][8][safepoint   ] Safepoint "Cleanup", Time since last: 1000260012 ns, Reaching safepoint: 375648 ns, At safepoint: 28510 ns, Total: 404158 ns
[2021-05-01T01:39:57.614+0000][8][safepoint   ] Safepoint "Cleanup", Time since last: 6001011829 ns, Reaching safepoint: 446136 ns, At safepoint: 35480 ns, Total: 481616 ns
[2021-05-01T01:39:58.615+0000][8][safepoint   ] Safepoint "Cleanup", Time since last: 1000212161 ns, Reaching safepoint: 389670 ns, At safepoint: 30447 ns, Total: 420117 ns
[2021-05-01T01:40:00.615+0000][8][safepoint   ] Safepoint "Cleanup", Time since last: 2000288981 ns, Reaching safepoint: 131060 ns, At safepoint: 8957 ns, Total: 140017 ns
[2021-05-01T01:40:03.616+0000][8][safepoint   ] Safepoint "Cleanup", Time since last: 3000436890 ns, Reaching safepoint: 329396 ns, At safepoint: 25643 ns, Total: 355039 ns
[2021-05-01T01:40:06.617+0000][8][safepoint   ] Safepoint "Cleanup", Time since last: 3000513496 ns, Reaching safepoint: 396414 ns, At safepoint: 32341 ns, Total: 428755 ns
[2021-05-01T01:40:07.618+0000][8][safepoint   ] Safepoint "Cleanup", Time since last: 1000232892 ns, Reaching safepoint: 301468 ns, At safepoint: 27201 ns, Total: 328669 ns
[2021-05-01T01:40:08.618+0000][8][safepoint   ] Safepoint "Cleanup", Time since last: 1000199536 ns, Reaching safepoint: 361509 ns, At safepoint: 23931 ns, Total: 385440 ns
[2021-05-01T01:40:09.619+0000][8][safepoint   ] Safepoint "Cleanup", Time since last: 1000288162 ns, Reaching safepoint: 400282 ns, At safepoint: 29240 ns, Total: 429522 ns
[2021-05-01T01:40:10.619+0000][8][safepoint   ] Safepoint "Cleanup", Time since last: 1000257995 ns, Reaching safepoint: 346171 ns, At safepoint: 24349 ns, Total: 370520 ns
[2021-05-01T01:40:11.621+0000][8][safepoint   ] Safepoint "Cleanup", Time since last: 1000593575 ns, Reaching safepoint: 617842 ns, At safepoint: 35069 ns, Total: 652911 ns
[2021-05-01T01:40:12.622+0000][8][safepoint   ] Safepoint "Cleanup", Time since last: 1000232873 ns, Reaching safepoint: 783215 ns, At safepoint: 62662 ns, Total: 845877 ns
[2021-05-01T01:40:35.626+0000][8][safepoint   ] Safepoint "Cleanup", Time since last: 23003788255 ns, Reaching safepoint: 418214 ns, At safepoint: 27313 ns, Total: 445527 ns
[2021-05-01T01:40:37.627+0000][8][safepoint   ] Safepoint "Cleanup", Time since last: 2000413248 ns, Reaching safepoint: 384362 ns, At safepoint: 29992 ns, Total: 414354 ns
[2021-05-01T01:40:39.627+0000][8][safepoint   ] Safepoint "Cleanup", Time since last: 2000327397 ns, Reaching safepoint: 173815 ns, At safepoint: 13256 ns, Total: 187071 ns
[2021-05-01T01:40:40.628+0000][8][safepoint   ] Safepoint "Cleanup", Time since last: 1000370558 ns, Reaching safepoint: 395985 ns, At safepoint: 30624 ns, Total: 426609 ns
[2021-05-01T01:40:42.629+0000][8][safepoint   ] Safepoint "Cleanup", Time since last: 2000409039 ns, Reaching safepoint: 357297 ns, At safepoint: 29116 ns, Total: 386413 ns
[2021-05-01T01:40:50.631+0000][8][safepoint   ] Safepoint "Cleanup", Time since last: 8001347757 ns, Reaching safepoint: 399064 ns, At safepoint: 28452 ns, Total: 427516 ns
[2021-05-01T01:40:51.631+0000][8][safepoint   ] Safepoint "Cleanup", Time since last: 1000202206 ns, Reaching safepoint: 333844 ns, At safepoint: 26649 ns, Total: 360493 ns
[2021-05-01T01:40:52.632+0000][8][safepoint   ] Safepoint "Cleanup", Time since last: 1000240178 ns, Reaching safepoint: 368061 ns, At safepoint: 30267 ns, Total: 398328 ns
[2021-05-01T01:41:01.634+0000][8][safepoint   ] Safepoint "Cleanup", Time since last: 9001161495 ns, Reaching safepoint: 388957 ns, At safepoint: 44047 ns, Total: 433004 ns
[2021-05-01T01:41:03.634+0000][8][safepoint   ] Safepoint "Cleanup", Time since last: 2000432153 ns, Reaching safepoint: 435000 ns, At safepoint: 33481 ns, Total: 468481 ns
[2021-05-01T01:41:06.635+0000][8][safepoint   ] Safepoint "Cleanup", Time since last: 3000460881 ns, Reaching safepoint: 371170 ns, At safepoint: 29536 ns, Total: 400706 ns
[2021-05-01T01:41:12.637+0000][8][safepoint   ] Safepoint "Cleanup", Time since last: 6000922490 ns, Reaching safepoint: 355985 ns, At safepoint: 30717 ns, Total: 386702 ns
[2021-05-01T01:41:13.638+0000][8][safepoint   ] Safepoint "Cleanup", Time since last: 1000512117 ns, Reaching safepoint: 354308 ns, At safepoint: 27195 ns, Total: 381503 ns
[2021-05-01T01:41:16.638+0000][8][gc,start    ] GC(46) Pause Young (Normal) (G1 Evacuation Pause)
[2021-05-01T01:41:16.638+0000][8][gc,task     ] GC(46) Using 6 workers of 8 for evacuation
[2021-05-01T01:41:16.638+0000][8][gc,age      ] GC(46) Desired survivor size 6291456 bytes, new threshold 15 (max threshold 15)
[2021-05-01T01:41:16.655+0000][8][gc,age      ] GC(46) Age table with threshold 15 (max threshold 15)
[2021-05-01T01:41:16.655+0000][8][gc,age      ] GC(46) - age   1:     516968 bytes,     516968 total
[2021-05-01T01:41:16.655+0000][8][gc,age      ] GC(46) - age   2:     291696 bytes,     808664 total
[2021-05-01T01:41:16.655+0000][8][gc,age      ] GC(46) - age   3:       6008 bytes,     814672 total
[2021-05-01T01:41:16.655+0000][8][gc,age      ] GC(46) - age   4:     469784 bytes,    1284456 total
[2021-05-01T01:41:16.655+0000][8][gc,age      ] GC(46) - age   5:     944456 bytes,    2228912 total
[2021-05-01T01:41:16.655+0000][8][gc,age      ] GC(46) - age   6:     118376 bytes,    2347288 total
[2021-05-01T01:41:16.655+0000][8][gc,age      ] GC(46) - age   7:      56144 bytes,    2403432 total
[2021-05-01T01:41:16.655+0000][8][gc,age      ] GC(46) - age   8:    1504232 bytes,    3907664 total
[2021-05-01T01:41:16.655+0000][8][gc,phases   ] GC(46)   Pre Evacuate Collection Set: 0.2ms
[2021-05-01T01:41:16.655+0000][8][gc,phases   ] GC(46)   Merge Heap Roots: 0.3ms
[2021-05-01T01:41:16.655+0000][8][gc,phases   ] GC(46)   Evacuate Collection Set: 13.6ms
[2021-05-01T01:41:16.655+0000][8][gc,phases   ] GC(46)   Post Evacuate Collection Set: 2.3ms
[2021-05-01T01:41:16.655+0000][8][gc,phases   ] GC(46)   Other: 0.8ms
[2021-05-01T01:41:16.655+0000][8][gc,heap     ] GC(46) Eden regions: 22->0(21)
[2021-05-01T01:41:16.655+0000][8][gc,heap     ] GC(46) Survivor regions: 1->2(3)
[2021-05-01T01:41:16.655+0000][8][gc,heap     ] GC(46) Old regions: 25->25
[2021-05-01T01:41:16.655+0000][8][gc,heap     ] GC(46) Archive regions: 2->2
[2021-05-01T01:41:16.655+0000][8][gc,heap     ] GC(46) Humongous regions: 2->2
[2021-05-01T01:41:16.655+0000][8][gc,metaspace] GC(46) Metaspace: 105005K(109716K)->105005K(109716K) NonClass: 91131K(94536K)->91131K(94536K) Class: 13873K(15180K)->13873K(15180K)
[2021-05-01T01:41:16.656+0000][8][gc          ] GC(46) Pause Young (Normal) (G1 Evacuation Pause) 202M->114M(256M) 17.549ms
[2021-05-01T01:41:16.656+0000][8][gc,cpu      ] GC(46) User=0.07s Sys=0.00s Real=0.02s
[2021-05-01T01:41:16.656+0000][8][safepoint   ] Safepoint "G1CollectForAllocation", Time since last: 2999929790 ns, Reaching safepoint: 402426 ns, At safepoint: 17829744 ns, Total: 18232170 ns
[2021-05-01T01:41:17.656+0000][8][safepoint   ] Safepoint "Cleanup", Time since last: 1000248332 ns, Reaching safepoint: 383973 ns, At safepoint: 27597 ns, Total: 411570 ns
[2021-05-01T01:41:20.657+0000][8][safepoint   ] Safepoint "Cleanup", Time since last: 3000389881 ns, Reaching safepoint: 215673 ns, At safepoint: 20627 ns, Total: 236300 ns
[2021-05-01T01:41:27.665+0000][8][safepoint   ] Safepoint "Cleanup", Time since last: 7007623839 ns, Reaching safepoint: 320503 ns, At safepoint: 25170 ns, Total: 345673 ns
[2021-05-01T01:41:32.666+0000][8][safepoint   ] Safepoint "Cleanup", Time since last: 5000812381 ns, Reaching safepoint: 411961 ns, At safepoint: 27032 ns, Total: 438993 ns
[2021-05-01T01:41:33.667+0000][8][safepoint   ] Safepoint "Cleanup", Time since last: 1000281219 ns, Reaching safepoint: 334427 ns, At safepoint: 25790 ns, Total: 360217 ns
[2021-05-01T01:41:36.668+0000][8][safepoint   ] Safepoint "Cleanup", Time since last: 3001122424 ns, Reaching safepoint: 407443 ns, At safepoint: 31475 ns, Total: 438918 ns
[2021-05-01T01:41:37.669+0000][8][safepoint   ] Safepoint "Cleanup", Time since last: 1000221869 ns, Reaching safepoint: 382954 ns, At safepoint: 22132 ns, Total: 405086 ns
[2021-05-01T01:41:39.669+0000][8][safepoint   ] Safepoint "Cleanup", Time since last: 2000266493 ns, Reaching safepoint: 128656 ns, At safepoint: 9559 ns, Total: 138215 ns
[2021-05-01T01:41:40.670+0000][8][safepoint   ] Safepoint "Cleanup", Time since last: 1000138732 ns, Reaching safepoint: 339956 ns, At safepoint: 61512 ns, Total: 401468 ns
[2021-05-01T01:41:42.671+0000][8][safepoint   ] Safepoint "Cleanup", Time since last: 2000300971 ns, Reaching safepoint: 438766 ns, At safepoint: 40264 ns, Total: 479030 ns
[2021-05-01T01:41:43.672+0000][8][safepoint   ] Safepoint "Cleanup", Time since last: 1000659957 ns, Reaching safepoint: 301689 ns, At safepoint: 28153 ns, Total: 329842 ns
[2021-05-01T01:41:44.672+0000][8][safepoint   ] Safepoint "Cleanup", Time since last: 1000257054 ns, Reaching safepoint: 405672 ns, At safepoint: 35449 ns, Total: 441121 ns
[2021-05-01T01:41:50.674+0000][8][safepoint   ] Safepoint "Cleanup", Time since last: 6001051560 ns, Reaching safepoint: 412497 ns, At safepoint: 37234 ns, Total: 449731 ns
[2021-05-01T01:41:51.675+0000][8][safepoint   ] Safepoint "Cleanup", Time since last: 1000217582 ns, Reaching safepoint: 366351 ns, At safepoint: 24580 ns, Total: 390931 ns
[2021-05-01T01:41:52.675+0000][8][safepoint   ] Safepoint "Cleanup", Time since last: 1000245702 ns, Reaching safepoint: 444149 ns, At safepoint: 31397 ns, Total: 475546 ns
[2021-05-01T01:41:57.677+0000][8][safepoint   ] Safepoint "Cleanup", Time since last: 5000832394 ns, Reaching safepoint: 424041 ns, At safepoint: 51101 ns, Total: 475142 ns
[2021-05-01T01:42:00.677+0000][8][safepoint   ] Safepoint "Cleanup", Time since last: 3000528403 ns, Reaching safepoint: 246812 ns, At safepoint: 12915 ns, Total: 259727 ns
[2021-05-01T01:42:10.679+0000][8][safepoint   ] Safepoint "Cleanup", Time since last: 10001350903 ns, Reaching safepoint: 429115 ns, At safepoint: 30617 ns, Total: 459732 ns
[2021-05-01T01:42:11.680+0000][8][safepoint   ] Safepoint "Cleanup", Time since last: 1000257985 ns, Reaching safepoint: 312373 ns, At safepoint: 26950 ns, Total: 339323 ns
[2021-05-01T01:42:12.680+0000][8][safepoint   ] Safepoint "Cleanup", Time since last: 1000264110 ns, Reaching safepoint: 382586 ns, At safepoint: 29766 ns, Total: 412352 ns
[2021-05-01T01:42:13.681+0000][8][safepoint   ] Safepoint "Cleanup", Time since last: 1000202956 ns, Reaching safepoint: 427145 ns, At safepoint: 34087 ns, Total: 461232 ns
[2021-05-01T01:42:28.684+0000][8][safepoint   ] Safepoint "Cleanup", Time since last: 15002073877 ns, Reaching safepoint: 401292 ns, At safepoint: 29652 ns, Total: 430944 ns
[2021-05-01T01:42:30.684+0000][8][safepoint   ] Safepoint "Cleanup", Time since last: 2000418703 ns, Reaching safepoint: 360198 ns, At safepoint: 29772 ns, Total: 389970 ns
[2021-05-01T01:42:33.685+0000][8][safepoint   ] Safepoint "Cleanup", Time since last: 3000532137 ns, Reaching safepoint: 425929 ns, At safepoint: 34358 ns, Total: 460287 ns
[2021-05-01T01:42:34.686+0000][8][safepoint   ] Safepoint "Cleanup", Time since last: 1000195151 ns, Reaching safepoint: 383147 ns, At safepoint: 39339 ns, Total: 422486 ns
[2021-05-01T01:42:35.687+0000][8][safepoint   ] Safepoint "Cleanup", Time since last: 1000247044 ns, Reaching safepoint: 438639 ns, At safepoint: 26505 ns, Total: 465144 ns
[2021-05-01T01:42:36.687+0000][8][safepoint   ] Safepoint "Cleanup", Time since last: 1000199634 ns, Reaching safepoint: 252738 ns, At safepoint: 20646 ns, Total: 273384 ns
[2021-05-01T01:42:38.688+0000][8][safepoint   ] Safepoint "Cleanup", Time since last: 2000430021 ns, Reaching safepoint: 359884 ns, At safepoint: 28611 ns, Total: 388495 ns
[2021-05-01T01:42:39.689+0000][8][safepoint   ] Safepoint "Cleanup", Time since last: 1000198822 ns, Reaching safepoint: 296742 ns, At safepoint: 22310 ns, Total: 319052 ns
[2021-05-01T01:42:40.689+0000][8][safepoint   ] Safepoint "Cleanup", Time since last: 1000186469 ns, Reaching safepoint: 236940 ns, At safepoint: 17279 ns, Total: 254219 ns
[2021-05-01T01:42:41.692+0000][8][safepoint   ] Safepoint "Cleanup", Time since last: 1002651761 ns, Reaching safepoint: 498887 ns, At safepoint: 40510 ns, Total: 539397 ns
[2021-05-01T01:42:42.693+0000][8][safepoint   ] Safepoint "Cleanup", Time since last: 1000253591 ns, Reaching safepoint: 342983 ns, At safepoint: 29650 ns, Total: 372633 ns
[2021-05-01T01:42:43.694+0000][8][safepoint   ] Safepoint "Cleanup", Time since last: 1000587310 ns, Reaching safepoint: 335657 ns, At safepoint: 26018 ns, Total: 361675 ns
[2021-05-01T01:42:45.694+0000][8][safepoint   ] Safepoint "Cleanup", Time since last: 2000321217 ns, Reaching safepoint: 372021 ns, At safepoint: 28478 ns, Total: 400499 ns
[2021-05-01T01:42:50.702+0000][8][safepoint   ] Safepoint "Cleanup", Time since last: 5007629744 ns, Reaching safepoint: 329852 ns, At safepoint: 20582 ns, Total: 350434 ns
[2021-05-01T01:42:55.711+0000][8][safepoint   ] Safepoint "Cleanup", Time since last: 5007679270 ns, Reaching safepoint: 404481 ns, At safepoint: 28620 ns, Total: 433101 ns
[2021-05-01T01:43:03.715+0000][8][safepoint   ] Safepoint "Cleanup", Time since last: 8004189909 ns, Reaching safepoint: 364341 ns, At safepoint: 24221 ns, Total: 388562 ns
[2021-05-01T01:43:08.716+0000][8][safepoint   ] Safepoint "Cleanup", Time since last: 5000855150 ns, Reaching safepoint: 392542 ns, At safepoint: 28196 ns, Total: 420738 ns
[2021-05-01T01:43:12.717+0000][8][safepoint   ] Safepoint "Cleanup", Time since last: 4000619725 ns, Reaching safepoint: 353284 ns, At safepoint: 26221 ns, Total: 379505 ns
[2021-05-01T01:43:19.719+0000][8][safepoint   ] Safepoint "Cleanup", Time since last: 7001039053 ns, Reaching safepoint: 365589 ns, At safepoint: 28483 ns, Total: 394072 ns
[2021-05-01T01:43:20.719+0000][8][safepoint   ] Safepoint "Cleanup", Time since last: 1000160425 ns, Reaching safepoint: 100896 ns, At safepoint: 5691 ns, Total: 106587 ns
[2021-05-01T01:43:22.720+0000][8][safepoint   ] Safepoint "Cleanup", Time since last: 2000287142 ns, Reaching safepoint: 370908 ns, At safepoint: 31582 ns, Total: 402490 ns
[2021-05-01T01:43:32.823+0000][8][gc,start    ] GC(47) Pause Young (Concurrent Start) (G1 Evacuation Pause)
[2021-05-01T01:43:32.823+0000][8][gc,task     ] GC(47) Using 6 workers of 8 for evacuation
[2021-05-01T01:43:32.823+0000][8][gc,age      ] GC(47) Desired survivor size 6291456 bytes, new threshold 15 (max threshold 15)
[2021-05-01T01:43:32.839+0000][8][gc,age      ] GC(47) Age table with threshold 15 (max threshold 15)
[2021-05-01T01:43:32.840+0000][8][gc,age      ] GC(47) - age   1:     535624 bytes,     535624 total
[2021-05-01T01:43:32.840+0000][8][gc,age      ] GC(47) - age   2:       8488 bytes,     544112 total
[2021-05-01T01:43:32.840+0000][8][gc,age      ] GC(47) - age   3:     168704 bytes,     712816 total
[2021-05-01T01:43:32.840+0000][8][gc,age      ] GC(47) - age   4:       6008 bytes,     718824 total
[2021-05-01T01:43:32.840+0000][8][gc,age      ] GC(47) - age   5:     469688 bytes,    1188512 total
[2021-05-01T01:43:32.840+0000][8][gc,age      ] GC(47) - age   6:     944008 bytes,    2132520 total
[2021-05-01T01:43:32.840+0000][8][gc,age      ] GC(47) - age   7:     118376 bytes,    2250896 total
[2021-05-01T01:43:32.840+0000][8][gc,age      ] GC(47) - age   8:      56144 bytes,    2307040 total
[2021-05-01T01:43:32.840+0000][8][gc,age      ] GC(47) - age   9:    1504232 bytes,    3811272 total
[2021-05-01T01:43:32.840+0000][8][gc,phases   ] GC(47)   Pre Evacuate Collection Set: 0.4ms
[2021-05-01T01:43:32.840+0000][8][gc,phases   ] GC(47)   Merge Heap Roots: 0.2ms
[2021-05-01T01:43:32.840+0000][8][gc,phases   ] GC(47)   Evacuate Collection Set: 13.1ms
[2021-05-01T01:43:32.840+0000][8][gc,phases   ] GC(47)   Post Evacuate Collection Set: 2.4ms
[2021-05-01T01:43:32.840+0000][8][gc,phases   ] GC(47)   Other: 0.9ms
[2021-05-01T01:43:32.840+0000][8][gc,heap     ] GC(47) Eden regions: 21->0(22)
[2021-05-01T01:43:32.840+0000][8][gc,heap     ] GC(47) Survivor regions: 2->1(3)
[2021-05-01T01:43:32.840+0000][8][gc,heap     ] GC(47) Old regions: 25->25
[2021-05-01T01:43:32.840+0000][8][gc,heap     ] GC(47) Archive regions: 2->2
[2021-05-01T01:43:32.840+0000][8][gc,heap     ] GC(47) Humongous regions: 2->2
[2021-05-01T01:43:32.840+0000][8][gc,metaspace] GC(47) Metaspace: 105195K(109716K)->105195K(109716K) NonClass: 91321K(94536K)->91321K(94536K) Class: 13874K(15180K)->13874K(15180K)
[2021-05-01T01:43:32.840+0000][8][gc          ] GC(47) Pause Young (Concurrent Start) (G1 Evacuation Pause) 198M->114M(256M) 17.106ms
[2021-05-01T01:43:32.840+0000][8][gc,cpu      ] GC(47) User=0.06s Sys=0.00s Real=0.01s
[2021-05-01T01:43:32.840+0000][8][safepoint   ] Safepoint "G1CollectForAllocation", Time since last: 10102557370 ns, Reaching safepoint: 402583 ns, At safepoint: 17507057 ns, Total: 17909640 ns
[2021-05-01T01:43:32.840+0000][8][gc          ] GC(48) Concurrent Cycle
[2021-05-01T01:43:32.840+0000][8][gc,marking  ] GC(48) Concurrent Clear Claimed Marks
[2021-05-01T01:43:32.841+0000][8][gc,marking  ] GC(48) Concurrent Clear Claimed Marks 0.208ms
[2021-05-01T01:43:32.841+0000][8][gc,marking  ] GC(48) Concurrent Scan Root Regions
[2021-05-01T01:43:32.851+0000][8][gc,marking  ] GC(48) Concurrent Scan Root Regions 10.145ms
[2021-05-01T01:43:32.851+0000][8][gc,marking  ] GC(48) Concurrent Mark (917.518s)
[2021-05-01T01:43:32.851+0000][8][gc,marking  ] GC(48) Concurrent Mark From Roots
[2021-05-01T01:43:32.851+0000][8][gc,task     ] GC(48) Using 2 workers of 2 for marking
[2021-05-01T01:43:32.964+0000][8][gc,marking  ] GC(48) Concurrent Mark From Roots 112.990ms
[2021-05-01T01:43:32.964+0000][8][gc,marking  ] GC(48) Concurrent Preclean
[2021-05-01T01:43:32.964+0000][8][gc,marking  ] GC(48) Concurrent Preclean 0.249ms
[2021-05-01T01:43:32.964+0000][8][gc,marking  ] GC(48) Concurrent Mark (917.518s, 917.631s) 113.304ms
[2021-05-01T01:43:32.964+0000][8][gc,start    ] GC(48) Pause Remark
[2021-05-01T01:43:32.969+0000][8][gc          ] GC(48) Pause Remark 116M->116M(256M) 4.656ms
[2021-05-01T01:43:32.969+0000][8][gc,cpu      ] GC(48) User=0.03s Sys=0.00s Real=0.00s
[2021-05-01T01:43:32.969+0000][8][safepoint   ] Safepoint "G1Concurrent", Time since last: 123915945 ns, Reaching safepoint: 105497 ns, At safepoint: 4730370 ns, Total: 4835867 ns
[2021-05-01T01:43:32.969+0000][8][gc,marking  ] GC(48) Concurrent Rebuild Remembered Sets
[2021-05-01T01:43:33.030+0000][8][gc,marking  ] GC(48) Concurrent Rebuild Remembered Sets 61.333ms
[2021-05-01T01:43:33.031+0000][8][gc,start    ] GC(48) Pause Cleanup
[2021-05-01T01:43:33.031+0000][8][gc          ] GC(48) Pause Cleanup 116M->116M(256M) 0.348ms
[2021-05-01T01:43:33.031+0000][8][gc,cpu      ] GC(48) User=0.00s Sys=0.00s Real=0.00s
[2021-05-01T01:43:33.031+0000][8][safepoint   ] Safepoint "G1Concurrent", Time since last: 61492082 ns, Reaching safepoint: 93841 ns, At safepoint: 390520 ns, Total: 484361 ns
[2021-05-01T01:43:33.031+0000][8][gc,marking  ] GC(48) Concurrent Cleanup for Next Mark
[2021-05-01T01:43:33.031+0000][8][gc,marking  ] GC(48) Concurrent Cleanup for Next Mark 0.169ms
[2021-05-01T01:43:33.031+0000][8][gc          ] GC(48) Concurrent Cycle 190.970ms
[2021-05-01T01:43:37.032+0000][8][safepoint   ] Safepoint "Cleanup", Time since last: 4000753823 ns, Reaching safepoint: 294186 ns, At safepoint: 27437 ns, Total: 321623 ns
[2021-05-01T01:43:38.033+0000][8][safepoint   ] Safepoint "Cleanup", Time since last: 1000267493 ns, Reaching safepoint: 359004 ns, At safepoint: 34469 ns, Total: 393473 ns
[2021-05-01T01:43:39.033+0000][8][safepoint   ] Safepoint "Cleanup", Time since last: 1000205155 ns, Reaching safepoint: 303954 ns, At safepoint: 23409 ns, Total: 327363 ns
[2021-05-01T01:43:40.034+0000][8][safepoint   ] Safepoint "Cleanup", Time since last: 1000238678 ns, Reaching safepoint: 301791 ns, At safepoint: 60446 ns, Total: 362237 ns
[2021-05-01T01:43:43.035+0000][8][safepoint   ] Safepoint "Cleanup", Time since last: 3000387278 ns, Reaching safepoint: 415942 ns, At safepoint: 32482 ns, Total: 448424 ns
[2021-05-01T01:43:46.036+0000][8][safepoint   ] Safepoint "Cleanup", Time since last: 3000743185 ns, Reaching safepoint: 229295 ns, At safepoint: 10871 ns, Total: 240166 ns
[2021-05-01T01:43:51.037+0000][8][safepoint   ] Safepoint "Cleanup", Time since last: 5000753690 ns, Reaching safepoint: 411294 ns, At safepoint: 31030 ns, Total: 442324 ns
[2021-05-01T01:44:01.039+0000][8][safepoint   ] Safepoint "Cleanup", Time since last: 10001379618 ns, Reaching safepoint: 341365 ns, At safepoint: 27058 ns, Total: 368423 ns
[2021-05-01T01:44:03.039+0000][8][safepoint   ] Safepoint "Cleanup", Time since last: 2000341102 ns, Reaching safepoint: 307580 ns, At safepoint: 23059 ns, Total: 330639 ns
[2021-05-01T01:44:07.040+0000][8][safepoint   ] Safepoint "Cleanup", Time since last: 4000492569 ns, Reaching safepoint: 377075 ns, At safepoint: 25565 ns, Total: 402640 ns
[2021-05-01T01:44:11.041+0000][8][safepoint   ] Safepoint "Cleanup", Time since last: 4000724083 ns, Reaching safepoint: 315804 ns, At safepoint: 25601 ns, Total: 341405 ns
[2021-05-01T01:44:13.042+0000][8][safepoint   ] Safepoint "Cleanup", Time since last: 2000356523 ns, Reaching safepoint: 374583 ns, At safepoint: 32550 ns, Total: 407133 ns
[2021-05-01T01:44:21.044+0000][8][safepoint   ] Safepoint "Cleanup", Time since last: 8000986914 ns, Reaching safepoint: 436915 ns, At safepoint: 34431 ns, Total: 471346 ns
[2021-05-01T01:44:31.045+0000][8][safepoint   ] Safepoint "Cleanup", Time since last: 10001390993 ns, Reaching safepoint: 400956 ns, At safepoint: 28404 ns, Total: 429360 ns
[2021-05-01T01:44:37.047+0000][8][safepoint   ] Safepoint "Cleanup", Time since last: 6000855555 ns, Reaching safepoint: 309916 ns, At safepoint: 19457 ns, Total: 329373 ns
[2021-05-01T01:44:38.047+0000][8][safepoint   ] Safepoint "Cleanup", Time since last: 1000255312 ns, Reaching safepoint: 284610 ns, At safepoint: 28605 ns, Total: 313215 ns
[2021-05-01T01:44:39.048+0000][8][safepoint   ] Safepoint "Cleanup", Time since last: 1000252691 ns, Reaching safepoint: 337279 ns, At safepoint: 18720 ns, Total: 355999 ns
[2021-05-01T01:44:40.048+0000][8][safepoint   ] Safepoint "Cleanup", Time since last: 1000248526 ns, Reaching safepoint: 354798 ns, At safepoint: 32145 ns, Total: 386943 ns
[2021-05-01T01:44:43.049+0000][8][safepoint   ] Safepoint "Cleanup", Time since last: 3000489124 ns, Reaching safepoint: 410333 ns, At safepoint: 29207 ns, Total: 439540 ns
[2021-05-01T01:44:53.051+0000][8][safepoint   ] Safepoint "Cleanup", Time since last: 10001287996 ns, Reaching safepoint: 392795 ns, At safepoint: 41850 ns, Total: 434645 ns
[2021-05-01T01:45:05.053+0000][8][safepoint   ] Safepoint "Cleanup", Time since last: 12001720120 ns, Reaching safepoint: 383608 ns, At safepoint: 31478 ns, Total: 415086 ns
[2021-05-01T01:45:06.053+0000][8][safepoint   ] Safepoint "Cleanup", Time since last: 1000215538 ns, Reaching safepoint: 139362 ns, At safepoint: 8506 ns, Total: 147868 ns
[2021-05-01T01:45:08.054+0000][8][safepoint   ] Safepoint "Cleanup", Time since last: 2000583079 ns, Reaching safepoint: 326184 ns, At safepoint: 24859 ns, Total: 351043 ns
[2021-05-01T01:45:10.055+0000][8][safepoint   ] Safepoint "Cleanup", Time since last: 2000314357 ns, Reaching safepoint: 318503 ns, At safepoint: 21183 ns, Total: 339686 ns
[2021-05-01T01:45:11.056+0000][8][safepoint   ] Safepoint "Cleanup", Time since last: 1000174752 ns, Reaching safepoint: 283931 ns, At safepoint: 29261 ns, Total: 313192 ns
[2021-05-01T01:45:13.056+0000][8][safepoint   ] Safepoint "Cleanup", Time since last: 2000398043 ns, Reaching safepoint: 249851 ns, At safepoint: 24302 ns, Total: 274153 ns
[2021-05-01T01:45:21.058+0000][8][safepoint   ] Safepoint "Cleanup", Time since last: 8001664968 ns, Reaching safepoint: 379900 ns, At safepoint: 29740 ns, Total: 409640 ns
[2021-05-01T01:45:31.060+0000][8][safepoint   ] Safepoint "Cleanup", Time since last: 10001560282 ns, Reaching safepoint: 472903 ns, At safepoint: 36057 ns, Total: 508960 ns
[2021-05-01T01:45:37.062+0000][8][safepoint   ] Safepoint "Cleanup", Time since last: 6000866015 ns, Reaching safepoint: 403260 ns, At safepoint: 25830 ns, Total: 429090 ns
[2021-05-01T01:45:38.062+0000][8][safepoint   ] Safepoint "Cleanup", Time since last: 1000251264 ns, Reaching safepoint: 352013 ns, At safepoint: 34586 ns, Total: 386599 ns
[2021-05-01T01:45:39.063+0000][8][safepoint   ] Safepoint "Cleanup", Time since last: 1000215345 ns, Reaching safepoint: 316932 ns, At safepoint: 28260 ns, Total: 345192 ns
[2021-05-01T01:45:42.100+0000][8][gc,start    ] GC(49) Pause Young (Normal) (G1 Evacuation Pause)
[2021-05-01T01:45:42.107+0000][8][gc,task     ] GC(49) Using 6 workers of 8 for evacuation
[2021-05-01T01:45:42.107+0000][8][gc,age      ] GC(49) Desired survivor size 6291456 bytes, new threshold 15 (max threshold 15)
[2021-05-01T01:45:42.123+0000][8][gc,age      ] GC(49) Age table with threshold 15 (max threshold 15)
[2021-05-01T01:45:42.123+0000][8][gc,age      ] GC(49) - age   1:     332864 bytes,     332864 total
[2021-05-01T01:45:42.123+0000][8][gc,age      ] GC(49) - age   2:      18088 bytes,     350952 total
[2021-05-01T01:45:42.123+0000][8][gc,age      ] GC(49) - age   3:       8344 bytes,     359296 total
[2021-05-01T01:45:42.123+0000][8][gc,age      ] GC(49) - age   4:     168344 bytes,     527640 total
[2021-05-01T01:45:42.123+0000][8][gc,age      ] GC(49) - age   5:       6008 bytes,     533648 total
[2021-05-01T01:45:42.123+0000][8][gc,age      ] GC(49) - age   6:     468128 bytes,    1001776 total
[2021-05-01T01:45:42.123+0000][8][gc,age      ] GC(49) - age   7:     943912 bytes,    1945688 total
[2021-05-01T01:45:42.123+0000][8][gc,age      ] GC(49) - age   8:     118376 bytes,    2064064 total
[2021-05-01T01:45:42.123+0000][8][gc,age      ] GC(49) - age   9:      56144 bytes,    2120208 total
[2021-05-01T01:45:42.123+0000][8][gc,age      ] GC(49) - age  10:    1504232 bytes,    3624440 total
[2021-05-01T01:45:42.123+0000][8][gc,phases   ] GC(49)   Pre Evacuate Collection Set: 0.2ms
[2021-05-01T01:45:42.123+0000][8][gc,phases   ] GC(49)   Merge Heap Roots: 0.3ms
[2021-05-01T01:45:42.123+0000][8][gc,phases   ] GC(49)   Evacuate Collection Set: 13.0ms
[2021-05-01T01:45:42.123+0000][8][gc,phases   ] GC(49)   Post Evacuate Collection Set: 1.8ms
[2021-05-01T01:45:42.123+0000][8][gc,phases   ] GC(49)   Other: 7.3ms
[2021-05-01T01:45:42.123+0000][8][gc,heap     ] GC(49) Eden regions: 22->0(22)
[2021-05-01T01:45:42.123+0000][8][gc,heap     ] GC(49) Survivor regions: 1->1(3)
[2021-05-01T01:45:42.123+0000][8][gc,heap     ] GC(49) Old regions: 25->25
[2021-05-01T01:45:42.123+0000][8][gc,heap     ] GC(49) Archive regions: 2->2
[2021-05-01T01:45:42.123+0000][8][gc,heap     ] GC(49) Humongous regions: 2->2
[2021-05-01T01:45:42.123+0000][8][gc,metaspace] GC(49) Metaspace: 105357K(109972K)->105357K(109972K) NonClass: 91481K(94792K)->91481K(94792K) Class: 13876K(15180K)->13876K(15180K)
[2021-05-01T01:45:42.123+0000][8][gc          ] GC(49) Pause Young (Normal) (G1 Evacuation Pause) 202M->114M(256M) 22.892ms
[2021-05-01T01:45:42.123+0000][8][gc,cpu      ] GC(49) User=0.06s Sys=0.00s Real=0.03s
[2021-05-01T01:45:42.123+0000][8][safepoint   ] Safepoint "G1CollectForAllocation", Time since last: 3037146063 ns, Reaching safepoint: 359218 ns, At safepoint: 23128876 ns, Total: 23488094 ns
[2021-05-01T01:45:43.124+0000][8][safepoint   ] Safepoint "Cleanup", Time since last: 1000393830 ns, Reaching safepoint: 363821 ns, At safepoint: 33051 ns, Total: 396872 ns
[2021-05-01T01:45:44.125+0000][8][safepoint   ] Safepoint "Cleanup", Time since last: 1000509247 ns, Reaching safepoint: 324495 ns, At safepoint: 30905 ns, Total: 355400 ns
[2021-05-01T01:46:03.128+0000][8][safepoint   ] Safepoint "Cleanup", Time since last: 19002612859 ns, Reaching safepoint: 354772 ns, At safepoint: 24004 ns, Total: 378776 ns
[2021-05-01T01:46:13.130+0000][8][safepoint   ] Safepoint "Cleanup", Time since last: 10001370655 ns, Reaching safepoint: 302927 ns, At safepoint: 48030 ns, Total: 350957 ns
[2021-05-01T01:46:17.131+0000][8][safepoint   ] Safepoint "Cleanup", Time since last: 4000943126 ns, Reaching safepoint: 366275 ns, At safepoint: 32087 ns, Total: 398362 ns
[2021-05-01T01:46:21.132+0000][8][safepoint   ] Safepoint "Cleanup", Time since last: 4000676646 ns, Reaching safepoint: 446382 ns, At safepoint: 34961 ns, Total: 481343 ns
[2021-05-01T01:46:37.135+0000][8][safepoint   ] Safepoint "Cleanup", Time since last: 16002376108 ns, Reaching safepoint: 578312 ns, At safepoint: 42828 ns, Total: 621140 ns
[2021-05-01T01:46:38.136+0000][8][safepoint   ] Safepoint "Cleanup", Time since last: 1000305455 ns, Reaching safepoint: 426684 ns, At safepoint: 36668 ns, Total: 463352 ns
[2021-05-01T01:46:39.137+0000][8][safepoint   ] Safepoint "Cleanup", Time since last: 1000227761 ns, Reaching safepoint: 377390 ns, At safepoint: 37152 ns, Total: 414542 ns
[2021-05-01T01:46:43.138+0000][8][safepoint   ] Safepoint "Cleanup", Time since last: 4000592509 ns, Reaching safepoint: 317431 ns, At safepoint: 44970 ns, Total: 362401 ns
[2021-05-01T01:46:59.141+0000][8][safepoint   ] Safepoint "Cleanup", Time since last: 16002761444 ns, Reaching safepoint: 413566 ns, At safepoint: 32929 ns, Total: 446495 ns
[2021-05-01T01:47:07.142+0000][8][safepoint   ] Safepoint "Cleanup", Time since last: 8001249269 ns, Reaching safepoint: 164132 ns, At safepoint: 8050 ns, Total: 172182 ns
[2021-05-01T01:47:10.143+0000][8][safepoint   ] Safepoint "Cleanup", Time since last: 3000383585 ns, Reaching safepoint: 297895 ns, At safepoint: 24818 ns, Total: 322713 ns
[2021-05-01T01:47:12.144+0000][8][safepoint   ] Safepoint "Cleanup", Time since last: 2000339391 ns, Reaching safepoint: 336571 ns, At safepoint: 25394 ns, Total: 361965 ns
[2021-05-01T01:47:13.145+0000][8][safepoint   ] Safepoint "Cleanup", Time since last: 1000441914 ns, Reaching safepoint: 370793 ns, At safepoint: 29942 ns, Total: 400735 ns
[2021-05-01T01:47:23.147+0000][8][safepoint   ] Safepoint "Cleanup", Time since last: 10001521389 ns, Reaching safepoint: 363946 ns, At safepoint: 32292 ns, Total: 396238 ns
[2021-05-01T01:47:33.149+0000][8][safepoint   ] Safepoint "Cleanup", Time since last: 10001612818 ns, Reaching safepoint: 380268 ns, At safepoint: 31125 ns, Total: 411393 ns
[2021-05-01T01:47:37.150+0000][8][safepoint   ] Safepoint "Cleanup", Time since last: 4000793836 ns, Reaching safepoint: 369551 ns, At safepoint: 29486 ns, Total: 399037 ns
[2021-05-01T01:47:39.150+0000][8][safepoint   ] Safepoint "Cleanup", Time since last: 2000308513 ns, Reaching safepoint: 360682 ns, At safepoint: 18647 ns, Total: 379329 ns
[2021-05-01T01:47:40.151+0000][8][safepoint   ] Safepoint "Cleanup", Time since last: 1000234568 ns, Reaching safepoint: 329799 ns, At safepoint: 28109 ns, Total: 357908 ns
[2021-05-01T01:47:41.152+0000][8][safepoint   ] Safepoint "Cleanup", Time since last: 1000202695 ns, Reaching safepoint: 356236 ns, At safepoint: 33204 ns, Total: 389440 ns
[2021-05-01T01:47:43.152+0000][8][safepoint   ] Safepoint "Cleanup", Time since last: 2000423726 ns, Reaching safepoint: 369681 ns, At safepoint: 31818 ns, Total: 401499 ns
[2021-05-01T01:47:59.355+0000][8][gc,start    ] GC(50) Pause Young (Concurrent Start) (G1 Evacuation Pause)
[2021-05-01T01:47:59.355+0000][8][gc,task     ] GC(50) Using 6 workers of 8 for evacuation
[2021-05-01T01:47:59.355+0000][8][gc,age      ] GC(50) Desired survivor size 6291456 bytes, new threshold 15 (max threshold 15)
[2021-05-01T01:47:59.371+0000][8][gc,age      ] GC(50) Age table with threshold 15 (max threshold 15)
[2021-05-01T01:47:59.371+0000][8][gc,age      ] GC(50) - age   1:     511536 bytes,     511536 total
[2021-05-01T01:47:59.371+0000][8][gc,age      ] GC(50) - age   2:      13728 bytes,     525264 total
[2021-05-01T01:47:59.371+0000][8][gc,age      ] GC(50) - age   3:      14120 bytes,     539384 total
[2021-05-01T01:47:59.371+0000][8][gc,age      ] GC(50) - age   4:       8320 bytes,     547704 total
[2021-05-01T01:47:59.371+0000][8][gc,age      ] GC(50) - age   5:     168344 bytes,     716048 total
[2021-05-01T01:47:59.371+0000][8][gc,age      ] GC(50) - age   6:       6008 bytes,     722056 total
[2021-05-01T01:47:59.371+0000][8][gc,age      ] GC(50) - age   7:     468128 bytes,    1190184 total
[2021-05-01T01:47:59.371+0000][8][gc,age      ] GC(50) - age   8:     943912 bytes,    2134096 total
[2021-05-01T01:47:59.371+0000][8][gc,age      ] GC(50) - age   9:     118376 bytes,    2252472 total
[2021-05-01T01:47:59.371+0000][8][gc,age      ] GC(50) - age  10:      56144 bytes,    2308616 total
[2021-05-01T01:47:59.371+0000][8][gc,age      ] GC(50) - age  11:    1504232 bytes,    3812848 total
[2021-05-01T01:47:59.372+0000][8][gc,phases   ] GC(50)   Pre Evacuate Collection Set: 0.3ms
[2021-05-01T01:47:59.372+0000][8][gc,phases   ] GC(50)   Merge Heap Roots: 0.2ms
[2021-05-01T01:47:59.372+0000][8][gc,phases   ] GC(50)   Evacuate Collection Set: 13.4ms
[2021-05-01T01:47:59.372+0000][8][gc,phases   ] GC(50)   Post Evacuate Collection Set: 2.1ms
[2021-05-01T01:47:59.372+0000][8][gc,phases   ] GC(50)   Other: 0.9ms
[2021-05-01T01:47:59.372+0000][8][gc,heap     ] GC(50) Eden regions: 22->0(23)
[2021-05-01T01:47:59.372+0000][8][gc,heap     ] GC(50) Survivor regions: 1->1(3)
[2021-05-01T01:47:59.372+0000][8][gc,heap     ] GC(50) Old regions: 25->25
[2021-05-01T01:47:59.372+0000][8][gc,heap     ] GC(50) Archive regions: 2->2
[2021-05-01T01:47:59.372+0000][8][gc,heap     ] GC(50) Humongous regions: 2->2
[2021-05-01T01:47:59.372+0000][8][gc,metaspace] GC(50) Metaspace: 105418K(109972K)->105418K(109972K) NonClass: 91541K(94792K)->91541K(94792K) Class: 13876K(15180K)->13876K(15180K)
[2021-05-01T01:47:59.372+0000][8][gc          ] GC(50) Pause Young (Concurrent Start) (G1 Evacuation Pause) 202M->114M(256M) 17.459ms
[2021-05-01T01:47:59.372+0000][8][gc,cpu      ] GC(50) User=0.06s Sys=0.00s Real=0.02s
[2021-05-01T01:47:59.372+0000][8][safepoint   ] Safepoint "G1CollectForAllocation", Time since last: 16201730665 ns, Reaching safepoint: 386924 ns, At safepoint: 17776997 ns, Total: 18163921 ns
[2021-05-01T01:47:59.372+0000][8][gc          ] GC(51) Concurrent Cycle
[2021-05-01T01:47:59.372+0000][8][gc,marking  ] GC(51) Concurrent Clear Claimed Marks
[2021-05-01T01:47:59.373+0000][8][gc,marking  ] GC(51) Concurrent Clear Claimed Marks 0.192ms
[2021-05-01T01:47:59.373+0000][8][gc,marking  ] GC(51) Concurrent Scan Root Regions
[2021-05-01T01:47:59.385+0000][8][gc,marking  ] GC(51) Concurrent Scan Root Regions 12.065ms
[2021-05-01T01:47:59.385+0000][8][gc,marking  ] GC(51) Concurrent Mark (1184.052s)
[2021-05-01T01:47:59.385+0000][8][gc,marking  ] GC(51) Concurrent Mark From Roots
[2021-05-01T01:47:59.385+0000][8][gc,task     ] GC(51) Using 2 workers of 2 for marking
[2021-05-01T01:47:59.492+0000][8][gc,marking  ] GC(51) Concurrent Mark From Roots 107.159ms
[2021-05-01T01:47:59.492+0000][8][gc,marking  ] GC(51) Concurrent Preclean
[2021-05-01T01:47:59.492+0000][8][gc,marking  ] GC(51) Concurrent Preclean 0.222ms
[2021-05-01T01:47:59.492+0000][8][gc,marking  ] GC(51) Concurrent Mark (1184.052s, 1184.159s) 107.468ms
[2021-05-01T01:47:59.493+0000][8][gc,start    ] GC(51) Pause Remark
[2021-05-01T01:47:59.498+0000][8][gc          ] GC(51) Pause Remark 114M->114M(256M) 5.143ms
[2021-05-01T01:47:59.498+0000][8][gc,cpu      ] GC(51) User=0.03s Sys=0.00s Real=0.00s
[2021-05-01T01:47:59.498+0000][8][safepoint   ] Safepoint "G1Concurrent", Time since last: 120099841 ns, Reaching safepoint: 150964 ns, At safepoint: 5219410 ns, Total: 5370374 ns
[2021-05-01T01:47:59.498+0000][8][gc,marking  ] GC(51) Concurrent Rebuild Remembered Sets
[2021-05-01T01:47:59.559+0000][8][gc,marking  ] GC(51) Concurrent Rebuild Remembered Sets 60.953ms
[2021-05-01T01:47:59.559+0000][8][gc,start    ] GC(51) Pause Cleanup
[2021-05-01T01:47:59.559+0000][8][gc          ] GC(51) Pause Cleanup 114M->114M(256M) 0.078ms
[2021-05-01T01:47:59.559+0000][8][gc,cpu      ] GC(51) User=0.00s Sys=0.00s Real=0.00s
[2021-05-01T01:47:59.559+0000][8][safepoint   ] Safepoint "G1Concurrent", Time since last: 61062509 ns, Reaching safepoint: 107395 ns, At safepoint: 118906 ns, Total: 226301 ns
[2021-05-01T01:47:59.559+0000][8][gc,marking  ] GC(51) Concurrent Cleanup for Next Mark
[2021-05-01T01:47:59.559+0000][8][gc,marking  ] GC(51) Concurrent Cleanup for Next Mark 0.182ms
[2021-05-01T01:47:59.559+0000][8][gc          ] GC(51) Concurrent Cycle 186.924ms
[2021-05-01T01:48:04.560+0000][8][safepoint   ] Safepoint "Cleanup", Time since last: 5000823078 ns, Reaching safepoint: 395721 ns, At safepoint: 29961 ns, Total: 425682 ns
[2021-05-01T01:48:08.561+0000][8][safepoint   ] Safepoint "Cleanup", Time since last: 4000710210 ns, Reaching safepoint: 264109 ns, At safepoint: 21566 ns, Total: 285675 ns
[2021-05-01T01:48:10.562+0000][8][safepoint   ] Safepoint "Cleanup", Time since last: 2000390539 ns, Reaching safepoint: 365570 ns, At safepoint: 33591 ns, Total: 399161 ns
[2021-05-01T01:48:12.563+0000][8][safepoint   ] Safepoint "Cleanup", Time since last: 2000309305 ns, Reaching safepoint: 317035 ns, At safepoint: 26438 ns, Total: 343473 ns
[2021-05-01T01:48:20.565+0000][8][safepoint   ] Safepoint "Cleanup", Time since last: 8002069988 ns, Reaching safepoint: 523677 ns, At safepoint: 38662 ns, Total: 562339 ns
[2021-05-01T01:48:25.567+0000][8][safepoint   ] Safepoint "Cleanup", Time since last: 5001011047 ns, Reaching safepoint: 422607 ns, At safepoint: 34983 ns, Total: 457590 ns
[2021-05-01T01:48:28.570+0000][8][safepoint   ] Safepoint "Cleanup", Time since last: 3003124519 ns, Reaching safepoint: 325073 ns, At safepoint: 22515 ns, Total: 347588 ns
[2021-05-01T01:48:37.572+0000][8][safepoint   ] Safepoint "Cleanup", Time since last: 9001271193 ns, Reaching safepoint: 204673 ns, At safepoint: 9897 ns, Total: 214570 ns
[2021-05-01T01:48:38.572+0000][8][safepoint   ] Safepoint "Cleanup", Time since last: 1000204374 ns, Reaching safepoint: 342377 ns, At safepoint: 30877 ns, Total: 373254 ns
[2021-05-01T01:48:39.573+0000][8][safepoint   ] Safepoint "Cleanup", Time since last: 1000213037 ns, Reaching safepoint: 564358 ns, At safepoint: 37155 ns, Total: 601513 ns
[2021-05-01T01:48:41.574+0000][8][safepoint   ] Safepoint "Cleanup", Time since last: 2000337065 ns, Reaching safepoint: 322004 ns, At safepoint: 29062 ns, Total: 351066 ns
[2021-05-01T01:48:42.575+0000][8][safepoint   ] Safepoint "Cleanup", Time since last: 1000234472 ns, Reaching safepoint: 353313 ns, At safepoint: 26175 ns, Total: 379488 ns
[2021-05-01T01:48:43.575+0000][8][safepoint   ] Safepoint "Cleanup", Time since last: 1000520288 ns, Reaching safepoint: 342849 ns, At safepoint: 31857 ns, Total: 374706 ns
[2021-05-01T01:48:46.577+0000][8][safepoint   ] Safepoint "Cleanup", Time since last: 3000749771 ns, Reaching safepoint: 424433 ns, At safepoint: 30937 ns, Total: 455370 ns
[2021-05-01T01:48:58.579+0000][8][safepoint   ] Safepoint "Cleanup", Time since last: 12001682074 ns, Reaching safepoint: 440939 ns, At safepoint: 31252 ns, Total: 472191 ns
[2021-05-01T01:49:01.598+0000][8][safepoint   ] Safepoint "Cleanup", Time since last: 3018667357 ns, Reaching safepoint: 430545 ns, At safepoint: 24021 ns, Total: 454566 ns
[2021-05-01T01:49:09.599+0000][8][safepoint   ] Safepoint "Cleanup", Time since last: 8001076416 ns, Reaching safepoint: 362600 ns, At safepoint: 29180 ns, Total: 391780 ns
[2021-05-01T01:49:10.600+0000][8][safepoint   ] Safepoint "Cleanup", Time since last: 1000242565 ns, Reaching safepoint: 362174 ns, At safepoint: 34624 ns, Total: 396798 ns
[2021-05-01T01:49:12.601+0000][8][safepoint   ] Safepoint "Cleanup", Time since last: 2000536030 ns, Reaching safepoint: 351465 ns, At safepoint: 35433 ns, Total: 386898 ns
[2021-05-01T01:49:13.602+0000][8][safepoint   ] Safepoint "Cleanup", Time since last: 1000536366 ns, Reaching safepoint: 297209 ns, At safepoint: 19134 ns, Total: 316343 ns
[2021-05-01T01:49:15.603+0000][8][safepoint   ] Safepoint "Cleanup", Time since last: 2000350614 ns, Reaching safepoint: 493668 ns, At safepoint: 36745 ns, Total: 530413 ns
[2021-05-01T01:49:37.607+0000][8][safepoint   ] Safepoint "Cleanup", Time since last: 22003404442 ns, Reaching safepoint: 398558 ns, At safepoint: 28781 ns, Total: 427339 ns
[2021-05-01T01:49:38.952+0000][8][gc,start    ] GC(52) Pause Young (Normal) (G1 Evacuation Pause)
[2021-05-01T01:49:38.952+0000][8][gc,task     ] GC(52) Using 6 workers of 8 for evacuation
[2021-05-01T01:49:38.952+0000][8][gc,age      ] GC(52) Desired survivor size 6291456 bytes, new threshold 15 (max threshold 15)
[2021-05-01T01:49:38.967+0000][8][gc,age      ] GC(52) Age table with threshold 15 (max threshold 15)
[2021-05-01T01:49:38.968+0000][8][gc,age      ] GC(52) - age   1:    1022056 bytes,    1022056 total
[2021-05-01T01:49:38.968+0000][8][gc,age      ] GC(52) - age   2:       5176 bytes,    1027232 total
[2021-05-01T01:49:38.968+0000][8][gc,age      ] GC(52) - age   3:      10752 bytes,    1037984 total
[2021-05-01T01:49:38.968+0000][8][gc,age      ] GC(52) - age   4:      13984 bytes,    1051968 total
[2021-05-01T01:49:38.968+0000][8][gc,age      ] GC(52) - age   5:       8224 bytes,    1060192 total
[2021-05-01T01:49:38.968+0000][8][gc,age      ] GC(52) - age   6:      49848 bytes,    1110040 total
[2021-05-01T01:49:38.968+0000][8][gc,age      ] GC(52) - age   7:       5808 bytes,    1115848 total
[2021-05-01T01:49:38.968+0000][8][gc,age      ] GC(52) - age   8:     468088 bytes,    1583936 total
[2021-05-01T01:49:38.968+0000][8][gc,age      ] GC(52) - age   9:     943792 bytes,    2527728 total
[2021-05-01T01:49:38.968+0000][8][gc,age      ] GC(52) - age  10:     118376 bytes,    2646104 total
[2021-05-01T01:49:38.968+0000][8][gc,age      ] GC(52) - age  11:      55944 bytes,    2702048 total
[2021-05-01T01:49:38.968+0000][8][gc,age      ] GC(52) - age  12:    1504232 bytes,    4206280 total
[2021-05-01T01:49:38.968+0000][8][gc,phases   ] GC(52)   Pre Evacuate Collection Set: 0.2ms
[2021-05-01T01:49:38.968+0000][8][gc,phases   ] GC(52)   Merge Heap Roots: 0.3ms
[2021-05-01T01:49:38.968+0000][8][gc,phases   ] GC(52)   Evacuate Collection Set: 13.7ms
[2021-05-01T01:49:38.968+0000][8][gc,phases   ] GC(52)   Post Evacuate Collection Set: 1.4ms
[2021-05-01T01:49:38.968+0000][8][gc,phases   ] GC(52)   Other: 0.6ms
[2021-05-01T01:49:38.968+0000][8][gc,heap     ] GC(52) Eden regions: 23->0(21)
[2021-05-01T01:49:38.968+0000][8][gc,heap     ] GC(52) Survivor regions: 1->2(3)
[2021-05-01T01:49:38.968+0000][8][gc,heap     ] GC(52) Old regions: 25->25
[2021-05-01T01:49:38.968+0000][8][gc,heap     ] GC(52) Archive regions: 2->2
[2021-05-01T01:49:38.968+0000][8][gc,heap     ] GC(52) Humongous regions: 2->2
[2021-05-01T01:49:38.968+0000][8][gc,metaspace] GC(52) Metaspace: 105727K(110228K)->105727K(110228K) NonClass: 91831K(95048K)->91831K(95048K) Class: 13896K(15180K)->13896K(15180K)
[2021-05-01T01:49:38.968+0000][8][gc          ] GC(52) Pause Young (Normal) (G1 Evacuation Pause) 206M->114M(256M) 16.313ms
[2021-05-01T01:49:38.968+0000][8][gc,cpu      ] GC(52) User=0.07s Sys=0.00s Real=0.01s
[2021-05-01T01:49:38.968+0000][8][safepoint   ] Safepoint "G1CollectForAllocation", Time since last: 1344547291 ns, Reaching safepoint: 460974 ns, At safepoint: 16534403 ns, Total: 16995377 ns
[2021-05-01T01:49:39.968+0000][8][safepoint   ] Safepoint "Cleanup", Time since last: 1000110050 ns, Reaching safepoint: 158971 ns, At safepoint: 12014 ns, Total: 170985 ns
[2021-05-01T01:49:43.969+0000][8][safepoint   ] Safepoint "Cleanup", Time since last: 4000510819 ns, Reaching safepoint: 438274 ns, At safepoint: 20325 ns, Total: 458599 ns
[2021-05-01T01:49:46.971+0000][8][safepoint   ] Safepoint "Cleanup", Time since last: 3001106252 ns, Reaching safepoint: 397005 ns, At safepoint: 31044 ns, Total: 428049 ns
[2021-05-01T01:49:48.972+0000][8][safepoint   ] Safepoint "Cleanup", Time since last: 2000394891 ns, Reaching safepoint: 434369 ns, At safepoint: 28651 ns, Total: 463020 ns
[2021-05-01T01:49:49.972+0000][8][safepoint   ] Safepoint "Cleanup", Time since last: 1000272804 ns, Reaching safepoint: 380371 ns, At safepoint: 32424 ns, Total: 412795 ns
[2021-05-01T01:49:53.974+0000][8][safepoint   ] Safepoint "Cleanup", Time since last: 4000736116 ns, Reaching safepoint: 402390 ns, At safepoint: 32404 ns, Total: 434794 ns
[2021-05-01T01:49:57.975+0000][8][safepoint   ] Safepoint "Cleanup", Time since last: 4000589741 ns, Reaching safepoint: 462433 ns, At safepoint: 37036 ns, Total: 499469 ns
[2021-05-01T01:50:09.977+0000][8][safepoint   ] Safepoint "Cleanup", Time since last: 12001869529 ns, Reaching safepoint: 354270 ns, At safepoint: 34212 ns, Total: 388482 ns
[2021-05-01T01:50:11.978+0000][8][safepoint   ] Safepoint "Cleanup", Time since last: 2000419604 ns, Reaching safepoint: 323278 ns, At safepoint: 39555 ns, Total: 362833 ns
[2021-05-01T01:50:12.979+0000][8][safepoint   ] Safepoint "Cleanup", Time since last: 1000527686 ns, Reaching safepoint: 419062 ns, At safepoint: 28485 ns, Total: 447547 ns
[2021-05-01T01:50:13.980+0000][8][safepoint   ] Safepoint "Cleanup", Time since last: 1000699399 ns, Reaching safepoint: 479760 ns, At safepoint: 33749 ns, Total: 513509 ns
[2021-05-01T01:50:20.981+0000][8][safepoint   ] Safepoint "Cleanup", Time since last: 7001114754 ns, Reaching safepoint: 392022 ns, At safepoint: 29970 ns, Total: 421992 ns
[2021-05-01T01:50:30.983+0000][8][safepoint   ] Safepoint "Cleanup", Time since last: 10001463950 ns, Reaching safepoint: 423135 ns, At safepoint: 32040 ns, Total: 455175 ns
[2021-05-01T01:50:38.985+0000][8][safepoint   ] Safepoint "Cleanup", Time since last: 8001033219 ns, Reaching safepoint: 191206 ns, At safepoint: 13162 ns, Total: 204368 ns
[2021-05-01T01:50:39.985+0000][8][safepoint   ] Safepoint "Cleanup", Time since last: 1000265686 ns, Reaching safepoint: 396519 ns, At safepoint: 34969 ns, Total: 431488 ns
[2021-05-01T01:50:42.986+0000][8][safepoint   ] Safepoint "Cleanup", Time since last: 3000613072 ns, Reaching safepoint: 213346 ns, At safepoint: 14852 ns, Total: 228198 ns
[2021-05-01T01:50:43.987+0000][8][safepoint   ] Safepoint "Cleanup", Time since last: 1000355184 ns, Reaching safepoint: 360161 ns, At safepoint: 26559 ns, Total: 386720 ns
[2021-05-01T01:50:50.989+0000][8][safepoint   ] Safepoint "Cleanup", Time since last: 7001233096 ns, Reaching safepoint: 480883 ns, At safepoint: 38049 ns, Total: 518932 ns
[2021-05-01T01:50:55.990+0000][8][safepoint   ] Safepoint "Cleanup", Time since last: 5000794008 ns, Reaching safepoint: 336890 ns, At safepoint: 28073 ns, Total: 364963 ns
[2021-05-01T01:51:06.992+0000][8][safepoint   ] Safepoint "Cleanup", Time since last: 11001572935 ns, Reaching safepoint: 357488 ns, At safepoint: 29102 ns, Total: 386590 ns
[2021-05-01T01:51:09.993+0000][8][safepoint   ] Safepoint "Cleanup", Time since last: 3000613302 ns, Reaching safepoint: 377318 ns, At safepoint: 27417 ns, Total: 404735 ns
[2021-05-01T01:51:12.001+0000][8][safepoint   ] Safepoint "Cleanup", Time since last: 2007350585 ns, Reaching safepoint: 444630 ns, At safepoint: 27517 ns, Total: 472147 ns
[2021-05-01T01:51:21.002+0000][8][safepoint   ] Safepoint "Cleanup", Time since last: 9001194307 ns, Reaching safepoint: 581256 ns, At safepoint: 41692 ns, Total: 622948 ns
[2021-05-01T01:51:31.005+0000][8][safepoint   ] Safepoint "Cleanup", Time since last: 10001916924 ns, Reaching safepoint: 420869 ns, At safepoint: 29502 ns, Total: 450371 ns
[2021-05-01T01:51:39.006+0000][8][safepoint   ] Safepoint "Cleanup", Time since last: 8001395804 ns, Reaching safepoint: 235679 ns, At safepoint: 16186 ns, Total: 251865 ns
[2021-05-01T01:51:40.007+0000][8][safepoint   ] Safepoint "Cleanup", Time since last: 1000177981 ns, Reaching safepoint: 315767 ns, At safepoint: 34982 ns, Total: 350749 ns
[2021-05-01T01:51:42.008+0000][8][safepoint   ] Safepoint "Cleanup", Time since last: 2000386212 ns, Reaching safepoint: 322259 ns, At safepoint: 25760 ns, Total: 348019 ns
[2021-05-01T01:51:43.008+0000][8][safepoint   ] Safepoint "Cleanup", Time since last: 1000255945 ns, Reaching safepoint: 448281 ns, At safepoint: 34362 ns, Total: 482643 ns
[2021-05-01T01:51:47.750+0000][8][gc,start    ] GC(53) Pause Young (Concurrent Start) (G1 Evacuation Pause)
[2021-05-01T01:51:47.750+0000][8][gc,task     ] GC(53) Using 6 workers of 8 for evacuation
[2021-05-01T01:51:47.751+0000][8][gc,age      ] GC(53) Desired survivor size 6291456 bytes, new threshold 15 (max threshold 15)
[2021-05-01T01:51:47.768+0000][8][gc,age      ] GC(53) Age table with threshold 15 (max threshold 15)
[2021-05-01T01:51:47.768+0000][8][gc,age      ] GC(53) - age   1:     512856 bytes,     512856 total
[2021-05-01T01:51:47.768+0000][8][gc,age      ] GC(53) - age   2:     429536 bytes,     942392 total
[2021-05-01T01:51:47.768+0000][8][gc,age      ] GC(53) - age   3:       5056 bytes,     947448 total
[2021-05-01T01:51:47.768+0000][8][gc,age      ] GC(53) - age   4:      10752 bytes,     958200 total
[2021-05-01T01:51:47.768+0000][8][gc,age      ] GC(53) - age   5:      13984 bytes,     972184 total
[2021-05-01T01:51:47.768+0000][8][gc,age      ] GC(53) - age   6:       8224 bytes,     980408 total
[2021-05-01T01:51:47.768+0000][8][gc,age      ] GC(53) - age   7:      49848 bytes,    1030256 total
[2021-05-01T01:51:47.768+0000][8][gc,age      ] GC(53) - age   8:       5808 bytes,    1036064 total
[2021-05-01T01:51:47.768+0000][8][gc,age      ] GC(53) - age   9:     468088 bytes,    1504152 total
[2021-05-01T01:51:47.768+0000][8][gc,age      ] GC(53) - age  10:     943792 bytes,    2447944 total
[2021-05-01T01:51:47.768+0000][8][gc,age      ] GC(53) - age  11:     118376 bytes,    2566320 total
[2021-05-01T01:51:47.768+0000][8][gc,age      ] GC(53) - age  12:      55944 bytes,    2622264 total
[2021-05-01T01:51:47.768+0000][8][gc,age      ] GC(53) - age  13:    1504232 bytes,    4126496 total
[2021-05-01T01:51:47.768+0000][8][gc,phases   ] GC(53)   Pre Evacuate Collection Set: 0.4ms
[2021-05-01T01:51:47.768+0000][8][gc,phases   ] GC(53)   Merge Heap Roots: 0.2ms
[2021-05-01T01:51:47.769+0000][8][gc,phases   ] GC(53)   Evacuate Collection Set: 15.0ms
[2021-05-01T01:51:47.769+0000][8][gc,phases   ] GC(53)   Post Evacuate Collection Set: 1.8ms
[2021-05-01T01:51:47.769+0000][8][gc,phases   ] GC(53)   Other: 0.8ms
[2021-05-01T01:51:47.769+0000][8][gc,heap     ] GC(53) Eden regions: 21->0(21)
[2021-05-01T01:51:47.769+0000][8][gc,heap     ] GC(53) Survivor regions: 2->2(3)
[2021-05-01T01:51:47.769+0000][8][gc,heap     ] GC(53) Old regions: 25->25
[2021-05-01T01:51:47.769+0000][8][gc,heap     ] GC(53) Archive regions: 2->2
[2021-05-01T01:51:47.769+0000][8][gc,heap     ] GC(53) Humongous regions: 2->2
[2021-05-01T01:51:47.769+0000][8][gc,metaspace] GC(53) Metaspace: 105803K(110228K)->105803K(110228K) NonClass: 91906K(95048K)->91906K(95048K) Class: 13896K(15180K)->13896K(15180K)
[2021-05-01T01:51:47.769+0000][8][gc          ] GC(53) Pause Young (Concurrent Start) (G1 Evacuation Pause) 198M->114M(256M) 18.416ms
[2021-05-01T01:51:47.769+0000][8][gc,cpu      ] GC(53) User=0.08s Sys=0.00s Real=0.01s
[2021-05-01T01:51:47.769+0000][8][gc          ] GC(54) Concurrent Cycle
[2021-05-01T01:51:47.769+0000][8][gc,marking  ] GC(54) Concurrent Clear Claimed Marks
[2021-05-01T01:51:47.769+0000][8][safepoint   ] Safepoint "G1CollectForAllocation", Time since last: 4741401707 ns, Reaching safepoint: 444384 ns, At safepoint: 18610327 ns, Total: 19054711 ns
[2021-05-01T01:51:47.769+0000][8][gc,marking  ] GC(54) Concurrent Clear Claimed Marks 0.105ms
[2021-05-01T01:51:47.769+0000][8][gc,marking  ] GC(54) Concurrent Scan Root Regions
[2021-05-01T01:51:47.775+0000][8][gc,marking  ] GC(54) Concurrent Scan Root Regions 6.049ms
[2021-05-01T01:51:47.775+0000][8][gc,marking  ] GC(54) Concurrent Mark (1412.442s)
[2021-05-01T01:51:47.775+0000][8][gc,marking  ] GC(54) Concurrent Mark From Roots
[2021-05-01T01:51:47.775+0000][8][gc,task     ] GC(54) Using 2 workers of 2 for marking
[2021-05-01T01:51:47.878+0000][8][gc,marking  ] GC(54) Concurrent Mark From Roots 103.107ms
[2021-05-01T01:51:47.878+0000][8][gc,marking  ] GC(54) Concurrent Preclean
[2021-05-01T01:51:47.878+0000][8][gc,marking  ] GC(54) Concurrent Preclean 0.223ms
[2021-05-01T01:51:47.878+0000][8][gc,marking  ] GC(54) Concurrent Mark (1412.442s, 1412.545s) 103.421ms
[2021-05-01T01:51:47.879+0000][8][gc,start    ] GC(54) Pause Remark
[2021-05-01T01:51:47.883+0000][8][gc          ] GC(54) Pause Remark 115M->115M(256M) 4.682ms
[2021-05-01T01:51:47.883+0000][8][gc,cpu      ] GC(54) User=0.03s Sys=0.00s Real=0.01s
[2021-05-01T01:51:47.883+0000][8][safepoint   ] Safepoint "G1Concurrent", Time since last: 109721901 ns, Reaching safepoint: 120210 ns, At safepoint: 4766429 ns, Total: 4886639 ns
[2021-05-01T01:51:47.883+0000][8][gc,marking  ] GC(54) Concurrent Rebuild Remembered Sets
[2021-05-01T01:51:47.945+0000][8][gc,marking  ] GC(54) Concurrent Rebuild Remembered Sets 61.263ms
[2021-05-01T01:51:47.945+0000][8][gc,start    ] GC(54) Pause Cleanup
[2021-05-01T01:51:47.945+0000][8][gc          ] GC(54) Pause Cleanup 115M->115M(256M) 0.073ms
[2021-05-01T01:51:47.945+0000][8][gc,cpu      ] GC(54) User=0.00s Sys=0.00s Real=0.00s
[2021-05-01T01:51:47.945+0000][8][safepoint   ] Safepoint "G1Concurrent", Time since last: 61333885 ns, Reaching safepoint: 104992 ns, At safepoint: 113187 ns, Total: 218179 ns
[2021-05-01T01:51:47.945+0000][8][gc,marking  ] GC(54) Concurrent Cleanup for Next Mark
[2021-05-01T01:51:47.945+0000][8][gc,marking  ] GC(54) Concurrent Cleanup for Next Mark 0.168ms
[2021-05-01T01:51:47.945+0000][8][gc          ] GC(54) Concurrent Cycle 176.375ms
[2021-05-01T01:52:09.948+0000][8][safepoint   ] Safepoint "Cleanup", Time since last: 22003030745 ns, Reaching safepoint: 353916 ns, At safepoint: 50508 ns, Total: 404424 ns
[2021-05-01T01:52:12.949+0000][8][safepoint   ] Safepoint "Cleanup", Time since last: 3000507353 ns, Reaching safepoint: 307254 ns, At safepoint: 32450 ns, Total: 339704 ns
[2021-05-01T01:52:13.950+0000][8][safepoint   ] Safepoint "Cleanup", Time since last: 1000513496 ns, Reaching safepoint: 301340 ns, At safepoint: 32176 ns, Total: 333516 ns
[2021-05-01T01:52:15.951+0000][8][safepoint   ] Safepoint "Cleanup", Time since last: 2000407878 ns, Reaching safepoint: 392258 ns, At safepoint: 31262 ns, Total: 423520 ns
[2021-05-01T01:52:20.952+0000][8][safepoint   ] Safepoint "Cleanup", Time since last: 5000696593 ns, Reaching safepoint: 640125 ns, At safepoint: 37337 ns, Total: 677462 ns
[2021-05-01T01:52:34.962+0000][8][safepoint   ] Safepoint "Cleanup", Time since last: 14009081019 ns, Reaching safepoint: 358590 ns, At safepoint: 27648 ns, Total: 386238 ns
[2021-05-01T01:52:38.963+0000][8][safepoint   ] Safepoint "Cleanup", Time since last: 4000522967 ns, Reaching safepoint: 393576 ns, At safepoint: 33745 ns, Total: 427321 ns
[2021-05-01T01:52:39.964+0000][8][safepoint   ] Safepoint "Cleanup", Time since last: 1000278417 ns, Reaching safepoint: 444141 ns, At safepoint: 32005 ns, Total: 476146 ns
[2021-05-01T01:52:41.964+0000][8][safepoint   ] Safepoint "Cleanup", Time since last: 2000338351 ns, Reaching safepoint: 558979 ns, At safepoint: 38656 ns, Total: 597635 ns
[2021-05-01T01:52:42.965+0000][8][safepoint   ] Safepoint "Cleanup", Time since last: 1000444802 ns, Reaching safepoint: 371454 ns, At safepoint: 45219 ns, Total: 416673 ns
[2021-05-01T01:53:00.968+0000][8][safepoint   ] Safepoint "Cleanup", Time since last: 18002503068 ns, Reaching safepoint: 364677 ns, At safepoint: 30353 ns, Total: 395030 ns
[2021-05-01T01:53:06.970+0000][8][safepoint   ] Safepoint "Cleanup", Time since last: 6001007839 ns, Reaching safepoint: 449928 ns, At safepoint: 36150 ns, Total: 486078 ns
[2021-05-01T01:53:07.970+0000][8][safepoint   ] Safepoint "Cleanup", Time since last: 1000235705 ns, Reaching safepoint: 343834 ns, At safepoint: 38333 ns, Total: 382167 ns
[2021-05-01T01:53:12.971+0000][8][safepoint   ] Safepoint "Cleanup", Time since last: 5000817425 ns, Reaching safepoint: 324635 ns, At safepoint: 33380 ns, Total: 358015 ns
[2021-05-01T01:53:14.973+0000][8][safepoint   ] Safepoint "Cleanup", Time since last: 2000604444 ns, Reaching safepoint: 544169 ns, At safepoint: 41599 ns, Total: 585768 ns
[2021-05-01T01:53:15.973+0000][8][safepoint   ] Safepoint "Cleanup", Time since last: 1000256323 ns, Reaching safepoint: 366007 ns, At safepoint: 50462 ns, Total: 416469 ns
[2021-05-01T01:53:17.974+0000][8][safepoint   ] Safepoint "Cleanup", Time since last: 2000298741 ns, Reaching safepoint: 472098 ns, At safepoint: 45026 ns, Total: 517124 ns
[2021-05-01T01:53:18.975+0000][8][safepoint   ] Safepoint "Cleanup", Time since last: 1000394403 ns, Reaching safepoint: 446324 ns, At safepoint: 32168 ns, Total: 478492 ns
[2021-05-01T01:53:20.976+0000][8][safepoint   ] Safepoint "Cleanup", Time since last: 2000343662 ns, Reaching safepoint: 421824 ns, At safepoint: 31409 ns, Total: 453233 ns
[2021-05-01T01:53:32.978+0000][8][safepoint   ] Safepoint "Cleanup", Time since last: 12001874258 ns, Reaching safepoint: 576007 ns, At safepoint: 38955 ns, Total: 614962 ns
[2021-05-01T01:53:38.980+0000][8][safepoint   ] Safepoint "Cleanup", Time since last: 6000879750 ns, Reaching safepoint: 425455 ns, At safepoint: 39738 ns, Total: 465193 ns
[2021-05-01T01:53:39.980+0000][8][safepoint   ] Safepoint "Cleanup", Time since last: 1000403849 ns, Reaching safepoint: 344184 ns, At safepoint: 26558 ns, Total: 370742 ns
[2021-05-01T01:53:43.982+0000][8][safepoint   ] Safepoint "Cleanup", Time since last: 4001313584 ns, Reaching safepoint: 494712 ns, At safepoint: 34151 ns, Total: 528863 ns
[2021-05-01T01:53:50.984+0000][8][safepoint   ] Safepoint "Cleanup", Time since last: 7001377307 ns, Reaching safepoint: 475895 ns, At safepoint: 33177 ns, Total: 509072 ns
[2021-05-01T01:53:52.950+0000][8][gc,start    ] GC(55) Pause Young (Normal) (G1 Evacuation Pause)
[2021-05-01T01:53:52.950+0000][8][gc,task     ] GC(55) Using 6 workers of 8 for evacuation
[2021-05-01T01:53:52.951+0000][8][gc,age      ] GC(55) Desired survivor size 6291456 bytes, new threshold 15 (max threshold 15)
[2021-05-01T01:53:52.972+0000][8][gc,age      ] GC(55) Age table with threshold 15 (max threshold 15)
[2021-05-01T01:53:52.972+0000][8][gc,age      ] GC(55) - age   1:     516560 bytes,     516560 total
[2021-05-01T01:53:52.972+0000][8][gc,age      ] GC(55) - age   2:       4344 bytes,     520904 total
[2021-05-01T01:53:52.972+0000][8][gc,age      ] GC(55) - age   3:     238576 bytes,     759480 total
[2021-05-01T01:53:52.972+0000][8][gc,age      ] GC(55) - age   4:       5008 bytes,     764488 total
[2021-05-01T01:53:52.972+0000][8][gc,age      ] GC(55) - age   5:       9800 bytes,     774288 total
[2021-05-01T01:53:52.972+0000][8][gc,age      ] GC(55) - age   6:      13984 bytes,     788272 total
[2021-05-01T01:53:52.972+0000][8][gc,age      ] GC(55) - age   7:       8200 bytes,     796472 total
[2021-05-01T01:53:52.972+0000][8][gc,age      ] GC(55) - age   8:      49848 bytes,     846320 total
[2021-05-01T01:53:52.972+0000][8][gc,age      ] GC(55) - age   9:       5808 bytes,     852128 total
[2021-05-01T01:53:52.972+0000][8][gc,age      ] GC(55) - age  10:     468088 bytes,    1320216 total
[2021-05-01T01:53:52.972+0000][8][gc,age      ] GC(55) - age  11:     943792 bytes,    2264008 total
[2021-05-01T01:53:52.972+0000][8][gc,age      ] GC(55) - age  12:     118176 bytes,    2382184 total
[2021-05-01T01:53:52.973+0000][8][gc,age      ] GC(55) - age  13:      55944 bytes,    2438128 total
[2021-05-01T01:53:52.973+0000][8][gc,age      ] GC(55) - age  14:    1504232 bytes,    3942360 total
[2021-05-01T01:53:52.973+0000][8][gc,phases   ] GC(55)   Pre Evacuate Collection Set: 0.2ms
[2021-05-01T01:53:52.973+0000][8][gc,phases   ] GC(55)   Merge Heap Roots: 0.6ms
[2021-05-01T01:53:52.973+0000][8][gc,phases   ] GC(55)   Evacuate Collection Set: 19.3ms
[2021-05-01T01:53:52.973+0000][8][gc,phases   ] GC(55)   Post Evacuate Collection Set: 1.6ms
[2021-05-01T01:53:52.973+0000][8][gc,phases   ] GC(55)   Other: 0.7ms
[2021-05-01T01:53:52.973+0000][8][gc,heap     ] GC(55) Eden regions: 21->0(21)
[2021-05-01T01:53:52.973+0000][8][gc,heap     ] GC(55) Survivor regions: 2->2(3)
[2021-05-01T01:53:52.973+0000][8][gc,heap     ] GC(55) Old regions: 25->25
[2021-05-01T01:53:52.973+0000][8][gc,heap     ] GC(55) Archive regions: 2->2
[2021-05-01T01:53:52.973+0000][8][gc,heap     ] GC(55) Humongous regions: 2->2
[2021-05-01T01:53:52.973+0000][8][gc,metaspace] GC(55) Metaspace: 105910K(110484K)->105910K(110484K) NonClass: 92014K(95304K)->92014K(95304K) Class: 13896K(15180K)->13896K(15180K)
[2021-05-01T01:53:52.973+0000][8][gc          ] GC(55) Pause Young (Normal) (G1 Evacuation Pause) 198M->114M(256M) 22.497ms
[2021-05-01T01:53:52.973+0000][8][gc,cpu      ] GC(55) User=0.08s Sys=0.00s Real=0.02s
[2021-05-01T01:53:52.973+0000][8][safepoint   ] Safepoint "G1CollectForAllocation", Time since last: 1965800385 ns, Reaching safepoint: 305482 ns, At safepoint: 22688747 ns, Total: 22994229 ns
[2021-05-01T01:54:02.975+0000][8][safepoint   ] Safepoint "Cleanup", Time since last: 10001342381 ns, Reaching safepoint: 958663 ns, At safepoint: 37535 ns, Total: 996198 ns
[2021-05-01T01:54:06.976+0000][8][safepoint   ] Safepoint "Cleanup", Time since last: 4000751405 ns, Reaching safepoint: 367468 ns, At safepoint: 27001 ns, Total: 394469 ns
[2021-05-01T01:54:10.978+0000][8][safepoint   ] Safepoint "Cleanup", Time since last: 4000881822 ns, Reaching safepoint: 406793 ns, At safepoint: 31688 ns, Total: 438481 ns
[2021-05-01T01:54:12.979+0000][8][safepoint   ] Safepoint "Cleanup", Time since last: 2000453780 ns, Reaching safepoint: 377136 ns, At safepoint: 50591 ns, Total: 427727 ns
[2021-05-01T01:54:20.980+0000][8][safepoint   ] Safepoint "Cleanup", Time since last: 8001105549 ns, Reaching safepoint: 438911 ns, At safepoint: 28043 ns, Total: 466954 ns
[2021-05-01T01:54:36.983+0000][8][safepoint   ] Safepoint "Cleanup", Time since last: 16002478766 ns, Reaching safepoint: 342791 ns, At safepoint: 24692 ns, Total: 367483 ns
[2021-05-01T01:54:38.984+0000][8][safepoint   ] Safepoint "Cleanup", Time since last: 2000414097 ns, Reaching safepoint: 433021 ns, At safepoint: 29771 ns, Total: 462792 ns
[2021-05-01T01:54:41.985+0000][8][safepoint   ] Safepoint "Cleanup", Time since last: 3000549363 ns, Reaching safepoint: 335394 ns, At safepoint: 25485 ns, Total: 360879 ns
[2021-05-01T01:54:42.985+0000][8][safepoint   ] Safepoint "Cleanup", Time since last: 1000262382 ns, Reaching safepoint: 347095 ns, At safepoint: 29260 ns, Total: 376355 ns
[2021-05-01T01:54:53.988+0000][8][safepoint   ] Safepoint "Cleanup", Time since last: 11001868470 ns, Reaching safepoint: 456105 ns, At safepoint: 36902 ns, Total: 493007 ns
[2021-05-01T01:55:09.991+0000][8][safepoint   ] Safepoint "Cleanup", Time since last: 16002411216 ns, Reaching safepoint: 346242 ns, At safepoint: 34808 ns, Total: 381050 ns
[2021-05-01T01:55:12.992+0000][8][safepoint   ] Safepoint "Cleanup", Time since last: 3000505449 ns, Reaching safepoint: 378911 ns, At safepoint: 29578 ns, Total: 408489 ns
[2021-05-01T01:55:38.996+0000][8][safepoint   ] Safepoint "Cleanup", Time since last: 26004280891 ns, Reaching safepoint: 391990 ns, At safepoint: 31209 ns, Total: 423199 ns
[2021-05-01T01:55:43.997+0000][8][safepoint   ] Safepoint "Cleanup", Time since last: 5000794599 ns, Reaching safepoint: 389973 ns, At safepoint: 18990 ns, Total: 408963 ns
[2021-05-01T01:55:50.999+0000][8][safepoint   ] Safepoint "Cleanup", Time since last: 7001250562 ns, Reaching safepoint: 313165 ns, At safepoint: 17779 ns, Total: 330944 ns
[2021-05-01T01:56:08.176+0000][8][gc,start    ] GC(56) Pause Young (Concurrent Start) (G1 Evacuation Pause)
[2021-05-01T01:56:08.176+0000][8][gc,task     ] GC(56) Using 6 workers of 8 for evacuation
[2021-05-01T01:56:08.176+0000][8][gc,age      ] GC(56) Desired survivor size 6291456 bytes, new threshold 15 (max threshold 15)
[2021-05-01T01:56:08.194+0000][8][gc,age      ] GC(56) Age table with threshold 15 (max threshold 15)
[2021-05-01T01:56:08.194+0000][8][gc,age      ] GC(56) - age   1:     506856 bytes,     506856 total
[2021-05-01T01:56:08.194+0000][8][gc,age      ] GC(56) - age   2:       3232 bytes,     510088 total
[2021-05-01T01:56:08.194+0000][8][gc,age      ] GC(56) - age   3:       4008 bytes,     514096 total
[2021-05-01T01:56:08.194+0000][8][gc,age      ] GC(56) - age   4:     238336 bytes,     752432 total
[2021-05-01T01:56:08.194+0000][8][gc,age      ] GC(56) - age   5:       5008 bytes,     757440 total
[2021-05-01T01:56:08.194+0000][8][gc,age      ] GC(56) - age   6:       9800 bytes,     767240 total
[2021-05-01T01:56:08.194+0000][8][gc,age      ] GC(56) - age   7:      13888 bytes,     781128 total
[2021-05-01T01:56:08.194+0000][8][gc,age      ] GC(56) - age   8:       8200 bytes,     789328 total
[2021-05-01T01:56:08.194+0000][8][gc,age      ] GC(56) - age   9:      49848 bytes,     839176 total
[2021-05-01T01:56:08.194+0000][8][gc,age      ] GC(56) - age  10:       5808 bytes,     844984 total
[2021-05-01T01:56:08.194+0000][8][gc,age      ] GC(56) - age  11:     468088 bytes,    1313072 total
[2021-05-01T01:56:08.194+0000][8][gc,age      ] GC(56) - age  12:     943792 bytes,    2256864 total
[2021-05-01T01:56:08.194+0000][8][gc,age      ] GC(56) - age  13:     118176 bytes,    2375040 total
[2021-05-01T01:56:08.194+0000][8][gc,age      ] GC(56) - age  14:      55944 bytes,    2430984 total
[2021-05-01T01:56:08.194+0000][8][gc,age      ] GC(56) - age  15:    1504232 bytes,    3935216 total
[2021-05-01T01:56:08.194+0000][8][gc,phases   ] GC(56)   Pre Evacuate Collection Set: 0.5ms
[2021-05-01T01:56:08.194+0000][8][gc,phases   ] GC(56)   Merge Heap Roots: 0.4ms
[2021-05-01T01:56:08.194+0000][8][gc,phases   ] GC(56)   Evacuate Collection Set: 15.0ms
[2021-05-01T01:56:08.194+0000][8][gc,phases   ] GC(56)   Post Evacuate Collection Set: 1.5ms
[2021-05-01T01:56:08.194+0000][8][gc,phases   ] GC(56)   Other: 0.8ms
[2021-05-01T01:56:08.194+0000][8][gc,heap     ] GC(56) Eden regions: 21->0(23)
[2021-05-01T01:56:08.194+0000][8][gc,heap     ] GC(56) Survivor regions: 2->1(3)
[2021-05-01T01:56:08.194+0000][8][gc,heap     ] GC(56) Old regions: 25->25
[2021-05-01T01:56:08.194+0000][8][gc,heap     ] GC(56) Archive regions: 2->2
[2021-05-01T01:56:08.194+0000][8][gc,heap     ] GC(56) Humongous regions: 2->2
[2021-05-01T01:56:08.194+0000][8][gc,metaspace] GC(56) Metaspace: 105960K(110484K)->105960K(110484K) NonClass: 92064K(95304K)->92064K(95304K) Class: 13896K(15180K)->13896K(15180K)
[2021-05-01T01:56:08.194+0000][8][gc          ] GC(56) Pause Young (Concurrent Start) (G1 Evacuation Pause) 198M->114M(256M) 18.322ms
[2021-05-01T01:56:08.194+0000][8][gc,cpu      ] GC(56) User=0.06s Sys=0.00s Real=0.02s
[2021-05-01T01:56:08.194+0000][8][safepoint   ] Safepoint "G1CollectForAllocation", Time since last: 17176570830 ns, Reaching safepoint: 324284 ns, At safepoint: 18516278 ns, Total: 18840562 ns
[2021-05-01T01:56:08.194+0000][8][gc          ] GC(57) Concurrent Cycle
[2021-05-01T01:56:08.195+0000][8][gc,marking  ] GC(57) Concurrent Clear Claimed Marks
[2021-05-01T01:56:08.195+0000][8][gc,marking  ] GC(57) Concurrent Clear Claimed Marks 0.134ms
[2021-05-01T01:56:08.195+0000][8][gc,marking  ] GC(57) Concurrent Scan Root Regions
[2021-05-01T01:56:08.201+0000][8][gc,marking  ] GC(57) Concurrent Scan Root Regions 6.113ms
[2021-05-01T01:56:08.201+0000][8][gc,marking  ] GC(57) Concurrent Mark (1672.868s)
[2021-05-01T01:56:08.201+0000][8][gc,marking  ] GC(57) Concurrent Mark From Roots
[2021-05-01T01:56:08.201+0000][8][gc,task     ] GC(57) Using 2 workers of 2 for marking
[2021-05-01T01:56:08.300+0000][8][gc,marking  ] GC(57) Concurrent Mark From Roots 98.914ms
[2021-05-01T01:56:08.300+0000][8][gc,marking  ] GC(57) Concurrent Preclean
[2021-05-01T01:56:08.300+0000][8][gc,marking  ] GC(57) Concurrent Preclean 0.254ms
[2021-05-01T01:56:08.300+0000][8][gc,marking  ] GC(57) Concurrent Mark (1672.868s, 1672.967s) 99.231ms
[2021-05-01T01:56:08.300+0000][8][gc,start    ] GC(57) Pause Remark
[2021-05-01T01:56:08.306+0000][8][gc          ] GC(57) Pause Remark 115M->115M(256M) 5.507ms
[2021-05-01T01:56:08.306+0000][8][gc,cpu      ] GC(57) User=0.03s Sys=0.00s Real=0.01s
[2021-05-01T01:56:08.306+0000][8][safepoint   ] Safepoint "G1Concurrent", Time since last: 105666365 ns, Reaching safepoint: 92216 ns, At safepoint: 5581837 ns, Total: 5674053 ns
[2021-05-01T01:56:08.306+0000][8][gc,marking  ] GC(57) Concurrent Rebuild Remembered Sets
[2021-05-01T01:56:08.367+0000][8][gc,marking  ] GC(57) Concurrent Rebuild Remembered Sets 61.479ms
[2021-05-01T01:56:08.368+0000][8][gc,start    ] GC(57) Pause Cleanup
[2021-05-01T01:56:08.368+0000][8][gc          ] GC(57) Pause Cleanup 115M->115M(256M) 0.092ms
[2021-05-01T01:56:08.368+0000][8][gc,cpu      ] GC(57) User=0.00s Sys=0.00s Real=0.00s
[2021-05-01T01:56:08.368+0000][8][safepoint   ] Safepoint "G1Concurrent", Time since last: 61596423 ns, Reaching safepoint: 119963 ns, At safepoint: 157315 ns, Total: 277278 ns
[2021-05-01T01:56:08.368+0000][8][gc,marking  ] GC(57) Concurrent Cleanup for Next Mark
[2021-05-01T01:56:08.368+0000][8][gc,marking  ] GC(57) Concurrent Cleanup for Next Mark 0.168ms
[2021-05-01T01:56:08.368+0000][8][gc          ] GC(57) Concurrent Cycle 173.427ms
[2021-05-01T01:56:13.369+0000][8][safepoint   ] Safepoint "Cleanup", Time since last: 5000763185 ns, Reaching safepoint: 377543 ns, At safepoint: 29450 ns, Total: 406993 ns
[2021-05-01T01:56:14.370+0000][8][safepoint   ] Safepoint "Cleanup", Time since last: 1000583360 ns, Reaching safepoint: 297524 ns, At safepoint: 23015 ns, Total: 320539 ns
[2021-05-01T01:56:16.370+0000][8][safepoint   ] Safepoint "Cleanup", Time since last: 2000338458 ns, Reaching safepoint: 356963 ns, At safepoint: 29749 ns, Total: 386712 ns
[2021-05-01T01:56:39.374+0000][8][safepoint   ] Safepoint "Cleanup", Time since last: 23002943251 ns, Reaching safepoint: 187658 ns, At safepoint: 9285 ns, Total: 196943 ns
[2021-05-01T01:56:40.374+0000][8][safepoint   ] Safepoint "Cleanup", Time since last: 1000153693 ns, Reaching safepoint: 371810 ns, At safepoint: 24651 ns, Total: 396461 ns
[2021-05-01T01:56:41.375+0000][8][safepoint   ] Safepoint "Cleanup", Time since last: 1000219328 ns, Reaching safepoint: 366504 ns, At safepoint: 28901 ns, Total: 395405 ns
[2021-05-01T01:56:43.376+0000][8][safepoint   ] Safepoint "Cleanup", Time since last: 2000402137 ns, Reaching safepoint: 381746 ns, At safepoint: 30222 ns, Total: 411968 ns
[2021-05-01T01:56:45.377+0000][8][safepoint   ] Safepoint "Cleanup", Time since last: 2000694126 ns, Reaching safepoint: 325572 ns, At safepoint: 28061 ns, Total: 353633 ns
[2021-05-01T01:57:07.380+0000][8][safepoint   ] Safepoint "Cleanup", Time since last: 22003273687 ns, Reaching safepoint: 420889 ns, At safepoint: 33938 ns, Total: 454827 ns
[2021-05-01T01:57:10.381+0000][8][safepoint   ] Safepoint "Cleanup", Time since last: 3000720224 ns, Reaching safepoint: 357136 ns, At safepoint: 28848 ns, Total: 385984 ns
[2021-05-01T01:57:12.382+0000][8][safepoint   ] Safepoint "Cleanup", Time since last: 2000461019 ns, Reaching safepoint: 316489 ns, At safepoint: 21375 ns, Total: 337864 ns
[2021-05-01T01:57:13.383+0000][8][safepoint   ] Safepoint "Cleanup", Time since last: 1000249834 ns, Reaching safepoint: 436480 ns, At safepoint: 54035 ns, Total: 490515 ns
[2021-05-01T01:57:39.387+0000][8][safepoint   ] Safepoint "Cleanup", Time since last: 26003589096 ns, Reaching safepoint: 150523 ns, At safepoint: 9673 ns, Total: 160196 ns
[2021-05-01T01:57:41.387+0000][8][safepoint   ] Safepoint "Cleanup", Time since last: 2000137191 ns, Reaching safepoint: 101359 ns, At safepoint: 7728 ns, Total: 109087 ns
[2021-05-01T01:57:43.388+0000][8][safepoint   ] Safepoint "Cleanup", Time since last: 2000300239 ns, Reaching safepoint: 344131 ns, At safepoint: 36721 ns, Total: 380852 ns
[2021-05-01T01:57:53.390+0000][8][safepoint   ] Safepoint "Cleanup", Time since last: 10001972156 ns, Reaching safepoint: 403758 ns, At safepoint: 25047 ns, Total: 428805 ns
[2021-05-01T01:58:01.392+0000][8][safepoint   ] Safepoint "Cleanup", Time since last: 8001204793 ns, Reaching safepoint: 302649 ns, At safepoint: 20019 ns, Total: 322668 ns
[2021-05-01T01:58:08.393+0000][8][safepoint   ] Safepoint "Cleanup", Time since last: 7001214290 ns, Reaching safepoint: 385082 ns, At safepoint: 32261 ns, Total: 417343 ns
[2021-05-01T01:58:10.394+0000][8][safepoint   ] Safepoint "Cleanup", Time since last: 2000326553 ns, Reaching safepoint: 429190 ns, At safepoint: 37597 ns, Total: 466787 ns
[2021-05-01T01:58:13.395+0000][8][safepoint   ] Safepoint "Cleanup", Time since last: 3000476412 ns, Reaching safepoint: 315554 ns, At safepoint: 29685 ns, Total: 345239 ns
[2021-05-01T01:58:26.397+0000][8][safepoint   ] Safepoint "Cleanup", Time since last: 13001893316 ns, Reaching safepoint: 404345 ns, At safepoint: 29605 ns, Total: 433950 ns
[2021-05-01T01:58:31.398+0000][8][safepoint   ] Safepoint "Cleanup", Time since last: 5000823279 ns, Reaching safepoint: 401544 ns, At safepoint: 33092 ns, Total: 434636 ns
[2021-05-01T01:58:34.399+0000][8][safepoint   ] Safepoint "Cleanup", Time since last: 3000553749 ns, Reaching safepoint: 368103 ns, At safepoint: 32142 ns, Total: 400245 ns
[2021-05-01T01:58:35.629+0000][8][gc,start    ] GC(58) Pause Young (Normal) (G1 Evacuation Pause)
[2021-05-01T01:58:35.629+0000][8][gc,task     ] GC(58) Using 6 workers of 8 for evacuation
[2021-05-01T01:58:35.629+0000][8][gc,age      ] GC(58) Desired survivor size 6291456 bytes, new threshold 15 (max threshold 15)
[2021-05-01T01:58:35.648+0000][8][gc,age      ] GC(58) Age table with threshold 15 (max threshold 15)
[2021-05-01T01:58:35.648+0000][8][gc,age      ] GC(58) - age   1:     512024 bytes,     512024 total
[2021-05-01T01:58:35.648+0000][8][gc,age      ] GC(58) - age   2:       1592 bytes,     513616 total
[2021-05-01T01:58:35.648+0000][8][gc,age      ] GC(58) - age   3:       3136 bytes,     516752 total
[2021-05-01T01:58:35.648+0000][8][gc,age      ] GC(58) - age   4:       3808 bytes,     520560 total
[2021-05-01T01:58:35.648+0000][8][gc,age      ] GC(58) - age   5:     238336 bytes,     758896 total
[2021-05-01T01:58:35.648+0000][8][gc,age      ] GC(58) - age   6:       5008 bytes,     763904 total
[2021-05-01T01:58:35.648+0000][8][gc,age      ] GC(58) - age   7:       9800 bytes,     773704 total
[2021-05-01T01:58:35.648+0000][8][gc,age      ] GC(58) - age   8:      13848 bytes,     787552 total
[2021-05-01T01:58:35.648+0000][8][gc,age      ] GC(58) - age   9:       8200 bytes,     795752 total
[2021-05-01T01:58:35.648+0000][8][gc,age      ] GC(58) - age  10:      49592 bytes,     845344 total
[2021-05-01T01:58:35.648+0000][8][gc,age      ] GC(58) - age  11:       5808 bytes,     851152 total
[2021-05-01T01:58:35.648+0000][8][gc,age      ] GC(58) - age  12:     468088 bytes,    1319240 total
[2021-05-01T01:58:35.648+0000][8][gc,age      ] GC(58) - age  13:     943792 bytes,    2263032 total
[2021-05-01T01:58:35.648+0000][8][gc,age      ] GC(58) - age  14:     118176 bytes,    2381208 total
[2021-05-01T01:58:35.648+0000][8][gc,age      ] GC(58) - age  15:      55944 bytes,    2437152 total
[2021-05-01T01:58:35.649+0000][8][gc,phases   ] GC(58)   Pre Evacuate Collection Set: 0.2ms
[2021-05-01T01:58:35.649+0000][8][gc,phases   ] GC(58)   Merge Heap Roots: 0.3ms
[2021-05-01T01:58:35.649+0000][8][gc,phases   ] GC(58)   Evacuate Collection Set: 16.0ms
[2021-05-01T01:58:35.649+0000][8][gc,phases   ] GC(58)   Post Evacuate Collection Set: 2.3ms
[2021-05-01T01:58:35.649+0000][8][gc,phases   ] GC(58)   Other: 0.8ms
[2021-05-01T01:58:35.649+0000][8][gc,heap     ] GC(58) Eden regions: 23->0(23)
[2021-05-01T01:58:35.649+0000][8][gc,heap     ] GC(58) Survivor regions: 1->1(3)
[2021-05-01T01:58:35.649+0000][8][gc,heap     ] GC(58) Old regions: 25->25
[2021-05-01T01:58:35.649+0000][8][gc,heap     ] GC(58) Archive regions: 2->2
[2021-05-01T01:58:35.649+0000][8][gc,heap     ] GC(58) Humongous regions: 2->2
[2021-05-01T01:58:35.649+0000][8][gc,metaspace] GC(58) Metaspace: 106020K(110484K)->106020K(110484K) NonClass: 92123K(95304K)->92123K(95304K) Class: 13896K(15180K)->13896K(15180K)
[2021-05-01T01:58:35.649+0000][8][gc          ] GC(58) Pause Young (Normal) (G1 Evacuation Pause) 206M->114M(256M) 19.831ms
[2021-05-01T01:58:35.649+0000][8][gc,cpu      ] GC(58) User=0.08s Sys=0.00s Real=0.02s
[2021-05-01T01:58:35.649+0000][8][safepoint   ] Safepoint "G1CollectForAllocation", Time since last: 1229175553 ns, Reaching safepoint: 330833 ns, At safepoint: 20062797 ns, Total: 20393630 ns
[2021-05-01T01:58:37.649+0000][8][safepoint   ] Safepoint "Cleanup", Time since last: 2000228999 ns, Reaching safepoint: 114072 ns, At safepoint: 8757 ns, Total: 122829 ns
[2021-05-01T01:58:39.650+0000][8][safepoint   ] Safepoint "Cleanup", Time since last: 2000308968 ns, Reaching safepoint: 463668 ns, At safepoint: 39405 ns, Total: 503073 ns
[2021-05-01T01:58:42.651+0000][8][safepoint   ] Safepoint "Cleanup", Time since last: 3000363161 ns, Reaching safepoint: 99381 ns, At safepoint: 6089 ns, Total: 105470 ns
[2021-05-01T01:59:09.655+0000][8][safepoint   ] Safepoint "Cleanup", Time since last: 27004103114 ns, Reaching safepoint: 430694 ns, At safepoint: 30833 ns, Total: 461527 ns
[2021-05-01T01:59:12.656+0000][8][safepoint   ] Safepoint "Cleanup", Time since last: 3000538992 ns, Reaching safepoint: 350330 ns, At safepoint: 34479 ns, Total: 384809 ns
[2021-05-01T01:59:14.658+0000][8][safepoint   ] Safepoint "Cleanup", Time since last: 2000978123 ns, Reaching safepoint: 415925 ns, At safepoint: 31421 ns, Total: 447346 ns
[2021-05-01T01:59:21.659+0000][8][safepoint   ] Safepoint "Cleanup", Time since last: 7001084292 ns, Reaching safepoint: 295003 ns, At safepoint: 21587 ns, Total: 316590 ns
[2021-05-01T01:59:33.661+0000][8][safepoint   ] Safepoint "Cleanup", Time since last: 12001684089 ns, Reaching safepoint: 445339 ns, At safepoint: 36321 ns, Total: 481660 ns
[2021-05-01T01:59:39.662+0000][8][safepoint   ] Safepoint "Cleanup", Time since last: 6000925800 ns, Reaching safepoint: 383619 ns, At safepoint: 17382 ns, Total: 401001 ns
[2021-05-01T01:59:42.664+0000][8][safepoint   ] Safepoint "Cleanup", Time since last: 3000584934 ns, Reaching safepoint: 498037 ns, At safepoint: 45894 ns, Total: 543931 ns
[2021-05-01T02:00:10.669+0000][8][safepoint   ] Safepoint "Cleanup", Time since last: 28004537294 ns, Reaching safepoint: 417529 ns, At safepoint: 30524 ns, Total: 448053 ns
[2021-05-01T02:00:12.669+0000][8][safepoint   ] Safepoint "Cleanup", Time since last: 2000345784 ns, Reaching safepoint: 446670 ns, At safepoint: 33974 ns, Total: 480644 ns
[2021-05-01T02:00:14.760+0000][8][gc,start    ] GC(59) Pause Young (Concurrent Start) (G1 Evacuation Pause)
[2021-05-01T02:00:14.760+0000][8][gc,task     ] GC(59) Using 6 workers of 8 for evacuation
[2021-05-01T02:00:14.760+0000][8][gc,age      ] GC(59) Desired survivor size 6291456 bytes, new threshold 15 (max threshold 15)
[2021-05-01T02:00:14.775+0000][8][gc,age      ] GC(59) Age table with threshold 15 (max threshold 15)
[2021-05-01T02:00:14.775+0000][8][gc,age      ] GC(59) - age   1:     797840 bytes,     797840 total
[2021-05-01T02:00:14.775+0000][8][gc,age      ] GC(59) - age   2:       4608 bytes,     802448 total
[2021-05-01T02:00:14.775+0000][8][gc,age      ] GC(59) - age   3:       1152 bytes,     803600 total
[2021-05-01T02:00:14.775+0000][8][gc,age      ] GC(59) - age   4:       2968 bytes,     806568 total
[2021-05-01T02:00:14.776+0000][8][gc,age      ] GC(59) - age   5:       3760 bytes,     810328 total
[2021-05-01T02:00:14.776+0000][8][gc,age      ] GC(59) - age   6:      60968 bytes,     871296 total
[2021-05-01T02:00:14.776+0000][8][gc,age      ] GC(59) - age   7:       5008 bytes,     876304 total
[2021-05-01T02:00:14.776+0000][8][gc,age      ] GC(59) - age   8:       9592 bytes,     885896 total
[2021-05-01T02:00:14.776+0000][8][gc,age      ] GC(59) - age   9:      13848 bytes,     899744 total
[2021-05-01T02:00:14.776+0000][8][gc,age      ] GC(59) - age  10:       8200 bytes,     907944 total
[2021-05-01T02:00:14.776+0000][8][gc,age      ] GC(59) - age  11:      48616 bytes,     956560 total
[2021-05-01T02:00:14.776+0000][8][gc,age      ] GC(59) - age  12:       5808 bytes,     962368 total
[2021-05-01T02:00:14.776+0000][8][gc,age      ] GC(59) - age  13:     468088 bytes,    1430456 total
[2021-05-01T02:00:14.776+0000][8][gc,age      ] GC(59) - age  14:     943792 bytes,    2374248 total
[2021-05-01T02:00:14.776+0000][8][gc,age      ] GC(59) - age  15:     118176 bytes,    2492424 total
[2021-05-01T02:00:14.776+0000][8][gc,phases   ] GC(59)   Pre Evacuate Collection Set: 0.3ms
[2021-05-01T02:00:14.776+0000][8][gc,phases   ] GC(59)   Merge Heap Roots: 0.3ms
[2021-05-01T02:00:14.776+0000][8][gc,phases   ] GC(59)   Evacuate Collection Set: 12.5ms
[2021-05-01T02:00:14.776+0000][8][gc,phases   ] GC(59)   Post Evacuate Collection Set: 2.0ms
[2021-05-01T02:00:14.776+0000][8][gc,phases   ] GC(59)   Other: 0.9ms
[2021-05-01T02:00:14.776+0000][8][gc,heap     ] GC(59) Eden regions: 23->0(22)
[2021-05-01T02:00:14.776+0000][8][gc,heap     ] GC(59) Survivor regions: 1->1(3)
[2021-05-01T02:00:14.776+0000][8][gc,heap     ] GC(59) Old regions: 25->26
[2021-05-01T02:00:14.776+0000][8][gc,heap     ] GC(59) Archive regions: 2->2
[2021-05-01T02:00:14.776+0000][8][gc,heap     ] GC(59) Humongous regions: 2->2
[2021-05-01T02:00:14.776+0000][8][gc,metaspace] GC(59) Metaspace: 106190K(110740K)->106190K(110740K) NonClass: 92294K(95560K)->92294K(95560K) Class: 13896K(15180K)->13896K(15180K)
[2021-05-01T02:00:14.776+0000][8][gc          ] GC(59) Pause Young (Concurrent Start) (G1 Evacuation Pause) 206M->114M(256M) 16.362ms
[2021-05-01T02:00:14.776+0000][8][gc,cpu      ] GC(59) User=0.06s Sys=0.00s Real=0.02s
[2021-05-01T02:00:14.776+0000][8][safepoint   ] Safepoint "G1CollectForAllocation", Time since last: 2090144233 ns, Reaching safepoint: 320317 ns, At safepoint: 16613101 ns, Total: 16933418 ns
[2021-05-01T02:00:14.776+0000][8][gc          ] GC(60) Concurrent Cycle
[2021-05-01T02:00:14.777+0000][8][gc,marking  ] GC(60) Concurrent Clear Claimed Marks
[2021-05-01T02:00:14.777+0000][8][gc,marking  ] GC(60) Concurrent Clear Claimed Marks 0.183ms
[2021-05-01T02:00:14.777+0000][8][gc,marking  ] GC(60) Concurrent Scan Root Regions
[2021-05-01T02:00:14.784+0000][8][gc,marking  ] GC(60) Concurrent Scan Root Regions 7.597ms
[2021-05-01T02:00:14.784+0000][8][gc,marking  ] GC(60) Concurrent Mark (1919.451s)
[2021-05-01T02:00:14.784+0000][8][gc,marking  ] GC(60) Concurrent Mark From Roots
[2021-05-01T02:00:14.785+0000][8][gc,task     ] GC(60) Using 2 workers of 2 for marking
[2021-05-01T02:00:14.895+0000][8][gc,marking  ] GC(60) Concurrent Mark From Roots 110.562ms
[2021-05-01T02:00:14.895+0000][8][gc,marking  ] GC(60) Concurrent Preclean
[2021-05-01T02:00:14.895+0000][8][gc,marking  ] GC(60) Concurrent Preclean 0.244ms
[2021-05-01T02:00:14.895+0000][8][gc,marking  ] GC(60) Concurrent Mark (1919.451s, 1919.562s) 110.878ms
[2021-05-01T02:00:14.896+0000][8][gc,start    ] GC(60) Pause Remark
[2021-05-01T02:00:14.906+0000][8][gc          ] GC(60) Pause Remark 114M->114M(256M) 10.526ms
[2021-05-01T02:00:14.906+0000][8][gc,cpu      ] GC(60) User=0.06s Sys=0.00s Real=0.01s
[2021-05-01T02:00:14.906+0000][8][safepoint   ] Safepoint "G1Concurrent", Time since last: 118977228 ns, Reaching safepoint: 167656 ns, At safepoint: 10634965 ns, Total: 10802621 ns
[2021-05-01T02:00:14.906+0000][8][gc,marking  ] GC(60) Concurrent Rebuild Remembered Sets
[2021-05-01T02:00:14.975+0000][8][gc,marking  ] GC(60) Concurrent Rebuild Remembered Sets 68.267ms
[2021-05-01T02:00:14.975+0000][8][gc,start    ] GC(60) Pause Cleanup
[2021-05-01T02:00:14.975+0000][8][gc          ] GC(60) Pause Cleanup 114M->114M(256M) 0.078ms
[2021-05-01T02:00:14.975+0000][8][gc,cpu      ] GC(60) User=0.00s Sys=0.00s Real=0.00s
[2021-05-01T02:00:14.975+0000][8][safepoint   ] Safepoint "G1Concurrent", Time since last: 68389356 ns, Reaching safepoint: 141662 ns, At safepoint: 118800 ns, Total: 260462 ns
[2021-05-01T02:00:14.975+0000][8][gc,marking  ] GC(60) Concurrent Cleanup for Next Mark
[2021-05-01T02:00:14.975+0000][8][gc,marking  ] GC(60) Concurrent Cleanup for Next Mark 0.174ms
[2021-05-01T02:00:14.975+0000][8][gc          ] GC(60) Concurrent Cycle 198.627ms
[2021-05-01T02:00:15.976+0000][8][safepoint   ] Safepoint "Cleanup", Time since last: 1000168037 ns, Reaching safepoint: 444662 ns, At safepoint: 32190 ns, Total: 476852 ns
[2021-05-01T02:00:17.976+0000][8][safepoint   ] Safepoint "Cleanup", Time since last: 2000428924 ns, Reaching safepoint: 473731 ns, At safepoint: 29636 ns, Total: 503367 ns
[2021-05-01T02:00:18.977+0000][8][safepoint   ] Safepoint "Cleanup", Time since last: 1000427523 ns, Reaching safepoint: 362013 ns, At safepoint: 35735 ns, Total: 397748 ns
[2021-05-01T02:00:20.978+0000][8][safepoint   ] Safepoint "Cleanup", Time since last: 2000458555 ns, Reaching safepoint: 538082 ns, At safepoint: 36181 ns, Total: 574263 ns
[2021-05-01T02:00:25.980+0000][8][safepoint   ] Safepoint "Cleanup", Time since last: 5000848310 ns, Reaching safepoint: 395284 ns, At safepoint: 32234 ns, Total: 427518 ns
[2021-05-01T02:00:30.987+0000][8][safepoint   ] Safepoint "Cleanup", Time since last: 5007257968 ns, Reaching safepoint: 444789 ns, At safepoint: 30482 ns, Total: 475271 ns
[2021-05-01T02:00:32.995+0000][8][safepoint   ] Safepoint "Cleanup", Time since last: 2007065592 ns, Reaching safepoint: 473215 ns, At safepoint: 43705 ns, Total: 516920 ns
[2021-05-01T02:00:33.996+0000][8][safepoint   ] Safepoint "Cleanup", Time since last: 1000287572 ns, Reaching safepoint: 292317 ns, At safepoint: 30047 ns, Total: 322364 ns
[2021-05-01T02:00:35.996+0000][8][safepoint   ] Safepoint "Cleanup", Time since last: 2000449722 ns, Reaching safepoint: 409107 ns, At safepoint: 32884 ns, Total: 441991 ns
[2021-05-01T02:00:36.997+0000][8][safepoint   ] Safepoint "Cleanup", Time since last: 1000265253 ns, Reaching safepoint: 404954 ns, At safepoint: 35364 ns, Total: 440318 ns
[2021-05-01T02:00:37.998+0000][8][safepoint   ] Safepoint "Cleanup", Time since last: 1000221755 ns, Reaching safepoint: 337743 ns, At safepoint: 26143 ns, Total: 363886 ns
[2021-05-01T02:00:38.999+0000][8][safepoint   ] Safepoint "Cleanup", Time since last: 1000284610 ns, Reaching safepoint: 561075 ns, At safepoint: 32999 ns, Total: 594074 ns
[2021-05-01T02:00:39.999+0000][8][safepoint   ] Safepoint "Cleanup", Time since last: 1000206320 ns, Reaching safepoint: 440099 ns, At safepoint: 31298 ns, Total: 471397 ns
[2021-05-01T02:00:42.000+0000][8][safepoint   ] Safepoint "Cleanup", Time since last: 2000319067 ns, Reaching safepoint: 409060 ns, At safepoint: 36607 ns, Total: 445667 ns
[2021-05-01T02:00:43.001+0000][8][safepoint   ] Safepoint "Cleanup", Time since last: 1000280154 ns, Reaching safepoint: 760916 ns, At safepoint: 37755 ns, Total: 798671 ns
[2021-05-01T02:00:51.003+0000][8][safepoint   ] Safepoint "Cleanup", Time since last: 8001192911 ns, Reaching safepoint: 375224 ns, At safepoint: 29332 ns, Total: 404556 ns
[2021-05-01T02:01:06.006+0000][8][safepoint   ] Safepoint "Cleanup", Time since last: 15002488609 ns, Reaching safepoint: 370499 ns, At safepoint: 26358 ns, Total: 396857 ns
[2021-05-01T02:01:07.006+0000][8][safepoint   ] Safepoint "Cleanup", Time since last: 1000300480 ns, Reaching safepoint: 310307 ns, At safepoint: 24582 ns, Total: 334889 ns
[2021-05-01T02:01:08.007+0000][8][safepoint   ] Safepoint "Cleanup", Time since last: 1000252525 ns, Reaching safepoint: 376909 ns, At safepoint: 41494 ns, Total: 418403 ns
[2021-05-01T02:01:10.014+0000][8][safepoint   ] Safepoint "Cleanup", Time since last: 2007083733 ns, Reaching safepoint: 240124 ns, At safepoint: 20430 ns, Total: 260554 ns
[2021-05-01T02:01:12.015+0000][8][safepoint   ] Safepoint "Cleanup", Time since last: 2000410228 ns, Reaching safepoint: 352087 ns, At safepoint: 29685 ns, Total: 381772 ns
[2021-05-01T02:01:13.016+0000][8][safepoint   ] Safepoint "Cleanup", Time since last: 1000254926 ns, Reaching safepoint: 377768 ns, At safepoint: 29795 ns, Total: 407563 ns
[2021-05-01T02:01:16.017+0000][8][safepoint   ] Safepoint "Cleanup", Time since last: 3000852547 ns, Reaching safepoint: 335096 ns, At safepoint: 24287 ns, Total: 359383 ns
[2021-05-01T02:01:18.018+0000][8][safepoint   ] Safepoint "Cleanup", Time since last: 2000360488 ns, Reaching safepoint: 354066 ns, At safepoint: 30038 ns, Total: 384104 ns
[2021-05-01T02:01:21.019+0000][8][safepoint   ] Safepoint "Cleanup", Time since last: 3000520910 ns, Reaching safepoint: 469942 ns, At safepoint: 38056 ns, Total: 507998 ns
[2021-05-01T02:01:27.020+0000][8][safepoint   ] Safepoint "Cleanup", Time since last: 6001008332 ns, Reaching safepoint: 364989 ns, At safepoint: 30742 ns, Total: 395731 ns
[2021-05-01T02:01:29.021+0000][8][safepoint   ] Safepoint "Cleanup", Time since last: 2000318766 ns, Reaching safepoint: 452156 ns, At safepoint: 24149 ns, Total: 476305 ns
[2021-05-01T02:01:36.022+0000][8][safepoint   ] Safepoint "Cleanup", Time since last: 7001112942 ns, Reaching safepoint: 432029 ns, At safepoint: 37569 ns, Total: 469598 ns
[2021-05-01T02:01:39.023+0000][8][safepoint   ] Safepoint "Cleanup", Time since last: 3000557398 ns, Reaching safepoint: 312945 ns, At safepoint: 22684 ns, Total: 335629 ns
[2021-05-01T02:01:42.024+0000][8][safepoint   ] Safepoint "Cleanup", Time since last: 3000584059 ns, Reaching safepoint: 372993 ns, At safepoint: 29105 ns, Total: 402098 ns
[2021-05-01T02:01:43.025+0000][8][safepoint   ] Safepoint "Cleanup", Time since last: 1000351415 ns, Reaching safepoint: 329327 ns, At safepoint: 43969 ns, Total: 373296 ns
[2021-05-01T02:02:13.030+0000][8][safepoint   ] Safepoint "Cleanup", Time since last: 30004217197 ns, Reaching safepoint: 366401 ns, At safepoint: 47146 ns, Total: 413547 ns
[2021-05-01T02:02:36.034+0000][8][safepoint   ] Safepoint "Cleanup", Time since last: 23003799282 ns, Reaching safepoint: 606515 ns, At safepoint: 33119 ns, Total: 639634 ns
[2021-05-01T02:02:38.841+0000][8][gc,start    ] GC(61) Pause Young (Normal) (G1 Evacuation Pause)
[2021-05-01T02:02:38.841+0000][8][gc,task     ] GC(61) Using 6 workers of 8 for evacuation
[2021-05-01T02:02:38.841+0000][8][gc,age      ] GC(61) Desired survivor size 6291456 bytes, new threshold 15 (max threshold 15)
[2021-05-01T02:02:38.855+0000][8][gc,age      ] GC(61) Age table with threshold 15 (max threshold 15)
[2021-05-01T02:02:38.855+0000][8][gc,age      ] GC(61) - age   1:     527656 bytes,     527656 total
[2021-05-01T02:02:38.855+0000][8][gc,age      ] GC(61) - age   2:     279112 bytes,     806768 total
[2021-05-01T02:02:38.855+0000][8][gc,age      ] GC(61) - age   3:       4064 bytes,     810832 total
[2021-05-01T02:02:38.855+0000][8][gc,age      ] GC(61) - age   4:       1128 bytes,     811960 total
[2021-05-01T02:02:38.856+0000][8][gc,age      ] GC(61) - age   5:       2968 bytes,     814928 total
[2021-05-01T02:02:38.856+0000][8][gc,age      ] GC(61) - age   6:       3760 bytes,     818688 total
[2021-05-01T02:02:38.856+0000][8][gc,age      ] GC(61) - age   7:      60552 bytes,     879240 total
[2021-05-01T02:02:38.856+0000][8][gc,age      ] GC(61) - age   8:       5008 bytes,     884248 total
[2021-05-01T02:02:38.856+0000][8][gc,age      ] GC(61) - age   9:       9592 bytes,     893840 total
[2021-05-01T02:02:38.856+0000][8][gc,age      ] GC(61) - age  10:      13848 bytes,     907688 total
[2021-05-01T02:02:38.856+0000][8][gc,age      ] GC(61) - age  11:       8200 bytes,     915888 total
[2021-05-01T02:02:38.856+0000][8][gc,age      ] GC(61) - age  12:      48616 bytes,     964504 total
[2021-05-01T02:02:38.856+0000][8][gc,age      ] GC(61) - age  13:       5808 bytes,     970312 total
[2021-05-01T02:02:38.856+0000][8][gc,age      ] GC(61) - age  14:     468088 bytes,    1438400 total
[2021-05-01T02:02:38.856+0000][8][gc,age      ] GC(61) - age  15:     943792 bytes,    2382192 total
[2021-05-01T02:02:38.856+0000][8][gc,phases   ] GC(61)   Pre Evacuate Collection Set: 0.2ms
[2021-05-01T02:02:38.856+0000][8][gc,phases   ] GC(61)   Merge Heap Roots: 0.2ms
[2021-05-01T02:02:38.856+0000][8][gc,phases   ] GC(61)   Evacuate Collection Set: 11.9ms
[2021-05-01T02:02:38.856+0000][8][gc,phases   ] GC(61)   Post Evacuate Collection Set: 2.0ms
[2021-05-01T02:02:38.856+0000][8][gc,phases   ] GC(61)   Other: 0.9ms
[2021-05-01T02:02:38.856+0000][8][gc,heap     ] GC(61) Eden regions: 22->0(22)
[2021-05-01T02:02:38.856+0000][8][gc,heap     ] GC(61) Survivor regions: 1->1(3)
[2021-05-01T02:02:38.856+0000][8][gc,heap     ] GC(61) Old regions: 26->26
[2021-05-01T02:02:38.856+0000][8][gc,heap     ] GC(61) Archive regions: 2->2
[2021-05-01T02:02:38.856+0000][8][gc,heap     ] GC(61) Humongous regions: 2->2
[2021-05-01T02:02:38.856+0000][8][gc,metaspace] GC(61) Metaspace: 106273K(110740K)->106273K(110740K) NonClass: 92387K(95560K)->92387K(95560K) Class: 13886K(15180K)->13886K(15180K)
[2021-05-01T02:02:38.856+0000][8][gc          ] GC(61) Pause Young (Normal) (G1 Evacuation Pause) 202M->114M(256M) 15.591ms
[2021-05-01T02:02:38.856+0000][8][gc,cpu      ] GC(61) User=0.06s Sys=0.00s Real=0.02s
[2021-05-01T02:02:38.857+0000][8][safepoint   ] Safepoint "G1CollectForAllocation", Time since last: 2806127943 ns, Reaching safepoint: 435628 ns, At safepoint: 15827456 ns, Total: 16263084 ns
[2021-05-01T02:02:39.857+0000][8][safepoint   ] Safepoint "Cleanup", Time since last: 1000259833 ns, Reaching safepoint: 454799 ns, At safepoint: 39551 ns, Total: 494350 ns
[2021-05-01T02:02:42.858+0000][8][safepoint   ] Safepoint "Cleanup", Time since last: 3000447896 ns, Reaching safepoint: 395143 ns, At safepoint: 44230 ns, Total: 439373 ns
[2021-05-01T02:02:45.859+0000][8][safepoint   ] Safepoint "Cleanup", Time since last: 3000609299 ns, Reaching safepoint: 408028 ns, At safepoint: 33744 ns, Total: 441772 ns
[2021-05-01T02:02:50.861+0000][8][safepoint   ] Safepoint "Cleanup", Time since last: 5001108656 ns, Reaching safepoint: 410747 ns, At safepoint: 54423 ns, Total: 465170 ns
[2021-05-01T02:02:57.862+0000][8][safepoint   ] Safepoint "Cleanup", Time since last: 7001187246 ns, Reaching safepoint: 375874 ns, At safepoint: 28803 ns, Total: 404677 ns
[2021-05-01T02:03:00.863+0000][8][safepoint   ] Safepoint "Cleanup", Time since last: 3000506154 ns, Reaching safepoint: 318425 ns, At safepoint: 22707 ns, Total: 341132 ns
[2021-05-01T02:03:03.864+0000][8][safepoint   ] Safepoint "Cleanup", Time since last: 3000338859 ns, Reaching safepoint: 358755 ns, At safepoint: 21362 ns, Total: 380117 ns
[2021-05-01T02:03:07.865+0000][8][safepoint   ] Safepoint "Cleanup", Time since last: 4000660659 ns, Reaching safepoint: 447319 ns, At safepoint: 31789 ns, Total: 479108 ns
[2021-05-01T02:03:12.866+0000][8][safepoint   ] Safepoint "Cleanup", Time since last: 5000922828 ns, Reaching safepoint: 309344 ns, At safepoint: 20777 ns, Total: 330121 ns
[2021-05-01T02:03:13.867+0000][8][safepoint   ] Safepoint "Cleanup", Time since last: 1000491746 ns, Reaching safepoint: 403778 ns, At safepoint: 22449 ns, Total: 426227 ns
[2021-05-01T02:03:18.869+0000][8][safepoint   ] Safepoint "Cleanup", Time since last: 5001202923 ns, Reaching safepoint: 395844 ns, At safepoint: 25010 ns, Total: 420854 ns
[2021-05-01T02:03:31.871+0000][8][safepoint   ] Safepoint "Cleanup", Time since last: 13001814502 ns, Reaching safepoint: 432274 ns, At safepoint: 34917 ns, Total: 467191 ns
[2021-05-01T02:03:36.872+0000][8][safepoint   ] Safepoint "Cleanup", Time since last: 5000796858 ns, Reaching safepoint: 425527 ns, At safepoint: 29999 ns, Total: 455526 ns
[2021-05-01T02:03:39.873+0000][8][safepoint   ] Safepoint "Cleanup", Time since last: 3000454608 ns, Reaching safepoint: 162753 ns, At safepoint: 9886 ns, Total: 172639 ns
[2021-05-01T02:03:42.874+0000][8][safepoint   ] Safepoint "Cleanup", Time since last: 3000436920 ns, Reaching safepoint: 279378 ns, At safepoint: 22903 ns, Total: 302281 ns
[2021-05-01T02:04:02.878+0000][8][safepoint   ] Safepoint "Cleanup", Time since last: 20004192518 ns, Reaching safepoint: 310510 ns, At safepoint: 10353 ns, Total: 320863 ns
[2021-05-01T02:04:04.879+0000][8][safepoint   ] Safepoint "Cleanup", Time since last: 2000371083 ns, Reaching safepoint: 411402 ns, At safepoint: 32482 ns, Total: 443884 ns
[2021-05-01T02:04:12.881+0000][8][safepoint   ] Safepoint "Cleanup", Time since last: 8001253233 ns, Reaching safepoint: 350228 ns, At safepoint: 25839 ns, Total: 376067 ns
[2021-05-01T02:04:13.881+0000][8][safepoint   ] Safepoint "Cleanup", Time since last: 1000221317 ns, Reaching safepoint: 376042 ns, At safepoint: 34776 ns, Total: 410818 ns
[2021-05-01T02:04:36.885+0000][8][safepoint   ] Safepoint "Cleanup", Time since last: 23003469102 ns, Reaching safepoint: 410080 ns, At safepoint: 35996 ns, Total: 446076 ns
[2021-05-01T02:04:42.887+0000][8][safepoint   ] Safepoint "Cleanup", Time since last: 6001435352 ns, Reaching safepoint: 239753 ns, At safepoint: 18658 ns, Total: 258411 ns
[2021-05-01T02:04:44.047+0000][8][gc,start    ] GC(62) Pause Young (Concurrent Start) (G1 Evacuation Pause)
[2021-05-01T02:04:44.047+0000][8][gc,task     ] GC(62) Using 6 workers of 8 for evacuation
[2021-05-01T02:04:44.047+0000][8][gc,age      ] GC(62) Desired survivor size 6291456 bytes, new threshold 15 (max threshold 15)
[2021-05-01T02:04:44.060+0000][8][gc,age      ] GC(62) Age table with threshold 15 (max threshold 15)
[2021-05-01T02:04:44.061+0000][8][gc,age      ] GC(62) - age   1:     535208 bytes,     535208 total
[2021-05-01T02:04:44.061+0000][8][gc,age      ] GC(62) - age   2:      10904 bytes,     546112 total
[2021-05-01T02:04:44.061+0000][8][gc,age      ] GC(62) - age   3:     158056 bytes,     704168 total
[2021-05-01T02:04:44.061+0000][8][gc,age      ] GC(62) - age   4:       4064 bytes,     708232 total
[2021-05-01T02:04:44.061+0000][8][gc,age      ] GC(62) - age   5:       1128 bytes,     709360 total
[2021-05-01T02:04:44.061+0000][8][gc,age      ] GC(62) - age   6:       2968 bytes,     712328 total
[2021-05-01T02:04:44.061+0000][8][gc,age      ] GC(62) - age   7:       3760 bytes,     716088 total
[2021-05-01T02:04:44.061+0000][8][gc,age      ] GC(62) - age   8:      60552 bytes,     776640 total
[2021-05-01T02:04:44.061+0000][8][gc,age      ] GC(62) - age   9:       5008 bytes,     781648 total
[2021-05-01T02:04:44.061+0000][8][gc,age      ] GC(62) - age  10:       9592 bytes,     791240 total
[2021-05-01T02:04:44.061+0000][8][gc,age      ] GC(62) - age  11:      13848 bytes,     805088 total
[2021-05-01T02:04:44.061+0000][8][gc,age      ] GC(62) - age  12:       8200 bytes,     813288 total
[2021-05-01T02:04:44.061+0000][8][gc,age      ] GC(62) - age  13:      48616 bytes,     861904 total
[2021-05-01T02:04:44.061+0000][8][gc,age      ] GC(62) - age  14:       5808 bytes,     867712 total
[2021-05-01T02:04:44.061+0000][8][gc,age      ] GC(62) - age  15:     468088 bytes,    1335800 total
[2021-05-01T02:04:44.061+0000][8][gc,phases   ] GC(62)   Pre Evacuate Collection Set: 0.4ms
[2021-05-01T02:04:44.061+0000][8][gc,phases   ] GC(62)   Merge Heap Roots: 0.2ms
[2021-05-01T02:04:44.061+0000][8][gc,phases   ] GC(62)   Evacuate Collection Set: 10.9ms
[2021-05-01T02:04:44.061+0000][8][gc,phases   ] GC(62)   Post Evacuate Collection Set: 1.9ms
[2021-05-01T02:04:44.061+0000][8][gc,phases   ] GC(62)   Other: 0.9ms
[2021-05-01T02:04:44.061+0000][8][gc,heap     ] GC(62) Eden regions: 22->0(22)
[2021-05-01T02:04:44.061+0000][8][gc,heap     ] GC(62) Survivor regions: 1->1(3)
[2021-05-01T02:04:44.061+0000][8][gc,heap     ] GC(62) Old regions: 26->26
[2021-05-01T02:04:44.061+0000][8][gc,heap     ] GC(62) Archive regions: 2->2
[2021-05-01T02:04:44.061+0000][8][gc,heap     ] GC(62) Humongous regions: 2->2
[2021-05-01T02:04:44.061+0000][8][gc,metaspace] GC(62) Metaspace: 106355K(110996K)->106355K(110996K) NonClass: 92468K(95816K)->92468K(95816K) Class: 13887K(15180K)->13887K(15180K)
[2021-05-01T02:04:44.061+0000][8][gc          ] GC(62) Pause Young (Concurrent Start) (G1 Evacuation Pause) 202M->114M(256M) 14.564ms
[2021-05-01T02:04:44.061+0000][8][gc,cpu      ] GC(62) User=0.06s Sys=0.00s Real=0.01s
[2021-05-01T02:04:44.061+0000][8][safepoint   ] Safepoint "G1CollectForAllocation", Time since last: 1159180532 ns, Reaching safepoint: 402016 ns, At safepoint: 14796302 ns, Total: 15198318 ns
[2021-05-01T02:04:44.061+0000][8][gc          ] GC(63) Concurrent Cycle
[2021-05-01T02:04:44.061+0000][8][gc,marking  ] GC(63) Concurrent Clear Claimed Marks
[2021-05-01T02:04:44.062+0000][8][gc,marking  ] GC(63) Concurrent Clear Claimed Marks 0.181ms
[2021-05-01T02:04:44.062+0000][8][gc,marking  ] GC(63) Concurrent Scan Root Regions
[2021-05-01T02:04:44.067+0000][8][gc,marking  ] GC(63) Concurrent Scan Root Regions 4.994ms
[2021-05-01T02:04:44.067+0000][8][gc,marking  ] GC(63) Concurrent Mark (2188.733s)
[2021-05-01T02:04:44.067+0000][8][gc,marking  ] GC(63) Concurrent Mark From Roots
[2021-05-01T02:04:44.067+0000][8][gc,task     ] GC(63) Using 2 workers of 2 for marking
[2021-05-01T02:04:44.177+0000][8][gc,marking  ] GC(63) Concurrent Mark From Roots 110.044ms
[2021-05-01T02:04:44.177+0000][8][gc,marking  ] GC(63) Concurrent Preclean
[2021-05-01T02:04:44.177+0000][8][gc,marking  ] GC(63) Concurrent Preclean 0.233ms
[2021-05-01T02:04:44.177+0000][8][gc,marking  ] GC(63) Concurrent Mark (2188.733s, 2188.844s) 110.362ms
[2021-05-01T02:04:44.177+0000][8][gc,start    ] GC(63) Pause Remark
[2021-05-01T02:04:44.182+0000][8][gc          ] GC(63) Pause Remark 115M->115M(256M) 5.073ms
[2021-05-01T02:04:44.182+0000][8][gc,cpu      ] GC(63) User=0.03s Sys=0.00s Real=0.01s
[2021-05-01T02:04:44.182+0000][8][safepoint   ] Safepoint "G1Concurrent", Time since last: 115780541 ns, Reaching safepoint: 105630 ns, At safepoint: 5157750 ns, Total: 5263380 ns
[2021-05-01T02:04:44.182+0000][8][gc,marking  ] GC(63) Concurrent Rebuild Remembered Sets
[2021-05-01T02:04:44.246+0000][8][gc,marking  ] GC(63) Concurrent Rebuild Remembered Sets 63.321ms
[2021-05-01T02:04:44.246+0000][8][gc,start    ] GC(63) Pause Cleanup
[2021-05-01T02:04:44.246+0000][8][gc          ] GC(63) Pause Cleanup 115M->115M(256M) 0.080ms
[2021-05-01T02:04:44.246+0000][8][gc,cpu      ] GC(63) User=0.00s Sys=0.00s Real=0.00s
[2021-05-01T02:04:44.246+0000][8][safepoint   ] Safepoint "G1Concurrent", Time since last: 63497193 ns, Reaching safepoint: 79502 ns, At safepoint: 125437 ns, Total: 204939 ns
[2021-05-01T02:04:44.246+0000][8][gc,marking  ] GC(63) Concurrent Cleanup for Next Mark
[2021-05-01T02:04:44.246+0000][8][gc,marking  ] GC(63) Concurrent Cleanup for Next Mark 0.202ms
[2021-05-01T02:04:44.246+0000][8][gc          ] GC(63) Concurrent Cycle 185.041ms
[2021-05-01T02:04:54.248+0000][8][safepoint   ] Safepoint "Cleanup", Time since last: 10001351522 ns, Reaching safepoint: 368972 ns, At safepoint: 41532 ns, Total: 410504 ns
[2021-05-01T02:04:56.249+0000][8][safepoint   ] Safepoint "Cleanup", Time since last: 2000352067 ns, Reaching safepoint: 442994 ns, At safepoint: 43630 ns, Total: 486624 ns
[2021-05-01T02:05:10.251+0000][8][safepoint   ] Safepoint "Cleanup", Time since last: 14001888002 ns, Reaching safepoint: 412960 ns, At safepoint: 31396 ns, Total: 444356 ns
[2021-05-01T02:05:13.252+0000][8][safepoint   ] Safepoint "Cleanup", Time since last: 3000556173 ns, Reaching safepoint: 393413 ns, At safepoint: 33600 ns, Total: 427013 ns
[2021-05-01T02:05:42.257+0000][8][safepoint   ] Safepoint "Cleanup", Time since last: 29004546030 ns, Reaching safepoint: 382820 ns, At safepoint: 42014 ns, Total: 424834 ns
[2021-05-01T02:06:01.260+0000][8][safepoint   ] Safepoint "Cleanup", Time since last: 19002983296 ns, Reaching safepoint: 476905 ns, At safepoint: 39923 ns, Total: 516828 ns
[2021-05-01T02:06:09.263+0000][8][safepoint   ] Safepoint "Cleanup", Time since last: 8001823685 ns, Reaching safepoint: 413643 ns, At safepoint: 29256 ns, Total: 442899 ns
[2021-05-01T02:06:11.264+0000][8][safepoint   ] Safepoint "Cleanup", Time since last: 2000423107 ns, Reaching safepoint: 490816 ns, At safepoint: 35636 ns, Total: 526452 ns
[2021-05-01T02:06:13.265+0000][8][safepoint   ] Safepoint "Cleanup", Time since last: 2000472975 ns, Reaching safepoint: 374619 ns, At safepoint: 29390 ns, Total: 404009 ns
[2021-05-01T02:06:39.269+0000][8][safepoint   ] Safepoint "Cleanup", Time since last: 26003936259 ns, Reaching safepoint: 460694 ns, At safepoint: 34356 ns, Total: 495050 ns
[2021-05-01T02:06:43.271+0000][8][safepoint   ] Safepoint "Cleanup", Time since last: 4001185672 ns, Reaching safepoint: 378969 ns, At safepoint: 30936 ns, Total: 409905 ns
[2021-05-01T02:07:06.275+0000][8][safepoint   ] Safepoint "Cleanup", Time since last: 23003670624 ns, Reaching safepoint: 397742 ns, At safepoint: 15553 ns, Total: 413295 ns
[2021-05-01T02:07:09.318+0000][8][gc,start    ] GC(64) Pause Young (Normal) (G1 Evacuation Pause)
[2021-05-01T02:07:09.318+0000][8][gc,task     ] GC(64) Using 6 workers of 8 for evacuation
[2021-05-01T02:07:09.318+0000][8][gc,age      ] GC(64) Desired survivor size 6291456 bytes, new threshold 15 (max threshold 15)
[2021-05-01T02:07:09.328+0000][8][gc,age      ] GC(64) Age table with threshold 15 (max threshold 15)
[2021-05-01T02:07:09.328+0000][8][gc,age      ] GC(64) - age   1:     509272 bytes,     509272 total
[2021-05-01T02:07:09.328+0000][8][gc,age      ] GC(64) - age   2:      18152 bytes,     527424 total
[2021-05-01T02:07:09.328+0000][8][gc,age      ] GC(64) - age   3:      10736 bytes,     538160 total
[2021-05-01T02:07:09.328+0000][8][gc,age      ] GC(64) - age   4:     158056 bytes,     696216 total
[2021-05-01T02:07:09.329+0000][8][gc,age      ] GC(64) - age   5:       3824 bytes,     700040 total
[2021-05-01T02:07:09.329+0000][8][gc,age      ] GC(64) - age   6:       1008 bytes,     701048 total
[2021-05-01T02:07:09.329+0000][8][gc,age      ] GC(64) - age   7:       2968 bytes,     704016 total
[2021-05-01T02:07:09.329+0000][8][gc,age      ] GC(64) - age   8:       3760 bytes,     707776 total
[2021-05-01T02:07:09.329+0000][8][gc,age      ] GC(64) - age   9:      60552 bytes,     768328 total
[2021-05-01T02:07:09.329+0000][8][gc,age      ] GC(64) - age  10:       5008 bytes,     773336 total
[2021-05-01T02:07:09.329+0000][8][gc,age      ] GC(64) - age  11:       9592 bytes,     782928 total
[2021-05-01T02:07:09.329+0000][8][gc,age      ] GC(64) - age  12:      13848 bytes,     796776 total
[2021-05-01T02:07:09.329+0000][8][gc,age      ] GC(64) - age  13:       8200 bytes,     804976 total
[2021-05-01T02:07:09.329+0000][8][gc,age      ] GC(64) - age  14:      48616 bytes,     853592 total
[2021-05-01T02:07:09.329+0000][8][gc,age      ] GC(64) - age  15:       5808 bytes,     859400 total
[2021-05-01T02:07:09.329+0000][8][gc,phases   ] GC(64)   Pre Evacuate Collection Set: 0.5ms
[2021-05-01T02:07:09.329+0000][8][gc,phases   ] GC(64)   Merge Heap Roots: 0.3ms
[2021-05-01T02:07:09.329+0000][8][gc,phases   ] GC(64)   Evacuate Collection Set: 8.1ms
[2021-05-01T02:07:09.329+0000][8][gc,phases   ] GC(64)   Post Evacuate Collection Set: 1.4ms
[2021-05-01T02:07:09.329+0000][8][gc,phases   ] GC(64)   Other: 1.0ms
[2021-05-01T02:07:09.329+0000][8][gc,heap     ] GC(64) Eden regions: 22->0(22)
[2021-05-01T02:07:09.329+0000][8][gc,heap     ] GC(64) Survivor regions: 1->1(3)
[2021-05-01T02:07:09.329+0000][8][gc,heap     ] GC(64) Old regions: 26->26
[2021-05-01T02:07:09.329+0000][8][gc,heap     ] GC(64) Archive regions: 2->2
[2021-05-01T02:07:09.329+0000][8][gc,heap     ] GC(64) Humongous regions: 2->2
[2021-05-01T02:07:09.329+0000][8][gc,metaspace] GC(64) Metaspace: 106374K(110996K)->106374K(110996K) NonClass: 92487K(95816K)->92487K(95816K) Class: 13887K(15180K)->13887K(15180K)
[2021-05-01T02:07:09.329+0000][8][gc          ] GC(64) Pause Young (Normal) (G1 Evacuation Pause) 202M->114M(256M) 11.591ms
[2021-05-01T02:07:09.329+0000][8][gc,cpu      ] GC(64) User=0.04s Sys=0.00s Real=0.01s
[2021-05-01T02:07:09.329+0000][8][safepoint   ] Safepoint "G1CollectForAllocation", Time since last: 3042342220 ns, Reaching safepoint: 457052 ns, At safepoint: 11835847 ns, Total: 12292899 ns
[2021-05-01T02:07:13.549+0000][8][safepoint   ] Safepoint "Cleanup", Time since last: 4219522243 ns, Reaching safepoint: 551395 ns, At safepoint: 38657 ns, Total: 590052 ns
[2021-05-01T02:07:30.552+0000][8][safepoint   ] Safepoint "Cleanup", Time since last: 17002371146 ns, Reaching safepoint: 162899 ns, At safepoint: 10353 ns, Total: 173252 ns
[2021-05-01T02:07:39.554+0000][8][safepoint   ] Safepoint "Cleanup", Time since last: 9001303995 ns, Reaching safepoint: 369511 ns, At safepoint: 36643 ns, Total: 406154 ns
[2021-05-01T02:07:42.554+0000][8][safepoint   ] Safepoint "Cleanup", Time since last: 3000487847 ns, Reaching safepoint: 178078 ns, At safepoint: 9991 ns, Total: 188069 ns
[2021-05-01T02:07:48.556+0000][8][safepoint   ] Safepoint "Cleanup", Time since last: 6001189985 ns, Reaching safepoint: 469140 ns, At safepoint: 32378 ns, Total: 501518 ns
[2021-05-01T02:08:07.559+0000][8][safepoint   ] Safepoint "Cleanup", Time since last: 19002929028 ns, Reaching safepoint: 363295 ns, At safepoint: 26786 ns, Total: 390081 ns
[2021-05-01T02:08:08.560+0000][8][safepoint   ] Safepoint "Cleanup", Time since last: 1000237437 ns, Reaching safepoint: 590158 ns, At safepoint: 35116 ns, Total: 625274 ns
[2021-05-01T02:08:10.561+0000][8][safepoint   ] Safepoint "Cleanup", Time since last: 2000327869 ns, Reaching safepoint: 362286 ns, At safepoint: 25820 ns, Total: 388106 ns
[2021-05-01T02:08:12.561+0000][8][safepoint   ] Safepoint "Cleanup", Time since last: 2000410193 ns, Reaching safepoint: 135562 ns, At safepoint: 9783 ns, Total: 145345 ns
[2021-05-01T02:08:13.562+0000][8][safepoint   ] Safepoint "Cleanup", Time since last: 1000305224 ns, Reaching safepoint: 415710 ns, At safepoint: 31083 ns, Total: 446793 ns
[2021-05-01T02:08:33.566+0000][8][safepoint   ] Safepoint "Cleanup", Time since last: 20002955243 ns, Reaching safepoint: 483620 ns, At safepoint: 36909 ns, Total: 520529 ns
[2021-05-01T02:08:37.361+0000][8][safepoint   ] Safepoint "ICBufferFull", Time since last: 3794878199 ns, Reaching safepoint: 282219 ns, At safepoint: 11397 ns, Total: 293616 ns
[2021-05-01T02:08:38.451+0000][8][safepoint   ] Safepoint "Cleanup", Time since last: 1089652133 ns, Reaching safepoint: 204578 ns, At safepoint: 8682 ns, Total: 213260 ns
[2021-05-01T02:08:39.451+0000][8][safepoint   ] Safepoint "Cleanup", Time since last: 1000139990 ns, Reaching safepoint: 310842 ns, At safepoint: 50247 ns, Total: 361089 ns
[2021-05-01T02:08:40.452+0000][8][safepoint   ] Safepoint "Cleanup", Time since last: 1000263499 ns, Reaching safepoint: 348649 ns, At safepoint: 30995 ns, Total: 379644 ns
[2021-05-01T02:08:41.453+0000][8][safepoint   ] Safepoint "Cleanup", Time since last: 1000511015 ns, Reaching safepoint: 396467 ns, At safepoint: 34416 ns, Total: 430883 ns
[2021-05-01T02:08:42.542+0000][8][gc,start    ] GC(65) Pause Young (Concurrent Start) (G1 Evacuation Pause)
[2021-05-01T02:08:42.542+0000][8][gc,task     ] GC(65) Using 6 workers of 8 for evacuation
[2021-05-01T02:08:42.542+0000][8][gc,age      ] GC(65) Desired survivor size 6291456 bytes, new threshold 15 (max threshold 15)
[2021-05-01T02:08:42.547+0000][8][gc,age      ] GC(65) Age table with threshold 15 (max threshold 15)
[2021-05-01T02:08:42.547+0000][8][gc,age      ] GC(65) - age   1:     924568 bytes,     924568 total
[2021-05-01T02:08:42.547+0000][8][gc,age      ] GC(65) - age   2:       2104 bytes,     926672 total
[2021-05-01T02:08:42.547+0000][8][gc,age      ] GC(65) - age   3:      17840 bytes,     944512 total
[2021-05-01T02:08:42.547+0000][8][gc,age      ] GC(65) - age   4:      10400 bytes,     954912 total
[2021-05-01T02:08:42.547+0000][8][gc,age      ] GC(65) - age   5:       6416 bytes,     961328 total
[2021-05-01T02:08:42.547+0000][8][gc,age      ] GC(65) - age   6:       3824 bytes,     965152 total
[2021-05-01T02:08:42.547+0000][8][gc,age      ] GC(65) - age   7:       1008 bytes,     966160 total
[2021-05-01T02:08:42.547+0000][8][gc,age      ] GC(65) - age   8:       2728 bytes,     968888 total
[2021-05-01T02:08:42.547+0000][8][gc,age      ] GC(65) - age   9:       3760 bytes,     972648 total
[2021-05-01T02:08:42.547+0000][8][gc,age      ] GC(65) - age  10:      55864 bytes,    1028512 total
[2021-05-01T02:08:42.547+0000][8][gc,age      ] GC(65) - age  11:       5008 bytes,    1033520 total
[2021-05-01T02:08:42.547+0000][8][gc,age      ] GC(65) - age  12:       9568 bytes,    1043088 total
[2021-05-01T02:08:42.547+0000][8][gc,age      ] GC(65) - age  13:      13848 bytes,    1056936 total
[2021-05-01T02:08:42.547+0000][8][gc,age      ] GC(65) - age  14:       8000 bytes,    1064936 total
[2021-05-01T02:08:42.547+0000][8][gc,age      ] GC(65) - age  15:      48576 bytes,    1113512 total
[2021-05-01T02:08:42.547+0000][8][gc,phases   ] GC(65)   Pre Evacuate Collection Set: 0.3ms
[2021-05-01T02:08:42.547+0000][8][gc,phases   ] GC(65)   Merge Heap Roots: 0.1ms
[2021-05-01T02:08:42.547+0000][8][gc,phases   ] GC(65)   Evacuate Collection Set: 3.6ms
[2021-05-01T02:08:42.547+0000][8][gc,phases   ] GC(65)   Post Evacuate Collection Set: 1.1ms
[2021-05-01T02:08:42.547+0000][8][gc,phases   ] GC(65)   Other: 0.6ms
[2021-05-01T02:08:42.547+0000][8][gc,heap     ] GC(65) Eden regions: 22->0(22)
[2021-05-01T02:08:42.547+0000][8][gc,heap     ] GC(65) Survivor regions: 1->1(3)
[2021-05-01T02:08:42.547+0000][8][gc,heap     ] GC(65) Old regions: 26->26
[2021-05-01T02:08:42.548+0000][8][gc,heap     ] GC(65) Archive regions: 2->2
[2021-05-01T02:08:42.548+0000][8][gc,heap     ] GC(65) Humongous regions: 2->2
[2021-05-01T02:08:42.548+0000][8][gc,metaspace] GC(65) Metaspace: 106454K(110996K)->106454K(110996K) NonClass: 92567K(95816K)->92567K(95816K) Class: 13887K(15180K)->13887K(15180K)
[2021-05-01T02:08:42.548+0000][8][gc          ] GC(65) Pause Young (Concurrent Start) (G1 Evacuation Pause) 202M->114M(256M) 5.940ms
[2021-05-01T02:08:42.548+0000][8][gc,cpu      ] GC(65) User=0.03s Sys=0.00s Real=0.01s
[2021-05-01T02:08:42.548+0000][8][gc          ] GC(66) Concurrent Cycle
[2021-05-01T02:08:42.548+0000][8][safepoint   ] Safepoint "G1CollectForAllocation", Time since last: 1088443998 ns, Reaching safepoint: 286186 ns, At safepoint: 6086875 ns, Total: 6373061 ns
[2021-05-01T02:08:42.548+0000][8][gc,marking  ] GC(66) Concurrent Clear Claimed Marks
[2021-05-01T02:08:42.548+0000][8][gc,marking  ] GC(66) Concurrent Clear Claimed Marks 0.146ms
[2021-05-01T02:08:42.548+0000][8][gc,marking  ] GC(66) Concurrent Scan Root Regions
[2021-05-01T02:08:42.551+0000][8][gc,marking  ] GC(66) Concurrent Scan Root Regions 3.206ms
[2021-05-01T02:08:42.551+0000][8][gc,marking  ] GC(66) Concurrent Mark (2427.218s)
[2021-05-01T02:08:42.551+0000][8][gc,marking  ] GC(66) Concurrent Mark From Roots
[2021-05-01T02:08:42.551+0000][8][gc,task     ] GC(66) Using 2 workers of 2 for marking
[2021-05-01T02:08:42.665+0000][8][gc,marking  ] GC(66) Concurrent Mark From Roots 113.783ms
[2021-05-01T02:08:42.665+0000][8][gc,marking  ] GC(66) Concurrent Preclean
[2021-05-01T02:08:42.665+0000][8][gc,marking  ] GC(66) Concurrent Preclean 0.323ms
[2021-05-01T02:08:42.665+0000][8][gc,marking  ] GC(66) Concurrent Mark (2427.218s, 2427.332s) 114.182ms
[2021-05-01T02:08:42.665+0000][8][gc,start    ] GC(66) Pause Remark
[2021-05-01T02:08:42.671+0000][8][gc          ] GC(66) Pause Remark 116M->116M(256M) 5.953ms
[2021-05-01T02:08:42.671+0000][8][gc,cpu      ] GC(66) User=0.04s Sys=0.00s Real=0.01s
[2021-05-01T02:08:42.671+0000][8][safepoint   ] Safepoint "G1Concurrent", Time since last: 117667099 ns, Reaching safepoint: 136389 ns, At safepoint: 6033117 ns, Total: 6169506 ns
[2021-05-01T02:08:42.672+0000][8][gc,marking  ] GC(66) Concurrent Rebuild Remembered Sets
[2021-05-01T02:08:42.762+0000][8][gc,marking  ] GC(66) Concurrent Rebuild Remembered Sets 90.396ms
[2021-05-01T02:08:42.762+0000][8][gc,start    ] GC(66) Pause Cleanup
[2021-05-01T02:08:42.762+0000][8][gc          ] GC(66) Pause Cleanup 116M->116M(256M) 0.100ms
[2021-05-01T02:08:42.762+0000][8][gc,cpu      ] GC(66) User=0.00s Sys=0.00s Real=0.00s
[2021-05-01T02:08:42.762+0000][8][safepoint   ] Safepoint "G1Concurrent", Time since last: 90497180 ns, Reaching safepoint: 92895 ns, At safepoint: 161962 ns, Total: 254857 ns
[2021-05-01T02:08:42.762+0000][8][gc,marking  ] GC(66) Concurrent Cleanup for Next Mark
[2021-05-01T02:08:42.762+0000][8][gc,marking  ] GC(66) Concurrent Cleanup for Next Mark 0.170ms
[2021-05-01T02:08:42.763+0000][8][gc          ] GC(66) Concurrent Cycle 214.856ms
[2021-05-01T02:09:03.765+0000][8][safepoint   ] Safepoint "Cleanup", Time since last: 21002693249 ns, Reaching safepoint: 376506 ns, At safepoint: 27499 ns, Total: 404005 ns
[2021-05-01T02:09:06.766+0000][8][safepoint   ] Safepoint "Cleanup", Time since last: 3000600293 ns, Reaching safepoint: 382436 ns, At safepoint: 29874 ns, Total: 412310 ns
[2021-05-01T02:09:08.767+0000][8][safepoint   ] Safepoint "Cleanup", Time since last: 2000368518 ns, Reaching safepoint: 331537 ns, At safepoint: 29909 ns, Total: 361446 ns
[2021-05-01T02:09:12.768+0000][8][safepoint   ] Safepoint "Cleanup", Time since last: 4000689046 ns, Reaching safepoint: 345414 ns, At safepoint: 41790 ns, Total: 387204 ns
[2021-05-01T02:09:42.773+0000][8][safepoint   ] Safepoint "Cleanup", Time since last: 30004236274 ns, Reaching safepoint: 310317 ns, At safepoint: 32151 ns, Total: 342468 ns
[2021-05-01T02:09:50.774+0000][8][safepoint   ] Safepoint "Cleanup", Time since last: 8001359280 ns, Reaching safepoint: 331288 ns, At safepoint: 32036 ns, Total: 363324 ns
[2021-05-01T02:10:12.778+0000][8][safepoint   ] Safepoint "Cleanup", Time since last: 22002757634 ns, Reaching safepoint: 329821 ns, At safepoint: 27785 ns, Total: 357606 ns
[2021-05-01T02:10:13.779+0000][8][safepoint   ] Safepoint "Cleanup", Time since last: 1000578113 ns, Reaching safepoint: 325458 ns, At safepoint: 26791 ns, Total: 352249 ns
[2021-05-01T02:10:20.780+0000][8][safepoint   ] Safepoint "Cleanup", Time since last: 7001003721 ns, Reaching safepoint: 349666 ns, At safepoint: 27703 ns, Total: 377369 ns
[2021-05-01T02:10:39.783+0000][8][safepoint   ] Safepoint "Cleanup", Time since last: 19002476276 ns, Reaching safepoint: 397855 ns, At safepoint: 34619 ns, Total: 432474 ns
[2021-05-01T02:11:04.726+0000][8][gc,start    ] GC(67) Pause Young (Normal) (G1 Evacuation Pause)
[2021-05-01T02:11:04.727+0000][8][gc,task     ] GC(67) Using 6 workers of 8 for evacuation
[2021-05-01T02:11:04.727+0000][8][gc,age      ] GC(67) Desired survivor size 6291456 bytes, new threshold 15 (max threshold 15)
[2021-05-01T02:11:04.736+0000][8][gc,age      ] GC(67) Age table with threshold 15 (max threshold 15)
[2021-05-01T02:11:04.736+0000][8][gc,age      ] GC(67) - age   1:     510928 bytes,     510928 total
[2021-05-01T02:11:04.736+0000][8][gc,age      ] GC(67) - age   2:     305992 bytes,     816920 total
[2021-05-01T02:11:04.736+0000][8][gc,age      ] GC(67) - age   3:       2024 bytes,     818944 total
[2021-05-01T02:11:04.736+0000][8][gc,age      ] GC(67) - age   4:      17720 bytes,     836664 total
[2021-05-01T02:11:04.736+0000][8][gc,age      ] GC(67) - age   5:      10400 bytes,     847064 total
[2021-05-01T02:11:04.736+0000][8][gc,age      ] GC(67) - age   6:       6416 bytes,     853480 total
[2021-05-01T02:11:04.736+0000][8][gc,age      ] GC(67) - age   7:       3824 bytes,     857304 total
[2021-05-01T02:11:04.736+0000][8][gc,age      ] GC(67) - age   8:       1008 bytes,     858312 total
[2021-05-01T02:11:04.736+0000][8][gc,age      ] GC(67) - age   9:       2728 bytes,     861040 total
[2021-05-01T02:11:04.736+0000][8][gc,age      ] GC(67) - age  10:       3760 bytes,     864800 total
[2021-05-01T02:11:04.736+0000][8][gc,age      ] GC(67) - age  11:      55864 bytes,     920664 total
[2021-05-01T02:11:04.736+0000][8][gc,age      ] GC(67) - age  12:       5008 bytes,     925672 total
[2021-05-01T02:11:04.736+0000][8][gc,age      ] GC(67) - age  13:       9568 bytes,     935240 total
[2021-05-01T02:11:04.736+0000][8][gc,age      ] GC(67) - age  14:      13848 bytes,     949088 total
[2021-05-01T02:11:04.736+0000][8][gc,age      ] GC(67) - age  15:       8000 bytes,     957088 total
[2021-05-01T02:11:04.737+0000][8][gc,phases   ] GC(67)   Pre Evacuate Collection Set: 0.2ms
[2021-05-01T02:11:04.737+0000][8][gc,phases   ] GC(67)   Merge Heap Roots: 0.2ms
[2021-05-01T02:11:04.737+0000][8][gc,phases   ] GC(67)   Evacuate Collection Set: 7.6ms
[2021-05-01T02:11:04.737+0000][8][gc,phases   ] GC(67)   Post Evacuate Collection Set: 1.4ms
[2021-05-01T02:11:04.737+0000][8][gc,phases   ] GC(67)   Other: 0.8ms
[2021-05-01T02:11:04.737+0000][8][gc,heap     ] GC(67) Eden regions: 22->0(22)
[2021-05-01T02:11:04.737+0000][8][gc,heap     ] GC(67) Survivor regions: 1->1(3)
[2021-05-01T02:11:04.737+0000][8][gc,heap     ] GC(67) Old regions: 26->26
[2021-05-01T02:11:04.737+0000][8][gc,heap     ] GC(67) Archive regions: 2->2
[2021-05-01T02:11:04.737+0000][8][gc,heap     ] GC(67) Humongous regions: 2->2
[2021-05-01T02:11:04.737+0000][8][gc,metaspace] GC(67) Metaspace: 106500K(110996K)->106500K(110996K) NonClass: 92613K(95816K)->92613K(95816K) Class: 13887K(15180K)->13887K(15180K)
[2021-05-01T02:11:04.737+0000][8][gc          ] GC(67) Pause Young (Normal) (G1 Evacuation Pause) 202M->114M(256M) 10.430ms
[2021-05-01T02:11:04.737+0000][8][gc,cpu      ] GC(67) User=0.04s Sys=0.00s Real=0.01s
[2021-05-01T02:11:04.737+0000][8][safepoint   ] Safepoint "G1CollectForAllocation", Time since last: 24943126624 ns, Reaching safepoint: 436878 ns, At safepoint: 10669660 ns, Total: 11106538 ns
[2021-05-01T02:11:12.739+0000][8][safepoint   ] Safepoint "Cleanup", Time since last: 8001165324 ns, Reaching safepoint: 314527 ns, At safepoint: 28583 ns, Total: 343110 ns
[2021-05-01T02:11:36.743+0000][8][safepoint   ] Safepoint "Cleanup", Time since last: 24003545206 ns, Reaching safepoint: 403239 ns, At safepoint: 30112 ns, Total: 433351 ns
[2021-05-01T02:11:39.743+0000][8][safepoint   ] Safepoint "Cleanup", Time since last: 3000506325 ns, Reaching safepoint: 370881 ns, At safepoint: 28127 ns, Total: 399008 ns
[2021-05-01T02:11:42.744+0000][8][safepoint   ] Safepoint "Cleanup", Time since last: 3000434066 ns, Reaching safepoint: 101083 ns, At safepoint: 6519 ns, Total: 107602 ns
[2021-05-01T02:11:50.746+0000][8][safepoint   ] Safepoint "Cleanup", Time since last: 8001374543 ns, Reaching safepoint: 408768 ns, At safepoint: 21721 ns, Total: 430489 ns
[2021-05-01T02:12:00.748+0000][8][safepoint   ] Safepoint "Cleanup", Time since last: 10001446178 ns, Reaching safepoint: 523734 ns, At safepoint: 41332 ns, Total: 565066 ns
[2021-05-01T02:12:01.748+0000][8][safepoint   ] Safepoint "Cleanup", Time since last: 1000294061 ns, Reaching safepoint: 316306 ns, At safepoint: 23501 ns, Total: 339807 ns
[2021-05-01T02:12:06.750+0000][8][safepoint   ] Safepoint "Cleanup", Time since last: 5000853332 ns, Reaching safepoint: 422243 ns, At safepoint: 25346 ns, Total: 447589 ns
[2021-05-01T02:12:09.757+0000][8][safepoint   ] Safepoint "Cleanup", Time since last: 3007113917 ns, Reaching safepoint: 498866 ns, At safepoint: 49756 ns, Total: 548622 ns
[2021-05-01T02:12:12.758+0000][8][safepoint   ] Safepoint "Cleanup", Time since last: 3000490641 ns, Reaching safepoint: 279164 ns, At safepoint: 24779 ns, Total: 303943 ns
[2021-05-01T02:12:13.759+0000][8][safepoint   ] Safepoint "Cleanup", Time since last: 1000512209 ns, Reaching safepoint: 342350 ns, At safepoint: 32712 ns, Total: 375062 ns
[2021-05-01T02:12:23.761+0000][8][safepoint   ] Safepoint "Cleanup", Time since last: 10001411441 ns, Reaching safepoint: 379723 ns, At safepoint: 29128 ns, Total: 408851 ns
[2021-05-01T02:12:30.763+0000][8][safepoint   ] Safepoint "Cleanup", Time since last: 7001176235 ns, Reaching safepoint: 443317 ns, At safepoint: 34032 ns, Total: 477349 ns
[2021-05-01T02:12:31.763+0000][8][safepoint   ] Safepoint "Cleanup", Time since last: 1000250114 ns, Reaching safepoint: 381825 ns, At safepoint: 34348 ns, Total: 416173 ns
[2021-05-01T02:12:33.764+0000][8][safepoint   ] Safepoint "Cleanup", Time since last: 2000309616 ns, Reaching safepoint: 409397 ns, At safepoint: 40382 ns, Total: 449779 ns
[2021-05-01T02:12:36.765+0000][8][safepoint   ] Safepoint "Cleanup", Time since last: 3000672792 ns, Reaching safepoint: 382402 ns, At safepoint: 32590 ns, Total: 414992 ns
[2021-05-01T02:12:39.766+0000][8][safepoint   ] Safepoint "Cleanup", Time since last: 3000412789 ns, Reaching safepoint: 326980 ns, At safepoint: 64840 ns, Total: 391820 ns
[2021-05-01T02:12:42.767+0000][8][safepoint   ] Safepoint "Cleanup", Time since last: 3000415971 ns, Reaching safepoint: 345865 ns, At safepoint: 20543 ns, Total: 366408 ns
[2021-05-01T02:12:43.767+0000][8][safepoint   ] Safepoint "Cleanup", Time since last: 1000494841 ns, Reaching safepoint: 206919 ns, At safepoint: 20004 ns, Total: 226923 ns
[2021-05-01T02:12:50.769+0000][8][safepoint   ] Safepoint "Cleanup", Time since last: 7001337750 ns, Reaching safepoint: 504140 ns, At safepoint: 37895 ns, Total: 542035 ns
[2021-05-01T02:13:07.772+0000][8][safepoint   ] Safepoint "Cleanup", Time since last: 17002525032 ns, Reaching safepoint: 364766 ns, At safepoint: 29023 ns, Total: 393789 ns
[2021-05-01T02:13:09.773+0000][8][safepoint   ] Safepoint "Cleanup", Time since last: 2000353955 ns, Reaching safepoint: 423028 ns, At safepoint: 38588 ns, Total: 461616 ns
[2021-05-01T02:13:11.774+0000][8][safepoint   ] Safepoint "Cleanup", Time since last: 2000370246 ns, Reaching safepoint: 347607 ns, At safepoint: 29667 ns, Total: 377274 ns
[2021-05-01T02:13:12.774+0000][8][safepoint   ] Safepoint "Cleanup", Time since last: 1000283595 ns, Reaching safepoint: 322459 ns, At safepoint: 24330 ns, Total: 346789 ns
[2021-05-01T02:13:13.775+0000][8][safepoint   ] Safepoint "Cleanup", Time since last: 1000524396 ns, Reaching safepoint: 366659 ns, At safepoint: 41200 ns, Total: 407859 ns
[2021-05-01T02:13:23.777+0000][8][safepoint   ] Safepoint "Cleanup", Time since last: 10001487261 ns, Reaching safepoint: 499027 ns, At safepoint: 35648 ns, Total: 534675 ns
[2021-05-01T02:13:24.951+0000][8][gc,start    ] GC(68) Pause Young (Concurrent Start) (G1 Evacuation Pause)
[2021-05-01T02:13:24.951+0000][8][gc,task     ] GC(68) Using 6 workers of 8 for evacuation
[2021-05-01T02:13:24.951+0000][8][gc,age      ] GC(68) Desired survivor size 6291456 bytes, new threshold 15 (max threshold 15)
[2021-05-01T02:13:24.959+0000][8][gc,age      ] GC(68) Age table with threshold 15 (max threshold 15)
[2021-05-01T02:13:24.959+0000][8][gc,age      ] GC(68) - age   1:     511088 bytes,     511088 total
[2021-05-01T02:13:24.959+0000][8][gc,age      ] GC(68) - age   2:       3872 bytes,     514960 total
[2021-05-01T02:13:24.960+0000][8][gc,age      ] GC(68) - age   3:     184008 bytes,     698968 total
[2021-05-01T02:13:24.960+0000][8][gc,age      ] GC(68) - age   4:       2024 bytes,     700992 total
[2021-05-01T02:13:24.960+0000][8][gc,age      ] GC(68) - age   5:      17720 bytes,     718712 total
[2021-05-01T02:13:24.960+0000][8][gc,age      ] GC(68) - age   6:      10160 bytes,     728872 total
[2021-05-01T02:13:24.960+0000][8][gc,age      ] GC(68) - age   7:       6416 bytes,     735288 total
[2021-05-01T02:13:24.960+0000][8][gc,age      ] GC(68) - age   8:       3824 bytes,     739112 total
[2021-05-01T02:13:24.960+0000][8][gc,age      ] GC(68) - age   9:        912 bytes,     740024 total
[2021-05-01T02:13:24.960+0000][8][gc,age      ] GC(68) - age  10:       2728 bytes,     742752 total
[2021-05-01T02:13:24.960+0000][8][gc,age      ] GC(68) - age  11:       3760 bytes,     746512 total
[2021-05-01T02:13:24.960+0000][8][gc,age      ] GC(68) - age  12:      55864 bytes,     802376 total
[2021-05-01T02:13:24.960+0000][8][gc,age      ] GC(68) - age  13:       5008 bytes,     807384 total
[2021-05-01T02:13:24.960+0000][8][gc,age      ] GC(68) - age  14:       9568 bytes,     816952 total
[2021-05-01T02:13:24.960+0000][8][gc,age      ] GC(68) - age  15:      13848 bytes,     830800 total
[2021-05-01T02:13:24.960+0000][8][gc,phases   ] GC(68)   Pre Evacuate Collection Set: 0.4ms
[2021-05-01T02:13:24.960+0000][8][gc,phases   ] GC(68)   Merge Heap Roots: 0.2ms
[2021-05-01T02:13:24.960+0000][8][gc,phases   ] GC(68)   Evacuate Collection Set: 6.0ms
[2021-05-01T02:13:24.960+0000][8][gc,phases   ] GC(68)   Post Evacuate Collection Set: 1.8ms
[2021-05-01T02:13:24.960+0000][8][gc,phases   ] GC(68)   Other: 0.8ms
[2021-05-01T02:13:24.960+0000][8][gc,heap     ] GC(68) Eden regions: 22->0(22)
[2021-05-01T02:13:24.960+0000][8][gc,heap     ] GC(68) Survivor regions: 1->1(3)
[2021-05-01T02:13:24.960+0000][8][gc,heap     ] GC(68) Old regions: 26->26
[2021-05-01T02:13:24.960+0000][8][gc,heap     ] GC(68) Archive regions: 2->2
[2021-05-01T02:13:24.960+0000][8][gc,heap     ] GC(68) Humongous regions: 2->2
[2021-05-01T02:13:24.960+0000][8][gc,metaspace] GC(68) Metaspace: 106638K(111252K)->106638K(111252K) NonClass: 92751K(96072K)->92751K(96072K) Class: 13887K(15180K)->13887K(15180K)
[2021-05-01T02:13:24.960+0000][8][gc          ] GC(68) Pause Young (Concurrent Start) (G1 Evacuation Pause) 202M->114M(256M) 9.482ms
[2021-05-01T02:13:24.960+0000][8][gc,cpu      ] GC(68) User=0.03s Sys=0.00s Real=0.00s
[2021-05-01T02:13:24.960+0000][8][safepoint   ] Safepoint "G1CollectForAllocation", Time since last: 1172986278 ns, Reaching safepoint: 289676 ns, At safepoint: 9709288 ns, Total: 9998964 ns
[2021-05-01T02:13:24.960+0000][8][gc          ] GC(69) Concurrent Cycle
[2021-05-01T02:13:24.960+0000][8][gc,marking  ] GC(69) Concurrent Clear Claimed Marks
[2021-05-01T02:13:24.961+0000][8][gc,marking  ] GC(69) Concurrent Clear Claimed Marks 0.189ms
[2021-05-01T02:13:24.961+0000][8][gc,marking  ] GC(69) Concurrent Scan Root Regions
[2021-05-01T02:13:24.964+0000][8][gc,marking  ] GC(69) Concurrent Scan Root Regions 3.054ms
[2021-05-01T02:13:24.964+0000][8][gc,marking  ] GC(69) Concurrent Mark (2709.630s)
[2021-05-01T02:13:24.964+0000][8][gc,marking  ] GC(69) Concurrent Mark From Roots
[2021-05-01T02:13:24.964+0000][8][gc,task     ] GC(69) Using 2 workers of 2 for marking
[2021-05-01T02:13:25.079+0000][8][gc,marking  ] GC(69) Concurrent Mark From Roots 115.698ms
[2021-05-01T02:13:25.080+0000][8][gc,marking  ] GC(69) Concurrent Preclean
[2021-05-01T02:13:25.080+0000][8][gc,marking  ] GC(69) Concurrent Preclean 0.231ms
[2021-05-01T02:13:25.080+0000][8][gc,marking  ] GC(69) Concurrent Mark (2709.630s, 2709.746s) 115.997ms
[2021-05-01T02:13:25.080+0000][8][gc,start    ] GC(69) Pause Remark
[2021-05-01T02:13:25.085+0000][8][gc          ] GC(69) Pause Remark 115M->115M(256M) 5.165ms
[2021-05-01T02:13:25.085+0000][8][gc,cpu      ] GC(69) User=0.03s Sys=0.00s Real=0.01s
[2021-05-01T02:13:25.085+0000][8][safepoint   ] Safepoint "G1Concurrent", Time since last: 119528511 ns, Reaching safepoint: 149200 ns, At safepoint: 5248497 ns, Total: 5397697 ns
[2021-05-01T02:13:25.085+0000][8][gc,marking  ] GC(69) Concurrent Rebuild Remembered Sets
[2021-05-01T02:13:25.152+0000][8][gc,marking  ] GC(69) Concurrent Rebuild Remembered Sets 67.070ms
[2021-05-01T02:13:25.153+0000][8][gc,start    ] GC(69) Pause Cleanup
[2021-05-01T02:13:25.153+0000][8][gc          ] GC(69) Pause Cleanup 115M->115M(256M) 0.120ms
[2021-05-01T02:13:25.153+0000][8][gc,cpu      ] GC(69) User=0.00s Sys=0.00s Real=0.00s
[2021-05-01T02:13:25.153+0000][8][safepoint   ] Safepoint "G1Concurrent", Time since last: 67220609 ns, Reaching safepoint: 89150 ns, At safepoint: 179617 ns, Total: 268767 ns
[2021-05-01T02:13:25.153+0000][8][gc,marking  ] GC(69) Concurrent Cleanup for Next Mark
[2021-05-01T02:13:25.153+0000][8][gc,marking  ] GC(69) Concurrent Cleanup for Next Mark 0.184ms
[2021-05-01T02:13:25.153+0000][8][gc          ] GC(69) Concurrent Cycle 192.647ms
[2021-05-01T02:13:39.155+0000][8][safepoint   ] Safepoint "Cleanup", Time since last: 14001866090 ns, Reaching safepoint: 213229 ns, At safepoint: 14406 ns, Total: 227635 ns
[2021-05-01T02:13:40.155+0000][8][safepoint   ] Safepoint "Cleanup", Time since last: 1000181491 ns, Reaching safepoint: 319679 ns, At safepoint: 27493 ns, Total: 347172 ns
[2021-05-01T02:14:03.159+0000][8][safepoint   ] Safepoint "Cleanup", Time since last: 23003147164 ns, Reaching safepoint: 432730 ns, At safepoint: 35607 ns, Total: 468337 ns
[2021-05-01T02:14:13.161+0000][8][safepoint   ] Safepoint "Cleanup", Time since last: 10002060454 ns, Reaching safepoint: 319835 ns, At safepoint: 26096 ns, Total: 345931 ns
[2021-05-01T02:14:21.163+0000][8][safepoint   ] Safepoint "Cleanup", Time since last: 8001439231 ns, Reaching safepoint: 327295 ns, At safepoint: 22981 ns, Total: 350276 ns
[2021-05-01T02:14:39.166+0000][8][safepoint   ] Safepoint "Cleanup", Time since last: 18002234924 ns, Reaching safepoint: 345814 ns, At safepoint: 19463 ns, Total: 365277 ns
[2021-05-01T02:14:43.167+0000][8][safepoint   ] Safepoint "Cleanup", Time since last: 4000582915 ns, Reaching safepoint: 350575 ns, At safepoint: 32181 ns, Total: 382756 ns
[2021-05-01T02:15:35.797+0000][8][gc,start    ] GC(70) Pause Young (Normal) (G1 Evacuation Pause)
[2021-05-01T02:15:35.797+0000][8][gc,task     ] GC(70) Using 6 workers of 8 for evacuation
[2021-05-01T02:15:35.797+0000][8][gc,age      ] GC(70) Desired survivor size 6291456 bytes, new threshold 15 (max threshold 15)
[2021-05-01T02:15:35.807+0000][8][gc,age      ] GC(70) Age table with threshold 15 (max threshold 15)
[2021-05-01T02:15:35.807+0000][8][gc,age      ] GC(70) - age   1:     519968 bytes,     519968 total
[2021-05-01T02:15:35.807+0000][8][gc,age      ] GC(70) - age   2:       2736 bytes,     522704 total
[2021-05-01T02:15:35.808+0000][8][gc,age      ] GC(70) - age   3:       3872 bytes,     526576 total
[2021-05-01T02:15:35.808+0000][8][gc,age      ] GC(70) - age   4:     183896 bytes,     710472 total
[2021-05-01T02:15:35.808+0000][8][gc,age      ] GC(70) - age   5:       2024 bytes,     712496 total
[2021-05-01T02:15:35.808+0000][8][gc,age      ] GC(70) - age   6:      17720 bytes,     730216 total
[2021-05-01T02:15:35.808+0000][8][gc,age      ] GC(70) - age   7:      10160 bytes,     740376 total
[2021-05-01T02:15:35.808+0000][8][gc,age      ] GC(70) - age   8:       6152 bytes,     746528 total
[2021-05-01T02:15:35.808+0000][8][gc,age      ] GC(70) - age   9:       3824 bytes,     750352 total
[2021-05-01T02:15:35.808+0000][8][gc,age      ] GC(70) - age  10:        912 bytes,     751264 total
[2021-05-01T02:15:35.808+0000][8][gc,age      ] GC(70) - age  11:       2728 bytes,     753992 total
[2021-05-01T02:15:35.808+0000][8][gc,age      ] GC(70) - age  12:       3760 bytes,     757752 total
[2021-05-01T02:15:35.808+0000][8][gc,age      ] GC(70) - age  13:      55864 bytes,     813616 total
[2021-05-01T02:15:35.808+0000][8][gc,age      ] GC(70) - age  14:       5008 bytes,     818624 total
[2021-05-01T02:15:35.808+0000][8][gc,age      ] GC(70) - age  15:       9568 bytes,     828192 total
[2021-05-01T02:15:35.808+0000][8][gc,phases   ] GC(70)   Pre Evacuate Collection Set: 0.4ms
[2021-05-01T02:15:35.808+0000][8][gc,phases   ] GC(70)   Merge Heap Roots: 0.5ms
[2021-05-01T02:15:35.808+0000][8][gc,phases   ] GC(70)   Evacuate Collection Set: 7.5ms
[2021-05-01T02:15:35.808+0000][8][gc,phases   ] GC(70)   Post Evacuate Collection Set: 1.8ms
[2021-05-01T02:15:35.808+0000][8][gc,phases   ] GC(70)   Other: 0.9ms
[2021-05-01T02:15:35.808+0000][8][gc,heap     ] GC(70) Eden regions: 22->0(22)
[2021-05-01T02:15:35.808+0000][8][gc,heap     ] GC(70) Survivor regions: 1->1(3)
[2021-05-01T02:15:35.808+0000][8][gc,heap     ] GC(70) Old regions: 26->26
[2021-05-01T02:15:35.808+0000][8][gc,heap     ] GC(70) Archive regions: 2->2
[2021-05-01T02:15:35.808+0000][8][gc,heap     ] GC(70) Humongous regions: 2->2
[2021-05-01T02:15:35.808+0000][8][gc,metaspace] GC(70) Metaspace: 106656K(111252K)->106656K(111252K) NonClass: 92768K(96072K)->92768K(96072K) Class: 13887K(15180K)->13887K(15180K)
[2021-05-01T02:15:35.808+0000][8][gc          ] GC(70) Pause Young (Normal) (G1 Evacuation Pause) 202M->114M(256M) 11.491ms
[2021-05-01T02:15:35.808+0000][8][gc,cpu      ] GC(70) User=0.03s Sys=0.01s Real=0.01s
[2021-05-01T02:15:35.808+0000][8][safepoint   ] Safepoint "G1CollectForAllocation", Time since last: 52629532546 ns, Reaching safepoint: 458875 ns, At safepoint: 11761798 ns, Total: 12220673 ns
[2021-05-01T02:15:39.810+0000][8][safepoint   ] Safepoint "Cleanup", Time since last: 4000703390 ns, Reaching safepoint: 416200 ns, At safepoint: 35393 ns, Total: 451593 ns
[2021-05-01T02:16:12.815+0000][8][safepoint   ] Safepoint "Cleanup", Time since last: 33005111202 ns, Reaching safepoint: 314560 ns, At safepoint: 28860 ns, Total: 343420 ns
[2021-05-01T02:16:15.816+0000][8][safepoint   ] Safepoint "Cleanup", Time since last: 3000791434 ns, Reaching safepoint: 434388 ns, At safepoint: 38147 ns, Total: 472535 ns
[2021-05-01T02:16:25.819+0000][8][safepoint   ] Safepoint "Cleanup", Time since last: 10001953930 ns, Reaching safepoint: 593688 ns, At safepoint: 35728 ns, Total: 629416 ns
[2021-05-01T02:16:39.822+0000][8][safepoint   ] Safepoint "Cleanup", Time since last: 14002337066 ns, Reaching safepoint: 337285 ns, At safepoint: 21239 ns, Total: 358524 ns
[2021-05-01T02:16:42.822+0000][8][safepoint   ] Safepoint "Cleanup", Time since last: 3000493948 ns, Reaching safepoint: 304393 ns, At safepoint: 21604 ns, Total: 325997 ns
[2021-05-01T02:16:43.823+0000][8][safepoint   ] Safepoint "Cleanup", Time since last: 1000275400 ns, Reaching safepoint: 470667 ns, At safepoint: 37408 ns, Total: 508075 ns
[2021-05-01T02:17:06.827+0000][8][safepoint   ] Safepoint "Cleanup", Time since last: 23003438311 ns, Reaching safepoint: 374986 ns, At safepoint: 28490 ns, Total: 403476 ns
[2021-05-01T02:17:08.828+0000][8][safepoint   ] Safepoint "Cleanup", Time since last: 2000352998 ns, Reaching safepoint: 293601 ns, At safepoint: 27392 ns, Total: 320993 ns
[2021-05-01T02:17:12.829+0000][8][safepoint   ] Safepoint "Cleanup", Time since last: 4000703981 ns, Reaching safepoint: 380804 ns, At safepoint: 34279 ns, Total: 415083 ns
[2021-05-01T02:17:42.834+0000][8][safepoint   ] Safepoint "Cleanup", Time since last: 30004655163 ns, Reaching safepoint: 461161 ns, At safepoint: 31412 ns, Total: 492573 ns
[2021-05-01T02:17:53.411+0000][8][gc,start    ] GC(71) Pause Young (Concurrent Start) (G1 Evacuation Pause)
[2021-05-01T02:17:53.411+0000][8][gc,task     ] GC(71) Using 6 workers of 8 for evacuation
[2021-05-01T02:17:53.411+0000][8][gc,age      ] GC(71) Desired survivor size 6291456 bytes, new threshold 15 (max threshold 15)
[2021-05-01T02:17:53.419+0000][8][gc,age      ] GC(71) Age table with threshold 15 (max threshold 15)
[2021-05-01T02:17:53.419+0000][8][gc,age      ] GC(71) - age   1:     509688 bytes,     509688 total
[2021-05-01T02:17:53.419+0000][8][gc,age      ] GC(71) - age   2:       6656 bytes,     516344 total
[2021-05-01T02:17:53.419+0000][8][gc,age      ] GC(71) - age   3:       2616 bytes,     518960 total
[2021-05-01T02:17:53.419+0000][8][gc,age      ] GC(71) - age   4:       3752 bytes,     522712 total
[2021-05-01T02:17:53.419+0000][8][gc,age      ] GC(71) - age   5:     183656 bytes,     706368 total
[2021-05-01T02:17:53.419+0000][8][gc,age      ] GC(71) - age   6:       2024 bytes,     708392 total
[2021-05-01T02:17:53.419+0000][8][gc,age      ] GC(71) - age   7:      17720 bytes,     726112 total
[2021-05-01T02:17:53.419+0000][8][gc,age      ] GC(71) - age   8:      10160 bytes,     736272 total
[2021-05-01T02:17:53.419+0000][8][gc,age      ] GC(71) - age   9:       6152 bytes,     742424 total
[2021-05-01T02:17:53.419+0000][8][gc,age      ] GC(71) - age  10:       3824 bytes,     746248 total
[2021-05-01T02:17:53.419+0000][8][gc,age      ] GC(71) - age  11:        912 bytes,     747160 total
[2021-05-01T02:17:53.419+0000][8][gc,age      ] GC(71) - age  12:       2728 bytes,     749888 total
[2021-05-01T02:17:53.419+0000][8][gc,age      ] GC(71) - age  13:       3760 bytes,     753648 total
[2021-05-01T02:17:53.419+0000][8][gc,age      ] GC(71) - age  14:      55864 bytes,     809512 total
[2021-05-01T02:17:53.419+0000][8][gc,age      ] GC(71) - age  15:       5008 bytes,     814520 total
[2021-05-01T02:17:53.419+0000][8][gc,phases   ] GC(71)   Pre Evacuate Collection Set: 0.3ms
[2021-05-01T02:17:53.419+0000][8][gc,phases   ] GC(71)   Merge Heap Roots: 0.2ms
[2021-05-01T02:17:53.419+0000][8][gc,phases   ] GC(71)   Evacuate Collection Set: 5.0ms
[2021-05-01T02:17:53.419+0000][8][gc,phases   ] GC(71)   Post Evacuate Collection Set: 1.7ms
[2021-05-01T02:17:53.420+0000][8][gc,phases   ] GC(71)   Other: 1.0ms
[2021-05-01T02:17:53.420+0000][8][gc,heap     ] GC(71) Eden regions: 22->0(22)
[2021-05-01T02:17:53.420+0000][8][gc,heap     ] GC(71) Survivor regions: 1->1(3)
[2021-05-01T02:17:53.420+0000][8][gc,heap     ] GC(71) Old regions: 26->26
[2021-05-01T02:17:53.420+0000][8][gc,heap     ] GC(71) Archive regions: 2->2
[2021-05-01T02:17:53.420+0000][8][gc,heap     ] GC(71) Humongous regions: 2->2
[2021-05-01T02:17:53.420+0000][8][gc,metaspace] GC(71) Metaspace: 106726K(111252K)->106726K(111252K) NonClass: 92839K(96072K)->92839K(96072K) Class: 13887K(15180K)->13887K(15180K)
[2021-05-01T02:17:53.420+0000][8][gc          ] GC(71) Pause Young (Concurrent Start) (G1 Evacuation Pause) 202M->114M(256M) 8.528ms
[2021-05-01T02:17:53.420+0000][8][gc,cpu      ] GC(71) User=0.03s Sys=0.00s Real=0.00s
[2021-05-01T02:17:53.420+0000][8][safepoint   ] Safepoint "G1CollectForAllocation", Time since last: 10576789688 ns, Reaching safepoint: 374524 ns, At safepoint: 8792839 ns, Total: 9167363 ns
[2021-05-01T02:17:53.420+0000][8][gc          ] GC(72) Concurrent Cycle
[2021-05-01T02:17:53.420+0000][8][gc,marking  ] GC(72) Concurrent Clear Claimed Marks
[2021-05-01T02:17:53.420+0000][8][gc,marking  ] GC(72) Concurrent Clear Claimed Marks 0.214ms
[2021-05-01T02:17:53.420+0000][8][gc,marking  ] GC(72) Concurrent Scan Root Regions
[2021-05-01T02:17:53.423+0000][8][gc,marking  ] GC(72) Concurrent Scan Root Regions 2.890ms
[2021-05-01T02:17:53.423+0000][8][gc,marking  ] GC(72) Concurrent Mark (2978.090s)
[2021-05-01T02:17:53.423+0000][8][gc,marking  ] GC(72) Concurrent Mark From Roots
[2021-05-01T02:17:53.423+0000][8][gc,task     ] GC(72) Using 2 workers of 2 for marking
[2021-05-01T02:17:53.539+0000][8][gc,marking  ] GC(72) Concurrent Mark From Roots 115.784ms
[2021-05-01T02:17:53.539+0000][8][gc,marking  ] GC(72) Concurrent Preclean
[2021-05-01T02:17:53.539+0000][8][gc,marking  ] GC(72) Concurrent Preclean 0.253ms
[2021-05-01T02:17:53.539+0000][8][gc,marking  ] GC(72) Concurrent Mark (2978.090s, 2978.206s) 116.103ms
[2021-05-01T02:17:53.540+0000][8][gc,start    ] GC(72) Pause Remark
[2021-05-01T02:17:53.544+0000][8][gc          ] GC(72) Pause Remark 114M->114M(256M) 4.852ms
[2021-05-01T02:17:53.545+0000][8][gc,cpu      ] GC(72) User=0.02s Sys=0.00s Real=0.01s
[2021-05-01T02:17:53.545+0000][8][safepoint   ] Safepoint "G1Concurrent", Time since last: 119539600 ns, Reaching safepoint: 113321 ns, At safepoint: 4929833 ns, Total: 5043154 ns
[2021-05-01T02:17:53.545+0000][8][gc,marking  ] GC(72) Concurrent Rebuild Remembered Sets
[2021-05-01T02:17:53.607+0000][8][gc,marking  ] GC(72) Concurrent Rebuild Remembered Sets 62.407ms
[2021-05-01T02:17:53.607+0000][8][gc,start    ] GC(72) Pause Cleanup
[2021-05-01T02:17:53.607+0000][8][gc          ] GC(72) Pause Cleanup 114M->114M(256M) 0.077ms
[2021-05-01T02:17:53.607+0000][8][gc,cpu      ] GC(72) User=0.00s Sys=0.00s Real=0.00s
[2021-05-01T02:17:53.607+0000][8][safepoint   ] Safepoint "G1Concurrent", Time since last: 62557866 ns, Reaching safepoint: 113514 ns, At safepoint: 119666 ns, Total: 233180 ns
[2021-05-01T02:17:53.607+0000][8][gc,marking  ] GC(72) Concurrent Cleanup for Next Mark
[2021-05-01T02:17:53.608+0000][8][gc,marking  ] GC(72) Concurrent Cleanup for Next Mark 0.223ms
[2021-05-01T02:17:53.608+0000][8][gc          ] GC(72) Concurrent Cycle 187.641ms
[2021-05-01T02:18:13.611+0000][8][safepoint   ] Safepoint "Cleanup", Time since last: 20003204264 ns, Reaching safepoint: 383588 ns, At safepoint: 25615 ns, Total: 409203 ns
[2021-05-01T02:18:37.615+0000][8][safepoint   ] Safepoint "Cleanup", Time since last: 24003730752 ns, Reaching safepoint: 410692 ns, At safepoint: 28544 ns, Total: 439236 ns
[2021-05-01T02:18:39.616+0000][8][safepoint   ] Safepoint "Cleanup", Time since last: 2000385064 ns, Reaching safepoint: 417664 ns, At safepoint: 35841 ns, Total: 453505 ns
[2021-05-01T02:18:40.617+0000][8][safepoint   ] Safepoint "Cleanup", Time since last: 1000533831 ns, Reaching safepoint: 387903 ns, At safepoint: 32780 ns, Total: 420683 ns
[2021-05-01T02:18:42.618+0000][8][safepoint   ] Safepoint "Cleanup", Time since last: 2000347042 ns, Reaching safepoint: 424351 ns, At safepoint: 26494 ns, Total: 450845 ns
[2021-05-01T02:19:07.629+0000][8][safepoint   ] Safepoint "Cleanup", Time since last: 25010328428 ns, Reaching safepoint: 461121 ns, At safepoint: 35145 ns, Total: 496266 ns
[2021-05-01T02:19:16.631+0000][8][safepoint   ] Safepoint "Cleanup", Time since last: 9001987857 ns, Reaching safepoint: 377168 ns, At safepoint: 35389 ns, Total: 412557 ns
[2021-05-01T02:19:18.632+0000][8][safepoint   ] Safepoint "Cleanup", Time since last: 2000338797 ns, Reaching safepoint: 995988 ns, At safepoint: 31789 ns, Total: 1027777 ns
[2021-05-01T02:19:34.729+0000][8][gc,start    ] GC(73) Pause Young (Normal) (G1 Evacuation Pause)
[2021-05-01T02:19:34.729+0000][8][gc,task     ] GC(73) Using 6 workers of 8 for evacuation
[2021-05-01T02:19:34.729+0000][8][gc,age      ] GC(73) Desired survivor size 6291456 bytes, new threshold 15 (max threshold 15)
[2021-05-01T02:19:34.737+0000][8][gc,age      ] GC(73) Age table with threshold 15 (max threshold 15)
[2021-05-01T02:19:34.737+0000][8][gc,age      ] GC(73) - age   1:     803112 bytes,     803112 total
[2021-05-01T02:19:34.737+0000][8][gc,age      ] GC(73) - age   2:       1984 bytes,     805096 total
[2021-05-01T02:19:34.737+0000][8][gc,age      ] GC(73) - age   3:       4784 bytes,     809880 total
[2021-05-01T02:19:34.737+0000][8][gc,age      ] GC(73) - age   4:       2520 bytes,     812400 total
[2021-05-01T02:19:34.737+0000][8][gc,age      ] GC(73) - age   5:       3592 bytes,     815992 total
[2021-05-01T02:19:34.737+0000][8][gc,age      ] GC(73) - age   6:       6432 bytes,     822424 total
[2021-05-01T02:19:34.737+0000][8][gc,age      ] GC(73) - age   7:       1784 bytes,     824208 total
[2021-05-01T02:19:34.737+0000][8][gc,age      ] GC(73) - age   8:      17720 bytes,     841928 total
[2021-05-01T02:19:34.737+0000][8][gc,age      ] GC(73) - age   9:      10160 bytes,     852088 total
[2021-05-01T02:19:34.737+0000][8][gc,age      ] GC(73) - age  10:       5176 bytes,     857264 total
[2021-05-01T02:19:34.737+0000][8][gc,age      ] GC(73) - age  11:       3824 bytes,     861088 total
[2021-05-01T02:19:34.737+0000][8][gc,age      ] GC(73) - age  12:        912 bytes,     862000 total
[2021-05-01T02:19:34.737+0000][8][gc,age      ] GC(73) - age  13:       2728 bytes,     864728 total
[2021-05-01T02:19:34.737+0000][8][gc,age      ] GC(73) - age  14:       3760 bytes,     868488 total
[2021-05-01T02:19:34.737+0000][8][gc,age      ] GC(73) - age  15:      55688 bytes,     924176 total
[2021-05-01T02:19:34.738+0000][8][gc,phases   ] GC(73)   Pre Evacuate Collection Set: 0.2ms
[2021-05-01T02:19:34.738+0000][8][gc,phases   ] GC(73)   Merge Heap Roots: 0.2ms
[2021-05-01T02:19:34.738+0000][8][gc,phases   ] GC(73)   Evacuate Collection Set: 6.0ms
[2021-05-01T02:19:34.738+0000][8][gc,phases   ] GC(73)   Post Evacuate Collection Set: 1.7ms
[2021-05-01T02:19:34.738+0000][8][gc,phases   ] GC(73)   Other: 0.8ms
[2021-05-01T02:19:34.738+0000][8][gc,heap     ] GC(73) Eden regions: 22->0(22)
[2021-05-01T02:19:34.738+0000][8][gc,heap     ] GC(73) Survivor regions: 1->1(3)
[2021-05-01T02:19:34.738+0000][8][gc,heap     ] GC(73) Old regions: 26->26
[2021-05-01T02:19:34.738+0000][8][gc,heap     ] GC(73) Archive regions: 2->2
[2021-05-01T02:19:34.738+0000][8][gc,heap     ] GC(73) Humongous regions: 2->2
[2021-05-01T02:19:34.738+0000][8][gc,metaspace] GC(73) Metaspace: 106817K(111252K)->106817K(111252K) NonClass: 92929K(96072K)->92929K(96072K) Class: 13888K(15180K)->13888K(15180K)
[2021-05-01T02:19:34.738+0000][8][gc          ] GC(73) Pause Young (Normal) (G1 Evacuation Pause) 202M->114M(256M) 9.221ms
[2021-05-01T02:19:34.738+0000][8][gc,cpu      ] GC(73) User=0.04s Sys=0.00s Real=0.01s
[2021-05-01T02:19:34.738+0000][8][safepoint   ] Safepoint "G1CollectForAllocation", Time since last: 16095860170 ns, Reaching safepoint: 401308 ns, At safepoint: 9479799 ns, Total: 9881107 ns
[2021-05-01T02:19:37.739+0000][8][safepoint   ] Safepoint "Cleanup", Time since last: 3000465301 ns, Reaching safepoint: 388354 ns, At safepoint: 24574 ns, Total: 412928 ns
[2021-05-01T02:19:42.740+0000][8][safepoint   ] Safepoint "Cleanup", Time since last: 5000770896 ns, Reaching safepoint: 328149 ns, At safepoint: 36412 ns, Total: 364561 ns
[2021-05-01T02:20:39.749+0000][8][safepoint   ] Safepoint "Cleanup", Time since last: 57008811146 ns, Reaching safepoint: 458348 ns, At safepoint: 55506 ns, Total: 513854 ns
[2021-05-01T02:21:42.759+0000][8][safepoint   ] Safepoint "Cleanup", Time since last: 63009452905 ns, Reaching safepoint: 126701 ns, At safepoint: 8871 ns, Total: 135572 ns
[2021-05-01T02:21:50.823+0000][8][gc,start    ] GC(74) Pause Young (Concurrent Start) (G1 Evacuation Pause)
[2021-05-01T02:21:50.824+0000][8][gc,task     ] GC(74) Using 6 workers of 8 for evacuation
[2021-05-01T02:21:50.824+0000][8][gc,age      ] GC(74) Desired survivor size 6291456 bytes, new threshold 15 (max threshold 15)
[2021-05-01T02:21:50.834+0000][8][gc,age      ] GC(74) Age table with threshold 15 (max threshold 15)
[2021-05-01T02:21:50.834+0000][8][gc,age      ] GC(74) - age   1:     514392 bytes,     514392 total
[2021-05-01T02:21:50.834+0000][8][gc,age      ] GC(74) - age   2:     285440 bytes,     799832 total
[2021-05-01T02:21:50.834+0000][8][gc,age      ] GC(74) - age   3:       1664 bytes,     801496 total
[2021-05-01T02:21:50.834+0000][8][gc,age      ] GC(74) - age   4:       4784 bytes,     806280 total
[2021-05-01T02:21:50.834+0000][8][gc,age      ] GC(74) - age   5:       2520 bytes,     808800 total
[2021-05-01T02:21:50.834+0000][8][gc,age      ] GC(74) - age   6:       3592 bytes,     812392 total
[2021-05-01T02:21:50.834+0000][8][gc,age      ] GC(74) - age   7:       6432 bytes,     818824 total
[2021-05-01T02:21:50.834+0000][8][gc,age      ] GC(74) - age   8:       1784 bytes,     820608 total
[2021-05-01T02:21:50.834+0000][8][gc,age      ] GC(74) - age   9:      17720 bytes,     838328 total
[2021-05-01T02:21:50.834+0000][8][gc,age      ] GC(74) - age  10:      10160 bytes,     848488 total
[2021-05-01T02:21:50.834+0000][8][gc,age      ] GC(74) - age  11:       5176 bytes,     853664 total
[2021-05-01T02:21:50.834+0000][8][gc,age      ] GC(74) - age  12:       3824 bytes,     857488 total
[2021-05-01T02:21:50.834+0000][8][gc,age      ] GC(74) - age  13:        912 bytes,     858400 total
[2021-05-01T02:21:50.834+0000][8][gc,age      ] GC(74) - age  14:       2728 bytes,     861128 total
[2021-05-01T02:21:50.834+0000][8][gc,age      ] GC(74) - age  15:       3760 bytes,     864888 total
[2021-05-01T02:21:50.834+0000][8][gc,phases   ] GC(74)   Pre Evacuate Collection Set: 0.5ms
[2021-05-01T02:21:50.834+0000][8][gc,phases   ] GC(74)   Merge Heap Roots: 0.2ms
[2021-05-01T02:21:50.834+0000][8][gc,phases   ] GC(74)   Evacuate Collection Set: 5.7ms
[2021-05-01T02:21:50.834+0000][8][gc,phases   ] GC(74)   Post Evacuate Collection Set: 3.5ms
[2021-05-01T02:21:50.834+0000][8][gc,phases   ] GC(74)   Other: 1.1ms
[2021-05-01T02:21:50.835+0000][8][gc,heap     ] GC(74) Eden regions: 22->0(22)
[2021-05-01T02:21:50.835+0000][8][gc,heap     ] GC(74) Survivor regions: 1->1(3)
[2021-05-01T02:21:50.835+0000][8][gc,heap     ] GC(74) Old regions: 26->26
[2021-05-01T02:21:50.835+0000][8][gc,heap     ] GC(74) Archive regions: 2->2
[2021-05-01T02:21:50.835+0000][8][gc,heap     ] GC(74) Humongous regions: 2->2
[2021-05-01T02:21:50.835+0000][8][gc,metaspace] GC(74) Metaspace: 106834K(111252K)->106834K(111252K) NonClass: 92945K(96072K)->92945K(96072K) Class: 13889K(15180K)->13889K(15180K)
[2021-05-01T02:21:50.835+0000][8][gc          ] GC(74) Pause Young (Concurrent Start) (G1 Evacuation Pause) 202M->114M(256M) 11.232ms
[2021-05-01T02:21:50.835+0000][8][gc,cpu      ] GC(74) User=0.03s Sys=0.00s Real=0.01s
[2021-05-01T02:21:50.835+0000][8][gc          ] GC(75) Concurrent Cycle
[2021-05-01T02:21:50.835+0000][8][gc,marking  ] GC(75) Concurrent Clear Claimed Marks
[2021-05-01T02:21:50.835+0000][8][safepoint   ] Safepoint "G1CollectForAllocation", Time since last: 8064075104 ns, Reaching safepoint: 296490 ns, At safepoint: 11665255 ns, Total: 11961745 ns
[2021-05-01T02:21:50.835+0000][8][gc,marking  ] GC(75) Concurrent Clear Claimed Marks 0.154ms
[2021-05-01T02:21:50.835+0000][8][gc,marking  ] GC(75) Concurrent Scan Root Regions
[2021-05-01T02:21:50.839+0000][8][gc,marking  ] GC(75) Concurrent Scan Root Regions 3.600ms
[2021-05-01T02:21:50.839+0000][8][gc,marking  ] GC(75) Concurrent Mark (3215.505s)
[2021-05-01T02:21:50.839+0000][8][gc,marking  ] GC(75) Concurrent Mark From Roots
[2021-05-01T02:21:50.839+0000][8][gc,task     ] GC(75) Using 2 workers of 2 for marking
[2021-05-01T02:21:50.950+0000][8][gc,marking  ] GC(75) Concurrent Mark From Roots 111.603ms
[2021-05-01T02:21:50.950+0000][8][gc,marking  ] GC(75) Concurrent Preclean
[2021-05-01T02:21:50.951+0000][8][gc,marking  ] GC(75) Concurrent Preclean 0.309ms
[2021-05-01T02:21:50.951+0000][8][gc,marking  ] GC(75) Concurrent Mark (3215.505s, 3215.617s) 111.989ms
[2021-05-01T02:21:50.951+0000][8][gc,start    ] GC(75) Pause Remark
[2021-05-01T02:21:50.957+0000][8][gc          ] GC(75) Pause Remark 115M->115M(256M) 5.600ms
[2021-05-01T02:21:50.957+0000][8][gc,cpu      ] GC(75) User=0.03s Sys=0.00s Real=0.00s
[2021-05-01T02:21:50.957+0000][8][safepoint   ] Safepoint "G1Concurrent", Time since last: 115772490 ns, Reaching safepoint: 145852 ns, At safepoint: 5695603 ns, Total: 5841455 ns
[2021-05-01T02:21:50.957+0000][8][gc,marking  ] GC(75) Concurrent Rebuild Remembered Sets
[2021-05-01T02:21:51.021+0000][8][gc,marking  ] GC(75) Concurrent Rebuild Remembered Sets 64.011ms
[2021-05-01T02:21:51.021+0000][8][gc,start    ] GC(75) Pause Cleanup
[2021-05-01T02:21:51.021+0000][8][gc          ] GC(75) Pause Cleanup 115M->115M(256M) 0.064ms
[2021-05-01T02:21:51.021+0000][8][gc,cpu      ] GC(75) User=0.01s Sys=0.00s Real=0.00s
[2021-05-01T02:21:51.021+0000][8][safepoint   ] Safepoint "G1Concurrent", Time since last: 64088975 ns, Reaching safepoint: 72951 ns, At safepoint: 101011 ns, Total: 173962 ns
[2021-05-01T02:21:51.021+0000][8][gc,marking  ] GC(75) Concurrent Cleanup for Next Mark
[2021-05-01T02:21:51.021+0000][8][gc,marking  ] GC(75) Concurrent Cleanup for Next Mark 0.162ms
[2021-05-01T02:21:51.021+0000][8][gc          ] GC(75) Concurrent Cycle 186.297ms
[2021-05-01T02:22:37.028+0000][8][safepoint   ] Safepoint "Cleanup", Time since last: 46006838947 ns, Reaching safepoint: 332410 ns, At safepoint: 22063 ns, Total: 354473 ns
[2021-05-01T02:22:39.029+0000][8][safepoint   ] Safepoint "Cleanup", Time since last: 2000714383 ns, Reaching safepoint: 314070 ns, At safepoint: 22670 ns, Total: 336740 ns
[2021-05-01T02:22:44.031+0000][8][safepoint   ] Safepoint "Cleanup", Time since last: 5001076541 ns, Reaching safepoint: 351540 ns, At safepoint: 23568 ns, Total: 375108 ns
[2021-05-01T02:23:01.034+0000][8][safepoint   ] Safepoint "Cleanup", Time since last: 17002824802 ns, Reaching safepoint: 352703 ns, At safepoint: 23646 ns, Total: 376349 ns
[2021-05-01T02:23:03.035+0000][8][safepoint   ] Safepoint "Cleanup", Time since last: 2000333795 ns, Reaching safepoint: 429262 ns, At safepoint: 30529 ns, Total: 459791 ns
[2021-05-01T02:23:10.036+0000][8][safepoint   ] Safepoint "Cleanup", Time since last: 7000974635 ns, Reaching safepoint: 121044 ns, At safepoint: 10411 ns, Total: 131455 ns
[2021-05-01T02:23:13.037+0000][8][safepoint   ] Safepoint "Cleanup", Time since last: 3000416974 ns, Reaching safepoint: 482343 ns, At safepoint: 37329 ns, Total: 519672 ns
[2021-05-01T02:23:39.041+0000][8][safepoint   ] Safepoint "Cleanup", Time since last: 26004329851 ns, Reaching safepoint: 405182 ns, At safepoint: 25094 ns, Total: 430276 ns
[2021-05-01T02:23:40.042+0000][8][safepoint   ] Safepoint "Cleanup", Time since last: 1000313611 ns, Reaching safepoint: 532431 ns, At safepoint: 33746 ns, Total: 566177 ns
[2021-05-01T02:23:43.043+0000][8][safepoint   ] Safepoint "Cleanup", Time since last: 3000584406 ns, Reaching safepoint: 468577 ns, At safepoint: 38372 ns, Total: 506949 ns
[2021-05-01T02:24:02.897+0000][8][gc,start    ] GC(76) Pause Young (Normal) (G1 Evacuation Pause)
[2021-05-01T02:24:02.897+0000][8][gc,task     ] GC(76) Using 6 workers of 8 for evacuation
[2021-05-01T02:24:02.897+0000][8][gc,age      ] GC(76) Desired survivor size 6291456 bytes, new threshold 15 (max threshold 15)
[2021-05-01T02:24:02.900+0000][8][gc,age      ] GC(76) Age table with threshold 15 (max threshold 15)
[2021-05-01T02:24:02.900+0000][8][gc,age      ] GC(76) - age   1:     526488 bytes,     526488 total
[2021-05-01T02:24:02.900+0000][8][gc,age      ] GC(76) - age   2:       5680 bytes,     532168 total
[2021-05-01T02:24:02.900+0000][8][gc,age      ] GC(76) - age   3:     164408 bytes,     696576 total
[2021-05-01T02:24:02.900+0000][8][gc,age      ] GC(76) - age   4:       1608 bytes,     698184 total
[2021-05-01T02:24:02.900+0000][8][gc,age      ] GC(76) - age   5:       4784 bytes,     702968 total
[2021-05-01T02:24:02.900+0000][8][gc,age      ] GC(76) - age   6:       2520 bytes,     705488 total
[2021-05-01T02:24:02.900+0000][8][gc,age      ] GC(76) - age   7:       3592 bytes,     709080 total
[2021-05-01T02:24:02.900+0000][8][gc,age      ] GC(76) - age   8:       6432 bytes,     715512 total
[2021-05-01T02:24:02.900+0000][8][gc,age      ] GC(76) - age   9:       1664 bytes,     717176 total
[2021-05-01T02:24:02.900+0000][8][gc,age      ] GC(76) - age  10:      17720 bytes,     734896 total
[2021-05-01T02:24:02.900+0000][8][gc,age      ] GC(76) - age  11:      10120 bytes,     745016 total
[2021-05-01T02:24:02.900+0000][8][gc,age      ] GC(76) - age  12:       5176 bytes,     750192 total
[2021-05-01T02:24:02.900+0000][8][gc,age      ] GC(76) - age  13:       3824 bytes,     754016 total
[2021-05-01T02:24:02.900+0000][8][gc,age      ] GC(76) - age  14:        912 bytes,     754928 total
[2021-05-01T02:24:02.900+0000][8][gc,age      ] GC(76) - age  15:       2728 bytes,     757656 total
[2021-05-01T02:24:02.900+0000][8][gc,phases   ] GC(76)   Pre Evacuate Collection Set: 0.1ms
[2021-05-01T02:24:02.900+0000][8][gc,phases   ] GC(76)   Merge Heap Roots: 0.1ms
[2021-05-01T02:24:02.900+0000][8][gc,phases   ] GC(76)   Evacuate Collection Set: 1.7ms
[2021-05-01T02:24:02.900+0000][8][gc,phases   ] GC(76)   Post Evacuate Collection Set: 0.7ms
[2021-05-01T02:24:02.900+0000][8][gc,phases   ] GC(76)   Other: 0.3ms
[2021-05-01T02:24:02.900+0000][8][gc,heap     ] GC(76) Eden regions: 22->0(22)
[2021-05-01T02:24:02.900+0000][8][gc,heap     ] GC(76) Survivor regions: 1->1(3)
[2021-05-01T02:24:02.900+0000][8][gc,heap     ] GC(76) Old regions: 26->26
[2021-05-01T02:24:02.900+0000][8][gc,heap     ] GC(76) Archive regions: 2->2
[2021-05-01T02:24:02.900+0000][8][gc,heap     ] GC(76) Humongous regions: 2->2
[2021-05-01T02:24:02.900+0000][8][gc,metaspace] GC(76) Metaspace: 106865K(111252K)->106865K(111252K) NonClass: 92976K(96072K)->92976K(96072K) Class: 13889K(15180K)->13889K(15180K)
[2021-05-01T02:24:02.900+0000][8][gc          ] GC(76) Pause Young (Normal) (G1 Evacuation Pause) 202M->114M(256M) 2.939ms
[2021-05-01T02:24:02.900+0000][8][gc,cpu      ] GC(76) User=0.01s Sys=0.00s Real=0.00s
[2021-05-01T02:24:02.900+0000][8][safepoint   ] Safepoint "G1CollectForAllocation", Time since last: 19853444145 ns, Reaching safepoint: 252280 ns, At safepoint: 3025239 ns, Total: 3277519 ns
[2021-05-01T02:24:06.901+0000][8][safepoint   ] Safepoint "Cleanup", Time since last: 4000493783 ns, Reaching safepoint: 371326 ns, At safepoint: 24272 ns, Total: 395598 ns
[2021-05-01T02:24:10.903+0000][8][safepoint   ] Safepoint "Cleanup", Time since last: 4001106249 ns, Reaching safepoint: 442876 ns, At safepoint: 35037 ns, Total: 477913 ns
[2021-05-01T02:24:12.903+0000][8][safepoint   ] Safepoint "Cleanup", Time since last: 2000454376 ns, Reaching safepoint: 359365 ns, At safepoint: 31787 ns, Total: 391152 ns
[2021-05-01T02:31:43.345+0000][8][safepoint   ] Safepoint "Cleanup", Time since last: 20222521462 ns, Reaching safepoint: 353815 ns, At safepoint: 48048 ns, Total: 401863 ns
[2021-05-01T02:31:49.347+0000][8][safepoint   ] Safepoint "Cleanup", Time since last: 6000866940 ns, Reaching safepoint: 295203 ns, At safepoint: 25666 ns, Total: 320869 ns
[2021-05-01T02:32:20.351+0000][8][safepoint   ] Safepoint "Cleanup", Time since last: 31004251064 ns, Reaching safepoint: 88084 ns, At safepoint: 5358 ns, Total: 93442 ns
[2021-05-01T02:32:23.351+0000][8][safepoint   ] Safepoint "Cleanup", Time since last: 3000287402 ns, Reaching safepoint: 98860 ns, At safepoint: 5090 ns, Total: 103950 ns
[2021-05-01T02:32:26.352+0000][8][safepoint   ] Safepoint "Cleanup", Time since last: 3000550805 ns, Reaching safepoint: 229210 ns, At safepoint: 10040 ns, Total: 239250 ns
[2021-05-01T02:32:53.356+0000][8][safepoint   ] Safepoint "Cleanup", Time since last: 27003493091 ns, Reaching safepoint: 86541 ns, At safepoint: 7882 ns, Total: 94423 ns
[2021-05-01T02:33:31.361+0000][8][safepoint   ] Safepoint "Cleanup", Time since last: 38005530223 ns, Reaching safepoint: 93546 ns, At safepoint: 6979 ns, Total: 100525 ns
[2021-05-01T02:33:32.869+0000][8][gc,start    ] GC(77) Pause Young (Concurrent Start) (G1 Evacuation Pause)
[2021-05-01T02:33:32.869+0000][8][gc,task     ] GC(77) Using 6 workers of 8 for evacuation
[2021-05-01T02:33:32.869+0000][8][gc,age      ] GC(77) Desired survivor size 6291456 bytes, new threshold 15 (max threshold 15)
[2021-05-01T02:33:32.871+0000][8][gc,age      ] GC(77) Age table with threshold 15 (max threshold 15)
[2021-05-01T02:33:32.871+0000][8][gc,age      ] GC(77) - age   1:     509288 bytes,     509288 total
[2021-05-01T02:33:32.871+0000][8][gc,age      ] GC(77) - age   2:       2744 bytes,     512032 total
[2021-05-01T02:33:32.871+0000][8][gc,age      ] GC(77) - age   3:       5560 bytes,     517592 total
[2021-05-01T02:33:32.871+0000][8][gc,age      ] GC(77) - age   4:     161832 bytes,     679424 total
[2021-05-01T02:33:32.871+0000][8][gc,age      ] GC(77) - age   5:       1416 bytes,     680840 total
[2021-05-01T02:33:32.871+0000][8][gc,age      ] GC(77) - age   6:       4720 bytes,     685560 total
[2021-05-01T02:33:32.871+0000][8][gc,age      ] GC(77) - age   7:       2520 bytes,     688080 total
[2021-05-01T02:33:32.871+0000][8][gc,age      ] GC(77) - age   8:       3592 bytes,     691672 total
[2021-05-01T02:33:32.871+0000][8][gc,age      ] GC(77) - age   9:       6232 bytes,     697904 total
[2021-05-01T02:33:32.871+0000][8][gc,age      ] GC(77) - age  10:       1568 bytes,     699472 total
[2021-05-01T02:33:32.871+0000][8][gc,age      ] GC(77) - age  11:      17720 bytes,     717192 total
[2021-05-01T02:33:32.871+0000][8][gc,age      ] GC(77) - age  12:      10120 bytes,     727312 total
[2021-05-01T02:33:32.871+0000][8][gc,age      ] GC(77) - age  13:       5176 bytes,     732488 total
[2021-05-01T02:33:32.871+0000][8][gc,age      ] GC(77) - age  14:       3824 bytes,     736312 total
[2021-05-01T02:33:32.871+0000][8][gc,age      ] GC(77) - age  15:        872 bytes,     737184 total
[2021-05-01T02:33:32.871+0000][8][gc,phases   ] GC(77)   Pre Evacuate Collection Set: 0.1ms
[2021-05-01T02:33:32.871+0000][8][gc,phases   ] GC(77)   Merge Heap Roots: 0.0ms
[2021-05-01T02:33:32.871+0000][8][gc,phases   ] GC(77)   Evacuate Collection Set: 1.1ms
[2021-05-01T02:33:32.871+0000][8][gc,phases   ] GC(77)   Post Evacuate Collection Set: 0.4ms
[2021-05-01T02:33:32.871+0000][8][gc,phases   ] GC(77)   Other: 0.2ms
[2021-05-01T02:33:32.871+0000][8][gc,heap     ] GC(77) Eden regions: 22->0(22)
[2021-05-01T02:33:32.871+0000][8][gc,heap     ] GC(77) Survivor regions: 1->1(3)
[2021-05-01T02:33:32.871+0000][8][gc,heap     ] GC(77) Old regions: 26->26
[2021-05-01T02:33:32.871+0000][8][gc,heap     ] GC(77) Archive regions: 2->2
[2021-05-01T02:33:32.871+0000][8][gc,heap     ] GC(77) Humongous regions: 2->2
[2021-05-01T02:33:32.871+0000][8][gc,metaspace] GC(77) Metaspace: 106975K(111508K)->106975K(111508K) NonClass: 93086K(96328K)->93086K(96328K) Class: 13889K(15180K)->13889K(15180K)
[2021-05-01T02:33:32.871+0000][8][gc          ] GC(77) Pause Young (Concurrent Start) (G1 Evacuation Pause) 202M->114M(256M) 1.989ms
[2021-05-01T02:33:32.871+0000][8][gc,cpu      ] GC(77) User=0.00s Sys=0.00s Real=0.00s
[2021-05-01T02:33:32.871+0000][8][gc          ] GC(78) Concurrent Cycle
[2021-05-01T02:33:32.871+0000][8][safepoint   ] Safepoint "G1CollectForAllocation", Time since last: 1507502856 ns, Reaching safepoint: 72607 ns, At safepoint: 2066242 ns, Total: 2138849 ns
[2021-05-01T02:33:32.871+0000][8][gc,marking  ] GC(78) Concurrent Clear Claimed Marks
[2021-05-01T02:33:32.871+0000][8][gc,marking  ] GC(78) Concurrent Clear Claimed Marks 0.060ms
[2021-05-01T02:33:32.871+0000][8][gc,marking  ] GC(78) Concurrent Scan Root Regions
[2021-05-01T02:33:32.872+0000][8][gc,marking  ] GC(78) Concurrent Scan Root Regions 1.448ms
[2021-05-01T02:33:32.872+0000][8][gc,marking  ] GC(78) Concurrent Mark (3487.320s)
[2021-05-01T02:33:32.872+0000][8][gc,marking  ] GC(78) Concurrent Mark From Roots
[2021-05-01T02:33:32.872+0000][8][gc,task     ] GC(78) Using 2 workers of 2 for marking
[2021-05-01T02:33:32.953+0000][8][gc,marking  ] GC(78) Concurrent Mark From Roots 81.015ms
[2021-05-01T02:33:32.954+0000][8][gc,marking  ] GC(78) Concurrent Preclean
[2021-05-01T02:33:32.954+0000][8][gc,marking  ] GC(78) Concurrent Preclean 0.223ms
[2021-05-01T02:33:32.954+0000][8][gc,marking  ] GC(78) Concurrent Mark (3487.320s, 3487.401s) 81.281ms
[2021-05-01T02:33:32.954+0000][8][gc,start    ] GC(78) Pause Remark
[2021-05-01T02:33:32.959+0000][8][gc          ] GC(78) Pause Remark 114M->114M(256M) 5.420ms
[2021-05-01T02:33:32.959+0000][8][gc,cpu      ] GC(78) User=0.03s Sys=0.00s Real=0.00s
[2021-05-01T02:33:32.959+0000][8][safepoint   ] Safepoint "G1Concurrent", Time since last: 82849677 ns, Reaching safepoint: 84467 ns, At safepoint: 5492337 ns, Total: 5576804 ns
[2021-05-01T02:33:32.959+0000][8][gc,marking  ] GC(78) Concurrent Rebuild Remembered Sets
[2021-05-01T02:33:33.037+0000][8][gc,marking  ] GC(78) Concurrent Rebuild Remembered Sets 77.567ms
[2021-05-01T02:33:33.037+0000][8][gc,start    ] GC(78) Pause Cleanup
[2021-05-01T02:33:33.037+0000][8][gc          ] GC(78) Pause Cleanup 114M->114M(256M) 0.064ms
[2021-05-01T02:33:33.037+0000][8][gc,cpu      ] GC(78) User=0.00s Sys=0.00s Real=0.00s
[2021-05-01T02:33:33.037+0000][8][safepoint   ] Safepoint "G1Concurrent", Time since last: 77630931 ns, Reaching safepoint: 123635 ns, At safepoint: 114255 ns, Total: 237890 ns
[2021-05-01T02:33:33.037+0000][8][gc,marking  ] GC(78) Concurrent Cleanup for Next Mark
[2021-05-01T02:33:33.037+0000][8][gc,marking  ] GC(78) Concurrent Cleanup for Next Mark 0.203ms
[2021-05-01T02:33:33.037+0000][8][gc          ] GC(78) Concurrent Cycle 166.538ms
[2021-05-01T02:33:50.039+0000][8][safepoint   ] Safepoint "Cleanup", Time since last: 17002100795 ns, Reaching safepoint: 109823 ns, At safepoint: 6114 ns, Total: 115937 ns
[2021-05-01T02:34:11.042+0000][8][safepoint   ] Safepoint "Cleanup", Time since last: 21002671787 ns, Reaching safepoint: 187942 ns, At safepoint: 6854 ns, Total: 194796 ns
[2021-05-01T02:34:23.044+0000][8][safepoint   ] Safepoint "Cleanup", Time since last: 12001905994 ns, Reaching safepoint: 125731 ns, At safepoint: 7288 ns, Total: 133019 ns
[2021-05-01T02:34:31.046+0000][8][safepoint   ] Safepoint "Cleanup", Time since last: 8001155149 ns, Reaching safepoint: 124230 ns, At safepoint: 5282 ns, Total: 129512 ns
[2021-05-01T02:34:46.048+0000][8][safepoint   ] Safepoint "Cleanup", Time since last: 15002137985 ns, Reaching safepoint: 124873 ns, At safepoint: 6114 ns, Total: 130987 ns
[2021-05-01T02:34:50.049+0000][8][safepoint   ] Safepoint "Cleanup", Time since last: 4000623870 ns, Reaching safepoint: 161246 ns, At safepoint: 9804 ns, Total: 171050 ns
[2021-05-01T02:35:23.052+0000][8][safepoint   ] Safepoint "Cleanup", Time since last: 33003639227 ns, Reaching safepoint: 91107 ns, At safepoint: 7808 ns, Total: 98915 ns
[2021-05-01T02:35:26.053+0000][8][safepoint   ] Safepoint "Cleanup", Time since last: 3000639426 ns, Reaching safepoint: 79868 ns, At safepoint: 6208 ns, Total: 86076 ns
[2021-05-01T02:35:47.566+0000][8][gc,start    ] GC(79) Pause Young (Normal) (G1 Evacuation Pause)
[2021-05-01T02:35:47.566+0000][8][gc,task     ] GC(79) Using 6 workers of 8 for evacuation
[2021-05-01T02:35:47.566+0000][8][gc,age      ] GC(79) Desired survivor size 6291456 bytes, new threshold 15 (max threshold 15)
[2021-05-01T02:35:47.568+0000][8][gc,age      ] GC(79) Age table with threshold 15 (max threshold 15)
[2021-05-01T02:35:47.568+0000][8][gc,age      ] GC(79) - age   1:     776800 bytes,     776800 total
[2021-05-01T02:35:47.568+0000][8][gc,age      ] GC(79) - age   2:       2512 bytes,     779312 total
[2021-05-01T02:35:47.568+0000][8][gc,age      ] GC(79) - age   3:       2488 bytes,     781800 total
[2021-05-01T02:35:47.568+0000][8][gc,age      ] GC(79) - age   4:       5440 bytes,     787240 total
[2021-05-01T02:35:47.568+0000][8][gc,age      ] GC(79) - age   5:      55648 bytes,     842888 total
[2021-05-01T02:35:47.568+0000][8][gc,age      ] GC(79) - age   6:       1376 bytes,     844264 total
[2021-05-01T02:35:47.568+0000][8][gc,age      ] GC(79) - age   7:       4512 bytes,     848776 total
[2021-05-01T02:35:47.568+0000][8][gc,age      ] GC(79) - age   8:       2520 bytes,     851296 total
[2021-05-01T02:35:47.568+0000][8][gc,age      ] GC(79) - age   9:       3568 bytes,     854864 total
[2021-05-01T02:35:47.568+0000][8][gc,age      ] GC(79) - age  10:       4104 bytes,     858968 total
[2021-05-01T02:35:47.568+0000][8][gc,age      ] GC(79) - age  11:       1568 bytes,     860536 total
[2021-05-01T02:35:47.568+0000][8][gc,age      ] GC(79) - age  12:      17720 bytes,     878256 total
[2021-05-01T02:35:47.568+0000][8][gc,age      ] GC(79) - age  13:      10120 bytes,     888376 total
[2021-05-01T02:35:47.568+0000][8][gc,age      ] GC(79) - age  14:       5176 bytes,     893552 total
[2021-05-01T02:35:47.568+0000][8][gc,age      ] GC(79) - age  15:       3824 bytes,     897376 total
[2021-05-01T02:35:47.568+0000][8][gc,phases   ] GC(79)   Pre Evacuate Collection Set: 0.0ms
[2021-05-01T02:35:47.568+0000][8][gc,phases   ] GC(79)   Merge Heap Roots: 0.1ms
[2021-05-01T02:35:47.568+0000][8][gc,phases   ] GC(79)   Evacuate Collection Set: 1.2ms
[2021-05-01T02:35:47.568+0000][8][gc,phases   ] GC(79)   Post Evacuate Collection Set: 0.5ms
[2021-05-01T02:35:47.568+0000][8][gc,phases   ] GC(79)   Other: 0.2ms
[2021-05-01T02:35:47.568+0000][8][gc,heap     ] GC(79) Eden regions: 22->0(22)
[2021-05-01T02:35:47.568+0000][8][gc,heap     ] GC(79) Survivor regions: 1->1(3)
[2021-05-01T02:35:47.568+0000][8][gc,heap     ] GC(79) Old regions: 26->26
[2021-05-01T02:35:47.568+0000][8][gc,heap     ] GC(79) Archive regions: 2->2
[2021-05-01T02:35:47.568+0000][8][gc,heap     ] GC(79) Humongous regions: 2->2
[2021-05-01T02:35:47.568+0000][8][gc,metaspace] GC(79) Metaspace: 107015K(111508K)->107015K(111508K) NonClass: 93126K(96328K)->93126K(96328K) Class: 13889K(15180K)->13889K(15180K)
[2021-05-01T02:35:47.568+0000][8][gc          ] GC(79) Pause Young (Normal) (G1 Evacuation Pause) 202M->114M(256M) 1.997ms
[2021-05-01T02:35:47.568+0000][8][gc,cpu      ] GC(79) User=0.01s Sys=0.00s Real=0.00s
[2021-05-01T02:35:47.568+0000][8][safepoint   ] Safepoint "G1CollectForAllocation", Time since last: 21512932014 ns, Reaching safepoint: 76103 ns, At safepoint: 2058360 ns, Total: 2134463 ns
[2021-05-01T02:35:48.569+0000][8][safepoint   ] Safepoint "Cleanup", Time since last: 1000258120 ns, Reaching safepoint: 167086 ns, At safepoint: 6533 ns, Total: 173619 ns
[2021-05-01T02:35:49.569+0000][8][safepoint   ] Safepoint "Cleanup", Time since last: 1000092669 ns, Reaching safepoint: 99571 ns, At safepoint: 4756 ns, Total: 104327 ns
[2021-05-01T02:35:50.569+0000][8][safepoint   ] Safepoint "Cleanup", Time since last: 1000131399 ns, Reaching safepoint: 142833 ns, At safepoint: 6843 ns, Total: 149676 ns
[2021-05-01T02:35:53.570+0000][8][safepoint   ] Safepoint "Cleanup", Time since last: 3000588185 ns, Reaching safepoint: 114020 ns, At safepoint: 5307 ns, Total: 119327 ns
[2021-05-01T02:36:03.572+0000][8][safepoint   ] Safepoint "Cleanup", Time since last: 10001772350 ns, Reaching safepoint: 132150 ns, At safepoint: 5438 ns, Total: 137588 ns
[2021-05-01T02:36:11.573+0000][8][safepoint   ] Safepoint "Cleanup", Time since last: 8001412020 ns, Reaching safepoint: 209548 ns, At safepoint: 6562 ns, Total: 216110 ns
[2021-05-01T02:36:17.575+0000][8][safepoint   ] Safepoint "Cleanup", Time since last: 6001064643 ns, Reaching safepoint: 103007 ns, At safepoint: 5378 ns, Total: 108385 ns
[2021-05-01T02:36:18.575+0000][8][safepoint   ] Safepoint "Cleanup", Time since last: 1000100458 ns, Reaching safepoint: 110953 ns, At safepoint: 4598 ns, Total: 115551 ns
[2021-05-01T02:36:20.575+0000][8][safepoint   ] Safepoint "Cleanup", Time since last: 2000158499 ns, Reaching safepoint: 99605 ns, At safepoint: 8613 ns, Total: 108218 ns
[2021-05-01T02:36:45.578+0000][8][safepoint   ] Safepoint "Cleanup", Time since last: 25003140781 ns, Reaching safepoint: 140245 ns, At safepoint: 6016 ns, Total: 146261 ns
[2021-05-01T02:36:49.579+0000][8][safepoint   ] Safepoint "Cleanup", Time since last: 4000749343 ns, Reaching safepoint: 105274 ns, At safepoint: 7861 ns, Total: 113135 ns
[2021-05-01T02:37:17.584+0000][8][safepoint   ] Safepoint "Cleanup", Time since last: 28004176178 ns, Reaching safepoint: 143057 ns, At safepoint: 6233 ns, Total: 149290 ns
[2021-05-01T02:37:18.584+0000][8][safepoint   ] Safepoint "Cleanup", Time since last: 1000352108 ns, Reaching safepoint: 178352 ns, At safepoint: 7097 ns, Total: 185449 ns
[2021-05-01T02:37:23.585+0000][8][safepoint   ] Safepoint "Cleanup", Time since last: 5000690694 ns, Reaching safepoint: 199554 ns, At safepoint: 7046 ns, Total: 206600 ns
[2021-05-01T02:37:30.755+0000][8][gc,start    ] GC(80) Pause Young (Concurrent Start) (G1 Evacuation Pause)
[2021-05-01T02:37:30.755+0000][8][gc,task     ] GC(80) Using 6 workers of 8 for evacuation
[2021-05-01T02:37:30.755+0000][8][gc,age      ] GC(80) Desired survivor size 6291456 bytes, new threshold 15 (max threshold 15)
[2021-05-01T02:37:30.757+0000][8][gc,age      ] GC(80) Age table with threshold 15 (max threshold 15)
[2021-05-01T02:37:30.757+0000][8][gc,age      ] GC(80) - age   1:     666632 bytes,     666632 total
[2021-05-01T02:37:30.757+0000][8][gc,age      ] GC(80) - age   2:     155432 bytes,     822064 total
[2021-05-01T02:37:30.757+0000][8][gc,age      ] GC(80) - age   3:       2416 bytes,     824480 total
[2021-05-01T02:37:30.757+0000][8][gc,age      ] GC(80) - age   4:       2488 bytes,     826968 total
[2021-05-01T02:37:30.757+0000][8][gc,age      ] GC(80) - age   5:       5440 bytes,     832408 total
[2021-05-01T02:37:30.757+0000][8][gc,age      ] GC(80) - age   6:      10192 bytes,     842600 total
[2021-05-01T02:37:30.757+0000][8][gc,age      ] GC(80) - age   7:       1352 bytes,     843952 total
[2021-05-01T02:37:30.757+0000][8][gc,age      ] GC(80) - age   8:       4312 bytes,     848264 total
[2021-05-01T02:37:30.757+0000][8][gc,age      ] GC(80) - age   9:       2480 bytes,     850744 total
[2021-05-01T02:37:30.757+0000][8][gc,age      ] GC(80) - age  10:       3568 bytes,     854312 total
[2021-05-01T02:37:30.757+0000][8][gc,age      ] GC(80) - age  11:       1816 bytes,     856128 total
[2021-05-01T02:37:30.757+0000][8][gc,age      ] GC(80) - age  12:       1472 bytes,     857600 total
[2021-05-01T02:37:30.757+0000][8][gc,age      ] GC(80) - age  13:      17720 bytes,     875320 total
[2021-05-01T02:37:30.757+0000][8][gc,age      ] GC(80) - age  14:      10120 bytes,     885440 total
[2021-05-01T02:37:30.757+0000][8][gc,age      ] GC(80) - age  15:       5176 bytes,     890616 total
[2021-05-01T02:37:30.757+0000][8][gc,phases   ] GC(80)   Pre Evacuate Collection Set: 0.1ms
[2021-05-01T02:37:30.757+0000][8][gc,phases   ] GC(80)   Merge Heap Roots: 0.1ms
[2021-05-01T02:37:30.757+0000][8][gc,phases   ] GC(80)   Evacuate Collection Set: 1.1ms
[2021-05-01T02:37:30.757+0000][8][gc,phases   ] GC(80)   Post Evacuate Collection Set: 0.6ms
[2021-05-01T02:37:30.757+0000][8][gc,phases   ] GC(80)   Other: 0.2ms
[2021-05-01T02:37:30.757+0000][8][gc,heap     ] GC(80) Eden regions: 22->0(22)
[2021-05-01T02:37:30.757+0000][8][gc,heap     ] GC(80) Survivor regions: 1->1(3)
[2021-05-01T02:37:30.757+0000][8][gc,heap     ] GC(80) Old regions: 26->26
[2021-05-01T02:37:30.757+0000][8][gc,heap     ] GC(80) Archive regions: 2->2
[2021-05-01T02:37:30.757+0000][8][gc,heap     ] GC(80) Humongous regions: 2->2
[2021-05-01T02:37:30.757+0000][8][gc,metaspace] GC(80) Metaspace: 107058K(111508K)->107058K(111508K) NonClass: 93169K(96328K)->93169K(96328K) Class: 13889K(15180K)->13889K(15180K)
[2021-05-01T02:37:30.757+0000][8][gc          ] GC(80) Pause Young (Concurrent Start) (G1 Evacuation Pause) 202M->114M(256M) 2.172ms
[2021-05-01T02:37:30.757+0000][8][gc,cpu      ] GC(80) User=0.01s Sys=0.00s Real=0.00s
[2021-05-01T02:37:30.757+0000][8][safepoint   ] Safepoint "G1CollectForAllocation", Time since last: 7169538358 ns, Reaching safepoint: 126435 ns, At safepoint: 2236214 ns, Total: 2362649 ns
[2021-05-01T02:37:30.757+0000][8][gc          ] GC(81) Concurrent Cycle
[2021-05-01T02:37:30.757+0000][8][gc,marking  ] GC(81) Concurrent Clear Claimed Marks
[2021-05-01T02:37:30.757+0000][8][gc,marking  ] GC(81) Concurrent Clear Claimed Marks 0.083ms
[2021-05-01T02:37:30.757+0000][8][gc,marking  ] GC(81) Concurrent Scan Root Regions
[2021-05-01T02:37:30.759+0000][8][gc,marking  ] GC(81) Concurrent Scan Root Regions 2.360ms
[2021-05-01T02:37:30.759+0000][8][gc,marking  ] GC(81) Concurrent Mark (3725.207s)
[2021-05-01T02:37:30.759+0000][8][gc,marking  ] GC(81) Concurrent Mark From Roots
[2021-05-01T02:37:30.759+0000][8][gc,task     ] GC(81) Using 2 workers of 2 for marking
[2021-05-01T02:37:30.842+0000][8][gc,marking  ] GC(81) Concurrent Mark From Roots 82.367ms
[2021-05-01T02:37:30.842+0000][8][gc,marking  ] GC(81) Concurrent Preclean
[2021-05-01T02:37:30.842+0000][8][gc,marking  ] GC(81) Concurrent Preclean 0.216ms
[2021-05-01T02:37:30.842+0000][8][gc,marking  ] GC(81) Concurrent Mark (3725.207s, 3725.290s) 82.627ms
[2021-05-01T02:37:30.842+0000][8][gc,start    ] GC(81) Pause Remark
[2021-05-01T02:37:30.847+0000][8][gc          ] GC(81) Pause Remark 114M->114M(256M) 4.877ms
[2021-05-01T02:37:30.847+0000][8][gc,cpu      ] GC(81) User=0.03s Sys=0.00s Real=0.00s
[2021-05-01T02:37:30.847+0000][8][safepoint   ] Safepoint "G1Concurrent", Time since last: 85156947 ns, Reaching safepoint: 84632 ns, At safepoint: 4960727 ns, Total: 5045359 ns
[2021-05-01T02:37:30.847+0000][8][gc,marking  ] GC(81) Concurrent Rebuild Remembered Sets
[2021-05-01T02:37:30.902+0000][8][gc,marking  ] GC(81) Concurrent Rebuild Remembered Sets 54.774ms
[2021-05-01T02:37:30.902+0000][8][gc,start    ] GC(81) Pause Cleanup
[2021-05-01T02:37:30.902+0000][8][gc          ] GC(81) Pause Cleanup 114M->114M(256M) 0.092ms
[2021-05-01T02:37:30.902+0000][8][gc,cpu      ] GC(81) User=0.00s Sys=0.00s Real=0.00s
[2021-05-01T02:37:30.902+0000][8][safepoint   ] Safepoint "G1Concurrent", Time since last: 54900546 ns, Reaching safepoint: 100465 ns, At safepoint: 137258 ns, Total: 237723 ns
[2021-05-01T02:37:30.902+0000][8][gc,marking  ] GC(81) Concurrent Cleanup for Next Mark
[2021-05-01T02:37:30.902+0000][8][gc,marking  ] GC(81) Concurrent Cleanup for Next Mark 0.183ms
[2021-05-01T02:37:30.902+0000][8][gc          ] GC(81) Concurrent Cycle 145.604ms
[2021-05-01T02:37:40.904+0000][8][safepoint   ] Safepoint "Cleanup", Time since last: 10001449301 ns, Reaching safepoint: 105192 ns, At safepoint: 7397 ns, Total: 112589 ns
[2021-05-01T02:37:47.905+0000][8][safepoint   ] Safepoint "Cleanup", Time since last: 7000847583 ns, Reaching safepoint: 109953 ns, At safepoint: 5923 ns, Total: 115876 ns
[2021-05-01T02:37:49.905+0000][8][safepoint   ] Safepoint "Cleanup", Time since last: 2000171646 ns, Reaching safepoint: 118632 ns, At safepoint: 9386 ns, Total: 128018 ns
[2021-05-01T02:37:53.906+0000][8][safepoint   ] Safepoint "Cleanup", Time since last: 4000474682 ns, Reaching safepoint: 88511 ns, At safepoint: 5205 ns, Total: 93716 ns
[2021-05-01T02:38:00.907+0000][8][safepoint   ] Safepoint "Cleanup", Time since last: 7001118744 ns, Reaching safepoint: 82613 ns, At safepoint: 3814 ns, Total: 86427 ns
[2021-05-01T02:38:13.909+0000][8][safepoint   ] Safepoint "Cleanup", Time since last: 13002169531 ns, Reaching safepoint: 103058 ns, At safepoint: 4465 ns, Total: 107523 ns
[2021-05-01T02:38:17.910+0000][8][safepoint   ] Safepoint "Cleanup", Time since last: 4000890850 ns, Reaching safepoint: 122425 ns, At safepoint: 6547 ns, Total: 128972 ns
[2021-05-01T02:38:18.910+0000][8][safepoint   ] Safepoint "Cleanup", Time since last: 1000227150 ns, Reaching safepoint: 141758 ns, At safepoint: 4766 ns, Total: 146524 ns
[2021-05-01T02:38:30.912+0000][8][safepoint   ] Safepoint "Cleanup", Time since last: 12001747293 ns, Reaching safepoint: 193444 ns, At safepoint: 5751 ns, Total: 199195 ns
[2021-05-01T02:38:37.914+0000][8][safepoint   ] Safepoint "Cleanup", Time since last: 7001221027 ns, Reaching safepoint: 197980 ns, At safepoint: 5142 ns, Total: 203122 ns
[2021-05-01T02:38:47.916+0000][8][safepoint   ] Safepoint "Cleanup", Time since last: 10001670294 ns, Reaching safepoint: 206314 ns, At safepoint: 7474 ns, Total: 213788 ns
[2021-05-01T02:38:48.916+0000][8][safepoint   ] Safepoint "Cleanup", Time since last: 1000157080 ns, Reaching safepoint: 83276 ns, At safepoint: 5885 ns, Total: 89161 ns
[2021-05-01T02:38:49.916+0000][8][safepoint   ] Safepoint "Cleanup", Time since last: 1000093963 ns, Reaching safepoint: 111738 ns, At safepoint: 4929 ns, Total: 116667 ns
[2021-05-01T02:38:53.917+0000][8][safepoint   ] Safepoint "Cleanup", Time since last: 4000353836 ns, Reaching safepoint: 119217 ns, At safepoint: 6917 ns, Total: 126134 ns
[2021-05-01T02:39:17.920+0000][8][safepoint   ] Safepoint "Cleanup", Time since last: 24002863450 ns, Reaching safepoint: 179240 ns, At safepoint: 7419 ns, Total: 186659 ns
[2021-05-01T02:39:22.928+0000][8][gc,start    ] GC(82) Pause Young (Normal) (G1 Evacuation Pause)
[2021-05-01T02:39:22.928+0000][8][gc,task     ] GC(82) Using 6 workers of 8 for evacuation
[2021-05-01T02:39:22.928+0000][8][gc,age      ] GC(82) Desired survivor size 6291456 bytes, new threshold 15 (max threshold 15)
[2021-05-01T02:39:22.930+0000][8][gc,age      ] GC(82) Age table with threshold 15 (max threshold 15)
[2021-05-01T02:39:22.930+0000][8][gc,age      ] GC(82) - age   1:     527472 bytes,     527472 total
[2021-05-01T02:39:22.930+0000][8][gc,age      ] GC(82) - age   2:      63912 bytes,     591384 total
[2021-05-01T02:39:22.930+0000][8][gc,age      ] GC(82) - age   3:      66528 bytes,     657912 total
[2021-05-01T02:39:22.930+0000][8][gc,age      ] GC(82) - age   4:       2296 bytes,     660208 total
[2021-05-01T02:39:22.930+0000][8][gc,age      ] GC(82) - age   5:       2392 bytes,     662600 total
[2021-05-01T02:39:22.930+0000][8][gc,age      ] GC(82) - age   6:       5120 bytes,     667720 total
[2021-05-01T02:39:22.930+0000][8][gc,age      ] GC(82) - age   7:       8976 bytes,     676696 total
[2021-05-01T02:39:22.930+0000][8][gc,age      ] GC(82) - age   8:       1312 bytes,     678008 total
[2021-05-01T02:39:22.930+0000][8][gc,age      ] GC(82) - age   9:       4312 bytes,     682320 total
[2021-05-01T02:39:22.930+0000][8][gc,age      ] GC(82) - age  10:       2480 bytes,     684800 total
[2021-05-01T02:39:22.930+0000][8][gc,age      ] GC(82) - age  11:       3568 bytes,     688368 total
[2021-05-01T02:39:22.930+0000][8][gc,age      ] GC(82) - age  12:       1408 bytes,     689776 total
[2021-05-01T02:39:22.930+0000][8][gc,age      ] GC(82) - age  13:       1392 bytes,     691168 total
[2021-05-01T02:39:22.930+0000][8][gc,age      ] GC(82) - age  14:      17720 bytes,     708888 total
[2021-05-01T02:39:22.930+0000][8][gc,age      ] GC(82) - age  15:      10120 bytes,     719008 total
[2021-05-01T02:39:22.930+0000][8][gc,phases   ] GC(82)   Pre Evacuate Collection Set: 0.0ms
[2021-05-01T02:39:22.930+0000][8][gc,phases   ] GC(82)   Merge Heap Roots: 0.1ms
[2021-05-01T02:39:22.930+0000][8][gc,phases   ] GC(82)   Evacuate Collection Set: 1.2ms
[2021-05-01T02:39:22.930+0000][8][gc,phases   ] GC(82)   Post Evacuate Collection Set: 0.5ms
[2021-05-01T02:39:22.930+0000][8][gc,phases   ] GC(82)   Other: 0.2ms
[2021-05-01T02:39:22.930+0000][8][gc,heap     ] GC(82) Eden regions: 22->0(22)
[2021-05-01T02:39:22.930+0000][8][gc,heap     ] GC(82) Survivor regions: 1->1(3)
[2021-05-01T02:39:22.930+0000][8][gc,heap     ] GC(82) Old regions: 26->26
[2021-05-01T02:39:22.930+0000][8][gc,heap     ] GC(82) Archive regions: 2->2
[2021-05-01T02:39:22.930+0000][8][gc,heap     ] GC(82) Humongous regions: 2->2
[2021-05-01T02:39:22.930+0000][8][gc,metaspace] GC(82) Metaspace: 107162K(111764K)->107162K(111764K) NonClass: 93272K(96584K)->93272K(96584K) Class: 13889K(15180K)->13889K(15180K)
[2021-05-01T02:39:22.930+0000][8][gc          ] GC(82) Pause Young (Normal) (G1 Evacuation Pause) 202M->114M(256M) 2.049ms
[2021-05-01T02:39:22.930+0000][8][gc,cpu      ] GC(82) User=0.01s Sys=0.00s Real=0.01s
[2021-05-01T02:39:22.930+0000][8][safepoint   ] Safepoint "G1CollectForAllocation", Time since last: 5007847892 ns, Reaching safepoint: 94616 ns, At safepoint: 2107020 ns, Total: 2201636 ns
[2021-05-01T02:39:47.934+0000][8][safepoint   ] Safepoint "Cleanup", Time since last: 25003793808 ns, Reaching safepoint: 209785 ns, At safepoint: 5871 ns, Total: 215656 ns
[2021-05-01T02:39:49.934+0000][8][safepoint   ] Safepoint "Cleanup", Time since last: 2000379088 ns, Reaching safepoint: 119683 ns, At safepoint: 6259 ns, Total: 125942 ns
[2021-05-01T02:39:50.934+0000][8][safepoint   ] Safepoint "Cleanup", Time since last: 1000135862 ns, Reaching safepoint: 87783 ns, At safepoint: 5625 ns, Total: 93408 ns
[2021-05-01T02:39:53.935+0000][8][safepoint   ] Safepoint "Cleanup", Time since last: 3000267123 ns, Reaching safepoint: 79989 ns, At safepoint: 6159 ns, Total: 86148 ns
[2021-05-01T02:40:10.937+0000][8][safepoint   ] Safepoint "Cleanup", Time since last: 17002393686 ns, Reaching safepoint: 159120 ns, At safepoint: 9134 ns, Total: 168254 ns
[2021-05-01T02:40:17.938+0000][8][safepoint   ] Safepoint "Cleanup", Time since last: 7000738463 ns, Reaching safepoint: 98385 ns, At safepoint: 5498 ns, Total: 103883 ns
[2021-05-01T02:40:31.940+0000][8][safepoint   ] Safepoint "Cleanup", Time since last: 14001426480 ns, Reaching safepoint: 123937 ns, At safepoint: 5501 ns, Total: 129438 ns
[2021-05-01T02:40:49.942+0000][8][safepoint   ] Safepoint "Cleanup", Time since last: 18001937899 ns, Reaching safepoint: 106947 ns, At safepoint: 6368 ns, Total: 113315 ns
[2021-05-01T02:40:50.942+0000][8][safepoint   ] Safepoint "Cleanup", Time since last: 1000266806 ns, Reaching safepoint: 163724 ns, At safepoint: 6472 ns, Total: 170196 ns
[2021-05-01T02:40:52.943+0000][8][safepoint   ] Safepoint "Cleanup", Time since last: 2000155889 ns, Reaching safepoint: 69980 ns, At safepoint: 4217 ns, Total: 74197 ns
[2021-05-01T02:40:53.943+0000][8][safepoint   ] Safepoint "Cleanup", Time since last: 1000266797 ns, Reaching safepoint: 132620 ns, At safepoint: 6777 ns, Total: 139397 ns
[2021-05-01T02:40:56.944+0000][8][safepoint   ] Safepoint "Cleanup", Time since last: 3000586369 ns, Reaching safepoint: 161237 ns, At safepoint: 6568 ns, Total: 167805 ns
[2021-05-01T02:41:13.946+0000][8][safepoint   ] Safepoint "Cleanup", Time since last: 17002546015 ns, Reaching safepoint: 159882 ns, At safepoint: 4858 ns, Total: 164740 ns
[2021-05-01T02:41:15.947+0000][8][safepoint   ] Safepoint "Cleanup", Time since last: 2000336199 ns, Reaching safepoint: 79419 ns, At safepoint: 5899 ns, Total: 85318 ns
[2021-05-01T02:41:18.947+0000][8][safepoint   ] Safepoint "Cleanup", Time since last: 3000585964 ns, Reaching safepoint: 90264 ns, At safepoint: 6695 ns, Total: 96959 ns
[2021-05-01T02:41:22.948+0000][8][safepoint   ] Safepoint "Cleanup", Time since last: 4000656675 ns, Reaching safepoint: 185105 ns, At safepoint: 8710 ns, Total: 193815 ns
[2021-05-01T02:41:23.949+0000][8][safepoint   ] Safepoint "Cleanup", Time since last: 1000128415 ns, Reaching safepoint: 96904 ns, At safepoint: 6472 ns, Total: 103376 ns
[2021-05-01T02:41:31.574+0000][8][gc,start    ] GC(83) Pause Young (Concurrent Start) (G1 Evacuation Pause)
[2021-05-01T02:41:31.574+0000][8][gc,task     ] GC(83) Using 6 workers of 8 for evacuation
[2021-05-01T02:41:31.574+0000][8][gc,age      ] GC(83) Desired survivor size 6291456 bytes, new threshold 15 (max threshold 15)
[2021-05-01T02:41:31.575+0000][8][gc,age      ] GC(83) Age table with threshold 15 (max threshold 15)
[2021-05-01T02:41:31.575+0000][8][gc,age      ] GC(83) - age   1:     518832 bytes,     518832 total
[2021-05-01T02:41:31.575+0000][8][gc,age      ] GC(83) - age   2:     186696 bytes,     705528 total
[2021-05-01T02:41:31.575+0000][8][gc,age      ] GC(83) - age   3:      63440 bytes,     768968 total
[2021-05-01T02:41:31.575+0000][8][gc,age      ] GC(83) - age   4:      66016 bytes,     834984 total
[2021-05-01T02:41:31.575+0000][8][gc,age      ] GC(83) - age   5:       2296 bytes,     837280 total
[2021-05-01T02:41:31.575+0000][8][gc,age      ] GC(83) - age   6:       2272 bytes,     839552 total
[2021-05-01T02:41:31.575+0000][8][gc,age      ] GC(83) - age   7:       5120 bytes,     844672 total
[2021-05-01T02:41:31.575+0000][8][gc,age      ] GC(83) - age   8:       8880 bytes,     853552 total
[2021-05-01T02:41:31.575+0000][8][gc,age      ] GC(83) - age   9:       1312 bytes,     854864 total
[2021-05-01T02:41:31.575+0000][8][gc,age      ] GC(83) - age  10:       4312 bytes,     859176 total
[2021-05-01T02:41:31.575+0000][8][gc,age      ] GC(83) - age  11:       2480 bytes,     861656 total
[2021-05-01T02:41:31.575+0000][8][gc,age      ] GC(83) - age  12:       3568 bytes,     865224 total
[2021-05-01T02:41:31.575+0000][8][gc,age      ] GC(83) - age  13:       1408 bytes,     866632 total
[2021-05-01T02:41:31.575+0000][8][gc,age      ] GC(83) - age  14:       1392 bytes,     868024 total
[2021-05-01T02:41:31.575+0000][8][gc,age      ] GC(83) - age  15:      17720 bytes,     885744 total
[2021-05-01T02:41:31.575+0000][8][gc,phases   ] GC(83)   Pre Evacuate Collection Set: 0.1ms
[2021-05-01T02:41:31.575+0000][8][gc,phases   ] GC(83)   Merge Heap Roots: 0.0ms
[2021-05-01T02:41:31.575+0000][8][gc,phases   ] GC(83)   Evacuate Collection Set: 1.0ms
[2021-05-01T02:41:31.575+0000][8][gc,phases   ] GC(83)   Post Evacuate Collection Set: 0.4ms
[2021-05-01T02:41:31.575+0000][8][gc,phases   ] GC(83)   Other: 0.2ms
[2021-05-01T02:41:31.576+0000][8][gc,heap     ] GC(83) Eden regions: 22->0(22)
[2021-05-01T02:41:31.576+0000][8][gc,heap     ] GC(83) Survivor regions: 1->1(3)
[2021-05-01T02:41:31.576+0000][8][gc,heap     ] GC(83) Old regions: 26->26
[2021-05-01T02:41:31.576+0000][8][gc,heap     ] GC(83) Archive regions: 2->2
[2021-05-01T02:41:31.576+0000][8][gc,heap     ] GC(83) Humongous regions: 2->2
[2021-05-01T02:41:31.576+0000][8][gc,metaspace] GC(83) Metaspace: 107345K(112020K)->107345K(112020K) NonClass: 93456K(96840K)->93456K(96840K) Class: 13889K(15180K)->13889K(15180K)
[2021-05-01T02:41:31.576+0000][8][gc          ] GC(83) Pause Young (Concurrent Start) (G1 Evacuation Pause) 202M->114M(256M) 1.850ms
[2021-05-01T02:41:31.576+0000][8][gc,cpu      ] GC(83) User=0.01s Sys=0.00s Real=0.00s
[2021-05-01T02:41:31.576+0000][8][safepoint   ] Safepoint "G1CollectForAllocation", Time since last: 7624999636 ns, Reaching safepoint: 91666 ns, At safepoint: 1911373 ns, Total: 2003039 ns
[2021-05-01T02:41:31.576+0000][8][gc          ] GC(84) Concurrent Cycle
[2021-05-01T02:41:31.576+0000][8][gc,marking  ] GC(84) Concurrent Clear Claimed Marks
[2021-05-01T02:41:31.576+0000][8][gc,marking  ] GC(84) Concurrent Clear Claimed Marks 0.058ms
[2021-05-01T02:41:31.576+0000][8][gc,marking  ] GC(84) Concurrent Scan Root Regions
[2021-05-01T02:41:31.577+0000][8][gc,marking  ] GC(84) Concurrent Scan Root Regions 0.929ms
[2021-05-01T02:41:31.577+0000][8][gc,marking  ] GC(84) Concurrent Mark (3966.024s)
[2021-05-01T02:41:31.577+0000][8][gc,marking  ] GC(84) Concurrent Mark From Roots
[2021-05-01T02:41:31.577+0000][8][gc,task     ] GC(84) Using 2 workers of 2 for marking
[2021-05-01T02:41:31.657+0000][8][gc,marking  ] GC(84) Concurrent Mark From Roots 80.842ms
[2021-05-01T02:41:31.657+0000][8][gc,marking  ] GC(84) Concurrent Preclean
[2021-05-01T02:41:31.658+0000][8][gc,marking  ] GC(84) Concurrent Preclean 0.292ms
[2021-05-01T02:41:31.658+0000][8][gc,marking  ] GC(84) Concurrent Mark (3966.024s, 3966.105s) 81.204ms
[2021-05-01T02:41:31.658+0000][8][gc,start    ] GC(84) Pause Remark
[2021-05-01T02:41:31.664+0000][8][gc          ] GC(84) Pause Remark 116M->116M(256M) 5.765ms
[2021-05-01T02:41:31.664+0000][8][gc,cpu      ] GC(84) User=0.04s Sys=0.00s Real=0.01s
[2021-05-01T02:41:31.664+0000][8][safepoint   ] Safepoint "G1Concurrent", Time since last: 82251776 ns, Reaching safepoint: 82133 ns, At safepoint: 5836958 ns, Total: 5919091 ns
[2021-05-01T02:41:31.664+0000][8][gc,marking  ] GC(84) Concurrent Rebuild Remembered Sets
[2021-05-01T02:41:31.718+0000][8][gc,marking  ] GC(84) Concurrent Rebuild Remembered Sets 54.030ms
[2021-05-01T02:41:31.718+0000][8][gc,start    ] GC(84) Pause Cleanup
[2021-05-01T02:41:31.718+0000][8][gc          ] GC(84) Pause Cleanup 116M->116M(256M) 0.068ms
[2021-05-01T02:41:31.718+0000][8][gc,cpu      ] GC(84) User=0.00s Sys=0.00s Real=0.00s
[2021-05-01T02:41:31.718+0000][8][safepoint   ] Safepoint "G1Concurrent", Time since last: 54178663 ns, Reaching safepoint: 163106 ns, At safepoint: 110848 ns, Total: 273954 ns
[2021-05-01T02:41:31.718+0000][8][gc,marking  ] GC(84) Concurrent Cleanup for Next Mark
[2021-05-01T02:41:31.718+0000][8][gc,marking  ] GC(84) Concurrent Cleanup for Next Mark 0.199ms
[2021-05-01T02:41:31.718+0000][8][gc          ] GC(84) Concurrent Cycle 142.900ms
[2021-05-01T02:41:43.720+0000][8][safepoint   ] Safepoint "Cleanup", Time since last: 12001487831 ns, Reaching safepoint: 126457 ns, At safepoint: 6605 ns, Total: 133062 ns
[2021-05-01T02:41:50.721+0000][8][safepoint   ] Safepoint "Cleanup", Time since last: 7001105241 ns, Reaching safepoint: 89165 ns, At safepoint: 5701 ns, Total: 94866 ns
[2021-05-01T02:41:52.721+0000][8][safepoint   ] Safepoint "Cleanup", Time since last: 2000158248 ns, Reaching safepoint: 108167 ns, At safepoint: 5543 ns, Total: 113710 ns
[2021-05-01T02:41:53.722+0000][8][safepoint   ] Safepoint "Cleanup", Time since last: 1000147486 ns, Reaching safepoint: 100403 ns, At safepoint: 5931 ns, Total: 106334 ns
[2021-05-01T02:42:17.725+0000][8][safepoint   ] Safepoint "Cleanup", Time since last: 24003524559 ns, Reaching safepoint: 131701 ns, At safepoint: 4547 ns, Total: 136248 ns
[2021-05-01T02:42:23.727+0000][8][safepoint   ] Safepoint "Cleanup", Time since last: 6001225204 ns, Reaching safepoint: 115770 ns, At safepoint: 5711 ns, Total: 121481 ns
[2021-05-01T02:42:31.728+0000][8][safepoint   ] Safepoint "Cleanup", Time since last: 8001201501 ns, Reaching safepoint: 110229 ns, At safepoint: 7128 ns, Total: 117357 ns
[2021-05-01T02:42:36.688+0000][8][safepoint   ] Safepoint "Cleanup", Time since last: 4959875025 ns, Reaching safepoint: 82452 ns, At safepoint: 4966 ns, Total: 87418 ns
[2021-05-01T02:42:41.689+0000][8][safepoint   ] Safepoint "Cleanup", Time since last: 5000634844 ns, Reaching safepoint: 120506 ns, At safepoint: 4883 ns, Total: 125389 ns
[2021-05-01T02:42:49.690+0000][8][safepoint   ] Safepoint "Cleanup", Time since last: 8000874575 ns, Reaching safepoint: 122333 ns, At safepoint: 5618 ns, Total: 127951 ns
[2021-05-01T02:42:50.690+0000][8][safepoint   ] Safepoint "Cleanup", Time since last: 1000092152 ns, Reaching safepoint: 96196 ns, At safepoint: 6393 ns, Total: 102589 ns
[2021-05-01T02:42:53.690+0000][8][safepoint   ] Safepoint "Cleanup", Time since last: 3000404718 ns, Reaching safepoint: 134920 ns, At safepoint: 6144 ns, Total: 141064 ns
[2021-05-01T02:43:23.695+0000][8][safepoint   ] Safepoint "Cleanup", Time since last: 30004550044 ns, Reaching safepoint: 90317 ns, At safepoint: 6569 ns, Total: 96886 ns
[2021-05-01T02:43:49.698+0000][8][safepoint   ] Safepoint "Cleanup", Time since last: 26003220336 ns, Reaching safepoint: 145184 ns, At safepoint: 5334 ns, Total: 150518 ns
[2021-05-01T02:43:52.634+0000][8][gc,start    ] GC(85) Pause Young (Normal) (G1 Evacuation Pause)
[2021-05-01T02:43:52.634+0000][8][gc,task     ] GC(85) Using 6 workers of 8 for evacuation
[2021-05-01T02:43:52.634+0000][8][gc,age      ] GC(85) Desired survivor size 6291456 bytes, new threshold 15 (max threshold 15)
[2021-05-01T02:43:52.636+0000][8][gc,age      ] GC(85) Age table with threshold 15 (max threshold 15)
[2021-05-01T02:43:52.636+0000][8][gc,age      ] GC(85) - age   1:     312368 bytes,     312368 total
[2021-05-01T02:43:52.636+0000][8][gc,age      ] GC(85) - age   2:       3288 bytes,     315656 total
[2021-05-01T02:43:52.636+0000][8][gc,age      ] GC(85) - age   3:     185592 bytes,     501248 total
[2021-05-01T02:43:52.636+0000][8][gc,age      ] GC(85) - age   4:       8920 bytes,     510168 total
[2021-05-01T02:43:52.636+0000][8][gc,age      ] GC(85) - age   5:       6688 bytes,     516856 total
[2021-05-01T02:43:52.636+0000][8][gc,age      ] GC(85) - age   6:       2296 bytes,     519152 total
[2021-05-01T02:43:52.636+0000][8][gc,age      ] GC(85) - age   7:       2272 bytes,     521424 total
[2021-05-01T02:43:52.636+0000][8][gc,age      ] GC(85) - age   8:       5120 bytes,     526544 total
[2021-05-01T02:43:52.636+0000][8][gc,age      ] GC(85) - age   9:       8840 bytes,     535384 total
[2021-05-01T02:43:52.636+0000][8][gc,age      ] GC(85) - age  10:       1312 bytes,     536696 total
[2021-05-01T02:43:52.636+0000][8][gc,age      ] GC(85) - age  11:       4312 bytes,     541008 total
[2021-05-01T02:43:52.636+0000][8][gc,age      ] GC(85) - age  12:       2480 bytes,     543488 total
[2021-05-01T02:43:52.636+0000][8][gc,age      ] GC(85) - age  13:       3568 bytes,     547056 total
[2021-05-01T02:43:52.636+0000][8][gc,age      ] GC(85) - age  14:       1408 bytes,     548464 total
[2021-05-01T02:43:52.636+0000][8][gc,age      ] GC(85) - age  15:       1392 bytes,     549856 total
[2021-05-01T02:43:52.636+0000][8][gc,phases   ] GC(85)   Pre Evacuate Collection Set: 0.0ms
[2021-05-01T02:43:52.636+0000][8][gc,phases   ] GC(85)   Merge Heap Roots: 0.0ms
[2021-05-01T02:43:52.636+0000][8][gc,phases   ] GC(85)   Evacuate Collection Set: 1.1ms
[2021-05-01T02:43:52.636+0000][8][gc,phases   ] GC(85)   Post Evacuate Collection Set: 0.4ms
[2021-05-01T02:43:52.636+0000][8][gc,phases   ] GC(85)   Other: 0.2ms
[2021-05-01T02:43:52.636+0000][8][gc,heap     ] GC(85) Eden regions: 22->0(22)
[2021-05-01T02:43:52.636+0000][8][gc,heap     ] GC(85) Survivor regions: 1->1(3)
[2021-05-01T02:43:52.636+0000][8][gc,heap     ] GC(85) Old regions: 26->26
[2021-05-01T02:43:52.636+0000][8][gc,heap     ] GC(85) Archive regions: 2->2
[2021-05-01T02:43:52.636+0000][8][gc,heap     ] GC(85) Humongous regions: 2->2
[2021-05-01T02:43:52.636+0000][8][gc,metaspace] GC(85) Metaspace: 107387K(112020K)->107387K(112020K) NonClass: 93498K(96840K)->93498K(96840K) Class: 13889K(15180K)->13889K(15180K)
[2021-05-01T02:43:52.636+0000][8][gc          ] GC(85) Pause Young (Normal) (G1 Evacuation Pause) 202M->114M(256M) 1.880ms
[2021-05-01T02:43:52.636+0000][8][gc,cpu      ] GC(85) User=0.00s Sys=0.00s Real=0.00s
[2021-05-01T02:43:52.636+0000][8][safepoint   ] Safepoint "G1CollectForAllocation", Time since last: 2935342760 ns, Reaching safepoint: 176931 ns, At safepoint: 1936924 ns, Total: 2113855 ns
[2021-05-01T02:43:53.636+0000][8][safepoint   ] Safepoint "Cleanup", Time since last: 1000238902 ns, Reaching safepoint: 147180 ns, At safepoint: 10133 ns, Total: 157313 ns
[2021-05-01T02:44:11.639+0000][8][safepoint   ] Safepoint "Cleanup", Time since last: 18002212677 ns, Reaching safepoint: 134115 ns, At safepoint: 12292 ns, Total: 146407 ns
[2021-05-01T02:44:13.639+0000][8][safepoint   ] Safepoint "Cleanup", Time since last: 2000241074 ns, Reaching safepoint: 89986 ns, At safepoint: 5780 ns, Total: 95766 ns
[2021-05-01T02:44:17.640+0000][8][safepoint   ] Safepoint "Cleanup", Time since last: 4000512600 ns, Reaching safepoint: 106965 ns, At safepoint: 6111 ns, Total: 113076 ns
[2021-05-01T02:44:19.640+0000][8][safepoint   ] Safepoint "Cleanup", Time since last: 2000477504 ns, Reaching safepoint: 145536 ns, At safepoint: 5554 ns, Total: 151090 ns
[2021-05-01T02:44:20.640+0000][8][safepoint   ] Safepoint "Cleanup", Time since last: 1000090069 ns, Reaching safepoint: 90436 ns, At safepoint: 5257 ns, Total: 95693 ns
[2021-05-01T02:44:21.641+0000][8][safepoint   ] Safepoint "Cleanup", Time since last: 1000278546 ns, Reaching safepoint: 156869 ns, At safepoint: 5517 ns, Total: 162386 ns
[2021-05-01T02:44:38.644+0000][8][safepoint   ] Safepoint "Cleanup", Time since last: 17002748216 ns, Reaching safepoint: 173170 ns, At safepoint: 5265 ns, Total: 178435 ns
[2021-05-01T02:44:49.645+0000][8][safepoint   ] Safepoint "Cleanup", Time since last: 11001543166 ns, Reaching safepoint: 110769 ns, At safepoint: 4591 ns, Total: 115360 ns
[2021-05-01T02:45:18.650+0000][8][safepoint   ] Safepoint "Cleanup", Time since last: 29004583253 ns, Reaching safepoint: 81531 ns, At safepoint: 4627 ns, Total: 86158 ns
[2021-05-01T02:45:19.650+0000][8][safepoint   ] Safepoint "Cleanup", Time since last: 1000284755 ns, Reaching safepoint: 140735 ns, At safepoint: 7844 ns, Total: 148579 ns
[2021-05-01T02:45:25.652+0000][8][safepoint   ] Safepoint "Cleanup", Time since last: 6001108787 ns, Reaching safepoint: 193525 ns, At safepoint: 5022 ns, Total: 198547 ns
[2021-05-01T02:45:51.655+0000][8][safepoint   ] Safepoint "Cleanup", Time since last: 26003432730 ns, Reaching safepoint: 94231 ns, At safepoint: 6453 ns, Total: 100684 ns
[2021-05-01T02:46:00.873+0000][8][gc,start    ] GC(86) Pause Young (Concurrent Start) (G1 Evacuation Pause)
[2021-05-01T02:46:00.873+0000][8][gc,task     ] GC(86) Using 6 workers of 8 for evacuation
[2021-05-01T02:46:00.873+0000][8][gc,age      ] GC(86) Desired survivor size 6291456 bytes, new threshold 15 (max threshold 15)
[2021-05-01T02:46:00.875+0000][8][gc,age      ] GC(86) Age table with threshold 15 (max threshold 15)
[2021-05-01T02:46:00.875+0000][8][gc,age      ] GC(86) - age   1:     521624 bytes,     521624 total
[2021-05-01T02:46:00.875+0000][8][gc,age      ] GC(86) - age   2:       2448 bytes,     524072 total
[2021-05-01T02:46:00.875+0000][8][gc,age      ] GC(86) - age   3:       3232 bytes,     527304 total
[2021-05-01T02:46:00.875+0000][8][gc,age      ] GC(86) - age   4:     185120 bytes,     712424 total
[2021-05-01T02:46:00.875+0000][8][gc,age      ] GC(86) - age   5:       7168 bytes,     719592 total
[2021-05-01T02:46:00.875+0000][8][gc,age      ] GC(86) - age   6:       5920 bytes,     725512 total
[2021-05-01T02:46:00.875+0000][8][gc,age      ] GC(86) - age   7:       2296 bytes,     727808 total
[2021-05-01T02:46:00.875+0000][8][gc,age      ] GC(86) - age   8:       2272 bytes,     730080 total
[2021-05-01T02:46:00.875+0000][8][gc,age      ] GC(86) - age   9:       5120 bytes,     735200 total
[2021-05-01T02:46:00.875+0000][8][gc,age      ] GC(86) - age  10:       8840 bytes,     744040 total
[2021-05-01T02:46:00.875+0000][8][gc,age      ] GC(86) - age  11:       1312 bytes,     745352 total
[2021-05-01T02:46:00.875+0000][8][gc,age      ] GC(86) - age  12:       4312 bytes,     749664 total
[2021-05-01T02:46:00.875+0000][8][gc,age      ] GC(86) - age  13:       2480 bytes,     752144 total
[2021-05-01T02:46:00.875+0000][8][gc,age      ] GC(86) - age  14:       3568 bytes,     755712 total
[2021-05-01T02:46:00.875+0000][8][gc,age      ] GC(86) - age  15:       1408 bytes,     757120 total
[2021-05-01T02:46:00.875+0000][8][gc,phases   ] GC(86)   Pre Evacuate Collection Set: 0.1ms
[2021-05-01T02:46:00.875+0000][8][gc,phases   ] GC(86)   Merge Heap Roots: 0.0ms
[2021-05-01T02:46:00.875+0000][8][gc,phases   ] GC(86)   Evacuate Collection Set: 1.1ms
[2021-05-01T02:46:00.875+0000][8][gc,phases   ] GC(86)   Post Evacuate Collection Set: 0.4ms
[2021-05-01T02:46:00.875+0000][8][gc,phases   ] GC(86)   Other: 0.2ms
[2021-05-01T02:46:00.875+0000][8][gc,heap     ] GC(86) Eden regions: 22->0(22)
[2021-05-01T02:46:00.875+0000][8][gc,heap     ] GC(86) Survivor regions: 1->1(3)
[2021-05-01T02:46:00.875+0000][8][gc,heap     ] GC(86) Old regions: 26->26
[2021-05-01T02:46:00.875+0000][8][gc,heap     ] GC(86) Archive regions: 2->2
[2021-05-01T02:46:00.875+0000][8][gc,heap     ] GC(86) Humongous regions: 2->2
[2021-05-01T02:46:00.875+0000][8][gc,metaspace] GC(86) Metaspace: 107395K(112020K)->107395K(112020K) NonClass: 93506K(96840K)->93506K(96840K) Class: 13889K(15180K)->13889K(15180K)
[2021-05-01T02:46:00.875+0000][8][gc          ] GC(86) Pause Young (Concurrent Start) (G1 Evacuation Pause) 202M->114M(256M) 1.913ms
[2021-05-01T02:46:00.875+0000][8][gc,cpu      ] GC(86) User=0.00s Sys=0.00s Real=0.00s
[2021-05-01T02:46:00.875+0000][8][gc          ] GC(87) Concurrent Cycle
[2021-05-01T02:46:00.875+0000][8][safepoint   ] Safepoint "G1CollectForAllocation", Time since last: 9217717564 ns, Reaching safepoint: 104110 ns, At safepoint: 1981863 ns, Total: 2085973 ns
[2021-05-01T02:46:00.875+0000][8][gc,marking  ] GC(87) Concurrent Clear Claimed Marks
[2021-05-01T02:46:00.875+0000][8][gc,marking  ] GC(87) Concurrent Clear Claimed Marks 0.061ms
[2021-05-01T02:46:00.875+0000][8][gc,marking  ] GC(87) Concurrent Scan Root Regions
[2021-05-01T02:46:00.877+0000][8][gc,marking  ] GC(87) Concurrent Scan Root Regions 1.314ms
[2021-05-01T02:46:00.877+0000][8][gc,marking  ] GC(87) Concurrent Mark (4235.324s)
[2021-05-01T02:46:00.877+0000][8][gc,marking  ] GC(87) Concurrent Mark From Roots
[2021-05-01T02:46:00.877+0000][8][gc,task     ] GC(87) Using 2 workers of 2 for marking
[2021-05-01T02:46:00.957+0000][8][gc,marking  ] GC(87) Concurrent Mark From Roots 80.650ms
[2021-05-01T02:46:00.957+0000][8][gc,marking  ] GC(87) Concurrent Preclean
[2021-05-01T02:46:00.957+0000][8][gc,marking  ] GC(87) Concurrent Preclean 0.218ms
[2021-05-01T02:46:00.957+0000][8][gc,marking  ] GC(87) Concurrent Mark (4235.324s, 4235.405s) 80.912ms
[2021-05-01T02:46:00.958+0000][8][gc,start    ] GC(87) Pause Remark
[2021-05-01T02:46:00.962+0000][8][gc          ] GC(87) Pause Remark 114M->114M(256M) 4.842ms
[2021-05-01T02:46:00.962+0000][8][gc,cpu      ] GC(87) User=0.03s Sys=0.00s Real=0.01s
[2021-05-01T02:46:00.962+0000][8][safepoint   ] Safepoint "G1Concurrent", Time since last: 82344937 ns, Reaching safepoint: 68105 ns, At safepoint: 4912445 ns, Total: 4980550 ns
[2021-05-01T02:46:00.962+0000][8][gc,marking  ] GC(87) Concurrent Rebuild Remembered Sets
[2021-05-01T02:46:01.017+0000][8][gc,marking  ] GC(87) Concurrent Rebuild Remembered Sets 54.888ms
[2021-05-01T02:46:01.018+0000][8][gc,start    ] GC(87) Pause Cleanup
[2021-05-01T02:46:01.018+0000][8][gc          ] GC(87) Pause Cleanup 114M->114M(256M) 0.073ms
[2021-05-01T02:46:01.018+0000][8][gc,cpu      ] GC(87) User=0.00s Sys=0.00s Real=0.00s
[2021-05-01T02:46:01.018+0000][8][safepoint   ] Safepoint "G1Concurrent", Time since last: 54947163 ns, Reaching safepoint: 97696 ns, At safepoint: 120430 ns, Total: 218126 ns
[2021-05-01T02:46:01.018+0000][8][gc,marking  ] GC(87) Concurrent Cleanup for Next Mark
[2021-05-01T02:46:01.018+0000][8][gc,marking  ] GC(87) Concurrent Cleanup for Next Mark 0.189ms
[2021-05-01T02:46:01.018+0000][8][gc          ] GC(87) Concurrent Cycle 142.754ms
[2021-05-01T02:46:14.020+0000][8][safepoint   ] Safepoint "Cleanup", Time since last: 13001827237 ns, Reaching safepoint: 97382 ns, At safepoint: 6372 ns, Total: 103754 ns
[2021-05-01T02:46:16.020+0000][8][safepoint   ] Safepoint "Cleanup", Time since last: 2000242713 ns, Reaching safepoint: 96917 ns, At safepoint: 6749 ns, Total: 103666 ns
[2021-05-01T02:46:23.021+0000][8][safepoint   ] Safepoint "Cleanup", Time since last: 7001349215 ns, Reaching safepoint: 137725 ns, At safepoint: 7141 ns, Total: 144866 ns
[2021-05-01T02:46:31.023+0000][8][safepoint   ] Safepoint "Cleanup", Time since last: 8001322026 ns, Reaching safepoint: 149085 ns, At safepoint: 6313 ns, Total: 155398 ns
[2021-05-01T02:46:47.025+0000][8][safepoint   ] Safepoint "Cleanup", Time since last: 16002026529 ns, Reaching safepoint: 92820 ns, At safepoint: 8091 ns, Total: 100911 ns
[2021-05-01T02:47:13.028+0000][8][safepoint   ] Safepoint "Cleanup", Time since last: 26003376757 ns, Reaching safepoint: 120538 ns, At safepoint: 5548 ns, Total: 126086 ns
[2021-05-01T02:47:47.034+0000][8][safepoint   ] Safepoint "Cleanup", Time since last: 34004949886 ns, Reaching safepoint: 149765 ns, At safepoint: 6867 ns, Total: 156632 ns
[2021-05-01T02:47:48.034+0000][8][safepoint   ] Safepoint "Cleanup", Time since last: 1000331741 ns, Reaching safepoint: 87921 ns, At safepoint: 5841 ns, Total: 93762 ns
[2021-05-01T02:47:50.035+0000][8][safepoint   ] Safepoint "Cleanup", Time since last: 2000545906 ns, Reaching safepoint: 119767 ns, At safepoint: 5271 ns, Total: 125038 ns
[2021-05-01T02:47:53.035+0000][8][safepoint   ] Safepoint "Cleanup", Time since last: 3000394098 ns, Reaching safepoint: 180920 ns, At safepoint: 6470 ns, Total: 187390 ns
[2021-05-01T02:48:10.038+0000][8][safepoint   ] Safepoint "Cleanup", Time since last: 17002634574 ns, Reaching safepoint: 160149 ns, At safepoint: 3775 ns, Total: 163924 ns
[2021-05-01T02:48:17.039+0000][8][safepoint   ] Safepoint "Cleanup", Time since last: 7001217921 ns, Reaching safepoint: 168425 ns, At safepoint: 7242 ns, Total: 175667 ns
[2021-05-01T02:48:22.989+0000][8][gc,start    ] GC(88) Pause Young (Normal) (G1 Evacuation Pause)
[2021-05-01T02:48:22.989+0000][8][gc,task     ] GC(88) Using 6 workers of 8 for evacuation
[2021-05-01T02:48:22.989+0000][8][gc,age      ] GC(88) Desired survivor size 6291456 bytes, new threshold 15 (max threshold 15)
[2021-05-01T02:48:22.991+0000][8][gc,age      ] GC(88) Age table with threshold 15 (max threshold 15)
[2021-05-01T02:48:22.991+0000][8][gc,age      ] GC(88) - age   1:     390048 bytes,     390048 total
[2021-05-01T02:48:22.991+0000][8][gc,age      ] GC(88) - age   2:       7608 bytes,     397656 total
[2021-05-01T02:48:22.991+0000][8][gc,age      ] GC(88) - age   3:       1952 bytes,     399608 total
[2021-05-01T02:48:22.991+0000][8][gc,age      ] GC(88) - age   4:       3232 bytes,     402840 total
[2021-05-01T02:48:22.991+0000][8][gc,age      ] GC(88) - age   5:     185120 bytes,     587960 total
[2021-05-01T02:48:22.991+0000][8][gc,age      ] GC(88) - age   6:       7168 bytes,     595128 total
[2021-05-01T02:48:22.991+0000][8][gc,age      ] GC(88) - age   7:       5920 bytes,     601048 total
[2021-05-01T02:48:22.991+0000][8][gc,age      ] GC(88) - age   8:       2272 bytes,     603320 total
[2021-05-01T02:48:22.991+0000][8][gc,age      ] GC(88) - age   9:       2272 bytes,     605592 total
[2021-05-01T02:48:22.991+0000][8][gc,age      ] GC(88) - age  10:       5120 bytes,     610712 total
[2021-05-01T02:48:22.991+0000][8][gc,age      ] GC(88) - age  11:       8840 bytes,     619552 total
[2021-05-01T02:48:22.991+0000][8][gc,age      ] GC(88) - age  12:       1312 bytes,     620864 total
[2021-05-01T02:48:22.991+0000][8][gc,age      ] GC(88) - age  13:       4312 bytes,     625176 total
[2021-05-01T02:48:22.991+0000][8][gc,age      ] GC(88) - age  14:       2480 bytes,     627656 total
[2021-05-01T02:48:22.991+0000][8][gc,age      ] GC(88) - age  15:       3568 bytes,     631224 total
[2021-05-01T02:48:22.991+0000][8][gc,phases   ] GC(88)   Pre Evacuate Collection Set: 0.0ms
[2021-05-01T02:48:22.991+0000][8][gc,phases   ] GC(88)   Merge Heap Roots: 0.0ms
[2021-05-01T02:48:22.991+0000][8][gc,phases   ] GC(88)   Evacuate Collection Set: 1.3ms
[2021-05-01T02:48:22.991+0000][8][gc,phases   ] GC(88)   Post Evacuate Collection Set: 0.4ms
[2021-05-01T02:48:22.991+0000][8][gc,phases   ] GC(88)   Other: 0.2ms
[2021-05-01T02:48:22.991+0000][8][gc,heap     ] GC(88) Eden regions: 22->0(22)
[2021-05-01T02:48:22.991+0000][8][gc,heap     ] GC(88) Survivor regions: 1->1(3)
[2021-05-01T02:48:22.991+0000][8][gc,heap     ] GC(88) Old regions: 26->26
[2021-05-01T02:48:22.991+0000][8][gc,heap     ] GC(88) Archive regions: 2->2
[2021-05-01T02:48:22.991+0000][8][gc,heap     ] GC(88) Humongous regions: 2->2
[2021-05-01T02:48:22.991+0000][8][gc,metaspace] GC(88) Metaspace: 107397K(112020K)->107397K(112020K) NonClass: 93508K(96840K)->93508K(96840K) Class: 13889K(15180K)->13889K(15180K)
[2021-05-01T02:48:22.991+0000][8][gc          ] GC(88) Pause Young (Normal) (G1 Evacuation Pause) 202M->114M(256M) 2.082ms
[2021-05-01T02:48:22.991+0000][8][gc,cpu      ] GC(88) User=0.01s Sys=0.00s Real=0.00s
[2021-05-01T02:48:22.991+0000][8][safepoint   ] Safepoint "G1CollectForAllocation", Time since last: 5949481362 ns, Reaching safepoint: 159849 ns, At safepoint: 2152802 ns, Total: 2312651 ns
[2021-05-01T02:48:23.992+0000][8][safepoint   ] Safepoint "Cleanup", Time since last: 1000557255 ns, Reaching safepoint: 121084 ns, At safepoint: 6029 ns, Total: 127113 ns
[2021-05-01T02:48:37.995+0000][8][safepoint   ] Safepoint "Cleanup", Time since last: 14003090985 ns, Reaching safepoint: 159013 ns, At safepoint: 8958 ns, Total: 167971 ns
[2021-05-01T02:48:40.996+0000][8][safepoint   ] Safepoint "Cleanup", Time since last: 3000273027 ns, Reaching safepoint: 101920 ns, At safepoint: 4516 ns, Total: 106436 ns
[2021-05-01T02:48:41.996+0000][8][safepoint   ] Safepoint "Cleanup", Time since last: 1000288188 ns, Reaching safepoint: 117703 ns, At safepoint: 6098 ns, Total: 123801 ns
[2021-05-01T02:48:47.997+0000][8][safepoint   ] Safepoint "Cleanup", Time since last: 6001104322 ns, Reaching safepoint: 100390 ns, At safepoint: 4128 ns, Total: 104518 ns
[2021-05-01T02:49:06.000+0000][8][safepoint   ] Safepoint "Cleanup", Time since last: 18002861721 ns, Reaching safepoint: 127962 ns, At safepoint: 7777 ns, Total: 135739 ns
[2021-05-01T02:49:18.001+0000][8][safepoint   ] Safepoint "Cleanup", Time since last: 12001033181 ns, Reaching safepoint: 108221 ns, At safepoint: 4438 ns, Total: 112659 ns
[2021-05-01T02:49:48.006+0000][8][safepoint   ] Safepoint "Cleanup", Time since last: 30004193709 ns, Reaching safepoint: 101205 ns, At safepoint: 5361 ns, Total: 106566 ns
[2021-05-01T02:50:09.009+0000][8][safepoint   ] Safepoint "Cleanup", Time since last: 21002983863 ns, Reaching safepoint: 143386 ns, At safepoint: 3610 ns, Total: 146996 ns
[2021-05-01T02:50:11.781+0000][8][gc,start    ] GC(89) Pause Young (Concurrent Start) (G1 Evacuation Pause)
[2021-05-01T02:50:11.781+0000][8][gc,task     ] GC(89) Using 6 workers of 8 for evacuation
[2021-05-01T02:50:11.781+0000][8][gc,age      ] GC(89) Desired survivor size 6291456 bytes, new threshold 15 (max threshold 15)
[2021-05-01T02:50:11.783+0000][8][gc,age      ] GC(89) Age table with threshold 15 (max threshold 15)
[2021-05-01T02:50:11.783+0000][8][gc,age      ] GC(89) - age   1:     819888 bytes,     819888 total
[2021-05-01T02:50:11.783+0000][8][gc,age      ] GC(89) - age   2:        512 bytes,     820400 total
[2021-05-01T02:50:11.783+0000][8][gc,age      ] GC(89) - age   3:       7216 bytes,     827616 total
[2021-05-01T02:50:11.783+0000][8][gc,age      ] GC(89) - age   4:       1856 bytes,     829472 total
[2021-05-01T02:50:11.783+0000][8][gc,age      ] GC(89) - age   5:       3032 bytes,     832504 total
[2021-05-01T02:50:11.783+0000][8][gc,age      ] GC(89) - age   6:      36976 bytes,     869480 total
[2021-05-01T02:50:11.783+0000][8][gc,age      ] GC(89) - age   7:       4328 bytes,     873808 total
[2021-05-01T02:50:11.783+0000][8][gc,age      ] GC(89) - age   8:       2792 bytes,     876600 total
[2021-05-01T02:50:11.783+0000][8][gc,age      ] GC(89) - age   9:       2032 bytes,     878632 total
[2021-05-01T02:50:11.783+0000][8][gc,age      ] GC(89) - age  10:       2272 bytes,     880904 total
[2021-05-01T02:50:11.783+0000][8][gc,age      ] GC(89) - age  11:       5120 bytes,     886024 total
[2021-05-01T02:50:11.783+0000][8][gc,age      ] GC(89) - age  12:       8840 bytes,     894864 total
[2021-05-01T02:50:11.783+0000][8][gc,age      ] GC(89) - age  13:       1312 bytes,     896176 total
[2021-05-01T02:50:11.783+0000][8][gc,age      ] GC(89) - age  14:       4312 bytes,     900488 total
[2021-05-01T02:50:11.783+0000][8][gc,age      ] GC(89) - age  15:       2480 bytes,     902968 total
[2021-05-01T02:50:11.783+0000][8][gc,phases   ] GC(89)   Pre Evacuate Collection Set: 0.1ms
[2021-05-01T02:50:11.783+0000][8][gc,phases   ] GC(89)   Merge Heap Roots: 0.0ms
[2021-05-01T02:50:11.783+0000][8][gc,phases   ] GC(89)   Evacuate Collection Set: 1.1ms
[2021-05-01T02:50:11.783+0000][8][gc,phases   ] GC(89)   Post Evacuate Collection Set: 0.6ms
[2021-05-01T02:50:11.783+0000][8][gc,phases   ] GC(89)   Other: 0.2ms
[2021-05-01T02:50:11.783+0000][8][gc,heap     ] GC(89) Eden regions: 22->0(22)
[2021-05-01T02:50:11.783+0000][8][gc,heap     ] GC(89) Survivor regions: 1->1(3)
[2021-05-01T02:50:11.783+0000][8][gc,heap     ] GC(89) Old regions: 26->26
[2021-05-01T02:50:11.783+0000][8][gc,heap     ] GC(89) Archive regions: 2->2
[2021-05-01T02:50:11.783+0000][8][gc,heap     ] GC(89) Humongous regions: 2->2
[2021-05-01T02:50:11.783+0000][8][gc,metaspace] GC(89) Metaspace: 107474K(112020K)->107474K(112020K) NonClass: 93584K(96840K)->93584K(96840K) Class: 13889K(15180K)->13889K(15180K)
[2021-05-01T02:50:11.783+0000][8][gc          ] GC(89) Pause Young (Concurrent Start) (G1 Evacuation Pause) 202M->114M(256M) 2.173ms
[2021-05-01T02:50:11.783+0000][8][gc,cpu      ] GC(89) User=0.01s Sys=0.00s Real=0.00s
[2021-05-01T02:50:11.783+0000][8][gc          ] GC(90) Concurrent Cycle
[2021-05-01T02:50:11.783+0000][8][safepoint   ] Safepoint "G1CollectForAllocation", Time since last: 2772338426 ns, Reaching safepoint: 105654 ns, At safepoint: 2240154 ns, Total: 2345808 ns
[2021-05-01T02:50:11.783+0000][8][gc,marking  ] GC(90) Concurrent Clear Claimed Marks
[2021-05-01T02:50:11.784+0000][8][gc,marking  ] GC(90) Concurrent Clear Claimed Marks 0.057ms
[2021-05-01T02:50:11.784+0000][8][gc,marking  ] GC(90) Concurrent Scan Root Regions
[2021-05-01T02:50:11.785+0000][8][gc,marking  ] GC(90) Concurrent Scan Root Regions 1.802ms
[2021-05-01T02:50:11.785+0000][8][gc,marking  ] GC(90) Concurrent Mark (4486.233s)
[2021-05-01T02:50:11.785+0000][8][gc,marking  ] GC(90) Concurrent Mark From Roots
[2021-05-01T02:50:11.785+0000][8][gc,task     ] GC(90) Using 2 workers of 2 for marking
[2021-05-01T02:50:11.864+0000][8][gc,marking  ] GC(90) Concurrent Mark From Roots 78.927ms
[2021-05-01T02:50:11.864+0000][8][gc,marking  ] GC(90) Concurrent Preclean
[2021-05-01T02:50:11.865+0000][8][gc,marking  ] GC(90) Concurrent Preclean 0.233ms
[2021-05-01T02:50:11.865+0000][8][gc,marking  ] GC(90) Concurrent Mark (4486.233s, 4486.312s) 79.207ms
[2021-05-01T02:50:11.865+0000][8][gc,start    ] GC(90) Pause Remark
[2021-05-01T02:50:11.870+0000][8][gc          ] GC(90) Pause Remark 115M->115M(256M) 5.041ms
[2021-05-01T02:50:11.870+0000][8][gc,cpu      ] GC(90) User=0.03s Sys=0.00s Real=0.01s
[2021-05-01T02:50:11.870+0000][8][safepoint   ] Safepoint "G1Concurrent", Time since last: 81134656 ns, Reaching safepoint: 80195 ns, At safepoint: 5110790 ns, Total: 5190985 ns
[2021-05-01T02:50:11.870+0000][8][gc,marking  ] GC(90) Concurrent Rebuild Remembered Sets
[2021-05-01T02:50:11.923+0000][8][gc,marking  ] GC(90) Concurrent Rebuild Remembered Sets 53.358ms
[2021-05-01T02:50:11.923+0000][8][gc,start    ] GC(90) Pause Cleanup
[2021-05-01T02:50:11.923+0000][8][gc          ] GC(90) Pause Cleanup 115M->115M(256M) 0.068ms
[2021-05-01T02:50:11.923+0000][8][gc,cpu      ] GC(90) User=0.00s Sys=0.00s Real=0.00s
[2021-05-01T02:50:11.923+0000][8][safepoint   ] Safepoint "G1Concurrent", Time since last: 53440065 ns, Reaching safepoint: 77332 ns, At safepoint: 106673 ns, Total: 184005 ns
[2021-05-01T02:50:11.923+0000][8][gc,marking  ] GC(90) Concurrent Cleanup for Next Mark
[2021-05-01T02:50:11.924+0000][8][gc,marking  ] GC(90) Concurrent Cleanup for Next Mark 0.199ms
[2021-05-01T02:50:11.924+0000][8][gc          ] GC(90) Concurrent Cycle 140.188ms
[2021-05-01T02:50:49.928+0000][8][safepoint   ] Safepoint "Cleanup", Time since last: 38004800783 ns, Reaching safepoint: 178548 ns, At safepoint: 4347 ns, Total: 182895 ns
[2021-05-01T02:50:50.929+0000][8][safepoint   ] Safepoint "Cleanup", Time since last: 1000216866 ns, Reaching safepoint: 144730 ns, At safepoint: 4470 ns, Total: 149200 ns
[2021-05-01T02:50:53.929+0000][8][safepoint   ] Safepoint "Cleanup", Time since last: 3000403796 ns, Reaching safepoint: 118912 ns, At safepoint: 5424 ns, Total: 124336 ns
[2021-05-01T02:51:28.934+0000][8][safepoint   ] Safepoint "Cleanup", Time since last: 35004616302 ns, Reaching safepoint: 105465 ns, At safepoint: 5239 ns, Total: 110704 ns
[2021-05-01T02:51:49.938+0000][8][safepoint   ] Safepoint "Cleanup", Time since last: 21003669278 ns, Reaching safepoint: 171247 ns, At safepoint: 4322 ns, Total: 175569 ns
[2021-05-01T02:52:21.834+0000][8][gc,start    ] GC(91) Pause Young (Normal) (G1 Evacuation Pause)
[2021-05-01T02:52:21.834+0000][8][gc,task     ] GC(91) Using 6 workers of 8 for evacuation
[2021-05-01T02:52:21.835+0000][8][gc,age      ] GC(91) Desired survivor size 6291456 bytes, new threshold 15 (max threshold 15)
[2021-05-01T02:52:21.836+0000][8][gc,age      ] GC(91) Age table with threshold 15 (max threshold 15)
[2021-05-01T02:52:21.836+0000][8][gc,age      ] GC(91) - age   1:     525200 bytes,     525200 total
[2021-05-01T02:52:21.836+0000][8][gc,age      ] GC(91) - age   2:     311504 bytes,     836704 total
[2021-05-01T02:52:21.836+0000][8][gc,age      ] GC(91) - age   3:        432 bytes,     837136 total
[2021-05-01T02:52:21.836+0000][8][gc,age      ] GC(91) - age   4:       6952 bytes,     844088 total
[2021-05-01T02:52:21.836+0000][8][gc,age      ] GC(91) - age   5:       1856 bytes,     845944 total
[2021-05-01T02:52:21.836+0000][8][gc,age      ] GC(91) - age   6:       3032 bytes,     848976 total
[2021-05-01T02:52:21.836+0000][8][gc,age      ] GC(91) - age   7:      36952 bytes,     885928 total
[2021-05-01T02:52:21.836+0000][8][gc,age      ] GC(91) - age   8:       4328 bytes,     890256 total
[2021-05-01T02:52:21.836+0000][8][gc,age      ] GC(91) - age   9:       2584 bytes,     892840 total
[2021-05-01T02:52:21.836+0000][8][gc,age      ] GC(91) - age  10:       2032 bytes,     894872 total
[2021-05-01T02:52:21.836+0000][8][gc,age      ] GC(91) - age  11:       2272 bytes,     897144 total
[2021-05-01T02:52:21.836+0000][8][gc,age      ] GC(91) - age  12:       5120 bytes,     902264 total
[2021-05-01T02:52:21.836+0000][8][gc,age      ] GC(91) - age  13:       8840 bytes,     911104 total
[2021-05-01T02:52:21.836+0000][8][gc,age      ] GC(91) - age  14:       1312 bytes,     912416 total
[2021-05-01T02:52:21.836+0000][8][gc,age      ] GC(91) - age  15:       4312 bytes,     916728 total
[2021-05-01T02:52:21.836+0000][8][gc,phases   ] GC(91)   Pre Evacuate Collection Set: 0.0ms
[2021-05-01T02:52:21.836+0000][8][gc,phases   ] GC(91)   Merge Heap Roots: 0.0ms
[2021-05-01T02:52:21.836+0000][8][gc,phases   ] GC(91)   Evacuate Collection Set: 1.2ms
[2021-05-01T02:52:21.836+0000][8][gc,phases   ] GC(91)   Post Evacuate Collection Set: 0.4ms
[2021-05-01T02:52:21.836+0000][8][gc,phases   ] GC(91)   Other: 0.2ms
[2021-05-01T02:52:21.836+0000][8][gc,heap     ] GC(91) Eden regions: 22->0(22)
[2021-05-01T02:52:21.836+0000][8][gc,heap     ] GC(91) Survivor regions: 1->1(3)
[2021-05-01T02:52:21.836+0000][8][gc,heap     ] GC(91) Old regions: 26->26
[2021-05-01T02:52:21.836+0000][8][gc,heap     ] GC(91) Archive regions: 2->2
[2021-05-01T02:52:21.836+0000][8][gc,heap     ] GC(91) Humongous regions: 2->2
[2021-05-01T02:52:21.836+0000][8][gc,metaspace] GC(91) Metaspace: 107477K(112020K)->107477K(112020K) NonClass: 93587K(96840K)->93587K(96840K) Class: 13890K(15180K)->13890K(15180K)
[2021-05-01T02:52:21.836+0000][8][gc          ] GC(91) Pause Young (Normal) (G1 Evacuation Pause) 202M->114M(256M) 2.007ms
[2021-05-01T02:52:21.836+0000][8][gc,cpu      ] GC(91) User=0.01s Sys=0.00s Real=0.00s
[2021-05-01T02:52:21.837+0000][8][safepoint   ] Safepoint "G1CollectForAllocation", Time since last: 31896508835 ns, Reaching safepoint: 74566 ns, At safepoint: 2069782 ns, Total: 2144348 ns
[2021-05-01T02:52:50.841+0000][8][safepoint   ] Safepoint "Cleanup", Time since last: 29004169687 ns, Reaching safepoint: 203083 ns, At safepoint: 4037 ns, Total: 207120 ns
[2021-05-01T02:53:17.846+0000][8][safepoint   ] Safepoint "Cleanup", Time since last: 27004765650 ns, Reaching safepoint: 102894 ns, At safepoint: 5547 ns, Total: 108441 ns
[2021-05-01T02:53:20.846+0000][8][safepoint   ] Safepoint "Cleanup", Time since last: 3000513050 ns, Reaching safepoint: 100160 ns, At safepoint: 5696 ns, Total: 105856 ns
[2021-05-01T02:53:23.847+0000][8][safepoint   ] Safepoint "Cleanup", Time since last: 3000297487 ns, Reaching safepoint: 115834 ns, At safepoint: 5533 ns, Total: 121367 ns
[2021-05-01T02:53:49.851+0000][8][safepoint   ] Safepoint "Cleanup", Time since last: 26003761248 ns, Reaching safepoint: 125116 ns, At safepoint: 5830 ns, Total: 130946 ns
[2021-05-01T02:54:22.855+0000][8][safepoint   ] Safepoint "Cleanup", Time since last: 33004132559 ns, Reaching safepoint: 138902 ns, At safepoint: 5583 ns, Total: 144485 ns
[2021-05-01T02:54:25.856+0000][8][safepoint   ] Safepoint "Cleanup", Time since last: 3000382091 ns, Reaching safepoint: 165363 ns, At safepoint: 6386 ns, Total: 171749 ns
[2021-05-01T02:54:41.889+0000][8][gc,start    ] GC(92) Pause Young (Concurrent Start) (G1 Evacuation Pause)
[2021-05-01T02:54:41.889+0000][8][gc,task     ] GC(92) Using 6 workers of 8 for evacuation
[2021-05-01T02:54:41.889+0000][8][gc,age      ] GC(92) Desired survivor size 6291456 bytes, new threshold 15 (max threshold 15)
[2021-05-01T02:54:41.890+0000][8][gc,age      ] GC(92) Age table with threshold 15 (max threshold 15)
[2021-05-01T02:54:41.890+0000][8][gc,age      ] GC(92) - age   1:     507064 bytes,     507064 total
[2021-05-01T02:54:41.890+0000][8][gc,age      ] GC(92) - age   2:       8224 bytes,     515288 total
[2021-05-01T02:54:41.890+0000][8][gc,age      ] GC(92) - age   3:     190040 bytes,     705328 total
[2021-05-01T02:54:41.890+0000][8][gc,age      ] GC(92) - age   4:        232 bytes,     705560 total
[2021-05-01T02:54:41.890+0000][8][gc,age      ] GC(92) - age   5:       6952 bytes,     712512 total
[2021-05-01T02:54:41.890+0000][8][gc,age      ] GC(92) - age   6:       1816 bytes,     714328 total
[2021-05-01T02:54:41.890+0000][8][gc,age      ] GC(92) - age   7:       3032 bytes,     717360 total
[2021-05-01T02:54:41.890+0000][8][gc,age      ] GC(92) - age   8:      36856 bytes,     754216 total
[2021-05-01T02:54:41.890+0000][8][gc,age      ] GC(92) - age   9:       4328 bytes,     758544 total
[2021-05-01T02:54:41.890+0000][8][gc,age      ] GC(92) - age  10:       2584 bytes,     761128 total
[2021-05-01T02:54:41.890+0000][8][gc,age      ] GC(92) - age  11:       2032 bytes,     763160 total
[2021-05-01T02:54:41.890+0000][8][gc,age      ] GC(92) - age  12:       2272 bytes,     765432 total
[2021-05-01T02:54:41.890+0000][8][gc,age      ] GC(92) - age  13:       5120 bytes,     770552 total
[2021-05-01T02:54:41.890+0000][8][gc,age      ] GC(92) - age  14:       8840 bytes,     779392 total
[2021-05-01T02:54:41.890+0000][8][gc,age      ] GC(92) - age  15:       1312 bytes,     780704 total
[2021-05-01T02:54:41.890+0000][8][gc,phases   ] GC(92)   Pre Evacuate Collection Set: 0.1ms
[2021-05-01T02:54:41.890+0000][8][gc,phases   ] GC(92)   Merge Heap Roots: 0.0ms
[2021-05-01T02:54:41.890+0000][8][gc,phases   ] GC(92)   Evacuate Collection Set: 1.1ms
[2021-05-01T02:54:41.890+0000][8][gc,phases   ] GC(92)   Post Evacuate Collection Set: 0.5ms
[2021-05-01T02:54:41.891+0000][8][gc,phases   ] GC(92)   Other: 0.2ms
[2021-05-01T02:54:41.891+0000][8][gc,heap     ] GC(92) Eden regions: 22->0(22)
[2021-05-01T02:54:41.891+0000][8][gc,heap     ] GC(92) Survivor regions: 1->1(3)
[2021-05-01T02:54:41.891+0000][8][gc,heap     ] GC(92) Old regions: 26->26
[2021-05-01T02:54:41.891+0000][8][gc,heap     ] GC(92) Archive regions: 2->2
[2021-05-01T02:54:41.891+0000][8][gc,heap     ] GC(92) Humongous regions: 2->2
[2021-05-01T02:54:41.891+0000][8][gc,metaspace] GC(92) Metaspace: 107481K(112020K)->107481K(112020K) NonClass: 93590K(96840K)->93590K(96840K) Class: 13890K(15180K)->13890K(15180K)
[2021-05-01T02:54:41.891+0000][8][gc          ] GC(92) Pause Young (Concurrent Start) (G1 Evacuation Pause) 202M->114M(256M) 1.961ms
[2021-05-01T02:54:41.891+0000][8][gc,cpu      ] GC(92) User=0.01s Sys=0.00s Real=0.01s
[2021-05-01T02:54:41.891+0000][8][safepoint   ] Safepoint "G1CollectForAllocation", Time since last: 16032939654 ns, Reaching safepoint: 105888 ns, At safepoint: 2028277 ns, Total: 2134165 ns
[2021-05-01T02:54:41.891+0000][8][gc          ] GC(93) Concurrent Cycle
[2021-05-01T02:54:41.891+0000][8][gc,marking  ] GC(93) Concurrent Clear Claimed Marks
[2021-05-01T02:54:41.891+0000][8][gc,marking  ] GC(93) Concurrent Clear Claimed Marks 0.074ms
[2021-05-01T02:54:41.891+0000][8][gc,marking  ] GC(93) Concurrent Scan Root Regions
[2021-05-01T02:54:41.892+0000][8][gc,marking  ] GC(93) Concurrent Scan Root Regions 1.320ms
[2021-05-01T02:54:41.892+0000][8][gc,marking  ] GC(93) Concurrent Mark (4756.340s)
[2021-05-01T02:54:41.892+0000][8][gc,marking  ] GC(93) Concurrent Mark From Roots
[2021-05-01T02:54:41.892+0000][8][gc,task     ] GC(93) Using 2 workers of 2 for marking
[2021-05-01T02:54:41.972+0000][8][gc,marking  ] GC(93) Concurrent Mark From Roots 79.470ms
[2021-05-01T02:54:41.972+0000][8][gc,marking  ] GC(93) Concurrent Preclean
[2021-05-01T02:54:41.972+0000][8][gc,marking  ] GC(93) Concurrent Preclean 0.243ms
[2021-05-01T02:54:41.972+0000][8][gc,marking  ] GC(93) Concurrent Mark (4756.340s, 4756.419s) 79.760ms
[2021-05-01T02:54:41.972+0000][8][gc,start    ] GC(93) Pause Remark
[2021-05-01T02:54:41.977+0000][8][gc          ] GC(93) Pause Remark 115M->115M(256M) 5.147ms
[2021-05-01T02:54:41.977+0000][8][gc,cpu      ] GC(93) User=0.02s Sys=0.00s Real=0.00s
[2021-05-01T02:54:41.977+0000][8][safepoint   ] Safepoint "G1Concurrent", Time since last: 81225369 ns, Reaching safepoint: 79087 ns, At safepoint: 5216980 ns, Total: 5296067 ns
[2021-05-01T02:54:41.977+0000][8][gc,marking  ] GC(93) Concurrent Rebuild Remembered Sets
[2021-05-01T02:54:42.032+0000][8][gc,marking  ] GC(93) Concurrent Rebuild Remembered Sets 54.600ms
[2021-05-01T02:54:42.032+0000][8][gc,start    ] GC(93) Pause Cleanup
[2021-05-01T02:54:42.039+0000][8][gc          ] GC(93) Pause Cleanup 115M->115M(256M) 7.311ms
[2021-05-01T02:54:42.039+0000][8][gc,cpu      ] GC(93) User=0.00s Sys=0.00s Real=0.00s
[2021-05-01T02:54:42.039+0000][8][safepoint   ] Safepoint "G1Concurrent", Time since last: 54740590 ns, Reaching safepoint: 77143 ns, At safepoint: 7358462 ns, Total: 7435605 ns
[2021-05-01T02:54:42.039+0000][8][gc,marking  ] GC(93) Concurrent Cleanup for Next Mark
[2021-05-01T02:54:42.040+0000][8][gc,marking  ] GC(93) Concurrent Cleanup for Next Mark 0.206ms
[2021-05-01T02:54:42.040+0000][8][gc          ] GC(93) Concurrent Cycle 149.000ms
[2021-05-01T02:54:50.041+0000][8][safepoint   ] Safepoint "Cleanup", Time since last: 8001789554 ns, Reaching safepoint: 156663 ns, At safepoint: 7732 ns, Total: 164395 ns
[2021-05-01T02:55:41.050+0000][8][safepoint   ] Safepoint "Cleanup", Time since last: 51008629351 ns, Reaching safepoint: 132354 ns, At safepoint: 6376 ns, Total: 138730 ns
[2021-05-01T02:55:47.051+0000][8][safepoint   ] Safepoint "Cleanup", Time since last: 6001197141 ns, Reaching safepoint: 118316 ns, At safepoint: 5811 ns, Total: 124127 ns
[2021-05-01T02:55:48.052+0000][8][safepoint   ] Safepoint "Cleanup", Time since last: 1000097124 ns, Reaching safepoint: 84223 ns, At safepoint: 4113 ns, Total: 88336 ns
[2021-05-01T02:55:50.052+0000][8][safepoint   ] Safepoint "Cleanup", Time since last: 2000686327 ns, Reaching safepoint: 107534 ns, At safepoint: 5919 ns, Total: 113453 ns
[2021-05-01T02:55:53.053+0000][8][safepoint   ] Safepoint "Cleanup", Time since last: 3000304901 ns, Reaching safepoint: 98477 ns, At safepoint: 6133 ns, Total: 104610 ns
[2021-05-01T02:56:11.055+0000][8][safepoint   ] Safepoint "Cleanup", Time since last: 18002436544 ns, Reaching safepoint: 98502 ns, At safepoint: 6328 ns, Total: 104830 ns
[2021-05-01T02:56:41.784+0000][8][safepoint   ] Safepoint "Cleanup", Time since last: 30728514639 ns, Reaching safepoint: 171140 ns, At safepoint: 4878 ns, Total: 176018 ns
[2021-05-01T02:56:43.785+0000][8][safepoint   ] Safepoint "Cleanup", Time since last: 2000531534 ns, Reaching safepoint: 138636 ns, At safepoint: 6426 ns, Total: 145062 ns
[2021-05-01T02:56:45.785+0000][8][safepoint   ] Safepoint "Cleanup", Time since last: 2000460124 ns, Reaching safepoint: 109093 ns, At safepoint: 5393 ns, Total: 114486 ns
[2021-05-01T02:56:47.786+0000][8][safepoint   ] Safepoint "Cleanup", Time since last: 2000349975 ns, Reaching safepoint: 157135 ns, At safepoint: 6874 ns, Total: 164009 ns
[2021-05-01T02:56:49.786+0000][8][safepoint   ] Safepoint "Cleanup", Time since last: 2000354951 ns, Reaching safepoint: 153080 ns, At safepoint: 5826 ns, Total: 158906 ns
[2021-05-01T02:56:51.939+0000][8][gc,start    ] GC(94) Pause Young (Normal) (G1 Evacuation Pause)
[2021-05-01T02:56:51.939+0000][8][gc,task     ] GC(94) Using 6 workers of 8 for evacuation
[2021-05-01T02:56:51.939+0000][8][gc,age      ] GC(94) Desired survivor size 6291456 bytes, new threshold 15 (max threshold 15)
[2021-05-01T02:56:51.941+0000][8][gc,age      ] GC(94) Age table with threshold 15 (max threshold 15)
[2021-05-01T02:56:51.941+0000][8][gc,age      ] GC(94) - age   1:     536168 bytes,     536168 total
[2021-05-01T02:56:51.941+0000][8][gc,age      ] GC(94) - age   2:        624 bytes,     536792 total
[2021-05-01T02:56:51.941+0000][8][gc,age      ] GC(94) - age   3:       2928 bytes,     539720 total
[2021-05-01T02:56:51.941+0000][8][gc,age      ] GC(94) - age   4:     184864 bytes,     724584 total
[2021-05-01T02:56:51.941+0000][8][gc,age      ] GC(94) - age   5:        232 bytes,     724816 total
[2021-05-01T02:56:51.941+0000][8][gc,age      ] GC(94) - age   6:       4456 bytes,     729272 total
[2021-05-01T02:56:51.941+0000][8][gc,age      ] GC(94) - age   7:       1720 bytes,     730992 total
[2021-05-01T02:56:51.941+0000][8][gc,age      ] GC(94) - age   8:       3032 bytes,     734024 total
[2021-05-01T02:56:51.941+0000][8][gc,age      ] GC(94) - age   9:      36856 bytes,     770880 total
[2021-05-01T02:56:51.941+0000][8][gc,age      ] GC(94) - age  10:       4288 bytes,     775168 total
[2021-05-01T02:56:51.941+0000][8][gc,age      ] GC(94) - age  11:       2584 bytes,     777752 total
[2021-05-01T02:56:51.941+0000][8][gc,age      ] GC(94) - age  12:       2032 bytes,     779784 total
[2021-05-01T02:56:51.941+0000][8][gc,age      ] GC(94) - age  13:       2272 bytes,     782056 total
[2021-05-01T02:56:51.941+0000][8][gc,age      ] GC(94) - age  14:       5024 bytes,     787080 total
[2021-05-01T02:56:51.941+0000][8][gc,age      ] GC(94) - age  15:       8800 bytes,     795880 total
[2021-05-01T02:56:51.941+0000][8][gc,phases   ] GC(94)   Pre Evacuate Collection Set: 0.0ms
[2021-05-01T02:56:51.941+0000][8][gc,phases   ] GC(94)   Merge Heap Roots: 0.0ms
[2021-05-01T02:56:51.941+0000][8][gc,phases   ] GC(94)   Evacuate Collection Set: 1.1ms
[2021-05-01T02:56:51.941+0000][8][gc,phases   ] GC(94)   Post Evacuate Collection Set: 0.4ms
[2021-05-01T02:56:51.941+0000][8][gc,phases   ] GC(94)   Other: 0.2ms
[2021-05-01T02:56:51.941+0000][8][gc,heap     ] GC(94) Eden regions: 22->0(22)
[2021-05-01T02:56:51.941+0000][8][gc,heap     ] GC(94) Survivor regions: 1->1(3)
[2021-05-01T02:56:51.941+0000][8][gc,heap     ] GC(94) Old regions: 26->26
[2021-05-01T02:56:51.941+0000][8][gc,heap     ] GC(94) Archive regions: 2->2
[2021-05-01T02:56:51.941+0000][8][gc,heap     ] GC(94) Humongous regions: 2->2
[2021-05-01T02:56:51.941+0000][8][gc,metaspace] GC(94) Metaspace: 107509K(112020K)->107509K(112020K) NonClass: 93617K(96840K)->93617K(96840K) Class: 13892K(15180K)->13892K(15180K)
[2021-05-01T02:56:51.941+0000][8][gc          ] GC(94) Pause Young (Normal) (G1 Evacuation Pause) 202M->114M(256M) 1.841ms
[2021-05-01T02:56:51.941+0000][8][gc,cpu      ] GC(94) User=0.00s Sys=0.01s Real=0.01s
[2021-05-01T02:56:51.941+0000][8][safepoint   ] Safepoint "G1CollectForAllocation", Time since last: 2152864035 ns, Reaching safepoint: 83238 ns, At safepoint: 1903670 ns, Total: 1986908 ns
[2021-05-01T02:56:53.942+0000][8][safepoint   ] Safepoint "Cleanup", Time since last: 2000288459 ns, Reaching safepoint: 118330 ns, At safepoint: 7378 ns, Total: 125708 ns
[2021-05-01T02:57:17.946+0000][8][safepoint   ] Safepoint "Cleanup", Time since last: 24004675085 ns, Reaching safepoint: 108981 ns, At safepoint: 5719 ns, Total: 114700 ns
[2021-05-01T02:57:22.948+0000][8][safepoint   ] Safepoint "Cleanup", Time since last: 5001098205 ns, Reaching safepoint: 118497 ns, At safepoint: 5808 ns, Total: 124305 ns
[2021-05-01T02:57:23.948+0000][8][safepoint   ] Safepoint "Cleanup", Time since last: 1000286910 ns, Reaching safepoint: 107887 ns, At safepoint: 6081 ns, Total: 113968 ns
[2021-05-01T02:57:49.952+0000][8][safepoint   ] Safepoint "Cleanup", Time since last: 26003608747 ns, Reaching safepoint: 158773 ns, At safepoint: 6692 ns, Total: 165465 ns
[2021-05-01T02:58:18.956+0000][8][safepoint   ] Safepoint "Cleanup", Time since last: 29004644822 ns, Reaching safepoint: 105931 ns, At safepoint: 4827 ns, Total: 110758 ns
[2021-05-01T02:58:37.959+0000][8][safepoint   ] Safepoint "Cleanup", Time since last: 19002859168 ns, Reaching safepoint: 107355 ns, At safepoint: 6375 ns, Total: 113730 ns
[2021-05-01T02:58:41.984+0000][8][gc,start    ] GC(95) Pause Young (Concurrent Start) (G1 Evacuation Pause)
[2021-05-01T02:58:41.984+0000][8][gc,task     ] GC(95) Using 6 workers of 8 for evacuation
[2021-05-01T02:58:41.984+0000][8][gc,age      ] GC(95) Desired survivor size 6291456 bytes, new threshold 15 (max threshold 15)
[2021-05-01T02:58:41.986+0000][8][gc,age      ] GC(95) Age table with threshold 15 (max threshold 15)
[2021-05-01T02:58:41.986+0000][8][gc,age      ] GC(95) - age   1:     776792 bytes,     776792 total
[2021-05-01T02:58:41.986+0000][8][gc,age      ] GC(95) - age   2:      14984 bytes,     791776 total
[2021-05-01T02:58:41.986+0000][8][gc,age      ] GC(95) - age   3:        384 bytes,     792160 total
[2021-05-01T02:58:41.986+0000][8][gc,age      ] GC(95) - age   4:       2704 bytes,     794864 total
[2021-05-01T02:58:41.986+0000][8][gc,age      ] GC(95) - age   5:       9424 bytes,     804288 total
[2021-05-01T02:58:41.986+0000][8][gc,age      ] GC(95) - age   6:        112 bytes,     804400 total
[2021-05-01T02:58:41.986+0000][8][gc,age      ] GC(95) - age   7:       4416 bytes,     808816 total
[2021-05-01T02:58:41.986+0000][8][gc,age      ] GC(95) - age   8:       1720 bytes,     810536 total
[2021-05-01T02:58:41.986+0000][8][gc,age      ] GC(95) - age   9:       3032 bytes,     813568 total
[2021-05-01T02:58:41.986+0000][8][gc,age      ] GC(95) - age  10:      35880 bytes,     849448 total
[2021-05-01T02:58:41.986+0000][8][gc,age      ] GC(95) - age  11:       4288 bytes,     853736 total
[2021-05-01T02:58:41.986+0000][8][gc,age      ] GC(95) - age  12:       2584 bytes,     856320 total
[2021-05-01T02:58:41.986+0000][8][gc,age      ] GC(95) - age  13:       2032 bytes,     858352 total
[2021-05-01T02:58:41.986+0000][8][gc,age      ] GC(95) - age  14:       2272 bytes,     860624 total
[2021-05-01T02:58:41.986+0000][8][gc,age      ] GC(95) - age  15:       5024 bytes,     865648 total
[2021-05-01T02:58:41.986+0000][8][gc,phases   ] GC(95)   Pre Evacuate Collection Set: 0.1ms
[2021-05-01T02:58:41.986+0000][8][gc,phases   ] GC(95)   Merge Heap Roots: 0.0ms
[2021-05-01T02:58:41.986+0000][8][gc,phases   ] GC(95)   Evacuate Collection Set: 1.1ms
[2021-05-01T02:58:41.986+0000][8][gc,phases   ] GC(95)   Post Evacuate Collection Set: 0.4ms
[2021-05-01T02:58:41.986+0000][8][gc,phases   ] GC(95)   Other: 0.2ms
[2021-05-01T02:58:41.986+0000][8][gc,heap     ] GC(95) Eden regions: 22->0(22)
[2021-05-01T02:58:41.986+0000][8][gc,heap     ] GC(95) Survivor regions: 1->1(3)
[2021-05-01T02:58:41.986+0000][8][gc,heap     ] GC(95) Old regions: 26->26
[2021-05-01T02:58:41.986+0000][8][gc,heap     ] GC(95) Archive regions: 2->2
[2021-05-01T02:58:41.986+0000][8][gc,heap     ] GC(95) Humongous regions: 2->2
[2021-05-01T02:58:41.986+0000][8][gc,metaspace] GC(95) Metaspace: 107539K(112020K)->107539K(112020K) NonClass: 93646K(96840K)->93646K(96840K) Class: 13893K(15180K)->13893K(15180K)
[2021-05-01T02:58:41.986+0000][8][gc          ] GC(95) Pause Young (Concurrent Start) (G1 Evacuation Pause) 202M->114M(256M) 1.917ms
[2021-05-01T02:58:41.986+0000][8][gc,cpu      ] GC(95) User=0.01s Sys=0.00s Real=0.00s
[2021-05-01T02:58:41.986+0000][8][gc          ] GC(96) Concurrent Cycle
[2021-05-01T02:58:41.986+0000][8][safepoint   ] Safepoint "G1CollectForAllocation", Time since last: 4024837964 ns, Reaching safepoint: 139160 ns, At safepoint: 1985243 ns, Total: 2124403 ns
[2021-05-01T02:58:41.986+0000][8][gc,marking  ] GC(96) Concurrent Clear Claimed Marks
[2021-05-01T02:58:41.986+0000][8][gc,marking  ] GC(96) Concurrent Clear Claimed Marks 0.079ms
[2021-05-01T02:58:41.986+0000][8][gc,marking  ] GC(96) Concurrent Scan Root Regions
[2021-05-01T02:58:41.987+0000][8][gc,marking  ] GC(96) Concurrent Scan Root Regions 0.757ms
[2021-05-01T02:58:41.987+0000][8][gc,marking  ] GC(96) Concurrent Mark (4996.435s)
[2021-05-01T02:58:41.987+0000][8][gc,marking  ] GC(96) Concurrent Mark From Roots
[2021-05-01T02:58:41.987+0000][8][gc,task     ] GC(96) Using 2 workers of 2 for marking
[2021-05-01T02:58:42.068+0000][8][gc,marking  ] GC(96) Concurrent Mark From Roots 80.998ms
[2021-05-01T02:58:42.068+0000][8][gc,marking  ] GC(96) Concurrent Preclean
[2021-05-01T02:58:42.069+0000][8][gc,marking  ] GC(96) Concurrent Preclean 0.250ms
[2021-05-01T02:58:42.069+0000][8][gc,marking  ] GC(96) Concurrent Mark (4996.435s, 4996.516s) 81.301ms
[2021-05-01T02:58:42.069+0000][8][gc,start    ] GC(96) Pause Remark
[2021-05-01T02:58:42.074+0000][8][gc          ] GC(96) Pause Remark 115M->115M(256M) 5.104ms
[2021-05-01T02:58:42.074+0000][8][gc,cpu      ] GC(96) User=0.03s Sys=0.00s Real=0.01s
[2021-05-01T02:58:42.074+0000][8][safepoint   ] Safepoint "G1Concurrent", Time since last: 82194603 ns, Reaching safepoint: 111249 ns, At safepoint: 5174646 ns, Total: 5285895 ns
[2021-05-01T02:58:42.074+0000][8][gc,marking  ] GC(96) Concurrent Rebuild Remembered Sets
[2021-05-01T02:58:42.128+0000][8][gc,marking  ] GC(96) Concurrent Rebuild Remembered Sets 54.070ms
[2021-05-01T02:58:42.128+0000][8][gc,start    ] GC(96) Pause Cleanup
[2021-05-01T02:58:42.128+0000][8][gc          ] GC(96) Pause Cleanup 115M->115M(256M) 0.069ms
[2021-05-01T02:58:42.128+0000][8][gc,cpu      ] GC(96) User=0.00s Sys=0.00s Real=0.00s
[2021-05-01T02:58:42.128+0000][8][safepoint   ] Safepoint "G1Concurrent", Time since last: 54179516 ns, Reaching safepoint: 88586 ns, At safepoint: 106817 ns, Total: 195403 ns
[2021-05-01T02:58:42.128+0000][8][gc,marking  ] GC(96) Concurrent Cleanup for Next Mark
[2021-05-01T02:58:42.128+0000][8][gc,marking  ] GC(96) Concurrent Cleanup for Next Mark 0.204ms
[2021-05-01T02:58:42.128+0000][8][gc          ] GC(96) Concurrent Cycle 142.103ms
[2021-05-01T02:58:44.129+0000][8][safepoint   ] Safepoint "Cleanup", Time since last: 2000585587 ns, Reaching safepoint: 119886 ns, At safepoint: 5912 ns, Total: 125798 ns
[2021-05-01T02:58:53.130+0000][8][safepoint   ] Safepoint "Cleanup", Time since last: 9001321756 ns, Reaching safepoint: 146304 ns, At safepoint: 6916 ns, Total: 153220 ns
[2021-05-01T02:59:53.142+0000][8][safepoint   ] Safepoint "Cleanup", Time since last: 60011021648 ns, Reaching safepoint: 161009 ns, At safepoint: 6534 ns, Total: 167543 ns
[2021-05-01T03:00:23.147+0000][8][safepoint   ] Safepoint "Cleanup", Time since last: 30005049431 ns, Reaching safepoint: 150718 ns, At safepoint: 6484 ns, Total: 157202 ns
[2021-05-01T03:00:47.151+0000][8][safepoint   ] Safepoint "Cleanup", Time since last: 24003547645 ns, Reaching safepoint: 183701 ns, At safepoint: 5260 ns, Total: 188961 ns
[2021-05-01T03:00:50.151+0000][8][safepoint   ] Safepoint "Cleanup", Time since last: 3000364194 ns, Reaching safepoint: 107924 ns, At safepoint: 5561 ns, Total: 113485 ns
[2021-05-01T03:00:52.035+0000][8][gc,start    ] GC(97) Pause Young (Normal) (G1 Evacuation Pause)
[2021-05-01T03:00:52.035+0000][8][gc,task     ] GC(97) Using 6 workers of 8 for evacuation
[2021-05-01T03:00:52.035+0000][8][gc,age      ] GC(97) Desired survivor size 6291456 bytes, new threshold 15 (max threshold 15)
[2021-05-01T03:00:52.037+0000][8][gc,age      ] GC(97) Age table with threshold 15 (max threshold 15)
[2021-05-01T03:00:52.037+0000][8][gc,age      ] GC(97) - age   1:     523480 bytes,     523480 total
[2021-05-01T03:00:52.037+0000][8][gc,age      ] GC(97) - age   2:     273392 bytes,     796872 total
[2021-05-01T03:00:52.037+0000][8][gc,age      ] GC(97) - age   3:       7648 bytes,     804520 total
[2021-05-01T03:00:52.037+0000][8][gc,age      ] GC(97) - age   4:        384 bytes,     804904 total
[2021-05-01T03:00:52.037+0000][8][gc,age      ] GC(97) - age   5:       2608 bytes,     807512 total
[2021-05-01T03:00:52.037+0000][8][gc,age      ] GC(97) - age   6:       8568 bytes,     816080 total
[2021-05-01T03:00:52.037+0000][8][gc,age      ] GC(97) - age   7:        112 bytes,     816192 total
[2021-05-01T03:00:52.037+0000][8][gc,age      ] GC(97) - age   8:       4416 bytes,     820608 total
[2021-05-01T03:00:52.037+0000][8][gc,age      ] GC(97) - age   9:       1720 bytes,     822328 total
[2021-05-01T03:00:52.037+0000][8][gc,age      ] GC(97) - age  10:       3032 bytes,     825360 total
[2021-05-01T03:00:52.037+0000][8][gc,age      ] GC(97) - age  11:      35880 bytes,     861240 total
[2021-05-01T03:00:52.037+0000][8][gc,age      ] GC(97) - age  12:       4288 bytes,     865528 total
[2021-05-01T03:00:52.037+0000][8][gc,age      ] GC(97) - age  13:       2584 bytes,     868112 total
[2021-05-01T03:00:52.037+0000][8][gc,age      ] GC(97) - age  14:       2032 bytes,     870144 total
[2021-05-01T03:00:52.037+0000][8][gc,age      ] GC(97) - age  15:       2272 bytes,     872416 total
[2021-05-01T03:00:52.037+0000][8][gc,phases   ] GC(97)   Pre Evacuate Collection Set: 0.0ms
[2021-05-01T03:00:52.037+0000][8][gc,phases   ] GC(97)   Merge Heap Roots: 0.0ms
[2021-05-01T03:00:52.037+0000][8][gc,phases   ] GC(97)   Evacuate Collection Set: 1.1ms
[2021-05-01T03:00:52.037+0000][8][gc,phases   ] GC(97)   Post Evacuate Collection Set: 0.5ms
[2021-05-01T03:00:52.037+0000][8][gc,phases   ] GC(97)   Other: 0.3ms
[2021-05-01T03:00:52.037+0000][8][gc,heap     ] GC(97) Eden regions: 22->0(22)
[2021-05-01T03:00:52.037+0000][8][gc,heap     ] GC(97) Survivor regions: 1->1(3)
[2021-05-01T03:00:52.037+0000][8][gc,heap     ] GC(97) Old regions: 26->26
[2021-05-01T03:00:52.037+0000][8][gc,heap     ] GC(97) Archive regions: 2->2
[2021-05-01T03:00:52.037+0000][8][gc,heap     ] GC(97) Humongous regions: 2->2
[2021-05-01T03:00:52.037+0000][8][gc,metaspace] GC(97) Metaspace: 107554K(112020K)->107554K(112020K) NonClass: 93661K(96840K)->93661K(96840K) Class: 13893K(15180K)->13893K(15180K)
[2021-05-01T03:00:52.037+0000][8][gc          ] GC(97) Pause Young (Normal) (G1 Evacuation Pause) 202M->114M(256M) 2.026ms
[2021-05-01T03:00:52.037+0000][8][gc,cpu      ] GC(97) User=0.01s Sys=0.00s Real=0.00s
[2021-05-01T03:00:52.037+0000][8][safepoint   ] Safepoint "G1CollectForAllocation", Time since last: 1883819975 ns, Reaching safepoint: 109734 ns, At safepoint: 2088435 ns, Total: 2198169 ns
[2021-05-01T03:00:53.037+0000][8][safepoint   ] Safepoint "Cleanup", Time since last: 1000078946 ns, Reaching safepoint: 69781 ns, At safepoint: 5984 ns, Total: 75765 ns
[2021-05-01T03:01:50.047+0000][8][safepoint   ] Safepoint "Cleanup", Time since last: 57009678669 ns, Reaching safepoint: 106141 ns, At safepoint: 7630 ns, Total: 113771 ns
[2021-05-01T03:01:53.048+0000][8][safepoint   ] Safepoint "Cleanup", Time since last: 3000574139 ns, Reaching safepoint: 98825 ns, At safepoint: 7559 ns, Total: 106384 ns
[2021-05-01T03:02:01.049+0000][8][safepoint   ] Safepoint "Cleanup", Time since last: 8001424453 ns, Reaching safepoint: 126457 ns, At safepoint: 6536 ns, Total: 132993 ns
[2021-05-01T03:02:14.051+0000][8][safepoint   ] Safepoint "Cleanup", Time since last: 13001708202 ns, Reaching safepoint: 89023 ns, At safepoint: 5406 ns, Total: 94429 ns
[2021-05-01T03:02:18.052+0000][8][safepoint   ] Safepoint "Cleanup", Time since last: 4000864553 ns, Reaching safepoint: 82999 ns, At safepoint: 5625 ns, Total: 88624 ns
[2021-05-01T03:02:23.053+0000][8][safepoint   ] Safepoint "Cleanup", Time since last: 5000881246 ns, Reaching safepoint: 86560 ns, At safepoint: 6678 ns, Total: 93238 ns
[2021-05-01T03:02:56.058+0000][8][safepoint   ] Safepoint "Cleanup", Time since last: 33004648793 ns, Reaching safepoint: 81595 ns, At safepoint: 5260 ns, Total: 86855 ns
[2021-05-01T03:43:50.400+0000][8][gc,start    ] GC(98) Pause Young (Concurrent Start) (G1 Evacuation Pause)
[2021-05-01T03:43:50.400+0000][8][gc,task     ] GC(98) Using 6 workers of 8 for evacuation
[2021-05-01T03:43:50.400+0000][8][gc,age      ] GC(98) Desired survivor size 6291456 bytes, new threshold 15 (max threshold 15)
[2021-05-01T03:43:50.407+0000][8][gc,age      ] GC(98) Age table with threshold 15 (max threshold 15)
[2021-05-01T03:43:50.407+0000][8][gc,age      ] GC(98) - age   1:     524728 bytes,     524728 total
[2021-05-01T03:43:50.407+0000][8][gc,age      ] GC(98) - age   2:       4648 bytes,     529376 total
[2021-05-01T03:43:50.407+0000][8][gc,age      ] GC(98) - age   3:     151856 bytes,     681232 total
[2021-05-01T03:43:50.407+0000][8][gc,age      ] GC(98) - age   4:       7304 bytes,     688536 total
[2021-05-01T03:43:50.407+0000][8][gc,age      ] GC(98) - age   5:        384 bytes,     688920 total
[2021-05-01T03:43:50.407+0000][8][gc,age      ] GC(98) - age   6:       2464 bytes,     691384 total
[2021-05-01T03:43:50.407+0000][8][gc,age      ] GC(98) - age   7:       8568 bytes,     699952 total
[2021-05-01T03:43:50.407+0000][8][gc,age      ] GC(98) - age   8:        112 bytes,     700064 total
[2021-05-01T03:43:50.407+0000][8][gc,age      ] GC(98) - age   9:       4416 bytes,     704480 total
[2021-05-01T03:43:50.407+0000][8][gc,age      ] GC(98) - age  10:       1680 bytes,     706160 total
[2021-05-01T03:43:50.407+0000][8][gc,age      ] GC(98) - age  11:       3032 bytes,     709192 total
[2021-05-01T03:43:50.407+0000][8][gc,age      ] GC(98) - age  12:      35880 bytes,     745072 total
[2021-05-01T03:43:50.407+0000][8][gc,age      ] GC(98) - age  13:       4288 bytes,     749360 total
[2021-05-01T03:43:50.407+0000][8][gc,age      ] GC(98) - age  14:       2584 bytes,     751944 total
[2021-05-01T03:43:50.407+0000][8][gc,age      ] GC(98) - age  15:       2032 bytes,     753976 total
[2021-05-01T03:43:50.407+0000][8][gc,phases   ] GC(98)   Pre Evacuate Collection Set: 0.2ms
[2021-05-01T03:43:50.407+0000][8][gc,phases   ] GC(98)   Merge Heap Roots: 0.1ms
[2021-05-01T03:43:50.407+0000][8][gc,phases   ] GC(98)   Evacuate Collection Set: 5.3ms
[2021-05-01T03:43:50.407+0000][8][gc,phases   ] GC(98)   Post Evacuate Collection Set: 0.7ms
[2021-05-01T03:43:50.407+0000][8][gc,phases   ] GC(98)   Other: 0.4ms
[2021-05-01T03:43:50.407+0000][8][gc,heap     ] GC(98) Eden regions: 22->0(22)
[2021-05-01T03:43:50.407+0000][8][gc,heap     ] GC(98) Survivor regions: 1->1(3)
[2021-05-01T03:43:50.407+0000][8][gc,heap     ] GC(98) Old regions: 26->26
[2021-05-01T03:43:50.407+0000][8][gc,heap     ] GC(98) Archive regions: 2->2
[2021-05-01T03:43:50.407+0000][8][gc,heap     ] GC(98) Humongous regions: 2->2
[2021-05-01T03:43:50.407+0000][8][gc,metaspace] GC(98) Metaspace: 107570K(112020K)->107570K(112020K) NonClass: 93676K(96840K)->93676K(96840K) Class: 13893K(15180K)->13893K(15180K)
[2021-05-01T03:43:50.407+0000][8][gc          ] GC(98) Pause Young (Concurrent Start) (G1 Evacuation Pause) 202M->114M(256M) 6.735ms
[2021-05-01T03:43:50.407+0000][8][gc,cpu      ] GC(98) User=0.01s Sys=0.00s Real=0.01s
[2021-05-01T03:43:50.407+0000][8][gc          ] GC(99) Concurrent Cycle
[2021-05-01T03:43:50.407+0000][8][gc,marking  ] GC(99) Concurrent Clear Claimed Marks
[2021-05-01T03:43:50.407+0000][8][gc,marking  ] GC(99) Concurrent Clear Claimed Marks 0.078ms
[2021-05-01T03:43:50.407+0000][8][gc,marking  ] GC(99) Concurrent Scan Root Regions
[2021-05-01T03:43:50.408+0000][8][safepoint   ] Safepoint "G1CollectForAllocation", Time since last: 17036100085 ns, Reaching safepoint: 360840 ns, At safepoint: 8060811 ns, Total: 8421651 ns
[2021-05-01T03:43:50.412+0000][8][gc,marking  ] GC(99) Concurrent Scan Root Regions 5.131ms
[2021-05-01T03:43:50.412+0000][8][gc,marking  ] GC(99) Concurrent Mark (5267.554s)
[2021-05-01T03:43:50.412+0000][8][gc,marking  ] GC(99) Concurrent Mark From Roots
[2021-05-01T03:43:50.412+0000][8][gc,task     ] GC(99) Using 2 workers of 2 for marking
[2021-05-01T03:43:50.504+0000][8][gc,marking  ] GC(99) Concurrent Mark From Roots 92.177ms
[2021-05-01T03:43:50.504+0000][8][gc,marking  ] GC(99) Concurrent Preclean
[2021-05-01T03:43:50.505+0000][8][gc,marking  ] GC(99) Concurrent Preclean 0.276ms
[2021-05-01T03:43:50.505+0000][8][gc,marking  ] GC(99) Concurrent Mark (5267.554s, 5267.647s) 92.513ms
[2021-05-01T03:43:50.505+0000][8][gc,start    ] GC(99) Pause Remark
[2021-05-01T03:43:50.514+0000][8][gc          ] GC(99) Pause Remark 116M->116M(256M) 9.300ms
[2021-05-01T03:43:50.514+0000][8][gc,cpu      ] GC(99) User=0.05s Sys=0.00s Real=0.01s
[2021-05-01T03:43:50.514+0000][8][safepoint   ] Safepoint "G1Concurrent", Time since last: 96707360 ns, Reaching safepoint: 68685 ns, At safepoint: 9371093 ns, Total: 9439778 ns
[2021-05-01T03:43:50.514+0000][8][gc,marking  ] GC(99) Concurrent Rebuild Remembered Sets
[2021-05-01T03:43:50.571+0000][8][gc,marking  ] GC(99) Concurrent Rebuild Remembered Sets 57.196ms
[2021-05-01T03:43:50.572+0000][8][gc,start    ] GC(99) Pause Cleanup
[2021-05-01T03:43:50.572+0000][8][gc          ] GC(99) Pause Cleanup 116M->116M(256M) 0.068ms
[2021-05-01T03:43:50.572+0000][8][gc,cpu      ] GC(99) User=0.00s Sys=0.00s Real=0.00s
[2021-05-01T03:43:50.572+0000][8][safepoint   ] Safepoint "G1Concurrent", Time since last: 57296807 ns, Reaching safepoint: 77458 ns, At safepoint: 106809 ns, Total: 184267 ns
[2021-05-01T03:43:50.572+0000][8][gc,marking  ] GC(99) Concurrent Cleanup for Next Mark
[2021-05-01T03:43:50.572+0000][8][gc,marking  ] GC(99) Concurrent Cleanup for Next Mark 0.163ms
[2021-05-01T03:43:50.572+0000][8][gc          ] GC(99) Concurrent Cycle 165.031ms
[2021-05-01T03:43:51.572+0000][8][safepoint   ] Safepoint "Cleanup", Time since last: 1000165020 ns, Reaching safepoint: 120389 ns, At safepoint: 7741 ns, Total: 128130 ns
[2021-05-01T03:43:52.572+0000][8][safepoint   ] Safepoint "Cleanup", Time since last: 1000267045 ns, Reaching safepoint: 141676 ns, At safepoint: 6961 ns, Total: 148637 ns
[2021-05-01T03:43:53.573+0000][8][safepoint   ] Safepoint "Cleanup", Time since last: 1000227727 ns, Reaching safepoint: 168781 ns, At safepoint: 6696 ns, Total: 175477 ns
[2021-05-01T03:43:54.573+0000][8][safepoint   ] Safepoint "Cleanup", Time since last: 1000167057 ns, Reaching safepoint: 139684 ns, At safepoint: 5544 ns, Total: 145228 ns
[2021-05-01T03:43:55.573+0000][8][safepoint   ] Safepoint "Cleanup", Time since last: 1000272993 ns, Reaching safepoint: 124461 ns, At safepoint: 5787 ns, Total: 130248 ns
[2021-05-01T03:43:58.574+0000][8][safepoint   ] Safepoint "Cleanup", Time since last: 3000396211 ns, Reaching safepoint: 140832 ns, At safepoint: 8227 ns, Total: 149059 ns
[2021-05-01T03:44:00.574+0000][8][safepoint   ] Safepoint "Cleanup", Time since last: 2000161111 ns, Reaching safepoint: 198925 ns, At safepoint: 6660 ns, Total: 205585 ns
[2021-05-01T03:44:20.577+0000][8][safepoint   ] Safepoint "Cleanup", Time since last: 20002618730 ns, Reaching safepoint: 88298 ns, At safepoint: 5626 ns, Total: 93924 ns
[2021-05-01T03:44:24.578+0000][8][safepoint   ] Safepoint "Cleanup", Time since last: 4000627982 ns, Reaching safepoint: 118145 ns, At safepoint: 5852 ns, Total: 123997 ns
[2021-05-01T03:44:26.579+0000][8][safepoint   ] Safepoint "Cleanup", Time since last: 2000462976 ns, Reaching safepoint: 196901 ns, At safepoint: 6788 ns, Total: 203689 ns
[2021-05-01T03:44:55.583+0000][8][safepoint   ] Safepoint "Cleanup", Time since last: 29004311113 ns, Reaching safepoint: 177116 ns, At safepoint: 8345 ns, Total: 185461 ns
[2021-05-01T03:45:00.584+0000][8][safepoint   ] Safepoint "Cleanup", Time since last: 5000848684 ns, Reaching safepoint: 112518 ns, At safepoint: 8067 ns, Total: 120585 ns
[2021-05-01T03:45:07.585+0000][8][safepoint   ] Safepoint "Cleanup", Time since last: 7001205965 ns, Reaching safepoint: 100858 ns, At safepoint: 5106 ns, Total: 105964 ns
[2021-05-01T03:45:24.587+0000][8][safepoint   ] Safepoint "Cleanup", Time since last: 17001838959 ns, Reaching safepoint: 90367 ns, At safepoint: 4497 ns, Total: 94864 ns
[2021-05-01T03:45:26.587+0000][8][safepoint   ] Safepoint "Cleanup", Time since last: 2000153627 ns, Reaching safepoint: 70234 ns, At safepoint: 4977 ns, Total: 75211 ns
[2021-05-01T03:45:40.590+0000][8][safepoint   ] Safepoint "Cleanup", Time since last: 14002269604 ns, Reaching safepoint: 86225 ns, At safepoint: 5300 ns, Total: 91525 ns
[2021-05-01T03:45:50.591+0000][8][safepoint   ] Safepoint "Cleanup", Time since last: 10001140421 ns, Reaching safepoint: 129741 ns, At safepoint: 7236 ns, Total: 136977 ns
[2021-05-01T03:45:55.592+0000][8][safepoint   ] Safepoint "Cleanup", Time since last: 5000878917 ns, Reaching safepoint: 131663 ns, At safepoint: 8157 ns, Total: 139820 ns
[2021-05-01T03:46:00.593+0000][8][safepoint   ] Safepoint "Cleanup", Time since last: 5000831096 ns, Reaching safepoint: 84983 ns, At safepoint: 4915 ns, Total: 89898 ns
[2021-05-01T03:46:05.473+0000][8][gc,start    ] GC(100) Pause Young (Normal) (G1 Evacuation Pause)
[2021-05-01T03:46:05.473+0000][8][gc,task     ] GC(100) Using 6 workers of 8 for evacuation
[2021-05-01T03:46:05.473+0000][8][gc,age      ] GC(100) Desired survivor size 6291456 bytes, new threshold 15 (max threshold 15)
[2021-05-01T03:46:05.475+0000][8][gc,age      ] GC(100) Age table with threshold 15 (max threshold 15)
[2021-05-01T03:46:05.475+0000][8][gc,age      ] GC(100) - age   1:     873752 bytes,     873752 total
[2021-05-01T03:46:05.475+0000][8][gc,age      ] GC(100) - age   2:       4304 bytes,     878056 total
[2021-05-01T03:46:05.475+0000][8][gc,age      ] GC(100) - age   3:       4160 bytes,     882216 total
[2021-05-01T03:46:05.475+0000][8][gc,age      ] GC(100) - age   4:     151728 bytes,    1033944 total
[2021-05-01T03:46:05.475+0000][8][gc,age      ] GC(100) - age   5:       7184 bytes,    1041128 total
[2021-05-01T03:46:05.475+0000][8][gc,age      ] GC(100) - age   6:        384 bytes,    1041512 total
[2021-05-01T03:46:05.475+0000][8][gc,age      ] GC(100) - age   7:       2424 bytes,    1043936 total
[2021-05-01T03:46:05.475+0000][8][gc,age      ] GC(100) - age   8:       8568 bytes,    1052504 total
[2021-05-01T03:46:05.475+0000][8][gc,age      ] GC(100) - age   9:        112 bytes,    1052616 total
[2021-05-01T03:46:05.475+0000][8][gc,age      ] GC(100) - age  10:       4416 bytes,    1057032 total
[2021-05-01T03:46:05.475+0000][8][gc,age      ] GC(100) - age  11:       1680 bytes,    1058712 total
[2021-05-01T03:46:05.475+0000][8][gc,age      ] GC(100) - age  12:       3032 bytes,    1061744 total
[2021-05-01T03:46:05.475+0000][8][gc,age      ] GC(100) - age  13:      35880 bytes,    1097624 total
[2021-05-01T03:46:05.475+0000][8][gc,age      ] GC(100) - age  14:       4288 bytes,    1101912 total
[2021-05-01T03:46:05.475+0000][8][gc,age      ] GC(100) - age  15:       2584 bytes,    1104496 total
[2021-05-01T03:46:05.475+0000][8][gc,phases   ] GC(100)   Pre Evacuate Collection Set: 0.0ms
[2021-05-01T03:46:05.475+0000][8][gc,phases   ] GC(100)   Merge Heap Roots: 0.0ms
[2021-05-01T03:46:05.475+0000][8][gc,phases   ] GC(100)   Evacuate Collection Set: 0.9ms
[2021-05-01T03:46:05.475+0000][8][gc,phases   ] GC(100)   Post Evacuate Collection Set: 0.4ms
[2021-05-01T03:46:05.475+0000][8][gc,phases   ] GC(100)   Other: 0.2ms
[2021-05-01T03:46:05.475+0000][8][gc,heap     ] GC(100) Eden regions: 22->0(22)
[2021-05-01T03:46:05.475+0000][8][gc,heap     ] GC(100) Survivor regions: 1->1(3)
[2021-05-01T03:46:05.475+0000][8][gc,heap     ] GC(100) Old regions: 26->26
[2021-05-01T03:46:05.475+0000][8][gc,heap     ] GC(100) Archive regions: 2->2
[2021-05-01T03:46:05.475+0000][8][gc,heap     ] GC(100) Humongous regions: 2->2
[2021-05-01T03:46:05.475+0000][8][gc,metaspace] GC(100) Metaspace: 107570K(112276K)->107570K(112276K) NonClass: 93677K(97096K)->93677K(97096K) Class: 13892K(15180K)->13892K(15180K)
[2021-05-01T03:46:05.475+0000][8][gc          ] GC(100) Pause Young (Normal) (G1 Evacuation Pause) 202M->114M(256M) 1.677ms
[2021-05-01T03:46:05.475+0000][8][gc,cpu      ] GC(100) User=0.00s Sys=0.00s Real=0.01s
[2021-05-01T03:46:05.475+0000][8][safepoint   ] Safepoint "G1CollectForAllocation", Time since last: 4880169594 ns, Reaching safepoint: 88324 ns, At safepoint: 1737219 ns, Total: 1825543 ns
[2021-05-01T03:46:24.478+0000][8][safepoint   ] Safepoint "Cleanup", Time since last: 19002650053 ns, Reaching safepoint: 97895 ns, At safepoint: 5968 ns, Total: 103863 ns
[2021-05-01T03:46:27.478+0000][8][safepoint   ] Safepoint "Cleanup", Time since last: 3000286757 ns, Reaching safepoint: 123434 ns, At safepoint: 5670 ns, Total: 129104 ns
[2021-05-01T03:47:00.482+0000][8][safepoint   ] Safepoint "Cleanup", Time since last: 33003770704 ns, Reaching safepoint: 118863 ns, At safepoint: 5936 ns, Total: 124799 ns
[2021-05-01T03:47:08.484+0000][8][safepoint   ] Safepoint "Cleanup", Time since last: 8001315410 ns, Reaching safepoint: 224374 ns, At safepoint: 7962 ns, Total: 232336 ns
[2021-05-01T03:47:16.485+0000][8][safepoint   ] Safepoint "Cleanup", Time since last: 8001245279 ns, Reaching safepoint: 141078 ns, At safepoint: 6899 ns, Total: 147977 ns
[2021-05-01T03:47:24.486+0000][8][safepoint   ] Safepoint "Cleanup", Time since last: 8001016450 ns, Reaching safepoint: 108313 ns, At safepoint: 5762 ns, Total: 114075 ns
[2021-05-01T03:47:50.489+0000][8][safepoint   ] Safepoint "Cleanup", Time since last: 26002955887 ns, Reaching safepoint: 112664 ns, At safepoint: 5122 ns, Total: 117786 ns
[2021-05-01T03:48:18.493+0000][8][safepoint   ] Safepoint "Cleanup", Time since last: 28003690164 ns, Reaching safepoint: 163480 ns, At safepoint: 5203 ns, Total: 168683 ns
[2021-05-01T03:48:20.417+0000][8][gc,start    ] GC(101) Pause Young (Concurrent Start) (G1 Evacuation Pause)
[2021-05-01T03:48:20.417+0000][8][gc,task     ] GC(101) Using 6 workers of 8 for evacuation
[2021-05-01T03:48:20.417+0000][8][gc,age      ] GC(101) Desired survivor size 6291456 bytes, new threshold 15 (max threshold 15)
[2021-05-01T03:48:20.418+0000][8][gc,age      ] GC(101) Age table with threshold 15 (max threshold 15)
[2021-05-01T03:48:20.418+0000][8][gc,age      ] GC(101) - age   1:     531720 bytes,     531720 total
[2021-05-01T03:48:20.418+0000][8][gc,age      ] GC(101) - age   2:     366120 bytes,     897840 total
[2021-05-01T03:48:20.418+0000][8][gc,age      ] GC(101) - age   3:       4112 bytes,     901952 total
[2021-05-01T03:48:20.418+0000][8][gc,age      ] GC(101) - age   4:       4080 bytes,     906032 total
[2021-05-01T03:48:20.418+0000][8][gc,age      ] GC(101) - age   5:     151528 bytes,    1057560 total
[2021-05-01T03:48:20.418+0000][8][gc,age      ] GC(101) - age   6:       4648 bytes,    1062208 total
[2021-05-01T03:48:20.418+0000][8][gc,age      ] GC(101) - age   7:        384 bytes,    1062592 total
[2021-05-01T03:48:20.418+0000][8][gc,age      ] GC(101) - age   8:       2216 bytes,    1064808 total
[2021-05-01T03:48:20.418+0000][8][gc,age      ] GC(101) - age   9:       8568 bytes,    1073376 total
[2021-05-01T03:48:20.418+0000][8][gc,age      ] GC(101) - age  10:        112 bytes,    1073488 total
[2021-05-01T03:48:20.418+0000][8][gc,age      ] GC(101) - age  11:       4416 bytes,    1077904 total
[2021-05-01T03:48:20.418+0000][8][gc,age      ] GC(101) - age  12:       1680 bytes,    1079584 total
[2021-05-01T03:48:20.418+0000][8][gc,age      ] GC(101) - age  13:       3032 bytes,    1082616 total
[2021-05-01T03:48:20.418+0000][8][gc,age      ] GC(101) - age  14:      35880 bytes,    1118496 total
[2021-05-01T03:48:20.418+0000][8][gc,age      ] GC(101) - age  15:       4288 bytes,    1122784 total
[2021-05-01T03:48:20.418+0000][8][gc,phases   ] GC(101)   Pre Evacuate Collection Set: 0.1ms
[2021-05-01T03:48:20.418+0000][8][gc,phases   ] GC(101)   Merge Heap Roots: 0.0ms
[2021-05-01T03:48:20.418+0000][8][gc,phases   ] GC(101)   Evacuate Collection Set: 0.9ms
[2021-05-01T03:48:20.418+0000][8][gc,phases   ] GC(101)   Post Evacuate Collection Set: 0.4ms
[2021-05-01T03:48:20.418+0000][8][gc,phases   ] GC(101)   Other: 0.2ms
[2021-05-01T03:48:20.418+0000][8][gc,heap     ] GC(101) Eden regions: 22->0(22)
[2021-05-01T03:48:20.418+0000][8][gc,heap     ] GC(101) Survivor regions: 1->1(3)
[2021-05-01T03:48:20.418+0000][8][gc,heap     ] GC(101) Old regions: 26->26
[2021-05-01T03:48:20.418+0000][8][gc,heap     ] GC(101) Archive regions: 2->2
[2021-05-01T03:48:20.418+0000][8][gc,heap     ] GC(101) Humongous regions: 2->2
[2021-05-01T03:48:20.418+0000][8][gc,metaspace] GC(101) Metaspace: 107590K(112276K)->107590K(112276K) NonClass: 93695K(97096K)->93695K(97096K) Class: 13894K(15180K)->13894K(15180K)
[2021-05-01T03:48:20.418+0000][8][gc          ] GC(101) Pause Young (Concurrent Start) (G1 Evacuation Pause) 202M->115M(256M) 1.659ms
[2021-05-01T03:48:20.418+0000][8][gc,cpu      ] GC(101) User=0.00s Sys=0.00s Real=0.00s
[2021-05-01T03:48:20.418+0000][8][safepoint   ] Safepoint "G1CollectForAllocation", Time since last: 1923289796 ns, Reaching safepoint: 146752 ns, At safepoint: 1720744 ns, Total: 1867496 ns
[2021-05-01T03:48:20.418+0000][8][gc          ] GC(102) Concurrent Cycle
[2021-05-01T03:48:20.418+0000][8][gc,marking  ] GC(102) Concurrent Clear Claimed Marks
[2021-05-01T03:48:20.418+0000][8][gc,marking  ] GC(102) Concurrent Clear Claimed Marks 0.056ms
[2021-05-01T03:48:20.418+0000][8][gc,marking  ] GC(102) Concurrent Scan Root Regions
[2021-05-01T03:48:20.420+0000][8][gc,marking  ] GC(102) Concurrent Scan Root Regions 1.318ms
[2021-05-01T03:48:20.420+0000][8][gc,marking  ] GC(102) Concurrent Mark (5537.562s)
[2021-05-01T03:48:20.420+0000][8][gc,marking  ] GC(102) Concurrent Mark From Roots
[2021-05-01T03:48:20.420+0000][8][gc,task     ] GC(102) Using 2 workers of 2 for marking
[2021-05-01T03:48:20.505+0000][8][gc,marking  ] GC(102) Concurrent Mark From Roots 84.937ms
[2021-05-01T03:48:20.505+0000][8][gc,marking  ] GC(102) Concurrent Preclean
[2021-05-01T03:48:20.505+0000][8][gc,marking  ] GC(102) Concurrent Preclean 0.229ms
[2021-05-01T03:48:20.505+0000][8][gc,marking  ] GC(102) Concurrent Mark (5537.562s, 5537.647s) 85.211ms
[2021-05-01T03:48:20.505+0000][8][gc,start    ] GC(102) Pause Remark
[2021-05-01T03:48:20.510+0000][8][gc          ] GC(102) Pause Remark 117M->117M(256M) 5.120ms
[2021-05-01T03:48:20.510+0000][8][gc,cpu      ] GC(102) User=0.03s Sys=0.00s Real=0.01s
[2021-05-01T03:48:20.510+0000][8][safepoint   ] Safepoint "G1Concurrent", Time since last: 86683999 ns, Reaching safepoint: 71739 ns, At safepoint: 5187810 ns, Total: 5259549 ns
[2021-05-01T03:48:20.510+0000][8][gc,marking  ] GC(102) Concurrent Rebuild Remembered Sets
[2021-05-01T03:48:20.565+0000][8][gc,marking  ] GC(102) Concurrent Rebuild Remembered Sets 54.801ms
[2021-05-01T03:48:20.565+0000][8][gc,start    ] GC(102) Pause Cleanup
[2021-05-01T03:48:20.565+0000][8][gc          ] GC(102) Pause Cleanup 117M->117M(256M) 0.064ms
[2021-05-01T03:48:20.565+0000][8][gc,cpu      ] GC(102) User=0.00s Sys=0.00s Real=0.00s
[2021-05-01T03:48:20.565+0000][8][safepoint   ] Safepoint "G1Concurrent", Time since last: 54863805 ns, Reaching safepoint: 64297 ns, At safepoint: 103681 ns, Total: 167978 ns
[2021-05-01T03:48:20.565+0000][8][gc,marking  ] GC(102) Concurrent Cleanup for Next Mark
[2021-05-01T03:48:20.565+0000][8][gc,marking  ] GC(102) Concurrent Cleanup for Next Mark 0.107ms
[2021-05-01T03:48:20.565+0000][8][gc          ] GC(102) Concurrent Cycle 147.093ms
[2021-05-01T03:48:28.566+0000][8][safepoint   ] Safepoint "Cleanup", Time since last: 8001000691 ns, Reaching safepoint: 200507 ns, At safepoint: 7694 ns, Total: 208201 ns
[2021-05-01T03:48:58.577+0000][8][safepoint   ] Safepoint "Cleanup", Time since last: 30010121502 ns, Reaching safepoint: 99340 ns, At safepoint: 3710 ns, Total: 103050 ns
[2021-05-01T03:49:14.657+0000][8][safepoint   ] Safepoint "ICBufferFull", Time since last: 16080039624 ns, Reaching safepoint: 202251 ns, At safepoint: 10088 ns, Total: 212339 ns
[2021-05-01T03:49:15.657+0000][8][safepoint   ] Safepoint "Cleanup", Time since last: 1000251168 ns, Reaching safepoint: 145551 ns, At safepoint: 4683 ns, Total: 150234 ns
[2021-05-01T03:49:18.658+0000][8][safepoint   ] Safepoint "Cleanup", Time since last: 3000506441 ns, Reaching safepoint: 106411 ns, At safepoint: 6190 ns, Total: 112601 ns
[2021-05-01T03:49:19.658+0000][8][safepoint   ] Safepoint "Cleanup", Time since last: 1000263635 ns, Reaching safepoint: 102165 ns, At safepoint: 5628 ns, Total: 107793 ns
[2021-05-01T03:49:43.661+0000][8][safepoint   ] Safepoint "Cleanup", Time since last: 24003049309 ns, Reaching safepoint: 102250 ns, At safepoint: 7941 ns, Total: 110191 ns
[2021-05-01T03:49:48.662+0000][8][safepoint   ] Safepoint "Cleanup", Time since last: 5000576435 ns, Reaching safepoint: 122501 ns, At safepoint: 7045 ns, Total: 129546 ns
[2021-05-01T03:49:54.663+0000][8][safepoint   ] Safepoint "Cleanup", Time since last: 6000809371 ns, Reaching safepoint: 84043 ns, At safepoint: 5141 ns, Total: 89184 ns
[2021-05-01T03:50:00.505+0000][8][gc,start    ] GC(103) Pause Young (Normal) (G1 Evacuation Pause)
[2021-05-01T03:50:00.505+0000][8][gc,task     ] GC(103) Using 6 workers of 8 for evacuation
[2021-05-01T03:50:00.505+0000][8][gc,age      ] GC(103) Desired survivor size 6291456 bytes, new threshold 15 (max threshold 15)
[2021-05-01T03:50:00.507+0000][8][gc,age      ] GC(103) Age table with threshold 15 (max threshold 15)
[2021-05-01T03:50:00.507+0000][8][gc,age      ] GC(103) - age   1:     817040 bytes,     817040 total
[2021-05-01T03:50:00.507+0000][8][gc,age      ] GC(103) - age   2:       8360 bytes,     825400 total
[2021-05-01T03:50:00.507+0000][8][gc,age      ] GC(103) - age   3:     363648 bytes,    1189048 total
[2021-05-01T03:50:00.507+0000][8][gc,age      ] GC(103) - age   4:       3456 bytes,    1192504 total
[2021-05-01T03:50:00.507+0000][8][gc,age      ] GC(103) - age   5:       3776 bytes,    1196280 total
[2021-05-01T03:50:00.507+0000][8][gc,age      ] GC(103) - age   6:       2312 bytes,    1198592 total
[2021-05-01T03:50:00.507+0000][8][gc,age      ] GC(103) - age   7:       4624 bytes,    1203216 total
[2021-05-01T03:50:00.507+0000][8][gc,age      ] GC(103) - age   8:        144 bytes,    1203360 total
[2021-05-01T03:50:00.507+0000][8][gc,age      ] GC(103) - age   9:       2216 bytes,    1205576 total
[2021-05-01T03:50:00.507+0000][8][gc,age      ] GC(103) - age  10:       3880 bytes,    1209456 total
[2021-05-01T03:50:00.507+0000][8][gc,age      ] GC(103) - age  11:        112 bytes,    1209568 total
[2021-05-01T03:50:00.507+0000][8][gc,age      ] GC(103) - age  12:       4416 bytes,    1213984 total
[2021-05-01T03:50:00.507+0000][8][gc,age      ] GC(103) - age  13:       1680 bytes,    1215664 total
[2021-05-01T03:50:00.507+0000][8][gc,age      ] GC(103) - age  14:       3032 bytes,    1218696 total
[2021-05-01T03:50:00.507+0000][8][gc,age      ] GC(103) - age  15:      35880 bytes,    1254576 total
[2021-05-01T03:50:00.507+0000][8][gc,phases   ] GC(103)   Pre Evacuate Collection Set: 0.0ms
[2021-05-01T03:50:00.507+0000][8][gc,phases   ] GC(103)   Merge Heap Roots: 0.1ms
[2021-05-01T03:50:00.507+0000][8][gc,phases   ] GC(103)   Evacuate Collection Set: 1.1ms
[2021-05-01T03:50:00.507+0000][8][gc,phases   ] GC(103)   Post Evacuate Collection Set: 0.5ms
[2021-05-01T03:50:00.507+0000][8][gc,phases   ] GC(103)   Other: 0.2ms
[2021-05-01T03:50:00.507+0000][8][gc,heap     ] GC(103) Eden regions: 22->0(22)
[2021-05-01T03:50:00.507+0000][8][gc,heap     ] GC(103) Survivor regions: 1->1(3)
[2021-05-01T03:50:00.507+0000][8][gc,heap     ] GC(103) Old regions: 26->26
[2021-05-01T03:50:00.507+0000][8][gc,heap     ] GC(103) Archive regions: 2->2
[2021-05-01T03:50:00.507+0000][8][gc,heap     ] GC(103) Humongous regions: 2->2
[2021-05-01T03:50:00.507+0000][8][gc,metaspace] GC(103) Metaspace: 107642K(112276K)->107642K(112276K) NonClass: 93747K(97096K)->93747K(97096K) Class: 13894K(15180K)->13894K(15180K)
[2021-05-01T03:50:00.507+0000][8][gc          ] GC(103) Pause Young (Normal) (G1 Evacuation Pause) 203M->115M(256M) 2.029ms
[2021-05-01T03:50:00.507+0000][8][gc,cpu      ] GC(103) User=0.01s Sys=0.00s Real=0.01s
[2021-05-01T03:50:00.507+0000][8][safepoint   ] Safepoint "G1CollectForAllocation", Time since last: 5841758677 ns, Reaching safepoint: 84504 ns, At safepoint: 2091692 ns, Total: 2176196 ns
[2021-05-01T03:50:26.511+0000][8][safepoint   ] Safepoint "Cleanup", Time since last: 26003335687 ns, Reaching safepoint: 167330 ns, At safepoint: 10848 ns, Total: 178178 ns
[2021-05-01T03:51:18.516+0000][8][safepoint   ] Safepoint "Cleanup", Time since last: 52005356150 ns, Reaching safepoint: 99321 ns, At safepoint: 6454 ns, Total: 105775 ns
[2021-05-01T03:51:19.516+0000][8][safepoint   ] Safepoint "Cleanup", Time since last: 1000154931 ns, Reaching safepoint: 72569 ns, At safepoint: 5578 ns, Total: 78147 ns
[2021-05-01T03:51:24.517+0000][8][safepoint   ] Safepoint "Cleanup", Time since last: 5000939685 ns, Reaching safepoint: 172522 ns, At safepoint: 4959 ns, Total: 177481 ns
[2021-05-01T03:51:26.518+0000][8][safepoint   ] Safepoint "Cleanup", Time since last: 2000230686 ns, Reaching safepoint: 87290 ns, At safepoint: 5149 ns, Total: 92439 ns
[2021-05-01T03:52:02.524+0000][8][safepoint   ] Safepoint "Cleanup", Time since last: 36005875760 ns, Reaching safepoint: 153431 ns, At safepoint: 8462 ns, Total: 161893 ns
[2021-05-01T03:52:08.525+0000][8][safepoint   ] Safepoint "Cleanup", Time since last: 6000893002 ns, Reaching safepoint: 93082 ns, At safepoint: 5298 ns, Total: 98380 ns
[2021-05-01T03:52:16.466+0000][8][gc,start    ] GC(104) Pause Young (Concurrent Start) (G1 Evacuation Pause)
[2021-05-01T03:52:16.466+0000][8][gc,task     ] GC(104) Using 6 workers of 8 for evacuation
[2021-05-01T03:52:16.466+0000][8][gc,age      ] GC(104) Desired survivor size 6291456 bytes, new threshold 15 (max threshold 15)
[2021-05-01T03:52:16.468+0000][8][gc,age      ] GC(104) Age table with threshold 15 (max threshold 15)
[2021-05-01T03:52:16.468+0000][8][gc,age      ] GC(104) - age   1:     515184 bytes,     515184 total
[2021-05-01T03:52:16.468+0000][8][gc,age      ] GC(104) - age   2:     303696 bytes,     818880 total
[2021-05-01T03:52:16.468+0000][8][gc,age      ] GC(104) - age   3:       7520 bytes,     826400 total
[2021-05-01T03:52:16.468+0000][8][gc,age      ] GC(104) - age   4:     363592 bytes,    1189992 total
[2021-05-01T03:52:16.468+0000][8][gc,age      ] GC(104) - age   5:       3456 bytes,    1193448 total
[2021-05-01T03:52:16.468+0000][8][gc,age      ] GC(104) - age   6:       3752 bytes,    1197200 total
[2021-05-01T03:52:16.468+0000][8][gc,age      ] GC(104) - age   7:       2312 bytes,    1199512 total
[2021-05-01T03:52:16.468+0000][8][gc,age      ] GC(104) - age   8:       4624 bytes,    1204136 total
[2021-05-01T03:52:16.468+0000][8][gc,age      ] GC(104) - age   9:        144 bytes,    1204280 total
[2021-05-01T03:52:16.468+0000][8][gc,age      ] GC(104) - age  10:       2216 bytes,    1206496 total
[2021-05-01T03:52:16.468+0000][8][gc,age      ] GC(104) - age  11:       3880 bytes,    1210376 total
[2021-05-01T03:52:16.468+0000][8][gc,age      ] GC(104) - age  12:        112 bytes,    1210488 total
[2021-05-01T03:52:16.468+0000][8][gc,age      ] GC(104) - age  13:       4416 bytes,    1214904 total
[2021-05-01T03:52:16.468+0000][8][gc,age      ] GC(104) - age  14:       1680 bytes,    1216584 total
[2021-05-01T03:52:16.468+0000][8][gc,age      ] GC(104) - age  15:       3032 bytes,    1219616 total
[2021-05-01T03:52:16.468+0000][8][gc,phases   ] GC(104)   Pre Evacuate Collection Set: 0.1ms
[2021-05-01T03:52:16.468+0000][8][gc,phases   ] GC(104)   Merge Heap Roots: 0.0ms
[2021-05-01T03:52:16.468+0000][8][gc,phases   ] GC(104)   Evacuate Collection Set: 1.1ms
[2021-05-01T03:52:16.468+0000][8][gc,phases   ] GC(104)   Post Evacuate Collection Set: 0.4ms
[2021-05-01T03:52:16.468+0000][8][gc,phases   ] GC(104)   Other: 0.3ms
[2021-05-01T03:52:16.468+0000][8][gc,heap     ] GC(104) Eden regions: 22->0(22)
[2021-05-01T03:52:16.468+0000][8][gc,heap     ] GC(104) Survivor regions: 1->1(3)
[2021-05-01T03:52:16.468+0000][8][gc,heap     ] GC(104) Old regions: 26->26
[2021-05-01T03:52:16.468+0000][8][gc,heap     ] GC(104) Archive regions: 2->2
[2021-05-01T03:52:16.468+0000][8][gc,heap     ] GC(104) Humongous regions: 2->2
[2021-05-01T03:52:16.468+0000][8][gc,metaspace] GC(104) Metaspace: 107690K(112276K)->107690K(112276K) NonClass: 93795K(97096K)->93795K(97096K) Class: 13894K(15180K)->13894K(15180K)
[2021-05-01T03:52:16.468+0000][8][gc          ] GC(104) Pause Young (Concurrent Start) (G1 Evacuation Pause) 203M->115M(256M) 1.936ms
[2021-05-01T03:52:16.468+0000][8][gc,cpu      ] GC(104) User=0.01s Sys=0.00s Real=0.01s
[2021-05-01T03:52:16.468+0000][8][gc          ] GC(105) Concurrent Cycle
[2021-05-01T03:52:16.468+0000][8][safepoint   ] Safepoint "G1CollectForAllocation", Time since last: 7941261875 ns, Reaching safepoint: 197975 ns, At safepoint: 2013451 ns, Total: 2211426 ns
[2021-05-01T03:52:16.468+0000][8][gc,marking  ] GC(105) Concurrent Clear Claimed Marks
[2021-05-01T03:52:16.468+0000][8][gc,marking  ] GC(105) Concurrent Clear Claimed Marks 0.078ms
[2021-05-01T03:52:16.468+0000][8][gc,marking  ] GC(105) Concurrent Scan Root Regions
[2021-05-01T03:52:16.470+0000][8][gc,marking  ] GC(105) Concurrent Scan Root Regions 1.481ms
[2021-05-01T03:52:16.470+0000][8][gc,marking  ] GC(105) Concurrent Mark (5773.612s)
[2021-05-01T03:52:16.470+0000][8][gc,marking  ] GC(105) Concurrent Mark From Roots
[2021-05-01T03:52:16.470+0000][8][gc,task     ] GC(105) Using 2 workers of 2 for marking
[2021-05-01T03:52:16.552+0000][8][gc,marking  ] GC(105) Concurrent Mark From Roots 82.665ms
[2021-05-01T03:52:16.552+0000][8][gc,marking  ] GC(105) Concurrent Preclean
[2021-05-01T03:52:16.553+0000][8][gc,marking  ] GC(105) Concurrent Preclean 0.228ms
[2021-05-01T03:52:16.553+0000][8][gc,marking  ] GC(105) Concurrent Mark (5773.612s, 5773.695s) 82.945ms
[2021-05-01T03:52:16.553+0000][8][gc,start    ] GC(105) Pause Remark
[2021-05-01T03:52:16.559+0000][8][gc          ] GC(105) Pause Remark 115M->115M(256M) 5.944ms
[2021-05-01T03:52:16.559+0000][8][gc,cpu      ] GC(105) User=0.03s Sys=0.00s Real=0.01s
[2021-05-01T03:52:16.559+0000][8][safepoint   ] Safepoint "G1Concurrent", Time since last: 84582490 ns, Reaching safepoint: 87577 ns, At safepoint: 6033175 ns, Total: 6120752 ns
[2021-05-01T03:52:16.559+0000][8][gc,marking  ] GC(105) Concurrent Rebuild Remembered Sets
[2021-05-01T03:52:16.615+0000][8][gc,marking  ] GC(105) Concurrent Rebuild Remembered Sets 56.299ms
[2021-05-01T03:52:16.615+0000][8][gc,start    ] GC(105) Pause Cleanup
[2021-05-01T03:52:16.615+0000][8][gc          ] GC(105) Pause Cleanup 115M->115M(256M) 0.093ms
[2021-05-01T03:52:16.615+0000][8][gc,cpu      ] GC(105) User=0.00s Sys=0.00s Real=0.00s
[2021-05-01T03:52:16.615+0000][8][safepoint   ] Safepoint "G1Concurrent", Time since last: 56378978 ns, Reaching safepoint: 86029 ns, At safepoint: 139862 ns, Total: 225891 ns
[2021-05-01T03:52:16.616+0000][8][gc,marking  ] GC(105) Concurrent Cleanup for Next Mark
[2021-05-01T03:52:16.616+0000][8][gc,marking  ] GC(105) Concurrent Cleanup for Next Mark 0.459ms
[2021-05-01T03:52:16.616+0000][8][gc          ] GC(105) Concurrent Cycle 147.909ms
[2021-05-01T03:52:20.616+0000][8][safepoint   ] Safepoint "Cleanup", Time since last: 4000343768 ns, Reaching safepoint: 97447 ns, At safepoint: 5336 ns, Total: 102783 ns
[2021-05-01T03:52:26.617+0000][8][safepoint   ] Safepoint "Cleanup", Time since last: 6001130210 ns, Reaching safepoint: 107280 ns, At safepoint: 4589 ns, Total: 111869 ns
[2021-05-01T03:52:50.620+0000][8][safepoint   ] Safepoint "Cleanup", Time since last: 24002828259 ns, Reaching safepoint: 112505 ns, At safepoint: 6316 ns, Total: 118821 ns
[2021-05-01T03:53:10.624+0000][8][safepoint   ] Safepoint "Cleanup", Time since last: 20003538048 ns, Reaching safepoint: 89746 ns, At safepoint: 5355 ns, Total: 95101 ns
[2021-05-01T03:53:20.626+0000][8][safepoint   ] Safepoint "Cleanup", Time since last: 10002067463 ns, Reaching safepoint: 171126 ns, At safepoint: 6838 ns, Total: 177964 ns
[2021-05-01T03:53:26.627+0000][8][safepoint   ] Safepoint "Cleanup", Time since last: 6000996343 ns, Reaching safepoint: 138751 ns, At safepoint: 5746 ns, Total: 144497 ns
[2021-05-01T03:53:30.628+0000][8][safepoint   ] Safepoint "Cleanup", Time since last: 4000708774 ns, Reaching safepoint: 91606 ns, At safepoint: 6988 ns, Total: 98594 ns
[2021-05-01T03:53:50.631+0000][8][safepoint   ] Safepoint "Cleanup", Time since last: 20002884218 ns, Reaching safepoint: 103461 ns, At safepoint: 5302 ns, Total: 108763 ns
[2021-05-01T03:54:30.610+0000][8][gc,start    ] GC(106) Pause Young (Normal) (G1 Evacuation Pause)
[2021-05-01T03:54:30.610+0000][8][gc,task     ] GC(106) Using 6 workers of 8 for evacuation
[2021-05-01T03:54:30.610+0000][8][gc,age      ] GC(106) Desired survivor size 6291456 bytes, new threshold 15 (max threshold 15)
[2021-05-01T03:54:30.612+0000][8][gc,age      ] GC(106) Age table with threshold 15 (max threshold 15)
[2021-05-01T03:54:30.612+0000][8][gc,age      ] GC(106) - age   1:     508784 bytes,     508784 total
[2021-05-01T03:54:30.612+0000][8][gc,age      ] GC(106) - age   2:       2000 bytes,     510784 total
[2021-05-01T03:54:30.612+0000][8][gc,age      ] GC(106) - age   3:     182096 bytes,     692880 total
[2021-05-01T03:54:30.612+0000][8][gc,age      ] GC(106) - age   4:       7520 bytes,     700400 total
[2021-05-01T03:54:30.612+0000][8][gc,age      ] GC(106) - age   5:     363592 bytes,    1063992 total
[2021-05-01T03:54:30.612+0000][8][gc,age      ] GC(106) - age   6:       3456 bytes,    1067448 total
[2021-05-01T03:54:30.612+0000][8][gc,age      ] GC(106) - age   7:       3752 bytes,    1071200 total
[2021-05-01T03:54:30.612+0000][8][gc,age      ] GC(106) - age   8:       2312 bytes,    1073512 total
[2021-05-01T03:54:30.612+0000][8][gc,age      ] GC(106) - age   9:       4624 bytes,    1078136 total
[2021-05-01T03:54:30.612+0000][8][gc,age      ] GC(106) - age  10:        144 bytes,    1078280 total
[2021-05-01T03:54:30.612+0000][8][gc,age      ] GC(106) - age  11:       2216 bytes,    1080496 total
[2021-05-01T03:54:30.612+0000][8][gc,age      ] GC(106) - age  12:       3680 bytes,    1084176 total
[2021-05-01T03:54:30.612+0000][8][gc,age      ] GC(106) - age  13:        112 bytes,    1084288 total
[2021-05-01T03:54:30.612+0000][8][gc,age      ] GC(106) - age  14:       4416 bytes,    1088704 total
[2021-05-01T03:54:30.612+0000][8][gc,age      ] GC(106) - age  15:       1680 bytes,    1090384 total
[2021-05-01T03:54:30.612+0000][8][gc,phases   ] GC(106)   Pre Evacuate Collection Set: 0.0ms
[2021-05-01T03:54:30.612+0000][8][gc,phases   ] GC(106)   Merge Heap Roots: 0.0ms
[2021-05-01T03:54:30.612+0000][8][gc,phases   ] GC(106)   Evacuate Collection Set: 1.0ms
[2021-05-01T03:54:30.612+0000][8][gc,phases   ] GC(106)   Post Evacuate Collection Set: 0.6ms
[2021-05-01T03:54:30.612+0000][8][gc,phases   ] GC(106)   Other: 0.2ms
[2021-05-01T03:54:30.612+0000][8][gc,heap     ] GC(106) Eden regions: 22->0(22)
[2021-05-01T03:54:30.612+0000][8][gc,heap     ] GC(106) Survivor regions: 1->1(3)
[2021-05-01T03:54:30.612+0000][8][gc,heap     ] GC(106) Old regions: 26->26
[2021-05-01T03:54:30.612+0000][8][gc,heap     ] GC(106) Archive regions: 2->2
[2021-05-01T03:54:30.612+0000][8][gc,heap     ] GC(106) Humongous regions: 2->2
[2021-05-01T03:54:30.612+0000][8][gc,metaspace] GC(106) Metaspace: 107729K(112532K)->107729K(112532K) NonClass: 93834K(97352K)->93834K(97352K) Class: 13894K(15180K)->13894K(15180K)
[2021-05-01T03:54:30.612+0000][8][gc          ] GC(106) Pause Young (Normal) (G1 Evacuation Pause) 203M->115M(256M) 2.011ms
[2021-05-01T03:54:30.612+0000][8][gc,cpu      ] GC(106) User=0.01s Sys=0.00s Real=0.00s
[2021-05-01T03:54:30.612+0000][8][safepoint   ] Safepoint "G1CollectForAllocation", Time since last: 39978794557 ns, Reaching safepoint: 210308 ns, At safepoint: 2089550 ns, Total: 2299858 ns
[2021-05-01T03:55:20.620+0000][8][safepoint   ] Safepoint "Cleanup", Time since last: 50008331968 ns, Reaching safepoint: 109889 ns, At safepoint: 6257 ns, Total: 116146 ns
[2021-05-01T03:55:50.626+0000][8][safepoint   ] Safepoint "Cleanup", Time since last: 30004878588 ns, Reaching safepoint: 137355 ns, At safepoint: 7092 ns, Total: 144447 ns
[2021-05-01T03:56:26.632+0000][8][safepoint   ] Safepoint "Cleanup", Time since last: 36006811956 ns, Reaching safepoint: 101425 ns, At safepoint: 7678 ns, Total: 109103 ns
[2021-05-01T03:56:48.061+0000][8][gc,start    ] GC(107) Pause Young (Concurrent Start) (G1 Evacuation Pause)
[2021-05-01T03:56:48.061+0000][8][gc,task     ] GC(107) Using 6 workers of 8 for evacuation
[2021-05-01T03:56:48.061+0000][8][gc,age      ] GC(107) Desired survivor size 6291456 bytes, new threshold 15 (max threshold 15)
[2021-05-01T03:56:48.062+0000][8][gc,age      ] GC(107) Age table with threshold 15 (max threshold 15)
[2021-05-01T03:56:48.062+0000][8][gc,age      ] GC(107) - age   1:     516016 bytes,     516016 total
[2021-05-01T03:56:48.062+0000][8][gc,age      ] GC(107) - age   2:       2192 bytes,     518208 total
[2021-05-01T03:56:48.062+0000][8][gc,age      ] GC(107) - age   3:       1824 bytes,     520032 total
[2021-05-01T03:56:48.062+0000][8][gc,age      ] GC(107) - age   4:     182096 bytes,     702128 total
[2021-05-01T03:56:48.062+0000][8][gc,age      ] GC(107) - age   5:       4784 bytes,     706912 total
[2021-05-01T03:56:48.062+0000][8][gc,age      ] GC(107) - age   6:     363592 bytes,    1070504 total
[2021-05-01T03:56:48.062+0000][8][gc,age      ] GC(107) - age   7:       3456 bytes,    1073960 total
[2021-05-01T03:56:48.062+0000][8][gc,age      ] GC(107) - age   8:       3752 bytes,    1077712 total
[2021-05-01T03:56:48.062+0000][8][gc,age      ] GC(107) - age   9:       2312 bytes,    1080024 total
[2021-05-01T03:56:48.062+0000][8][gc,age      ] GC(107) - age  10:       4624 bytes,    1084648 total
[2021-05-01T03:56:48.062+0000][8][gc,age      ] GC(107) - age  11:        144 bytes,    1084792 total
[2021-05-01T03:56:48.062+0000][8][gc,age      ] GC(107) - age  12:       2216 bytes,    1087008 total
[2021-05-01T03:56:48.062+0000][8][gc,age      ] GC(107) - age  13:       3680 bytes,    1090688 total
[2021-05-01T03:56:48.062+0000][8][gc,age      ] GC(107) - age  14:        112 bytes,    1090800 total
[2021-05-01T03:56:48.062+0000][8][gc,age      ] GC(107) - age  15:       4416 bytes,    1095216 total
[2021-05-01T03:56:48.063+0000][8][gc,phases   ] GC(107)   Pre Evacuate Collection Set: 0.1ms
[2021-05-01T03:56:48.063+0000][8][gc,phases   ] GC(107)   Merge Heap Roots: 0.0ms
[2021-05-01T03:56:48.063+0000][8][gc,phases   ] GC(107)   Evacuate Collection Set: 1.0ms
[2021-05-01T03:56:48.063+0000][8][gc,phases   ] GC(107)   Post Evacuate Collection Set: 0.5ms
[2021-05-01T03:56:48.063+0000][8][gc,phases   ] GC(107)   Other: 0.2ms
[2021-05-01T03:56:48.063+0000][8][gc,heap     ] GC(107) Eden regions: 22->0(22)
[2021-05-01T03:56:48.063+0000][8][gc,heap     ] GC(107) Survivor regions: 1->1(3)
[2021-05-01T03:56:48.063+0000][8][gc,heap     ] GC(107) Old regions: 26->26
[2021-05-01T03:56:48.063+0000][8][gc,heap     ] GC(107) Archive regions: 2->2
[2021-05-01T03:56:48.063+0000][8][gc,heap     ] GC(107) Humongous regions: 2->2
[2021-05-01T03:56:48.063+0000][8][gc,metaspace] GC(107) Metaspace: 107732K(112532K)->107732K(112532K) NonClass: 93837K(97352K)->93837K(97352K) Class: 13894K(15180K)->13894K(15180K)
[2021-05-01T03:56:48.063+0000][8][gc          ] GC(107) Pause Young (Concurrent Start) (G1 Evacuation Pause) 203M->115M(256M) 2.001ms
[2021-05-01T03:56:48.063+0000][8][gc,cpu      ] GC(107) User=0.01s Sys=0.00s Real=0.00s
[2021-05-01T03:56:48.063+0000][8][gc          ] GC(108) Concurrent Cycle
[2021-05-01T03:56:48.063+0000][8][safepoint   ] Safepoint "G1CollectForAllocation", Time since last: 21428013385 ns, Reaching safepoint: 157192 ns, At safepoint: 2103908 ns, Total: 2261100 ns
[2021-05-01T03:56:48.063+0000][8][gc,marking  ] GC(108) Concurrent Clear Claimed Marks
[2021-05-01T03:56:48.063+0000][8][gc,marking  ] GC(108) Concurrent Clear Claimed Marks 0.094ms
[2021-05-01T03:56:48.063+0000][8][gc,marking  ] GC(108) Concurrent Scan Root Regions
[2021-05-01T03:56:48.064+0000][8][gc,marking  ] GC(108) Concurrent Scan Root Regions 1.470ms
[2021-05-01T03:56:48.064+0000][8][gc,marking  ] GC(108) Concurrent Mark (6045.206s)
[2021-05-01T03:56:48.064+0000][8][gc,marking  ] GC(108) Concurrent Mark From Roots
[2021-05-01T03:56:48.064+0000][8][gc,task     ] GC(108) Using 2 workers of 2 for marking
[2021-05-01T03:56:48.145+0000][8][gc,marking  ] GC(108) Concurrent Mark From Roots 80.995ms
[2021-05-01T03:56:48.145+0000][8][gc,marking  ] GC(108) Concurrent Preclean
[2021-05-01T03:56:48.146+0000][8][gc,marking  ] GC(108) Concurrent Preclean 0.238ms
[2021-05-01T03:56:48.146+0000][8][gc,marking  ] GC(108) Concurrent Mark (6045.206s, 6045.287s) 81.280ms
[2021-05-01T03:56:48.146+0000][8][gc,start    ] GC(108) Pause Remark
[2021-05-01T03:56:48.151+0000][8][gc          ] GC(108) Pause Remark 115M->115M(256M) 5.612ms
[2021-05-01T03:56:48.151+0000][8][gc,cpu      ] GC(108) User=0.03s Sys=0.00s Real=0.01s
[2021-05-01T03:56:48.152+0000][8][safepoint   ] Safepoint "G1Concurrent", Time since last: 82968063 ns, Reaching safepoint: 148945 ns, At safepoint: 5683679 ns, Total: 5832624 ns
[2021-05-01T03:56:48.152+0000][8][gc,marking  ] GC(108) Concurrent Rebuild Remembered Sets
[2021-05-01T03:56:48.206+0000][8][gc,marking  ] GC(108) Concurrent Rebuild Remembered Sets 54.603ms
[2021-05-01T03:56:48.206+0000][8][gc,start    ] GC(108) Pause Cleanup
[2021-05-01T03:56:48.206+0000][8][gc          ] GC(108) Pause Cleanup 115M->115M(256M) 0.068ms
[2021-05-01T03:56:48.206+0000][8][gc,cpu      ] GC(108) User=0.00s Sys=0.00s Real=0.00s
[2021-05-01T03:56:48.206+0000][8][safepoint   ] Safepoint "G1Concurrent", Time since last: 54703991 ns, Reaching safepoint: 129665 ns, At safepoint: 105464 ns, Total: 235129 ns
[2021-05-01T03:56:48.207+0000][8][gc,marking  ] GC(108) Concurrent Cleanup for Next Mark
[2021-05-01T03:56:48.207+0000][8][gc,marking  ] GC(108) Concurrent Cleanup for Next Mark 0.110ms
[2021-05-01T03:56:48.207+0000][8][gc          ] GC(108) Concurrent Cycle 143.936ms
[2021-05-01T03:58:37.414+0000][8][gc,start    ] GC(109) Pause Young (Normal) (G1 Evacuation Pause)
[2021-05-01T03:58:37.414+0000][8][gc,task     ] GC(109) Using 6 workers of 8 for evacuation
[2021-05-01T03:58:37.414+0000][8][gc,age      ] GC(109) Desired survivor size 6291456 bytes, new threshold 15 (max threshold 15)
[2021-05-01T03:58:37.417+0000][8][gc,age      ] GC(109) Age table with threshold 15 (max threshold 15)
[2021-05-01T03:58:37.417+0000][8][gc,age      ] GC(109) - age   1:     878904 bytes,     878904 total
[2021-05-01T03:58:37.417+0000][8][gc,age      ] GC(109) - age   2:       2960 bytes,     881864 total
[2021-05-01T03:58:37.417+0000][8][gc,age      ] GC(109) - age   3:       1672 bytes,     883536 total
[2021-05-01T03:58:37.417+0000][8][gc,age      ] GC(109) - age   4:       1824 bytes,     885360 total
[2021-05-01T03:58:37.417+0000][8][gc,age      ] GC(109) - age   5:      13192 bytes,     898552 total
[2021-05-01T03:58:37.417+0000][8][gc,age      ] GC(109) - age   6:       4784 bytes,     903336 total
[2021-05-01T03:58:37.417+0000][8][gc,age      ] GC(109) - age   7:     363592 bytes,    1266928 total
[2021-05-01T03:58:37.417+0000][8][gc,age      ] GC(109) - age   8:       3456 bytes,    1270384 total
[2021-05-01T03:58:37.417+0000][8][gc,age      ] GC(109) - age   9:       3752 bytes,    1274136 total
[2021-05-01T03:58:37.417+0000][8][gc,age      ] GC(109) - age  10:       1288 bytes,    1275424 total
[2021-05-01T03:58:37.417+0000][8][gc,age      ] GC(109) - age  11:       4624 bytes,    1280048 total
[2021-05-01T03:58:37.417+0000][8][gc,age      ] GC(109) - age  12:        144 bytes,    1280192 total
[2021-05-01T03:58:37.417+0000][8][gc,age      ] GC(109) - age  13:       2216 bytes,    1282408 total
[2021-05-01T03:58:37.417+0000][8][gc,age      ] GC(109) - age  14:       3680 bytes,    1286088 total
[2021-05-01T03:58:37.417+0000][8][gc,age      ] GC(109) - age  15:        112 bytes,    1286200 total
[2021-05-01T03:58:37.417+0000][8][gc,phases   ] GC(109)   Pre Evacuate Collection Set: 0.1ms
[2021-05-01T03:58:37.417+0000][8][gc,phases   ] GC(109)   Merge Heap Roots: 0.0ms
[2021-05-01T03:58:37.417+0000][8][gc,phases   ] GC(109)   Evacuate Collection Set: 1.7ms
[2021-05-01T03:58:37.417+0000][8][gc,phases   ] GC(109)   Post Evacuate Collection Set: 0.5ms
[2021-05-01T03:58:37.417+0000][8][gc,phases   ] GC(109)   Other: 0.3ms
[2021-05-01T03:58:37.417+0000][8][gc,heap     ] GC(109) Eden regions: 22->0(22)
[2021-05-01T03:58:37.417+0000][8][gc,heap     ] GC(109) Survivor regions: 1->1(3)
[2021-05-01T03:58:37.417+0000][8][gc,heap     ] GC(109) Old regions: 26->26
[2021-05-01T03:58:37.417+0000][8][gc,heap     ] GC(109) Archive regions: 2->2
[2021-05-01T03:58:37.417+0000][8][gc,heap     ] GC(109) Humongous regions: 2->2
[2021-05-01T03:58:37.417+0000][8][gc,metaspace] GC(109) Metaspace: 107767K(112532K)->107767K(112532K) NonClass: 93872K(97352K)->93872K(97352K) Class: 13894K(15180K)->13894K(15180K)
[2021-05-01T03:58:37.417+0000][8][gc          ] GC(109) Pause Young (Normal) (G1 Evacuation Pause) 203M->115M(256M) 2.657ms
[2021-05-01T03:58:37.417+0000][8][gc,cpu      ] GC(109) User=0.01s Sys=0.00s Real=0.01s
[2021-05-01T03:58:37.417+0000][8][safepoint   ] Safepoint "G1CollectForAllocation", Time since last: 109207668027 ns, Reaching safepoint: 127645 ns, At safepoint: 2736776 ns, Total: 2864421 ns
[2021-05-01T03:59:24.425+0000][8][safepoint   ] Safepoint "Cleanup", Time since last: 47008099205 ns, Reaching safepoint: 133215 ns, At safepoint: 5691 ns, Total: 138906 ns
[2021-05-01T03:59:25.425+0000][8][safepoint   ] Safepoint "Cleanup", Time since last: 1000165308 ns, Reaching safepoint: 71323 ns, At safepoint: 5740 ns, Total: 77063 ns
[2021-05-01T03:59:27.426+0000][8][safepoint   ] Safepoint "Cleanup", Time since last: 2000304102 ns, Reaching safepoint: 171970 ns, At safepoint: 7670 ns, Total: 179640 ns
[2021-05-01T03:59:54.430+0000][8][safepoint   ] Safepoint "Cleanup", Time since last: 27004076548 ns, Reaching safepoint: 147660 ns, At safepoint: 7476 ns, Total: 155136 ns
[2021-05-01T04:00:00.431+0000][8][safepoint   ] Safepoint "Cleanup", Time since last: 6000902412 ns, Reaching safepoint: 144075 ns, At safepoint: 6405 ns, Total: 150480 ns
[2021-05-01T04:00:27.391+0000][8][safepoint   ] Safepoint "Cleanup", Time since last: 26959774804 ns, Reaching safepoint: 113675 ns, At safepoint: 5799 ns, Total: 119474 ns
[2021-05-01T04:00:31.392+0000][8][safepoint   ] Safepoint "Cleanup", Time since last: 4000837367 ns, Reaching safepoint: 95690 ns, At safepoint: 4501 ns, Total: 100191 ns
[2021-05-01T04:00:55.874+0000][8][gc,start    ] GC(110) Pause Young (Concurrent Start) (G1 Evacuation Pause)
[2021-05-01T04:00:55.874+0000][8][gc,task     ] GC(110) Using 6 workers of 8 for evacuation
[2021-05-01T04:00:55.874+0000][8][gc,age      ] GC(110) Desired survivor size 6291456 bytes, new threshold 15 (max threshold 15)
[2021-05-01T04:00:55.875+0000][8][gc,age      ] GC(110) Age table with threshold 15 (max threshold 15)
[2021-05-01T04:00:55.875+0000][8][gc,age      ] GC(110) - age   1:     513240 bytes,     513240 total
[2021-05-01T04:00:55.875+0000][8][gc,age      ] GC(110) - age   2:     321664 bytes,     834904 total
[2021-05-01T04:00:55.875+0000][8][gc,age      ] GC(110) - age   3:       2792 bytes,     837696 total
[2021-05-01T04:00:55.875+0000][8][gc,age      ] GC(110) - age   4:       1648 bytes,     839344 total
[2021-05-01T04:00:55.875+0000][8][gc,age      ] GC(110) - age   5:       1744 bytes,     841088 total
[2021-05-01T04:00:55.875+0000][8][gc,age      ] GC(110) - age   6:       6640 bytes,     847728 total
[2021-05-01T04:00:55.875+0000][8][gc,age      ] GC(110) - age   7:       4784 bytes,     852512 total
[2021-05-01T04:00:55.875+0000][8][gc,age      ] GC(110) - age   8:     363560 bytes,    1216072 total
[2021-05-01T04:00:55.875+0000][8][gc,age      ] GC(110) - age   9:       3456 bytes,    1219528 total
[2021-05-01T04:00:55.875+0000][8][gc,age      ] GC(110) - age  10:       3752 bytes,    1223280 total
[2021-05-01T04:00:55.875+0000][8][gc,age      ] GC(110) - age  11:       1064 bytes,    1224344 total
[2021-05-01T04:00:55.875+0000][8][gc,age      ] GC(110) - age  12:       4624 bytes,    1228968 total
[2021-05-01T04:00:55.875+0000][8][gc,age      ] GC(110) - age  13:        144 bytes,    1229112 total
[2021-05-01T04:00:55.875+0000][8][gc,age      ] GC(110) - age  14:       2216 bytes,    1231328 total
[2021-05-01T04:00:55.875+0000][8][gc,age      ] GC(110) - age  15:       3680 bytes,    1235008 total
[2021-05-01T04:00:55.875+0000][8][gc,phases   ] GC(110)   Pre Evacuate Collection Set: 0.1ms
[2021-05-01T04:00:55.875+0000][8][gc,phases   ] GC(110)   Merge Heap Roots: 0.0ms
[2021-05-01T04:00:55.875+0000][8][gc,phases   ] GC(110)   Evacuate Collection Set: 1.0ms
[2021-05-01T04:00:55.875+0000][8][gc,phases   ] GC(110)   Post Evacuate Collection Set: 0.4ms
[2021-05-01T04:00:55.875+0000][8][gc,phases   ] GC(110)   Other: 0.2ms
[2021-05-01T04:00:55.875+0000][8][gc,heap     ] GC(110) Eden regions: 22->0(22)
[2021-05-01T04:00:55.875+0000][8][gc,heap     ] GC(110) Survivor regions: 1->1(3)
[2021-05-01T04:00:55.875+0000][8][gc,heap     ] GC(110) Old regions: 26->26
[2021-05-01T04:00:55.875+0000][8][gc,heap     ] GC(110) Archive regions: 2->2
[2021-05-01T04:00:55.875+0000][8][gc,heap     ] GC(110) Humongous regions: 2->2
[2021-05-01T04:00:55.875+0000][8][gc,metaspace] GC(110) Metaspace: 107769K(112532K)->107769K(112532K) NonClass: 93875K(97352K)->93875K(97352K) Class: 13894K(15180K)->13894K(15180K)
[2021-05-01T04:00:55.875+0000][8][gc          ] GC(110) Pause Young (Concurrent Start) (G1 Evacuation Pause) 203M->115M(256M) 1.841ms
[2021-05-01T04:00:55.875+0000][8][gc,cpu      ] GC(110) User=0.01s Sys=0.00s Real=0.01s
[2021-05-01T04:00:55.875+0000][8][safepoint   ] Safepoint "G1CollectForAllocation", Time since last: 24481285541 ns, Reaching safepoint: 146240 ns, At safepoint: 1900495 ns, Total: 2046735 ns
[2021-05-01T04:00:55.875+0000][8][gc          ] GC(111) Concurrent Cycle
[2021-05-01T04:00:55.875+0000][8][gc,marking  ] GC(111) Concurrent Clear Claimed Marks
[2021-05-01T04:00:55.875+0000][8][gc,marking  ] GC(111) Concurrent Clear Claimed Marks 0.055ms
[2021-05-01T04:00:55.875+0000][8][gc,marking  ] GC(111) Concurrent Scan Root Regions
[2021-05-01T04:00:55.877+0000][8][gc,marking  ] GC(111) Concurrent Scan Root Regions 1.402ms
[2021-05-01T04:00:55.877+0000][8][gc,marking  ] GC(111) Concurrent Mark (6293.019s)
[2021-05-01T04:00:55.877+0000][8][gc,marking  ] GC(111) Concurrent Mark From Roots
[2021-05-01T04:00:55.877+0000][8][gc,task     ] GC(111) Using 2 workers of 2 for marking
[2021-05-01T04:00:55.958+0000][8][gc,marking  ] GC(111) Concurrent Mark From Roots 80.656ms
[2021-05-01T04:00:55.958+0000][8][gc,marking  ] GC(111) Concurrent Preclean
[2021-05-01T04:00:55.958+0000][8][gc,marking  ] GC(111) Concurrent Preclean 0.230ms
[2021-05-01T04:00:55.958+0000][8][gc,marking  ] GC(111) Concurrent Mark (6293.019s, 6293.100s) 80.934ms
[2021-05-01T04:00:55.958+0000][8][gc,start    ] GC(111) Pause Remark
[2021-05-01T04:00:55.964+0000][8][gc          ] GC(111) Pause Remark 115M->115M(256M) 5.525ms
[2021-05-01T04:00:55.964+0000][8][gc,cpu      ] GC(111) User=0.03s Sys=0.00s Real=0.00s
[2021-05-01T04:00:55.964+0000][8][safepoint   ] Safepoint "G1Concurrent", Time since last: 82470220 ns, Reaching safepoint: 102416 ns, At safepoint: 5596425 ns, Total: 5698841 ns
[2021-05-01T04:00:55.964+0000][8][gc,marking  ] GC(111) Concurrent Rebuild Remembered Sets
[2021-05-01T04:00:56.019+0000][8][gc,marking  ] GC(111) Concurrent Rebuild Remembered Sets 55.833ms
[2021-05-01T04:00:56.020+0000][8][gc,start    ] GC(111) Pause Cleanup
[2021-05-01T04:00:56.020+0000][8][gc          ] GC(111) Pause Cleanup 115M->115M(256M) 0.070ms
[2021-05-01T04:00:56.020+0000][8][gc,cpu      ] GC(111) User=0.00s Sys=0.00s Real=0.00s
[2021-05-01T04:00:56.020+0000][8][safepoint   ] Safepoint "G1Concurrent", Time since last: 55999541 ns, Reaching safepoint: 89902 ns, At safepoint: 107431 ns, Total: 197333 ns
[2021-05-01T04:00:56.020+0000][8][gc,marking  ] GC(111) Concurrent Cleanup for Next Mark
[2021-05-01T04:00:56.020+0000][8][gc,marking  ] GC(111) Concurrent Cleanup for Next Mark 0.192ms
[2021-05-01T04:00:56.020+0000][8][gc          ] GC(111) Concurrent Cycle 144.619ms
[2021-05-01T04:00:58.020+0000][8][safepoint   ] Safepoint "Cleanup", Time since last: 2000399152 ns, Reaching safepoint: 109682 ns, At safepoint: 5862 ns, Total: 115544 ns
[2021-05-01T04:01:05.661+0000][8][safepoint   ] Safepoint "Cleanup", Time since last: 7640366977 ns, Reaching safepoint: 72074 ns, At safepoint: 5149 ns, Total: 77223 ns
[2021-05-01T04:01:24.663+0000][8][safepoint   ] Safepoint "Cleanup", Time since last: 19002584290 ns, Reaching safepoint: 98876 ns, At safepoint: 4964 ns, Total: 103840 ns
[2021-05-01T04:01:26.664+0000][8][safepoint   ] Safepoint "Cleanup", Time since last: 2000268740 ns, Reaching safepoint: 82822 ns, At safepoint: 6512 ns, Total: 89334 ns
[2021-05-01T04:01:33.665+0000][8][safepoint   ] Safepoint "Cleanup", Time since last: 7001545667 ns, Reaching safepoint: 92302 ns, At safepoint: 7721 ns, Total: 100023 ns
[2021-05-01T04:02:01.452+0000][8][safepoint   ] Safepoint "Cleanup", Time since last: 27786230011 ns, Reaching safepoint: 102639 ns, At safepoint: 6123 ns, Total: 108762 ns
[2021-05-01T04:02:05.453+0000][8][safepoint   ] Safepoint "Cleanup", Time since last: 4001078347 ns, Reaching safepoint: 143782 ns, At safepoint: 8423 ns, Total: 152205 ns
[2021-05-01T04:02:08.453+0000][8][safepoint   ] Safepoint "Cleanup", Time since last: 3000252011 ns, Reaching safepoint: 99694 ns, At safepoint: 5567 ns, Total: 105261 ns
[2021-05-01T04:02:24.456+0000][8][safepoint   ] Safepoint "Cleanup", Time since last: 16002189150 ns, Reaching safepoint: 113808 ns, At safepoint: 6166 ns, Total: 119974 ns
[2021-05-01T04:02:27.456+0000][8][safepoint   ] Safepoint "Cleanup", Time since last: 3000605365 ns, Reaching safepoint: 95797 ns, At safepoint: 5378 ns, Total: 101175 ns
[2021-05-01T04:03:00.462+0000][8][safepoint   ] Safepoint "Cleanup", Time since last: 33005611133 ns, Reaching safepoint: 96348 ns, At safepoint: 7612 ns, Total: 103960 ns
[2021-05-01T04:03:05.612+0000][8][gc,start    ] GC(112) Pause Young (Normal) (G1 Evacuation Pause)
[2021-05-01T04:03:05.612+0000][8][gc,task     ] GC(112) Using 6 workers of 8 for evacuation
[2021-05-01T04:03:05.612+0000][8][gc,age      ] GC(112) Desired survivor size 6291456 bytes, new threshold 15 (max threshold 15)
[2021-05-01T04:03:05.614+0000][8][gc,age      ] GC(112) Age table with threshold 15 (max threshold 15)
[2021-05-01T04:03:05.615+0000][8][gc,age      ] GC(112) - age   1:     548752 bytes,     548752 total
[2021-05-01T04:03:05.615+0000][8][gc,age      ] GC(112) - age   2:       7496 bytes,     556248 total
[2021-05-01T04:03:05.615+0000][8][gc,age      ] GC(112) - age   3:     280880 bytes,     837128 total
[2021-05-01T04:03:05.615+0000][8][gc,age      ] GC(112) - age   4:       2712 bytes,     839840 total
[2021-05-01T04:03:05.615+0000][8][gc,age      ] GC(112) - age   5:       1552 bytes,     841392 total
[2021-05-01T04:03:05.615+0000][8][gc,age      ] GC(112) - age   6:       1720 bytes,     843112 total
[2021-05-01T04:03:05.615+0000][8][gc,age      ] GC(112) - age   7:       6544 bytes,     849656 total
[2021-05-01T04:03:05.615+0000][8][gc,age      ] GC(112) - age   8:       4576 bytes,     854232 total
[2021-05-01T04:03:05.615+0000][8][gc,age      ] GC(112) - age   9:     363560 bytes,    1217792 total
[2021-05-01T04:03:05.615+0000][8][gc,age      ] GC(112) - age  10:       3296 bytes,    1221088 total
[2021-05-01T04:03:05.615+0000][8][gc,age      ] GC(112) - age  11:       3752 bytes,    1224840 total
[2021-05-01T04:03:05.615+0000][8][gc,age      ] GC(112) - age  12:       1064 bytes,    1225904 total
[2021-05-01T04:03:05.615+0000][8][gc,age      ] GC(112) - age  13:       4624 bytes,    1230528 total
[2021-05-01T04:03:05.615+0000][8][gc,age      ] GC(112) - age  14:        144 bytes,    1230672 total
[2021-05-01T04:03:05.615+0000][8][gc,age      ] GC(112) - age  15:       2216 bytes,    1232888 total
[2021-05-01T04:03:05.615+0000][8][gc,phases   ] GC(112)   Pre Evacuate Collection Set: 0.1ms
[2021-05-01T04:03:05.615+0000][8][gc,phases   ] GC(112)   Merge Heap Roots: 0.0ms
[2021-05-01T04:03:05.615+0000][8][gc,phases   ] GC(112)   Evacuate Collection Set: 1.3ms
[2021-05-01T04:03:05.615+0000][8][gc,phases   ] GC(112)   Post Evacuate Collection Set: 0.6ms
[2021-05-01T04:03:05.615+0000][8][gc,phases   ] GC(112)   Other: 0.3ms
[2021-05-01T04:03:05.615+0000][8][gc,heap     ] GC(112) Eden regions: 22->0(22)
[2021-05-01T04:03:05.615+0000][8][gc,heap     ] GC(112) Survivor regions: 1->1(3)
[2021-05-01T04:03:05.615+0000][8][gc,heap     ] GC(112) Old regions: 26->26
[2021-05-01T04:03:05.615+0000][8][gc,heap     ] GC(112) Archive regions: 2->2
[2021-05-01T04:03:05.615+0000][8][gc,heap     ] GC(112) Humongous regions: 2->2
[2021-05-01T04:03:05.615+0000][8][gc,metaspace] GC(112) Metaspace: 107771K(112532K)->107771K(112532K) NonClass: 93876K(97352K)->93876K(97352K) Class: 13894K(15180K)->13894K(15180K)
[2021-05-01T04:03:05.615+0000][8][gc          ] GC(112) Pause Young (Normal) (G1 Evacuation Pause) 203M->115M(256M) 2.438ms
[2021-05-01T04:03:05.615+0000][8][gc,cpu      ] GC(112) User=0.01s Sys=0.00s Real=0.01s
[2021-05-01T04:03:05.615+0000][8][safepoint   ] Safepoint "G1CollectForAllocation", Time since last: 5150153757 ns, Reaching safepoint: 98015 ns, At safepoint: 2533108 ns, Total: 2631123 ns
[2021-05-01T04:03:26.619+0000][8][safepoint   ] Safepoint "Cleanup", Time since last: 21003827606 ns, Reaching safepoint: 128684 ns, At safepoint: 6959 ns, Total: 135643 ns
[2021-05-01T04:03:30.619+0000][8][safepoint   ] Safepoint "Cleanup", Time since last: 4000441457 ns, Reaching safepoint: 145011 ns, At safepoint: 7760 ns, Total: 152771 ns
[2021-05-01T04:03:58.625+0000][8][safepoint   ] Safepoint "Cleanup", Time since last: 28005232688 ns, Reaching safepoint: 96978 ns, At safepoint: 5653 ns, Total: 102631 ns
[2021-05-01T04:04:00.625+0000][8][safepoint   ] Safepoint "Cleanup", Time since last: 2000537879 ns, Reaching safepoint: 106013 ns, At safepoint: 7407 ns, Total: 113420 ns
[2021-05-01T04:04:28.629+0000][8][safepoint   ] Safepoint "Cleanup", Time since last: 28003537408 ns, Reaching safepoint: 110269 ns, At safepoint: 7072 ns, Total: 117341 ns
[2021-05-01T04:04:30.636+0000][8][safepoint   ] Safepoint "Cleanup", Time since last: 2007135396 ns, Reaching safepoint: 91822 ns, At safepoint: 5870 ns, Total: 97692 ns
[2021-05-01T04:04:35.637+0000][8][safepoint   ] Safepoint "Cleanup", Time since last: 5000889931 ns, Reaching safepoint: 99110 ns, At safepoint: 4709 ns, Total: 103819 ns
[2021-05-01T04:04:55.640+0000][8][safepoint   ] Safepoint "Cleanup", Time since last: 20003095170 ns, Reaching safepoint: 112936 ns, At safepoint: 5940 ns, Total: 118876 ns
[2021-05-01T04:05:28.133+0000][8][gc,start    ] GC(113) Pause Young (Concurrent Start) (G1 Evacuation Pause)
[2021-05-01T04:05:28.133+0000][8][gc,task     ] GC(113) Using 6 workers of 8 for evacuation
[2021-05-01T04:05:28.133+0000][8][gc,age      ] GC(113) Desired survivor size 6291456 bytes, new threshold 15 (max threshold 15)
[2021-05-01T04:05:28.135+0000][8][gc,age      ] GC(113) Age table with threshold 15 (max threshold 15)
[2021-05-01T04:05:28.135+0000][8][gc,age      ] GC(113) - age   1:     513512 bytes,     513512 total
[2021-05-01T04:05:28.135+0000][8][gc,age      ] GC(113) - age   2:       3160 bytes,     516672 total
[2021-05-01T04:05:28.135+0000][8][gc,age      ] GC(113) - age   3:       6784 bytes,     523456 total
[2021-05-01T04:05:28.135+0000][8][gc,age      ] GC(113) - age   4:     200368 bytes,     723824 total
[2021-05-01T04:05:28.135+0000][8][gc,age      ] GC(113) - age   5:       2712 bytes,     726536 total
[2021-05-01T04:05:28.135+0000][8][gc,age      ] GC(113) - age   6:       1552 bytes,     728088 total
[2021-05-01T04:05:28.135+0000][8][gc,age      ] GC(113) - age   7:       1720 bytes,     729808 total
[2021-05-01T04:05:28.135+0000][8][gc,age      ] GC(113) - age   8:       6504 bytes,     736312 total
[2021-05-01T04:05:28.135+0000][8][gc,age      ] GC(113) - age   9:       4576 bytes,     740888 total
[2021-05-01T04:05:28.135+0000][8][gc,age      ] GC(113) - age  10:     363560 bytes,    1104448 total
[2021-05-01T04:05:28.135+0000][8][gc,age      ] GC(113) - age  11:       3296 bytes,    1107744 total
[2021-05-01T04:05:28.135+0000][8][gc,age      ] GC(113) - age  12:       3752 bytes,    1111496 total
[2021-05-01T04:05:28.135+0000][8][gc,age      ] GC(113) - age  13:        968 bytes,    1112464 total
[2021-05-01T04:05:28.135+0000][8][gc,age      ] GC(113) - age  14:       4624 bytes,    1117088 total
[2021-05-01T04:05:28.135+0000][8][gc,age      ] GC(113) - age  15:        144 bytes,    1117232 total
[2021-05-01T04:05:28.135+0000][8][gc,phases   ] GC(113)   Pre Evacuate Collection Set: 0.1ms
[2021-05-01T04:05:28.135+0000][8][gc,phases   ] GC(113)   Merge Heap Roots: 0.0ms
[2021-05-01T04:05:28.135+0000][8][gc,phases   ] GC(113)   Evacuate Collection Set: 0.8ms
[2021-05-01T04:05:28.135+0000][8][gc,phases   ] GC(113)   Post Evacuate Collection Set: 0.4ms
[2021-05-01T04:05:28.135+0000][8][gc,phases   ] GC(113)   Other: 0.3ms
[2021-05-01T04:05:28.135+0000][8][gc,heap     ] GC(113) Eden regions: 22->0(22)
[2021-05-01T04:05:28.135+0000][8][gc,heap     ] GC(113) Survivor regions: 1->1(3)
[2021-05-01T04:05:28.135+0000][8][gc,heap     ] GC(113) Old regions: 26->26
[2021-05-01T04:05:28.135+0000][8][gc,heap     ] GC(113) Archive regions: 2->2
[2021-05-01T04:05:28.135+0000][8][gc,heap     ] GC(113) Humongous regions: 2->2
[2021-05-01T04:05:28.135+0000][8][gc,metaspace] GC(113) Metaspace: 107772K(112532K)->107772K(112532K) NonClass: 93877K(97352K)->93877K(97352K) Class: 13894K(15180K)->13894K(15180K)
[2021-05-01T04:05:28.135+0000][8][gc          ] GC(113) Pause Young (Concurrent Start) (G1 Evacuation Pause) 203M->115M(256M) 1.683ms
[2021-05-01T04:05:28.135+0000][8][gc,cpu      ] GC(113) User=0.01s Sys=0.00s Real=0.01s
[2021-05-01T04:05:28.135+0000][8][gc          ] GC(114) Concurrent Cycle
[2021-05-01T04:05:28.135+0000][8][safepoint   ] Safepoint "G1CollectForAllocation", Time since last: 32492694953 ns, Reaching safepoint: 142122 ns, At safepoint: 1765040 ns, Total: 1907162 ns
[2021-05-01T04:05:28.135+0000][8][gc,marking  ] GC(114) Concurrent Clear Claimed Marks
[2021-05-01T04:05:28.135+0000][8][gc,marking  ] GC(114) Concurrent Clear Claimed Marks 0.094ms
[2021-05-01T04:05:28.135+0000][8][gc,marking  ] GC(114) Concurrent Scan Root Regions
[2021-05-01T04:05:28.137+0000][8][gc,marking  ] GC(114) Concurrent Scan Root Regions 1.342ms
[2021-05-01T04:05:28.137+0000][8][gc,marking  ] GC(114) Concurrent Mark (6565.278s)
[2021-05-01T04:05:28.137+0000][8][gc,marking  ] GC(114) Concurrent Mark From Roots
[2021-05-01T04:05:28.137+0000][8][gc,task     ] GC(114) Using 2 workers of 2 for marking
[2021-05-01T04:05:28.218+0000][8][gc,marking  ] GC(114) Concurrent Mark From Roots 81.653ms
[2021-05-01T04:05:28.218+0000][8][gc,marking  ] GC(114) Concurrent Preclean
[2021-05-01T04:05:28.219+0000][8][gc,marking  ] GC(114) Concurrent Preclean 0.253ms
[2021-05-01T04:05:28.219+0000][8][gc,marking  ] GC(114) Concurrent Mark (6565.278s, 6565.360s) 81.960ms
[2021-05-01T04:05:28.219+0000][8][gc,start    ] GC(114) Pause Remark
[2021-05-01T04:05:28.228+0000][8][gc          ] GC(114) Pause Remark 115M->115M(256M) 9.651ms
[2021-05-01T04:05:28.228+0000][8][gc,cpu      ] GC(114) User=0.06s Sys=0.00s Real=0.01s
[2021-05-01T04:05:28.228+0000][8][safepoint   ] Safepoint "G1Concurrent", Time since last: 83503163 ns, Reaching safepoint: 74693 ns, At safepoint: 9720531 ns, Total: 9795224 ns
[2021-05-01T04:05:28.228+0000][8][gc,marking  ] GC(114) Concurrent Rebuild Remembered Sets
[2021-05-01T04:05:28.283+0000][8][gc,marking  ] GC(114) Concurrent Rebuild Remembered Sets 54.594ms
[2021-05-01T04:05:28.283+0000][8][gc,start    ] GC(114) Pause Cleanup
[2021-05-01T04:05:28.283+0000][8][gc          ] GC(114) Pause Cleanup 115M->115M(256M) 0.082ms
[2021-05-01T04:05:28.283+0000][8][gc,cpu      ] GC(114) User=0.00s Sys=0.00s Real=0.00s
[2021-05-01T04:05:28.283+0000][8][safepoint   ] Safepoint "G1Concurrent", Time since last: 54726772 ns, Reaching safepoint: 107589 ns, At safepoint: 123444 ns, Total: 231033 ns
[2021-05-01T04:05:28.283+0000][8][gc,marking  ] GC(114) Concurrent Cleanup for Next Mark
[2021-05-01T04:05:28.284+0000][8][gc,marking  ] GC(114) Concurrent Cleanup for Next Mark 0.223ms
[2021-05-01T04:05:28.284+0000][8][gc          ] GC(114) Concurrent Cycle 148.588ms
[2021-05-01T04:05:29.284+0000][8][safepoint   ] Safepoint "Cleanup", Time since last: 1000112643 ns, Reaching safepoint: 110786 ns, At safepoint: 8309 ns, Total: 119095 ns
[2021-05-01T04:05:30.284+0000][8][safepoint   ] Safepoint "Cleanup", Time since last: 1000229761 ns, Reaching safepoint: 157396 ns, At safepoint: 5525 ns, Total: 162921 ns
[2021-05-01T04:05:31.284+0000][8][safepoint   ] Safepoint "Cleanup", Time since last: 1000275582 ns, Reaching safepoint: 228905 ns, At safepoint: 7639 ns, Total: 236544 ns
[2021-05-01T04:05:38.287+0000][8][safepoint   ] Safepoint "Cleanup", Time since last: 7002385848 ns, Reaching safepoint: 99059 ns, At safepoint: 9380 ns, Total: 108439 ns
[2021-05-01T04:05:51.290+0000][8][safepoint   ] Safepoint "Cleanup", Time since last: 13002898547 ns, Reaching safepoint: 172649 ns, At safepoint: 7425 ns, Total: 180074 ns
[2021-05-01T04:05:55.291+0000][8][safepoint   ] Safepoint "Cleanup", Time since last: 4001209987 ns, Reaching safepoint: 150869 ns, At safepoint: 6778 ns, Total: 157647 ns
[2021-05-01T04:05:58.292+0000][8][safepoint   ] Safepoint "Cleanup", Time since last: 3000740074 ns, Reaching safepoint: 139824 ns, At safepoint: 7246 ns, Total: 147070 ns
[2021-05-01T04:06:01.293+0000][8][safepoint   ] Safepoint "Cleanup", Time since last: 3000697755 ns, Reaching safepoint: 100002 ns, At safepoint: 8795 ns, Total: 108797 ns
[2021-05-01T04:06:21.297+0000][8][safepoint   ] Safepoint "Cleanup", Time since last: 20003295289 ns, Reaching safepoint: 179091 ns, At safepoint: 6918 ns, Total: 186009 ns
[2021-05-01T04:06:26.298+0000][8][safepoint   ] Safepoint "Cleanup", Time since last: 5000825890 ns, Reaching safepoint: 144205 ns, At safepoint: 5864 ns, Total: 150069 ns
[2021-05-01T04:06:27.298+0000][8][safepoint   ] Safepoint "Cleanup", Time since last: 1000243225 ns, Reaching safepoint: 202230 ns, At safepoint: 5698 ns, Total: 207928 ns
[2021-05-01T04:06:55.303+0000][8][safepoint   ] Safepoint "Cleanup", Time since last: 28004794189 ns, Reaching safepoint: 141302 ns, At safepoint: 6867 ns, Total: 148169 ns
[2021-05-01T04:06:56.303+0000][8][safepoint   ] Safepoint "Cleanup", Time since last: 1000309227 ns, Reaching safepoint: 201874 ns, At safepoint: 7816 ns, Total: 209690 ns
[2021-05-01T04:07:00.304+0000][8][safepoint   ] Safepoint "Cleanup", Time since last: 4000559698 ns, Reaching safepoint: 78059 ns, At safepoint: 6530 ns, Total: 84589 ns
[2021-05-01T04:07:28.308+0000][8][safepoint   ] Safepoint "Cleanup", Time since last: 28004173752 ns, Reaching safepoint: 180191 ns, At safepoint: 9129 ns, Total: 189320 ns
[2021-05-01T04:07:31.309+0000][8][safepoint   ] Safepoint "Cleanup", Time since last: 3000493296 ns, Reaching safepoint: 136656 ns, At safepoint: 5523 ns, Total: 142179 ns
[2021-05-01T04:07:35.647+0000][8][gc,start    ] GC(115) Pause Young (Normal) (G1 Evacuation Pause)
[2021-05-01T04:07:35.647+0000][8][gc,task     ] GC(115) Using 6 workers of 8 for evacuation
[2021-05-01T04:07:35.647+0000][8][gc,age      ] GC(115) Desired survivor size 6291456 bytes, new threshold 15 (max threshold 15)
[2021-05-01T04:07:35.648+0000][8][gc,age      ] GC(115) Age table with threshold 15 (max threshold 15)
[2021-05-01T04:07:35.648+0000][8][gc,age      ] GC(115) - age   1:     570472 bytes,     570472 total
[2021-05-01T04:07:35.649+0000][8][gc,age      ] GC(115) - age   2:       2544 bytes,     573016 total
[2021-05-01T04:07:35.649+0000][8][gc,age      ] GC(115) - age   3:       3016 bytes,     576032 total
[2021-05-01T04:07:35.649+0000][8][gc,age      ] GC(115) - age   4:       6784 bytes,     582816 total
[2021-05-01T04:07:35.649+0000][8][gc,age      ] GC(115) - age   5:     200368 bytes,     783184 total
[2021-05-01T04:07:35.649+0000][8][gc,age      ] GC(115) - age   6:        120 bytes,     783304 total
[2021-05-01T04:07:35.649+0000][8][gc,age      ] GC(115) - age   7:       1552 bytes,     784856 total
[2021-05-01T04:07:35.649+0000][8][gc,age      ] GC(115) - age   8:       1720 bytes,     786576 total
[2021-05-01T04:07:35.649+0000][8][gc,age      ] GC(115) - age   9:       6264 bytes,     792840 total
[2021-05-01T04:07:35.649+0000][8][gc,age      ] GC(115) - age  10:       4576 bytes,     797416 total
[2021-05-01T04:07:35.649+0000][8][gc,age      ] GC(115) - age  11:     363464 bytes,    1160880 total
[2021-05-01T04:07:35.649+0000][8][gc,age      ] GC(115) - age  12:       3296 bytes,    1164176 total
[2021-05-01T04:07:35.649+0000][8][gc,age      ] GC(115) - age  13:       3752 bytes,    1167928 total
[2021-05-01T04:07:35.649+0000][8][gc,age      ] GC(115) - age  14:        968 bytes,    1168896 total
[2021-05-01T04:07:35.649+0000][8][gc,age      ] GC(115) - age  15:       4624 bytes,    1173520 total
[2021-05-01T04:07:35.649+0000][8][gc,phases   ] GC(115)   Pre Evacuate Collection Set: 0.0ms
[2021-05-01T04:07:35.649+0000][8][gc,phases   ] GC(115)   Merge Heap Roots: 0.0ms
[2021-05-01T04:07:35.649+0000][8][gc,phases   ] GC(115)   Evacuate Collection Set: 0.9ms
[2021-05-01T04:07:35.649+0000][8][gc,phases   ] GC(115)   Post Evacuate Collection Set: 0.6ms
[2021-05-01T04:07:35.649+0000][8][gc,phases   ] GC(115)   Other: 0.2ms
[2021-05-01T04:07:35.649+0000][8][gc,heap     ] GC(115) Eden regions: 22->0(22)
[2021-05-01T04:07:35.649+0000][8][gc,heap     ] GC(115) Survivor regions: 1->1(3)
[2021-05-01T04:07:35.649+0000][8][gc,heap     ] GC(115) Old regions: 26->26
[2021-05-01T04:07:35.649+0000][8][gc,heap     ] GC(115) Archive regions: 2->2
[2021-05-01T04:07:35.649+0000][8][gc,heap     ] GC(115) Humongous regions: 2->2
[2021-05-01T04:07:35.649+0000][8][gc,metaspace] GC(115) Metaspace: 107768K(112532K)->107768K(112532K) NonClass: 93873K(97352K)->93873K(97352K) Class: 13894K(15180K)->13894K(15180K)
[2021-05-01T04:07:35.649+0000][8][gc          ] GC(115) Pause Young (Normal) (G1 Evacuation Pause) 203M->115M(256M) 1.792ms
[2021-05-01T04:07:35.649+0000][8][gc,cpu      ] GC(115) User=0.00s Sys=0.00s Real=0.00s
[2021-05-01T04:07:35.649+0000][8][safepoint   ] Safepoint "G1CollectForAllocation", Time since last: 4337569107 ns, Reaching safepoint: 139328 ns, At safepoint: 1845918 ns, Total: 1985246 ns
[2021-05-01T04:08:00.655+0000][8][safepoint   ] Safepoint "Cleanup", Time since last: 25005911387 ns, Reaching safepoint: 112015 ns, At safepoint: 6863 ns, Total: 118878 ns
[2021-05-01T04:08:26.662+0000][8][safepoint   ] Safepoint "Cleanup", Time since last: 26007061361 ns, Reaching safepoint: 121486 ns, At safepoint: 5556 ns, Total: 127042 ns
[2021-05-01T04:08:37.664+0000][8][safepoint   ] Safepoint "Cleanup", Time since last: 11001744660 ns, Reaching safepoint: 244614 ns, At safepoint: 5630 ns, Total: 250244 ns
[2021-05-01T04:08:38.664+0000][8][safepoint   ] Safepoint "Cleanup", Time since last: 1000464610 ns, Reaching safepoint: 117451 ns, At safepoint: 6982 ns, Total: 124433 ns
[2021-05-01T04:08:39.665+0000][8][safepoint   ] Safepoint "Cleanup", Time since last: 1000354053 ns, Reaching safepoint: 115116 ns, At safepoint: 6177 ns, Total: 121293 ns
[2021-05-01T04:09:25.973+0000][8][gc,start    ] GC(116) Pause Young (Concurrent Start) (G1 Evacuation Pause)
[2021-05-01T04:09:25.973+0000][8][gc,task     ] GC(116) Using 6 workers of 8 for evacuation
[2021-05-01T04:09:25.973+0000][8][gc,age      ] GC(116) Desired survivor size 6291456 bytes, new threshold 15 (max threshold 15)
[2021-05-01T04:09:25.974+0000][8][gc,age      ] GC(116) Age table with threshold 15 (max threshold 15)
[2021-05-01T04:09:25.974+0000][8][gc,age      ] GC(116) - age   1:     806240 bytes,     806240 total
[2021-05-01T04:09:25.974+0000][8][gc,age      ] GC(116) - age   2:      40584 bytes,     846824 total
[2021-05-01T04:09:25.974+0000][8][gc,age      ] GC(116) - age   3:       2304 bytes,     849128 total
[2021-05-01T04:09:25.974+0000][8][gc,age      ] GC(116) - age   4:       2792 bytes,     851920 total
[2021-05-01T04:09:25.974+0000][8][gc,age      ] GC(116) - age   5:       5744 bytes,     857664 total
[2021-05-01T04:09:25.974+0000][8][gc,age      ] GC(116) - age   6:      52064 bytes,     909728 total
[2021-05-01T04:09:25.974+0000][8][gc,age      ] GC(116) - age   7:         80 bytes,     909808 total
[2021-05-01T04:09:25.974+0000][8][gc,age      ] GC(116) - age   8:       1512 bytes,     911320 total
[2021-05-01T04:09:25.974+0000][8][gc,age      ] GC(116) - age   9:       1720 bytes,     913040 total
[2021-05-01T04:09:25.974+0000][8][gc,age      ] GC(116) - age  10:       1848 bytes,     914888 total
[2021-05-01T04:09:25.974+0000][8][gc,age      ] GC(116) - age  11:       4576 bytes,     919464 total
[2021-05-01T04:09:25.974+0000][8][gc,age      ] GC(116) - age  12:     363264 bytes,    1282728 total
[2021-05-01T04:09:25.974+0000][8][gc,age      ] GC(116) - age  13:       3296 bytes,    1286024 total
[2021-05-01T04:09:25.974+0000][8][gc,age      ] GC(116) - age  14:       3752 bytes,    1289776 total
[2021-05-01T04:09:25.974+0000][8][gc,age      ] GC(116) - age  15:        656 bytes,    1290432 total
[2021-05-01T04:09:25.975+0000][8][gc,phases   ] GC(116)   Pre Evacuate Collection Set: 0.1ms
[2021-05-01T04:09:25.975+0000][8][gc,phases   ] GC(116)   Merge Heap Roots: 0.0ms
[2021-05-01T04:09:25.975+0000][8][gc,phases   ] GC(116)   Evacuate Collection Set: 1.0ms
[2021-05-01T04:09:25.975+0000][8][gc,phases   ] GC(116)   Post Evacuate Collection Set: 0.4ms
[2021-05-01T04:09:25.975+0000][8][gc,phases   ] GC(116)   Other: 0.2ms
[2021-05-01T04:09:25.975+0000][8][gc,heap     ] GC(116) Eden regions: 22->0(22)
[2021-05-01T04:09:25.975+0000][8][gc,heap     ] GC(116) Survivor regions: 1->1(3)
[2021-05-01T04:09:25.975+0000][8][gc,heap     ] GC(116) Old regions: 26->26
[2021-05-01T04:09:25.975+0000][8][gc,heap     ] GC(116) Archive regions: 2->2
[2021-05-01T04:09:25.975+0000][8][gc,heap     ] GC(116) Humongous regions: 2->2
[2021-05-01T04:09:25.975+0000][8][gc,metaspace] GC(116) Metaspace: 107810K(112532K)->107810K(112532K) NonClass: 93916K(97352K)->93916K(97352K) Class: 13894K(15180K)->13894K(15180K)
[2021-05-01T04:09:25.975+0000][8][gc          ] GC(116) Pause Young (Concurrent Start) (G1 Evacuation Pause) 203M->115M(256M) 1.828ms
[2021-05-01T04:09:25.975+0000][8][gc,cpu      ] GC(116) User=0.01s Sys=0.00s Real=0.00s
[2021-05-01T04:09:25.975+0000][8][safepoint   ] Safepoint "G1CollectForAllocation", Time since last: 46307626335 ns, Reaching safepoint: 151032 ns, At safepoint: 1896586 ns, Total: 2047618 ns
[2021-05-01T04:09:25.975+0000][8][gc          ] GC(117) Concurrent Cycle
[2021-05-01T04:09:25.975+0000][8][gc,marking  ] GC(117) Concurrent Clear Claimed Marks
[2021-05-01T04:09:25.975+0000][8][gc,marking  ] GC(117) Concurrent Clear Claimed Marks 0.059ms
[2021-05-01T04:09:25.975+0000][8][gc,marking  ] GC(117) Concurrent Scan Root Regions
[2021-05-01T04:09:25.976+0000][8][gc,marking  ] GC(117) Concurrent Scan Root Regions 1.179ms
[2021-05-01T04:09:25.976+0000][8][gc,marking  ] GC(117) Concurrent Mark (6803.118s)
[2021-05-01T04:09:25.976+0000][8][gc,marking  ] GC(117) Concurrent Mark From Roots
[2021-05-01T04:09:25.976+0000][8][gc,task     ] GC(117) Using 2 workers of 2 for marking
[2021-05-01T04:09:26.057+0000][8][gc,marking  ] GC(117) Concurrent Mark From Roots 81.074ms
[2021-05-01T04:09:26.057+0000][8][gc,marking  ] GC(117) Concurrent Preclean
[2021-05-01T04:09:26.057+0000][8][gc,marking  ] GC(117) Concurrent Preclean 0.234ms
[2021-05-01T04:09:26.057+0000][8][gc,marking  ] GC(117) Concurrent Mark (6803.118s, 6803.199s) 81.356ms
[2021-05-01T04:09:26.057+0000][8][gc,start    ] GC(117) Pause Remark
[2021-05-01T04:09:26.063+0000][8][gc          ] GC(117) Pause Remark 115M->115M(256M) 5.397ms
[2021-05-01T04:09:26.063+0000][8][gc,cpu      ] GC(117) User=0.03s Sys=0.00s Real=0.00s
[2021-05-01T04:09:26.063+0000][8][safepoint   ] Safepoint "G1Concurrent", Time since last: 82706067 ns, Reaching safepoint: 77802 ns, At safepoint: 5467538 ns, Total: 5545340 ns
[2021-05-01T04:09:26.063+0000][8][gc,marking  ] GC(117) Concurrent Rebuild Remembered Sets
[2021-05-01T04:09:26.116+0000][8][gc,marking  ] GC(117) Concurrent Rebuild Remembered Sets 53.267ms
[2021-05-01T04:09:26.116+0000][8][gc,start    ] GC(117) Pause Cleanup
[2021-05-01T04:09:26.116+0000][8][gc          ] GC(117) Pause Cleanup 115M->115M(256M) 0.068ms
[2021-05-01T04:09:26.116+0000][8][gc,cpu      ] GC(117) User=0.00s Sys=0.00s Real=0.00s
[2021-05-01T04:09:26.116+0000][8][safepoint   ] Safepoint "G1Concurrent", Time since last: 53337225 ns, Reaching safepoint: 104384 ns, At safepoint: 107124 ns, Total: 211508 ns
[2021-05-01T04:09:26.116+0000][8][gc,marking  ] GC(117) Concurrent Cleanup for Next Mark
[2021-05-01T04:09:26.117+0000][8][gc,marking  ] GC(117) Concurrent Cleanup for Next Mark 0.166ms
[2021-05-01T04:09:26.117+0000][8][gc          ] GC(117) Concurrent Cycle 142.003ms
[2021-05-01T04:09:27.117+0000][8][safepoint   ] Safepoint "Cleanup", Time since last: 1000283687 ns, Reaching safepoint: 106402 ns, At safepoint: 5616 ns, Total: 112018 ns
[2021-05-01T04:11:09.144+0000][8][safepoint   ] Safepoint "Cleanup", Time since last: 102027127736 ns, Reaching safepoint: 115349 ns, At safepoint: 6810 ns, Total: 122159 ns
[2021-05-01T04:11:25.150+0000][8][safepoint   ] Safepoint "Cleanup", Time since last: 16005871643 ns, Reaching safepoint: 134416 ns, At safepoint: 6248 ns, Total: 140664 ns
[2021-05-01T04:11:27.151+0000][8][safepoint   ] Safepoint "Cleanup", Time since last: 2000989699 ns, Reaching safepoint: 106294 ns, At safepoint: 6867 ns, Total: 113161 ns
[2021-05-01T04:11:31.025+0000][8][gc,start    ] GC(118) Pause Young (Normal) (G1 Evacuation Pause)
[2021-05-01T04:11:31.025+0000][8][gc,task     ] GC(118) Using 6 workers of 8 for evacuation
[2021-05-01T04:11:31.025+0000][8][gc,age      ] GC(118) Desired survivor size 6291456 bytes, new threshold 15 (max threshold 15)
[2021-05-01T04:11:31.026+0000][8][gc,age      ] GC(118) Age table with threshold 15 (max threshold 15)
[2021-05-01T04:11:31.026+0000][8][gc,age      ] GC(118) - age   1:     516552 bytes,     516552 total
[2021-05-01T04:11:31.026+0000][8][gc,age      ] GC(118) - age   2:     304344 bytes,     820896 total
[2021-05-01T04:11:31.026+0000][8][gc,age      ] GC(118) - age   3:      40352 bytes,     861248 total
[2021-05-01T04:11:31.026+0000][8][gc,age      ] GC(118) - age   4:       2304 bytes,     863552 total
[2021-05-01T04:11:31.026+0000][8][gc,age      ] GC(118) - age   5:       2768 bytes,     866320 total
[2021-05-01T04:11:31.026+0000][8][gc,age      ] GC(118) - age   6:       5744 bytes,     872064 total
[2021-05-01T04:11:31.026+0000][8][gc,age      ] GC(118) - age   7:      51968 bytes,     924032 total
[2021-05-01T04:11:31.026+0000][8][gc,age      ] GC(118) - age   8:         80 bytes,     924112 total
[2021-05-01T04:11:31.026+0000][8][gc,age      ] GC(118) - age   9:       1512 bytes,     925624 total
[2021-05-01T04:11:31.026+0000][8][gc,age      ] GC(118) - age  10:       1720 bytes,     927344 total
[2021-05-01T04:11:31.026+0000][8][gc,age      ] GC(118) - age  11:       1848 bytes,     929192 total
[2021-05-01T04:11:31.026+0000][8][gc,age      ] GC(118) - age  12:       4576 bytes,     933768 total
[2021-05-01T04:11:31.026+0000][8][gc,age      ] GC(118) - age  13:     363264 bytes,    1297032 total
[2021-05-01T04:11:31.026+0000][8][gc,age      ] GC(118) - age  14:       3296 bytes,    1300328 total
[2021-05-01T04:11:31.026+0000][8][gc,age      ] GC(118) - age  15:       3752 bytes,    1304080 total
[2021-05-01T04:11:31.026+0000][8][gc,phases   ] GC(118)   Pre Evacuate Collection Set: 0.0ms
[2021-05-01T04:11:31.026+0000][8][gc,phases   ] GC(118)   Merge Heap Roots: 0.0ms
[2021-05-01T04:11:31.026+0000][8][gc,phases   ] GC(118)   Evacuate Collection Set: 0.9ms
[2021-05-01T04:11:31.026+0000][8][gc,phases   ] GC(118)   Post Evacuate Collection Set: 0.6ms
[2021-05-01T04:11:31.026+0000][8][gc,phases   ] GC(118)   Other: 0.2ms
[2021-05-01T04:11:31.026+0000][8][gc,heap     ] GC(118) Eden regions: 22->0(22)
[2021-05-01T04:11:31.026+0000][8][gc,heap     ] GC(118) Survivor regions: 1->1(3)
[2021-05-01T04:11:31.026+0000][8][gc,heap     ] GC(118) Old regions: 26->26
[2021-05-01T04:11:31.026+0000][8][gc,heap     ] GC(118) Archive regions: 2->2
[2021-05-01T04:11:31.026+0000][8][gc,heap     ] GC(118) Humongous regions: 2->2
[2021-05-01T04:11:31.027+0000][8][gc,metaspace] GC(118) Metaspace: 107817K(112532K)->107817K(112532K) NonClass: 93922K(97352K)->93922K(97352K) Class: 13894K(15180K)->13894K(15180K)
[2021-05-01T04:11:31.027+0000][8][gc          ] GC(118) Pause Young (Normal) (G1 Evacuation Pause) 203M->115M(256M) 1.876ms
[2021-05-01T04:11:31.027+0000][8][gc,cpu      ] GC(118) User=0.01s Sys=0.00s Real=0.00s
[2021-05-01T04:11:31.027+0000][8][safepoint   ] Safepoint "G1CollectForAllocation", Time since last: 3873311918 ns, Reaching safepoint: 104828 ns, At safepoint: 1936423 ns, Total: 2041251 ns
[2021-05-01T04:13:01.050+0000][8][safepoint   ] Safepoint "Cleanup", Time since last: 90023690706 ns, Reaching safepoint: 192241 ns, At safepoint: 6974 ns, Total: 199215 ns
[2021-05-01T04:13:03.051+0000][8][safepoint   ] Safepoint "Cleanup", Time since last: 2000764007 ns, Reaching safepoint: 158259 ns, At safepoint: 6986 ns, Total: 165245 ns
[2021-05-01T04:13:06.052+0000][8][safepoint   ] Safepoint "Cleanup", Time since last: 3000589673 ns, Reaching safepoint: 122733 ns, At safepoint: 7131 ns, Total: 129864 ns
[2021-05-01T04:13:19.056+0000][8][safepoint   ] Safepoint "Cleanup", Time since last: 13003413065 ns, Reaching safepoint: 123989 ns, At safepoint: 4620 ns, Total: 128609 ns
[2021-05-01T04:13:21.056+0000][8][safepoint   ] Safepoint "Cleanup", Time since last: 2000295181 ns, Reaching safepoint: 110272 ns, At safepoint: 6929 ns, Total: 117201 ns
[2021-05-01T04:13:56.312+0000][8][gc,start    ] GC(119) Pause Young (Concurrent Start) (G1 Evacuation Pause)
[2021-05-01T04:13:56.312+0000][8][gc,task     ] GC(119) Using 6 workers of 8 for evacuation
[2021-05-01T04:13:56.312+0000][8][gc,age      ] GC(119) Desired survivor size 6291456 bytes, new threshold 15 (max threshold 15)
[2021-05-01T04:13:56.313+0000][8][gc,age      ] GC(119) Age table with threshold 15 (max threshold 15)
[2021-05-01T04:13:56.313+0000][8][gc,age      ] GC(119) - age   1:     506744 bytes,     506744 total
[2021-05-01T04:13:56.313+0000][8][gc,age      ] GC(119) - age   2:       1552 bytes,     508296 total
[2021-05-01T04:13:56.313+0000][8][gc,age      ] GC(119) - age   3:     182536 bytes,     690832 total
[2021-05-01T04:13:56.313+0000][8][gc,age      ] GC(119) - age   4:      40232 bytes,     731064 total
[2021-05-01T04:13:56.313+0000][8][gc,age      ] GC(119) - age   5:       2248 bytes,     733312 total
[2021-05-01T04:13:56.313+0000][8][gc,age      ] GC(119) - age   6:       2768 bytes,     736080 total
[2021-05-01T04:13:56.313+0000][8][gc,age      ] GC(119) - age   7:       5624 bytes,     741704 total
[2021-05-01T04:13:56.313+0000][8][gc,age      ] GC(119) - age   8:      51928 bytes,     793632 total
[2021-05-01T04:13:56.313+0000][8][gc,age      ] GC(119) - age   9:         80 bytes,     793712 total
[2021-05-01T04:13:56.313+0000][8][gc,age      ] GC(119) - age  10:       1512 bytes,     795224 total
[2021-05-01T04:13:56.313+0000][8][gc,age      ] GC(119) - age  11:       1720 bytes,     796944 total
[2021-05-01T04:13:56.313+0000][8][gc,age      ] GC(119) - age  12:       1848 bytes,     798792 total
[2021-05-01T04:13:56.313+0000][8][gc,age      ] GC(119) - age  13:       4576 bytes,     803368 total
[2021-05-01T04:13:56.313+0000][8][gc,age      ] GC(119) - age  14:     363264 bytes,    1166632 total
[2021-05-01T04:13:56.313+0000][8][gc,age      ] GC(119) - age  15:       3296 bytes,    1169928 total
[2021-05-01T04:13:56.313+0000][8][gc,phases   ] GC(119)   Pre Evacuate Collection Set: 0.1ms
[2021-05-01T04:13:56.313+0000][8][gc,phases   ] GC(119)   Merge Heap Roots: 0.1ms
[2021-05-01T04:13:56.313+0000][8][gc,phases   ] GC(119)   Evacuate Collection Set: 0.8ms
[2021-05-01T04:13:56.313+0000][8][gc,phases   ] GC(119)   Post Evacuate Collection Set: 0.6ms
[2021-05-01T04:13:56.313+0000][8][gc,phases   ] GC(119)   Other: 0.2ms
[2021-05-01T04:13:56.313+0000][8][gc,heap     ] GC(119) Eden regions: 22->0(22)
[2021-05-01T04:13:56.313+0000][8][gc,heap     ] GC(119) Survivor regions: 1->1(3)
[2021-05-01T04:13:56.313+0000][8][gc,heap     ] GC(119) Old regions: 26->26
[2021-05-01T04:13:56.313+0000][8][gc,heap     ] GC(119) Archive regions: 2->2
[2021-05-01T04:13:56.313+0000][8][gc,heap     ] GC(119) Humongous regions: 2->2
[2021-05-01T04:13:56.313+0000][8][gc,metaspace] GC(119) Metaspace: 107818K(112532K)->107818K(112532K) NonClass: 93923K(97352K)->93923K(97352K) Class: 13894K(15180K)->13894K(15180K)
[2021-05-01T04:13:56.313+0000][8][gc          ] GC(119) Pause Young (Concurrent Start) (G1 Evacuation Pause) 203M->115M(256M) 1.802ms
[2021-05-01T04:13:56.313+0000][8][gc,cpu      ] GC(119) User=0.01s Sys=0.00s Real=0.00s
[2021-05-01T04:13:56.313+0000][8][safepoint   ] Safepoint "G1CollectForAllocation", Time since last: 35255355123 ns, Reaching safepoint: 119414 ns, At safepoint: 1869167 ns, Total: 1988581 ns
[2021-05-01T04:13:56.313+0000][8][gc          ] GC(120) Concurrent Cycle
[2021-05-01T04:13:56.313+0000][8][gc,marking  ] GC(120) Concurrent Clear Claimed Marks
[2021-05-01T04:13:56.313+0000][8][gc,marking  ] GC(120) Concurrent Clear Claimed Marks 0.041ms
[2021-05-01T04:13:56.313+0000][8][gc,marking  ] GC(120) Concurrent Scan Root Regions
[2021-05-01T04:13:56.315+0000][8][gc,marking  ] GC(120) Concurrent Scan Root Regions 1.489ms
[2021-05-01T04:13:56.315+0000][8][gc,marking  ] GC(120) Concurrent Mark (7073.457s)
[2021-05-01T04:13:56.315+0000][8][gc,marking  ] GC(120) Concurrent Mark From Roots
[2021-05-01T04:13:56.315+0000][8][gc,task     ] GC(120) Using 2 workers of 2 for marking
[2021-05-01T04:13:56.394+0000][8][gc,marking  ] GC(120) Concurrent Mark From Roots 78.791ms
[2021-05-01T04:13:56.394+0000][8][gc,marking  ] GC(120) Concurrent Preclean
[2021-05-01T04:13:56.394+0000][8][gc,marking  ] GC(120) Concurrent Preclean 0.227ms
[2021-05-01T04:13:56.394+0000][8][gc,marking  ] GC(120) Concurrent Mark (7073.457s, 7073.536s) 79.066ms
[2021-05-01T04:13:56.394+0000][8][gc,start    ] GC(120) Pause Remark
[2021-05-01T04:13:56.400+0000][8][gc          ] GC(120) Pause Remark 115M->115M(256M) 5.298ms
[2021-05-01T04:13:56.400+0000][8][gc,cpu      ] GC(120) User=0.03s Sys=0.00s Real=0.01s
[2021-05-01T04:13:56.400+0000][8][safepoint   ] Safepoint "G1Concurrent", Time since last: 80734364 ns, Reaching safepoint: 106551 ns, At safepoint: 5372122 ns, Total: 5478673 ns
[2021-05-01T04:13:56.400+0000][8][gc,marking  ] GC(120) Concurrent Rebuild Remembered Sets
[2021-05-01T04:13:56.453+0000][8][gc,marking  ] GC(120) Concurrent Rebuild Remembered Sets 53.285ms
[2021-05-01T04:13:56.453+0000][8][gc,start    ] GC(120) Pause Cleanup
[2021-05-01T04:13:56.453+0000][8][gc          ] GC(120) Pause Cleanup 115M->115M(256M) 0.073ms
[2021-05-01T04:13:56.453+0000][8][gc,cpu      ] GC(120) User=0.00s Sys=0.00s Real=0.00s
[2021-05-01T04:13:56.453+0000][8][safepoint   ] Safepoint "G1Concurrent", Time since last: 53355453 ns, Reaching safepoint: 105838 ns, At safepoint: 113659 ns, Total: 219497 ns
[2021-05-01T04:13:56.453+0000][8][gc,marking  ] GC(120) Concurrent Cleanup for Next Mark
[2021-05-01T04:13:56.453+0000][8][gc,marking  ] GC(120) Concurrent Cleanup for Next Mark 0.129ms
[2021-05-01T04:13:56.453+0000][8][gc          ] GC(120) Concurrent Cycle 139.915ms
[2021-05-01T04:14:01.455+0000][8][safepoint   ] Safepoint "Cleanup", Time since last: 5001637618 ns, Reaching safepoint: 133643 ns, At safepoint: 5948 ns, Total: 139591 ns
[2021-05-01T04:14:28.463+0000][8][safepoint   ] Safepoint "Cleanup", Time since last: 27008166220 ns, Reaching safepoint: 122241 ns, At safepoint: 8913 ns, Total: 131154 ns
[2021-05-01T04:16:00.489+0000][8][safepoint   ] Safepoint "Cleanup", Time since last: 92025511413 ns, Reaching safepoint: 109172 ns, At safepoint: 6154 ns, Total: 115326 ns
[2021-05-01T04:16:01.489+0000][8][safepoint   ] Safepoint "Cleanup", Time since last: 1000444857 ns, Reaching safepoint: 124574 ns, At safepoint: 6388 ns, Total: 130962 ns
[2021-05-01T04:16:16.141+0000][8][gc,start    ] GC(121) Pause Young (Normal) (G1 Evacuation Pause)
[2021-05-01T04:16:16.141+0000][8][gc,task     ] GC(121) Using 6 workers of 8 for evacuation
[2021-05-01T04:16:16.141+0000][8][gc,age      ] GC(121) Desired survivor size 6291456 bytes, new threshold 15 (max threshold 15)
[2021-05-01T04:16:16.142+0000][8][gc,age      ] GC(121) Age table with threshold 15 (max threshold 15)
[2021-05-01T04:16:16.142+0000][8][gc,age      ] GC(121) - age   1:     523864 bytes,     523864 total
[2021-05-01T04:16:16.142+0000][8][gc,age      ] GC(121) - age   2:        856 bytes,     524720 total
[2021-05-01T04:16:16.142+0000][8][gc,age      ] GC(121) - age   3:       1528 bytes,     526248 total
[2021-05-01T04:16:16.142+0000][8][gc,age      ] GC(121) - age   4:     182344 bytes,     708592 total
[2021-05-01T04:16:16.143+0000][8][gc,age      ] GC(121) - age   5:      40232 bytes,     748824 total
[2021-05-01T04:16:16.143+0000][8][gc,age      ] GC(121) - age   6:       2248 bytes,     751072 total
[2021-05-01T04:16:16.143+0000][8][gc,age      ] GC(121) - age   7:       2608 bytes,     753680 total
[2021-05-01T04:16:16.143+0000][8][gc,age      ] GC(121) - age   8:       5392 bytes,     759072 total
[2021-05-01T04:16:16.143+0000][8][gc,age      ] GC(121) - age   9:      51888 bytes,     810960 total
[2021-05-01T04:16:16.143+0000][8][gc,age      ] GC(121) - age  10:         80 bytes,     811040 total
[2021-05-01T04:16:16.143+0000][8][gc,age      ] GC(121) - age  11:       1512 bytes,     812552 total
[2021-05-01T04:16:16.143+0000][8][gc,age      ] GC(121) - age  12:       1720 bytes,     814272 total
[2021-05-01T04:16:16.143+0000][8][gc,age      ] GC(121) - age  13:       1848 bytes,     816120 total
[2021-05-01T04:16:16.143+0000][8][gc,age      ] GC(121) - age  14:       4576 bytes,     820696 total
[2021-05-01T04:16:16.143+0000][8][gc,age      ] GC(121) - age  15:     363264 bytes,    1183960 total
[2021-05-01T04:16:16.143+0000][8][gc,phases   ] GC(121)   Pre Evacuate Collection Set: 0.1ms
[2021-05-01T04:16:16.143+0000][8][gc,phases   ] GC(121)   Merge Heap Roots: 0.1ms
[2021-05-01T04:16:16.143+0000][8][gc,phases   ] GC(121)   Evacuate Collection Set: 1.0ms
[2021-05-01T04:16:16.143+0000][8][gc,phases   ] GC(121)   Post Evacuate Collection Set: 0.6ms
[2021-05-01T04:16:16.143+0000][8][gc,phases   ] GC(121)   Other: 0.2ms
[2021-05-01T04:16:16.143+0000][8][gc,heap     ] GC(121) Eden regions: 22->0(22)
[2021-05-01T04:16:16.143+0000][8][gc,heap     ] GC(121) Survivor regions: 1->1(3)
[2021-05-01T04:16:16.143+0000][8][gc,heap     ] GC(121) Old regions: 26->26
[2021-05-01T04:16:16.143+0000][8][gc,heap     ] GC(121) Archive regions: 2->2
[2021-05-01T04:16:16.143+0000][8][gc,heap     ] GC(121) Humongous regions: 2->2
[2021-05-01T04:16:16.143+0000][8][gc,metaspace] GC(121) Metaspace: 107820K(112532K)->107820K(112532K) NonClass: 93925K(97352K)->93925K(97352K) Class: 13894K(15180K)->13894K(15180K)
[2021-05-01T04:16:16.143+0000][8][gc          ] GC(121) Pause Young (Normal) (G1 Evacuation Pause) 203M->115M(256M) 1.950ms
[2021-05-01T04:16:16.143+0000][8][gc,cpu      ] GC(121) User=0.00s Sys=0.01s Real=0.00s
[2021-05-01T04:16:16.143+0000][8][safepoint   ] Safepoint "G1CollectForAllocation", Time since last: 14651056835 ns, Reaching safepoint: 161662 ns, At safepoint: 2023830 ns, Total: 2185492 ns
[2021-05-01T04:16:25.145+0000][8][safepoint   ] Safepoint "Cleanup", Time since last: 9002181021 ns, Reaching safepoint: 203781 ns, At safepoint: 7086 ns, Total: 210867 ns
[2021-05-01T04:16:27.146+0000][8][safepoint   ] Safepoint "Cleanup", Time since last: 2000750821 ns, Reaching safepoint: 169599 ns, At safepoint: 7327 ns, Total: 176926 ns
[2021-05-01T04:16:29.147+0000][8][safepoint   ] Safepoint "Cleanup", Time since last: 2000457315 ns, Reaching safepoint: 111526 ns, At safepoint: 4355 ns, Total: 115881 ns
[2021-05-01T04:16:31.147+0000][8][safepoint   ] Safepoint "Cleanup", Time since last: 2000353370 ns, Reaching safepoint: 89096 ns, At safepoint: 4893 ns, Total: 93989 ns
[2021-05-01T04:16:55.153+0000][8][safepoint   ] Safepoint "Cleanup", Time since last: 24005757668 ns, Reaching safepoint: 175294 ns, At safepoint: 6986 ns, Total: 182280 ns
[2021-05-01T04:17:01.155+0000][8][safepoint   ] Safepoint "Cleanup", Time since last: 6001817561 ns, Reaching safepoint: 101681 ns, At safepoint: 6790 ns, Total: 108471 ns
[2021-05-01T04:17:21.159+0000][8][safepoint   ] Safepoint "Cleanup", Time since last: 20004199186 ns, Reaching safepoint: 127724 ns, At safepoint: 6190 ns, Total: 133914 ns
[2021-05-01T04:18:21.176+0000][8][safepoint   ] Safepoint "Cleanup", Time since last: 60016154227 ns, Reaching safepoint: 188259 ns, At safepoint: 7145 ns, Total: 195404 ns
[2021-05-01T04:18:26.500+0000][8][gc,start    ] GC(122) Pause Young (Concurrent Start) (G1 Evacuation Pause)
[2021-05-01T04:18:26.500+0000][8][gc,task     ] GC(122) Using 6 workers of 8 for evacuation
[2021-05-01T04:18:26.500+0000][8][gc,age      ] GC(122) Desired survivor size 6291456 bytes, new threshold 15 (max threshold 15)
[2021-05-01T04:18:26.502+0000][8][gc,age      ] GC(122) Age table with threshold 15 (max threshold 15)
[2021-05-01T04:18:26.502+0000][8][gc,age      ] GC(122) - age   1:     554376 bytes,     554376 total
[2021-05-01T04:18:26.502+0000][8][gc,age      ] GC(122) - age   2:      17120 bytes,     571496 total
[2021-05-01T04:18:26.502+0000][8][gc,age      ] GC(122) - age   3:        656 bytes,     572152 total
[2021-05-01T04:18:26.502+0000][8][gc,age      ] GC(122) - age   4:       1472 bytes,     573624 total
[2021-05-01T04:18:26.502+0000][8][gc,age      ] GC(122) - age   5:     182304 bytes,     755928 total
[2021-05-01T04:18:26.502+0000][8][gc,age      ] GC(122) - age   6:      37496 bytes,     793424 total
[2021-05-01T04:18:26.502+0000][8][gc,age      ] GC(122) - age   7:       2128 bytes,     795552 total
[2021-05-01T04:18:26.502+0000][8][gc,age      ] GC(122) - age   8:       2400 bytes,     797952 total
[2021-05-01T04:18:26.502+0000][8][gc,age      ] GC(122) - age   9:       5392 bytes,     803344 total
[2021-05-01T04:18:26.502+0000][8][gc,age      ] GC(122) - age  10:      51888 bytes,     855232 total
[2021-05-01T04:18:26.502+0000][8][gc,age      ] GC(122) - age  11:         80 bytes,     855312 total
[2021-05-01T04:18:26.502+0000][8][gc,age      ] GC(122) - age  12:       1512 bytes,     856824 total
[2021-05-01T04:18:26.502+0000][8][gc,age      ] GC(122) - age  13:       1720 bytes,     858544 total
[2021-05-01T04:18:26.502+0000][8][gc,age      ] GC(122) - age  14:       1848 bytes,     860392 total
[2021-05-01T04:18:26.502+0000][8][gc,age      ] GC(122) - age  15:       4576 bytes,     864968 total
[2021-05-01T04:18:26.502+0000][8][gc,phases   ] GC(122)   Pre Evacuate Collection Set: 0.1ms
[2021-05-01T04:18:26.502+0000][8][gc,phases   ] GC(122)   Merge Heap Roots: 0.0ms
[2021-05-01T04:18:26.502+0000][8][gc,phases   ] GC(122)   Evacuate Collection Set: 0.7ms
[2021-05-01T04:18:26.502+0000][8][gc,phases   ] GC(122)   Post Evacuate Collection Set: 0.4ms
[2021-05-01T04:18:26.502+0000][8][gc,phases   ] GC(122)   Other: 0.2ms
[2021-05-01T04:18:26.502+0000][8][gc,heap     ] GC(122) Eden regions: 22->0(22)
[2021-05-01T04:18:26.502+0000][8][gc,heap     ] GC(122) Survivor regions: 1->1(3)
[2021-05-01T04:18:26.502+0000][8][gc,heap     ] GC(122) Old regions: 26->26
[2021-05-01T04:18:26.502+0000][8][gc,heap     ] GC(122) Archive regions: 2->2
[2021-05-01T04:18:26.502+0000][8][gc,heap     ] GC(122) Humongous regions: 2->2
[2021-05-01T04:18:26.502+0000][8][gc,metaspace] GC(122) Metaspace: 107826K(112532K)->107826K(112532K) NonClass: 93931K(97352K)->93931K(97352K) Class: 13894K(15180K)->13894K(15180K)
[2021-05-01T04:18:26.502+0000][8][gc          ] GC(122) Pause Young (Concurrent Start) (G1 Evacuation Pause) 203M->115M(256M) 1.485ms
[2021-05-01T04:18:26.502+0000][8][gc,cpu      ] GC(122) User=0.00s Sys=0.00s Real=0.00s
[2021-05-01T04:18:26.502+0000][8][gc          ] GC(123) Concurrent Cycle
[2021-05-01T04:18:26.502+0000][8][safepoint   ] Safepoint "G1CollectForAllocation", Time since last: 5324567895 ns, Reaching safepoint: 84988 ns, At safepoint: 1554529 ns, Total: 1639517 ns
[2021-05-01T04:18:26.502+0000][8][gc,marking  ] GC(123) Concurrent Clear Claimed Marks
[2021-05-01T04:18:26.502+0000][8][gc,marking  ] GC(123) Concurrent Clear Claimed Marks 0.056ms
[2021-05-01T04:18:26.502+0000][8][gc,marking  ] GC(123) Concurrent Scan Root Regions
[2021-05-01T04:18:26.503+0000][8][gc,marking  ] GC(123) Concurrent Scan Root Regions 1.273ms
[2021-05-01T04:18:26.503+0000][8][gc,marking  ] GC(123) Concurrent Mark (7343.645s)
[2021-05-01T04:18:26.503+0000][8][gc,marking  ] GC(123) Concurrent Mark From Roots
[2021-05-01T04:18:26.503+0000][8][gc,task     ] GC(123) Using 2 workers of 2 for marking
[2021-05-01T04:18:26.582+0000][8][gc,marking  ] GC(123) Concurrent Mark From Roots 78.631ms
[2021-05-01T04:18:26.582+0000][8][gc,marking  ] GC(123) Concurrent Preclean
[2021-05-01T04:18:26.582+0000][8][gc,marking  ] GC(123) Concurrent Preclean 0.230ms
[2021-05-01T04:18:26.582+0000][8][gc,marking  ] GC(123) Concurrent Mark (7343.645s, 7343.724s) 78.909ms
[2021-05-01T04:18:26.582+0000][8][gc,start    ] GC(123) Pause Remark
[2021-05-01T04:18:26.588+0000][8][gc          ] GC(123) Pause Remark 116M->116M(256M) 5.315ms
[2021-05-01T04:18:26.588+0000][8][gc,cpu      ] GC(123) User=0.02s Sys=0.00s Real=0.01s
[2021-05-01T04:18:26.588+0000][8][safepoint   ] Safepoint "G1Concurrent", Time since last: 80306518 ns, Reaching safepoint: 96038 ns, At safepoint: 5389156 ns, Total: 5485194 ns
[2021-05-01T04:18:26.588+0000][8][gc,marking  ] GC(123) Concurrent Rebuild Remembered Sets
[2021-05-01T04:18:26.641+0000][8][gc,marking  ] GC(123) Concurrent Rebuild Remembered Sets 53.466ms
[2021-05-01T04:18:26.641+0000][8][gc,start    ] GC(123) Pause Cleanup
[2021-05-01T04:18:26.641+0000][8][gc          ] GC(123) Pause Cleanup 116M->116M(256M) 0.067ms
[2021-05-01T04:18:26.641+0000][8][gc,cpu      ] GC(123) User=0.00s Sys=0.00s Real=0.00s
[2021-05-01T04:18:26.641+0000][8][safepoint   ] Safepoint "G1Concurrent", Time since last: 53535730 ns, Reaching safepoint: 107888 ns, At safepoint: 104706 ns, Total: 212594 ns
[2021-05-01T04:18:26.641+0000][8][gc,marking  ] GC(123) Concurrent Cleanup for Next Mark
[2021-05-01T04:18:26.641+0000][8][gc,marking  ] GC(123) Concurrent Cleanup for Next Mark 0.131ms
[2021-05-01T04:18:26.641+0000][8][gc          ] GC(123) Concurrent Cycle 139.706ms
[2021-05-01T04:18:37.645+0000][8][safepoint   ] Safepoint "Cleanup", Time since last: 11003015841 ns, Reaching safepoint: 178938 ns, At safepoint: 7251 ns, Total: 186189 ns
[2021-05-01T04:18:50.648+0000][8][safepoint   ] Safepoint "Cleanup", Time since last: 13003769773 ns, Reaching safepoint: 140933 ns, At safepoint: 5626 ns, Total: 146559 ns
[2021-05-01T04:18:55.650+0000][8][safepoint   ] Safepoint "Cleanup", Time since last: 5001409168 ns, Reaching safepoint: 90165 ns, At safepoint: 6842 ns, Total: 97007 ns
[2021-05-01T04:19:24.656+0000][8][safepoint   ] Safepoint "Cleanup", Time since last: 29006189307 ns, Reaching safepoint: 130058 ns, At safepoint: 5880 ns, Total: 135938 ns
[2021-05-01T04:19:26.657+0000][8][safepoint   ] Safepoint "Cleanup", Time since last: 2000840522 ns, Reaching safepoint: 104907 ns, At safepoint: 5969 ns, Total: 110876 ns
[2021-05-01T04:19:28.658+0000][8][safepoint   ] Safepoint "Cleanup", Time since last: 2000744352 ns, Reaching safepoint: 124340 ns, At safepoint: 5882 ns, Total: 130222 ns
[2021-05-01T04:19:50.663+0000][8][safepoint   ] Safepoint "Cleanup", Time since last: 22004812416 ns, Reaching safepoint: 129181 ns, At safepoint: 6245 ns, Total: 135426 ns
[2021-05-01T04:20:16.241+0000][8][gc,start    ] GC(124) Pause Young (Normal) (G1 Evacuation Pause)
[2021-05-01T04:20:16.241+0000][8][gc,task     ] GC(124) Using 6 workers of 8 for evacuation
[2021-05-01T04:20:16.241+0000][8][gc,age      ] GC(124) Desired survivor size 6291456 bytes, new threshold 15 (max threshold 15)
[2021-05-01T04:20:16.242+0000][8][gc,age      ] GC(124) Age table with threshold 15 (max threshold 15)
[2021-05-01T04:20:16.242+0000][8][gc,age      ] GC(124) - age   1:     825888 bytes,     825888 total
[2021-05-01T04:20:16.242+0000][8][gc,age      ] GC(124) - age   2:       5760 bytes,     831648 total
[2021-05-01T04:20:16.242+0000][8][gc,age      ] GC(124) - age   3:      17000 bytes,     848648 total
[2021-05-01T04:20:16.242+0000][8][gc,age      ] GC(124) - age   4:        440 bytes,     849088 total
[2021-05-01T04:20:16.242+0000][8][gc,age      ] GC(124) - age   5:       1472 bytes,     850560 total
[2021-05-01T04:20:16.242+0000][8][gc,age      ] GC(124) - age   6:       7008 bytes,     857568 total
[2021-05-01T04:20:16.242+0000][8][gc,age      ] GC(124) - age   7:      37496 bytes,     895064 total
[2021-05-01T04:20:16.242+0000][8][gc,age      ] GC(124) - age   8:       2128 bytes,     897192 total
[2021-05-01T04:20:16.242+0000][8][gc,age      ] GC(124) - age   9:       2376 bytes,     899568 total
[2021-05-01T04:20:16.242+0000][8][gc,age      ] GC(124) - age  10:       5392 bytes,     904960 total
[2021-05-01T04:20:16.242+0000][8][gc,age      ] GC(124) - age  11:      50912 bytes,     955872 total
[2021-05-01T04:20:16.242+0000][8][gc,age      ] GC(124) - age  12:         80 bytes,     955952 total
[2021-05-01T04:20:16.242+0000][8][gc,age      ] GC(124) - age  13:       1512 bytes,     957464 total
[2021-05-01T04:20:16.242+0000][8][gc,age      ] GC(124) - age  14:       1720 bytes,     959184 total
[2021-05-01T04:20:16.242+0000][8][gc,age      ] GC(124) - age  15:       1576 bytes,     960760 total
[2021-05-01T04:20:16.242+0000][8][gc,phases   ] GC(124)   Pre Evacuate Collection Set: 0.1ms
[2021-05-01T04:20:16.242+0000][8][gc,phases   ] GC(124)   Merge Heap Roots: 0.0ms
[2021-05-01T04:20:16.242+0000][8][gc,phases   ] GC(124)   Evacuate Collection Set: 0.8ms
[2021-05-01T04:20:16.242+0000][8][gc,phases   ] GC(124)   Post Evacuate Collection Set: 0.6ms
[2021-05-01T04:20:16.242+0000][8][gc,phases   ] GC(124)   Other: 0.2ms
[2021-05-01T04:20:16.242+0000][8][gc,heap     ] GC(124) Eden regions: 22->0(22)
[2021-05-01T04:20:16.242+0000][8][gc,heap     ] GC(124) Survivor regions: 1->1(3)
[2021-05-01T04:20:16.242+0000][8][gc,heap     ] GC(124) Old regions: 26->26
[2021-05-01T04:20:16.242+0000][8][gc,heap     ] GC(124) Archive regions: 2->2
[2021-05-01T04:20:16.242+0000][8][gc,heap     ] GC(124) Humongous regions: 2->2
[2021-05-01T04:20:16.242+0000][8][gc,metaspace] GC(124) Metaspace: 107866K(112532K)->107866K(112532K) NonClass: 93971K(97352K)->93971K(97352K) Class: 13894K(15180K)->13894K(15180K)
[2021-05-01T04:20:16.242+0000][8][gc          ] GC(124) Pause Young (Normal) (G1 Evacuation Pause) 203M->115M(256M) 1.717ms
[2021-05-01T04:20:16.242+0000][8][gc,cpu      ] GC(124) User=0.00s Sys=0.00s Real=0.00s
[2021-05-01T04:20:16.242+0000][8][safepoint   ] Safepoint "G1CollectForAllocation", Time since last: 25577484258 ns, Reaching safepoint: 114504 ns, At safepoint: 1776286 ns, Total: 1890790 ns
[2021-05-01T04:20:55.252+0000][8][safepoint   ] Safepoint "Cleanup", Time since last: 39009414917 ns, Reaching safepoint: 171707 ns, At safepoint: 7329 ns, Total: 179036 ns
[2021-05-01T04:21:19.258+0000][8][safepoint   ] Safepoint "Cleanup", Time since last: 24005545439 ns, Reaching safepoint: 128826 ns, At safepoint: 6027 ns, Total: 134853 ns
[2021-05-01T04:21:27.259+0000][8][safepoint   ] Safepoint "Cleanup", Time since last: 8001527569 ns, Reaching safepoint: 204461 ns, At safepoint: 6898 ns, Total: 211359 ns
[2021-05-01T04:21:48.265+0000][8][safepoint   ] Safepoint "Cleanup", Time since last: 21005574409 ns, Reaching safepoint: 128084 ns, At safepoint: 6739 ns, Total: 134823 ns
[2021-05-01T04:21:57.267+0000][8][safepoint   ] Safepoint "Cleanup", Time since last: 9001947764 ns, Reaching safepoint: 178458 ns, At safepoint: 5963 ns, Total: 184421 ns
[2021-05-01T04:21:58.268+0000][8][safepoint   ] Safepoint "Cleanup", Time since last: 1000109985 ns, Reaching safepoint: 187474 ns, At safepoint: 9054 ns, Total: 196528 ns
[2021-05-01T04:22:26.273+0000][8][safepoint   ] Safepoint "Cleanup", Time since last: 28005438074 ns, Reaching safepoint: 179618 ns, At safepoint: 6051 ns, Total: 185669 ns
[2021-05-01T04:22:26.501+0000][8][gc,start    ] GC(125) Pause Young (Concurrent Start) (G1 Evacuation Pause)
[2021-05-01T04:22:26.501+0000][8][gc,task     ] GC(125) Using 6 workers of 8 for evacuation
[2021-05-01T04:22:26.501+0000][8][gc,age      ] GC(125) Desired survivor size 6291456 bytes, new threshold 15 (max threshold 15)
[2021-05-01T04:22:26.503+0000][8][gc,age      ] GC(125) Age table with threshold 15 (max threshold 15)
[2021-05-01T04:22:26.503+0000][8][gc,age      ] GC(125) - age   1:     518608 bytes,     518608 total
[2021-05-01T04:22:26.503+0000][8][gc,age      ] GC(125) - age   2:     321288 bytes,     839896 total
[2021-05-01T04:22:26.503+0000][8][gc,age      ] GC(125) - age   3:       5040 bytes,     844936 total
[2021-05-01T04:22:26.503+0000][8][gc,age      ] GC(125) - age   4:      16880 bytes,     861816 total
[2021-05-01T04:22:26.503+0000][8][gc,age      ] GC(125) - age   5:        304 bytes,     862120 total
[2021-05-01T04:22:26.503+0000][8][gc,age      ] GC(125) - age   6:       1472 bytes,     863592 total
[2021-05-01T04:22:26.503+0000][8][gc,age      ] GC(125) - age   7:       7008 bytes,     870600 total
[2021-05-01T04:22:26.503+0000][8][gc,age      ] GC(125) - age   8:      37496 bytes,     908096 total
[2021-05-01T04:22:26.503+0000][8][gc,age      ] GC(125) - age   9:       2128 bytes,     910224 total
[2021-05-01T04:22:26.503+0000][8][gc,age      ] GC(125) - age  10:       2376 bytes,     912600 total
[2021-05-01T04:22:26.503+0000][8][gc,age      ] GC(125) - age  11:       5392 bytes,     917992 total
[2021-05-01T04:22:26.503+0000][8][gc,age      ] GC(125) - age  12:      50912 bytes,     968904 total
[2021-05-01T04:22:26.503+0000][8][gc,age      ] GC(125) - age  13:         80 bytes,     968984 total
[2021-05-01T04:22:26.503+0000][8][gc,age      ] GC(125) - age  14:       1512 bytes,     970496 total
[2021-05-01T04:22:26.503+0000][8][gc,age      ] GC(125) - age  15:       1720 bytes,     972216 total
[2021-05-01T04:22:26.503+0000][8][gc,phases   ] GC(125)   Pre Evacuate Collection Set: 0.1ms
[2021-05-01T04:22:26.503+0000][8][gc,phases   ] GC(125)   Merge Heap Roots: 0.0ms
[2021-05-01T04:22:26.503+0000][8][gc,phases   ] GC(125)   Evacuate Collection Set: 1.0ms
[2021-05-01T04:22:26.503+0000][8][gc,phases   ] GC(125)   Post Evacuate Collection Set: 0.6ms
[2021-05-01T04:22:26.503+0000][8][gc,phases   ] GC(125)   Other: 0.2ms
[2021-05-01T04:22:26.503+0000][8][gc,heap     ] GC(125) Eden regions: 22->0(22)
[2021-05-01T04:22:26.503+0000][8][gc,heap     ] GC(125) Survivor regions: 1->1(3)
[2021-05-01T04:22:26.503+0000][8][gc,heap     ] GC(125) Old regions: 26->26
[2021-05-01T04:22:26.503+0000][8][gc,heap     ] GC(125) Archive regions: 2->2
[2021-05-01T04:22:26.503+0000][8][gc,heap     ] GC(125) Humongous regions: 2->2
[2021-05-01T04:22:26.503+0000][8][gc,metaspace] GC(125) Metaspace: 107889K(112532K)->107889K(112532K) NonClass: 93995K(97352K)->93995K(97352K) Class: 13894K(15180K)->13894K(15180K)
[2021-05-01T04:22:26.503+0000][8][gc          ] GC(125) Pause Young (Concurrent Start) (G1 Evacuation Pause) 203M->115M(256M) 2.038ms
[2021-05-01T04:22:26.503+0000][8][gc,cpu      ] GC(125) User=0.01s Sys=0.00s Real=0.00s
[2021-05-01T04:22:26.503+0000][8][gc          ] GC(126) Concurrent Cycle
[2021-05-01T04:22:26.503+0000][8][safepoint   ] Safepoint "G1CollectForAllocation", Time since last: 227556555 ns, Reaching safepoint: 155614 ns, At safepoint: 2102049 ns, Total: 2257663 ns
[2021-05-01T04:22:26.503+0000][8][gc,marking  ] GC(126) Concurrent Clear Claimed Marks
[2021-05-01T04:22:26.503+0000][8][gc,marking  ] GC(126) Concurrent Clear Claimed Marks 0.061ms
[2021-05-01T04:22:26.503+0000][8][gc,marking  ] GC(126) Concurrent Scan Root Regions
[2021-05-01T04:22:26.505+0000][8][gc,marking  ] GC(126) Concurrent Scan Root Regions 1.422ms
[2021-05-01T04:22:26.505+0000][8][gc,marking  ] GC(126) Concurrent Mark (7583.646s)
[2021-05-01T04:22:26.505+0000][8][gc,marking  ] GC(126) Concurrent Mark From Roots
[2021-05-01T04:22:26.505+0000][8][gc,task     ] GC(126) Using 2 workers of 2 for marking
[2021-05-01T04:22:26.584+0000][8][gc,marking  ] GC(126) Concurrent Mark From Roots 79.676ms
[2021-05-01T04:22:26.584+0000][8][gc,marking  ] GC(126) Concurrent Preclean
[2021-05-01T04:22:26.585+0000][8][gc,marking  ] GC(126) Concurrent Preclean 0.231ms
[2021-05-01T04:22:26.585+0000][8][gc,marking  ] GC(126) Concurrent Mark (7583.646s, 7583.726s) 79.967ms
[2021-05-01T04:22:26.585+0000][8][gc,start    ] GC(126) Pause Remark
[2021-05-01T04:22:26.594+0000][8][gc          ] GC(126) Pause Remark 116M->116M(256M) 9.283ms
[2021-05-01T04:22:26.594+0000][8][gc,cpu      ] GC(126) User=0.05s Sys=0.00s Real=0.01s
[2021-05-01T04:22:26.594+0000][8][safepoint   ] Safepoint "G1Concurrent", Time since last: 81523057 ns, Reaching safepoint: 105633 ns, At safepoint: 9351929 ns, Total: 9457562 ns
[2021-05-01T04:22:26.594+0000][8][gc,marking  ] GC(126) Concurrent Rebuild Remembered Sets
[2021-05-01T04:22:26.648+0000][8][gc,marking  ] GC(126) Concurrent Rebuild Remembered Sets 53.570ms
[2021-05-01T04:22:26.648+0000][8][gc,start    ] GC(126) Pause Cleanup
[2021-05-01T04:22:26.648+0000][8][gc          ] GC(126) Pause Cleanup 116M->116M(256M) 0.071ms
[2021-05-01T04:22:26.648+0000][8][gc,cpu      ] GC(126) User=0.00s Sys=0.00s Real=0.00s
[2021-05-01T04:22:26.648+0000][8][safepoint   ] Safepoint "G1Concurrent", Time since last: 53636525 ns, Reaching safepoint: 156788 ns, At safepoint: 110586 ns, Total: 267374 ns
[2021-05-01T04:22:26.648+0000][8][gc,marking  ] GC(126) Concurrent Cleanup for Next Mark
[2021-05-01T04:22:26.648+0000][8][gc,marking  ] GC(126) Concurrent Cleanup for Next Mark 0.106ms
[2021-05-01T04:22:26.648+0000][8][gc          ] GC(126) Concurrent Cycle 145.024ms
[2021-05-01T04:22:27.648+0000][8][safepoint   ] Safepoint "Cleanup", Time since last: 1000111170 ns, Reaching safepoint: 165091 ns, At safepoint: 7636 ns, Total: 172727 ns
[2021-05-01T04:22:28.649+0000][8][safepoint   ] Safepoint "Cleanup", Time since last: 1000297381 ns, Reaching safepoint: 195828 ns, At safepoint: 9031 ns, Total: 204859 ns
[2021-05-01T04:22:30.656+0000][8][safepoint   ] Safepoint "Cleanup", Time since last: 2007555292 ns, Reaching safepoint: 192082 ns, At safepoint: 6490 ns, Total: 198572 ns
[2021-05-01T04:22:31.657+0000][8][safepoint   ] Safepoint "Cleanup", Time since last: 1000651675 ns, Reaching safepoint: 120874 ns, At safepoint: 6825 ns, Total: 127699 ns
[2021-05-01T04:22:50.662+0000][8][safepoint   ] Safepoint "Cleanup", Time since last: 19004300581 ns, Reaching safepoint: 102090 ns, At safepoint: 5647 ns, Total: 107737 ns
[2021-05-01T04:29:42.341+0000][8][safepoint   ] Safepoint "Cleanup", Time since last: 5694635003 ns, Reaching safepoint: 121996 ns, At safepoint: 4957 ns, Total: 126953 ns
[2021-05-01T04:29:47.342+0000][8][safepoint   ] Safepoint "Cleanup", Time since last: 5001193539 ns, Reaching safepoint: 106936 ns, At safepoint: 6806 ns, Total: 113742 ns
[2021-05-01T04:30:12.346+0000][8][safepoint   ] Safepoint "Cleanup", Time since last: 25003342063 ns, Reaching safepoint: 81385 ns, At safepoint: 5336 ns, Total: 86721 ns
[2021-05-01T04:30:13.346+0000][8][safepoint   ] Safepoint "Cleanup", Time since last: 1000146106 ns, Reaching safepoint: 235119 ns, At safepoint: 7410 ns, Total: 242529 ns
[2021-05-01T04:30:37.350+0000][8][safepoint   ] Safepoint "Cleanup", Time since last: 24003584813 ns, Reaching safepoint: 117736 ns, At safepoint: 6844 ns, Total: 124580 ns
[2021-05-01T04:30:57.352+0000][8][safepoint   ] Safepoint "Cleanup", Time since last: 20002032571 ns, Reaching safepoint: 99669 ns, At safepoint: 5154 ns, Total: 104823 ns
[2021-05-01T04:31:04.353+0000][8][safepoint   ] Safepoint "Cleanup", Time since last: 7001262124 ns, Reaching safepoint: 90424 ns, At safepoint: 5338 ns, Total: 95762 ns
[2021-05-01T04:31:13.354+0000][8][safepoint   ] Safepoint "Cleanup", Time since last: 9001191716 ns, Reaching safepoint: 141974 ns, At safepoint: 10624 ns, Total: 152598 ns
[2021-05-01T04:31:32.338+0000][8][gc,start    ] GC(127) Pause Young (Normal) (G1 Evacuation Pause)
[2021-05-01T04:31:32.338+0000][8][gc,task     ] GC(127) Using 6 workers of 8 for evacuation
[2021-05-01T04:31:32.338+0000][8][gc,age      ] GC(127) Desired survivor size 6291456 bytes, new threshold 15 (max threshold 15)
[2021-05-01T04:31:32.339+0000][8][gc,age      ] GC(127) Age table with threshold 15 (max threshold 15)
[2021-05-01T04:31:32.339+0000][8][gc,age      ] GC(127) - age   1:     510792 bytes,     510792 total
[2021-05-01T04:31:32.339+0000][8][gc,age      ] GC(127) - age   2:       1488 bytes,     512280 total
[2021-05-01T04:31:32.339+0000][8][gc,age      ] GC(127) - age   3:     200248 bytes,     712528 total
[2021-05-01T04:31:32.339+0000][8][gc,age      ] GC(127) - age   4:       4824 bytes,     717352 total
[2021-05-01T04:31:32.339+0000][8][gc,age      ] GC(127) - age   5:      16880 bytes,     734232 total
[2021-05-01T04:31:32.339+0000][8][gc,age      ] GC(127) - age   6:        264 bytes,     734496 total
[2021-05-01T04:31:32.339+0000][8][gc,age      ] GC(127) - age   7:       1472 bytes,     735968 total
[2021-05-01T04:31:32.339+0000][8][gc,age      ] GC(127) - age   8:       7008 bytes,     742976 total
[2021-05-01T04:31:32.339+0000][8][gc,age      ] GC(127) - age   9:      37496 bytes,     780472 total
[2021-05-01T04:31:32.339+0000][8][gc,age      ] GC(127) - age  10:       2128 bytes,     782600 total
[2021-05-01T04:31:32.339+0000][8][gc,age      ] GC(127) - age  11:       2376 bytes,     784976 total
[2021-05-01T04:31:32.339+0000][8][gc,age      ] GC(127) - age  12:       5392 bytes,     790368 total
[2021-05-01T04:31:32.339+0000][8][gc,age      ] GC(127) - age  13:      50912 bytes,     841280 total
[2021-05-01T04:31:32.339+0000][8][gc,age      ] GC(127) - age  14:         80 bytes,     841360 total
[2021-05-01T04:31:32.339+0000][8][gc,age      ] GC(127) - age  15:       1512 bytes,     842872 total
[2021-05-01T04:31:32.339+0000][8][gc,phases   ] GC(127)   Pre Evacuate Collection Set: 0.0ms
[2021-05-01T04:31:32.339+0000][8][gc,phases   ] GC(127)   Merge Heap Roots: 0.0ms
[2021-05-01T04:31:32.339+0000][8][gc,phases   ] GC(127)   Evacuate Collection Set: 0.8ms
[2021-05-01T04:31:32.339+0000][8][gc,phases   ] GC(127)   Post Evacuate Collection Set: 0.5ms
[2021-05-01T04:31:32.339+0000][8][gc,phases   ] GC(127)   Other: 0.2ms
[2021-05-01T04:31:32.339+0000][8][gc,heap     ] GC(127) Eden regions: 22->0(22)
[2021-05-01T04:31:32.339+0000][8][gc,heap     ] GC(127) Survivor regions: 1->1(3)
[2021-05-01T04:31:32.339+0000][8][gc,heap     ] GC(127) Old regions: 26->26
[2021-05-01T04:31:32.339+0000][8][gc,heap     ] GC(127) Archive regions: 2->2
[2021-05-01T04:31:32.339+0000][8][gc,heap     ] GC(127) Humongous regions: 2->2
[2021-05-01T04:31:32.339+0000][8][gc,metaspace] GC(127) Metaspace: 107990K(112788K)->107990K(112788K) NonClass: 94096K(97608K)->94096K(97608K) Class: 13894K(15180K)->13894K(15180K)
[2021-05-01T04:31:32.339+0000][8][gc          ] GC(127) Pause Young (Normal) (G1 Evacuation Pause) 203M->115M(256M) 1.659ms
[2021-05-01T04:31:32.339+0000][8][gc,cpu      ] GC(127) User=0.01s Sys=0.00s Real=0.01s
[2021-05-01T04:31:32.339+0000][8][safepoint   ] Safepoint "G1CollectForAllocation", Time since last: 18982893793 ns, Reaching safepoint: 133849 ns, At safepoint: 1713868 ns, Total: 1847717 ns
[2021-05-01T04:31:37.340+0000][8][safepoint   ] Safepoint "Cleanup", Time since last: 5000940458 ns, Reaching safepoint: 123716 ns, At safepoint: 7235 ns, Total: 130951 ns
[2021-05-01T04:31:42.341+0000][8][safepoint   ] Safepoint "Cleanup", Time since last: 5000892688 ns, Reaching safepoint: 213449 ns, At safepoint: 6945 ns, Total: 220394 ns
[2021-05-01T04:31:44.342+0000][8][safepoint   ] Safepoint "Cleanup", Time since last: 2000398292 ns, Reaching safepoint: 164937 ns, At safepoint: 6454 ns, Total: 171391 ns
[2021-05-01T04:32:13.347+0000][8][safepoint   ] Safepoint "Cleanup", Time since last: 29004666274 ns, Reaching safepoint: 126681 ns, At safepoint: 6102 ns, Total: 132783 ns
[2021-05-01T04:33:11.355+0000][8][safepoint   ] Safepoint "Cleanup", Time since last: 58008104151 ns, Reaching safepoint: 107736 ns, At safepoint: 6496 ns, Total: 114232 ns
[2021-05-01T04:33:12.355+0000][8][safepoint   ] Safepoint "Cleanup", Time since last: 1000204559 ns, Reaching safepoint: 99941 ns, At safepoint: 5606 ns, Total: 105547 ns
[2021-05-01T04:33:13.355+0000][8][safepoint   ] Safepoint "Cleanup", Time since last: 1000099315 ns, Reaching safepoint: 94734 ns, At safepoint: 8033 ns, Total: 102767 ns
[2021-05-01T04:33:43.879+0000][8][gc,start    ] GC(128) Pause Young (Concurrent Start) (G1 Evacuation Pause)
[2021-05-01T04:33:43.879+0000][8][gc,task     ] GC(128) Using 6 workers of 8 for evacuation
[2021-05-01T04:33:43.879+0000][8][gc,age      ] GC(128) Desired survivor size 6291456 bytes, new threshold 15 (max threshold 15)
[2021-05-01T04:33:43.881+0000][8][gc,age      ] GC(128) Age table with threshold 15 (max threshold 15)
[2021-05-01T04:33:43.881+0000][8][gc,age      ] GC(128) - age   1:     536920 bytes,     536920 total
[2021-05-01T04:33:43.881+0000][8][gc,age      ] GC(128) - age   2:       2856 bytes,     539776 total
[2021-05-01T04:33:43.881+0000][8][gc,age      ] GC(128) - age   3:       1256 bytes,     541032 total
[2021-05-01T04:33:43.881+0000][8][gc,age      ] GC(128) - age   4:     200088 bytes,     741120 total
[2021-05-01T04:33:43.881+0000][8][gc,age      ] GC(128) - age   5:       2232 bytes,     743352 total
[2021-05-01T04:33:43.881+0000][8][gc,age      ] GC(128) - age   6:      16856 bytes,     760208 total
[2021-05-01T04:33:43.881+0000][8][gc,age      ] GC(128) - age   7:        264 bytes,     760472 total
[2021-05-01T04:33:43.881+0000][8][gc,age      ] GC(128) - age   8:       1400 bytes,     761872 total
[2021-05-01T04:33:43.881+0000][8][gc,age      ] GC(128) - age   9:       7008 bytes,     768880 total
[2021-05-01T04:33:43.881+0000][8][gc,age      ] GC(128) - age  10:      37496 bytes,     806376 total
[2021-05-01T04:33:43.881+0000][8][gc,age      ] GC(128) - age  11:       2128 bytes,     808504 total
[2021-05-01T04:33:43.881+0000][8][gc,age      ] GC(128) - age  12:       2376 bytes,     810880 total
[2021-05-01T04:33:43.881+0000][8][gc,age      ] GC(128) - age  13:       5392 bytes,     816272 total
[2021-05-01T04:33:43.881+0000][8][gc,age      ] GC(128) - age  14:      50912 bytes,     867184 total
[2021-05-01T04:33:43.881+0000][8][gc,age      ] GC(128) - age  15:         80 bytes,     867264 total
[2021-05-01T04:33:43.881+0000][8][gc,phases   ] GC(128)   Pre Evacuate Collection Set: 0.1ms
[2021-05-01T04:33:43.881+0000][8][gc,phases   ] GC(128)   Merge Heap Roots: 0.0ms
[2021-05-01T04:33:43.881+0000][8][gc,phases   ] GC(128)   Evacuate Collection Set: 1.1ms
[2021-05-01T04:33:43.881+0000][8][gc,phases   ] GC(128)   Post Evacuate Collection Set: 0.5ms
[2021-05-01T04:33:43.881+0000][8][gc,phases   ] GC(128)   Other: 0.2ms
[2021-05-01T04:33:43.881+0000][8][gc,heap     ] GC(128) Eden regions: 22->0(22)
[2021-05-01T04:33:43.881+0000][8][gc,heap     ] GC(128) Survivor regions: 1->1(3)
[2021-05-01T04:33:43.881+0000][8][gc,heap     ] GC(128) Old regions: 26->26
[2021-05-01T04:33:43.881+0000][8][gc,heap     ] GC(128) Archive regions: 2->2
[2021-05-01T04:33:43.881+0000][8][gc,heap     ] GC(128) Humongous regions: 2->2
[2021-05-01T04:33:43.881+0000][8][gc,metaspace] GC(128) Metaspace: 107995K(112788K)->107995K(112788K) NonClass: 94101K(97608K)->94101K(97608K) Class: 13894K(15180K)->13894K(15180K)
[2021-05-01T04:33:43.881+0000][8][gc          ] GC(128) Pause Young (Concurrent Start) (G1 Evacuation Pause) 203M->115M(256M) 2.024ms
[2021-05-01T04:33:43.881+0000][8][gc,cpu      ] GC(128) User=0.00s Sys=0.00s Real=0.01s
[2021-05-01T04:33:43.881+0000][8][gc          ] GC(129) Concurrent Cycle
[2021-05-01T04:33:43.881+0000][8][safepoint   ] Safepoint "G1CollectForAllocation", Time since last: 30523095935 ns, Reaching safepoint: 159225 ns, At safepoint: 2096616 ns, Total: 2255841 ns
[2021-05-01T04:33:43.881+0000][8][gc,marking  ] GC(129) Concurrent Clear Claimed Marks
[2021-05-01T04:33:43.881+0000][8][gc,marking  ] GC(129) Concurrent Clear Claimed Marks 0.097ms
[2021-05-01T04:33:43.881+0000][8][gc,marking  ] GC(129) Concurrent Scan Root Regions
[2021-05-01T04:33:43.882+0000][8][gc,marking  ] GC(129) Concurrent Scan Root Regions 1.383ms
[2021-05-01T04:33:43.882+0000][8][gc,marking  ] GC(129) Concurrent Mark (7855.040s)
[2021-05-01T04:33:43.882+0000][8][gc,marking  ] GC(129) Concurrent Mark From Roots
[2021-05-01T04:33:43.882+0000][8][gc,task     ] GC(129) Using 2 workers of 2 for marking
[2021-05-01T04:33:43.965+0000][8][gc,marking  ] GC(129) Concurrent Mark From Roots 82.202ms
[2021-05-01T04:33:43.965+0000][8][gc,marking  ] GC(129) Concurrent Preclean
[2021-05-01T04:33:43.965+0000][8][gc,marking  ] GC(129) Concurrent Preclean 0.269ms
[2021-05-01T04:33:43.965+0000][8][gc,marking  ] GC(129) Concurrent Mark (7855.040s, 7855.122s) 82.518ms
[2021-05-01T04:33:43.965+0000][8][gc,start    ] GC(129) Pause Remark
[2021-05-01T04:33:43.970+0000][8][gc          ] GC(129) Pause Remark 115M->115M(256M) 5.289ms
[2021-05-01T04:33:43.970+0000][8][gc,cpu      ] GC(129) User=0.03s Sys=0.00s Real=0.00s
[2021-05-01T04:33:43.970+0000][8][safepoint   ] Safepoint "G1Concurrent", Time since last: 84105181 ns, Reaching safepoint: 153407 ns, At safepoint: 5365837 ns, Total: 5519244 ns
[2021-05-01T04:33:43.971+0000][8][gc,marking  ] GC(129) Concurrent Rebuild Remembered Sets
[2021-05-01T04:33:44.026+0000][8][gc,marking  ] GC(129) Concurrent Rebuild Remembered Sets 55.141ms
[2021-05-01T04:33:44.026+0000][8][gc,start    ] GC(129) Pause Cleanup
[2021-05-01T04:33:44.026+0000][8][gc          ] GC(129) Pause Cleanup 115M->115M(256M) 0.063ms
[2021-05-01T04:33:44.026+0000][8][gc,cpu      ] GC(129) User=0.00s Sys=0.00s Real=0.00s
[2021-05-01T04:33:44.026+0000][8][safepoint   ] Safepoint "G1Concurrent", Time since last: 55283576 ns, Reaching safepoint: 86772 ns, At safepoint: 99710 ns, Total: 186482 ns
[2021-05-01T04:33:44.026+0000][8][gc,marking  ] GC(129) Concurrent Cleanup for Next Mark
[2021-05-01T04:33:44.026+0000][8][gc,marking  ] GC(129) Concurrent Cleanup for Next Mark 0.125ms
[2021-05-01T04:33:44.026+0000][8][gc          ] GC(129) Concurrent Cycle 145.252ms
[2021-05-01T04:34:13.031+0000][8][safepoint   ] Safepoint "Cleanup", Time since last: 29005091628 ns, Reaching safepoint: 135308 ns, At safepoint: 5346 ns, Total: 140654 ns
[2021-05-01T04:35:24.041+0000][8][safepoint   ] Safepoint "Cleanup", Time since last: 71009548811 ns, Reaching safepoint: 230830 ns, At safepoint: 9144 ns, Total: 239974 ns
[2021-05-01T04:35:25.041+0000][8][safepoint   ] Safepoint "Cleanup", Time since last: 1000429519 ns, Reaching safepoint: 80595 ns, At safepoint: 4957 ns, Total: 85552 ns
[2021-05-01T04:35:31.397+0000][8][gc,start    ] GC(130) Pause Young (Normal) (G1 Evacuation Pause)
[2021-05-01T04:35:31.397+0000][8][gc,task     ] GC(130) Using 6 workers of 8 for evacuation
[2021-05-01T04:35:31.397+0000][8][gc,age      ] GC(130) Desired survivor size 6291456 bytes, new threshold 15 (max threshold 15)
[2021-05-01T04:35:31.398+0000][8][gc,age      ] GC(130) Age table with threshold 15 (max threshold 15)
[2021-05-01T04:35:31.398+0000][8][gc,age      ] GC(130) - age   1:     816008 bytes,     816008 total
[2021-05-01T04:35:31.398+0000][8][gc,age      ] GC(130) - age   2:       9616 bytes,     825624 total
[2021-05-01T04:35:31.398+0000][8][gc,age      ] GC(130) - age   3:       2736 bytes,     828360 total
[2021-05-01T04:35:31.398+0000][8][gc,age      ] GC(130) - age   4:       1056 bytes,     829416 total
[2021-05-01T04:35:31.398+0000][8][gc,age      ] GC(130) - age   5:      51192 bytes,     880608 total
[2021-05-01T04:35:31.398+0000][8][gc,age      ] GC(130) - age   6:       2192 bytes,     882800 total
[2021-05-01T04:35:31.398+0000][8][gc,age      ] GC(130) - age   7:      16856 bytes,     899656 total
[2021-05-01T04:35:31.398+0000][8][gc,age      ] GC(130) - age   8:        264 bytes,     899920 total
[2021-05-01T04:35:31.398+0000][8][gc,age      ] GC(130) - age   9:       1376 bytes,     901296 total
[2021-05-01T04:35:31.398+0000][8][gc,age      ] GC(130) - age  10:       1808 bytes,     903104 total
[2021-05-01T04:35:31.398+0000][8][gc,age      ] GC(130) - age  11:      37496 bytes,     940600 total
[2021-05-01T04:35:31.398+0000][8][gc,age      ] GC(130) - age  12:       2128 bytes,     942728 total
[2021-05-01T04:35:31.398+0000][8][gc,age      ] GC(130) - age  13:       2376 bytes,     945104 total
[2021-05-01T04:35:31.398+0000][8][gc,age      ] GC(130) - age  14:       5392 bytes,     950496 total
[2021-05-01T04:35:31.398+0000][8][gc,age      ] GC(130) - age  15:      50912 bytes,    1001408 total
[2021-05-01T04:35:31.398+0000][8][gc,phases   ] GC(130)   Pre Evacuate Collection Set: 0.1ms
[2021-05-01T04:35:31.398+0000][8][gc,phases   ] GC(130)   Merge Heap Roots: 0.0ms
[2021-05-01T04:35:31.398+0000][8][gc,phases   ] GC(130)   Evacuate Collection Set: 1.0ms
[2021-05-01T04:35:31.398+0000][8][gc,phases   ] GC(130)   Post Evacuate Collection Set: 0.4ms
[2021-05-01T04:35:31.398+0000][8][gc,phases   ] GC(130)   Other: 0.2ms
[2021-05-01T04:35:31.398+0000][8][gc,heap     ] GC(130) Eden regions: 22->0(22)
[2021-05-01T04:35:31.398+0000][8][gc,heap     ] GC(130) Survivor regions: 1->1(3)
[2021-05-01T04:35:31.398+0000][8][gc,heap     ] GC(130) Old regions: 26->26
[2021-05-01T04:35:31.398+0000][8][gc,heap     ] GC(130) Archive regions: 2->2
[2021-05-01T04:35:31.398+0000][8][gc,heap     ] GC(130) Humongous regions: 2->2
[2021-05-01T04:35:31.398+0000][8][gc,metaspace] GC(130) Metaspace: 108011K(112788K)->108011K(112788K) NonClass: 94117K(97608K)->94117K(97608K) Class: 13894K(15180K)->13894K(15180K)
[2021-05-01T04:35:31.398+0000][8][gc          ] GC(130) Pause Young (Normal) (G1 Evacuation Pause) 203M->115M(256M) 1.827ms
[2021-05-01T04:35:31.398+0000][8][gc,cpu      ] GC(130) User=0.01s Sys=0.00s Real=0.00s
[2021-05-01T04:35:31.398+0000][8][safepoint   ] Safepoint "G1CollectForAllocation", Time since last: 6354946871 ns, Reaching safepoint: 100337 ns, At safepoint: 1900304 ns, Total: 2000641 ns
[2021-05-01T04:36:13.404+0000][8][safepoint   ] Safepoint "Cleanup", Time since last: 42005823854 ns, Reaching safepoint: 162250 ns, At safepoint: 9411 ns, Total: 171661 ns
[2021-05-01T04:37:33.415+0000][8][safepoint   ] Safepoint "Cleanup", Time since last: 80010325522 ns, Reaching safepoint: 80970 ns, At safepoint: 6328 ns, Total: 87298 ns
[2021-05-01T04:37:41.416+0000][8][safepoint   ] Safepoint "Cleanup", Time since last: 8000770878 ns, Reaching safepoint: 178220 ns, At safepoint: 8665 ns, Total: 186885 ns
[2021-05-01T04:37:47.489+0000][8][gc,start    ] GC(131) Pause Young (Concurrent Start) (G1 Evacuation Pause)
[2021-05-01T04:37:47.489+0000][8][gc,task     ] GC(131) Using 6 workers of 8 for evacuation
[2021-05-01T04:37:47.489+0000][8][gc,age      ] GC(131) Desired survivor size 6291456 bytes, new threshold 15 (max threshold 15)
[2021-05-01T04:37:47.491+0000][8][gc,age      ] GC(131) Age table with threshold 15 (max threshold 15)
[2021-05-01T04:37:47.491+0000][8][gc,age      ] GC(131) - age   1:     509616 bytes,     509616 total
[2021-05-01T04:37:47.491+0000][8][gc,age      ] GC(131) - age   2:     301872 bytes,     811488 total
[2021-05-01T04:37:47.491+0000][8][gc,age      ] GC(131) - age   3:       4016 bytes,     815504 total
[2021-05-01T04:37:47.491+0000][8][gc,age      ] GC(131) - age   4:       2640 bytes,     818144 total
[2021-05-01T04:37:47.491+0000][8][gc,age      ] GC(131) - age   5:       1056 bytes,     819200 total
[2021-05-01T04:37:47.491+0000][8][gc,age      ] GC(131) - age   6:      51192 bytes,     870392 total
[2021-05-01T04:37:47.491+0000][8][gc,age      ] GC(131) - age   7:       2192 bytes,     872584 total
[2021-05-01T04:37:47.491+0000][8][gc,age      ] GC(131) - age   8:      16856 bytes,     889440 total
[2021-05-01T04:37:47.491+0000][8][gc,age      ] GC(131) - age   9:        264 bytes,     889704 total
[2021-05-01T04:37:47.491+0000][8][gc,age      ] GC(131) - age  10:       1376 bytes,     891080 total
[2021-05-01T04:37:47.491+0000][8][gc,age      ] GC(131) - age  11:       1808 bytes,     892888 total
[2021-05-01T04:37:47.491+0000][8][gc,age      ] GC(131) - age  12:      37496 bytes,     930384 total
[2021-05-01T04:37:47.491+0000][8][gc,age      ] GC(131) - age  13:       2128 bytes,     932512 total
[2021-05-01T04:37:47.491+0000][8][gc,age      ] GC(131) - age  14:       2376 bytes,     934888 total
[2021-05-01T04:37:47.491+0000][8][gc,age      ] GC(131) - age  15:       5392 bytes,     940280 total
[2021-05-01T04:37:47.491+0000][8][gc,phases   ] GC(131)   Pre Evacuate Collection Set: 0.1ms
[2021-05-01T04:37:47.491+0000][8][gc,phases   ] GC(131)   Merge Heap Roots: 0.0ms
[2021-05-01T04:37:47.491+0000][8][gc,phases   ] GC(131)   Evacuate Collection Set: 1.0ms
[2021-05-01T04:37:47.491+0000][8][gc,phases   ] GC(131)   Post Evacuate Collection Set: 0.6ms
[2021-05-01T04:37:47.491+0000][8][gc,phases   ] GC(131)   Other: 0.2ms
[2021-05-01T04:37:47.491+0000][8][gc,heap     ] GC(131) Eden regions: 22->0(22)
[2021-05-01T04:37:47.491+0000][8][gc,heap     ] GC(131) Survivor regions: 1->1(3)
[2021-05-01T04:37:47.491+0000][8][gc,heap     ] GC(131) Old regions: 26->26
[2021-05-01T04:37:47.491+0000][8][gc,heap     ] GC(131) Archive regions: 2->2
[2021-05-01T04:37:47.491+0000][8][gc,heap     ] GC(131) Humongous regions: 2->2
[2021-05-01T04:37:47.491+0000][8][gc,metaspace] GC(131) Metaspace: 108024K(112788K)->108024K(112788K) NonClass: 94129K(97608K)->94129K(97608K) Class: 13894K(15180K)->13894K(15180K)
[2021-05-01T04:37:47.491+0000][8][gc          ] GC(131) Pause Young (Concurrent Start) (G1 Evacuation Pause) 203M->115M(256M) 1.963ms
[2021-05-01T04:37:47.491+0000][8][gc,cpu      ] GC(131) User=0.00s Sys=0.00s Real=0.00s
[2021-05-01T04:37:47.491+0000][8][safepoint   ] Safepoint "G1CollectForAllocation", Time since last: 6073113914 ns, Reaching safepoint: 99434 ns, At safepoint: 2026643 ns, Total: 2126077 ns
[2021-05-01T04:37:47.491+0000][8][gc          ] GC(132) Concurrent Cycle
[2021-05-01T04:37:47.491+0000][8][gc,marking  ] GC(132) Concurrent Clear Claimed Marks
[2021-05-01T04:37:47.491+0000][8][gc,marking  ] GC(132) Concurrent Clear Claimed Marks 0.077ms
[2021-05-01T04:37:47.491+0000][8][gc,marking  ] GC(132) Concurrent Scan Root Regions
[2021-05-01T04:37:47.493+0000][8][gc,marking  ] GC(132) Concurrent Scan Root Regions 1.466ms
[2021-05-01T04:37:47.493+0000][8][gc,marking  ] GC(132) Concurrent Mark (8098.650s)
[2021-05-01T04:37:47.493+0000][8][gc,marking  ] GC(132) Concurrent Mark From Roots
[2021-05-01T04:37:47.493+0000][8][gc,task     ] GC(132) Using 2 workers of 2 for marking
[2021-05-01T04:37:47.574+0000][8][gc,marking  ] GC(132) Concurrent Mark From Roots 81.079ms
[2021-05-01T04:37:47.574+0000][8][gc,marking  ] GC(132) Concurrent Preclean
[2021-05-01T04:37:47.574+0000][8][gc,marking  ] GC(132) Concurrent Preclean 0.210ms
[2021-05-01T04:37:47.574+0000][8][gc,marking  ] GC(132) Concurrent Mark (8098.650s, 8098.731s) 81.331ms
[2021-05-01T04:37:47.574+0000][8][gc,start    ] GC(132) Pause Remark
[2021-05-01T04:37:47.579+0000][8][gc          ] GC(132) Pause Remark 116M->116M(256M) 5.127ms
[2021-05-01T04:37:47.579+0000][8][gc,cpu      ] GC(132) User=0.03s Sys=0.00s Real=0.01s
[2021-05-01T04:37:47.579+0000][8][safepoint   ] Safepoint "G1Concurrent", Time since last: 82995042 ns, Reaching safepoint: 138578 ns, At safepoint: 5198429 ns, Total: 5337007 ns
[2021-05-01T04:37:47.579+0000][8][gc,marking  ] GC(132) Concurrent Rebuild Remembered Sets
[2021-05-01T04:37:47.635+0000][8][gc,marking  ] GC(132) Concurrent Rebuild Remembered Sets 55.885ms
[2021-05-01T04:37:47.636+0000][8][gc,start    ] GC(132) Pause Cleanup
[2021-05-01T04:37:47.636+0000][8][gc          ] GC(132) Pause Cleanup 116M->116M(256M) 0.075ms
[2021-05-01T04:37:47.636+0000][8][gc,cpu      ] GC(132) User=0.00s Sys=0.00s Real=0.00s
[2021-05-01T04:37:47.636+0000][8][safepoint   ] Safepoint "G1Concurrent", Time since last: 56025504 ns, Reaching safepoint: 133005 ns, At safepoint: 114344 ns, Total: 247349 ns
[2021-05-01T04:37:47.636+0000][8][gc,marking  ] GC(132) Concurrent Cleanup for Next Mark
[2021-05-01T04:37:47.636+0000][8][gc,marking  ] GC(132) Concurrent Cleanup for Next Mark 0.260ms
[2021-05-01T04:37:47.636+0000][8][gc          ] GC(132) Concurrent Cycle 144.901ms
[2021-05-01T04:38:37.644+0000][8][safepoint   ] Safepoint "Cleanup", Time since last: 50008740634 ns, Reaching safepoint: 94706 ns, At safepoint: 6269 ns, Total: 100975 ns
[2021-05-01T04:38:41.645+0000][8][safepoint   ] Safepoint "Cleanup", Time since last: 4000725803 ns, Reaching safepoint: 87746 ns, At safepoint: 6095 ns, Total: 93841 ns
[2021-05-01T04:38:46.646+0000][8][safepoint   ] Safepoint "Cleanup", Time since last: 5000766330 ns, Reaching safepoint: 92926 ns, At safepoint: 6210 ns, Total: 99136 ns
[2021-05-01T04:38:49.647+0000][8][safepoint   ] Safepoint "Cleanup", Time since last: 3000495023 ns, Reaching safepoint: 164679 ns, At safepoint: 7489 ns, Total: 172168 ns
[2021-05-01T04:39:09.651+0000][8][safepoint   ] Safepoint "Cleanup", Time since last: 20003768110 ns, Reaching safepoint: 112063 ns, At safepoint: 4908 ns, Total: 116971 ns
[2021-05-01T04:39:32.534+0000][8][gc,start    ] GC(133) Pause Young (Normal) (G1 Evacuation Pause)
[2021-05-01T04:39:32.534+0000][8][gc,task     ] GC(133) Using 6 workers of 8 for evacuation
[2021-05-01T04:39:32.534+0000][8][gc,age      ] GC(133) Desired survivor size 6291456 bytes, new threshold 15 (max threshold 15)
[2021-05-01T04:39:32.535+0000][8][gc,age      ] GC(133) Age table with threshold 15 (max threshold 15)
[2021-05-01T04:39:32.535+0000][8][gc,age      ] GC(133) - age   1:     679408 bytes,     679408 total
[2021-05-01T04:39:32.535+0000][8][gc,age      ] GC(133) - age   2:        952 bytes,     680360 total
[2021-05-01T04:39:32.535+0000][8][gc,age      ] GC(133) - age   3:     120632 bytes,     800992 total
[2021-05-01T04:39:32.535+0000][8][gc,age      ] GC(133) - age   4:       3816 bytes,     804808 total
[2021-05-01T04:39:32.535+0000][8][gc,age      ] GC(133) - age   5:       2600 bytes,     807408 total
[2021-05-01T04:39:32.535+0000][8][gc,age      ] GC(133) - age   6:       1056 bytes,     808464 total
[2021-05-01T04:39:32.535+0000][8][gc,age      ] GC(133) - age   7:      49944 bytes,     858408 total
[2021-05-01T04:39:32.535+0000][8][gc,age      ] GC(133) - age   8:       1984 bytes,     860392 total
[2021-05-01T04:39:32.535+0000][8][gc,age      ] GC(133) - age   9:      16856 bytes,     877248 total
[2021-05-01T04:39:32.535+0000][8][gc,age      ] GC(133) - age  10:        264 bytes,     877512 total
[2021-05-01T04:39:32.535+0000][8][gc,age      ] GC(133) - age  11:       1376 bytes,     878888 total
[2021-05-01T04:39:32.535+0000][8][gc,age      ] GC(133) - age  12:       1808 bytes,     880696 total
[2021-05-01T04:39:32.535+0000][8][gc,age      ] GC(133) - age  13:      37496 bytes,     918192 total
[2021-05-01T04:39:32.535+0000][8][gc,age      ] GC(133) - age  14:       2128 bytes,     920320 total
[2021-05-01T04:39:32.535+0000][8][gc,age      ] GC(133) - age  15:       2376 bytes,     922696 total
[2021-05-01T04:39:32.535+0000][8][gc,phases   ] GC(133)   Pre Evacuate Collection Set: 0.0ms
[2021-05-01T04:39:32.535+0000][8][gc,phases   ] GC(133)   Merge Heap Roots: 0.1ms
[2021-05-01T04:39:32.535+0000][8][gc,phases   ] GC(133)   Evacuate Collection Set: 0.8ms
[2021-05-01T04:39:32.535+0000][8][gc,phases   ] GC(133)   Post Evacuate Collection Set: 0.4ms
[2021-05-01T04:39:32.535+0000][8][gc,phases   ] GC(133)   Other: 0.2ms
[2021-05-01T04:39:32.535+0000][8][gc,heap     ] GC(133) Eden regions: 22->0(22)
[2021-05-01T04:39:32.535+0000][8][gc,heap     ] GC(133) Survivor regions: 1->1(3)
[2021-05-01T04:39:32.535+0000][8][gc,heap     ] GC(133) Old regions: 26->26
[2021-05-01T04:39:32.535+0000][8][gc,heap     ] GC(133) Archive regions: 2->2
[2021-05-01T04:39:32.535+0000][8][gc,heap     ] GC(133) Humongous regions: 2->2
[2021-05-01T04:39:32.535+0000][8][gc,metaspace] GC(133) Metaspace: 108068K(112788K)->108068K(112788K) NonClass: 94173K(97608K)->94173K(97608K) Class: 13894K(15180K)->13894K(15180K)
[2021-05-01T04:39:32.535+0000][8][gc          ] GC(133) Pause Young (Normal) (G1 Evacuation Pause) 203M->115M(256M) 1.623ms
[2021-05-01T04:39:32.536+0000][8][gc,cpu      ] GC(133) User=0.01s Sys=0.00s Real=0.00s
[2021-05-01T04:39:32.536+0000][8][safepoint   ] Safepoint "G1CollectForAllocation", Time since last: 22882993068 ns, Reaching safepoint: 141268 ns, At safepoint: 1690654 ns, Total: 1831922 ns
[2021-05-01T04:39:41.537+0000][8][safepoint   ] Safepoint "Cleanup", Time since last: 9001755995 ns, Reaching safepoint: 174781 ns, At safepoint: 6497 ns, Total: 181278 ns
[2021-05-01T04:39:47.539+0000][8][safepoint   ] Safepoint "Cleanup", Time since last: 6001721716 ns, Reaching safepoint: 95826 ns, At safepoint: 4314 ns, Total: 100140 ns
[2021-05-01T04:39:54.541+0000][8][safepoint   ] Safepoint "Cleanup", Time since last: 7001042711 ns, Reaching safepoint: 163594 ns, At safepoint: 10446 ns, Total: 174040 ns
[2021-05-01T04:40:12.544+0000][8][safepoint   ] Safepoint "Cleanup", Time since last: 18003172915 ns, Reaching safepoint: 105109 ns, At safepoint: 6671 ns, Total: 111780 ns
[2021-05-01T04:40:17.545+0000][8][safepoint   ] Safepoint "Cleanup", Time since last: 5001143273 ns, Reaching safepoint: 100154 ns, At safepoint: 6639 ns, Total: 106793 ns
[2021-05-01T04:41:11.555+0000][8][safepoint   ] Safepoint "Cleanup", Time since last: 54009571843 ns, Reaching safepoint: 116942 ns, At safepoint: 6215 ns, Total: 123157 ns
[2021-05-01T04:41:12.555+0000][8][safepoint   ] Safepoint "Cleanup", Time since last: 1000595216 ns, Reaching safepoint: 84890 ns, At safepoint: 5191 ns, Total: 90081 ns
[2021-05-01T04:41:48.950+0000][8][gc,start    ] GC(134) Pause Young (Concurrent Start) (G1 Evacuation Pause)
[2021-05-01T04:41:48.950+0000][8][gc,task     ] GC(134) Using 6 workers of 8 for evacuation
[2021-05-01T04:41:48.950+0000][8][gc,age      ] GC(134) Desired survivor size 6291456 bytes, new threshold 15 (max threshold 15)
[2021-05-01T04:41:48.951+0000][8][gc,age      ] GC(134) Age table with threshold 15 (max threshold 15)
[2021-05-01T04:41:48.951+0000][8][gc,age      ] GC(134) - age   1:     518000 bytes,     518000 total
[2021-05-01T04:41:48.951+0000][8][gc,age      ] GC(134) - age   2:     169776 bytes,     687776 total
[2021-05-01T04:41:48.951+0000][8][gc,age      ] GC(134) - age   3:        704 bytes,     688480 total
[2021-05-01T04:41:48.951+0000][8][gc,age      ] GC(134) - age   4:     120536 bytes,     809016 total
[2021-05-01T04:41:48.951+0000][8][gc,age      ] GC(134) - age   5:       3816 bytes,     812832 total
[2021-05-01T04:41:48.951+0000][8][gc,age      ] GC(134) - age   6:       2600 bytes,     815432 total
[2021-05-01T04:41:48.951+0000][8][gc,age      ] GC(134) - age   7:       1056 bytes,     816488 total
[2021-05-01T04:41:48.951+0000][8][gc,age      ] GC(134) - age   8:      49744 bytes,     866232 total
[2021-05-01T04:41:48.951+0000][8][gc,age      ] GC(134) - age   9:       1848 bytes,     868080 total
[2021-05-01T04:41:48.951+0000][8][gc,age      ] GC(134) - age  10:      16856 bytes,     884936 total
[2021-05-01T04:41:48.951+0000][8][gc,age      ] GC(134) - age  11:        264 bytes,     885200 total
[2021-05-01T04:41:48.951+0000][8][gc,age      ] GC(134) - age  12:       1376 bytes,     886576 total
[2021-05-01T04:41:48.951+0000][8][gc,age      ] GC(134) - age  13:       1808 bytes,     888384 total
[2021-05-01T04:41:48.951+0000][8][gc,age      ] GC(134) - age  14:      37496 bytes,     925880 total
[2021-05-01T04:41:48.951+0000][8][gc,age      ] GC(134) - age  15:       2128 bytes,     928008 total
[2021-05-01T04:41:48.951+0000][8][gc,phases   ] GC(134)   Pre Evacuate Collection Set: 0.1ms
[2021-05-01T04:41:48.951+0000][8][gc,phases   ] GC(134)   Merge Heap Roots: 0.0ms
[2021-05-01T04:41:48.951+0000][8][gc,phases   ] GC(134)   Evacuate Collection Set: 0.9ms
[2021-05-01T04:41:48.951+0000][8][gc,phases   ] GC(134)   Post Evacuate Collection Set: 0.5ms
[2021-05-01T04:41:48.951+0000][8][gc,phases   ] GC(134)   Other: 0.2ms
[2021-05-01T04:41:48.951+0000][8][gc,heap     ] GC(134) Eden regions: 22->0(22)
[2021-05-01T04:41:48.951+0000][8][gc,heap     ] GC(134) Survivor regions: 1->1(3)
[2021-05-01T04:41:48.951+0000][8][gc,heap     ] GC(134) Old regions: 26->26
[2021-05-01T04:41:48.951+0000][8][gc,heap     ] GC(134) Archive regions: 2->2
[2021-05-01T04:41:48.951+0000][8][gc,heap     ] GC(134) Humongous regions: 2->2
[2021-05-01T04:41:48.951+0000][8][gc,metaspace] GC(134) Metaspace: 108074K(112788K)->108074K(112788K) NonClass: 94179K(97608K)->94179K(97608K) Class: 13894K(15180K)->13894K(15180K)
[2021-05-01T04:41:48.951+0000][8][gc          ] GC(134) Pause Young (Concurrent Start) (G1 Evacuation Pause) 203M->115M(256M) 1.758ms
[2021-05-01T04:41:48.951+0000][8][gc,cpu      ] GC(134) User=0.01s Sys=0.00s Real=0.01s
[2021-05-01T04:41:48.951+0000][8][gc          ] GC(135) Concurrent Cycle
[2021-05-01T04:41:48.951+0000][8][safepoint   ] Safepoint "G1CollectForAllocation", Time since last: 36394070369 ns, Reaching safepoint: 136966 ns, At safepoint: 1823208 ns, Total: 1960174 ns
[2021-05-01T04:41:48.951+0000][8][gc,marking  ] GC(135) Concurrent Clear Claimed Marks
[2021-05-01T04:41:48.952+0000][8][gc,marking  ] GC(135) Concurrent Clear Claimed Marks 0.056ms
[2021-05-01T04:41:48.952+0000][8][gc,marking  ] GC(135) Concurrent Scan Root Regions
[2021-05-01T04:41:48.953+0000][8][gc,marking  ] GC(135) Concurrent Scan Root Regions 1.351ms
[2021-05-01T04:41:48.953+0000][8][gc,marking  ] GC(135) Concurrent Mark (8340.110s)
[2021-05-01T04:41:48.953+0000][8][gc,marking  ] GC(135) Concurrent Mark From Roots
[2021-05-01T04:41:48.953+0000][8][gc,task     ] GC(135) Using 2 workers of 2 for marking
[2021-05-01T04:41:49.042+0000][8][gc,marking  ] GC(135) Concurrent Mark From Roots 89.451ms
[2021-05-01T04:41:49.042+0000][8][gc,marking  ] GC(135) Concurrent Preclean
[2021-05-01T04:41:49.043+0000][8][gc,marking  ] GC(135) Concurrent Preclean 0.230ms
[2021-05-01T04:41:49.043+0000][8][gc,marking  ] GC(135) Concurrent Mark (8340.110s, 8340.200s) 89.727ms
[2021-05-01T04:41:49.043+0000][8][gc,start    ] GC(135) Pause Remark
[2021-05-01T04:41:49.048+0000][8][gc          ] GC(135) Pause Remark 115M->115M(256M) 5.159ms
[2021-05-01T04:41:49.048+0000][8][gc,cpu      ] GC(135) User=0.02s Sys=0.00s Real=0.00s
[2021-05-01T04:41:49.048+0000][8][safepoint   ] Safepoint "G1Concurrent", Time since last: 91190400 ns, Reaching safepoint: 101206 ns, At safepoint: 5226632 ns, Total: 5327838 ns
[2021-05-01T04:41:49.048+0000][8][gc,marking  ] GC(135) Concurrent Rebuild Remembered Sets
[2021-05-01T04:41:49.103+0000][8][gc,marking  ] GC(135) Concurrent Rebuild Remembered Sets 54.933ms
[2021-05-01T04:41:49.103+0000][8][gc,start    ] GC(135) Pause Cleanup
[2021-05-01T04:41:49.103+0000][8][gc          ] GC(135) Pause Cleanup 116M->116M(256M) 0.073ms
[2021-05-01T04:41:49.103+0000][8][gc,cpu      ] GC(135) User=0.00s Sys=0.00s Real=0.00s
[2021-05-01T04:41:49.103+0000][8][safepoint   ] Safepoint "G1Concurrent", Time since last: 55041171 ns, Reaching safepoint: 85116 ns, At safepoint: 111784 ns, Total: 196900 ns
[2021-05-01T04:41:49.103+0000][8][gc,marking  ] GC(135) Concurrent Cleanup for Next Mark
[2021-05-01T04:41:49.103+0000][8][gc,marking  ] GC(135) Concurrent Cleanup for Next Mark 0.169ms
[2021-05-01T04:41:49.103+0000][8][gc          ] GC(135) Concurrent Cycle 151.967ms
[2021-05-01T04:44:04.198+0000][8][gc,start    ] GC(136) Pause Young (Normal) (G1 Evacuation Pause)
[2021-05-01T04:44:04.198+0000][8][gc,task     ] GC(136) Using 6 workers of 8 for evacuation
[2021-05-01T04:44:04.198+0000][8][gc,age      ] GC(136) Desired survivor size 6291456 bytes, new threshold 15 (max threshold 15)
[2021-05-01T04:44:04.199+0000][8][gc,age      ] GC(136) Age table with threshold 15 (max threshold 15)
[2021-05-01T04:44:04.199+0000][8][gc,age      ] GC(136) - age   1:     533152 bytes,     533152 total
[2021-05-01T04:44:04.199+0000][8][gc,age      ] GC(136) - age   2:        560 bytes,     533712 total
[2021-05-01T04:44:04.199+0000][8][gc,age      ] GC(136) - age   3:     168888 bytes,     702600 total
[2021-05-01T04:44:04.199+0000][8][gc,age      ] GC(136) - age   4:        384 bytes,     702984 total
[2021-05-01T04:44:04.199+0000][8][gc,age      ] GC(136) - age   5:       6616 bytes,     709600 total
[2021-05-01T04:44:04.199+0000][8][gc,age      ] GC(136) - age   6:       1320 bytes,     710920 total
[2021-05-01T04:44:04.199+0000][8][gc,age      ] GC(136) - age   7:       2600 bytes,     713520 total
[2021-05-01T04:44:04.199+0000][8][gc,age      ] GC(136) - age   8:        960 bytes,     714480 total
[2021-05-01T04:44:04.199+0000][8][gc,age      ] GC(136) - age   9:      49648 bytes,     764128 total
[2021-05-01T04:44:04.199+0000][8][gc,age      ] GC(136) - age  10:       1808 bytes,     765936 total
[2021-05-01T04:44:04.199+0000][8][gc,age      ] GC(136) - age  11:      16760 bytes,     782696 total
[2021-05-01T04:44:04.199+0000][8][gc,age      ] GC(136) - age  12:        264 bytes,     782960 total
[2021-05-01T04:44:04.199+0000][8][gc,age      ] GC(136) - age  13:       1376 bytes,     784336 total
[2021-05-01T04:44:04.199+0000][8][gc,age      ] GC(136) - age  14:       1808 bytes,     786144 total
[2021-05-01T04:44:04.199+0000][8][gc,age      ] GC(136) - age  15:      37496 bytes,     823640 total
[2021-05-01T04:44:04.199+0000][8][gc,phases   ] GC(136)   Pre Evacuate Collection Set: 0.0ms
[2021-05-01T04:44:04.199+0000][8][gc,phases   ] GC(136)   Merge Heap Roots: 0.0ms
[2021-05-01T04:44:04.199+0000][8][gc,phases   ] GC(136)   Evacuate Collection Set: 0.7ms
[2021-05-01T04:44:04.199+0000][8][gc,phases   ] GC(136)   Post Evacuate Collection Set: 0.5ms
[2021-05-01T04:44:04.199+0000][8][gc,phases   ] GC(136)   Other: 0.2ms
[2021-05-01T04:44:04.199+0000][8][gc,heap     ] GC(136) Eden regions: 22->0(22)
[2021-05-01T04:44:04.199+0000][8][gc,heap     ] GC(136) Survivor regions: 1->1(3)
[2021-05-01T04:44:04.199+0000][8][gc,heap     ] GC(136) Old regions: 26->26
[2021-05-01T04:44:04.199+0000][8][gc,heap     ] GC(136) Archive regions: 2->2
[2021-05-01T04:44:04.199+0000][8][gc,heap     ] GC(136) Humongous regions: 2->2
[2021-05-01T04:44:04.199+0000][8][gc,metaspace] GC(136) Metaspace: 108077K(112788K)->108077K(112788K) NonClass: 94182K(97608K)->94182K(97608K) Class: 13894K(15180K)->13894K(15180K)
[2021-05-01T04:44:04.199+0000][8][gc          ] GC(136) Pause Young (Normal) (G1 Evacuation Pause) 203M->115M(256M) 1.561ms
[2021-05-01T04:44:04.199+0000][8][gc,cpu      ] GC(136) User=0.01s Sys=0.00s Real=0.01s
[2021-05-01T04:44:04.199+0000][8][safepoint   ] Safepoint "G1CollectForAllocation", Time since last: 135094483798 ns, Reaching safepoint: 104296 ns, At safepoint: 1618664 ns, Total: 1722960 ns
[2021-05-01T04:44:13.202+0000][8][safepoint   ] Safepoint "Cleanup", Time since last: 9001973991 ns, Reaching safepoint: 104357 ns, At safepoint: 5984 ns, Total: 110341 ns
[2021-05-01T04:44:44.205+0000][8][safepoint   ] Safepoint "Cleanup", Time since last: 31003604645 ns, Reaching safepoint: 140004 ns, At safepoint: 6337 ns, Total: 146341 ns
[2021-05-01T04:44:47.206+0000][8][safepoint   ] Safepoint "Cleanup", Time since last: 3000660674 ns, Reaching safepoint: 125586 ns, At safepoint: 4366 ns, Total: 129952 ns
[2021-05-01T04:45:42.215+0000][8][safepoint   ] Safepoint "Cleanup", Time since last: 55009079885 ns, Reaching safepoint: 112906 ns, At safepoint: 6211 ns, Total: 119117 ns
[2021-05-01T04:46:17.698+0000][8][gc,start    ] GC(137) Pause Young (Concurrent Start) (G1 Evacuation Pause)
[2021-05-01T04:46:17.698+0000][8][gc,task     ] GC(137) Using 6 workers of 8 for evacuation
[2021-05-01T04:46:17.698+0000][8][gc,age      ] GC(137) Desired survivor size 6291456 bytes, new threshold 15 (max threshold 15)
[2021-05-01T04:46:17.700+0000][8][gc,age      ] GC(137) Age table with threshold 15 (max threshold 15)
[2021-05-01T04:46:17.700+0000][8][gc,age      ] GC(137) - age   1:     510008 bytes,     510008 total
[2021-05-01T04:46:17.700+0000][8][gc,age      ] GC(137) - age   2:      20400 bytes,     530408 total
[2021-05-01T04:46:17.700+0000][8][gc,age      ] GC(137) - age   3:        240 bytes,     530648 total
[2021-05-01T04:46:17.700+0000][8][gc,age      ] GC(137) - age   4:     168768 bytes,     699416 total
[2021-05-01T04:46:17.700+0000][8][gc,age      ] GC(137) - age   5:        384 bytes,     699800 total
[2021-05-01T04:46:17.700+0000][8][gc,age      ] GC(137) - age   6:       6616 bytes,     706416 total
[2021-05-01T04:46:17.700+0000][8][gc,age      ] GC(137) - age   7:       1320 bytes,     707736 total
[2021-05-01T04:46:17.700+0000][8][gc,age      ] GC(137) - age   8:       2600 bytes,     710336 total
[2021-05-01T04:46:17.700+0000][8][gc,age      ] GC(137) - age   9:        920 bytes,     711256 total
[2021-05-01T04:46:17.700+0000][8][gc,age      ] GC(137) - age  10:      49648 bytes,     760904 total
[2021-05-01T04:46:17.700+0000][8][gc,age      ] GC(137) - age  11:       1808 bytes,     762712 total
[2021-05-01T04:46:17.700+0000][8][gc,age      ] GC(137) - age  12:      16760 bytes,     779472 total
[2021-05-01T04:46:17.700+0000][8][gc,age      ] GC(137) - age  13:        264 bytes,     779736 total
[2021-05-01T04:46:17.700+0000][8][gc,age      ] GC(137) - age  14:       1376 bytes,     781112 total
[2021-05-01T04:46:17.700+0000][8][gc,age      ] GC(137) - age  15:       1808 bytes,     782920 total
[2021-05-01T04:46:17.700+0000][8][gc,phases   ] GC(137)   Pre Evacuate Collection Set: 0.1ms
[2021-05-01T04:46:17.700+0000][8][gc,phases   ] GC(137)   Merge Heap Roots: 0.0ms
[2021-05-01T04:46:17.700+0000][8][gc,phases   ] GC(137)   Evacuate Collection Set: 1.0ms
[2021-05-01T04:46:17.700+0000][8][gc,phases   ] GC(137)   Post Evacuate Collection Set: 0.4ms
[2021-05-01T04:46:17.700+0000][8][gc,phases   ] GC(137)   Other: 0.2ms
[2021-05-01T04:46:17.700+0000][8][gc,heap     ] GC(137) Eden regions: 22->0(22)
[2021-05-01T04:46:17.700+0000][8][gc,heap     ] GC(137) Survivor regions: 1->1(3)
[2021-05-01T04:46:17.700+0000][8][gc,heap     ] GC(137) Old regions: 26->26
[2021-05-01T04:46:17.700+0000][8][gc,heap     ] GC(137) Archive regions: 2->2
[2021-05-01T04:46:17.700+0000][8][gc,heap     ] GC(137) Humongous regions: 2->2
[2021-05-01T04:46:17.700+0000][8][gc,metaspace] GC(137) Metaspace: 108079K(112788K)->108079K(112788K) NonClass: 94184K(97608K)->94184K(97608K) Class: 13894K(15180K)->13894K(15180K)
[2021-05-01T04:46:17.700+0000][8][gc          ] GC(137) Pause Young (Concurrent Start) (G1 Evacuation Pause) 203M->115M(256M) 1.807ms
[2021-05-01T04:46:17.700+0000][8][gc,cpu      ] GC(137) User=0.01s Sys=0.00s Real=0.01s
[2021-05-01T04:46:17.700+0000][8][safepoint   ] Safepoint "G1CollectForAllocation", Time since last: 35482838181 ns, Reaching safepoint: 238137 ns, At safepoint: 1870619 ns, Total: 2108756 ns
[2021-05-01T04:46:17.700+0000][8][gc          ] GC(138) Concurrent Cycle
[2021-05-01T04:46:17.700+0000][8][gc,marking  ] GC(138) Concurrent Clear Claimed Marks
[2021-05-01T04:46:17.700+0000][8][gc,marking  ] GC(138) Concurrent Clear Claimed Marks 0.053ms
[2021-05-01T04:46:17.700+0000][8][gc,marking  ] GC(138) Concurrent Scan Root Regions
[2021-05-01T04:46:17.701+0000][8][gc,marking  ] GC(138) Concurrent Scan Root Regions 0.993ms
[2021-05-01T04:46:17.701+0000][8][gc,marking  ] GC(138) Concurrent Mark (8608.859s)
[2021-05-01T04:46:17.701+0000][8][gc,marking  ] GC(138) Concurrent Mark From Roots
[2021-05-01T04:46:17.701+0000][8][gc,task     ] GC(138) Using 2 workers of 2 for marking
[2021-05-01T04:46:17.790+0000][8][gc,marking  ] GC(138) Concurrent Mark From Roots 88.989ms
[2021-05-01T04:46:17.790+0000][8][gc,marking  ] GC(138) Concurrent Preclean
[2021-05-01T04:46:17.791+0000][8][gc,marking  ] GC(138) Concurrent Preclean 0.213ms
[2021-05-01T04:46:17.791+0000][8][gc,marking  ] GC(138) Concurrent Mark (8608.859s, 8608.948s) 89.246ms
[2021-05-01T04:46:17.791+0000][8][gc,start    ] GC(138) Pause Remark
[2021-05-01T04:46:17.796+0000][8][gc          ] GC(138) Pause Remark 116M->116M(256M) 5.260ms
[2021-05-01T04:46:17.796+0000][8][gc,cpu      ] GC(138) User=0.03s Sys=0.00s Real=0.01s
[2021-05-01T04:46:17.796+0000][8][safepoint   ] Safepoint "G1Concurrent", Time since last: 90417011 ns, Reaching safepoint: 143983 ns, At safepoint: 5333803 ns, Total: 5477786 ns
[2021-05-01T04:46:17.796+0000][8][gc,marking  ] GC(138) Concurrent Rebuild Remembered Sets
[2021-05-01T04:46:17.850+0000][8][gc,marking  ] GC(138) Concurrent Rebuild Remembered Sets 54.329ms
[2021-05-01T04:46:17.851+0000][8][gc,start    ] GC(138) Pause Cleanup
[2021-05-01T04:46:17.851+0000][8][gc          ] GC(138) Pause Cleanup 116M->116M(256M) 0.067ms
[2021-05-01T04:46:17.851+0000][8][gc,cpu      ] GC(138) User=0.00s Sys=0.00s Real=0.00s
[2021-05-01T04:46:17.851+0000][8][safepoint   ] Safepoint "G1Concurrent", Time since last: 54430311 ns, Reaching safepoint: 100535 ns, At safepoint: 113903 ns, Total: 214438 ns
[2021-05-01T04:46:17.851+0000][8][gc,marking  ] GC(138) Concurrent Cleanup for Next Mark
[2021-05-01T04:46:17.851+0000][8][gc,marking  ] GC(138) Concurrent Cleanup for Next Mark 0.123ms
[2021-05-01T04:46:17.851+0000][8][gc          ] GC(138) Concurrent Cycle 150.709ms
[2021-05-01T04:46:47.856+0000][8][safepoint   ] Safepoint "Cleanup", Time since last: 30004780685 ns, Reaching safepoint: 168116 ns, At safepoint: 7357 ns, Total: 175473 ns
[2021-05-01T04:46:54.857+0000][8][safepoint   ] Safepoint "Cleanup", Time since last: 7000992966 ns, Reaching safepoint: 141069 ns, At safepoint: 7094 ns, Total: 148163 ns
[2021-05-01T04:47:12.860+0000][8][safepoint   ] Safepoint "Cleanup", Time since last: 18003362257 ns, Reaching safepoint: 102467 ns, At safepoint: 5762 ns, Total: 108229 ns
[2021-05-01T04:48:32.754+0000][8][gc,start    ] GC(139) Pause Young (Normal) (G1 Evacuation Pause)
[2021-05-01T04:48:32.754+0000][8][gc,task     ] GC(139) Using 6 workers of 8 for evacuation
[2021-05-01T04:48:32.754+0000][8][gc,age      ] GC(139) Desired survivor size 6291456 bytes, new threshold 15 (max threshold 15)
[2021-05-01T04:48:32.756+0000][8][gc,age      ] GC(139) Age table with threshold 15 (max threshold 15)
[2021-05-01T04:48:32.756+0000][8][gc,age      ] GC(139) - age   1:     512944 bytes,     512944 total
[2021-05-01T04:48:32.756+0000][8][gc,age      ] GC(139) - age   2:       1336 bytes,     514280 total
[2021-05-01T04:48:32.756+0000][8][gc,age      ] GC(139) - age   3:      20248 bytes,     534528 total
[2021-05-01T04:48:32.756+0000][8][gc,age      ] GC(139) - age   4:        240 bytes,     534768 total
[2021-05-01T04:48:32.756+0000][8][gc,age      ] GC(139) - age   5:     168552 bytes,     703320 total
[2021-05-01T04:48:32.756+0000][8][gc,age      ] GC(139) - age   6:        384 bytes,     703704 total
[2021-05-01T04:48:32.756+0000][8][gc,age      ] GC(139) - age   7:       6616 bytes,     710320 total
[2021-05-01T04:48:32.756+0000][8][gc,age      ] GC(139) - age   8:       1320 bytes,     711640 total
[2021-05-01T04:48:32.756+0000][8][gc,age      ] GC(139) - age   9:       2600 bytes,     714240 total
[2021-05-01T04:48:32.756+0000][8][gc,age      ] GC(139) - age  10:        920 bytes,     715160 total
[2021-05-01T04:48:32.756+0000][8][gc,age      ] GC(139) - age  11:      49648 bytes,     764808 total
[2021-05-01T04:48:32.756+0000][8][gc,age      ] GC(139) - age  12:       1808 bytes,     766616 total
[2021-05-01T04:48:32.756+0000][8][gc,age      ] GC(139) - age  13:      16480 bytes,     783096 total
[2021-05-01T04:48:32.756+0000][8][gc,age      ] GC(139) - age  14:        264 bytes,     783360 total
[2021-05-01T04:48:32.756+0000][8][gc,age      ] GC(139) - age  15:       1376 bytes,     784736 total
[2021-05-01T04:48:32.756+0000][8][gc,phases   ] GC(139)   Pre Evacuate Collection Set: 0.0ms
[2021-05-01T04:48:32.756+0000][8][gc,phases   ] GC(139)   Merge Heap Roots: 0.1ms
[2021-05-01T04:48:32.756+0000][8][gc,phases   ] GC(139)   Evacuate Collection Set: 0.8ms
[2021-05-01T04:48:32.756+0000][8][gc,phases   ] GC(139)   Post Evacuate Collection Set: 0.6ms
[2021-05-01T04:48:32.756+0000][8][gc,phases   ] GC(139)   Other: 0.2ms
[2021-05-01T04:48:32.756+0000][8][gc,heap     ] GC(139) Eden regions: 22->0(22)
[2021-05-01T04:48:32.756+0000][8][gc,heap     ] GC(139) Survivor regions: 1->1(3)
[2021-05-01T04:48:32.756+0000][8][gc,heap     ] GC(139) Old regions: 26->26
[2021-05-01T04:48:32.756+0000][8][gc,heap     ] GC(139) Archive regions: 2->2
[2021-05-01T04:48:32.756+0000][8][gc,heap     ] GC(139) Humongous regions: 2->2
[2021-05-01T04:48:32.756+0000][8][gc,metaspace] GC(139) Metaspace: 108080K(112788K)->108080K(112788K) NonClass: 94185K(97608K)->94185K(97608K) Class: 13894K(15180K)->13894K(15180K)
[2021-05-01T04:48:32.756+0000][8][gc          ] GC(139) Pause Young (Normal) (G1 Evacuation Pause) 203M->115M(256M) 1.732ms
[2021-05-01T04:48:32.756+0000][8][gc,cpu      ] GC(139) User=0.00s Sys=0.00s Real=0.00s
[2021-05-01T04:48:32.756+0000][8][safepoint   ] Safepoint "G1CollectForAllocation", Time since last: 79893915378 ns, Reaching safepoint: 81012 ns, At safepoint: 1802075 ns, Total: 1883087 ns
[2021-05-01T04:48:37.757+0000][8][safepoint   ] Safepoint "Cleanup", Time since last: 5000667323 ns, Reaching safepoint: 85733 ns, At safepoint: 5379 ns, Total: 91112 ns
[2021-05-01T04:49:17.763+0000][8][safepoint   ] Safepoint "Cleanup", Time since last: 40005805014 ns, Reaching safepoint: 104581 ns, At safepoint: 5885 ns, Total: 110466 ns
[2021-05-01T04:49:47.768+0000][8][safepoint   ] Safepoint "Cleanup", Time since last: 30005084735 ns, Reaching safepoint: 167455 ns, At safepoint: 6907 ns, Total: 174362 ns
[2021-05-01T04:50:12.772+0000][8][safepoint   ] Safepoint "Cleanup", Time since last: 25004028682 ns, Reaching safepoint: 120625 ns, At safepoint: 5154 ns, Total: 125779 ns
[2021-05-01T04:50:16.784+0000][8][gc,start    ] GC(140) Pause Young (Concurrent Start) (G1 Evacuation Pause)
[2021-05-01T04:50:16.784+0000][8][gc,task     ] GC(140) Using 6 workers of 8 for evacuation
[2021-05-01T04:50:16.784+0000][8][gc,age      ] GC(140) Desired survivor size 6291456 bytes, new threshold 15 (max threshold 15)
[2021-05-01T04:50:16.786+0000][8][gc,age      ] GC(140) Age table with threshold 15 (max threshold 15)
[2021-05-01T04:50:16.786+0000][8][gc,age      ] GC(140) - age   1:     849856 bytes,     849856 total
[2021-05-01T04:50:16.786+0000][8][gc,age      ] GC(140) - age   2:        592 bytes,     850448 total
[2021-05-01T04:50:16.786+0000][8][gc,age      ] GC(140) - age   3:       1312 bytes,     851760 total
[2021-05-01T04:50:16.786+0000][8][gc,age      ] GC(140) - age   4:      20104 bytes,     871864 total
[2021-05-01T04:50:16.786+0000][8][gc,age      ] GC(140) - age   5:        144 bytes,     872008 total
[2021-05-01T04:50:16.786+0000][8][gc,age      ] GC(140) - age   6:      20048 bytes,     892056 total
[2021-05-01T04:50:16.786+0000][8][gc,age      ] GC(140) - age   7:        384 bytes,     892440 total
[2021-05-01T04:50:16.786+0000][8][gc,age      ] GC(140) - age   8:       1080 bytes,     893520 total
[2021-05-01T04:50:16.786+0000][8][gc,age      ] GC(140) - age   9:       1320 bytes,     894840 total
[2021-05-01T04:50:16.786+0000][8][gc,age      ] GC(140) - age  10:       2600 bytes,     897440 total
[2021-05-01T04:50:16.786+0000][8][gc,age      ] GC(140) - age  11:        920 bytes,     898360 total
[2021-05-01T04:50:16.786+0000][8][gc,age      ] GC(140) - age  12:      49608 bytes,     947968 total
[2021-05-01T04:50:16.786+0000][8][gc,age      ] GC(140) - age  13:       1808 bytes,     949776 total
[2021-05-01T04:50:16.786+0000][8][gc,age      ] GC(140) - age  14:      16448 bytes,     966224 total
[2021-05-01T04:50:16.786+0000][8][gc,age      ] GC(140) - age  15:        264 bytes,     966488 total
[2021-05-01T04:50:16.786+0000][8][gc,phases   ] GC(140)   Pre Evacuate Collection Set: 0.1ms
[2021-05-01T04:50:16.786+0000][8][gc,phases   ] GC(140)   Merge Heap Roots: 0.1ms
[2021-05-01T04:50:16.786+0000][8][gc,phases   ] GC(140)   Evacuate Collection Set: 0.9ms
[2021-05-01T04:50:16.786+0000][8][gc,phases   ] GC(140)   Post Evacuate Collection Set: 0.4ms
[2021-05-01T04:50:16.786+0000][8][gc,phases   ] GC(140)   Other: 0.2ms
[2021-05-01T04:50:16.786+0000][8][gc,heap     ] GC(140) Eden regions: 22->0(22)
[2021-05-01T04:50:16.786+0000][8][gc,heap     ] GC(140) Survivor regions: 1->1(3)
[2021-05-01T04:50:16.786+0000][8][gc,heap     ] GC(140) Old regions: 26->26
[2021-05-01T04:50:16.786+0000][8][gc,heap     ] GC(140) Archive regions: 2->2
[2021-05-01T04:50:16.786+0000][8][gc,heap     ] GC(140) Humongous regions: 2->2
[2021-05-01T04:50:16.786+0000][8][gc,metaspace] GC(140) Metaspace: 108108K(112788K)->108108K(112788K) NonClass: 94212K(97608K)->94212K(97608K) Class: 13895K(15180K)->13895K(15180K)
[2021-05-01T04:50:16.786+0000][8][gc          ] GC(140) Pause Young (Concurrent Start) (G1 Evacuation Pause) 203M->115M(256M) 1.786ms
[2021-05-01T04:50:16.786+0000][8][gc,cpu      ] GC(140) User=0.01s Sys=0.00s Real=0.00s
[2021-05-01T04:50:16.786+0000][8][gc          ] GC(141) Concurrent Cycle
[2021-05-01T04:50:16.786+0000][8][gc,marking  ] GC(141) Concurrent Clear Claimed Marks
[2021-05-01T04:50:16.786+0000][8][safepoint   ] Safepoint "G1CollectForAllocation", Time since last: 4011835558 ns, Reaching safepoint: 156013 ns, At safepoint: 1864178 ns, Total: 2020191 ns
[2021-05-01T04:50:16.786+0000][8][gc,marking  ] GC(141) Concurrent Clear Claimed Marks 0.055ms
[2021-05-01T04:50:16.786+0000][8][gc,marking  ] GC(141) Concurrent Scan Root Regions
[2021-05-01T04:50:16.788+0000][8][gc,marking  ] GC(141) Concurrent Scan Root Regions 1.695ms
[2021-05-01T04:50:16.788+0000][8][gc,marking  ] GC(141) Concurrent Mark (8847.945s)
[2021-05-01T04:50:16.788+0000][8][gc,marking  ] GC(141) Concurrent Mark From Roots
[2021-05-01T04:50:16.788+0000][8][gc,task     ] GC(141) Using 2 workers of 2 for marking
[2021-05-01T04:50:16.868+0000][8][gc,marking  ] GC(141) Concurrent Mark From Roots 80.013ms
[2021-05-01T04:50:16.868+0000][8][gc,marking  ] GC(141) Concurrent Preclean
[2021-05-01T04:50:16.868+0000][8][gc,marking  ] GC(141) Concurrent Preclean 0.232ms
[2021-05-01T04:50:16.868+0000][8][gc,marking  ] GC(141) Concurrent Mark (8847.945s, 8848.026s) 80.293ms
[2021-05-01T04:50:16.868+0000][8][gc,start    ] GC(141) Pause Remark
[2021-05-01T04:50:16.874+0000][8][gc          ] GC(141) Pause Remark 116M->116M(256M) 5.757ms
[2021-05-01T04:50:16.874+0000][8][gc,cpu      ] GC(141) User=0.04s Sys=0.00s Real=0.01s
[2021-05-01T04:50:16.874+0000][8][safepoint   ] Safepoint "G1Concurrent", Time since last: 82104592 ns, Reaching safepoint: 144636 ns, At safepoint: 5838949 ns, Total: 5983585 ns
[2021-05-01T04:50:16.874+0000][8][gc,marking  ] GC(141) Concurrent Rebuild Remembered Sets
[2021-05-01T04:50:16.929+0000][8][gc,marking  ] GC(141) Concurrent Rebuild Remembered Sets 54.882ms
[2021-05-01T04:50:16.929+0000][8][gc,start    ] GC(141) Pause Cleanup
[2021-05-01T04:50:16.929+0000][8][gc          ] GC(141) Pause Cleanup 116M->116M(256M) 0.065ms
[2021-05-01T04:50:16.929+0000][8][gc,cpu      ] GC(141) User=0.00s Sys=0.00s Real=0.00s
[2021-05-01T04:50:16.929+0000][8][safepoint   ] Safepoint "G1Concurrent", Time since last: 55025752 ns, Reaching safepoint: 123144 ns, At safepoint: 99897 ns, Total: 223041 ns
[2021-05-01T04:50:16.929+0000][8][gc,marking  ] GC(141) Concurrent Cleanup for Next Mark
[2021-05-01T04:50:16.930+0000][8][gc,marking  ] GC(141) Concurrent Cleanup for Next Mark 0.137ms
[2021-05-01T04:50:16.930+0000][8][gc          ] GC(141) Concurrent Cycle 143.542ms
[2021-05-01T04:52:37.953+0000][8][safepoint   ] Safepoint "Cleanup", Time since last: 141023144320 ns, Reaching safepoint: 130708 ns, At safepoint: 6304 ns, Total: 137012 ns
[2021-05-01T04:52:41.399+0000][8][gc,start    ] GC(142) Pause Young (Normal) (G1 Evacuation Pause)
[2021-05-01T04:52:41.399+0000][8][gc,task     ] GC(142) Using 6 workers of 8 for evacuation
[2021-05-01T04:52:41.399+0000][8][gc,age      ] GC(142) Desired survivor size 6291456 bytes, new threshold 15 (max threshold 15)
[2021-05-01T04:52:41.400+0000][8][gc,age      ] GC(142) Age table with threshold 15 (max threshold 15)
[2021-05-01T04:52:41.400+0000][8][gc,age      ] GC(142) - age   1:     518728 bytes,     518728 total
[2021-05-01T04:52:41.400+0000][8][gc,age      ] GC(142) - age   2:     310576 bytes,     829304 total
[2021-05-01T04:52:41.400+0000][8][gc,age      ] GC(142) - age   3:        328 bytes,     829632 total
[2021-05-01T04:52:41.400+0000][8][gc,age      ] GC(142) - age   4:       1112 bytes,     830744 total
[2021-05-01T04:52:41.400+0000][8][gc,age      ] GC(142) - age   5:      20080 bytes,     850824 total
[2021-05-01T04:52:41.400+0000][8][gc,age      ] GC(142) - age   6:        104 bytes,     850928 total
[2021-05-01T04:52:41.400+0000][8][gc,age      ] GC(142) - age   7:      20048 bytes,     870976 total
[2021-05-01T04:52:41.400+0000][8][gc,age      ] GC(142) - age   8:        384 bytes,     871360 total
[2021-05-01T04:52:41.400+0000][8][gc,age      ] GC(142) - age   9:       1080 bytes,     872440 total
[2021-05-01T04:52:41.400+0000][8][gc,age      ] GC(142) - age  10:       1320 bytes,     873760 total
[2021-05-01T04:52:41.400+0000][8][gc,age      ] GC(142) - age  11:       2600 bytes,     876360 total
[2021-05-01T04:52:41.400+0000][8][gc,age      ] GC(142) - age  12:        920 bytes,     877280 total
[2021-05-01T04:52:41.400+0000][8][gc,age      ] GC(142) - age  13:      49608 bytes,     926888 total
[2021-05-01T04:52:41.400+0000][8][gc,age      ] GC(142) - age  14:       1808 bytes,     928696 total
[2021-05-01T04:52:41.400+0000][8][gc,age      ] GC(142) - age  15:      16448 bytes,     945144 total
[2021-05-01T04:52:41.400+0000][8][gc,phases   ] GC(142)   Pre Evacuate Collection Set: 0.0ms
[2021-05-01T04:52:41.400+0000][8][gc,phases   ] GC(142)   Merge Heap Roots: 0.0ms
[2021-05-01T04:52:41.400+0000][8][gc,phases   ] GC(142)   Evacuate Collection Set: 0.9ms
[2021-05-01T04:52:41.400+0000][8][gc,phases   ] GC(142)   Post Evacuate Collection Set: 0.4ms
[2021-05-01T04:52:41.400+0000][8][gc,phases   ] GC(142)   Other: 0.2ms
[2021-05-01T04:52:41.400+0000][8][gc,heap     ] GC(142) Eden regions: 22->0(22)
[2021-05-01T04:52:41.400+0000][8][gc,heap     ] GC(142) Survivor regions: 1->1(3)
[2021-05-01T04:52:41.400+0000][8][gc,heap     ] GC(142) Old regions: 26->26
[2021-05-01T04:52:41.400+0000][8][gc,heap     ] GC(142) Archive regions: 2->2
[2021-05-01T04:52:41.400+0000][8][gc,heap     ] GC(142) Humongous regions: 2->2
[2021-05-01T04:52:41.400+0000][8][gc,metaspace] GC(142) Metaspace: 108108K(112788K)->108108K(112788K) NonClass: 94212K(97608K)->94212K(97608K) Class: 13895K(15180K)->13895K(15180K)
[2021-05-01T04:52:41.400+0000][8][gc          ] GC(142) Pause Young (Normal) (G1 Evacuation Pause) 203M->115M(256M) 1.595ms
[2021-05-01T04:52:41.401+0000][8][gc,cpu      ] GC(142) User=0.00s Sys=0.00s Real=0.01s
[2021-05-01T04:52:41.401+0000][8][safepoint   ] Safepoint "G1CollectForAllocation", Time since last: 3446122740 ns, Reaching safepoint: 93660 ns, At safepoint: 1653067 ns, Total: 1746727 ns
[2021-05-01T04:54:47.906+0000][8][gc,start    ] GC(143) Pause Young (Concurrent Start) (G1 Evacuation Pause)
[2021-05-01T04:54:47.906+0000][8][gc,task     ] GC(143) Using 6 workers of 8 for evacuation
[2021-05-01T04:54:47.906+0000][8][gc,age      ] GC(143) Desired survivor size 6291456 bytes, new threshold 15 (max threshold 15)
[2021-05-01T04:54:47.907+0000][8][gc,age      ] GC(143) Age table with threshold 15 (max threshold 15)
[2021-05-01T04:54:47.907+0000][8][gc,age      ] GC(143) - age   1:     518864 bytes,     518864 total
[2021-05-01T04:54:47.907+0000][8][gc,age      ] GC(143) - age   2:       1496 bytes,     520360 total
[2021-05-01T04:54:47.907+0000][8][gc,age      ] GC(143) - age   3:     186224 bytes,     706584 total
[2021-05-01T04:54:47.907+0000][8][gc,age      ] GC(143) - age   4:        272 bytes,     706856 total
[2021-05-01T04:54:47.907+0000][8][gc,age      ] GC(143) - age   5:       1016 bytes,     707872 total
[2021-05-01T04:54:47.907+0000][8][gc,age      ] GC(143) - age   6:      17584 bytes,     725456 total
[2021-05-01T04:54:47.907+0000][8][gc,age      ] GC(143) - age   7:        104 bytes,     725560 total
[2021-05-01T04:54:47.907+0000][8][gc,age      ] GC(143) - age   8:      19840 bytes,     745400 total
[2021-05-01T04:54:47.907+0000][8][gc,age      ] GC(143) - age   9:        384 bytes,     745784 total
[2021-05-01T04:54:47.907+0000][8][gc,age      ] GC(143) - age  10:       1056 bytes,     746840 total
[2021-05-01T04:54:47.907+0000][8][gc,age      ] GC(143) - age  11:       1224 bytes,     748064 total
[2021-05-01T04:54:47.907+0000][8][gc,age      ] GC(143) - age  12:       2600 bytes,     750664 total
[2021-05-01T04:54:47.907+0000][8][gc,age      ] GC(143) - age  13:        920 bytes,     751584 total
[2021-05-01T04:54:47.907+0000][8][gc,age      ] GC(143) - age  14:      49608 bytes,     801192 total
[2021-05-01T04:54:47.907+0000][8][gc,age      ] GC(143) - age  15:       1808 bytes,     803000 total
[2021-05-01T04:54:47.907+0000][8][gc,phases   ] GC(143)   Pre Evacuate Collection Set: 0.1ms
[2021-05-01T04:54:47.907+0000][8][gc,phases   ] GC(143)   Merge Heap Roots: 0.0ms
[2021-05-01T04:54:47.907+0000][8][gc,phases   ] GC(143)   Evacuate Collection Set: 1.0ms
[2021-05-01T04:54:47.907+0000][8][gc,phases   ] GC(143)   Post Evacuate Collection Set: 0.4ms
[2021-05-01T04:54:47.907+0000][8][gc,phases   ] GC(143)   Other: 0.2ms
[2021-05-01T04:54:47.907+0000][8][gc,heap     ] GC(143) Eden regions: 22->0(22)
[2021-05-01T04:54:47.907+0000][8][gc,heap     ] GC(143) Survivor regions: 1->1(3)
[2021-05-01T04:54:47.907+0000][8][gc,heap     ] GC(143) Old regions: 26->26
[2021-05-01T04:54:47.907+0000][8][gc,heap     ] GC(143) Archive regions: 2->2
[2021-05-01T04:54:47.907+0000][8][gc,heap     ] GC(143) Humongous regions: 2->2
[2021-05-01T04:54:47.907+0000][8][gc,metaspace] GC(143) Metaspace: 108108K(112788K)->108108K(112788K) NonClass: 94212K(97608K)->94212K(97608K) Class: 13895K(15180K)->13895K(15180K)
[2021-05-01T04:54:47.907+0000][8][gc          ] GC(143) Pause Young (Concurrent Start) (G1 Evacuation Pause) 203M->115M(256M) 1.872ms
[2021-05-01T04:54:47.907+0000][8][gc,cpu      ] GC(143) User=0.01s Sys=0.01s Real=0.00s
[2021-05-01T04:54:47.907+0000][8][gc          ] GC(144) Concurrent Cycle
[2021-05-01T04:54:47.907+0000][8][safepoint   ] Safepoint "G1CollectForAllocation", Time since last: 126504944663 ns, Reaching safepoint: 89923 ns, At safepoint: 1941376 ns, Total: 2031299 ns
[2021-05-01T04:54:47.908+0000][8][gc,marking  ] GC(144) Concurrent Clear Claimed Marks
[2021-05-01T04:54:47.908+0000][8][gc,marking  ] GC(144) Concurrent Clear Claimed Marks 0.089ms
[2021-05-01T04:54:47.908+0000][8][gc,marking  ] GC(144) Concurrent Scan Root Regions
[2021-05-01T04:54:47.909+0000][8][gc,marking  ] GC(144) Concurrent Scan Root Regions 1.133ms
[2021-05-01T04:54:47.909+0000][8][gc,marking  ] GC(144) Concurrent Mark (9119.066s)
[2021-05-01T04:54:47.909+0000][8][gc,marking  ] GC(144) Concurrent Mark From Roots
[2021-05-01T04:54:47.909+0000][8][gc,task     ] GC(144) Using 2 workers of 2 for marking
[2021-05-01T04:54:48.026+0000][8][gc,marking  ] GC(144) Concurrent Mark From Roots 117.596ms
[2021-05-01T04:54:48.026+0000][8][gc,marking  ] GC(144) Concurrent Preclean
[2021-05-01T04:54:48.027+0000][8][gc,marking  ] GC(144) Concurrent Preclean 0.337ms
[2021-05-01T04:54:48.027+0000][8][gc,marking  ] GC(144) Concurrent Mark (9119.066s, 9119.184s) 118.000ms
[2021-05-01T04:54:48.027+0000][8][gc,start    ] GC(144) Pause Remark
[2021-05-01T04:54:48.033+0000][8][gc          ] GC(144) Pause Remark 116M->116M(256M) 5.721ms
[2021-05-01T04:54:48.033+0000][8][gc,cpu      ] GC(144) User=0.03s Sys=0.00s Real=0.01s
[2021-05-01T04:54:48.033+0000][8][safepoint   ] Safepoint "G1Concurrent", Time since last: 119306222 ns, Reaching safepoint: 77677 ns, At safepoint: 5815140 ns, Total: 5892817 ns
[2021-05-01T04:54:48.033+0000][8][gc,marking  ] GC(144) Concurrent Rebuild Remembered Sets
[2021-05-01T04:54:48.089+0000][8][gc,marking  ] GC(144) Concurrent Rebuild Remembered Sets 56.211ms
[2021-05-01T04:54:48.089+0000][8][gc,start    ] GC(144) Pause Cleanup
[2021-05-01T04:54:48.089+0000][8][gc          ] GC(144) Pause Cleanup 116M->116M(256M) 0.060ms
[2021-05-01T04:54:48.089+0000][8][gc,cpu      ] GC(144) User=0.00s Sys=0.00s Real=0.00s
[2021-05-01T04:54:48.089+0000][8][safepoint   ] Safepoint "G1Concurrent", Time since last: 56311634 ns, Reaching safepoint: 67581 ns, At safepoint: 97206 ns, Total: 164787 ns
[2021-05-01T04:54:48.089+0000][8][gc,marking  ] GC(144) Concurrent Cleanup for Next Mark
[2021-05-01T04:54:48.089+0000][8][gc,marking  ] GC(144) Concurrent Cleanup for Next Mark 0.102ms
[2021-05-01T04:54:48.089+0000][8][gc          ] GC(144) Concurrent Cycle 181.807ms
[2021-05-01T04:56:17.103+0000][8][safepoint   ] Safepoint "Cleanup", Time since last: 89013486604 ns, Reaching safepoint: 155668 ns, At safepoint: 4823 ns, Total: 160491 ns
[2021-05-01T04:56:47.106+0000][8][safepoint   ] Safepoint "Cleanup", Time since last: 30003338430 ns, Reaching safepoint: 97307 ns, At safepoint: 5550 ns, Total: 102857 ns
[2021-05-01T04:57:12.501+0000][8][gc,start    ] GC(145) Pause Young (Normal) (G1 Evacuation Pause)
[2021-05-01T04:57:12.501+0000][8][gc,task     ] GC(145) Using 6 workers of 8 for evacuation
[2021-05-01T04:57:12.501+0000][8][gc,age      ] GC(145) Desired survivor size 6291456 bytes, new threshold 15 (max threshold 15)
[2021-05-01T04:57:12.502+0000][8][gc,age      ] GC(145) Age table with threshold 15 (max threshold 15)
[2021-05-01T04:57:12.502+0000][8][gc,age      ] GC(145) - age   1:     562560 bytes,     562560 total
[2021-05-01T04:57:12.502+0000][8][gc,age      ] GC(145) - age   2:       3152 bytes,     565712 total
[2021-05-01T04:57:12.502+0000][8][gc,age      ] GC(145) - age   3:        960 bytes,     566672 total
[2021-05-01T04:57:12.502+0000][8][gc,age      ] GC(145) - age   4:     185984 bytes,     752656 total
[2021-05-01T04:57:12.502+0000][8][gc,age      ] GC(145) - age   5:        272 bytes,     752928 total
[2021-05-01T04:57:12.502+0000][8][gc,age      ] GC(145) - age   6:        976 bytes,     753904 total
[2021-05-01T04:57:12.502+0000][8][gc,age      ] GC(145) - age   7:      17584 bytes,     771488 total
[2021-05-01T04:57:12.502+0000][8][gc,age      ] GC(145) - age   8:        104 bytes,     771592 total
[2021-05-01T04:57:12.502+0000][8][gc,age      ] GC(145) - age   9:      19816 bytes,     791408 total
[2021-05-01T04:57:12.502+0000][8][gc,age      ] GC(145) - age  10:        384 bytes,     791792 total
[2021-05-01T04:57:12.502+0000][8][gc,age      ] GC(145) - age  11:       1056 bytes,     792848 total
[2021-05-01T04:57:12.502+0000][8][gc,age      ] GC(145) - age  12:       1184 bytes,     794032 total
[2021-05-01T04:57:12.502+0000][8][gc,age      ] GC(145) - age  13:       2600 bytes,     796632 total
[2021-05-01T04:57:12.502+0000][8][gc,age      ] GC(145) - age  14:        920 bytes,     797552 total
[2021-05-01T04:57:12.502+0000][8][gc,age      ] GC(145) - age  15:      49608 bytes,     847160 total
[2021-05-01T04:57:12.502+0000][8][gc,phases   ] GC(145)   Pre Evacuate Collection Set: 0.0ms
[2021-05-01T04:57:12.502+0000][8][gc,phases   ] GC(145)   Merge Heap Roots: 0.0ms
[2021-05-01T04:57:12.502+0000][8][gc,phases   ] GC(145)   Evacuate Collection Set: 0.9ms
[2021-05-01T04:57:12.502+0000][8][gc,phases   ] GC(145)   Post Evacuate Collection Set: 0.4ms
[2021-05-01T04:57:12.502+0000][8][gc,phases   ] GC(145)   Other: 0.2ms
[2021-05-01T04:57:12.502+0000][8][gc,heap     ] GC(145) Eden regions: 22->0(22)
[2021-05-01T04:57:12.502+0000][8][gc,heap     ] GC(145) Survivor regions: 1->1(3)
[2021-05-01T04:57:12.502+0000][8][gc,heap     ] GC(145) Old regions: 26->26
[2021-05-01T04:57:12.502+0000][8][gc,heap     ] GC(145) Archive regions: 2->2
[2021-05-01T04:57:12.502+0000][8][gc,heap     ] GC(145) Humongous regions: 2->2
[2021-05-01T04:57:12.502+0000][8][gc,metaspace] GC(145) Metaspace: 108108K(112788K)->108108K(112788K) NonClass: 94212K(97608K)->94212K(97608K) Class: 13895K(15180K)->13895K(15180K)
[2021-05-01T04:57:12.502+0000][8][gc          ] GC(145) Pause Young (Normal) (G1 Evacuation Pause) 203M->115M(256M) 1.692ms
[2021-05-01T04:57:12.502+0000][8][gc,cpu      ] GC(145) User=0.01s Sys=0.01s Real=0.00s
[2021-05-01T04:57:12.503+0000][8][safepoint   ] Safepoint "G1CollectForAllocation", Time since last: 25394404487 ns, Reaching safepoint: 77460 ns, At safepoint: 1764572 ns, Total: 1842032 ns
[2021-05-01T04:58:05.511+0000][8][safepoint   ] Safepoint "Cleanup", Time since last: 53008260983 ns, Reaching safepoint: 81027 ns, At safepoint: 5060 ns, Total: 86087 ns
[2021-05-01T04:58:37.516+0000][8][safepoint   ] Safepoint "Cleanup", Time since last: 32005248944 ns, Reaching safepoint: 114552 ns, At safepoint: 4756 ns, Total: 119308 ns
[2021-05-01T04:58:41.517+0000][8][safepoint   ] Safepoint "Cleanup", Time since last: 4000688315 ns, Reaching safepoint: 124354 ns, At safepoint: 5345 ns, Total: 129699 ns
[2021-05-01T04:58:48.005+0000][8][gc,start    ] GC(146) Pause Young (Concurrent Start) (G1 Evacuation Pause)
[2021-05-01T04:58:48.005+0000][8][gc,task     ] GC(146) Using 6 workers of 8 for evacuation
[2021-05-01T04:58:48.005+0000][8][gc,age      ] GC(146) Desired survivor size 6291456 bytes, new threshold 15 (max threshold 15)
[2021-05-01T04:58:48.007+0000][8][gc,age      ] GC(146) Age table with threshold 15 (max threshold 15)
[2021-05-01T04:58:48.007+0000][8][gc,age      ] GC(146) - age   1:     791976 bytes,     791976 total
[2021-05-01T04:58:48.007+0000][8][gc,age      ] GC(146) - age   2:       1192 bytes,     793168 total
[2021-05-01T04:58:48.007+0000][8][gc,age      ] GC(146) - age   3:       2928 bytes,     796096 total
[2021-05-01T04:58:48.007+0000][8][gc,age      ] GC(146) - age   4:        960 bytes,     797056 total
[2021-05-01T04:58:48.007+0000][8][gc,age      ] GC(146) - age   5:      11336 bytes,     808392 total
[2021-05-01T04:58:48.007+0000][8][gc,age      ] GC(146) - age   6:         80 bytes,     808472 total
[2021-05-01T04:58:48.007+0000][8][gc,age      ] GC(146) - age   7:        976 bytes,     809448 total
[2021-05-01T04:58:48.007+0000][8][gc,age      ] GC(146) - age   8:      17584 bytes,     827032 total
[2021-05-01T04:58:48.007+0000][8][gc,age      ] GC(146) - age   9:        104 bytes,     827136 total
[2021-05-01T04:58:48.007+0000][8][gc,age      ] GC(146) - age  10:      18488 bytes,     845624 total
[2021-05-01T04:58:48.007+0000][8][gc,age      ] GC(146) - age  11:        384 bytes,     846008 total
[2021-05-01T04:58:48.007+0000][8][gc,age      ] GC(146) - age  12:       1056 bytes,     847064 total
[2021-05-01T04:58:48.007+0000][8][gc,age      ] GC(146) - age  13:       1184 bytes,     848248 total
[2021-05-01T04:58:48.007+0000][8][gc,age      ] GC(146) - age  14:       2600 bytes,     850848 total
[2021-05-01T04:58:48.007+0000][8][gc,age      ] GC(146) - age  15:        920 bytes,     851768 total
[2021-05-01T04:58:48.007+0000][8][gc,phases   ] GC(146)   Pre Evacuate Collection Set: 0.1ms
[2021-05-01T04:58:48.007+0000][8][gc,phases   ] GC(146)   Merge Heap Roots: 0.0ms
[2021-05-01T04:58:48.007+0000][8][gc,phases   ] GC(146)   Evacuate Collection Set: 0.7ms
[2021-05-01T04:58:48.007+0000][8][gc,phases   ] GC(146)   Post Evacuate Collection Set: 0.5ms
[2021-05-01T04:58:48.007+0000][8][gc,phases   ] GC(146)   Other: 0.2ms
[2021-05-01T04:58:48.007+0000][8][gc,heap     ] GC(146) Eden regions: 22->0(22)
[2021-05-01T04:58:48.007+0000][8][gc,heap     ] GC(146) Survivor regions: 1->1(3)
[2021-05-01T04:58:48.007+0000][8][gc,heap     ] GC(146) Old regions: 26->26
[2021-05-01T04:58:48.007+0000][8][gc,heap     ] GC(146) Archive regions: 2->2
[2021-05-01T04:58:48.007+0000][8][gc,heap     ] GC(146) Humongous regions: 2->2
[2021-05-01T04:58:48.007+0000][8][gc,metaspace] GC(146) Metaspace: 108130K(112788K)->108130K(112788K) NonClass: 94234K(97608K)->94234K(97608K) Class: 13895K(15180K)->13895K(15180K)
[2021-05-01T04:58:48.007+0000][8][gc          ] GC(146) Pause Young (Concurrent Start) (G1 Evacuation Pause) 203M->115M(256M) 1.656ms
[2021-05-01T04:58:48.007+0000][8][gc,cpu      ] GC(146) User=0.01s Sys=0.00s Real=0.00s
[2021-05-01T04:58:48.007+0000][8][safepoint   ] Safepoint "G1CollectForAllocation", Time since last: 6487859688 ns, Reaching safepoint: 129898 ns, At safepoint: 1714344 ns, Total: 1844242 ns
[2021-05-01T04:58:48.007+0000][8][gc          ] GC(147) Concurrent Cycle
[2021-05-01T04:58:48.007+0000][8][gc,marking  ] GC(147) Concurrent Clear Claimed Marks
[2021-05-01T04:58:48.007+0000][8][gc,marking  ] GC(147) Concurrent Clear Claimed Marks 0.044ms
[2021-05-01T04:58:48.007+0000][8][gc,marking  ] GC(147) Concurrent Scan Root Regions
[2021-05-01T04:58:48.009+0000][8][gc,marking  ] GC(147) Concurrent Scan Root Regions 1.858ms
[2021-05-01T04:58:48.009+0000][8][gc,marking  ] GC(147) Concurrent Mark (9359.166s)
[2021-05-01T04:58:48.009+0000][8][gc,marking  ] GC(147) Concurrent Mark From Roots
[2021-05-01T04:58:48.009+0000][8][gc,task     ] GC(147) Using 2 workers of 2 for marking
[2021-05-01T04:58:48.090+0000][8][gc,marking  ] GC(147) Concurrent Mark From Roots 81.651ms
[2021-05-01T04:58:48.090+0000][8][gc,marking  ] GC(147) Concurrent Preclean
[2021-05-01T04:58:48.091+0000][8][gc,marking  ] GC(147) Concurrent Preclean 0.210ms
[2021-05-01T04:58:48.091+0000][8][gc,marking  ] GC(147) Concurrent Mark (9359.166s, 9359.248s) 81.905ms
[2021-05-01T04:58:48.091+0000][8][gc,start    ] GC(147) Pause Remark
[2021-05-01T04:58:48.097+0000][8][gc          ] GC(147) Pause Remark 116M->116M(256M) 5.832ms
[2021-05-01T04:58:48.097+0000][8][gc,cpu      ] GC(147) User=0.03s Sys=0.00s Real=0.01s
[2021-05-01T04:58:48.097+0000][8][safepoint   ] Safepoint "G1Concurrent", Time since last: 83948995 ns, Reaching safepoint: 151389 ns, At safepoint: 5905274 ns, Total: 6056663 ns
[2021-05-01T04:58:48.097+0000][8][gc,marking  ] GC(147) Concurrent Rebuild Remembered Sets
[2021-05-01T04:58:48.157+0000][8][gc,marking  ] GC(147) Concurrent Rebuild Remembered Sets 59.840ms
[2021-05-01T04:58:48.157+0000][8][gc,start    ] GC(147) Pause Cleanup
[2021-05-01T04:58:48.157+0000][8][gc          ] GC(147) Pause Cleanup 116M->116M(256M) 0.070ms
[2021-05-01T04:58:48.157+0000][8][gc,cpu      ] GC(147) User=0.00s Sys=0.00s Real=0.00s
[2021-05-01T04:58:48.157+0000][8][safepoint   ] Safepoint "G1Concurrent", Time since last: 59978511 ns, Reaching safepoint: 134151 ns, At safepoint: 106296 ns, Total: 240447 ns
[2021-05-01T04:58:48.157+0000][8][gc,marking  ] GC(147) Concurrent Cleanup for Next Mark
[2021-05-01T04:58:48.157+0000][8][gc,marking  ] GC(147) Concurrent Cleanup for Next Mark 0.166ms
[2021-05-01T04:58:48.157+0000][8][gc          ] GC(147) Concurrent Cycle 150.423ms
[2021-05-01T04:59:13.161+0000][8][safepoint   ] Safepoint "Cleanup", Time since last: 25004320160 ns, Reaching safepoint: 88745 ns, At safepoint: 5987 ns, Total: 94732 ns
[2021-05-01T04:59:49.168+0000][8][safepoint   ] Safepoint "Cleanup", Time since last: 36006245268 ns, Reaching safepoint: 81840 ns, At safepoint: 5865 ns, Total: 87705 ns
[2021-05-01T05:01:12.503+0000][8][gc,start    ] GC(148) Pause Young (Normal) (G1 Evacuation Pause)
[2021-05-01T05:01:12.503+0000][8][gc,task     ] GC(148) Using 6 workers of 8 for evacuation
[2021-05-01T05:01:12.503+0000][8][gc,age      ] GC(148) Desired survivor size 6291456 bytes, new threshold 15 (max threshold 15)
[2021-05-01T05:01:12.505+0000][8][gc,age      ] GC(148) Age table with threshold 15 (max threshold 15)
[2021-05-01T05:01:12.505+0000][8][gc,age      ] GC(148) - age   1:     556872 bytes,     556872 total
[2021-05-01T05:01:12.505+0000][8][gc,age      ] GC(148) - age   2:     280536 bytes,     837408 total
[2021-05-01T05:01:12.505+0000][8][gc,age      ] GC(148) - age   3:        512 bytes,     837920 total
[2021-05-01T05:01:12.505+0000][8][gc,age      ] GC(148) - age   4:       2704 bytes,     840624 total
[2021-05-01T05:01:12.505+0000][8][gc,age      ] GC(148) - age   5:        960 bytes,     841584 total
[2021-05-01T05:01:12.505+0000][8][gc,age      ] GC(148) - age   6:      11304 bytes,     852888 total
[2021-05-01T05:01:12.505+0000][8][gc,age      ] GC(148) - age   8:        976 bytes,     853864 total
[2021-05-01T05:01:12.505+0000][8][gc,age      ] GC(148) - age   9:      17584 bytes,     871448 total
[2021-05-01T05:01:12.505+0000][8][gc,age      ] GC(148) - age  10:        104 bytes,     871552 total
[2021-05-01T05:01:12.505+0000][8][gc,age      ] GC(148) - age  11:      18488 bytes,     890040 total
[2021-05-01T05:01:12.505+0000][8][gc,age      ] GC(148) - age  12:        384 bytes,     890424 total
[2021-05-01T05:01:12.505+0000][8][gc,age      ] GC(148) - age  13:       1056 bytes,     891480 total
[2021-05-01T05:01:12.505+0000][8][gc,age      ] GC(148) - age  14:       1184 bytes,     892664 total
[2021-05-01T05:01:12.505+0000][8][gc,age      ] GC(148) - age  15:       2600 bytes,     895264 total
[2021-05-01T05:01:12.505+0000][8][gc,phases   ] GC(148)   Pre Evacuate Collection Set: 0.1ms
[2021-05-01T05:01:12.505+0000][8][gc,phases   ] GC(148)   Merge Heap Roots: 0.0ms
[2021-05-01T05:01:12.505+0000][8][gc,phases   ] GC(148)   Evacuate Collection Set: 0.8ms
[2021-05-01T05:01:12.505+0000][8][gc,phases   ] GC(148)   Post Evacuate Collection Set: 0.4ms
[2021-05-01T05:01:12.505+0000][8][gc,phases   ] GC(148)   Other: 0.2ms
[2021-05-01T05:01:12.505+0000][8][gc,heap     ] GC(148) Eden regions: 22->0(22)
[2021-05-01T05:01:12.505+0000][8][gc,heap     ] GC(148) Survivor regions: 1->1(3)
[2021-05-01T05:01:12.505+0000][8][gc,heap     ] GC(148) Old regions: 26->26
[2021-05-01T05:01:12.505+0000][8][gc,heap     ] GC(148) Archive regions: 2->2
[2021-05-01T05:01:12.505+0000][8][gc,heap     ] GC(148) Humongous regions: 2->2
[2021-05-01T05:01:12.505+0000][8][gc,metaspace] GC(148) Metaspace: 108131K(112788K)->108131K(112788K) NonClass: 94235K(97608K)->94235K(97608K) Class: 13895K(15180K)->13895K(15180K)
[2021-05-01T05:01:12.505+0000][8][gc          ] GC(148) Pause Young (Normal) (G1 Evacuation Pause) 203M->115M(256M) 1.497ms
[2021-05-01T05:01:12.505+0000][8][gc,cpu      ] GC(148) User=0.01s Sys=0.00s Real=0.00s
[2021-05-01T05:01:12.505+0000][8][safepoint   ] Safepoint "G1CollectForAllocation", Time since last: 83335532152 ns, Reaching safepoint: 128047 ns, At safepoint: 1556211 ns, Total: 1684258 ns
[2021-05-01T05:02:11.516+0000][8][safepoint   ] Safepoint "Cleanup", Time since last: 59010884663 ns, Reaching safepoint: 74072 ns, At safepoint: 5857 ns, Total: 79929 ns
[2021-05-01T05:02:12.516+0000][8][safepoint   ] Safepoint "Cleanup", Time since last: 1000281264 ns, Reaching safepoint: 115588 ns, At safepoint: 6870 ns, Total: 122458 ns
[2021-05-01T05:03:11.526+0000][8][safepoint   ] Safepoint "Cleanup", Time since last: 59009571335 ns, Reaching safepoint: 67679 ns, At safepoint: 4549 ns, Total: 72228 ns
[2021-05-01T05:03:12.526+0000][8][safepoint   ] Safepoint "Cleanup", Time since last: 1000263287 ns, Reaching safepoint: 97356 ns, At safepoint: 5448 ns, Total: 102804 ns
[2021-05-01T05:03:18.115+0000][8][gc,start    ] GC(149) Pause Young (Concurrent Start) (G1 Evacuation Pause)
[2021-05-01T05:03:18.115+0000][8][gc,task     ] GC(149) Using 6 workers of 8 for evacuation
[2021-05-01T05:03:18.115+0000][8][gc,age      ] GC(149) Desired survivor size 6291456 bytes, new threshold 15 (max threshold 15)
[2021-05-01T05:03:18.117+0000][8][gc,age      ] GC(149) Age table with threshold 15 (max threshold 15)
[2021-05-01T05:03:18.117+0000][8][gc,age      ] GC(149) - age   1:     537288 bytes,     537288 total
[2021-05-01T05:03:18.117+0000][8][gc,age      ] GC(149) - age   2:        912 bytes,     538200 total
[2021-05-01T05:03:18.117+0000][8][gc,age      ] GC(149) - age   3:     159272 bytes,     697472 total
[2021-05-01T05:03:18.117+0000][8][gc,age      ] GC(149) - age   4:        416 bytes,     697888 total
[2021-05-01T05:03:18.117+0000][8][gc,age      ] GC(149) - age   5:        208 bytes,     698096 total
[2021-05-01T05:03:18.117+0000][8][gc,age      ] GC(149) - age   6:        960 bytes,     699056 total
[2021-05-01T05:03:18.117+0000][8][gc,age      ] GC(149) - age   7:      11304 bytes,     710360 total
[2021-05-01T05:03:18.117+0000][8][gc,age      ] GC(149) - age   9:        952 bytes,     711312 total
[2021-05-01T05:03:18.117+0000][8][gc,age      ] GC(149) - age  10:      17584 bytes,     728896 total
[2021-05-01T05:03:18.117+0000][8][gc,age      ] GC(149) - age  11:        104 bytes,     729000 total
[2021-05-01T05:03:18.117+0000][8][gc,age      ] GC(149) - age  12:       1320 bytes,     730320 total
[2021-05-01T05:03:18.117+0000][8][gc,age      ] GC(149) - age  13:        384 bytes,     730704 total
[2021-05-01T05:03:18.117+0000][8][gc,age      ] GC(149) - age  14:       1056 bytes,     731760 total
[2021-05-01T05:03:18.117+0000][8][gc,age      ] GC(149) - age  15:       1184 bytes,     732944 total
[2021-05-01T05:03:18.117+0000][8][gc,phases   ] GC(149)   Pre Evacuate Collection Set: 0.1ms
[2021-05-01T05:03:18.117+0000][8][gc,phases   ] GC(149)   Merge Heap Roots: 0.0ms
[2021-05-01T05:03:18.117+0000][8][gc,phases   ] GC(149)   Evacuate Collection Set: 0.9ms
[2021-05-01T05:03:18.117+0000][8][gc,phases   ] GC(149)   Post Evacuate Collection Set: 0.4ms
[2021-05-01T05:03:18.117+0000][8][gc,phases   ] GC(149)   Other: 0.2ms
[2021-05-01T05:03:18.117+0000][8][gc,heap     ] GC(149) Eden regions: 22->0(22)
[2021-05-01T05:03:18.117+0000][8][gc,heap     ] GC(149) Survivor regions: 1->1(3)
[2021-05-01T05:03:18.117+0000][8][gc,heap     ] GC(149) Old regions: 26->26
[2021-05-01T05:03:18.117+0000][8][gc,heap     ] GC(149) Archive regions: 2->2
[2021-05-01T05:03:18.117+0000][8][gc,heap     ] GC(149) Humongous regions: 2->2
[2021-05-01T05:03:18.117+0000][8][gc,metaspace] GC(149) Metaspace: 108132K(112788K)->108132K(112788K) NonClass: 94237K(97608K)->94237K(97608K) Class: 13895K(15180K)->13895K(15180K)
[2021-05-01T05:03:18.117+0000][8][gc          ] GC(149) Pause Young (Concurrent Start) (G1 Evacuation Pause) 203M->115M(256M) 1.739ms
[2021-05-01T05:03:18.117+0000][8][gc,cpu      ] GC(149) User=0.01s Sys=0.00s Real=0.00s
[2021-05-01T05:03:18.117+0000][8][safepoint   ] Safepoint "G1CollectForAllocation", Time since last: 5588705979 ns, Reaching safepoint: 79762 ns, At safepoint: 1801076 ns, Total: 1880838 ns
[2021-05-01T05:03:18.117+0000][8][gc          ] GC(150) Concurrent Cycle
[2021-05-01T05:03:18.117+0000][8][gc,marking  ] GC(150) Concurrent Clear Claimed Marks
[2021-05-01T05:03:18.117+0000][8][gc,marking  ] GC(150) Concurrent Clear Claimed Marks 0.054ms
[2021-05-01T05:03:18.117+0000][8][gc,marking  ] GC(150) Concurrent Scan Root Regions
[2021-05-01T05:03:18.119+0000][8][gc,marking  ] GC(150) Concurrent Scan Root Regions 1.739ms
[2021-05-01T05:03:18.119+0000][8][gc,marking  ] GC(150) Concurrent Mark (9629.276s)
[2021-05-01T05:03:18.119+0000][8][gc,marking  ] GC(150) Concurrent Mark From Roots
[2021-05-01T05:03:18.119+0000][8][gc,task     ] GC(150) Using 2 workers of 2 for marking
[2021-05-01T05:03:18.201+0000][8][gc,marking  ] GC(150) Concurrent Mark From Roots 81.794ms
[2021-05-01T05:03:18.201+0000][8][gc,marking  ] GC(150) Concurrent Preclean
[2021-05-01T05:03:18.201+0000][8][gc,marking  ] GC(150) Concurrent Preclean 0.216ms
[2021-05-01T05:03:18.201+0000][8][gc,marking  ] GC(150) Concurrent Mark (9629.276s, 9629.358s) 82.056ms
[2021-05-01T05:03:18.201+0000][8][gc,start    ] GC(150) Pause Remark
[2021-05-01T05:03:18.207+0000][8][gc          ] GC(150) Pause Remark 116M->116M(256M) 5.998ms
[2021-05-01T05:03:18.207+0000][8][gc,cpu      ] GC(150) User=0.04s Sys=0.01s Real=0.00s
[2021-05-01T05:03:18.207+0000][8][safepoint   ] Safepoint "G1Concurrent", Time since last: 83947653 ns, Reaching safepoint: 80225 ns, At safepoint: 6097090 ns, Total: 6177315 ns
[2021-05-01T05:03:18.207+0000][8][gc,marking  ] GC(150) Concurrent Rebuild Remembered Sets
[2021-05-01T05:03:18.262+0000][8][gc,marking  ] GC(150) Concurrent Rebuild Remembered Sets 55.403ms
[2021-05-01T05:03:18.263+0000][8][gc,start    ] GC(150) Pause Cleanup
[2021-05-01T05:03:18.263+0000][8][gc          ] GC(150) Pause Cleanup 116M->116M(256M) 0.083ms
[2021-05-01T05:03:18.263+0000][8][gc,cpu      ] GC(150) User=0.00s Sys=0.00s Real=0.00s
[2021-05-01T05:03:18.263+0000][8][safepoint   ] Safepoint "G1Concurrent", Time since last: 55493356 ns, Reaching safepoint: 93382 ns, At safepoint: 120607 ns, Total: 213989 ns
[2021-05-01T05:03:18.263+0000][8][gc,marking  ] GC(150) Concurrent Cleanup for Next Mark
[2021-05-01T05:03:18.263+0000][8][gc,marking  ] GC(150) Concurrent Cleanup for Next Mark 0.148ms
[2021-05-01T05:03:18.263+0000][8][gc          ] GC(150) Concurrent Cycle 146.015ms
[2021-05-01T05:03:20.263+0000][8][safepoint   ] Safepoint "Cleanup", Time since last: 2000201282 ns, Reaching safepoint: 83807 ns, At safepoint: 5083 ns, Total: 88890 ns
[2021-05-01T05:04:47.278+0000][8][safepoint   ] Safepoint "Cleanup", Time since last: 87015212704 ns, Reaching safepoint: 133031 ns, At safepoint: 6995 ns, Total: 140026 ns
[2021-05-01T05:05:09.281+0000][8][safepoint   ] Safepoint "Cleanup", Time since last: 22002432284 ns, Reaching safepoint: 118357 ns, At safepoint: 4795 ns, Total: 123152 ns
[2021-05-01T05:05:17.283+0000][8][safepoint   ] Safepoint "Cleanup", Time since last: 8001748493 ns, Reaching safepoint: 136650 ns, At safepoint: 6187 ns, Total: 142837 ns
[2021-05-01T05:05:43.178+0000][8][gc,start    ] GC(151) Pause Young (Normal) (G1 Evacuation Pause)
[2021-05-01T05:05:43.178+0000][8][gc,task     ] GC(151) Using 6 workers of 8 for evacuation
[2021-05-01T05:05:43.178+0000][8][gc,age      ] GC(151) Desired survivor size 6291456 bytes, new threshold 15 (max threshold 15)
[2021-05-01T05:05:43.180+0000][8][gc,age      ] GC(151) Age table with threshold 15 (max threshold 15)
[2021-05-01T05:05:43.180+0000][8][gc,age      ] GC(151) - age   1:     524968 bytes,     524968 total
[2021-05-01T05:05:43.180+0000][8][gc,age      ] GC(151) - age   2:      20920 bytes,     545888 total
[2021-05-01T05:05:43.180+0000][8][gc,age      ] GC(151) - age   3:        536 bytes,     546424 total
[2021-05-01T05:05:43.180+0000][8][gc,age      ] GC(151) - age   4:     159272 bytes,     705696 total
[2021-05-01T05:05:43.180+0000][8][gc,age      ] GC(151) - age   5:        416 bytes,     706112 total
[2021-05-01T05:05:43.180+0000][8][gc,age      ] GC(151) - age   6:        208 bytes,     706320 total
[2021-05-01T05:05:43.180+0000][8][gc,age      ] GC(151) - age   7:        960 bytes,     707280 total
[2021-05-01T05:05:43.180+0000][8][gc,age      ] GC(151) - age   8:      11304 bytes,     718584 total
[2021-05-01T05:05:43.180+0000][8][gc,age      ] GC(151) - age  10:        952 bytes,     719536 total
[2021-05-01T05:05:43.180+0000][8][gc,age      ] GC(151) - age  11:      17584 bytes,     737120 total
[2021-05-01T05:05:43.180+0000][8][gc,age      ] GC(151) - age  12:        104 bytes,     737224 total
[2021-05-01T05:05:43.180+0000][8][gc,age      ] GC(151) - age  13:       1280 bytes,     738504 total
[2021-05-01T05:05:43.180+0000][8][gc,age      ] GC(151) - age  14:        384 bytes,     738888 total
[2021-05-01T05:05:43.180+0000][8][gc,age      ] GC(151) - age  15:       1056 bytes,     739944 total
[2021-05-01T05:05:43.180+0000][8][gc,phases   ] GC(151)   Pre Evacuate Collection Set: 0.0ms
[2021-05-01T05:05:43.180+0000][8][gc,phases   ] GC(151)   Merge Heap Roots: 0.0ms
[2021-05-01T05:05:43.180+0000][8][gc,phases   ] GC(151)   Evacuate Collection Set: 1.0ms
[2021-05-01T05:05:43.180+0000][8][gc,phases   ] GC(151)   Post Evacuate Collection Set: 0.5ms
[2021-05-01T05:05:43.180+0000][8][gc,phases   ] GC(151)   Other: 0.3ms
[2021-05-01T05:05:43.180+0000][8][gc,heap     ] GC(151) Eden regions: 22->0(22)
[2021-05-01T05:05:43.180+0000][8][gc,heap     ] GC(151) Survivor regions: 1->1(3)
[2021-05-01T05:05:43.180+0000][8][gc,heap     ] GC(151) Old regions: 26->26
[2021-05-01T05:05:43.180+0000][8][gc,heap     ] GC(151) Archive regions: 2->2
[2021-05-01T05:05:43.180+0000][8][gc,heap     ] GC(151) Humongous regions: 2->2
[2021-05-01T05:05:43.180+0000][8][gc,metaspace] GC(151) Metaspace: 108135K(112788K)->108135K(112788K) NonClass: 94239K(97608K)->94239K(97608K) Class: 13895K(15180K)->13895K(15180K)
[2021-05-01T05:05:43.180+0000][8][gc          ] GC(151) Pause Young (Normal) (G1 Evacuation Pause) 203M->115M(256M) 1.898ms
[2021-05-01T05:05:43.180+0000][8][gc,cpu      ] GC(151) User=0.00s Sys=0.00s Real=0.01s
[2021-05-01T05:05:43.180+0000][8][safepoint   ] Safepoint "G1CollectForAllocation", Time since last: 25895312282 ns, Reaching safepoint: 147838 ns, At safepoint: 1981658 ns, Total: 2129496 ns
[2021-05-01T05:07:47.199+0000][8][safepoint   ] Safepoint "Cleanup", Time since last: 124018886658 ns, Reaching safepoint: 115101 ns, At safepoint: 6733 ns, Total: 121834 ns
[2021-05-01T05:08:03.239+0000][8][gc,start    ] GC(152) Pause Young (Concurrent Start) (G1 Evacuation Pause)
[2021-05-01T05:08:03.239+0000][8][gc,task     ] GC(152) Using 6 workers of 8 for evacuation
[2021-05-01T05:08:03.239+0000][8][gc,age      ] GC(152) Desired survivor size 6291456 bytes, new threshold 15 (max threshold 15)
[2021-05-01T05:08:03.241+0000][8][gc,age      ] GC(152) Age table with threshold 15 (max threshold 15)
[2021-05-01T05:08:03.241+0000][8][gc,age      ] GC(152) - age   1:     507672 bytes,     507672 total
[2021-05-01T05:08:03.241+0000][8][gc,age      ] GC(152) - age   2:      18872 bytes,     526544 total
[2021-05-01T05:08:03.241+0000][8][gc,age      ] GC(152) - age   3:      20672 bytes,     547216 total
[2021-05-01T05:08:03.241+0000][8][gc,age      ] GC(152) - age   4:        200 bytes,     547416 total
[2021-05-01T05:08:03.241+0000][8][gc,age      ] GC(152) - age   5:     159272 bytes,     706688 total
[2021-05-01T05:08:03.241+0000][8][gc,age      ] GC(152) - age   6:        416 bytes,     707104 total
[2021-05-01T05:08:03.241+0000][8][gc,age      ] GC(152) - age   7:        208 bytes,     707312 total
[2021-05-01T05:08:03.241+0000][8][gc,age      ] GC(152) - age   8:        960 bytes,     708272 total
[2021-05-01T05:08:03.241+0000][8][gc,age      ] GC(152) - age   9:      11304 bytes,     719576 total
[2021-05-01T05:08:03.241+0000][8][gc,age      ] GC(152) - age  11:        952 bytes,     720528 total
[2021-05-01T05:08:03.241+0000][8][gc,age      ] GC(152) - age  12:      17584 bytes,     738112 total
[2021-05-01T05:08:03.241+0000][8][gc,age      ] GC(152) - age  13:        104 bytes,     738216 total
[2021-05-01T05:08:03.241+0000][8][gc,age      ] GC(152) - age  14:       1280 bytes,     739496 total
[2021-05-01T05:08:03.241+0000][8][gc,age      ] GC(152) - age  15:        384 bytes,     739880 total
[2021-05-01T05:08:03.241+0000][8][gc,phases   ] GC(152)   Pre Evacuate Collection Set: 0.1ms
[2021-05-01T05:08:03.241+0000][8][gc,phases   ] GC(152)   Merge Heap Roots: 0.0ms
[2021-05-01T05:08:03.241+0000][8][gc,phases   ] GC(152)   Evacuate Collection Set: 0.9ms
[2021-05-01T05:08:03.241+0000][8][gc,phases   ] GC(152)   Post Evacuate Collection Set: 0.4ms
[2021-05-01T05:08:03.241+0000][8][gc,phases   ] GC(152)   Other: 0.2ms
[2021-05-01T05:08:03.241+0000][8][gc,heap     ] GC(152) Eden regions: 22->0(22)
[2021-05-01T05:08:03.241+0000][8][gc,heap     ] GC(152) Survivor regions: 1->1(3)
[2021-05-01T05:08:03.241+0000][8][gc,heap     ] GC(152) Old regions: 26->26
[2021-05-01T05:08:03.241+0000][8][gc,heap     ] GC(152) Archive regions: 2->2
[2021-05-01T05:08:03.241+0000][8][gc,heap     ] GC(152) Humongous regions: 2->2
[2021-05-01T05:08:03.241+0000][8][gc,metaspace] GC(152) Metaspace: 108135K(112788K)->108135K(112788K) NonClass: 94239K(97608K)->94239K(97608K) Class: 13895K(15180K)->13895K(15180K)
[2021-05-01T05:08:03.241+0000][8][gc          ] GC(152) Pause Young (Concurrent Start) (G1 Evacuation Pause) 203M->115M(256M) 1.807ms
[2021-05-01T05:08:03.241+0000][8][gc,cpu      ] GC(152) User=0.01s Sys=0.00s Real=0.01s
[2021-05-01T05:08:03.241+0000][8][gc          ] GC(153) Concurrent Cycle
[2021-05-01T05:08:03.241+0000][8][safepoint   ] Safepoint "G1CollectForAllocation", Time since last: 16039538592 ns, Reaching safepoint: 156349 ns, At safepoint: 1877514 ns, Total: 2033863 ns
[2021-05-01T05:08:03.241+0000][8][gc,marking  ] GC(153) Concurrent Clear Claimed Marks
[2021-05-01T05:08:03.241+0000][8][gc,marking  ] GC(153) Concurrent Clear Claimed Marks 0.070ms
[2021-05-01T05:08:03.241+0000][8][gc,marking  ] GC(153) Concurrent Scan Root Regions
[2021-05-01T05:08:03.242+0000][8][gc,marking  ] GC(153) Concurrent Scan Root Regions 1.400ms
[2021-05-01T05:08:03.242+0000][8][gc,marking  ] GC(153) Concurrent Mark (9914.400s)
[2021-05-01T05:08:03.242+0000][8][gc,marking  ] GC(153) Concurrent Mark From Roots
[2021-05-01T05:08:03.242+0000][8][gc,task     ] GC(153) Using 2 workers of 2 for marking
[2021-05-01T05:08:03.338+0000][8][gc,marking  ] GC(153) Concurrent Mark From Roots 95.461ms
[2021-05-01T05:08:03.338+0000][8][gc,marking  ] GC(153) Concurrent Preclean
[2021-05-01T05:08:03.338+0000][8][gc,marking  ] GC(153) Concurrent Preclean 0.216ms
[2021-05-01T05:08:03.338+0000][8][gc,marking  ] GC(153) Concurrent Mark (9914.400s, 9914.496s) 95.723ms
[2021-05-01T05:08:03.338+0000][8][gc,start    ] GC(153) Pause Remark
[2021-05-01T05:08:03.349+0000][8][gc          ] GC(153) Pause Remark 115M->115M(256M) 10.710ms
[2021-05-01T05:08:03.349+0000][8][gc,cpu      ] GC(153) User=0.06s Sys=0.00s Real=0.01s
[2021-05-01T05:08:03.349+0000][8][safepoint   ] Safepoint "G1Concurrent", Time since last: 97292023 ns, Reaching safepoint: 115815 ns, At safepoint: 10839840 ns, Total: 10955655 ns
[2021-05-01T05:08:03.349+0000][8][gc,marking  ] GC(153) Concurrent Rebuild Remembered Sets
[2021-05-01T05:08:03.405+0000][8][gc,marking  ] GC(153) Concurrent Rebuild Remembered Sets 56.282ms
[2021-05-01T05:08:03.406+0000][8][gc,start    ] GC(153) Pause Cleanup
[2021-05-01T05:08:03.406+0000][8][gc          ] GC(153) Pause Cleanup 115M->115M(256M) 0.067ms
[2021-05-01T05:08:03.406+0000][8][gc,cpu      ] GC(153) User=0.00s Sys=0.00s Real=0.00s
[2021-05-01T05:08:03.406+0000][8][safepoint   ] Safepoint "G1Concurrent", Time since last: 56383270 ns, Reaching safepoint: 73451 ns, At safepoint: 114262 ns, Total: 187713 ns
[2021-05-01T05:08:03.406+0000][8][gc,marking  ] GC(153) Concurrent Cleanup for Next Mark
[2021-05-01T05:08:03.406+0000][8][gc,marking  ] GC(153) Concurrent Cleanup for Next Mark 0.123ms
[2021-05-01T05:08:03.406+0000][8][gc          ] GC(153) Concurrent Cycle 164.986ms
[2021-05-01T05:08:04.406+0000][8][safepoint   ] Safepoint "Cleanup", Time since last: 1000106653 ns, Reaching safepoint: 116573 ns, At safepoint: 5854 ns, Total: 122427 ns
[2021-05-01T05:08:07.407+0000][8][safepoint   ] Safepoint "Cleanup", Time since last: 3000625724 ns, Reaching safepoint: 95639 ns, At safepoint: 5600 ns, Total: 101239 ns
[2021-05-01T05:08:09.407+0000][8][safepoint   ] Safepoint "Cleanup", Time since last: 2000379641 ns, Reaching safepoint: 135883 ns, At safepoint: 8173 ns, Total: 144056 ns
[2021-05-01T05:08:10.407+0000][8][safepoint   ] Safepoint "Cleanup", Time since last: 1000111248 ns, Reaching safepoint: 91683 ns, At safepoint: 5410 ns, Total: 97093 ns
[2021-05-01T05:08:11.408+0000][8][safepoint   ] Safepoint "Cleanup", Time since last: 1000117132 ns, Reaching safepoint: 123675 ns, At safepoint: 5158 ns, Total: 128833 ns
[2021-05-01T05:08:12.408+0000][8][safepoint   ] Safepoint "Cleanup", Time since last: 1000353657 ns, Reaching safepoint: 160934 ns, At safepoint: 7180 ns, Total: 168114 ns
[2021-05-01T05:08:13.408+0000][8][safepoint   ] Safepoint "Cleanup", Time since last: 1000129683 ns, Reaching safepoint: 160743 ns, At safepoint: 5424 ns, Total: 166167 ns
[2021-05-01T05:08:14.409+0000][8][safepoint   ] Safepoint "Cleanup", Time since last: 1000097479 ns, Reaching safepoint: 185935 ns, At safepoint: 6227 ns, Total: 192162 ns
[2021-05-01T05:08:17.409+0000][8][safepoint   ] Safepoint "Cleanup", Time since last: 3000364257 ns, Reaching safepoint: 181013 ns, At safepoint: 7409 ns, Total: 188422 ns
[2021-05-01T05:08:37.379+0000][8][safepoint   ] Safepoint "ICBufferFull", Time since last: 19969840313 ns, Reaching safepoint: 242218 ns, At safepoint: 8602 ns, Total: 250820 ns
[2021-05-01T05:08:38.380+0000][8][safepoint   ] Safepoint "Cleanup", Time since last: 1000102779 ns, Reaching safepoint: 107430 ns, At safepoint: 5833 ns, Total: 113263 ns
[2021-05-01T05:08:39.380+0000][8][safepoint   ] Safepoint "Cleanup", Time since last: 1000268213 ns, Reaching safepoint: 115694 ns, At safepoint: 6009 ns, Total: 121703 ns
[2021-05-01T05:08:40.380+0000][8][safepoint   ] Safepoint "Cleanup", Time since last: 1000236266 ns, Reaching safepoint: 145181 ns, At safepoint: 5619 ns, Total: 150800 ns
[2021-05-01T05:08:42.381+0000][8][safepoint   ] Safepoint "Cleanup", Time since last: 2000334380 ns, Reaching safepoint: 93895 ns, At safepoint: 5114 ns, Total: 99009 ns
[2021-05-01T05:09:10.384+0000][8][safepoint   ] Safepoint "Cleanup", Time since last: 28003240956 ns, Reaching safepoint: 122044 ns, At safepoint: 8220 ns, Total: 130264 ns
[2021-05-01T05:09:17.385+0000][8][safepoint   ] Safepoint "Cleanup", Time since last: 7001203118 ns, Reaching safepoint: 113270 ns, At safepoint: 5341 ns, Total: 118611 ns
[2021-05-01T05:09:39.570+0000][8][gc,start    ] GC(154) Pause Young (Normal) (G1 Evacuation Pause)
[2021-05-01T05:09:39.570+0000][8][gc,task     ] GC(154) Using 6 workers of 8 for evacuation
[2021-05-01T05:09:39.570+0000][8][gc,age      ] GC(154) Desired survivor size 6291456 bytes, new threshold 15 (max threshold 15)
[2021-05-01T05:09:39.572+0000][8][gc,age      ] GC(154) Age table with threshold 15 (max threshold 15)
[2021-05-01T05:09:39.572+0000][8][gc,age      ] GC(154) - age   1:    1205816 bytes,    1205816 total
[2021-05-01T05:09:39.572+0000][8][gc,age      ] GC(154) - age   2:        640 bytes,    1206456 total
[2021-05-01T05:09:39.572+0000][8][gc,age      ] GC(154) - age   3:      18712 bytes,    1225168 total
[2021-05-01T05:09:39.572+0000][8][gc,age      ] GC(154) - age   4:      20592 bytes,    1245760 total
[2021-05-01T05:09:39.572+0000][8][gc,age      ] GC(154) - age   5:        200 bytes,    1245960 total
[2021-05-01T05:09:39.572+0000][8][gc,age      ] GC(154) - age   6:       9888 bytes,    1255848 total
[2021-05-01T05:09:39.572+0000][8][gc,age      ] GC(154) - age   7:        176 bytes,    1256024 total
[2021-05-01T05:09:39.572+0000][8][gc,age      ] GC(154) - age   9:        960 bytes,    1256984 total
[2021-05-01T05:09:39.572+0000][8][gc,age      ] GC(154) - age  10:       6616 bytes,    1263600 total
[2021-05-01T05:09:39.572+0000][8][gc,age      ] GC(154) - age  12:        952 bytes,    1264552 total
[2021-05-01T05:09:39.572+0000][8][gc,age      ] GC(154) - age  13:      17488 bytes,    1282040 total
[2021-05-01T05:09:39.572+0000][8][gc,age      ] GC(154) - age  14:        104 bytes,    1282144 total
[2021-05-01T05:09:39.572+0000][8][gc,age      ] GC(154) - age  15:       1280 bytes,    1283424 total
[2021-05-01T05:09:39.572+0000][8][gc,phases   ] GC(154)   Pre Evacuate Collection Set: 0.1ms
[2021-05-01T05:09:39.572+0000][8][gc,phases   ] GC(154)   Merge Heap Roots: 0.0ms
[2021-05-01T05:09:39.572+0000][8][gc,phases   ] GC(154)   Evacuate Collection Set: 1.0ms
[2021-05-01T05:09:39.572+0000][8][gc,phases   ] GC(154)   Post Evacuate Collection Set: 0.5ms
[2021-05-01T05:09:39.572+0000][8][gc,phases   ] GC(154)   Other: 0.2ms
[2021-05-01T05:09:39.572+0000][8][gc,heap     ] GC(154) Eden regions: 22->0(22)
[2021-05-01T05:09:39.572+0000][8][gc,heap     ] GC(154) Survivor regions: 1->1(3)
[2021-05-01T05:09:39.572+0000][8][gc,heap     ] GC(154) Old regions: 26->26
[2021-05-01T05:09:39.572+0000][8][gc,heap     ] GC(154) Archive regions: 2->2
[2021-05-01T05:09:39.572+0000][8][gc,heap     ] GC(154) Humongous regions: 2->2
[2021-05-01T05:09:39.572+0000][8][gc,metaspace] GC(154) Metaspace: 108134K(112788K)->108134K(112788K) NonClass: 94240K(97608K)->94240K(97608K) Class: 13893K(15180K)->13893K(15180K)
[2021-05-01T05:09:39.572+0000][8][gc          ] GC(154) Pause Young (Normal) (G1 Evacuation Pause) 203M->115M(256M) 1.898ms
[2021-05-01T05:09:39.572+0000][8][gc,cpu      ] GC(154) User=0.01s Sys=0.00s Real=0.01s
[2021-05-01T05:09:39.572+0000][8][safepoint   ] Safepoint "G1CollectForAllocation", Time since last: 22184670105 ns, Reaching safepoint: 84837 ns, At safepoint: 1972131 ns, Total: 2056968 ns
[2021-05-01T05:09:47.573+0000][8][safepoint   ] Safepoint "Cleanup", Time since last: 8001189242 ns, Reaching safepoint: 86902 ns, At safepoint: 5539 ns, Total: 92441 ns
[2021-05-01T05:10:06.576+0000][8][safepoint   ] Safepoint "Cleanup", Time since last: 19002369170 ns, Reaching safepoint: 102831 ns, At safepoint: 6077 ns, Total: 108908 ns
[2021-05-01T05:11:44.588+0000][8][safepoint   ] Safepoint "Cleanup", Time since last: 98011957878 ns, Reaching safepoint: 81457 ns, At safepoint: 5276 ns, Total: 86733 ns
[2021-05-01T05:12:01.681+0000][8][gc,start    ] GC(155) Pause Young (Concurrent Start) (G1 Evacuation Pause)
[2021-05-01T05:12:01.681+0000][8][gc,task     ] GC(155) Using 6 workers of 8 for evacuation
[2021-05-01T05:12:01.681+0000][8][gc,age      ] GC(155) Desired survivor size 6291456 bytes, new threshold 15 (max threshold 15)
[2021-05-01T05:12:01.683+0000][8][gc,age      ] GC(155) Age table with threshold 15 (max threshold 15)
[2021-05-01T05:12:01.683+0000][8][gc,age      ] GC(155) - age   1:     512048 bytes,     512048 total
[2021-05-01T05:12:01.683+0000][8][gc,age      ] GC(155) - age   2:     695592 bytes,    1207640 total
[2021-05-01T05:12:01.683+0000][8][gc,age      ] GC(155) - age   3:        608 bytes,    1208248 total
[2021-05-01T05:12:01.683+0000][8][gc,age      ] GC(155) - age   4:      18712 bytes,    1226960 total
[2021-05-01T05:12:01.683+0000][8][gc,age      ] GC(155) - age   5:      20592 bytes,    1247552 total
[2021-05-01T05:12:01.683+0000][8][gc,age      ] GC(155) - age   6:        200 bytes,    1247752 total
[2021-05-01T05:12:01.683+0000][8][gc,age      ] GC(155) - age   7:       9888 bytes,    1257640 total
[2021-05-01T05:12:01.683+0000][8][gc,age      ] GC(155) - age   8:        176 bytes,    1257816 total
[2021-05-01T05:12:01.683+0000][8][gc,age      ] GC(155) - age  10:        960 bytes,    1258776 total
[2021-05-01T05:12:01.683+0000][8][gc,age      ] GC(155) - age  11:       6616 bytes,    1265392 total
[2021-05-01T05:12:01.683+0000][8][gc,age      ] GC(155) - age  13:        952 bytes,    1266344 total
[2021-05-01T05:12:01.683+0000][8][gc,age      ] GC(155) - age  14:      17488 bytes,    1283832 total
[2021-05-01T05:12:01.683+0000][8][gc,age      ] GC(155) - age  15:        104 bytes,    1283936 total
[2021-05-01T05:12:01.683+0000][8][gc,phases   ] GC(155)   Pre Evacuate Collection Set: 0.1ms
[2021-05-01T05:12:01.683+0000][8][gc,phases   ] GC(155)   Merge Heap Roots: 0.0ms
[2021-05-01T05:12:01.683+0000][8][gc,phases   ] GC(155)   Evacuate Collection Set: 0.9ms
[2021-05-01T05:12:01.683+0000][8][gc,phases   ] GC(155)   Post Evacuate Collection Set: 0.4ms
[2021-05-01T05:12:01.683+0000][8][gc,phases   ] GC(155)   Other: 0.2ms
[2021-05-01T05:12:01.683+0000][8][gc,heap     ] GC(155) Eden regions: 22->0(22)
[2021-05-01T05:12:01.683+0000][8][gc,heap     ] GC(155) Survivor regions: 1->1(3)
[2021-05-01T05:12:01.683+0000][8][gc,heap     ] GC(155) Old regions: 26->26
[2021-05-01T05:12:01.683+0000][8][gc,heap     ] GC(155) Archive regions: 2->2
[2021-05-01T05:12:01.683+0000][8][gc,heap     ] GC(155) Humongous regions: 2->2
[2021-05-01T05:12:01.683+0000][8][gc,metaspace] GC(155) Metaspace: 108145K(112788K)->108145K(112788K) NonClass: 94250K(97608K)->94250K(97608K) Class: 13895K(15180K)->13895K(15180K)
[2021-05-01T05:12:01.683+0000][8][gc          ] GC(155) Pause Young (Concurrent Start) (G1 Evacuation Pause) 203M->115M(256M) 1.774ms
[2021-05-01T05:12:01.683+0000][8][gc,cpu      ] GC(155) User=0.01s Sys=0.00s Real=0.00s
[2021-05-01T05:12:01.683+0000][8][safepoint   ] Safepoint "G1CollectForAllocation", Time since last: 17092819102 ns, Reaching safepoint: 142111 ns, At safepoint: 1835111 ns, Total: 1977222 ns
[2021-05-01T05:12:01.683+0000][8][gc          ] GC(156) Concurrent Cycle
[2021-05-01T05:12:01.683+0000][8][gc,marking  ] GC(156) Concurrent Clear Claimed Marks
[2021-05-01T05:12:01.683+0000][8][gc,marking  ] GC(156) Concurrent Clear Claimed Marks 0.058ms
[2021-05-01T05:12:01.683+0000][8][gc,marking  ] GC(156) Concurrent Scan Root Regions
[2021-05-01T05:12:01.684+0000][8][gc,marking  ] GC(156) Concurrent Scan Root Regions 1.390ms
[2021-05-01T05:12:01.684+0000][8][gc,marking  ] GC(156) Concurrent Mark (10152.842s)
[2021-05-01T05:12:01.684+0000][8][gc,marking  ] GC(156) Concurrent Mark From Roots
[2021-05-01T05:12:01.684+0000][8][gc,task     ] GC(156) Using 2 workers of 2 for marking
[2021-05-01T05:12:01.767+0000][8][gc,marking  ] GC(156) Concurrent Mark From Roots 82.230ms
[2021-05-01T05:12:01.767+0000][8][gc,marking  ] GC(156) Concurrent Preclean
[2021-05-01T05:12:01.767+0000][8][gc,marking  ] GC(156) Concurrent Preclean 0.226ms
[2021-05-01T05:12:01.767+0000][8][gc,marking  ] GC(156) Concurrent Mark (10152.842s, 10152.924s) 82.503ms
[2021-05-01T05:12:01.767+0000][8][gc,start    ] GC(156) Pause Remark
[2021-05-01T05:12:01.772+0000][8][gc          ] GC(156) Pause Remark 116M->116M(256M) 5.081ms
[2021-05-01T05:12:01.772+0000][8][gc,cpu      ] GC(156) User=0.03s Sys=0.00s Real=0.01s
[2021-05-01T05:12:01.772+0000][8][safepoint   ] Safepoint "G1Concurrent", Time since last: 84096854 ns, Reaching safepoint: 82435 ns, At safepoint: 5153353 ns, Total: 5235788 ns
[2021-05-01T05:12:01.772+0000][8][gc,marking  ] GC(156) Concurrent Rebuild Remembered Sets
[2021-05-01T05:12:01.827+0000][8][gc,marking  ] GC(156) Concurrent Rebuild Remembered Sets 54.997ms
[2021-05-01T05:12:01.827+0000][8][gc,start    ] GC(156) Pause Cleanup
[2021-05-01T05:12:01.827+0000][8][gc          ] GC(156) Pause Cleanup 116M->116M(256M) 0.068ms
[2021-05-01T05:12:01.828+0000][8][gc,cpu      ] GC(156) User=0.00s Sys=0.00s Real=0.00s
[2021-05-01T05:12:01.828+0000][8][safepoint   ] Safepoint "G1Concurrent", Time since last: 55143991 ns, Reaching safepoint: 139466 ns, At safepoint: 125476 ns, Total: 264942 ns
[2021-05-01T05:12:01.828+0000][8][gc,marking  ] GC(156) Concurrent Cleanup for Next Mark
[2021-05-01T05:12:01.828+0000][8][gc,marking  ] GC(156) Concurrent Cleanup for Next Mark 0.203ms
[2021-05-01T05:12:01.828+0000][8][gc          ] GC(156) Concurrent Cycle 144.960ms
[2021-05-01T05:13:11.837+0000][8][safepoint   ] Safepoint "Cleanup", Time since last: 70009444220 ns, Reaching safepoint: 100933 ns, At safepoint: 7491 ns, Total: 108424 ns
[2021-05-01T05:13:12.837+0000][8][safepoint   ] Safepoint "Cleanup", Time since last: 1000097433 ns, Reaching safepoint: 87573 ns, At safepoint: 6630 ns, Total: 94203 ns
[2021-05-01T05:14:12.509+0000][8][gc,start    ] GC(157) Pause Young (Normal) (G1 Evacuation Pause)
[2021-05-01T05:14:12.509+0000][8][gc,task     ] GC(157) Using 6 workers of 8 for evacuation
[2021-05-01T05:14:12.509+0000][8][gc,age      ] GC(157) Desired survivor size 6291456 bytes, new threshold 15 (max threshold 15)
[2021-05-01T05:14:12.511+0000][8][gc,age      ] GC(157) Age table with threshold 15 (max threshold 15)
[2021-05-01T05:14:12.511+0000][8][gc,age      ] GC(157) - age   1:     553336 bytes,     553336 total
[2021-05-01T05:14:12.511+0000][8][gc,age      ] GC(157) - age   2:       4720 bytes,     558056 total
[2021-05-01T05:14:12.511+0000][8][gc,age      ] GC(157) - age   3:     573848 bytes,    1131904 total
[2021-05-01T05:14:12.511+0000][8][gc,age      ] GC(157) - age   4:        368 bytes,    1132272 total
[2021-05-01T05:14:12.511+0000][8][gc,age      ] GC(157) - age   5:      18712 bytes,    1150984 total
[2021-05-01T05:14:12.511+0000][8][gc,age      ] GC(157) - age   6:      18072 bytes,    1169056 total
[2021-05-01T05:14:12.511+0000][8][gc,age      ] GC(157) - age   7:         40 bytes,    1169096 total
[2021-05-01T05:14:12.511+0000][8][gc,age      ] GC(157) - age   8:       9888 bytes,    1178984 total
[2021-05-01T05:14:12.511+0000][8][gc,age      ] GC(157) - age   9:        176 bytes,    1179160 total
[2021-05-01T05:14:12.511+0000][8][gc,age      ] GC(157) - age  11:        960 bytes,    1180120 total
[2021-05-01T05:14:12.511+0000][8][gc,age      ] GC(157) - age  12:       6616 bytes,    1186736 total
[2021-05-01T05:14:12.511+0000][8][gc,age      ] GC(157) - age  14:        952 bytes,    1187688 total
[2021-05-01T05:14:12.511+0000][8][gc,age      ] GC(157) - age  15:         40 bytes,    1187728 total
[2021-05-01T05:14:12.511+0000][8][gc,phases   ] GC(157)   Pre Evacuate Collection Set: 0.0ms
[2021-05-01T05:14:12.511+0000][8][gc,phases   ] GC(157)   Merge Heap Roots: 0.0ms
[2021-05-01T05:14:12.511+0000][8][gc,phases   ] GC(157)   Evacuate Collection Set: 1.0ms
[2021-05-01T05:14:12.511+0000][8][gc,phases   ] GC(157)   Post Evacuate Collection Set: 0.6ms
[2021-05-01T05:14:12.511+0000][8][gc,phases   ] GC(157)   Other: 0.2ms
[2021-05-01T05:14:12.511+0000][8][gc,heap     ] GC(157) Eden regions: 22->0(22)
[2021-05-01T05:14:12.511+0000][8][gc,heap     ] GC(157) Survivor regions: 1->1(3)
[2021-05-01T05:14:12.511+0000][8][gc,heap     ] GC(157) Old regions: 26->26
[2021-05-01T05:14:12.511+0000][8][gc,heap     ] GC(157) Archive regions: 2->2
[2021-05-01T05:14:12.511+0000][8][gc,heap     ] GC(157) Humongous regions: 2->2
[2021-05-01T05:14:12.511+0000][8][gc,metaspace] GC(157) Metaspace: 108174K(112788K)->108174K(112788K) NonClass: 94278K(97608K)->94278K(97608K) Class: 13895K(15180K)->13895K(15180K)
[2021-05-01T05:14:12.511+0000][8][gc          ] GC(157) Pause Young (Normal) (G1 Evacuation Pause) 203M->115M(256M) 2.002ms
[2021-05-01T05:14:12.511+0000][8][gc,cpu      ] GC(157) User=0.00s Sys=0.00s Real=0.00s
[2021-05-01T05:14:12.511+0000][8][safepoint   ] Safepoint "G1CollectForAllocation", Time since last: 59671298512 ns, Reaching safepoint: 128028 ns, At safepoint: 2081322 ns, Total: 2209350 ns
[2021-05-01T05:14:13.511+0000][8][safepoint   ] Safepoint "Cleanup", Time since last: 1000155697 ns, Reaching safepoint: 161188 ns, At safepoint: 5134 ns, Total: 166322 ns
[2021-05-01T05:14:47.517+0000][8][safepoint   ] Safepoint "Cleanup", Time since last: 34005876573 ns, Reaching safepoint: 102025 ns, At safepoint: 5778 ns, Total: 107803 ns
[2021-05-01T05:15:12.522+0000][8][safepoint   ] Safepoint "Cleanup", Time since last: 25005113990 ns, Reaching safepoint: 94848 ns, At safepoint: 6025 ns, Total: 100873 ns
[2021-05-01T05:16:17.533+0000][8][safepoint   ] Safepoint "Cleanup", Time since last: 65010859593 ns, Reaching safepoint: 160658 ns, At safepoint: 8694 ns, Total: 169352 ns
[2021-05-01T05:16:24.535+0000][8][safepoint   ] Safepoint "Cleanup", Time since last: 7001908215 ns, Reaching safepoint: 98020 ns, At safepoint: 5169 ns, Total: 103189 ns
[2021-05-01T05:16:30.786+0000][8][gc,start    ] GC(158) Pause Young (Concurrent Start) (G1 Evacuation Pause)
[2021-05-01T05:16:30.786+0000][8][gc,task     ] GC(158) Using 6 workers of 8 for evacuation
[2021-05-01T05:16:30.786+0000][8][gc,age      ] GC(158) Desired survivor size 6291456 bytes, new threshold 15 (max threshold 15)
[2021-05-01T05:16:30.787+0000][8][gc,age      ] GC(158) Age table with threshold 15 (max threshold 15)
[2021-05-01T05:16:30.787+0000][8][gc,age      ] GC(158) - age   1:     534616 bytes,     534616 total
[2021-05-01T05:16:30.787+0000][8][gc,age      ] GC(158) - age   2:       3744 bytes,     538360 total
[2021-05-01T05:16:30.787+0000][8][gc,age      ] GC(158) - age   3:       4720 bytes,     543080 total
[2021-05-01T05:16:30.787+0000][8][gc,age      ] GC(158) - age   4:     573848 bytes,    1116928 total
[2021-05-01T05:16:30.787+0000][8][gc,age      ] GC(158) - age   5:        368 bytes,    1117296 total
[2021-05-01T05:16:30.787+0000][8][gc,age      ] GC(158) - age   6:      18712 bytes,    1136008 total
[2021-05-01T05:16:30.787+0000][8][gc,age      ] GC(158) - age   7:      18072 bytes,    1154080 total
[2021-05-01T05:16:30.787+0000][8][gc,age      ] GC(158) - age   8:         40 bytes,    1154120 total
[2021-05-01T05:16:30.787+0000][8][gc,age      ] GC(158) - age   9:       9888 bytes,    1164008 total
[2021-05-01T05:16:30.787+0000][8][gc,age      ] GC(158) - age  10:        176 bytes,    1164184 total
[2021-05-01T05:16:30.787+0000][8][gc,age      ] GC(158) - age  12:        960 bytes,    1165144 total
[2021-05-01T05:16:30.787+0000][8][gc,age      ] GC(158) - age  13:       6376 bytes,    1171520 total
[2021-05-01T05:16:30.787+0000][8][gc,age      ] GC(158) - age  15:        952 bytes,    1172472 total
[2021-05-01T05:16:30.787+0000][8][gc,phases   ] GC(158)   Pre Evacuate Collection Set: 0.1ms
[2021-05-01T05:16:30.787+0000][8][gc,phases   ] GC(158)   Merge Heap Roots: 0.0ms
[2021-05-01T05:16:30.787+0000][8][gc,phases   ] GC(158)   Evacuate Collection Set: 0.7ms
[2021-05-01T05:16:30.787+0000][8][gc,phases   ] GC(158)   Post Evacuate Collection Set: 0.4ms
[2021-05-01T05:16:30.787+0000][8][gc,phases   ] GC(158)   Other: 0.2ms
[2021-05-01T05:16:30.787+0000][8][gc,heap     ] GC(158) Eden regions: 22->0(22)
[2021-05-01T05:16:30.787+0000][8][gc,heap     ] GC(158) Survivor regions: 1->1(3)
[2021-05-01T05:16:30.787+0000][8][gc,heap     ] GC(158) Old regions: 26->26
[2021-05-01T05:16:30.787+0000][8][gc,heap     ] GC(158) Archive regions: 2->2
[2021-05-01T05:16:30.787+0000][8][gc,heap     ] GC(158) Humongous regions: 2->2
[2021-05-01T05:16:30.787+0000][8][gc,metaspace] GC(158) Metaspace: 108174K(112788K)->108174K(112788K) NonClass: 94278K(97608K)->94278K(97608K) Class: 13895K(15180K)->13895K(15180K)
[2021-05-01T05:16:30.787+0000][8][gc          ] GC(158) Pause Young (Concurrent Start) (G1 Evacuation Pause) 203M->115M(256M) 1.470ms
[2021-05-01T05:16:30.787+0000][8][gc,cpu      ] GC(158) User=0.01s Sys=0.00s Real=0.00s
[2021-05-01T05:16:30.787+0000][8][safepoint   ] Safepoint "G1CollectForAllocation", Time since last: 6250341981 ns, Reaching safepoint: 154775 ns, At safepoint: 1531139 ns, Total: 1685914 ns
[2021-05-01T05:16:30.787+0000][8][gc          ] GC(159) Concurrent Cycle
[2021-05-01T05:16:30.787+0000][8][gc,marking  ] GC(159) Concurrent Clear Claimed Marks
[2021-05-01T05:16:30.787+0000][8][gc,marking  ] GC(159) Concurrent Clear Claimed Marks 0.046ms
[2021-05-01T05:16:30.787+0000][8][gc,marking  ] GC(159) Concurrent Scan Root Regions
[2021-05-01T05:16:30.789+0000][8][gc,marking  ] GC(159) Concurrent Scan Root Regions 1.368ms
[2021-05-01T05:16:30.789+0000][8][gc,marking  ] GC(159) Concurrent Mark (10421.946s)
[2021-05-01T05:16:30.789+0000][8][gc,marking  ] GC(159) Concurrent Mark From Roots
[2021-05-01T05:16:30.789+0000][8][gc,task     ] GC(159) Using 2 workers of 2 for marking
[2021-05-01T05:16:30.870+0000][8][gc,marking  ] GC(159) Concurrent Mark From Roots 81.591ms
[2021-05-01T05:16:30.871+0000][8][gc,marking  ] GC(159) Concurrent Preclean
[2021-05-01T05:16:30.871+0000][8][gc,marking  ] GC(159) Concurrent Preclean 0.225ms
[2021-05-01T05:16:30.871+0000][8][gc,marking  ] GC(159) Concurrent Mark (10421.946s, 10422.028s) 81.860ms
[2021-05-01T05:16:30.871+0000][8][gc,start    ] GC(159) Pause Remark
[2021-05-01T05:16:30.876+0000][8][gc          ] GC(159) Pause Remark 115M->115M(256M) 5.064ms
[2021-05-01T05:16:30.876+0000][8][gc,cpu      ] GC(159) User=0.03s Sys=0.00s Real=0.01s
[2021-05-01T05:16:30.876+0000][8][safepoint   ] Safepoint "G1Concurrent", Time since last: 83422867 ns, Reaching safepoint: 103404 ns, At safepoint: 5137560 ns, Total: 5240964 ns
[2021-05-01T05:16:30.876+0000][8][gc,marking  ] GC(159) Concurrent Rebuild Remembered Sets
[2021-05-01T05:16:30.931+0000][8][gc,marking  ] GC(159) Concurrent Rebuild Remembered Sets 54.507ms
[2021-05-01T05:16:30.931+0000][8][gc,start    ] GC(159) Pause Cleanup
[2021-05-01T05:16:30.931+0000][8][gc          ] GC(159) Pause Cleanup 115M->115M(256M) 0.058ms
[2021-05-01T05:16:30.931+0000][8][gc,cpu      ] GC(159) User=0.00s Sys=0.00s Real=0.00s
[2021-05-01T05:16:30.931+0000][8][safepoint   ] Safepoint "G1Concurrent", Time since last: 54567109 ns, Reaching safepoint: 79114 ns, At safepoint: 92087 ns, Total: 171201 ns
[2021-05-01T05:16:30.931+0000][8][gc,marking  ] GC(159) Concurrent Cleanup for Next Mark
[2021-05-01T05:16:30.931+0000][8][gc,marking  ] GC(159) Concurrent Cleanup for Next Mark 0.100ms
[2021-05-01T05:16:30.931+0000][8][gc          ] GC(159) Concurrent Cycle 143.490ms
[2021-05-01T05:17:41.943+0000][8][safepoint   ] Safepoint "Cleanup", Time since last: 71012589914 ns, Reaching safepoint: 84542 ns, At safepoint: 7080 ns, Total: 91622 ns
[2021-05-01T05:17:47.945+0000][8][safepoint   ] Safepoint "Cleanup", Time since last: 6001058210 ns, Reaching safepoint: 138574 ns, At safepoint: 5287 ns, Total: 143861 ns
[2021-05-01T05:18:11.949+0000][8][safepoint   ] Safepoint "Cleanup", Time since last: 24004619628 ns, Reaching safepoint: 104049 ns, At safepoint: 5475 ns, Total: 109524 ns
[2021-05-01T05:18:19.444+0000][8][safepoint   ] Safepoint "Cleanup", Time since last: 7493983570 ns, Reaching safepoint: 241925 ns, At safepoint: 31290 ns, Total: 273215 ns
[2021-05-01T05:18:19.475+0000][8][gc,heap,exit] Heap
[2021-05-01T05:18:19.475+0000][8][gc,heap,exit]  garbage-first heap   total 262144K, used 200546K [0x00000000f0000000, 0x0000000100000000)
[2021-05-01T05:18:19.475+0000][8][gc,heap,exit]   region size 4096K, 23 young (94208K), 1 survivors (4096K)
[2021-05-01T05:18:19.475+0000][8][gc,heap,exit]  Metaspace       used 108353K, capacity 112008K, committed 113172K, reserved 1146880K
[2021-05-01T05:18:19.475+0000][8][gc,heap,exit]   class space    used 13930K, capacity 15184K, committed 15308K, reserved 1048576K
