[2021-05-07T02:18:59.257+0000][7][gc] Using G1
[2021-05-07T02:18:59.395+0000][7][gc,init] Version: 15.0.1+9 (release)
[2021-05-07T02:18:59.395+0000][7][gc,init] CPUs: 8 total, 8 available
[2021-05-07T02:18:59.395+0000][7][gc,init] Memory: 15907M
[2021-05-07T02:18:59.395+0000][7][gc,init] Large Page Support: Disabled
[2021-05-07T02:18:59.395+0000][7][gc,init] NUMA Support: Disabled
[2021-05-07T02:18:59.395+0000][7][gc,init] Compressed Oops: Enabled (32-bit)
[2021-05-07T02:18:59.395+0000][7][gc,init] Heap Region Size: 4M
[2021-05-07T02:18:59.395+0000][7][gc,init] Heap Min Capacity: 256M
[2021-05-07T02:18:59.395+0000][7][gc,init] Heap Initial Capacity: 256M
[2021-05-07T02:18:59.395+0000][7][gc,init] Heap Max Capacity: 256M
[2021-05-07T02:18:59.395+0000][7][gc,init] Pre-touch: Enabled
[2021-05-07T02:18:59.395+0000][7][gc,init] Parallel Workers: 8
[2021-05-07T02:18:59.395+0000][7][gc,init] Concurrent Workers: 2
[2021-05-07T02:18:59.395+0000][7][gc,init] Concurrent Refinement Workers: 8
[2021-05-07T02:18:59.395+0000][7][gc,init] Periodic GC: Disabled
[2021-05-07T02:18:59.396+0000][7][gc,cds ] Mark closed archive regions in map: [0x00000000ffc00000, 0x00000000ffc7bff8]
[2021-05-07T02:18:59.396+0000][7][gc,cds ] Mark open archive regions in map: [0x00000000ffb00000, 0x00000000ffb51ff8]
[2021-05-07T02:18:59.396+0000][7][gc,metaspace] CDS archive(s) mapped at: [0x0000000800000000-0x0000000800b2a000-0x0000000800b2a000), size 11706368, SharedBaseAddress: 0x0000000800000000, ArchiveRelocationMode: 0.
[2021-05-07T02:18:59.396+0000][7][gc,metaspace] Compressed class space mapped at: 0x0000000800b2c000-0x0000000840b2c000, size: 1073741824
[2021-05-07T02:18:59.396+0000][7][gc,metaspace] Narrow klass base: 0x0000000800000000, Narrow klass shift: 3, Narrow klass range: 0x100000000
[2021-05-07T02:19:00.205+0000][7][safepoint   ] Safepoint "ICBufferFull", Time since last: 798699524 ns, Reaching safepoint: 799837 ns, At safepoint: 7421 ns, Total: 807258 ns
[2021-05-07T02:19:00.331+0000][7][gc,start    ] GC(0) Pause Young (Normal) (G1 Evacuation Pause)
[2021-05-07T02:19:00.335+0000][7][gc,task     ] GC(0) Using 6 workers of 8 for evacuation
[2021-05-07T02:19:00.335+0000][7][gc,age      ] GC(0) Desired survivor size 2097152 bytes, new threshold 15 (max threshold 15)
[2021-05-07T02:19:00.344+0000][7][gc,age      ] GC(0) Age table with threshold 15 (max threshold 15)
[2021-05-07T02:19:00.344+0000][7][gc,age      ] GC(0) - age   1:    3622504 bytes,    3622504 total
[2021-05-07T02:19:00.344+0000][7][gc,phases   ] GC(0)   Pre Evacuate Collection Set: 0.1ms
[2021-05-07T02:19:00.344+0000][7][gc,phases   ] GC(0)   Merge Heap Roots: 0.0ms
[2021-05-07T02:19:00.344+0000][7][gc,phases   ] GC(0)   Evacuate Collection Set: 7.3ms
[2021-05-07T02:19:00.344+0000][7][gc,phases   ] GC(0)   Post Evacuate Collection Set: 0.9ms
[2021-05-07T02:19:00.344+0000][7][gc,phases   ] GC(0)   Other: 3.9ms
[2021-05-07T02:19:00.344+0000][7][gc,heap     ] GC(0) Eden regions: 5->0(5)
[2021-05-07T02:19:00.344+0000][7][gc,heap     ] GC(0) Survivor regions: 0->1(1)
[2021-05-07T02:19:00.344+0000][7][gc,heap     ] GC(0) Old regions: 0->0
[2021-05-07T02:19:00.344+0000][7][gc,heap     ] GC(0) Archive regions: 2->2
[2021-05-07T02:19:00.344+0000][7][gc,heap     ] GC(0) Humongous regions: 0->0
[2021-05-07T02:19:00.344+0000][7][gc,metaspace] GC(0) Metaspace: 6438K(8960K)->6438K(8960K) NonClass: 5734K(7936K)->5734K(7936K) Class: 703K(1024K)->703K(1024K)
[2021-05-07T02:19:00.344+0000][7][gc          ] GC(0) Pause Young (Normal) (G1 Evacuation Pause) 23M->7M(256M) 12.292ms
[2021-05-07T02:19:00.344+0000][7][gc,cpu      ] GC(0) User=0.01s Sys=0.00s Real=0.01s
[2021-05-07T02:19:00.344+0000][7][safepoint   ] Safepoint "G1CollectForAllocation", Time since last: 126222874 ns, Reaching safepoint: 197564 ns, At safepoint: 12374509 ns, Total: 12572073 ns
[2021-05-07T02:19:01.349+0000][7][safepoint   ] Safepoint "Cleanup", Time since last: 1004832156 ns, Reaching safepoint: 103504 ns, At safepoint: 5519 ns, Total: 109023 ns
[2021-05-07T02:19:01.940+0000][7][gc,start    ] GC(1) Pause Young (Normal) (G1 Evacuation Pause)
[2021-05-07T02:19:01.940+0000][7][gc,task     ] GC(1) Using 6 workers of 8 for evacuation
[2021-05-07T02:19:01.940+0000][7][gc,age      ] GC(1) Desired survivor size 2097152 bytes, new threshold 1 (max threshold 15)
[2021-05-07T02:19:01.951+0000][7][gc,age      ] GC(1) Age table with threshold 1 (max threshold 15)
[2021-05-07T02:19:01.951+0000][7][gc,age      ] GC(1) - age   1:    1994432 bytes,    1994432 total
[2021-05-07T02:19:01.951+0000][7][gc,phases   ] GC(1)   Pre Evacuate Collection Set: 0.6ms
[2021-05-07T02:19:01.951+0000][7][gc,phases   ] GC(1)   Merge Heap Roots: 0.1ms
[2021-05-07T02:19:01.951+0000][7][gc,phases   ] GC(1)   Evacuate Collection Set: 8.7ms
[2021-05-07T02:19:01.951+0000][7][gc,phases   ] GC(1)   Post Evacuate Collection Set: 1.0ms
[2021-05-07T02:19:01.951+0000][7][gc,phases   ] GC(1)   Other: 0.3ms
[2021-05-07T02:19:01.951+0000][7][gc,heap     ] GC(1) Eden regions: 5->0(12)
[2021-05-07T02:19:01.951+0000][7][gc,heap     ] GC(1) Survivor regions: 1->1(1)
[2021-05-07T02:19:01.951+0000][7][gc,heap     ] GC(1) Old regions: 0->1
[2021-05-07T02:19:01.951+0000][7][gc,heap     ] GC(1) Archive regions: 2->2
[2021-05-07T02:19:01.951+0000][7][gc,heap     ] GC(1) Humongous regions: 0->0
[2021-05-07T02:19:01.951+0000][7][gc,metaspace] GC(1) Metaspace: 11718K(12288K)->11718K(12288K) NonClass: 10314K(10752K)->10314K(10752K) Class: 1403K(1536K)->1403K(1536K)
[2021-05-07T02:19:01.951+0000][7][gc          ] GC(1) Pause Young (Normal) (G1 Evacuation Pause) 27M->9M(256M) 10.713ms
[2021-05-07T02:19:01.951+0000][7][gc,cpu      ] GC(1) User=0.04s Sys=0.00s Real=0.01s
[2021-05-07T02:19:01.952+0000][7][safepoint   ] Safepoint "G1CollectForAllocation", Time since last: 591466876 ns, Reaching safepoint: 130762 ns, At safepoint: 11577426 ns, Total: 11708188 ns
[2021-05-07T02:19:03.149+0000][7][safepoint   ] Safepoint "ICBufferFull", Time since last: 1196623813 ns, Reaching safepoint: 214059 ns, At safepoint: 6161 ns, Total: 220220 ns
[2021-05-07T02:19:03.299+0000][7][gc,start    ] GC(2) Pause Young (Normal) (G1 Evacuation Pause)
[2021-05-07T02:19:03.299+0000][7][gc,task     ] GC(2) Using 6 workers of 8 for evacuation
[2021-05-07T02:19:03.299+0000][7][gc,age      ] GC(2) Desired survivor size 4194304 bytes, new threshold 15 (max threshold 15)
[2021-05-07T02:19:03.312+0000][7][gc,age      ] GC(2) Age table with threshold 15 (max threshold 15)
[2021-05-07T02:19:03.312+0000][7][gc,age      ] GC(2) - age   1:    1811952 bytes,    1811952 total
[2021-05-07T02:19:03.312+0000][7][gc,age      ] GC(2) - age   2:    1895672 bytes,    3707624 total
[2021-05-07T02:19:03.312+0000][7][gc,phases   ] GC(2)   Pre Evacuate Collection Set: 0.1ms
[2021-05-07T02:19:03.312+0000][7][gc,phases   ] GC(2)   Merge Heap Roots: 0.1ms
[2021-05-07T02:19:03.312+0000][7][gc,phases   ] GC(2)   Evacuate Collection Set: 10.4ms
[2021-05-07T02:19:03.312+0000][7][gc,phases   ] GC(2)   Post Evacuate Collection Set: 2.6ms
[2021-05-07T02:19:03.312+0000][7][gc,phases   ] GC(2)   Other: 0.2ms
[2021-05-07T02:19:03.312+0000][7][gc,heap     ] GC(2) Eden regions: 12->0(36)
[2021-05-07T02:19:03.312+0000][7][gc,heap     ] GC(2) Survivor regions: 1->1(2)
[2021-05-07T02:19:03.312+0000][7][gc,heap     ] GC(2) Old regions: 1->1
[2021-05-07T02:19:03.312+0000][7][gc,heap     ] GC(2) Archive regions: 2->2
[2021-05-07T02:19:03.312+0000][7][gc,heap     ] GC(2) Humongous regions: 0->0
[2021-05-07T02:19:03.312+0000][7][gc,metaspace] GC(2) Metaspace: 14538K(15104K)->14538K(15104K) NonClass: 12863K(13312K)->12863K(13312K) Class: 1675K(1792K)->1675K(1792K)
[2021-05-07T02:19:03.312+0000][7][gc          ] GC(2) Pause Young (Normal) (G1 Evacuation Pause) 57M->10M(256M) 13.391ms
[2021-05-07T02:19:03.312+0000][7][gc,cpu      ] GC(2) User=0.02s Sys=0.00s Real=0.02s
[2021-05-07T02:19:03.315+0000][7][safepoint   ] Safepoint "G1CollectForAllocation", Time since last: 150134430 ns, Reaching safepoint: 109679 ns, At safepoint: 16472622 ns, Total: 16582301 ns
[2021-05-07T02:19:03.851+0000][7][safepoint   ] Safepoint "ICBufferFull", Time since last: 532649248 ns, Reaching safepoint: 3343689 ns, At safepoint: 12365 ns, Total: 3356054 ns
[2021-05-07T02:19:03.885+0000][7][safepoint   ] Safepoint "ICBufferFull", Time since last: 33858178 ns, Reaching safepoint: 118090 ns, At safepoint: 6111 ns, Total: 124201 ns
[2021-05-07T02:19:03.896+0000][7][safepoint   ] Safepoint "ICBufferFull", Time since last: 6695631 ns, Reaching safepoint: 3407445 ns, At safepoint: 8244 ns, Total: 3415689 ns
[2021-05-07T02:19:03.917+0000][7][safepoint   ] Safepoint "ICBufferFull", Time since last: 21228731 ns, Reaching safepoint: 110860 ns, At safepoint: 4759 ns, Total: 115619 ns
[2021-05-07T02:19:03.938+0000][7][safepoint   ] Safepoint "ICBufferFull", Time since last: 20738605 ns, Reaching safepoint: 188269 ns, At safepoint: 6727 ns, Total: 194996 ns
[2021-05-07T02:19:03.950+0000][7][safepoint   ] Safepoint "ICBufferFull", Time since last: 11967652 ns, Reaching safepoint: 109623 ns, At safepoint: 7638 ns, Total: 117261 ns
[2021-05-07T02:19:03.958+0000][7][safepoint   ] Safepoint "ICBufferFull", Time since last: 8024112 ns, Reaching safepoint: 75611 ns, At safepoint: 6165 ns, Total: 81776 ns
[2021-05-07T02:19:03.968+0000][7][safepoint   ] Safepoint "ICBufferFull", Time since last: 9390738 ns, Reaching safepoint: 559330 ns, At safepoint: 6377 ns, Total: 565707 ns
[2021-05-07T02:19:03.975+0000][7][safepoint   ] Safepoint "ICBufferFull", Time since last: 6703101 ns, Reaching safepoint: 168784 ns, At safepoint: 7093 ns, Total: 175877 ns
[2021-05-07T02:19:03.984+0000][7][safepoint   ] Safepoint "ICBufferFull", Time since last: 8795412 ns, Reaching safepoint: 243547 ns, At safepoint: 4972 ns, Total: 248519 ns
[2021-05-07T02:19:03.989+0000][7][safepoint   ] Safepoint "ICBufferFull", Time since last: 4450853 ns, Reaching safepoint: 170358 ns, At safepoint: 10172 ns, Total: 180530 ns
[2021-05-07T02:19:03.997+0000][7][safepoint   ] Safepoint "ICBufferFull", Time since last: 7973118 ns, Reaching safepoint: 92500 ns, At safepoint: 6171 ns, Total: 98671 ns
[2021-05-07T02:19:04.004+0000][7][safepoint   ] Safepoint "ICBufferFull", Time since last: 7029410 ns, Reaching safepoint: 142307 ns, At safepoint: 4415 ns, Total: 146722 ns
[2021-05-07T02:19:04.011+0000][7][safepoint   ] Safepoint "ICBufferFull", Time since last: 6967235 ns, Reaching safepoint: 159557 ns, At safepoint: 4840 ns, Total: 164397 ns
[2021-05-07T02:19:04.016+0000][7][safepoint   ] Safepoint "ICBufferFull", Time since last: 4902186 ns, Reaching safepoint: 167629 ns, At safepoint: 7516 ns, Total: 175145 ns
[2021-05-07T02:19:04.022+0000][7][safepoint   ] Safepoint "ICBufferFull", Time since last: 5760529 ns, Reaching safepoint: 145462 ns, At safepoint: 4043 ns, Total: 149505 ns
[2021-05-07T02:19:04.026+0000][7][safepoint   ] Safepoint "ICBufferFull", Time since last: 4325364 ns, Reaching safepoint: 143952 ns, At safepoint: 4662 ns, Total: 148614 ns
[2021-05-07T02:19:04.034+0000][7][safepoint   ] Safepoint "ICBufferFull", Time since last: 7054102 ns, Reaching safepoint: 419631 ns, At safepoint: 10232 ns, Total: 429863 ns
[2021-05-07T02:19:04.103+0000][7][safepoint   ] Safepoint "ICBufferFull", Time since last: 69145691 ns, Reaching safepoint: 179760 ns, At safepoint: 8180 ns, Total: 187940 ns
[2021-05-07T02:19:05.144+0000][7][gc,start    ] GC(3) Pause Young (Normal) (G1 Evacuation Pause)
[2021-05-07T02:19:05.144+0000][7][gc,task     ] GC(3) Using 6 workers of 8 for evacuation
[2021-05-07T02:19:05.144+0000][7][gc,age      ] GC(3) Desired survivor size 10485760 bytes, new threshold 15 (max threshold 15)
[2021-05-07T02:19:05.172+0000][7][gc,age      ] GC(3) Age table with threshold 15 (max threshold 15)
[2021-05-07T02:19:05.172+0000][7][gc,age      ] GC(3) - age   1:    3093664 bytes,    3093664 total
[2021-05-07T02:19:05.172+0000][7][gc,age      ] GC(3) - age   2:    1792424 bytes,    4886088 total
[2021-05-07T02:19:05.172+0000][7][gc,age      ] GC(3) - age   3:    1880808 bytes,    6766896 total
[2021-05-07T02:19:05.172+0000][7][gc,phases   ] GC(3)   Pre Evacuate Collection Set: 0.1ms
[2021-05-07T02:19:05.172+0000][7][gc,phases   ] GC(3)   Merge Heap Roots: 0.1ms
[2021-05-07T02:19:05.172+0000][7][gc,phases   ] GC(3)   Evacuate Collection Set: 26.0ms
[2021-05-07T02:19:05.172+0000][7][gc,phases   ] GC(3)   Post Evacuate Collection Set: 1.6ms
[2021-05-07T02:19:05.172+0000][7][gc,phases   ] GC(3)   Other: 0.2ms
[2021-05-07T02:19:05.172+0000][7][gc,heap     ] GC(3) Eden regions: 36->0(36)
[2021-05-07T02:19:05.172+0000][7][gc,heap     ] GC(3) Survivor regions: 1->2(5)
[2021-05-07T02:19:05.172+0000][7][gc,heap     ] GC(3) Old regions: 1->1
[2021-05-07T02:19:05.172+0000][7][gc,heap     ] GC(3) Archive regions: 2->2
[2021-05-07T02:19:05.172+0000][7][gc,heap     ] GC(3) Humongous regions: 0->0
[2021-05-07T02:19:05.172+0000][7][gc,metaspace] GC(3) Metaspace: 17849K(18432K)->17849K(18432K) NonClass: 15729K(16128K)->15729K(16128K) Class: 2119K(2304K)->2119K(2304K)
[2021-05-07T02:19:05.172+0000][7][gc          ] GC(3) Pause Young (Normal) (G1 Evacuation Pause) 154M->13M(256M) 28.186ms
[2021-05-07T02:19:05.172+0000][7][gc,cpu      ] GC(3) User=0.08s Sys=0.00s Real=0.03s
[2021-05-07T02:19:05.172+0000][7][safepoint   ] Safepoint "G1CollectForAllocation", Time since last: 1040775534 ns, Reaching safepoint: 239835 ns, At safepoint: 28275534 ns, Total: 28515369 ns
[2021-05-07T02:19:06.158+0000][7][gc,start    ] GC(4) Pause Young (Normal) (G1 Evacuation Pause)
[2021-05-07T02:19:06.158+0000][7][gc,task     ] GC(4) Using 6 workers of 8 for evacuation
[2021-05-07T02:19:06.158+0000][7][gc,age      ] GC(4) Desired survivor size 10485760 bytes, new threshold 15 (max threshold 15)
[2021-05-07T02:19:06.175+0000][7][gc,age      ] GC(4) Age table with threshold 15 (max threshold 15)
[2021-05-07T02:19:06.175+0000][7][gc,age      ] GC(4) - age   1:    2621712 bytes,    2621712 total
[2021-05-07T02:19:06.175+0000][7][gc,age      ] GC(4) - age   2:    2964328 bytes,    5586040 total
[2021-05-07T02:19:06.175+0000][7][gc,age      ] GC(4) - age   3:    1792424 bytes,    7378464 total
[2021-05-07T02:19:06.175+0000][7][gc,age      ] GC(4) - age   4:    1880808 bytes,    9259272 total
[2021-05-07T02:19:06.175+0000][7][gc,phases   ] GC(4)   Pre Evacuate Collection Set: 0.1ms
[2021-05-07T02:19:06.176+0000][7][gc,phases   ] GC(4)   Merge Heap Roots: 0.1ms
[2021-05-07T02:19:06.176+0000][7][gc,phases   ] GC(4)   Evacuate Collection Set: 16.2ms
[2021-05-07T02:19:06.176+0000][7][gc,phases   ] GC(4)   Post Evacuate Collection Set: 0.7ms
[2021-05-07T02:19:06.176+0000][7][gc,phases   ] GC(4)   Other: 0.3ms
[2021-05-07T02:19:06.176+0000][7][gc,heap     ] GC(4) Eden regions: 36->0(35)
[2021-05-07T02:19:06.176+0000][7][gc,heap     ] GC(4) Survivor regions: 2->3(5)
[2021-05-07T02:19:06.176+0000][7][gc,heap     ] GC(4) Old regions: 1->1
[2021-05-07T02:19:06.176+0000][7][gc,heap     ] GC(4) Archive regions: 2->2
[2021-05-07T02:19:06.176+0000][7][gc,heap     ] GC(4) Humongous regions: 0->0
[2021-05-07T02:19:06.176+0000][7][gc,metaspace] GC(4) Metaspace: 18344K(19072K)->18344K(19072K) NonClass: 16159K(16640K)->16159K(16640K) Class: 2184K(2432K)->2184K(2432K)
[2021-05-07T02:19:06.176+0000][7][gc          ] GC(4) Pause Young (Normal) (G1 Evacuation Pause) 157M->16M(256M) 17.459ms
[2021-05-07T02:19:06.176+0000][7][gc,cpu      ] GC(4) User=0.05s Sys=0.00s Real=0.02s
[2021-05-07T02:19:06.176+0000][7][safepoint   ] Safepoint "G1CollectForAllocation", Time since last: 985459368 ns, Reaching safepoint: 230715 ns, At safepoint: 17576959 ns, Total: 17807674 ns
[2021-05-07T02:19:06.859+0000][7][gc,start    ] GC(5) Pause Young (Normal) (G1 Evacuation Pause)
[2021-05-07T02:19:06.859+0000][7][gc,task     ] GC(5) Using 6 workers of 8 for evacuation
[2021-05-07T02:19:06.859+0000][7][gc,age      ] GC(5) Desired survivor size 10485760 bytes, new threshold 15 (max threshold 15)
[2021-05-07T02:19:06.884+0000][7][gc,age      ] GC(5) Age table with threshold 15 (max threshold 15)
[2021-05-07T02:19:06.884+0000][7][gc,age      ] GC(5) - age   1:    2138552 bytes,    2138552 total
[2021-05-07T02:19:06.884+0000][7][gc,age      ] GC(5) - age   2:    1817752 bytes,    3956304 total
[2021-05-07T02:19:06.884+0000][7][gc,age      ] GC(5) - age   3:    2962968 bytes,    6919272 total
[2021-05-07T02:19:06.884+0000][7][gc,age      ] GC(5) - age   4:    1792424 bytes,    8711696 total
[2021-05-07T02:19:06.884+0000][7][gc,age      ] GC(5) - age   5:    1880808 bytes,   10592504 total
[2021-05-07T02:19:06.884+0000][7][gc,phases   ] GC(5)   Pre Evacuate Collection Set: 0.1ms
[2021-05-07T02:19:06.884+0000][7][gc,phases   ] GC(5)   Merge Heap Roots: 0.1ms
[2021-05-07T02:19:06.884+0000][7][gc,phases   ] GC(5)   Evacuate Collection Set: 23.3ms
[2021-05-07T02:19:06.884+0000][7][gc,phases   ] GC(5)   Post Evacuate Collection Set: 1.3ms
[2021-05-07T02:19:06.884+0000][7][gc,phases   ] GC(5)   Other: 0.3ms
[2021-05-07T02:19:06.884+0000][7][gc,heap     ] GC(5) Eden regions: 35->0(35)
[2021-05-07T02:19:06.884+0000][7][gc,heap     ] GC(5) Survivor regions: 3->3(5)
[2021-05-07T02:19:06.885+0000][7][gc,heap     ] GC(5) Old regions: 1->1
[2021-05-07T02:19:06.885+0000][7][gc,heap     ] GC(5) Archive regions: 2->2
[2021-05-07T02:19:06.885+0000][7][gc,heap     ] GC(5) Humongous regions: 0->0
[2021-05-07T02:19:06.885+0000][7][gc,metaspace] GC(5) Metaspace: 18822K(19712K)->18822K(19712K) NonClass: 16563K(17152K)->16563K(17152K) Class: 2259K(2560K)->2259K(2560K)
[2021-05-07T02:19:06.885+0000][7][gc          ] GC(5) Pause Young (Normal) (G1 Evacuation Pause) 156M->17M(256M) 25.232ms
[2021-05-07T02:19:06.885+0000][7][gc,cpu      ] GC(5) User=0.07s Sys=0.01s Real=0.03s
[2021-05-07T02:19:06.885+0000][7][safepoint   ] Safepoint "G1CollectForAllocation", Time since last: 683347928 ns, Reaching safepoint: 204196 ns, At safepoint: 25327471 ns, Total: 25531667 ns
[2021-05-07T02:19:07.325+0000][7][gc,start    ] GC(6) Pause Young (Normal) (G1 Evacuation Pause)
[2021-05-07T02:19:07.325+0000][7][gc,task     ] GC(6) Using 6 workers of 8 for evacuation
[2021-05-07T02:19:07.325+0000][7][gc,age      ] GC(6) Desired survivor size 10485760 bytes, new threshold 5 (max threshold 15)
[2021-05-07T02:19:07.337+0000][7][gc,age      ] GC(6) Age table with threshold 5 (max threshold 15)
[2021-05-07T02:19:07.337+0000][7][gc,age      ] GC(6) - age   1:    2957856 bytes,    2957856 total
[2021-05-07T02:19:07.337+0000][7][gc,age      ] GC(6) - age   2:    1510504 bytes,    4468360 total
[2021-05-07T02:19:07.337+0000][7][gc,age      ] GC(6) - age   3:    1817752 bytes,    6286112 total
[2021-05-07T02:19:07.337+0000][7][gc,age      ] GC(6) - age   4:    2962968 bytes,    9249080 total
[2021-05-07T02:19:07.337+0000][7][gc,age      ] GC(6) - age   5:    1792424 bytes,   11041504 total
[2021-05-07T02:19:07.337+0000][7][gc,phases   ] GC(6)   Pre Evacuate Collection Set: 0.1ms
[2021-05-07T02:19:07.338+0000][7][gc,phases   ] GC(6)   Merge Heap Roots: 0.0ms
[2021-05-07T02:19:07.338+0000][7][gc,phases   ] GC(6)   Evacuate Collection Set: 11.5ms
[2021-05-07T02:19:07.338+0000][7][gc,phases   ] GC(6)   Post Evacuate Collection Set: 0.6ms
[2021-05-07T02:19:07.338+0000][7][gc,phases   ] GC(6)   Other: 0.3ms
[2021-05-07T02:19:07.338+0000][7][gc,heap     ] GC(6) Eden regions: 35->0(35)
[2021-05-07T02:19:07.338+0000][7][gc,heap     ] GC(6) Survivor regions: 3->3(5)
[2021-05-07T02:19:07.338+0000][7][gc,heap     ] GC(6) Old regions: 1->2
[2021-05-07T02:19:07.338+0000][7][gc,heap     ] GC(6) Archive regions: 2->2
[2021-05-07T02:19:07.338+0000][7][gc,heap     ] GC(6) Humongous regions: 0->0
[2021-05-07T02:19:07.338+0000][7][gc,metaspace] GC(6) Metaspace: 19104K(19968K)->19104K(19968K) NonClass: 16814K(17408K)->16814K(17408K) Class: 2289K(2560K)->2289K(2560K)
[2021-05-07T02:19:07.338+0000][7][gc          ] GC(6) Pause Young (Normal) (G1 Evacuation Pause) 157M->20M(256M) 12.564ms
[2021-05-07T02:19:07.338+0000][7][gc,cpu      ] GC(6) User=0.07s Sys=0.00s Real=0.01s
[2021-05-07T02:19:07.338+0000][7][safepoint   ] Safepoint "G1CollectForAllocation", Time since last: 439613537 ns, Reaching safepoint: 816753 ns, At safepoint: 12705626 ns, Total: 13522379 ns
[2021-05-07T02:19:07.691+0000][7][gc,start    ] GC(7) Pause Young (Normal) (G1 Evacuation Pause)
[2021-05-07T02:19:07.691+0000][7][gc,task     ] GC(7) Using 6 workers of 8 for evacuation
[2021-05-07T02:19:07.691+0000][7][gc,age      ] GC(7) Desired survivor size 10485760 bytes, new threshold 5 (max threshold 15)
[2021-05-07T02:19:07.701+0000][7][gc,age      ] GC(7) Age table with threshold 5 (max threshold 15)
[2021-05-07T02:19:07.701+0000][7][gc,age      ] GC(7) - age   1:     337624 bytes,     337624 total
[2021-05-07T02:19:07.701+0000][7][gc,age      ] GC(7) - age   2:    1208752 bytes,    1546376 total
[2021-05-07T02:19:07.701+0000][7][gc,age      ] GC(7) - age   3:    1509728 bytes,    3056104 total
[2021-05-07T02:19:07.701+0000][7][gc,age      ] GC(7) - age   4:    1817752 bytes,    4873856 total
[2021-05-07T02:19:07.701+0000][7][gc,age      ] GC(7) - age   5:    2958952 bytes,    7832808 total
[2021-05-07T02:19:07.701+0000][7][gc,phases   ] GC(7)   Pre Evacuate Collection Set: 0.0ms
[2021-05-07T02:19:07.701+0000][7][gc,phases   ] GC(7)   Merge Heap Roots: 0.1ms
[2021-05-07T02:19:07.701+0000][7][gc,phases   ] GC(7)   Evacuate Collection Set: 9.3ms
[2021-05-07T02:19:07.701+0000][7][gc,phases   ] GC(7)   Post Evacuate Collection Set: 0.4ms
[2021-05-07T02:19:07.701+0000][7][gc,phases   ] GC(7)   Other: 0.2ms
[2021-05-07T02:19:07.701+0000][7][gc,heap     ] GC(7) Eden regions: 35->0(35)
[2021-05-07T02:19:07.701+0000][7][gc,heap     ] GC(7) Survivor regions: 3->3(5)
[2021-05-07T02:19:07.701+0000][7][gc,heap     ] GC(7) Old regions: 2->2
[2021-05-07T02:19:07.701+0000][7][gc,heap     ] GC(7) Archive regions: 2->2
[2021-05-07T02:19:07.701+0000][7][gc,heap     ] GC(7) Humongous regions: 0->0
[2021-05-07T02:19:07.701+0000][7][gc,metaspace] GC(7) Metaspace: 19280K(20224K)->19280K(20224K) NonClass: 16958K(17664K)->16958K(17664K) Class: 2322K(2560K)->2322K(2560K)
[2021-05-07T02:19:07.701+0000][7][gc          ] GC(7) Pause Young (Normal) (G1 Evacuation Pause) 160M->19M(256M) 10.175ms
[2021-05-07T02:19:07.701+0000][7][gc,cpu      ] GC(7) User=0.05s Sys=0.00s Real=0.01s
[2021-05-07T02:19:07.701+0000][7][safepoint   ] Safepoint "G1CollectForAllocation", Time since last: 353187891 ns, Reaching safepoint: 76305 ns, At safepoint: 10240854 ns, Total: 10317159 ns
[2021-05-07T02:19:08.013+0000][7][gc,start    ] GC(8) Pause Young (Normal) (G1 Evacuation Pause)
[2021-05-07T02:19:08.013+0000][7][gc,task     ] GC(8) Using 6 workers of 8 for evacuation
[2021-05-07T02:19:08.013+0000][7][gc,age      ] GC(8) Desired survivor size 10485760 bytes, new threshold 15 (max threshold 15)
[2021-05-07T02:19:08.019+0000][7][gc,age      ] GC(8) Age table with threshold 15 (max threshold 15)
[2021-05-07T02:19:08.019+0000][7][gc,age      ] GC(8) - age   1:     813184 bytes,     813184 total
[2021-05-07T02:19:08.019+0000][7][gc,age      ] GC(8) - age   2:     304472 bytes,    1117656 total
[2021-05-07T02:19:08.019+0000][7][gc,age      ] GC(8) - age   3:    1208752 bytes,    2326408 total
[2021-05-07T02:19:08.019+0000][7][gc,age      ] GC(8) - age   4:    1509728 bytes,    3836136 total
[2021-05-07T02:19:08.019+0000][7][gc,age      ] GC(8) - age   5:    1817752 bytes,    5653888 total
[2021-05-07T02:19:08.019+0000][7][gc,age      ] GC(8) - age   6:    2958952 bytes,    8612840 total
[2021-05-07T02:19:08.019+0000][7][gc,phases   ] GC(8)   Pre Evacuate Collection Set: 0.1ms
[2021-05-07T02:19:08.019+0000][7][gc,phases   ] GC(8)   Merge Heap Roots: 0.0ms
[2021-05-07T02:19:08.019+0000][7][gc,phases   ] GC(8)   Evacuate Collection Set: 4.8ms
[2021-05-07T02:19:08.019+0000][7][gc,phases   ] GC(8)   Post Evacuate Collection Set: 0.5ms
[2021-05-07T02:19:08.019+0000][7][gc,phases   ] GC(8)   Other: 0.2ms
[2021-05-07T02:19:08.019+0000][7][gc,heap     ] GC(8) Eden regions: 35->0(35)
[2021-05-07T02:19:08.019+0000][7][gc,heap     ] GC(8) Survivor regions: 3->3(5)
[2021-05-07T02:19:08.019+0000][7][gc,heap     ] GC(8) Old regions: 2->2
[2021-05-07T02:19:08.019+0000][7][gc,heap     ] GC(8) Archive regions: 2->2
[2021-05-07T02:19:08.019+0000][7][gc,heap     ] GC(8) Humongous regions: 0->0
[2021-05-07T02:19:08.019+0000][7][gc,metaspace] GC(8) Metaspace: 19461K(20608K)->19461K(20608K) NonClass: 17103K(17920K)->17103K(17920K) Class: 2357K(2688K)->2357K(2688K)
[2021-05-07T02:19:08.019+0000][7][gc          ] GC(8) Pause Young (Normal) (G1 Evacuation Pause) 159M->19M(256M) 5.678ms
[2021-05-07T02:19:08.019+0000][7][gc,cpu      ] GC(8) User=0.02s Sys=0.00s Real=0.00s
[2021-05-07T02:19:08.019+0000][7][safepoint   ] Safepoint "G1CollectForAllocation", Time since last: 311617432 ns, Reaching safepoint: 146867 ns, At safepoint: 5764754 ns, Total: 5911621 ns
[2021-05-07T02:19:08.349+0000][7][gc,start    ] GC(9) Pause Young (Normal) (G1 Evacuation Pause)
[2021-05-07T02:19:08.349+0000][7][gc,task     ] GC(9) Using 6 workers of 8 for evacuation
[2021-05-07T02:19:08.349+0000][7][gc,age      ] GC(9) Desired survivor size 10485760 bytes, new threshold 15 (max threshold 15)
[2021-05-07T02:19:08.359+0000][7][gc,age      ] GC(9) Age table with threshold 15 (max threshold 15)
[2021-05-07T02:19:08.360+0000][7][gc,age      ] GC(9) - age   1:     712016 bytes,     712016 total
[2021-05-07T02:19:08.360+0000][7][gc,age      ] GC(9) - age   2:     244464 bytes,     956480 total
[2021-05-07T02:19:08.360+0000][7][gc,age      ] GC(9) - age   3:     304320 bytes,    1260800 total
[2021-05-07T02:19:08.360+0000][7][gc,age      ] GC(9) - age   4:    1208752 bytes,    2469552 total
[2021-05-07T02:19:08.360+0000][7][gc,age      ] GC(9) - age   5:    1509056 bytes,    3978608 total
[2021-05-07T02:19:08.360+0000][7][gc,age      ] GC(9) - age   6:    1817752 bytes,    5796360 total
[2021-05-07T02:19:08.360+0000][7][gc,age      ] GC(9) - age   7:    2958536 bytes,    8754896 total
[2021-05-07T02:19:08.360+0000][7][gc,phases   ] GC(9)   Pre Evacuate Collection Set: 0.1ms
[2021-05-07T02:19:08.360+0000][7][gc,phases   ] GC(9)   Merge Heap Roots: 0.0ms
[2021-05-07T02:19:08.360+0000][7][gc,phases   ] GC(9)   Evacuate Collection Set: 9.6ms
[2021-05-07T02:19:08.360+0000][7][gc,phases   ] GC(9)   Post Evacuate Collection Set: 0.5ms
[2021-05-07T02:19:08.360+0000][7][gc,phases   ] GC(9)   Other: 0.2ms
[2021-05-07T02:19:08.360+0000][7][gc,heap     ] GC(9) Eden regions: 35->0(35)
[2021-05-07T02:19:08.360+0000][7][gc,heap     ] GC(9) Survivor regions: 3->3(5)
[2021-05-07T02:19:08.360+0000][7][gc,heap     ] GC(9) Old regions: 2->2
[2021-05-07T02:19:08.360+0000][7][gc,heap     ] GC(9) Archive regions: 2->2
[2021-05-07T02:19:08.360+0000][7][gc,heap     ] GC(9) Humongous regions: 0->0
[2021-05-07T02:19:08.360+0000][7][gc,metaspace] GC(9) Metaspace: 19529K(20608K)->19529K(20608K) NonClass: 17158K(17920K)->17158K(17920K) Class: 2370K(2688K)->2370K(2688K)
[2021-05-07T02:19:08.360+0000][7][gc          ] GC(9) Pause Young (Normal) (G1 Evacuation Pause) 159M->19M(256M) 10.403ms
[2021-05-07T02:19:08.360+0000][7][gc,cpu      ] GC(9) User=0.03s Sys=0.01s Real=0.01s
[2021-05-07T02:19:08.360+0000][7][safepoint   ] Safepoint "G1CollectForAllocation", Time since last: 330308163 ns, Reaching safepoint: 150155 ns, At safepoint: 10470239 ns, Total: 10620394 ns
[2021-05-07T02:19:08.827+0000][7][gc,start    ] GC(10) Pause Young (Normal) (G1 Evacuation Pause)
[2021-05-07T02:19:08.827+0000][7][gc,task     ] GC(10) Using 6 workers of 8 for evacuation
[2021-05-07T02:19:08.827+0000][7][gc,age      ] GC(10) Desired survivor size 10485760 bytes, new threshold 15 (max threshold 15)
[2021-05-07T02:19:08.843+0000][7][gc,age      ] GC(10) Age table with threshold 15 (max threshold 15)
[2021-05-07T02:19:08.843+0000][7][gc,age      ] GC(10) - age   1:    3851784 bytes,    3851784 total
[2021-05-07T02:19:08.843+0000][7][gc,age      ] GC(10) - age   2:     412144 bytes,    4263928 total
[2021-05-07T02:19:08.843+0000][7][gc,age      ] GC(10) - age   3:     244400 bytes,    4508328 total
[2021-05-07T02:19:08.843+0000][7][gc,age      ] GC(10) - age   4:     304256 bytes,    4812584 total
[2021-05-07T02:19:08.843+0000][7][gc,age      ] GC(10) - age   5:    1208752 bytes,    6021336 total
[2021-05-07T02:19:08.843+0000][7][gc,age      ] GC(10) - age   6:    1508016 bytes,    7529352 total
[2021-05-07T02:19:08.843+0000][7][gc,age      ] GC(10) - age   7:    1817688 bytes,    9347040 total
[2021-05-07T02:19:08.843+0000][7][gc,age      ] GC(10) - age   8:    2958096 bytes,   12305136 total
[2021-05-07T02:19:08.843+0000][7][gc,phases   ] GC(10)   Pre Evacuate Collection Set: 0.2ms
[2021-05-07T02:19:08.843+0000][7][gc,phases   ] GC(10)   Merge Heap Roots: 0.2ms
[2021-05-07T02:19:08.843+0000][7][gc,phases   ] GC(10)   Evacuate Collection Set: 14.6ms
[2021-05-07T02:19:08.843+0000][7][gc,phases   ] GC(10)   Post Evacuate Collection Set: 1.2ms
[2021-05-07T02:19:08.843+0000][7][gc,phases   ] GC(10)   Other: 0.3ms
[2021-05-07T02:19:08.843+0000][7][gc,heap     ] GC(10) Eden regions: 35->0(34)
[2021-05-07T02:19:08.843+0000][7][gc,heap     ] GC(10) Survivor regions: 3->4(5)
[2021-05-07T02:19:08.843+0000][7][gc,heap     ] GC(10) Old regions: 2->2
[2021-05-07T02:19:08.843+0000][7][gc,heap     ] GC(10) Archive regions: 2->2
[2021-05-07T02:19:08.843+0000][7][gc,heap     ] GC(10) Humongous regions: 0->0
[2021-05-07T02:19:08.843+0000][7][gc,metaspace] GC(10) Metaspace: 20003K(21120K)->20003K(21120K) NonClass: 17564K(18432K)->17564K(18432K) Class: 2439K(2688K)->2439K(2688K)
[2021-05-07T02:19:08.843+0000][7][gc          ] GC(10) Pause Young (Normal) (G1 Evacuation Pause) 159M->23M(256M) 16.658ms
[2021-05-07T02:19:08.843+0000][7][gc,cpu      ] GC(10) User=0.04s Sys=0.00s Real=0.02s
[2021-05-07T02:19:08.843+0000][7][safepoint   ] Safepoint "G1CollectForAllocation", Time since last: 466595441 ns, Reaching safepoint: 303741 ns, At safepoint: 16814057 ns, Total: 17117798 ns
[2021-05-07T02:19:09.204+0000][7][gc,start    ] GC(11) Pause Young (Normal) (G1 Evacuation Pause)
[2021-05-07T02:19:09.204+0000][7][gc,task     ] GC(11) Using 6 workers of 8 for evacuation
[2021-05-07T02:19:09.204+0000][7][gc,age      ] GC(11) Desired survivor size 10485760 bytes, new threshold 8 (max threshold 15)
[2021-05-07T02:19:09.215+0000][7][gc,age      ] GC(11) Age table with threshold 8 (max threshold 15)
[2021-05-07T02:19:09.215+0000][7][gc,age      ] GC(11) - age   1:     988160 bytes,     988160 total
[2021-05-07T02:19:09.215+0000][7][gc,age      ] GC(11) - age   2:    1730176 bytes,    2718336 total
[2021-05-07T02:19:09.215+0000][7][gc,age      ] GC(11) - age   3:     411152 bytes,    3129488 total
[2021-05-07T02:19:09.215+0000][7][gc,age      ] GC(11) - age   4:     244400 bytes,    3373888 total
[2021-05-07T02:19:09.215+0000][7][gc,age      ] GC(11) - age   5:     303984 bytes,    3677872 total
[2021-05-07T02:19:09.215+0000][7][gc,age      ] GC(11) - age   6:    1208752 bytes,    4886624 total
[2021-05-07T02:19:09.215+0000][7][gc,age      ] GC(11) - age   7:    1508016 bytes,    6394640 total
[2021-05-07T02:19:09.215+0000][7][gc,age      ] GC(11) - age   8:    1817688 bytes,    8212328 total
[2021-05-07T02:19:09.216+0000][7][gc,phases   ] GC(11)   Pre Evacuate Collection Set: 0.1ms
[2021-05-07T02:19:09.216+0000][7][gc,phases   ] GC(11)   Merge Heap Roots: 0.0ms
[2021-05-07T02:19:09.216+0000][7][gc,phases   ] GC(11)   Evacuate Collection Set: 10.7ms
[2021-05-07T02:19:09.216+0000][7][gc,phases   ] GC(11)   Post Evacuate Collection Set: 0.7ms
[2021-05-07T02:19:09.216+0000][7][gc,phases   ] GC(11)   Other: 0.8ms
[2021-05-07T02:19:09.216+0000][7][gc,heap     ] GC(11) Eden regions: 34->0(35)
[2021-05-07T02:19:09.216+0000][7][gc,heap     ] GC(11) Survivor regions: 4->3(5)
[2021-05-07T02:19:09.216+0000][7][gc,heap     ] GC(11) Old regions: 2->3
[2021-05-07T02:19:09.216+0000][7][gc,heap     ] GC(11) Archive regions: 2->2
[2021-05-07T02:19:09.216+0000][7][gc,heap     ] GC(11) Humongous regions: 0->0
[2021-05-07T02:19:09.216+0000][7][gc,metaspace] GC(11) Metaspace: 20093K(21296K)->20093K(21296K) NonClass: 17641K(18608K)->17641K(18608K) Class: 2451K(2688K)->2451K(2688K)
[2021-05-07T02:19:09.216+0000][7][gc          ] GC(11) Pause Young (Normal) (G1 Evacuation Pause) 159M->22M(256M) 12.613ms
[2021-05-07T02:19:09.216+0000][7][gc,cpu      ] GC(11) User=0.03s Sys=0.00s Real=0.01s
[2021-05-07T02:19:09.216+0000][7][safepoint   ] Safepoint "G1CollectForAllocation", Time since last: 359912594 ns, Reaching safepoint: 131371 ns, At safepoint: 12726477 ns, Total: 12857848 ns
[2021-05-07T02:19:09.243+0000][7][gc,start    ] GC(12) Pause Young (Concurrent Start) (Metadata GC Threshold)
[2021-05-07T02:19:09.243+0000][7][gc,task     ] GC(12) Using 6 workers of 8 for evacuation
[2021-05-07T02:19:09.243+0000][7][gc,age      ] GC(12) Desired survivor size 10485760 bytes, new threshold 15 (max threshold 15)
[2021-05-07T02:19:09.251+0000][7][gc,age      ] GC(12) Age table with threshold 15 (max threshold 15)
[2021-05-07T02:19:09.251+0000][7][gc,age      ] GC(12) - age   1:      49776 bytes,      49776 total
[2021-05-07T02:19:09.251+0000][7][gc,age      ] GC(12) - age   2:     536352 bytes,     586128 total
[2021-05-07T02:19:09.251+0000][7][gc,age      ] GC(12) - age   3:    1730176 bytes,    2316304 total
[2021-05-07T02:19:09.251+0000][7][gc,age      ] GC(12) - age   4:     411152 bytes,    2727456 total
[2021-05-07T02:19:09.251+0000][7][gc,age      ] GC(12) - age   5:     244400 bytes,    2971856 total
[2021-05-07T02:19:09.251+0000][7][gc,age      ] GC(12) - age   6:     303984 bytes,    3275840 total
[2021-05-07T02:19:09.251+0000][7][gc,age      ] GC(12) - age   7:    1208752 bytes,    4484592 total
[2021-05-07T02:19:09.251+0000][7][gc,age      ] GC(12) - age   8:    1508016 bytes,    5992608 total
[2021-05-07T02:19:09.251+0000][7][gc,age      ] GC(12) - age   9:    1817688 bytes,    7810296 total
[2021-05-07T02:19:09.251+0000][7][gc,phases   ] GC(12)   Pre Evacuate Collection Set: 0.1ms
[2021-05-07T02:19:09.251+0000][7][gc,phases   ] GC(12)   Merge Heap Roots: 0.2ms
[2021-05-07T02:19:09.251+0000][7][gc,phases   ] GC(12)   Evacuate Collection Set: 6.2ms
[2021-05-07T02:19:09.251+0000][7][gc,phases   ] GC(12)   Post Evacuate Collection Set: 1.1ms
[2021-05-07T02:19:09.251+0000][7][gc,phases   ] GC(12)   Other: 0.5ms
[2021-05-07T02:19:09.251+0000][7][gc,heap     ] GC(12) Eden regions: 3->0(35)
[2021-05-07T02:19:09.251+0000][7][gc,heap     ] GC(12) Survivor regions: 3->3(5)
[2021-05-07T02:19:09.251+0000][7][gc,heap     ] GC(12) Old regions: 3->3
[2021-05-07T02:19:09.251+0000][7][gc,heap     ] GC(12) Archive regions: 2->2
[2021-05-07T02:19:09.251+0000][7][gc,heap     ] GC(12) Humongous regions: 0->0
[2021-05-07T02:19:09.251+0000][7][gc,metaspace] GC(12) Metaspace: 20094K(21296K)->20094K(21296K) NonClass: 17642K(18608K)->17642K(18608K) Class: 2451K(2688K)->2451K(2688K)
[2021-05-07T02:19:09.251+0000][7][gc          ] GC(12) Pause Young (Concurrent Start) (Metadata GC Threshold) 34M->22M(256M) 8.221ms
[2021-05-07T02:19:09.251+0000][7][gc,cpu      ] GC(12) User=0.02s Sys=0.01s Real=0.01s
[2021-05-07T02:19:09.252+0000][7][gc          ] GC(13) Concurrent Cycle
[2021-05-07T02:19:09.252+0000][7][gc,marking  ] GC(13) Concurrent Clear Claimed Marks
[2021-05-07T02:19:09.252+0000][7][gc,marking  ] GC(13) Concurrent Clear Claimed Marks 0.030ms
[2021-05-07T02:19:09.252+0000][7][gc,marking  ] GC(13) Concurrent Scan Root Regions
[2021-05-07T02:19:09.252+0000][7][safepoint   ] Safepoint "CollectForMetadataAllocation", Time since last: 26900401 ns, Reaching safepoint: 73500 ns, At safepoint: 8480089 ns, Total: 8553589 ns
[2021-05-07T02:19:09.258+0000][7][gc,marking  ] GC(13) Concurrent Scan Root Regions 6.162ms
[2021-05-07T02:19:09.258+0000][7][gc,marking  ] GC(13) Concurrent Mark (10.011s)
[2021-05-07T02:19:09.258+0000][7][gc,marking  ] GC(13) Concurrent Mark From Roots
[2021-05-07T02:19:09.258+0000][7][gc,task     ] GC(13) Using 2 workers of 2 for marking
[2021-05-07T02:19:09.275+0000][7][gc,marking  ] GC(13) Concurrent Mark From Roots 17.570ms
[2021-05-07T02:19:09.275+0000][7][gc,marking  ] GC(13) Concurrent Preclean
[2021-05-07T02:19:09.276+0000][7][gc,marking  ] GC(13) Concurrent Preclean 0.215ms
[2021-05-07T02:19:09.276+0000][7][gc,marking  ] GC(13) Concurrent Mark (10.011s, 10.029s) 17.855ms
[2021-05-07T02:19:09.277+0000][7][gc,start    ] GC(13) Pause Remark
[2021-05-07T02:19:09.291+0000][7][gc          ] GC(13) Pause Remark 36M->36M(256M) 14.490ms
[2021-05-07T02:19:09.291+0000][7][gc,cpu      ] GC(13) User=0.01s Sys=0.00s Real=0.02s
[2021-05-07T02:19:09.292+0000][7][safepoint   ] Safepoint "G1Concurrent", Time since last: 24048267 ns, Reaching safepoint: 1209065 ns, At safepoint: 14609347 ns, Total: 15818412 ns
[2021-05-07T02:19:09.295+0000][7][gc,marking  ] GC(13) Concurrent Rebuild Remembered Sets
[2021-05-07T02:19:09.313+0000][7][gc,marking  ] GC(13) Concurrent Rebuild Remembered Sets 17.919ms
[2021-05-07T02:19:09.314+0000][7][gc,start    ] GC(13) Pause Cleanup
[2021-05-07T02:19:09.314+0000][7][gc          ] GC(13) Pause Cleanup 46M->46M(256M) 0.130ms
[2021-05-07T02:19:09.314+0000][7][gc,cpu      ] GC(13) User=0.00s Sys=0.00s Real=0.00s
[2021-05-07T02:19:09.314+0000][7][safepoint   ] Safepoint "G1Concurrent", Time since last: 21948864 ns, Reaching safepoint: 741288 ns, At safepoint: 232367 ns, Total: 973655 ns
[2021-05-07T02:19:09.315+0000][7][gc,marking  ] GC(13) Concurrent Cleanup for Next Mark
[2021-05-07T02:19:09.315+0000][7][gc,marking  ] GC(13) Concurrent Cleanup for Next Mark 0.649ms
[2021-05-07T02:19:09.315+0000][7][gc          ] GC(13) Concurrent Cycle 63.748ms
[2021-05-07T02:19:09.664+0000][7][gc,start    ] GC(14) Pause Young (Normal) (G1 Evacuation Pause)
[2021-05-07T02:19:09.664+0000][7][gc,task     ] GC(14) Using 6 workers of 8 for evacuation
[2021-05-07T02:19:09.664+0000][7][gc,age      ] GC(14) Desired survivor size 10485760 bytes, new threshold 15 (max threshold 15)
[2021-05-07T02:19:09.673+0000][7][gc,age      ] GC(14) Age table with threshold 15 (max threshold 15)
[2021-05-07T02:19:09.673+0000][7][gc,age      ] GC(14) - age   1:     382496 bytes,     382496 total
[2021-05-07T02:19:09.673+0000][7][gc,age      ] GC(14) - age   2:      31912 bytes,     414408 total
[2021-05-07T02:19:09.673+0000][7][gc,age      ] GC(14) - age   3:     536352 bytes,     950760 total
[2021-05-07T02:19:09.673+0000][7][gc,age      ] GC(14) - age   4:    1730144 bytes,    2680904 total
[2021-05-07T02:19:09.673+0000][7][gc,age      ] GC(14) - age   5:     410936 bytes,    3091840 total
[2021-05-07T02:19:09.673+0000][7][gc,age      ] GC(14) - age   6:     244400 bytes,    3336240 total
[2021-05-07T02:19:09.673+0000][7][gc,age      ] GC(14) - age   7:     303712 bytes,    3639952 total
[2021-05-07T02:19:09.673+0000][7][gc,age      ] GC(14) - age   8:    1208752 bytes,    4848704 total
[2021-05-07T02:19:09.673+0000][7][gc,age      ] GC(14) - age   9:    1508016 bytes,    6356720 total
[2021-05-07T02:19:09.673+0000][7][gc,age      ] GC(14) - age  10:    1817688 bytes,    8174408 total
[2021-05-07T02:19:09.673+0000][7][gc,phases   ] GC(14)   Pre Evacuate Collection Set: 0.1ms
[2021-05-07T02:19:09.673+0000][7][gc,phases   ] GC(14)   Merge Heap Roots: 0.1ms
[2021-05-07T02:19:09.673+0000][7][gc,phases   ] GC(14)   Evacuate Collection Set: 7.7ms
[2021-05-07T02:19:09.673+0000][7][gc,phases   ] GC(14)   Post Evacuate Collection Set: 0.7ms
[2021-05-07T02:19:09.673+0000][7][gc,phases   ] GC(14)   Other: 0.4ms
[2021-05-07T02:19:09.673+0000][7][gc,heap     ] GC(14) Eden regions: 35->0(35)
[2021-05-07T02:19:09.673+0000][7][gc,heap     ] GC(14) Survivor regions: 3->3(5)
[2021-05-07T02:19:09.673+0000][7][gc,heap     ] GC(14) Old regions: 3->3
[2021-05-07T02:19:09.673+0000][7][gc,heap     ] GC(14) Archive regions: 2->2
[2021-05-07T02:19:09.673+0000][7][gc,heap     ] GC(14) Humongous regions: 0->0
[2021-05-07T02:19:09.673+0000][7][gc,metaspace] GC(14) Metaspace: 20128K(21680K)->20128K(21680K) NonClass: 17667K(18864K)->17667K(18864K) Class: 2461K(2816K)->2461K(2816K)
[2021-05-07T02:19:09.673+0000][7][gc          ] GC(14) Pause Young (Normal) (G1 Evacuation Pause) 162M->22M(256M) 9.118ms
[2021-05-07T02:19:09.673+0000][7][gc,cpu      ] GC(14) User=0.02s Sys=0.00s Real=0.01s
[2021-05-07T02:19:09.673+0000][7][safepoint   ] Safepoint "G1CollectForAllocation", Time since last: 349323768 ns, Reaching safepoint: 115143 ns, At safepoint: 9223873 ns, Total: 9339016 ns
[2021-05-07T02:19:10.674+0000][7][safepoint   ] Safepoint "Cleanup", Time since last: 1000413789 ns, Reaching safepoint: 267839 ns, At safepoint: 10328 ns, Total: 278167 ns
[2021-05-07T02:19:11.675+0000][7][safepoint   ] Safepoint "Cleanup", Time since last: 1000368071 ns, Reaching safepoint: 916697 ns, At safepoint: 11490 ns, Total: 928187 ns
[2021-05-07T02:19:12.241+0000][7][gc,start    ] GC(15) Pause Young (Normal) (G1 Evacuation Pause)
[2021-05-07T02:19:12.241+0000][7][gc,task     ] GC(15) Using 6 workers of 8 for evacuation
[2021-05-07T02:19:12.241+0000][7][gc,age      ] GC(15) Desired survivor size 10485760 bytes, new threshold 15 (max threshold 15)
[2021-05-07T02:19:12.279+0000][7][gc,age      ] GC(15) Age table with threshold 15 (max threshold 15)
[2021-05-07T02:19:12.279+0000][7][gc,age      ] GC(15) - age   1:   12612904 bytes,   12612904 total
[2021-05-07T02:19:12.279+0000][7][gc,age      ] GC(15) - age   2:     344888 bytes,   12957792 total
[2021-05-07T02:19:12.279+0000][7][gc,age      ] GC(15) - age   3:      31912 bytes,   12989704 total
[2021-05-07T02:19:12.279+0000][7][gc,age      ] GC(15) - age   4:     535848 bytes,   13525552 total
[2021-05-07T02:19:12.279+0000][7][gc,age      ] GC(15) - age   5:    1725688 bytes,   15251240 total
[2021-05-07T02:19:12.279+0000][7][gc,age      ] GC(15) - age   6:     410376 bytes,   15661616 total
[2021-05-07T02:19:12.279+0000][7][gc,age      ] GC(15) - age   7:     243968 bytes,   15905584 total
[2021-05-07T02:19:12.279+0000][7][gc,age      ] GC(15) - age   8:     296536 bytes,   16202120 total
[2021-05-07T02:19:12.279+0000][7][gc,age      ] GC(15) - age   9:    1205904 bytes,   17408024 total
[2021-05-07T02:19:12.279+0000][7][gc,age      ] GC(15) - age  10:    1504352 bytes,   18912376 total
[2021-05-07T02:19:12.279+0000][7][gc,age      ] GC(15) - age  11:    1812672 bytes,   20725048 total
[2021-05-07T02:19:12.279+0000][7][gc,phases   ] GC(15)   Pre Evacuate Collection Set: 0.1ms
[2021-05-07T02:19:12.279+0000][7][gc,phases   ] GC(15)   Merge Heap Roots: 0.1ms
[2021-05-07T02:19:12.279+0000][7][gc,phases   ] GC(15)   Evacuate Collection Set: 36.5ms
[2021-05-07T02:19:12.279+0000][7][gc,phases   ] GC(15)   Post Evacuate Collection Set: 1.4ms
[2021-05-07T02:19:12.279+0000][7][gc,phases   ] GC(15)   Other: 0.3ms
[2021-05-07T02:19:12.279+0000][7][gc,heap     ] GC(15) Eden regions: 35->0(33)
[2021-05-07T02:19:12.279+0000][7][gc,heap     ] GC(15) Survivor regions: 3->5(5)
[2021-05-07T02:19:12.279+0000][7][gc,heap     ] GC(15) Old regions: 3->3
[2021-05-07T02:19:12.279+0000][7][gc,heap     ] GC(15) Archive regions: 2->2
[2021-05-07T02:19:12.279+0000][7][gc,heap     ] GC(15) Humongous regions: 0->0
[2021-05-07T02:19:12.279+0000][7][gc,metaspace] GC(15) Metaspace: 29858K(31920K)->29858K(31920K) NonClass: 26131K(27568K)->26131K(27568K) Class: 3726K(4352K)->3726K(4352K)
[2021-05-07T02:19:12.279+0000][7][gc          ] GC(15) Pause Young (Normal) (G1 Evacuation Pause) 162M->34M(256M) 38.428ms
[2021-05-07T02:19:12.280+0000][7][gc,cpu      ] GC(15) User=0.11s Sys=0.00s Real=0.04s
[2021-05-07T02:19:12.280+0000][7][safepoint   ] Safepoint "G1CollectForAllocation", Time since last: 565721939 ns, Reaching safepoint: 198326 ns, At safepoint: 38516248 ns, Total: 38714574 ns
[2021-05-07T02:19:13.284+0000][7][safepoint   ] Safepoint "Cleanup", Time since last: 1004802616 ns, Reaching safepoint: 116905 ns, At safepoint: 7714 ns, Total: 124619 ns
[2021-05-07T02:19:13.634+0000][7][gc,start    ] GC(16) Pause Young (Normal) (G1 Evacuation Pause)
[2021-05-07T02:19:13.634+0000][7][gc,task     ] GC(16) Using 6 workers of 8 for evacuation
[2021-05-07T02:19:13.634+0000][7][gc,age      ] GC(16) Desired survivor size 10485760 bytes, new threshold 1 (max threshold 15)
[2021-05-07T02:19:13.687+0000][7][gc,age      ] GC(16) Age table with threshold 1 (max threshold 15)
[2021-05-07T02:19:13.687+0000][7][gc,age      ] GC(16) - age   1:   16937568 bytes,   16937568 total
[2021-05-07T02:19:13.687+0000][7][gc,phases   ] GC(16)   Pre Evacuate Collection Set: 0.1ms
[2021-05-07T02:19:13.687+0000][7][gc,phases   ] GC(16)   Merge Heap Roots: 0.1ms
[2021-05-07T02:19:13.687+0000][7][gc,phases   ] GC(16)   Evacuate Collection Set: 52.3ms
[2021-05-07T02:19:13.687+0000][7][gc,phases   ] GC(16)   Post Evacuate Collection Set: 0.6ms
[2021-05-07T02:19:13.687+0000][7][gc,phases   ] GC(16)   Other: 0.2ms
[2021-05-07T02:19:13.687+0000][7][gc,heap     ] GC(16) Eden regions: 33->0(32)
[2021-05-07T02:19:13.687+0000][7][gc,heap     ] GC(16) Survivor regions: 5->5(5)
[2021-05-07T02:19:13.687+0000][7][gc,heap     ] GC(16) Old regions: 3->8
[2021-05-07T02:19:13.687+0000][7][gc,heap     ] GC(16) Archive regions: 2->2
[2021-05-07T02:19:13.687+0000][7][gc,heap     ] GC(16) Humongous regions: 0->0
[2021-05-07T02:19:13.687+0000][7][gc,metaspace] GC(16) Metaspace: 29914K(31920K)->29914K(31920K) NonClass: 26182K(27568K)->26182K(27568K) Class: 3732K(4352K)->3732K(4352K)
[2021-05-07T02:19:13.687+0000][7][gc          ] GC(16) Pause Young (Normal) (G1 Evacuation Pause) 166M->52M(256M) 53.480ms
[2021-05-07T02:19:13.687+0000][7][gc,cpu      ] GC(16) User=0.26s Sys=0.00s Real=0.05s
[2021-05-07T02:19:13.687+0000][7][safepoint   ] Safepoint "G1CollectForAllocation", Time since last: 349062013 ns, Reaching safepoint: 93016 ns, At safepoint: 53570410 ns, Total: 53663426 ns
[2021-05-07T02:19:14.643+0000][7][safepoint   ] Safepoint "ICBufferFull", Time since last: 955176646 ns, Reaching safepoint: 329357 ns, At safepoint: 9699 ns, Total: 339056 ns
[2021-05-07T02:19:14.675+0000][7][gc,start    ] GC(17) Pause Young (Concurrent Start) (Metadata GC Threshold)
[2021-05-07T02:19:14.675+0000][7][gc,task     ] GC(17) Using 6 workers of 8 for evacuation
[2021-05-07T02:19:14.675+0000][7][gc,age      ] GC(17) Desired survivor size 10485760 bytes, new threshold 1 (max threshold 15)
[2021-05-07T02:19:14.711+0000][7][gc,age      ] GC(17) Age table with threshold 1 (max threshold 15)
[2021-05-07T02:19:14.711+0000][7][gc,age      ] GC(17) - age   1:    8462960 bytes,    8462960 total
[2021-05-07T02:19:14.711+0000][7][gc,phases   ] GC(17)   Pre Evacuate Collection Set: 0.1ms
[2021-05-07T02:19:14.711+0000][7][gc,phases   ] GC(17)   Merge Heap Roots: 0.1ms
[2021-05-07T02:19:14.711+0000][7][gc,phases   ] GC(17)   Evacuate Collection Set: 35.2ms
[2021-05-07T02:19:14.711+0000][7][gc,phases   ] GC(17)   Post Evacuate Collection Set: 0.6ms
[2021-05-07T02:19:14.711+0000][7][gc,phases   ] GC(17)   Other: 0.3ms
[2021-05-07T02:19:14.712+0000][7][gc,heap     ] GC(17) Eden regions: 14->0(28)
[2021-05-07T02:19:14.712+0000][7][gc,heap     ] GC(17) Survivor regions: 5->3(5)
[2021-05-07T02:19:14.712+0000][7][gc,heap     ] GC(17) Old regions: 8->12
[2021-05-07T02:19:14.712+0000][7][gc,heap     ] GC(17) Archive regions: 2->2
[2021-05-07T02:19:14.712+0000][7][gc,heap     ] GC(17) Humongous regions: 0->0
[2021-05-07T02:19:14.712+0000][7][gc,metaspace] GC(17) Metaspace: 33477K(35632K)->33477K(35632K) NonClass: 29149K(30640K)->29149K(30640K) Class: 4328K(4992K)->4328K(4992K)
[2021-05-07T02:19:14.712+0000][7][gc          ] GC(17) Pause Young (Concurrent Start) (Metadata GC Threshold) 106M->61M(256M) 36.406ms
[2021-05-07T02:19:14.712+0000][7][gc,cpu      ] GC(17) User=0.15s Sys=0.01s Real=0.04s
[2021-05-07T02:19:14.712+0000][7][gc          ] GC(18) Concurrent Cycle
[2021-05-07T02:19:14.712+0000][7][gc,marking  ] GC(18) Concurrent Clear Claimed Marks
[2021-05-07T02:19:14.712+0000][7][gc,marking  ] GC(18) Concurrent Clear Claimed Marks 0.053ms
[2021-05-07T02:19:14.712+0000][7][gc,marking  ] GC(18) Concurrent Scan Root Regions
[2021-05-07T02:19:14.715+0000][7][safepoint   ] Safepoint "CollectForMetadataAllocation", Time since last: 32334546 ns, Reaching safepoint: 98019 ns, At safepoint: 40252073 ns, Total: 40350092 ns
[2021-05-07T02:19:14.743+0000][7][gc,marking  ] GC(18) Concurrent Scan Root Regions 31.449ms
[2021-05-07T02:19:14.743+0000][7][gc,marking  ] GC(18) Concurrent Mark (15.496s)
[2021-05-07T02:19:14.743+0000][7][gc,marking  ] GC(18) Concurrent Mark From Roots
[2021-05-07T02:19:14.743+0000][7][gc,task     ] GC(18) Using 2 workers of 2 for marking
[2021-05-07T02:19:14.789+0000][7][safepoint   ] Safepoint "CollectForMetadataAllocation", Time since last: 73347182 ns, Reaching safepoint: 204521 ns, At safepoint: 212783 ns, Total: 417304 ns
[2021-05-07T02:19:14.817+0000][7][gc,marking  ] GC(18) Concurrent Mark From Roots 73.294ms
[2021-05-07T02:19:14.817+0000][7][gc,marking  ] GC(18) Concurrent Preclean
[2021-05-07T02:19:14.817+0000][7][gc,marking  ] GC(18) Concurrent Preclean 0.283ms
[2021-05-07T02:19:14.817+0000][7][gc,marking  ] GC(18) Concurrent Mark (15.496s, 15.570s) 73.664ms
[2021-05-07T02:19:14.817+0000][7][gc,start    ] GC(18) Pause Remark
[2021-05-07T02:19:14.823+0000][7][gc          ] GC(18) Pause Remark 65M->65M(256M) 5.703ms
[2021-05-07T02:19:14.823+0000][7][gc,cpu      ] GC(18) User=0.02s Sys=0.00s Real=0.01s
[2021-05-07T02:19:14.823+0000][7][safepoint   ] Safepoint "G1Concurrent", Time since last: 27785758 ns, Reaching safepoint: 192326 ns, At safepoint: 5795992 ns, Total: 5988318 ns
[2021-05-07T02:19:14.823+0000][7][gc,marking  ] GC(18) Concurrent Rebuild Remembered Sets
[2021-05-07T02:19:14.901+0000][7][gc,marking  ] GC(18) Concurrent Rebuild Remembered Sets 78.279ms
[2021-05-07T02:19:14.902+0000][7][gc,start    ] GC(18) Pause Cleanup
[2021-05-07T02:19:14.902+0000][7][gc          ] GC(18) Pause Cleanup 67M->67M(256M) 0.495ms
[2021-05-07T02:19:14.902+0000][7][gc,cpu      ] GC(18) User=0.00s Sys=0.00s Real=0.00s
[2021-05-07T02:19:14.902+0000][7][safepoint   ] Safepoint "G1Concurrent", Time since last: 78387366 ns, Reaching safepoint: 424391 ns, At safepoint: 580998 ns, Total: 1005389 ns
[2021-05-07T02:19:14.904+0000][7][gc,marking  ] GC(18) Concurrent Cleanup for Next Mark
[2021-05-07T02:19:14.904+0000][7][gc,marking  ] GC(18) Concurrent Cleanup for Next Mark 0.349ms
[2021-05-07T02:19:14.904+0000][7][gc          ] GC(18) Concurrent Cycle 192.363ms
[2021-05-07T02:19:15.222+0000][7][gc,start    ] GC(19) Pause Young (Concurrent Start) (G1 Evacuation Pause)
[2021-05-07T02:19:15.222+0000][7][gc,task     ] GC(19) Using 6 workers of 8 for evacuation
[2021-05-07T02:19:15.222+0000][7][gc,age      ] GC(19) Desired survivor size 8388608 bytes, new threshold 1 (max threshold 15)
[2021-05-07T02:19:15.235+0000][7][gc,age      ] GC(19) Age table with threshold 1 (max threshold 15)
[2021-05-07T02:19:15.235+0000][7][gc,age      ] GC(19) - age   1:     572896 bytes,     572896 total
[2021-05-07T02:19:15.236+0000][7][gc,phases   ] GC(19)   Pre Evacuate Collection Set: 0.1ms
[2021-05-07T02:19:15.236+0000][7][gc,phases   ] GC(19)   Merge Heap Roots: 0.1ms
[2021-05-07T02:19:15.236+0000][7][gc,phases   ] GC(19)   Evacuate Collection Set: 12.2ms
[2021-05-07T02:19:15.236+0000][7][gc,phases   ] GC(19)   Post Evacuate Collection Set: 1.0ms
[2021-05-07T02:19:15.236+0000][7][gc,phases   ] GC(19)   Other: 0.2ms
[2021-05-07T02:19:15.236+0000][7][gc,heap     ] GC(19) Eden regions: 28->0(29)
[2021-05-07T02:19:15.236+0000][7][gc,heap     ] GC(19) Survivor regions: 3->1(4)
[2021-05-07T02:19:15.236+0000][7][gc,heap     ] GC(19) Old regions: 12->15
[2021-05-07T02:19:15.236+0000][7][gc,heap     ] GC(19) Archive regions: 2->2
[2021-05-07T02:19:15.236+0000][7][gc,heap     ] GC(19) Humongous regions: 0->0
[2021-05-07T02:19:15.236+0000][7][gc,metaspace] GC(19) Metaspace: 35715K(38088K)->35715K(38088K) NonClass: 31161K(32840K)->31161K(32840K) Class: 4553K(5248K)->4553K(5248K)
[2021-05-07T02:19:15.236+0000][7][gc          ] GC(19) Pause Young (Concurrent Start) (G1 Evacuation Pause) 173M->63M(256M) 13.805ms
[2021-05-07T02:19:15.236+0000][7][gc,cpu      ] GC(19) User=0.05s Sys=0.00s Real=0.01s
[2021-05-07T02:19:15.236+0000][7][gc          ] GC(20) Concurrent Cycle
[2021-05-07T02:19:15.236+0000][7][gc,marking  ] GC(20) Concurrent Clear Claimed Marks
[2021-05-07T02:19:15.236+0000][7][gc,marking  ] GC(20) Concurrent Clear Claimed Marks 0.063ms
[2021-05-07T02:19:15.236+0000][7][gc,marking  ] GC(20) Concurrent Scan Root Regions
[2021-05-07T02:19:15.237+0000][7][safepoint   ] Safepoint "G1CollectForAllocation", Time since last: 319295292 ns, Reaching safepoint: 225533 ns, At safepoint: 14674752 ns, Total: 14900285 ns
[2021-05-07T02:19:15.246+0000][7][gc,marking  ] GC(20) Concurrent Scan Root Regions 10.173ms
[2021-05-07T02:19:15.246+0000][7][gc,marking  ] GC(20) Concurrent Mark (15.999s)
[2021-05-07T02:19:15.246+0000][7][gc,marking  ] GC(20) Concurrent Mark From Roots
[2021-05-07T02:19:15.246+0000][7][gc,task     ] GC(20) Using 2 workers of 2 for marking
[2021-05-07T02:19:15.383+0000][7][gc,marking  ] GC(20) Concurrent Mark From Roots 136.880ms
[2021-05-07T02:19:15.383+0000][7][gc,marking  ] GC(20) Concurrent Preclean
[2021-05-07T02:19:15.383+0000][7][gc,marking  ] GC(20) Concurrent Preclean 0.285ms
[2021-05-07T02:19:15.383+0000][7][gc,marking  ] GC(20) Concurrent Mark (15.999s, 16.136s) 137.243ms
[2021-05-07T02:19:15.384+0000][7][gc,start    ] GC(20) Pause Remark
[2021-05-07T02:19:15.387+0000][7][gc          ] GC(20) Pause Remark 67M->67M(256M) 3.023ms
[2021-05-07T02:19:15.387+0000][7][gc,cpu      ] GC(20) User=0.01s Sys=0.00s Real=0.00s
[2021-05-07T02:19:15.387+0000][7][safepoint   ] Safepoint "G1Concurrent", Time since last: 146836878 ns, Reaching safepoint: 154809 ns, At safepoint: 3117631 ns, Total: 3272440 ns
[2021-05-07T02:19:15.387+0000][7][gc,marking  ] GC(20) Concurrent Rebuild Remembered Sets
[2021-05-07T02:19:15.463+0000][7][gc,marking  ] GC(20) Concurrent Rebuild Remembered Sets 76.367ms
[2021-05-07T02:19:15.463+0000][7][gc,start    ] GC(20) Pause Cleanup
[2021-05-07T02:19:15.463+0000][7][gc          ] GC(20) Pause Cleanup 73M->73M(256M) 0.095ms
[2021-05-07T02:19:15.463+0000][7][gc,cpu      ] GC(20) User=0.01s Sys=0.00s Real=0.00s
[2021-05-07T02:19:15.463+0000][7][safepoint   ] Safepoint "G1Concurrent", Time since last: 76474843 ns, Reaching safepoint: 142516 ns, At safepoint: 180390 ns, Total: 322906 ns
[2021-05-07T02:19:15.463+0000][7][gc,marking  ] GC(20) Concurrent Cleanup for Next Mark
[2021-05-07T02:19:15.464+0000][7][gc,marking  ] GC(20) Concurrent Cleanup for Next Mark 0.615ms
[2021-05-07T02:19:15.464+0000][7][gc          ] GC(20) Concurrent Cycle 228.417ms
[2021-05-07T02:19:17.148+0000][7][safepoint   ] Safepoint "Cleanup", Time since last: 1684766765 ns, Reaching safepoint: 246997 ns, At safepoint: 13765 ns, Total: 260762 ns
[2021-05-07T02:19:17.283+0000][7][gc,start    ] GC(21) Pause Young (Normal) (G1 Evacuation Pause)
[2021-05-07T02:19:17.283+0000][7][gc,task     ] GC(21) Using 6 workers of 8 for evacuation
[2021-05-07T02:19:17.283+0000][7][gc,age      ] GC(21) Desired survivor size 8388608 bytes, new threshold 15 (max threshold 15)
[2021-05-07T02:19:17.293+0000][7][gc,age      ] GC(21) Age table with threshold 15 (max threshold 15)
[2021-05-07T02:19:17.293+0000][7][gc,age      ] GC(21) - age   1:    5978096 bytes,    5978096 total
[2021-05-07T02:19:17.293+0000][7][gc,age      ] GC(21) - age   2:     561552 bytes,    6539648 total
[2021-05-07T02:19:17.293+0000][7][gc,phases   ] GC(21)   Pre Evacuate Collection Set: 0.1ms
[2021-05-07T02:19:17.293+0000][7][gc,phases   ] GC(21)   Merge Heap Roots: 0.2ms
[2021-05-07T02:19:17.293+0000][7][gc,phases   ] GC(21)   Evacuate Collection Set: 8.8ms
[2021-05-07T02:19:17.293+0000][7][gc,phases   ] GC(21)   Post Evacuate Collection Set: 0.9ms
[2021-05-07T02:19:17.293+0000][7][gc,phases   ] GC(21)   Other: 0.2ms
[2021-05-07T02:19:17.293+0000][7][gc,heap     ] GC(21) Eden regions: 29->0(28)
[2021-05-07T02:19:17.293+0000][7][gc,heap     ] GC(21) Survivor regions: 1->2(4)
[2021-05-07T02:19:17.293+0000][7][gc,heap     ] GC(21) Old regions: 15->15
[2021-05-07T02:19:17.293+0000][7][gc,heap     ] GC(21) Archive regions: 2->2
[2021-05-07T02:19:17.293+0000][7][gc,heap     ] GC(21) Humongous regions: 0->0
[2021-05-07T02:19:17.293+0000][7][gc,metaspace] GC(21) Metaspace: 51736K(54728K)->51736K(54728K) NonClass: 44819K(46920K)->44819K(46920K) Class: 6916K(7808K)->6916K(7808K)
[2021-05-07T02:19:17.294+0000][7][gc          ] GC(21) Pause Young (Normal) (G1 Evacuation Pause) 179M->67M(256M) 10.350ms
[2021-05-07T02:19:17.294+0000][7][gc,cpu      ] GC(21) User=0.06s Sys=0.00s Real=0.01s
[2021-05-07T02:19:17.294+0000][7][safepoint   ] Safepoint "G1CollectForAllocation", Time since last: 134568436 ns, Reaching safepoint: 86680 ns, At safepoint: 10433716 ns, Total: 10520396 ns
[2021-05-07T02:19:17.320+0000][7][safepoint   ] Safepoint "ICBufferFull", Time since last: 25869637 ns, Reaching safepoint: 260686 ns, At safepoint: 8917 ns, Total: 269603 ns
[2021-05-07T02:19:18.103+0000][7][safepoint   ] Safepoint "ICBufferFull", Time since last: 782596618 ns, Reaching safepoint: 217795 ns, At safepoint: 10271 ns, Total: 228066 ns
[2021-05-07T02:19:18.555+0000][7][gc,start    ] GC(22) Pause Young (Normal) (G1 Evacuation Pause)
[2021-05-07T02:19:18.555+0000][7][gc,task     ] GC(22) Using 6 workers of 8 for evacuation
[2021-05-07T02:19:18.555+0000][7][gc,age      ] GC(22) Desired survivor size 8388608 bytes, new threshold 15 (max threshold 15)
[2021-05-07T02:19:18.565+0000][7][gc,age      ] GC(22) Age table with threshold 15 (max threshold 15)
[2021-05-07T02:19:18.565+0000][7][gc,age      ] GC(22) - age   1:    3930704 bytes,    3930704 total
[2021-05-07T02:19:18.565+0000][7][gc,age      ] GC(22) - age   2:    5815656 bytes,    9746360 total
[2021-05-07T02:19:18.565+0000][7][gc,age      ] GC(22) - age   3:     560080 bytes,   10306440 total
[2021-05-07T02:19:18.565+0000][7][gc,phases   ] GC(22)   Pre Evacuate Collection Set: 0.0ms
[2021-05-07T02:19:18.565+0000][7][gc,phases   ] GC(22)   Merge Heap Roots: 0.0ms
[2021-05-07T02:19:18.565+0000][7][gc,phases   ] GC(22)   Evacuate Collection Set: 8.4ms
[2021-05-07T02:19:18.565+0000][7][gc,phases   ] GC(22)   Post Evacuate Collection Set: 0.7ms
[2021-05-07T02:19:18.565+0000][7][gc,phases   ] GC(22)   Other: 0.2ms
[2021-05-07T02:19:18.565+0000][7][gc,heap     ] GC(22) Eden regions: 28->0(28)
[2021-05-07T02:19:18.565+0000][7][gc,heap     ] GC(22) Survivor regions: 2->3(4)
[2021-05-07T02:19:18.565+0000][7][gc,heap     ] GC(22) Old regions: 15->15
[2021-05-07T02:19:18.565+0000][7][gc,heap     ] GC(22) Archive regions: 2->2
[2021-05-07T02:19:18.565+0000][7][gc,heap     ] GC(22) Humongous regions: 0->0
[2021-05-07T02:19:18.565+0000][7][gc,metaspace] GC(22) Metaspace: 57209K(60488K)->57209K(60488K) NonClass: 49694K(52040K)->49694K(52040K) Class: 7515K(8448K)->7515K(8448K)
[2021-05-07T02:19:18.565+0000][7][gc          ] GC(22) Pause Young (Normal) (G1 Evacuation Pause) 179M->71M(256M) 9.416ms
[2021-05-07T02:19:18.565+0000][7][gc,cpu      ] GC(22) User=0.07s Sys=0.00s Real=0.01s
[2021-05-07T02:19:18.565+0000][7][safepoint   ] Safepoint "G1CollectForAllocation", Time since last: 452708092 ns, Reaching safepoint: 162736 ns, At safepoint: 9486447 ns, Total: 9649183 ns
[2021-05-07T02:19:18.917+0000][7][gc,start    ] GC(23) Pause Young (Concurrent Start) (Metadata GC Threshold)
[2021-05-07T02:19:18.917+0000][7][gc,task     ] GC(23) Using 6 workers of 8 for evacuation
[2021-05-07T02:19:18.917+0000][7][gc,age      ] GC(23) Desired survivor size 8388608 bytes, new threshold 2 (max threshold 15)
[2021-05-07T02:19:18.928+0000][7][gc,age      ] GC(23) Age table with threshold 2 (max threshold 15)
[2021-05-07T02:19:18.928+0000][7][gc,age      ] GC(23) - age   1:    1978936 bytes,    1978936 total
[2021-05-07T02:19:18.928+0000][7][gc,age      ] GC(23) - age   2:    3891720 bytes,    5870656 total
[2021-05-07T02:19:18.928+0000][7][gc,phases   ] GC(23)   Pre Evacuate Collection Set: 0.1ms
[2021-05-07T02:19:18.928+0000][7][gc,phases   ] GC(23)   Merge Heap Roots: 0.0ms
[2021-05-07T02:19:18.928+0000][7][gc,phases   ] GC(23)   Evacuate Collection Set: 10.4ms
[2021-05-07T02:19:18.928+0000][7][gc,phases   ] GC(23)   Post Evacuate Collection Set: 0.6ms
[2021-05-07T02:19:18.928+0000][7][gc,phases   ] GC(23)   Other: 0.2ms
[2021-05-07T02:19:18.928+0000][7][gc,heap     ] GC(23) Eden regions: 6->0(28)
[2021-05-07T02:19:18.928+0000][7][gc,heap     ] GC(23) Survivor regions: 3->2(4)
[2021-05-07T02:19:18.928+0000][7][gc,heap     ] GC(23) Old regions: 15->16
[2021-05-07T02:19:18.928+0000][7][gc,heap     ] GC(23) Archive regions: 2->2
[2021-05-07T02:19:18.928+0000][7][gc,heap     ] GC(23) Humongous regions: 0->0
[2021-05-07T02:19:18.928+0000][7][gc,metaspace] GC(23) Metaspace: 60450K(63816K)->60450K(63816K) NonClass: 52490K(54856K)->52490K(54856K) Class: 7959K(8960K)->7959K(8960K)
[2021-05-07T02:19:18.928+0000][7][gc          ] GC(23) Pause Young (Concurrent Start) (Metadata GC Threshold) 95M->73M(256M) 11.380ms
[2021-05-07T02:19:18.928+0000][7][gc,cpu      ] GC(23) User=0.09s Sys=0.00s Real=0.02s
[2021-05-07T02:19:18.928+0000][7][gc          ] GC(24) Concurrent Cycle
[2021-05-07T02:19:18.928+0000][7][gc,marking  ] GC(24) Concurrent Clear Claimed Marks
[2021-05-07T02:19:18.928+0000][7][gc,marking  ] GC(24) Concurrent Clear Claimed Marks 0.061ms
[2021-05-07T02:19:18.928+0000][7][gc,marking  ] GC(24) Concurrent Scan Root Regions
[2021-05-07T02:19:18.929+0000][7][safepoint   ] Safepoint "CollectForMetadataAllocation", Time since last: 351883511 ns, Reaching safepoint: 181728 ns, At safepoint: 11587062 ns, Total: 11768790 ns
[2021-05-07T02:19:18.938+0000][7][gc,marking  ] GC(24) Concurrent Scan Root Regions 9.937ms
[2021-05-07T02:19:18.938+0000][7][gc,marking  ] GC(24) Concurrent Mark (19.691s)
[2021-05-07T02:19:18.938+0000][7][gc,marking  ] GC(24) Concurrent Mark From Roots
[2021-05-07T02:19:18.938+0000][7][gc,task     ] GC(24) Using 2 workers of 2 for marking
[2021-05-07T02:19:18.963+0000][7][safepoint   ] Safepoint "CollectForMetadataAllocation", Time since last: 34559934 ns, Reaching safepoint: 85479 ns, At safepoint: 142541 ns, Total: 228020 ns
[2021-05-07T02:19:19.009+0000][7][gc,marking  ] GC(24) Concurrent Mark From Roots 70.486ms
[2021-05-07T02:19:19.009+0000][7][gc,marking  ] GC(24) Concurrent Preclean
[2021-05-07T02:19:19.009+0000][7][gc,marking  ] GC(24) Concurrent Preclean 0.332ms
[2021-05-07T02:19:19.009+0000][7][gc,marking  ] GC(24) Concurrent Mark (19.691s, 19.762s) 70.877ms
[2021-05-07T02:19:19.009+0000][7][gc,start    ] GC(24) Pause Remark
[2021-05-07T02:19:19.013+0000][7][gc          ] GC(24) Pause Remark 81M->81M(256M) 3.209ms
[2021-05-07T02:19:19.013+0000][7][gc,cpu      ] GC(24) User=0.03s Sys=0.00s Real=0.00s
[2021-05-07T02:19:19.013+0000][7][safepoint   ] Safepoint "G1Concurrent", Time since last: 46088765 ns, Reaching safepoint: 70869 ns, At safepoint: 3281720 ns, Total: 3352589 ns
[2021-05-07T02:19:19.013+0000][7][gc,marking  ] GC(24) Concurrent Rebuild Remembered Sets
[2021-05-07T02:19:19.068+0000][7][gc,marking  ] GC(24) Concurrent Rebuild Remembered Sets 55.587ms
[2021-05-07T02:19:19.069+0000][7][gc,start    ] GC(24) Pause Cleanup
[2021-05-07T02:19:19.069+0000][7][gc          ] GC(24) Pause Cleanup 85M->85M(256M) 0.069ms
[2021-05-07T02:19:19.069+0000][7][gc,cpu      ] GC(24) User=0.00s Sys=0.00s Real=0.00s
[2021-05-07T02:19:19.069+0000][7][safepoint   ] Safepoint "G1Concurrent", Time since last: 55662591 ns, Reaching safepoint: 581917 ns, At safepoint: 114141 ns, Total: 696058 ns
[2021-05-07T02:19:19.069+0000][7][gc,marking  ] GC(24) Concurrent Cleanup for Next Mark
[2021-05-07T02:19:19.069+0000][7][gc,marking  ] GC(24) Concurrent Cleanup for Next Mark 0.158ms
[2021-05-07T02:19:19.069+0000][7][gc          ] GC(24) Concurrent Cycle 140.931ms
[2021-05-07T02:19:20.070+0000][7][safepoint   ] Safepoint "Cleanup", Time since last: 1000135568 ns, Reaching safepoint: 1021878 ns, At safepoint: 7580 ns, Total: 1029458 ns
[2021-05-07T02:19:20.593+0000][7][gc,start    ] GC(25) Pause Young (Concurrent Start) (G1 Evacuation Pause)
[2021-05-07T02:19:20.593+0000][7][gc,task     ] GC(25) Using 6 workers of 8 for evacuation
[2021-05-07T02:19:20.593+0000][7][gc,age      ] GC(25) Desired survivor size 8388608 bytes, new threshold 15 (max threshold 15)
[2021-05-07T02:19:20.602+0000][7][gc,age      ] GC(25) Age table with threshold 15 (max threshold 15)
[2021-05-07T02:19:20.602+0000][7][gc,age      ] GC(25) - age   1:    5824848 bytes,    5824848 total
[2021-05-07T02:19:20.602+0000][7][gc,age      ] GC(25) - age   2:    1891032 bytes,    7715880 total
[2021-05-07T02:19:20.602+0000][7][gc,age      ] GC(25) - age   3:    3865240 bytes,   11581120 total
[2021-05-07T02:19:20.602+0000][7][gc,phases   ] GC(25)   Pre Evacuate Collection Set: 0.1ms
[2021-05-07T02:19:20.602+0000][7][gc,phases   ] GC(25)   Merge Heap Roots: 0.1ms
[2021-05-07T02:19:20.602+0000][7][gc,phases   ] GC(25)   Evacuate Collection Set: 8.5ms
[2021-05-07T02:19:20.602+0000][7][gc,phases   ] GC(25)   Post Evacuate Collection Set: 0.9ms
[2021-05-07T02:19:20.602+0000][7][gc,phases   ] GC(25)   Other: 0.2ms
[2021-05-07T02:19:20.602+0000][7][gc,heap     ] GC(25) Eden regions: 28->0(28)
[2021-05-07T02:19:20.602+0000][7][gc,heap     ] GC(25) Survivor regions: 2->3(4)
[2021-05-07T02:19:20.602+0000][7][gc,heap     ] GC(25) Old regions: 16->16
[2021-05-07T02:19:20.602+0000][7][gc,heap     ] GC(25) Archive regions: 2->2
[2021-05-07T02:19:20.602+0000][7][gc,heap     ] GC(25) Humongous regions: 0->0
[2021-05-07T02:19:20.602+0000][7][gc,metaspace] GC(25) Metaspace: 76849K(80496K)->76849K(80496K) NonClass: 66525K(69104K)->66525K(69104K) Class: 10323K(11392K)->10323K(11392K)
[2021-05-07T02:19:20.602+0000][7][gc          ] GC(25) Pause Young (Concurrent Start) (G1 Evacuation Pause) 185M->79M(256M) 9.790ms
[2021-05-07T02:19:20.602+0000][7][gc,cpu      ] GC(25) User=0.06s Sys=0.00s Real=0.01s
[2021-05-07T02:19:20.602+0000][7][safepoint   ] Safepoint "G1CollectForAllocation", Time since last: 522020600 ns, Reaching safepoint: 176227 ns, At safepoint: 9863879 ns, Total: 10040106 ns
[2021-05-07T02:19:20.602+0000][7][gc          ] GC(26) Concurrent Cycle
[2021-05-07T02:19:20.602+0000][7][gc,marking  ] GC(26) Concurrent Clear Claimed Marks
[2021-05-07T02:19:20.602+0000][7][gc,marking  ] GC(26) Concurrent Clear Claimed Marks 0.066ms
[2021-05-07T02:19:20.602+0000][7][gc,marking  ] GC(26) Concurrent Scan Root Regions
[2021-05-07T02:19:20.613+0000][7][gc,marking  ] GC(26) Concurrent Scan Root Regions 10.139ms
[2021-05-07T02:19:20.613+0000][7][gc,marking  ] GC(26) Concurrent Mark (21.366s)
[2021-05-07T02:19:20.613+0000][7][gc,marking  ] GC(26) Concurrent Mark From Roots
[2021-05-07T02:19:20.613+0000][7][gc,task     ] GC(26) Using 2 workers of 2 for marking
[2021-05-07T02:19:20.710+0000][7][gc,marking  ] GC(26) Concurrent Mark From Roots 97.442ms
[2021-05-07T02:19:20.710+0000][7][gc,marking  ] GC(26) Concurrent Preclean
[2021-05-07T02:19:20.710+0000][7][gc,marking  ] GC(26) Concurrent Preclean 0.198ms
[2021-05-07T02:19:20.710+0000][7][gc,marking  ] GC(26) Concurrent Mark (21.366s, 21.463s) 97.691ms
[2021-05-07T02:19:20.711+0000][7][gc,start    ] GC(26) Pause Remark
[2021-05-07T02:19:20.714+0000][7][gc          ] GC(26) Pause Remark 89M->89M(256M) 3.321ms
[2021-05-07T02:19:20.714+0000][7][gc,cpu      ] GC(26) User=0.01s Sys=0.00s Real=0.00s
[2021-05-07T02:19:20.714+0000][7][safepoint   ] Safepoint "G1Concurrent", Time since last: 108032396 ns, Reaching safepoint: 141284 ns, At safepoint: 3390695 ns, Total: 3531979 ns
[2021-05-07T02:19:20.714+0000][7][gc,marking  ] GC(26) Concurrent Rebuild Remembered Sets
[2021-05-07T02:19:20.784+0000][7][gc,marking  ] GC(26) Concurrent Rebuild Remembered Sets 69.970ms
[2021-05-07T02:19:20.784+0000][7][gc,start    ] GC(26) Pause Cleanup
[2021-05-07T02:19:20.784+0000][7][gc          ] GC(26) Pause Cleanup 93M->93M(256M) 0.076ms
[2021-05-07T02:19:20.784+0000][7][gc,cpu      ] GC(26) User=0.00s Sys=0.00s Real=0.00s
[2021-05-07T02:19:20.784+0000][7][safepoint   ] Safepoint "G1Concurrent", Time since last: 70099072 ns, Reaching safepoint: 290310 ns, At safepoint: 118065 ns, Total: 408375 ns
[2021-05-07T02:19:20.784+0000][7][gc,marking  ] GC(26) Concurrent Cleanup for Next Mark
[2021-05-07T02:19:20.785+0000][7][gc,marking  ] GC(26) Concurrent Cleanup for Next Mark 0.184ms
[2021-05-07T02:19:20.785+0000][7][gc          ] GC(26) Concurrent Cycle 182.283ms
[2021-05-07T02:19:21.324+0000][7][safepoint   ] Safepoint "ICBufferFull", Time since last: 539158037 ns, Reaching safepoint: 157697 ns, At safepoint: 8347 ns, Total: 166044 ns
[2021-05-07T02:19:21.709+0000][7][safepoint   ] Safepoint "ICBufferFull", Time since last: 384685496 ns, Reaching safepoint: 220568 ns, At safepoint: 8287 ns, Total: 228855 ns
[2021-05-07T02:19:21.821+0000][7][safepoint   ] Safepoint "ICBufferFull", Time since last: 111602578 ns, Reaching safepoint: 274861 ns, At safepoint: 9449 ns, Total: 284310 ns
[2021-05-07T02:19:22.089+0000][7][gc,start    ] GC(27) Pause Young (Normal) (G1 Evacuation Pause)
[2021-05-07T02:19:22.089+0000][7][gc,task     ] GC(27) Using 6 workers of 8 for evacuation
[2021-05-07T02:19:22.089+0000][7][gc,age      ] GC(27) Desired survivor size 8388608 bytes, new threshold 3 (max threshold 15)
[2021-05-07T02:19:22.104+0000][7][gc,age      ] GC(27) Age table with threshold 3 (max threshold 15)
[2021-05-07T02:19:22.104+0000][7][gc,age      ] GC(27) - age   1:    5401600 bytes,    5401600 total
[2021-05-07T02:19:22.104+0000][7][gc,age      ] GC(27) - age   2:    5257976 bytes,   10659576 total
[2021-05-07T02:19:22.104+0000][7][gc,age      ] GC(27) - age   3:    1882680 bytes,   12542256 total
[2021-05-07T02:19:22.104+0000][7][gc,phases   ] GC(27)   Pre Evacuate Collection Set: 0.1ms
[2021-05-07T02:19:22.104+0000][7][gc,phases   ] GC(27)   Merge Heap Roots: 0.1ms
[2021-05-07T02:19:22.104+0000][7][gc,phases   ] GC(27)   Evacuate Collection Set: 13.5ms
[2021-05-07T02:19:22.104+0000][7][gc,phases   ] GC(27)   Post Evacuate Collection Set: 0.9ms
[2021-05-07T02:19:22.104+0000][7][gc,phases   ] GC(27)   Other: 0.2ms
[2021-05-07T02:19:22.104+0000][7][gc,heap     ] GC(27) Eden regions: 28->0(26)
[2021-05-07T02:19:22.104+0000][7][gc,heap     ] GC(27) Survivor regions: 3->4(4)
[2021-05-07T02:19:22.104+0000][7][gc,heap     ] GC(27) Old regions: 16->17
[2021-05-07T02:19:22.104+0000][7][gc,heap     ] GC(27) Archive regions: 2->2
[2021-05-07T02:19:22.104+0000][7][gc,heap     ] GC(27) Humongous regions: 0->0
[2021-05-07T02:19:22.104+0000][7][gc,metaspace] GC(27) Metaspace: 86929K(90992K)->86929K(90992K) NonClass: 75157K(78064K)->75157K(78064K) Class: 11771K(12928K)->11771K(12928K)
[2021-05-07T02:19:22.104+0000][7][gc          ] GC(27) Pause Young (Normal) (G1 Evacuation Pause) 191M->84M(256M) 14.832ms
[2021-05-07T02:19:22.104+0000][7][gc,cpu      ] GC(27) User=0.11s Sys=0.00s Real=0.01s
[2021-05-07T02:19:22.104+0000][7][safepoint   ] Safepoint "G1CollectForAllocation", Time since last: 268655410 ns, Reaching safepoint: 138280 ns, At safepoint: 14915411 ns, Total: 15053691 ns
[2021-05-07T02:19:22.422+0000][7][safepoint   ] Safepoint "ICBufferFull", Time since last: 317723627 ns, Reaching safepoint: 176619 ns, At safepoint: 9661 ns, Total: 186280 ns
[2021-05-07T02:19:22.446+0000][7][gc,start    ] GC(28) Pause Young (Concurrent Start) (G1 Humongous Allocation)
[2021-05-07T02:19:22.446+0000][7][gc,task     ] GC(28) Using 6 workers of 8 for evacuation
[2021-05-07T02:19:22.446+0000][7][gc,age      ] GC(28) Desired survivor size 8388608 bytes, new threshold 2 (max threshold 15)
[2021-05-07T02:19:22.460+0000][7][gc,age      ] GC(28) Age table with threshold 2 (max threshold 15)
[2021-05-07T02:19:22.460+0000][7][gc,age      ] GC(28) - age   1:    1411040 bytes,    1411040 total
[2021-05-07T02:19:22.460+0000][7][gc,age      ] GC(28) - age   2:    4663224 bytes,    6074264 total
[2021-05-07T02:19:22.460+0000][7][gc,phases   ] GC(28)   Pre Evacuate Collection Set: 0.1ms
[2021-05-07T02:19:22.460+0000][7][gc,phases   ] GC(28)   Merge Heap Roots: 0.1ms
[2021-05-07T02:19:22.460+0000][7][gc,phases   ] GC(28)   Evacuate Collection Set: 13.2ms
[2021-05-07T02:19:22.460+0000][7][gc,phases   ] GC(28)   Post Evacuate Collection Set: 0.6ms
[2021-05-07T02:19:22.460+0000][7][gc,phases   ] GC(28)   Other: 0.2ms
[2021-05-07T02:19:22.460+0000][7][gc,heap     ] GC(28) Eden regions: 7->0(26)
[2021-05-07T02:19:22.460+0000][7][gc,heap     ] GC(28) Survivor regions: 4->2(4)
[2021-05-07T02:19:22.460+0000][7][gc,heap     ] GC(28) Old regions: 17->19
[2021-05-07T02:19:22.460+0000][7][gc,heap     ] GC(28) Archive regions: 2->2
[2021-05-07T02:19:22.460+0000][7][gc,heap     ] GC(28) Humongous regions: 0->0
[2021-05-07T02:19:22.460+0000][7][gc,metaspace] GC(28) Metaspace: 89332K(93424K)->89332K(93424K) NonClass: 77224K(80112K)->77224K(80112K) Class: 12108K(13312K)->12108K(13312K)
[2021-05-07T02:19:22.461+0000][7][gc          ] GC(28) Pause Young (Concurrent Start) (G1 Humongous Allocation) 109M->85M(256M) 14.314ms
[2021-05-07T02:19:22.461+0000][7][gc,cpu      ] GC(28) User=0.11s Sys=0.00s Real=0.02s
[2021-05-07T02:19:22.461+0000][7][safepoint   ] Safepoint "G1TryInitiateConcMark", Time since last: 23894887 ns, Reaching safepoint: 101380 ns, At safepoint: 14404452 ns, Total: 14505832 ns
[2021-05-07T02:19:22.461+0000][7][gc          ] GC(29) Concurrent Cycle
[2021-05-07T02:19:22.461+0000][7][gc,marking  ] GC(29) Concurrent Clear Claimed Marks
[2021-05-07T02:19:22.461+0000][7][gc,marking  ] GC(29) Concurrent Clear Claimed Marks 0.090ms
[2021-05-07T02:19:22.461+0000][7][gc,marking  ] GC(29) Concurrent Scan Root Regions
[2021-05-07T02:19:22.470+0000][7][gc,marking  ] GC(29) Concurrent Scan Root Regions 9.618ms
[2021-05-07T02:19:22.470+0000][7][gc,marking  ] GC(29) Concurrent Mark (23.223s)
[2021-05-07T02:19:22.470+0000][7][gc,marking  ] GC(29) Concurrent Mark From Roots
[2021-05-07T02:19:22.470+0000][7][gc,task     ] GC(29) Using 2 workers of 2 for marking
[2021-05-07T02:19:22.581+0000][7][gc,marking  ] GC(29) Concurrent Mark From Roots 110.137ms
[2021-05-07T02:19:22.581+0000][7][gc,marking  ] GC(29) Concurrent Preclean
[2021-05-07T02:19:22.581+0000][7][gc,marking  ] GC(29) Concurrent Preclean 0.206ms
[2021-05-07T02:19:22.581+0000][7][gc,marking  ] GC(29) Concurrent Mark (23.223s, 23.334s) 110.396ms
[2021-05-07T02:19:22.581+0000][7][gc,start    ] GC(29) Pause Remark
[2021-05-07T02:19:22.584+0000][7][gc          ] GC(29) Pause Remark 97M->97M(256M) 3.250ms
[2021-05-07T02:19:22.584+0000][7][gc,cpu      ] GC(29) User=0.03s Sys=0.00s Real=0.00s
[2021-05-07T02:19:22.584+0000][7][safepoint   ] Safepoint "G1Concurrent", Time since last: 120239266 ns, Reaching safepoint: 181460 ns, At safepoint: 3335253 ns, Total: 3516713 ns
[2021-05-07T02:19:22.584+0000][7][gc,marking  ] GC(29) Concurrent Rebuild Remembered Sets
[2021-05-07T02:19:22.664+0000][7][gc,marking  ] GC(29) Concurrent Rebuild Remembered Sets 79.774ms
[2021-05-07T02:19:22.664+0000][7][gc,start    ] GC(29) Pause Cleanup
[2021-05-07T02:19:22.665+0000][7][gc          ] GC(29) Pause Cleanup 101M->101M(256M) 0.087ms
[2021-05-07T02:19:22.665+0000][7][gc,cpu      ] GC(29) User=0.00s Sys=0.00s Real=0.00s
[2021-05-07T02:19:22.665+0000][7][safepoint   ] Safepoint "G1Concurrent", Time since last: 79859347 ns, Reaching safepoint: 287434 ns, At safepoint: 141001 ns, Total: 428435 ns
[2021-05-07T02:19:22.665+0000][7][gc,marking  ] GC(29) Concurrent Cleanup for Next Mark
[2021-05-07T02:19:22.665+0000][7][gc,marking  ] GC(29) Concurrent Cleanup for Next Mark 0.309ms
[2021-05-07T02:19:22.665+0000][7][gc          ] GC(29) Concurrent Cycle 204.412ms
[2021-05-07T02:19:22.870+0000][7][safepoint   ] Safepoint "ICBufferFull", Time since last: 204914383 ns, Reaching safepoint: 406284 ns, At safepoint: 14952 ns, Total: 421236 ns
[2021-05-07T02:19:23.141+0000][7][safepoint   ] Safepoint "ICBufferFull", Time since last: 271038315 ns, Reaching safepoint: 186837 ns, At safepoint: 12605 ns, Total: 199442 ns
[2021-05-07T02:19:23.423+0000][7][safepoint   ] Safepoint "ICBufferFull", Time since last: 278908557 ns, Reaching safepoint: 2605785 ns, At safepoint: 22728 ns, Total: 2628513 ns
[2021-05-07T02:19:23.443+0000][7][gc,start    ] GC(30) Pause Young (Normal) (G1 Evacuation Pause)
[2021-05-07T02:19:23.443+0000][7][gc,task     ] GC(30) Using 6 workers of 8 for evacuation
[2021-05-07T02:19:23.443+0000][7][gc,age      ] GC(30) Desired survivor size 8388608 bytes, new threshold 15 (max threshold 15)
[2021-05-07T02:19:23.461+0000][7][gc,age      ] GC(30) Age table with threshold 15 (max threshold 15)
[2021-05-07T02:19:23.461+0000][7][gc,age      ] GC(30) - age   1:    9663816 bytes,    9663816 total
[2021-05-07T02:19:23.461+0000][7][gc,age      ] GC(30) - age   2:    1267400 bytes,   10931216 total
[2021-05-07T02:19:23.461+0000][7][gc,age      ] GC(30) - age   3:    4528904 bytes,   15460120 total
[2021-05-07T02:19:23.461+0000][7][gc,phases   ] GC(30)   Pre Evacuate Collection Set: 0.1ms
[2021-05-07T02:19:23.461+0000][7][gc,phases   ] GC(30)   Merge Heap Roots: 0.1ms
[2021-05-07T02:19:23.461+0000][7][gc,phases   ] GC(30)   Evacuate Collection Set: 17.4ms
[2021-05-07T02:19:23.461+0000][7][gc,phases   ] GC(30)   Post Evacuate Collection Set: 0.9ms
[2021-05-07T02:19:23.461+0000][7][gc,phases   ] GC(30)   Other: 0.2ms
[2021-05-07T02:19:23.461+0000][7][gc,heap     ] GC(30) Eden regions: 26->0(22)
[2021-05-07T02:19:23.461+0000][7][gc,heap     ] GC(30) Survivor regions: 2->4(4)
[2021-05-07T02:19:23.461+0000][7][gc,heap     ] GC(30) Old regions: 19->19
[2021-05-07T02:19:23.461+0000][7][gc,heap     ] GC(30) Archive regions: 2->2
[2021-05-07T02:19:23.461+0000][7][gc,heap     ] GC(30) Humongous regions: 2->2
[2021-05-07T02:19:23.461+0000][7][gc,metaspace] GC(30) Metaspace: 95446K(99568K)->95446K(99568K) NonClass: 82491K(85488K)->82491K(85488K) Class: 12954K(14080K)->12954K(14080K)
[2021-05-07T02:19:23.462+0000][7][gc          ] GC(30) Pause Young (Normal) (G1 Evacuation Pause) 197M->102M(256M) 18.736ms
[2021-05-07T02:19:23.462+0000][7][gc,cpu      ] GC(30) User=0.12s Sys=0.00s Real=0.02s
[2021-05-07T02:19:23.462+0000][7][safepoint   ] Safepoint "G1CollectForAllocation", Time since last: 19959805 ns, Reaching safepoint: 84623 ns, At safepoint: 18888790 ns, Total: 18973413 ns
[2021-05-07T02:19:23.655+0000][7][safepoint   ] Safepoint "ICBufferFull", Time since last: 192805234 ns, Reaching safepoint: 268498 ns, At safepoint: 13581 ns, Total: 282079 ns
[2021-05-07T02:19:23.964+0000][7][gc,start    ] GC(31) Pause Young (Concurrent Start) (G1 Evacuation Pause)
[2021-05-07T02:19:23.964+0000][7][gc,task     ] GC(31) Using 6 workers of 8 for evacuation
[2021-05-07T02:19:23.964+0000][7][gc,age      ] GC(31) Desired survivor size 8388608 bytes, new threshold 1 (max threshold 15)
[2021-05-07T02:19:23.983+0000][7][gc,age      ] GC(31) Age table with threshold 1 (max threshold 15)
[2021-05-07T02:19:23.983+0000][7][gc,age      ] GC(31) - age   1:    7388448 bytes,    7388448 total
[2021-05-07T02:19:23.983+0000][7][gc,phases   ] GC(31)   Pre Evacuate Collection Set: 0.1ms
[2021-05-07T02:19:23.983+0000][7][gc,phases   ] GC(31)   Merge Heap Roots: 0.1ms
[2021-05-07T02:19:23.983+0000][7][gc,phases   ] GC(31)   Evacuate Collection Set: 18.5ms
[2021-05-07T02:19:23.983+0000][7][gc,phases   ] GC(31)   Post Evacuate Collection Set: 0.7ms
[2021-05-07T02:19:23.983+0000][7][gc,phases   ] GC(31)   Other: 0.2ms
[2021-05-07T02:19:23.983+0000][7][gc,heap     ] GC(31) Eden regions: 22->0(19)
[2021-05-07T02:19:23.983+0000][7][gc,heap     ] GC(31) Survivor regions: 4->3(4)
[2021-05-07T02:19:23.983+0000][7][gc,heap     ] GC(31) Old regions: 19->23
[2021-05-07T02:19:23.983+0000][7][gc,heap     ] GC(31) Archive regions: 2->2
[2021-05-07T02:19:23.983+0000][7][gc,heap     ] GC(31) Humongous regions: 2->2
[2021-05-07T02:19:23.983+0000][7][gc,metaspace] GC(31) Metaspace: 96566K(100848K)->96566K(100848K) NonClass: 83480K(86512K)->83480K(86512K) Class: 13085K(14336K)->13085K(14336K)
[2021-05-07T02:19:23.983+0000][7][gc          ] GC(31) Pause Young (Concurrent Start) (G1 Evacuation Pause) 190M->109M(256M) 19.732ms
[2021-05-07T02:19:23.983+0000][7][gc,cpu      ] GC(31) User=0.15s Sys=0.00s Real=0.02s
[2021-05-07T02:19:23.983+0000][7][gc          ] GC(32) Concurrent Cycle
[2021-05-07T02:19:23.984+0000][7][safepoint   ] Safepoint "G1CollectForAllocation", Time since last: 308810842 ns, Reaching safepoint: 137351 ns, At safepoint: 19833698 ns, Total: 19971049 ns
[2021-05-07T02:19:23.984+0000][7][gc,marking  ] GC(32) Concurrent Clear Claimed Marks
[2021-05-07T02:19:23.984+0000][7][gc,marking  ] GC(32) Concurrent Clear Claimed Marks 0.090ms
[2021-05-07T02:19:23.984+0000][7][gc,marking  ] GC(32) Concurrent Scan Root Regions
[2021-05-07T02:19:24.000+0000][7][gc,marking  ] GC(32) Concurrent Scan Root Regions 16.644ms
[2021-05-07T02:19:24.000+0000][7][gc,marking  ] GC(32) Concurrent Mark (24.753s)
[2021-05-07T02:19:24.000+0000][7][gc,marking  ] GC(32) Concurrent Mark From Roots
[2021-05-07T02:19:24.000+0000][7][gc,task     ] GC(32) Using 2 workers of 2 for marking
[2021-05-07T02:19:24.124+0000][7][gc,marking  ] GC(32) Concurrent Mark From Roots 123.772ms
[2021-05-07T02:19:24.124+0000][7][gc,marking  ] GC(32) Concurrent Preclean
[2021-05-07T02:19:24.124+0000][7][gc,marking  ] GC(32) Concurrent Preclean 0.256ms
[2021-05-07T02:19:24.124+0000][7][gc,marking  ] GC(32) Concurrent Mark (24.753s, 24.877s) 124.106ms
[2021-05-07T02:19:24.125+0000][7][gc,start    ] GC(32) Pause Remark
[2021-05-07T02:19:24.129+0000][7][gc          ] GC(32) Pause Remark 131M->131M(256M) 4.366ms
[2021-05-07T02:19:24.129+0000][7][gc,cpu      ] GC(32) User=0.03s Sys=0.00s Real=0.01s
[2021-05-07T02:19:24.129+0000][7][safepoint   ] Safepoint "G1Concurrent", Time since last: 140955939 ns, Reaching safepoint: 160600 ns, At safepoint: 4463676 ns, Total: 4624276 ns
[2021-05-07T02:19:24.129+0000][7][gc,marking  ] GC(32) Concurrent Rebuild Remembered Sets
[2021-05-07T02:19:24.217+0000][7][gc,marking  ] GC(32) Concurrent Rebuild Remembered Sets 87.470ms
[2021-05-07T02:19:24.217+0000][7][gc,start    ] GC(32) Pause Cleanup
[2021-05-07T02:19:24.217+0000][7][gc          ] GC(32) Pause Cleanup 138M->138M(256M) 0.091ms
[2021-05-07T02:19:24.217+0000][7][gc,cpu      ] GC(32) User=0.00s Sys=0.00s Real=0.00s
[2021-05-07T02:19:24.217+0000][7][safepoint   ] Safepoint "G1Concurrent", Time since last: 87580843 ns, Reaching safepoint: 241515 ns, At safepoint: 154357 ns, Total: 395872 ns
[2021-05-07T02:19:24.217+0000][7][gc,marking  ] GC(32) Concurrent Cleanup for Next Mark
[2021-05-07T02:19:24.217+0000][7][gc,marking  ] GC(32) Concurrent Cleanup for Next Mark 0.172ms
[2021-05-07T02:19:24.217+0000][7][gc          ] GC(32) Concurrent Cycle 233.781ms
[2021-05-07T02:19:25.218+0000][7][safepoint   ] Safepoint "Cleanup", Time since last: 1000370774 ns, Reaching safepoint: 176447 ns, At safepoint: 4762 ns, Total: 181209 ns
[2021-05-07T02:19:26.218+0000][7][safepoint   ] Safepoint "Cleanup", Time since last: 1000170322 ns, Reaching safepoint: 140954 ns, At safepoint: 7472 ns, Total: 148426 ns
[2021-05-07T02:19:27.730+0000][7][safepoint   ] Safepoint "Cleanup", Time since last: 1512185341 ns, Reaching safepoint: 165881 ns, At safepoint: 6959 ns, Total: 172840 ns
[2021-05-07T02:19:28.731+0000][7][safepoint   ] Safepoint "Cleanup", Time since last: 1000519524 ns, Reaching safepoint: 160581 ns, At safepoint: 7336 ns, Total: 167917 ns
[2021-05-07T02:19:29.731+0000][7][safepoint   ] Safepoint "Cleanup", Time since last: 1000241517 ns, Reaching safepoint: 230064 ns, At safepoint: 12308 ns, Total: 242372 ns
[2021-05-07T02:19:29.745+0000][7][gc,start    ] GC(33) Pause Young (Normal) (G1 Evacuation Pause)
[2021-05-07T02:19:29.745+0000][7][gc,task     ] GC(33) Using 6 workers of 8 for evacuation
[2021-05-07T02:19:29.745+0000][7][gc,age      ] GC(33) Desired survivor size 6291456 bytes, new threshold 1 (max threshold 15)
[2021-05-07T02:19:29.754+0000][7][gc,age      ] GC(33) Age table with threshold 1 (max threshold 15)
[2021-05-07T02:19:29.754+0000][7][gc,age      ] GC(33) - age   1:    4630152 bytes,    4630152 total
[2021-05-07T02:19:29.754+0000][7][gc,phases   ] GC(33)   Pre Evacuate Collection Set: 0.1ms
[2021-05-07T02:19:29.754+0000][7][gc,phases   ] GC(33)   Merge Heap Roots: 0.1ms
[2021-05-07T02:19:29.754+0000][7][gc,phases   ] GC(33)   Evacuate Collection Set: 7.9ms
[2021-05-07T02:19:29.754+0000][7][gc,phases   ] GC(33)   Post Evacuate Collection Set: 0.6ms
[2021-05-07T02:19:29.754+0000][7][gc,phases   ] GC(33)   Other: 0.2ms
[2021-05-07T02:19:29.754+0000][7][gc,heap     ] GC(33) Eden regions: 19->0(19)
[2021-05-07T02:19:29.754+0000][7][gc,heap     ] GC(33) Survivor regions: 3->2(3)
[2021-05-07T02:19:29.754+0000][7][gc,heap     ] GC(33) Old regions: 23->25
[2021-05-07T02:19:29.754+0000][7][gc,heap     ] GC(33) Archive regions: 2->2
[2021-05-07T02:19:29.754+0000][7][gc,heap     ] GC(33) Humongous regions: 2->2
[2021-05-07T02:19:29.754+0000][7][gc,metaspace] GC(33) Metaspace: 99716K(104048K)->99716K(104048K) NonClass: 86194K(89328K)->86194K(89328K) Class: 13521K(14720K)->13521K(14720K)
[2021-05-07T02:19:29.754+0000][7][gc          ] GC(33) Pause Young (Normal) (G1 Evacuation Pause) 185M->113M(256M) 8.745ms
[2021-05-07T02:19:29.754+0000][7][gc,cpu      ] GC(33) User=0.06s Sys=0.00s Real=0.01s
[2021-05-07T02:19:29.754+0000][7][safepoint   ] Safepoint "G1CollectForAllocation", Time since last: 13717328 ns, Reaching safepoint: 101398 ns, At safepoint: 8815291 ns, Total: 8916689 ns
[2021-05-07T02:19:30.755+0000][7][safepoint   ] Safepoint "Cleanup", Time since last: 1000273417 ns, Reaching safepoint: 148376 ns, At safepoint: 9104 ns, Total: 157480 ns
[2021-05-07T02:19:31.755+0000][7][safepoint   ] Safepoint "Cleanup", Time since last: 1000453671 ns, Reaching safepoint: 106416 ns, At safepoint: 7282 ns, Total: 113698 ns
[2021-05-07T02:19:33.756+0000][7][safepoint   ] Safepoint "Cleanup", Time since last: 2000354874 ns, Reaching safepoint: 111329 ns, At safepoint: 6856 ns, Total: 118185 ns
[2021-05-07T02:19:34.756+0000][7][safepoint   ] Safepoint "Cleanup", Time since last: 1000087050 ns, Reaching safepoint: 87835 ns, At safepoint: 7285 ns, Total: 95120 ns
[2021-05-07T02:19:35.756+0000][7][safepoint   ] Safepoint "Cleanup", Time since last: 1000132244 ns, Reaching safepoint: 135843 ns, At safepoint: 9556 ns, Total: 145399 ns
[2021-05-07T02:19:36.756+0000][7][safepoint   ] Safepoint "Cleanup", Time since last: 1000293519 ns, Reaching safepoint: 100529 ns, At safepoint: 5643 ns, Total: 106172 ns
[2021-05-07T02:19:37.757+0000][7][safepoint   ] Safepoint "Cleanup", Time since last: 1000226836 ns, Reaching safepoint: 138845 ns, At safepoint: 5657 ns, Total: 144502 ns
[2021-05-07T02:19:38.757+0000][7][safepoint   ] Safepoint "Cleanup", Time since last: 1000114533 ns, Reaching safepoint: 82978 ns, At safepoint: 5571 ns, Total: 88549 ns
[2021-05-07T02:19:40.758+0000][7][safepoint   ] Safepoint "Cleanup", Time since last: 2000354471 ns, Reaching safepoint: 154031 ns, At safepoint: 10640 ns, Total: 164671 ns
[2021-05-07T02:19:41.758+0000][7][safepoint   ] Safepoint "Cleanup", Time since last: 1000476990 ns, Reaching safepoint: 90480 ns, At safepoint: 5854 ns, Total: 96334 ns
[2021-05-07T02:19:42.758+0000][7][safepoint   ] Safepoint "Cleanup", Time since last: 1000092915 ns, Reaching safepoint: 93870 ns, At safepoint: 4860 ns, Total: 98730 ns
[2021-05-07T02:19:43.759+0000][7][safepoint   ] Safepoint "Cleanup", Time since last: 1000267487 ns, Reaching safepoint: 94666 ns, At safepoint: 7621 ns, Total: 102287 ns
[2021-05-07T02:19:45.759+0000][7][safepoint   ] Safepoint "Cleanup", Time since last: 2000151130 ns, Reaching safepoint: 56910 ns, At safepoint: 8537 ns, Total: 65447 ns
[2021-05-07T02:19:46.759+0000][7][safepoint   ] Safepoint "Cleanup", Time since last: 1000098194 ns, Reaching safepoint: 68924 ns, At safepoint: 4862 ns, Total: 73786 ns
[2021-05-07T02:19:48.760+0000][7][safepoint   ] Safepoint "Cleanup", Time since last: 2000561929 ns, Reaching safepoint: 154331 ns, At safepoint: 6847 ns, Total: 161178 ns
[2021-05-07T02:19:50.760+0000][7][safepoint   ] Safepoint "Cleanup", Time since last: 2000192049 ns, Reaching safepoint: 123345 ns, At safepoint: 7425 ns, Total: 130770 ns
[2021-05-07T02:19:52.761+0000][7][safepoint   ] Safepoint "Cleanup", Time since last: 2000536011 ns, Reaching safepoint: 98327 ns, At safepoint: 4748 ns, Total: 103075 ns
[2021-05-07T02:19:53.761+0000][7][safepoint   ] Safepoint "Cleanup", Time since last: 1000165367 ns, Reaching safepoint: 100013 ns, At safepoint: 5157 ns, Total: 105170 ns
[2021-05-07T02:19:54.761+0000][7][safepoint   ] Safepoint "Cleanup", Time since last: 1000280113 ns, Reaching safepoint: 139083 ns, At safepoint: 5371 ns, Total: 144454 ns
[2021-05-07T02:19:55.762+0000][7][safepoint   ] Safepoint "Cleanup", Time since last: 1000196715 ns, Reaching safepoint: 148678 ns, At safepoint: 9258 ns, Total: 157936 ns
[2021-05-07T02:19:56.762+0000][7][safepoint   ] Safepoint "Cleanup", Time since last: 1000471970 ns, Reaching safepoint: 103963 ns, At safepoint: 5362 ns, Total: 109325 ns
[2021-05-07T02:19:57.763+0000][7][safepoint   ] Safepoint "Cleanup", Time since last: 1000263953 ns, Reaching safepoint: 136944 ns, At safepoint: 5133 ns, Total: 142077 ns
[2021-05-07T02:19:58.763+0000][7][safepoint   ] Safepoint "Cleanup", Time since last: 1000471168 ns, Reaching safepoint: 107690 ns, At safepoint: 4940 ns, Total: 112630 ns
[2021-05-07T02:19:59.764+0000][7][safepoint   ] Safepoint "Cleanup", Time since last: 1000486481 ns, Reaching safepoint: 125016 ns, At safepoint: 6260 ns, Total: 131276 ns
[2021-05-07T02:20:00.764+0000][7][safepoint   ] Safepoint "Cleanup", Time since last: 1000273458 ns, Reaching safepoint: 122545 ns, At safepoint: 6679 ns, Total: 129224 ns
[2021-05-07T02:20:01.765+0000][7][safepoint   ] Safepoint "Cleanup", Time since last: 1000480978 ns, Reaching safepoint: 101529 ns, At safepoint: 5913 ns, Total: 107442 ns
[2021-05-07T02:20:02.765+0000][7][safepoint   ] Safepoint "Cleanup", Time since last: 1000422520 ns, Reaching safepoint: 103391 ns, At safepoint: 5852 ns, Total: 109243 ns
[2021-05-07T02:20:05.767+0000][7][safepoint   ] Safepoint "Cleanup", Time since last: 3001003557 ns, Reaching safepoint: 121220 ns, At safepoint: 5920 ns, Total: 127140 ns
[2021-05-07T02:20:08.768+0000][7][safepoint   ] Safepoint "Cleanup", Time since last: 3000954461 ns, Reaching safepoint: 98913 ns, At safepoint: 8610 ns, Total: 107523 ns
[2021-05-07T02:20:09.768+0000][7][safepoint   ] Safepoint "Cleanup", Time since last: 1000481656 ns, Reaching safepoint: 83978 ns, At safepoint: 6333 ns, Total: 90311 ns
[2021-05-07T02:20:10.769+0000][7][safepoint   ] Safepoint "Cleanup", Time since last: 1000225309 ns, Reaching safepoint: 145412 ns, At safepoint: 5403 ns, Total: 150815 ns
[2021-05-07T02:20:11.769+0000][7][safepoint   ] Safepoint "Cleanup", Time since last: 1000124978 ns, Reaching safepoint: 145437 ns, At safepoint: 6946 ns, Total: 152383 ns
[2021-05-07T02:20:13.770+0000][7][safepoint   ] Safepoint "Cleanup", Time since last: 2000511939 ns, Reaching safepoint: 119020 ns, At safepoint: 5303 ns, Total: 124323 ns
[2021-05-07T02:20:15.771+0000][7][safepoint   ] Safepoint "Cleanup", Time since last: 2000875978 ns, Reaching safepoint: 101081 ns, At safepoint: 6123 ns, Total: 107204 ns
[2021-05-07T02:20:16.771+0000][7][safepoint   ] Safepoint "Cleanup", Time since last: 1000407867 ns, Reaching safepoint: 100436 ns, At safepoint: 6083 ns, Total: 106519 ns
[2021-05-07T02:20:18.772+0000][7][safepoint   ] Safepoint "Cleanup", Time since last: 2000689575 ns, Reaching safepoint: 140127 ns, At safepoint: 6828 ns, Total: 146955 ns
[2021-05-07T02:20:19.772+0000][7][safepoint   ] Safepoint "Cleanup", Time since last: 1000321315 ns, Reaching safepoint: 101352 ns, At safepoint: 5572 ns, Total: 106924 ns
[2021-05-07T02:20:20.773+0000][7][safepoint   ] Safepoint "Cleanup", Time since last: 1000264453 ns, Reaching safepoint: 128140 ns, At safepoint: 6901 ns, Total: 135041 ns
[2021-05-07T02:20:21.773+0000][7][safepoint   ] Safepoint "Cleanup", Time since last: 1000380906 ns, Reaching safepoint: 100737 ns, At safepoint: 5737 ns, Total: 106474 ns
[2021-05-07T02:20:22.773+0000][7][safepoint   ] Safepoint "Cleanup", Time since last: 1000094858 ns, Reaching safepoint: 126607 ns, At safepoint: 6766 ns, Total: 133373 ns
[2021-05-07T02:20:23.774+0000][7][safepoint   ] Safepoint "Cleanup", Time since last: 1000360816 ns, Reaching safepoint: 126422 ns, At safepoint: 4325 ns, Total: 130747 ns
[2021-05-07T02:20:24.774+0000][7][safepoint   ] Safepoint "Cleanup", Time since last: 1000217708 ns, Reaching safepoint: 152020 ns, At safepoint: 4466 ns, Total: 156486 ns
[2021-05-07T02:20:25.775+0000][7][safepoint   ] Safepoint "Cleanup", Time since last: 1000340675 ns, Reaching safepoint: 74304 ns, At safepoint: 5713 ns, Total: 80017 ns
[2021-05-07T02:20:26.775+0000][7][safepoint   ] Safepoint "Cleanup", Time since last: 1000091460 ns, Reaching safepoint: 123435 ns, At safepoint: 6515 ns, Total: 129950 ns
[2021-05-07T02:20:28.775+0000][7][safepoint   ] Safepoint "Cleanup", Time since last: 2000193016 ns, Reaching safepoint: 122173 ns, At safepoint: 5758 ns, Total: 127931 ns
[2021-05-07T02:20:29.776+0000][7][safepoint   ] Safepoint "Cleanup", Time since last: 1000456815 ns, Reaching safepoint: 156019 ns, At safepoint: 7095 ns, Total: 163114 ns
[2021-05-07T02:20:31.776+0000][7][safepoint   ] Safepoint "Cleanup", Time since last: 2000466068 ns, Reaching safepoint: 108552 ns, At safepoint: 6546 ns, Total: 115098 ns
[2021-05-07T02:20:32.777+0000][7][safepoint   ] Safepoint "Cleanup", Time since last: 1000103695 ns, Reaching safepoint: 99988 ns, At safepoint: 8726 ns, Total: 108714 ns
[2021-05-07T02:20:33.777+0000][7][safepoint   ] Safepoint "Cleanup", Time since last: 1000252082 ns, Reaching safepoint: 141460 ns, At safepoint: 7823 ns, Total: 149283 ns
[2021-05-07T02:20:34.778+0000][7][safepoint   ] Safepoint "Cleanup", Time since last: 1000489376 ns, Reaching safepoint: 99121 ns, At safepoint: 5943 ns, Total: 105064 ns
[2021-05-07T02:20:36.774+0000][7][safepoint   ] Safepoint "Cleanup", Time since last: 1996501294 ns, Reaching safepoint: 189123 ns, At safepoint: 7028 ns, Total: 196151 ns
[2021-05-07T02:20:37.775+0000][7][safepoint   ] Safepoint "Cleanup", Time since last: 1000137996 ns, Reaching safepoint: 81543 ns, At safepoint: 5654 ns, Total: 87197 ns
[2021-05-07T02:20:38.775+0000][7][safepoint   ] Safepoint "Cleanup", Time since last: 1000130058 ns, Reaching safepoint: 163210 ns, At safepoint: 7562 ns, Total: 170772 ns
[2021-05-07T02:20:39.775+0000][7][safepoint   ] Safepoint "Cleanup", Time since last: 1000266856 ns, Reaching safepoint: 101155 ns, At safepoint: 5443 ns, Total: 106598 ns
[2021-05-07T02:20:40.776+0000][7][safepoint   ] Safepoint "Cleanup", Time since last: 1000228587 ns, Reaching safepoint: 131810 ns, At safepoint: 6246 ns, Total: 138056 ns
[2021-05-07T02:20:43.776+0000][7][safepoint   ] Safepoint "Cleanup", Time since last: 3000246145 ns, Reaching safepoint: 95917 ns, At safepoint: 4663 ns, Total: 100580 ns
[2021-05-07T02:20:48.777+0000][7][safepoint   ] Safepoint "Cleanup", Time since last: 5000792752 ns, Reaching safepoint: 125257 ns, At safepoint: 7174 ns, Total: 132431 ns
[2021-05-07T02:20:50.777+0000][7][safepoint   ] Safepoint "Cleanup", Time since last: 2000313116 ns, Reaching safepoint: 101098 ns, At safepoint: 5303 ns, Total: 106401 ns
[2021-05-07T02:20:52.778+0000][7][safepoint   ] Safepoint "Cleanup", Time since last: 2000239891 ns, Reaching safepoint: 88157 ns, At safepoint: 6590 ns, Total: 94747 ns
[2021-05-07T02:20:53.778+0000][7][safepoint   ] Safepoint "Cleanup", Time since last: 1000302323 ns, Reaching safepoint: 125906 ns, At safepoint: 7534 ns, Total: 133440 ns
[2021-05-07T02:20:55.779+0000][7][safepoint   ] Safepoint "Cleanup", Time since last: 2000414946 ns, Reaching safepoint: 87947 ns, At safepoint: 5093 ns, Total: 93040 ns
[2021-05-07T02:20:56.779+0000][7][safepoint   ] Safepoint "Cleanup", Time since last: 1000172158 ns, Reaching safepoint: 81313 ns, At safepoint: 8963 ns, Total: 90276 ns
[2021-05-07T02:20:57.779+0000][7][safepoint   ] Safepoint "Cleanup", Time since last: 1000277475 ns, Reaching safepoint: 86367 ns, At safepoint: 6936 ns, Total: 93303 ns
[2021-05-07T02:20:58.780+0000][7][safepoint   ] Safepoint "Cleanup", Time since last: 1000293503 ns, Reaching safepoint: 98743 ns, At safepoint: 5231 ns, Total: 103974 ns
[2021-05-07T02:20:59.780+0000][7][safepoint   ] Safepoint "Cleanup", Time since last: 1000095200 ns, Reaching safepoint: 122318 ns, At safepoint: 6604 ns, Total: 128922 ns
[2021-05-07T02:21:00.780+0000][7][safepoint   ] Safepoint "Cleanup", Time since last: 1000191789 ns, Reaching safepoint: 87388 ns, At safepoint: 6784 ns, Total: 94172 ns
[2021-05-07T02:21:01.780+0000][7][safepoint   ] Safepoint "Cleanup", Time since last: 1000095231 ns, Reaching safepoint: 82673 ns, At safepoint: 6135 ns, Total: 88808 ns
[2021-05-07T02:21:02.781+0000][7][safepoint   ] Safepoint "Cleanup", Time since last: 1000139307 ns, Reaching safepoint: 79291 ns, At safepoint: 6847 ns, Total: 86138 ns
[2021-05-07T02:21:03.781+0000][7][safepoint   ] Safepoint "Cleanup", Time since last: 1000269689 ns, Reaching safepoint: 99810 ns, At safepoint: 5760 ns, Total: 105570 ns
[2021-05-07T02:21:05.781+0000][7][safepoint   ] Safepoint "Cleanup", Time since last: 2000249145 ns, Reaching safepoint: 144367 ns, At safepoint: 6973 ns, Total: 151340 ns
[2021-05-07T02:21:08.782+0000][7][safepoint   ] Safepoint "Cleanup", Time since last: 3000382914 ns, Reaching safepoint: 87293 ns, At safepoint: 4622 ns, Total: 91915 ns
[2021-05-07T02:21:12.783+0000][7][safepoint   ] Safepoint "Cleanup", Time since last: 4000978187 ns, Reaching safepoint: 84511 ns, At safepoint: 6010 ns, Total: 90521 ns
[2021-05-07T02:21:13.783+0000][7][safepoint   ] Safepoint "Cleanup", Time since last: 1000128292 ns, Reaching safepoint: 102428 ns, At safepoint: 6728 ns, Total: 109156 ns
[2021-05-07T02:21:15.783+0000][7][safepoint   ] Safepoint "Cleanup", Time since last: 2000164087 ns, Reaching safepoint: 97852 ns, At safepoint: 10366 ns, Total: 108218 ns
[2021-05-07T02:21:16.784+0000][7][safepoint   ] Safepoint "Cleanup", Time since last: 1000132623 ns, Reaching safepoint: 120769 ns, At safepoint: 7173 ns, Total: 127942 ns
[2021-05-07T02:21:18.261+0000][7][gc,start    ] GC(34) Pause Young (Concurrent Start) (G1 Evacuation Pause)
[2021-05-07T02:21:18.261+0000][7][gc,task     ] GC(34) Using 6 workers of 8 for evacuation
[2021-05-07T02:21:18.261+0000][7][gc,age      ] GC(34) Desired survivor size 6291456 bytes, new threshold 15 (max threshold 15)
[2021-05-07T02:21:18.266+0000][7][gc,age      ] GC(34) Age table with threshold 15 (max threshold 15)
[2021-05-07T02:21:18.266+0000][7][gc,age      ] GC(34) - age   1:    1634216 bytes,    1634216 total
[2021-05-07T02:21:18.266+0000][7][gc,age      ] GC(34) - age   2:    4022368 bytes,    5656584 total
[2021-05-07T02:21:18.266+0000][7][gc,phases   ] GC(34)   Pre Evacuate Collection Set: 0.1ms
[2021-05-07T02:21:18.266+0000][7][gc,phases   ] GC(34)   Merge Heap Roots: 0.0ms
[2021-05-07T02:21:18.266+0000][7][gc,phases   ] GC(34)   Evacuate Collection Set: 4.1ms
[2021-05-07T02:21:18.266+0000][7][gc,phases   ] GC(34)   Post Evacuate Collection Set: 0.6ms
[2021-05-07T02:21:18.266+0000][7][gc,phases   ] GC(34)   Other: 0.2ms
[2021-05-07T02:21:18.266+0000][7][gc,heap     ] GC(34) Eden regions: 19->0(19)
[2021-05-07T02:21:18.266+0000][7][gc,heap     ] GC(34) Survivor regions: 2->2(3)
[2021-05-07T02:21:18.266+0000][7][gc,heap     ] GC(34) Old regions: 25->25
[2021-05-07T02:21:18.266+0000][7][gc,heap     ] GC(34) Archive regions: 2->2
[2021-05-07T02:21:18.266+0000][7][gc,heap     ] GC(34) Humongous regions: 2->2
[2021-05-07T02:21:18.266+0000][7][gc,metaspace] GC(34) Metaspace: 101141K(105456K)->101141K(105456K) NonClass: 87530K(90608K)->87530K(90608K) Class: 13611K(14848K)->13611K(14848K)
[2021-05-07T02:21:18.266+0000][7][gc          ] GC(34) Pause Young (Concurrent Start) (G1 Evacuation Pause) 189M->114M(256M) 5.130ms
[2021-05-07T02:21:18.266+0000][7][gc,cpu      ] GC(34) User=0.03s Sys=0.00s Real=0.00s
[2021-05-07T02:21:18.266+0000][7][gc          ] GC(35) Concurrent Cycle
[2021-05-07T02:21:18.266+0000][7][safepoint   ] Safepoint "G1CollectForAllocation", Time since last: 1477012403 ns, Reaching safepoint: 176242 ns, At safepoint: 5242393 ns, Total: 5418635 ns
[2021-05-07T02:21:18.266+0000][7][gc,marking  ] GC(35) Concurrent Clear Claimed Marks
[2021-05-07T02:21:18.266+0000][7][gc,marking  ] GC(35) Concurrent Clear Claimed Marks 0.123ms
[2021-05-07T02:21:18.266+0000][7][gc,marking  ] GC(35) Concurrent Scan Root Regions
[2021-05-07T02:21:18.271+0000][7][gc,marking  ] GC(35) Concurrent Scan Root Regions 4.917ms
[2021-05-07T02:21:18.271+0000][7][gc,marking  ] GC(35) Concurrent Mark (139.024s)
[2021-05-07T02:21:18.271+0000][7][gc,marking  ] GC(35) Concurrent Mark From Roots
[2021-05-07T02:21:18.271+0000][7][gc,task     ] GC(35) Using 2 workers of 2 for marking
[2021-05-07T02:21:18.358+0000][7][gc,marking  ] GC(35) Concurrent Mark From Roots 86.891ms
[2021-05-07T02:21:18.358+0000][7][gc,marking  ] GC(35) Concurrent Preclean
[2021-05-07T02:21:18.358+0000][7][gc,marking  ] GC(35) Concurrent Preclean 0.297ms
[2021-05-07T02:21:18.358+0000][7][gc,marking  ] GC(35) Concurrent Mark (139.024s, 139.111s) 87.289ms
[2021-05-07T02:21:18.359+0000][7][gc,start    ] GC(35) Pause Remark
[2021-05-07T02:21:18.367+0000][7][gc          ] GC(35) Pause Remark 115M->115M(256M) 8.485ms
[2021-05-07T02:21:18.367+0000][7][gc,cpu      ] GC(35) User=0.04s Sys=0.00s Real=0.01s
[2021-05-07T02:21:18.367+0000][7][safepoint   ] Safepoint "G1Concurrent", Time since last: 92433192 ns, Reaching safepoint: 147219 ns, At safepoint: 8566471 ns, Total: 8713690 ns
[2021-05-07T02:21:18.367+0000][7][gc,marking  ] GC(35) Concurrent Rebuild Remembered Sets
[2021-05-07T02:21:18.426+0000][7][gc,marking  ] GC(35) Concurrent Rebuild Remembered Sets 58.660ms
[2021-05-07T02:21:18.426+0000][7][gc,start    ] GC(35) Pause Cleanup
[2021-05-07T02:21:18.426+0000][7][gc          ] GC(35) Pause Cleanup 115M->115M(256M) 0.068ms
[2021-05-07T02:21:18.426+0000][7][gc,cpu      ] GC(35) User=0.00s Sys=0.00s Real=0.00s
[2021-05-07T02:21:18.426+0000][7][safepoint   ] Safepoint "G1Concurrent", Time since last: 58731630 ns, Reaching safepoint: 198531 ns, At safepoint: 117563 ns, Total: 316094 ns
[2021-05-07T02:21:18.426+0000][7][gc,marking  ] GC(35) Concurrent Cleanup for Next Mark
[2021-05-07T02:21:18.426+0000][7][gc,marking  ] GC(35) Concurrent Cleanup for Next Mark 0.169ms
[2021-05-07T02:21:18.426+0000][7][gc          ] GC(35) Concurrent Cycle 160.427ms
[2021-05-07T02:21:19.427+0000][7][safepoint   ] Safepoint "Cleanup", Time since last: 1000242890 ns, Reaching safepoint: 99851 ns, At safepoint: 6688 ns, Total: 106539 ns
[2021-05-07T02:21:20.427+0000][7][safepoint   ] Safepoint "Cleanup", Time since last: 1000132532 ns, Reaching safepoint: 103028 ns, At safepoint: 6224 ns, Total: 109252 ns
[2021-05-07T02:21:21.427+0000][7][safepoint   ] Safepoint "Cleanup", Time since last: 1000153079 ns, Reaching safepoint: 133881 ns, At safepoint: 7737 ns, Total: 141618 ns
[2021-05-07T02:21:22.428+0000][7][safepoint   ] Safepoint "Cleanup", Time since last: 1000351764 ns, Reaching safepoint: 152314 ns, At safepoint: 6663 ns, Total: 158977 ns
[2021-05-07T02:21:23.428+0000][7][safepoint   ] Safepoint "Cleanup", Time since last: 1000093728 ns, Reaching safepoint: 85037 ns, At safepoint: 7865 ns, Total: 92902 ns
[2021-05-07T02:21:26.429+0000][7][safepoint   ] Safepoint "Cleanup", Time since last: 3000695021 ns, Reaching safepoint: 102115 ns, At safepoint: 5242 ns, Total: 107357 ns
[2021-05-07T02:21:27.429+0000][7][safepoint   ] Safepoint "Cleanup", Time since last: 1000376172 ns, Reaching safepoint: 129357 ns, At safepoint: 7138 ns, Total: 136495 ns
[2021-05-07T02:21:28.430+0000][7][safepoint   ] Safepoint "Cleanup", Time since last: 1000272912 ns, Reaching safepoint: 138243 ns, At safepoint: 7443 ns, Total: 145686 ns
[2021-05-07T02:21:29.430+0000][7][safepoint   ] Safepoint "Cleanup", Time since last: 1000128000 ns, Reaching safepoint: 93388 ns, At safepoint: 6464 ns, Total: 99852 ns
[2021-05-07T02:21:30.430+0000][7][safepoint   ] Safepoint "Cleanup", Time since last: 1000093306 ns, Reaching safepoint: 145166 ns, At safepoint: 7397 ns, Total: 152563 ns
[2021-05-07T02:21:31.431+0000][7][safepoint   ] Safepoint "Cleanup", Time since last: 1000349228 ns, Reaching safepoint: 172117 ns, At safepoint: 8515 ns, Total: 180632 ns
[2021-05-07T02:21:33.431+0000][7][safepoint   ] Safepoint "Cleanup", Time since last: 2000373578 ns, Reaching safepoint: 167493 ns, At safepoint: 7834 ns, Total: 175327 ns
[2021-05-07T02:21:35.432+0000][7][safepoint   ] Safepoint "Cleanup", Time since last: 2000454015 ns, Reaching safepoint: 111352 ns, At safepoint: 5825 ns, Total: 117177 ns
[2021-05-07T02:21:36.432+0000][7][safepoint   ] Safepoint "Cleanup", Time since last: 1000123208 ns, Reaching safepoint: 94325 ns, At safepoint: 5338 ns, Total: 99663 ns
[2021-05-07T02:21:38.432+0000][7][safepoint   ] Safepoint "Cleanup", Time since last: 2000328807 ns, Reaching safepoint: 75596 ns, At safepoint: 6081 ns, Total: 81677 ns
[2021-05-07T02:21:41.433+0000][7][safepoint   ] Safepoint "Cleanup", Time since last: 3000295961 ns, Reaching safepoint: 81257 ns, At safepoint: 5967 ns, Total: 87224 ns
[2021-05-07T02:21:44.433+0000][7][safepoint   ] Safepoint "Cleanup", Time since last: 3000535030 ns, Reaching safepoint: 133645 ns, At safepoint: 6724 ns, Total: 140369 ns
[2021-05-07T02:21:46.434+0000][7][safepoint   ] Safepoint "Cleanup", Time since last: 2000194484 ns, Reaching safepoint: 99524 ns, At safepoint: 8133 ns, Total: 107657 ns
[2021-05-07T02:21:48.434+0000][7][safepoint   ] Safepoint "Cleanup", Time since last: 2000544441 ns, Reaching safepoint: 113668 ns, At safepoint: 5562 ns, Total: 119230 ns
[2021-05-07T02:21:50.435+0000][7][safepoint   ] Safepoint "Cleanup", Time since last: 2000583917 ns, Reaching safepoint: 109176 ns, At safepoint: 5858 ns, Total: 115034 ns
[2021-05-07T02:21:51.435+0000][7][safepoint   ] Safepoint "Cleanup", Time since last: 1000110127 ns, Reaching safepoint: 94197 ns, At safepoint: 7093 ns, Total: 101290 ns
[2021-05-07T02:21:52.436+0000][7][safepoint   ] Safepoint "Cleanup", Time since last: 1000154783 ns, Reaching safepoint: 91098 ns, At safepoint: 6198 ns, Total: 97296 ns
[2021-05-07T02:21:53.436+0000][7][safepoint   ] Safepoint "Cleanup", Time since last: 1000089526 ns, Reaching safepoint: 130338 ns, At safepoint: 7727 ns, Total: 138065 ns
[2021-05-07T02:21:54.436+0000][7][safepoint   ] Safepoint "Cleanup", Time since last: 1000335386 ns, Reaching safepoint: 108476 ns, At safepoint: 7070 ns, Total: 115546 ns
[2021-05-07T02:21:56.437+0000][7][safepoint   ] Safepoint "Cleanup", Time since last: 2000450836 ns, Reaching safepoint: 209736 ns, At safepoint: 7925 ns, Total: 217661 ns
[2021-05-07T02:21:58.438+0000][7][safepoint   ] Safepoint "Cleanup", Time since last: 2000527259 ns, Reaching safepoint: 107811 ns, At safepoint: 5379 ns, Total: 113190 ns
[2021-05-07T02:21:59.438+0000][7][safepoint   ] Safepoint "Cleanup", Time since last: 1000440390 ns, Reaching safepoint: 138619 ns, At safepoint: 6972 ns, Total: 145591 ns
[2021-05-07T02:22:00.438+0000][7][safepoint   ] Safepoint "Cleanup", Time since last: 1000168360 ns, Reaching safepoint: 215415 ns, At safepoint: 7102 ns, Total: 222517 ns
[2021-05-07T02:22:01.439+0000][7][safepoint   ] Safepoint "Cleanup", Time since last: 1000560159 ns, Reaching safepoint: 121470 ns, At safepoint: 6055 ns, Total: 127525 ns
[2021-05-07T02:22:02.440+0000][7][safepoint   ] Safepoint "Cleanup", Time since last: 1000261125 ns, Reaching safepoint: 95353 ns, At safepoint: 5778 ns, Total: 101131 ns
[2021-05-07T02:22:03.440+0000][7][safepoint   ] Safepoint "Cleanup", Time since last: 1000264795 ns, Reaching safepoint: 91406 ns, At safepoint: 8213 ns, Total: 99619 ns
[2021-05-07T02:22:05.013+0000][7][gc,heap,exit] Heap
[2021-05-07T02:22:05.013+0000][7][gc,heap,exit]  garbage-first heap   total 262144K, used 157827K [0x00000000f0000000, 0x0000000100000000)
[2021-05-07T02:22:05.013+0000][7][gc,heap,exit]   region size 4096K, 13 young (53248K), 2 survivors (8192K)
[2021-05-07T02:22:05.013+0000][7][gc,heap,exit]  Metaspace       used 101651K, capacity 105415K, committed 106096K, reserved 1140736K
[2021-05-07T02:22:05.013+0000][7][gc,heap,exit]   class space    used 13646K, capacity 14875K, committed 14976K, reserved 1048576K
