[2021-05-11T01:52:32.392+0000][8][gc] Using G1
[2021-05-11T01:52:32.496+0000][8][gc,init] Version: 15.0.1+9 (release)
[2021-05-11T01:52:32.496+0000][8][gc,init] CPUs: 8 total, 8 available
[2021-05-11T01:52:32.496+0000][8][gc,init] Memory: 15907M
[2021-05-11T01:52:32.496+0000][8][gc,init] Large Page Support: Disabled
[2021-05-11T01:52:32.496+0000][8][gc,init] NUMA Support: Disabled
[2021-05-11T01:52:32.496+0000][8][gc,init] Compressed Oops: Enabled (32-bit)
[2021-05-11T01:52:32.496+0000][8][gc,init] Heap Region Size: 4M
[2021-05-11T01:52:32.496+0000][8][gc,init] Heap Min Capacity: 256M
[2021-05-11T01:52:32.496+0000][8][gc,init] Heap Initial Capacity: 256M
[2021-05-11T01:52:32.496+0000][8][gc,init] Heap Max Capacity: 256M
[2021-05-11T01:52:32.496+0000][8][gc,init] Pre-touch: Enabled
[2021-05-11T01:52:32.496+0000][8][gc,init] Parallel Workers: 8
[2021-05-11T01:52:32.496+0000][8][gc,init] Concurrent Workers: 2
[2021-05-11T01:52:32.496+0000][8][gc,init] Concurrent Refinement Workers: 8
[2021-05-11T01:52:32.496+0000][8][gc,init] Periodic GC: Disabled
[2021-05-11T01:52:32.496+0000][8][gc,cds ] Mark closed archive regions in map: [0x00000000ffc00000, 0x00000000ffc7bff8]
[2021-05-11T01:52:32.496+0000][8][gc,cds ] Mark open archive regions in map: [0x00000000ffb00000, 0x00000000ffb51ff8]
[2021-05-11T01:52:32.496+0000][8][gc,metaspace] CDS archive(s) mapped at: [0x0000000800000000-0x0000000800b2a000-0x0000000800b2a000), size 11706368, SharedBaseAddress: 0x0000000800000000, ArchiveRelocationMode: 0.
[2021-05-11T01:52:32.496+0000][8][gc,metaspace] Compressed class space mapped at: 0x0000000800b2c000-0x0000000840b2c000, size: 1073741824
[2021-05-11T01:52:32.496+0000][8][gc,metaspace] Narrow klass base: 0x0000000800000000, Narrow klass shift: 3, Narrow klass range: 0x100000000
[2021-05-11T01:52:32.969+0000][8][safepoint   ] Safepoint "ICBufferFull", Time since last: 466088697 ns, Reaching safepoint: 138740 ns, At safepoint: 6098 ns, Total: 144838 ns
[2021-05-11T01:52:33.092+0000][8][gc,start    ] GC(0) Pause Young (Normal) (G1 Evacuation Pause)
[2021-05-11T01:52:33.093+0000][8][gc,task     ] GC(0) Using 6 workers of 8 for evacuation
[2021-05-11T01:52:33.093+0000][8][gc,age      ] GC(0) Desired survivor size 2097152 bytes, new threshold 15 (max threshold 15)
[2021-05-11T01:52:33.101+0000][8][gc,age      ] GC(0) Age table with threshold 15 (max threshold 15)
[2021-05-11T01:52:33.101+0000][8][gc,age      ] GC(0) - age   1:    3634144 bytes,    3634144 total
[2021-05-11T01:52:33.101+0000][8][gc,phases   ] GC(0)   Pre Evacuate Collection Set: 0.0ms
[2021-05-11T01:52:33.101+0000][8][gc,phases   ] GC(0)   Merge Heap Roots: 0.1ms
[2021-05-11T01:52:33.101+0000][8][gc,phases   ] GC(0)   Evacuate Collection Set: 7.7ms
[2021-05-11T01:52:33.101+0000][8][gc,phases   ] GC(0)   Post Evacuate Collection Set: 0.3ms
[2021-05-11T01:52:33.101+0000][8][gc,phases   ] GC(0)   Other: 1.0ms
[2021-05-11T01:52:33.101+0000][8][gc,heap     ] GC(0) Eden regions: 5->0(5)
[2021-05-11T01:52:33.101+0000][8][gc,heap     ] GC(0) Survivor regions: 0->1(1)
[2021-05-11T01:52:33.101+0000][8][gc,heap     ] GC(0) Old regions: 0->0
[2021-05-11T01:52:33.101+0000][8][gc,heap     ] GC(0) Archive regions: 2->2
[2021-05-11T01:52:33.101+0000][8][gc,heap     ] GC(0) Humongous regions: 0->0
[2021-05-11T01:52:33.101+0000][8][gc,metaspace] GC(0) Metaspace: 6582K(8960K)->6582K(8960K) NonClass: 5865K(7936K)->5865K(7936K) Class: 717K(1024K)->717K(1024K)
[2021-05-11T01:52:33.101+0000][8][gc          ] GC(0) Pause Young (Normal) (G1 Evacuation Pause) 23M->7M(256M) 9.134ms
[2021-05-11T01:52:33.101+0000][8][gc,cpu      ] GC(0) User=0.01s Sys=0.00s Real=0.02s
[2021-05-11T01:52:33.101+0000][8][safepoint   ] Safepoint "G1CollectForAllocation", Time since last: 123161475 ns, Reaching safepoint: 63884 ns, At safepoint: 9221236 ns, Total: 9285120 ns
[2021-05-11T01:52:34.103+0000][8][safepoint   ] Safepoint "ICBufferFull", Time since last: 1001726291 ns, Reaching safepoint: 153333 ns, At safepoint: 6600 ns, Total: 159933 ns
[2021-05-11T01:52:34.131+0000][8][gc,start    ] GC(1) Pause Young (Normal) (G1 Evacuation Pause)
[2021-05-11T01:52:34.131+0000][8][gc,task     ] GC(1) Using 6 workers of 8 for evacuation
[2021-05-11T01:52:34.131+0000][8][gc,age      ] GC(1) Desired survivor size 2097152 bytes, new threshold 1 (max threshold 15)
[2021-05-11T01:52:34.137+0000][8][gc,age      ] GC(1) Age table with threshold 1 (max threshold 15)
[2021-05-11T01:52:34.137+0000][8][gc,age      ] GC(1) - age   1:    1979960 bytes,    1979960 total
[2021-05-11T01:52:34.137+0000][8][gc,phases   ] GC(1)   Pre Evacuate Collection Set: 0.0ms
[2021-05-11T01:52:34.137+0000][8][gc,phases   ] GC(1)   Merge Heap Roots: 0.0ms
[2021-05-11T01:52:34.137+0000][8][gc,phases   ] GC(1)   Evacuate Collection Set: 5.7ms
[2021-05-11T01:52:34.137+0000][8][gc,phases   ] GC(1)   Post Evacuate Collection Set: 0.5ms
[2021-05-11T01:52:34.137+0000][8][gc,phases   ] GC(1)   Other: 0.2ms
[2021-05-11T01:52:34.137+0000][8][gc,heap     ] GC(1) Eden regions: 5->0(12)
[2021-05-11T01:52:34.137+0000][8][gc,heap     ] GC(1) Survivor regions: 1->1(1)
[2021-05-11T01:52:34.137+0000][8][gc,heap     ] GC(1) Old regions: 0->1
[2021-05-11T01:52:34.137+0000][8][gc,heap     ] GC(1) Archive regions: 2->2
[2021-05-11T01:52:34.137+0000][8][gc,heap     ] GC(1) Humongous regions: 0->0
[2021-05-11T01:52:34.137+0000][8][gc,metaspace] GC(1) Metaspace: 11758K(12288K)->11758K(12288K) NonClass: 10355K(10752K)->10355K(10752K) Class: 1403K(1536K)->1403K(1536K)
[2021-05-11T01:52:34.137+0000][8][gc          ] GC(1) Pause Young (Normal) (G1 Evacuation Pause) 27M->9M(256M) 6.567ms
[2021-05-11T01:52:34.137+0000][8][gc,cpu      ] GC(1) User=0.04s Sys=0.00s Real=0.01s
[2021-05-11T01:52:34.138+0000][8][safepoint   ] Safepoint "G1CollectForAllocation", Time since last: 27329562 ns, Reaching safepoint: 129423 ns, At safepoint: 7747145 ns, Total: 7876568 ns
[2021-05-11T01:52:34.900+0000][8][safepoint   ] Safepoint "ICBufferFull", Time since last: 761498496 ns, Reaching safepoint: 170575 ns, At safepoint: 8557 ns, Total: 179132 ns
[2021-05-11T01:52:34.935+0000][8][gc,start    ] GC(2) Pause Young (Normal) (G1 Evacuation Pause)
[2021-05-11T01:52:34.935+0000][8][gc,task     ] GC(2) Using 6 workers of 8 for evacuation
[2021-05-11T01:52:34.935+0000][8][gc,age      ] GC(2) Desired survivor size 4194304 bytes, new threshold 15 (max threshold 15)
[2021-05-11T01:52:34.942+0000][8][gc,age      ] GC(2) Age table with threshold 15 (max threshold 15)
[2021-05-11T01:52:34.942+0000][8][gc,age      ] GC(2) - age   1:    1816296 bytes,    1816296 total
[2021-05-11T01:52:34.942+0000][8][gc,age      ] GC(2) - age   2:    1881176 bytes,    3697472 total
[2021-05-11T01:52:34.942+0000][8][gc,phases   ] GC(2)   Pre Evacuate Collection Set: 0.1ms
[2021-05-11T01:52:34.942+0000][8][gc,phases   ] GC(2)   Merge Heap Roots: 0.1ms
[2021-05-11T01:52:34.942+0000][8][gc,phases   ] GC(2)   Evacuate Collection Set: 6.6ms
[2021-05-11T01:52:34.942+0000][8][gc,phases   ] GC(2)   Post Evacuate Collection Set: 0.4ms
[2021-05-11T01:52:34.942+0000][8][gc,phases   ] GC(2)   Other: 0.2ms
[2021-05-11T01:52:34.942+0000][8][gc,heap     ] GC(2) Eden regions: 12->0(36)
[2021-05-11T01:52:34.942+0000][8][gc,heap     ] GC(2) Survivor regions: 1->1(2)
[2021-05-11T01:52:34.942+0000][8][gc,heap     ] GC(2) Old regions: 1->1
[2021-05-11T01:52:34.942+0000][8][gc,heap     ] GC(2) Archive regions: 2->2
[2021-05-11T01:52:34.942+0000][8][gc,heap     ] GC(2) Humongous regions: 0->0
[2021-05-11T01:52:34.942+0000][8][gc,metaspace] GC(2) Metaspace: 14594K(15104K)->14594K(15104K) NonClass: 12917K(13312K)->12917K(13312K) Class: 1677K(1792K)->1677K(1792K)
[2021-05-11T01:52:34.942+0000][8][gc          ] GC(2) Pause Young (Normal) (G1 Evacuation Pause) 57M->10M(256M) 7.298ms
[2021-05-11T01:52:34.942+0000][8][gc,cpu      ] GC(2) User=0.02s Sys=0.00s Real=0.01s
[2021-05-11T01:52:34.943+0000][8][safepoint   ] Safepoint "G1CollectForAllocation", Time since last: 35093216 ns, Reaching safepoint: 77065 ns, At safepoint: 7359714 ns, Total: 7436779 ns
[2021-05-11T01:52:35.186+0000][8][safepoint   ] Safepoint "ICBufferFull", Time since last: 243427511 ns, Reaching safepoint: 200758 ns, At safepoint: 8200 ns, Total: 208958 ns
[2021-05-11T01:52:35.193+0000][8][safepoint   ] Safepoint "ICBufferFull", Time since last: 6348902 ns, Reaching safepoint: 77499 ns, At safepoint: 7398 ns, Total: 84897 ns
[2021-05-11T01:52:35.196+0000][8][safepoint   ] Safepoint "ICBufferFull", Time since last: 3228426 ns, Reaching safepoint: 96345 ns, At safepoint: 6461 ns, Total: 102806 ns
[2021-05-11T01:52:35.200+0000][8][safepoint   ] Safepoint "ICBufferFull", Time since last: 3807208 ns, Reaching safepoint: 72912 ns, At safepoint: 5255 ns, Total: 78167 ns
[2021-05-11T01:52:35.205+0000][8][safepoint   ] Safepoint "ICBufferFull", Time since last: 5206647 ns, Reaching safepoint: 142656 ns, At safepoint: 5965 ns, Total: 148621 ns
[2021-05-11T01:52:35.208+0000][8][safepoint   ] Safepoint "ICBufferFull", Time since last: 3060731 ns, Reaching safepoint: 130834 ns, At safepoint: 3348 ns, Total: 134182 ns
[2021-05-11T01:52:35.214+0000][8][safepoint   ] Safepoint "ICBufferFull", Time since last: 5597823 ns, Reaching safepoint: 116860 ns, At safepoint: 5147 ns, Total: 122007 ns
[2021-05-11T01:52:35.218+0000][8][safepoint   ] Safepoint "ICBufferFull", Time since last: 3525664 ns, Reaching safepoint: 71449 ns, At safepoint: 5561 ns, Total: 77010 ns
[2021-05-11T01:52:35.222+0000][8][safepoint   ] Safepoint "ICBufferFull", Time since last: 3916688 ns, Reaching safepoint: 106330 ns, At safepoint: 6155 ns, Total: 112485 ns
[2021-05-11T01:52:35.227+0000][8][safepoint   ] Safepoint "ICBufferFull", Time since last: 4732644 ns, Reaching safepoint: 125899 ns, At safepoint: 8241 ns, Total: 134140 ns
[2021-05-11T01:52:35.231+0000][8][safepoint   ] Safepoint "ICBufferFull", Time since last: 3971341 ns, Reaching safepoint: 104580 ns, At safepoint: 9550 ns, Total: 114130 ns
[2021-05-11T01:52:35.235+0000][8][safepoint   ] Safepoint "ICBufferFull", Time since last: 4361549 ns, Reaching safepoint: 70086 ns, At safepoint: 5859 ns, Total: 75945 ns
[2021-05-11T01:52:35.240+0000][8][safepoint   ] Safepoint "ICBufferFull", Time since last: 4329397 ns, Reaching safepoint: 137304 ns, At safepoint: 4881 ns, Total: 142185 ns
[2021-05-11T01:52:35.245+0000][8][safepoint   ] Safepoint "ICBufferFull", Time since last: 5610646 ns, Reaching safepoint: 124262 ns, At safepoint: 3937 ns, Total: 128199 ns
[2021-05-11T01:52:35.250+0000][8][safepoint   ] Safepoint "ICBufferFull", Time since last: 4115117 ns, Reaching safepoint: 99010 ns, At safepoint: 3884 ns, Total: 102894 ns
[2021-05-11T01:52:35.252+0000][8][safepoint   ] Safepoint "ICBufferFull", Time since last: 2332016 ns, Reaching safepoint: 57001 ns, At safepoint: 4292 ns, Total: 61293 ns
[2021-05-11T01:52:35.255+0000][8][safepoint   ] Safepoint "ICBufferFull", Time since last: 2530359 ns, Reaching safepoint: 69378 ns, At safepoint: 3166 ns, Total: 72544 ns
[2021-05-11T01:52:35.259+0000][8][safepoint   ] Safepoint "ICBufferFull", Time since last: 4608256 ns, Reaching safepoint: 68777 ns, At safepoint: 4844 ns, Total: 73621 ns
[2021-05-11T01:52:35.267+0000][8][safepoint   ] Safepoint "ICBufferFull", Time since last: 8101891 ns, Reaching safepoint: 50679 ns, At safepoint: 3799 ns, Total: 54478 ns
[2021-05-11T01:52:35.269+0000][8][safepoint   ] Safepoint "ICBufferFull", Time since last: 1175227 ns, Reaching safepoint: 62314 ns, At safepoint: 4984 ns, Total: 67298 ns
[2021-05-11T01:52:35.270+0000][8][safepoint   ] Safepoint "ICBufferFull", Time since last: 1298498 ns, Reaching safepoint: 63140 ns, At safepoint: 4300 ns, Total: 67440 ns
[2021-05-11T01:52:35.271+0000][8][safepoint   ] Safepoint "ICBufferFull", Time since last: 1167221 ns, Reaching safepoint: 55560 ns, At safepoint: 8337 ns, Total: 63897 ns
[2021-05-11T01:52:35.272+0000][8][safepoint   ] Safepoint "ICBufferFull", Time since last: 1217853 ns, Reaching safepoint: 60810 ns, At safepoint: 6195 ns, Total: 67005 ns
[2021-05-11T01:52:35.274+0000][8][safepoint   ] Safepoint "ICBufferFull", Time since last: 1430271 ns, Reaching safepoint: 150675 ns, At safepoint: 4744 ns, Total: 155419 ns
[2021-05-11T01:52:35.275+0000][8][safepoint   ] Safepoint "ICBufferFull", Time since last: 1119302 ns, Reaching safepoint: 132422 ns, At safepoint: 4715 ns, Total: 137137 ns
[2021-05-11T01:52:35.277+0000][8][safepoint   ] Safepoint "ICBufferFull", Time since last: 1221813 ns, Reaching safepoint: 39521 ns, At safepoint: 3437 ns, Total: 42958 ns
[2021-05-11T01:52:35.278+0000][8][safepoint   ] Safepoint "ICBufferFull", Time since last: 1363972 ns, Reaching safepoint: 122332 ns, At safepoint: 2995 ns, Total: 125327 ns
[2021-05-11T01:52:35.279+0000][8][safepoint   ] Safepoint "ICBufferFull", Time since last: 1264740 ns, Reaching safepoint: 49243 ns, At safepoint: 4535 ns, Total: 53778 ns
[2021-05-11T01:52:35.280+0000][8][safepoint   ] Safepoint "ICBufferFull", Time since last: 849159 ns, Reaching safepoint: 32553 ns, At safepoint: 2793 ns, Total: 35346 ns
[2021-05-11T01:52:35.281+0000][8][safepoint   ] Safepoint "ICBufferFull", Time since last: 1051725 ns, Reaching safepoint: 75007 ns, At safepoint: 3620 ns, Total: 78627 ns
[2021-05-11T01:52:35.282+0000][8][safepoint   ] Safepoint "ICBufferFull", Time since last: 875810 ns, Reaching safepoint: 34994 ns, At safepoint: 3055 ns, Total: 38049 ns
[2021-05-11T01:52:35.284+0000][8][safepoint   ] Safepoint "ICBufferFull", Time since last: 1523680 ns, Reaching safepoint: 152434 ns, At safepoint: 4567 ns, Total: 157001 ns
[2021-05-11T01:52:35.286+0000][8][safepoint   ] Safepoint "ICBufferFull", Time since last: 1585931 ns, Reaching safepoint: 44964 ns, At safepoint: 3280 ns, Total: 48244 ns
[2021-05-11T01:52:35.287+0000][8][safepoint   ] Safepoint "ICBufferFull", Time since last: 1058228 ns, Reaching safepoint: 128251 ns, At safepoint: 4003 ns, Total: 132254 ns
[2021-05-11T01:52:35.288+0000][8][safepoint   ] Safepoint "ICBufferFull", Time since last: 1224482 ns, Reaching safepoint: 35608 ns, At safepoint: 3452 ns, Total: 39060 ns
[2021-05-11T01:52:35.289+0000][8][safepoint   ] Safepoint "ICBufferFull", Time since last: 765143 ns, Reaching safepoint: 116243 ns, At safepoint: 11836 ns, Total: 128079 ns
[2021-05-11T01:52:35.570+0000][8][safepoint   ] Safepoint "ICBufferFull", Time since last: 280762946 ns, Reaching safepoint: 148369 ns, At safepoint: 12061 ns, Total: 160430 ns
[2021-05-11T01:52:35.753+0000][8][gc,start    ] GC(3) Pause Young (Normal) (G1 Evacuation Pause)
[2021-05-11T01:52:35.753+0000][8][gc,task     ] GC(3) Using 6 workers of 8 for evacuation
[2021-05-11T01:52:35.753+0000][8][gc,age      ] GC(3) Desired survivor size 10485760 bytes, new threshold 15 (max threshold 15)
[2021-05-11T01:52:35.761+0000][8][gc,age      ] GC(3) Age table with threshold 15 (max threshold 15)
[2021-05-11T01:52:35.761+0000][8][gc,age      ] GC(3) - age   1:    3060184 bytes,    3060184 total
[2021-05-11T01:52:35.761+0000][8][gc,age      ] GC(3) - age   2:    1796440 bytes,    4856624 total
[2021-05-11T01:52:35.761+0000][8][gc,age      ] GC(3) - age   3:    1866344 bytes,    6722968 total
[2021-05-11T01:52:35.761+0000][8][gc,phases   ] GC(3)   Pre Evacuate Collection Set: 0.0ms
[2021-05-11T01:52:35.761+0000][8][gc,phases   ] GC(3)   Merge Heap Roots: 0.0ms
[2021-05-11T01:52:35.761+0000][8][gc,phases   ] GC(3)   Evacuate Collection Set: 7.6ms
[2021-05-11T01:52:35.761+0000][8][gc,phases   ] GC(3)   Post Evacuate Collection Set: 0.5ms
[2021-05-11T01:52:35.761+0000][8][gc,phases   ] GC(3)   Other: 0.2ms
[2021-05-11T01:52:35.761+0000][8][gc,heap     ] GC(3) Eden regions: 36->0(36)
[2021-05-11T01:52:35.761+0000][8][gc,heap     ] GC(3) Survivor regions: 1->2(5)
[2021-05-11T01:52:35.761+0000][8][gc,heap     ] GC(3) Old regions: 1->1
[2021-05-11T01:52:35.761+0000][8][gc,heap     ] GC(3) Archive regions: 2->2
[2021-05-11T01:52:35.761+0000][8][gc,heap     ] GC(3) Humongous regions: 0->0
[2021-05-11T01:52:35.761+0000][8][gc,metaspace] GC(3) Metaspace: 17920K(18688K)->17920K(18688K) NonClass: 15796K(16384K)->15796K(16384K) Class: 2124K(2304K)->2124K(2304K)
[2021-05-11T01:52:35.762+0000][8][gc          ] GC(3) Pause Young (Normal) (G1 Evacuation Pause) 154M->13M(256M) 8.384ms
[2021-05-11T01:52:35.762+0000][8][gc,cpu      ] GC(3) User=0.04s Sys=0.00s Real=0.01s
[2021-05-11T01:52:35.762+0000][8][safepoint   ] Safepoint "G1CollectForAllocation", Time since last: 182977732 ns, Reaching safepoint: 209552 ns, At safepoint: 8448028 ns, Total: 8657580 ns
[2021-05-11T01:52:36.123+0000][8][gc,start    ] GC(4) Pause Young (Normal) (G1 Evacuation Pause)
[2021-05-11T01:52:36.123+0000][8][gc,task     ] GC(4) Using 6 workers of 8 for evacuation
[2021-05-11T01:52:36.123+0000][8][gc,age      ] GC(4) Desired survivor size 10485760 bytes, new threshold 15 (max threshold 15)
[2021-05-11T01:52:36.138+0000][8][gc,age      ] GC(4) Age table with threshold 15 (max threshold 15)
[2021-05-11T01:52:36.138+0000][8][gc,age      ] GC(4) - age   1:    2624976 bytes,    2624976 total
[2021-05-11T01:52:36.138+0000][8][gc,age      ] GC(4) - age   2:    2968328 bytes,    5593304 total
[2021-05-11T01:52:36.138+0000][8][gc,age      ] GC(4) - age   3:    1796440 bytes,    7389744 total
[2021-05-11T01:52:36.138+0000][8][gc,age      ] GC(4) - age   4:    1866344 bytes,    9256088 total
[2021-05-11T01:52:36.138+0000][8][gc,phases   ] GC(4)   Pre Evacuate Collection Set: 0.0ms
[2021-05-11T01:52:36.138+0000][8][gc,phases   ] GC(4)   Merge Heap Roots: 0.0ms
[2021-05-11T01:52:36.138+0000][8][gc,phases   ] GC(4)   Evacuate Collection Set: 14.5ms
[2021-05-11T01:52:36.138+0000][8][gc,phases   ] GC(4)   Post Evacuate Collection Set: 0.6ms
[2021-05-11T01:52:36.138+0000][8][gc,phases   ] GC(4)   Other: 0.2ms
[2021-05-11T01:52:36.138+0000][8][gc,heap     ] GC(4) Eden regions: 36->0(35)
[2021-05-11T01:52:36.138+0000][8][gc,heap     ] GC(4) Survivor regions: 2->3(5)
[2021-05-11T01:52:36.138+0000][8][gc,heap     ] GC(4) Old regions: 1->1
[2021-05-11T01:52:36.138+0000][8][gc,heap     ] GC(4) Archive regions: 2->2
[2021-05-11T01:52:36.138+0000][8][gc,heap     ] GC(4) Humongous regions: 0->0
[2021-05-11T01:52:36.138+0000][8][gc,metaspace] GC(4) Metaspace: 18400K(19328K)->18400K(19328K) NonClass: 16211K(16896K)->16211K(16896K) Class: 2189K(2432K)->2189K(2432K)
[2021-05-11T01:52:36.138+0000][8][gc          ] GC(4) Pause Young (Normal) (G1 Evacuation Pause) 157M->16M(256M) 15.477ms
[2021-05-11T01:52:36.138+0000][8][gc,cpu      ] GC(4) User=0.05s Sys=0.00s Real=0.01s
[2021-05-11T01:52:36.138+0000][8][safepoint   ] Safepoint "G1CollectForAllocation", Time since last: 360852290 ns, Reaching safepoint: 88009 ns, At safepoint: 15556750 ns, Total: 15644759 ns
[2021-05-11T01:52:36.494+0000][8][gc,start    ] GC(5) Pause Young (Normal) (G1 Evacuation Pause)
[2021-05-11T01:52:36.494+0000][8][gc,task     ] GC(5) Using 6 workers of 8 for evacuation
[2021-05-11T01:52:36.494+0000][8][gc,age      ] GC(5) Desired survivor size 10485760 bytes, new threshold 15 (max threshold 15)
[2021-05-11T01:52:36.502+0000][8][gc,age      ] GC(5) Age table with threshold 15 (max threshold 15)
[2021-05-11T01:52:36.502+0000][8][gc,age      ] GC(5) - age   1:    2093512 bytes,    2093512 total
[2021-05-11T01:52:36.502+0000][8][gc,age      ] GC(5) - age   2:    1817544 bytes,    3911056 total
[2021-05-11T01:52:36.502+0000][8][gc,age      ] GC(5) - age   3:    2966968 bytes,    6878024 total
[2021-05-11T01:52:36.502+0000][8][gc,age      ] GC(5) - age   4:    1796440 bytes,    8674464 total
[2021-05-11T01:52:36.502+0000][8][gc,age      ] GC(5) - age   5:    1866344 bytes,   10540808 total
[2021-05-11T01:52:36.502+0000][8][gc,phases   ] GC(5)   Pre Evacuate Collection Set: 0.1ms
[2021-05-11T01:52:36.502+0000][8][gc,phases   ] GC(5)   Merge Heap Roots: 0.0ms
[2021-05-11T01:52:36.502+0000][8][gc,phases   ] GC(5)   Evacuate Collection Set: 6.1ms
[2021-05-11T01:52:36.502+0000][8][gc,phases   ] GC(5)   Post Evacuate Collection Set: 0.9ms
[2021-05-11T01:52:36.502+0000][8][gc,phases   ] GC(5)   Other: 0.2ms
[2021-05-11T01:52:36.502+0000][8][gc,heap     ] GC(5) Eden regions: 35->0(35)
[2021-05-11T01:52:36.502+0000][8][gc,heap     ] GC(5) Survivor regions: 3->3(5)
[2021-05-11T01:52:36.502+0000][8][gc,heap     ] GC(5) Old regions: 1->1
[2021-05-11T01:52:36.502+0000][8][gc,heap     ] GC(5) Archive regions: 2->2
[2021-05-11T01:52:36.502+0000][8][gc,heap     ] GC(5) Humongous regions: 0->0
[2021-05-11T01:52:36.502+0000][8][gc,metaspace] GC(5) Metaspace: 18874K(19712K)->18874K(19712K) NonClass: 16610K(17152K)->16610K(17152K) Class: 2264K(2560K)->2264K(2560K)
[2021-05-11T01:52:36.502+0000][8][gc          ] GC(5) Pause Young (Normal) (G1 Evacuation Pause) 156M->17M(256M) 7.412ms
[2021-05-11T01:52:36.502+0000][8][gc,cpu      ] GC(5) User=0.03s Sys=0.00s Real=0.01s
[2021-05-11T01:52:36.502+0000][8][safepoint   ] Safepoint "G1CollectForAllocation", Time since last: 356156576 ns, Reaching safepoint: 117244 ns, At safepoint: 7483361 ns, Total: 7600605 ns
[2021-05-11T01:52:36.795+0000][8][gc,start    ] GC(6) Pause Young (Normal) (G1 Evacuation Pause)
[2021-05-11T01:52:36.795+0000][8][gc,task     ] GC(6) Using 6 workers of 8 for evacuation
[2021-05-11T01:52:36.795+0000][8][gc,age      ] GC(6) Desired survivor size 10485760 bytes, new threshold 5 (max threshold 15)
[2021-05-11T01:52:36.805+0000][8][gc,age      ] GC(6) Age table with threshold 5 (max threshold 15)
[2021-05-11T01:52:36.805+0000][8][gc,age      ] GC(6) - age   1:    2951152 bytes,    2951152 total
[2021-05-11T01:52:36.805+0000][8][gc,age      ] GC(6) - age   2:    1510504 bytes,    4461656 total
[2021-05-11T01:52:36.806+0000][8][gc,age      ] GC(6) - age   3:    1817544 bytes,    6279200 total
[2021-05-11T01:52:36.806+0000][8][gc,age      ] GC(6) - age   4:    2966968 bytes,    9246168 total
[2021-05-11T01:52:36.806+0000][8][gc,age      ] GC(6) - age   5:    1796440 bytes,   11042608 total
[2021-05-11T01:52:36.806+0000][8][gc,phases   ] GC(6)   Pre Evacuate Collection Set: 0.0ms
[2021-05-11T01:52:36.806+0000][8][gc,phases   ] GC(6)   Merge Heap Roots: 0.0ms
[2021-05-11T01:52:36.806+0000][8][gc,phases   ] GC(6)   Evacuate Collection Set: 9.4ms
[2021-05-11T01:52:36.806+0000][8][gc,phases   ] GC(6)   Post Evacuate Collection Set: 0.8ms
[2021-05-11T01:52:36.806+0000][8][gc,phases   ] GC(6)   Other: 0.2ms
[2021-05-11T01:52:36.806+0000][8][gc,heap     ] GC(6) Eden regions: 35->0(35)
[2021-05-11T01:52:36.806+0000][8][gc,heap     ] GC(6) Survivor regions: 3->3(5)
[2021-05-11T01:52:36.806+0000][8][gc,heap     ] GC(6) Old regions: 1->2
[2021-05-11T01:52:36.806+0000][8][gc,heap     ] GC(6) Archive regions: 2->2
[2021-05-11T01:52:36.806+0000][8][gc,heap     ] GC(6) Humongous regions: 0->0
[2021-05-11T01:52:36.806+0000][8][gc,metaspace] GC(6) Metaspace: 19162K(20224K)->19162K(20224K) NonClass: 16867K(17664K)->16867K(17664K) Class: 2294K(2560K)->2294K(2560K)
[2021-05-11T01:52:36.806+0000][8][gc          ] GC(6) Pause Young (Normal) (G1 Evacuation Pause) 157M->20M(256M) 10.539ms
[2021-05-11T01:52:36.806+0000][8][gc,cpu      ] GC(6) User=0.06s Sys=0.00s Real=0.01s
[2021-05-11T01:52:36.806+0000][8][safepoint   ] Safepoint "G1CollectForAllocation", Time since last: 293192236 ns, Reaching safepoint: 134495 ns, At safepoint: 10611385 ns, Total: 10745880 ns
[2021-05-11T01:52:37.114+0000][8][gc,start    ] GC(7) Pause Young (Normal) (G1 Evacuation Pause)
[2021-05-11T01:52:37.114+0000][8][gc,task     ] GC(7) Using 6 workers of 8 for evacuation
[2021-05-11T01:52:37.114+0000][8][gc,age      ] GC(7) Desired survivor size 10485760 bytes, new threshold 5 (max threshold 15)
[2021-05-11T01:52:37.138+0000][8][gc,age      ] GC(7) Age table with threshold 5 (max threshold 15)
[2021-05-11T01:52:37.138+0000][8][gc,age      ] GC(7) - age   1:     337984 bytes,     337984 total
[2021-05-11T01:52:37.138+0000][8][gc,age      ] GC(7) - age   2:    1208752 bytes,    1546736 total
[2021-05-11T01:52:37.138+0000][8][gc,age      ] GC(7) - age   3:    1509728 bytes,    3056464 total
[2021-05-11T01:52:37.138+0000][8][gc,age      ] GC(7) - age   4:    1817544 bytes,    4874008 total
[2021-05-11T01:52:37.138+0000][8][gc,age      ] GC(7) - age   5:    2962952 bytes,    7836960 total
[2021-05-11T01:52:37.138+0000][8][gc,phases   ] GC(7)   Pre Evacuate Collection Set: 0.8ms
[2021-05-11T01:52:37.138+0000][8][gc,phases   ] GC(7)   Merge Heap Roots: 0.1ms
[2021-05-11T01:52:37.138+0000][8][gc,phases   ] GC(7)   Evacuate Collection Set: 21.4ms
[2021-05-11T01:52:37.138+0000][8][gc,phases   ] GC(7)   Post Evacuate Collection Set: 1.6ms
[2021-05-11T01:52:37.138+0000][8][gc,phases   ] GC(7)   Other: 0.3ms
[2021-05-11T01:52:37.138+0000][8][gc,heap     ] GC(7) Eden regions: 35->0(35)
[2021-05-11T01:52:37.138+0000][8][gc,heap     ] GC(7) Survivor regions: 3->3(5)
[2021-05-11T01:52:37.138+0000][8][gc,heap     ] GC(7) Old regions: 2->2
[2021-05-11T01:52:37.138+0000][8][gc,heap     ] GC(7) Archive regions: 2->2
[2021-05-11T01:52:37.138+0000][8][gc,heap     ] GC(7) Humongous regions: 0->0
[2021-05-11T01:52:37.138+0000][8][gc,metaspace] GC(7) Metaspace: 19337K(20480K)->19337K(20480K) NonClass: 17010K(17920K)->17010K(17920K) Class: 2327K(2560K)->2327K(2560K)
[2021-05-11T01:52:37.138+0000][8][gc          ] GC(7) Pause Young (Normal) (G1 Evacuation Pause) 160M->19M(256M) 24.359ms
[2021-05-11T01:52:37.138+0000][8][gc,cpu      ] GC(7) User=0.08s Sys=0.00s Real=0.02s
[2021-05-11T01:52:37.138+0000][8][safepoint   ] Safepoint "G1CollectForAllocation", Time since last: 308013530 ns, Reaching safepoint: 104929 ns, At safepoint: 24475914 ns, Total: 24580843 ns
[2021-05-11T01:52:37.465+0000][8][gc,start    ] GC(8) Pause Young (Normal) (G1 Evacuation Pause)
[2021-05-11T01:52:37.465+0000][8][gc,task     ] GC(8) Using 6 workers of 8 for evacuation
[2021-05-11T01:52:37.465+0000][8][gc,age      ] GC(8) Desired survivor size 10485760 bytes, new threshold 15 (max threshold 15)
[2021-05-11T01:52:37.471+0000][8][gc,age      ] GC(8) Age table with threshold 15 (max threshold 15)
[2021-05-11T01:52:37.471+0000][8][gc,age      ] GC(8) - age   1:     874864 bytes,     874864 total
[2021-05-11T01:52:37.471+0000][8][gc,age      ] GC(8) - age   2:     304080 bytes,    1178944 total
[2021-05-11T01:52:37.471+0000][8][gc,age      ] GC(8) - age   3:    1208752 bytes,    2387696 total
[2021-05-11T01:52:37.471+0000][8][gc,age      ] GC(8) - age   4:    1509728 bytes,    3897424 total
[2021-05-11T01:52:37.471+0000][8][gc,age      ] GC(8) - age   5:    1817544 bytes,    5714968 total
[2021-05-11T01:52:37.471+0000][8][gc,age      ] GC(8) - age   6:    2962952 bytes,    8677920 total
[2021-05-11T01:52:37.471+0000][8][gc,phases   ] GC(8)   Pre Evacuate Collection Set: 0.0ms
[2021-05-11T01:52:37.471+0000][8][gc,phases   ] GC(8)   Merge Heap Roots: 0.0ms
[2021-05-11T01:52:37.471+0000][8][gc,phases   ] GC(8)   Evacuate Collection Set: 5.7ms
[2021-05-11T01:52:37.471+0000][8][gc,phases   ] GC(8)   Post Evacuate Collection Set: 0.4ms
[2021-05-11T01:52:37.471+0000][8][gc,phases   ] GC(8)   Other: 0.2ms
[2021-05-11T01:52:37.471+0000][8][gc,heap     ] GC(8) Eden regions: 35->0(35)
[2021-05-11T01:52:37.471+0000][8][gc,heap     ] GC(8) Survivor regions: 3->3(5)
[2021-05-11T01:52:37.471+0000][8][gc,heap     ] GC(8) Old regions: 2->2
[2021-05-11T01:52:37.471+0000][8][gc,heap     ] GC(8) Archive regions: 2->2
[2021-05-11T01:52:37.471+0000][8][gc,heap     ] GC(8) Humongous regions: 0->0
[2021-05-11T01:52:37.471+0000][8][gc,metaspace] GC(8) Metaspace: 19517K(20864K)->19517K(20864K) NonClass: 17155K(18176K)->17155K(18176K) Class: 2361K(2688K)->2361K(2688K)
[2021-05-11T01:52:37.471+0000][8][gc          ] GC(8) Pause Young (Normal) (G1 Evacuation Pause) 159M->19M(256M) 6.458ms
[2021-05-11T01:52:37.471+0000][8][gc,cpu      ] GC(8) User=0.03s Sys=0.00s Real=0.00s
[2021-05-11T01:52:37.471+0000][8][safepoint   ] Safepoint "G1CollectForAllocation", Time since last: 326492688 ns, Reaching safepoint: 79710 ns, At safepoint: 6531615 ns, Total: 6611325 ns
[2021-05-11T01:52:37.791+0000][8][gc,start    ] GC(9) Pause Young (Normal) (G1 Evacuation Pause)
[2021-05-11T01:52:37.791+0000][8][gc,task     ] GC(9) Using 6 workers of 8 for evacuation
[2021-05-11T01:52:37.791+0000][8][gc,age      ] GC(9) Desired survivor size 10485760 bytes, new threshold 15 (max threshold 15)
[2021-05-11T01:52:37.805+0000][8][gc,age      ] GC(9) Age table with threshold 15 (max threshold 15)
[2021-05-11T01:52:37.805+0000][8][gc,age      ] GC(9) - age   1:     822696 bytes,     822696 total
[2021-05-11T01:52:37.805+0000][8][gc,age      ] GC(9) - age   2:     244200 bytes,    1066896 total
[2021-05-11T01:52:37.805+0000][8][gc,age      ] GC(9) - age   3:     303928 bytes,    1370824 total
[2021-05-11T01:52:37.805+0000][8][gc,age      ] GC(9) - age   4:    1208752 bytes,    2579576 total
[2021-05-11T01:52:37.805+0000][8][gc,age      ] GC(9) - age   5:    1509056 bytes,    4088632 total
[2021-05-11T01:52:37.805+0000][8][gc,age      ] GC(9) - age   6:    1817544 bytes,    5906176 total
[2021-05-11T01:52:37.805+0000][8][gc,age      ] GC(9) - age   7:    2962536 bytes,    8868712 total
[2021-05-11T01:52:37.805+0000][8][gc,phases   ] GC(9)   Pre Evacuate Collection Set: 0.0ms
[2021-05-11T01:52:37.805+0000][8][gc,phases   ] GC(9)   Merge Heap Roots: 0.0ms
[2021-05-11T01:52:37.805+0000][8][gc,phases   ] GC(9)   Evacuate Collection Set: 12.7ms
[2021-05-11T01:52:37.805+0000][8][gc,phases   ] GC(9)   Post Evacuate Collection Set: 0.4ms
[2021-05-11T01:52:37.805+0000][8][gc,phases   ] GC(9)   Other: 0.2ms
[2021-05-11T01:52:37.805+0000][8][gc,heap     ] GC(9) Eden regions: 35->0(35)
[2021-05-11T01:52:37.805+0000][8][gc,heap     ] GC(9) Survivor regions: 3->3(5)
[2021-05-11T01:52:37.805+0000][8][gc,heap     ] GC(9) Old regions: 2->2
[2021-05-11T01:52:37.805+0000][8][gc,heap     ] GC(9) Archive regions: 2->2
[2021-05-11T01:52:37.805+0000][8][gc,heap     ] GC(9) Humongous regions: 0->0
[2021-05-11T01:52:37.805+0000][8][gc,metaspace] GC(9) Metaspace: 19585K(20864K)->19585K(20864K) NonClass: 17210K(18176K)->17210K(18176K) Class: 2374K(2688K)->2374K(2688K)
[2021-05-11T01:52:37.805+0000][8][gc          ] GC(9) Pause Young (Normal) (G1 Evacuation Pause) 159M->19M(256M) 13.555ms
[2021-05-11T01:52:37.805+0000][8][gc,cpu      ] GC(9) User=0.05s Sys=0.00s Real=0.02s
[2021-05-11T01:52:37.805+0000][8][safepoint   ] Safepoint "G1CollectForAllocation", Time since last: 319660220 ns, Reaching safepoint: 137909 ns, At safepoint: 13623327 ns, Total: 13761236 ns
[2021-05-11T01:52:38.219+0000][8][gc,start    ] GC(10) Pause Young (Normal) (G1 Evacuation Pause)
[2021-05-11T01:52:38.219+0000][8][gc,task     ] GC(10) Using 6 workers of 8 for evacuation
[2021-05-11T01:52:38.219+0000][8][gc,age      ] GC(10) Desired survivor size 10485760 bytes, new threshold 15 (max threshold 15)
[2021-05-11T01:52:38.227+0000][8][gc,age      ] GC(10) Age table with threshold 15 (max threshold 15)
[2021-05-11T01:52:38.227+0000][8][gc,age      ] GC(10) - age   1:    1767568 bytes,    1767568 total
[2021-05-11T01:52:38.227+0000][8][gc,age      ] GC(10) - age   2:     412536 bytes,    2180104 total
[2021-05-11T01:52:38.227+0000][8][gc,age      ] GC(10) - age   3:     244136 bytes,    2424240 total
[2021-05-11T01:52:38.227+0000][8][gc,age      ] GC(10) - age   4:     303864 bytes,    2728104 total
[2021-05-11T01:52:38.227+0000][8][gc,age      ] GC(10) - age   5:    1208752 bytes,    3936856 total
[2021-05-11T01:52:38.227+0000][8][gc,age      ] GC(10) - age   6:    1508016 bytes,    5444872 total
[2021-05-11T01:52:38.227+0000][8][gc,age      ] GC(10) - age   7:    1817480 bytes,    7262352 total
[2021-05-11T01:52:38.227+0000][8][gc,age      ] GC(10) - age   8:    2962096 bytes,   10224448 total
[2021-05-11T01:52:38.227+0000][8][gc,phases   ] GC(10)   Pre Evacuate Collection Set: 0.0ms
[2021-05-11T01:52:38.227+0000][8][gc,phases   ] GC(10)   Merge Heap Roots: 0.0ms
[2021-05-11T01:52:38.227+0000][8][gc,phases   ] GC(10)   Evacuate Collection Set: 7.6ms
[2021-05-11T01:52:38.227+0000][8][gc,phases   ] GC(10)   Post Evacuate Collection Set: 0.5ms
[2021-05-11T01:52:38.227+0000][8][gc,phases   ] GC(10)   Other: 0.2ms
[2021-05-11T01:52:38.227+0000][8][gc,heap     ] GC(10) Eden regions: 35->0(35)
[2021-05-11T01:52:38.227+0000][8][gc,heap     ] GC(10) Survivor regions: 3->3(5)
[2021-05-11T01:52:38.227+0000][8][gc,heap     ] GC(10) Old regions: 2->2
[2021-05-11T01:52:38.227+0000][8][gc,heap     ] GC(10) Archive regions: 2->2
[2021-05-11T01:52:38.227+0000][8][gc,heap     ] GC(10) Humongous regions: 0->0
[2021-05-11T01:52:38.227+0000][8][gc,metaspace] GC(10) Metaspace: 20061K(21296K)->20061K(21296K) NonClass: 17617K(18608K)->17617K(18608K) Class: 2443K(2688K)->2443K(2688K)
[2021-05-11T01:52:38.227+0000][8][gc          ] GC(10) Pause Young (Normal) (G1 Evacuation Pause) 159M->21M(256M) 8.512ms
[2021-05-11T01:52:38.227+0000][8][gc,cpu      ] GC(10) User=0.04s Sys=0.00s Real=0.01s
[2021-05-11T01:52:38.227+0000][8][safepoint   ] Safepoint "G1CollectForAllocation", Time since last: 413630023 ns, Reaching safepoint: 79130 ns, At safepoint: 8599552 ns, Total: 8678682 ns
[2021-05-11T01:52:38.474+0000][8][gc,start    ] GC(11) Pause Young (Normal) (G1 Evacuation Pause)
[2021-05-11T01:52:38.474+0000][8][gc,task     ] GC(11) Using 6 workers of 8 for evacuation
[2021-05-11T01:52:38.474+0000][8][gc,age      ] GC(11) Desired survivor size 10485760 bytes, new threshold 15 (max threshold 15)
[2021-05-11T01:52:38.484+0000][8][gc,age      ] GC(11) Age table with threshold 15 (max threshold 15)
[2021-05-11T01:52:38.484+0000][8][gc,age      ] GC(11) - age   1:    2021784 bytes,    2021784 total
[2021-05-11T01:52:38.484+0000][8][gc,age      ] GC(11) - age   2:    1736216 bytes,    3758000 total
[2021-05-11T01:52:38.484+0000][8][gc,age      ] GC(11) - age   3:     411544 bytes,    4169544 total
[2021-05-11T01:52:38.484+0000][8][gc,age      ] GC(11) - age   4:     244136 bytes,    4413680 total
[2021-05-11T01:52:38.484+0000][8][gc,age      ] GC(11) - age   5:     303592 bytes,    4717272 total
[2021-05-11T01:52:38.484+0000][8][gc,age      ] GC(11) - age   6:    1208752 bytes,    5926024 total
[2021-05-11T01:52:38.484+0000][8][gc,age      ] GC(11) - age   7:    1508016 bytes,    7434040 total
[2021-05-11T01:52:38.484+0000][8][gc,age      ] GC(11) - age   8:    1817480 bytes,    9251520 total
[2021-05-11T01:52:38.484+0000][8][gc,age      ] GC(11) - age   9:    2962096 bytes,   12213616 total
[2021-05-11T01:52:38.484+0000][8][gc,phases   ] GC(11)   Pre Evacuate Collection Set: 0.0ms
[2021-05-11T01:52:38.484+0000][8][gc,phases   ] GC(11)   Merge Heap Roots: 0.0ms
[2021-05-11T01:52:38.484+0000][8][gc,phases   ] GC(11)   Evacuate Collection Set: 9.7ms
[2021-05-11T01:52:38.484+0000][8][gc,phases   ] GC(11)   Post Evacuate Collection Set: 0.4ms
[2021-05-11T01:52:38.484+0000][8][gc,phases   ] GC(11)   Other: 0.2ms
[2021-05-11T01:52:38.484+0000][8][gc,heap     ] GC(11) Eden regions: 35->0(34)
[2021-05-11T01:52:38.484+0000][8][gc,heap     ] GC(11) Survivor regions: 3->4(5)
[2021-05-11T01:52:38.485+0000][8][gc,heap     ] GC(11) Old regions: 2->2
[2021-05-11T01:52:38.485+0000][8][gc,heap     ] GC(11) Archive regions: 2->2
[2021-05-11T01:52:38.485+0000][8][gc,heap     ] GC(11) Humongous regions: 0->0
[2021-05-11T01:52:38.485+0000][8][gc,metaspace] GC(11) Metaspace: 20150K(21296K)->20150K(21296K) NonClass: 17694K(18608K)->17694K(18608K) Class: 2456K(2688K)->2456K(2688K)
[2021-05-11T01:52:38.485+0000][8][gc          ] GC(11) Pause Young (Normal) (G1 Evacuation Pause) 161M->23M(256M) 10.569ms
[2021-05-11T01:52:38.485+0000][8][gc,cpu      ] GC(11) User=0.04s Sys=0.00s Real=0.01s
[2021-05-11T01:52:38.485+0000][8][safepoint   ] Safepoint "G1CollectForAllocation", Time since last: 246664342 ns, Reaching safepoint: 109072 ns, At safepoint: 10644278 ns, Total: 10753350 ns
[2021-05-11T01:52:38.503+0000][8][gc,start    ] GC(12) Pause Young (Concurrent Start) (Metadata GC Threshold)
[2021-05-11T01:52:38.503+0000][8][gc,task     ] GC(12) Using 6 workers of 8 for evacuation
[2021-05-11T01:52:38.503+0000][8][gc,age      ] GC(12) Desired survivor size 10485760 bytes, new threshold 9 (max threshold 15)
[2021-05-11T01:52:38.510+0000][8][gc,age      ] GC(12) Age table with threshold 9 (max threshold 15)
[2021-05-11T01:52:38.510+0000][8][gc,age      ] GC(12) - age   1:      49776 bytes,      49776 total
[2021-05-11T01:52:38.510+0000][8][gc,age      ] GC(12) - age   2:     530112 bytes,     579888 total
[2021-05-11T01:52:38.510+0000][8][gc,age      ] GC(12) - age   3:    1736216 bytes,    2316104 total
[2021-05-11T01:52:38.510+0000][8][gc,age      ] GC(12) - age   4:     411544 bytes,    2727648 total
[2021-05-11T01:52:38.510+0000][8][gc,age      ] GC(12) - age   5:     244136 bytes,    2971784 total
[2021-05-11T01:52:38.510+0000][8][gc,age      ] GC(12) - age   6:     303592 bytes,    3275376 total
[2021-05-11T01:52:38.510+0000][8][gc,age      ] GC(12) - age   7:    1208752 bytes,    4484128 total
[2021-05-11T01:52:38.510+0000][8][gc,age      ] GC(12) - age   8:    1508016 bytes,    5992144 total
[2021-05-11T01:52:38.510+0000][8][gc,age      ] GC(12) - age   9:    1817480 bytes,    7809624 total
[2021-05-11T01:52:38.510+0000][8][gc,phases   ] GC(12)   Pre Evacuate Collection Set: 0.1ms
[2021-05-11T01:52:38.510+0000][8][gc,phases   ] GC(12)   Merge Heap Roots: 0.0ms
[2021-05-11T01:52:38.510+0000][8][gc,phases   ] GC(12)   Evacuate Collection Set: 5.9ms
[2021-05-11T01:52:38.510+0000][8][gc,phases   ] GC(12)   Post Evacuate Collection Set: 0.4ms
[2021-05-11T01:52:38.510+0000][8][gc,phases   ] GC(12)   Other: 0.3ms
[2021-05-11T01:52:38.510+0000][8][gc,heap     ] GC(12) Eden regions: 2->0(35)
[2021-05-11T01:52:38.510+0000][8][gc,heap     ] GC(12) Survivor regions: 4->3(5)
[2021-05-11T01:52:38.510+0000][8][gc,heap     ] GC(12) Old regions: 2->3
[2021-05-11T01:52:38.510+0000][8][gc,heap     ] GC(12) Archive regions: 2->2
[2021-05-11T01:52:38.510+0000][8][gc,heap     ] GC(12) Humongous regions: 0->0
[2021-05-11T01:52:38.510+0000][8][gc,metaspace] GC(12) Metaspace: 20151K(21296K)->20151K(21296K) NonClass: 17695K(18608K)->17695K(18608K) Class: 2456K(2688K)->2456K(2688K)
[2021-05-11T01:52:38.510+0000][8][gc          ] GC(12) Pause Young (Concurrent Start) (Metadata GC Threshold) 31M->22M(256M) 6.794ms
[2021-05-11T01:52:38.510+0000][8][gc,cpu      ] GC(12) User=0.03s Sys=0.00s Real=0.00s
[2021-05-11T01:52:38.510+0000][8][gc          ] GC(13) Concurrent Cycle
[2021-05-11T01:52:38.510+0000][8][gc,marking  ] GC(13) Concurrent Clear Claimed Marks
[2021-05-11T01:52:38.510+0000][8][gc,marking  ] GC(13) Concurrent Clear Claimed Marks 0.032ms
[2021-05-11T01:52:38.510+0000][8][gc,marking  ] GC(13) Concurrent Scan Root Regions
[2021-05-11T01:52:38.513+0000][8][safepoint   ] Safepoint "CollectForMetadataAllocation", Time since last: 18630296 ns, Reaching safepoint: 58052 ns, At safepoint: 9398175 ns, Total: 9456227 ns
[2021-05-11T01:52:38.514+0000][8][gc,marking  ] GC(13) Concurrent Scan Root Regions 3.922ms
[2021-05-11T01:52:38.514+0000][8][gc,marking  ] GC(13) Concurrent Mark (6.129s)
[2021-05-11T01:52:38.514+0000][8][gc,marking  ] GC(13) Concurrent Mark From Roots
[2021-05-11T01:52:38.514+0000][8][gc,task     ] GC(13) Using 2 workers of 2 for marking
[2021-05-11T01:52:38.536+0000][8][gc,marking  ] GC(13) Concurrent Mark From Roots 21.832ms
[2021-05-11T01:52:38.536+0000][8][gc,marking  ] GC(13) Concurrent Preclean
[2021-05-11T01:52:38.536+0000][8][gc,marking  ] GC(13) Concurrent Preclean 0.209ms
[2021-05-11T01:52:38.536+0000][8][gc,marking  ] GC(13) Concurrent Mark (6.129s, 6.151s) 22.117ms
[2021-05-11T01:52:38.536+0000][8][gc,start    ] GC(13) Pause Remark
[2021-05-11T01:52:38.541+0000][8][gc          ] GC(13) Pause Remark 36M->36M(256M) 4.601ms
[2021-05-11T01:52:38.541+0000][8][gc,cpu      ] GC(13) User=0.02s Sys=0.00s Real=0.01s
[2021-05-11T01:52:38.541+0000][8][safepoint   ] Safepoint "G1Concurrent", Time since last: 23654975 ns, Reaching safepoint: 121265 ns, At safepoint: 4666941 ns, Total: 4788206 ns
[2021-05-11T01:52:38.541+0000][8][gc,marking  ] GC(13) Concurrent Rebuild Remembered Sets
[2021-05-11T01:52:38.548+0000][8][gc,marking  ] GC(13) Concurrent Rebuild Remembered Sets 6.996ms
[2021-05-11T01:52:38.549+0000][8][gc,start    ] GC(13) Pause Cleanup
[2021-05-11T01:52:38.549+0000][8][gc          ] GC(13) Pause Cleanup 40M->40M(256M) 0.068ms
[2021-05-11T01:52:38.549+0000][8][gc,cpu      ] GC(13) User=0.00s Sys=0.00s Real=0.00s
[2021-05-11T01:52:38.549+0000][8][safepoint   ] Safepoint "G1Concurrent", Time since last: 7091013 ns, Reaching safepoint: 477626 ns, At safepoint: 120961 ns, Total: 598587 ns
[2021-05-11T01:52:38.549+0000][8][gc,marking  ] GC(13) Concurrent Cleanup for Next Mark
[2021-05-11T01:52:38.549+0000][8][gc,marking  ] GC(13) Concurrent Cleanup for Next Mark 0.315ms
[2021-05-11T01:52:38.549+0000][8][gc          ] GC(13) Concurrent Cycle 39.053ms
[2021-05-11T01:52:38.788+0000][8][gc,start    ] GC(14) Pause Young (Normal) (G1 Evacuation Pause)
[2021-05-11T01:52:38.788+0000][8][gc,task     ] GC(14) Using 6 workers of 8 for evacuation
[2021-05-11T01:52:38.788+0000][8][gc,age      ] GC(14) Desired survivor size 10485760 bytes, new threshold 15 (max threshold 15)
[2021-05-11T01:52:38.797+0000][8][gc,age      ] GC(14) Age table with threshold 15 (max threshold 15)
[2021-05-11T01:52:38.797+0000][8][gc,age      ] GC(14) - age   1:     558312 bytes,     558312 total
[2021-05-11T01:52:38.797+0000][8][gc,age      ] GC(14) - age   2:      31912 bytes,     590224 total
[2021-05-11T01:52:38.797+0000][8][gc,age      ] GC(14) - age   3:     530112 bytes,    1120336 total
[2021-05-11T01:52:38.797+0000][8][gc,age      ] GC(14) - age   4:    1736184 bytes,    2856520 total
[2021-05-11T01:52:38.797+0000][8][gc,age      ] GC(14) - age   5:     411328 bytes,    3267848 total
[2021-05-11T01:52:38.797+0000][8][gc,age      ] GC(14) - age   6:     244136 bytes,    3511984 total
[2021-05-11T01:52:38.797+0000][8][gc,age      ] GC(14) - age   7:     303320 bytes,    3815304 total
[2021-05-11T01:52:38.797+0000][8][gc,age      ] GC(14) - age   8:    1208752 bytes,    5024056 total
[2021-05-11T01:52:38.797+0000][8][gc,age      ] GC(14) - age   9:    1508016 bytes,    6532072 total
[2021-05-11T01:52:38.797+0000][8][gc,age      ] GC(14) - age  10:    1817480 bytes,    8349552 total
[2021-05-11T01:52:38.797+0000][8][gc,phases   ] GC(14)   Pre Evacuate Collection Set: 0.1ms
[2021-05-11T01:52:38.797+0000][8][gc,phases   ] GC(14)   Merge Heap Roots: 0.0ms
[2021-05-11T01:52:38.797+0000][8][gc,phases   ] GC(14)   Evacuate Collection Set: 8.6ms
[2021-05-11T01:52:38.797+0000][8][gc,phases   ] GC(14)   Post Evacuate Collection Set: 0.5ms
[2021-05-11T01:52:38.797+0000][8][gc,phases   ] GC(14)   Other: 0.3ms
[2021-05-11T01:52:38.797+0000][8][gc,heap     ] GC(14) Eden regions: 35->0(35)
[2021-05-11T01:52:38.797+0000][8][gc,heap     ] GC(14) Survivor regions: 3->3(5)
[2021-05-11T01:52:38.797+0000][8][gc,heap     ] GC(14) Old regions: 3->3
[2021-05-11T01:52:38.797+0000][8][gc,heap     ] GC(14) Archive regions: 2->2
[2021-05-11T01:52:38.797+0000][8][gc,heap     ] GC(14) Humongous regions: 0->0
[2021-05-11T01:52:38.797+0000][8][gc,metaspace] GC(14) Metaspace: 20185K(21680K)->20185K(21680K) NonClass: 17720K(18864K)->17720K(18864K) Class: 2465K(2816K)->2465K(2816K)
[2021-05-11T01:52:38.797+0000][8][gc          ] GC(14) Pause Young (Normal) (G1 Evacuation Pause) 162M->22M(256M) 9.631ms
[2021-05-11T01:52:38.797+0000][8][gc,cpu      ] GC(14) User=0.04s Sys=0.00s Real=0.01s
[2021-05-11T01:52:38.798+0000][8][safepoint   ] Safepoint "G1CollectForAllocation", Time since last: 238913694 ns, Reaching safepoint: 72920 ns, At safepoint: 9713435 ns, Total: 9786355 ns
[2021-05-11T01:52:39.777+0000][8][safepoint   ] Safepoint "ICBufferFull", Time since last: 978889736 ns, Reaching safepoint: 297294 ns, At safepoint: 10218 ns, Total: 307512 ns
[2021-05-11T01:52:40.488+0000][8][safepoint   ] Safepoint "ICBufferFull", Time since last: 710906308 ns, Reaching safepoint: 265309 ns, At safepoint: 17301 ns, Total: 282610 ns
[2021-05-11T01:52:41.036+0000][8][gc,start    ] GC(15) Pause Young (Normal) (G1 Evacuation Pause)
[2021-05-11T01:52:41.036+0000][8][gc,task     ] GC(15) Using 6 workers of 8 for evacuation
[2021-05-11T01:52:41.036+0000][8][gc,age      ] GC(15) Desired survivor size 10485760 bytes, new threshold 15 (max threshold 15)
[2021-05-11T01:52:41.061+0000][8][gc,age      ] GC(15) Age table with threshold 15 (max threshold 15)
[2021-05-11T01:52:41.061+0000][8][gc,age      ] GC(15) - age   1:   12743056 bytes,   12743056 total
[2021-05-11T01:52:41.061+0000][8][gc,age      ] GC(15) - age   2:     344952 bytes,   13088008 total
[2021-05-11T01:52:41.061+0000][8][gc,age      ] GC(15) - age   3:      31912 bytes,   13119920 total
[2021-05-11T01:52:41.061+0000][8][gc,age      ] GC(15) - age   4:     529640 bytes,   13649560 total
[2021-05-11T01:52:41.061+0000][8][gc,age      ] GC(15) - age   5:    1731696 bytes,   15381256 total
[2021-05-11T01:52:41.061+0000][8][gc,age      ] GC(15) - age   6:     410768 bytes,   15792024 total
[2021-05-11T01:52:41.061+0000][8][gc,age      ] GC(15) - age   7:     243704 bytes,   16035728 total
[2021-05-11T01:52:41.061+0000][8][gc,age      ] GC(15) - age   8:     296144 bytes,   16331872 total
[2021-05-11T01:52:41.061+0000][8][gc,age      ] GC(15) - age   9:    1205872 bytes,   17537744 total
[2021-05-11T01:52:41.061+0000][8][gc,age      ] GC(15) - age  10:    1504352 bytes,   19042096 total
[2021-05-11T01:52:41.061+0000][8][gc,age      ] GC(15) - age  11:    1812464 bytes,   20854560 total
[2021-05-11T01:52:41.061+0000][8][gc,phases   ] GC(15)   Pre Evacuate Collection Set: 0.1ms
[2021-05-11T01:52:41.061+0000][8][gc,phases   ] GC(15)   Merge Heap Roots: 0.1ms
[2021-05-11T01:52:41.061+0000][8][gc,phases   ] GC(15)   Evacuate Collection Set: 23.1ms
[2021-05-11T01:52:41.061+0000][8][gc,phases   ] GC(15)   Post Evacuate Collection Set: 1.2ms
[2021-05-11T01:52:41.061+0000][8][gc,phases   ] GC(15)   Other: 0.3ms
[2021-05-11T01:52:41.061+0000][8][gc,heap     ] GC(15) Eden regions: 35->0(33)
[2021-05-11T01:52:41.061+0000][8][gc,heap     ] GC(15) Survivor regions: 3->5(5)
[2021-05-11T01:52:41.061+0000][8][gc,heap     ] GC(15) Old regions: 3->3
[2021-05-11T01:52:41.061+0000][8][gc,heap     ] GC(15) Archive regions: 2->2
[2021-05-11T01:52:41.061+0000][8][gc,heap     ] GC(15) Humongous regions: 0->0
[2021-05-11T01:52:41.061+0000][8][gc,metaspace] GC(15) Metaspace: 29874K(31920K)->29874K(31920K) NonClass: 26148K(27568K)->26148K(27568K) Class: 3726K(4352K)->3726K(4352K)
[2021-05-11T01:52:41.062+0000][8][gc          ] GC(15) Pause Young (Normal) (G1 Evacuation Pause) 162M->34M(256M) 25.528ms
[2021-05-11T01:52:41.062+0000][8][gc,cpu      ] GC(15) User=0.16s Sys=0.00s Real=0.03s
[2021-05-11T01:52:41.062+0000][8][safepoint   ] Safepoint "G1CollectForAllocation", Time since last: 548372244 ns, Reaching safepoint: 102866 ns, At safepoint: 25635661 ns, Total: 25738527 ns
[2021-05-11T01:52:42.063+0000][8][safepoint   ] Safepoint "Cleanup", Time since last: 1000424433 ns, Reaching safepoint: 166481 ns, At safepoint: 5930 ns, Total: 172411 ns
[2021-05-11T01:52:42.307+0000][8][gc,start    ] GC(16) Pause Young (Normal) (G1 Evacuation Pause)
[2021-05-11T01:52:42.307+0000][8][gc,task     ] GC(16) Using 6 workers of 8 for evacuation
[2021-05-11T01:52:42.307+0000][8][gc,age      ] GC(16) Desired survivor size 10485760 bytes, new threshold 1 (max threshold 15)
[2021-05-11T01:52:42.338+0000][8][gc,age      ] GC(16) Age table with threshold 1 (max threshold 15)
[2021-05-11T01:52:42.338+0000][8][gc,age      ] GC(16) - age   1:   16743912 bytes,   16743912 total
[2021-05-11T01:52:42.339+0000][8][gc,phases   ] GC(16)   Pre Evacuate Collection Set: 0.1ms
[2021-05-11T01:52:42.339+0000][8][gc,phases   ] GC(16)   Merge Heap Roots: 0.1ms
[2021-05-11T01:52:42.339+0000][8][gc,phases   ] GC(16)   Evacuate Collection Set: 31.1ms
[2021-05-11T01:52:42.339+0000][8][gc,phases   ] GC(16)   Post Evacuate Collection Set: 0.5ms
[2021-05-11T01:52:42.339+0000][8][gc,phases   ] GC(16)   Other: 0.2ms
[2021-05-11T01:52:42.339+0000][8][gc,heap     ] GC(16) Eden regions: 33->0(32)
[2021-05-11T01:52:42.339+0000][8][gc,heap     ] GC(16) Survivor regions: 5->5(5)
[2021-05-11T01:52:42.339+0000][8][gc,heap     ] GC(16) Old regions: 3->8
[2021-05-11T01:52:42.339+0000][8][gc,heap     ] GC(16) Archive regions: 2->2
[2021-05-11T01:52:42.339+0000][8][gc,heap     ] GC(16) Humongous regions: 0->0
[2021-05-11T01:52:42.339+0000][8][gc,metaspace] GC(16) Metaspace: 29917K(31920K)->29917K(31920K) NonClass: 26187K(27568K)->26187K(27568K) Class: 3729K(4352K)->3729K(4352K)
[2021-05-11T01:52:42.339+0000][8][gc          ] GC(16) Pause Young (Normal) (G1 Evacuation Pause) 166M->51M(256M) 32.060ms
[2021-05-11T01:52:42.339+0000][8][gc,cpu      ] GC(16) User=0.18s Sys=0.01s Real=0.03s
[2021-05-11T01:52:42.339+0000][8][safepoint   ] Safepoint "G1CollectForAllocation", Time since last: 243898331 ns, Reaching safepoint: 85180 ns, At safepoint: 32139441 ns, Total: 32224621 ns
[2021-05-11T01:52:42.951+0000][8][gc,start    ] GC(17) Pause Young (Concurrent Start) (Metadata GC Threshold)
[2021-05-11T01:52:42.951+0000][8][gc,task     ] GC(17) Using 6 workers of 8 for evacuation
[2021-05-11T01:52:42.951+0000][8][gc,age      ] GC(17) Desired survivor size 10485760 bytes, new threshold 1 (max threshold 15)
[2021-05-11T01:52:42.977+0000][8][gc,age      ] GC(17) Age table with threshold 1 (max threshold 15)
[2021-05-11T01:52:42.977+0000][8][gc,age      ] GC(17) - age   1:    8452832 bytes,    8452832 total
[2021-05-11T01:52:42.977+0000][8][gc,phases   ] GC(17)   Pre Evacuate Collection Set: 0.1ms
[2021-05-11T01:52:42.977+0000][8][gc,phases   ] GC(17)   Merge Heap Roots: 0.1ms
[2021-05-11T01:52:42.977+0000][8][gc,phases   ] GC(17)   Evacuate Collection Set: 24.3ms
[2021-05-11T01:52:42.977+0000][8][gc,phases   ] GC(17)   Post Evacuate Collection Set: 0.5ms
[2021-05-11T01:52:42.977+0000][8][gc,phases   ] GC(17)   Other: 0.3ms
[2021-05-11T01:52:42.977+0000][8][gc,heap     ] GC(17) Eden regions: 14->0(28)
[2021-05-11T01:52:42.977+0000][8][gc,heap     ] GC(17) Survivor regions: 5->3(5)
[2021-05-11T01:52:42.977+0000][8][gc,heap     ] GC(17) Old regions: 8->12
[2021-05-11T01:52:42.977+0000][8][gc,heap     ] GC(17) Archive regions: 2->2
[2021-05-11T01:52:42.977+0000][8][gc,heap     ] GC(17) Humongous regions: 0->0
[2021-05-11T01:52:42.977+0000][8][gc,metaspace] GC(17) Metaspace: 33490K(35632K)->33490K(35632K) NonClass: 29162K(30640K)->29162K(30640K) Class: 4328K(4992K)->4328K(4992K)
[2021-05-11T01:52:42.977+0000][8][gc          ] GC(17) Pause Young (Concurrent Start) (Metadata GC Threshold) 107M->60M(256M) 25.362ms
[2021-05-11T01:52:42.977+0000][8][gc,cpu      ] GC(17) User=0.14s Sys=0.01s Real=0.03s
[2021-05-11T01:52:42.977+0000][8][gc          ] GC(18) Concurrent Cycle
[2021-05-11T01:52:42.977+0000][8][gc,marking  ] GC(18) Concurrent Clear Claimed Marks
[2021-05-11T01:52:42.977+0000][8][gc,marking  ] GC(18) Concurrent Clear Claimed Marks 0.054ms
[2021-05-11T01:52:42.977+0000][8][gc,marking  ] GC(18) Concurrent Scan Root Regions
[2021-05-11T01:52:42.977+0000][8][safepoint   ] Safepoint "CollectForMetadataAllocation", Time since last: 612473029 ns, Reaching safepoint: 165164 ns, At safepoint: 25651787 ns, Total: 25816951 ns
[2021-05-11T01:52:42.998+0000][8][gc,marking  ] GC(18) Concurrent Scan Root Regions 20.730ms
[2021-05-11T01:52:42.998+0000][8][gc,marking  ] GC(18) Concurrent Mark (10.612s)
[2021-05-11T01:52:42.998+0000][8][gc,marking  ] GC(18) Concurrent Mark From Roots
[2021-05-11T01:52:42.998+0000][8][gc,task     ] GC(18) Using 2 workers of 2 for marking
[2021-05-11T01:52:43.023+0000][8][safepoint   ] Safepoint "CollectForMetadataAllocation", Time since last: 46061218 ns, Reaching safepoint: 147991 ns, At safepoint: 156599 ns, Total: 304590 ns
[2021-05-11T01:52:43.037+0000][8][gc,marking  ] GC(18) Concurrent Mark From Roots 39.615ms
[2021-05-11T01:52:43.037+0000][8][gc,marking  ] GC(18) Concurrent Preclean
[2021-05-11T01:52:43.038+0000][8][gc,marking  ] GC(18) Concurrent Preclean 0.267ms
[2021-05-11T01:52:43.038+0000][8][gc,marking  ] GC(18) Concurrent Mark (10.612s, 10.652s) 39.952ms
[2021-05-11T01:52:43.038+0000][8][gc,start    ] GC(18) Pause Remark
[2021-05-11T01:52:43.042+0000][8][gc          ] GC(18) Pause Remark 64M->64M(256M) 4.047ms
[2021-05-11T01:52:43.042+0000][8][gc,cpu      ] GC(18) User=0.02s Sys=0.00s Real=0.01s
[2021-05-11T01:52:43.042+0000][8][safepoint   ] Safepoint "G1Concurrent", Time since last: 14289069 ns, Reaching safepoint: 136548 ns, At safepoint: 4131484 ns, Total: 4268032 ns
[2021-05-11T01:52:43.042+0000][8][gc,marking  ] GC(18) Concurrent Rebuild Remembered Sets
[2021-05-11T01:52:43.092+0000][8][gc,marking  ] GC(18) Concurrent Rebuild Remembered Sets 50.498ms
[2021-05-11T01:52:43.093+0000][8][gc,start    ] GC(18) Pause Cleanup
[2021-05-11T01:52:43.093+0000][8][gc          ] GC(18) Pause Cleanup 66M->66M(256M) 0.061ms
[2021-05-11T01:52:43.093+0000][8][gc,cpu      ] GC(18) User=0.00s Sys=0.00s Real=0.00s
[2021-05-11T01:52:43.093+0000][8][safepoint   ] Safepoint "G1Concurrent", Time since last: 50603581 ns, Reaching safepoint: 393512 ns, At safepoint: 100865 ns, Total: 494377 ns
[2021-05-11T01:52:43.093+0000][8][gc,marking  ] GC(18) Concurrent Cleanup for Next Mark
[2021-05-11T01:52:43.093+0000][8][gc,marking  ] GC(18) Concurrent Cleanup for Next Mark 0.287ms
[2021-05-11T01:52:43.093+0000][8][gc          ] GC(18) Concurrent Cycle 116.601ms
[2021-05-11T01:52:43.301+0000][8][gc,start    ] GC(19) Pause Young (Concurrent Start) (G1 Evacuation Pause)
[2021-05-11T01:52:43.301+0000][8][gc,task     ] GC(19) Using 6 workers of 8 for evacuation
[2021-05-11T01:52:43.301+0000][8][gc,age      ] GC(19) Desired survivor size 8388608 bytes, new threshold 1 (max threshold 15)
[2021-05-11T01:52:43.310+0000][8][gc,age      ] GC(19) Age table with threshold 1 (max threshold 15)
[2021-05-11T01:52:43.310+0000][8][gc,age      ] GC(19) - age   1:     630080 bytes,     630080 total
[2021-05-11T01:52:43.310+0000][8][gc,phases   ] GC(19)   Pre Evacuate Collection Set: 0.1ms
[2021-05-11T01:52:43.310+0000][8][gc,phases   ] GC(19)   Merge Heap Roots: 0.1ms
[2021-05-11T01:52:43.310+0000][8][gc,phases   ] GC(19)   Evacuate Collection Set: 8.2ms
[2021-05-11T01:52:43.310+0000][8][gc,phases   ] GC(19)   Post Evacuate Collection Set: 0.4ms
[2021-05-11T01:52:43.310+0000][8][gc,phases   ] GC(19)   Other: 0.2ms
[2021-05-11T01:52:43.310+0000][8][gc,heap     ] GC(19) Eden regions: 28->0(29)
[2021-05-11T01:52:43.310+0000][8][gc,heap     ] GC(19) Survivor regions: 3->1(4)
[2021-05-11T01:52:43.310+0000][8][gc,heap     ] GC(19) Old regions: 12->15
[2021-05-11T01:52:43.310+0000][8][gc,heap     ] GC(19) Archive regions: 2->2
[2021-05-11T01:52:43.310+0000][8][gc,heap     ] GC(19) Humongous regions: 0->0
[2021-05-11T01:52:43.310+0000][8][gc,metaspace] GC(19) Metaspace: 35752K(38088K)->35752K(38088K) NonClass: 31193K(32840K)->31193K(32840K) Class: 4559K(5248K)->4559K(5248K)
[2021-05-11T01:52:43.310+0000][8][gc          ] GC(19) Pause Young (Concurrent Start) (G1 Evacuation Pause) 172M->63M(256M) 9.120ms
[2021-05-11T01:52:43.310+0000][8][gc,cpu      ] GC(19) User=0.05s Sys=0.00s Real=0.00s
[2021-05-11T01:52:43.310+0000][8][safepoint   ] Safepoint "G1CollectForAllocation", Time since last: 207784157 ns, Reaching safepoint: 99699 ns, At safepoint: 9206291 ns, Total: 9305990 ns
[2021-05-11T01:52:43.310+0000][8][gc          ] GC(20) Concurrent Cycle
[2021-05-11T01:52:43.310+0000][8][gc,marking  ] GC(20) Concurrent Clear Claimed Marks
[2021-05-11T01:52:43.310+0000][8][gc,marking  ] GC(20) Concurrent Clear Claimed Marks 0.059ms
[2021-05-11T01:52:43.310+0000][8][gc,marking  ] GC(20) Concurrent Scan Root Regions
[2021-05-11T01:52:43.316+0000][8][gc,marking  ] GC(20) Concurrent Scan Root Regions 6.232ms
[2021-05-11T01:52:43.317+0000][8][gc,marking  ] GC(20) Concurrent Mark (10.931s)
[2021-05-11T01:52:43.317+0000][8][gc,marking  ] GC(20) Concurrent Mark From Roots
[2021-05-11T01:52:43.317+0000][8][gc,task     ] GC(20) Using 2 workers of 2 for marking
[2021-05-11T01:52:43.395+0000][8][gc,marking  ] GC(20) Concurrent Mark From Roots 78.322ms
[2021-05-11T01:52:43.395+0000][8][gc,marking  ] GC(20) Concurrent Preclean
[2021-05-11T01:52:43.395+0000][8][gc,marking  ] GC(20) Concurrent Preclean 0.258ms
[2021-05-11T01:52:43.395+0000][8][gc,marking  ] GC(20) Concurrent Mark (10.931s, 11.010s) 78.658ms
[2021-05-11T01:52:43.395+0000][8][gc,start    ] GC(20) Pause Remark
[2021-05-11T01:52:43.399+0000][8][gc          ] GC(20) Pause Remark 65M->65M(256M) 3.171ms
[2021-05-11T01:52:43.399+0000][8][gc,cpu      ] GC(20) User=0.00s Sys=0.01s Real=0.00s
[2021-05-11T01:52:43.399+0000][8][safepoint   ] Safepoint "G1Concurrent", Time since last: 85092585 ns, Reaching safepoint: 133232 ns, At safepoint: 3248480 ns, Total: 3381712 ns
[2021-05-11T01:52:43.399+0000][8][gc,marking  ] GC(20) Concurrent Rebuild Remembered Sets
[2021-05-11T01:52:43.475+0000][8][gc,marking  ] GC(20) Concurrent Rebuild Remembered Sets 76.522ms
[2021-05-11T01:52:43.475+0000][8][gc,start    ] GC(20) Pause Cleanup
[2021-05-11T01:52:43.475+0000][8][gc          ] GC(20) Pause Cleanup 69M->69M(256M) 0.078ms
[2021-05-11T01:52:43.475+0000][8][gc,cpu      ] GC(20) User=0.00s Sys=0.00s Real=0.00s
[2021-05-11T01:52:43.475+0000][8][safepoint   ] Safepoint "G1Concurrent", Time since last: 76623252 ns, Reaching safepoint: 138640 ns, At safepoint: 120285 ns, Total: 258925 ns
[2021-05-11T01:52:43.476+0000][8][gc,marking  ] GC(20) Concurrent Cleanup for Next Mark
[2021-05-11T01:52:43.476+0000][8][gc,marking  ] GC(20) Concurrent Cleanup for Next Mark 0.337ms
[2021-05-11T01:52:43.476+0000][8][gc          ] GC(20) Concurrent Cycle 165.756ms
[2021-05-11T01:52:45.095+0000][8][gc,start    ] GC(21) Pause Young (Normal) (G1 Evacuation Pause)
[2021-05-11T01:52:45.095+0000][8][gc,task     ] GC(21) Using 6 workers of 8 for evacuation
[2021-05-11T01:52:45.095+0000][8][gc,age      ] GC(21) Desired survivor size 8388608 bytes, new threshold 15 (max threshold 15)
[2021-05-11T01:52:45.108+0000][8][gc,age      ] GC(21) Age table with threshold 15 (max threshold 15)
[2021-05-11T01:52:45.108+0000][8][gc,age      ] GC(21) - age   1:    5994864 bytes,    5994864 total
[2021-05-11T01:52:45.108+0000][8][gc,age      ] GC(21) - age   2:     617560 bytes,    6612424 total
[2021-05-11T01:52:45.108+0000][8][gc,phases   ] GC(21)   Pre Evacuate Collection Set: 0.1ms
[2021-05-11T01:52:45.108+0000][8][gc,phases   ] GC(21)   Merge Heap Roots: 0.1ms
[2021-05-11T01:52:45.108+0000][8][gc,phases   ] GC(21)   Evacuate Collection Set: 12.2ms
[2021-05-11T01:52:45.108+0000][8][gc,phases   ] GC(21)   Post Evacuate Collection Set: 0.9ms
[2021-05-11T01:52:45.108+0000][8][gc,phases   ] GC(21)   Other: 0.2ms
[2021-05-11T01:52:45.108+0000][8][gc,heap     ] GC(21) Eden regions: 29->0(28)
[2021-05-11T01:52:45.108+0000][8][gc,heap     ] GC(21) Survivor regions: 1->2(4)
[2021-05-11T01:52:45.108+0000][8][gc,heap     ] GC(21) Old regions: 15->15
[2021-05-11T01:52:45.108+0000][8][gc,heap     ] GC(21) Archive regions: 2->2
[2021-05-11T01:52:45.108+0000][8][gc,heap     ] GC(21) Humongous regions: 0->0
[2021-05-11T01:52:45.108+0000][8][gc,metaspace] GC(21) Metaspace: 51746K(54728K)->51746K(54728K) NonClass: 44829K(46920K)->44829K(46920K) Class: 6916K(7808K)->6916K(7808K)
[2021-05-11T01:52:45.108+0000][8][gc          ] GC(21) Pause Young (Normal) (G1 Evacuation Pause) 179M->67M(256M) 13.591ms
[2021-05-11T01:52:45.108+0000][8][gc,cpu      ] GC(21) User=0.08s Sys=0.00s Real=0.01s
[2021-05-11T01:52:45.108+0000][8][safepoint   ] Safepoint "G1CollectForAllocation", Time since last: 1618773640 ns, Reaching safepoint: 240701 ns, At safepoint: 13676354 ns, Total: 13917055 ns
[2021-05-11T01:52:45.390+0000][8][safepoint   ] Safepoint "ICBufferFull", Time since last: 281246577 ns, Reaching safepoint: 336677 ns, At safepoint: 10465 ns, Total: 347142 ns
[2021-05-11T01:52:46.332+0000][8][safepoint   ] Safepoint "ICBufferFull", Time since last: 942442950 ns, Reaching safepoint: 246251 ns, At safepoint: 13093 ns, Total: 259344 ns
[2021-05-11T01:52:46.401+0000][8][gc,start    ] GC(22) Pause Young (Normal) (G1 Evacuation Pause)
[2021-05-11T01:52:46.401+0000][8][gc,task     ] GC(22) Using 6 workers of 8 for evacuation
[2021-05-11T01:52:46.401+0000][8][gc,age      ] GC(22) Desired survivor size 8388608 bytes, new threshold 15 (max threshold 15)
[2021-05-11T01:52:46.410+0000][8][gc,age      ] GC(22) Age table with threshold 15 (max threshold 15)
[2021-05-11T01:52:46.410+0000][8][gc,age      ] GC(22) - age   1:    3927632 bytes,    3927632 total
[2021-05-11T01:52:46.410+0000][8][gc,age      ] GC(22) - age   2:    5761592 bytes,    9689224 total
[2021-05-11T01:52:46.410+0000][8][gc,age      ] GC(22) - age   3:     616072 bytes,   10305296 total
[2021-05-11T01:52:46.410+0000][8][gc,phases   ] GC(22)   Pre Evacuate Collection Set: 0.0ms
[2021-05-11T01:52:46.410+0000][8][gc,phases   ] GC(22)   Merge Heap Roots: 0.0ms
[2021-05-11T01:52:46.410+0000][8][gc,phases   ] GC(22)   Evacuate Collection Set: 8.4ms
[2021-05-11T01:52:46.410+0000][8][gc,phases   ] GC(22)   Post Evacuate Collection Set: 0.6ms
[2021-05-11T01:52:46.410+0000][8][gc,phases   ] GC(22)   Other: 0.2ms
[2021-05-11T01:52:46.410+0000][8][gc,heap     ] GC(22) Eden regions: 28->0(28)
[2021-05-11T01:52:46.410+0000][8][gc,heap     ] GC(22) Survivor regions: 2->3(4)
[2021-05-11T01:52:46.410+0000][8][gc,heap     ] GC(22) Old regions: 15->15
[2021-05-11T01:52:46.410+0000][8][gc,heap     ] GC(22) Archive regions: 2->2
[2021-05-11T01:52:46.410+0000][8][gc,heap     ] GC(22) Humongous regions: 0->0
[2021-05-11T01:52:46.410+0000][8][gc,metaspace] GC(22) Metaspace: 57195K(60488K)->57195K(60488K) NonClass: 49682K(52040K)->49682K(52040K) Class: 7513K(8448K)->7513K(8448K)
[2021-05-11T01:52:46.410+0000][8][gc          ] GC(22) Pause Young (Normal) (G1 Evacuation Pause) 179M->71M(256M) 9.328ms
[2021-05-11T01:52:46.410+0000][8][gc,cpu      ] GC(22) User=0.05s Sys=0.00s Real=0.00s
[2021-05-11T01:52:46.410+0000][8][safepoint   ] Safepoint "G1CollectForAllocation", Time since last: 68019396 ns, Reaching safepoint: 103022 ns, At safepoint: 9404595 ns, Total: 9507617 ns
[2021-05-11T01:52:46.899+0000][8][gc,start    ] GC(23) Pause Young (Concurrent Start) (Metadata GC Threshold)
[2021-05-11T01:52:46.899+0000][8][gc,task     ] GC(23) Using 6 workers of 8 for evacuation
[2021-05-11T01:52:46.899+0000][8][gc,age      ] GC(23) Desired survivor size 8388608 bytes, new threshold 2 (max threshold 15)
[2021-05-11T01:52:46.910+0000][8][gc,age      ] GC(23) Age table with threshold 2 (max threshold 15)
[2021-05-11T01:52:46.910+0000][8][gc,age      ] GC(23) - age   1:    1988400 bytes,    1988400 total
[2021-05-11T01:52:46.910+0000][8][gc,age      ] GC(23) - age   2:    3889696 bytes,    5878096 total
[2021-05-11T01:52:46.910+0000][8][gc,phases   ] GC(23)   Pre Evacuate Collection Set: 0.1ms
[2021-05-11T01:52:46.910+0000][8][gc,phases   ] GC(23)   Merge Heap Roots: 0.1ms
[2021-05-11T01:52:46.910+0000][8][gc,phases   ] GC(23)   Evacuate Collection Set: 10.1ms
[2021-05-11T01:52:46.910+0000][8][gc,phases   ] GC(23)   Post Evacuate Collection Set: 0.5ms
[2021-05-11T01:52:46.910+0000][8][gc,phases   ] GC(23)   Other: 0.2ms
[2021-05-11T01:52:46.910+0000][8][gc,heap     ] GC(23) Eden regions: 6->0(28)
[2021-05-11T01:52:46.910+0000][8][gc,heap     ] GC(23) Survivor regions: 3->2(4)
[2021-05-11T01:52:46.910+0000][8][gc,heap     ] GC(23) Old regions: 15->16
[2021-05-11T01:52:46.910+0000][8][gc,heap     ] GC(23) Archive regions: 2->2
[2021-05-11T01:52:46.910+0000][8][gc,heap     ] GC(23) Humongous regions: 0->0
[2021-05-11T01:52:46.910+0000][8][gc,metaspace] GC(23) Metaspace: 60512K(63816K)->60512K(63816K) NonClass: 52546K(54856K)->52546K(54856K) Class: 7966K(8960K)->7966K(8960K)
[2021-05-11T01:52:46.910+0000][8][gc          ] GC(23) Pause Young (Concurrent Start) (Metadata GC Threshold) 95M->73M(256M) 11.052ms
[2021-05-11T01:52:46.910+0000][8][gc,cpu      ] GC(23) User=0.06s Sys=0.00s Real=0.01s
[2021-05-11T01:52:46.910+0000][8][gc          ] GC(24) Concurrent Cycle
[2021-05-11T01:52:46.910+0000][8][gc,marking  ] GC(24) Concurrent Clear Claimed Marks
[2021-05-11T01:52:46.910+0000][8][gc,marking  ] GC(24) Concurrent Clear Claimed Marks 0.058ms
[2021-05-11T01:52:46.910+0000][8][gc,marking  ] GC(24) Concurrent Scan Root Regions
[2021-05-11T01:52:46.910+0000][8][safepoint   ] Safepoint "CollectForMetadataAllocation", Time since last: 488472176 ns, Reaching safepoint: 218965 ns, At safepoint: 11258863 ns, Total: 11477828 ns
[2021-05-11T01:52:46.920+0000][8][gc,marking  ] GC(24) Concurrent Scan Root Regions 9.942ms
[2021-05-11T01:52:46.920+0000][8][gc,marking  ] GC(24) Concurrent Mark (14.534s)
[2021-05-11T01:52:46.920+0000][8][gc,marking  ] GC(24) Concurrent Mark From Roots
[2021-05-11T01:52:46.920+0000][8][gc,task     ] GC(24) Using 2 workers of 2 for marking
[2021-05-11T01:52:46.947+0000][8][safepoint   ] Safepoint "CollectForMetadataAllocation", Time since last: 37231424 ns, Reaching safepoint: 121475 ns, At safepoint: 148333 ns, Total: 269808 ns
[2021-05-11T01:52:46.986+0000][8][gc,marking  ] GC(24) Concurrent Mark From Roots 66.200ms
[2021-05-11T01:52:46.986+0000][8][gc,marking  ] GC(24) Concurrent Preclean
[2021-05-11T01:52:46.986+0000][8][gc,marking  ] GC(24) Concurrent Preclean 0.327ms
[2021-05-11T01:52:46.986+0000][8][gc,marking  ] GC(24) Concurrent Mark (14.534s, 14.601s) 66.582ms
[2021-05-11T01:52:46.987+0000][8][gc,start    ] GC(24) Pause Remark
[2021-05-11T01:52:46.989+0000][8][gc          ] GC(24) Pause Remark 81M->81M(256M) 2.403ms
[2021-05-11T01:52:46.989+0000][8][gc,cpu      ] GC(24) User=0.01s Sys=0.00s Real=0.00s
[2021-05-11T01:52:46.989+0000][8][safepoint   ] Safepoint "G1Concurrent", Time since last: 39079060 ns, Reaching safepoint: 76307 ns, At safepoint: 2490719 ns, Total: 2567026 ns
[2021-05-11T01:52:46.989+0000][8][gc,marking  ] GC(24) Concurrent Rebuild Remembered Sets
[2021-05-11T01:52:47.053+0000][8][gc,marking  ] GC(24) Concurrent Rebuild Remembered Sets 64.284ms
[2021-05-11T01:52:47.054+0000][8][gc,start    ] GC(24) Pause Cleanup
[2021-05-11T01:52:47.054+0000][8][gc          ] GC(24) Pause Cleanup 85M->85M(256M) 0.110ms
[2021-05-11T01:52:47.054+0000][8][gc,cpu      ] GC(24) User=0.00s Sys=0.00s Real=0.00s
[2021-05-11T01:52:47.054+0000][8][safepoint   ] Safepoint "G1Concurrent", Time since last: 64392055 ns, Reaching safepoint: 736108 ns, At safepoint: 171507 ns, Total: 907615 ns
[2021-05-11T01:52:47.054+0000][8][gc,marking  ] GC(24) Concurrent Cleanup for Next Mark
[2021-05-11T01:52:47.055+0000][8][gc,marking  ] GC(24) Concurrent Cleanup for Next Mark 0.209ms
[2021-05-11T01:52:47.055+0000][8][gc          ] GC(24) Concurrent Cycle 144.861ms
[2021-05-11T01:52:48.320+0000][8][safepoint   ] Safepoint "Cleanup", Time since last: 1264276288 ns, Reaching safepoint: 964685 ns, At safepoint: 9756 ns, Total: 974441 ns
[2021-05-11T01:52:48.577+0000][8][gc,start    ] GC(25) Pause Young (Concurrent Start) (G1 Evacuation Pause)
[2021-05-11T01:52:48.577+0000][8][gc,task     ] GC(25) Using 6 workers of 8 for evacuation
[2021-05-11T01:52:48.577+0000][8][gc,age      ] GC(25) Desired survivor size 8388608 bytes, new threshold 15 (max threshold 15)
[2021-05-11T01:52:48.587+0000][8][gc,age      ] GC(25) Age table with threshold 15 (max threshold 15)
[2021-05-11T01:52:48.587+0000][8][gc,age      ] GC(25) - age   1:    5922072 bytes,    5922072 total
[2021-05-11T01:52:48.587+0000][8][gc,age      ] GC(25) - age   2:    1902248 bytes,    7824320 total
[2021-05-11T01:52:48.587+0000][8][gc,age      ] GC(25) - age   3:    3862680 bytes,   11687000 total
[2021-05-11T01:52:48.587+0000][8][gc,phases   ] GC(25)   Pre Evacuate Collection Set: 0.1ms
[2021-05-11T01:52:48.587+0000][8][gc,phases   ] GC(25)   Merge Heap Roots: 0.1ms
[2021-05-11T01:52:48.587+0000][8][gc,phases   ] GC(25)   Evacuate Collection Set: 8.7ms
[2021-05-11T01:52:48.587+0000][8][gc,phases   ] GC(25)   Post Evacuate Collection Set: 0.7ms
[2021-05-11T01:52:48.587+0000][8][gc,phases   ] GC(25)   Other: 0.2ms
[2021-05-11T01:52:48.587+0000][8][gc,heap     ] GC(25) Eden regions: 28->0(28)
[2021-05-11T01:52:48.587+0000][8][gc,heap     ] GC(25) Survivor regions: 2->3(4)
[2021-05-11T01:52:48.587+0000][8][gc,heap     ] GC(25) Old regions: 16->16
[2021-05-11T01:52:48.587+0000][8][gc,heap     ] GC(25) Archive regions: 2->2
[2021-05-11T01:52:48.587+0000][8][gc,heap     ] GC(25) Humongous regions: 0->0
[2021-05-11T01:52:48.587+0000][8][gc,metaspace] GC(25) Metaspace: 77050K(80752K)->77050K(80752K) NonClass: 66681K(69360K)->66681K(69360K) Class: 10369K(11392K)->10369K(11392K)
[2021-05-11T01:52:48.587+0000][8][gc          ] GC(25) Pause Young (Concurrent Start) (G1 Evacuation Pause) 185M->79M(256M) 9.840ms
[2021-05-11T01:52:48.587+0000][8][gc,cpu      ] GC(25) User=0.05s Sys=0.00s Real=0.01s
[2021-05-11T01:52:48.587+0000][8][safepoint   ] Safepoint "G1CollectForAllocation", Time since last: 257594767 ns, Reaching safepoint: 102661 ns, At safepoint: 9905000 ns, Total: 10007661 ns
[2021-05-11T01:52:48.587+0000][8][gc          ] GC(26) Concurrent Cycle
[2021-05-11T01:52:48.587+0000][8][gc,marking  ] GC(26) Concurrent Clear Claimed Marks
[2021-05-11T01:52:48.587+0000][8][gc,marking  ] GC(26) Concurrent Clear Claimed Marks 0.064ms
[2021-05-11T01:52:48.587+0000][8][gc,marking  ] GC(26) Concurrent Scan Root Regions
[2021-05-11T01:52:48.597+0000][8][gc,marking  ] GC(26) Concurrent Scan Root Regions 9.397ms
[2021-05-11T01:52:48.597+0000][8][gc,marking  ] GC(26) Concurrent Mark (16.211s)
[2021-05-11T01:52:48.597+0000][8][gc,marking  ] GC(26) Concurrent Mark From Roots
[2021-05-11T01:52:48.597+0000][8][gc,task     ] GC(26) Using 2 workers of 2 for marking
[2021-05-11T01:52:48.677+0000][8][gc,marking  ] GC(26) Concurrent Mark From Roots 79.818ms
[2021-05-11T01:52:48.677+0000][8][gc,marking  ] GC(26) Concurrent Preclean
[2021-05-11T01:52:48.677+0000][8][gc,marking  ] GC(26) Concurrent Preclean 0.209ms
[2021-05-11T01:52:48.677+0000][8][gc,marking  ] GC(26) Concurrent Mark (16.211s, 16.291s) 80.088ms
[2021-05-11T01:52:48.677+0000][8][gc,start    ] GC(26) Pause Remark
[2021-05-11T01:52:48.679+0000][8][gc          ] GC(26) Pause Remark 85M->85M(256M) 2.074ms
[2021-05-11T01:52:48.679+0000][8][gc,cpu      ] GC(26) User=0.01s Sys=0.00s Real=0.00s
[2021-05-11T01:52:48.679+0000][8][safepoint   ] Safepoint "G1Concurrent", Time since last: 89685271 ns, Reaching safepoint: 111530 ns, At safepoint: 2128376 ns, Total: 2239906 ns
[2021-05-11T01:52:48.679+0000][8][gc,marking  ] GC(26) Concurrent Rebuild Remembered Sets
[2021-05-11T01:52:48.731+0000][8][gc,marking  ] GC(26) Concurrent Rebuild Remembered Sets 51.566ms
[2021-05-11T01:52:48.731+0000][8][gc,start    ] GC(26) Pause Cleanup
[2021-05-11T01:52:48.731+0000][8][gc          ] GC(26) Pause Cleanup 89M->89M(256M) 0.064ms
[2021-05-11T01:52:48.731+0000][8][gc,cpu      ] GC(26) User=0.01s Sys=0.00s Real=0.00s
[2021-05-11T01:52:48.731+0000][8][safepoint   ] Safepoint "G1Concurrent", Time since last: 51643328 ns, Reaching safepoint: 252681 ns, At safepoint: 103802 ns, Total: 356483 ns
[2021-05-11T01:52:48.731+0000][8][gc,marking  ] GC(26) Concurrent Cleanup for Next Mark
[2021-05-11T01:52:48.731+0000][8][gc,marking  ] GC(26) Concurrent Cleanup for Next Mark 0.268ms
[2021-05-11T01:52:48.731+0000][8][gc          ] GC(26) Concurrent Cycle 144.205ms
[2021-05-11T01:52:49.232+0000][8][safepoint   ] Safepoint "ICBufferFull", Time since last: 500471517 ns, Reaching safepoint: 154559 ns, At safepoint: 12233 ns, Total: 166792 ns
[2021-05-11T01:52:49.522+0000][8][safepoint   ] Safepoint "ICBufferFull", Time since last: 290301572 ns, Reaching safepoint: 241499 ns, At safepoint: 6515 ns, Total: 248014 ns
[2021-05-11T01:52:49.958+0000][8][safepoint   ] Safepoint "ICBufferFull", Time since last: 435176988 ns, Reaching safepoint: 192645 ns, At safepoint: 10221 ns, Total: 202866 ns
[2021-05-11T01:52:49.971+0000][8][gc,start    ] GC(27) Pause Young (Normal) (G1 Evacuation Pause)
[2021-05-11T01:52:49.971+0000][8][gc,task     ] GC(27) Using 6 workers of 8 for evacuation
[2021-05-11T01:52:49.971+0000][8][gc,age      ] GC(27) Desired survivor size 8388608 bytes, new threshold 3 (max threshold 15)
[2021-05-11T01:52:49.988+0000][8][gc,age      ] GC(27) Age table with threshold 3 (max threshold 15)
[2021-05-11T01:52:49.988+0000][8][gc,age      ] GC(27) - age   1:    5559400 bytes,    5559400 total
[2021-05-11T01:52:49.988+0000][8][gc,age      ] GC(27) - age   2:    5351736 bytes,   10911136 total
[2021-05-11T01:52:49.988+0000][8][gc,age      ] GC(27) - age   3:    1893992 bytes,   12805128 total
[2021-05-11T01:52:49.988+0000][8][gc,phases   ] GC(27)   Pre Evacuate Collection Set: 0.1ms
[2021-05-11T01:52:49.988+0000][8][gc,phases   ] GC(27)   Merge Heap Roots: 0.1ms
[2021-05-11T01:52:49.988+0000][8][gc,phases   ] GC(27)   Evacuate Collection Set: 15.7ms
[2021-05-11T01:52:49.988+0000][8][gc,phases   ] GC(27)   Post Evacuate Collection Set: 1.0ms
[2021-05-11T01:52:49.988+0000][8][gc,phases   ] GC(27)   Other: 0.2ms
[2021-05-11T01:52:49.988+0000][8][gc,heap     ] GC(27) Eden regions: 28->0(26)
[2021-05-11T01:52:49.988+0000][8][gc,heap     ] GC(27) Survivor regions: 3->4(4)
[2021-05-11T01:52:49.988+0000][8][gc,heap     ] GC(27) Old regions: 16->17
[2021-05-11T01:52:49.988+0000][8][gc,heap     ] GC(27) Archive regions: 2->2
[2021-05-11T01:52:49.988+0000][8][gc,heap     ] GC(27) Humongous regions: 0->0
[2021-05-11T01:52:49.988+0000][8][gc,metaspace] GC(27) Metaspace: 87673K(91760K)->87673K(91760K) NonClass: 75804K(78832K)->75804K(78832K) Class: 11869K(12928K)->11869K(12928K)
[2021-05-11T01:52:49.988+0000][8][gc          ] GC(27) Pause Young (Normal) (G1 Evacuation Pause) 191M->84M(256M) 17.174ms
[2021-05-11T01:52:49.988+0000][8][gc,cpu      ] GC(27) User=0.12s Sys=0.00s Real=0.02s
[2021-05-11T01:52:49.988+0000][8][safepoint   ] Safepoint "G1CollectForAllocation", Time since last: 12883953 ns, Reaching safepoint: 90770 ns, At safepoint: 17277418 ns, Total: 17368188 ns
[2021-05-11T01:52:50.253+0000][8][safepoint   ] Safepoint "ICBufferFull", Time since last: 264827783 ns, Reaching safepoint: 213768 ns, At safepoint: 14525 ns, Total: 228293 ns
[2021-05-11T01:52:50.291+0000][8][gc,start    ] GC(28) Pause Young (Concurrent Start) (G1 Humongous Allocation)
[2021-05-11T01:52:50.291+0000][8][gc,task     ] GC(28) Using 6 workers of 8 for evacuation
[2021-05-11T01:52:50.291+0000][8][gc,age      ] GC(28) Desired survivor size 8388608 bytes, new threshold 2 (max threshold 15)
[2021-05-11T01:52:50.305+0000][8][gc,age      ] GC(28) Age table with threshold 2 (max threshold 15)
[2021-05-11T01:52:50.305+0000][8][gc,age      ] GC(28) - age   1:    1327816 bytes,    1327816 total
[2021-05-11T01:52:50.305+0000][8][gc,age      ] GC(28) - age   2:    4839624 bytes,    6167440 total
[2021-05-11T01:52:50.305+0000][8][gc,phases   ] GC(28)   Pre Evacuate Collection Set: 0.1ms
[2021-05-11T01:52:50.305+0000][8][gc,phases   ] GC(28)   Merge Heap Roots: 1.3ms
[2021-05-11T01:52:50.305+0000][8][gc,phases   ] GC(28)   Evacuate Collection Set: 11.7ms
[2021-05-11T01:52:50.305+0000][8][gc,phases   ] GC(28)   Post Evacuate Collection Set: 0.7ms
[2021-05-11T01:52:50.305+0000][8][gc,phases   ] GC(28)   Other: 0.2ms
[2021-05-11T01:52:50.305+0000][8][gc,heap     ] GC(28) Eden regions: 7->0(26)
[2021-05-11T01:52:50.305+0000][8][gc,heap     ] GC(28) Survivor regions: 4->2(4)
[2021-05-11T01:52:50.305+0000][8][gc,heap     ] GC(28) Old regions: 17->19
[2021-05-11T01:52:50.305+0000][8][gc,heap     ] GC(28) Archive regions: 2->2
[2021-05-11T01:52:50.305+0000][8][gc,heap     ] GC(28) Humongous regions: 0->0
[2021-05-11T01:52:50.305+0000][8][gc,metaspace] GC(28) Metaspace: 90662K(95088K)->90662K(95088K) NonClass: 78393K(81648K)->78393K(81648K) Class: 12268K(13440K)->12268K(13440K)
[2021-05-11T01:52:50.305+0000][8][gc          ] GC(28) Pause Young (Concurrent Start) (G1 Humongous Allocation) 111M->85M(256M) 14.094ms
[2021-05-11T01:52:50.305+0000][8][gc,cpu      ] GC(28) User=0.09s Sys=0.00s Real=0.02s
[2021-05-11T01:52:50.305+0000][8][gc          ] GC(29) Concurrent Cycle
[2021-05-11T01:52:50.305+0000][8][safepoint   ] Safepoint "G1TryInitiateConcMark", Time since last: 37583773 ns, Reaching safepoint: 140919 ns, At safepoint: 14180908 ns, Total: 14321827 ns
[2021-05-11T01:52:50.305+0000][8][gc,marking  ] GC(29) Concurrent Clear Claimed Marks
[2021-05-11T01:52:50.305+0000][8][gc,marking  ] GC(29) Concurrent Clear Claimed Marks 0.075ms
[2021-05-11T01:52:50.305+0000][8][gc,marking  ] GC(29) Concurrent Scan Root Regions
[2021-05-11T01:52:50.314+0000][8][gc,marking  ] GC(29) Concurrent Scan Root Regions 9.079ms
[2021-05-11T01:52:50.314+0000][8][gc,marking  ] GC(29) Concurrent Mark (17.929s)
[2021-05-11T01:52:50.314+0000][8][gc,marking  ] GC(29) Concurrent Mark From Roots
[2021-05-11T01:52:50.314+0000][8][gc,task     ] GC(29) Using 2 workers of 2 for marking
[2021-05-11T01:52:50.407+0000][8][gc,marking  ] GC(29) Concurrent Mark From Roots 92.942ms
[2021-05-11T01:52:50.407+0000][8][gc,marking  ] GC(29) Concurrent Preclean
[2021-05-11T01:52:50.407+0000][8][gc,marking  ] GC(29) Concurrent Preclean 0.224ms
[2021-05-11T01:52:50.407+0000][8][gc,marking  ] GC(29) Concurrent Mark (17.929s, 18.022s) 93.235ms
[2021-05-11T01:52:50.408+0000][8][gc,start    ] GC(29) Pause Remark
[2021-05-11T01:52:50.413+0000][8][gc          ] GC(29) Pause Remark 96M->96M(256M) 5.583ms
[2021-05-11T01:52:50.413+0000][8][gc,cpu      ] GC(29) User=0.04s Sys=0.00s Real=0.01s
[2021-05-11T01:52:50.413+0000][8][safepoint   ] Safepoint "G1Concurrent", Time since last: 102499914 ns, Reaching safepoint: 203263 ns, At safepoint: 5676114 ns, Total: 5879377 ns
[2021-05-11T01:52:50.413+0000][8][gc,marking  ] GC(29) Concurrent Rebuild Remembered Sets
[2021-05-11T01:52:50.496+0000][8][gc,marking  ] GC(29) Concurrent Rebuild Remembered Sets 82.553ms
[2021-05-11T01:52:50.497+0000][8][gc,start    ] GC(29) Pause Cleanup
[2021-05-11T01:52:50.497+0000][8][gc          ] GC(29) Pause Cleanup 104M->104M(256M) 0.098ms
[2021-05-11T01:52:50.497+0000][8][gc,cpu      ] GC(29) User=0.00s Sys=0.00s Real=0.00s
[2021-05-11T01:52:50.497+0000][8][safepoint   ] Safepoint "G1Concurrent", Time since last: 82988115 ns, Reaching safepoint: 331788 ns, At safepoint: 168242 ns, Total: 500030 ns
[2021-05-11T01:52:50.497+0000][8][gc,marking  ] GC(29) Concurrent Cleanup for Next Mark
[2021-05-11T01:52:50.497+0000][8][gc,marking  ] GC(29) Concurrent Cleanup for Next Mark 0.195ms
[2021-05-11T01:52:50.497+0000][8][gc          ] GC(29) Concurrent Cycle 192.267ms
[2021-05-11T01:52:50.710+0000][8][safepoint   ] Safepoint "ICBufferFull", Time since last: 213184814 ns, Reaching safepoint: 255784 ns, At safepoint: 18141 ns, Total: 273925 ns
[2021-05-11T01:52:51.024+0000][8][safepoint   ] Safepoint "ICBufferFull", Time since last: 313743873 ns, Reaching safepoint: 238912 ns, At safepoint: 13454 ns, Total: 252366 ns
[2021-05-11T01:52:51.236+0000][8][gc,start    ] GC(30) Pause Young (Normal) (G1 Evacuation Pause)
[2021-05-11T01:52:51.236+0000][8][gc,task     ] GC(30) Using 6 workers of 8 for evacuation
[2021-05-11T01:52:51.236+0000][8][gc,age      ] GC(30) Desired survivor size 8388608 bytes, new threshold 15 (max threshold 15)
[2021-05-11T01:52:51.254+0000][8][gc,age      ] GC(30) Age table with threshold 15 (max threshold 15)
[2021-05-11T01:52:51.254+0000][8][gc,age      ] GC(30) - age   1:    9736768 bytes,    9736768 total
[2021-05-11T01:52:51.254+0000][8][gc,age      ] GC(30) - age   2:     805064 bytes,   10541832 total
[2021-05-11T01:52:51.254+0000][8][gc,age      ] GC(30) - age   3:    4706816 bytes,   15248648 total
[2021-05-11T01:52:51.254+0000][8][gc,phases   ] GC(30)   Pre Evacuate Collection Set: 0.1ms
[2021-05-11T01:52:51.254+0000][8][gc,phases   ] GC(30)   Merge Heap Roots: 0.1ms
[2021-05-11T01:52:51.254+0000][8][gc,phases   ] GC(30)   Evacuate Collection Set: 16.3ms
[2021-05-11T01:52:51.254+0000][8][gc,phases   ] GC(30)   Post Evacuate Collection Set: 0.7ms
[2021-05-11T01:52:51.254+0000][8][gc,phases   ] GC(30)   Other: 0.2ms
[2021-05-11T01:52:51.254+0000][8][gc,heap     ] GC(30) Eden regions: 26->0(22)
[2021-05-11T01:52:51.254+0000][8][gc,heap     ] GC(30) Survivor regions: 2->4(4)
[2021-05-11T01:52:51.254+0000][8][gc,heap     ] GC(30) Old regions: 19->19
[2021-05-11T01:52:51.254+0000][8][gc,heap     ] GC(30) Archive regions: 2->2
[2021-05-11T01:52:51.254+0000][8][gc,heap     ] GC(30) Humongous regions: 2->2
[2021-05-11T01:52:51.254+0000][8][gc,metaspace] GC(30) Metaspace: 95776K(100208K)->95776K(100208K) NonClass: 82758K(86000K)->82758K(86000K) Class: 13017K(14208K)->13017K(14208K)
[2021-05-11T01:52:51.254+0000][8][gc          ] GC(30) Pause Young (Normal) (G1 Evacuation Pause) 197M->101M(256M) 17.499ms
[2021-05-11T01:52:51.254+0000][8][gc,cpu      ] GC(30) User=0.11s Sys=0.00s Real=0.02s
[2021-05-11T01:52:51.254+0000][8][safepoint   ] Safepoint "G1CollectForAllocation", Time since last: 211649818 ns, Reaching safepoint: 287538 ns, At safepoint: 17588074 ns, Total: 17875612 ns
[2021-05-11T01:52:51.609+0000][8][safepoint   ] Safepoint "ICBufferFull", Time since last: 355288476 ns, Reaching safepoint: 209427 ns, At safepoint: 14214 ns, Total: 223641 ns
[2021-05-11T01:52:51.750+0000][8][gc,start    ] GC(31) Pause Young (Concurrent Start) (G1 Evacuation Pause)
[2021-05-11T01:52:51.750+0000][8][gc,task     ] GC(31) Using 6 workers of 8 for evacuation
[2021-05-11T01:52:51.750+0000][8][gc,age      ] GC(31) Desired survivor size 8388608 bytes, new threshold 1 (max threshold 15)
[2021-05-11T01:52:51.767+0000][8][gc,age      ] GC(31) Age table with threshold 1 (max threshold 15)
[2021-05-11T01:52:51.767+0000][8][gc,age      ] GC(31) - age   1:    7454528 bytes,    7454528 total
[2021-05-11T01:52:51.767+0000][8][gc,phases   ] GC(31)   Pre Evacuate Collection Set: 0.1ms
[2021-05-11T01:52:51.767+0000][8][gc,phases   ] GC(31)   Merge Heap Roots: 0.1ms
[2021-05-11T01:52:51.767+0000][8][gc,phases   ] GC(31)   Evacuate Collection Set: 16.4ms
[2021-05-11T01:52:51.767+0000][8][gc,phases   ] GC(31)   Post Evacuate Collection Set: 0.5ms
[2021-05-11T01:52:51.767+0000][8][gc,phases   ] GC(31)   Other: 0.2ms
[2021-05-11T01:52:51.767+0000][8][gc,heap     ] GC(31) Eden regions: 22->0(19)
[2021-05-11T01:52:51.767+0000][8][gc,heap     ] GC(31) Survivor regions: 4->3(4)
[2021-05-11T01:52:51.767+0000][8][gc,heap     ] GC(31) Old regions: 19->23
[2021-05-11T01:52:51.767+0000][8][gc,heap     ] GC(31) Archive regions: 2->2
[2021-05-11T01:52:51.767+0000][8][gc,heap     ] GC(31) Humongous regions: 2->2
[2021-05-11T01:52:51.767+0000][8][gc,metaspace] GC(31) Metaspace: 96146K(100720K)->96146K(100720K) NonClass: 83127K(86512K)->83127K(86512K) Class: 13019K(14208K)->13019K(14208K)
[2021-05-11T01:52:51.767+0000][8][gc          ] GC(31) Pause Young (Concurrent Start) (G1 Evacuation Pause) 189M->109M(256M) 17.335ms
[2021-05-11T01:52:51.767+0000][8][gc,cpu      ] GC(31) User=0.11s Sys=0.00s Real=0.02s
[2021-05-11T01:52:51.767+0000][8][gc          ] GC(32) Concurrent Cycle
[2021-05-11T01:52:51.767+0000][8][gc,marking  ] GC(32) Concurrent Clear Claimed Marks
[2021-05-11T01:52:51.767+0000][8][gc,marking  ] GC(32) Concurrent Clear Claimed Marks 0.084ms
[2021-05-11T01:52:51.767+0000][8][gc,marking  ] GC(32) Concurrent Scan Root Regions
[2021-05-11T01:52:51.770+0000][8][safepoint   ] Safepoint "G1CollectForAllocation", Time since last: 140275383 ns, Reaching safepoint: 245241 ns, At safepoint: 20152753 ns, Total: 20397994 ns
[2021-05-11T01:52:51.786+0000][8][gc,marking  ] GC(32) Concurrent Scan Root Regions 18.172ms
[2021-05-11T01:52:51.786+0000][8][gc,marking  ] GC(32) Concurrent Mark (19.400s)
[2021-05-11T01:52:51.786+0000][8][gc,marking  ] GC(32) Concurrent Mark From Roots
[2021-05-11T01:52:51.786+0000][8][gc,task     ] GC(32) Using 2 workers of 2 for marking
[2021-05-11T01:52:51.903+0000][8][gc,marking  ] GC(32) Concurrent Mark From Roots 117.590ms
[2021-05-11T01:52:51.903+0000][8][gc,marking  ] GC(32) Concurrent Preclean
[2021-05-11T01:52:51.903+0000][8][gc,marking  ] GC(32) Concurrent Preclean 0.220ms
[2021-05-11T01:52:51.903+0000][8][gc,marking  ] GC(32) Concurrent Mark (19.400s, 19.518s) 117.876ms
[2021-05-11T01:52:51.904+0000][8][gc,start    ] GC(32) Pause Remark
[2021-05-11T01:52:51.907+0000][8][gc          ] GC(32) Pause Remark 128M->128M(256M) 3.557ms
[2021-05-11T01:52:51.907+0000][8][gc,cpu      ] GC(32) User=0.03s Sys=0.00s Real=0.00s
[2021-05-11T01:52:51.907+0000][8][safepoint   ] Safepoint "G1Concurrent", Time since last: 133496508 ns, Reaching safepoint: 216296 ns, At safepoint: 3656694 ns, Total: 3872990 ns
[2021-05-11T01:52:51.907+0000][8][gc,marking  ] GC(32) Concurrent Rebuild Remembered Sets
[2021-05-11T01:52:52.003+0000][8][gc,marking  ] GC(32) Concurrent Rebuild Remembered Sets 95.815ms
[2021-05-11T01:52:52.004+0000][8][gc,start    ] GC(32) Pause Cleanup
[2021-05-11T01:52:52.004+0000][8][gc          ] GC(32) Pause Cleanup 136M->136M(256M) 0.080ms
[2021-05-11T01:52:52.004+0000][8][gc,cpu      ] GC(32) User=0.00s Sys=0.00s Real=0.00s
[2021-05-11T01:52:52.004+0000][8][safepoint   ] Safepoint "G1Concurrent", Time since last: 95921951 ns, Reaching safepoint: 257238 ns, At safepoint: 131761 ns, Total: 388999 ns
[2021-05-11T01:52:52.004+0000][8][gc,marking  ] GC(32) Concurrent Cleanup for Next Mark
[2021-05-11T01:52:52.004+0000][8][gc,marking  ] GC(32) Concurrent Cleanup for Next Mark 0.230ms
[2021-05-11T01:52:52.004+0000][8][gc          ] GC(32) Concurrent Cycle 236.717ms
[2021-05-11T01:52:53.004+0000][8][safepoint   ] Safepoint "Cleanup", Time since last: 1000609479 ns, Reaching safepoint: 132084 ns, At safepoint: 4596 ns, Total: 136680 ns
[2021-05-11T01:52:53.609+0000][8][safepoint   ] Safepoint "ICBufferFull", Time since last: 604394960 ns, Reaching safepoint: 381285 ns, At safepoint: 29836 ns, Total: 411121 ns
[2021-05-11T01:52:54.613+0000][8][safepoint   ] Safepoint "Cleanup", Time since last: 1003588323 ns, Reaching safepoint: 101588 ns, At safepoint: 5537 ns, Total: 107125 ns
[2021-05-11T01:52:55.613+0000][8][safepoint   ] Safepoint "Cleanup", Time since last: 1000468221 ns, Reaching safepoint: 96917 ns, At safepoint: 5462 ns, Total: 102379 ns
[2021-05-11T01:52:56.614+0000][8][safepoint   ] Safepoint "Cleanup", Time since last: 1000196496 ns, Reaching safepoint: 132855 ns, At safepoint: 8931 ns, Total: 141786 ns
[2021-05-11T01:52:57.614+0000][8][safepoint   ] Safepoint "Cleanup", Time since last: 1000256656 ns, Reaching safepoint: 145503 ns, At safepoint: 6039 ns, Total: 151542 ns
[2021-05-11T01:52:58.615+0000][8][safepoint   ] Safepoint "Cleanup", Time since last: 1000399990 ns, Reaching safepoint: 134913 ns, At safepoint: 6545 ns, Total: 141458 ns
[2021-05-11T01:53:00.616+0000][8][safepoint   ] Safepoint "Cleanup", Time since last: 2000587546 ns, Reaching safepoint: 139321 ns, At safepoint: 6711 ns, Total: 146032 ns
[2021-05-11T01:53:01.616+0000][8][safepoint   ] Safepoint "Cleanup", Time since last: 1000479606 ns, Reaching safepoint: 92143 ns, At safepoint: 5601 ns, Total: 97744 ns
[2021-05-11T01:53:02.617+0000][8][safepoint   ] Safepoint "Cleanup", Time since last: 1000465022 ns, Reaching safepoint: 130515 ns, At safepoint: 6924 ns, Total: 137439 ns
[2021-05-11T01:53:03.617+0000][8][safepoint   ] Safepoint "Cleanup", Time since last: 1000331917 ns, Reaching safepoint: 90877 ns, At safepoint: 5477 ns, Total: 96354 ns
[2021-05-11T01:53:04.339+0000][8][gc,start    ] GC(33) Pause Young (Normal) (G1 Evacuation Pause)
[2021-05-11T01:53:04.339+0000][8][gc,task     ] GC(33) Using 6 workers of 8 for evacuation
[2021-05-11T01:53:04.339+0000][8][gc,age      ] GC(33) Desired survivor size 6291456 bytes, new threshold 1 (max threshold 15)
[2021-05-11T01:53:04.346+0000][8][gc,age      ] GC(33) Age table with threshold 1 (max threshold 15)
[2021-05-11T01:53:04.346+0000][8][gc,age      ] GC(33) - age   1:    4386208 bytes,    4386208 total
[2021-05-11T01:53:04.346+0000][8][gc,phases   ] GC(33)   Pre Evacuate Collection Set: 0.0ms
[2021-05-11T01:53:04.346+0000][8][gc,phases   ] GC(33)   Merge Heap Roots: 0.1ms
[2021-05-11T01:53:04.346+0000][8][gc,phases   ] GC(33)   Evacuate Collection Set: 6.6ms
[2021-05-11T01:53:04.346+0000][8][gc,phases   ] GC(33)   Post Evacuate Collection Set: 0.6ms
[2021-05-11T01:53:04.346+0000][8][gc,phases   ] GC(33)   Other: 0.1ms
[2021-05-11T01:53:04.346+0000][8][gc,heap     ] GC(33) Eden regions: 19->0(19)
[2021-05-11T01:53:04.347+0000][8][gc,heap     ] GC(33) Survivor regions: 3->2(3)
[2021-05-11T01:53:04.347+0000][8][gc,heap     ] GC(33) Old regions: 23->25
[2021-05-11T01:53:04.347+0000][8][gc,heap     ] GC(33) Archive regions: 2->2
[2021-05-11T01:53:04.347+0000][8][gc,heap     ] GC(33) Humongous regions: 2->2
[2021-05-11T01:53:04.347+0000][8][gc,metaspace] GC(33) Metaspace: 99912K(104432K)->99912K(104432K) NonClass: 86367K(89584K)->86367K(89584K) Class: 13545K(14848K)->13545K(14848K)
[2021-05-11T01:53:04.347+0000][8][gc          ] GC(33) Pause Young (Normal) (G1 Evacuation Pause) 185M->113M(256M) 7.472ms
[2021-05-11T01:53:04.347+0000][8][gc,cpu      ] GC(33) User=0.05s Sys=0.00s Real=0.01s
[2021-05-11T01:53:04.347+0000][8][safepoint   ] Safepoint "G1CollectForAllocation", Time since last: 721834007 ns, Reaching safepoint: 98274 ns, At safepoint: 7533374 ns, Total: 7631648 ns
[2021-05-11T01:53:05.347+0000][8][safepoint   ] Safepoint "Cleanup", Time since last: 1000461357 ns, Reaching safepoint: 137089 ns, At safepoint: 6644 ns, Total: 143733 ns
[2021-05-11T01:53:06.348+0000][8][safepoint   ] Safepoint "Cleanup", Time since last: 1000404048 ns, Reaching safepoint: 87292 ns, At safepoint: 5610 ns, Total: 92902 ns
[2021-05-11T01:53:08.349+0000][8][safepoint   ] Safepoint "Cleanup", Time since last: 2000829158 ns, Reaching safepoint: 105283 ns, At safepoint: 7146 ns, Total: 112429 ns
[2021-05-11T01:53:09.349+0000][8][safepoint   ] Safepoint "Cleanup", Time since last: 1000134113 ns, Reaching safepoint: 94817 ns, At safepoint: 6403 ns, Total: 101220 ns
[2021-05-11T01:53:10.349+0000][8][safepoint   ] Safepoint "Cleanup", Time since last: 1000171651 ns, Reaching safepoint: 137168 ns, At safepoint: 6929 ns, Total: 144097 ns
[2021-05-11T01:53:11.350+0000][8][safepoint   ] Safepoint "Cleanup", Time since last: 1000484510 ns, Reaching safepoint: 97915 ns, At safepoint: 5560 ns, Total: 103475 ns
[2021-05-11T01:53:14.351+0000][8][safepoint   ] Safepoint "Cleanup", Time since last: 3001007030 ns, Reaching safepoint: 132988 ns, At safepoint: 7465 ns, Total: 140453 ns
[2021-05-11T01:53:15.352+0000][8][safepoint   ] Safepoint "Cleanup", Time since last: 1000462847 ns, Reaching safepoint: 140647 ns, At safepoint: 6927 ns, Total: 147574 ns
[2021-05-11T01:53:16.352+0000][8][safepoint   ] Safepoint "Cleanup", Time since last: 1000477999 ns, Reaching safepoint: 92957 ns, At safepoint: 5263 ns, Total: 98220 ns
[2021-05-11T01:53:18.353+0000][8][safepoint   ] Safepoint "Cleanup", Time since last: 2000762018 ns, Reaching safepoint: 135746 ns, At safepoint: 7351 ns, Total: 143097 ns
[2021-05-11T01:53:19.353+0000][8][safepoint   ] Safepoint "Cleanup", Time since last: 1000091102 ns, Reaching safepoint: 159341 ns, At safepoint: 6540 ns, Total: 165881 ns
[2021-05-11T01:53:20.354+0000][8][safepoint   ] Safepoint "Cleanup", Time since last: 1000264975 ns, Reaching safepoint: 106622 ns, At safepoint: 5365 ns, Total: 111987 ns
[2021-05-11T01:53:21.354+0000][8][safepoint   ] Safepoint "Cleanup", Time since last: 1000096858 ns, Reaching safepoint: 143840 ns, At safepoint: 7968 ns, Total: 151808 ns
[2021-05-11T01:53:22.354+0000][8][safepoint   ] Safepoint "Cleanup", Time since last: 1000453218 ns, Reaching safepoint: 143882 ns, At safepoint: 5224 ns, Total: 149106 ns
[2021-05-11T01:53:23.355+0000][8][safepoint   ] Safepoint "Cleanup", Time since last: 1000195023 ns, Reaching safepoint: 78175 ns, At safepoint: 6489 ns, Total: 84664 ns
[2021-05-11T01:53:25.355+0000][8][safepoint   ] Safepoint "Cleanup", Time since last: 2000177957 ns, Reaching safepoint: 96382 ns, At safepoint: 7250 ns, Total: 103632 ns
[2021-05-11T01:53:26.355+0000][8][safepoint   ] Safepoint "Cleanup", Time since last: 1000088683 ns, Reaching safepoint: 101470 ns, At safepoint: 8991 ns, Total: 110461 ns
[2021-05-11T01:53:27.355+0000][8][safepoint   ] Safepoint "Cleanup", Time since last: 1000096579 ns, Reaching safepoint: 139958 ns, At safepoint: 5170 ns, Total: 145128 ns
[2021-05-11T01:53:28.356+0000][8][safepoint   ] Safepoint "Cleanup", Time since last: 1000192761 ns, Reaching safepoint: 84024 ns, At safepoint: 7618 ns, Total: 91642 ns
[2021-05-11T01:53:31.357+0000][8][safepoint   ] Safepoint "Cleanup", Time since last: 3000855415 ns, Reaching safepoint: 76778 ns, At safepoint: 6508 ns, Total: 83286 ns
[2021-05-11T01:53:35.358+0000][8][safepoint   ] Safepoint "Cleanup", Time since last: 4000704121 ns, Reaching safepoint: 94094 ns, At safepoint: 5846 ns, Total: 99940 ns
[2021-05-11T01:53:36.358+0000][8][safepoint   ] Safepoint "Cleanup", Time since last: 1000108083 ns, Reaching safepoint: 128679 ns, At safepoint: 7703 ns, Total: 136382 ns
[2021-05-11T01:53:38.358+0000][8][safepoint   ] Safepoint "Cleanup", Time since last: 2000183704 ns, Reaching safepoint: 150064 ns, At safepoint: 7971 ns, Total: 158035 ns
[2021-05-11T01:53:40.359+0000][8][safepoint   ] Safepoint "Cleanup", Time since last: 2000355244 ns, Reaching safepoint: 85303 ns, At safepoint: 6073 ns, Total: 91376 ns
[2021-05-11T01:53:43.359+0000][8][safepoint   ] Safepoint "Cleanup", Time since last: 3000357979 ns, Reaching safepoint: 132836 ns, At safepoint: 6741 ns, Total: 139577 ns
[2021-05-11T01:53:44.359+0000][8][safepoint   ] Safepoint "Cleanup", Time since last: 1000124578 ns, Reaching safepoint: 88626 ns, At safepoint: 5517 ns, Total: 94143 ns
[2021-05-11T01:53:45.360+0000][8][safepoint   ] Safepoint "Cleanup", Time since last: 1000112764 ns, Reaching safepoint: 134251 ns, At safepoint: 6692 ns, Total: 140943 ns
[2021-05-11T01:53:46.360+0000][8][safepoint   ] Safepoint "Cleanup", Time since last: 1000179065 ns, Reaching safepoint: 105243 ns, At safepoint: 6208 ns, Total: 111451 ns
[2021-05-11T01:53:47.360+0000][8][safepoint   ] Safepoint "Cleanup", Time since last: 1000221670 ns, Reaching safepoint: 94608 ns, At safepoint: 5473 ns, Total: 100081 ns
[2021-05-11T01:53:48.360+0000][8][safepoint   ] Safepoint "Cleanup", Time since last: 1000243343 ns, Reaching safepoint: 100509 ns, At safepoint: 4692 ns, Total: 105201 ns
[2021-05-11T01:53:49.361+0000][8][safepoint   ] Safepoint "Cleanup", Time since last: 1000277776 ns, Reaching safepoint: 116547 ns, At safepoint: 7425 ns, Total: 123972 ns
[2021-05-11T01:53:50.361+0000][8][safepoint   ] Safepoint "Cleanup", Time since last: 1000182507 ns, Reaching safepoint: 145414 ns, At safepoint: 7101 ns, Total: 152515 ns
[2021-05-11T01:53:51.362+0000][8][safepoint   ] Safepoint "Cleanup", Time since last: 1000181913 ns, Reaching safepoint: 152473 ns, At safepoint: 6478 ns, Total: 158951 ns
[2021-05-11T01:53:52.362+0000][8][safepoint   ] Safepoint "Cleanup", Time since last: 1000203295 ns, Reaching safepoint: 135578 ns, At safepoint: 7812 ns, Total: 143390 ns
[2021-05-11T01:53:53.362+0000][8][safepoint   ] Safepoint "Cleanup", Time since last: 1000375822 ns, Reaching safepoint: 181093 ns, At safepoint: 8260 ns, Total: 189353 ns
[2021-05-11T01:53:54.363+0000][8][safepoint   ] Safepoint "Cleanup", Time since last: 1000431002 ns, Reaching safepoint: 147984 ns, At safepoint: 7026 ns, Total: 155010 ns
[2021-05-11T01:53:55.363+0000][8][safepoint   ] Safepoint "Cleanup", Time since last: 1000143593 ns, Reaching safepoint: 124252 ns, At safepoint: 7582 ns, Total: 131834 ns
[2021-05-11T01:53:56.364+0000][8][safepoint   ] Safepoint "Cleanup", Time since last: 1000259939 ns, Reaching safepoint: 110046 ns, At safepoint: 6835 ns, Total: 116881 ns
[2021-05-11T01:53:57.364+0000][8][safepoint   ] Safepoint "Cleanup", Time since last: 1000265513 ns, Reaching safepoint: 117532 ns, At safepoint: 6654 ns, Total: 124186 ns
[2021-05-11T01:53:58.364+0000][8][safepoint   ] Safepoint "Cleanup", Time since last: 1000262219 ns, Reaching safepoint: 112650 ns, At safepoint: 8226 ns, Total: 120876 ns
[2021-05-11T01:53:59.365+0000][8][safepoint   ] Safepoint "Cleanup", Time since last: 1000086508 ns, Reaching safepoint: 198600 ns, At safepoint: 7591 ns, Total: 206191 ns
[2021-05-11T01:54:01.365+0000][8][safepoint   ] Safepoint "Cleanup", Time since last: 2000157709 ns, Reaching safepoint: 85092 ns, At safepoint: 5931 ns, Total: 91023 ns
[2021-05-11T01:54:02.365+0000][8][safepoint   ] Safepoint "Cleanup", Time since last: 1000342094 ns, Reaching safepoint: 97046 ns, At safepoint: 6016 ns, Total: 103062 ns
[2021-05-11T01:54:03.366+0000][8][safepoint   ] Safepoint "Cleanup", Time since last: 1000487790 ns, Reaching safepoint: 89312 ns, At safepoint: 6008 ns, Total: 95320 ns
[2021-05-11T01:54:04.366+0000][8][safepoint   ] Safepoint "Cleanup", Time since last: 1000089861 ns, Reaching safepoint: 122680 ns, At safepoint: 6686 ns, Total: 129366 ns
[2021-05-11T01:54:05.367+0000][8][safepoint   ] Safepoint "Cleanup", Time since last: 1000398671 ns, Reaching safepoint: 144433 ns, At safepoint: 7116 ns, Total: 151549 ns
[2021-05-11T01:54:07.367+0000][8][safepoint   ] Safepoint "Cleanup", Time since last: 2000212231 ns, Reaching safepoint: 90494 ns, At safepoint: 6284 ns, Total: 96778 ns
[2021-05-11T01:54:10.368+0000][8][safepoint   ] Safepoint "Cleanup", Time since last: 3000472372 ns, Reaching safepoint: 125448 ns, At safepoint: 8477 ns, Total: 133925 ns
[2021-05-11T01:54:11.368+0000][8][safepoint   ] Safepoint "Cleanup", Time since last: 1000259619 ns, Reaching safepoint: 123389 ns, At safepoint: 7625 ns, Total: 131014 ns
[2021-05-11T01:54:14.369+0000][8][safepoint   ] Safepoint "Cleanup", Time since last: 3000614409 ns, Reaching safepoint: 103002 ns, At safepoint: 6864 ns, Total: 109866 ns
[2021-05-11T01:54:15.369+0000][8][safepoint   ] Safepoint "Cleanup", Time since last: 1000086811 ns, Reaching safepoint: 87440 ns, At safepoint: 5830 ns, Total: 93270 ns
[2021-05-11T01:54:18.370+0000][8][safepoint   ] Safepoint "Cleanup", Time since last: 3000379688 ns, Reaching safepoint: 111895 ns, At safepoint: 7115 ns, Total: 119010 ns
[2021-05-11T01:54:19.370+0000][8][safepoint   ] Safepoint "Cleanup", Time since last: 1000088592 ns, Reaching safepoint: 106900 ns, At safepoint: 5895 ns, Total: 112795 ns
[2021-05-11T01:54:20.370+0000][8][safepoint   ] Safepoint "Cleanup", Time since last: 1000095452 ns, Reaching safepoint: 83190 ns, At safepoint: 6980 ns, Total: 90170 ns
[2021-05-11T01:54:21.370+0000][8][safepoint   ] Safepoint "Cleanup", Time since last: 1000410397 ns, Reaching safepoint: 79166 ns, At safepoint: 6285 ns, Total: 85451 ns
[2021-05-11T01:54:23.371+0000][8][safepoint   ] Safepoint "Cleanup", Time since last: 2000346568 ns, Reaching safepoint: 133134 ns, At safepoint: 6412 ns, Total: 139546 ns
[2021-05-11T01:54:24.371+0000][8][safepoint   ] Safepoint "Cleanup", Time since last: 1000088141 ns, Reaching safepoint: 76895 ns, At safepoint: 5672 ns, Total: 82567 ns
[2021-05-11T01:54:25.371+0000][8][safepoint   ] Safepoint "Cleanup", Time since last: 1000284253 ns, Reaching safepoint: 97051 ns, At safepoint: 5317 ns, Total: 102368 ns
[2021-05-11T01:54:26.372+0000][8][safepoint   ] Safepoint "Cleanup", Time since last: 1000474728 ns, Reaching safepoint: 103242 ns, At safepoint: 5720 ns, Total: 108962 ns
[2021-05-11T01:54:27.373+0000][8][safepoint   ] Safepoint "Cleanup", Time since last: 1000477149 ns, Reaching safepoint: 132382 ns, At safepoint: 5302 ns, Total: 137684 ns
[2021-05-11T01:54:28.373+0000][8][safepoint   ] Safepoint "Cleanup", Time since last: 1000295402 ns, Reaching safepoint: 108426 ns, At safepoint: 6774 ns, Total: 115200 ns
[2021-05-11T01:54:29.373+0000][8][safepoint   ] Safepoint "Cleanup", Time since last: 1000269538 ns, Reaching safepoint: 96682 ns, At safepoint: 5782 ns, Total: 102464 ns
[2021-05-11T01:54:30.374+0000][8][safepoint   ] Safepoint "Cleanup", Time since last: 1000265377 ns, Reaching safepoint: 105392 ns, At safepoint: 6123 ns, Total: 111515 ns
[2021-05-11T01:54:31.374+0000][8][safepoint   ] Safepoint "Cleanup", Time since last: 1000253490 ns, Reaching safepoint: 114439 ns, At safepoint: 5141 ns, Total: 119580 ns
[2021-05-11T01:54:32.375+0000][8][safepoint   ] Safepoint "Cleanup", Time since last: 1000249715 ns, Reaching safepoint: 142670 ns, At safepoint: 6790 ns, Total: 149460 ns
[2021-05-11T01:54:33.375+0000][8][safepoint   ] Safepoint "Cleanup", Time since last: 1000343558 ns, Reaching safepoint: 99279 ns, At safepoint: 5745 ns, Total: 105024 ns
[2021-05-11T01:54:35.375+0000][8][safepoint   ] Safepoint "Cleanup", Time since last: 2000303689 ns, Reaching safepoint: 82083 ns, At safepoint: 6099 ns, Total: 88182 ns
[2021-05-11T01:54:38.376+0000][8][safepoint   ] Safepoint "Cleanup", Time since last: 3000666485 ns, Reaching safepoint: 188741 ns, At safepoint: 6618 ns, Total: 195359 ns
[2021-05-11T01:54:40.377+0000][8][safepoint   ] Safepoint "Cleanup", Time since last: 2000644274 ns, Reaching safepoint: 85164 ns, At safepoint: 5836 ns, Total: 91000 ns
[2021-05-11T01:54:42.941+0000][8][safepoint   ] Safepoint "Cleanup", Time since last: 2563634529 ns, Reaching safepoint: 186985 ns, At safepoint: 7157 ns, Total: 194142 ns
[2021-05-11T01:54:43.941+0000][8][safepoint   ] Safepoint "Cleanup", Time since last: 1000198243 ns, Reaching safepoint: 91830 ns, At safepoint: 5116 ns, Total: 96946 ns
[2021-05-11T01:54:44.942+0000][8][safepoint   ] Safepoint "Cleanup", Time since last: 1000298223 ns, Reaching safepoint: 144327 ns, At safepoint: 6936 ns, Total: 151263 ns
[2021-05-11T01:54:45.942+0000][8][safepoint   ] Safepoint "Cleanup", Time since last: 1000265133 ns, Reaching safepoint: 96224 ns, At safepoint: 5577 ns, Total: 101801 ns
[2021-05-11T01:54:46.943+0000][8][safepoint   ] Safepoint "Cleanup", Time since last: 1000399563 ns, Reaching safepoint: 138598 ns, At safepoint: 6925 ns, Total: 145523 ns
[2021-05-11T01:54:47.943+0000][8][safepoint   ] Safepoint "Cleanup", Time since last: 1000438625 ns, Reaching safepoint: 82061 ns, At safepoint: 5365 ns, Total: 87426 ns
[2021-05-11T01:54:49.944+0000][8][safepoint   ] Safepoint "Cleanup", Time since last: 2000925726 ns, Reaching safepoint: 98734 ns, At safepoint: 5699 ns, Total: 104433 ns
[2021-05-11T01:54:52.945+0000][8][safepoint   ] Safepoint "Cleanup", Time since last: 3000643613 ns, Reaching safepoint: 76297 ns, At safepoint: 6793 ns, Total: 83090 ns
[2021-05-11T01:54:53.945+0000][8][safepoint   ] Safepoint "Cleanup", Time since last: 1000224215 ns, Reaching safepoint: 105431 ns, At safepoint: 7085 ns, Total: 112516 ns
[2021-05-11T01:54:54.835+0000][8][gc,start    ] GC(34) Pause Young (Concurrent Start) (G1 Evacuation Pause)
[2021-05-11T01:54:54.835+0000][8][gc,task     ] GC(34) Using 6 workers of 8 for evacuation
[2021-05-11T01:54:54.835+0000][8][gc,age      ] GC(34) Desired survivor size 6291456 bytes, new threshold 15 (max threshold 15)
[2021-05-11T01:54:54.839+0000][8][gc,age      ] GC(34) Age table with threshold 15 (max threshold 15)
[2021-05-11T01:54:54.839+0000][8][gc,age      ] GC(34) - age   1:    1578928 bytes,    1578928 total
[2021-05-11T01:54:54.839+0000][8][gc,age      ] GC(34) - age   2:    3861304 bytes,    5440232 total
[2021-05-11T01:54:54.839+0000][8][gc,phases   ] GC(34)   Pre Evacuate Collection Set: 0.1ms
[2021-05-11T01:54:54.839+0000][8][gc,phases   ] GC(34)   Merge Heap Roots: 0.0ms
[2021-05-11T01:54:54.839+0000][8][gc,phases   ] GC(34)   Evacuate Collection Set: 3.7ms
[2021-05-11T01:54:54.839+0000][8][gc,phases   ] GC(34)   Post Evacuate Collection Set: 0.5ms
[2021-05-11T01:54:54.839+0000][8][gc,phases   ] GC(34)   Other: 0.2ms
[2021-05-11T01:54:54.839+0000][8][gc,heap     ] GC(34) Eden regions: 19->0(19)
[2021-05-11T01:54:54.839+0000][8][gc,heap     ] GC(34) Survivor regions: 2->2(3)
[2021-05-11T01:54:54.839+0000][8][gc,heap     ] GC(34) Old regions: 25->25
[2021-05-11T01:54:54.839+0000][8][gc,heap     ] GC(34) Archive regions: 2->2
[2021-05-11T01:54:54.839+0000][8][gc,heap     ] GC(34) Humongous regions: 2->2
[2021-05-11T01:54:54.839+0000][8][gc,metaspace] GC(34) Metaspace: 101161K(105840K)->101161K(105840K) NonClass: 87552K(90864K)->87552K(90864K) Class: 13608K(14976K)->13608K(14976K)
[2021-05-11T01:54:54.839+0000][8][gc          ] GC(34) Pause Young (Concurrent Start) (G1 Evacuation Pause) 189M->114M(256M) 4.652ms
[2021-05-11T01:54:54.839+0000][8][gc,cpu      ] GC(34) User=0.02s Sys=0.00s Real=0.00s
[2021-05-11T01:54:54.839+0000][8][gc          ] GC(35) Concurrent Cycle
[2021-05-11T01:54:54.839+0000][8][safepoint   ] Safepoint "G1CollectForAllocation", Time since last: 889302456 ns, Reaching safepoint: 108044 ns, At safepoint: 4739046 ns, Total: 4847090 ns
[2021-05-11T01:54:54.839+0000][8][gc,marking  ] GC(35) Concurrent Clear Claimed Marks
[2021-05-11T01:54:54.839+0000][8][gc,marking  ] GC(35) Concurrent Clear Claimed Marks 0.105ms
[2021-05-11T01:54:54.839+0000][8][gc,marking  ] GC(35) Concurrent Scan Root Regions
[2021-05-11T01:54:54.844+0000][8][gc,marking  ] GC(35) Concurrent Scan Root Regions 4.189ms
[2021-05-11T01:54:54.844+0000][8][gc,marking  ] GC(35) Concurrent Mark (142.458s)
[2021-05-11T01:54:54.844+0000][8][gc,marking  ] GC(35) Concurrent Mark From Roots
[2021-05-11T01:54:54.844+0000][8][gc,task     ] GC(35) Using 2 workers of 2 for marking
[2021-05-11T01:54:54.929+0000][8][gc,marking  ] GC(35) Concurrent Mark From Roots 85.105ms
[2021-05-11T01:54:54.929+0000][8][gc,marking  ] GC(35) Concurrent Preclean
[2021-05-11T01:54:54.929+0000][8][gc,marking  ] GC(35) Concurrent Preclean 0.171ms
[2021-05-11T01:54:54.929+0000][8][gc,marking  ] GC(35) Concurrent Mark (142.458s, 142.543s) 85.321ms
[2021-05-11T01:54:54.929+0000][8][gc,start    ] GC(35) Pause Remark
[2021-05-11T01:54:54.937+0000][8][gc          ] GC(35) Pause Remark 114M->114M(256M) 7.897ms
[2021-05-11T01:54:54.937+0000][8][gc,cpu      ] GC(35) User=0.04s Sys=0.00s Real=0.01s
[2021-05-11T01:54:54.937+0000][8][safepoint   ] Safepoint "G1Concurrent", Time since last: 89681228 ns, Reaching safepoint: 88081 ns, At safepoint: 7970449 ns, Total: 8058530 ns
[2021-05-11T01:54:54.937+0000][8][gc,marking  ] GC(35) Concurrent Rebuild Remembered Sets
[2021-05-11T01:54:54.994+0000][8][gc,marking  ] GC(35) Concurrent Rebuild Remembered Sets 57.392ms
[2021-05-11T01:54:54.995+0000][8][gc,start    ] GC(35) Pause Cleanup
[2021-05-11T01:54:54.995+0000][8][gc          ] GC(35) Pause Cleanup 114M->114M(256M) 0.065ms
[2021-05-11T01:54:54.995+0000][8][gc,cpu      ] GC(35) User=0.00s Sys=0.00s Real=0.00s
[2021-05-11T01:54:54.995+0000][8][safepoint   ] Safepoint "G1Concurrent", Time since last: 57525338 ns, Reaching safepoint: 211421 ns, At safepoint: 110761 ns, Total: 322182 ns
[2021-05-11T01:54:54.995+0000][8][gc,marking  ] GC(35) Concurrent Cleanup for Next Mark
[2021-05-11T01:54:54.995+0000][8][gc,marking  ] GC(35) Concurrent Cleanup for Next Mark 0.101ms
[2021-05-11T01:54:54.995+0000][8][gc          ] GC(35) Concurrent Cycle 155.729ms
[2021-05-11T01:54:55.995+0000][8][safepoint   ] Safepoint "Cleanup", Time since last: 1000242968 ns, Reaching safepoint: 139608 ns, At safepoint: 6949 ns, Total: 146557 ns
[2021-05-11T01:54:56.996+0000][8][safepoint   ] Safepoint "Cleanup", Time since last: 1000282285 ns, Reaching safepoint: 199559 ns, At safepoint: 7139 ns, Total: 206698 ns
[2021-05-11T01:54:57.996+0000][8][safepoint   ] Safepoint "Cleanup", Time since last: 1000089787 ns, Reaching safepoint: 101444 ns, At safepoint: 5944 ns, Total: 107388 ns
[2021-05-11T01:54:58.996+0000][8][safepoint   ] Safepoint "Cleanup", Time since last: 1000254128 ns, Reaching safepoint: 105232 ns, At safepoint: 5703 ns, Total: 110935 ns
[2021-05-11T01:54:59.997+0000][8][safepoint   ] Safepoint "Cleanup", Time since last: 1000266721 ns, Reaching safepoint: 144972 ns, At safepoint: 8221 ns, Total: 153193 ns
[2021-05-11T01:55:01.997+0000][8][safepoint   ] Safepoint "Cleanup", Time since last: 2000195045 ns, Reaching safepoint: 98599 ns, At safepoint: 5936 ns, Total: 104535 ns
[2021-05-11T01:55:04.997+0000][8][safepoint   ] Safepoint "Cleanup", Time since last: 3000320377 ns, Reaching safepoint: 73251 ns, At safepoint: 5871 ns, Total: 79122 ns
[2021-05-11T01:55:05.998+0000][8][safepoint   ] Safepoint "Cleanup", Time since last: 1000276097 ns, Reaching safepoint: 105627 ns, At safepoint: 5634 ns, Total: 111261 ns
[2021-05-11T01:55:07.998+0000][8][safepoint   ] Safepoint "Cleanup", Time since last: 2000318280 ns, Reaching safepoint: 84180 ns, At safepoint: 5747 ns, Total: 89927 ns
[2021-05-11T01:55:09.999+0000][8][safepoint   ] Safepoint "Cleanup", Time since last: 2000557137 ns, Reaching safepoint: 128517 ns, At safepoint: 5699 ns, Total: 134216 ns
[2021-05-11T01:55:10.999+0000][8][safepoint   ] Safepoint "Cleanup", Time since last: 1000334546 ns, Reaching safepoint: 106085 ns, At safepoint: 5583 ns, Total: 111668 ns
[2021-05-11T01:55:14.000+0000][8][safepoint   ] Safepoint "Cleanup", Time since last: 3001010084 ns, Reaching safepoint: 103172 ns, At safepoint: 6332 ns, Total: 109504 ns
[2021-05-11T01:55:15.001+0000][8][safepoint   ] Safepoint "Cleanup", Time since last: 1000081897 ns, Reaching safepoint: 138413 ns, At safepoint: 9366 ns, Total: 147779 ns
[2021-05-11T01:55:16.001+0000][8][safepoint   ] Safepoint "Cleanup", Time since last: 1000307619 ns, Reaching safepoint: 143441 ns, At safepoint: 7224 ns, Total: 150665 ns
[2021-05-11T01:55:18.002+0000][8][safepoint   ] Safepoint "Cleanup", Time since last: 2000707325 ns, Reaching safepoint: 104768 ns, At safepoint: 5826 ns, Total: 110594 ns
[2021-05-11T01:55:20.003+0000][8][safepoint   ] Safepoint "Cleanup", Time since last: 2000793847 ns, Reaching safepoint: 171397 ns, At safepoint: 6981 ns, Total: 178378 ns
[2021-05-11T01:55:21.003+0000][8][safepoint   ] Safepoint "Cleanup", Time since last: 1000150095 ns, Reaching safepoint: 153976 ns, At safepoint: 5010 ns, Total: 158986 ns
[2021-05-11T01:55:22.004+0000][8][safepoint   ] Safepoint "Cleanup", Time since last: 1000577711 ns, Reaching safepoint: 115307 ns, At safepoint: 5917 ns, Total: 121224 ns
[2021-05-11T01:55:23.004+0000][8][safepoint   ] Safepoint "Cleanup", Time since last: 1000233794 ns, Reaching safepoint: 76288 ns, At safepoint: 5502 ns, Total: 81790 ns
[2021-05-11T01:55:25.005+0000][8][safepoint   ] Safepoint "Cleanup", Time since last: 2000192427 ns, Reaching safepoint: 103702 ns, At safepoint: 6449 ns, Total: 110151 ns
[2021-05-11T01:55:26.005+0000][8][safepoint   ] Safepoint "Cleanup", Time since last: 1000075258 ns, Reaching safepoint: 141750 ns, At safepoint: 7661 ns, Total: 149411 ns
[2021-05-11T01:55:27.005+0000][8][safepoint   ] Safepoint "Cleanup", Time since last: 1000102142 ns, Reaching safepoint: 99766 ns, At safepoint: 5891 ns, Total: 105657 ns
[2021-05-11T01:55:28.005+0000][8][safepoint   ] Safepoint "Cleanup", Time since last: 1000216874 ns, Reaching safepoint: 116313 ns, At safepoint: 7581 ns, Total: 123894 ns
[2021-05-11T01:55:32.006+0000][8][safepoint   ] Safepoint "Cleanup", Time since last: 4000632757 ns, Reaching safepoint: 82547 ns, At safepoint: 5959 ns, Total: 88506 ns
[2021-05-11T01:55:33.006+0000][8][safepoint   ] Safepoint "Cleanup", Time since last: 1000262120 ns, Reaching safepoint: 92029 ns, At safepoint: 5016 ns, Total: 97045 ns
[2021-05-11T01:55:35.007+0000][8][safepoint   ] Safepoint "Cleanup", Time since last: 2000395701 ns, Reaching safepoint: 122454 ns, At safepoint: 7629 ns, Total: 130083 ns
[2021-05-11T01:55:36.007+0000][8][safepoint   ] Safepoint "Cleanup", Time since last: 1000210327 ns, Reaching safepoint: 130009 ns, At safepoint: 7163 ns, Total: 137172 ns
[2021-05-11T01:55:38.008+0000][8][safepoint   ] Safepoint "Cleanup", Time since last: 2000205361 ns, Reaching safepoint: 82107 ns, At safepoint: 5881 ns, Total: 87988 ns
[2021-05-11T01:55:41.008+0000][8][safepoint   ] Safepoint "Cleanup", Time since last: 3000264589 ns, Reaching safepoint: 255741 ns, At safepoint: 12700 ns, Total: 268441 ns
[2021-05-11T01:55:43.009+0000][8][safepoint   ] Safepoint "Cleanup", Time since last: 2000395432 ns, Reaching safepoint: 242903 ns, At safepoint: 22661 ns, Total: 265564 ns
[2021-05-11T01:55:45.009+0000][8][safepoint   ] Safepoint "Cleanup", Time since last: 2000499285 ns, Reaching safepoint: 149400 ns, At safepoint: 12141 ns, Total: 161541 ns
[2021-05-11T01:55:46.010+0000][8][safepoint   ] Safepoint "Cleanup", Time since last: 1000132568 ns, Reaching safepoint: 161114 ns, At safepoint: 13536 ns, Total: 174650 ns
[2021-05-11T01:55:48.011+0000][8][safepoint   ] Safepoint "Cleanup", Time since last: 2000702098 ns, Reaching safepoint: 216782 ns, At safepoint: 7204 ns, Total: 223986 ns
[2021-05-11T01:55:50.011+0000][8][safepoint   ] Safepoint "Cleanup", Time since last: 2000333778 ns, Reaching safepoint: 272352 ns, At safepoint: 8801 ns, Total: 281153 ns
[2021-05-11T01:55:51.012+0000][8][safepoint   ] Safepoint "Cleanup", Time since last: 1000117946 ns, Reaching safepoint: 117792 ns, At safepoint: 5393 ns, Total: 123185 ns
[2021-05-11T01:55:52.012+0000][8][safepoint   ] Safepoint "Cleanup", Time since last: 1000215826 ns, Reaching safepoint: 135160 ns, At safepoint: 6545 ns, Total: 141705 ns
[2021-05-11T01:55:54.013+0000][8][safepoint   ] Safepoint "Cleanup", Time since last: 2000530116 ns, Reaching safepoint: 124766 ns, At safepoint: 6320 ns, Total: 131086 ns
[2021-05-11T01:55:55.013+0000][8][safepoint   ] Safepoint "Cleanup", Time since last: 1000082681 ns, Reaching safepoint: 90079 ns, At safepoint: 6140 ns, Total: 96219 ns
[2021-05-11T01:55:56.013+0000][8][safepoint   ] Safepoint "Cleanup", Time since last: 1000109014 ns, Reaching safepoint: 130053 ns, At safepoint: 6449 ns, Total: 136502 ns
[2021-05-11T01:55:57.013+0000][8][safepoint   ] Safepoint "Cleanup", Time since last: 1000133819 ns, Reaching safepoint: 129075 ns, At safepoint: 7244 ns, Total: 136319 ns
[2021-05-11T01:55:58.014+0000][8][safepoint   ] Safepoint "Cleanup", Time since last: 1000400389 ns, Reaching safepoint: 107257 ns, At safepoint: 6518 ns, Total: 113775 ns
[2021-05-11T01:55:59.014+0000][8][safepoint   ] Safepoint "Cleanup", Time since last: 1000207862 ns, Reaching safepoint: 94753 ns, At safepoint: 7415 ns, Total: 102168 ns
[2021-05-11T01:56:00.014+0000][8][safepoint   ] Safepoint "Cleanup", Time since last: 1000096102 ns, Reaching safepoint: 102345 ns, At safepoint: 6560 ns, Total: 108905 ns
[2021-05-11T01:56:05.015+0000][8][safepoint   ] Safepoint "Cleanup", Time since last: 5000469535 ns, Reaching safepoint: 151777 ns, At safepoint: 8689 ns, Total: 160466 ns
[2021-05-11T01:56:12.016+0000][8][safepoint   ] Safepoint "Cleanup", Time since last: 7000615467 ns, Reaching safepoint: 122415 ns, At safepoint: 5053 ns, Total: 127468 ns
[2021-05-11T01:56:15.016+0000][8][safepoint   ] Safepoint "Cleanup", Time since last: 3000252587 ns, Reaching safepoint: 112662 ns, At safepoint: 7414 ns, Total: 120076 ns
[2021-05-11T01:56:16.016+0000][8][safepoint   ] Safepoint "Cleanup", Time since last: 1000113597 ns, Reaching safepoint: 152400 ns, At safepoint: 9368 ns, Total: 161768 ns
[2021-05-11T01:56:20.017+0000][8][safepoint   ] Safepoint "Cleanup", Time since last: 4000342448 ns, Reaching safepoint: 148575 ns, At safepoint: 8981 ns, Total: 157556 ns
[2021-05-11T01:56:21.017+0000][8][safepoint   ] Safepoint "Cleanup", Time since last: 1000129163 ns, Reaching safepoint: 109923 ns, At safepoint: 8706 ns, Total: 118629 ns
[2021-05-11T01:56:25.018+0000][8][safepoint   ] Safepoint "Cleanup", Time since last: 4000442289 ns, Reaching safepoint: 140253 ns, At safepoint: 7064 ns, Total: 147317 ns
[2021-05-11T01:56:26.018+0000][8][safepoint   ] Safepoint "Cleanup", Time since last: 1000249346 ns, Reaching safepoint: 153728 ns, At safepoint: 14584 ns, Total: 168312 ns
[2021-05-11T01:56:27.018+0000][8][safepoint   ] Safepoint "Cleanup", Time since last: 1000102274 ns, Reaching safepoint: 108896 ns, At safepoint: 6831 ns, Total: 115727 ns
[2021-05-11T01:56:30.019+0000][8][safepoint   ] Safepoint "Cleanup", Time since last: 3000321970 ns, Reaching safepoint: 69963 ns, At safepoint: 5235 ns, Total: 75198 ns
[2021-05-11T01:56:31.019+0000][8][safepoint   ] Safepoint "Cleanup", Time since last: 1000094214 ns, Reaching safepoint: 84435 ns, At safepoint: 5688 ns, Total: 90123 ns
[2021-05-11T01:56:33.019+0000][8][safepoint   ] Safepoint "Cleanup", Time since last: 2000200245 ns, Reaching safepoint: 82676 ns, At safepoint: 7268 ns, Total: 89944 ns
[2021-05-11T01:56:39.020+0000][8][safepoint   ] Safepoint "Cleanup", Time since last: 6000467928 ns, Reaching safepoint: 75623 ns, At safepoint: 5765 ns, Total: 81388 ns
[2021-05-11T01:56:41.020+0000][8][safepoint   ] Safepoint "Cleanup", Time since last: 2000315964 ns, Reaching safepoint: 100847 ns, At safepoint: 5665 ns, Total: 106512 ns
[2021-05-11T01:56:45.021+0000][8][safepoint   ] Safepoint "Cleanup", Time since last: 4000422642 ns, Reaching safepoint: 112958 ns, At safepoint: 6288 ns, Total: 119246 ns
[2021-05-11T01:56:48.021+0000][8][safepoint   ] Safepoint "Cleanup", Time since last: 3000225245 ns, Reaching safepoint: 82330 ns, At safepoint: 4509 ns, Total: 86839 ns
[2021-05-11T01:56:49.021+0000][8][safepoint   ] Safepoint "Cleanup", Time since last: 1000099077 ns, Reaching safepoint: 90616 ns, At safepoint: 8117 ns, Total: 98733 ns
[2021-05-11T01:56:50.022+0000][8][safepoint   ] Safepoint "Cleanup", Time since last: 1000269601 ns, Reaching safepoint: 146746 ns, At safepoint: 6445 ns, Total: 153191 ns
[2021-05-11T01:56:51.022+0000][8][safepoint   ] Safepoint "Cleanup", Time since last: 1000089905 ns, Reaching safepoint: 76224 ns, At safepoint: 6101 ns, Total: 82325 ns
[2021-05-11T01:56:51.068+0000][8][gc,start    ] GC(36) Pause Young (Normal) (G1 Evacuation Pause)
[2021-05-11T01:56:51.069+0000][8][gc,task     ] GC(36) Using 6 workers of 8 for evacuation
[2021-05-11T01:56:51.069+0000][8][gc,age      ] GC(36) Desired survivor size 6291456 bytes, new threshold 15 (max threshold 15)
[2021-05-11T01:56:51.073+0000][8][gc,age      ] GC(36) Age table with threshold 15 (max threshold 15)
[2021-05-11T01:56:51.073+0000][8][gc,age      ] GC(36) - age   1:     527856 bytes,     527856 total
[2021-05-11T01:56:51.073+0000][8][gc,age      ] GC(36) - age   2:    1118456 bytes,    1646312 total
[2021-05-11T01:56:51.073+0000][8][gc,age      ] GC(36) - age   3:    3858360 bytes,    5504672 total
[2021-05-11T01:56:51.073+0000][8][gc,phases   ] GC(36)   Pre Evacuate Collection Set: 0.1ms
[2021-05-11T01:56:51.073+0000][8][gc,phases   ] GC(36)   Merge Heap Roots: 0.1ms
[2021-05-11T01:56:51.073+0000][8][gc,phases   ] GC(36)   Evacuate Collection Set: 3.6ms
[2021-05-11T01:56:51.073+0000][8][gc,phases   ] GC(36)   Post Evacuate Collection Set: 0.5ms
[2021-05-11T01:56:51.073+0000][8][gc,phases   ] GC(36)   Other: 0.2ms
[2021-05-11T01:56:51.073+0000][8][gc,heap     ] GC(36) Eden regions: 19->0(20)
[2021-05-11T01:56:51.073+0000][8][gc,heap     ] GC(36) Survivor regions: 2->2(3)
[2021-05-11T01:56:51.073+0000][8][gc,heap     ] GC(36) Old regions: 25->25
[2021-05-11T01:56:51.073+0000][8][gc,heap     ] GC(36) Archive regions: 2->2
[2021-05-11T01:56:51.073+0000][8][gc,heap     ] GC(36) Humongous regions: 2->2
[2021-05-11T01:56:51.073+0000][8][gc,metaspace] GC(36) Metaspace: 101731K(106352K)->101731K(106352K) NonClass: 88121K(91376K)->88121K(91376K) Class: 13609K(14976K)->13609K(14976K)
[2021-05-11T01:56:51.073+0000][8][gc          ] GC(36) Pause Young (Normal) (G1 Evacuation Pause) 190M->114M(256M) 4.479ms
[2021-05-11T01:56:51.073+0000][8][gc,cpu      ] GC(36) User=0.02s Sys=0.00s Real=0.01s
[2021-05-11T01:56:51.073+0000][8][safepoint   ] Safepoint "G1CollectForAllocation", Time since last: 46632970 ns, Reaching safepoint: 65644 ns, At safepoint: 4548493 ns, Total: 4614137 ns
[2021-05-11T01:56:54.073+0000][8][safepoint   ] Safepoint "Cleanup", Time since last: 3000297287 ns, Reaching safepoint: 117918 ns, At safepoint: 6848 ns, Total: 124766 ns
[2021-05-11T01:56:55.074+0000][8][safepoint   ] Safepoint "Cleanup", Time since last: 1000132223 ns, Reaching safepoint: 67463 ns, At safepoint: 5151 ns, Total: 72614 ns
[2021-05-11T01:56:56.074+0000][8][safepoint   ] Safepoint "Cleanup", Time since last: 1000121404 ns, Reaching safepoint: 91602 ns, At safepoint: 5714 ns, Total: 97316 ns
[2021-05-11T01:56:57.074+0000][8][safepoint   ] Safepoint "Cleanup", Time since last: 1000096201 ns, Reaching safepoint: 103072 ns, At safepoint: 7692 ns, Total: 110764 ns
[2021-05-11T01:56:58.074+0000][8][safepoint   ] Safepoint "Cleanup", Time since last: 1000232057 ns, Reaching safepoint: 77501 ns, At safepoint: 6014 ns, Total: 83515 ns
[2021-05-11T01:56:59.075+0000][8][safepoint   ] Safepoint "Cleanup", Time since last: 1000128979 ns, Reaching safepoint: 115560 ns, At safepoint: 7464 ns, Total: 123024 ns
[2021-05-11T01:57:01.075+0000][8][safepoint   ] Safepoint "Cleanup", Time since last: 2000200402 ns, Reaching safepoint: 83436 ns, At safepoint: 5296 ns, Total: 88732 ns
[2021-05-11T01:57:03.075+0000][8][safepoint   ] Safepoint "Cleanup", Time since last: 2000167944 ns, Reaching safepoint: 92555 ns, At safepoint: 6953 ns, Total: 99508 ns
[2021-05-11T01:57:04.075+0000][8][safepoint   ] Safepoint "Cleanup", Time since last: 1000101736 ns, Reaching safepoint: 108340 ns, At safepoint: 6862 ns, Total: 115202 ns
[2021-05-11T01:57:05.076+0000][8][safepoint   ] Safepoint "Cleanup", Time since last: 1000103451 ns, Reaching safepoint: 90447 ns, At safepoint: 5543 ns, Total: 95990 ns
[2021-05-11T01:57:06.076+0000][8][safepoint   ] Safepoint "Cleanup", Time since last: 1000106104 ns, Reaching safepoint: 74352 ns, At safepoint: 5880 ns, Total: 80232 ns
[2021-05-11T01:57:07.076+0000][8][safepoint   ] Safepoint "Cleanup", Time since last: 1000137252 ns, Reaching safepoint: 130421 ns, At safepoint: 7783 ns, Total: 138204 ns
[2021-05-11T01:57:08.076+0000][8][safepoint   ] Safepoint "Cleanup", Time since last: 1000126119 ns, Reaching safepoint: 163236 ns, At safepoint: 18043 ns, Total: 181279 ns
[2021-05-11T01:57:10.077+0000][8][safepoint   ] Safepoint "Cleanup", Time since last: 2000200519 ns, Reaching safepoint: 132647 ns, At safepoint: 8715 ns, Total: 141362 ns
[2021-05-11T01:57:11.077+0000][8][safepoint   ] Safepoint "Cleanup", Time since last: 1000124827 ns, Reaching safepoint: 102237 ns, At safepoint: 6040 ns, Total: 108277 ns
[2021-05-11T01:57:16.078+0000][8][safepoint   ] Safepoint "Cleanup", Time since last: 5000678716 ns, Reaching safepoint: 99043 ns, At safepoint: 6810 ns, Total: 105853 ns
[2021-05-11T01:57:18.078+0000][8][safepoint   ] Safepoint "Cleanup", Time since last: 2000231078 ns, Reaching safepoint: 97980 ns, At safepoint: 6085 ns, Total: 104065 ns
[2021-05-11T01:57:20.078+0000][8][safepoint   ] Safepoint "Cleanup", Time since last: 2000232630 ns, Reaching safepoint: 84275 ns, At safepoint: 5144 ns, Total: 89419 ns
[2021-05-11T01:57:22.079+0000][8][safepoint   ] Safepoint "Cleanup", Time since last: 2000334634 ns, Reaching safepoint: 79996 ns, At safepoint: 3479 ns, Total: 83475 ns
[2021-05-11T01:57:23.079+0000][8][safepoint   ] Safepoint "Cleanup", Time since last: 1000165723 ns, Reaching safepoint: 83755 ns, At safepoint: 5459 ns, Total: 89214 ns
[2021-05-11T01:57:25.080+0000][8][safepoint   ] Safepoint "Cleanup", Time since last: 2000457822 ns, Reaching safepoint: 132109 ns, At safepoint: 5717 ns, Total: 137826 ns
[2021-05-11T01:57:26.080+0000][8][safepoint   ] Safepoint "Cleanup", Time since last: 1000096124 ns, Reaching safepoint: 88730 ns, At safepoint: 8206 ns, Total: 96936 ns
[2021-05-11T01:57:27.080+0000][8][safepoint   ] Safepoint "Cleanup", Time since last: 1000254650 ns, Reaching safepoint: 149948 ns, At safepoint: 5782 ns, Total: 155730 ns
[2021-05-11T01:57:28.081+0000][8][safepoint   ] Safepoint "Cleanup", Time since last: 1000353286 ns, Reaching safepoint: 82443 ns, At safepoint: 5555 ns, Total: 87998 ns
[2021-05-11T01:57:30.081+0000][8][safepoint   ] Safepoint "Cleanup", Time since last: 2000159248 ns, Reaching safepoint: 99731 ns, At safepoint: 5934 ns, Total: 105665 ns
[2021-05-11T01:57:31.081+0000][8][safepoint   ] Safepoint "Cleanup", Time since last: 1000257672 ns, Reaching safepoint: 97958 ns, At safepoint: 7649 ns, Total: 105607 ns
[2021-05-11T01:57:40.082+0000][8][safepoint   ] Safepoint "Cleanup", Time since last: 9000686243 ns, Reaching safepoint: 83247 ns, At safepoint: 5520 ns, Total: 88767 ns
[2021-05-11T01:57:41.082+0000][8][safepoint   ] Safepoint "Cleanup", Time since last: 1000093415 ns, Reaching safepoint: 80624 ns, At safepoint: 7602 ns, Total: 88226 ns
[2021-05-11T01:57:43.083+0000][8][safepoint   ] Safepoint "Cleanup", Time since last: 2000183705 ns, Reaching safepoint: 85847 ns, At safepoint: 6148 ns, Total: 91995 ns
[2021-05-11T01:57:44.083+0000][8][safepoint   ] Safepoint "Cleanup", Time since last: 1000106729 ns, Reaching safepoint: 82597 ns, At safepoint: 4087 ns, Total: 86684 ns
[2021-05-11T01:57:46.083+0000][8][safepoint   ] Safepoint "Cleanup", Time since last: 2000157046 ns, Reaching safepoint: 80069 ns, At safepoint: 6062 ns, Total: 86131 ns
[2021-05-11T01:57:47.083+0000][8][safepoint   ] Safepoint "Cleanup", Time since last: 1000129994 ns, Reaching safepoint: 74269 ns, At safepoint: 6497 ns, Total: 80766 ns
[2021-05-11T01:57:48.083+0000][8][safepoint   ] Safepoint "Cleanup", Time since last: 1000091160 ns, Reaching safepoint: 127349 ns, At safepoint: 4788 ns, Total: 132137 ns
[2021-05-11T01:57:50.084+0000][8][safepoint   ] Safepoint "Cleanup", Time since last: 2000154058 ns, Reaching safepoint: 79505 ns, At safepoint: 5309 ns, Total: 84814 ns
[2021-05-11T01:57:53.084+0000][8][safepoint   ] Safepoint "Cleanup", Time since last: 3000262742 ns, Reaching safepoint: 75899 ns, At safepoint: 6540 ns, Total: 82439 ns
[2021-05-11T01:57:53.837+0000][8][safepoint   ] Safepoint "ICBufferFull", Time since last: 752343654 ns, Reaching safepoint: 276152 ns, At safepoint: 28301 ns, Total: 304453 ns
[2021-05-11T01:57:53.921+0000][8][gc,start    ] GC(37) Pause Young (Concurrent Start) (G1 Evacuation Pause)
[2021-05-11T01:57:53.921+0000][8][gc,task     ] GC(37) Using 6 workers of 8 for evacuation
[2021-05-11T01:57:53.921+0000][8][gc,age      ] GC(37) Desired survivor size 6291456 bytes, new threshold 15 (max threshold 15)
[2021-05-11T01:57:53.940+0000][8][gc,age      ] GC(37) Age table with threshold 15 (max threshold 15)
[2021-05-11T01:57:53.940+0000][8][gc,age      ] GC(37) - age   1:    1979800 bytes,    1979800 total
[2021-05-11T01:57:53.940+0000][8][gc,age      ] GC(37) - age   2:      24096 bytes,    2003896 total
[2021-05-11T01:57:53.940+0000][8][gc,age      ] GC(37) - age   3:     729920 bytes,    2733816 total
[2021-05-11T01:57:53.940+0000][8][gc,age      ] GC(37) - age   4:    3776744 bytes,    6510560 total
[2021-05-11T01:57:53.940+0000][8][gc,phases   ] GC(37)   Pre Evacuate Collection Set: 0.2ms
[2021-05-11T01:57:53.940+0000][8][gc,phases   ] GC(37)   Merge Heap Roots: 0.1ms
[2021-05-11T01:57:53.940+0000][8][gc,phases   ] GC(37)   Evacuate Collection Set: 17.6ms
[2021-05-11T01:57:53.940+0000][8][gc,phases   ] GC(37)   Post Evacuate Collection Set: 1.2ms
[2021-05-11T01:57:53.940+0000][8][gc,phases   ] GC(37)   Other: 0.3ms
[2021-05-11T01:57:53.940+0000][8][gc,heap     ] GC(37) Eden regions: 20->0(20)
[2021-05-11T01:57:53.940+0000][8][gc,heap     ] GC(37) Survivor regions: 2->2(3)
[2021-05-11T01:57:53.940+0000][8][gc,heap     ] GC(37) Old regions: 25->25
[2021-05-11T01:57:53.940+0000][8][gc,heap     ] GC(37) Archive regions: 2->2
[2021-05-11T01:57:53.940+0000][8][gc,heap     ] GC(37) Humongous regions: 2->2
[2021-05-11T01:57:53.940+0000][8][gc,metaspace] GC(37) Metaspace: 102773K(107120K)->102773K(107120K) NonClass: 89066K(92144K)->89066K(92144K) Class: 13706K(14976K)->13706K(14976K)
[2021-05-11T01:57:53.940+0000][8][gc          ] GC(37) Pause Young (Concurrent Start) (G1 Evacuation Pause) 194M->115M(256M) 19.395ms
[2021-05-11T01:57:53.940+0000][8][gc,cpu      ] GC(37) User=0.04s Sys=0.00s Real=0.01s
[2021-05-11T01:57:53.940+0000][8][gc          ] GC(38) Concurrent Cycle
[2021-05-11T01:57:53.940+0000][8][safepoint   ] Safepoint "G1CollectForAllocation", Time since last: 78307336 ns, Reaching safepoint: 5660917 ns, At safepoint: 19516629 ns, Total: 25177546 ns
[2021-05-11T01:57:53.940+0000][8][gc,marking  ] GC(38) Concurrent Clear Claimed Marks
[2021-05-11T01:57:53.940+0000][8][gc,marking  ] GC(38) Concurrent Clear Claimed Marks 0.085ms
[2021-05-11T01:57:53.940+0000][8][gc,marking  ] GC(38) Concurrent Scan Root Regions
[2021-05-11T01:57:53.946+0000][8][gc,marking  ] GC(38) Concurrent Scan Root Regions 5.532ms
[2021-05-11T01:57:53.946+0000][8][gc,marking  ] GC(38) Concurrent Mark (321.560s)
[2021-05-11T01:57:53.946+0000][8][gc,marking  ] GC(38) Concurrent Mark From Roots
[2021-05-11T01:57:53.946+0000][8][gc,task     ] GC(38) Using 2 workers of 2 for marking
[2021-05-11T01:57:54.144+0000][8][gc,marking  ] GC(38) Concurrent Mark From Roots 198.485ms
[2021-05-11T01:57:54.144+0000][8][gc,marking  ] GC(38) Concurrent Preclean
[2021-05-11T01:57:54.146+0000][8][gc,marking  ] GC(38) Concurrent Preclean 1.644ms
[2021-05-11T01:57:54.146+0000][8][gc,marking  ] GC(38) Concurrent Mark (321.560s, 321.761s) 200.222ms
[2021-05-11T01:57:54.149+0000][8][gc,start    ] GC(38) Pause Remark
[2021-05-11T01:57:54.169+0000][8][gc          ] GC(38) Pause Remark 155M->155M(256M) 20.088ms
[2021-05-11T01:57:54.169+0000][8][gc,cpu      ] GC(38) User=0.08s Sys=0.00s Real=0.02s
[2021-05-11T01:57:54.169+0000][8][safepoint   ] Safepoint "G1Concurrent", Time since last: 207370853 ns, Reaching safepoint: 1379174 ns, At safepoint: 20169293 ns, Total: 21548467 ns
[2021-05-11T01:57:54.170+0000][8][gc,marking  ] GC(38) Concurrent Rebuild Remembered Sets
[2021-05-11T01:57:54.269+0000][8][gc,marking  ] GC(38) Concurrent Rebuild Remembered Sets 98.555ms
[2021-05-11T01:57:54.269+0000][8][gc,start    ] GC(38) Pause Cleanup
[2021-05-11T01:57:54.269+0000][8][gc          ] GC(38) Pause Cleanup 169M->169M(256M) 0.108ms
[2021-05-11T01:57:54.269+0000][8][gc,cpu      ] GC(38) User=0.00s Sys=0.00s Real=0.00s
[2021-05-11T01:57:54.269+0000][8][safepoint   ] Safepoint "G1Concurrent", Time since last: 99831250 ns, Reaching safepoint: 287483 ns, At safepoint: 173331 ns, Total: 460814 ns
[2021-05-11T01:57:54.269+0000][8][gc,marking  ] GC(38) Concurrent Cleanup for Next Mark
[2021-05-11T01:57:54.270+0000][8][gc,marking  ] GC(38) Concurrent Cleanup for Next Mark 0.217ms
[2021-05-11T01:57:54.270+0000][8][gc          ] GC(38) Concurrent Cycle 329.503ms
[2021-05-11T01:57:54.851+0000][8][safepoint   ] Safepoint "ICBufferFull", Time since last: 581336687 ns, Reaching safepoint: 178857 ns, At safepoint: 7969 ns, Total: 186826 ns
[2021-05-11T01:57:55.851+0000][8][safepoint   ] Safepoint "Cleanup", Time since last: 1000344152 ns, Reaching safepoint: 193106 ns, At safepoint: 6583 ns, Total: 199689 ns
[2021-05-11T01:57:56.852+0000][8][safepoint   ] Safepoint "Cleanup", Time since last: 1000129714 ns, Reaching safepoint: 166267 ns, At safepoint: 7217 ns, Total: 173484 ns
[2021-05-11T01:57:57.852+0000][8][safepoint   ] Safepoint "Cleanup", Time since last: 1000559929 ns, Reaching safepoint: 118947 ns, At safepoint: 6409 ns, Total: 125356 ns
[2021-05-11T01:57:58.853+0000][8][safepoint   ] Safepoint "Cleanup", Time since last: 1000091848 ns, Reaching safepoint: 96234 ns, At safepoint: 9551 ns, Total: 105785 ns
[2021-05-11T01:58:01.853+0000][8][safepoint   ] Safepoint "Cleanup", Time since last: 3000229804 ns, Reaching safepoint: 71133 ns, At safepoint: 3279 ns, Total: 74412 ns
[2021-05-11T01:58:03.853+0000][8][safepoint   ] Safepoint "Cleanup", Time since last: 2000180663 ns, Reaching safepoint: 83230 ns, At safepoint: 7253 ns, Total: 90483 ns
[2021-05-11T01:58:04.853+0000][8][safepoint   ] Safepoint "Cleanup", Time since last: 1000087674 ns, Reaching safepoint: 70704 ns, At safepoint: 5141 ns, Total: 75845 ns
[2021-05-11T01:58:05.854+0000][8][safepoint   ] Safepoint "Cleanup", Time since last: 1000091524 ns, Reaching safepoint: 110476 ns, At safepoint: 5952 ns, Total: 116428 ns
[2021-05-11T01:58:07.854+0000][8][safepoint   ] Safepoint "Cleanup", Time since last: 2000156505 ns, Reaching safepoint: 133932 ns, At safepoint: 4878 ns, Total: 138810 ns
[2021-05-11T01:58:10.854+0000][8][safepoint   ] Safepoint "Cleanup", Time since last: 3000280141 ns, Reaching safepoint: 85077 ns, At safepoint: 5603 ns, Total: 90680 ns
[2021-05-11T01:58:16.855+0000][8][safepoint   ] Safepoint "Cleanup", Time since last: 6000493389 ns, Reaching safepoint: 97211 ns, At safepoint: 5735 ns, Total: 102946 ns
[2021-05-11T01:58:17.855+0000][8][safepoint   ] Safepoint "Cleanup", Time since last: 1000091697 ns, Reaching safepoint: 111571 ns, At safepoint: 6504 ns, Total: 118075 ns
[2021-05-11T01:58:19.855+0000][8][safepoint   ] Safepoint "Cleanup", Time since last: 2000159924 ns, Reaching safepoint: 79295 ns, At safepoint: 3985 ns, Total: 83280 ns
[2021-05-11T01:58:20.855+0000][8][safepoint   ] Safepoint "Cleanup", Time since last: 1000091340 ns, Reaching safepoint: 92182 ns, At safepoint: 5087 ns, Total: 97269 ns
[2021-05-11T01:58:21.856+0000][8][safepoint   ] Safepoint "Cleanup", Time since last: 1000130774 ns, Reaching safepoint: 78264 ns, At safepoint: 6148 ns, Total: 84412 ns
[2021-05-11T01:58:24.499+0000][8][gc,start    ] GC(39) Pause Young (Normal) (G1 Evacuation Pause)
[2021-05-11T01:58:24.499+0000][8][gc,task     ] GC(39) Using 6 workers of 8 for evacuation
[2021-05-11T01:58:24.499+0000][8][gc,age      ] GC(39) Desired survivor size 6291456 bytes, new threshold 4 (max threshold 15)
[2021-05-11T01:58:24.505+0000][8][gc,age      ] GC(39) Age table with threshold 4 (max threshold 15)
[2021-05-11T01:58:24.505+0000][8][gc,age      ] GC(39) - age   1:    1370376 bytes,    1370376 total
[2021-05-11T01:58:24.505+0000][8][gc,age      ] GC(39) - age   2:     796024 bytes,    2166400 total
[2021-05-11T01:58:24.505+0000][8][gc,age      ] GC(39) - age   3:      23640 bytes,    2190040 total
[2021-05-11T01:58:24.505+0000][8][gc,age      ] GC(39) - age   4:     728624 bytes,    2918664 total
[2021-05-11T01:58:24.505+0000][8][gc,phases   ] GC(39)   Pre Evacuate Collection Set: 0.0ms
[2021-05-11T01:58:24.505+0000][8][gc,phases   ] GC(39)   Merge Heap Roots: 0.1ms
[2021-05-11T01:58:24.505+0000][8][gc,phases   ] GC(39)   Evacuate Collection Set: 5.0ms
[2021-05-11T01:58:24.505+0000][8][gc,phases   ] GC(39)   Post Evacuate Collection Set: 0.5ms
[2021-05-11T01:58:24.505+0000][8][gc,phases   ] GC(39)   Other: 0.2ms
[2021-05-11T01:58:24.505+0000][8][gc,heap     ] GC(39) Eden regions: 20->0(20)
[2021-05-11T01:58:24.505+0000][8][gc,heap     ] GC(39) Survivor regions: 2->1(3)
[2021-05-11T01:58:24.505+0000][8][gc,heap     ] GC(39) Old regions: 25->26
[2021-05-11T01:58:24.505+0000][8][gc,heap     ] GC(39) Archive regions: 2->2
[2021-05-11T01:58:24.505+0000][8][gc,heap     ] GC(39) Humongous regions: 2->2
[2021-05-11T01:58:24.505+0000][8][gc,metaspace] GC(39) Metaspace: 104063K(108656K)->104063K(108656K) NonClass: 90185K(93424K)->90185K(93424K) Class: 13877K(15232K)->13877K(15232K)
[2021-05-11T01:58:24.505+0000][8][gc          ] GC(39) Pause Young (Normal) (G1 Evacuation Pause) 195M->115M(256M) 5.819ms
[2021-05-11T01:58:24.505+0000][8][gc,cpu      ] GC(39) User=0.02s Sys=0.00s Real=0.01s
[2021-05-11T01:58:24.505+0000][8][safepoint   ] Safepoint "G1CollectForAllocation", Time since last: 2643424303 ns, Reaching safepoint: 128516 ns, At safepoint: 5887082 ns, Total: 6015598 ns
[2021-05-11T01:58:25.505+0000][8][safepoint   ] Safepoint "Cleanup", Time since last: 1000071000 ns, Reaching safepoint: 78836 ns, At safepoint: 5665 ns, Total: 84501 ns
[2021-05-11T01:58:26.505+0000][8][safepoint   ] Safepoint "Cleanup", Time since last: 1000123005 ns, Reaching safepoint: 75575 ns, At safepoint: 4940 ns, Total: 80515 ns
[2021-05-11T01:58:27.506+0000][8][safepoint   ] Safepoint "Cleanup", Time since last: 1000090253 ns, Reaching safepoint: 126695 ns, At safepoint: 7282 ns, Total: 133977 ns
[2021-05-11T01:58:29.506+0000][8][safepoint   ] Safepoint "Cleanup", Time since last: 2000289814 ns, Reaching safepoint: 89877 ns, At safepoint: 6603 ns, Total: 96480 ns
[2021-05-11T01:58:35.507+0000][8][safepoint   ] Safepoint "Cleanup", Time since last: 6000537167 ns, Reaching safepoint: 143422 ns, At safepoint: 6911 ns, Total: 150333 ns
[2021-05-11T01:58:41.507+0000][8][safepoint   ] Safepoint "Cleanup", Time since last: 6000427743 ns, Reaching safepoint: 84515 ns, At safepoint: 7670 ns, Total: 92185 ns
[2021-05-11T01:58:44.508+0000][8][safepoint   ] Safepoint "Cleanup", Time since last: 3000251971 ns, Reaching safepoint: 79860 ns, At safepoint: 5894 ns, Total: 85754 ns
[2021-05-11T01:58:45.508+0000][8][safepoint   ] Safepoint "Cleanup", Time since last: 1000140281 ns, Reaching safepoint: 80274 ns, At safepoint: 6150 ns, Total: 86424 ns
[2021-05-11T01:58:47.508+0000][8][safepoint   ] Safepoint "Cleanup", Time since last: 2000189443 ns, Reaching safepoint: 74267 ns, At safepoint: 5052 ns, Total: 79319 ns
[2021-05-11T01:58:48.508+0000][8][safepoint   ] Safepoint "Cleanup", Time since last: 1000093238 ns, Reaching safepoint: 73230 ns, At safepoint: 5337 ns, Total: 78567 ns
[2021-05-11T01:58:49.509+0000][8][safepoint   ] Safepoint "Cleanup", Time since last: 1000137522 ns, Reaching safepoint: 64416 ns, At safepoint: 4564 ns, Total: 68980 ns
[2021-05-11T01:58:50.509+0000][8][safepoint   ] Safepoint "Cleanup", Time since last: 1000098044 ns, Reaching safepoint: 128834 ns, At safepoint: 6298 ns, Total: 135132 ns
[2021-05-11T01:58:51.509+0000][8][safepoint   ] Safepoint "Cleanup", Time since last: 1000115565 ns, Reaching safepoint: 74130 ns, At safepoint: 5621 ns, Total: 79751 ns
[2021-05-11T01:58:52.509+0000][8][safepoint   ] Safepoint "Cleanup", Time since last: 1000239620 ns, Reaching safepoint: 74007 ns, At safepoint: 4006 ns, Total: 78013 ns
[2021-05-11T01:58:53.510+0000][8][safepoint   ] Safepoint "Cleanup", Time since last: 1000254984 ns, Reaching safepoint: 83066 ns, At safepoint: 5552 ns, Total: 88618 ns
[2021-05-11T01:58:54.510+0000][8][safepoint   ] Safepoint "Cleanup", Time since last: 1000135078 ns, Reaching safepoint: 288233 ns, At safepoint: 24521 ns, Total: 312754 ns
[2021-05-11T01:58:55.510+0000][8][safepoint   ] Safepoint "Cleanup", Time since last: 1000156814 ns, Reaching safepoint: 120737 ns, At safepoint: 5351 ns, Total: 126088 ns
[2021-05-11T01:58:57.511+0000][8][safepoint   ] Safepoint "Cleanup", Time since last: 2000148519 ns, Reaching safepoint: 87286 ns, At safepoint: 5974 ns, Total: 93260 ns
[2021-05-11T01:58:58.511+0000][8][safepoint   ] Safepoint "Cleanup", Time since last: 1000192266 ns, Reaching safepoint: 110485 ns, At safepoint: 5029 ns, Total: 115514 ns
[2021-05-11T01:59:05.512+0000][8][safepoint   ] Safepoint "Cleanup", Time since last: 7000550890 ns, Reaching safepoint: 93571 ns, At safepoint: 5240 ns, Total: 98811 ns
[2021-05-11T01:59:12.512+0000][8][safepoint   ] Safepoint "Cleanup", Time since last: 7000548009 ns, Reaching safepoint: 70771 ns, At safepoint: 6426 ns, Total: 77197 ns
[2021-05-11T01:59:14.512+0000][8][safepoint   ] Safepoint "Cleanup", Time since last: 2000151201 ns, Reaching safepoint: 77483 ns, At safepoint: 6482 ns, Total: 83965 ns
[2021-05-11T01:59:15.513+0000][8][safepoint   ] Safepoint "Cleanup", Time since last: 1000135884 ns, Reaching safepoint: 76715 ns, At safepoint: 6255 ns, Total: 82970 ns
[2021-05-11T01:59:17.513+0000][8][safepoint   ] Safepoint "Cleanup", Time since last: 2000151443 ns, Reaching safepoint: 76946 ns, At safepoint: 7737 ns, Total: 84683 ns
[2021-05-11T01:59:18.513+0000][8][safepoint   ] Safepoint "Cleanup", Time since last: 1000135320 ns, Reaching safepoint: 118782 ns, At safepoint: 6322 ns, Total: 125104 ns
[2021-05-11T01:59:20.513+0000][8][safepoint   ] Safepoint "Cleanup", Time since last: 2000193262 ns, Reaching safepoint: 68416 ns, At safepoint: 4196 ns, Total: 72612 ns
[2021-05-11T01:59:22.514+0000][8][safepoint   ] Safepoint "Cleanup", Time since last: 2000208923 ns, Reaching safepoint: 119573 ns, At safepoint: 7039 ns, Total: 126612 ns
[2021-05-11T01:59:23.514+0000][8][safepoint   ] Safepoint "Cleanup", Time since last: 1000148489 ns, Reaching safepoint: 126753 ns, At safepoint: 7289 ns, Total: 134042 ns
[2021-05-11T01:59:25.514+0000][8][safepoint   ] Safepoint "Cleanup", Time since last: 2000211353 ns, Reaching safepoint: 74799 ns, At safepoint: 4374 ns, Total: 79173 ns
[2021-05-11T01:59:26.514+0000][8][safepoint   ] Safepoint "Cleanup", Time since last: 1000089916 ns, Reaching safepoint: 71653 ns, At safepoint: 3311 ns, Total: 74964 ns
[2021-05-11T01:59:27.515+0000][8][safepoint   ] Safepoint "Cleanup", Time since last: 1000092068 ns, Reaching safepoint: 75690 ns, At safepoint: 5943 ns, Total: 81633 ns
[2021-05-11T01:59:28.515+0000][8][safepoint   ] Safepoint "Cleanup", Time since last: 1000206664 ns, Reaching safepoint: 73400 ns, At safepoint: 5454 ns, Total: 78854 ns
[2021-05-11T01:59:29.515+0000][8][safepoint   ] Safepoint "Cleanup", Time since last: 1000094298 ns, Reaching safepoint: 84342 ns, At safepoint: 5732 ns, Total: 90074 ns
[2021-05-11T01:59:32.515+0000][8][safepoint   ] Safepoint "Cleanup", Time since last: 3000231665 ns, Reaching safepoint: 80345 ns, At safepoint: 5360 ns, Total: 85705 ns
[2021-05-11T01:59:33.516+0000][8][safepoint   ] Safepoint "Cleanup", Time since last: 1000086813 ns, Reaching safepoint: 72555 ns, At safepoint: 7581 ns, Total: 80136 ns
[2021-05-11T01:59:35.516+0000][8][safepoint   ] Safepoint "Cleanup", Time since last: 2000152141 ns, Reaching safepoint: 66772 ns, At safepoint: 5589 ns, Total: 72361 ns
[2021-05-11T01:59:43.516+0000][8][safepoint   ] Safepoint "Cleanup", Time since last: 8000529663 ns, Reaching safepoint: 75749 ns, At safepoint: 5935 ns, Total: 81684 ns
[2021-05-11T01:59:45.517+0000][8][safepoint   ] Safepoint "Cleanup", Time since last: 2000186005 ns, Reaching safepoint: 102127 ns, At safepoint: 6327 ns, Total: 108454 ns
[2021-05-11T01:59:48.517+0000][8][safepoint   ] Safepoint "Cleanup", Time since last: 3000256811 ns, Reaching safepoint: 108495 ns, At safepoint: 6769 ns, Total: 115264 ns
[2021-05-11T01:59:50.517+0000][8][safepoint   ] Safepoint "Cleanup", Time since last: 2000177171 ns, Reaching safepoint: 87572 ns, At safepoint: 4812 ns, Total: 92384 ns
[2021-05-11T01:59:54.518+0000][8][safepoint   ] Safepoint "Cleanup", Time since last: 4000291460 ns, Reaching safepoint: 73216 ns, At safepoint: 4407 ns, Total: 77623 ns
[2021-05-11T01:59:55.518+0000][8][safepoint   ] Safepoint "Cleanup", Time since last: 1000093581 ns, Reaching safepoint: 76779 ns, At safepoint: 5747 ns, Total: 82526 ns
[2021-05-11T01:59:56.518+0000][8][safepoint   ] Safepoint "Cleanup", Time since last: 1000142081 ns, Reaching safepoint: 112110 ns, At safepoint: 5828 ns, Total: 117938 ns
[2021-05-11T01:59:57.518+0000][8][safepoint   ] Safepoint "Cleanup", Time since last: 1000182647 ns, Reaching safepoint: 110603 ns, At safepoint: 7962 ns, Total: 118565 ns
[2021-05-11T02:00:02.519+0000][8][safepoint   ] Safepoint "Cleanup", Time since last: 5000480535 ns, Reaching safepoint: 91174 ns, At safepoint: 8078 ns, Total: 99252 ns
[2021-05-11T02:00:05.519+0000][8][safepoint   ] Safepoint "Cleanup", Time since last: 3000282039 ns, Reaching safepoint: 166140 ns, At safepoint: 4318 ns, Total: 170458 ns
[2021-05-11T02:00:10.520+0000][8][safepoint   ] Safepoint "Cleanup", Time since last: 5000431153 ns, Reaching safepoint: 103583 ns, At safepoint: 6586 ns, Total: 110169 ns
[2021-05-11T02:00:12.520+0000][8][safepoint   ] Safepoint "Cleanup", Time since last: 2000197688 ns, Reaching safepoint: 112751 ns, At safepoint: 7467 ns, Total: 120218 ns
[2021-05-11T02:00:18.521+0000][8][safepoint   ] Safepoint "Cleanup", Time since last: 6000474183 ns, Reaching safepoint: 79976 ns, At safepoint: 6595 ns, Total: 86571 ns
[2021-05-11T02:00:20.521+0000][8][safepoint   ] Safepoint "Cleanup", Time since last: 2000276623 ns, Reaching safepoint: 99193 ns, At safepoint: 6799 ns, Total: 105992 ns
[2021-05-11T02:00:22.522+0000][8][safepoint   ] Safepoint "Cleanup", Time since last: 2000160952 ns, Reaching safepoint: 120899 ns, At safepoint: 8515 ns, Total: 129414 ns
[2021-05-11T02:00:25.203+0000][8][safepoint   ] Safepoint "Cleanup", Time since last: 2681175458 ns, Reaching safepoint: 84098 ns, At safepoint: 8266 ns, Total: 92364 ns
[2021-05-11T02:00:26.203+0000][8][safepoint   ] Safepoint "Cleanup", Time since last: 1000220711 ns, Reaching safepoint: 97718 ns, At safepoint: 5029 ns, Total: 102747 ns
[2021-05-11T02:00:26.652+0000][8][gc,start    ] GC(40) Pause Young (Concurrent Start) (G1 Evacuation Pause)
[2021-05-11T02:00:26.652+0000][8][gc,task     ] GC(40) Using 6 workers of 8 for evacuation
[2021-05-11T02:00:26.652+0000][8][gc,age      ] GC(40) Desired survivor size 6291456 bytes, new threshold 15 (max threshold 15)
[2021-05-11T02:00:26.656+0000][8][gc,age      ] GC(40) Age table with threshold 15 (max threshold 15)
[2021-05-11T02:00:26.656+0000][8][gc,age      ] GC(40) - age   1:     434856 bytes,     434856 total
[2021-05-11T02:00:26.656+0000][8][gc,age      ] GC(40) - age   2:    1052952 bytes,    1487808 total
[2021-05-11T02:00:26.656+0000][8][gc,age      ] GC(40) - age   3:     560072 bytes,    2047880 total
[2021-05-11T02:00:26.656+0000][8][gc,age      ] GC(40) - age   4:      23400 bytes,    2071280 total
[2021-05-11T02:00:26.656+0000][8][gc,age      ] GC(40) - age   5:     728624 bytes,    2799904 total
[2021-05-11T02:00:26.656+0000][8][gc,phases   ] GC(40)   Pre Evacuate Collection Set: 0.2ms
[2021-05-11T02:00:26.656+0000][8][gc,phases   ] GC(40)   Merge Heap Roots: 0.1ms
[2021-05-11T02:00:26.656+0000][8][gc,phases   ] GC(40)   Evacuate Collection Set: 2.9ms
[2021-05-11T02:00:26.656+0000][8][gc,phases   ] GC(40)   Post Evacuate Collection Set: 0.4ms
[2021-05-11T02:00:26.656+0000][8][gc,phases   ] GC(40)   Other: 0.3ms
[2021-05-11T02:00:26.656+0000][8][gc,heap     ] GC(40) Eden regions: 20->0(21)
[2021-05-11T02:00:26.656+0000][8][gc,heap     ] GC(40) Survivor regions: 1->1(3)
[2021-05-11T02:00:26.656+0000][8][gc,heap     ] GC(40) Old regions: 26->26
[2021-05-11T02:00:26.656+0000][8][gc,heap     ] GC(40) Archive regions: 2->2
[2021-05-11T02:00:26.656+0000][8][gc,heap     ] GC(40) Humongous regions: 2->2
[2021-05-11T02:00:26.656+0000][8][gc,metaspace] GC(40) Metaspace: 104451K(108912K)->104451K(108912K) NonClass: 90572K(93680K)->90572K(93680K) Class: 13878K(15232K)->13878K(15232K)
[2021-05-11T02:00:26.656+0000][8][gc          ] GC(40) Pause Young (Concurrent Start) (G1 Evacuation Pause) 195M->115M(256M) 3.956ms
[2021-05-11T02:00:26.656+0000][8][gc,cpu      ] GC(40) User=0.01s Sys=0.00s Real=0.01s
[2021-05-11T02:00:26.656+0000][8][safepoint   ] Safepoint "G1CollectForAllocation", Time since last: 448200568 ns, Reaching safepoint: 497798 ns, At safepoint: 4110709 ns, Total: 4608507 ns
[2021-05-11T02:00:26.656+0000][8][gc          ] GC(41) Concurrent Cycle
[2021-05-11T02:00:26.656+0000][8][gc,marking  ] GC(41) Concurrent Clear Claimed Marks
[2021-05-11T02:00:26.656+0000][8][gc,marking  ] GC(41) Concurrent Clear Claimed Marks 0.099ms
[2021-05-11T02:00:26.656+0000][8][gc,marking  ] GC(41) Concurrent Scan Root Regions
[2021-05-11T02:00:26.662+0000][8][gc,marking  ] GC(41) Concurrent Scan Root Regions 5.451ms
[2021-05-11T02:00:26.662+0000][8][gc,marking  ] GC(41) Concurrent Mark (474.276s)
[2021-05-11T02:00:26.662+0000][8][gc,marking  ] GC(41) Concurrent Mark From Roots
[2021-05-11T02:00:26.662+0000][8][gc,task     ] GC(41) Using 2 workers of 2 for marking
[2021-05-11T02:00:26.812+0000][8][gc,marking  ] GC(41) Concurrent Mark From Roots 150.403ms
[2021-05-11T02:00:26.812+0000][8][gc,marking  ] GC(41) Concurrent Preclean
[2021-05-11T02:00:26.813+0000][8][gc,marking  ] GC(41) Concurrent Preclean 0.607ms
[2021-05-11T02:00:26.813+0000][8][gc,marking  ] GC(41) Concurrent Mark (474.276s, 474.427s) 151.147ms
[2021-05-11T02:00:26.813+0000][8][gc,start    ] GC(41) Pause Remark
[2021-05-11T02:00:26.827+0000][8][gc          ] GC(41) Pause Remark 119M->119M(256M) 13.711ms
[2021-05-11T02:00:26.827+0000][8][gc,cpu      ] GC(41) User=0.06s Sys=0.00s Real=0.01s
[2021-05-11T02:00:26.827+0000][8][safepoint   ] Safepoint "G1Concurrent", Time since last: 156915735 ns, Reaching safepoint: 423763 ns, At safepoint: 13854584 ns, Total: 14278347 ns
[2021-05-11T02:00:26.827+0000][8][gc,marking  ] GC(41) Concurrent Rebuild Remembered Sets
[2021-05-11T02:00:26.911+0000][8][gc,marking  ] GC(41) Concurrent Rebuild Remembered Sets 84.258ms
[2021-05-11T02:00:26.912+0000][8][gc,start    ] GC(41) Pause Cleanup
[2021-05-11T02:00:26.912+0000][8][gc          ] GC(41) Pause Cleanup 119M->119M(256M) 0.065ms
[2021-05-11T02:00:26.912+0000][8][gc,cpu      ] GC(41) User=0.01s Sys=0.00s Real=0.00s
[2021-05-11T02:00:26.912+0000][8][safepoint   ] Safepoint "G1Concurrent", Time since last: 84349005 ns, Reaching safepoint: 94067 ns, At safepoint: 104624 ns, Total: 198691 ns
[2021-05-11T02:00:26.912+0000][8][gc,marking  ] GC(41) Concurrent Cleanup for Next Mark
[2021-05-11T02:00:26.912+0000][8][gc,marking  ] GC(41) Concurrent Cleanup for Next Mark 0.137ms
[2021-05-11T02:00:26.912+0000][8][gc          ] GC(41) Concurrent Cycle 255.858ms
[2021-05-11T02:00:27.912+0000][8][safepoint   ] Safepoint "Cleanup", Time since last: 1000077095 ns, Reaching safepoint: 102059 ns, At safepoint: 5774 ns, Total: 107833 ns
[2021-05-11T02:00:28.912+0000][8][safepoint   ] Safepoint "Cleanup", Time since last: 1000102773 ns, Reaching safepoint: 255538 ns, At safepoint: 12362 ns, Total: 267900 ns
[2021-05-11T02:00:29.913+0000][8][safepoint   ] Safepoint "Cleanup", Time since last: 1000125367 ns, Reaching safepoint: 146524 ns, At safepoint: 9899 ns, Total: 156423 ns
[2021-05-11T02:00:30.913+0000][8][safepoint   ] Safepoint "Cleanup", Time since last: 1000174296 ns, Reaching safepoint: 85529 ns, At safepoint: 6224 ns, Total: 91753 ns
[2021-05-11T02:00:32.913+0000][8][safepoint   ] Safepoint "Cleanup", Time since last: 2000161618 ns, Reaching safepoint: 74410 ns, At safepoint: 5342 ns, Total: 79752 ns
[2021-05-11T02:00:34.913+0000][8][safepoint   ] Safepoint "Cleanup", Time since last: 2000159445 ns, Reaching safepoint: 127091 ns, At safepoint: 6517 ns, Total: 133608 ns
[2021-05-11T02:00:45.873+0000][8][safepoint   ] Safepoint "Cleanup", Time since last: 10959760154 ns, Reaching safepoint: 76877 ns, At safepoint: 4218 ns, Total: 81095 ns
[2021-05-11T02:00:46.874+0000][8][safepoint   ] Safepoint "Cleanup", Time since last: 1000254336 ns, Reaching safepoint: 128567 ns, At safepoint: 6580 ns, Total: 135147 ns
[2021-05-11T02:00:47.874+0000][8][safepoint   ] Safepoint "Cleanup", Time since last: 1000091233 ns, Reaching safepoint: 75122 ns, At safepoint: 5921 ns, Total: 81043 ns
[2021-05-11T02:00:48.874+0000][8][safepoint   ] Safepoint "Cleanup", Time since last: 1000090120 ns, Reaching safepoint: 66096 ns, At safepoint: 4655 ns, Total: 70751 ns
[2021-05-11T02:00:49.874+0000][8][safepoint   ] Safepoint "Cleanup", Time since last: 1000116078 ns, Reaching safepoint: 129656 ns, At safepoint: 6938 ns, Total: 136594 ns
[2021-05-11T02:00:50.874+0000][8][safepoint   ] Safepoint "Cleanup", Time since last: 1000094438 ns, Reaching safepoint: 79298 ns, At safepoint: 5440 ns, Total: 84738 ns
[2021-05-11T02:00:53.595+0000][8][safepoint   ] Safepoint "Cleanup", Time since last: 2720242526 ns, Reaching safepoint: 174384 ns, At safepoint: 14982 ns, Total: 189366 ns
[2021-05-11T02:00:54.595+0000][8][safepoint   ] Safepoint "Cleanup", Time since last: 1000259096 ns, Reaching safepoint: 83282 ns, At safepoint: 5279 ns, Total: 88561 ns
[2021-05-11T02:00:55.595+0000][8][safepoint   ] Safepoint "Cleanup", Time since last: 1000102064 ns, Reaching safepoint: 82091 ns, At safepoint: 8817 ns, Total: 90908 ns
[2021-05-11T02:00:56.596+0000][8][safepoint   ] Safepoint "Cleanup", Time since last: 1000129217 ns, Reaching safepoint: 63597 ns, At safepoint: 4860 ns, Total: 68457 ns
[2021-05-11T02:00:57.596+0000][8][safepoint   ] Safepoint "Cleanup", Time since last: 1000089689 ns, Reaching safepoint: 112057 ns, At safepoint: 4283 ns, Total: 116340 ns
[2021-05-11T02:00:58.596+0000][8][safepoint   ] Safepoint "Cleanup", Time since last: 1000156346 ns, Reaching safepoint: 61527 ns, At safepoint: 4476 ns, Total: 66003 ns
[2021-05-11T02:00:59.596+0000][8][safepoint   ] Safepoint "Cleanup", Time since last: 1000088135 ns, Reaching safepoint: 120714 ns, At safepoint: 6974 ns, Total: 127688 ns
[2021-05-11T02:01:02.596+0000][8][safepoint   ] Safepoint "Cleanup", Time since last: 3000210816 ns, Reaching safepoint: 66373 ns, At safepoint: 4320 ns, Total: 70693 ns
[2021-05-11T02:01:05.597+0000][8][safepoint   ] Safepoint "Cleanup", Time since last: 3000221265 ns, Reaching safepoint: 70512 ns, At safepoint: 6960 ns, Total: 77472 ns
[2021-05-11T02:01:08.597+0000][8][safepoint   ] Safepoint "Cleanup", Time since last: 3000236822 ns, Reaching safepoint: 66015 ns, At safepoint: 5961 ns, Total: 71976 ns
[2021-05-11T02:01:18.598+0000][8][safepoint   ] Safepoint "Cleanup", Time since last: 10000805897 ns, Reaching safepoint: 103264 ns, At safepoint: 6416 ns, Total: 109680 ns
[2021-05-11T02:01:20.598+0000][8][safepoint   ] Safepoint "Cleanup", Time since last: 2000209222 ns, Reaching safepoint: 74574 ns, At safepoint: 3707 ns, Total: 78281 ns
[2021-05-11T02:01:21.598+0000][8][safepoint   ] Safepoint "Cleanup", Time since last: 1000090061 ns, Reaching safepoint: 95904 ns, At safepoint: 6873 ns, Total: 102777 ns
[2021-05-11T02:01:22.599+0000][8][safepoint   ] Safepoint "Cleanup", Time since last: 1000095810 ns, Reaching safepoint: 63393 ns, At safepoint: 4961 ns, Total: 68354 ns
[2021-05-11T02:01:25.599+0000][8][safepoint   ] Safepoint "Cleanup", Time since last: 3000305585 ns, Reaching safepoint: 67996 ns, At safepoint: 4330 ns, Total: 72326 ns
[2021-05-11T02:01:26.599+0000][8][safepoint   ] Safepoint "Cleanup", Time since last: 1000088228 ns, Reaching safepoint: 108990 ns, At safepoint: 5518 ns, Total: 114508 ns
[2021-05-11T02:01:27.599+0000][8][safepoint   ] Safepoint "Cleanup", Time since last: 1000093256 ns, Reaching safepoint: 82079 ns, At safepoint: 6470 ns, Total: 88549 ns
[2021-05-11T02:01:28.600+0000][8][safepoint   ] Safepoint "Cleanup", Time since last: 1000244835 ns, Reaching safepoint: 77639 ns, At safepoint: 4747 ns, Total: 82386 ns
[2021-05-11T02:01:29.600+0000][8][safepoint   ] Safepoint "Cleanup", Time since last: 1000133646 ns, Reaching safepoint: 122759 ns, At safepoint: 7165 ns, Total: 129924 ns
[2021-05-11T02:01:38.601+0000][8][safepoint   ] Safepoint "Cleanup", Time since last: 9000638631 ns, Reaching safepoint: 85610 ns, At safepoint: 3995 ns, Total: 89605 ns
[2021-05-11T02:01:44.602+0000][8][safepoint   ] Safepoint "Cleanup", Time since last: 6000679965 ns, Reaching safepoint: 121577 ns, At safepoint: 6703 ns, Total: 128280 ns
[2021-05-11T02:01:48.602+0000][8][safepoint   ] Safepoint "Cleanup", Time since last: 4000321621 ns, Reaching safepoint: 128370 ns, At safepoint: 4601 ns, Total: 132971 ns
[2021-05-11T02:01:50.602+0000][8][safepoint   ] Safepoint "Cleanup", Time since last: 2000148453 ns, Reaching safepoint: 103658 ns, At safepoint: 4841 ns, Total: 108499 ns
[2021-05-11T02:01:53.603+0000][8][safepoint   ] Safepoint "Cleanup", Time since last: 3000363508 ns, Reaching safepoint: 95992 ns, At safepoint: 4907 ns, Total: 100899 ns
[2021-05-11T02:01:55.603+0000][8][safepoint   ] Safepoint "Cleanup", Time since last: 2000147661 ns, Reaching safepoint: 131919 ns, At safepoint: 7067 ns, Total: 138986 ns
[2021-05-11T02:01:56.603+0000][8][safepoint   ] Safepoint "Cleanup", Time since last: 1000131444 ns, Reaching safepoint: 66410 ns, At safepoint: 4805 ns, Total: 71215 ns
[2021-05-11T02:01:57.603+0000][8][safepoint   ] Safepoint "Cleanup", Time since last: 1000101730 ns, Reaching safepoint: 107790 ns, At safepoint: 6913 ns, Total: 114703 ns
[2021-05-11T02:01:58.604+0000][8][safepoint   ] Safepoint "Cleanup", Time since last: 1000171821 ns, Reaching safepoint: 70593 ns, At safepoint: 3440 ns, Total: 74033 ns
[2021-05-11T02:02:05.604+0000][8][safepoint   ] Safepoint "Cleanup", Time since last: 7000499418 ns, Reaching safepoint: 116901 ns, At safepoint: 6621 ns, Total: 123522 ns
[2021-05-11T02:02:11.605+0000][8][safepoint   ] Safepoint "Cleanup", Time since last: 6000518501 ns, Reaching safepoint: 78303 ns, At safepoint: 5657 ns, Total: 83960 ns
[2021-05-11T02:02:14.605+0000][8][safepoint   ] Safepoint "Cleanup", Time since last: 3000291850 ns, Reaching safepoint: 75376 ns, At safepoint: 6613 ns, Total: 81989 ns
[2021-05-11T02:02:15.605+0000][8][safepoint   ] Safepoint "Cleanup", Time since last: 1000086747 ns, Reaching safepoint: 102944 ns, At safepoint: 4281 ns, Total: 107225 ns
[2021-05-11T02:02:20.606+0000][8][safepoint   ] Safepoint "Cleanup", Time since last: 5000359708 ns, Reaching safepoint: 78016 ns, At safepoint: 9351 ns, Total: 87367 ns
[2021-05-11T02:02:21.606+0000][8][safepoint   ] Safepoint "Cleanup", Time since last: 1000094257 ns, Reaching safepoint: 65585 ns, At safepoint: 5618 ns, Total: 71203 ns
[2021-05-11T02:02:26.607+0000][8][safepoint   ] Safepoint "Cleanup", Time since last: 5000403742 ns, Reaching safepoint: 72348 ns, At safepoint: 6945 ns, Total: 79293 ns
[2021-05-11T02:02:27.607+0000][8][safepoint   ] Safepoint "Cleanup", Time since last: 1000127871 ns, Reaching safepoint: 65423 ns, At safepoint: 4914 ns, Total: 70337 ns
[2021-05-11T02:02:34.606+0000][8][gc,start    ] GC(42) Pause Young (Normal) (G1 Evacuation Pause)
[2021-05-11T02:02:34.606+0000][8][gc,task     ] GC(42) Using 6 workers of 8 for evacuation
[2021-05-11T02:02:34.606+0000][8][gc,age      ] GC(42) Desired survivor size 6291456 bytes, new threshold 15 (max threshold 15)
[2021-05-11T02:02:34.610+0000][8][gc,age      ] GC(42) Age table with threshold 15 (max threshold 15)
[2021-05-11T02:02:34.610+0000][8][gc,age      ] GC(42) - age   1:     529816 bytes,     529816 total
[2021-05-11T02:02:34.610+0000][8][gc,age      ] GC(42) - age   2:      11896 bytes,     541712 total
[2021-05-11T02:02:34.610+0000][8][gc,age      ] GC(42) - age   3:    1033216 bytes,    1574928 total
[2021-05-11T02:02:34.610+0000][8][gc,age      ] GC(42) - age   4:     546056 bytes,    2120984 total
[2021-05-11T02:02:34.610+0000][8][gc,age      ] GC(42) - age   5:      23200 bytes,    2144184 total
[2021-05-11T02:02:34.610+0000][8][gc,age      ] GC(42) - age   6:     728624 bytes,    2872808 total
[2021-05-11T02:02:34.610+0000][8][gc,phases   ] GC(42)   Pre Evacuate Collection Set: 0.0ms
[2021-05-11T02:02:34.610+0000][8][gc,phases   ] GC(42)   Merge Heap Roots: 0.0ms
[2021-05-11T02:02:34.610+0000][8][gc,phases   ] GC(42)   Evacuate Collection Set: 3.2ms
[2021-05-11T02:02:34.610+0000][8][gc,phases   ] GC(42)   Post Evacuate Collection Set: 0.4ms
[2021-05-11T02:02:34.610+0000][8][gc,phases   ] GC(42)   Other: 0.2ms
[2021-05-11T02:02:34.610+0000][8][gc,heap     ] GC(42) Eden regions: 21->0(21)
[2021-05-11T02:02:34.610+0000][8][gc,heap     ] GC(42) Survivor regions: 1->1(3)
[2021-05-11T02:02:34.610+0000][8][gc,heap     ] GC(42) Old regions: 26->26
[2021-05-11T02:02:34.610+0000][8][gc,heap     ] GC(42) Archive regions: 2->2
[2021-05-11T02:02:34.610+0000][8][gc,heap     ] GC(42) Humongous regions: 2->2
[2021-05-11T02:02:34.610+0000][8][gc,metaspace] GC(42) Metaspace: 104725K(109424K)->104725K(109424K) NonClass: 90859K(94192K)->90859K(94192K) Class: 13865K(15232K)->13865K(15232K)
[2021-05-11T02:02:34.610+0000][8][gc          ] GC(42) Pause Young (Normal) (G1 Evacuation Pause) 199M->115M(256M) 3.941ms
[2021-05-11T02:02:34.610+0000][8][gc,cpu      ] GC(42) User=0.02s Sys=0.00s Real=0.00s
[2021-05-11T02:02:34.610+0000][8][safepoint   ] Safepoint "G1CollectForAllocation", Time since last: 6999617699 ns, Reaching safepoint: 58766 ns, At safepoint: 4002478 ns, Total: 4061244 ns
[2021-05-11T02:02:35.611+0000][8][safepoint   ] Safepoint "Cleanup", Time since last: 1000233139 ns, Reaching safepoint: 91673 ns, At safepoint: 6496 ns, Total: 98169 ns
[2021-05-11T02:02:45.612+0000][8][safepoint   ] Safepoint "Cleanup", Time since last: 10001107181 ns, Reaching safepoint: 83088 ns, At safepoint: 7736 ns, Total: 90824 ns
[2021-05-11T02:02:47.612+0000][8][safepoint   ] Safepoint "Cleanup", Time since last: 2000157670 ns, Reaching safepoint: 69676 ns, At safepoint: 7782 ns, Total: 77458 ns
[2021-05-11T02:02:48.612+0000][8][safepoint   ] Safepoint "Cleanup", Time since last: 1000103398 ns, Reaching safepoint: 132732 ns, At safepoint: 6886 ns, Total: 139618 ns
[2021-05-11T02:02:50.122+0000][8][safepoint   ] Safepoint "ICBufferFull", Time since last: 1509421703 ns, Reaching safepoint: 201436 ns, At safepoint: 11849 ns, Total: 213285 ns
[2021-05-11T02:02:51.122+0000][8][safepoint   ] Safepoint "Cleanup", Time since last: 1000200909 ns, Reaching safepoint: 156839 ns, At safepoint: 4769 ns, Total: 161608 ns
[2021-05-11T02:02:52.123+0000][8][safepoint   ] Safepoint "Cleanup", Time since last: 1000090082 ns, Reaching safepoint: 85314 ns, At safepoint: 6486 ns, Total: 91800 ns
[2021-05-11T02:02:53.123+0000][8][safepoint   ] Safepoint "Cleanup", Time since last: 1000103960 ns, Reaching safepoint: 152802 ns, At safepoint: 7577 ns, Total: 160379 ns
[2021-05-11T02:02:54.123+0000][8][safepoint   ] Safepoint "Cleanup", Time since last: 1000137654 ns, Reaching safepoint: 114472 ns, At safepoint: 7005 ns, Total: 121477 ns
[2021-05-11T02:02:55.123+0000][8][safepoint   ] Safepoint "Cleanup", Time since last: 1000206909 ns, Reaching safepoint: 104197 ns, At safepoint: 5797 ns, Total: 109994 ns
[2021-05-11T02:02:56.124+0000][8][safepoint   ] Safepoint "Cleanup", Time since last: 1000134019 ns, Reaching safepoint: 84452 ns, At safepoint: 5483 ns, Total: 89935 ns
[2021-05-11T02:02:57.124+0000][8][safepoint   ] Safepoint "Cleanup", Time since last: 1000284071 ns, Reaching safepoint: 93371 ns, At safepoint: 6007 ns, Total: 99378 ns
[2021-05-11T02:02:58.124+0000][8][safepoint   ] Safepoint "Cleanup", Time since last: 1000231797 ns, Reaching safepoint: 128749 ns, At safepoint: 7357 ns, Total: 136106 ns
[2021-05-11T02:03:14.126+0000][8][safepoint   ] Safepoint "Cleanup", Time since last: 16001302292 ns, Reaching safepoint: 86994 ns, At safepoint: 3821 ns, Total: 90815 ns
[2021-05-11T02:03:15.126+0000][8][safepoint   ] Safepoint "Cleanup", Time since last: 1000088401 ns, Reaching safepoint: 74132 ns, At safepoint: 5050 ns, Total: 79182 ns
[2021-05-11T02:03:20.126+0000][8][safepoint   ] Safepoint "Cleanup", Time since last: 5000374291 ns, Reaching safepoint: 102124 ns, At safepoint: 4736 ns, Total: 106860 ns
[2021-05-11T02:03:21.127+0000][8][safepoint   ] Safepoint "Cleanup", Time since last: 1000133702 ns, Reaching safepoint: 82290 ns, At safepoint: 5602 ns, Total: 87892 ns
[2021-05-11T02:03:23.127+0000][8][safepoint   ] Safepoint "Cleanup", Time since last: 2000230524 ns, Reaching safepoint: 112376 ns, At safepoint: 5509 ns, Total: 117885 ns
[2021-05-11T02:03:25.128+0000][8][safepoint   ] Safepoint "Cleanup", Time since last: 2000446039 ns, Reaching safepoint: 178204 ns, At safepoint: 7338 ns, Total: 185542 ns
[2021-05-11T02:03:27.128+0000][8][safepoint   ] Safepoint "Cleanup", Time since last: 2000162782 ns, Reaching safepoint: 130830 ns, At safepoint: 5756 ns, Total: 136586 ns
[2021-05-11T02:03:29.128+0000][8][safepoint   ] Safepoint "Cleanup", Time since last: 2000300586 ns, Reaching safepoint: 65336 ns, At safepoint: 4736 ns, Total: 70072 ns
[2021-05-11T02:03:32.129+0000][8][safepoint   ] Safepoint "Cleanup", Time since last: 3000230074 ns, Reaching safepoint: 89726 ns, At safepoint: 6714 ns, Total: 96440 ns
[2021-05-11T02:03:33.129+0000][8][safepoint   ] Safepoint "Cleanup", Time since last: 1000097218 ns, Reaching safepoint: 103109 ns, At safepoint: 4469 ns, Total: 107578 ns
[2021-05-11T02:03:38.129+0000][8][safepoint   ] Safepoint "Cleanup", Time since last: 5000368243 ns, Reaching safepoint: 71769 ns, At safepoint: 5236 ns, Total: 77005 ns
[2021-05-11T02:03:41.130+0000][8][safepoint   ] Safepoint "Cleanup", Time since last: 3000273934 ns, Reaching safepoint: 64401 ns, At safepoint: 4185 ns, Total: 68586 ns
[2021-05-11T02:03:44.130+0000][8][safepoint   ] Safepoint "Cleanup", Time since last: 3000208840 ns, Reaching safepoint: 72339 ns, At safepoint: 5428 ns, Total: 77767 ns
[2021-05-11T02:03:48.130+0000][8][safepoint   ] Safepoint "Cleanup", Time since last: 4000289700 ns, Reaching safepoint: 72595 ns, At safepoint: 5740 ns, Total: 78335 ns
[2021-05-11T02:03:50.131+0000][8][safepoint   ] Safepoint "Cleanup", Time since last: 2000142931 ns, Reaching safepoint: 75203 ns, At safepoint: 4373 ns, Total: 79576 ns
[2021-05-11T02:03:51.131+0000][8][safepoint   ] Safepoint "Cleanup", Time since last: 1000092106 ns, Reaching safepoint: 70875 ns, At safepoint: 6850 ns, Total: 77725 ns
[2021-05-11T02:03:54.131+0000][8][safepoint   ] Safepoint "Cleanup", Time since last: 3000226878 ns, Reaching safepoint: 110896 ns, At safepoint: 8752 ns, Total: 119648 ns
[2021-05-11T02:03:55.131+0000][8][safepoint   ] Safepoint "Cleanup", Time since last: 1000110689 ns, Reaching safepoint: 106108 ns, At safepoint: 6067 ns, Total: 112175 ns
[2021-05-11T02:03:56.658+0000][8][gc,start    ] GC(43) Pause Young (Concurrent Start) (G1 Evacuation Pause)
[2021-05-11T02:03:56.661+0000][8][gc,task     ] GC(43) Using 6 workers of 8 for evacuation
[2021-05-11T02:03:56.661+0000][8][gc,age      ] GC(43) Desired survivor size 6291456 bytes, new threshold 15 (max threshold 15)
[2021-05-11T02:03:56.665+0000][8][gc,age      ] GC(43) Age table with threshold 15 (max threshold 15)
[2021-05-11T02:03:56.665+0000][8][gc,age      ] GC(43) - age   1:     903720 bytes,     903720 total
[2021-05-11T02:03:56.665+0000][8][gc,age      ] GC(43) - age   2:      24312 bytes,     928032 total
[2021-05-11T02:03:56.665+0000][8][gc,age      ] GC(43) - age   3:      11592 bytes,     939624 total
[2021-05-11T02:03:56.665+0000][8][gc,age      ] GC(43) - age   4:    1022360 bytes,    1961984 total
[2021-05-11T02:03:56.665+0000][8][gc,age      ] GC(43) - age   5:     546056 bytes,    2508040 total
[2021-05-11T02:03:56.665+0000][8][gc,age      ] GC(43) - age   6:      23200 bytes,    2531240 total
[2021-05-11T02:03:56.665+0000][8][gc,age      ] GC(43) - age   7:     728624 bytes,    3259864 total
[2021-05-11T02:03:56.665+0000][8][gc,phases   ] GC(43)   Pre Evacuate Collection Set: 0.1ms
[2021-05-11T02:03:56.665+0000][8][gc,phases   ] GC(43)   Merge Heap Roots: 0.0ms
[2021-05-11T02:03:56.665+0000][8][gc,phases   ] GC(43)   Evacuate Collection Set: 2.9ms
[2021-05-11T02:03:56.665+0000][8][gc,phases   ] GC(43)   Post Evacuate Collection Set: 0.5ms
[2021-05-11T02:03:56.665+0000][8][gc,phases   ] GC(43)   Other: 3.7ms
[2021-05-11T02:03:56.665+0000][8][gc,heap     ] GC(43) Eden regions: 21->0(21)
[2021-05-11T02:03:56.665+0000][8][gc,heap     ] GC(43) Survivor regions: 1->1(3)
[2021-05-11T02:03:56.665+0000][8][gc,heap     ] GC(43) Old regions: 26->26
[2021-05-11T02:03:56.665+0000][8][gc,heap     ] GC(43) Archive regions: 2->2
[2021-05-11T02:03:56.665+0000][8][gc,heap     ] GC(43) Humongous regions: 2->2
[2021-05-11T02:03:56.665+0000][8][gc,metaspace] GC(43) Metaspace: 105051K(109680K)->105051K(109680K) NonClass: 91171K(94448K)->91171K(94448K) Class: 13879K(15232K)->13879K(15232K)
[2021-05-11T02:03:56.665+0000][8][gc          ] GC(43) Pause Young (Concurrent Start) (G1 Evacuation Pause) 199M->115M(256M) 7.265ms
[2021-05-11T02:03:56.665+0000][8][gc,cpu      ] GC(43) User=0.01s Sys=0.01s Real=0.01s
[2021-05-11T02:03:56.665+0000][8][gc          ] GC(44) Concurrent Cycle
[2021-05-11T02:03:56.665+0000][8][gc,marking  ] GC(44) Concurrent Clear Claimed Marks
[2021-05-11T02:03:56.665+0000][8][gc,marking  ] GC(44) Concurrent Clear Claimed Marks 0.076ms
[2021-05-11T02:03:56.665+0000][8][gc,marking  ] GC(44) Concurrent Scan Root Regions
[2021-05-11T02:03:56.666+0000][8][safepoint   ] Safepoint "G1CollectForAllocation", Time since last: 1526426612 ns, Reaching safepoint: 144916 ns, At safepoint: 7681196 ns, Total: 7826112 ns
[2021-05-11T02:03:56.670+0000][8][gc,marking  ] GC(44) Concurrent Scan Root Regions 4.493ms
[2021-05-11T02:03:56.670+0000][8][gc,marking  ] GC(44) Concurrent Mark (684.284s)
[2021-05-11T02:03:56.670+0000][8][gc,marking  ] GC(44) Concurrent Mark From Roots
[2021-05-11T02:03:56.670+0000][8][gc,task     ] GC(44) Using 2 workers of 2 for marking
[2021-05-11T02:03:56.764+0000][8][gc,marking  ] GC(44) Concurrent Mark From Roots 94.224ms
[2021-05-11T02:03:56.764+0000][8][gc,marking  ] GC(44) Concurrent Preclean
[2021-05-11T02:03:56.764+0000][8][gc,marking  ] GC(44) Concurrent Preclean 0.219ms
[2021-05-11T02:03:56.764+0000][8][gc,marking  ] GC(44) Concurrent Mark (684.284s, 684.379s) 94.494ms
[2021-05-11T02:03:56.764+0000][8][gc,start    ] GC(44) Pause Remark
[2021-05-11T02:03:56.769+0000][8][gc          ] GC(44) Pause Remark 118M->118M(256M) 4.591ms
[2021-05-11T02:03:56.769+0000][8][gc,cpu      ] GC(44) User=0.04s Sys=0.00s Real=0.00s
[2021-05-11T02:03:56.769+0000][8][safepoint   ] Safepoint "G1Concurrent", Time since last: 98836296 ns, Reaching safepoint: 66917 ns, At safepoint: 4666265 ns, Total: 4733182 ns
[2021-05-11T02:03:56.769+0000][8][gc,marking  ] GC(44) Concurrent Rebuild Remembered Sets
[2021-05-11T02:03:56.828+0000][8][gc,marking  ] GC(44) Concurrent Rebuild Remembered Sets 58.859ms
[2021-05-11T02:03:56.828+0000][8][gc,start    ] GC(44) Pause Cleanup
[2021-05-11T02:03:56.828+0000][8][gc          ] GC(44) Pause Cleanup 118M->118M(256M) 0.077ms
[2021-05-11T02:03:56.828+0000][8][gc,cpu      ] GC(44) User=0.00s Sys=0.00s Real=0.00s
[2021-05-11T02:03:56.828+0000][8][safepoint   ] Safepoint "G1Concurrent", Time since last: 58945748 ns, Reaching safepoint: 211264 ns, At safepoint: 117654 ns, Total: 328918 ns
[2021-05-11T02:03:56.828+0000][8][gc,marking  ] GC(44) Concurrent Cleanup for Next Mark
[2021-05-11T02:03:56.828+0000][8][gc,marking  ] GC(44) Concurrent Cleanup for Next Mark 0.122ms
[2021-05-11T02:03:56.829+0000][8][gc          ] GC(44) Concurrent Cycle 163.328ms
[2021-05-11T02:03:59.829+0000][8][safepoint   ] Safepoint "Cleanup", Time since last: 3000206279 ns, Reaching safepoint: 90945 ns, At safepoint: 7069 ns, Total: 98014 ns
[2021-05-11T02:04:00.829+0000][8][safepoint   ] Safepoint "Cleanup", Time since last: 1000101174 ns, Reaching safepoint: 86813 ns, At safepoint: 3885 ns, Total: 90698 ns
[2021-05-11T02:04:12.830+0000][8][safepoint   ] Safepoint "Cleanup", Time since last: 12000898138 ns, Reaching safepoint: 96445 ns, At safepoint: 6964 ns, Total: 103409 ns
[2021-05-11T02:04:20.831+0000][8][safepoint   ] Safepoint "Cleanup", Time since last: 8000627254 ns, Reaching safepoint: 110700 ns, At safepoint: 6008 ns, Total: 116708 ns
[2021-05-11T02:04:26.831+0000][8][safepoint   ] Safepoint "Cleanup", Time since last: 6000414700 ns, Reaching safepoint: 68239 ns, At safepoint: 5489 ns, Total: 73728 ns
[2021-05-11T02:04:27.831+0000][8][safepoint   ] Safepoint "Cleanup", Time since last: 1000164550 ns, Reaching safepoint: 80229 ns, At safepoint: 5107 ns, Total: 85336 ns
[2021-05-11T02:04:29.832+0000][8][safepoint   ] Safepoint "Cleanup", Time since last: 2000159295 ns, Reaching safepoint: 76239 ns, At safepoint: 5435 ns, Total: 81674 ns
[2021-05-11T02:04:30.832+0000][8][safepoint   ] Safepoint "Cleanup", Time since last: 1000089453 ns, Reaching safepoint: 72189 ns, At safepoint: 5225 ns, Total: 77414 ns
[2021-05-11T02:04:35.832+0000][8][safepoint   ] Safepoint "Cleanup", Time since last: 5000343662 ns, Reaching safepoint: 68793 ns, At safepoint: 4441 ns, Total: 73234 ns
[2021-05-11T02:04:40.833+0000][8][safepoint   ] Safepoint "Cleanup", Time since last: 5000389744 ns, Reaching safepoint: 109088 ns, At safepoint: 7024 ns, Total: 116112 ns
[2021-05-11T02:04:45.833+0000][8][safepoint   ] Safepoint "Cleanup", Time since last: 5000382618 ns, Reaching safepoint: 79585 ns, At safepoint: 6095 ns, Total: 85680 ns
[2021-05-11T02:04:47.833+0000][8][safepoint   ] Safepoint "Cleanup", Time since last: 2000183580 ns, Reaching safepoint: 136649 ns, At safepoint: 4382 ns, Total: 141031 ns
[2021-05-11T02:04:49.834+0000][8][safepoint   ] Safepoint "Cleanup", Time since last: 2000226261 ns, Reaching safepoint: 75930 ns, At safepoint: 4752 ns, Total: 80682 ns
[2021-05-11T02:04:50.834+0000][8][safepoint   ] Safepoint "Cleanup", Time since last: 1000138581 ns, Reaching safepoint: 88100 ns, At safepoint: 4525 ns, Total: 92625 ns
[2021-05-11T02:04:53.834+0000][8][safepoint   ] Safepoint "Cleanup", Time since last: 3000231828 ns, Reaching safepoint: 96353 ns, At safepoint: 9639 ns, Total: 105992 ns
[2021-05-11T02:04:55.835+0000][8][safepoint   ] Safepoint "Cleanup", Time since last: 2000202902 ns, Reaching safepoint: 71910 ns, At safepoint: 5563 ns, Total: 77473 ns
[2021-05-11T02:04:56.835+0000][8][safepoint   ] Safepoint "Cleanup", Time since last: 1000092010 ns, Reaching safepoint: 116363 ns, At safepoint: 7755 ns, Total: 124118 ns
[2021-05-11T02:05:02.836+0000][8][safepoint   ] Safepoint "Cleanup", Time since last: 6000755019 ns, Reaching safepoint: 87682 ns, At safepoint: 6277 ns, Total: 93959 ns
[2021-05-11T02:05:05.836+0000][8][safepoint   ] Safepoint "Cleanup", Time since last: 3000377950 ns, Reaching safepoint: 169475 ns, At safepoint: 5215 ns, Total: 174690 ns
[2021-05-11T02:05:08.837+0000][8][safepoint   ] Safepoint "Cleanup", Time since last: 3000320890 ns, Reaching safepoint: 121787 ns, At safepoint: 7246 ns, Total: 129033 ns
[2021-05-11T02:05:10.837+0000][8][safepoint   ] Safepoint "Cleanup", Time since last: 2000387679 ns, Reaching safepoint: 114900 ns, At safepoint: 5493 ns, Total: 120393 ns
[2021-05-11T02:05:19.838+0000][8][safepoint   ] Safepoint "Cleanup", Time since last: 9001005080 ns, Reaching safepoint: 133101 ns, At safepoint: 6967 ns, Total: 140068 ns
[2021-05-11T02:05:20.839+0000][8][safepoint   ] Safepoint "Cleanup", Time since last: 1000245101 ns, Reaching safepoint: 99231 ns, At safepoint: 5104 ns, Total: 104335 ns
[2021-05-11T02:05:21.839+0000][8][safepoint   ] Safepoint "Cleanup", Time since last: 1000127781 ns, Reaching safepoint: 91808 ns, At safepoint: 5042 ns, Total: 96850 ns
[2021-05-11T02:05:25.840+0000][8][safepoint   ] Safepoint "Cleanup", Time since last: 4000699591 ns, Reaching safepoint: 78160 ns, At safepoint: 5024 ns, Total: 83184 ns
[2021-05-11T02:05:26.840+0000][8][safepoint   ] Safepoint "Cleanup", Time since last: 1000094438 ns, Reaching safepoint: 103051 ns, At safepoint: 5066 ns, Total: 108117 ns
[2021-05-11T02:05:29.840+0000][8][safepoint   ] Safepoint "Cleanup", Time since last: 3000356227 ns, Reaching safepoint: 87448 ns, At safepoint: 5578 ns, Total: 93026 ns
[2021-05-11T02:05:32.841+0000][8][safepoint   ] Safepoint "Cleanup", Time since last: 3000526661 ns, Reaching safepoint: 98633 ns, At safepoint: 6514 ns, Total: 105147 ns
[2021-05-11T02:05:40.842+0000][8][safepoint   ] Safepoint "Cleanup", Time since last: 8000610126 ns, Reaching safepoint: 87541 ns, At safepoint: 5864 ns, Total: 93405 ns
[2021-05-11T02:05:47.842+0000][8][safepoint   ] Safepoint "Cleanup", Time since last: 7000481769 ns, Reaching safepoint: 82773 ns, At safepoint: 4919 ns, Total: 87692 ns
[2021-05-11T02:05:49.843+0000][8][safepoint   ] Safepoint "Cleanup", Time since last: 2000185864 ns, Reaching safepoint: 103874 ns, At safepoint: 6903 ns, Total: 110777 ns
[2021-05-11T02:05:53.843+0000][8][safepoint   ] Safepoint "Cleanup", Time since last: 4000275345 ns, Reaching safepoint: 78507 ns, At safepoint: 4604 ns, Total: 83111 ns
[2021-05-11T02:05:55.843+0000][8][safepoint   ] Safepoint "Cleanup", Time since last: 2000220358 ns, Reaching safepoint: 58999 ns, At safepoint: 4215 ns, Total: 63214 ns
[2021-05-11T02:05:56.843+0000][8][safepoint   ] Safepoint "Cleanup", Time since last: 1000090235 ns, Reaching safepoint: 62126 ns, At safepoint: 4876 ns, Total: 67002 ns
[2021-05-11T02:06:04.844+0000][8][safepoint   ] Safepoint "Cleanup", Time since last: 8000648333 ns, Reaching safepoint: 114974 ns, At safepoint: 7148 ns, Total: 122122 ns
[2021-05-11T02:06:05.844+0000][8][safepoint   ] Safepoint "Cleanup", Time since last: 1000089367 ns, Reaching safepoint: 63334 ns, At safepoint: 5200 ns, Total: 68534 ns
[2021-05-11T02:06:07.727+0000][8][gc,start    ] GC(45) Pause Young (Normal) (G1 Evacuation Pause)
[2021-05-11T02:06:07.727+0000][8][gc,task     ] GC(45) Using 6 workers of 8 for evacuation
[2021-05-11T02:06:07.727+0000][8][gc,age      ] GC(45) Desired survivor size 6291456 bytes, new threshold 15 (max threshold 15)
[2021-05-11T02:06:07.730+0000][8][gc,age      ] GC(45) Age table with threshold 15 (max threshold 15)
[2021-05-11T02:06:07.730+0000][8][gc,age      ] GC(45) - age   1:     535064 bytes,     535064 total
[2021-05-11T02:06:07.730+0000][8][gc,age      ] GC(45) - age   2:     361672 bytes,     896736 total
[2021-05-11T02:06:07.730+0000][8][gc,age      ] GC(45) - age   3:      24096 bytes,     920832 total
[2021-05-11T02:06:07.730+0000][8][gc,age      ] GC(45) - age   4:      11592 bytes,     932424 total
[2021-05-11T02:06:07.730+0000][8][gc,age      ] GC(45) - age   5:    1022264 bytes,    1954688 total
[2021-05-11T02:06:07.730+0000][8][gc,age      ] GC(45) - age   6:     546056 bytes,    2500744 total
[2021-05-11T02:06:07.730+0000][8][gc,age      ] GC(45) - age   7:      23200 bytes,    2523944 total
[2021-05-11T02:06:07.730+0000][8][gc,age      ] GC(45) - age   8:     728608 bytes,    3252552 total
[2021-05-11T02:06:07.730+0000][8][gc,phases   ] GC(45)   Pre Evacuate Collection Set: 0.0ms
[2021-05-11T02:06:07.730+0000][8][gc,phases   ] GC(45)   Merge Heap Roots: 0.1ms
[2021-05-11T02:06:07.730+0000][8][gc,phases   ] GC(45)   Evacuate Collection Set: 3.3ms
[2021-05-11T02:06:07.730+0000][8][gc,phases   ] GC(45)   Post Evacuate Collection Set: 0.4ms
[2021-05-11T02:06:07.730+0000][8][gc,phases   ] GC(45)   Other: 0.2ms
[2021-05-11T02:06:07.730+0000][8][gc,heap     ] GC(45) Eden regions: 21->0(21)
[2021-05-11T02:06:07.730+0000][8][gc,heap     ] GC(45) Survivor regions: 1->1(3)
[2021-05-11T02:06:07.730+0000][8][gc,heap     ] GC(45) Old regions: 26->26
[2021-05-11T02:06:07.730+0000][8][gc,heap     ] GC(45) Archive regions: 2->2
[2021-05-11T02:06:07.730+0000][8][gc,heap     ] GC(45) Humongous regions: 2->2
[2021-05-11T02:06:07.730+0000][8][gc,metaspace] GC(45) Metaspace: 105174K(109680K)->105174K(109680K) NonClass: 91294K(94448K)->91294K(94448K) Class: 13879K(15232K)->13879K(15232K)
[2021-05-11T02:06:07.731+0000][8][gc          ] GC(45) Pause Young (Normal) (G1 Evacuation Pause) 199M->115M(256M) 3.997ms
[2021-05-11T02:06:07.731+0000][8][gc,cpu      ] GC(45) User=0.01s Sys=0.01s Real=0.00s
[2021-05-11T02:06:07.731+0000][8][safepoint   ] Safepoint "G1CollectForAllocation", Time since last: 1882154148 ns, Reaching safepoint: 68801 ns, At safepoint: 4055602 ns, Total: 4124403 ns
[2021-05-11T02:06:14.731+0000][8][safepoint   ] Safepoint "Cleanup", Time since last: 7000496026 ns, Reaching safepoint: 82618 ns, At safepoint: 4162 ns, Total: 86780 ns
[2021-05-11T02:06:15.731+0000][8][safepoint   ] Safepoint "Cleanup", Time since last: 1000135525 ns, Reaching safepoint: 76859 ns, At safepoint: 5657 ns, Total: 82516 ns
[2021-05-11T02:06:20.738+0000][8][safepoint   ] Safepoint "Cleanup", Time since last: 5006742369 ns, Reaching safepoint: 104429 ns, At safepoint: 4556 ns, Total: 108985 ns
[2021-05-11T02:06:26.739+0000][8][safepoint   ] Safepoint "Cleanup", Time since last: 6000590752 ns, Reaching safepoint: 115921 ns, At safepoint: 7599 ns, Total: 123520 ns
[2021-05-11T02:06:32.740+0000][8][safepoint   ] Safepoint "Cleanup", Time since last: 6000585145 ns, Reaching safepoint: 96356 ns, At safepoint: 7338 ns, Total: 103694 ns
[2021-05-11T02:06:35.740+0000][8][safepoint   ] Safepoint "Cleanup", Time since last: 3000252028 ns, Reaching safepoint: 67742 ns, At safepoint: 4008 ns, Total: 71750 ns
[2021-05-11T02:06:45.741+0000][8][safepoint   ] Safepoint "Cleanup", Time since last: 10000725869 ns, Reaching safepoint: 79542 ns, At safepoint: 6455 ns, Total: 85997 ns
[2021-05-11T02:06:47.741+0000][8][safepoint   ] Safepoint "Cleanup", Time since last: 2000154563 ns, Reaching safepoint: 73761 ns, At safepoint: 5244 ns, Total: 79005 ns
[2021-05-11T02:06:50.741+0000][8][safepoint   ] Safepoint "Cleanup", Time since last: 3000219436 ns, Reaching safepoint: 65173 ns, At safepoint: 4144 ns, Total: 69317 ns
[2021-05-11T02:06:53.742+0000][8][safepoint   ] Safepoint "Cleanup", Time since last: 3000314103 ns, Reaching safepoint: 81956 ns, At safepoint: 4317 ns, Total: 86273 ns
[2021-05-11T02:06:55.742+0000][8][safepoint   ] Safepoint "Cleanup", Time since last: 2000147527 ns, Reaching safepoint: 69487 ns, At safepoint: 4936 ns, Total: 74423 ns
[2021-05-11T02:06:56.742+0000][8][safepoint   ] Safepoint "Cleanup", Time since last: 1000089898 ns, Reaching safepoint: 67083 ns, At safepoint: 4998 ns, Total: 72081 ns
[2021-05-11T02:07:15.744+0000][8][safepoint   ] Safepoint "Cleanup", Time since last: 19001468764 ns, Reaching safepoint: 87579 ns, At safepoint: 6470 ns, Total: 94049 ns
[2021-05-11T02:07:20.744+0000][8][safepoint   ] Safepoint "Cleanup", Time since last: 5000491107 ns, Reaching safepoint: 73962 ns, At safepoint: 4479 ns, Total: 78441 ns
[2021-05-11T02:07:21.744+0000][8][safepoint   ] Safepoint "Cleanup", Time since last: 1000191026 ns, Reaching safepoint: 82968 ns, At safepoint: 5226 ns, Total: 88194 ns
[2021-05-11T02:07:22.745+0000][8][safepoint   ] Safepoint "Cleanup", Time since last: 1000090619 ns, Reaching safepoint: 119542 ns, At safepoint: 6689 ns, Total: 126231 ns
[2021-05-11T02:07:23.745+0000][8][safepoint   ] Safepoint "Cleanup", Time since last: 1000092096 ns, Reaching safepoint: 76232 ns, At safepoint: 4826 ns, Total: 81058 ns
[2021-05-11T02:07:25.745+0000][8][safepoint   ] Safepoint "Cleanup", Time since last: 2000149110 ns, Reaching safepoint: 101228 ns, At safepoint: 6893 ns, Total: 108121 ns
[2021-05-11T02:07:26.745+0000][8][safepoint   ] Safepoint "Cleanup", Time since last: 1000125124 ns, Reaching safepoint: 113967 ns, At safepoint: 6599 ns, Total: 120566 ns
[2021-05-11T02:07:35.746+0000][8][safepoint   ] Safepoint "Cleanup", Time since last: 9000841835 ns, Reaching safepoint: 129645 ns, At safepoint: 6608 ns, Total: 136253 ns
[2021-05-11T02:07:38.747+0000][8][safepoint   ] Safepoint "Cleanup", Time since last: 3000291199 ns, Reaching safepoint: 184160 ns, At safepoint: 8063 ns, Total: 192223 ns
[2021-05-11T02:07:47.748+0000][8][safepoint   ] Safepoint "Cleanup", Time since last: 9000855888 ns, Reaching safepoint: 103186 ns, At safepoint: 5135 ns, Total: 108321 ns
[2021-05-11T02:07:50.748+0000][8][safepoint   ] Safepoint "Cleanup", Time since last: 3000241066 ns, Reaching safepoint: 128244 ns, At safepoint: 7244 ns, Total: 135488 ns
[2021-05-11T02:07:53.749+0000][8][safepoint   ] Safepoint "Cleanup", Time since last: 3000467836 ns, Reaching safepoint: 102085 ns, At safepoint: 6364 ns, Total: 108449 ns
[2021-05-11T02:07:54.749+0000][8][safepoint   ] Safepoint "Cleanup", Time since last: 1000089924 ns, Reaching safepoint: 151094 ns, At safepoint: 7209 ns, Total: 158303 ns
[2021-05-11T02:07:55.749+0000][8][safepoint   ] Safepoint "Cleanup", Time since last: 1000096028 ns, Reaching safepoint: 91440 ns, At safepoint: 4753 ns, Total: 96193 ns
[2021-05-11T02:07:56.749+0000][8][safepoint   ] Safepoint "Cleanup", Time since last: 1000089647 ns, Reaching safepoint: 90352 ns, At safepoint: 4332 ns, Total: 94684 ns
[2021-05-11T02:08:05.750+0000][8][safepoint   ] Safepoint "Cleanup", Time since last: 9000863344 ns, Reaching safepoint: 116205 ns, At safepoint: 5839 ns, Total: 122044 ns
[2021-05-11T02:08:07.751+0000][8][safepoint   ] Safepoint "Cleanup", Time since last: 2000275559 ns, Reaching safepoint: 164774 ns, At safepoint: 4189 ns, Total: 168963 ns
[2021-05-11T02:08:09.734+0000][8][gc,start    ] GC(46) Pause Young (Concurrent Start) (G1 Evacuation Pause)
[2021-05-11T02:08:09.734+0000][8][gc,task     ] GC(46) Using 6 workers of 8 for evacuation
[2021-05-11T02:08:09.734+0000][8][gc,age      ] GC(46) Desired survivor size 6291456 bytes, new threshold 15 (max threshold 15)
[2021-05-11T02:08:09.738+0000][8][gc,age      ] GC(46) Age table with threshold 15 (max threshold 15)
[2021-05-11T02:08:09.738+0000][8][gc,age      ] GC(46) - age   1:     528720 bytes,     528720 total
[2021-05-11T02:08:09.738+0000][8][gc,age      ] GC(46) - age   2:      11152 bytes,     539872 total
[2021-05-11T02:08:09.738+0000][8][gc,age      ] GC(46) - age   3:     228560 bytes,     768432 total
[2021-05-11T02:08:09.738+0000][8][gc,age      ] GC(46) - age   4:      24096 bytes,     792528 total
[2021-05-11T02:08:09.738+0000][8][gc,age      ] GC(46) - age   5:      11496 bytes,     804024 total
[2021-05-11T02:08:09.738+0000][8][gc,age      ] GC(46) - age   6:    1022264 bytes,    1826288 total
[2021-05-11T02:08:09.738+0000][8][gc,age      ] GC(46) - age   7:     546056 bytes,    2372344 total
[2021-05-11T02:08:09.738+0000][8][gc,age      ] GC(46) - age   8:      23200 bytes,    2395544 total
[2021-05-11T02:08:09.738+0000][8][gc,age      ] GC(46) - age   9:     728608 bytes,    3124152 total
[2021-05-11T02:08:09.738+0000][8][gc,phases   ] GC(46)   Pre Evacuate Collection Set: 0.1ms
[2021-05-11T02:08:09.738+0000][8][gc,phases   ] GC(46)   Merge Heap Roots: 0.1ms
[2021-05-11T02:08:09.738+0000][8][gc,phases   ] GC(46)   Evacuate Collection Set: 3.2ms
[2021-05-11T02:08:09.738+0000][8][gc,phases   ] GC(46)   Post Evacuate Collection Set: 0.5ms
[2021-05-11T02:08:09.738+0000][8][gc,phases   ] GC(46)   Other: 0.2ms
[2021-05-11T02:08:09.738+0000][8][gc,heap     ] GC(46) Eden regions: 21->0(22)
[2021-05-11T02:08:09.738+0000][8][gc,heap     ] GC(46) Survivor regions: 1->1(3)
[2021-05-11T02:08:09.738+0000][8][gc,heap     ] GC(46) Old regions: 26->26
[2021-05-11T02:08:09.738+0000][8][gc,heap     ] GC(46) Archive regions: 2->2
[2021-05-11T02:08:09.738+0000][8][gc,heap     ] GC(46) Humongous regions: 2->2
[2021-05-11T02:08:09.738+0000][8][gc,metaspace] GC(46) Metaspace: 105356K(109936K)->105356K(109936K) NonClass: 91474K(94704K)->91474K(94704K) Class: 13881K(15232K)->13881K(15232K)
[2021-05-11T02:08:09.739+0000][8][gc          ] GC(46) Pause Young (Concurrent Start) (G1 Evacuation Pause) 199M->115M(256M) 4.181ms
[2021-05-11T02:08:09.739+0000][8][gc,cpu      ] GC(46) User=0.02s Sys=0.00s Real=0.00s
[2021-05-11T02:08:09.739+0000][8][safepoint   ] Safepoint "G1CollectForAllocation", Time since last: 1983445849 ns, Reaching safepoint: 78120 ns, At safepoint: 4244450 ns, Total: 4322570 ns
[2021-05-11T02:08:09.739+0000][8][gc          ] GC(47) Concurrent Cycle
[2021-05-11T02:08:09.739+0000][8][gc,marking  ] GC(47) Concurrent Clear Claimed Marks
[2021-05-11T02:08:09.739+0000][8][gc,marking  ] GC(47) Concurrent Clear Claimed Marks 0.067ms
[2021-05-11T02:08:09.739+0000][8][gc,marking  ] GC(47) Concurrent Scan Root Regions
[2021-05-11T02:08:09.741+0000][8][gc,marking  ] GC(47) Concurrent Scan Root Regions 2.632ms
[2021-05-11T02:08:09.741+0000][8][gc,marking  ] GC(47) Concurrent Mark (937.356s)
[2021-05-11T02:08:09.741+0000][8][gc,marking  ] GC(47) Concurrent Mark From Roots
[2021-05-11T02:08:09.741+0000][8][gc,task     ] GC(47) Using 2 workers of 2 for marking
[2021-05-11T02:08:09.821+0000][8][gc,marking  ] GC(47) Concurrent Mark From Roots 80.030ms
[2021-05-11T02:08:09.821+0000][8][gc,marking  ] GC(47) Concurrent Preclean
[2021-05-11T02:08:09.822+0000][8][gc,marking  ] GC(47) Concurrent Preclean 0.203ms
[2021-05-11T02:08:09.822+0000][8][gc,marking  ] GC(47) Concurrent Mark (937.356s, 937.436s) 80.278ms
[2021-05-11T02:08:09.822+0000][8][gc,start    ] GC(47) Pause Remark
[2021-05-11T02:08:09.826+0000][8][gc          ] GC(47) Pause Remark 116M->116M(256M) 4.191ms
[2021-05-11T02:08:09.826+0000][8][gc,cpu      ] GC(47) User=0.03s Sys=0.00s Real=0.00s
[2021-05-11T02:08:09.826+0000][8][safepoint   ] Safepoint "G1Concurrent", Time since last: 83074350 ns, Reaching safepoint: 60719 ns, At safepoint: 4259487 ns, Total: 4320206 ns
[2021-05-11T02:08:09.826+0000][8][gc,marking  ] GC(47) Concurrent Rebuild Remembered Sets
[2021-05-11T02:08:09.882+0000][8][gc,marking  ] GC(47) Concurrent Rebuild Remembered Sets 55.588ms
[2021-05-11T02:08:09.882+0000][8][gc,start    ] GC(47) Pause Cleanup
[2021-05-11T02:08:09.882+0000][8][gc          ] GC(47) Pause Cleanup 116M->116M(256M) 0.063ms
[2021-05-11T02:08:09.882+0000][8][gc,cpu      ] GC(47) User=0.01s Sys=0.00s Real=0.00s
[2021-05-11T02:08:09.882+0000][8][safepoint   ] Safepoint "G1Concurrent", Time since last: 55663795 ns, Reaching safepoint: 82072 ns, At safepoint: 111408 ns, Total: 193480 ns
[2021-05-11T02:08:09.882+0000][8][gc,marking  ] GC(47) Concurrent Cleanup for Next Mark
[2021-05-11T02:08:09.882+0000][8][gc,marking  ] GC(47) Concurrent Cleanup for Next Mark 0.203ms
[2021-05-11T02:08:09.882+0000][8][gc          ] GC(47) Concurrent Cycle 143.464ms
[2021-05-11T02:08:14.882+0000][8][safepoint   ] Safepoint "Cleanup", Time since last: 5000359840 ns, Reaching safepoint: 112385 ns, At safepoint: 6607 ns, Total: 118992 ns
[2021-05-11T02:08:20.883+0000][8][safepoint   ] Safepoint "Cleanup", Time since last: 6000553175 ns, Reaching safepoint: 114380 ns, At safepoint: 9714 ns, Total: 124094 ns
[2021-05-11T02:08:24.883+0000][8][safepoint   ] Safepoint "Cleanup", Time since last: 4000418178 ns, Reaching safepoint: 76413 ns, At safepoint: 5851 ns, Total: 82264 ns
[2021-05-11T02:08:25.884+0000][8][safepoint   ] Safepoint "Cleanup", Time since last: 1000128614 ns, Reaching safepoint: 75529 ns, At safepoint: 6112 ns, Total: 81641 ns
[2021-05-11T02:08:26.884+0000][8][safepoint   ] Safepoint "Cleanup", Time since last: 1000118533 ns, Reaching safepoint: 85768 ns, At safepoint: 5339 ns, Total: 91107 ns
[2021-05-11T02:08:49.886+0000][8][safepoint   ] Safepoint "Cleanup", Time since last: 23001745322 ns, Reaching safepoint: 89765 ns, At safepoint: 5642 ns, Total: 95407 ns
[2021-05-11T02:08:50.886+0000][8][safepoint   ] Safepoint "Cleanup", Time since last: 1000089741 ns, Reaching safepoint: 62556 ns, At safepoint: 4294 ns, Total: 66850 ns
[2021-05-11T02:08:53.886+0000][8][safepoint   ] Safepoint "Cleanup", Time since last: 3000298057 ns, Reaching safepoint: 71486 ns, At safepoint: 5191 ns, Total: 76677 ns
[2021-05-11T02:08:54.886+0000][8][safepoint   ] Safepoint "Cleanup", Time since last: 1000092792 ns, Reaching safepoint: 78121 ns, At safepoint: 3781 ns, Total: 81902 ns
[2021-05-11T02:08:55.887+0000][8][safepoint   ] Safepoint "Cleanup", Time since last: 1000124053 ns, Reaching safepoint: 87530 ns, At safepoint: 6665 ns, Total: 94195 ns
[2021-05-11T02:08:56.887+0000][8][safepoint   ] Safepoint "Cleanup", Time since last: 1000096961 ns, Reaching safepoint: 75204 ns, At safepoint: 5293 ns, Total: 80497 ns
[2021-05-11T02:09:04.888+0000][8][safepoint   ] Safepoint "Cleanup", Time since last: 8000695784 ns, Reaching safepoint: 104708 ns, At safepoint: 5547 ns, Total: 110255 ns
[2021-05-11T02:09:14.888+0000][8][safepoint   ] Safepoint "Cleanup", Time since last: 10000687686 ns, Reaching safepoint: 112806 ns, At safepoint: 4180 ns, Total: 116986 ns
[2021-05-11T02:09:19.889+0000][8][safepoint   ] Safepoint "Cleanup", Time since last: 5000398059 ns, Reaching safepoint: 89744 ns, At safepoint: 3638 ns, Total: 93382 ns
[2021-05-11T02:09:21.889+0000][8][safepoint   ] Safepoint "Cleanup", Time since last: 2000364755 ns, Reaching safepoint: 151412 ns, At safepoint: 6205 ns, Total: 157617 ns
[2021-05-11T02:09:25.890+0000][8][safepoint   ] Safepoint "Cleanup", Time since last: 4000457714 ns, Reaching safepoint: 82149 ns, At safepoint: 5059 ns, Total: 87208 ns
[2021-05-11T02:09:26.890+0000][8][safepoint   ] Safepoint "Cleanup", Time since last: 1000138272 ns, Reaching safepoint: 129474 ns, At safepoint: 5745 ns, Total: 135219 ns
[2021-05-11T02:09:52.892+0000][8][safepoint   ] Safepoint "Cleanup", Time since last: 26002050551 ns, Reaching safepoint: 83228 ns, At safepoint: 4564 ns, Total: 87792 ns
[2021-05-11T02:09:53.893+0000][8][safepoint   ] Safepoint "Cleanup", Time since last: 1000089383 ns, Reaching safepoint: 62039 ns, At safepoint: 4316 ns, Total: 66355 ns
[2021-05-11T02:09:55.893+0000][8][safepoint   ] Safepoint "Cleanup", Time since last: 2000127626 ns, Reaching safepoint: 71161 ns, At safepoint: 11266 ns, Total: 82427 ns
[2021-05-11T02:09:56.896+0000][8][safepoint   ] Safepoint "Cleanup", Time since last: 1003338153 ns, Reaching safepoint: 83030 ns, At safepoint: 6788 ns, Total: 89818 ns
[2021-05-11T02:10:00.897+0000][8][safepoint   ] Safepoint "Cleanup", Time since last: 4000467289 ns, Reaching safepoint: 83550 ns, At safepoint: 4428 ns, Total: 87978 ns
[2021-05-11T02:10:20.898+0000][8][safepoint   ] Safepoint "Cleanup", Time since last: 20001512752 ns, Reaching safepoint: 122593 ns, At safepoint: 7294 ns, Total: 129887 ns
[2021-05-11T02:10:22.899+0000][8][safepoint   ] Safepoint "Cleanup", Time since last: 2000150558 ns, Reaching safepoint: 81670 ns, At safepoint: 5536 ns, Total: 87206 ns
[2021-05-11T02:10:23.899+0000][8][safepoint   ] Safepoint "Cleanup", Time since last: 1000092861 ns, Reaching safepoint: 66750 ns, At safepoint: 5295 ns, Total: 72045 ns
[2021-05-11T02:10:25.899+0000][8][safepoint   ] Safepoint "Cleanup", Time since last: 2000152697 ns, Reaching safepoint: 63794 ns, At safepoint: 4464 ns, Total: 68258 ns
[2021-05-11T02:10:26.685+0000][8][gc,start    ] GC(48) Pause Young (Normal) (G1 Evacuation Pause)
[2021-05-11T02:10:26.685+0000][8][gc,task     ] GC(48) Using 6 workers of 8 for evacuation
[2021-05-11T02:10:26.685+0000][8][gc,age      ] GC(48) Desired survivor size 6291456 bytes, new threshold 15 (max threshold 15)
[2021-05-11T02:10:26.689+0000][8][gc,age      ] GC(48) Age table with threshold 15 (max threshold 15)
[2021-05-11T02:10:26.689+0000][8][gc,age      ] GC(48) - age   1:     629232 bytes,     629232 total
[2021-05-11T02:10:26.689+0000][8][gc,age      ] GC(48) - age   2:      15016 bytes,     644248 total
[2021-05-11T02:10:26.689+0000][8][gc,age      ] GC(48) - age   3:       8160 bytes,     652408 total
[2021-05-11T02:10:26.689+0000][8][gc,age      ] GC(48) - age   4:     227560 bytes,     879968 total
[2021-05-11T02:10:26.689+0000][8][gc,age      ] GC(48) - age   5:      23856 bytes,     903824 total
[2021-05-11T02:10:26.689+0000][8][gc,age      ] GC(48) - age   6:      11496 bytes,     915320 total
[2021-05-11T02:10:26.689+0000][8][gc,age      ] GC(48) - age   7:    1022264 bytes,    1937584 total
[2021-05-11T02:10:26.689+0000][8][gc,age      ] GC(48) - age   8:     546056 bytes,    2483640 total
[2021-05-11T02:10:26.689+0000][8][gc,age      ] GC(48) - age   9:      23200 bytes,    2506840 total
[2021-05-11T02:10:26.689+0000][8][gc,age      ] GC(48) - age  10:     728608 bytes,    3235448 total
[2021-05-11T02:10:26.690+0000][8][gc,phases   ] GC(48)   Pre Evacuate Collection Set: 0.0ms
[2021-05-11T02:10:26.690+0000][8][gc,phases   ] GC(48)   Merge Heap Roots: 0.0ms
[2021-05-11T02:10:26.690+0000][8][gc,phases   ] GC(48)   Evacuate Collection Set: 3.4ms
[2021-05-11T02:10:26.690+0000][8][gc,phases   ] GC(48)   Post Evacuate Collection Set: 0.5ms
[2021-05-11T02:10:26.690+0000][8][gc,phases   ] GC(48)   Other: 0.2ms
[2021-05-11T02:10:26.690+0000][8][gc,heap     ] GC(48) Eden regions: 22->0(22)
[2021-05-11T02:10:26.690+0000][8][gc,heap     ] GC(48) Survivor regions: 1->1(3)
[2021-05-11T02:10:26.690+0000][8][gc,heap     ] GC(48) Old regions: 26->26
[2021-05-11T02:10:26.690+0000][8][gc,heap     ] GC(48) Archive regions: 2->2
[2021-05-11T02:10:26.690+0000][8][gc,heap     ] GC(48) Humongous regions: 2->2
[2021-05-11T02:10:26.690+0000][8][gc,metaspace] GC(48) Metaspace: 105477K(110192K)->105477K(110192K) NonClass: 91595K(94960K)->91595K(94960K) Class: 13881K(15232K)->13881K(15232K)
[2021-05-11T02:10:26.690+0000][8][gc          ] GC(48) Pause Young (Normal) (G1 Evacuation Pause) 203M->115M(256M) 4.222ms
[2021-05-11T02:10:26.690+0000][8][gc,cpu      ] GC(48) User=0.02s Sys=0.00s Real=0.00s
[2021-05-11T02:10:26.690+0000][8][safepoint   ] Safepoint "G1CollectForAllocation", Time since last: 786192281 ns, Reaching safepoint: 137379 ns, At safepoint: 4283530 ns, Total: 4420909 ns
[2021-05-11T02:10:29.690+0000][8][safepoint   ] Safepoint "Cleanup", Time since last: 3000246252 ns, Reaching safepoint: 95312 ns, At safepoint: 4100 ns, Total: 99412 ns
[2021-05-11T02:10:45.692+0000][8][safepoint   ] Safepoint "Cleanup", Time since last: 16001898463 ns, Reaching safepoint: 85657 ns, At safepoint: 4720 ns, Total: 90377 ns
[2021-05-11T02:10:50.692+0000][8][safepoint   ] Safepoint "Cleanup", Time since last: 5000336800 ns, Reaching safepoint: 81761 ns, At safepoint: 5557 ns, Total: 87318 ns
[2021-05-11T02:10:53.693+0000][8][safepoint   ] Safepoint "Cleanup", Time since last: 3000225627 ns, Reaching safepoint: 79002 ns, At safepoint: 5244 ns, Total: 84246 ns
[2021-05-11T02:10:55.693+0000][8][safepoint   ] Safepoint "Cleanup", Time since last: 2000152715 ns, Reaching safepoint: 73818 ns, At safepoint: 7002 ns, Total: 80820 ns
[2021-05-11T02:10:56.693+0000][8][safepoint   ] Safepoint "Cleanup", Time since last: 1000091679 ns, Reaching safepoint: 67112 ns, At safepoint: 6961 ns, Total: 74073 ns
[2021-05-11T02:11:08.694+0000][8][safepoint   ] Safepoint "Cleanup", Time since last: 12001111687 ns, Reaching safepoint: 127055 ns, At safepoint: 7672 ns, Total: 134727 ns
[2021-05-11T02:11:17.695+0000][8][safepoint   ] Safepoint "Cleanup", Time since last: 9000849235 ns, Reaching safepoint: 99572 ns, At safepoint: 4814 ns, Total: 104386 ns
[2021-05-11T02:11:23.696+0000][8][safepoint   ] Safepoint "Cleanup", Time since last: 6000453630 ns, Reaching safepoint: 151802 ns, At safepoint: 6434 ns, Total: 158236 ns
[2021-05-11T02:11:25.696+0000][8][safepoint   ] Safepoint "Cleanup", Time since last: 2000204646 ns, Reaching safepoint: 73683 ns, At safepoint: 5959 ns, Total: 79642 ns
[2021-05-11T02:11:40.697+0000][8][safepoint   ] Safepoint "Cleanup", Time since last: 15001072874 ns, Reaching safepoint: 77130 ns, At safepoint: 5350 ns, Total: 82480 ns
[2021-05-11T02:11:44.698+0000][8][safepoint   ] Safepoint "Cleanup", Time since last: 4000343662 ns, Reaching safepoint: 66662 ns, At safepoint: 5958 ns, Total: 72620 ns
[2021-05-11T02:11:48.698+0000][8][safepoint   ] Safepoint "Cleanup", Time since last: 4000326664 ns, Reaching safepoint: 69822 ns, At safepoint: 5804 ns, Total: 75626 ns
[2021-05-11T02:11:50.698+0000][8][safepoint   ] Safepoint "Cleanup", Time since last: 2000151723 ns, Reaching safepoint: 75019 ns, At safepoint: 4813 ns, Total: 79832 ns
[2021-05-11T02:11:53.699+0000][8][safepoint   ] Safepoint "Cleanup", Time since last: 3000210843 ns, Reaching safepoint: 71269 ns, At safepoint: 5708 ns, Total: 76977 ns
[2021-05-11T02:11:55.699+0000][8][safepoint   ] Safepoint "Cleanup", Time since last: 2000159496 ns, Reaching safepoint: 70213 ns, At safepoint: 6582 ns, Total: 76795 ns
[2021-05-11T02:11:56.699+0000][8][safepoint   ] Safepoint "Cleanup", Time since last: 1000089726 ns, Reaching safepoint: 68075 ns, At safepoint: 5047 ns, Total: 73122 ns
[2021-05-11T02:12:15.701+0000][8][safepoint   ] Safepoint "Cleanup", Time since last: 19001377408 ns, Reaching safepoint: 81805 ns, At safepoint: 5221 ns, Total: 87026 ns
[2021-05-11T02:12:21.701+0000][8][safepoint   ] Safepoint "Cleanup", Time since last: 6000382445 ns, Reaching safepoint: 92328 ns, At safepoint: 6070 ns, Total: 98398 ns
[2021-05-11T02:12:23.701+0000][8][safepoint   ] Safepoint "Cleanup", Time since last: 2000168889 ns, Reaching safepoint: 87168 ns, At safepoint: 4815 ns, Total: 91983 ns
[2021-05-11T02:12:25.702+0000][8][safepoint   ] Safepoint "Cleanup", Time since last: 2000158874 ns, Reaching safepoint: 88273 ns, At safepoint: 9507 ns, Total: 97780 ns
[2021-05-11T02:12:26.702+0000][8][safepoint   ] Safepoint "Cleanup", Time since last: 1000096100 ns, Reaching safepoint: 66590 ns, At safepoint: 6464 ns, Total: 73054 ns
[2021-05-11T02:12:30.702+0000][8][safepoint   ] Safepoint "Cleanup", Time since last: 4000367259 ns, Reaching safepoint: 71057 ns, At safepoint: 5647 ns, Total: 76704 ns
[2021-05-11T02:12:35.703+0000][8][safepoint   ] Safepoint "Cleanup", Time since last: 5000394753 ns, Reaching safepoint: 88847 ns, At safepoint: 6045 ns, Total: 94892 ns
[2021-05-11T02:12:47.660+0000][8][gc,start    ] GC(49) Pause Young (Concurrent Start) (G1 Evacuation Pause)
[2021-05-11T02:12:47.660+0000][8][gc,task     ] GC(49) Using 6 workers of 8 for evacuation
[2021-05-11T02:12:47.660+0000][8][gc,age      ] GC(49) Desired survivor size 6291456 bytes, new threshold 15 (max threshold 15)
[2021-05-11T02:12:47.664+0000][8][gc,age      ] GC(49) Age table with threshold 15 (max threshold 15)
[2021-05-11T02:12:47.664+0000][8][gc,age      ] GC(49) - age   1:     519048 bytes,     519048 total
[2021-05-11T02:12:47.664+0000][8][gc,age      ] GC(49) - age   2:       5440 bytes,     524488 total
[2021-05-11T02:12:47.664+0000][8][gc,age      ] GC(49) - age   3:      12576 bytes,     537064 total
[2021-05-11T02:12:47.664+0000][8][gc,age      ] GC(49) - age   4:       8160 bytes,     545224 total
[2021-05-11T02:12:47.664+0000][8][gc,age      ] GC(49) - age   5:     226976 bytes,     772200 total
[2021-05-11T02:12:47.664+0000][8][gc,age      ] GC(49) - age   6:      23856 bytes,     796056 total
[2021-05-11T02:12:47.664+0000][8][gc,age      ] GC(49) - age   7:      11496 bytes,     807552 total
[2021-05-11T02:12:47.664+0000][8][gc,age      ] GC(49) - age   8:    1022264 bytes,    1829816 total
[2021-05-11T02:12:47.664+0000][8][gc,age      ] GC(49) - age   9:     546056 bytes,    2375872 total
[2021-05-11T02:12:47.664+0000][8][gc,age      ] GC(49) - age  10:      23200 bytes,    2399072 total
[2021-05-11T02:12:47.664+0000][8][gc,age      ] GC(49) - age  11:     728608 bytes,    3127680 total
[2021-05-11T02:12:47.664+0000][8][gc,phases   ] GC(49)   Pre Evacuate Collection Set: 0.1ms
[2021-05-11T02:12:47.664+0000][8][gc,phases   ] GC(49)   Merge Heap Roots: 0.1ms
[2021-05-11T02:12:47.664+0000][8][gc,phases   ] GC(49)   Evacuate Collection Set: 3.7ms
[2021-05-11T02:12:47.664+0000][8][gc,phases   ] GC(49)   Post Evacuate Collection Set: 0.5ms
[2021-05-11T02:12:47.664+0000][8][gc,phases   ] GC(49)   Other: 0.2ms
[2021-05-11T02:12:47.664+0000][8][gc,heap     ] GC(49) Eden regions: 22->0(22)
[2021-05-11T02:12:47.664+0000][8][gc,heap     ] GC(49) Survivor regions: 1->1(3)
[2021-05-11T02:12:47.664+0000][8][gc,heap     ] GC(49) Old regions: 26->26
[2021-05-11T02:12:47.664+0000][8][gc,heap     ] GC(49) Archive regions: 2->2
[2021-05-11T02:12:47.664+0000][8][gc,heap     ] GC(49) Humongous regions: 2->2
[2021-05-11T02:12:47.664+0000][8][gc,metaspace] GC(49) Metaspace: 105587K(110192K)->105587K(110192K) NonClass: 91705K(94960K)->91705K(94960K) Class: 13881K(15232K)->13881K(15232K)
[2021-05-11T02:12:47.664+0000][8][gc          ] GC(49) Pause Young (Concurrent Start) (G1 Evacuation Pause) 203M->115M(256M) 4.662ms
[2021-05-11T02:12:47.664+0000][8][gc,cpu      ] GC(49) User=0.02s Sys=0.00s Real=0.01s
[2021-05-11T02:12:47.664+0000][8][gc          ] GC(50) Concurrent Cycle
[2021-05-11T02:12:47.664+0000][8][safepoint   ] Safepoint "G1CollectForAllocation", Time since last: 11956743023 ns, Reaching safepoint: 199720 ns, At safepoint: 4725062 ns, Total: 4924782 ns
[2021-05-11T02:12:47.664+0000][8][gc,marking  ] GC(50) Concurrent Clear Claimed Marks
[2021-05-11T02:12:47.664+0000][8][gc,marking  ] GC(50) Concurrent Clear Claimed Marks 0.077ms
[2021-05-11T02:12:47.664+0000][8][gc,marking  ] GC(50) Concurrent Scan Root Regions
[2021-05-11T02:12:47.667+0000][8][gc,marking  ] GC(50) Concurrent Scan Root Regions 2.623ms
[2021-05-11T02:12:47.667+0000][8][gc,marking  ] GC(50) Concurrent Mark (1215.282s)
[2021-05-11T02:12:47.667+0000][8][gc,marking  ] GC(50) Concurrent Mark From Roots
[2021-05-11T02:12:47.667+0000][8][gc,task     ] GC(50) Using 2 workers of 2 for marking
[2021-05-11T02:12:47.750+0000][8][gc,marking  ] GC(50) Concurrent Mark From Roots 82.453ms
[2021-05-11T02:12:47.750+0000][8][gc,marking  ] GC(50) Concurrent Preclean
[2021-05-11T02:12:47.750+0000][8][gc,marking  ] GC(50) Concurrent Preclean 0.207ms
[2021-05-11T02:12:47.750+0000][8][gc,marking  ] GC(50) Concurrent Mark (1215.282s, 1215.364s) 82.708ms
[2021-05-11T02:12:47.750+0000][8][gc,start    ] GC(50) Pause Remark
[2021-05-11T02:12:47.754+0000][8][gc          ] GC(50) Pause Remark 116M->116M(256M) 4.406ms
[2021-05-11T02:12:47.754+0000][8][gc,cpu      ] GC(50) User=0.03s Sys=0.00s Real=0.01s
[2021-05-11T02:12:47.754+0000][8][safepoint   ] Safepoint "G1Concurrent", Time since last: 85470945 ns, Reaching safepoint: 76080 ns, At safepoint: 4494746 ns, Total: 4570826 ns
[2021-05-11T02:12:47.754+0000][8][gc,marking  ] GC(50) Concurrent Rebuild Remembered Sets
[2021-05-11T02:12:47.812+0000][8][gc,marking  ] GC(50) Concurrent Rebuild Remembered Sets 57.278ms
[2021-05-11T02:12:47.812+0000][8][gc,start    ] GC(50) Pause Cleanup
[2021-05-11T02:12:47.812+0000][8][gc          ] GC(50) Pause Cleanup 116M->116M(256M) 0.112ms
[2021-05-11T02:12:47.812+0000][8][gc,cpu      ] GC(50) User=0.00s Sys=0.00s Real=0.00s
[2021-05-11T02:12:47.812+0000][8][safepoint   ] Safepoint "G1Concurrent", Time since last: 57376654 ns, Reaching safepoint: 112687 ns, At safepoint: 163301 ns, Total: 275988 ns
[2021-05-11T02:12:47.812+0000][8][gc,marking  ] GC(50) Concurrent Cleanup for Next Mark
[2021-05-11T02:12:47.812+0000][8][gc,marking  ] GC(50) Concurrent Cleanup for Next Mark 0.296ms
[2021-05-11T02:12:47.812+0000][8][gc          ] GC(50) Concurrent Cycle 148.072ms
[2021-05-11T02:12:50.812+0000][8][safepoint   ] Safepoint "Cleanup", Time since last: 3000202939 ns, Reaching safepoint: 97977 ns, At safepoint: 5170 ns, Total: 103147 ns
[2021-05-11T02:12:53.813+0000][8][safepoint   ] Safepoint "Cleanup", Time since last: 3000212086 ns, Reaching safepoint: 135537 ns, At safepoint: 5315 ns, Total: 140852 ns
[2021-05-11T02:12:54.813+0000][8][safepoint   ] Safepoint "Cleanup", Time since last: 1000085735 ns, Reaching safepoint: 72479 ns, At safepoint: 4076 ns, Total: 76555 ns
[2021-05-11T02:12:56.813+0000][8][safepoint   ] Safepoint "Cleanup", Time since last: 2000160135 ns, Reaching safepoint: 65337 ns, At safepoint: 3884 ns, Total: 69221 ns
[2021-05-11T02:12:59.813+0000][8][safepoint   ] Safepoint "Cleanup", Time since last: 3000296322 ns, Reaching safepoint: 69540 ns, At safepoint: 5238 ns, Total: 74778 ns
[2021-05-11T02:13:22.815+0000][8][safepoint   ] Safepoint "Cleanup", Time since last: 23001777895 ns, Reaching safepoint: 89885 ns, At safepoint: 5395 ns, Total: 95280 ns
[2021-05-11T02:13:25.816+0000][8][safepoint   ] Safepoint "Cleanup", Time since last: 3000246169 ns, Reaching safepoint: 62904 ns, At safepoint: 4996 ns, Total: 67900 ns
[2021-05-11T02:13:26.816+0000][8][safepoint   ] Safepoint "Cleanup", Time since last: 1000090703 ns, Reaching safepoint: 66417 ns, At safepoint: 5620 ns, Total: 72037 ns
[2021-05-11T02:13:28.816+0000][8][safepoint   ] Safepoint "Cleanup", Time since last: 2000228530 ns, Reaching safepoint: 87357 ns, At safepoint: 6252 ns, Total: 93609 ns
[2021-05-11T02:13:47.818+0000][8][safepoint   ] Safepoint "Cleanup", Time since last: 19001587980 ns, Reaching safepoint: 93360 ns, At safepoint: 4249 ns, Total: 97609 ns
[2021-05-11T02:13:53.818+0000][8][safepoint   ] Safepoint "Cleanup", Time since last: 6000511420 ns, Reaching safepoint: 99846 ns, At safepoint: 5379 ns, Total: 105225 ns
[2021-05-11T02:13:55.819+0000][8][safepoint   ] Safepoint "Cleanup", Time since last: 2000171561 ns, Reaching safepoint: 90301 ns, At safepoint: 6635 ns, Total: 96936 ns
[2021-05-11T02:13:56.819+0000][8][safepoint   ] Safepoint "Cleanup", Time since last: 1000099715 ns, Reaching safepoint: 109167 ns, At safepoint: 5867 ns, Total: 115034 ns
[2021-05-11T02:13:57.819+0000][8][safepoint   ] Safepoint "Cleanup", Time since last: 1000231008 ns, Reaching safepoint: 106564 ns, At safepoint: 7212 ns, Total: 113776 ns
[2021-05-11T02:13:59.820+0000][8][safepoint   ] Safepoint "Cleanup", Time since last: 2000193990 ns, Reaching safepoint: 122933 ns, At safepoint: 4626 ns, Total: 127559 ns
[2021-05-11T02:14:05.820+0000][8][safepoint   ] Safepoint "Cleanup", Time since last: 6000714752 ns, Reaching safepoint: 105114 ns, At safepoint: 4644 ns, Total: 109758 ns
[2021-05-11T02:14:10.821+0000][8][safepoint   ] Safepoint "Cleanup", Time since last: 5000416746 ns, Reaching safepoint: 82810 ns, At safepoint: 6527 ns, Total: 89337 ns
[2021-05-11T02:14:14.821+0000][8][safepoint   ] Safepoint "Cleanup", Time since last: 4000440077 ns, Reaching safepoint: 143484 ns, At safepoint: 5670 ns, Total: 149154 ns
[2021-05-11T02:14:22.822+0000][8][safepoint   ] Safepoint "Cleanup", Time since last: 8000514278 ns, Reaching safepoint: 67878 ns, At safepoint: 3780 ns, Total: 71658 ns
[2021-05-11T02:14:25.261+0000][8][gc,start    ] GC(51) Pause Young (Normal) (G1 Evacuation Pause)
[2021-05-11T02:14:25.261+0000][8][gc,task     ] GC(51) Using 6 workers of 8 for evacuation
[2021-05-11T02:14:25.261+0000][8][gc,age      ] GC(51) Desired survivor size 6291456 bytes, new threshold 15 (max threshold 15)
[2021-05-11T02:14:25.266+0000][8][gc,age      ] GC(51) Age table with threshold 15 (max threshold 15)
[2021-05-11T02:14:25.266+0000][8][gc,age      ] GC(51) - age   1:    1108624 bytes,    1108624 total
[2021-05-11T02:14:25.266+0000][8][gc,age      ] GC(51) - age   2:       2680 bytes,    1111304 total
[2021-05-11T02:14:25.266+0000][8][gc,age      ] GC(51) - age   3:       4864 bytes,    1116168 total
[2021-05-11T02:14:25.266+0000][8][gc,age      ] GC(51) - age   4:      12264 bytes,    1128432 total
[2021-05-11T02:14:25.266+0000][8][gc,age      ] GC(51) - age   5:       8160 bytes,    1136592 total
[2021-05-11T02:14:25.266+0000][8][gc,age      ] GC(51) - age   6:      82720 bytes,    1219312 total
[2021-05-11T02:14:25.266+0000][8][gc,age      ] GC(51) - age   7:      23856 bytes,    1243168 total
[2021-05-11T02:14:25.266+0000][8][gc,age      ] GC(51) - age   8:      11456 bytes,    1254624 total
[2021-05-11T02:14:25.266+0000][8][gc,age      ] GC(51) - age   9:    1022264 bytes,    2276888 total
[2021-05-11T02:14:25.266+0000][8][gc,age      ] GC(51) - age  10:     545640 bytes,    2822528 total
[2021-05-11T02:14:25.266+0000][8][gc,age      ] GC(51) - age  11:      23152 bytes,    2845680 total
[2021-05-11T02:14:25.266+0000][8][gc,age      ] GC(51) - age  12:     700912 bytes,    3546592 total
[2021-05-11T02:14:25.266+0000][8][gc,phases   ] GC(51)   Pre Evacuate Collection Set: 0.0ms
[2021-05-11T02:14:25.266+0000][8][gc,phases   ] GC(51)   Merge Heap Roots: 0.1ms
[2021-05-11T02:14:25.266+0000][8][gc,phases   ] GC(51)   Evacuate Collection Set: 3.7ms
[2021-05-11T02:14:25.266+0000][8][gc,phases   ] GC(51)   Post Evacuate Collection Set: 0.6ms
[2021-05-11T02:14:25.266+0000][8][gc,phases   ] GC(51)   Other: 0.2ms
[2021-05-11T02:14:25.266+0000][8][gc,heap     ] GC(51) Eden regions: 22->0(22)
[2021-05-11T02:14:25.266+0000][8][gc,heap     ] GC(51) Survivor regions: 1->1(3)
[2021-05-11T02:14:25.266+0000][8][gc,heap     ] GC(51) Old regions: 26->26
[2021-05-11T02:14:25.266+0000][8][gc,heap     ] GC(51) Archive regions: 2->2
[2021-05-11T02:14:25.266+0000][8][gc,heap     ] GC(51) Humongous regions: 2->2
[2021-05-11T02:14:25.266+0000][8][gc,metaspace] GC(51) Metaspace: 105781K(110192K)->105781K(110192K) NonClass: 91899K(94960K)->91899K(94960K) Class: 13882K(15232K)->13882K(15232K)
[2021-05-11T02:14:25.266+0000][8][gc          ] GC(51) Pause Young (Normal) (G1 Evacuation Pause) 203M->116M(256M) 4.695ms
[2021-05-11T02:14:25.266+0000][8][gc,cpu      ] GC(51) User=0.02s Sys=0.00s Real=0.00s
[2021-05-11T02:14:25.266+0000][8][safepoint   ] Safepoint "G1CollectForAllocation", Time since last: 2438876533 ns, Reaching safepoint: 71005 ns, At safepoint: 4754617 ns, Total: 4825622 ns
[2021-05-11T02:14:26.266+0000][8][safepoint   ] Safepoint "Cleanup", Time since last: 1000072815 ns, Reaching safepoint: 83956 ns, At safepoint: 6534 ns, Total: 90490 ns
[2021-05-11T02:14:27.266+0000][8][safepoint   ] Safepoint "Cleanup", Time since last: 1000089106 ns, Reaching safepoint: 82077 ns, At safepoint: 5383 ns, Total: 87460 ns
[2021-05-11T02:14:30.267+0000][8][safepoint   ] Safepoint "Cleanup", Time since last: 3000506413 ns, Reaching safepoint: 103237 ns, At safepoint: 7153 ns, Total: 110390 ns
[2021-05-11T02:14:40.268+0000][8][safepoint   ] Safepoint "Cleanup", Time since last: 10001189651 ns, Reaching safepoint: 116040 ns, At safepoint: 4746 ns, Total: 120786 ns
[2021-05-11T02:14:42.268+0000][8][safepoint   ] Safepoint "Cleanup", Time since last: 2000180080 ns, Reaching safepoint: 89016 ns, At safepoint: 5400 ns, Total: 94416 ns
[2021-05-11T02:14:54.269+0000][8][safepoint   ] Safepoint "Cleanup", Time since last: 12000892783 ns, Reaching safepoint: 80175 ns, At safepoint: 5088 ns, Total: 85263 ns
[2021-05-11T02:14:57.270+0000][8][safepoint   ] Safepoint "Cleanup", Time since last: 3000383856 ns, Reaching safepoint: 126694 ns, At safepoint: 8110 ns, Total: 134804 ns
[2021-05-11T02:15:05.271+0000][8][safepoint   ] Safepoint "Cleanup", Time since last: 8001116204 ns, Reaching safepoint: 102587 ns, At safepoint: 5636 ns, Total: 108223 ns
[2021-05-11T02:15:20.272+0000][8][safepoint   ] Safepoint "Cleanup", Time since last: 15001170382 ns, Reaching safepoint: 109655 ns, At safepoint: 6782 ns, Total: 116437 ns
[2021-05-11T02:15:26.273+0000][8][safepoint   ] Safepoint "Cleanup", Time since last: 6000544820 ns, Reaching safepoint: 83892 ns, At safepoint: 5343 ns, Total: 89235 ns
[2021-05-11T02:15:27.273+0000][8][safepoint   ] Safepoint "Cleanup", Time since last: 1000093288 ns, Reaching safepoint: 86505 ns, At safepoint: 9298 ns, Total: 95803 ns
[2021-05-11T02:15:43.275+0000][8][safepoint   ] Safepoint "Cleanup", Time since last: 16001281328 ns, Reaching safepoint: 78348 ns, At safepoint: 6453 ns, Total: 84801 ns
[2021-05-11T02:15:48.275+0000][8][safepoint   ] Safepoint "Cleanup", Time since last: 5000334429 ns, Reaching safepoint: 84592 ns, At safepoint: 4615 ns, Total: 89207 ns
[2021-05-11T02:15:54.276+0000][8][safepoint   ] Safepoint "Cleanup", Time since last: 6000542496 ns, Reaching safepoint: 87672 ns, At safepoint: 5142 ns, Total: 92814 ns
[2021-05-11T02:15:55.276+0000][8][safepoint   ] Safepoint "Cleanup", Time since last: 1000097984 ns, Reaching safepoint: 63823 ns, At safepoint: 5153 ns, Total: 68976 ns
[2021-05-11T02:15:56.276+0000][8][safepoint   ] Safepoint "Cleanup", Time since last: 1000096689 ns, Reaching safepoint: 127752 ns, At safepoint: 7158 ns, Total: 134910 ns
[2021-05-11T02:16:10.277+0000][8][safepoint   ] Safepoint "Cleanup", Time since last: 14001008433 ns, Reaching safepoint: 123830 ns, At safepoint: 7406 ns, Total: 131236 ns
[2021-05-11T02:16:27.279+0000][8][safepoint   ] Safepoint "Cleanup", Time since last: 17002098010 ns, Reaching safepoint: 123105 ns, At safepoint: 4938 ns, Total: 128043 ns
[2021-05-11T02:16:35.280+0000][8][safepoint   ] Safepoint "Cleanup", Time since last: 8000906899 ns, Reaching safepoint: 67899 ns, At safepoint: 5402 ns, Total: 73301 ns
[2021-05-11T02:16:36.280+0000][8][safepoint   ] Safepoint "Cleanup", Time since last: 1000096099 ns, Reaching safepoint: 70055 ns, At safepoint: 3904 ns, Total: 73959 ns
[2021-05-11T02:16:44.935+0000][8][gc,start    ] GC(52) Pause Young (Concurrent Start) (G1 Evacuation Pause)
[2021-05-11T02:16:44.935+0000][8][gc,task     ] GC(52) Using 6 workers of 8 for evacuation
[2021-05-11T02:16:44.935+0000][8][gc,age      ] GC(52) Desired survivor size 6291456 bytes, new threshold 15 (max threshold 15)
[2021-05-11T02:16:44.940+0000][8][gc,age      ] GC(52) Age table with threshold 15 (max threshold 15)
[2021-05-11T02:16:44.940+0000][8][gc,age      ] GC(52) - age   1:     514072 bytes,     514072 total
[2021-05-11T02:16:44.940+0000][8][gc,age      ] GC(52) - age   2:     574216 bytes,    1088288 total
[2021-05-11T02:16:44.940+0000][8][gc,age      ] GC(52) - age   3:       2264 bytes,    1090552 total
[2021-05-11T02:16:44.940+0000][8][gc,age      ] GC(52) - age   4:       4824 bytes,    1095376 total
[2021-05-11T02:16:44.940+0000][8][gc,age      ] GC(52) - age   5:      12264 bytes,    1107640 total
[2021-05-11T02:16:44.940+0000][8][gc,age      ] GC(52) - age   6:       8160 bytes,    1115800 total
[2021-05-11T02:16:44.941+0000][8][gc,age      ] GC(52) - age   7:      82720 bytes,    1198520 total
[2021-05-11T02:16:44.941+0000][8][gc,age      ] GC(52) - age   8:      23856 bytes,    1222376 total
[2021-05-11T02:16:44.941+0000][8][gc,age      ] GC(52) - age   9:      11456 bytes,    1233832 total
[2021-05-11T02:16:44.941+0000][8][gc,age      ] GC(52) - age  10:    1022264 bytes,    2256096 total
[2021-05-11T02:16:44.941+0000][8][gc,age      ] GC(52) - age  11:     545640 bytes,    2801736 total
[2021-05-11T02:16:44.941+0000][8][gc,age      ] GC(52) - age  12:      23152 bytes,    2824888 total
[2021-05-11T02:16:44.941+0000][8][gc,age      ] GC(52) - age  13:     700912 bytes,    3525800 total
[2021-05-11T02:16:44.941+0000][8][gc,phases   ] GC(52)   Pre Evacuate Collection Set: 0.2ms
[2021-05-11T02:16:44.941+0000][8][gc,phases   ] GC(52)   Merge Heap Roots: 0.1ms
[2021-05-11T02:16:44.941+0000][8][gc,phases   ] GC(52)   Evacuate Collection Set: 4.4ms
[2021-05-11T02:16:44.941+0000][8][gc,phases   ] GC(52)   Post Evacuate Collection Set: 0.5ms
[2021-05-11T02:16:44.941+0000][8][gc,phases   ] GC(52)   Other: 0.3ms
[2021-05-11T02:16:44.941+0000][8][gc,heap     ] GC(52) Eden regions: 22->0(22)
[2021-05-11T02:16:44.941+0000][8][gc,heap     ] GC(52) Survivor regions: 1->1(3)
[2021-05-11T02:16:44.941+0000][8][gc,heap     ] GC(52) Old regions: 26->26
[2021-05-11T02:16:44.941+0000][8][gc,heap     ] GC(52) Archive regions: 2->2
[2021-05-11T02:16:44.941+0000][8][gc,heap     ] GC(52) Humongous regions: 2->2
[2021-05-11T02:16:44.941+0000][8][gc,metaspace] GC(52) Metaspace: 105863K(110448K)->105863K(110448K) NonClass: 91980K(95216K)->91980K(95216K) Class: 13882K(15232K)->13882K(15232K)
[2021-05-11T02:16:44.941+0000][8][gc          ] GC(52) Pause Young (Concurrent Start) (G1 Evacuation Pause) 204M->116M(256M) 5.644ms
[2021-05-11T02:16:44.941+0000][8][gc,cpu      ] GC(52) User=0.02s Sys=0.00s Real=0.01s
[2021-05-11T02:16:44.941+0000][8][gc          ] GC(53) Concurrent Cycle
[2021-05-11T02:16:44.941+0000][8][safepoint   ] Safepoint "G1CollectForAllocation", Time since last: 8654325499 ns, Reaching safepoint: 163028 ns, At safepoint: 5738380 ns, Total: 5901408 ns
[2021-05-11T02:16:44.941+0000][8][gc,marking  ] GC(53) Concurrent Clear Claimed Marks
[2021-05-11T02:16:44.941+0000][8][gc,marking  ] GC(53) Concurrent Clear Claimed Marks 0.066ms
[2021-05-11T02:16:44.941+0000][8][gc,marking  ] GC(53) Concurrent Scan Root Regions
[2021-05-11T02:16:44.944+0000][8][gc,marking  ] GC(53) Concurrent Scan Root Regions 2.830ms
[2021-05-11T02:16:44.944+0000][8][gc,marking  ] GC(53) Concurrent Mark (1452.558s)
[2021-05-11T02:16:44.944+0000][8][gc,marking  ] GC(53) Concurrent Mark From Roots
[2021-05-11T02:16:44.944+0000][8][gc,task     ] GC(53) Using 2 workers of 2 for marking
[2021-05-11T02:16:45.040+0000][8][gc,marking  ] GC(53) Concurrent Mark From Roots 96.007ms
[2021-05-11T02:16:45.040+0000][8][gc,marking  ] GC(53) Concurrent Preclean
[2021-05-11T02:16:45.040+0000][8][gc,marking  ] GC(53) Concurrent Preclean 0.232ms
[2021-05-11T02:16:45.040+0000][8][gc,marking  ] GC(53) Concurrent Mark (1452.558s, 1452.654s) 96.286ms
[2021-05-11T02:16:45.040+0000][8][gc,start    ] GC(53) Pause Remark
[2021-05-11T02:16:45.045+0000][8][gc          ] GC(53) Pause Remark 116M->116M(256M) 5.071ms
[2021-05-11T02:16:45.045+0000][8][gc,cpu      ] GC(53) User=0.03s Sys=0.00s Real=0.01s
[2021-05-11T02:16:45.045+0000][8][safepoint   ] Safepoint "G1Concurrent", Time since last: 99252062 ns, Reaching safepoint: 61694 ns, At safepoint: 5156754 ns, Total: 5218448 ns
[2021-05-11T02:16:45.045+0000][8][gc,marking  ] GC(53) Concurrent Rebuild Remembered Sets
[2021-05-11T02:16:45.126+0000][8][gc,marking  ] GC(53) Concurrent Rebuild Remembered Sets 80.476ms
[2021-05-11T02:16:45.126+0000][8][gc,start    ] GC(53) Pause Cleanup
[2021-05-11T02:16:45.126+0000][8][gc          ] GC(53) Pause Cleanup 116M->116M(256M) 0.093ms
[2021-05-11T02:16:45.126+0000][8][gc,cpu      ] GC(53) User=0.00s Sys=0.00s Real=0.00s
[2021-05-11T02:16:45.126+0000][8][safepoint   ] Safepoint "G1Concurrent", Time since last: 80563023 ns, Reaching safepoint: 89087 ns, At safepoint: 132266 ns, Total: 221353 ns
[2021-05-11T02:16:45.126+0000][8][gc,marking  ] GC(53) Concurrent Cleanup for Next Mark
[2021-05-11T02:16:45.126+0000][8][gc,marking  ] GC(53) Concurrent Cleanup for Next Mark 0.355ms
[2021-05-11T02:16:45.126+0000][8][gc          ] GC(53) Concurrent Cycle 185.688ms
[2021-05-11T02:16:48.126+0000][8][safepoint   ] Safepoint "Cleanup", Time since last: 3000215607 ns, Reaching safepoint: 95175 ns, At safepoint: 7636 ns, Total: 102811 ns
[2021-05-11T02:16:50.127+0000][8][safepoint   ] Safepoint "Cleanup", Time since last: 2000311420 ns, Reaching safepoint: 101731 ns, At safepoint: 5352 ns, Total: 107083 ns
[2021-05-11T02:16:51.127+0000][8][safepoint   ] Safepoint "Cleanup", Time since last: 1000154834 ns, Reaching safepoint: 166487 ns, At safepoint: 6905 ns, Total: 173392 ns
[2021-05-11T02:16:54.127+0000][8][safepoint   ] Safepoint "Cleanup", Time since last: 3000256429 ns, Reaching safepoint: 93902 ns, At safepoint: 4630 ns, Total: 98532 ns
[2021-05-11T02:16:55.128+0000][8][safepoint   ] Safepoint "Cleanup", Time since last: 1000280125 ns, Reaching safepoint: 105293 ns, At safepoint: 5795 ns, Total: 111088 ns
[2021-05-11T02:16:56.128+0000][8][safepoint   ] Safepoint "Cleanup", Time since last: 1000117233 ns, Reaching safepoint: 84936 ns, At safepoint: 8854 ns, Total: 93790 ns
[2021-05-11T02:16:57.128+0000][8][safepoint   ] Safepoint "Cleanup", Time since last: 1000096679 ns, Reaching safepoint: 108530 ns, At safepoint: 9496 ns, Total: 118026 ns
[2021-05-11T02:17:13.130+0000][8][safepoint   ] Safepoint "Cleanup", Time since last: 16001512333 ns, Reaching safepoint: 165100 ns, At safepoint: 11021 ns, Total: 176121 ns
[2021-05-11T02:17:20.131+0000][8][safepoint   ] Safepoint "Cleanup", Time since last: 7000549391 ns, Reaching safepoint: 82225 ns, At safepoint: 6350 ns, Total: 88575 ns
[2021-05-11T02:17:25.131+0000][8][safepoint   ] Safepoint "Cleanup", Time since last: 5000387208 ns, Reaching safepoint: 104607 ns, At safepoint: 5902 ns, Total: 110509 ns
[2021-05-11T02:17:27.131+0000][8][safepoint   ] Safepoint "Cleanup", Time since last: 2000172353 ns, Reaching safepoint: 88168 ns, At safepoint: 5144 ns, Total: 93312 ns
[2021-05-11T02:17:35.132+0000][8][safepoint   ] Safepoint "Cleanup", Time since last: 8000730898 ns, Reaching safepoint: 96288 ns, At safepoint: 3632 ns, Total: 99920 ns
[2021-05-11T02:17:36.132+0000][8][safepoint   ] Safepoint "Cleanup", Time since last: 1000098452 ns, Reaching safepoint: 112448 ns, At safepoint: 5532 ns, Total: 117980 ns
[2021-05-11T02:17:48.133+0000][8][safepoint   ] Safepoint "Cleanup", Time since last: 12000921714 ns, Reaching safepoint: 97387 ns, At safepoint: 5241 ns, Total: 102628 ns
[2021-05-11T02:17:51.134+0000][8][safepoint   ] Safepoint "Cleanup", Time since last: 3000374375 ns, Reaching safepoint: 89702 ns, At safepoint: 6068 ns, Total: 95770 ns
[2021-05-11T02:17:54.134+0000][8][safepoint   ] Safepoint "Cleanup", Time since last: 3000262555 ns, Reaching safepoint: 121188 ns, At safepoint: 7035 ns, Total: 128223 ns
[2021-05-11T02:17:55.134+0000][8][safepoint   ] Safepoint "Cleanup", Time since last: 1000108192 ns, Reaching safepoint: 105766 ns, At safepoint: 6302 ns, Total: 112068 ns
[2021-05-11T02:17:57.135+0000][8][safepoint   ] Safepoint "Cleanup", Time since last: 2000174127 ns, Reaching safepoint: 80218 ns, At safepoint: 6024 ns, Total: 86242 ns
[2021-05-11T02:17:58.135+0000][8][safepoint   ] Safepoint "Cleanup", Time since last: 1000131289 ns, Reaching safepoint: 86745 ns, At safepoint: 8002 ns, Total: 94747 ns
[2021-05-11T02:18:18.136+0000][8][safepoint   ] Safepoint "Cleanup", Time since last: 20001425821 ns, Reaching safepoint: 72864 ns, At safepoint: 6883 ns, Total: 79747 ns
[2021-05-11T02:18:25.137+0000][8][safepoint   ] Safepoint "Cleanup", Time since last: 7000696635 ns, Reaching safepoint: 145318 ns, At safepoint: 6455 ns, Total: 151773 ns
[2021-05-11T02:18:27.138+0000][8][safepoint   ] Safepoint "Cleanup", Time since last: 2000174359 ns, Reaching safepoint: 151376 ns, At safepoint: 8230 ns, Total: 159606 ns
[2021-05-11T02:18:35.139+0000][8][safepoint   ] Safepoint "Cleanup", Time since last: 8001009028 ns, Reaching safepoint: 109083 ns, At safepoint: 6142 ns, Total: 115225 ns
[2021-05-11T02:18:38.139+0000][8][safepoint   ] Safepoint "Cleanup", Time since last: 3000410710 ns, Reaching safepoint: 76560 ns, At safepoint: 6263 ns, Total: 82823 ns
[2021-05-11T02:18:50.140+0000][8][safepoint   ] Safepoint "Cleanup", Time since last: 12000879349 ns, Reaching safepoint: 106009 ns, At safepoint: 6317 ns, Total: 112326 ns
[2021-05-11T02:18:54.141+0000][8][safepoint   ] Safepoint "Cleanup", Time since last: 4000336197 ns, Reaching safepoint: 90695 ns, At safepoint: 5156 ns, Total: 95851 ns
[2021-05-11T02:18:54.980+0000][8][gc,start    ] GC(54) Pause Young (Normal) (G1 Evacuation Pause)
[2021-05-11T02:18:54.980+0000][8][gc,task     ] GC(54) Using 6 workers of 8 for evacuation
[2021-05-11T02:18:54.980+0000][8][gc,age      ] GC(54) Desired survivor size 6291456 bytes, new threshold 15 (max threshold 15)
[2021-05-11T02:18:54.985+0000][8][gc,age      ] GC(54) Age table with threshold 15 (max threshold 15)
[2021-05-11T02:18:54.985+0000][8][gc,age      ] GC(54) - age   1:     560112 bytes,     560112 total
[2021-05-11T02:18:54.985+0000][8][gc,age      ] GC(54) - age   2:       6272 bytes,     566384 total
[2021-05-11T02:18:54.985+0000][8][gc,age      ] GC(54) - age   3:     450240 bytes,    1016624 total
[2021-05-11T02:18:54.985+0000][8][gc,age      ] GC(54) - age   4:       2264 bytes,    1018888 total
[2021-05-11T02:18:54.985+0000][8][gc,age      ] GC(54) - age   5:       4824 bytes,    1023712 total
[2021-05-11T02:18:54.985+0000][8][gc,age      ] GC(54) - age   6:      12240 bytes,    1035952 total
[2021-05-11T02:18:54.985+0000][8][gc,age      ] GC(54) - age   7:       8160 bytes,    1044112 total
[2021-05-11T02:18:54.985+0000][8][gc,age      ] GC(54) - age   8:      82456 bytes,    1126568 total
[2021-05-11T02:18:54.985+0000][8][gc,age      ] GC(54) - age   9:      23856 bytes,    1150424 total
[2021-05-11T02:18:54.985+0000][8][gc,age      ] GC(54) - age  10:      11456 bytes,    1161880 total
[2021-05-11T02:18:54.985+0000][8][gc,age      ] GC(54) - age  11:    1022232 bytes,    2184112 total
[2021-05-11T02:18:54.985+0000][8][gc,age      ] GC(54) - age  12:     545640 bytes,    2729752 total
[2021-05-11T02:18:54.985+0000][8][gc,age      ] GC(54) - age  13:      23152 bytes,    2752904 total
[2021-05-11T02:18:54.985+0000][8][gc,age      ] GC(54) - age  14:     697856 bytes,    3450760 total
[2021-05-11T02:18:54.985+0000][8][gc,phases   ] GC(54)   Pre Evacuate Collection Set: 0.1ms
[2021-05-11T02:18:54.985+0000][8][gc,phases   ] GC(54)   Merge Heap Roots: 0.1ms
[2021-05-11T02:18:54.985+0000][8][gc,phases   ] GC(54)   Evacuate Collection Set: 4.2ms
[2021-05-11T02:18:54.985+0000][8][gc,phases   ] GC(54)   Post Evacuate Collection Set: 0.5ms
[2021-05-11T02:18:54.985+0000][8][gc,phases   ] GC(54)   Other: 0.3ms
[2021-05-11T02:18:54.985+0000][8][gc,heap     ] GC(54) Eden regions: 22->0(22)
[2021-05-11T02:18:54.985+0000][8][gc,heap     ] GC(54) Survivor regions: 1->1(3)
[2021-05-11T02:18:54.985+0000][8][gc,heap     ] GC(54) Old regions: 26->26
[2021-05-11T02:18:54.985+0000][8][gc,heap     ] GC(54) Archive regions: 2->2
[2021-05-11T02:18:54.985+0000][8][gc,heap     ] GC(54) Humongous regions: 2->2
[2021-05-11T02:18:54.985+0000][8][gc,metaspace] GC(54) Metaspace: 106000K(110448K)->106000K(110448K) NonClass: 92116K(95216K)->92116K(95216K) Class: 13884K(15232K)->13884K(15232K)
[2021-05-11T02:18:54.985+0000][8][gc          ] GC(54) Pause Young (Normal) (G1 Evacuation Pause) 204M->116M(256M) 5.182ms
[2021-05-11T02:18:54.985+0000][8][gc,cpu      ] GC(54) User=0.02s Sys=0.00s Real=0.01s
[2021-05-11T02:18:54.985+0000][8][safepoint   ] Safepoint "G1CollectForAllocation", Time since last: 838837241 ns, Reaching safepoint: 120501 ns, At safepoint: 5259473 ns, Total: 5379974 ns
[2021-05-11T02:18:56.985+0000][8][safepoint   ] Safepoint "Cleanup", Time since last: 2000187685 ns, Reaching safepoint: 99821 ns, At safepoint: 3807 ns, Total: 103628 ns
[2021-05-11T02:19:05.986+0000][8][safepoint   ] Safepoint "Cleanup", Time since last: 9000844368 ns, Reaching safepoint: 78778 ns, At safepoint: 6165 ns, Total: 84943 ns
[2021-05-11T02:19:26.988+0000][8][safepoint   ] Safepoint "Cleanup", Time since last: 21002196290 ns, Reaching safepoint: 82498 ns, At safepoint: 5069 ns, Total: 87567 ns
[2021-05-11T02:19:53.991+0000][8][safepoint   ] Safepoint "Cleanup", Time since last: 27002844088 ns, Reaching safepoint: 235311 ns, At safepoint: 8382 ns, Total: 243693 ns
[2021-05-11T02:20:26.994+0000][8][safepoint   ] Safepoint "Cleanup", Time since last: 33002535026 ns, Reaching safepoint: 100605 ns, At safepoint: 3895 ns, Total: 104500 ns
[2021-05-11T02:20:30.995+0000][8][safepoint   ] Safepoint "Cleanup", Time since last: 4000449682 ns, Reaching safepoint: 79038 ns, At safepoint: 7667 ns, Total: 86705 ns
[2021-05-11T02:20:53.996+0000][8][safepoint   ] Safepoint "Cleanup", Time since last: 23001554522 ns, Reaching safepoint: 88531 ns, At safepoint: 5985 ns, Total: 94516 ns
[2021-05-11T02:20:55.004+0000][8][safepoint   ] Safepoint "Cleanup", Time since last: 1007093545 ns, Reaching safepoint: 104684 ns, At safepoint: 7994 ns, Total: 112678 ns
[2021-05-11T02:20:57.004+0000][8][safepoint   ] Safepoint "Cleanup", Time since last: 2000208807 ns, Reaching safepoint: 72153 ns, At safepoint: 6677 ns, Total: 78830 ns
[2021-05-11T02:20:58.004+0000][8][safepoint   ] Safepoint "Cleanup", Time since last: 1000211274 ns, Reaching safepoint: 74408 ns, At safepoint: 5828 ns, Total: 80236 ns
[2021-05-11T02:21:00.004+0000][8][safepoint   ] Safepoint "Cleanup", Time since last: 2000198671 ns, Reaching safepoint: 104624 ns, At safepoint: 7598 ns, Total: 112222 ns
[2021-05-11T02:21:05.012+0000][8][safepoint   ] Safepoint "Cleanup", Time since last: 5007300545 ns, Reaching safepoint: 78390 ns, At safepoint: 6143 ns, Total: 84533 ns
[2021-05-11T02:21:10.044+0000][8][gc,start    ] GC(55) Pause Young (Concurrent Start) (G1 Evacuation Pause)
[2021-05-11T02:21:10.044+0000][8][gc,task     ] GC(55) Using 6 workers of 8 for evacuation
[2021-05-11T02:21:10.044+0000][8][gc,age      ] GC(55) Desired survivor size 6291456 bytes, new threshold 15 (max threshold 15)
[2021-05-11T02:21:10.048+0000][8][gc,age      ] GC(55) Age table with threshold 15 (max threshold 15)
[2021-05-11T02:21:10.048+0000][8][gc,age      ] GC(55) - age   1:     509480 bytes,     509480 total
[2021-05-11T02:21:10.048+0000][8][gc,age      ] GC(55) - age   2:      42600 bytes,     552080 total
[2021-05-11T02:21:10.048+0000][8][gc,age      ] GC(55) - age   3:       6272 bytes,     558352 total
[2021-05-11T02:21:10.048+0000][8][gc,age      ] GC(55) - age   4:     450240 bytes,    1008592 total
[2021-05-11T02:21:10.048+0000][8][gc,age      ] GC(55) - age   5:       2264 bytes,    1010856 total
[2021-05-11T02:21:10.048+0000][8][gc,age      ] GC(55) - age   6:       4824 bytes,    1015680 total
[2021-05-11T02:21:10.048+0000][8][gc,age      ] GC(55) - age   7:      12216 bytes,    1027896 total
[2021-05-11T02:21:10.048+0000][8][gc,age      ] GC(55) - age   8:       8160 bytes,    1036056 total
[2021-05-11T02:21:10.048+0000][8][gc,age      ] GC(55) - age   9:      82456 bytes,    1118512 total
[2021-05-11T02:21:10.048+0000][8][gc,age      ] GC(55) - age  10:      23856 bytes,    1142368 total
[2021-05-11T02:21:10.048+0000][8][gc,age      ] GC(55) - age  11:      11456 bytes,    1153824 total
[2021-05-11T02:21:10.048+0000][8][gc,age      ] GC(55) - age  12:    1022232 bytes,    2176056 total
[2021-05-11T02:21:10.048+0000][8][gc,age      ] GC(55) - age  13:     545640 bytes,    2721696 total
[2021-05-11T02:21:10.048+0000][8][gc,age      ] GC(55) - age  14:      23152 bytes,    2744848 total
[2021-05-11T02:21:10.048+0000][8][gc,age      ] GC(55) - age  15:     697856 bytes,    3442704 total
[2021-05-11T02:21:10.048+0000][8][gc,phases   ] GC(55)   Pre Evacuate Collection Set: 0.1ms
[2021-05-11T02:21:10.048+0000][8][gc,phases   ] GC(55)   Merge Heap Roots: 0.0ms
[2021-05-11T02:21:10.048+0000][8][gc,phases   ] GC(55)   Evacuate Collection Set: 3.7ms
[2021-05-11T02:21:10.048+0000][8][gc,phases   ] GC(55)   Post Evacuate Collection Set: 0.7ms
[2021-05-11T02:21:10.048+0000][8][gc,phases   ] GC(55)   Other: 0.3ms
[2021-05-11T02:21:10.048+0000][8][gc,heap     ] GC(55) Eden regions: 22->0(22)
[2021-05-11T02:21:10.048+0000][8][gc,heap     ] GC(55) Survivor regions: 1->1(3)
[2021-05-11T02:21:10.048+0000][8][gc,heap     ] GC(55) Old regions: 26->26
[2021-05-11T02:21:10.048+0000][8][gc,heap     ] GC(55) Archive regions: 2->2
[2021-05-11T02:21:10.048+0000][8][gc,heap     ] GC(55) Humongous regions: 2->2
[2021-05-11T02:21:10.048+0000][8][gc,metaspace] GC(55) Metaspace: 106033K(110704K)->106033K(110704K) NonClass: 92148K(95472K)->92148K(95472K) Class: 13884K(15232K)->13884K(15232K)
[2021-05-11T02:21:10.049+0000][8][gc          ] GC(55) Pause Young (Concurrent Start) (G1 Evacuation Pause) 204M->116M(256M) 4.874ms
[2021-05-11T02:21:10.049+0000][8][gc,cpu      ] GC(55) User=0.02s Sys=0.00s Real=0.00s
[2021-05-11T02:21:10.049+0000][8][gc          ] GC(56) Concurrent Cycle
[2021-05-11T02:21:10.049+0000][8][safepoint   ] Safepoint "G1CollectForAllocation", Time since last: 5031812597 ns, Reaching safepoint: 70828 ns, At safepoint: 4958094 ns, Total: 5028922 ns
[2021-05-11T02:21:10.049+0000][8][gc,marking  ] GC(56) Concurrent Clear Claimed Marks
[2021-05-11T02:21:10.049+0000][8][gc,marking  ] GC(56) Concurrent Clear Claimed Marks 0.071ms
[2021-05-11T02:21:10.049+0000][8][gc,marking  ] GC(56) Concurrent Scan Root Regions
[2021-05-11T02:21:10.052+0000][8][gc,marking  ] GC(56) Concurrent Scan Root Regions 3.575ms
[2021-05-11T02:21:10.052+0000][8][gc,marking  ] GC(56) Concurrent Mark (1717.667s)
[2021-05-11T02:21:10.052+0000][8][gc,marking  ] GC(56) Concurrent Mark From Roots
[2021-05-11T02:21:10.052+0000][8][gc,task     ] GC(56) Using 2 workers of 2 for marking
[2021-05-11T02:21:10.163+0000][8][gc,marking  ] GC(56) Concurrent Mark From Roots 110.261ms
[2021-05-11T02:21:10.163+0000][8][gc,marking  ] GC(56) Concurrent Preclean
[2021-05-11T02:21:10.163+0000][8][gc,marking  ] GC(56) Concurrent Preclean 0.342ms
[2021-05-11T02:21:10.163+0000][8][gc,marking  ] GC(56) Concurrent Mark (1717.667s, 1717.777s) 110.684ms
[2021-05-11T02:21:10.163+0000][8][gc,start    ] GC(56) Pause Remark
[2021-05-11T02:21:10.171+0000][8][gc          ] GC(56) Pause Remark 116M->116M(256M) 7.303ms
[2021-05-11T02:21:10.171+0000][8][gc,cpu      ] GC(56) User=0.04s Sys=0.00s Real=0.00s
[2021-05-11T02:21:10.171+0000][8][safepoint   ] Safepoint "G1Concurrent", Time since last: 114433044 ns, Reaching safepoint: 124130 ns, At safepoint: 7427556 ns, Total: 7551686 ns
[2021-05-11T02:21:10.171+0000][8][gc,marking  ] GC(56) Concurrent Rebuild Remembered Sets
[2021-05-11T02:21:10.239+0000][8][gc,marking  ] GC(56) Concurrent Rebuild Remembered Sets 67.912ms
[2021-05-11T02:21:10.239+0000][8][gc,start    ] GC(56) Pause Cleanup
[2021-05-11T02:21:10.239+0000][8][gc          ] GC(56) Pause Cleanup 116M->116M(256M) 0.060ms
[2021-05-11T02:21:10.239+0000][8][gc,cpu      ] GC(56) User=0.00s Sys=0.00s Real=0.00s
[2021-05-11T02:21:10.239+0000][8][safepoint   ] Safepoint "G1Concurrent", Time since last: 67987489 ns, Reaching safepoint: 89817 ns, At safepoint: 93682 ns, Total: 183499 ns
[2021-05-11T02:21:10.239+0000][8][gc,marking  ] GC(56) Concurrent Cleanup for Next Mark
[2021-05-11T02:21:10.239+0000][8][gc,marking  ] GC(56) Concurrent Cleanup for Next Mark 0.171ms
[2021-05-11T02:21:10.239+0000][8][gc          ] GC(56) Concurrent Cycle 190.369ms
[2021-05-11T02:21:25.240+0000][8][safepoint   ] Safepoint "Cleanup", Time since last: 15001232175 ns, Reaching safepoint: 82432 ns, At safepoint: 3797 ns, Total: 86229 ns
[2021-05-11T02:21:26.240+0000][8][safepoint   ] Safepoint "Cleanup", Time since last: 1000093333 ns, Reaching safepoint: 108251 ns, At safepoint: 6171 ns, Total: 114422 ns
[2021-05-11T02:21:27.241+0000][8][safepoint   ] Safepoint "Cleanup", Time since last: 1000119563 ns, Reaching safepoint: 91500 ns, At safepoint: 7090 ns, Total: 98590 ns
[2021-05-11T02:21:39.242+0000][8][safepoint   ] Safepoint "Cleanup", Time since last: 12001470968 ns, Reaching safepoint: 144021 ns, At safepoint: 7223 ns, Total: 151244 ns
[2021-05-11T02:21:54.243+0000][8][safepoint   ] Safepoint "Cleanup", Time since last: 15001108433 ns, Reaching safepoint: 118930 ns, At safepoint: 4823 ns, Total: 123753 ns
[2021-05-11T02:21:55.244+0000][8][safepoint   ] Safepoint "Cleanup", Time since last: 1000090204 ns, Reaching safepoint: 78758 ns, At safepoint: 4280 ns, Total: 83038 ns
[2021-05-11T02:21:57.244+0000][8][safepoint   ] Safepoint "Cleanup", Time since last: 2000193330 ns, Reaching safepoint: 63917 ns, At safepoint: 4280 ns, Total: 68197 ns
[2021-05-11T02:21:59.244+0000][8][safepoint   ] Safepoint "Cleanup", Time since last: 2000270967 ns, Reaching safepoint: 117593 ns, At safepoint: 6890 ns, Total: 124483 ns
[2021-05-11T02:22:00.244+0000][8][safepoint   ] Safepoint "Cleanup", Time since last: 1000090753 ns, Reaching safepoint: 66748 ns, At safepoint: 4619 ns, Total: 71367 ns
[2021-05-11T02:22:09.245+0000][8][safepoint   ] Safepoint "Cleanup", Time since last: 9000575074 ns, Reaching safepoint: 83837 ns, At safepoint: 5919 ns, Total: 89756 ns
[2021-05-11T02:22:21.246+0000][8][safepoint   ] Safepoint "Cleanup", Time since last: 12000952598 ns, Reaching safepoint: 89367 ns, At safepoint: 6124 ns, Total: 95491 ns
[2021-05-11T02:22:25.246+0000][8][safepoint   ] Safepoint "Cleanup", Time since last: 4000286138 ns, Reaching safepoint: 110173 ns, At safepoint: 6756 ns, Total: 116929 ns
[2021-05-11T02:22:27.247+0000][8][safepoint   ] Safepoint "Cleanup", Time since last: 2000156270 ns, Reaching safepoint: 85477 ns, At safepoint: 5304 ns, Total: 90781 ns
[2021-05-11T02:22:30.247+0000][8][safepoint   ] Safepoint "Cleanup", Time since last: 3000401267 ns, Reaching safepoint: 89746 ns, At safepoint: 6206 ns, Total: 95952 ns
[2021-05-11T02:22:31.247+0000][8][safepoint   ] Safepoint "Cleanup", Time since last: 1000100452 ns, Reaching safepoint: 70778 ns, At safepoint: 4170 ns, Total: 74948 ns
[2021-05-11T02:22:36.248+0000][8][safepoint   ] Safepoint "Cleanup", Time since last: 5000557192 ns, Reaching safepoint: 76923 ns, At safepoint: 5833 ns, Total: 82756 ns
[2021-05-11T02:22:50.249+0000][8][safepoint   ] Safepoint "Cleanup", Time since last: 14000909261 ns, Reaching safepoint: 152039 ns, At safepoint: 6309 ns, Total: 158348 ns
[2021-05-11T02:22:51.249+0000][8][safepoint   ] Safepoint "Cleanup", Time since last: 1000230006 ns, Reaching safepoint: 73698 ns, At safepoint: 6187 ns, Total: 79885 ns
[2021-05-11T02:22:52.250+0000][8][safepoint   ] Safepoint "Cleanup", Time since last: 1000128194 ns, Reaching safepoint: 70638 ns, At safepoint: 4560 ns, Total: 75198 ns
[2021-05-11T02:22:54.023+0000][8][gc,start    ] GC(57) Pause Young (Normal) (G1 Evacuation Pause)
[2021-05-11T02:22:54.023+0000][8][gc,task     ] GC(57) Using 6 workers of 8 for evacuation
[2021-05-11T02:22:54.023+0000][8][gc,age      ] GC(57) Desired survivor size 6291456 bytes, new threshold 15 (max threshold 15)
[2021-05-11T02:22:54.028+0000][8][gc,age      ] GC(57) Age table with threshold 15 (max threshold 15)
[2021-05-11T02:22:54.028+0000][8][gc,age      ] GC(57) - age   1:     821760 bytes,     821760 total
[2021-05-11T02:22:54.028+0000][8][gc,age      ] GC(57) - age   2:       2248 bytes,     824008 total
[2021-05-11T02:22:54.028+0000][8][gc,age      ] GC(57) - age   3:      42104 bytes,     866112 total
[2021-05-11T02:22:54.028+0000][8][gc,age      ] GC(57) - age   4:       6272 bytes,     872384 total
[2021-05-11T02:22:54.028+0000][8][gc,age      ] GC(57) - age   5:     297824 bytes,    1170208 total
[2021-05-11T02:22:54.028+0000][8][gc,age      ] GC(57) - age   6:       2264 bytes,    1172472 total
[2021-05-11T02:22:54.028+0000][8][gc,age      ] GC(57) - age   7:       4824 bytes,    1177296 total
[2021-05-11T02:22:54.028+0000][8][gc,age      ] GC(57) - age   8:      12008 bytes,    1189304 total
[2021-05-11T02:22:54.028+0000][8][gc,age      ] GC(57) - age   9:       7960 bytes,    1197264 total
[2021-05-11T02:22:54.028+0000][8][gc,age      ] GC(57) - age  10:      77768 bytes,    1275032 total
[2021-05-11T02:22:54.028+0000][8][gc,age      ] GC(57) - age  11:      23856 bytes,    1298888 total
[2021-05-11T02:22:54.028+0000][8][gc,age      ] GC(57) - age  12:      11456 bytes,    1310344 total
[2021-05-11T02:22:54.028+0000][8][gc,age      ] GC(57) - age  13:    1022232 bytes,    2332576 total
[2021-05-11T02:22:54.028+0000][8][gc,age      ] GC(57) - age  14:     545640 bytes,    2878216 total
[2021-05-11T02:22:54.028+0000][8][gc,age      ] GC(57) - age  15:      23152 bytes,    2901368 total
[2021-05-11T02:22:54.028+0000][8][gc,phases   ] GC(57)   Pre Evacuate Collection Set: 0.0ms
[2021-05-11T02:22:54.028+0000][8][gc,phases   ] GC(57)   Merge Heap Roots: 0.0ms
[2021-05-11T02:22:54.028+0000][8][gc,phases   ] GC(57)   Evacuate Collection Set: 3.8ms
[2021-05-11T02:22:54.028+0000][8][gc,phases   ] GC(57)   Post Evacuate Collection Set: 0.6ms
[2021-05-11T02:22:54.028+0000][8][gc,phases   ] GC(57)   Other: 0.2ms
[2021-05-11T02:22:54.028+0000][8][gc,heap     ] GC(57) Eden regions: 22->0(22)
[2021-05-11T02:22:54.028+0000][8][gc,heap     ] GC(57) Survivor regions: 1->1(3)
[2021-05-11T02:22:54.028+0000][8][gc,heap     ] GC(57) Old regions: 26->26
[2021-05-11T02:22:54.028+0000][8][gc,heap     ] GC(57) Archive regions: 2->2
[2021-05-11T02:22:54.028+0000][8][gc,heap     ] GC(57) Humongous regions: 2->2
[2021-05-11T02:22:54.028+0000][8][gc,metaspace] GC(57) Metaspace: 106133K(110704K)->106133K(110704K) NonClass: 92248K(95472K)->92248K(95472K) Class: 13884K(15232K)->13884K(15232K)
[2021-05-11T02:22:54.028+0000][8][gc          ] GC(57) Pause Young (Normal) (G1 Evacuation Pause) 204M->116M(256M) 4.759ms
[2021-05-11T02:22:54.028+0000][8][gc,cpu      ] GC(57) User=0.02s Sys=0.00s Real=0.00s
[2021-05-11T02:22:54.028+0000][8][safepoint   ] Safepoint "G1CollectForAllocation", Time since last: 1773377459 ns, Reaching safepoint: 68184 ns, At safepoint: 4819510 ns, Total: 4887694 ns
[2021-05-11T02:22:55.028+0000][8][safepoint   ] Safepoint "Cleanup", Time since last: 1000124364 ns, Reaching safepoint: 74518 ns, At safepoint: 5117 ns, Total: 79635 ns
[2021-05-11T02:22:57.028+0000][8][safepoint   ] Safepoint "Cleanup", Time since last: 2000202291 ns, Reaching safepoint: 79485 ns, At safepoint: 4648 ns, Total: 84133 ns
[2021-05-11T02:23:15.900+0000][8][safepoint   ] Safepoint "Cleanup", Time since last: 18871555483 ns, Reaching safepoint: 111670 ns, At safepoint: 5363 ns, Total: 117033 ns
[2021-05-11T02:23:22.901+0000][8][safepoint   ] Safepoint "Cleanup", Time since last: 7000606899 ns, Reaching safepoint: 93508 ns, At safepoint: 7411 ns, Total: 100919 ns
[2021-05-11T02:23:25.901+0000][8][safepoint   ] Safepoint "Cleanup", Time since last: 3000265305 ns, Reaching safepoint: 70132 ns, At safepoint: 3618 ns, Total: 73750 ns
[2021-05-11T02:23:42.903+0000][8][safepoint   ] Safepoint "Cleanup", Time since last: 17001419739 ns, Reaching safepoint: 76003 ns, At safepoint: 5297 ns, Total: 81300 ns
[2021-05-11T02:23:43.903+0000][8][safepoint   ] Safepoint "Cleanup", Time since last: 1000095711 ns, Reaching safepoint: 78715 ns, At safepoint: 5694 ns, Total: 84409 ns
[2021-05-11T02:23:47.903+0000][8][safepoint   ] Safepoint "Cleanup", Time since last: 4000329043 ns, Reaching safepoint: 85980 ns, At safepoint: 5196 ns, Total: 91176 ns
[2021-05-11T02:23:56.904+0000][8][safepoint   ] Safepoint "Cleanup", Time since last: 9000805704 ns, Reaching safepoint: 79409 ns, At safepoint: 8708 ns, Total: 88117 ns
[2021-05-11T02:23:58.904+0000][8][safepoint   ] Safepoint "Cleanup", Time since last: 2000274293 ns, Reaching safepoint: 94540 ns, At safepoint: 9265 ns, Total: 103805 ns
[2021-05-11T02:24:25.907+0000][8][safepoint   ] Safepoint "Cleanup", Time since last: 27002035657 ns, Reaching safepoint: 133071 ns, At safepoint: 7786 ns, Total: 140857 ns
[2021-05-11T02:24:26.907+0000][8][safepoint   ] Safepoint "Cleanup", Time since last: 1000152851 ns, Reaching safepoint: 70534 ns, At safepoint: 4170 ns, Total: 74704 ns
[2021-05-11T02:24:34.908+0000][8][safepoint   ] Safepoint "Cleanup", Time since last: 8000758812 ns, Reaching safepoint: 74091 ns, At safepoint: 4257 ns, Total: 78348 ns
[2021-05-11T02:24:47.909+0000][8][safepoint   ] Safepoint "Cleanup", Time since last: 13001152076 ns, Reaching safepoint: 95779 ns, At safepoint: 4908 ns, Total: 100687 ns
[2021-05-11T02:24:49.909+0000][8][safepoint   ] Safepoint "Cleanup", Time since last: 2000229478 ns, Reaching safepoint: 130458 ns, At safepoint: 6570 ns, Total: 137028 ns
[2021-05-11T02:24:53.664+0000][8][safepoint   ] Safepoint "Cleanup", Time since last: 3754751049 ns, Reaching safepoint: 194536 ns, At safepoint: 6215 ns, Total: 200751 ns
[2021-05-11T02:24:54.665+0000][8][safepoint   ] Safepoint "Cleanup", Time since last: 1000215636 ns, Reaching safepoint: 75448 ns, At safepoint: 4678 ns, Total: 80126 ns
[2021-05-11T02:24:57.115+0000][8][safepoint   ] Safepoint "Cleanup", Time since last: 2450121423 ns, Reaching safepoint: 105873 ns, At safepoint: 5364 ns, Total: 111237 ns
[2021-05-11T02:25:05.138+0000][8][gc,start    ] GC(58) Pause Young (Concurrent Start) (G1 Evacuation Pause)
[2021-05-11T02:25:05.138+0000][8][gc,task     ] GC(58) Using 6 workers of 8 for evacuation
[2021-05-11T02:25:05.138+0000][8][gc,age      ] GC(58) Desired survivor size 6291456 bytes, new threshold 15 (max threshold 15)
[2021-05-11T02:25:05.142+0000][8][gc,age      ] GC(58) Age table with threshold 15 (max threshold 15)
[2021-05-11T02:25:05.142+0000][8][gc,age      ] GC(58) - age   1:     515248 bytes,     515248 total
[2021-05-11T02:25:05.142+0000][8][gc,age      ] GC(58) - age   2:     306720 bytes,     821968 total
[2021-05-11T02:25:05.142+0000][8][gc,age      ] GC(58) - age   3:       2224 bytes,     824192 total
[2021-05-11T02:25:05.142+0000][8][gc,age      ] GC(58) - age   4:      42104 bytes,     866296 total
[2021-05-11T02:25:05.142+0000][8][gc,age      ] GC(58) - age   5:       6272 bytes,     872568 total
[2021-05-11T02:25:05.142+0000][8][gc,age      ] GC(58) - age   6:     297824 bytes,    1170392 total
[2021-05-11T02:25:05.142+0000][8][gc,age      ] GC(58) - age   7:       2264 bytes,    1172656 total
[2021-05-11T02:25:05.142+0000][8][gc,age      ] GC(58) - age   8:       4824 bytes,    1177480 total
[2021-05-11T02:25:05.142+0000][8][gc,age      ] GC(58) - age   9:      12008 bytes,    1189488 total
[2021-05-11T02:25:05.142+0000][8][gc,age      ] GC(58) - age  10:       7960 bytes,    1197448 total
[2021-05-11T02:25:05.142+0000][8][gc,age      ] GC(58) - age  11:      77768 bytes,    1275216 total
[2021-05-11T02:25:05.142+0000][8][gc,age      ] GC(58) - age  12:      23856 bytes,    1299072 total
[2021-05-11T02:25:05.142+0000][8][gc,age      ] GC(58) - age  13:      11456 bytes,    1310528 total
[2021-05-11T02:25:05.142+0000][8][gc,age      ] GC(58) - age  14:    1022232 bytes,    2332760 total
[2021-05-11T02:25:05.142+0000][8][gc,age      ] GC(58) - age  15:     545640 bytes,    2878400 total
[2021-05-11T02:25:05.142+0000][8][gc,phases   ] GC(58)   Pre Evacuate Collection Set: 0.1ms
[2021-05-11T02:25:05.142+0000][8][gc,phases   ] GC(58)   Merge Heap Roots: 0.1ms
[2021-05-11T02:25:05.142+0000][8][gc,phases   ] GC(58)   Evacuate Collection Set: 3.0ms
[2021-05-11T02:25:05.142+0000][8][gc,phases   ] GC(58)   Post Evacuate Collection Set: 0.5ms
[2021-05-11T02:25:05.142+0000][8][gc,phases   ] GC(58)   Other: 0.3ms
[2021-05-11T02:25:05.142+0000][8][gc,heap     ] GC(58) Eden regions: 22->0(22)
[2021-05-11T02:25:05.142+0000][8][gc,heap     ] GC(58) Survivor regions: 1->1(3)
[2021-05-11T02:25:05.142+0000][8][gc,heap     ] GC(58) Old regions: 26->26
[2021-05-11T02:25:05.142+0000][8][gc,heap     ] GC(58) Archive regions: 2->2
[2021-05-11T02:25:05.142+0000][8][gc,heap     ] GC(58) Humongous regions: 2->2
[2021-05-11T02:25:05.142+0000][8][gc,metaspace] GC(58) Metaspace: 106239K(110704K)->106239K(110704K) NonClass: 92355K(95472K)->92355K(95472K) Class: 13884K(15232K)->13884K(15232K)
[2021-05-11T02:25:05.142+0000][8][gc          ] GC(58) Pause Young (Concurrent Start) (G1 Evacuation Pause) 204M->116M(256M) 4.008ms
[2021-05-11T02:25:05.142+0000][8][gc,cpu      ] GC(58) User=0.02s Sys=0.00s Real=0.01s
[2021-05-11T02:25:05.142+0000][8][safepoint   ] Safepoint "G1CollectForAllocation", Time since last: 8023073353 ns, Reaching safepoint: 125517 ns, At safepoint: 4089806 ns, Total: 4215323 ns
[2021-05-11T02:25:05.142+0000][8][gc          ] GC(59) Concurrent Cycle
[2021-05-11T02:25:05.142+0000][8][gc,marking  ] GC(59) Concurrent Clear Claimed Marks
[2021-05-11T02:25:05.142+0000][8][gc,marking  ] GC(59) Concurrent Clear Claimed Marks 0.096ms
[2021-05-11T02:25:05.142+0000][8][gc,marking  ] GC(59) Concurrent Scan Root Regions
[2021-05-11T02:25:05.145+0000][8][gc,marking  ] GC(59) Concurrent Scan Root Regions 3.018ms
[2021-05-11T02:25:05.145+0000][8][gc,marking  ] GC(59) Concurrent Mark (1952.760s)
[2021-05-11T02:25:05.145+0000][8][gc,marking  ] GC(59) Concurrent Mark From Roots
[2021-05-11T02:25:05.145+0000][8][gc,task     ] GC(59) Using 2 workers of 2 for marking
[2021-05-11T02:25:05.232+0000][8][gc,marking  ] GC(59) Concurrent Mark From Roots 86.973ms
[2021-05-11T02:25:05.232+0000][8][gc,marking  ] GC(59) Concurrent Preclean
[2021-05-11T02:25:05.233+0000][8][gc,marking  ] GC(59) Concurrent Preclean 0.426ms
[2021-05-11T02:25:05.233+0000][8][gc,marking  ] GC(59) Concurrent Mark (1952.760s, 1952.847s) 87.484ms
[2021-05-11T02:25:05.233+0000][8][gc,start    ] GC(59) Pause Remark
[2021-05-11T02:25:05.243+0000][8][gc          ] GC(59) Pause Remark 116M->116M(256M) 10.386ms
[2021-05-11T02:25:05.243+0000][8][gc,cpu      ] GC(59) User=0.05s Sys=0.00s Real=0.01s
[2021-05-11T02:25:05.243+0000][8][safepoint   ] Safepoint "G1Concurrent", Time since last: 90729610 ns, Reaching safepoint: 97694 ns, At safepoint: 10484094 ns, Total: 10581788 ns
[2021-05-11T02:25:05.243+0000][8][gc,marking  ] GC(59) Concurrent Rebuild Remembered Sets
[2021-05-11T02:25:05.325+0000][8][gc,marking  ] GC(59) Concurrent Rebuild Remembered Sets 81.400ms
[2021-05-11T02:25:05.325+0000][8][gc,start    ] GC(59) Pause Cleanup
[2021-05-11T02:25:05.325+0000][8][gc          ] GC(59) Pause Cleanup 116M->116M(256M) 0.082ms
[2021-05-11T02:25:05.325+0000][8][gc,cpu      ] GC(59) User=0.00s Sys=0.00s Real=0.00s
[2021-05-11T02:25:05.325+0000][8][safepoint   ] Safepoint "G1Concurrent", Time since last: 81492415 ns, Reaching safepoint: 74948 ns, At safepoint: 141136 ns, Total: 216084 ns
[2021-05-11T02:25:05.325+0000][8][gc,marking  ] GC(59) Concurrent Cleanup for Next Mark
[2021-05-11T02:25:05.326+0000][8][gc,marking  ] GC(59) Concurrent Cleanup for Next Mark 0.391ms
[2021-05-11T02:25:05.326+0000][8][gc          ] GC(59) Concurrent Cycle 183.460ms
[2021-05-11T02:25:06.325+0000][8][safepoint   ] Safepoint "Cleanup", Time since last: 1000102982 ns, Reaching safepoint: 140705 ns, At safepoint: 5660 ns, Total: 146365 ns
[2021-05-11T02:25:10.326+0000][8][safepoint   ] Safepoint "Cleanup", Time since last: 4000366735 ns, Reaching safepoint: 117358 ns, At safepoint: 6406 ns, Total: 123764 ns
[2021-05-11T02:25:12.326+0000][8][safepoint   ] Safepoint "Cleanup", Time since last: 2000188333 ns, Reaching safepoint: 129673 ns, At safepoint: 5894 ns, Total: 135567 ns
[2021-05-11T02:25:15.327+0000][8][safepoint   ] Safepoint "Cleanup", Time since last: 3000410140 ns, Reaching safepoint: 105538 ns, At safepoint: 4249 ns, Total: 109787 ns
[2021-05-11T02:25:18.327+0000][8][safepoint   ] Safepoint "Cleanup", Time since last: 3000294134 ns, Reaching safepoint: 102657 ns, At safepoint: 6088 ns, Total: 108745 ns
[2021-05-11T02:25:20.328+0000][8][safepoint   ] Safepoint "Cleanup", Time since last: 2000345878 ns, Reaching safepoint: 96108 ns, At safepoint: 4020 ns, Total: 100128 ns
[2021-05-11T02:25:21.328+0000][8][safepoint   ] Safepoint "Cleanup", Time since last: 1000093709 ns, Reaching safepoint: 129502 ns, At safepoint: 7038 ns, Total: 136540 ns
[2021-05-11T02:25:23.328+0000][8][safepoint   ] Safepoint "Cleanup", Time since last: 2000205655 ns, Reaching safepoint: 80388 ns, At safepoint: 4635 ns, Total: 85023 ns
[2021-05-11T02:25:24.328+0000][8][safepoint   ] Safepoint "Cleanup", Time since last: 1000097098 ns, Reaching safepoint: 91198 ns, At safepoint: 3802 ns, Total: 95000 ns
[2021-05-11T02:25:25.328+0000][8][safepoint   ] Safepoint "Cleanup", Time since last: 1000093690 ns, Reaching safepoint: 126257 ns, At safepoint: 5477 ns, Total: 131734 ns
[2021-05-11T02:25:26.329+0000][8][safepoint   ] Safepoint "Cleanup", Time since last: 1000107922 ns, Reaching safepoint: 82564 ns, At safepoint: 5037 ns, Total: 87601 ns
[2021-05-11T02:25:27.329+0000][8][safepoint   ] Safepoint "Cleanup", Time since last: 1000090356 ns, Reaching safepoint: 149880 ns, At safepoint: 5484 ns, Total: 155364 ns
[2021-05-11T02:25:30.329+0000][8][safepoint   ] Safepoint "Cleanup", Time since last: 3000346335 ns, Reaching safepoint: 79410 ns, At safepoint: 4569 ns, Total: 83979 ns
[2021-05-11T02:25:39.330+0000][8][safepoint   ] Safepoint "Cleanup", Time since last: 9000674875 ns, Reaching safepoint: 148997 ns, At safepoint: 7780 ns, Total: 156777 ns
[2021-05-11T02:25:42.331+0000][8][safepoint   ] Safepoint "Cleanup", Time since last: 3000257962 ns, Reaching safepoint: 93778 ns, At safepoint: 6884 ns, Total: 100662 ns
[2021-05-11T02:25:43.331+0000][8][safepoint   ] Safepoint "Cleanup", Time since last: 1000122840 ns, Reaching safepoint: 87981 ns, At safepoint: 6049 ns, Total: 94030 ns
[2021-05-11T02:25:50.332+0000][8][safepoint   ] Safepoint "Cleanup", Time since last: 7000726892 ns, Reaching safepoint: 104092 ns, At safepoint: 5428 ns, Total: 109520 ns
[2021-05-11T02:25:54.332+0000][8][safepoint   ] Safepoint "Cleanup", Time since last: 4000338148 ns, Reaching safepoint: 174436 ns, At safepoint: 6013 ns, Total: 180449 ns
[2021-05-11T02:25:55.332+0000][8][safepoint   ] Safepoint "Cleanup", Time since last: 1000109949 ns, Reaching safepoint: 94277 ns, At safepoint: 8164 ns, Total: 102441 ns
[2021-05-11T02:25:56.333+0000][8][safepoint   ] Safepoint "Cleanup", Time since last: 1000065784 ns, Reaching safepoint: 117541 ns, At safepoint: 5052 ns, Total: 122593 ns
[2021-05-11T02:25:57.333+0000][8][safepoint   ] Safepoint "Cleanup", Time since last: 1000110451 ns, Reaching safepoint: 117004 ns, At safepoint: 6501 ns, Total: 123505 ns
[2021-05-11T02:26:00.333+0000][8][safepoint   ] Safepoint "Cleanup", Time since last: 3000335117 ns, Reaching safepoint: 67136 ns, At safepoint: 5368 ns, Total: 72504 ns
[2021-05-11T02:26:20.335+0000][8][safepoint   ] Safepoint "Cleanup", Time since last: 20001493139 ns, Reaching safepoint: 65542 ns, At safepoint: 4596 ns, Total: 70138 ns
[2021-05-11T02:26:25.335+0000][8][safepoint   ] Safepoint "Cleanup", Time since last: 5000395420 ns, Reaching safepoint: 110754 ns, At safepoint: 4973 ns, Total: 115727 ns
[2021-05-11T02:26:27.336+0000][8][safepoint   ] Safepoint "Cleanup", Time since last: 2000215829 ns, Reaching safepoint: 111007 ns, At safepoint: 8424 ns, Total: 119431 ns
[2021-05-11T02:26:28.336+0000][8][safepoint   ] Safepoint "Cleanup", Time since last: 1000198137 ns, Reaching safepoint: 74520 ns, At safepoint: 5201 ns, Total: 79721 ns
[2021-05-11T02:26:33.336+0000][8][safepoint   ] Safepoint "Cleanup", Time since last: 5000444092 ns, Reaching safepoint: 75123 ns, At safepoint: 5735 ns, Total: 80858 ns
[2021-05-11T02:26:35.337+0000][8][safepoint   ] Safepoint "Cleanup", Time since last: 2000162424 ns, Reaching safepoint: 80997 ns, At safepoint: 3642 ns, Total: 84639 ns
[2021-05-11T02:26:49.338+0000][8][safepoint   ] Safepoint "Cleanup", Time since last: 14001633663 ns, Reaching safepoint: 151530 ns, At safepoint: 4717 ns, Total: 156247 ns
[2021-05-11T02:26:52.339+0000][8][safepoint   ] Safepoint "Cleanup", Time since last: 3000254682 ns, Reaching safepoint: 114901 ns, At safepoint: 4964 ns, Total: 119865 ns
[2021-05-11T02:26:54.339+0000][8][safepoint   ] Safepoint "Cleanup", Time since last: 2000264805 ns, Reaching safepoint: 115572 ns, At safepoint: 5713 ns, Total: 121285 ns
[2021-05-11T02:26:57.340+0000][8][safepoint   ] Safepoint "Cleanup", Time since last: 3000566243 ns, Reaching safepoint: 129060 ns, At safepoint: 6309 ns, Total: 135369 ns
[2021-05-11T02:27:00.340+0000][8][safepoint   ] Safepoint "Cleanup", Time since last: 3000398402 ns, Reaching safepoint: 92180 ns, At safepoint: 4937 ns, Total: 97117 ns
[2021-05-11T02:27:11.342+0000][8][safepoint   ] Safepoint "Cleanup", Time since last: 11000999944 ns, Reaching safepoint: 144586 ns, At safepoint: 6504 ns, Total: 151090 ns
[2021-05-11T02:27:15.342+0000][8][safepoint   ] Safepoint "Cleanup", Time since last: 4000355809 ns, Reaching safepoint: 126593 ns, At safepoint: 7563 ns, Total: 134156 ns
[2021-05-11T02:27:20.343+0000][8][safepoint   ] Safepoint "Cleanup", Time since last: 5000428792 ns, Reaching safepoint: 108905 ns, At safepoint: 7257 ns, Total: 116162 ns
[2021-05-11T02:27:25.343+0000][8][safepoint   ] Safepoint "Cleanup", Time since last: 5000503057 ns, Reaching safepoint: 88496 ns, At safepoint: 7040 ns, Total: 95536 ns
[2021-05-11T02:27:26.343+0000][8][safepoint   ] Safepoint "Cleanup", Time since last: 1000120783 ns, Reaching safepoint: 77477 ns, At safepoint: 7268 ns, Total: 84745 ns
[2021-05-11T02:27:26.753+0000][8][gc,start    ] GC(60) Pause Young (Normal) (G1 Evacuation Pause)
[2021-05-11T02:27:26.753+0000][8][gc,task     ] GC(60) Using 6 workers of 8 for evacuation
[2021-05-11T02:27:26.753+0000][8][gc,age      ] GC(60) Desired survivor size 6291456 bytes, new threshold 15 (max threshold 15)
[2021-05-11T02:27:26.757+0000][8][gc,age      ] GC(60) Age table with threshold 15 (max threshold 15)
[2021-05-11T02:27:26.758+0000][8][gc,age      ] GC(60) - age   1:     425984 bytes,     425984 total
[2021-05-11T02:27:26.758+0000][8][gc,age      ] GC(60) - age   2:       4064 bytes,     430048 total
[2021-05-11T02:27:26.758+0000][8][gc,age      ] GC(60) - age   3:     185184 bytes,     615232 total
[2021-05-11T02:27:26.758+0000][8][gc,age      ] GC(60) - age   4:       2224 bytes,     617456 total
[2021-05-11T02:27:26.758+0000][8][gc,age      ] GC(60) - age   5:      42008 bytes,     659464 total
[2021-05-11T02:27:26.758+0000][8][gc,age      ] GC(60) - age   6:       6272 bytes,     665736 total
[2021-05-11T02:27:26.758+0000][8][gc,age      ] GC(60) - age   7:     297824 bytes,     963560 total
[2021-05-11T02:27:26.758+0000][8][gc,age      ] GC(60) - age   8:       2264 bytes,     965824 total
[2021-05-11T02:27:26.758+0000][8][gc,age      ] GC(60) - age   9:       4824 bytes,     970648 total
[2021-05-11T02:27:26.758+0000][8][gc,age      ] GC(60) - age  10:      12008 bytes,     982656 total
[2021-05-11T02:27:26.758+0000][8][gc,age      ] GC(60) - age  11:       7960 bytes,     990616 total
[2021-05-11T02:27:26.758+0000][8][gc,age      ] GC(60) - age  12:      77568 bytes,    1068184 total
[2021-05-11T02:27:26.758+0000][8][gc,age      ] GC(60) - age  13:      23856 bytes,    1092040 total
[2021-05-11T02:27:26.758+0000][8][gc,age      ] GC(60) - age  14:      11456 bytes,    1103496 total
[2021-05-11T02:27:26.758+0000][8][gc,age      ] GC(60) - age  15:    1022232 bytes,    2125728 total
[2021-05-11T02:27:26.758+0000][8][gc,phases   ] GC(60)   Pre Evacuate Collection Set: 0.1ms
[2021-05-11T02:27:26.758+0000][8][gc,phases   ] GC(60)   Merge Heap Roots: 0.1ms
[2021-05-11T02:27:26.758+0000][8][gc,phases   ] GC(60)   Evacuate Collection Set: 3.8ms
[2021-05-11T02:27:26.758+0000][8][gc,phases   ] GC(60)   Post Evacuate Collection Set: 0.5ms
[2021-05-11T02:27:26.758+0000][8][gc,phases   ] GC(60)   Other: 0.2ms
[2021-05-11T02:27:26.758+0000][8][gc,heap     ] GC(60) Eden regions: 22->0(22)
[2021-05-11T02:27:26.758+0000][8][gc,heap     ] GC(60) Survivor regions: 1->1(3)
[2021-05-11T02:27:26.758+0000][8][gc,heap     ] GC(60) Old regions: 26->26
[2021-05-11T02:27:26.758+0000][8][gc,heap     ] GC(60) Archive regions: 2->2
[2021-05-11T02:27:26.758+0000][8][gc,heap     ] GC(60) Humongous regions: 2->2
[2021-05-11T02:27:26.758+0000][8][gc,metaspace] GC(60) Metaspace: 106420K(110960K)->106420K(110960K) NonClass: 92534K(95728K)->92534K(95728K) Class: 13885K(15232K)->13885K(15232K)
[2021-05-11T02:27:26.758+0000][8][gc          ] GC(60) Pause Young (Normal) (G1 Evacuation Pause) 204M->115M(256M) 4.710ms
[2021-05-11T02:27:26.758+0000][8][gc,cpu      ] GC(60) User=0.01s Sys=0.00s Real=0.00s
[2021-05-11T02:27:26.758+0000][8][safepoint   ] Safepoint "G1CollectForAllocation", Time since last: 409426547 ns, Reaching safepoint: 157132 ns, At safepoint: 4790645 ns, Total: 4947777 ns
[2021-05-11T02:27:35.766+0000][8][safepoint   ] Safepoint "Cleanup", Time since last: 9007857695 ns, Reaching safepoint: 75097 ns, At safepoint: 4284 ns, Total: 79381 ns
[2021-05-11T02:27:46.767+0000][8][safepoint   ] Safepoint "Cleanup", Time since last: 11000851306 ns, Reaching safepoint: 100848 ns, At safepoint: 5702 ns, Total: 106550 ns
[2021-05-11T02:27:49.767+0000][8][safepoint   ] Safepoint "Cleanup", Time since last: 3000282215 ns, Reaching safepoint: 111444 ns, At safepoint: 7067 ns, Total: 118511 ns
[2021-05-11T02:27:53.767+0000][8][safepoint   ] Safepoint "Cleanup", Time since last: 4000316090 ns, Reaching safepoint: 82097 ns, At safepoint: 4938 ns, Total: 87035 ns
[2021-05-11T02:27:54.768+0000][8][safepoint   ] Safepoint "Cleanup", Time since last: 1000089442 ns, Reaching safepoint: 78845 ns, At safepoint: 6721 ns, Total: 85566 ns
[2021-05-11T02:27:56.768+0000][8][safepoint   ] Safepoint "Cleanup", Time since last: 2000214316 ns, Reaching safepoint: 66445 ns, At safepoint: 4740 ns, Total: 71185 ns
[2021-05-11T02:27:59.768+0000][8][safepoint   ] Safepoint "Cleanup", Time since last: 3000311540 ns, Reaching safepoint: 69365 ns, At safepoint: 4202 ns, Total: 73567 ns
[2021-05-11T02:28:15.769+0000][8][safepoint   ] Safepoint "Cleanup", Time since last: 16001104868 ns, Reaching safepoint: 91673 ns, At safepoint: 7334 ns, Total: 99007 ns
[2021-05-11T02:28:17.770+0000][8][safepoint   ] Safepoint "Cleanup", Time since last: 2000168475 ns, Reaching safepoint: 86507 ns, At safepoint: 6288 ns, Total: 92795 ns
[2021-05-11T02:28:23.771+0000][8][safepoint   ] Safepoint "Cleanup", Time since last: 6000791571 ns, Reaching safepoint: 116442 ns, At safepoint: 5106 ns, Total: 121548 ns
[2021-05-11T02:28:25.771+0000][8][safepoint   ] Safepoint "Cleanup", Time since last: 2000474274 ns, Reaching safepoint: 76099 ns, At safepoint: 5017 ns, Total: 81116 ns
[2021-05-11T02:28:30.772+0000][8][safepoint   ] Safepoint "Cleanup", Time since last: 5000460641 ns, Reaching safepoint: 93730 ns, At safepoint: 7858 ns, Total: 101588 ns
[2021-05-11T02:28:50.774+0000][8][safepoint   ] Safepoint "Cleanup", Time since last: 20001739620 ns, Reaching safepoint: 85607 ns, At safepoint: 5935 ns, Total: 91542 ns
[2021-05-11T02:28:53.774+0000][8][safepoint   ] Safepoint "Cleanup", Time since last: 3000224721 ns, Reaching safepoint: 67933 ns, At safepoint: 5504 ns, Total: 73437 ns
[2021-05-11T02:28:56.774+0000][8][safepoint   ] Safepoint "Cleanup", Time since last: 3000262146 ns, Reaching safepoint: 74694 ns, At safepoint: 6671 ns, Total: 81365 ns
[2021-05-11T02:29:03.775+0000][8][safepoint   ] Safepoint "Cleanup", Time since last: 7000681720 ns, Reaching safepoint: 113816 ns, At safepoint: 5573 ns, Total: 119389 ns
[2021-05-11T02:29:05.775+0000][8][safepoint   ] Safepoint "Cleanup", Time since last: 2000153185 ns, Reaching safepoint: 140797 ns, At safepoint: 6525 ns, Total: 147322 ns
[2021-05-11T02:29:08.776+0000][8][safepoint   ] Safepoint "Cleanup", Time since last: 3000429254 ns, Reaching safepoint: 72478 ns, At safepoint: 4948 ns, Total: 77426 ns
[2021-05-11T02:29:26.777+0000][8][safepoint   ] Safepoint "Cleanup", Time since last: 18001349314 ns, Reaching safepoint: 75801 ns, At safepoint: 4419 ns, Total: 80220 ns
[2021-05-11T02:29:30.778+0000][8][safepoint   ] Safepoint "Cleanup", Time since last: 4000385752 ns, Reaching safepoint: 81866 ns, At safepoint: 5568 ns, Total: 87434 ns
[2021-05-11T02:29:35.247+0000][8][gc,start    ] GC(61) Pause Young (Concurrent Start) (G1 Evacuation Pause)
[2021-05-11T02:29:35.247+0000][8][gc,task     ] GC(61) Using 6 workers of 8 for evacuation
[2021-05-11T02:29:35.247+0000][8][gc,age      ] GC(61) Desired survivor size 6291456 bytes, new threshold 15 (max threshold 15)
[2021-05-11T02:29:35.250+0000][8][gc,age      ] GC(61) Age table with threshold 15 (max threshold 15)
[2021-05-11T02:29:35.250+0000][8][gc,age      ] GC(61) - age   1:     519432 bytes,     519432 total
[2021-05-11T02:29:35.250+0000][8][gc,age      ] GC(61) - age   2:      10320 bytes,     529752 total
[2021-05-11T02:29:35.250+0000][8][gc,age      ] GC(61) - age   3:       3952 bytes,     533704 total
[2021-05-11T02:29:35.250+0000][8][gc,age      ] GC(61) - age   4:     184992 bytes,     718696 total
[2021-05-11T02:29:35.250+0000][8][gc,age      ] GC(61) - age   5:       2224 bytes,     720920 total
[2021-05-11T02:29:35.250+0000][8][gc,age      ] GC(61) - age   6:      42008 bytes,     762928 total
[2021-05-11T02:29:35.250+0000][8][gc,age      ] GC(61) - age   7:       6272 bytes,     769200 total
[2021-05-11T02:29:35.250+0000][8][gc,age      ] GC(61) - age   8:     297824 bytes,    1067024 total
[2021-05-11T02:29:35.250+0000][8][gc,age      ] GC(61) - age   9:       2264 bytes,    1069288 total
[2021-05-11T02:29:35.250+0000][8][gc,age      ] GC(61) - age  10:       4824 bytes,    1074112 total
[2021-05-11T02:29:35.250+0000][8][gc,age      ] GC(61) - age  11:      12008 bytes,    1086120 total
[2021-05-11T02:29:35.250+0000][8][gc,age      ] GC(61) - age  12:       7960 bytes,    1094080 total
[2021-05-11T02:29:35.250+0000][8][gc,age      ] GC(61) - age  13:      77568 bytes,    1171648 total
[2021-05-11T02:29:35.250+0000][8][gc,age      ] GC(61) - age  14:      23856 bytes,    1195504 total
[2021-05-11T02:29:35.250+0000][8][gc,age      ] GC(61) - age  15:      11456 bytes,    1206960 total
[2021-05-11T02:29:35.250+0000][8][gc,phases   ] GC(61)   Pre Evacuate Collection Set: 0.1ms
[2021-05-11T02:29:35.250+0000][8][gc,phases   ] GC(61)   Merge Heap Roots: 0.0ms
[2021-05-11T02:29:35.250+0000][8][gc,phases   ] GC(61)   Evacuate Collection Set: 2.4ms
[2021-05-11T02:29:35.250+0000][8][gc,phases   ] GC(61)   Post Evacuate Collection Set: 0.5ms
[2021-05-11T02:29:35.250+0000][8][gc,phases   ] GC(61)   Other: 0.2ms
[2021-05-11T02:29:35.250+0000][8][gc,heap     ] GC(61) Eden regions: 22->0(22)
[2021-05-11T02:29:35.250+0000][8][gc,heap     ] GC(61) Survivor regions: 1->1(3)
[2021-05-11T02:29:35.250+0000][8][gc,heap     ] GC(61) Old regions: 26->26
[2021-05-11T02:29:35.250+0000][8][gc,heap     ] GC(61) Archive regions: 2->2
[2021-05-11T02:29:35.250+0000][8][gc,heap     ] GC(61) Humongous regions: 2->2
[2021-05-11T02:29:35.250+0000][8][gc,metaspace] GC(61) Metaspace: 106467K(110960K)->106467K(110960K) NonClass: 92582K(95728K)->92582K(95728K) Class: 13885K(15232K)->13885K(15232K)
[2021-05-11T02:29:35.250+0000][8][gc          ] GC(61) Pause Young (Concurrent Start) (G1 Evacuation Pause) 203M->115M(256M) 3.314ms
[2021-05-11T02:29:35.250+0000][8][gc,cpu      ] GC(61) User=0.01s Sys=0.00s Real=0.00s
[2021-05-11T02:29:35.250+0000][8][gc          ] GC(62) Concurrent Cycle
[2021-05-11T02:29:35.250+0000][8][safepoint   ] Safepoint "G1CollectForAllocation", Time since last: 4469037345 ns, Reaching safepoint: 81605 ns, At safepoint: 3378581 ns, Total: 3460186 ns
[2021-05-11T02:29:35.250+0000][8][gc,marking  ] GC(62) Concurrent Clear Claimed Marks
[2021-05-11T02:29:35.250+0000][8][gc,marking  ] GC(62) Concurrent Clear Claimed Marks 0.060ms
[2021-05-11T02:29:35.250+0000][8][gc,marking  ] GC(62) Concurrent Scan Root Regions
[2021-05-11T02:29:35.252+0000][8][gc,marking  ] GC(62) Concurrent Scan Root Regions 1.461ms
[2021-05-11T02:29:35.252+0000][8][gc,marking  ] GC(62) Concurrent Mark (2222.866s)
[2021-05-11T02:29:35.252+0000][8][gc,marking  ] GC(62) Concurrent Mark From Roots
[2021-05-11T02:29:35.252+0000][8][gc,task     ] GC(62) Using 2 workers of 2 for marking
[2021-05-11T02:29:35.336+0000][8][gc,marking  ] GC(62) Concurrent Mark From Roots 83.878ms
[2021-05-11T02:29:35.336+0000][8][gc,marking  ] GC(62) Concurrent Preclean
[2021-05-11T02:29:35.336+0000][8][gc,marking  ] GC(62) Concurrent Preclean 0.219ms
[2021-05-11T02:29:35.336+0000][8][gc,marking  ] GC(62) Concurrent Mark (2222.866s, 2222.950s) 84.144ms
[2021-05-11T02:29:35.336+0000][8][gc,start    ] GC(62) Pause Remark
[2021-05-11T02:29:35.345+0000][8][gc          ] GC(62) Pause Remark 117M->117M(256M) 9.171ms
[2021-05-11T02:29:35.345+0000][8][gc,cpu      ] GC(62) User=0.05s Sys=0.00s Real=0.01s
[2021-05-11T02:29:35.345+0000][8][safepoint   ] Safepoint "G1Concurrent", Time since last: 85731434 ns, Reaching safepoint: 122986 ns, At safepoint: 9239020 ns, Total: 9362006 ns
[2021-05-11T02:29:35.345+0000][8][gc,marking  ] GC(62) Concurrent Rebuild Remembered Sets
[2021-05-11T02:29:35.404+0000][8][gc,marking  ] GC(62) Concurrent Rebuild Remembered Sets 58.432ms
[2021-05-11T02:29:35.404+0000][8][gc,start    ] GC(62) Pause Cleanup
[2021-05-11T02:29:35.404+0000][8][gc          ] GC(62) Pause Cleanup 117M->117M(256M) 0.060ms
[2021-05-11T02:29:35.404+0000][8][gc,cpu      ] GC(62) User=0.00s Sys=0.00s Real=0.00s
[2021-05-11T02:29:35.404+0000][8][safepoint   ] Safepoint "G1Concurrent", Time since last: 58546713 ns, Reaching safepoint: 80263 ns, At safepoint: 94655 ns, Total: 174918 ns
[2021-05-11T02:29:35.404+0000][8][gc,marking  ] GC(62) Concurrent Cleanup for Next Mark
[2021-05-11T02:29:35.404+0000][8][gc,marking  ] GC(62) Concurrent Cleanup for Next Mark 0.159ms
[2021-05-11T02:29:35.404+0000][8][gc          ] GC(62) Concurrent Cycle 154.051ms
[2021-05-11T02:29:36.404+0000][8][safepoint   ] Safepoint "Cleanup", Time since last: 1000071126 ns, Reaching safepoint: 83605 ns, At safepoint: 4415 ns, Total: 88020 ns
[2021-05-11T02:29:39.405+0000][8][safepoint   ] Safepoint "Cleanup", Time since last: 3000481004 ns, Reaching safepoint: 95883 ns, At safepoint: 5033 ns, Total: 100916 ns
[2021-05-11T02:29:40.405+0000][8][safepoint   ] Safepoint "Cleanup", Time since last: 1000129772 ns, Reaching safepoint: 72758 ns, At safepoint: 6613 ns, Total: 79371 ns
[2021-05-11T02:29:45.406+0000][8][safepoint   ] Safepoint "Cleanup", Time since last: 5000568981 ns, Reaching safepoint: 88290 ns, At safepoint: 4978 ns, Total: 93268 ns
[2021-05-11T02:29:48.406+0000][8][safepoint   ] Safepoint "Cleanup", Time since last: 3000295687 ns, Reaching safepoint: 104253 ns, At safepoint: 6572 ns, Total: 110825 ns
[2021-05-11T02:29:49.406+0000][8][safepoint   ] Safepoint "Cleanup", Time since last: 1000126498 ns, Reaching safepoint: 70752 ns, At safepoint: 4996 ns, Total: 75748 ns
[2021-05-11T02:29:50.407+0000][8][safepoint   ] Safepoint "Cleanup", Time since last: 1000129639 ns, Reaching safepoint: 135306 ns, At safepoint: 6490 ns, Total: 141796 ns
[2021-05-11T02:29:51.407+0000][8][safepoint   ] Safepoint "Cleanup", Time since last: 1000140330 ns, Reaching safepoint: 136491 ns, At safepoint: 9400 ns, Total: 145891 ns
[2021-05-11T02:29:54.407+0000][8][safepoint   ] Safepoint "Cleanup", Time since last: 3000237755 ns, Reaching safepoint: 122294 ns, At safepoint: 5163 ns, Total: 127457 ns
[2021-05-11T02:29:55.407+0000][8][safepoint   ] Safepoint "Cleanup", Time since last: 1000136601 ns, Reaching safepoint: 116753 ns, At safepoint: 7102 ns, Total: 123855 ns
[2021-05-11T02:29:56.408+0000][8][safepoint   ] Safepoint "Cleanup", Time since last: 1000097175 ns, Reaching safepoint: 76541 ns, At safepoint: 5400 ns, Total: 81941 ns
[2021-05-11T02:29:57.408+0000][8][safepoint   ] Safepoint "Cleanup", Time since last: 1000113308 ns, Reaching safepoint: 138072 ns, At safepoint: 5898 ns, Total: 143970 ns
[2021-05-11T02:30:05.409+0000][8][safepoint   ] Safepoint "Cleanup", Time since last: 8000892039 ns, Reaching safepoint: 80388 ns, At safepoint: 6223 ns, Total: 86611 ns
[2021-05-11T02:30:20.410+0000][8][safepoint   ] Safepoint "Cleanup", Time since last: 15000969343 ns, Reaching safepoint: 81199 ns, At safepoint: 5197 ns, Total: 86396 ns
[2021-05-11T02:30:25.411+0000][8][safepoint   ] Safepoint "Cleanup", Time since last: 5000494219 ns, Reaching safepoint: 93705 ns, At safepoint: 5229 ns, Total: 98934 ns
[2021-05-11T02:30:27.411+0000][8][safepoint   ] Safepoint "Cleanup", Time since last: 2000161106 ns, Reaching safepoint: 91351 ns, At safepoint: 3216 ns, Total: 94567 ns
[2021-05-11T02:30:30.411+0000][8][safepoint   ] Safepoint "Cleanup", Time since last: 3000352850 ns, Reaching safepoint: 66506 ns, At safepoint: 4474 ns, Total: 70980 ns
[2021-05-11T02:30:49.413+0000][8][safepoint   ] Safepoint "Cleanup", Time since last: 19001421128 ns, Reaching safepoint: 105753 ns, At safepoint: 6827 ns, Total: 112580 ns
[2021-05-11T02:30:50.413+0000][8][safepoint   ] Safepoint "Cleanup", Time since last: 1000089673 ns, Reaching safepoint: 79617 ns, At safepoint: 5055 ns, Total: 84672 ns
[2021-05-11T02:30:57.414+0000][8][safepoint   ] Safepoint "Cleanup", Time since last: 7000599384 ns, Reaching safepoint: 69560 ns, At safepoint: 6134 ns, Total: 75694 ns
[2021-05-11T02:31:05.414+0000][8][safepoint   ] Safepoint "Cleanup", Time since last: 8000726654 ns, Reaching safepoint: 102579 ns, At safepoint: 6938 ns, Total: 109517 ns
[2021-05-11T02:31:25.416+0000][8][safepoint   ] Safepoint "Cleanup", Time since last: 20001530148 ns, Reaching safepoint: 81216 ns, At safepoint: 5036 ns, Total: 86252 ns
[2021-05-11T02:31:27.416+0000][8][safepoint   ] Safepoint "Cleanup", Time since last: 2000183540 ns, Reaching safepoint: 105897 ns, At safepoint: 4529 ns, Total: 110426 ns
[2021-05-11T02:31:30.417+0000][8][safepoint   ] Safepoint "Cleanup", Time since last: 3000460346 ns, Reaching safepoint: 122632 ns, At safepoint: 7237 ns, Total: 129869 ns
[2021-05-11T02:31:50.420+0000][8][safepoint   ] Safepoint "Cleanup", Time since last: 20002890591 ns, Reaching safepoint: 97102 ns, At safepoint: 6369 ns, Total: 103471 ns
[2021-05-11T02:31:54.420+0000][8][safepoint   ] Safepoint "Cleanup", Time since last: 4000367474 ns, Reaching safepoint: 71171 ns, At safepoint: 3916 ns, Total: 75087 ns
[2021-05-11T02:31:55.304+0000][8][gc,start    ] GC(63) Pause Young (Normal) (G1 Evacuation Pause)
[2021-05-11T02:31:55.304+0000][8][gc,task     ] GC(63) Using 6 workers of 8 for evacuation
[2021-05-11T02:31:55.304+0000][8][gc,age      ] GC(63) Desired survivor size 6291456 bytes, new threshold 15 (max threshold 15)
[2021-05-11T02:31:55.308+0000][8][gc,age      ] GC(63) Age table with threshold 15 (max threshold 15)
[2021-05-11T02:31:55.308+0000][8][gc,age      ] GC(63) - age   1:     514648 bytes,     514648 total
[2021-05-11T02:31:55.308+0000][8][gc,age      ] GC(63) - age   2:       4424 bytes,     519072 total
[2021-05-11T02:31:55.308+0000][8][gc,age      ] GC(63) - age   3:       9944 bytes,     529016 total
[2021-05-11T02:31:55.308+0000][8][gc,age      ] GC(63) - age   4:       3952 bytes,     532968 total
[2021-05-11T02:31:55.308+0000][8][gc,age      ] GC(63) - age   5:     184792 bytes,     717760 total
[2021-05-11T02:31:55.308+0000][8][gc,age      ] GC(63) - age   6:       2224 bytes,     719984 total
[2021-05-11T02:31:55.308+0000][8][gc,age      ] GC(63) - age   7:      41968 bytes,     761952 total
[2021-05-11T02:31:55.308+0000][8][gc,age      ] GC(63) - age   8:       6272 bytes,     768224 total
[2021-05-11T02:31:55.308+0000][8][gc,age      ] GC(63) - age   9:     297824 bytes,    1066048 total
[2021-05-11T02:31:55.308+0000][8][gc,age      ] GC(63) - age  10:       2264 bytes,    1068312 total
[2021-05-11T02:31:55.308+0000][8][gc,age      ] GC(63) - age  11:       4824 bytes,    1073136 total
[2021-05-11T02:31:55.308+0000][8][gc,age      ] GC(63) - age  12:      12008 bytes,    1085144 total
[2021-05-11T02:31:55.308+0000][8][gc,age      ] GC(63) - age  13:       7960 bytes,    1093104 total
[2021-05-11T02:31:55.308+0000][8][gc,age      ] GC(63) - age  14:      77568 bytes,    1170672 total
[2021-05-11T02:31:55.308+0000][8][gc,age      ] GC(63) - age  15:      23856 bytes,    1194528 total
[2021-05-11T02:31:55.308+0000][8][gc,phases   ] GC(63)   Pre Evacuate Collection Set: 0.1ms
[2021-05-11T02:31:55.308+0000][8][gc,phases   ] GC(63)   Merge Heap Roots: 0.1ms
[2021-05-11T02:31:55.308+0000][8][gc,phases   ] GC(63)   Evacuate Collection Set: 3.3ms
[2021-05-11T02:31:55.308+0000][8][gc,phases   ] GC(63)   Post Evacuate Collection Set: 0.5ms
[2021-05-11T02:31:55.308+0000][8][gc,phases   ] GC(63)   Other: 0.3ms
[2021-05-11T02:31:55.308+0000][8][gc,heap     ] GC(63) Eden regions: 22->0(22)
[2021-05-11T02:31:55.308+0000][8][gc,heap     ] GC(63) Survivor regions: 1->1(3)
[2021-05-11T02:31:55.309+0000][8][gc,heap     ] GC(63) Old regions: 26->26
[2021-05-11T02:31:55.309+0000][8][gc,heap     ] GC(63) Archive regions: 2->2
[2021-05-11T02:31:55.309+0000][8][gc,heap     ] GC(63) Humongous regions: 2->2
[2021-05-11T02:31:55.309+0000][8][gc,metaspace] GC(63) Metaspace: 106500K(110960K)->106500K(110960K) NonClass: 92616K(95728K)->92616K(95728K) Class: 13883K(15232K)->13883K(15232K)
[2021-05-11T02:31:55.309+0000][8][gc          ] GC(63) Pause Young (Normal) (G1 Evacuation Pause) 203M->115M(256M) 4.279ms
[2021-05-11T02:31:55.309+0000][8][gc,cpu      ] GC(63) User=0.01s Sys=0.00s Real=0.00s
[2021-05-11T02:31:55.309+0000][8][safepoint   ] Safepoint "G1CollectForAllocation", Time since last: 883778421 ns, Reaching safepoint: 94643 ns, At safepoint: 4376999 ns, Total: 4471642 ns
[2021-05-11T02:31:57.309+0000][8][safepoint   ] Safepoint "Cleanup", Time since last: 2000134034 ns, Reaching safepoint: 69097 ns, At safepoint: 5106 ns, Total: 74203 ns
[2021-05-11T02:32:00.309+0000][8][safepoint   ] Safepoint "Cleanup", Time since last: 3000310794 ns, Reaching safepoint: 71429 ns, At safepoint: 6002 ns, Total: 77431 ns
[2021-05-11T02:32:15.311+0000][8][safepoint   ] Safepoint "Cleanup", Time since last: 15001508655 ns, Reaching safepoint: 72702 ns, At safepoint: 5467 ns, Total: 78169 ns
[2021-05-11T02:32:28.312+0000][8][safepoint   ] Safepoint "Cleanup", Time since last: 13001185800 ns, Reaching safepoint: 85342 ns, At safepoint: 4639 ns, Total: 89981 ns
[2021-05-11T02:32:36.313+0000][8][safepoint   ] Safepoint "Cleanup", Time since last: 8000537420 ns, Reaching safepoint: 81074 ns, At safepoint: 8533 ns, Total: 89607 ns
[2021-05-11T02:32:50.139+0000][8][safepoint   ] Safepoint "ICBufferFull", Time since last: 13826476164 ns, Reaching safepoint: 159740 ns, At safepoint: 6567 ns, Total: 166307 ns
[2021-05-11T02:32:51.140+0000][8][safepoint   ] Safepoint "Cleanup", Time since last: 1000091967 ns, Reaching safepoint: 146885 ns, At safepoint: 6921 ns, Total: 153806 ns
[2021-05-11T02:32:54.140+0000][8][safepoint   ] Safepoint "Cleanup", Time since last: 3000280945 ns, Reaching safepoint: 67412 ns, At safepoint: 3934 ns, Total: 71346 ns
[2021-05-11T02:32:55.140+0000][8][safepoint   ] Safepoint "Cleanup", Time since last: 1000093484 ns, Reaching safepoint: 62575 ns, At safepoint: 4345 ns, Total: 66920 ns
[2021-05-11T02:32:57.140+0000][8][safepoint   ] Safepoint "Cleanup", Time since last: 2000226890 ns, Reaching safepoint: 78605 ns, At safepoint: 3470 ns, Total: 82075 ns
[2021-05-11T02:33:06.141+0000][8][safepoint   ] Safepoint "Cleanup", Time since last: 9000711739 ns, Reaching safepoint: 77282 ns, At safepoint: 4321 ns, Total: 81603 ns
[2021-05-11T02:33:20.142+0000][8][safepoint   ] Safepoint "Cleanup", Time since last: 14001120308 ns, Reaching safepoint: 84696 ns, At safepoint: 5399 ns, Total: 90095 ns
[2021-05-11T02:33:21.143+0000][8][safepoint   ] Safepoint "Cleanup", Time since last: 1000130867 ns, Reaching safepoint: 69614 ns, At safepoint: 5566 ns, Total: 75180 ns
[2021-05-11T02:33:27.143+0000][8][safepoint   ] Safepoint "Cleanup", Time since last: 6000728389 ns, Reaching safepoint: 87800 ns, At safepoint: 4631 ns, Total: 92431 ns
[2021-05-11T02:33:30.345+0000][8][gc,start    ] GC(64) Pause Young (Concurrent Start) (G1 Evacuation Pause)
[2021-05-11T02:33:30.345+0000][8][gc,task     ] GC(64) Using 6 workers of 8 for evacuation
[2021-05-11T02:33:30.345+0000][8][gc,age      ] GC(64) Desired survivor size 6291456 bytes, new threshold 15 (max threshold 15)
[2021-05-11T02:33:30.347+0000][8][gc,age      ] GC(64) Age table with threshold 15 (max threshold 15)
[2021-05-11T02:33:30.347+0000][8][gc,age      ] GC(64) - age   1:     806072 bytes,     806072 total
[2021-05-11T02:33:30.347+0000][8][gc,age      ] GC(64) - age   2:       2776 bytes,     808848 total
[2021-05-11T02:33:30.347+0000][8][gc,age      ] GC(64) - age   3:       4216 bytes,     813064 total
[2021-05-11T02:33:30.347+0000][8][gc,age      ] GC(64) - age   4:       9944 bytes,     823008 total
[2021-05-11T02:33:30.347+0000][8][gc,age      ] GC(64) - age   5:       3856 bytes,     826864 total
[2021-05-11T02:33:30.347+0000][8][gc,age      ] GC(64) - age   6:       7744 bytes,     834608 total
[2021-05-11T02:33:30.347+0000][8][gc,age      ] GC(64) - age   7:       2224 bytes,     836832 total
[2021-05-11T02:33:30.347+0000][8][gc,age      ] GC(64) - age   8:      41968 bytes,     878800 total
[2021-05-11T02:33:30.347+0000][8][gc,age      ] GC(64) - age   9:       6032 bytes,     884832 total
[2021-05-11T02:33:30.347+0000][8][gc,age      ] GC(64) - age  10:     296848 bytes,    1181680 total
[2021-05-11T02:33:30.347+0000][8][gc,age      ] GC(64) - age  11:       2264 bytes,    1183944 total
[2021-05-11T02:33:30.347+0000][8][gc,age      ] GC(64) - age  12:       4824 bytes,    1188768 total
[2021-05-11T02:33:30.347+0000][8][gc,age      ] GC(64) - age  13:      12008 bytes,    1200776 total
[2021-05-11T02:33:30.347+0000][8][gc,age      ] GC(64) - age  14:       7960 bytes,    1208736 total
[2021-05-11T02:33:30.347+0000][8][gc,age      ] GC(64) - age  15:      77568 bytes,    1286304 total
[2021-05-11T02:33:30.347+0000][8][gc,phases   ] GC(64)   Pre Evacuate Collection Set: 0.1ms
[2021-05-11T02:33:30.347+0000][8][gc,phases   ] GC(64)   Merge Heap Roots: 0.0ms
[2021-05-11T02:33:30.347+0000][8][gc,phases   ] GC(64)   Evacuate Collection Set: 1.3ms
[2021-05-11T02:33:30.347+0000][8][gc,phases   ] GC(64)   Post Evacuate Collection Set: 0.4ms
[2021-05-11T02:33:30.347+0000][8][gc,phases   ] GC(64)   Other: 0.2ms
[2021-05-11T02:33:30.347+0000][8][gc,heap     ] GC(64) Eden regions: 22->0(22)
[2021-05-11T02:33:30.347+0000][8][gc,heap     ] GC(64) Survivor regions: 1->1(3)
[2021-05-11T02:33:30.347+0000][8][gc,heap     ] GC(64) Old regions: 26->26
[2021-05-11T02:33:30.347+0000][8][gc,heap     ] GC(64) Archive regions: 2->2
[2021-05-11T02:33:30.347+0000][8][gc,heap     ] GC(64) Humongous regions: 2->2
[2021-05-11T02:33:30.347+0000][8][gc,metaspace] GC(64) Metaspace: 106543K(110960K)->106543K(110960K) NonClass: 92659K(95728K)->92659K(95728K) Class: 13883K(15232K)->13883K(15232K)
[2021-05-11T02:33:30.347+0000][8][gc          ] GC(64) Pause Young (Concurrent Start) (G1 Evacuation Pause) 203M->116M(256M) 2.095ms
[2021-05-11T02:33:30.347+0000][8][gc,cpu      ] GC(64) User=0.01s Sys=0.00s Real=0.00s
[2021-05-11T02:33:30.347+0000][8][gc          ] GC(65) Concurrent Cycle
[2021-05-11T02:33:30.347+0000][8][safepoint   ] Safepoint "G1CollectForAllocation", Time since last: 3201121941 ns, Reaching safepoint: 105998 ns, At safepoint: 2161002 ns, Total: 2267000 ns
[2021-05-11T02:33:30.347+0000][8][gc,marking  ] GC(65) Concurrent Clear Claimed Marks
[2021-05-11T02:33:30.347+0000][8][gc,marking  ] GC(65) Concurrent Clear Claimed Marks 0.060ms
[2021-05-11T02:33:30.347+0000][8][gc,marking  ] GC(65) Concurrent Scan Root Regions
[2021-05-11T02:33:30.348+0000][8][gc,marking  ] GC(65) Concurrent Scan Root Regions 0.829ms
[2021-05-11T02:33:30.348+0000][8][gc,marking  ] GC(65) Concurrent Mark (2457.962s)
[2021-05-11T02:33:30.348+0000][8][gc,marking  ] GC(65) Concurrent Mark From Roots
[2021-05-11T02:33:30.348+0000][8][gc,task     ] GC(65) Using 2 workers of 2 for marking
[2021-05-11T02:33:30.437+0000][8][gc,marking  ] GC(65) Concurrent Mark From Roots 89.054ms
[2021-05-11T02:33:30.437+0000][8][gc,marking  ] GC(65) Concurrent Preclean
[2021-05-11T02:33:30.437+0000][8][gc,marking  ] GC(65) Concurrent Preclean 0.306ms
[2021-05-11T02:33:30.437+0000][8][gc,marking  ] GC(65) Concurrent Mark (2457.962s, 2458.052s) 89.416ms
[2021-05-11T02:33:30.437+0000][8][gc,start    ] GC(65) Pause Remark
[2021-05-11T02:33:30.443+0000][8][gc          ] GC(65) Pause Remark 116M->116M(256M) 5.812ms
[2021-05-11T02:33:30.443+0000][8][gc,cpu      ] GC(65) User=0.03s Sys=0.00s Real=0.01s
[2021-05-11T02:33:30.443+0000][8][safepoint   ] Safepoint "G1Concurrent", Time since last: 90410126 ns, Reaching safepoint: 106784 ns, At safepoint: 5892761 ns, Total: 5999545 ns
[2021-05-11T02:33:30.443+0000][8][gc,marking  ] GC(65) Concurrent Rebuild Remembered Sets
[2021-05-11T02:33:30.501+0000][8][gc,marking  ] GC(65) Concurrent Rebuild Remembered Sets 57.249ms
[2021-05-11T02:33:30.501+0000][8][gc,start    ] GC(65) Pause Cleanup
[2021-05-11T02:33:30.501+0000][8][gc          ] GC(65) Pause Cleanup 117M->117M(256M) 0.066ms
[2021-05-11T02:33:30.501+0000][8][gc,cpu      ] GC(65) User=0.00s Sys=0.00s Real=0.00s
[2021-05-11T02:33:30.501+0000][8][safepoint   ] Safepoint "G1Concurrent", Time since last: 57319917 ns, Reaching safepoint: 129170 ns, At safepoint: 104137 ns, Total: 233307 ns
[2021-05-11T02:33:30.501+0000][8][gc,marking  ] GC(65) Concurrent Cleanup for Next Mark
[2021-05-11T02:33:30.501+0000][8][gc,marking  ] GC(65) Concurrent Cleanup for Next Mark 0.168ms
[2021-05-11T02:33:30.501+0000][8][gc          ] GC(65) Concurrent Cycle 154.230ms
[2021-05-11T02:33:57.503+0000][8][safepoint   ] Safepoint "Cleanup", Time since last: 27001762373 ns, Reaching safepoint: 63639 ns, At safepoint: 3639 ns, Total: 67278 ns
[2021-05-11T02:34:05.503+0000][8][safepoint   ] Safepoint "Cleanup", Time since last: 8000652188 ns, Reaching safepoint: 86390 ns, At safepoint: 5407 ns, Total: 91797 ns
[2021-05-11T02:34:42.507+0000][8][safepoint   ] Safepoint "Cleanup", Time since last: 37003036715 ns, Reaching safepoint: 99721 ns, At safepoint: 7036 ns, Total: 106757 ns
[2021-05-11T02:34:45.507+0000][8][safepoint   ] Safepoint "Cleanup", Time since last: 3000343875 ns, Reaching safepoint: 98215 ns, At safepoint: 6153 ns, Total: 104368 ns
[2021-05-11T02:34:53.508+0000][8][safepoint   ] Safepoint "Cleanup", Time since last: 8000774293 ns, Reaching safepoint: 78785 ns, At safepoint: 4535 ns, Total: 83320 ns
[2021-05-11T02:34:54.508+0000][8][safepoint   ] Safepoint "Cleanup", Time since last: 1000135892 ns, Reaching safepoint: 124091 ns, At safepoint: 7637 ns, Total: 131728 ns
[2021-05-11T02:34:55.508+0000][8][safepoint   ] Safepoint "Cleanup", Time since last: 1000097256 ns, Reaching safepoint: 104536 ns, At safepoint: 7384 ns, Total: 111920 ns
[2021-05-11T02:35:50.513+0000][8][safepoint   ] Safepoint "Cleanup", Time since last: 55004852520 ns, Reaching safepoint: 115118 ns, At safepoint: 6061 ns, Total: 121179 ns
[2021-05-11T02:35:54.514+0000][8][safepoint   ] Safepoint "Cleanup", Time since last: 4000354546 ns, Reaching safepoint: 81829 ns, At safepoint: 5632 ns, Total: 87461 ns
[2021-05-11T02:35:54.900+0000][8][gc,start    ] GC(66) Pause Young (Normal) (G1 Evacuation Pause)
[2021-05-11T02:35:54.907+0000][8][gc,task     ] GC(66) Using 6 workers of 8 for evacuation
[2021-05-11T02:35:54.907+0000][8][gc,age      ] GC(66) Desired survivor size 6291456 bytes, new threshold 15 (max threshold 15)
[2021-05-11T02:35:54.908+0000][8][gc,age      ] GC(66) Age table with threshold 15 (max threshold 15)
[2021-05-11T02:35:54.909+0000][8][gc,age      ] GC(66) - age   1:     513304 bytes,     513304 total
[2021-05-11T02:35:54.909+0000][8][gc,age      ] GC(66) - age   2:     296544 bytes,     809848 total
[2021-05-11T02:35:54.909+0000][8][gc,age      ] GC(66) - age   3:       2656 bytes,     812504 total
[2021-05-11T02:35:54.909+0000][8][gc,age      ] GC(66) - age   4:       4216 bytes,     816720 total
[2021-05-11T02:35:54.909+0000][8][gc,age      ] GC(66) - age   5:       9744 bytes,     826464 total
[2021-05-11T02:35:54.909+0000][8][gc,age      ] GC(66) - age   6:       3856 bytes,     830320 total
[2021-05-11T02:35:54.909+0000][8][gc,age      ] GC(66) - age   7:       7704 bytes,     838024 total
[2021-05-11T02:35:54.909+0000][8][gc,age      ] GC(66) - age   8:       2224 bytes,     840248 total
[2021-05-11T02:35:54.909+0000][8][gc,age      ] GC(66) - age   9:      41968 bytes,     882216 total
[2021-05-11T02:35:54.909+0000][8][gc,age      ] GC(66) - age  10:       6032 bytes,     888248 total
[2021-05-11T02:35:54.909+0000][8][gc,age      ] GC(66) - age  11:     296848 bytes,    1185096 total
[2021-05-11T02:35:54.909+0000][8][gc,age      ] GC(66) - age  12:       2264 bytes,    1187360 total
[2021-05-11T02:35:54.909+0000][8][gc,age      ] GC(66) - age  13:       4824 bytes,    1192184 total
[2021-05-11T02:35:54.909+0000][8][gc,age      ] GC(66) - age  14:      12008 bytes,    1204192 total
[2021-05-11T02:35:54.909+0000][8][gc,age      ] GC(66) - age  15:       7960 bytes,    1212152 total
[2021-05-11T02:35:54.909+0000][8][gc,phases   ] GC(66)   Pre Evacuate Collection Set: 0.0ms
[2021-05-11T02:35:54.909+0000][8][gc,phases   ] GC(66)   Merge Heap Roots: 0.1ms
[2021-05-11T02:35:54.909+0000][8][gc,phases   ] GC(66)   Evacuate Collection Set: 1.4ms
[2021-05-11T02:35:54.909+0000][8][gc,phases   ] GC(66)   Post Evacuate Collection Set: 0.3ms
[2021-05-11T02:35:54.909+0000][8][gc,phases   ] GC(66)   Other: 7.1ms
[2021-05-11T02:35:54.909+0000][8][gc,heap     ] GC(66) Eden regions: 22->0(22)
[2021-05-11T02:35:54.909+0000][8][gc,heap     ] GC(66) Survivor regions: 1->1(3)
[2021-05-11T02:35:54.909+0000][8][gc,heap     ] GC(66) Old regions: 26->26
[2021-05-11T02:35:54.909+0000][8][gc,heap     ] GC(66) Archive regions: 2->2
[2021-05-11T02:35:54.909+0000][8][gc,heap     ] GC(66) Humongous regions: 2->2
[2021-05-11T02:35:54.909+0000][8][gc,metaspace] GC(66) Metaspace: 106601K(111216K)->106601K(111216K) NonClass: 92717K(95984K)->92717K(95984K) Class: 13883K(15232K)->13883K(15232K)
[2021-05-11T02:35:54.909+0000][8][gc          ] GC(66) Pause Young (Normal) (G1 Evacuation Pause) 204M->116M(256M) 8.985ms
[2021-05-11T02:35:54.909+0000][8][gc,cpu      ] GC(66) User=0.01s Sys=0.00s Real=0.01s
[2021-05-11T02:35:54.909+0000][8][safepoint   ] Safepoint "G1CollectForAllocation", Time since last: 385893095 ns, Reaching safepoint: 73471 ns, At safepoint: 9051978 ns, Total: 9125449 ns
[2021-05-11T02:35:55.909+0000][8][safepoint   ] Safepoint "Cleanup", Time since last: 1000072537 ns, Reaching safepoint: 125511 ns, At safepoint: 6887 ns, Total: 132398 ns
[2021-05-11T02:35:56.909+0000][8][safepoint   ] Safepoint "Cleanup", Time since last: 1000092873 ns, Reaching safepoint: 71149 ns, At safepoint: 5223 ns, Total: 76372 ns
[2021-05-11T02:36:09.910+0000][8][safepoint   ] Safepoint "Cleanup", Time since last: 13001276591 ns, Reaching safepoint: 98916 ns, At safepoint: 5035 ns, Total: 103951 ns
[2021-05-11T02:36:14.911+0000][8][safepoint   ] Safepoint "Cleanup", Time since last: 5000481852 ns, Reaching safepoint: 85339 ns, At safepoint: 5824 ns, Total: 91163 ns
[2021-05-11T02:36:19.912+0000][8][safepoint   ] Safepoint "Cleanup", Time since last: 5000468846 ns, Reaching safepoint: 80705 ns, At safepoint: 4156 ns, Total: 84861 ns
[2021-05-11T02:36:21.912+0000][8][safepoint   ] Safepoint "Cleanup", Time since last: 2000181191 ns, Reaching safepoint: 73663 ns, At safepoint: 3225 ns, Total: 76888 ns
[2021-05-11T02:36:25.912+0000][8][safepoint   ] Safepoint "Cleanup", Time since last: 4000330671 ns, Reaching safepoint: 87283 ns, At safepoint: 4876 ns, Total: 92159 ns
[2021-05-11T02:36:26.912+0000][8][safepoint   ] Safepoint "Cleanup", Time since last: 1000089830 ns, Reaching safepoint: 73562 ns, At safepoint: 4306 ns, Total: 77868 ns
[2021-05-11T02:36:43.914+0000][8][safepoint   ] Safepoint "Cleanup", Time since last: 17001146818 ns, Reaching safepoint: 82927 ns, At safepoint: 4114 ns, Total: 87041 ns
[2021-05-11T02:36:53.914+0000][8][safepoint   ] Safepoint "Cleanup", Time since last: 10000680381 ns, Reaching safepoint: 85685 ns, At safepoint: 4620 ns, Total: 90305 ns
[2021-05-11T02:36:54.915+0000][8][safepoint   ] Safepoint "Cleanup", Time since last: 1000093181 ns, Reaching safepoint: 119528 ns, At safepoint: 6861 ns, Total: 126389 ns
[2021-05-11T02:36:55.915+0000][8][safepoint   ] Safepoint "Cleanup", Time since last: 1000091697 ns, Reaching safepoint: 73661 ns, At safepoint: 9276 ns, Total: 82937 ns
[2021-05-11T02:36:56.915+0000][8][safepoint   ] Safepoint "Cleanup", Time since last: 1000102379 ns, Reaching safepoint: 66538 ns, At safepoint: 4894 ns, Total: 71432 ns
[2021-05-11T02:37:14.917+0000][8][safepoint   ] Safepoint "Cleanup", Time since last: 18001511106 ns, Reaching safepoint: 100959 ns, At safepoint: 5121 ns, Total: 106080 ns
[2021-05-11T02:37:18.917+0000][8][safepoint   ] Safepoint "Cleanup", Time since last: 4000272623 ns, Reaching safepoint: 87890 ns, At safepoint: 7092 ns, Total: 94982 ns
[2021-05-11T02:37:25.918+0000][8][safepoint   ] Safepoint "Cleanup", Time since last: 7000570416 ns, Reaching safepoint: 82781 ns, At safepoint: 4554 ns, Total: 87335 ns
[2021-05-11T02:37:26.918+0000][8][safepoint   ] Safepoint "Cleanup", Time since last: 1000091012 ns, Reaching safepoint: 80171 ns, At safepoint: 7201 ns, Total: 87372 ns
[2021-05-11T02:37:33.919+0000][8][safepoint   ] Safepoint "Cleanup", Time since last: 7000650140 ns, Reaching safepoint: 71763 ns, At safepoint: 6273 ns, Total: 78036 ns
[2021-05-11T02:37:53.920+0000][8][safepoint   ] Safepoint "Cleanup", Time since last: 20001688497 ns, Reaching safepoint: 85897 ns, At safepoint: 4305 ns, Total: 90202 ns
[2021-05-11T02:37:55.921+0000][8][safepoint   ] Safepoint "Cleanup", Time since last: 2000217402 ns, Reaching safepoint: 99579 ns, At safepoint: 4675 ns, Total: 104254 ns
[2021-05-11T02:37:56.921+0000][8][safepoint   ] Safepoint "Cleanup", Time since last: 1000091651 ns, Reaching safepoint: 175420 ns, At safepoint: 7550 ns, Total: 182970 ns
[2021-05-11T02:37:57.444+0000][8][gc,start    ] GC(67) Pause Young (Concurrent Start) (G1 Evacuation Pause)
[2021-05-11T02:37:57.444+0000][8][gc,task     ] GC(67) Using 6 workers of 8 for evacuation
[2021-05-11T02:37:57.444+0000][8][gc,age      ] GC(67) Desired survivor size 6291456 bytes, new threshold 15 (max threshold 15)
[2021-05-11T02:37:57.446+0000][8][gc,age      ] GC(67) Age table with threshold 15 (max threshold 15)
[2021-05-11T02:37:57.446+0000][8][gc,age      ] GC(67) - age   1:     526608 bytes,     526608 total
[2021-05-11T02:37:57.446+0000][8][gc,age      ] GC(67) - age   2:       3368 bytes,     529976 total
[2021-05-11T02:37:57.446+0000][8][gc,age      ] GC(67) - age   3:     175416 bytes,     705392 total
[2021-05-11T02:37:57.446+0000][8][gc,age      ] GC(67) - age   4:       2560 bytes,     707952 total
[2021-05-11T02:37:57.446+0000][8][gc,age      ] GC(67) - age   5:       4216 bytes,     712168 total
[2021-05-11T02:37:57.446+0000][8][gc,age      ] GC(67) - age   6:       9744 bytes,     721912 total
[2021-05-11T02:37:57.446+0000][8][gc,age      ] GC(67) - age   7:       3856 bytes,     725768 total
[2021-05-11T02:37:57.446+0000][8][gc,age      ] GC(67) - age   8:       7496 bytes,     733264 total
[2021-05-11T02:37:57.446+0000][8][gc,age      ] GC(67) - age   9:       2224 bytes,     735488 total
[2021-05-11T02:37:57.446+0000][8][gc,age      ] GC(67) - age  10:      41968 bytes,     777456 total
[2021-05-11T02:37:57.446+0000][8][gc,age      ] GC(67) - age  11:       6032 bytes,     783488 total
[2021-05-11T02:37:57.446+0000][8][gc,age      ] GC(67) - age  12:     296848 bytes,    1080336 total
[2021-05-11T02:37:57.446+0000][8][gc,age      ] GC(67) - age  13:       2264 bytes,    1082600 total
[2021-05-11T02:37:57.446+0000][8][gc,age      ] GC(67) - age  14:       4824 bytes,    1087424 total
[2021-05-11T02:37:57.446+0000][8][gc,age      ] GC(67) - age  15:      12008 bytes,    1099432 total
[2021-05-11T02:37:57.446+0000][8][gc,phases   ] GC(67)   Pre Evacuate Collection Set: 0.1ms
[2021-05-11T02:37:57.446+0000][8][gc,phases   ] GC(67)   Merge Heap Roots: 0.0ms
[2021-05-11T02:37:57.446+0000][8][gc,phases   ] GC(67)   Evacuate Collection Set: 1.1ms
[2021-05-11T02:37:57.446+0000][8][gc,phases   ] GC(67)   Post Evacuate Collection Set: 0.3ms
[2021-05-11T02:37:57.446+0000][8][gc,phases   ] GC(67)   Other: 0.2ms
[2021-05-11T02:37:57.446+0000][8][gc,heap     ] GC(67) Eden regions: 22->0(22)
[2021-05-11T02:37:57.446+0000][8][gc,heap     ] GC(67) Survivor regions: 1->1(3)
[2021-05-11T02:37:57.446+0000][8][gc,heap     ] GC(67) Old regions: 26->26
[2021-05-11T02:37:57.446+0000][8][gc,heap     ] GC(67) Archive regions: 2->2
[2021-05-11T02:37:57.446+0000][8][gc,heap     ] GC(67) Humongous regions: 2->2
[2021-05-11T02:37:57.446+0000][8][gc,metaspace] GC(67) Metaspace: 106721K(111216K)->106721K(111216K) NonClass: 92837K(95984K)->92837K(95984K) Class: 13884K(15232K)->13884K(15232K)
[2021-05-11T02:37:57.446+0000][8][gc          ] GC(67) Pause Young (Concurrent Start) (G1 Evacuation Pause) 204M->116M(256M) 1.836ms
[2021-05-11T02:37:57.446+0000][8][gc,cpu      ] GC(67) User=0.00s Sys=0.00s Real=0.00s
[2021-05-11T02:37:57.446+0000][8][safepoint   ] Safepoint "G1CollectForAllocation", Time since last: 523200364 ns, Reaching safepoint: 128570 ns, At safepoint: 1895360 ns, Total: 2023930 ns
[2021-05-11T02:37:57.446+0000][8][gc          ] GC(68) Concurrent Cycle
[2021-05-11T02:37:57.446+0000][8][gc,marking  ] GC(68) Concurrent Clear Claimed Marks
[2021-05-11T02:37:57.446+0000][8][gc,marking  ] GC(68) Concurrent Clear Claimed Marks 0.064ms
[2021-05-11T02:37:57.446+0000][8][gc,marking  ] GC(68) Concurrent Scan Root Regions
[2021-05-11T02:37:57.447+0000][8][gc,marking  ] GC(68) Concurrent Scan Root Regions 0.780ms
[2021-05-11T02:37:57.447+0000][8][gc,marking  ] GC(68) Concurrent Mark (2725.062s)
[2021-05-11T02:37:57.447+0000][8][gc,marking  ] GC(68) Concurrent Mark From Roots
[2021-05-11T02:37:57.447+0000][8][gc,task     ] GC(68) Using 2 workers of 2 for marking
[2021-05-11T02:37:57.531+0000][8][gc,marking  ] GC(68) Concurrent Mark From Roots 83.443ms
[2021-05-11T02:37:57.531+0000][8][gc,marking  ] GC(68) Concurrent Preclean
[2021-05-11T02:37:57.531+0000][8][gc,marking  ] GC(68) Concurrent Preclean 0.299ms
[2021-05-11T02:37:57.531+0000][8][gc,marking  ] GC(68) Concurrent Mark (2725.062s, 2725.145s) 83.803ms
[2021-05-11T02:37:57.531+0000][8][gc,start    ] GC(68) Pause Remark
[2021-05-11T02:37:57.536+0000][8][gc          ] GC(68) Pause Remark 116M->116M(256M) 5.104ms
[2021-05-11T02:37:57.536+0000][8][gc,cpu      ] GC(68) User=0.03s Sys=0.00s Real=0.01s
[2021-05-11T02:37:57.536+0000][8][safepoint   ] Safepoint "G1Concurrent", Time since last: 84772816 ns, Reaching safepoint: 97002 ns, At safepoint: 5175978 ns, Total: 5272980 ns
[2021-05-11T02:37:57.536+0000][8][gc,marking  ] GC(68) Concurrent Rebuild Remembered Sets
[2021-05-11T02:37:57.599+0000][8][gc,marking  ] GC(68) Concurrent Rebuild Remembered Sets 62.393ms
[2021-05-11T02:37:57.599+0000][8][gc,start    ] GC(68) Pause Cleanup
[2021-05-11T02:37:57.599+0000][8][gc          ] GC(68) Pause Cleanup 116M->116M(256M) 0.061ms
[2021-05-11T02:37:57.599+0000][8][gc,cpu      ] GC(68) User=0.00s Sys=0.00s Real=0.00s
[2021-05-11T02:37:57.599+0000][8][safepoint   ] Safepoint "G1Concurrent", Time since last: 62493404 ns, Reaching safepoint: 65873 ns, At safepoint: 99068 ns, Total: 164941 ns
[2021-05-11T02:37:57.599+0000][8][gc,marking  ] GC(68) Concurrent Cleanup for Next Mark
[2021-05-11T02:37:57.599+0000][8][gc,marking  ] GC(68) Concurrent Cleanup for Next Mark 0.128ms
[2021-05-11T02:37:57.599+0000][8][gc          ] GC(68) Concurrent Cycle 152.891ms
[2021-05-11T02:38:03.600+0000][8][safepoint   ] Safepoint "Cleanup", Time since last: 6000658816 ns, Reaching safepoint: 162074 ns, At safepoint: 5664 ns, Total: 167738 ns
[2021-05-11T02:38:27.602+0000][8][safepoint   ] Safepoint "Cleanup", Time since last: 24002361686 ns, Reaching safepoint: 76562 ns, At safepoint: 5604 ns, Total: 82166 ns
[2021-05-11T02:38:48.604+0000][8][safepoint   ] Safepoint "Cleanup", Time since last: 21001824118 ns, Reaching safepoint: 153773 ns, At safepoint: 5716 ns, Total: 159489 ns
[2021-05-11T02:38:54.605+0000][8][safepoint   ] Safepoint "Cleanup", Time since last: 6000457250 ns, Reaching safepoint: 67259 ns, At safepoint: 5991 ns, Total: 73250 ns
[2021-05-11T02:38:57.605+0000][8][safepoint   ] Safepoint "Cleanup", Time since last: 3000222489 ns, Reaching safepoint: 92318 ns, At safepoint: 6693 ns, Total: 99011 ns
[2021-05-11T02:39:35.608+0000][8][safepoint   ] Safepoint "Cleanup", Time since last: 38003175187 ns, Reaching safepoint: 79509 ns, At safepoint: 4884 ns, Total: 84393 ns
[2021-05-11T02:39:53.610+0000][8][safepoint   ] Safepoint "Cleanup", Time since last: 18001414829 ns, Reaching safepoint: 80069 ns, At safepoint: 12581 ns, Total: 92650 ns
[2021-05-11T02:39:57.610+0000][8][safepoint   ] Safepoint "Cleanup", Time since last: 4000281128 ns, Reaching safepoint: 99213 ns, At safepoint: 7249 ns, Total: 106462 ns
[2021-05-11T02:40:20.499+0000][8][gc,start    ] GC(69) Pause Young (Normal) (G1 Evacuation Pause)
[2021-05-11T02:40:20.499+0000][8][gc,task     ] GC(69) Using 6 workers of 8 for evacuation
[2021-05-11T02:40:20.499+0000][8][gc,age      ] GC(69) Desired survivor size 6291456 bytes, new threshold 15 (max threshold 15)
[2021-05-11T02:40:20.501+0000][8][gc,age      ] GC(69) Age table with threshold 15 (max threshold 15)
[2021-05-11T02:40:20.501+0000][8][gc,age      ] GC(69) - age   1:     510400 bytes,     510400 total
[2021-05-11T02:40:20.501+0000][8][gc,age      ] GC(69) - age   2:      11296 bytes,     521696 total
[2021-05-11T02:40:20.501+0000][8][gc,age      ] GC(69) - age   3:       3216 bytes,     524912 total
[2021-05-11T02:40:20.501+0000][8][gc,age      ] GC(69) - age   4:     175416 bytes,     700328 total
[2021-05-11T02:40:20.501+0000][8][gc,age      ] GC(69) - age   5:       2560 bytes,     702888 total
[2021-05-11T02:40:20.501+0000][8][gc,age      ] GC(69) - age   6:       3976 bytes,     706864 total
[2021-05-11T02:40:20.501+0000][8][gc,age      ] GC(69) - age   7:       9744 bytes,     716608 total
[2021-05-11T02:40:20.501+0000][8][gc,age      ] GC(69) - age   8:       3856 bytes,     720464 total
[2021-05-11T02:40:20.501+0000][8][gc,age      ] GC(69) - age   9:       7496 bytes,     727960 total
[2021-05-11T02:40:20.501+0000][8][gc,age      ] GC(69) - age  10:       2224 bytes,     730184 total
[2021-05-11T02:40:20.501+0000][8][gc,age      ] GC(69) - age  11:      41968 bytes,     772152 total
[2021-05-11T02:40:20.501+0000][8][gc,age      ] GC(69) - age  12:       6032 bytes,     778184 total
[2021-05-11T02:40:20.501+0000][8][gc,age      ] GC(69) - age  13:     296848 bytes,    1075032 total
[2021-05-11T02:40:20.501+0000][8][gc,age      ] GC(69) - age  14:       2264 bytes,    1077296 total
[2021-05-11T02:40:20.501+0000][8][gc,age      ] GC(69) - age  15:       4824 bytes,    1082120 total
[2021-05-11T02:40:20.501+0000][8][gc,phases   ] GC(69)   Pre Evacuate Collection Set: 0.0ms
[2021-05-11T02:40:20.501+0000][8][gc,phases   ] GC(69)   Merge Heap Roots: 0.0ms
[2021-05-11T02:40:20.501+0000][8][gc,phases   ] GC(69)   Evacuate Collection Set: 1.4ms
[2021-05-11T02:40:20.501+0000][8][gc,phases   ] GC(69)   Post Evacuate Collection Set: 0.3ms
[2021-05-11T02:40:20.501+0000][8][gc,phases   ] GC(69)   Other: 0.2ms
[2021-05-11T02:40:20.501+0000][8][gc,heap     ] GC(69) Eden regions: 22->0(22)
[2021-05-11T02:40:20.501+0000][8][gc,heap     ] GC(69) Survivor regions: 1->1(3)
[2021-05-11T02:40:20.501+0000][8][gc,heap     ] GC(69) Old regions: 26->26
[2021-05-11T02:40:20.501+0000][8][gc,heap     ] GC(69) Archive regions: 2->2
[2021-05-11T02:40:20.501+0000][8][gc,heap     ] GC(69) Humongous regions: 2->2
[2021-05-11T02:40:20.501+0000][8][gc,metaspace] GC(69) Metaspace: 106765K(111216K)->106765K(111216K) NonClass: 92878K(95984K)->92878K(95984K) Class: 13886K(15232K)->13886K(15232K)
[2021-05-11T02:40:20.501+0000][8][gc          ] GC(69) Pause Young (Normal) (G1 Evacuation Pause) 204M->116M(256M) 2.057ms
[2021-05-11T02:40:20.501+0000][8][gc,cpu      ] GC(69) User=0.00s Sys=0.00s Real=0.01s
[2021-05-11T02:40:20.501+0000][8][safepoint   ] Safepoint "G1CollectForAllocation", Time since last: 22888820640 ns, Reaching safepoint: 134318 ns, At safepoint: 2114633 ns, Total: 2248951 ns
[2021-05-11T02:40:27.502+0000][8][safepoint   ] Safepoint "Cleanup", Time since last: 7000602374 ns, Reaching safepoint: 77899 ns, At safepoint: 5111 ns, Total: 83010 ns
[2021-05-11T02:40:28.502+0000][8][safepoint   ] Safepoint "Cleanup", Time since last: 1000156647 ns, Reaching safepoint: 70806 ns, At safepoint: 4059 ns, Total: 74865 ns
[2021-05-11T02:40:31.503+0000][8][safepoint   ] Safepoint "Cleanup", Time since last: 3000286503 ns, Reaching safepoint: 73365 ns, At safepoint: 7452 ns, Total: 80817 ns
[2021-05-11T02:40:54.504+0000][8][safepoint   ] Safepoint "Cleanup", Time since last: 23001543994 ns, Reaching safepoint: 114507 ns, At safepoint: 5542 ns, Total: 120049 ns
[2021-05-11T02:41:20.506+0000][8][safepoint   ] Safepoint "Cleanup", Time since last: 26002027845 ns, Reaching safepoint: 82687 ns, At safepoint: 3114 ns, Total: 85801 ns
[2021-05-11T02:41:21.507+0000][8][safepoint   ] Safepoint "Cleanup", Time since last: 1000191132 ns, Reaching safepoint: 79580 ns, At safepoint: 6502 ns, Total: 86082 ns
[2021-05-11T02:41:27.507+0000][8][safepoint   ] Safepoint "Cleanup", Time since last: 6000513342 ns, Reaching safepoint: 89382 ns, At safepoint: 5454 ns, Total: 94836 ns
[2021-05-11T02:41:54.509+0000][8][safepoint   ] Safepoint "Cleanup", Time since last: 27002119975 ns, Reaching safepoint: 92185 ns, At safepoint: 5705 ns, Total: 97890 ns
[2021-05-11T02:41:57.510+0000][8][safepoint   ] Safepoint "Cleanup", Time since last: 3000587714 ns, Reaching safepoint: 85108 ns, At safepoint: 5562 ns, Total: 90670 ns
[2021-05-11T02:42:27.513+0000][8][safepoint   ] Safepoint "Cleanup", Time since last: 30002722658 ns, Reaching safepoint: 73826 ns, At safepoint: 4807 ns, Total: 78633 ns
[2021-05-11T02:42:40.559+0000][8][gc,start    ] GC(70) Pause Young (Concurrent Start) (G1 Evacuation Pause)
[2021-05-11T02:42:40.559+0000][8][gc,task     ] GC(70) Using 6 workers of 8 for evacuation
[2021-05-11T02:42:40.559+0000][8][gc,age      ] GC(70) Desired survivor size 6291456 bytes, new threshold 15 (max threshold 15)
[2021-05-11T02:42:40.562+0000][8][gc,age      ] GC(70) Age table with threshold 15 (max threshold 15)
[2021-05-11T02:42:40.562+0000][8][gc,age      ] GC(70) - age   1:     511376 bytes,     511376 total
[2021-05-11T02:42:40.562+0000][8][gc,age      ] GC(70) - age   2:       3080 bytes,     514456 total
[2021-05-11T02:42:40.562+0000][8][gc,age      ] GC(70) - age   3:       8632 bytes,     523088 total
[2021-05-11T02:42:40.562+0000][8][gc,age      ] GC(70) - age   4:       3024 bytes,     526112 total
[2021-05-11T02:42:40.562+0000][8][gc,age      ] GC(70) - age   5:     175416 bytes,     701528 total
[2021-05-11T02:42:40.562+0000][8][gc,age      ] GC(70) - age   6:       2560 bytes,     704088 total
[2021-05-11T02:42:40.562+0000][8][gc,age      ] GC(70) - age   7:       3976 bytes,     708064 total
[2021-05-11T02:42:40.562+0000][8][gc,age      ] GC(70) - age   8:       9744 bytes,     717808 total
[2021-05-11T02:42:40.562+0000][8][gc,age      ] GC(70) - age   9:       3856 bytes,     721664 total
[2021-05-11T02:42:40.562+0000][8][gc,age      ] GC(70) - age  10:       7496 bytes,     729160 total
[2021-05-11T02:42:40.562+0000][8][gc,age      ] GC(70) - age  11:       2200 bytes,     731360 total
[2021-05-11T02:42:40.562+0000][8][gc,age      ] GC(70) - age  12:      41944 bytes,     773304 total
[2021-05-11T02:42:40.562+0000][8][gc,age      ] GC(70) - age  13:       6032 bytes,     779336 total
[2021-05-11T02:42:40.562+0000][8][gc,age      ] GC(70) - age  14:     296848 bytes,    1076184 total
[2021-05-11T02:42:40.562+0000][8][gc,age      ] GC(70) - age  15:       2264 bytes,    1078448 total
[2021-05-11T02:42:40.562+0000][8][gc,phases   ] GC(70)   Pre Evacuate Collection Set: 0.1ms
[2021-05-11T02:42:40.562+0000][8][gc,phases   ] GC(70)   Merge Heap Roots: 0.0ms
[2021-05-11T02:42:40.562+0000][8][gc,phases   ] GC(70)   Evacuate Collection Set: 1.2ms
[2021-05-11T02:42:40.562+0000][8][gc,phases   ] GC(70)   Post Evacuate Collection Set: 0.9ms
[2021-05-11T02:42:40.562+0000][8][gc,phases   ] GC(70)   Other: 0.4ms
[2021-05-11T02:42:40.562+0000][8][gc,heap     ] GC(70) Eden regions: 22->0(22)
[2021-05-11T02:42:40.562+0000][8][gc,heap     ] GC(70) Survivor regions: 1->1(3)
[2021-05-11T02:42:40.562+0000][8][gc,heap     ] GC(70) Old regions: 26->26
[2021-05-11T02:42:40.562+0000][8][gc,heap     ] GC(70) Archive regions: 2->2
[2021-05-11T02:42:40.562+0000][8][gc,heap     ] GC(70) Humongous regions: 2->2
[2021-05-11T02:42:40.562+0000][8][gc,metaspace] GC(70) Metaspace: 106835K(111472K)->106835K(111472K) NonClass: 92949K(96240K)->92949K(96240K) Class: 13886K(15232K)->13886K(15232K)
[2021-05-11T02:42:40.562+0000][8][gc          ] GC(70) Pause Young (Concurrent Start) (G1 Evacuation Pause) 204M->116M(256M) 2.792ms
[2021-05-11T02:42:40.562+0000][8][gc,cpu      ] GC(70) User=0.01s Sys=0.00s Real=0.01s
[2021-05-11T02:42:40.562+0000][8][gc          ] GC(71) Concurrent Cycle
[2021-05-11T02:42:40.562+0000][8][safepoint   ] Safepoint "G1CollectForAllocation", Time since last: 13046333411 ns, Reaching safepoint: 91168 ns, At safepoint: 2869260 ns, Total: 2960428 ns
[2021-05-11T02:42:40.562+0000][8][gc,marking  ] GC(71) Concurrent Clear Claimed Marks
[2021-05-11T02:42:40.562+0000][8][gc,marking  ] GC(71) Concurrent Clear Claimed Marks 0.083ms
[2021-05-11T02:42:40.562+0000][8][gc,marking  ] GC(71) Concurrent Scan Root Regions
[2021-05-11T02:42:40.564+0000][8][gc,marking  ] GC(71) Concurrent Scan Root Regions 1.938ms
[2021-05-11T02:42:40.564+0000][8][gc,marking  ] GC(71) Concurrent Mark (3008.179s)
[2021-05-11T02:42:40.564+0000][8][gc,marking  ] GC(71) Concurrent Mark From Roots
[2021-05-11T02:42:40.564+0000][8][gc,task     ] GC(71) Using 2 workers of 2 for marking
[2021-05-11T02:42:40.663+0000][8][gc,marking  ] GC(71) Concurrent Mark From Roots 99.155ms
[2021-05-11T02:42:40.663+0000][8][gc,marking  ] GC(71) Concurrent Preclean
[2021-05-11T02:42:40.664+0000][8][gc,marking  ] GC(71) Concurrent Preclean 0.373ms
[2021-05-11T02:42:40.664+0000][8][gc,marking  ] GC(71) Concurrent Mark (3008.179s, 3008.278s) 99.586ms
[2021-05-11T02:42:40.664+0000][8][gc,start    ] GC(71) Pause Remark
[2021-05-11T02:42:40.669+0000][8][gc          ] GC(71) Pause Remark 116M->116M(256M) 5.003ms
[2021-05-11T02:42:40.669+0000][8][gc,cpu      ] GC(71) User=0.02s Sys=0.01s Real=0.00s
[2021-05-11T02:42:40.669+0000][8][safepoint   ] Safepoint "G1Concurrent", Time since last: 101716751 ns, Reaching safepoint: 112554 ns, At safepoint: 5086079 ns, Total: 5198633 ns
[2021-05-11T02:42:40.669+0000][8][gc,marking  ] GC(71) Concurrent Rebuild Remembered Sets
[2021-05-11T02:42:40.727+0000][8][gc,marking  ] GC(71) Concurrent Rebuild Remembered Sets 58.261ms
[2021-05-11T02:42:40.727+0000][8][gc,start    ] GC(71) Pause Cleanup
[2021-05-11T02:42:40.728+0000][8][gc          ] GC(71) Pause Cleanup 116M->116M(256M) 0.062ms
[2021-05-11T02:42:40.728+0000][8][gc,cpu      ] GC(71) User=0.00s Sys=0.00s Real=0.00s
[2021-05-11T02:42:40.728+0000][8][safepoint   ] Safepoint "G1Concurrent", Time since last: 58327500 ns, Reaching safepoint: 65264 ns, At safepoint: 99370 ns, Total: 164634 ns
[2021-05-11T02:42:40.728+0000][8][gc,marking  ] GC(71) Concurrent Cleanup for Next Mark
[2021-05-11T02:42:40.728+0000][8][gc,marking  ] GC(71) Concurrent Cleanup for Next Mark 0.110ms
[2021-05-11T02:42:40.728+0000][8][gc          ] GC(71) Concurrent Cycle 165.554ms
[2021-05-11T02:42:50.729+0000][8][safepoint   ] Safepoint "Cleanup", Time since last: 10001085713 ns, Reaching safepoint: 77230 ns, At safepoint: 5683 ns, Total: 82913 ns
[2021-05-11T02:42:52.729+0000][8][safepoint   ] Safepoint "Cleanup", Time since last: 2000151615 ns, Reaching safepoint: 105080 ns, At safepoint: 7196 ns, Total: 112276 ns
[2021-05-11T02:42:53.729+0000][8][safepoint   ] Safepoint "Cleanup", Time since last: 1000100605 ns, Reaching safepoint: 72478 ns, At safepoint: 5807 ns, Total: 78285 ns
[2021-05-11T02:42:54.729+0000][8][safepoint   ] Safepoint "Cleanup", Time since last: 1000177181 ns, Reaching safepoint: 74634 ns, At safepoint: 5356 ns, Total: 79990 ns
[2021-05-11T02:42:55.730+0000][8][safepoint   ] Safepoint "Cleanup", Time since last: 1000210246 ns, Reaching safepoint: 94699 ns, At safepoint: 6956 ns, Total: 101655 ns
[2021-05-11T02:42:56.730+0000][8][safepoint   ] Safepoint "Cleanup", Time since last: 1000094077 ns, Reaching safepoint: 73494 ns, At safepoint: 4483 ns, Total: 77977 ns
[2021-05-11T02:42:57.730+0000][8][safepoint   ] Safepoint "Cleanup", Time since last: 1000124110 ns, Reaching safepoint: 70988 ns, At safepoint: 4118 ns, Total: 75106 ns
[2021-05-11T02:43:20.732+0000][8][safepoint   ] Safepoint "Cleanup", Time since last: 23001650257 ns, Reaching safepoint: 96721 ns, At safepoint: 5534 ns, Total: 102255 ns
[2021-05-11T02:43:27.732+0000][8][safepoint   ] Safepoint "Cleanup", Time since last: 7000507578 ns, Reaching safepoint: 77739 ns, At safepoint: 5662 ns, Total: 83401 ns
[2021-05-11T02:43:30.733+0000][8][safepoint   ] Safepoint "Cleanup", Time since last: 3000301471 ns, Reaching safepoint: 101017 ns, At safepoint: 6781 ns, Total: 107798 ns
[2021-05-11T02:43:53.735+0000][8][safepoint   ] Safepoint "Cleanup", Time since last: 23001640880 ns, Reaching safepoint: 107130 ns, At safepoint: 4217 ns, Total: 111347 ns
[2021-05-11T02:43:57.735+0000][8][safepoint   ] Safepoint "Cleanup", Time since last: 4000404416 ns, Reaching safepoint: 89337 ns, At safepoint: 5009 ns, Total: 94346 ns
[2021-05-11T02:44:17.696+0000][8][gc,start    ] GC(72) Pause Young (Normal) (G1 Evacuation Pause)
[2021-05-11T02:44:17.696+0000][8][gc,task     ] GC(72) Using 6 workers of 8 for evacuation
[2021-05-11T02:44:17.696+0000][8][gc,age      ] GC(72) Desired survivor size 6291456 bytes, new threshold 15 (max threshold 15)
[2021-05-11T02:44:17.698+0000][8][gc,age      ] GC(72) Age table with threshold 15 (max threshold 15)
[2021-05-11T02:44:17.698+0000][8][gc,age      ] GC(72) - age   1:     944584 bytes,     944584 total
[2021-05-11T02:44:17.698+0000][8][gc,age      ] GC(72) - age   2:       3016 bytes,     947600 total
[2021-05-11T02:44:17.698+0000][8][gc,age      ] GC(72) - age   3:       2960 bytes,     950560 total
[2021-05-11T02:44:17.698+0000][8][gc,age      ] GC(72) - age   4:       8320 bytes,     958880 total
[2021-05-11T02:44:17.698+0000][8][gc,age      ] GC(72) - age   5:       2896 bytes,     961776 total
[2021-05-11T02:44:17.698+0000][8][gc,age      ] GC(72) - age   6:      23856 bytes,     985632 total
[2021-05-11T02:44:17.698+0000][8][gc,age      ] GC(72) - age   7:       2560 bytes,     988192 total
[2021-05-11T02:44:17.698+0000][8][gc,age      ] GC(72) - age   8:       3976 bytes,     992168 total
[2021-05-11T02:44:17.698+0000][8][gc,age      ] GC(72) - age   9:       9744 bytes,    1001912 total
[2021-05-11T02:44:17.698+0000][8][gc,age      ] GC(72) - age  10:       3856 bytes,    1005768 total
[2021-05-11T02:44:17.698+0000][8][gc,age      ] GC(72) - age  11:       2296 bytes,    1008064 total
[2021-05-11T02:44:17.698+0000][8][gc,age      ] GC(72) - age  12:       2200 bytes,    1010264 total
[2021-05-11T02:44:17.698+0000][8][gc,age      ] GC(72) - age  13:      41944 bytes,    1052208 total
[2021-05-11T02:44:17.698+0000][8][gc,age      ] GC(72) - age  14:       6032 bytes,    1058240 total
[2021-05-11T02:44:17.698+0000][8][gc,age      ] GC(72) - age  15:     296848 bytes,    1355088 total
[2021-05-11T02:44:17.698+0000][8][gc,phases   ] GC(72)   Pre Evacuate Collection Set: 0.0ms
[2021-05-11T02:44:17.698+0000][8][gc,phases   ] GC(72)   Merge Heap Roots: 0.0ms
[2021-05-11T02:44:17.698+0000][8][gc,phases   ] GC(72)   Evacuate Collection Set: 1.2ms
[2021-05-11T02:44:17.698+0000][8][gc,phases   ] GC(72)   Post Evacuate Collection Set: 0.3ms
[2021-05-11T02:44:17.698+0000][8][gc,phases   ] GC(72)   Other: 0.2ms
[2021-05-11T02:44:17.698+0000][8][gc,heap     ] GC(72) Eden regions: 22->0(22)
[2021-05-11T02:44:17.698+0000][8][gc,heap     ] GC(72) Survivor regions: 1->1(3)
[2021-05-11T02:44:17.698+0000][8][gc,heap     ] GC(72) Old regions: 26->26
[2021-05-11T02:44:17.698+0000][8][gc,heap     ] GC(72) Archive regions: 2->2
[2021-05-11T02:44:17.698+0000][8][gc,heap     ] GC(72) Humongous regions: 2->2
[2021-05-11T02:44:17.698+0000][8][gc,metaspace] GC(72) Metaspace: 106954K(111472K)->106954K(111472K) NonClass: 93068K(96240K)->93068K(96240K) Class: 13886K(15232K)->13886K(15232K)
[2021-05-11T02:44:17.698+0000][8][gc          ] GC(72) Pause Young (Normal) (G1 Evacuation Pause) 204M->116M(256M) 1.888ms
[2021-05-11T02:44:17.698+0000][8][gc,cpu      ] GC(72) User=0.01s Sys=0.00s Real=0.00s
[2021-05-11T02:44:17.698+0000][8][safepoint   ] Safepoint "G1CollectForAllocation", Time since last: 19960975817 ns, Reaching safepoint: 91469 ns, At safepoint: 1945880 ns, Total: 2037349 ns
[2021-05-11T02:44:27.699+0000][8][safepoint   ] Safepoint "Cleanup", Time since last: 10000743632 ns, Reaching safepoint: 82818 ns, At safepoint: 7615 ns, Total: 90433 ns
[2021-05-11T02:44:53.701+0000][8][safepoint   ] Safepoint "Cleanup", Time since last: 26002359245 ns, Reaching safepoint: 83549 ns, At safepoint: 5698 ns, Total: 89247 ns
[2021-05-11T02:44:55.702+0000][8][safepoint   ] Safepoint "Cleanup", Time since last: 2000225670 ns, Reaching safepoint: 72175 ns, At safepoint: 5632 ns, Total: 77807 ns
[2021-05-11T02:44:57.702+0000][8][safepoint   ] Safepoint "Cleanup", Time since last: 2000152989 ns, Reaching safepoint: 77577 ns, At safepoint: 4614 ns, Total: 82191 ns
[2021-05-11T02:45:25.704+0000][8][safepoint   ] Safepoint "Cleanup", Time since last: 28002107153 ns, Reaching safepoint: 124734 ns, At safepoint: 5400 ns, Total: 130134 ns
[2021-05-11T02:45:55.707+0000][8][safepoint   ] Safepoint "Cleanup", Time since last: 30002571312 ns, Reaching safepoint: 84390 ns, At safepoint: 3787 ns, Total: 88177 ns
[2021-05-11T02:45:57.707+0000][8][safepoint   ] Safepoint "Cleanup", Time since last: 2000273579 ns, Reaching safepoint: 120808 ns, At safepoint: 6197 ns, Total: 127005 ns
[2021-05-11T02:46:27.709+0000][8][safepoint   ] Safepoint "Cleanup", Time since last: 30002088289 ns, Reaching safepoint: 72599 ns, At safepoint: 4325 ns, Total: 76924 ns
[2021-05-11T02:46:35.648+0000][8][gc,start    ] GC(73) Pause Young (Concurrent Start) (G1 Evacuation Pause)
[2021-05-11T02:46:35.648+0000][8][gc,task     ] GC(73) Using 6 workers of 8 for evacuation
[2021-05-11T02:46:35.648+0000][8][gc,age      ] GC(73) Desired survivor size 6291456 bytes, new threshold 15 (max threshold 15)
[2021-05-11T02:46:35.650+0000][8][gc,age      ] GC(73) Age table with threshold 15 (max threshold 15)
[2021-05-11T02:46:35.650+0000][8][gc,age      ] GC(73) - age   1:     509800 bytes,     509800 total
[2021-05-11T02:46:35.650+0000][8][gc,age      ] GC(73) - age   2:     429584 bytes,     939384 total
[2021-05-11T02:46:35.650+0000][8][gc,age      ] GC(73) - age   3:       2872 bytes,     942256 total
[2021-05-11T02:46:35.650+0000][8][gc,age      ] GC(73) - age   4:       2960 bytes,     945216 total
[2021-05-11T02:46:35.650+0000][8][gc,age      ] GC(73) - age   5:       8320 bytes,     953536 total
[2021-05-11T02:46:35.650+0000][8][gc,age      ] GC(73) - age   6:       2896 bytes,     956432 total
[2021-05-11T02:46:35.650+0000][8][gc,age      ] GC(73) - age   7:      23856 bytes,     980288 total
[2021-05-11T02:46:35.650+0000][8][gc,age      ] GC(73) - age   8:       2560 bytes,     982848 total
[2021-05-11T02:46:35.650+0000][8][gc,age      ] GC(73) - age   9:       3976 bytes,     986824 total
[2021-05-11T02:46:35.650+0000][8][gc,age      ] GC(73) - age  10:       9744 bytes,     996568 total
[2021-05-11T02:46:35.650+0000][8][gc,age      ] GC(73) - age  11:       3656 bytes,    1000224 total
[2021-05-11T02:46:35.650+0000][8][gc,age      ] GC(73) - age  12:       2256 bytes,    1002480 total
[2021-05-11T02:46:35.650+0000][8][gc,age      ] GC(73) - age  13:       2200 bytes,    1004680 total
[2021-05-11T02:46:35.650+0000][8][gc,age      ] GC(73) - age  14:      41944 bytes,    1046624 total
[2021-05-11T02:46:35.650+0000][8][gc,age      ] GC(73) - age  15:       6032 bytes,    1052656 total
[2021-05-11T02:46:35.650+0000][8][gc,phases   ] GC(73)   Pre Evacuate Collection Set: 0.1ms
[2021-05-11T02:46:35.650+0000][8][gc,phases   ] GC(73)   Merge Heap Roots: 0.0ms
[2021-05-11T02:46:35.650+0000][8][gc,phases   ] GC(73)   Evacuate Collection Set: 1.0ms
[2021-05-11T02:46:35.650+0000][8][gc,phases   ] GC(73)   Post Evacuate Collection Set: 0.4ms
[2021-05-11T02:46:35.650+0000][8][gc,phases   ] GC(73)   Other: 0.2ms
[2021-05-11T02:46:35.650+0000][8][gc,heap     ] GC(73) Eden regions: 22->0(22)
[2021-05-11T02:46:35.650+0000][8][gc,heap     ] GC(73) Survivor regions: 1->1(3)
[2021-05-11T02:46:35.650+0000][8][gc,heap     ] GC(73) Old regions: 26->26
[2021-05-11T02:46:35.650+0000][8][gc,heap     ] GC(73) Archive regions: 2->2
[2021-05-11T02:46:35.650+0000][8][gc,heap     ] GC(73) Humongous regions: 2->2
[2021-05-11T02:46:35.650+0000][8][gc,metaspace] GC(73) Metaspace: 106987K(111472K)->106987K(111472K) NonClass: 93101K(96240K)->93101K(96240K) Class: 13886K(15232K)->13886K(15232K)
[2021-05-11T02:46:35.650+0000][8][gc          ] GC(73) Pause Young (Concurrent Start) (G1 Evacuation Pause) 204M->116M(256M) 1.864ms
[2021-05-11T02:46:35.650+0000][8][gc,cpu      ] GC(73) User=0.00s Sys=0.00s Real=0.00s
[2021-05-11T02:46:35.650+0000][8][safepoint   ] Safepoint "G1CollectForAllocation", Time since last: 7938774474 ns, Reaching safepoint: 125211 ns, At safepoint: 1924122 ns, Total: 2049333 ns
[2021-05-11T02:46:35.650+0000][8][gc          ] GC(74) Concurrent Cycle
[2021-05-11T02:46:35.650+0000][8][gc,marking  ] GC(74) Concurrent Clear Claimed Marks
[2021-05-11T02:46:35.650+0000][8][gc,marking  ] GC(74) Concurrent Clear Claimed Marks 0.056ms
[2021-05-11T02:46:35.650+0000][8][gc,marking  ] GC(74) Concurrent Scan Root Regions
[2021-05-11T02:46:35.651+0000][8][gc,marking  ] GC(74) Concurrent Scan Root Regions 1.017ms
[2021-05-11T02:46:35.651+0000][8][gc,marking  ] GC(74) Concurrent Mark (3243.266s)
[2021-05-11T02:46:35.651+0000][8][gc,marking  ] GC(74) Concurrent Mark From Roots
[2021-05-11T02:46:35.651+0000][8][gc,task     ] GC(74) Using 2 workers of 2 for marking
[2021-05-11T02:46:35.741+0000][8][gc,marking  ] GC(74) Concurrent Mark From Roots 89.407ms
[2021-05-11T02:46:35.741+0000][8][gc,marking  ] GC(74) Concurrent Preclean
[2021-05-11T02:46:35.741+0000][8][gc,marking  ] GC(74) Concurrent Preclean 0.570ms
[2021-05-11T02:46:35.741+0000][8][gc,marking  ] GC(74) Concurrent Mark (3243.266s, 3243.356s) 90.035ms
[2021-05-11T02:46:35.742+0000][8][gc,start    ] GC(74) Pause Remark
[2021-05-11T02:46:35.746+0000][8][gc          ] GC(74) Pause Remark 117M->117M(256M) 4.865ms
[2021-05-11T02:46:35.746+0000][8][gc,cpu      ] GC(74) User=0.02s Sys=0.00s Real=0.00s
[2021-05-11T02:46:35.746+0000][8][safepoint   ] Safepoint "G1Concurrent", Time since last: 91221555 ns, Reaching safepoint: 84333 ns, At safepoint: 4934745 ns, Total: 5019078 ns
[2021-05-11T02:46:35.747+0000][8][gc,marking  ] GC(74) Concurrent Rebuild Remembered Sets
[2021-05-11T02:46:35.803+0000][8][gc,marking  ] GC(74) Concurrent Rebuild Remembered Sets 56.621ms
[2021-05-11T02:46:35.803+0000][8][gc,start    ] GC(74) Pause Cleanup
[2021-05-11T02:46:35.803+0000][8][gc          ] GC(74) Pause Cleanup 117M->117M(256M) 0.059ms
[2021-05-11T02:46:35.803+0000][8][gc,cpu      ] GC(74) User=0.00s Sys=0.00s Real=0.00s
[2021-05-11T02:46:35.803+0000][8][safepoint   ] Safepoint "G1Concurrent", Time since last: 56683983 ns, Reaching safepoint: 60885 ns, At safepoint: 95449 ns, Total: 156334 ns
[2021-05-11T02:46:35.803+0000][8][gc,marking  ] GC(74) Concurrent Cleanup for Next Mark
[2021-05-11T02:46:35.803+0000][8][gc,marking  ] GC(74) Concurrent Cleanup for Next Mark 0.102ms
[2021-05-11T02:46:35.803+0000][8][gc          ] GC(74) Concurrent Cycle 153.176ms
[2021-05-11T02:46:40.804+0000][8][safepoint   ] Safepoint "Cleanup", Time since last: 5000317105 ns, Reaching safepoint: 110071 ns, At safepoint: 5351 ns, Total: 115422 ns
[2021-05-11T02:46:57.805+0000][8][safepoint   ] Safepoint "Cleanup", Time since last: 17001345464 ns, Reaching safepoint: 82528 ns, At safepoint: 6398 ns, Total: 88926 ns
[2021-05-11T02:47:17.807+0000][8][safepoint   ] Safepoint "Cleanup", Time since last: 20001490253 ns, Reaching safepoint: 103114 ns, At safepoint: 4172 ns, Total: 107286 ns
[2021-05-11T02:47:50.812+0000][8][safepoint   ] Safepoint "Cleanup", Time since last: 33004638598 ns, Reaching safepoint: 82157 ns, At safepoint: 5316 ns, Total: 87473 ns
[2021-05-11T02:48:20.814+0000][8][safepoint   ] Safepoint "Cleanup", Time since last: 30002247381 ns, Reaching safepoint: 84953 ns, At safepoint: 7276 ns, Total: 92229 ns
[2021-05-11T02:48:27.815+0000][8][safepoint   ] Safepoint "Cleanup", Time since last: 7000792516 ns, Reaching safepoint: 92701 ns, At safepoint: 7056 ns, Total: 99757 ns
[2021-05-11T02:48:47.696+0000][8][gc,start    ] GC(75) Pause Young (Normal) (G1 Evacuation Pause)
[2021-05-11T02:48:47.696+0000][8][gc,task     ] GC(75) Using 6 workers of 8 for evacuation
[2021-05-11T02:48:47.696+0000][8][gc,age      ] GC(75) Desired survivor size 6291456 bytes, new threshold 15 (max threshold 15)
[2021-05-11T02:48:47.698+0000][8][gc,age      ] GC(75) Age table with threshold 15 (max threshold 15)
[2021-05-11T02:48:47.698+0000][8][gc,age      ] GC(75) - age   1:     525256 bytes,     525256 total
[2021-05-11T02:48:47.698+0000][8][gc,age      ] GC(75) - age   2:       1248 bytes,     526504 total
[2021-05-11T02:48:47.698+0000][8][gc,age      ] GC(75) - age   3:     307744 bytes,     834248 total
[2021-05-11T02:48:47.698+0000][8][gc,age      ] GC(75) - age   4:       2872 bytes,     837120 total
[2021-05-11T02:48:47.698+0000][8][gc,age      ] GC(75) - age   5:       2864 bytes,     839984 total
[2021-05-11T02:48:47.698+0000][8][gc,age      ] GC(75) - age   6:       8320 bytes,     848304 total
[2021-05-11T02:48:47.698+0000][8][gc,age      ] GC(75) - age   7:       2896 bytes,     851200 total
[2021-05-11T02:48:47.698+0000][8][gc,age      ] GC(75) - age   8:      23856 bytes,     875056 total
[2021-05-11T02:48:47.698+0000][8][gc,age      ] GC(75) - age   9:       2560 bytes,     877616 total
[2021-05-11T02:48:47.698+0000][8][gc,age      ] GC(75) - age  10:       3976 bytes,     881592 total
[2021-05-11T02:48:47.698+0000][8][gc,age      ] GC(75) - age  11:       9744 bytes,     891336 total
[2021-05-11T02:48:47.698+0000][8][gc,age      ] GC(75) - age  12:       3656 bytes,     894992 total
[2021-05-11T02:48:47.698+0000][8][gc,age      ] GC(75) - age  13:       2256 bytes,     897248 total
[2021-05-11T02:48:47.698+0000][8][gc,age      ] GC(75) - age  14:       2200 bytes,     899448 total
[2021-05-11T02:48:47.698+0000][8][gc,age      ] GC(75) - age  15:      41944 bytes,     941392 total
[2021-05-11T02:48:47.698+0000][8][gc,phases   ] GC(75)   Pre Evacuate Collection Set: 0.0ms
[2021-05-11T02:48:47.698+0000][8][gc,phases   ] GC(75)   Merge Heap Roots: 0.1ms
[2021-05-11T02:48:47.698+0000][8][gc,phases   ] GC(75)   Evacuate Collection Set: 1.3ms
[2021-05-11T02:48:47.698+0000][8][gc,phases   ] GC(75)   Post Evacuate Collection Set: 0.5ms
[2021-05-11T02:48:47.698+0000][8][gc,phases   ] GC(75)   Other: 0.2ms
[2021-05-11T02:48:47.698+0000][8][gc,heap     ] GC(75) Eden regions: 22->0(22)
[2021-05-11T02:48:47.698+0000][8][gc,heap     ] GC(75) Survivor regions: 1->1(3)
[2021-05-11T02:48:47.698+0000][8][gc,heap     ] GC(75) Old regions: 26->26
[2021-05-11T02:48:47.698+0000][8][gc,heap     ] GC(75) Archive regions: 2->2
[2021-05-11T02:48:47.698+0000][8][gc,heap     ] GC(75) Humongous regions: 2->2
[2021-05-11T02:48:47.698+0000][8][gc,metaspace] GC(75) Metaspace: 107068K(111728K)->107068K(111728K) NonClass: 93182K(96496K)->93182K(96496K) Class: 13886K(15232K)->13886K(15232K)
[2021-05-11T02:48:47.698+0000][8][gc          ] GC(75) Pause Young (Normal) (G1 Evacuation Pause) 204M->116M(256M) 2.194ms
[2021-05-11T02:48:47.698+0000][8][gc,cpu      ] GC(75) User=0.01s Sys=0.00s Real=0.00s
[2021-05-11T02:48:47.698+0000][8][safepoint   ] Safepoint "G1CollectForAllocation", Time since last: 19881180682 ns, Reaching safepoint: 144511 ns, At safepoint: 2256989 ns, Total: 2401500 ns
[2021-05-11T02:48:55.699+0000][8][safepoint   ] Safepoint "Cleanup", Time since last: 8000611327 ns, Reaching safepoint: 80055 ns, At safepoint: 7502 ns, Total: 87557 ns
[2021-05-11T02:48:58.852+0000][8][safepoint   ] Safepoint "Cleanup", Time since last: 3153112091 ns, Reaching safepoint: 70257 ns, At safepoint: 5824 ns, Total: 76081 ns
[2021-05-11T02:49:17.854+0000][8][safepoint   ] Safepoint "Cleanup", Time since last: 19001366542 ns, Reaching safepoint: 125345 ns, At safepoint: 7248 ns, Total: 132593 ns
[2021-05-11T02:49:26.854+0000][8][safepoint   ] Safepoint "Cleanup", Time since last: 9000603132 ns, Reaching safepoint: 76658 ns, At safepoint: 5304 ns, Total: 81962 ns
[2021-05-11T02:49:27.855+0000][8][safepoint   ] Safepoint "Cleanup", Time since last: 1000162187 ns, Reaching safepoint: 75160 ns, At safepoint: 4595 ns, Total: 79755 ns
[2021-05-11T02:49:29.855+0000][8][safepoint   ] Safepoint "Cleanup", Time since last: 2000147431 ns, Reaching safepoint: 67075 ns, At safepoint: 4906 ns, Total: 71981 ns
[2021-05-11T02:49:53.857+0000][8][safepoint   ] Safepoint "Cleanup", Time since last: 24001632799 ns, Reaching safepoint: 79246 ns, At safepoint: 5037 ns, Total: 84283 ns
[2021-05-11T02:49:56.857+0000][8][safepoint   ] Safepoint "Cleanup", Time since last: 3000258374 ns, Reaching safepoint: 64082 ns, At safepoint: 4083 ns, Total: 68165 ns
[2021-05-11T02:50:05.858+0000][8][safepoint   ] Safepoint "Cleanup", Time since last: 9000856079 ns, Reaching safepoint: 106651 ns, At safepoint: 6647 ns, Total: 113298 ns
[2021-05-11T02:50:20.859+0000][8][safepoint   ] Safepoint "Cleanup", Time since last: 15001183636 ns, Reaching safepoint: 119848 ns, At safepoint: 6500 ns, Total: 126348 ns
[2021-05-11T02:50:49.862+0000][8][safepoint   ] Safepoint "Cleanup", Time since last: 29002447785 ns, Reaching safepoint: 117290 ns, At safepoint: 6866 ns, Total: 124156 ns
[2021-05-11T02:50:53.862+0000][8][safepoint   ] Safepoint "Cleanup", Time since last: 4000474190 ns, Reaching safepoint: 73302 ns, At safepoint: 5151 ns, Total: 78453 ns
[2021-05-11T02:50:56.863+0000][8][safepoint   ] Safepoint "Cleanup", Time since last: 3000220864 ns, Reaching safepoint: 72912 ns, At safepoint: 4793 ns, Total: 77705 ns
[2021-05-11T02:51:02.748+0000][8][gc,start    ] GC(76) Pause Young (Concurrent Start) (G1 Evacuation Pause)
[2021-05-11T02:51:02.748+0000][8][gc,task     ] GC(76) Using 6 workers of 8 for evacuation
[2021-05-11T02:51:02.748+0000][8][gc,age      ] GC(76) Desired survivor size 6291456 bytes, new threshold 15 (max threshold 15)
[2021-05-11T02:51:02.750+0000][8][gc,age      ] GC(76) Age table with threshold 15 (max threshold 15)
[2021-05-11T02:51:02.750+0000][8][gc,age      ] GC(76) - age   1:     517080 bytes,     517080 total
[2021-05-11T02:51:02.750+0000][8][gc,age      ] GC(76) - age   2:       1952 bytes,     519032 total
[2021-05-11T02:51:02.750+0000][8][gc,age      ] GC(76) - age   3:       1008 bytes,     520040 total
[2021-05-11T02:51:02.750+0000][8][gc,age      ] GC(76) - age   4:     307744 bytes,     827784 total
[2021-05-11T02:51:02.750+0000][8][gc,age      ] GC(76) - age   5:       2872 bytes,     830656 total
[2021-05-11T02:51:02.750+0000][8][gc,age      ] GC(76) - age   6:       2864 bytes,     833520 total
[2021-05-11T02:51:02.750+0000][8][gc,age      ] GC(76) - age   7:       8144 bytes,     841664 total
[2021-05-11T02:51:02.750+0000][8][gc,age      ] GC(76) - age   8:       2896 bytes,     844560 total
[2021-05-11T02:51:02.750+0000][8][gc,age      ] GC(76) - age   9:      23656 bytes,     868216 total
[2021-05-11T02:51:02.750+0000][8][gc,age      ] GC(76) - age  10:       2520 bytes,     870736 total
[2021-05-11T02:51:02.750+0000][8][gc,age      ] GC(76) - age  11:       3976 bytes,     874712 total
[2021-05-11T02:51:02.750+0000][8][gc,age      ] GC(76) - age  12:       9744 bytes,     884456 total
[2021-05-11T02:51:02.750+0000][8][gc,age      ] GC(76) - age  13:       3656 bytes,     888112 total
[2021-05-11T02:51:02.750+0000][8][gc,age      ] GC(76) - age  14:       2256 bytes,     890368 total
[2021-05-11T02:51:02.750+0000][8][gc,age      ] GC(76) - age  15:       2200 bytes,     892568 total
[2021-05-11T02:51:02.750+0000][8][gc,phases   ] GC(76)   Pre Evacuate Collection Set: 0.1ms
[2021-05-11T02:51:02.750+0000][8][gc,phases   ] GC(76)   Merge Heap Roots: 0.0ms
[2021-05-11T02:51:02.750+0000][8][gc,phases   ] GC(76)   Evacuate Collection Set: 1.1ms
[2021-05-11T02:51:02.750+0000][8][gc,phases   ] GC(76)   Post Evacuate Collection Set: 0.5ms
[2021-05-11T02:51:02.750+0000][8][gc,phases   ] GC(76)   Other: 0.2ms
[2021-05-11T02:51:02.750+0000][8][gc,heap     ] GC(76) Eden regions: 22->0(22)
[2021-05-11T02:51:02.750+0000][8][gc,heap     ] GC(76) Survivor regions: 1->1(3)
[2021-05-11T02:51:02.750+0000][8][gc,heap     ] GC(76) Old regions: 26->26
[2021-05-11T02:51:02.750+0000][8][gc,heap     ] GC(76) Archive regions: 2->2
[2021-05-11T02:51:02.750+0000][8][gc,heap     ] GC(76) Humongous regions: 2->2
[2021-05-11T02:51:02.750+0000][8][gc,metaspace] GC(76) Metaspace: 107115K(111728K)->107115K(111728K) NonClass: 93228K(96496K)->93228K(96496K) Class: 13886K(15232K)->13886K(15232K)
[2021-05-11T02:51:02.750+0000][8][gc          ] GC(76) Pause Young (Concurrent Start) (G1 Evacuation Pause) 204M->116M(256M) 1.944ms
[2021-05-11T02:51:02.750+0000][8][gc,cpu      ] GC(76) User=0.01s Sys=0.00s Real=0.00s
[2021-05-11T02:51:02.750+0000][8][safepoint   ] Safepoint "G1CollectForAllocation", Time since last: 5885087207 ns, Reaching safepoint: 114101 ns, At safepoint: 2003473 ns, Total: 2117574 ns
[2021-05-11T02:51:02.750+0000][8][gc          ] GC(77) Concurrent Cycle
[2021-05-11T02:51:02.750+0000][8][gc,marking  ] GC(77) Concurrent Clear Claimed Marks
[2021-05-11T02:51:02.750+0000][8][gc,marking  ] GC(77) Concurrent Clear Claimed Marks 0.055ms
[2021-05-11T02:51:02.750+0000][8][gc,marking  ] GC(77) Concurrent Scan Root Regions
[2021-05-11T02:51:02.751+0000][8][gc,marking  ] GC(77) Concurrent Scan Root Regions 0.743ms
[2021-05-11T02:51:02.751+0000][8][gc,marking  ] GC(77) Concurrent Mark (3510.365s)
[2021-05-11T02:51:02.751+0000][8][gc,marking  ] GC(77) Concurrent Mark From Roots
[2021-05-11T02:51:02.751+0000][8][gc,task     ] GC(77) Using 2 workers of 2 for marking
[2021-05-11T02:51:02.833+0000][8][gc,marking  ] GC(77) Concurrent Mark From Roots 82.263ms
[2021-05-11T02:51:02.833+0000][8][gc,marking  ] GC(77) Concurrent Preclean
[2021-05-11T02:51:02.833+0000][8][gc,marking  ] GC(77) Concurrent Preclean 0.224ms
[2021-05-11T02:51:02.833+0000][8][gc,marking  ] GC(77) Concurrent Mark (3510.365s, 3510.448s) 82.531ms
[2021-05-11T02:51:02.833+0000][8][gc,start    ] GC(77) Pause Remark
[2021-05-11T02:51:02.838+0000][8][gc          ] GC(77) Pause Remark 116M->116M(256M) 5.040ms
[2021-05-11T02:51:02.838+0000][8][gc,cpu      ] GC(77) User=0.03s Sys=0.00s Real=0.00s
[2021-05-11T02:51:02.839+0000][8][safepoint   ] Safepoint "G1Concurrent", Time since last: 83465307 ns, Reaching safepoint: 116814 ns, At safepoint: 5119290 ns, Total: 5236104 ns
[2021-05-11T02:51:02.839+0000][8][gc,marking  ] GC(77) Concurrent Rebuild Remembered Sets
[2021-05-11T02:51:02.894+0000][8][gc,marking  ] GC(77) Concurrent Rebuild Remembered Sets 55.520ms
[2021-05-11T02:51:02.894+0000][8][gc,start    ] GC(77) Pause Cleanup
[2021-05-11T02:51:02.894+0000][8][gc          ] GC(77) Pause Cleanup 116M->116M(256M) 0.067ms
[2021-05-11T02:51:02.894+0000][8][gc,cpu      ] GC(77) User=0.00s Sys=0.00s Real=0.00s
[2021-05-11T02:51:02.894+0000][8][safepoint   ] Safepoint "G1Concurrent", Time since last: 55620434 ns, Reaching safepoint: 121118 ns, At safepoint: 103849 ns, Total: 224967 ns
[2021-05-11T02:51:02.894+0000][8][gc,marking  ] GC(77) Concurrent Cleanup for Next Mark
[2021-05-11T02:51:02.895+0000][8][gc,marking  ] GC(77) Concurrent Cleanup for Next Mark 0.178ms
[2021-05-11T02:51:02.895+0000][8][gc          ] GC(77) Concurrent Cycle 144.726ms
[2021-05-11T02:51:17.896+0000][8][safepoint   ] Safepoint "Cleanup", Time since last: 15001211878 ns, Reaching safepoint: 77941 ns, At safepoint: 4657 ns, Total: 82598 ns
[2021-05-11T02:51:25.896+0000][8][safepoint   ] Safepoint "Cleanup", Time since last: 8000576511 ns, Reaching safepoint: 65171 ns, At safepoint: 4405 ns, Total: 69576 ns
[2021-05-11T02:51:30.897+0000][8][safepoint   ] Safepoint "Cleanup", Time since last: 5000313428 ns, Reaching safepoint: 85269 ns, At safepoint: 3208 ns, Total: 88477 ns
[2021-05-11T02:51:49.898+0000][8][safepoint   ] Safepoint "Cleanup", Time since last: 19001603973 ns, Reaching safepoint: 89421 ns, At safepoint: 4754 ns, Total: 94175 ns
[2021-05-11T02:51:50.899+0000][8][safepoint   ] Safepoint "Cleanup", Time since last: 1000089411 ns, Reaching safepoint: 98289 ns, At safepoint: 4872 ns, Total: 103161 ns
[2021-05-11T02:51:53.899+0000][8][safepoint   ] Safepoint "Cleanup", Time since last: 3000260351 ns, Reaching safepoint: 69381 ns, At safepoint: 5055 ns, Total: 74436 ns
[2021-05-11T02:52:23.902+0000][8][safepoint   ] Safepoint "Cleanup", Time since last: 30002745375 ns, Reaching safepoint: 105545 ns, At safepoint: 5062 ns, Total: 110607 ns
[2021-05-11T02:52:26.902+0000][8][safepoint   ] Safepoint "Cleanup", Time since last: 3000288689 ns, Reaching safepoint: 70434 ns, At safepoint: 5960 ns, Total: 76394 ns
[2021-05-11T02:52:50.905+0000][8][safepoint   ] Safepoint "Cleanup", Time since last: 24002299372 ns, Reaching safepoint: 102429 ns, At safepoint: 4362 ns, Total: 106791 ns
[2021-05-11T02:52:53.818+0000][8][gc,start    ] GC(78) Pause Young (Normal) (G1 Evacuation Pause)
[2021-05-11T02:52:53.818+0000][8][gc,task     ] GC(78) Using 6 workers of 8 for evacuation
[2021-05-11T02:52:53.818+0000][8][gc,age      ] GC(78) Desired survivor size 6291456 bytes, new threshold 15 (max threshold 15)
[2021-05-11T02:52:53.820+0000][8][gc,age      ] GC(78) Age table with threshold 15 (max threshold 15)
[2021-05-11T02:52:53.820+0000][8][gc,age      ] GC(78) - age   1:     797328 bytes,     797328 total
[2021-05-11T02:52:53.820+0000][8][gc,age      ] GC(78) - age   2:       8624 bytes,     805952 total
[2021-05-11T02:52:53.820+0000][8][gc,age      ] GC(78) - age   3:       1584 bytes,     807536 total
[2021-05-11T02:52:53.820+0000][8][gc,age      ] GC(78) - age   4:        768 bytes,     808304 total
[2021-05-11T02:52:53.820+0000][8][gc,age      ] GC(78) - age   5:     130128 bytes,     938432 total
[2021-05-11T02:52:53.820+0000][8][gc,age      ] GC(78) - age   6:       2872 bytes,     941304 total
[2021-05-11T02:52:53.820+0000][8][gc,age      ] GC(78) - age   7:       2824 bytes,     944128 total
[2021-05-11T02:52:53.820+0000][8][gc,age      ] GC(78) - age   8:       7936 bytes,     952064 total
[2021-05-11T02:52:53.820+0000][8][gc,age      ] GC(78) - age   9:       2896 bytes,     954960 total
[2021-05-11T02:52:53.820+0000][8][gc,age      ] GC(78) - age  10:      22680 bytes,     977640 total
[2021-05-11T02:52:53.820+0000][8][gc,age      ] GC(78) - age  11:       2520 bytes,     980160 total
[2021-05-11T02:52:53.820+0000][8][gc,age      ] GC(78) - age  12:       3976 bytes,     984136 total
[2021-05-11T02:52:53.820+0000][8][gc,age      ] GC(78) - age  13:       9744 bytes,     993880 total
[2021-05-11T02:52:53.820+0000][8][gc,age      ] GC(78) - age  14:       3656 bytes,     997536 total
[2021-05-11T02:52:53.820+0000][8][gc,age      ] GC(78) - age  15:       1984 bytes,     999520 total
[2021-05-11T02:52:53.820+0000][8][gc,phases   ] GC(78)   Pre Evacuate Collection Set: 0.0ms
[2021-05-11T02:52:53.820+0000][8][gc,phases   ] GC(78)   Merge Heap Roots: 0.0ms
[2021-05-11T02:52:53.820+0000][8][gc,phases   ] GC(78)   Evacuate Collection Set: 1.3ms
[2021-05-11T02:52:53.820+0000][8][gc,phases   ] GC(78)   Post Evacuate Collection Set: 0.4ms
[2021-05-11T02:52:53.820+0000][8][gc,phases   ] GC(78)   Other: 0.3ms
[2021-05-11T02:52:53.820+0000][8][gc,heap     ] GC(78) Eden regions: 22->0(22)
[2021-05-11T02:52:53.820+0000][8][gc,heap     ] GC(78) Survivor regions: 1->1(3)
[2021-05-11T02:52:53.820+0000][8][gc,heap     ] GC(78) Old regions: 26->26
[2021-05-11T02:52:53.820+0000][8][gc,heap     ] GC(78) Archive regions: 2->2
[2021-05-11T02:52:53.820+0000][8][gc,heap     ] GC(78) Humongous regions: 2->2
[2021-05-11T02:52:53.820+0000][8][gc,metaspace] GC(78) Metaspace: 107165K(111728K)->107165K(111728K) NonClass: 93278K(96496K)->93278K(96496K) Class: 13886K(15232K)->13886K(15232K)
[2021-05-11T02:52:53.820+0000][8][gc          ] GC(78) Pause Young (Normal) (G1 Evacuation Pause) 204M->116M(256M) 2.269ms
[2021-05-11T02:52:53.820+0000][8][gc,cpu      ] GC(78) User=0.01s Sys=0.00s Real=0.00s
[2021-05-11T02:52:53.820+0000][8][safepoint   ] Safepoint "G1CollectForAllocation", Time since last: 2913286606 ns, Reaching safepoint: 85784 ns, At safepoint: 2424139 ns, Total: 2509923 ns
[2021-05-11T02:52:54.821+0000][8][safepoint   ] Safepoint "Cleanup", Time since last: 1000110691 ns, Reaching safepoint: 71280 ns, At safepoint: 4136 ns, Total: 75416 ns
[2021-05-11T02:52:57.821+0000][8][safepoint   ] Safepoint "Cleanup", Time since last: 3000371931 ns, Reaching safepoint: 87573 ns, At safepoint: 6167 ns, Total: 93740 ns
[2021-05-11T02:53:20.823+0000][8][safepoint   ] Safepoint "Cleanup", Time since last: 23002181205 ns, Reaching safepoint: 115007 ns, At safepoint: 7390 ns, Total: 122397 ns
[2021-05-11T02:53:21.823+0000][8][safepoint   ] Safepoint "Cleanup", Time since last: 1000088159 ns, Reaching safepoint: 70901 ns, At safepoint: 6112 ns, Total: 77013 ns
[2021-05-11T02:53:25.824+0000][8][safepoint   ] Safepoint "Cleanup", Time since last: 4000273486 ns, Reaching safepoint: 92079 ns, At safepoint: 5499 ns, Total: 97578 ns
[2021-05-11T02:53:47.833+0000][8][safepoint   ] Safepoint "Cleanup", Time since last: 22008711516 ns, Reaching safepoint: 97417 ns, At safepoint: 5695 ns, Total: 103112 ns
[2021-05-11T02:53:50.833+0000][8][safepoint   ] Safepoint "Cleanup", Time since last: 3000294303 ns, Reaching safepoint: 124028 ns, At safepoint: 9054 ns, Total: 133082 ns
[2021-05-11T02:53:55.834+0000][8][safepoint   ] Safepoint "Cleanup", Time since last: 5000464190 ns, Reaching safepoint: 122494 ns, At safepoint: 7152 ns, Total: 129646 ns
[2021-05-11T02:53:57.834+0000][8][safepoint   ] Safepoint "Cleanup", Time since last: 2000163139 ns, Reaching safepoint: 73617 ns, At safepoint: 6032 ns, Total: 79649 ns
[2021-05-11T02:54:25.837+0000][8][safepoint   ] Safepoint "Cleanup", Time since last: 28002527608 ns, Reaching safepoint: 120642 ns, At safepoint: 5337 ns, Total: 125979 ns
[2021-05-11T02:54:27.837+0000][8][safepoint   ] Safepoint "Cleanup", Time since last: 2000171551 ns, Reaching safepoint: 154182 ns, At safepoint: 6135 ns, Total: 160317 ns
[2021-05-11T02:54:53.839+0000][8][safepoint   ] Safepoint "Cleanup", Time since last: 26002076739 ns, Reaching safepoint: 92618 ns, At safepoint: 4131 ns, Total: 96749 ns
[2021-05-11T02:55:00.586+0000][8][gc,start    ] GC(79) Pause Young (Concurrent Start) (G1 Evacuation Pause)
[2021-05-11T02:55:00.586+0000][8][gc,task     ] GC(79) Using 6 workers of 8 for evacuation
[2021-05-11T02:55:00.586+0000][8][gc,age      ] GC(79) Desired survivor size 6291456 bytes, new threshold 15 (max threshold 15)
[2021-05-11T02:55:00.588+0000][8][gc,age      ] GC(79) Age table with threshold 15 (max threshold 15)
[2021-05-11T02:55:00.588+0000][8][gc,age      ] GC(79) - age   1:     545280 bytes,     545280 total
[2021-05-11T02:55:00.588+0000][8][gc,age      ] GC(79) - age   2:     278552 bytes,     823832 total
[2021-05-11T02:55:00.588+0000][8][gc,age      ] GC(79) - age   3:       5840 bytes,     829672 total
[2021-05-11T02:55:00.588+0000][8][gc,age      ] GC(79) - age   4:       1480 bytes,     831152 total
[2021-05-11T02:55:00.588+0000][8][gc,age      ] GC(79) - age   5:        768 bytes,     831920 total
[2021-05-11T02:55:00.588+0000][8][gc,age      ] GC(79) - age   6:     130032 bytes,     961952 total
[2021-05-11T02:55:00.588+0000][8][gc,age      ] GC(79) - age   7:       2872 bytes,     964824 total
[2021-05-11T02:55:00.588+0000][8][gc,age      ] GC(79) - age   8:       2824 bytes,     967648 total
[2021-05-11T02:55:00.588+0000][8][gc,age      ] GC(79) - age   9:       7936 bytes,     975584 total
[2021-05-11T02:55:00.588+0000][8][gc,age      ] GC(79) - age  10:       2896 bytes,     978480 total
[2021-05-11T02:55:00.588+0000][8][gc,age      ] GC(79) - age  11:      22680 bytes,    1001160 total
[2021-05-11T02:55:00.588+0000][8][gc,age      ] GC(79) - age  12:       2520 bytes,    1003680 total
[2021-05-11T02:55:00.588+0000][8][gc,age      ] GC(79) - age  13:       3976 bytes,    1007656 total
[2021-05-11T02:55:00.588+0000][8][gc,age      ] GC(79) - age  14:       9720 bytes,    1017376 total
[2021-05-11T02:55:00.588+0000][8][gc,age      ] GC(79) - age  15:       3656 bytes,    1021032 total
[2021-05-11T02:55:00.588+0000][8][gc,phases   ] GC(79)   Pre Evacuate Collection Set: 0.1ms
[2021-05-11T02:55:00.588+0000][8][gc,phases   ] GC(79)   Merge Heap Roots: 0.0ms
[2021-05-11T02:55:00.588+0000][8][gc,phases   ] GC(79)   Evacuate Collection Set: 1.1ms
[2021-05-11T02:55:00.588+0000][8][gc,phases   ] GC(79)   Post Evacuate Collection Set: 0.4ms
[2021-05-11T02:55:00.588+0000][8][gc,phases   ] GC(79)   Other: 0.2ms
[2021-05-11T02:55:00.588+0000][8][gc,heap     ] GC(79) Eden regions: 22->0(22)
[2021-05-11T02:55:00.588+0000][8][gc,heap     ] GC(79) Survivor regions: 1->1(3)
[2021-05-11T02:55:00.588+0000][8][gc,heap     ] GC(79) Old regions: 26->26
[2021-05-11T02:55:00.588+0000][8][gc,heap     ] GC(79) Archive regions: 2->2
[2021-05-11T02:55:00.588+0000][8][gc,heap     ] GC(79) Humongous regions: 2->2
[2021-05-11T02:55:00.588+0000][8][gc,metaspace] GC(79) Metaspace: 107210K(111728K)->107210K(111728K) NonClass: 93323K(96496K)->93323K(96496K) Class: 13886K(15232K)->13886K(15232K)
[2021-05-11T02:55:00.588+0000][8][gc          ] GC(79) Pause Young (Concurrent Start) (G1 Evacuation Pause) 204M->116M(256M) 1.916ms
[2021-05-11T02:55:00.588+0000][8][gc,cpu      ] GC(79) User=0.00s Sys=0.00s Real=0.00s
[2021-05-11T02:55:00.588+0000][8][gc          ] GC(80) Concurrent Cycle
[2021-05-11T02:55:00.588+0000][8][safepoint   ] Safepoint "G1CollectForAllocation", Time since last: 6746615583 ns, Reaching safepoint: 90940 ns, At safepoint: 1980332 ns, Total: 2071272 ns
[2021-05-11T02:55:00.588+0000][8][gc,marking  ] GC(80) Concurrent Clear Claimed Marks
[2021-05-11T02:55:00.588+0000][8][gc,marking  ] GC(80) Concurrent Clear Claimed Marks 0.063ms
[2021-05-11T02:55:00.588+0000][8][gc,marking  ] GC(80) Concurrent Scan Root Regions
[2021-05-11T02:55:00.589+0000][8][gc,marking  ] GC(80) Concurrent Scan Root Regions 1.475ms
[2021-05-11T02:55:00.589+0000][8][gc,marking  ] GC(80) Concurrent Mark (3748.204s)
[2021-05-11T02:55:00.589+0000][8][gc,marking  ] GC(80) Concurrent Mark From Roots
[2021-05-11T02:55:00.589+0000][8][gc,task     ] GC(80) Using 2 workers of 2 for marking
[2021-05-11T02:55:00.672+0000][8][gc,marking  ] GC(80) Concurrent Mark From Roots 82.718ms
[2021-05-11T02:55:00.672+0000][8][gc,marking  ] GC(80) Concurrent Preclean
[2021-05-11T02:55:00.672+0000][8][gc,marking  ] GC(80) Concurrent Preclean 0.227ms
[2021-05-11T02:55:00.672+0000][8][gc,marking  ] GC(80) Concurrent Mark (3748.204s, 3748.287s) 82.991ms
[2021-05-11T02:55:00.672+0000][8][gc,start    ] GC(80) Pause Remark
[2021-05-11T02:55:00.678+0000][8][gc          ] GC(80) Pause Remark 116M->116M(256M) 5.150ms
[2021-05-11T02:55:00.678+0000][8][gc,cpu      ] GC(80) User=0.03s Sys=0.00s Real=0.01s
[2021-05-11T02:55:00.678+0000][8][safepoint   ] Safepoint "G1Concurrent", Time since last: 84597837 ns, Reaching safepoint: 69950 ns, At safepoint: 5230987 ns, Total: 5300937 ns
[2021-05-11T02:55:00.678+0000][8][gc,marking  ] GC(80) Concurrent Rebuild Remembered Sets
[2021-05-11T02:55:00.743+0000][8][gc,marking  ] GC(80) Concurrent Rebuild Remembered Sets 64.876ms
[2021-05-11T02:55:00.743+0000][8][gc,start    ] GC(80) Pause Cleanup
[2021-05-11T02:55:00.743+0000][8][gc          ] GC(80) Pause Cleanup 116M->116M(256M) 0.074ms
[2021-05-11T02:55:00.743+0000][8][gc,cpu      ] GC(80) User=0.00s Sys=0.00s Real=0.00s
[2021-05-11T02:55:00.743+0000][8][safepoint   ] Safepoint "G1Concurrent", Time since last: 64950533 ns, Reaching safepoint: 80568 ns, At safepoint: 112389 ns, Total: 192957 ns
[2021-05-11T02:55:00.743+0000][8][gc,marking  ] GC(80) Concurrent Cleanup for Next Mark
[2021-05-11T02:55:00.743+0000][8][gc,marking  ] GC(80) Concurrent Cleanup for Next Mark 0.132ms
[2021-05-11T02:55:00.743+0000][8][gc          ] GC(80) Concurrent Cycle 155.211ms
[2021-05-11T02:55:17.744+0000][8][safepoint   ] Safepoint "Cleanup", Time since last: 17001191219 ns, Reaching safepoint: 151239 ns, At safepoint: 7498 ns, Total: 158737 ns
[2021-05-11T02:55:53.748+0000][8][safepoint   ] Safepoint "Cleanup", Time since last: 36003327869 ns, Reaching safepoint: 93030 ns, At safepoint: 5980 ns, Total: 99010 ns
[2021-05-11T02:56:17.750+0000][8][safepoint   ] Safepoint "Cleanup", Time since last: 24002492804 ns, Reaching safepoint: 84505 ns, At safepoint: 5639 ns, Total: 90144 ns
[2021-05-11T02:56:47.752+0000][8][safepoint   ] Safepoint "Cleanup", Time since last: 30002139202 ns, Reaching safepoint: 91771 ns, At safepoint: 6240 ns, Total: 98011 ns
[2021-05-11T02:56:53.753+0000][8][safepoint   ] Safepoint "Cleanup", Time since last: 6000433409 ns, Reaching safepoint: 102010 ns, At safepoint: 5681 ns, Total: 107691 ns
[2021-05-11T02:56:57.753+0000][8][safepoint   ] Safepoint "Cleanup", Time since last: 4000366383 ns, Reaching safepoint: 80129 ns, At safepoint: 6266 ns, Total: 86395 ns
[2021-05-11T02:57:09.755+0000][8][safepoint   ] Safepoint "Cleanup", Time since last: 12001295874 ns, Reaching safepoint: 135959 ns, At safepoint: 6888 ns, Total: 142847 ns
[2021-05-11T02:57:15.755+0000][8][safepoint   ] Safepoint "Cleanup", Time since last: 6000573203 ns, Reaching safepoint: 71544 ns, At safepoint: 5259 ns, Total: 76803 ns
[2021-05-11T02:57:20.756+0000][8][safepoint   ] Safepoint "Cleanup", Time since last: 5000434404 ns, Reaching safepoint: 180773 ns, At safepoint: 7262 ns, Total: 188035 ns
[2021-05-11T02:57:23.104+0000][8][gc,start    ] GC(81) Pause Young (Normal) (G1 Evacuation Pause)
[2021-05-11T02:57:23.104+0000][8][gc,task     ] GC(81) Using 6 workers of 8 for evacuation
[2021-05-11T02:57:23.104+0000][8][gc,age      ] GC(81) Desired survivor size 6291456 bytes, new threshold 15 (max threshold 15)
[2021-05-11T02:57:23.106+0000][8][gc,age      ] GC(81) Age table with threshold 15 (max threshold 15)
[2021-05-11T02:57:23.106+0000][8][gc,age      ] GC(81) - age   1:     510840 bytes,     510840 total
[2021-05-11T02:57:23.106+0000][8][gc,age      ] GC(81) - age   2:       1840 bytes,     512680 total
[2021-05-11T02:57:23.106+0000][8][gc,age      ] GC(81) - age   3:     157416 bytes,     670096 total
[2021-05-11T02:57:23.106+0000][8][gc,age      ] GC(81) - age   4:       5720 bytes,     675816 total
[2021-05-11T02:57:23.106+0000][8][gc,age      ] GC(81) - age   5:       1480 bytes,     677296 total
[2021-05-11T02:57:23.106+0000][8][gc,age      ] GC(81) - age   6:        768 bytes,     678064 total
[2021-05-11T02:57:23.106+0000][8][gc,age      ] GC(81) - age   7:     130032 bytes,     808096 total
[2021-05-11T02:57:23.106+0000][8][gc,age      ] GC(81) - age   8:       2872 bytes,     810968 total
[2021-05-11T02:57:23.106+0000][8][gc,age      ] GC(81) - age   9:       2824 bytes,     813792 total
[2021-05-11T02:57:23.106+0000][8][gc,age      ] GC(81) - age  10:       7936 bytes,     821728 total
[2021-05-11T02:57:23.106+0000][8][gc,age      ] GC(81) - age  11:       2896 bytes,     824624 total
[2021-05-11T02:57:23.106+0000][8][gc,age      ] GC(81) - age  12:      22680 bytes,     847304 total
[2021-05-11T02:57:23.106+0000][8][gc,age      ] GC(81) - age  13:       2520 bytes,     849824 total
[2021-05-11T02:57:23.106+0000][8][gc,age      ] GC(81) - age  14:       3976 bytes,     853800 total
[2021-05-11T02:57:23.106+0000][8][gc,age      ] GC(81) - age  15:       9720 bytes,     863520 total
[2021-05-11T02:57:23.106+0000][8][gc,phases   ] GC(81)   Pre Evacuate Collection Set: 0.1ms
[2021-05-11T02:57:23.106+0000][8][gc,phases   ] GC(81)   Merge Heap Roots: 0.0ms
[2021-05-11T02:57:23.106+0000][8][gc,phases   ] GC(81)   Evacuate Collection Set: 1.2ms
[2021-05-11T02:57:23.106+0000][8][gc,phases   ] GC(81)   Post Evacuate Collection Set: 0.6ms
[2021-05-11T02:57:23.106+0000][8][gc,phases   ] GC(81)   Other: 0.2ms
[2021-05-11T02:57:23.106+0000][8][gc,heap     ] GC(81) Eden regions: 22->0(22)
[2021-05-11T02:57:23.106+0000][8][gc,heap     ] GC(81) Survivor regions: 1->1(3)
[2021-05-11T02:57:23.106+0000][8][gc,heap     ] GC(81) Old regions: 26->26
[2021-05-11T02:57:23.106+0000][8][gc,heap     ] GC(81) Archive regions: 2->2
[2021-05-11T02:57:23.106+0000][8][gc,heap     ] GC(81) Humongous regions: 2->2
[2021-05-11T02:57:23.106+0000][8][gc,metaspace] GC(81) Metaspace: 107289K(111728K)->107289K(111728K) NonClass: 93401K(96496K)->93401K(96496K) Class: 13887K(15232K)->13887K(15232K)
[2021-05-11T02:57:23.106+0000][8][gc          ] GC(81) Pause Young (Normal) (G1 Evacuation Pause) 204M->116M(256M) 2.149ms
[2021-05-11T02:57:23.106+0000][8][gc,cpu      ] GC(81) User=0.01s Sys=0.01s Real=0.00s
[2021-05-11T02:57:23.106+0000][8][safepoint   ] Safepoint "G1CollectForAllocation", Time since last: 2347401412 ns, Reaching safepoint: 67871 ns, At safepoint: 2205948 ns, Total: 2273819 ns
[2021-05-11T02:57:27.106+0000][8][safepoint   ] Safepoint "Cleanup", Time since last: 4000363049 ns, Reaching safepoint: 110195 ns, At safepoint: 5772 ns, Total: 115967 ns
[2021-05-11T02:57:47.109+0000][8][safepoint   ] Safepoint "Cleanup", Time since last: 20002079926 ns, Reaching safepoint: 155826 ns, At safepoint: 5384 ns, Total: 161210 ns
[2021-05-11T02:57:48.109+0000][8][safepoint   ] Safepoint "Cleanup", Time since last: 1000154448 ns, Reaching safepoint: 88558 ns, At safepoint: 4973 ns, Total: 93531 ns
[2021-05-11T02:57:50.109+0000][8][safepoint   ] Safepoint "Cleanup", Time since last: 2000155645 ns, Reaching safepoint: 108528 ns, At safepoint: 3882 ns, Total: 112410 ns
[2021-05-11T02:57:54.110+0000][8][safepoint   ] Safepoint "Cleanup", Time since last: 4000491153 ns, Reaching safepoint: 75443 ns, At safepoint: 4777 ns, Total: 80220 ns
[2021-05-11T02:57:55.110+0000][8][safepoint   ] Safepoint "Cleanup", Time since last: 1000255311 ns, Reaching safepoint: 100482 ns, At safepoint: 4827 ns, Total: 105309 ns
[2021-05-11T02:57:56.110+0000][8][safepoint   ] Safepoint "Cleanup", Time since last: 1000265384 ns, Reaching safepoint: 134560 ns, At safepoint: 4642 ns, Total: 139202 ns
[2021-05-11T02:57:57.111+0000][8][safepoint   ] Safepoint "Cleanup", Time since last: 1000087105 ns, Reaching safepoint: 92735 ns, At safepoint: 5434 ns, Total: 98169 ns
[2021-05-11T02:58:06.112+0000][8][safepoint   ] Safepoint "Cleanup", Time since last: 9000941367 ns, Reaching safepoint: 92519 ns, At safepoint: 8393 ns, Total: 100912 ns
[2021-05-11T02:58:18.112+0000][8][safepoint   ] Safepoint "Cleanup", Time since last: 12000802275 ns, Reaching safepoint: 79454 ns, At safepoint: 6355 ns, Total: 85809 ns
[2021-05-11T02:58:19.113+0000][8][safepoint   ] Safepoint "Cleanup", Time since last: 1000098742 ns, Reaching safepoint: 69985 ns, At safepoint: 4616 ns, Total: 74601 ns
[2021-05-11T02:58:20.113+0000][8][safepoint   ] Safepoint "Cleanup", Time since last: 1000065107 ns, Reaching safepoint: 80885 ns, At safepoint: 5843 ns, Total: 86728 ns
[2021-05-11T02:58:26.116+0000][8][safepoint   ] Safepoint "Cleanup", Time since last: 6003430345 ns, Reaching safepoint: 102220 ns, At safepoint: 7035 ns, Total: 109255 ns
[2021-05-11T02:58:27.117+0000][8][safepoint   ] Safepoint "Cleanup", Time since last: 1000089157 ns, Reaching safepoint: 72239 ns, At safepoint: 4557 ns, Total: 76796 ns
[2021-05-11T02:58:36.117+0000][8][safepoint   ] Safepoint "Cleanup", Time since last: 9000745627 ns, Reaching safepoint: 92419 ns, At safepoint: 4533 ns, Total: 96952 ns
[2021-05-11T02:58:57.120+0000][8][safepoint   ] Safepoint "Cleanup", Time since last: 21003030601 ns, Reaching safepoint: 78878 ns, At safepoint: 4643 ns, Total: 83521 ns
[2021-05-11T02:59:27.679+0000][8][gc,start    ] GC(82) Pause Young (Concurrent Start) (G1 Evacuation Pause)
[2021-05-11T02:59:27.679+0000][8][gc,task     ] GC(82) Using 6 workers of 8 for evacuation
[2021-05-11T02:59:27.679+0000][8][gc,age      ] GC(82) Desired survivor size 6291456 bytes, new threshold 15 (max threshold 15)
[2021-05-11T02:59:27.681+0000][8][gc,age      ] GC(82) Age table with threshold 15 (max threshold 15)
[2021-05-11T02:59:27.681+0000][8][gc,age      ] GC(82) - age   1:     517928 bytes,     517928 total
[2021-05-11T02:59:27.681+0000][8][gc,age      ] GC(82) - age   2:       2464 bytes,     520392 total
[2021-05-11T02:59:27.681+0000][8][gc,age      ] GC(82) - age   3:       1608 bytes,     522000 total
[2021-05-11T02:59:27.681+0000][8][gc,age      ] GC(82) - age   4:     157280 bytes,     679280 total
[2021-05-11T02:59:27.681+0000][8][gc,age      ] GC(82) - age   5:       5520 bytes,     684800 total
[2021-05-11T02:59:27.681+0000][8][gc,age      ] GC(82) - age   6:       1480 bytes,     686280 total
[2021-05-11T02:59:27.681+0000][8][gc,age      ] GC(82) - age   7:        768 bytes,     687048 total
[2021-05-11T02:59:27.681+0000][8][gc,age      ] GC(82) - age   8:     129992 bytes,     817040 total
[2021-05-11T02:59:27.681+0000][8][gc,age      ] GC(82) - age   9:       2872 bytes,     819912 total
[2021-05-11T02:59:27.681+0000][8][gc,age      ] GC(82) - age  10:       2824 bytes,     822736 total
[2021-05-11T02:59:27.681+0000][8][gc,age      ] GC(82) - age  11:       7936 bytes,     830672 total
[2021-05-11T02:59:27.681+0000][8][gc,age      ] GC(82) - age  12:       2896 bytes,     833568 total
[2021-05-11T02:59:27.681+0000][8][gc,age      ] GC(82) - age  13:      22680 bytes,     856248 total
[2021-05-11T02:59:27.681+0000][8][gc,age      ] GC(82) - age  14:       2520 bytes,     858768 total
[2021-05-11T02:59:27.681+0000][8][gc,age      ] GC(82) - age  15:       3976 bytes,     862744 total
[2021-05-11T02:59:27.681+0000][8][gc,phases   ] GC(82)   Pre Evacuate Collection Set: 0.1ms
[2021-05-11T02:59:27.681+0000][8][gc,phases   ] GC(82)   Merge Heap Roots: 0.0ms
[2021-05-11T02:59:27.681+0000][8][gc,phases   ] GC(82)   Evacuate Collection Set: 1.2ms
[2021-05-11T02:59:27.681+0000][8][gc,phases   ] GC(82)   Post Evacuate Collection Set: 0.4ms
[2021-05-11T02:59:27.681+0000][8][gc,phases   ] GC(82)   Other: 0.3ms
[2021-05-11T02:59:27.681+0000][8][gc,heap     ] GC(82) Eden regions: 22->0(22)
[2021-05-11T02:59:27.681+0000][8][gc,heap     ] GC(82) Survivor regions: 1->1(3)
[2021-05-11T02:59:27.681+0000][8][gc,heap     ] GC(82) Old regions: 26->26
[2021-05-11T02:59:27.681+0000][8][gc,heap     ] GC(82) Archive regions: 2->2
[2021-05-11T02:59:27.681+0000][8][gc,heap     ] GC(82) Humongous regions: 2->2
[2021-05-11T02:59:27.681+0000][8][gc,metaspace] GC(82) Metaspace: 107376K(111984K)->107376K(111984K) NonClass: 93489K(96752K)->93489K(96752K) Class: 13887K(15232K)->13887K(15232K)
[2021-05-11T02:59:27.681+0000][8][gc          ] GC(82) Pause Young (Concurrent Start) (G1 Evacuation Pause) 204M->116M(256M) 2.152ms
[2021-05-11T02:59:27.681+0000][8][gc,cpu      ] GC(82) User=0.01s Sys=0.00s Real=0.01s
[2021-05-11T02:59:27.681+0000][8][gc          ] GC(83) Concurrent Cycle
[2021-05-11T02:59:27.681+0000][8][safepoint   ] Safepoint "G1CollectForAllocation", Time since last: 30558297352 ns, Reaching safepoint: 86897 ns, At safepoint: 2232050 ns, Total: 2318947 ns
[2021-05-11T02:59:27.681+0000][8][gc,marking  ] GC(83) Concurrent Clear Claimed Marks
[2021-05-11T02:59:27.681+0000][8][gc,marking  ] GC(83) Concurrent Clear Claimed Marks 0.072ms
[2021-05-11T02:59:27.681+0000][8][gc,marking  ] GC(83) Concurrent Scan Root Regions
[2021-05-11T02:59:27.683+0000][8][gc,marking  ] GC(83) Concurrent Scan Root Regions 1.355ms
[2021-05-11T02:59:27.683+0000][8][gc,marking  ] GC(83) Concurrent Mark (4015.297s)
[2021-05-11T02:59:27.683+0000][8][gc,marking  ] GC(83) Concurrent Mark From Roots
[2021-05-11T02:59:27.683+0000][8][gc,task     ] GC(83) Using 2 workers of 2 for marking
[2021-05-11T02:59:27.773+0000][8][gc,marking  ] GC(83) Concurrent Mark From Roots 90.004ms
[2021-05-11T02:59:27.773+0000][8][gc,marking  ] GC(83) Concurrent Preclean
[2021-05-11T02:59:27.773+0000][8][gc,marking  ] GC(83) Concurrent Preclean 0.231ms
[2021-05-11T02:59:27.773+0000][8][gc,marking  ] GC(83) Concurrent Mark (4015.297s, 4015.387s) 90.279ms
[2021-05-11T02:59:27.773+0000][8][gc,start    ] GC(83) Pause Remark
[2021-05-11T02:59:27.780+0000][8][gc          ] GC(83) Pause Remark 116M->116M(256M) 7.214ms
[2021-05-11T02:59:27.780+0000][8][gc,cpu      ] GC(83) User=0.03s Sys=0.00s Real=0.00s
[2021-05-11T02:59:27.780+0000][8][safepoint   ] Safepoint "G1Concurrent", Time since last: 91814396 ns, Reaching safepoint: 68192 ns, At safepoint: 7290460 ns, Total: 7358652 ns
[2021-05-11T02:59:27.780+0000][8][gc,marking  ] GC(83) Concurrent Rebuild Remembered Sets
[2021-05-11T02:59:27.837+0000][8][gc,marking  ] GC(83) Concurrent Rebuild Remembered Sets 56.813ms
[2021-05-11T02:59:27.837+0000][8][gc,start    ] GC(83) Pause Cleanup
[2021-05-11T02:59:27.837+0000][8][gc          ] GC(83) Pause Cleanup 116M->116M(256M) 0.063ms
[2021-05-11T02:59:27.837+0000][8][gc,cpu      ] GC(83) User=0.00s Sys=0.00s Real=0.00s
[2021-05-11T02:59:27.837+0000][8][safepoint   ] Safepoint "G1Concurrent", Time since last: 56880825 ns, Reaching safepoint: 81577 ns, At safepoint: 98012 ns, Total: 179589 ns
[2021-05-11T02:59:27.837+0000][8][gc,marking  ] GC(83) Concurrent Cleanup for Next Mark
[2021-05-11T02:59:27.837+0000][8][gc,marking  ] GC(83) Concurrent Cleanup for Next Mark 0.110ms
[2021-05-11T02:59:27.837+0000][8][gc          ] GC(83) Concurrent Cycle 156.377ms
[2021-05-11T02:59:30.838+0000][8][safepoint   ] Safepoint "Cleanup", Time since last: 3000327308 ns, Reaching safepoint: 118674 ns, At safepoint: 5989 ns, Total: 124663 ns
[2021-05-11T02:59:33.838+0000][8][safepoint   ] Safepoint "Cleanup", Time since last: 3000227366 ns, Reaching safepoint: 88304 ns, At safepoint: 4524 ns, Total: 92828 ns
[2021-05-11T02:59:35.838+0000][8][safepoint   ] Safepoint "Cleanup", Time since last: 2000187319 ns, Reaching safepoint: 77036 ns, At safepoint: 4237 ns, Total: 81273 ns
[2021-05-11T02:59:41.839+0000][8][safepoint   ] Safepoint "Cleanup", Time since last: 6000593712 ns, Reaching safepoint: 98283 ns, At safepoint: 5733 ns, Total: 104016 ns
[2021-05-11T02:59:45.840+0000][8][safepoint   ] Safepoint "Cleanup", Time since last: 4000509893 ns, Reaching safepoint: 113372 ns, At safepoint: 6927 ns, Total: 120299 ns
[2021-05-11T02:59:53.841+0000][8][safepoint   ] Safepoint "Cleanup", Time since last: 8000780304 ns, Reaching safepoint: 87479 ns, At safepoint: 5623 ns, Total: 93102 ns
[2021-05-11T02:59:54.841+0000][8][safepoint   ] Safepoint "Cleanup", Time since last: 1000055896 ns, Reaching safepoint: 83365 ns, At safepoint: 6691 ns, Total: 90056 ns
[2021-05-11T02:59:57.841+0000][8][safepoint   ] Safepoint "Cleanup", Time since last: 3000284388 ns, Reaching safepoint: 76155 ns, At safepoint: 4011 ns, Total: 80166 ns
[2021-05-11T03:00:05.842+0000][8][safepoint   ] Safepoint "Cleanup", Time since last: 8000647466 ns, Reaching safepoint: 69523 ns, At safepoint: 3709 ns, Total: 73232 ns
[2021-05-11T03:00:06.842+0000][8][safepoint   ] Safepoint "Cleanup", Time since last: 1000136289 ns, Reaching safepoint: 66321 ns, At safepoint: 3749 ns, Total: 70070 ns
[2021-05-11T03:00:27.844+0000][8][safepoint   ] Safepoint "Cleanup", Time since last: 21001496070 ns, Reaching safepoint: 66755 ns, At safepoint: 3082 ns, Total: 69837 ns
[2021-05-11T03:00:57.846+0000][8][safepoint   ] Safepoint "Cleanup", Time since last: 30002676853 ns, Reaching safepoint: 111987 ns, At safepoint: 7020 ns, Total: 119007 ns
[2021-05-11T03:01:20.849+0000][8][safepoint   ] Safepoint "Cleanup", Time since last: 23002545854 ns, Reaching safepoint: 120004 ns, At safepoint: 6447 ns, Total: 126451 ns
[2021-05-11T03:01:21.849+0000][8][safepoint   ] Safepoint "Cleanup", Time since last: 1000093499 ns, Reaching safepoint: 91358 ns, At safepoint: 4293 ns, Total: 95651 ns
[2021-05-11T03:01:25.850+0000][8][safepoint   ] Safepoint "Cleanup", Time since last: 4000317286 ns, Reaching safepoint: 75511 ns, At safepoint: 9448 ns, Total: 84959 ns
[2021-05-11T03:01:27.850+0000][8][safepoint   ] Safepoint "Cleanup", Time since last: 2000313228 ns, Reaching safepoint: 109945 ns, At safepoint: 5871 ns, Total: 115816 ns
[2021-05-11T03:01:36.851+0000][8][safepoint   ] Safepoint "Cleanup", Time since last: 9001128172 ns, Reaching safepoint: 111289 ns, At safepoint: 4877 ns, Total: 116166 ns
[2021-05-11T03:01:39.852+0000][8][safepoint   ] Safepoint "Cleanup", Time since last: 3000267492 ns, Reaching safepoint: 73927 ns, At safepoint: 5629 ns, Total: 79556 ns
[2021-05-11T03:01:45.852+0000][8][safepoint   ] Safepoint "Cleanup", Time since last: 6000474823 ns, Reaching safepoint: 75657 ns, At safepoint: 4393 ns, Total: 80050 ns
[2021-05-11T03:01:50.988+0000][8][gc,start    ] GC(84) Pause Young (Normal) (G1 Evacuation Pause)
[2021-05-11T03:01:50.988+0000][8][gc,task     ] GC(84) Using 6 workers of 8 for evacuation
[2021-05-11T03:01:50.988+0000][8][gc,age      ] GC(84) Desired survivor size 6291456 bytes, new threshold 15 (max threshold 15)
[2021-05-11T03:01:50.990+0000][8][gc,age      ] GC(84) Age table with threshold 15 (max threshold 15)
[2021-05-11T03:01:50.990+0000][8][gc,age      ] GC(84) - age   1:     523280 bytes,     523280 total
[2021-05-11T03:01:50.990+0000][8][gc,age      ] GC(84) - age   2:       2608 bytes,     525888 total
[2021-05-11T03:01:50.990+0000][8][gc,age      ] GC(84) - age   3:       2464 bytes,     528352 total
[2021-05-11T03:01:50.990+0000][8][gc,age      ] GC(84) - age   4:       1608 bytes,     529960 total
[2021-05-11T03:01:50.990+0000][8][gc,age      ] GC(84) - age   5:     157280 bytes,     687240 total
[2021-05-11T03:01:50.990+0000][8][gc,age      ] GC(84) - age   6:       5520 bytes,     692760 total
[2021-05-11T03:01:50.990+0000][8][gc,age      ] GC(84) - age   7:       1480 bytes,     694240 total
[2021-05-11T03:01:50.990+0000][8][gc,age      ] GC(84) - age   8:        768 bytes,     695008 total
[2021-05-11T03:01:50.990+0000][8][gc,age      ] GC(84) - age   9:     129992 bytes,     825000 total
[2021-05-11T03:01:50.990+0000][8][gc,age      ] GC(84) - age  10:       2872 bytes,     827872 total
[2021-05-11T03:01:50.990+0000][8][gc,age      ] GC(84) - age  11:       2824 bytes,     830696 total
[2021-05-11T03:01:50.990+0000][8][gc,age      ] GC(84) - age  12:       7936 bytes,     838632 total
[2021-05-11T03:01:50.990+0000][8][gc,age      ] GC(84) - age  13:       2896 bytes,     841528 total
[2021-05-11T03:01:50.990+0000][8][gc,age      ] GC(84) - age  14:      22680 bytes,     864208 total
[2021-05-11T03:01:50.990+0000][8][gc,age      ] GC(84) - age  15:       2520 bytes,     866728 total
[2021-05-11T03:01:50.990+0000][8][gc,phases   ] GC(84)   Pre Evacuate Collection Set: 0.0ms
[2021-05-11T03:01:50.990+0000][8][gc,phases   ] GC(84)   Merge Heap Roots: 0.0ms
[2021-05-11T03:01:50.990+0000][8][gc,phases   ] GC(84)   Evacuate Collection Set: 1.3ms
[2021-05-11T03:01:50.990+0000][8][gc,phases   ] GC(84)   Post Evacuate Collection Set: 0.3ms
[2021-05-11T03:01:50.990+0000][8][gc,phases   ] GC(84)   Other: 0.2ms
[2021-05-11T03:01:50.990+0000][8][gc,heap     ] GC(84) Eden regions: 22->0(22)
[2021-05-11T03:01:50.990+0000][8][gc,heap     ] GC(84) Survivor regions: 1->1(3)
[2021-05-11T03:01:50.990+0000][8][gc,heap     ] GC(84) Old regions: 26->26
[2021-05-11T03:01:50.990+0000][8][gc,heap     ] GC(84) Archive regions: 2->2
[2021-05-11T03:01:50.990+0000][8][gc,heap     ] GC(84) Humongous regions: 2->2
[2021-05-11T03:01:50.990+0000][8][gc,metaspace] GC(84) Metaspace: 107430K(111984K)->107430K(111984K) NonClass: 93541K(96752K)->93541K(96752K) Class: 13889K(15232K)->13889K(15232K)
[2021-05-11T03:01:50.990+0000][8][gc          ] GC(84) Pause Young (Normal) (G1 Evacuation Pause) 204M->116M(256M) 1.972ms
[2021-05-11T03:01:50.990+0000][8][gc,cpu      ] GC(84) User=0.00s Sys=0.00s Real=0.00s
[2021-05-11T03:01:50.990+0000][8][safepoint   ] Safepoint "G1CollectForAllocation", Time since last: 5135731491 ns, Reaching safepoint: 122256 ns, At safepoint: 2034058 ns, Total: 2156314 ns
[2021-05-11T03:01:51.990+0000][8][safepoint   ] Safepoint "Cleanup", Time since last: 1000074963 ns, Reaching safepoint: 69242 ns, At safepoint: 5688 ns, Total: 74930 ns
[2021-05-11T03:01:53.990+0000][8][safepoint   ] Safepoint "Cleanup", Time since last: 2000155418 ns, Reaching safepoint: 61417 ns, At safepoint: 4471 ns, Total: 65888 ns
[2021-05-11T03:01:56.991+0000][8][safepoint   ] Safepoint "Cleanup", Time since last: 3000304268 ns, Reaching safepoint: 120223 ns, At safepoint: 7112 ns, Total: 127335 ns
[2021-05-11T03:02:36.994+0000][8][safepoint   ] Safepoint "Cleanup", Time since last: 40002823723 ns, Reaching safepoint: 103791 ns, At safepoint: 4824 ns, Total: 108615 ns
[2021-05-11T03:02:49.996+0000][8][safepoint   ] Safepoint "Cleanup", Time since last: 13001905312 ns, Reaching safepoint: 113021 ns, At safepoint: 5035 ns, Total: 118056 ns
[2021-05-11T03:02:50.996+0000][8][safepoint   ] Safepoint "Cleanup", Time since last: 1000119600 ns, Reaching safepoint: 255675 ns, At safepoint: 16049 ns, Total: 271724 ns
[2021-05-11T03:02:52.997+0000][8][safepoint   ] Safepoint "Cleanup", Time since last: 2000216878 ns, Reaching safepoint: 63211 ns, At safepoint: 5140 ns, Total: 68351 ns
[2021-05-11T03:02:53.997+0000][8][safepoint   ] Safepoint "Cleanup", Time since last: 1000101621 ns, Reaching safepoint: 75741 ns, At safepoint: 6585 ns, Total: 82326 ns
[2021-05-11T03:02:55.997+0000][8][safepoint   ] Safepoint "Cleanup", Time since last: 2000166479 ns, Reaching safepoint: 68790 ns, At safepoint: 5158 ns, Total: 73948 ns
[2021-05-11T03:02:57.997+0000][8][safepoint   ] Safepoint "Cleanup", Time since last: 2000168975 ns, Reaching safepoint: 79130 ns, At safepoint: 6136 ns, Total: 85266 ns
[2021-05-11T03:03:13.999+0000][8][safepoint   ] Safepoint "Cleanup", Time since last: 16001561005 ns, Reaching safepoint: 114759 ns, At safepoint: 6518 ns, Total: 121277 ns
[2021-05-11T03:03:15.999+0000][8][safepoint   ] Safepoint "Cleanup", Time since last: 2000190298 ns, Reaching safepoint: 89221 ns, At safepoint: 5325 ns, Total: 94546 ns
[2021-05-11T03:03:26.885+0000][8][gc,start    ] GC(85) Pause Young (Concurrent Start) (G1 Evacuation Pause)
[2021-05-11T03:03:26.885+0000][8][gc,task     ] GC(85) Using 6 workers of 8 for evacuation
[2021-05-11T03:03:26.885+0000][8][gc,age      ] GC(85) Desired survivor size 6291456 bytes, new threshold 15 (max threshold 15)
[2021-05-11T03:03:26.887+0000][8][gc,age      ] GC(85) Age table with threshold 15 (max threshold 15)
[2021-05-11T03:03:26.887+0000][8][gc,age      ] GC(85) - age   1:     866272 bytes,     866272 total
[2021-05-11T03:03:26.887+0000][8][gc,age      ] GC(85) - age   2:       5520 bytes,     871792 total
[2021-05-11T03:03:26.887+0000][8][gc,age      ] GC(85) - age   3:       2256 bytes,     874048 total
[2021-05-11T03:03:26.887+0000][8][gc,age      ] GC(85) - age   4:       2264 bytes,     876312 total
[2021-05-11T03:03:26.887+0000][8][gc,age      ] GC(85) - age   5:       1488 bytes,     877800 total
[2021-05-11T03:03:26.887+0000][8][gc,age      ] GC(85) - age   6:       5496 bytes,     883296 total
[2021-05-11T03:03:26.887+0000][8][gc,age      ] GC(85) - age   7:       5480 bytes,     888776 total
[2021-05-11T03:03:26.887+0000][8][gc,age      ] GC(85) - age   8:       1456 bytes,     890232 total
[2021-05-11T03:03:26.887+0000][8][gc,age      ] GC(85) - age   9:        768 bytes,     891000 total
[2021-05-11T03:03:26.887+0000][8][gc,age      ] GC(85) - age  10:     124872 bytes,    1015872 total
[2021-05-11T03:03:26.887+0000][8][gc,age      ] GC(85) - age  11:       2872 bytes,    1018744 total
[2021-05-11T03:03:26.887+0000][8][gc,age      ] GC(85) - age  12:       2824 bytes,    1021568 total
[2021-05-11T03:03:26.887+0000][8][gc,age      ] GC(85) - age  13:       7936 bytes,    1029504 total
[2021-05-11T03:03:26.887+0000][8][gc,age      ] GC(85) - age  14:       2896 bytes,    1032400 total
[2021-05-11T03:03:26.887+0000][8][gc,age      ] GC(85) - age  15:      22680 bytes,    1055080 total
[2021-05-11T03:03:26.887+0000][8][gc,phases   ] GC(85)   Pre Evacuate Collection Set: 0.1ms
[2021-05-11T03:03:26.887+0000][8][gc,phases   ] GC(85)   Merge Heap Roots: 0.0ms
[2021-05-11T03:03:26.887+0000][8][gc,phases   ] GC(85)   Evacuate Collection Set: 1.3ms
[2021-05-11T03:03:26.887+0000][8][gc,phases   ] GC(85)   Post Evacuate Collection Set: 0.4ms
[2021-05-11T03:03:26.887+0000][8][gc,phases   ] GC(85)   Other: 0.2ms
[2021-05-11T03:03:26.887+0000][8][gc,heap     ] GC(85) Eden regions: 22->0(22)
[2021-05-11T03:03:26.887+0000][8][gc,heap     ] GC(85) Survivor regions: 1->1(3)
[2021-05-11T03:03:26.887+0000][8][gc,heap     ] GC(85) Old regions: 26->26
[2021-05-11T03:03:26.887+0000][8][gc,heap     ] GC(85) Archive regions: 2->2
[2021-05-11T03:03:26.887+0000][8][gc,heap     ] GC(85) Humongous regions: 2->2
[2021-05-11T03:03:26.887+0000][8][gc,metaspace] GC(85) Metaspace: 107485K(111984K)->107485K(111984K) NonClass: 93596K(96752K)->93596K(96752K) Class: 13889K(15232K)->13889K(15232K)
[2021-05-11T03:03:26.887+0000][8][gc          ] GC(85) Pause Young (Concurrent Start) (G1 Evacuation Pause) 204M->116M(256M) 2.184ms
[2021-05-11T03:03:26.887+0000][8][gc,cpu      ] GC(85) User=0.01s Sys=0.00s Real=0.00s
[2021-05-11T03:03:26.887+0000][8][gc          ] GC(86) Concurrent Cycle
[2021-05-11T03:03:26.887+0000][8][safepoint   ] Safepoint "G1CollectForAllocation", Time since last: 10885672130 ns, Reaching safepoint: 207556 ns, At safepoint: 2252322 ns, Total: 2459878 ns
[2021-05-11T03:03:26.887+0000][8][gc,marking  ] GC(86) Concurrent Clear Claimed Marks
[2021-05-11T03:03:26.887+0000][8][gc,marking  ] GC(86) Concurrent Clear Claimed Marks 0.084ms
[2021-05-11T03:03:26.887+0000][8][gc,marking  ] GC(86) Concurrent Scan Root Regions
[2021-05-11T03:03:26.890+0000][8][gc,marking  ] GC(86) Concurrent Scan Root Regions 2.419ms
[2021-05-11T03:03:26.890+0000][8][gc,marking  ] GC(86) Concurrent Mark (4254.504s)
[2021-05-11T03:03:26.890+0000][8][gc,marking  ] GC(86) Concurrent Mark From Roots
[2021-05-11T03:03:26.890+0000][8][gc,task     ] GC(86) Using 2 workers of 2 for marking
[2021-05-11T03:03:26.975+0000][8][gc,marking  ] GC(86) Concurrent Mark From Roots 85.080ms
[2021-05-11T03:03:26.975+0000][8][gc,marking  ] GC(86) Concurrent Preclean
[2021-05-11T03:03:26.975+0000][8][gc,marking  ] GC(86) Concurrent Preclean 0.279ms
[2021-05-11T03:03:26.975+0000][8][gc,marking  ] GC(86) Concurrent Mark (4254.504s, 4254.590s) 85.412ms
[2021-05-11T03:03:26.975+0000][8][gc,start    ] GC(86) Pause Remark
[2021-05-11T03:03:26.982+0000][8][gc          ] GC(86) Pause Remark 119M->119M(256M) 6.318ms
[2021-05-11T03:03:26.982+0000][8][gc,cpu      ] GC(86) User=0.03s Sys=0.00s Real=0.01s
[2021-05-11T03:03:26.982+0000][8][safepoint   ] Safepoint "G1Concurrent", Time since last: 87996951 ns, Reaching safepoint: 111003 ns, At safepoint: 6384310 ns, Total: 6495313 ns
[2021-05-11T03:03:26.982+0000][8][gc,marking  ] GC(86) Concurrent Rebuild Remembered Sets
[2021-05-11T03:03:27.041+0000][8][gc,marking  ] GC(86) Concurrent Rebuild Remembered Sets 58.701ms
[2021-05-11T03:03:27.041+0000][8][gc,start    ] GC(86) Pause Cleanup
[2021-05-11T03:03:27.041+0000][8][gc          ] GC(86) Pause Cleanup 119M->119M(256M) 0.063ms
[2021-05-11T03:03:27.041+0000][8][gc,cpu      ] GC(86) User=0.00s Sys=0.00s Real=0.00s
[2021-05-11T03:03:27.041+0000][8][safepoint   ] Safepoint "G1Concurrent", Time since last: 58760936 ns, Reaching safepoint: 104266 ns, At safepoint: 99974 ns, Total: 204240 ns
[2021-05-11T03:03:27.041+0000][8][gc,marking  ] GC(86) Concurrent Cleanup for Next Mark
[2021-05-11T03:03:27.041+0000][8][gc,marking  ] GC(86) Concurrent Cleanup for Next Mark 0.118ms
[2021-05-11T03:03:27.041+0000][8][gc          ] GC(86) Concurrent Cycle 153.609ms
[2021-05-11T03:03:54.043+0000][8][safepoint   ] Safepoint "Cleanup", Time since last: 27001893101 ns, Reaching safepoint: 78494 ns, At safepoint: 3418 ns, Total: 81912 ns
[2021-05-11T03:03:57.043+0000][8][safepoint   ] Safepoint "Cleanup", Time since last: 3000400644 ns, Reaching safepoint: 81177 ns, At safepoint: 5750 ns, Total: 86927 ns
[2021-05-11T03:04:01.044+0000][8][safepoint   ] Safepoint "Cleanup", Time since last: 4000345698 ns, Reaching safepoint: 63560 ns, At safepoint: 4250 ns, Total: 67810 ns
[2021-05-11T03:04:56.049+0000][8][safepoint   ] Safepoint "Cleanup", Time since last: 55005061054 ns, Reaching safepoint: 106737 ns, At safepoint: 6053 ns, Total: 112790 ns
[2021-05-11T03:05:13.051+0000][8][safepoint   ] Safepoint "Cleanup", Time since last: 17002013118 ns, Reaching safepoint: 84898 ns, At safepoint: 4780 ns, Total: 89678 ns
[2021-05-11T03:05:16.051+0000][8][safepoint   ] Safepoint "Cleanup", Time since last: 3000362019 ns, Reaching safepoint: 94436 ns, At safepoint: 6759 ns, Total: 101195 ns
[2021-05-11T03:05:20.052+0000][8][safepoint   ] Safepoint "Cleanup", Time since last: 4000313366 ns, Reaching safepoint: 96029 ns, At safepoint: 6832 ns, Total: 102861 ns
[2021-05-11T03:05:36.053+0000][8][safepoint   ] Safepoint "Cleanup", Time since last: 16001194402 ns, Reaching safepoint: 114129 ns, At safepoint: 6138 ns, Total: 120267 ns
[2021-05-11T03:05:47.720+0000][8][gc,start    ] GC(87) Pause Young (Normal) (G1 Evacuation Pause)
[2021-05-11T03:05:47.721+0000][8][gc,task     ] GC(87) Using 6 workers of 8 for evacuation
[2021-05-11T03:05:47.721+0000][8][gc,age      ] GC(87) Desired survivor size 6291456 bytes, new threshold 15 (max threshold 15)
[2021-05-11T03:05:47.723+0000][8][gc,age      ] GC(87) Age table with threshold 15 (max threshold 15)
[2021-05-11T03:05:47.723+0000][8][gc,age      ] GC(87) - age   1:     536840 bytes,     536840 total
[2021-05-11T03:05:47.723+0000][8][gc,age      ] GC(87) - age   2:     306448 bytes,     843288 total
[2021-05-11T03:05:47.723+0000][8][gc,age      ] GC(87) - age   3:       5200 bytes,     848488 total
[2021-05-11T03:05:47.723+0000][8][gc,age      ] GC(87) - age   4:       2216 bytes,     850704 total
[2021-05-11T03:05:47.723+0000][8][gc,age      ] GC(87) - age   5:       2264 bytes,     852968 total
[2021-05-11T03:05:47.723+0000][8][gc,age      ] GC(87) - age   6:       1440 bytes,     854408 total
[2021-05-11T03:05:47.723+0000][8][gc,age      ] GC(87) - age   7:       5496 bytes,     859904 total
[2021-05-11T03:05:47.723+0000][8][gc,age      ] GC(87) - age   8:       5480 bytes,     865384 total
[2021-05-11T03:05:47.723+0000][8][gc,age      ] GC(87) - age   9:       1456 bytes,     866840 total
[2021-05-11T03:05:47.723+0000][8][gc,age      ] GC(87) - age  10:        768 bytes,     867608 total
[2021-05-11T03:05:47.723+0000][8][gc,age      ] GC(87) - age  11:     124832 bytes,     992440 total
[2021-05-11T03:05:47.723+0000][8][gc,age      ] GC(87) - age  12:       2872 bytes,     995312 total
[2021-05-11T03:05:47.723+0000][8][gc,age      ] GC(87) - age  13:       2824 bytes,     998136 total
[2021-05-11T03:05:47.723+0000][8][gc,age      ] GC(87) - age  14:       7936 bytes,    1006072 total
[2021-05-11T03:05:47.723+0000][8][gc,age      ] GC(87) - age  15:       2896 bytes,    1008968 total
[2021-05-11T03:05:47.723+0000][8][gc,phases   ] GC(87)   Pre Evacuate Collection Set: 0.0ms
[2021-05-11T03:05:47.723+0000][8][gc,phases   ] GC(87)   Merge Heap Roots: 0.0ms
[2021-05-11T03:05:47.723+0000][8][gc,phases   ] GC(87)   Evacuate Collection Set: 1.7ms
[2021-05-11T03:05:47.723+0000][8][gc,phases   ] GC(87)   Post Evacuate Collection Set: 0.5ms
[2021-05-11T03:05:47.723+0000][8][gc,phases   ] GC(87)   Other: 0.3ms
[2021-05-11T03:05:47.723+0000][8][gc,heap     ] GC(87) Eden regions: 22->0(22)
[2021-05-11T03:05:47.723+0000][8][gc,heap     ] GC(87) Survivor regions: 1->1(3)
[2021-05-11T03:05:47.723+0000][8][gc,heap     ] GC(87) Old regions: 26->26
[2021-05-11T03:05:47.723+0000][8][gc,heap     ] GC(87) Archive regions: 2->2
[2021-05-11T03:05:47.723+0000][8][gc,heap     ] GC(87) Humongous regions: 2->2
[2021-05-11T03:05:47.723+0000][8][gc,metaspace] GC(87) Metaspace: 107491K(111984K)->107491K(111984K) NonClass: 93600K(96752K)->93600K(96752K) Class: 13890K(15232K)->13890K(15232K)
[2021-05-11T03:05:47.723+0000][8][gc          ] GC(87) Pause Young (Normal) (G1 Evacuation Pause) 204M->116M(256M) 2.681ms
[2021-05-11T03:05:47.723+0000][8][gc,cpu      ] GC(87) User=0.01s Sys=0.00s Real=0.01s
[2021-05-11T03:05:47.723+0000][8][safepoint   ] Safepoint "G1CollectForAllocation", Time since last: 11667206491 ns, Reaching safepoint: 147920 ns, At safepoint: 2775314 ns, Total: 2923234 ns
[2021-05-11T03:06:35.727+0000][8][safepoint   ] Safepoint "Cleanup", Time since last: 48003270600 ns, Reaching safepoint: 85273 ns, At safepoint: 5026 ns, Total: 90299 ns
[2021-05-11T03:06:50.728+0000][8][safepoint   ] Safepoint "Cleanup", Time since last: 15001223994 ns, Reaching safepoint: 124416 ns, At safepoint: 6038 ns, Total: 130454 ns
[2021-05-11T03:07:45.733+0000][8][safepoint   ] Safepoint "Cleanup", Time since last: 55004647644 ns, Reaching safepoint: 101706 ns, At safepoint: 6314 ns, Total: 108020 ns
[2021-05-11T03:07:49.733+0000][8][safepoint   ] Safepoint "Cleanup", Time since last: 4000403254 ns, Reaching safepoint: 98917 ns, At safepoint: 5924 ns, Total: 104841 ns
[2021-05-11T03:07:56.137+0000][8][gc,start    ] GC(88) Pause Young (Concurrent Start) (G1 Evacuation Pause)
[2021-05-11T03:07:56.137+0000][8][gc,task     ] GC(88) Using 6 workers of 8 for evacuation
[2021-05-11T03:07:56.137+0000][8][gc,age      ] GC(88) Desired survivor size 6291456 bytes, new threshold 15 (max threshold 15)
[2021-05-11T03:07:56.138+0000][8][gc,age      ] GC(88) Age table with threshold 15 (max threshold 15)
[2021-05-11T03:07:56.138+0000][8][gc,age      ] GC(88) - age   1:     520320 bytes,     520320 total
[2021-05-11T03:07:56.138+0000][8][gc,age      ] GC(88) - age   2:       3328 bytes,     523648 total
[2021-05-11T03:07:56.138+0000][8][gc,age      ] GC(88) - age   3:     184704 bytes,     708352 total
[2021-05-11T03:07:56.138+0000][8][gc,age      ] GC(88) - age   4:       5080 bytes,     713432 total
[2021-05-11T03:07:56.138+0000][8][gc,age      ] GC(88) - age   5:       2216 bytes,     715648 total
[2021-05-11T03:07:56.138+0000][8][gc,age      ] GC(88) - age   6:       2264 bytes,     717912 total
[2021-05-11T03:07:56.138+0000][8][gc,age      ] GC(88) - age   7:       1440 bytes,     719352 total
[2021-05-11T03:07:56.138+0000][8][gc,age      ] GC(88) - age   8:       5288 bytes,     724640 total
[2021-05-11T03:07:56.138+0000][8][gc,age      ] GC(88) - age   9:       5480 bytes,     730120 total
[2021-05-11T03:07:56.138+0000][8][gc,age      ] GC(88) - age  10:       1456 bytes,     731576 total
[2021-05-11T03:07:56.138+0000][8][gc,age      ] GC(88) - age  11:        672 bytes,     732248 total
[2021-05-11T03:07:56.138+0000][8][gc,age      ] GC(88) - age  12:     124792 bytes,     857040 total
[2021-05-11T03:07:56.138+0000][8][gc,age      ] GC(88) - age  13:       2872 bytes,     859912 total
[2021-05-11T03:07:56.138+0000][8][gc,age      ] GC(88) - age  14:       2824 bytes,     862736 total
[2021-05-11T03:07:56.138+0000][8][gc,age      ] GC(88) - age  15:       7936 bytes,     870672 total
[2021-05-11T03:07:56.138+0000][8][gc,phases   ] GC(88)   Pre Evacuate Collection Set: 0.1ms
[2021-05-11T03:07:56.138+0000][8][gc,phases   ] GC(88)   Merge Heap Roots: 0.0ms
[2021-05-11T03:07:56.138+0000][8][gc,phases   ] GC(88)   Evacuate Collection Set: 1.1ms
[2021-05-11T03:07:56.138+0000][8][gc,phases   ] GC(88)   Post Evacuate Collection Set: 0.4ms
[2021-05-11T03:07:56.138+0000][8][gc,phases   ] GC(88)   Other: 0.2ms
[2021-05-11T03:07:56.138+0000][8][gc,heap     ] GC(88) Eden regions: 22->0(22)
[2021-05-11T03:07:56.138+0000][8][gc,heap     ] GC(88) Survivor regions: 1->1(3)
[2021-05-11T03:07:56.138+0000][8][gc,heap     ] GC(88) Old regions: 26->26
[2021-05-11T03:07:56.138+0000][8][gc,heap     ] GC(88) Archive regions: 2->2
[2021-05-11T03:07:56.138+0000][8][gc,heap     ] GC(88) Humongous regions: 2->2
[2021-05-11T03:07:56.138+0000][8][gc,metaspace] GC(88) Metaspace: 107516K(112240K)->107516K(112240K) NonClass: 93625K(97008K)->93625K(97008K) Class: 13890K(15232K)->13890K(15232K)
[2021-05-11T03:07:56.138+0000][8][gc          ] GC(88) Pause Young (Concurrent Start) (G1 Evacuation Pause) 204M->116M(256M) 1.909ms
[2021-05-11T03:07:56.138+0000][8][gc,cpu      ] GC(88) User=0.00s Sys=0.00s Real=0.00s
[2021-05-11T03:07:56.138+0000][8][gc          ] GC(89) Concurrent Cycle
[2021-05-11T03:07:56.138+0000][8][safepoint   ] Safepoint "G1CollectForAllocation", Time since last: 6403214959 ns, Reaching safepoint: 70515 ns, At safepoint: 1979296 ns, Total: 2049811 ns
[2021-05-11T03:07:56.138+0000][8][gc,marking  ] GC(89) Concurrent Clear Claimed Marks
[2021-05-11T03:07:56.139+0000][8][gc,marking  ] GC(89) Concurrent Clear Claimed Marks 0.070ms
[2021-05-11T03:07:56.139+0000][8][gc,marking  ] GC(89) Concurrent Scan Root Regions
[2021-05-11T03:07:56.140+0000][8][gc,marking  ] GC(89) Concurrent Scan Root Regions 1.574ms
[2021-05-11T03:07:56.140+0000][8][gc,marking  ] GC(89) Concurrent Mark (4523.755s)
[2021-05-11T03:07:56.140+0000][8][gc,marking  ] GC(89) Concurrent Mark From Roots
[2021-05-11T03:07:56.140+0000][8][gc,task     ] GC(89) Using 2 workers of 2 for marking
[2021-05-11T03:07:56.255+0000][8][gc,marking  ] GC(89) Concurrent Mark From Roots 114.952ms
[2021-05-11T03:07:56.255+0000][8][gc,marking  ] GC(89) Concurrent Preclean
[2021-05-11T03:07:56.255+0000][8][gc,marking  ] GC(89) Concurrent Preclean 0.246ms
[2021-05-11T03:07:56.255+0000][8][gc,marking  ] GC(89) Concurrent Mark (4523.755s, 4523.870s) 115.245ms
[2021-05-11T03:07:56.256+0000][8][gc,start    ] GC(89) Pause Remark
[2021-05-11T03:07:56.261+0000][8][gc          ] GC(89) Pause Remark 116M->116M(256M) 5.252ms
[2021-05-11T03:07:56.261+0000][8][gc,cpu      ] GC(89) User=0.03s Sys=0.00s Real=0.01s
[2021-05-11T03:07:56.261+0000][8][safepoint   ] Safepoint "G1Concurrent", Time since last: 116958918 ns, Reaching safepoint: 61790 ns, At safepoint: 5323525 ns, Total: 5385315 ns
[2021-05-11T03:07:56.261+0000][8][gc,marking  ] GC(89) Concurrent Rebuild Remembered Sets
[2021-05-11T03:07:56.325+0000][8][gc,marking  ] GC(89) Concurrent Rebuild Remembered Sets 64.548ms
[2021-05-11T03:07:56.326+0000][8][gc,start    ] GC(89) Pause Cleanup
[2021-05-11T03:07:56.326+0000][8][gc          ] GC(89) Pause Cleanup 116M->116M(256M) 0.098ms
[2021-05-11T03:07:56.326+0000][8][gc,cpu      ] GC(89) User=0.00s Sys=0.00s Real=0.00s
[2021-05-11T03:07:56.326+0000][8][safepoint   ] Safepoint "G1Concurrent", Time since last: 64629317 ns, Reaching safepoint: 114972 ns, At safepoint: 155643 ns, Total: 270615 ns
[2021-05-11T03:07:56.326+0000][8][gc,marking  ] GC(89) Concurrent Cleanup for Next Mark
[2021-05-11T03:07:56.326+0000][8][gc,marking  ] GC(89) Concurrent Cleanup for Next Mark 0.153ms
[2021-05-11T03:07:56.326+0000][8][gc          ] GC(89) Concurrent Cycle 187.452ms
[2021-05-11T03:08:25.328+0000][8][safepoint   ] Safepoint "Cleanup", Time since last: 29002371226 ns, Reaching safepoint: 98246 ns, At safepoint: 5786 ns, Total: 104032 ns
[2021-05-11T03:08:26.329+0000][8][safepoint   ] Safepoint "Cleanup", Time since last: 1000229222 ns, Reaching safepoint: 91559 ns, At safepoint: 5953 ns, Total: 97512 ns
[2021-05-11T03:08:27.329+0000][8][safepoint   ] Safepoint "Cleanup", Time since last: 1000136217 ns, Reaching safepoint: 83916 ns, At safepoint: 5074 ns, Total: 88990 ns
[2021-05-11T03:08:31.329+0000][8][safepoint   ] Safepoint "Cleanup", Time since last: 4000465458 ns, Reaching safepoint: 132427 ns, At safepoint: 9693 ns, Total: 142120 ns
[2021-05-11T03:08:35.330+0000][8][safepoint   ] Safepoint "Cleanup", Time since last: 4000520693 ns, Reaching safepoint: 108857 ns, At safepoint: 5762 ns, Total: 114619 ns
[2021-05-11T03:08:58.332+0000][8][safepoint   ] Safepoint "Cleanup", Time since last: 23002039534 ns, Reaching safepoint: 115962 ns, At safepoint: 7343 ns, Total: 123305 ns
[2021-05-11T03:09:20.334+0000][8][safepoint   ] Safepoint "Cleanup", Time since last: 22001926715 ns, Reaching safepoint: 110138 ns, At safepoint: 5659 ns, Total: 115797 ns
[2021-05-11T03:09:54.337+0000][8][safepoint   ] Safepoint "Cleanup", Time since last: 34002743035 ns, Reaching safepoint: 137759 ns, At safepoint: 6625 ns, Total: 144384 ns
[2021-05-11T03:10:16.191+0000][8][gc,start    ] GC(90) Pause Young (Normal) (G1 Evacuation Pause)
[2021-05-11T03:10:16.191+0000][8][gc,task     ] GC(90) Using 6 workers of 8 for evacuation
[2021-05-11T03:10:16.191+0000][8][gc,age      ] GC(90) Desired survivor size 6291456 bytes, new threshold 15 (max threshold 15)
[2021-05-11T03:10:16.193+0000][8][gc,age      ] GC(90) Age table with threshold 15 (max threshold 15)
[2021-05-11T03:10:16.193+0000][8][gc,age      ] GC(90) - age   1:     508144 bytes,     508144 total
[2021-05-11T03:10:16.193+0000][8][gc,age      ] GC(90) - age   2:       2800 bytes,     510944 total
[2021-05-11T03:10:16.193+0000][8][gc,age      ] GC(90) - age   3:       2992 bytes,     513936 total
[2021-05-11T03:10:16.193+0000][8][gc,age      ] GC(90) - age   4:     184704 bytes,     698640 total
[2021-05-11T03:10:16.193+0000][8][gc,age      ] GC(90) - age   5:       5080 bytes,     703720 total
[2021-05-11T03:10:16.193+0000][8][gc,age      ] GC(90) - age   6:       2216 bytes,     705936 total
[2021-05-11T03:10:16.193+0000][8][gc,age      ] GC(90) - age   7:       2264 bytes,     708200 total
[2021-05-11T03:10:16.193+0000][8][gc,age      ] GC(90) - age   8:       1416 bytes,     709616 total
[2021-05-11T03:10:16.193+0000][8][gc,age      ] GC(90) - age   9:       5288 bytes,     714904 total
[2021-05-11T03:10:16.193+0000][8][gc,age      ] GC(90) - age  10:       5480 bytes,     720384 total
[2021-05-11T03:10:16.193+0000][8][gc,age      ] GC(90) - age  11:       1456 bytes,     721840 total
[2021-05-11T03:10:16.193+0000][8][gc,age      ] GC(90) - age  12:        632 bytes,     722472 total
[2021-05-11T03:10:16.193+0000][8][gc,age      ] GC(90) - age  13:     124792 bytes,     847264 total
[2021-05-11T03:10:16.193+0000][8][gc,age      ] GC(90) - age  14:       2872 bytes,     850136 total
[2021-05-11T03:10:16.193+0000][8][gc,age      ] GC(90) - age  15:       2824 bytes,     852960 total
[2021-05-11T03:10:16.193+0000][8][gc,phases   ] GC(90)   Pre Evacuate Collection Set: 0.1ms
[2021-05-11T03:10:16.193+0000][8][gc,phases   ] GC(90)   Merge Heap Roots: 0.0ms
[2021-05-11T03:10:16.193+0000][8][gc,phases   ] GC(90)   Evacuate Collection Set: 1.2ms
[2021-05-11T03:10:16.193+0000][8][gc,phases   ] GC(90)   Post Evacuate Collection Set: 0.3ms
[2021-05-11T03:10:16.193+0000][8][gc,phases   ] GC(90)   Other: 0.2ms
[2021-05-11T03:10:16.193+0000][8][gc,heap     ] GC(90) Eden regions: 22->0(22)
[2021-05-11T03:10:16.193+0000][8][gc,heap     ] GC(90) Survivor regions: 1->1(3)
[2021-05-11T03:10:16.193+0000][8][gc,heap     ] GC(90) Old regions: 26->26
[2021-05-11T03:10:16.193+0000][8][gc,heap     ] GC(90) Archive regions: 2->2
[2021-05-11T03:10:16.193+0000][8][gc,heap     ] GC(90) Humongous regions: 2->2
[2021-05-11T03:10:16.193+0000][8][gc,metaspace] GC(90) Metaspace: 107517K(112240K)->107517K(112240K) NonClass: 93627K(97008K)->93627K(97008K) Class: 13890K(15232K)->13890K(15232K)
[2021-05-11T03:10:16.193+0000][8][gc          ] GC(90) Pause Young (Normal) (G1 Evacuation Pause) 204M->116M(256M) 1.864ms
[2021-05-11T03:10:16.193+0000][8][gc,cpu      ] GC(90) User=0.00s Sys=0.00s Real=0.01s
[2021-05-11T03:10:16.193+0000][8][safepoint   ] Safepoint "G1CollectForAllocation", Time since last: 21854119095 ns, Reaching safepoint: 65247 ns, At safepoint: 1943285 ns, Total: 2008532 ns
[2021-05-11T03:10:26.194+0000][8][safepoint   ] Safepoint "Cleanup", Time since last: 10000771827 ns, Reaching safepoint: 122455 ns, At safepoint: 11376 ns, Total: 133831 ns
[2021-05-11T03:10:54.197+0000][8][safepoint   ] Safepoint "Cleanup", Time since last: 28002742682 ns, Reaching safepoint: 87770 ns, At safepoint: 4147 ns, Total: 91917 ns
[2021-05-11T03:11:20.199+0000][8][safepoint   ] Safepoint "Cleanup", Time since last: 26002329015 ns, Reaching safepoint: 140667 ns, At safepoint: 6929 ns, Total: 147596 ns
[2021-05-11T03:11:56.203+0000][8][safepoint   ] Safepoint "Cleanup", Time since last: 36003188436 ns, Reaching safepoint: 78497 ns, At safepoint: 4437 ns, Total: 82934 ns
[2021-05-11T03:11:57.203+0000][8][safepoint   ] Safepoint "Cleanup", Time since last: 1000162947 ns, Reaching safepoint: 66831 ns, At safepoint: 4084 ns, Total: 70915 ns
[2021-05-11T03:12:31.241+0000][8][gc,start    ] GC(91) Pause Young (Concurrent Start) (G1 Evacuation Pause)
[2021-05-11T03:12:31.241+0000][8][gc,task     ] GC(91) Using 6 workers of 8 for evacuation
[2021-05-11T03:12:31.241+0000][8][gc,age      ] GC(91) Desired survivor size 6291456 bytes, new threshold 15 (max threshold 15)
[2021-05-11T03:12:31.242+0000][8][gc,age      ] GC(91) Age table with threshold 15 (max threshold 15)
[2021-05-11T03:12:31.242+0000][8][gc,age      ] GC(91) - age   1:     517752 bytes,     517752 total
[2021-05-11T03:12:31.242+0000][8][gc,age      ] GC(91) - age   2:       1376 bytes,     519128 total
[2021-05-11T03:12:31.242+0000][8][gc,age      ] GC(91) - age   3:       2560 bytes,     521688 total
[2021-05-11T03:12:31.242+0000][8][gc,age      ] GC(91) - age   4:       2640 bytes,     524328 total
[2021-05-11T03:12:31.242+0000][8][gc,age      ] GC(91) - age   5:     184368 bytes,     708696 total
[2021-05-11T03:12:31.242+0000][8][gc,age      ] GC(91) - age   6:       5080 bytes,     713776 total
[2021-05-11T03:12:31.242+0000][8][gc,age      ] GC(91) - age   7:       2216 bytes,     715992 total
[2021-05-11T03:12:31.242+0000][8][gc,age      ] GC(91) - age   8:       2264 bytes,     718256 total
[2021-05-11T03:12:31.242+0000][8][gc,age      ] GC(91) - age   9:       1416 bytes,     719672 total
[2021-05-11T03:12:31.242+0000][8][gc,age      ] GC(91) - age  10:       5288 bytes,     724960 total
[2021-05-11T03:12:31.242+0000][8][gc,age      ] GC(91) - age  11:       5480 bytes,     730440 total
[2021-05-11T03:12:31.242+0000][8][gc,age      ] GC(91) - age  12:       1456 bytes,     731896 total
[2021-05-11T03:12:31.242+0000][8][gc,age      ] GC(91) - age  13:        632 bytes,     732528 total
[2021-05-11T03:12:31.242+0000][8][gc,age      ] GC(91) - age  14:     124792 bytes,     857320 total
[2021-05-11T03:12:31.242+0000][8][gc,age      ] GC(91) - age  15:       2872 bytes,     860192 total
[2021-05-11T03:12:31.242+0000][8][gc,phases   ] GC(91)   Pre Evacuate Collection Set: 0.1ms
[2021-05-11T03:12:31.242+0000][8][gc,phases   ] GC(91)   Merge Heap Roots: 0.0ms
[2021-05-11T03:12:31.242+0000][8][gc,phases   ] GC(91)   Evacuate Collection Set: 0.9ms
[2021-05-11T03:12:31.242+0000][8][gc,phases   ] GC(91)   Post Evacuate Collection Set: 0.4ms
[2021-05-11T03:12:31.242+0000][8][gc,phases   ] GC(91)   Other: 0.2ms
[2021-05-11T03:12:31.242+0000][8][gc,heap     ] GC(91) Eden regions: 22->0(22)
[2021-05-11T03:12:31.242+0000][8][gc,heap     ] GC(91) Survivor regions: 1->1(3)
[2021-05-11T03:12:31.242+0000][8][gc,heap     ] GC(91) Old regions: 26->26
[2021-05-11T03:12:31.242+0000][8][gc,heap     ] GC(91) Archive regions: 2->2
[2021-05-11T03:12:31.242+0000][8][gc,heap     ] GC(91) Humongous regions: 2->2
[2021-05-11T03:12:31.242+0000][8][gc,metaspace] GC(91) Metaspace: 107521K(112240K)->107521K(112240K) NonClass: 93630K(97008K)->93630K(97008K) Class: 13891K(15232K)->13891K(15232K)
[2021-05-11T03:12:31.242+0000][8][gc          ] GC(91) Pause Young (Concurrent Start) (G1 Evacuation Pause) 204M->116M(256M) 1.742ms
[2021-05-11T03:12:31.242+0000][8][gc,cpu      ] GC(91) User=0.00s Sys=0.00s Real=0.00s
[2021-05-11T03:12:31.242+0000][8][gc          ] GC(92) Concurrent Cycle
[2021-05-11T03:12:31.242+0000][8][safepoint   ] Safepoint "G1CollectForAllocation", Time since last: 34037514151 ns, Reaching safepoint: 127169 ns, At safepoint: 1813660 ns, Total: 1940829 ns
[2021-05-11T03:12:31.242+0000][8][gc,marking  ] GC(92) Concurrent Clear Claimed Marks
[2021-05-11T03:12:31.242+0000][8][gc,marking  ] GC(92) Concurrent Clear Claimed Marks 0.069ms
[2021-05-11T03:12:31.242+0000][8][gc,marking  ] GC(92) Concurrent Scan Root Regions
[2021-05-11T03:12:31.243+0000][8][gc,marking  ] GC(92) Concurrent Scan Root Regions 0.701ms
[2021-05-11T03:12:31.243+0000][8][gc,marking  ] GC(92) Concurrent Mark (4798.858s)
[2021-05-11T03:12:31.243+0000][8][gc,marking  ] GC(92) Concurrent Mark From Roots
[2021-05-11T03:12:31.243+0000][8][gc,task     ] GC(92) Using 2 workers of 2 for marking
[2021-05-11T03:12:31.329+0000][8][gc,marking  ] GC(92) Concurrent Mark From Roots 85.939ms
[2021-05-11T03:12:31.329+0000][8][gc,marking  ] GC(92) Concurrent Preclean
[2021-05-11T03:12:31.329+0000][8][gc,marking  ] GC(92) Concurrent Preclean 0.229ms
[2021-05-11T03:12:31.329+0000][8][gc,marking  ] GC(92) Concurrent Mark (4798.858s, 4798.944s) 86.209ms
[2021-05-11T03:12:31.330+0000][8][gc,start    ] GC(92) Pause Remark
[2021-05-11T03:12:31.335+0000][8][gc          ] GC(92) Pause Remark 117M->117M(256M) 5.747ms
[2021-05-11T03:12:31.335+0000][8][gc,cpu      ] GC(92) User=0.04s Sys=0.00s Real=0.01s
[2021-05-11T03:12:31.335+0000][8][safepoint   ] Safepoint "G1Concurrent", Time since last: 87049932 ns, Reaching safepoint: 75729 ns, At safepoint: 5826179 ns, Total: 5901908 ns
[2021-05-11T03:12:31.335+0000][8][gc,marking  ] GC(92) Concurrent Rebuild Remembered Sets
[2021-05-11T03:12:31.391+0000][8][gc,marking  ] GC(92) Concurrent Rebuild Remembered Sets 55.723ms
[2021-05-11T03:12:31.391+0000][8][gc,start    ] GC(92) Pause Cleanup
[2021-05-11T03:12:31.391+0000][8][gc          ] GC(92) Pause Cleanup 117M->117M(256M) 0.058ms
[2021-05-11T03:12:31.391+0000][8][gc,cpu      ] GC(92) User=0.00s Sys=0.00s Real=0.00s
[2021-05-11T03:12:31.391+0000][8][safepoint   ] Safepoint "G1Concurrent", Time since last: 55786994 ns, Reaching safepoint: 123453 ns, At safepoint: 93477 ns, Total: 216930 ns
[2021-05-11T03:12:31.391+0000][8][gc,marking  ] GC(92) Concurrent Cleanup for Next Mark
[2021-05-11T03:12:31.391+0000][8][gc,marking  ] GC(92) Concurrent Cleanup for Next Mark 0.122ms
[2021-05-11T03:12:31.391+0000][8][gc          ] GC(92) Concurrent Cycle 149.116ms
[2021-05-11T03:12:50.393+0000][8][safepoint   ] Safepoint "Cleanup", Time since last: 19001497273 ns, Reaching safepoint: 112072 ns, At safepoint: 6910 ns, Total: 118982 ns
[2021-05-11T03:12:54.393+0000][8][safepoint   ] Safepoint "Cleanup", Time since last: 4000327032 ns, Reaching safepoint: 77373 ns, At safepoint: 5664 ns, Total: 83037 ns
[2021-05-11T03:13:07.395+0000][8][safepoint   ] Safepoint "Cleanup", Time since last: 13001177570 ns, Reaching safepoint: 91643 ns, At safepoint: 3874 ns, Total: 95517 ns
[2021-05-11T03:13:20.396+0000][8][safepoint   ] Safepoint "Cleanup", Time since last: 13001182386 ns, Reaching safepoint: 84031 ns, At safepoint: 4136 ns, Total: 88167 ns
[2021-05-11T03:13:48.399+0000][8][safepoint   ] Safepoint "Cleanup", Time since last: 28002832243 ns, Reaching safepoint: 69975 ns, At safepoint: 7064 ns, Total: 77039 ns
[2021-05-11T03:13:49.399+0000][8][safepoint   ] Safepoint "Cleanup", Time since last: 1000205441 ns, Reaching safepoint: 73432 ns, At safepoint: 4477 ns, Total: 77909 ns
[2021-05-11T03:14:16.277+0000][8][gc,start    ] GC(93) Pause Young (Normal) (G1 Evacuation Pause)
[2021-05-11T03:14:16.277+0000][8][gc,task     ] GC(93) Using 6 workers of 8 for evacuation
[2021-05-11T03:14:16.278+0000][8][gc,age      ] GC(93) Desired survivor size 6291456 bytes, new threshold 15 (max threshold 15)
[2021-05-11T03:14:16.279+0000][8][gc,age      ] GC(93) Age table with threshold 15 (max threshold 15)
[2021-05-11T03:14:16.279+0000][8][gc,age      ] GC(93) - age   1:     794376 bytes,     794376 total
[2021-05-11T03:14:16.279+0000][8][gc,age      ] GC(93) - age   2:       7416 bytes,     801792 total
[2021-05-11T03:14:16.279+0000][8][gc,age      ] GC(93) - age   3:       1056 bytes,     802848 total
[2021-05-11T03:14:16.279+0000][8][gc,age      ] GC(93) - age   4:       2448 bytes,     805296 total
[2021-05-11T03:14:16.279+0000][8][gc,age      ] GC(93) - age   5:       2592 bytes,     807888 total
[2021-05-11T03:14:16.279+0000][8][gc,age      ] GC(93) - age   6:       6960 bytes,     814848 total
[2021-05-11T03:14:16.279+0000][8][gc,age      ] GC(93) - age   7:       5080 bytes,     819928 total
[2021-05-11T03:14:16.279+0000][8][gc,age      ] GC(93) - age   8:       2216 bytes,     822144 total
[2021-05-11T03:14:16.279+0000][8][gc,age      ] GC(93) - age   9:       2264 bytes,     824408 total
[2021-05-11T03:14:16.279+0000][8][gc,age      ] GC(93) - age  10:       1416 bytes,     825824 total
[2021-05-11T03:14:16.279+0000][8][gc,age      ] GC(93) - age  11:       4072 bytes,     829896 total
[2021-05-11T03:14:16.279+0000][8][gc,age      ] GC(93) - age  12:       5312 bytes,     835208 total
[2021-05-11T03:14:16.279+0000][8][gc,age      ] GC(93) - age  13:       1456 bytes,     836664 total
[2021-05-11T03:14:16.279+0000][8][gc,age      ] GC(93) - age  14:        632 bytes,     837296 total
[2021-05-11T03:14:16.279+0000][8][gc,age      ] GC(93) - age  15:     124792 bytes,     962088 total
[2021-05-11T03:14:16.279+0000][8][gc,phases   ] GC(93)   Pre Evacuate Collection Set: 0.0ms
[2021-05-11T03:14:16.279+0000][8][gc,phases   ] GC(93)   Merge Heap Roots: 0.0ms
[2021-05-11T03:14:16.279+0000][8][gc,phases   ] GC(93)   Evacuate Collection Set: 1.2ms
[2021-05-11T03:14:16.279+0000][8][gc,phases   ] GC(93)   Post Evacuate Collection Set: 0.4ms
[2021-05-11T03:14:16.279+0000][8][gc,phases   ] GC(93)   Other: 0.3ms
[2021-05-11T03:14:16.279+0000][8][gc,heap     ] GC(93) Eden regions: 22->0(22)
[2021-05-11T03:14:16.279+0000][8][gc,heap     ] GC(93) Survivor regions: 1->1(3)
[2021-05-11T03:14:16.279+0000][8][gc,heap     ] GC(93) Old regions: 26->26
[2021-05-11T03:14:16.280+0000][8][gc,heap     ] GC(93) Archive regions: 2->2
[2021-05-11T03:14:16.280+0000][8][gc,heap     ] GC(93) Humongous regions: 2->2
[2021-05-11T03:14:16.280+0000][8][gc,metaspace] GC(93) Metaspace: 107570K(112240K)->107570K(112240K) NonClass: 93678K(97008K)->93678K(97008K) Class: 13892K(15232K)->13892K(15232K)
[2021-05-11T03:14:16.280+0000][8][gc          ] GC(93) Pause Young (Normal) (G1 Evacuation Pause) 204M->116M(256M) 2.072ms
[2021-05-11T03:14:16.280+0000][8][gc,cpu      ] GC(93) User=0.01s Sys=0.00s Real=0.00s
[2021-05-11T03:14:16.280+0000][8][safepoint   ] Safepoint "G1CollectForAllocation", Time since last: 26878206454 ns, Reaching safepoint: 126452 ns, At safepoint: 2135126 ns, Total: 2261578 ns
[2021-05-11T03:14:27.281+0000][8][safepoint   ] Safepoint "Cleanup", Time since last: 11001244481 ns, Reaching safepoint: 69305 ns, At safepoint: 6614 ns, Total: 75919 ns
[2021-05-11T03:14:52.283+0000][8][safepoint   ] Safepoint "Cleanup", Time since last: 25001861254 ns, Reaching safepoint: 85977 ns, At safepoint: 5783 ns, Total: 91760 ns
[2021-05-11T03:14:57.283+0000][8][safepoint   ] Safepoint "Cleanup", Time since last: 5000353649 ns, Reaching safepoint: 69246 ns, At safepoint: 5567 ns, Total: 74813 ns
[2021-05-11T03:16:31.328+0000][8][gc,start    ] GC(94) Pause Young (Concurrent Start) (G1 Evacuation Pause)
[2021-05-11T03:16:31.328+0000][8][gc,task     ] GC(94) Using 6 workers of 8 for evacuation
[2021-05-11T03:16:31.328+0000][8][gc,age      ] GC(94) Desired survivor size 6291456 bytes, new threshold 15 (max threshold 15)
[2021-05-11T03:16:31.330+0000][8][gc,age      ] GC(94) Age table with threshold 15 (max threshold 15)
[2021-05-11T03:16:31.331+0000][8][gc,age      ] GC(94) - age   1:     507632 bytes,     507632 total
[2021-05-11T03:16:31.331+0000][8][gc,age      ] GC(94) - age   2:     282304 bytes,     789936 total
[2021-05-11T03:16:31.331+0000][8][gc,age      ] GC(94) - age   3:       1232 bytes,     791168 total
[2021-05-11T03:16:31.331+0000][8][gc,age      ] GC(94) - age   4:       1056 bytes,     792224 total
[2021-05-11T03:16:31.331+0000][8][gc,age      ] GC(94) - age   5:       2352 bytes,     794576 total
[2021-05-11T03:16:31.331+0000][8][gc,age      ] GC(94) - age   6:       2592 bytes,     797168 total
[2021-05-11T03:16:31.331+0000][8][gc,age      ] GC(94) - age   7:       6960 bytes,     804128 total
[2021-05-11T03:16:31.331+0000][8][gc,age      ] GC(94) - age   8:       5080 bytes,     809208 total
[2021-05-11T03:16:31.331+0000][8][gc,age      ] GC(94) - age   9:       2216 bytes,     811424 total
[2021-05-11T03:16:31.331+0000][8][gc,age      ] GC(94) - age  10:       2264 bytes,     813688 total
[2021-05-11T03:16:31.331+0000][8][gc,age      ] GC(94) - age  11:       1416 bytes,     815104 total
[2021-05-11T03:16:31.331+0000][8][gc,age      ] GC(94) - age  12:       4072 bytes,     819176 total
[2021-05-11T03:16:31.331+0000][8][gc,age      ] GC(94) - age  13:       5312 bytes,     824488 total
[2021-05-11T03:16:31.331+0000][8][gc,age      ] GC(94) - age  14:       1456 bytes,     825944 total
[2021-05-11T03:16:31.331+0000][8][gc,age      ] GC(94) - age  15:        632 bytes,     826576 total
[2021-05-11T03:16:31.331+0000][8][gc,phases   ] GC(94)   Pre Evacuate Collection Set: 0.1ms
[2021-05-11T03:16:31.331+0000][8][gc,phases   ] GC(94)   Merge Heap Roots: 0.1ms
[2021-05-11T03:16:31.331+0000][8][gc,phases   ] GC(94)   Evacuate Collection Set: 1.3ms
[2021-05-11T03:16:31.331+0000][8][gc,phases   ] GC(94)   Post Evacuate Collection Set: 0.5ms
[2021-05-11T03:16:31.331+0000][8][gc,phases   ] GC(94)   Other: 0.3ms
[2021-05-11T03:16:31.331+0000][8][gc,heap     ] GC(94) Eden regions: 22->0(22)
[2021-05-11T03:16:31.331+0000][8][gc,heap     ] GC(94) Survivor regions: 1->1(3)
[2021-05-11T03:16:31.331+0000][8][gc,heap     ] GC(94) Old regions: 26->26
[2021-05-11T03:16:31.331+0000][8][gc,heap     ] GC(94) Archive regions: 2->2
[2021-05-11T03:16:31.331+0000][8][gc,heap     ] GC(94) Humongous regions: 2->2
[2021-05-11T03:16:31.331+0000][8][gc,metaspace] GC(94) Metaspace: 107571K(112240K)->107571K(112240K) NonClass: 93679K(97008K)->93679K(97008K) Class: 13892K(15232K)->13892K(15232K)
[2021-05-11T03:16:31.331+0000][8][gc          ] GC(94) Pause Young (Concurrent Start) (G1 Evacuation Pause) 204M->116M(256M) 2.395ms
[2021-05-11T03:16:31.331+0000][8][gc,cpu      ] GC(94) User=0.01s Sys=0.00s Real=0.00s
[2021-05-11T03:16:31.331+0000][8][safepoint   ] Safepoint "G1CollectForAllocation", Time since last: 94044938461 ns, Reaching safepoint: 134097 ns, At safepoint: 2475320 ns, Total: 2609417 ns
[2021-05-11T03:16:31.331+0000][8][gc          ] GC(95) Concurrent Cycle
[2021-05-11T03:16:31.331+0000][8][gc,marking  ] GC(95) Concurrent Clear Claimed Marks
[2021-05-11T03:16:31.331+0000][8][gc,marking  ] GC(95) Concurrent Clear Claimed Marks 0.087ms
[2021-05-11T03:16:31.331+0000][8][gc,marking  ] GC(95) Concurrent Scan Root Regions
[2021-05-11T03:16:31.332+0000][8][gc,marking  ] GC(95) Concurrent Scan Root Regions 0.834ms
[2021-05-11T03:16:31.332+0000][8][gc,marking  ] GC(95) Concurrent Mark (5038.946s)
[2021-05-11T03:16:31.332+0000][8][gc,marking  ] GC(95) Concurrent Mark From Roots
[2021-05-11T03:16:31.332+0000][8][gc,task     ] GC(95) Using 2 workers of 2 for marking
[2021-05-11T03:16:31.416+0000][8][gc,marking  ] GC(95) Concurrent Mark From Roots 84.382ms
[2021-05-11T03:16:31.416+0000][8][gc,marking  ] GC(95) Concurrent Preclean
[2021-05-11T03:16:31.416+0000][8][gc,marking  ] GC(95) Concurrent Preclean 0.218ms
[2021-05-11T03:16:31.416+0000][8][gc,marking  ] GC(95) Concurrent Mark (5038.946s, 5039.031s) 84.647ms
[2021-05-11T03:16:31.417+0000][8][gc,start    ] GC(95) Pause Remark
[2021-05-11T03:16:31.422+0000][8][gc          ] GC(95) Pause Remark 117M->117M(256M) 5.091ms
[2021-05-11T03:16:31.422+0000][8][gc,cpu      ] GC(95) User=0.03s Sys=0.00s Real=0.01s
[2021-05-11T03:16:31.422+0000][8][safepoint   ] Safepoint "G1Concurrent", Time since last: 85706187 ns, Reaching safepoint: 99228 ns, At safepoint: 5162626 ns, Total: 5261854 ns
[2021-05-11T03:16:31.422+0000][8][gc,marking  ] GC(95) Concurrent Rebuild Remembered Sets
[2021-05-11T03:16:31.478+0000][8][gc,marking  ] GC(95) Concurrent Rebuild Remembered Sets 55.993ms
[2021-05-11T03:16:31.478+0000][8][gc,start    ] GC(95) Pause Cleanup
[2021-05-11T03:16:31.478+0000][8][gc          ] GC(95) Pause Cleanup 117M->117M(256M) 0.057ms
[2021-05-11T03:16:31.478+0000][8][gc,cpu      ] GC(95) User=0.00s Sys=0.00s Real=0.00s
[2021-05-11T03:16:31.478+0000][8][safepoint   ] Safepoint "G1Concurrent", Time since last: 56072248 ns, Reaching safepoint: 64962 ns, At safepoint: 98114 ns, Total: 163076 ns
[2021-05-11T03:16:31.478+0000][8][gc,marking  ] GC(95) Concurrent Cleanup for Next Mark
[2021-05-11T03:16:31.478+0000][8][gc,marking  ] GC(95) Concurrent Cleanup for Next Mark 0.186ms
[2021-05-11T03:16:31.478+0000][8][gc          ] GC(95) Concurrent Cycle 147.399ms
[2021-05-11T03:17:52.484+0000][8][safepoint   ] Safepoint "Cleanup", Time since last: 81006086939 ns, Reaching safepoint: 86499 ns, At safepoint: 5934 ns, Total: 92433 ns
[2021-05-11T03:17:54.485+0000][8][safepoint   ] Safepoint "Cleanup", Time since last: 2000329457 ns, Reaching safepoint: 77934 ns, At safepoint: 5983 ns, Total: 83917 ns
[2021-05-11T03:18:46.378+0000][8][gc,start    ] GC(96) Pause Young (Normal) (G1 Evacuation Pause)
[2021-05-11T03:18:46.378+0000][8][gc,task     ] GC(96) Using 6 workers of 8 for evacuation
[2021-05-11T03:18:46.378+0000][8][gc,age      ] GC(96) Desired survivor size 6291456 bytes, new threshold 15 (max threshold 15)
[2021-05-11T03:18:46.380+0000][8][gc,age      ] GC(96) Age table with threshold 15 (max threshold 15)
[2021-05-11T03:18:46.380+0000][8][gc,age      ] GC(96) - age   1:     516784 bytes,     516784 total
[2021-05-11T03:18:46.380+0000][8][gc,age      ] GC(96) - age   2:        640 bytes,     517424 total
[2021-05-11T03:18:46.380+0000][8][gc,age      ] GC(96) - age   3:     158360 bytes,     675784 total
[2021-05-11T03:18:46.380+0000][8][gc,age      ] GC(96) - age   4:       1088 bytes,     676872 total
[2021-05-11T03:18:46.380+0000][8][gc,age      ] GC(96) - age   5:       1056 bytes,     677928 total
[2021-05-11T03:18:46.380+0000][8][gc,age      ] GC(96) - age   6:       2352 bytes,     680280 total
[2021-05-11T03:18:46.380+0000][8][gc,age      ] GC(96) - age   7:       2592 bytes,     682872 total
[2021-05-11T03:18:46.380+0000][8][gc,age      ] GC(96) - age   8:       6960 bytes,     689832 total
[2021-05-11T03:18:46.380+0000][8][gc,age      ] GC(96) - age   9:       5080 bytes,     694912 total
[2021-05-11T03:18:46.380+0000][8][gc,age      ] GC(96) - age  10:       2216 bytes,     697128 total
[2021-05-11T03:18:46.380+0000][8][gc,age      ] GC(96) - age  11:       2264 bytes,     699392 total
[2021-05-11T03:18:46.380+0000][8][gc,age      ] GC(96) - age  12:       1416 bytes,     700808 total
[2021-05-11T03:18:46.380+0000][8][gc,age      ] GC(96) - age  13:       4072 bytes,     704880 total
[2021-05-11T03:18:46.380+0000][8][gc,age      ] GC(96) - age  14:       5312 bytes,     710192 total
[2021-05-11T03:18:46.380+0000][8][gc,age      ] GC(96) - age  15:       1456 bytes,     711648 total
[2021-05-11T03:18:46.380+0000][8][gc,phases   ] GC(96)   Pre Evacuate Collection Set: 0.0ms
[2021-05-11T03:18:46.380+0000][8][gc,phases   ] GC(96)   Merge Heap Roots: 0.0ms
[2021-05-11T03:18:46.380+0000][8][gc,phases   ] GC(96)   Evacuate Collection Set: 0.8ms
[2021-05-11T03:18:46.380+0000][8][gc,phases   ] GC(96)   Post Evacuate Collection Set: 0.4ms
[2021-05-11T03:18:46.380+0000][8][gc,phases   ] GC(96)   Other: 0.2ms
[2021-05-11T03:18:46.380+0000][8][gc,heap     ] GC(96) Eden regions: 22->0(22)
[2021-05-11T03:18:46.380+0000][8][gc,heap     ] GC(96) Survivor regions: 1->1(3)
[2021-05-11T03:18:46.380+0000][8][gc,heap     ] GC(96) Old regions: 26->26
[2021-05-11T03:18:46.380+0000][8][gc,heap     ] GC(96) Archive regions: 2->2
[2021-05-11T03:18:46.380+0000][8][gc,heap     ] GC(96) Humongous regions: 2->2
[2021-05-11T03:18:46.380+0000][8][gc,metaspace] GC(96) Metaspace: 107598K(112240K)->107598K(112240K) NonClass: 93706K(97008K)->93706K(97008K) Class: 13892K(15232K)->13892K(15232K)
[2021-05-11T03:18:46.380+0000][8][gc          ] GC(96) Pause Young (Normal) (G1 Evacuation Pause) 204M->116M(256M) 1.606ms
[2021-05-11T03:18:46.380+0000][8][gc,cpu      ] GC(96) User=0.00s Sys=0.00s Real=0.00s
[2021-05-11T03:18:46.380+0000][8][safepoint   ] Safepoint "G1CollectForAllocation", Time since last: 51893452370 ns, Reaching safepoint: 61949 ns, At safepoint: 1677992 ns, Total: 1739941 ns
[2021-05-11T03:18:53.380+0000][8][safepoint   ] Safepoint "Cleanup", Time since last: 7000602916 ns, Reaching safepoint: 72838 ns, At safepoint: 4219 ns, Total: 77057 ns
[2021-05-11T03:18:56.381+0000][8][safepoint   ] Safepoint "Cleanup", Time since last: 3000270806 ns, Reaching safepoint: 87545 ns, At safepoint: 7205 ns, Total: 94750 ns
[2021-05-11T03:19:18.383+0000][8][safepoint   ] Safepoint "Cleanup", Time since last: 22001578866 ns, Reaching safepoint: 89450 ns, At safepoint: 5129 ns, Total: 94579 ns
[2021-05-11T03:19:50.168+0000][8][safepoint   ] Safepoint "Cleanup", Time since last: 31785301007 ns, Reaching safepoint: 129977 ns, At safepoint: 6463 ns, Total: 136440 ns
[2021-05-11T03:19:54.168+0000][8][safepoint   ] Safepoint "Cleanup", Time since last: 4000407776 ns, Reaching safepoint: 71622 ns, At safepoint: 5584 ns, Total: 77206 ns
[2021-05-11T03:19:57.169+0000][8][safepoint   ] Safepoint "Cleanup", Time since last: 3000224439 ns, Reaching safepoint: 73757 ns, At safepoint: 3775 ns, Total: 77532 ns
[2021-05-11T03:20:08.170+0000][8][safepoint   ] Safepoint "Cleanup", Time since last: 11000932415 ns, Reaching safepoint: 103387 ns, At safepoint: 5600 ns, Total: 108987 ns
[2021-05-11T03:20:20.171+0000][8][safepoint   ] Safepoint "Cleanup", Time since last: 12001299256 ns, Reaching safepoint: 125450 ns, At safepoint: 8910 ns, Total: 134360 ns
[2021-05-11T03:20:27.172+0000][8][safepoint   ] Safepoint "Cleanup", Time since last: 7000478938 ns, Reaching safepoint: 73510 ns, At safepoint: 7045 ns, Total: 80555 ns
[2021-05-11T03:20:54.174+0000][8][safepoint   ] Safepoint "Cleanup", Time since last: 27002061212 ns, Reaching safepoint: 122197 ns, At safepoint: 6851 ns, Total: 129048 ns
[2021-05-11T03:21:01.426+0000][8][gc,start    ] GC(97) Pause Young (Concurrent Start) (G1 Evacuation Pause)
[2021-05-11T03:21:01.426+0000][8][gc,task     ] GC(97) Using 6 workers of 8 for evacuation
[2021-05-11T03:21:01.426+0000][8][gc,age      ] GC(97) Desired survivor size 6291456 bytes, new threshold 15 (max threshold 15)
[2021-05-11T03:21:01.428+0000][8][gc,age      ] GC(97) Age table with threshold 15 (max threshold 15)
[2021-05-11T03:21:01.428+0000][8][gc,age      ] GC(97) - age   1:     512984 bytes,     512984 total
[2021-05-11T03:21:01.428+0000][8][gc,age      ] GC(97) - age   2:       4072 bytes,     517056 total
[2021-05-11T03:21:01.428+0000][8][gc,age      ] GC(97) - age   3:        448 bytes,     517504 total
[2021-05-11T03:21:01.428+0000][8][gc,age      ] GC(97) - age   4:     158240 bytes,     675744 total
[2021-05-11T03:21:01.428+0000][8][gc,age      ] GC(97) - age   5:       1040 bytes,     676784 total
[2021-05-11T03:21:01.428+0000][8][gc,age      ] GC(97) - age   6:       1056 bytes,     677840 total
[2021-05-11T03:21:01.428+0000][8][gc,age      ] GC(97) - age   7:       2352 bytes,     680192 total
[2021-05-11T03:21:01.428+0000][8][gc,age      ] GC(97) - age   8:       2352 bytes,     682544 total
[2021-05-11T03:21:01.428+0000][8][gc,age      ] GC(97) - age   9:       6960 bytes,     689504 total
[2021-05-11T03:21:01.428+0000][8][gc,age      ] GC(97) - age  10:       5080 bytes,     694584 total
[2021-05-11T03:21:01.428+0000][8][gc,age      ] GC(97) - age  11:       2216 bytes,     696800 total
[2021-05-11T03:21:01.428+0000][8][gc,age      ] GC(97) - age  12:       2264 bytes,     699064 total
[2021-05-11T03:21:01.428+0000][8][gc,age      ] GC(97) - age  13:       1416 bytes,     700480 total
[2021-05-11T03:21:01.428+0000][8][gc,age      ] GC(97) - age  14:       4072 bytes,     704552 total
[2021-05-11T03:21:01.428+0000][8][gc,age      ] GC(97) - age  15:       5312 bytes,     709864 total
[2021-05-11T03:21:01.428+0000][8][gc,phases   ] GC(97)   Pre Evacuate Collection Set: 0.1ms
[2021-05-11T03:21:01.428+0000][8][gc,phases   ] GC(97)   Merge Heap Roots: 0.0ms
[2021-05-11T03:21:01.428+0000][8][gc,phases   ] GC(97)   Evacuate Collection Set: 1.1ms
[2021-05-11T03:21:01.428+0000][8][gc,phases   ] GC(97)   Post Evacuate Collection Set: 0.3ms
[2021-05-11T03:21:01.428+0000][8][gc,phases   ] GC(97)   Other: 0.3ms
[2021-05-11T03:21:01.428+0000][8][gc,heap     ] GC(97) Eden regions: 22->0(22)
[2021-05-11T03:21:01.428+0000][8][gc,heap     ] GC(97) Survivor regions: 1->1(3)
[2021-05-11T03:21:01.428+0000][8][gc,heap     ] GC(97) Old regions: 26->26
[2021-05-11T03:21:01.428+0000][8][gc,heap     ] GC(97) Archive regions: 2->2
[2021-05-11T03:21:01.428+0000][8][gc,heap     ] GC(97) Humongous regions: 2->2
[2021-05-11T03:21:01.428+0000][8][gc,metaspace] GC(97) Metaspace: 107630K(112240K)->107630K(112240K) NonClass: 93738K(97008K)->93738K(97008K) Class: 13892K(15232K)->13892K(15232K)
[2021-05-11T03:21:01.428+0000][8][gc          ] GC(97) Pause Young (Concurrent Start) (G1 Evacuation Pause) 204M->116M(256M) 2.017ms
[2021-05-11T03:21:01.428+0000][8][gc,cpu      ] GC(97) User=0.01s Sys=0.00s Real=0.00s
[2021-05-11T03:21:01.428+0000][8][gc          ] GC(98) Concurrent Cycle
[2021-05-11T03:21:01.428+0000][8][safepoint   ] Safepoint "G1CollectForAllocation", Time since last: 7252233989 ns, Reaching safepoint: 151714 ns, At safepoint: 2103204 ns, Total: 2254918 ns
[2021-05-11T03:21:01.428+0000][8][gc,marking  ] GC(98) Concurrent Clear Claimed Marks
[2021-05-11T03:21:01.429+0000][8][gc,marking  ] GC(98) Concurrent Clear Claimed Marks 0.151ms
[2021-05-11T03:21:01.429+0000][8][gc,marking  ] GC(98) Concurrent Scan Root Regions
[2021-05-11T03:21:01.430+0000][8][gc,marking  ] GC(98) Concurrent Scan Root Regions 1.600ms
[2021-05-11T03:21:01.430+0000][8][gc,marking  ] GC(98) Concurrent Mark (5309.045s)
[2021-05-11T03:21:01.430+0000][8][gc,marking  ] GC(98) Concurrent Mark From Roots
[2021-05-11T03:21:01.430+0000][8][gc,task     ] GC(98) Using 2 workers of 2 for marking
[2021-05-11T03:21:01.513+0000][8][gc,marking  ] GC(98) Concurrent Mark From Roots 82.888ms
[2021-05-11T03:21:01.513+0000][8][gc,marking  ] GC(98) Concurrent Preclean
[2021-05-11T03:21:01.513+0000][8][gc,marking  ] GC(98) Concurrent Preclean 0.226ms
[2021-05-11T03:21:01.513+0000][8][gc,marking  ] GC(98) Concurrent Mark (5309.045s, 5309.128s) 83.156ms
[2021-05-11T03:21:01.514+0000][8][gc,start    ] GC(98) Pause Remark
[2021-05-11T03:21:01.519+0000][8][gc          ] GC(98) Pause Remark 117M->117M(256M) 5.169ms
[2021-05-11T03:21:01.519+0000][8][gc,cpu      ] GC(98) User=0.03s Sys=0.00s Real=0.00s
[2021-05-11T03:21:01.519+0000][8][safepoint   ] Safepoint "G1Concurrent", Time since last: 85000824 ns, Reaching safepoint: 77093 ns, At safepoint: 5236350 ns, Total: 5313443 ns
[2021-05-11T03:21:01.519+0000][8][gc,marking  ] GC(98) Concurrent Rebuild Remembered Sets
[2021-05-11T03:21:01.579+0000][8][gc,marking  ] GC(98) Concurrent Rebuild Remembered Sets 60.484ms
[2021-05-11T03:21:01.579+0000][8][gc,start    ] GC(98) Pause Cleanup
[2021-05-11T03:21:01.580+0000][8][gc          ] GC(98) Pause Cleanup 117M->117M(256M) 0.079ms
[2021-05-11T03:21:01.580+0000][8][gc,cpu      ] GC(98) User=0.00s Sys=0.00s Real=0.00s
[2021-05-11T03:21:01.580+0000][8][safepoint   ] Safepoint "G1Concurrent", Time since last: 60566735 ns, Reaching safepoint: 112968 ns, At safepoint: 124495 ns, Total: 237463 ns
[2021-05-11T03:21:01.580+0000][8][gc,marking  ] GC(98) Concurrent Cleanup for Next Mark
[2021-05-11T03:21:01.580+0000][8][gc,marking  ] GC(98) Concurrent Cleanup for Next Mark 0.257ms
[2021-05-11T03:21:01.580+0000][8][gc          ] GC(98) Concurrent Cycle 151.467ms
[2021-05-11T03:21:28.582+0000][8][safepoint   ] Safepoint "Cleanup", Time since last: 27002315924 ns, Reaching safepoint: 98730 ns, At safepoint: 5447 ns, Total: 104177 ns
[2021-05-11T03:22:18.586+0000][8][safepoint   ] Safepoint "Cleanup", Time since last: 50003851733 ns, Reaching safepoint: 84727 ns, At safepoint: 5271 ns, Total: 89998 ns
[2021-05-11T03:22:22.473+0000][8][safepoint   ] Safepoint "Cleanup", Time since last: 3886642749 ns, Reaching safepoint: 124942 ns, At safepoint: 5524 ns, Total: 130466 ns
[2021-05-11T03:22:50.469+0000][8][safepoint   ] Safepoint "Cleanup", Time since last: 27996262925 ns, Reaching safepoint: 127406 ns, At safepoint: 6437 ns, Total: 133843 ns
[2021-05-11T03:22:51.469+0000][8][gc,start    ] GC(99) Pause Young (Normal) (G1 Evacuation Pause)
[2021-05-11T03:22:51.469+0000][8][gc,task     ] GC(99) Using 6 workers of 8 for evacuation
[2021-05-11T03:22:51.469+0000][8][gc,age      ] GC(99) Desired survivor size 6291456 bytes, new threshold 15 (max threshold 15)
[2021-05-11T03:22:51.471+0000][8][gc,age      ] GC(99) Age table with threshold 15 (max threshold 15)
[2021-05-11T03:22:51.471+0000][8][gc,age      ] GC(99) - age   1:     832952 bytes,     832952 total
[2021-05-11T03:22:51.471+0000][8][gc,age      ] GC(99) - age   2:       3888 bytes,     836840 total
[2021-05-11T03:22:51.471+0000][8][gc,age      ] GC(99) - age   3:       3952 bytes,     840792 total
[2021-05-11T03:22:51.471+0000][8][gc,age      ] GC(99) - age   4:        448 bytes,     841240 total
[2021-05-11T03:22:51.471+0000][8][gc,age      ] GC(99) - age   5:       7336 bytes,     848576 total
[2021-05-11T03:22:51.471+0000][8][gc,age      ] GC(99) - age   6:       1000 bytes,     849576 total
[2021-05-11T03:22:51.471+0000][8][gc,age      ] GC(99) - age   7:       1056 bytes,     850632 total
[2021-05-11T03:22:51.471+0000][8][gc,age      ] GC(99) - age   8:       2144 bytes,     852776 total
[2021-05-11T03:22:51.471+0000][8][gc,age      ] GC(99) - age   9:       2352 bytes,     855128 total
[2021-05-11T03:22:51.471+0000][8][gc,age      ] GC(99) - age  10:       4592 bytes,     859720 total
[2021-05-11T03:22:51.471+0000][8][gc,age      ] GC(99) - age  11:       5080 bytes,     864800 total
[2021-05-11T03:22:51.471+0000][8][gc,age      ] GC(99) - age  12:       2216 bytes,     867016 total
[2021-05-11T03:22:51.471+0000][8][gc,age      ] GC(99) - age  13:       2264 bytes,     869280 total
[2021-05-11T03:22:51.471+0000][8][gc,age      ] GC(99) - age  14:       1416 bytes,     870696 total
[2021-05-11T03:22:51.471+0000][8][gc,age      ] GC(99) - age  15:       4072 bytes,     874768 total
[2021-05-11T03:22:51.471+0000][8][gc,phases   ] GC(99)   Pre Evacuate Collection Set: 0.0ms
[2021-05-11T03:22:51.471+0000][8][gc,phases   ] GC(99)   Merge Heap Roots: 0.1ms
[2021-05-11T03:22:51.471+0000][8][gc,phases   ] GC(99)   Evacuate Collection Set: 1.0ms
[2021-05-11T03:22:51.471+0000][8][gc,phases   ] GC(99)   Post Evacuate Collection Set: 0.3ms
[2021-05-11T03:22:51.471+0000][8][gc,phases   ] GC(99)   Other: 0.2ms
[2021-05-11T03:22:51.471+0000][8][gc,heap     ] GC(99) Eden regions: 22->0(22)
[2021-05-11T03:22:51.471+0000][8][gc,heap     ] GC(99) Survivor regions: 1->1(3)
[2021-05-11T03:22:51.471+0000][8][gc,heap     ] GC(99) Old regions: 26->26
[2021-05-11T03:22:51.471+0000][8][gc,heap     ] GC(99) Archive regions: 2->2
[2021-05-11T03:22:51.471+0000][8][gc,heap     ] GC(99) Humongous regions: 2->2
[2021-05-11T03:22:51.471+0000][8][gc,metaspace] GC(99) Metaspace: 107663K(112240K)->107663K(112240K) NonClass: 93771K(97008K)->93771K(97008K) Class: 13892K(15232K)->13892K(15232K)
[2021-05-11T03:22:51.471+0000][8][gc          ] GC(99) Pause Young (Normal) (G1 Evacuation Pause) 204M->116M(256M) 1.652ms
[2021-05-11T03:22:51.471+0000][8][gc,cpu      ] GC(99) User=0.01s Sys=0.00s Real=0.00s
[2021-05-11T03:22:51.471+0000][8][safepoint   ] Safepoint "G1CollectForAllocation", Time since last: 999899414 ns, Reaching safepoint: 133138 ns, At safepoint: 1718347 ns, Total: 1851485 ns
[2021-05-11T03:22:53.471+0000][8][safepoint   ] Safepoint "Cleanup", Time since last: 2000160074 ns, Reaching safepoint: 153401 ns, At safepoint: 8219 ns, Total: 161620 ns
[2021-05-11T03:22:54.471+0000][8][safepoint   ] Safepoint "Cleanup", Time since last: 1000102144 ns, Reaching safepoint: 85200 ns, At safepoint: 7057 ns, Total: 92257 ns
[2021-05-11T03:23:01.472+0000][8][safepoint   ] Safepoint "Cleanup", Time since last: 7000491926 ns, Reaching safepoint: 154712 ns, At safepoint: 8634 ns, Total: 163346 ns
[2021-05-11T03:23:27.475+0000][8][safepoint   ] Safepoint "Cleanup", Time since last: 26002760846 ns, Reaching safepoint: 159824 ns, At safepoint: 4910 ns, Total: 164734 ns
[2021-05-11T03:23:37.476+0000][8][safepoint   ] Safepoint "Cleanup", Time since last: 10000872164 ns, Reaching safepoint: 84837 ns, At safepoint: 5201 ns, Total: 90038 ns
[2021-05-11T03:23:50.477+0000][8][safepoint   ] Safepoint "Cleanup", Time since last: 13001115118 ns, Reaching safepoint: 93150 ns, At safepoint: 6783 ns, Total: 99933 ns
[2021-05-11T03:23:57.478+0000][8][safepoint   ] Safepoint "Cleanup", Time since last: 7000686680 ns, Reaching safepoint: 90911 ns, At safepoint: 5033 ns, Total: 95944 ns
[2021-05-11T03:24:56.956+0000][8][gc,start    ] GC(100) Pause Young (Concurrent Start) (G1 Evacuation Pause)
[2021-05-11T03:24:56.956+0000][8][gc,task     ] GC(100) Using 6 workers of 8 for evacuation
[2021-05-11T03:24:56.956+0000][8][gc,age      ] GC(100) Desired survivor size 6291456 bytes, new threshold 15 (max threshold 15)
[2021-05-11T03:24:56.957+0000][8][gc,age      ] GC(100) Age table with threshold 15 (max threshold 15)
[2021-05-11T03:24:56.957+0000][8][gc,age      ] GC(100) - age   1:     534192 bytes,     534192 total
[2021-05-11T03:24:56.957+0000][8][gc,age      ] GC(100) - age   2:     303304 bytes,     837496 total
[2021-05-11T03:24:56.957+0000][8][gc,age      ] GC(100) - age   3:       3768 bytes,     841264 total
[2021-05-11T03:24:56.957+0000][8][gc,age      ] GC(100) - age   4:       3840 bytes,     845104 total
[2021-05-11T03:24:56.957+0000][8][gc,age      ] GC(100) - age   5:        248 bytes,     845352 total
[2021-05-11T03:24:56.957+0000][8][gc,age      ] GC(100) - age   6:       6240 bytes,     851592 total
[2021-05-11T03:24:56.957+0000][8][gc,age      ] GC(100) - age   7:        880 bytes,     852472 total
[2021-05-11T03:24:56.957+0000][8][gc,age      ] GC(100) - age   8:       1056 bytes,     853528 total
[2021-05-11T03:24:56.957+0000][8][gc,age      ] GC(100) - age   9:       2104 bytes,     855632 total
[2021-05-11T03:24:56.957+0000][8][gc,age      ] GC(100) - age  10:       2352 bytes,     857984 total
[2021-05-11T03:24:56.957+0000][8][gc,age      ] GC(100) - age  11:       2304 bytes,     860288 total
[2021-05-11T03:24:56.957+0000][8][gc,age      ] GC(100) - age  12:       5080 bytes,     865368 total
[2021-05-11T03:24:56.957+0000][8][gc,age      ] GC(100) - age  13:       2216 bytes,     867584 total
[2021-05-11T03:24:56.957+0000][8][gc,age      ] GC(100) - age  14:       2264 bytes,     869848 total
[2021-05-11T03:24:56.957+0000][8][gc,age      ] GC(100) - age  15:       1416 bytes,     871264 total
[2021-05-11T03:24:56.957+0000][8][gc,phases   ] GC(100)   Pre Evacuate Collection Set: 0.1ms
[2021-05-11T03:24:56.957+0000][8][gc,phases   ] GC(100)   Merge Heap Roots: 0.0ms
[2021-05-11T03:24:56.957+0000][8][gc,phases   ] GC(100)   Evacuate Collection Set: 1.0ms
[2021-05-11T03:24:56.957+0000][8][gc,phases   ] GC(100)   Post Evacuate Collection Set: 0.4ms
[2021-05-11T03:24:56.957+0000][8][gc,phases   ] GC(100)   Other: 0.2ms
[2021-05-11T03:24:56.958+0000][8][gc,heap     ] GC(100) Eden regions: 22->0(22)
[2021-05-11T03:24:56.958+0000][8][gc,heap     ] GC(100) Survivor regions: 1->1(3)
[2021-05-11T03:24:56.958+0000][8][gc,heap     ] GC(100) Old regions: 26->26
[2021-05-11T03:24:56.958+0000][8][gc,heap     ] GC(100) Archive regions: 2->2
[2021-05-11T03:24:56.958+0000][8][gc,heap     ] GC(100) Humongous regions: 2->2
[2021-05-11T03:24:56.958+0000][8][gc,metaspace] GC(100) Metaspace: 107666K(112240K)->107666K(112240K) NonClass: 93774K(97008K)->93774K(97008K) Class: 13892K(15232K)->13892K(15232K)
[2021-05-11T03:24:56.958+0000][8][gc          ] GC(100) Pause Young (Concurrent Start) (G1 Evacuation Pause) 204M->116M(256M) 1.749ms
[2021-05-11T03:24:56.958+0000][8][gc,cpu      ] GC(100) User=0.01s Sys=0.00s Real=0.00s
[2021-05-11T03:24:56.958+0000][8][safepoint   ] Safepoint "G1CollectForAllocation", Time since last: 59477693017 ns, Reaching safepoint: 150683 ns, At safepoint: 1813880 ns, Total: 1964563 ns
[2021-05-11T03:24:56.958+0000][8][gc          ] GC(101) Concurrent Cycle
[2021-05-11T03:24:56.958+0000][8][gc,marking  ] GC(101) Concurrent Clear Claimed Marks
[2021-05-11T03:24:56.958+0000][8][gc,marking  ] GC(101) Concurrent Clear Claimed Marks 0.072ms
[2021-05-11T03:24:56.958+0000][8][gc,marking  ] GC(101) Concurrent Scan Root Regions
[2021-05-11T03:24:56.959+0000][8][gc,marking  ] GC(101) Concurrent Scan Root Regions 1.194ms
[2021-05-11T03:24:56.959+0000][8][gc,marking  ] GC(101) Concurrent Mark (5544.573s)
[2021-05-11T03:24:56.959+0000][8][gc,marking  ] GC(101) Concurrent Mark From Roots
[2021-05-11T03:24:56.959+0000][8][gc,task     ] GC(101) Using 2 workers of 2 for marking
[2021-05-11T03:24:57.045+0000][8][gc,marking  ] GC(101) Concurrent Mark From Roots 86.360ms
[2021-05-11T03:24:57.045+0000][8][gc,marking  ] GC(101) Concurrent Preclean
[2021-05-11T03:24:57.046+0000][8][gc,marking  ] GC(101) Concurrent Preclean 0.237ms
[2021-05-11T03:24:57.046+0000][8][gc,marking  ] GC(101) Concurrent Mark (5544.573s, 5544.660s) 86.642ms
[2021-05-11T03:24:57.046+0000][8][gc,start    ] GC(101) Pause Remark
[2021-05-11T03:24:57.051+0000][8][gc          ] GC(101) Pause Remark 118M->118M(256M) 5.527ms
[2021-05-11T03:24:57.051+0000][8][gc,cpu      ] GC(101) User=0.03s Sys=0.00s Real=0.00s
[2021-05-11T03:24:57.051+0000][8][safepoint   ] Safepoint "G1Concurrent", Time since last: 88005762 ns, Reaching safepoint: 136587 ns, At safepoint: 5606049 ns, Total: 5742636 ns
[2021-05-11T03:24:57.051+0000][8][gc,marking  ] GC(101) Concurrent Rebuild Remembered Sets
[2021-05-11T03:24:57.108+0000][8][gc,marking  ] GC(101) Concurrent Rebuild Remembered Sets 56.402ms
[2021-05-11T03:24:57.108+0000][8][gc,start    ] GC(101) Pause Cleanup
[2021-05-11T03:24:57.108+0000][8][gc          ] GC(101) Pause Cleanup 118M->118M(256M) 0.061ms
[2021-05-11T03:24:57.108+0000][8][gc,cpu      ] GC(101) User=0.00s Sys=0.00s Real=0.00s
[2021-05-11T03:24:57.108+0000][8][safepoint   ] Safepoint "G1Concurrent", Time since last: 56471364 ns, Reaching safepoint: 139164 ns, At safepoint: 98244 ns, Total: 237408 ns
[2021-05-11T03:24:57.108+0000][8][gc,marking  ] GC(101) Concurrent Cleanup for Next Mark
[2021-05-11T03:24:57.108+0000][8][gc,marking  ] GC(101) Concurrent Cleanup for Next Mark 0.125ms
[2021-05-11T03:24:57.108+0000][8][gc          ] GC(101) Concurrent Cycle 150.616ms
[2021-05-11T03:25:26.111+0000][8][safepoint   ] Safepoint "Cleanup", Time since last: 29002571719 ns, Reaching safepoint: 92569 ns, At safepoint: 5861 ns, Total: 98430 ns
[2021-05-11T03:26:54.117+0000][8][safepoint   ] Safepoint "Cleanup", Time since last: 88006582215 ns, Reaching safepoint: 101746 ns, At safepoint: 6423 ns, Total: 108169 ns
[2021-05-11T03:27:11.120+0000][8][safepoint   ] Safepoint "Cleanup", Time since last: 17001980797 ns, Reaching safepoint: 172070 ns, At safepoint: 5354 ns, Total: 177424 ns
[2021-05-11T03:27:19.933+0000][8][gc,start    ] GC(102) Pause Young (Normal) (G1 Evacuation Pause)
[2021-05-11T03:27:19.933+0000][8][gc,task     ] GC(102) Using 6 workers of 8 for evacuation
[2021-05-11T03:27:19.933+0000][8][gc,age      ] GC(102) Desired survivor size 6291456 bytes, new threshold 15 (max threshold 15)
[2021-05-11T03:27:19.934+0000][8][gc,age      ] GC(102) Age table with threshold 15 (max threshold 15)
[2021-05-11T03:27:19.934+0000][8][gc,age      ] GC(102) - age   1:     519616 bytes,     519616 total
[2021-05-11T03:27:19.934+0000][8][gc,age      ] GC(102) - age   2:       5064 bytes,     524680 total
[2021-05-11T03:27:19.934+0000][8][gc,age      ] GC(102) - age   3:     181992 bytes,     706672 total
[2021-05-11T03:27:19.934+0000][8][gc,age      ] GC(102) - age   4:       3768 bytes,     710440 total
[2021-05-11T03:27:19.934+0000][8][gc,age      ] GC(102) - age   5:       3840 bytes,     714280 total
[2021-05-11T03:27:19.934+0000][8][gc,age      ] GC(102) - age   6:        248 bytes,     714528 total
[2021-05-11T03:27:19.934+0000][8][gc,age      ] GC(102) - age   7:       6240 bytes,     720768 total
[2021-05-11T03:27:19.934+0000][8][gc,age      ] GC(102) - age   8:        880 bytes,     721648 total
[2021-05-11T03:27:19.934+0000][8][gc,age      ] GC(102) - age   9:       1056 bytes,     722704 total
[2021-05-11T03:27:19.934+0000][8][gc,age      ] GC(102) - age  10:       2104 bytes,     724808 total
[2021-05-11T03:27:19.934+0000][8][gc,age      ] GC(102) - age  11:       2352 bytes,     727160 total
[2021-05-11T03:27:19.934+0000][8][gc,age      ] GC(102) - age  12:       2304 bytes,     729464 total
[2021-05-11T03:27:19.934+0000][8][gc,age      ] GC(102) - age  13:       5080 bytes,     734544 total
[2021-05-11T03:27:19.934+0000][8][gc,age      ] GC(102) - age  14:       2216 bytes,     736760 total
[2021-05-11T03:27:19.934+0000][8][gc,age      ] GC(102) - age  15:       2264 bytes,     739024 total
[2021-05-11T03:27:19.934+0000][8][gc,phases   ] GC(102)   Pre Evacuate Collection Set: 0.0ms
[2021-05-11T03:27:19.935+0000][8][gc,phases   ] GC(102)   Merge Heap Roots: 0.0ms
[2021-05-11T03:27:19.935+0000][8][gc,phases   ] GC(102)   Evacuate Collection Set: 0.8ms
[2021-05-11T03:27:19.935+0000][8][gc,phases   ] GC(102)   Post Evacuate Collection Set: 0.5ms
[2021-05-11T03:27:19.935+0000][8][gc,phases   ] GC(102)   Other: 0.2ms
[2021-05-11T03:27:19.935+0000][8][gc,heap     ] GC(102) Eden regions: 22->0(22)
[2021-05-11T03:27:19.935+0000][8][gc,heap     ] GC(102) Survivor regions: 1->1(3)
[2021-05-11T03:27:19.935+0000][8][gc,heap     ] GC(102) Old regions: 26->26
[2021-05-11T03:27:19.935+0000][8][gc,heap     ] GC(102) Archive regions: 2->2
[2021-05-11T03:27:19.935+0000][8][gc,heap     ] GC(102) Humongous regions: 2->2
[2021-05-11T03:27:19.935+0000][8][gc,metaspace] GC(102) Metaspace: 107697K(112240K)->107697K(112240K) NonClass: 93805K(97008K)->93805K(97008K) Class: 13892K(15232K)->13892K(15232K)
[2021-05-11T03:27:19.935+0000][8][gc          ] GC(102) Pause Young (Normal) (G1 Evacuation Pause) 204M->116M(256M) 1.714ms
[2021-05-11T03:27:19.935+0000][8][gc,cpu      ] GC(102) User=0.01s Sys=0.00s Real=0.00s
[2021-05-11T03:27:19.935+0000][8][safepoint   ] Safepoint "G1CollectForAllocation", Time since last: 8813205445 ns, Reaching safepoint: 65009 ns, At safepoint: 1775430 ns, Total: 1840439 ns
[2021-05-11T03:27:27.935+0000][8][safepoint   ] Safepoint "Cleanup", Time since last: 8000581588 ns, Reaching safepoint: 84410 ns, At safepoint: 6772 ns, Total: 91182 ns
[2021-05-11T03:27:53.938+0000][8][safepoint   ] Safepoint "Cleanup", Time since last: 26002270580 ns, Reaching safepoint: 97788 ns, At safepoint: 5442 ns, Total: 103230 ns
[2021-05-11T03:27:55.938+0000][8][safepoint   ] Safepoint "Cleanup", Time since last: 2000419615 ns, Reaching safepoint: 100818 ns, At safepoint: 6584 ns, Total: 107402 ns
[2021-05-11T03:27:56.938+0000][8][safepoint   ] Safepoint "Cleanup", Time since last: 1000205893 ns, Reaching safepoint: 91005 ns, At safepoint: 4844 ns, Total: 95849 ns
[2021-05-11T03:28:17.940+0000][8][safepoint   ] Safepoint "Cleanup", Time since last: 21001925834 ns, Reaching safepoint: 78850 ns, At safepoint: 5846 ns, Total: 84696 ns
[2021-05-11T03:28:19.941+0000][8][safepoint   ] Safepoint "Cleanup", Time since last: 2000189027 ns, Reaching safepoint: 59766 ns, At safepoint: 2790 ns, Total: 62556 ns
[2021-05-11T03:28:47.943+0000][8][safepoint   ] Safepoint "Cleanup", Time since last: 28001960150 ns, Reaching safepoint: 82011 ns, At safepoint: 4754 ns, Total: 86765 ns
[2021-05-11T03:28:53.944+0000][8][safepoint   ] Safepoint "Cleanup", Time since last: 6000595832 ns, Reaching safepoint: 115538 ns, At safepoint: 5248 ns, Total: 120786 ns
[2021-05-11T03:29:26.968+0000][8][gc,start    ] GC(103) Pause Young (Concurrent Start) (G1 Evacuation Pause)
[2021-05-11T03:29:26.968+0000][8][gc,task     ] GC(103) Using 6 workers of 8 for evacuation
[2021-05-11T03:29:26.969+0000][8][gc,age      ] GC(103) Desired survivor size 6291456 bytes, new threshold 15 (max threshold 15)
[2021-05-11T03:29:26.970+0000][8][gc,age      ] GC(103) Age table with threshold 15 (max threshold 15)
[2021-05-11T03:29:26.970+0000][8][gc,age      ] GC(103) - age   1:     672064 bytes,     672064 total
[2021-05-11T03:29:26.970+0000][8][gc,age      ] GC(103) - age   2:       2312 bytes,     674376 total
[2021-05-11T03:29:26.970+0000][8][gc,age      ] GC(103) - age   3:       4576 bytes,     678952 total
[2021-05-11T03:29:26.970+0000][8][gc,age      ] GC(103) - age   4:     181728 bytes,     860680 total
[2021-05-11T03:29:26.970+0000][8][gc,age      ] GC(103) - age   5:       3768 bytes,     864448 total
[2021-05-11T03:29:26.970+0000][8][gc,age      ] GC(103) - age   6:       3840 bytes,     868288 total
[2021-05-11T03:29:26.970+0000][8][gc,age      ] GC(103) - age   7:        248 bytes,     868536 total
[2021-05-11T03:29:26.970+0000][8][gc,age      ] GC(103) - age   8:       6240 bytes,     874776 total
[2021-05-11T03:29:26.970+0000][8][gc,age      ] GC(103) - age   9:        880 bytes,     875656 total
[2021-05-11T03:29:26.970+0000][8][gc,age      ] GC(103) - age  10:       1056 bytes,     876712 total
[2021-05-11T03:29:26.970+0000][8][gc,age      ] GC(103) - age  11:       2104 bytes,     878816 total
[2021-05-11T03:29:26.970+0000][8][gc,age      ] GC(103) - age  12:       2352 bytes,     881168 total
[2021-05-11T03:29:26.970+0000][8][gc,age      ] GC(103) - age  13:       2304 bytes,     883472 total
[2021-05-11T03:29:26.970+0000][8][gc,age      ] GC(103) - age  14:       5080 bytes,     888552 total
[2021-05-11T03:29:26.970+0000][8][gc,age      ] GC(103) - age  15:       2216 bytes,     890768 total
[2021-05-11T03:29:26.970+0000][8][gc,phases   ] GC(103)   Pre Evacuate Collection Set: 0.1ms
[2021-05-11T03:29:26.970+0000][8][gc,phases   ] GC(103)   Merge Heap Roots: 0.0ms
[2021-05-11T03:29:26.971+0000][8][gc,phases   ] GC(103)   Evacuate Collection Set: 1.0ms
[2021-05-11T03:29:26.971+0000][8][gc,phases   ] GC(103)   Post Evacuate Collection Set: 0.6ms
[2021-05-11T03:29:26.971+0000][8][gc,phases   ] GC(103)   Other: 0.3ms
[2021-05-11T03:29:26.971+0000][8][gc,heap     ] GC(103) Eden regions: 22->0(22)
[2021-05-11T03:29:26.971+0000][8][gc,heap     ] GC(103) Survivor regions: 1->1(3)
[2021-05-11T03:29:26.971+0000][8][gc,heap     ] GC(103) Old regions: 26->26
[2021-05-11T03:29:26.971+0000][8][gc,heap     ] GC(103) Archive regions: 2->2
[2021-05-11T03:29:26.971+0000][8][gc,heap     ] GC(103) Humongous regions: 2->2
[2021-05-11T03:29:26.971+0000][8][gc,metaspace] GC(103) Metaspace: 107749K(112240K)->107749K(112240K) NonClass: 93857K(97008K)->93857K(97008K) Class: 13892K(15232K)->13892K(15232K)
[2021-05-11T03:29:26.971+0000][8][gc          ] GC(103) Pause Young (Concurrent Start) (G1 Evacuation Pause) 204M->116M(256M) 2.150ms
[2021-05-11T03:29:26.971+0000][8][gc,cpu      ] GC(103) User=0.01s Sys=0.00s Real=0.00s
[2021-05-11T03:29:26.971+0000][8][gc          ] GC(104) Concurrent Cycle
[2021-05-11T03:29:26.971+0000][8][gc,marking  ] GC(104) Concurrent Clear Claimed Marks
[2021-05-11T03:29:26.971+0000][8][gc,marking  ] GC(104) Concurrent Clear Claimed Marks 0.073ms
[2021-05-11T03:29:26.971+0000][8][gc,marking  ] GC(104) Concurrent Scan Root Regions
[2021-05-11T03:29:26.971+0000][8][safepoint   ] Safepoint "G1CollectForAllocation", Time since last: 33024755378 ns, Reaching safepoint: 151533 ns, At safepoint: 2235902 ns, Total: 2387435 ns
[2021-05-11T03:29:26.972+0000][8][gc,marking  ] GC(104) Concurrent Scan Root Regions 1.245ms
[2021-05-11T03:29:26.972+0000][8][gc,marking  ] GC(104) Concurrent Mark (5814.586s)
[2021-05-11T03:29:26.972+0000][8][gc,marking  ] GC(104) Concurrent Mark From Roots
[2021-05-11T03:29:26.972+0000][8][gc,task     ] GC(104) Using 2 workers of 2 for marking
[2021-05-11T03:29:27.067+0000][8][gc,marking  ] GC(104) Concurrent Mark From Roots 94.946ms
[2021-05-11T03:29:27.067+0000][8][gc,marking  ] GC(104) Concurrent Preclean
[2021-05-11T03:29:27.067+0000][8][gc,marking  ] GC(104) Concurrent Preclean 0.233ms
[2021-05-11T03:29:27.067+0000][8][gc,marking  ] GC(104) Concurrent Mark (5814.586s, 5814.682s) 95.226ms
[2021-05-11T03:29:27.067+0000][8][gc,start    ] GC(104) Pause Remark
[2021-05-11T03:29:27.073+0000][8][gc          ] GC(104) Pause Remark 118M->118M(256M) 5.655ms
[2021-05-11T03:29:27.073+0000][8][gc,cpu      ] GC(104) User=0.03s Sys=0.00s Real=0.01s
[2021-05-11T03:29:27.073+0000][8][safepoint   ] Safepoint "G1Concurrent", Time since last: 96599577 ns, Reaching safepoint: 107774 ns, At safepoint: 5724076 ns, Total: 5831850 ns
[2021-05-11T03:29:27.073+0000][8][gc,marking  ] GC(104) Concurrent Rebuild Remembered Sets
[2021-05-11T03:29:27.130+0000][8][gc,marking  ] GC(104) Concurrent Rebuild Remembered Sets 56.769ms
[2021-05-11T03:29:27.130+0000][8][gc,start    ] GC(104) Pause Cleanup
[2021-05-11T03:29:27.130+0000][8][gc          ] GC(104) Pause Cleanup 118M->118M(256M) 0.053ms
[2021-05-11T03:29:27.130+0000][8][gc,cpu      ] GC(104) User=0.00s Sys=0.00s Real=0.00s
[2021-05-11T03:29:27.130+0000][8][safepoint   ] Safepoint "G1Concurrent", Time since last: 56848364 ns, Reaching safepoint: 61898 ns, At safepoint: 87286 ns, Total: 149184 ns
[2021-05-11T03:29:27.130+0000][8][gc,marking  ] GC(104) Concurrent Cleanup for Next Mark
[2021-05-11T03:29:27.130+0000][8][gc,marking  ] GC(104) Concurrent Cleanup for Next Mark 0.120ms
[2021-05-11T03:29:27.130+0000][8][gc          ] GC(104) Concurrent Cycle 159.603ms
[2021-05-11T03:29:57.133+0000][8][safepoint   ] Safepoint "Cleanup", Time since last: 30002400212 ns, Reaching safepoint: 71620 ns, At safepoint: 5528 ns, Total: 77148 ns
[2021-05-11T03:30:20.135+0000][8][safepoint   ] Safepoint "Cleanup", Time since last: 23002064032 ns, Reaching safepoint: 92448 ns, At safepoint: 4953 ns, Total: 97401 ns
[2021-05-11T03:30:57.138+0000][8][safepoint   ] Safepoint "Cleanup", Time since last: 37003031938 ns, Reaching safepoint: 84058 ns, At safepoint: 8160 ns, Total: 92218 ns
[2021-05-11T03:30:59.138+0000][8][safepoint   ] Safepoint "Cleanup", Time since last: 2000331119 ns, Reaching safepoint: 75455 ns, At safepoint: 5676 ns, Total: 81131 ns
[2021-05-11T03:31:05.139+0000][8][safepoint   ] Safepoint "Cleanup", Time since last: 6000439500 ns, Reaching safepoint: 91025 ns, At safepoint: 6842 ns, Total: 97867 ns
[2021-05-11T03:31:27.141+0000][8][safepoint   ] Safepoint "Cleanup", Time since last: 22001972898 ns, Reaching safepoint: 80773 ns, At safepoint: 6277 ns, Total: 87050 ns
[2021-05-11T03:31:51.308+0000][8][gc,start    ] GC(105) Pause Young (Normal) (G1 Evacuation Pause)
[2021-05-11T03:31:51.308+0000][8][gc,task     ] GC(105) Using 6 workers of 8 for evacuation
[2021-05-11T03:31:51.308+0000][8][gc,age      ] GC(105) Desired survivor size 6291456 bytes, new threshold 15 (max threshold 15)
[2021-05-11T03:31:51.309+0000][8][gc,age      ] GC(105) Age table with threshold 15 (max threshold 15)
[2021-05-11T03:31:51.309+0000][8][gc,age      ] GC(105) - age   1:     505488 bytes,     505488 total
[2021-05-11T03:31:51.309+0000][8][gc,age      ] GC(105) - age   2:       2752 bytes,     508240 total
[2021-05-11T03:31:51.309+0000][8][gc,age      ] GC(105) - age   3:       2312 bytes,     510552 total
[2021-05-11T03:31:51.309+0000][8][gc,age      ] GC(105) - age   4:       4576 bytes,     515128 total
[2021-05-11T03:31:51.309+0000][8][gc,age      ] GC(105) - age   5:     181728 bytes,     696856 total
[2021-05-11T03:31:51.309+0000][8][gc,age      ] GC(105) - age   6:       3768 bytes,     700624 total
[2021-05-11T03:31:51.309+0000][8][gc,age      ] GC(105) - age   7:       3840 bytes,     704464 total
[2021-05-11T03:31:51.309+0000][8][gc,age      ] GC(105) - age   8:        248 bytes,     704712 total
[2021-05-11T03:31:51.309+0000][8][gc,age      ] GC(105) - age   9:       6240 bytes,     710952 total
[2021-05-11T03:31:51.309+0000][8][gc,age      ] GC(105) - age  10:        880 bytes,     711832 total
[2021-05-11T03:31:51.309+0000][8][gc,age      ] GC(105) - age  11:       1056 bytes,     712888 total
[2021-05-11T03:31:51.309+0000][8][gc,age      ] GC(105) - age  12:       2104 bytes,     714992 total
[2021-05-11T03:31:51.309+0000][8][gc,age      ] GC(105) - age  13:       2352 bytes,     717344 total
[2021-05-11T03:31:51.309+0000][8][gc,age      ] GC(105) - age  14:       2304 bytes,     719648 total
[2021-05-11T03:31:51.309+0000][8][gc,age      ] GC(105) - age  15:       5080 bytes,     724728 total
[2021-05-11T03:31:51.309+0000][8][gc,phases   ] GC(105)   Pre Evacuate Collection Set: 0.0ms
[2021-05-11T03:31:51.309+0000][8][gc,phases   ] GC(105)   Merge Heap Roots: 0.0ms
[2021-05-11T03:31:51.309+0000][8][gc,phases   ] GC(105)   Evacuate Collection Set: 0.8ms
[2021-05-11T03:31:51.309+0000][8][gc,phases   ] GC(105)   Post Evacuate Collection Set: 0.3ms
[2021-05-11T03:31:51.309+0000][8][gc,phases   ] GC(105)   Other: 0.2ms
[2021-05-11T03:31:51.309+0000][8][gc,heap     ] GC(105) Eden regions: 22->0(22)
[2021-05-11T03:31:51.309+0000][8][gc,heap     ] GC(105) Survivor regions: 1->1(3)
[2021-05-11T03:31:51.309+0000][8][gc,heap     ] GC(105) Old regions: 26->26
[2021-05-11T03:31:51.309+0000][8][gc,heap     ] GC(105) Archive regions: 2->2
[2021-05-11T03:31:51.309+0000][8][gc,heap     ] GC(105) Humongous regions: 2->2
[2021-05-11T03:31:51.309+0000][8][gc,metaspace] GC(105) Metaspace: 107758K(112496K)->107758K(112496K) NonClass: 93866K(97264K)->93866K(97264K) Class: 13892K(15232K)->13892K(15232K)
[2021-05-11T03:31:51.309+0000][8][gc          ] GC(105) Pause Young (Normal) (G1 Evacuation Pause) 204M->116M(256M) 1.462ms
[2021-05-11T03:31:51.309+0000][8][gc,cpu      ] GC(105) User=0.01s Sys=0.00s Real=0.00s
[2021-05-11T03:31:51.309+0000][8][safepoint   ] Safepoint "G1CollectForAllocation", Time since last: 24166832345 ns, Reaching safepoint: 83332 ns, At safepoint: 1519572 ns, Total: 1602904 ns
[2021-05-11T03:31:54.310+0000][8][safepoint   ] Safepoint "Cleanup", Time since last: 3000543174 ns, Reaching safepoint: 91384 ns, At safepoint: 6647 ns, Total: 98031 ns
[2021-05-11T03:32:50.315+0000][8][safepoint   ] Safepoint "Cleanup", Time since last: 56004911872 ns, Reaching safepoint: 91905 ns, At safepoint: 4519 ns, Total: 96424 ns
[2021-05-11T03:32:54.315+0000][8][safepoint   ] Safepoint "Cleanup", Time since last: 4000294341 ns, Reaching safepoint: 112690 ns, At safepoint: 6097 ns, Total: 118787 ns
[2021-05-11T03:32:55.316+0000][8][safepoint   ] Safepoint "Cleanup", Time since last: 1000129618 ns, Reaching safepoint: 96624 ns, At safepoint: 4320 ns, Total: 100944 ns
[2021-05-11T03:33:26.978+0000][8][gc,start    ] GC(106) Pause Young (Concurrent Start) (G1 Evacuation Pause)
[2021-05-11T03:33:26.978+0000][8][gc,task     ] GC(106) Using 6 workers of 8 for evacuation
[2021-05-11T03:33:26.978+0000][8][gc,age      ] GC(106) Desired survivor size 6291456 bytes, new threshold 15 (max threshold 15)
[2021-05-11T03:33:26.979+0000][8][gc,age      ] GC(106) Age table with threshold 15 (max threshold 15)
[2021-05-11T03:33:26.979+0000][8][gc,age      ] GC(106) - age   1:     935896 bytes,     935896 total
[2021-05-11T03:33:26.979+0000][8][gc,age      ] GC(106) - age   2:        304 bytes,     936200 total
[2021-05-11T03:33:26.979+0000][8][gc,age      ] GC(106) - age   3:       2056 bytes,     938256 total
[2021-05-11T03:33:26.979+0000][8][gc,age      ] GC(106) - age   4:       2192 bytes,     940448 total
[2021-05-11T03:33:26.979+0000][8][gc,age      ] GC(106) - age   5:       3440 bytes,     943888 total
[2021-05-11T03:33:26.979+0000][8][gc,age      ] GC(106) - age   6:       5480 bytes,     949368 total
[2021-05-11T03:33:26.979+0000][8][gc,age      ] GC(106) - age   7:       3568 bytes,     952936 total
[2021-05-11T03:33:26.979+0000][8][gc,age      ] GC(106) - age   8:       3840 bytes,     956776 total
[2021-05-11T03:33:26.979+0000][8][gc,age      ] GC(106) - age   9:        248 bytes,     957024 total
[2021-05-11T03:33:26.979+0000][8][gc,age      ] GC(106) - age  10:       5224 bytes,     962248 total
[2021-05-11T03:33:26.979+0000][8][gc,age      ] GC(106) - age  11:        880 bytes,     963128 total
[2021-05-11T03:33:26.979+0000][8][gc,age      ] GC(106) - age  12:        960 bytes,     964088 total
[2021-05-11T03:33:26.980+0000][8][gc,age      ] GC(106) - age  13:       2104 bytes,     966192 total
[2021-05-11T03:33:26.980+0000][8][gc,age      ] GC(106) - age  14:       2256 bytes,     968448 total
[2021-05-11T03:33:26.980+0000][8][gc,age      ] GC(106) - age  15:       2032 bytes,     970480 total
[2021-05-11T03:33:26.980+0000][8][gc,phases   ] GC(106)   Pre Evacuate Collection Set: 0.1ms
[2021-05-11T03:33:26.980+0000][8][gc,phases   ] GC(106)   Merge Heap Roots: 0.0ms
[2021-05-11T03:33:26.980+0000][8][gc,phases   ] GC(106)   Evacuate Collection Set: 0.9ms
[2021-05-11T03:33:26.980+0000][8][gc,phases   ] GC(106)   Post Evacuate Collection Set: 0.5ms
[2021-05-11T03:33:26.980+0000][8][gc,phases   ] GC(106)   Other: 0.3ms
[2021-05-11T03:33:26.980+0000][8][gc,heap     ] GC(106) Eden regions: 22->0(22)
[2021-05-11T03:33:26.980+0000][8][gc,heap     ] GC(106) Survivor regions: 1->1(3)
[2021-05-11T03:33:26.980+0000][8][gc,heap     ] GC(106) Old regions: 26->26
[2021-05-11T03:33:26.980+0000][8][gc,heap     ] GC(106) Archive regions: 2->2
[2021-05-11T03:33:26.980+0000][8][gc,heap     ] GC(106) Humongous regions: 2->2
[2021-05-11T03:33:26.980+0000][8][gc,metaspace] GC(106) Metaspace: 107796K(112496K)->107796K(112496K) NonClass: 93904K(97264K)->93904K(97264K) Class: 13892K(15232K)->13892K(15232K)
[2021-05-11T03:33:26.980+0000][8][gc          ] GC(106) Pause Young (Concurrent Start) (G1 Evacuation Pause) 204M->116M(256M) 1.923ms
[2021-05-11T03:33:26.980+0000][8][gc,cpu      ] GC(106) User=0.01s Sys=0.00s Real=0.00s
[2021-05-11T03:33:26.980+0000][8][gc          ] GC(107) Concurrent Cycle
[2021-05-11T03:33:26.980+0000][8][gc,marking  ] GC(107) Concurrent Clear Claimed Marks
[2021-05-11T03:33:26.980+0000][8][gc,marking  ] GC(107) Concurrent Clear Claimed Marks 0.063ms
[2021-05-11T03:33:26.980+0000][8][gc,marking  ] GC(107) Concurrent Scan Root Regions
[2021-05-11T03:33:26.980+0000][8][safepoint   ] Safepoint "G1CollectForAllocation", Time since last: 31661931418 ns, Reaching safepoint: 190490 ns, At safepoint: 1994040 ns, Total: 2184530 ns
[2021-05-11T03:33:26.981+0000][8][gc,marking  ] GC(107) Concurrent Scan Root Regions 1.627ms
[2021-05-11T03:33:26.981+0000][8][gc,marking  ] GC(107) Concurrent Mark (6054.596s)
[2021-05-11T03:33:26.981+0000][8][gc,marking  ] GC(107) Concurrent Mark From Roots
[2021-05-11T03:33:26.981+0000][8][gc,task     ] GC(107) Using 2 workers of 2 for marking
[2021-05-11T03:33:27.078+0000][8][gc,marking  ] GC(107) Concurrent Mark From Roots 96.451ms
[2021-05-11T03:33:27.078+0000][8][gc,marking  ] GC(107) Concurrent Preclean
[2021-05-11T03:33:27.078+0000][8][gc,marking  ] GC(107) Concurrent Preclean 0.222ms
[2021-05-11T03:33:27.078+0000][8][gc,marking  ] GC(107) Concurrent Mark (6054.596s, 6054.693s) 96.723ms
[2021-05-11T03:33:27.078+0000][8][gc,start    ] GC(107) Pause Remark
[2021-05-11T03:33:27.083+0000][8][gc          ] GC(107) Pause Remark 119M->119M(256M) 5.140ms
[2021-05-11T03:33:27.084+0000][8][gc,cpu      ] GC(107) User=0.02s Sys=0.00s Real=0.01s
[2021-05-11T03:33:27.084+0000][8][safepoint   ] Safepoint "G1Concurrent", Time since last: 98526514 ns, Reaching safepoint: 96883 ns, At safepoint: 5215849 ns, Total: 5312732 ns
[2021-05-11T03:33:27.084+0000][8][gc,marking  ] GC(107) Concurrent Rebuild Remembered Sets
[2021-05-11T03:33:27.142+0000][8][gc,marking  ] GC(107) Concurrent Rebuild Remembered Sets 58.883ms
[2021-05-11T03:33:27.143+0000][8][gc,start    ] GC(107) Pause Cleanup
[2021-05-11T03:33:27.143+0000][8][gc          ] GC(107) Pause Cleanup 119M->119M(256M) 0.062ms
[2021-05-11T03:33:27.143+0000][8][gc,cpu      ] GC(107) User=0.00s Sys=0.00s Real=0.00s
[2021-05-11T03:33:27.143+0000][8][safepoint   ] Safepoint "G1Concurrent", Time since last: 58948727 ns, Reaching safepoint: 69710 ns, At safepoint: 98062 ns, Total: 167772 ns
[2021-05-11T03:33:27.143+0000][8][gc,marking  ] GC(107) Concurrent Cleanup for Next Mark
[2021-05-11T03:33:27.143+0000][8][gc,marking  ] GC(107) Concurrent Cleanup for Next Mark 0.129ms
[2021-05-11T03:33:27.143+0000][8][gc          ] GC(107) Concurrent Cycle 163.119ms
[2021-05-11T03:33:50.144+0000][8][safepoint   ] Safepoint "Cleanup", Time since last: 23001745439 ns, Reaching safepoint: 75348 ns, At safepoint: 5280 ns, Total: 80628 ns
[2021-05-11T03:33:54.145+0000][8][safepoint   ] Safepoint "Cleanup", Time since last: 4000272101 ns, Reaching safepoint: 94230 ns, At safepoint: 5654 ns, Total: 99884 ns
[2021-05-11T03:34:54.150+0000][8][safepoint   ] Safepoint "Cleanup", Time since last: 60004950883 ns, Reaching safepoint: 68000 ns, At safepoint: 5064 ns, Total: 73064 ns
[2021-05-11T03:34:56.150+0000][8][safepoint   ] Safepoint "Cleanup", Time since last: 2000191763 ns, Reaching safepoint: 98969 ns, At safepoint: 8012 ns, Total: 106981 ns
[2021-05-11T03:35:22.153+0000][8][safepoint   ] Safepoint "Cleanup", Time since last: 26002273773 ns, Reaching safepoint: 95871 ns, At safepoint: 6275 ns, Total: 102146 ns
[2021-05-11T03:35:47.155+0000][8][safepoint   ] Safepoint "Cleanup", Time since last: 25002152689 ns, Reaching safepoint: 74123 ns, At safepoint: 4920 ns, Total: 79043 ns
[2021-05-11T03:35:49.764+0000][8][gc,start    ] GC(108) Pause Young (Normal) (G1 Evacuation Pause)
[2021-05-11T03:35:49.764+0000][8][gc,task     ] GC(108) Using 6 workers of 8 for evacuation
[2021-05-11T03:35:49.764+0000][8][gc,age      ] GC(108) Desired survivor size 6291456 bytes, new threshold 15 (max threshold 15)
[2021-05-11T03:35:49.765+0000][8][gc,age      ] GC(108) Age table with threshold 15 (max threshold 15)
[2021-05-11T03:35:49.765+0000][8][gc,age      ] GC(108) - age   1:     507504 bytes,     507504 total
[2021-05-11T03:35:49.765+0000][8][gc,age      ] GC(108) - age   2:     276584 bytes,     784088 total
[2021-05-11T03:35:49.765+0000][8][gc,age      ] GC(108) - age   3:        304 bytes,     784392 total
[2021-05-11T03:35:49.765+0000][8][gc,age      ] GC(108) - age   4:       2056 bytes,     786448 total
[2021-05-11T03:35:49.765+0000][8][gc,age      ] GC(108) - age   5:       2192 bytes,     788640 total
[2021-05-11T03:35:49.765+0000][8][gc,age      ] GC(108) - age   6:       3440 bytes,     792080 total
[2021-05-11T03:35:49.765+0000][8][gc,age      ] GC(108) - age   7:       5480 bytes,     797560 total
[2021-05-11T03:35:49.765+0000][8][gc,age      ] GC(108) - age   8:       3568 bytes,     801128 total
[2021-05-11T03:35:49.765+0000][8][gc,age      ] GC(108) - age   9:       3840 bytes,     804968 total
[2021-05-11T03:35:49.765+0000][8][gc,age      ] GC(108) - age  10:        248 bytes,     805216 total
[2021-05-11T03:35:49.765+0000][8][gc,age      ] GC(108) - age  11:       5224 bytes,     810440 total
[2021-05-11T03:35:49.765+0000][8][gc,age      ] GC(108) - age  12:        880 bytes,     811320 total
[2021-05-11T03:35:49.765+0000][8][gc,age      ] GC(108) - age  13:        960 bytes,     812280 total
[2021-05-11T03:35:49.765+0000][8][gc,age      ] GC(108) - age  14:       2104 bytes,     814384 total
[2021-05-11T03:35:49.765+0000][8][gc,age      ] GC(108) - age  15:       2256 bytes,     816640 total
[2021-05-11T03:35:49.765+0000][8][gc,phases   ] GC(108)   Pre Evacuate Collection Set: 0.0ms
[2021-05-11T03:35:49.765+0000][8][gc,phases   ] GC(108)   Merge Heap Roots: 0.0ms
[2021-05-11T03:35:49.765+0000][8][gc,phases   ] GC(108)   Evacuate Collection Set: 0.8ms
[2021-05-11T03:35:49.765+0000][8][gc,phases   ] GC(108)   Post Evacuate Collection Set: 0.3ms
[2021-05-11T03:35:49.765+0000][8][gc,phases   ] GC(108)   Other: 0.2ms
[2021-05-11T03:35:49.765+0000][8][gc,heap     ] GC(108) Eden regions: 22->0(22)
[2021-05-11T03:35:49.765+0000][8][gc,heap     ] GC(108) Survivor regions: 1->1(3)
[2021-05-11T03:35:49.765+0000][8][gc,heap     ] GC(108) Old regions: 26->26
[2021-05-11T03:35:49.765+0000][8][gc,heap     ] GC(108) Archive regions: 2->2
[2021-05-11T03:35:49.765+0000][8][gc,heap     ] GC(108) Humongous regions: 2->2
[2021-05-11T03:35:49.765+0000][8][gc,metaspace] GC(108) Metaspace: 107797K(112496K)->107797K(112496K) NonClass: 93905K(97264K)->93905K(97264K) Class: 13892K(15232K)->13892K(15232K)
[2021-05-11T03:35:49.765+0000][8][gc          ] GC(108) Pause Young (Normal) (G1 Evacuation Pause) 204M->116M(256M) 1.460ms
[2021-05-11T03:35:49.765+0000][8][gc,cpu      ] GC(108) User=0.01s Sys=0.00s Real=0.00s
[2021-05-11T03:35:49.765+0000][8][safepoint   ] Safepoint "G1CollectForAllocation", Time since last: 2608815998 ns, Reaching safepoint: 65813 ns, At safepoint: 1515026 ns, Total: 1580839 ns
[2021-05-11T03:35:50.765+0000][8][safepoint   ] Safepoint "Cleanup", Time since last: 1000118506 ns, Reaching safepoint: 117858 ns, At safepoint: 7031 ns, Total: 124889 ns
[2021-05-11T03:35:53.766+0000][8][safepoint   ] Safepoint "Cleanup", Time since last: 3000370785 ns, Reaching safepoint: 80396 ns, At safepoint: 4657 ns, Total: 85053 ns
[2021-05-11T03:36:27.769+0000][8][safepoint   ] Safepoint "Cleanup", Time since last: 34003201408 ns, Reaching safepoint: 89253 ns, At safepoint: 2965 ns, Total: 92218 ns
[2021-05-11T03:36:50.771+0000][8][safepoint   ] Safepoint "Cleanup", Time since last: 23001960332 ns, Reaching safepoint: 94388 ns, At safepoint: 10793 ns, Total: 105181 ns
[2021-05-11T03:37:49.776+0000][8][safepoint   ] Safepoint "Cleanup", Time since last: 59004861984 ns, Reaching safepoint: 61238 ns, At safepoint: 5108 ns, Total: 66346 ns
[2021-05-11T03:37:53.777+0000][8][safepoint   ] Safepoint "Cleanup", Time since last: 4000384086 ns, Reaching safepoint: 78036 ns, At safepoint: 5576 ns, Total: 83612 ns
[2021-05-11T03:37:54.777+0000][8][safepoint   ] Safepoint "Cleanup", Time since last: 1000093967 ns, Reaching safepoint: 70454 ns, At safepoint: 4760 ns, Total: 75214 ns
[2021-05-11T03:37:56.777+0000][8][safepoint   ] Safepoint "Cleanup", Time since last: 2000181320 ns, Reaching safepoint: 71096 ns, At safepoint: 6763 ns, Total: 77859 ns
[2021-05-11T03:37:56.991+0000][8][gc,start    ] GC(109) Pause Young (Concurrent Start) (G1 Evacuation Pause)
[2021-05-11T03:37:56.991+0000][8][gc,task     ] GC(109) Using 6 workers of 8 for evacuation
[2021-05-11T03:37:56.991+0000][8][gc,age      ] GC(109) Desired survivor size 6291456 bytes, new threshold 15 (max threshold 15)
[2021-05-11T03:37:56.993+0000][8][gc,age      ] GC(109) Age table with threshold 15 (max threshold 15)
[2021-05-11T03:37:56.993+0000][8][gc,age      ] GC(109) - age   1:     432760 bytes,     432760 total
[2021-05-11T03:37:56.993+0000][8][gc,age      ] GC(109) - age   2:       2224 bytes,     434984 total
[2021-05-11T03:37:56.993+0000][8][gc,age      ] GC(109) - age   3:     154776 bytes,     589760 total
[2021-05-11T03:37:56.993+0000][8][gc,age      ] GC(109) - age   4:        160 bytes,     589920 total
[2021-05-11T03:37:56.993+0000][8][gc,age      ] GC(109) - age   5:       1960 bytes,     591880 total
[2021-05-11T03:37:56.993+0000][8][gc,age      ] GC(109) - age   6:       1992 bytes,     593872 total
[2021-05-11T03:37:56.993+0000][8][gc,age      ] GC(109) - age   7:       3400 bytes,     597272 total
[2021-05-11T03:37:56.993+0000][8][gc,age      ] GC(109) - age   8:       5272 bytes,     602544 total
[2021-05-11T03:37:56.993+0000][8][gc,age      ] GC(109) - age   9:       3568 bytes,     606112 total
[2021-05-11T03:37:56.993+0000][8][gc,age      ] GC(109) - age  10:       3840 bytes,     609952 total
[2021-05-11T03:37:56.993+0000][8][gc,age      ] GC(109) - age  11:        248 bytes,     610200 total
[2021-05-11T03:37:56.993+0000][8][gc,age      ] GC(109) - age  12:       5224 bytes,     615424 total
[2021-05-11T03:37:56.993+0000][8][gc,age      ] GC(109) - age  13:        880 bytes,     616304 total
[2021-05-11T03:37:56.993+0000][8][gc,age      ] GC(109) - age  14:        920 bytes,     617224 total
[2021-05-11T03:37:56.993+0000][8][gc,age      ] GC(109) - age  15:       2104 bytes,     619328 total
[2021-05-11T03:37:56.993+0000][8][gc,phases   ] GC(109)   Pre Evacuate Collection Set: 0.1ms
[2021-05-11T03:37:56.993+0000][8][gc,phases   ] GC(109)   Merge Heap Roots: 0.0ms
[2021-05-11T03:37:56.993+0000][8][gc,phases   ] GC(109)   Evacuate Collection Set: 0.7ms
[2021-05-11T03:37:56.993+0000][8][gc,phases   ] GC(109)   Post Evacuate Collection Set: 0.4ms
[2021-05-11T03:37:56.993+0000][8][gc,phases   ] GC(109)   Other: 0.3ms
[2021-05-11T03:37:56.993+0000][8][gc,heap     ] GC(109) Eden regions: 22->0(22)
[2021-05-11T03:37:56.993+0000][8][gc,heap     ] GC(109) Survivor regions: 1->1(3)
[2021-05-11T03:37:56.993+0000][8][gc,heap     ] GC(109) Old regions: 26->26
[2021-05-11T03:37:56.993+0000][8][gc,heap     ] GC(109) Archive regions: 2->2
[2021-05-11T03:37:56.993+0000][8][gc,heap     ] GC(109) Humongous regions: 2->2
[2021-05-11T03:37:56.993+0000][8][gc,metaspace] GC(109) Metaspace: 107800K(112496K)->107800K(112496K) NonClass: 93908K(97264K)->93908K(97264K) Class: 13892K(15232K)->13892K(15232K)
[2021-05-11T03:37:56.993+0000][8][gc          ] GC(109) Pause Young (Concurrent Start) (G1 Evacuation Pause) 204M->116M(256M) 1.574ms
[2021-05-11T03:37:56.993+0000][8][gc,cpu      ] GC(109) User=0.01s Sys=0.00s Real=0.01s
[2021-05-11T03:37:56.993+0000][8][gc          ] GC(110) Concurrent Cycle
[2021-05-11T03:37:56.993+0000][8][safepoint   ] Safepoint "G1CollectForAllocation", Time since last: 214068491 ns, Reaching safepoint: 134205 ns, At safepoint: 1662865 ns, Total: 1797070 ns
[2021-05-11T03:37:56.993+0000][8][gc,marking  ] GC(110) Concurrent Clear Claimed Marks
[2021-05-11T03:37:56.993+0000][8][gc,marking  ] GC(110) Concurrent Clear Claimed Marks 0.487ms
[2021-05-11T03:37:56.993+0000][8][gc,marking  ] GC(110) Concurrent Scan Root Regions
[2021-05-11T03:37:56.995+0000][8][gc,marking  ] GC(110) Concurrent Scan Root Regions 1.940ms
[2021-05-11T03:37:56.995+0000][8][gc,marking  ] GC(110) Concurrent Mark (6324.610s)
[2021-05-11T03:37:56.995+0000][8][gc,marking  ] GC(110) Concurrent Mark From Roots
[2021-05-11T03:37:56.995+0000][8][gc,task     ] GC(110) Using 2 workers of 2 for marking
[2021-05-11T03:37:57.096+0000][8][gc,marking  ] GC(110) Concurrent Mark From Roots 100.390ms
[2021-05-11T03:37:57.096+0000][8][gc,marking  ] GC(110) Concurrent Preclean
[2021-05-11T03:37:57.096+0000][8][gc,marking  ] GC(110) Concurrent Preclean 0.274ms
[2021-05-11T03:37:57.096+0000][8][gc,marking  ] GC(110) Concurrent Mark (6324.610s, 6324.711s) 100.724ms
[2021-05-11T03:37:57.096+0000][8][gc,start    ] GC(110) Pause Remark
[2021-05-11T03:37:57.102+0000][8][gc          ] GC(110) Pause Remark 120M->120M(256M) 5.741ms
[2021-05-11T03:37:57.102+0000][8][gc,cpu      ] GC(110) User=0.04s Sys=0.00s Real=0.01s
[2021-05-11T03:37:57.102+0000][8][safepoint   ] Safepoint "G1Concurrent", Time since last: 103251346 ns, Reaching safepoint: 77290 ns, At safepoint: 5830999 ns, Total: 5908289 ns
[2021-05-11T03:37:57.102+0000][8][gc,marking  ] GC(110) Concurrent Rebuild Remembered Sets
[2021-05-11T03:37:57.163+0000][8][gc,marking  ] GC(110) Concurrent Rebuild Remembered Sets 60.879ms
[2021-05-11T03:37:57.163+0000][8][gc,start    ] GC(110) Pause Cleanup
[2021-05-11T03:37:57.163+0000][8][gc          ] GC(110) Pause Cleanup 120M->120M(256M) 0.063ms
[2021-05-11T03:37:57.163+0000][8][gc,cpu      ] GC(110) User=0.00s Sys=0.00s Real=0.00s
[2021-05-11T03:37:57.163+0000][8][safepoint   ] Safepoint "G1Concurrent", Time since last: 60979974 ns, Reaching safepoint: 64783 ns, At safepoint: 101584 ns, Total: 166367 ns
[2021-05-11T03:37:57.163+0000][8][gc,marking  ] GC(110) Concurrent Cleanup for Next Mark
[2021-05-11T03:37:57.163+0000][8][gc,marking  ] GC(110) Concurrent Cleanup for Next Mark 0.117ms
[2021-05-11T03:37:57.163+0000][8][gc          ] GC(110) Concurrent Cycle 170.489ms
[2021-05-11T03:38:50.168+0000][8][safepoint   ] Safepoint "Cleanup", Time since last: 53004694819 ns, Reaching safepoint: 95103 ns, At safepoint: 5626 ns, Total: 100729 ns
[2021-05-11T03:39:20.171+0000][8][safepoint   ] Safepoint "Cleanup", Time since last: 30002837977 ns, Reaching safepoint: 155595 ns, At safepoint: 11377 ns, Total: 166972 ns
[2021-05-11T03:39:26.172+0000][8][safepoint   ] Safepoint "Cleanup", Time since last: 6000557109 ns, Reaching safepoint: 59578 ns, At safepoint: 5767 ns, Total: 65345 ns
[2021-05-11T03:39:54.174+0000][8][safepoint   ] Safepoint "Cleanup", Time since last: 28002244117 ns, Reaching safepoint: 79719 ns, At safepoint: 6660 ns, Total: 86379 ns
[2021-05-11T03:39:57.174+0000][8][safepoint   ] Safepoint "Cleanup", Time since last: 3000261908 ns, Reaching safepoint: 60433 ns, At safepoint: 3242 ns, Total: 63675 ns
[2021-05-11T03:40:17.743+0000][8][gc,start    ] GC(111) Pause Young (Normal) (G1 Evacuation Pause)
[2021-05-11T03:40:17.743+0000][8][gc,task     ] GC(111) Using 6 workers of 8 for evacuation
[2021-05-11T03:40:17.743+0000][8][gc,age      ] GC(111) Desired survivor size 6291456 bytes, new threshold 15 (max threshold 15)
[2021-05-11T03:40:17.744+0000][8][gc,age      ] GC(111) Age table with threshold 15 (max threshold 15)
[2021-05-11T03:40:17.744+0000][8][gc,age      ] GC(111) - age   1:     513736 bytes,     513736 total
[2021-05-11T03:40:17.744+0000][8][gc,age      ] GC(111) - age   2:       2152 bytes,     515888 total
[2021-05-11T03:40:17.744+0000][8][gc,age      ] GC(111) - age   3:       2224 bytes,     518112 total
[2021-05-11T03:40:17.744+0000][8][gc,age      ] GC(111) - age   4:     154536 bytes,     672648 total
[2021-05-11T03:40:17.744+0000][8][gc,age      ] GC(111) - age   5:        160 bytes,     672808 total
[2021-05-11T03:40:17.744+0000][8][gc,age      ] GC(111) - age   6:       1816 bytes,     674624 total
[2021-05-11T03:40:17.744+0000][8][gc,age      ] GC(111) - age   7:       1968 bytes,     676592 total
[2021-05-11T03:40:17.744+0000][8][gc,age      ] GC(111) - age   8:       3400 bytes,     679992 total
[2021-05-11T03:40:17.744+0000][8][gc,age      ] GC(111) - age   9:       5272 bytes,     685264 total
[2021-05-11T03:40:17.744+0000][8][gc,age      ] GC(111) - age  10:       3568 bytes,     688832 total
[2021-05-11T03:40:17.744+0000][8][gc,age      ] GC(111) - age  11:       3840 bytes,     692672 total
[2021-05-11T03:40:17.744+0000][8][gc,age      ] GC(111) - age  12:        248 bytes,     692920 total
[2021-05-11T03:40:17.744+0000][8][gc,age      ] GC(111) - age  13:       5224 bytes,     698144 total
[2021-05-11T03:40:17.744+0000][8][gc,age      ] GC(111) - age  14:        880 bytes,     699024 total
[2021-05-11T03:40:17.744+0000][8][gc,age      ] GC(111) - age  15:        920 bytes,     699944 total
[2021-05-11T03:40:17.744+0000][8][gc,phases   ] GC(111)   Pre Evacuate Collection Set: 0.1ms
[2021-05-11T03:40:17.744+0000][8][gc,phases   ] GC(111)   Merge Heap Roots: 0.1ms
[2021-05-11T03:40:17.744+0000][8][gc,phases   ] GC(111)   Evacuate Collection Set: 0.9ms
[2021-05-11T03:40:17.744+0000][8][gc,phases   ] GC(111)   Post Evacuate Collection Set: 0.3ms
[2021-05-11T03:40:17.744+0000][8][gc,phases   ] GC(111)   Other: 0.3ms
[2021-05-11T03:40:17.744+0000][8][gc,heap     ] GC(111) Eden regions: 22->0(22)
[2021-05-11T03:40:17.744+0000][8][gc,heap     ] GC(111) Survivor regions: 1->1(3)
[2021-05-11T03:40:17.744+0000][8][gc,heap     ] GC(111) Old regions: 26->26
[2021-05-11T03:40:17.744+0000][8][gc,heap     ] GC(111) Archive regions: 2->2
[2021-05-11T03:40:17.744+0000][8][gc,heap     ] GC(111) Humongous regions: 2->2
[2021-05-11T03:40:17.744+0000][8][gc,metaspace] GC(111) Metaspace: 107805K(112496K)->107805K(112496K) NonClass: 93913K(97264K)->93913K(97264K) Class: 13892K(15232K)->13892K(15232K)
[2021-05-11T03:40:17.744+0000][8][gc          ] GC(111) Pause Young (Normal) (G1 Evacuation Pause) 204M->116M(256M) 1.620ms
[2021-05-11T03:40:17.744+0000][8][gc,cpu      ] GC(111) User=0.01s Sys=0.00s Real=0.00s
[2021-05-11T03:40:17.744+0000][8][safepoint   ] Safepoint "G1CollectForAllocation", Time since last: 20568268409 ns, Reaching safepoint: 85563 ns, At safepoint: 1692672 ns, Total: 1778235 ns
[2021-05-11T03:40:25.745+0000][8][safepoint   ] Safepoint "Cleanup", Time since last: 8000544448 ns, Reaching safepoint: 75836 ns, At safepoint: 5702 ns, Total: 81538 ns
[2021-05-11T03:40:53.747+0000][8][safepoint   ] Safepoint "Cleanup", Time since last: 28002090326 ns, Reaching safepoint: 78968 ns, At safepoint: 4349 ns, Total: 83317 ns
[2021-05-11T03:40:57.748+0000][8][safepoint   ] Safepoint "Cleanup", Time since last: 4000313210 ns, Reaching safepoint: 66180 ns, At safepoint: 4543 ns, Total: 70723 ns
[2021-05-11T03:41:08.749+0000][8][safepoint   ] Safepoint "Cleanup", Time since last: 11000924670 ns, Reaching safepoint: 71259 ns, At safepoint: 3985 ns, Total: 75244 ns
[2021-05-11T03:41:21.750+0000][8][safepoint   ] Safepoint "Cleanup", Time since last: 13001057526 ns, Reaching safepoint: 72821 ns, At safepoint: 5837 ns, Total: 78658 ns
[2021-05-11T03:41:26.750+0000][8][safepoint   ] Safepoint "Cleanup", Time since last: 5000459766 ns, Reaching safepoint: 112735 ns, At safepoint: 6758 ns, Total: 119493 ns
[2021-05-11T03:42:36.919+0000][8][gc,start    ] GC(112) Pause Young (Concurrent Start) (G1 Evacuation Pause)
[2021-05-11T03:42:36.919+0000][8][gc,task     ] GC(112) Using 6 workers of 8 for evacuation
[2021-05-11T03:42:36.919+0000][8][gc,age      ] GC(112) Desired survivor size 6291456 bytes, new threshold 15 (max threshold 15)
[2021-05-11T03:42:36.921+0000][8][gc,age      ] GC(112) Age table with threshold 15 (max threshold 15)
[2021-05-11T03:42:36.921+0000][8][gc,age      ] GC(112) - age   1:     517512 bytes,     517512 total
[2021-05-11T03:42:36.921+0000][8][gc,age      ] GC(112) - age   2:       2208 bytes,     519720 total
[2021-05-11T03:42:36.921+0000][8][gc,age      ] GC(112) - age   3:       1768 bytes,     521488 total
[2021-05-11T03:42:36.921+0000][8][gc,age      ] GC(112) - age   4:       2224 bytes,     523712 total
[2021-05-11T03:42:36.921+0000][8][gc,age      ] GC(112) - age   5:     154536 bytes,     678248 total
[2021-05-11T03:42:36.921+0000][8][gc,age      ] GC(112) - age   6:        160 bytes,     678408 total
[2021-05-11T03:42:36.921+0000][8][gc,age      ] GC(112) - age   7:       1816 bytes,     680224 total
[2021-05-11T03:42:36.921+0000][8][gc,age      ] GC(112) - age   8:       1968 bytes,     682192 total
[2021-05-11T03:42:36.921+0000][8][gc,age      ] GC(112) - age   9:       3400 bytes,     685592 total
[2021-05-11T03:42:36.921+0000][8][gc,age      ] GC(112) - age  10:       5272 bytes,     690864 total
[2021-05-11T03:42:36.921+0000][8][gc,age      ] GC(112) - age  11:       3568 bytes,     694432 total
[2021-05-11T03:42:36.921+0000][8][gc,age      ] GC(112) - age  12:       3840 bytes,     698272 total
[2021-05-11T03:42:36.921+0000][8][gc,age      ] GC(112) - age  13:        248 bytes,     698520 total
[2021-05-11T03:42:36.921+0000][8][gc,age      ] GC(112) - age  14:       5224 bytes,     703744 total
[2021-05-11T03:42:36.921+0000][8][gc,age      ] GC(112) - age  15:        880 bytes,     704624 total
[2021-05-11T03:42:36.921+0000][8][gc,phases   ] GC(112)   Pre Evacuate Collection Set: 0.1ms
[2021-05-11T03:42:36.921+0000][8][gc,phases   ] GC(112)   Merge Heap Roots: 0.0ms
[2021-05-11T03:42:36.921+0000][8][gc,phases   ] GC(112)   Evacuate Collection Set: 1.0ms
[2021-05-11T03:42:36.921+0000][8][gc,phases   ] GC(112)   Post Evacuate Collection Set: 0.4ms
[2021-05-11T03:42:36.921+0000][8][gc,phases   ] GC(112)   Other: 0.2ms
[2021-05-11T03:42:36.921+0000][8][gc,heap     ] GC(112) Eden regions: 22->0(22)
[2021-05-11T03:42:36.921+0000][8][gc,heap     ] GC(112) Survivor regions: 1->1(3)
[2021-05-11T03:42:36.921+0000][8][gc,heap     ] GC(112) Old regions: 26->26
[2021-05-11T03:42:36.921+0000][8][gc,heap     ] GC(112) Archive regions: 2->2
[2021-05-11T03:42:36.921+0000][8][gc,heap     ] GC(112) Humongous regions: 2->2
[2021-05-11T03:42:36.921+0000][8][gc,metaspace] GC(112) Metaspace: 107807K(112496K)->107807K(112496K) NonClass: 93914K(97264K)->93914K(97264K) Class: 13892K(15232K)->13892K(15232K)
[2021-05-11T03:42:36.921+0000][8][gc          ] GC(112) Pause Young (Concurrent Start) (G1 Evacuation Pause) 204M->116M(256M) 1.871ms
[2021-05-11T03:42:36.921+0000][8][gc,cpu      ] GC(112) User=0.01s Sys=0.00s Real=0.01s
[2021-05-11T03:42:36.921+0000][8][safepoint   ] Safepoint "G1CollectForAllocation", Time since last: 70168925739 ns, Reaching safepoint: 98555 ns, At safepoint: 1940444 ns, Total: 2038999 ns
[2021-05-11T03:42:36.921+0000][8][gc          ] GC(113) Concurrent Cycle
[2021-05-11T03:42:36.921+0000][8][gc,marking  ] GC(113) Concurrent Clear Claimed Marks
[2021-05-11T03:42:36.921+0000][8][gc,marking  ] GC(113) Concurrent Clear Claimed Marks 0.084ms
[2021-05-11T03:42:36.921+0000][8][gc,marking  ] GC(113) Concurrent Scan Root Regions
[2021-05-11T03:42:36.923+0000][8][gc,marking  ] GC(113) Concurrent Scan Root Regions 1.368ms
[2021-05-11T03:42:36.923+0000][8][gc,marking  ] GC(113) Concurrent Mark (6604.537s)
[2021-05-11T03:42:36.923+0000][8][gc,marking  ] GC(113) Concurrent Mark From Roots
[2021-05-11T03:42:36.923+0000][8][gc,task     ] GC(113) Using 2 workers of 2 for marking
[2021-05-11T03:42:37.012+0000][8][gc,marking  ] GC(113) Concurrent Mark From Roots 89.665ms
[2021-05-11T03:42:37.012+0000][8][gc,marking  ] GC(113) Concurrent Preclean
[2021-05-11T03:42:37.013+0000][8][gc,marking  ] GC(113) Concurrent Preclean 0.256ms
[2021-05-11T03:42:37.013+0000][8][gc,marking  ] GC(113) Concurrent Mark (6604.537s, 6604.627s) 89.969ms
[2021-05-11T03:42:37.013+0000][8][gc,start    ] GC(113) Pause Remark
[2021-05-11T03:42:37.026+0000][8][gc          ] GC(113) Pause Remark 117M->117M(256M) 12.975ms
[2021-05-11T03:42:37.026+0000][8][gc,cpu      ] GC(113) User=0.05s Sys=0.00s Real=0.01s
[2021-05-11T03:42:37.026+0000][8][safepoint   ] Safepoint "G1Concurrent", Time since last: 91520297 ns, Reaching safepoint: 70890 ns, At safepoint: 13046538 ns, Total: 13117428 ns
[2021-05-11T03:42:37.026+0000][8][gc,marking  ] GC(113) Concurrent Rebuild Remembered Sets
[2021-05-11T03:42:37.083+0000][8][gc,marking  ] GC(113) Concurrent Rebuild Remembered Sets 56.818ms
[2021-05-11T03:42:37.083+0000][8][gc,start    ] GC(113) Pause Cleanup
[2021-05-11T03:42:37.083+0000][8][gc          ] GC(113) Pause Cleanup 117M->117M(256M) 0.064ms
[2021-05-11T03:42:37.083+0000][8][gc,cpu      ] GC(113) User=0.00s Sys=0.00s Real=0.00s
[2021-05-11T03:42:37.083+0000][8][safepoint   ] Safepoint "G1Concurrent", Time since last: 56923706 ns, Reaching safepoint: 75773 ns, At safepoint: 105849 ns, Total: 181622 ns
[2021-05-11T03:42:37.083+0000][8][gc,marking  ] GC(113) Concurrent Cleanup for Next Mark
[2021-05-11T03:42:37.083+0000][8][gc,marking  ] GC(113) Concurrent Cleanup for Next Mark 0.125ms
[2021-05-11T03:42:37.083+0000][8][gc          ] GC(113) Concurrent Cycle 161.895ms
[2021-05-11T03:42:38.083+0000][8][safepoint   ] Safepoint "Cleanup", Time since last: 1000080928 ns, Reaching safepoint: 96109 ns, At safepoint: 5310 ns, Total: 101419 ns
[2021-05-11T03:42:39.083+0000][8][safepoint   ] Safepoint "Cleanup", Time since last: 1000097572 ns, Reaching safepoint: 151576 ns, At safepoint: 5902 ns, Total: 157478 ns
[2021-05-11T03:42:43.084+0000][8][safepoint   ] Safepoint "Cleanup", Time since last: 4000351052 ns, Reaching safepoint: 93216 ns, At safepoint: 5460 ns, Total: 98676 ns
[2021-05-11T03:42:44.084+0000][8][safepoint   ] Safepoint "Cleanup", Time since last: 1000093838 ns, Reaching safepoint: 73069 ns, At safepoint: 6037 ns, Total: 79106 ns
[2021-05-11T03:42:46.084+0000][8][safepoint   ] Safepoint "Cleanup", Time since last: 2000213743 ns, Reaching safepoint: 79892 ns, At safepoint: 5386 ns, Total: 85278 ns
[2021-05-11T03:42:48.085+0000][8][safepoint   ] Safepoint "Cleanup", Time since last: 2000155297 ns, Reaching safepoint: 69161 ns, At safepoint: 3154 ns, Total: 72315 ns
[2021-05-11T03:42:49.085+0000][8][safepoint   ] Safepoint "Cleanup", Time since last: 1000075977 ns, Reaching safepoint: 146622 ns, At safepoint: 6841 ns, Total: 153463 ns
[2021-05-11T03:42:50.085+0000][8][safepoint   ] Safepoint "Cleanup", Time since last: 1000094619 ns, Reaching safepoint: 86324 ns, At safepoint: 4909 ns, Total: 91233 ns
[2021-05-11T03:42:50.147+0000][8][safepoint   ] Safepoint "ICBufferFull", Time since last: 61617795 ns, Reaching safepoint: 169521 ns, At safepoint: 5116 ns, Total: 174637 ns
[2021-05-11T03:42:51.147+0000][8][safepoint   ] Safepoint "Cleanup", Time since last: 1000093477 ns, Reaching safepoint: 82413 ns, At safepoint: 4368 ns, Total: 86781 ns
[2021-05-11T03:42:53.147+0000][8][safepoint   ] Safepoint "Cleanup", Time since last: 2000157479 ns, Reaching safepoint: 92384 ns, At safepoint: 3477 ns, Total: 95861 ns
[2021-05-11T03:42:54.147+0000][8][safepoint   ] Safepoint "Cleanup", Time since last: 1000093010 ns, Reaching safepoint: 196426 ns, At safepoint: 6521 ns, Total: 202947 ns
[2021-05-11T03:42:56.148+0000][8][safepoint   ] Safepoint "Cleanup", Time since last: 2000539469 ns, Reaching safepoint: 105104 ns, At safepoint: 4994 ns, Total: 110098 ns
[2021-05-11T03:42:57.148+0000][8][safepoint   ] Safepoint "Cleanup", Time since last: 1000155628 ns, Reaching safepoint: 169508 ns, At safepoint: 5346 ns, Total: 174854 ns
[2021-05-11T03:43:20.151+0000][8][safepoint   ] Safepoint "Cleanup", Time since last: 23002591224 ns, Reaching safepoint: 165989 ns, At safepoint: 7319 ns, Total: 173308 ns
[2021-05-11T03:44:16.958+0000][8][gc,start    ] GC(114) Pause Young (Normal) (G1 Evacuation Pause)
[2021-05-11T03:44:16.958+0000][8][gc,task     ] GC(114) Using 6 workers of 8 for evacuation
[2021-05-11T03:44:16.958+0000][8][gc,age      ] GC(114) Desired survivor size 6291456 bytes, new threshold 15 (max threshold 15)
[2021-05-11T03:44:16.960+0000][8][gc,age      ] GC(114) Age table with threshold 15 (max threshold 15)
[2021-05-11T03:44:16.960+0000][8][gc,age      ] GC(114) - age   1:    1207880 bytes,    1207880 total
[2021-05-11T03:44:16.960+0000][8][gc,age      ] GC(114) - age   2:       1104 bytes,    1208984 total
[2021-05-11T03:44:16.960+0000][8][gc,age      ] GC(114) - age   3:       1920 bytes,    1210904 total
[2021-05-11T03:44:16.960+0000][8][gc,age      ] GC(114) - age   4:       1472 bytes,    1212376 total
[2021-05-11T03:44:16.960+0000][8][gc,age      ] GC(114) - age   5:       2176 bytes,    1214552 total
[2021-05-11T03:44:16.960+0000][8][gc,age      ] GC(114) - age   6:       2704 bytes,    1217256 total
[2021-05-11T03:44:16.960+0000][8][gc,age      ] GC(114) - age   7:        160 bytes,    1217416 total
[2021-05-11T03:44:16.960+0000][8][gc,age      ] GC(114) - age   8:       1816 bytes,    1219232 total
[2021-05-11T03:44:16.960+0000][8][gc,age      ] GC(114) - age   9:       1968 bytes,    1221200 total
[2021-05-11T03:44:16.960+0000][8][gc,age      ] GC(114) - age  10:       1112 bytes,    1222312 total
[2021-05-11T03:44:16.960+0000][8][gc,age      ] GC(114) - age  11:       2904 bytes,    1225216 total
[2021-05-11T03:44:16.960+0000][8][gc,age      ] GC(114) - age  12:       3568 bytes,    1228784 total
[2021-05-11T03:44:16.960+0000][8][gc,age      ] GC(114) - age  13:       3840 bytes,    1232624 total
[2021-05-11T03:44:16.960+0000][8][gc,age      ] GC(114) - age  14:        248 bytes,    1232872 total
[2021-05-11T03:44:16.960+0000][8][gc,age      ] GC(114) - age  15:       4952 bytes,    1237824 total
[2021-05-11T03:44:16.960+0000][8][gc,phases   ] GC(114)   Pre Evacuate Collection Set: 0.1ms
[2021-05-11T03:44:16.960+0000][8][gc,phases   ] GC(114)   Merge Heap Roots: 0.0ms
[2021-05-11T03:44:16.960+0000][8][gc,phases   ] GC(114)   Evacuate Collection Set: 0.9ms
[2021-05-11T03:44:16.960+0000][8][gc,phases   ] GC(114)   Post Evacuate Collection Set: 0.6ms
[2021-05-11T03:44:16.960+0000][8][gc,phases   ] GC(114)   Other: 0.2ms
[2021-05-11T03:44:16.960+0000][8][gc,heap     ] GC(114) Eden regions: 22->0(22)
[2021-05-11T03:44:16.960+0000][8][gc,heap     ] GC(114) Survivor regions: 1->1(3)
[2021-05-11T03:44:16.960+0000][8][gc,heap     ] GC(114) Old regions: 26->26
[2021-05-11T03:44:16.960+0000][8][gc,heap     ] GC(114) Archive regions: 2->2
[2021-05-11T03:44:16.960+0000][8][gc,heap     ] GC(114) Humongous regions: 2->2
[2021-05-11T03:44:16.960+0000][8][gc,metaspace] GC(114) Metaspace: 107833K(112496K)->107833K(112496K) NonClass: 93942K(97264K)->93942K(97264K) Class: 13890K(15232K)->13890K(15232K)
[2021-05-11T03:44:16.960+0000][8][gc          ] GC(114) Pause Young (Normal) (G1 Evacuation Pause) 204M->116M(256M) 1.803ms
[2021-05-11T03:44:16.960+0000][8][gc,cpu      ] GC(114) User=0.00s Sys=0.00s Real=0.00s
[2021-05-11T03:44:16.960+0000][8][safepoint   ] Safepoint "G1CollectForAllocation", Time since last: 56806919626 ns, Reaching safepoint: 136552 ns, At safepoint: 1866454 ns, Total: 2003006 ns
[2021-05-11T03:44:27.961+0000][8][safepoint   ] Safepoint "Cleanup", Time since last: 11001142294 ns, Reaching safepoint: 108673 ns, At safepoint: 4862 ns, Total: 113535 ns
[2021-05-11T03:44:47.963+0000][8][safepoint   ] Safepoint "Cleanup", Time since last: 20001687188 ns, Reaching safepoint: 76308 ns, At safepoint: 6026 ns, Total: 82334 ns
[2021-05-11T03:44:49.964+0000][8][safepoint   ] Safepoint "Cleanup", Time since last: 2000273326 ns, Reaching safepoint: 68495 ns, At safepoint: 4601 ns, Total: 73096 ns
[2021-05-11T03:44:53.964+0000][8][safepoint   ] Safepoint "Cleanup", Time since last: 4000391409 ns, Reaching safepoint: 78149 ns, At safepoint: 4464 ns, Total: 82613 ns
[2021-05-11T03:45:53.970+0000][8][safepoint   ] Safepoint "Cleanup", Time since last: 60006214584 ns, Reaching safepoint: 78670 ns, At safepoint: 6402 ns, Total: 85072 ns
[2021-05-11T03:46:25.973+0000][8][safepoint   ] Safepoint "Cleanup", Time since last: 32002541360 ns, Reaching safepoint: 67269 ns, At safepoint: 7263 ns, Total: 74532 ns
[2021-05-11T03:46:32.013+0000][8][gc,start    ] GC(115) Pause Young (Concurrent Start) (G1 Evacuation Pause)
[2021-05-11T03:46:32.013+0000][8][gc,task     ] GC(115) Using 6 workers of 8 for evacuation
[2021-05-11T03:46:32.013+0000][8][gc,age      ] GC(115) Desired survivor size 6291456 bytes, new threshold 15 (max threshold 15)
[2021-05-11T03:46:32.014+0000][8][gc,age      ] GC(115) Age table with threshold 15 (max threshold 15)
[2021-05-11T03:46:32.014+0000][8][gc,age      ] GC(115) - age   1:     513112 bytes,     513112 total
[2021-05-11T03:46:32.014+0000][8][gc,age      ] GC(115) - age   2:     696984 bytes,    1210096 total
[2021-05-11T03:46:32.014+0000][8][gc,age      ] GC(115) - age   3:        904 bytes,    1211000 total
[2021-05-11T03:46:32.014+0000][8][gc,age      ] GC(115) - age   4:       1832 bytes,    1212832 total
[2021-05-11T03:46:32.014+0000][8][gc,age      ] GC(115) - age   5:       1472 bytes,    1214304 total
[2021-05-11T03:46:32.014+0000][8][gc,age      ] GC(115) - age   6:       2176 bytes,    1216480 total
[2021-05-11T03:46:32.014+0000][8][gc,age      ] GC(115) - age   7:       2704 bytes,    1219184 total
[2021-05-11T03:46:32.014+0000][8][gc,age      ] GC(115) - age   8:        160 bytes,    1219344 total
[2021-05-11T03:46:32.014+0000][8][gc,age      ] GC(115) - age   9:       1816 bytes,    1221160 total
[2021-05-11T03:46:32.014+0000][8][gc,age      ] GC(115) - age  10:       1944 bytes,    1223104 total
[2021-05-11T03:46:32.014+0000][8][gc,age      ] GC(115) - age  11:       1112 bytes,    1224216 total
[2021-05-11T03:46:32.014+0000][8][gc,age      ] GC(115) - age  12:       2904 bytes,    1227120 total
[2021-05-11T03:46:32.014+0000][8][gc,age      ] GC(115) - age  13:       3568 bytes,    1230688 total
[2021-05-11T03:46:32.014+0000][8][gc,age      ] GC(115) - age  14:       3840 bytes,    1234528 total
[2021-05-11T03:46:32.014+0000][8][gc,age      ] GC(115) - age  15:        248 bytes,    1234776 total
[2021-05-11T03:46:32.014+0000][8][gc,phases   ] GC(115)   Pre Evacuate Collection Set: 0.1ms
[2021-05-11T03:46:32.014+0000][8][gc,phases   ] GC(115)   Merge Heap Roots: 0.0ms
[2021-05-11T03:46:32.014+0000][8][gc,phases   ] GC(115)   Evacuate Collection Set: 0.7ms
[2021-05-11T03:46:32.014+0000][8][gc,phases   ] GC(115)   Post Evacuate Collection Set: 0.3ms
[2021-05-11T03:46:32.014+0000][8][gc,phases   ] GC(115)   Other: 0.3ms
[2021-05-11T03:46:32.014+0000][8][gc,heap     ] GC(115) Eden regions: 22->0(22)
[2021-05-11T03:46:32.014+0000][8][gc,heap     ] GC(115) Survivor regions: 1->1(3)
[2021-05-11T03:46:32.014+0000][8][gc,heap     ] GC(115) Old regions: 26->26
[2021-05-11T03:46:32.014+0000][8][gc,heap     ] GC(115) Archive regions: 2->2
[2021-05-11T03:46:32.014+0000][8][gc,heap     ] GC(115) Humongous regions: 2->2
[2021-05-11T03:46:32.014+0000][8][gc,metaspace] GC(115) Metaspace: 107854K(112496K)->107854K(112496K) NonClass: 93961K(97264K)->93961K(97264K) Class: 13892K(15232K)->13892K(15232K)
[2021-05-11T03:46:32.014+0000][8][gc          ] GC(115) Pause Young (Concurrent Start) (G1 Evacuation Pause) 204M->116M(256M) 1.521ms
[2021-05-11T03:46:32.014+0000][8][gc,cpu      ] GC(115) User=0.00s Sys=0.00s Real=0.00s
[2021-05-11T03:46:32.014+0000][8][gc          ] GC(116) Concurrent Cycle
[2021-05-11T03:46:32.015+0000][8][gc,marking  ] GC(116) Concurrent Clear Claimed Marks
[2021-05-11T03:46:32.015+0000][8][gc,marking  ] GC(116) Concurrent Clear Claimed Marks 0.075ms
[2021-05-11T03:46:32.015+0000][8][gc,marking  ] GC(116) Concurrent Scan Root Regions
[2021-05-11T03:46:32.015+0000][8][safepoint   ] Safepoint "G1CollectForAllocation", Time since last: 6039880839 ns, Reaching safepoint: 82573 ns, At safepoint: 1756496 ns, Total: 1839069 ns
[2021-05-11T03:46:32.016+0000][8][gc,marking  ] GC(116) Concurrent Scan Root Regions 1.033ms
[2021-05-11T03:46:32.016+0000][8][gc,marking  ] GC(116) Concurrent Mark (6839.630s)
[2021-05-11T03:46:32.016+0000][8][gc,marking  ] GC(116) Concurrent Mark From Roots
[2021-05-11T03:46:32.016+0000][8][gc,task     ] GC(116) Using 2 workers of 2 for marking
[2021-05-11T03:46:32.106+0000][8][gc,marking  ] GC(116) Concurrent Mark From Roots 90.332ms
[2021-05-11T03:46:32.106+0000][8][gc,marking  ] GC(116) Concurrent Preclean
[2021-05-11T03:46:32.106+0000][8][gc,marking  ] GC(116) Concurrent Preclean 0.227ms
[2021-05-11T03:46:32.106+0000][8][gc,marking  ] GC(116) Concurrent Mark (6839.630s, 6839.721s) 90.605ms
[2021-05-11T03:46:32.106+0000][8][gc,start    ] GC(116) Pause Remark
[2021-05-11T03:46:32.112+0000][8][gc          ] GC(116) Pause Remark 117M->117M(256M) 5.218ms
[2021-05-11T03:46:32.112+0000][8][gc,cpu      ] GC(116) User=0.03s Sys=0.00s Real=0.00s
[2021-05-11T03:46:32.112+0000][8][safepoint   ] Safepoint "G1Concurrent", Time since last: 91692707 ns, Reaching safepoint: 99897 ns, At safepoint: 5285360 ns, Total: 5385257 ns
[2021-05-11T03:46:32.112+0000][8][gc,marking  ] GC(116) Concurrent Rebuild Remembered Sets
[2021-05-11T03:46:32.168+0000][8][gc,marking  ] GC(116) Concurrent Rebuild Remembered Sets 55.895ms
[2021-05-11T03:46:32.168+0000][8][gc,start    ] GC(116) Pause Cleanup
[2021-05-11T03:46:32.168+0000][8][gc          ] GC(116) Pause Cleanup 117M->117M(256M) 0.060ms
[2021-05-11T03:46:32.168+0000][8][gc,cpu      ] GC(116) User=0.00s Sys=0.00s Real=0.00s
[2021-05-11T03:46:32.168+0000][8][safepoint   ] Safepoint "G1Concurrent", Time since last: 55959353 ns, Reaching safepoint: 116286 ns, At safepoint: 99174 ns, Total: 215460 ns
[2021-05-11T03:46:32.168+0000][8][gc,marking  ] GC(116) Concurrent Cleanup for Next Mark
[2021-05-11T03:46:32.168+0000][8][gc,marking  ] GC(116) Concurrent Cleanup for Next Mark 0.118ms
[2021-05-11T03:46:32.168+0000][8][gc          ] GC(116) Concurrent Cycle 153.582ms
[2021-05-11T03:47:27.173+0000][8][safepoint   ] Safepoint "Cleanup", Time since last: 55004774786 ns, Reaching safepoint: 77890 ns, At safepoint: 5229 ns, Total: 83119 ns
[2021-05-11T03:47:31.173+0000][8][safepoint   ] Safepoint "Cleanup", Time since last: 4000407098 ns, Reaching safepoint: 87633 ns, At safepoint: 4051 ns, Total: 91684 ns
[2021-05-11T03:47:54.175+0000][8][safepoint   ] Safepoint "Cleanup", Time since last: 23001931530 ns, Reaching safepoint: 79577 ns, At safepoint: 5822 ns, Total: 85399 ns
[2021-05-11T03:48:47.064+0000][8][gc,start    ] GC(117) Pause Young (Normal) (G1 Evacuation Pause)
[2021-05-11T03:48:47.064+0000][8][gc,task     ] GC(117) Using 6 workers of 8 for evacuation
[2021-05-11T03:48:47.064+0000][8][gc,age      ] GC(117) Desired survivor size 6291456 bytes, new threshold 15 (max threshold 15)
[2021-05-11T03:48:47.066+0000][8][gc,age      ] GC(117) Age table with threshold 15 (max threshold 15)
[2021-05-11T03:48:47.066+0000][8][gc,age      ] GC(117) - age   1:     514728 bytes,     514728 total
[2021-05-11T03:48:47.066+0000][8][gc,age      ] GC(117) - age   2:       5016 bytes,     519744 total
[2021-05-11T03:48:47.066+0000][8][gc,age      ] GC(117) - age   3:     575672 bytes,    1095416 total
[2021-05-11T03:48:47.066+0000][8][gc,age      ] GC(117) - age   4:        904 bytes,    1096320 total
[2021-05-11T03:48:47.066+0000][8][gc,age      ] GC(117) - age   5:       1832 bytes,    1098152 total
[2021-05-11T03:48:47.066+0000][8][gc,age      ] GC(117) - age   6:       1472 bytes,    1099624 total
[2021-05-11T03:48:47.066+0000][8][gc,age      ] GC(117) - age   7:       2176 bytes,    1101800 total
[2021-05-11T03:48:47.066+0000][8][gc,age      ] GC(117) - age   8:       2704 bytes,    1104504 total
[2021-05-11T03:48:47.066+0000][8][gc,age      ] GC(117) - age   9:        160 bytes,    1104664 total
[2021-05-11T03:48:47.066+0000][8][gc,age      ] GC(117) - age  10:       1816 bytes,    1106480 total
[2021-05-11T03:48:47.066+0000][8][gc,age      ] GC(117) - age  11:       1944 bytes,    1108424 total
[2021-05-11T03:48:47.066+0000][8][gc,age      ] GC(117) - age  12:       1112 bytes,    1109536 total
[2021-05-11T03:48:47.066+0000][8][gc,age      ] GC(117) - age  13:       2904 bytes,    1112440 total
[2021-05-11T03:48:47.066+0000][8][gc,age      ] GC(117) - age  14:       3568 bytes,    1116008 total
[2021-05-11T03:48:47.066+0000][8][gc,age      ] GC(117) - age  15:       3840 bytes,    1119848 total
[2021-05-11T03:48:47.066+0000][8][gc,phases   ] GC(117)   Pre Evacuate Collection Set: 0.0ms
[2021-05-11T03:48:47.066+0000][8][gc,phases   ] GC(117)   Merge Heap Roots: 0.0ms
[2021-05-11T03:48:47.066+0000][8][gc,phases   ] GC(117)   Evacuate Collection Set: 1.0ms
[2021-05-11T03:48:47.066+0000][8][gc,phases   ] GC(117)   Post Evacuate Collection Set: 0.5ms
[2021-05-11T03:48:47.066+0000][8][gc,phases   ] GC(117)   Other: 0.2ms
[2021-05-11T03:48:47.066+0000][8][gc,heap     ] GC(117) Eden regions: 22->0(22)
[2021-05-11T03:48:47.066+0000][8][gc,heap     ] GC(117) Survivor regions: 1->1(3)
[2021-05-11T03:48:47.066+0000][8][gc,heap     ] GC(117) Old regions: 26->26
[2021-05-11T03:48:47.066+0000][8][gc,heap     ] GC(117) Archive regions: 2->2
[2021-05-11T03:48:47.066+0000][8][gc,heap     ] GC(117) Humongous regions: 2->2
[2021-05-11T03:48:47.066+0000][8][gc,metaspace] GC(117) Metaspace: 107856K(112496K)->107856K(112496K) NonClass: 93963K(97264K)->93963K(97264K) Class: 13892K(15232K)->13892K(15232K)
[2021-05-11T03:48:47.066+0000][8][gc          ] GC(117) Pause Young (Normal) (G1 Evacuation Pause) 204M->116M(256M) 1.773ms
[2021-05-11T03:48:47.066+0000][8][gc,cpu      ] GC(117) User=0.01s Sys=0.00s Real=0.00s
[2021-05-11T03:48:47.066+0000][8][safepoint   ] Safepoint "G1CollectForAllocation", Time since last: 52888673850 ns, Reaching safepoint: 130745 ns, At safepoint: 1838279 ns, Total: 1969024 ns
[2021-05-11T03:48:50.066+0000][8][safepoint   ] Safepoint "Cleanup", Time since last: 3000431660 ns, Reaching safepoint: 118462 ns, At safepoint: 10283 ns, Total: 128745 ns
[2021-05-11T03:50:50.078+0000][8][safepoint   ] Safepoint "Cleanup", Time since last: 120011840978 ns, Reaching safepoint: 172377 ns, At safepoint: 7492 ns, Total: 179869 ns
[2021-05-11T03:50:51.079+0000][8][safepoint   ] Safepoint "Cleanup", Time since last: 1000144366 ns, Reaching safepoint: 146093 ns, At safepoint: 6075 ns, Total: 152168 ns
[2021-05-11T03:51:02.114+0000][8][gc,start    ] GC(118) Pause Young (Concurrent Start) (G1 Evacuation Pause)
[2021-05-11T03:51:02.114+0000][8][gc,task     ] GC(118) Using 6 workers of 8 for evacuation
[2021-05-11T03:51:02.114+0000][8][gc,age      ] GC(118) Desired survivor size 6291456 bytes, new threshold 15 (max threshold 15)
[2021-05-11T03:51:02.116+0000][8][gc,age      ] GC(118) Age table with threshold 15 (max threshold 15)
[2021-05-11T03:51:02.116+0000][8][gc,age      ] GC(118) - age   1:     508160 bytes,     508160 total
[2021-05-11T03:51:02.116+0000][8][gc,age      ] GC(118) - age   2:        496 bytes,     508656 total
[2021-05-11T03:51:02.116+0000][8][gc,age      ] GC(118) - age   3:       4488 bytes,     513144 total
[2021-05-11T03:51:02.116+0000][8][gc,age      ] GC(118) - age   4:     575672 bytes,    1088816 total
[2021-05-11T03:51:02.116+0000][8][gc,age      ] GC(118) - age   5:        904 bytes,    1089720 total
[2021-05-11T03:51:02.116+0000][8][gc,age      ] GC(118) - age   6:       1832 bytes,    1091552 total
[2021-05-11T03:51:02.116+0000][8][gc,age      ] GC(118) - age   7:       1472 bytes,    1093024 total
[2021-05-11T03:51:02.116+0000][8][gc,age      ] GC(118) - age   8:       2176 bytes,    1095200 total
[2021-05-11T03:51:02.116+0000][8][gc,age      ] GC(118) - age   9:       2704 bytes,    1097904 total
[2021-05-11T03:51:02.116+0000][8][gc,age      ] GC(118) - age  10:        160 bytes,    1098064 total
[2021-05-11T03:51:02.116+0000][8][gc,age      ] GC(118) - age  11:       1816 bytes,    1099880 total
[2021-05-11T03:51:02.116+0000][8][gc,age      ] GC(118) - age  12:       1944 bytes,    1101824 total
[2021-05-11T03:51:02.116+0000][8][gc,age      ] GC(118) - age  13:       1112 bytes,    1102936 total
[2021-05-11T03:51:02.116+0000][8][gc,age      ] GC(118) - age  14:       2904 bytes,    1105840 total
[2021-05-11T03:51:02.116+0000][8][gc,age      ] GC(118) - age  15:       3328 bytes,    1109168 total
[2021-05-11T03:51:02.116+0000][8][gc,phases   ] GC(118)   Pre Evacuate Collection Set: 0.1ms
[2021-05-11T03:51:02.116+0000][8][gc,phases   ] GC(118)   Merge Heap Roots: 0.0ms
[2021-05-11T03:51:02.116+0000][8][gc,phases   ] GC(118)   Evacuate Collection Set: 0.9ms
[2021-05-11T03:51:02.116+0000][8][gc,phases   ] GC(118)   Post Evacuate Collection Set: 0.5ms
[2021-05-11T03:51:02.116+0000][8][gc,phases   ] GC(118)   Other: 0.3ms
[2021-05-11T03:51:02.116+0000][8][gc,heap     ] GC(118) Eden regions: 22->0(22)
[2021-05-11T03:51:02.116+0000][8][gc,heap     ] GC(118) Survivor regions: 1->1(3)
[2021-05-11T03:51:02.116+0000][8][gc,heap     ] GC(118) Old regions: 26->26
[2021-05-11T03:51:02.116+0000][8][gc,heap     ] GC(118) Archive regions: 2->2
[2021-05-11T03:51:02.116+0000][8][gc,heap     ] GC(118) Humongous regions: 2->2
[2021-05-11T03:51:02.116+0000][8][gc,metaspace] GC(118) Metaspace: 107859K(112496K)->107859K(112496K) NonClass: 93966K(97264K)->93966K(97264K) Class: 13892K(15232K)->13892K(15232K)
[2021-05-11T03:51:02.116+0000][8][gc          ] GC(118) Pause Young (Concurrent Start) (G1 Evacuation Pause) 204M->116M(256M) 1.934ms
[2021-05-11T03:51:02.116+0000][8][gc,cpu      ] GC(118) User=0.00s Sys=0.00s Real=0.00s
[2021-05-11T03:51:02.116+0000][8][safepoint   ] Safepoint "G1CollectForAllocation", Time since last: 11035204608 ns, Reaching safepoint: 70596 ns, At safepoint: 2008563 ns, Total: 2079159 ns
[2021-05-11T03:51:02.116+0000][8][gc          ] GC(119) Concurrent Cycle
[2021-05-11T03:51:02.116+0000][8][gc,marking  ] GC(119) Concurrent Clear Claimed Marks
[2021-05-11T03:51:02.116+0000][8][gc,marking  ] GC(119) Concurrent Clear Claimed Marks 0.078ms
[2021-05-11T03:51:02.116+0000][8][gc,marking  ] GC(119) Concurrent Scan Root Regions
[2021-05-11T03:51:02.118+0000][8][gc,marking  ] GC(119) Concurrent Scan Root Regions 1.801ms
[2021-05-11T03:51:02.118+0000][8][gc,marking  ] GC(119) Concurrent Mark (7109.732s)
[2021-05-11T03:51:02.118+0000][8][gc,marking  ] GC(119) Concurrent Mark From Roots
[2021-05-11T03:51:02.118+0000][8][gc,task     ] GC(119) Using 2 workers of 2 for marking
[2021-05-11T03:51:02.204+0000][8][gc,marking  ] GC(119) Concurrent Mark From Roots 86.123ms
[2021-05-11T03:51:02.204+0000][8][gc,marking  ] GC(119) Concurrent Preclean
[2021-05-11T03:51:02.204+0000][8][gc,marking  ] GC(119) Concurrent Preclean 0.245ms
[2021-05-11T03:51:02.204+0000][8][gc,marking  ] GC(119) Concurrent Mark (7109.732s, 7109.819s) 86.416ms
[2021-05-11T03:51:02.205+0000][8][gc,start    ] GC(119) Pause Remark
[2021-05-11T03:51:02.210+0000][8][gc          ] GC(119) Pause Remark 117M->117M(256M) 5.299ms
[2021-05-11T03:51:02.210+0000][8][gc,cpu      ] GC(119) User=0.02s Sys=0.01s Real=0.00s
[2021-05-11T03:51:02.210+0000][8][safepoint   ] Safepoint "G1Concurrent", Time since last: 88426389 ns, Reaching safepoint: 73242 ns, At safepoint: 5368046 ns, Total: 5441288 ns
[2021-05-11T03:51:02.210+0000][8][gc,marking  ] GC(119) Concurrent Rebuild Remembered Sets
[2021-05-11T03:51:02.266+0000][8][gc,marking  ] GC(119) Concurrent Rebuild Remembered Sets 56.112ms
[2021-05-11T03:51:02.266+0000][8][gc,start    ] GC(119) Pause Cleanup
[2021-05-11T03:51:02.266+0000][8][gc          ] GC(119) Pause Cleanup 117M->117M(256M) 0.067ms
[2021-05-11T03:51:02.266+0000][8][gc,cpu      ] GC(119) User=0.00s Sys=0.00s Real=0.00s
[2021-05-11T03:51:02.266+0000][8][safepoint   ] Safepoint "G1Concurrent", Time since last: 56218122 ns, Reaching safepoint: 80656 ns, At safepoint: 107126 ns, Total: 187782 ns
[2021-05-11T03:51:02.266+0000][8][gc,marking  ] GC(119) Concurrent Cleanup for Next Mark
[2021-05-11T03:51:02.267+0000][8][gc,marking  ] GC(119) Concurrent Cleanup for Next Mark 0.149ms
[2021-05-11T03:51:02.267+0000][8][gc          ] GC(119) Concurrent Cycle 150.499ms
[2021-05-11T03:52:50.276+0000][8][safepoint   ] Safepoint "Cleanup", Time since last: 108009045062 ns, Reaching safepoint: 113855 ns, At safepoint: 4693 ns, Total: 118548 ns
[2021-05-11T03:52:51.276+0000][8][safepoint   ] Safepoint "Cleanup", Time since last: 1000198300 ns, Reaching safepoint: 122130 ns, At safepoint: 6298 ns, Total: 128428 ns
[2021-05-11T03:52:53.823+0000][8][gc,start    ] GC(120) Pause Young (Normal) (G1 Evacuation Pause)
[2021-05-11T03:52:53.823+0000][8][gc,task     ] GC(120) Using 6 workers of 8 for evacuation
[2021-05-11T03:52:53.823+0000][8][gc,age      ] GC(120) Desired survivor size 6291456 bytes, new threshold 15 (max threshold 15)
[2021-05-11T03:52:53.824+0000][8][gc,age      ] GC(120) Age table with threshold 15 (max threshold 15)
[2021-05-11T03:52:53.824+0000][8][gc,age      ] GC(120) - age   1:     785176 bytes,     785176 total
[2021-05-11T03:52:53.824+0000][8][gc,age      ] GC(120) - age   2:        184 bytes,     785360 total
[2021-05-11T03:52:53.824+0000][8][gc,age      ] GC(120) - age   3:        296 bytes,     785656 total
[2021-05-11T03:52:53.824+0000][8][gc,age      ] GC(120) - age   4:       4248 bytes,     789904 total
[2021-05-11T03:52:53.824+0000][8][gc,age      ] GC(120) - age   5:     398528 bytes,    1188432 total
[2021-05-11T03:52:53.824+0000][8][gc,age      ] GC(120) - age   6:        904 bytes,    1189336 total
[2021-05-11T03:52:53.824+0000][8][gc,age      ] GC(120) - age   7:       1832 bytes,    1191168 total
[2021-05-11T03:52:53.824+0000][8][gc,age      ] GC(120) - age   8:       1264 bytes,    1192432 total
[2021-05-11T03:52:53.824+0000][8][gc,age      ] GC(120) - age   9:       2176 bytes,    1194608 total
[2021-05-11T03:52:53.824+0000][8][gc,age      ] GC(120) - age  10:       1728 bytes,    1196336 total
[2021-05-11T03:52:53.824+0000][8][gc,age      ] GC(120) - age  11:        160 bytes,    1196496 total
[2021-05-11T03:52:53.824+0000][8][gc,age      ] GC(120) - age  12:       1816 bytes,    1198312 total
[2021-05-11T03:52:53.824+0000][8][gc,age      ] GC(120) - age  13:       1944 bytes,    1200256 total
[2021-05-11T03:52:53.824+0000][8][gc,age      ] GC(120) - age  14:       1112 bytes,    1201368 total
[2021-05-11T03:52:53.824+0000][8][gc,age      ] GC(120) - age  15:       2632 bytes,    1204000 total
[2021-05-11T03:52:53.824+0000][8][gc,phases   ] GC(120)   Pre Evacuate Collection Set: 0.0ms
[2021-05-11T03:52:53.824+0000][8][gc,phases   ] GC(120)   Merge Heap Roots: 0.0ms
[2021-05-11T03:52:53.824+0000][8][gc,phases   ] GC(120)   Evacuate Collection Set: 0.8ms
[2021-05-11T03:52:53.824+0000][8][gc,phases   ] GC(120)   Post Evacuate Collection Set: 0.3ms
[2021-05-11T03:52:53.825+0000][8][gc,phases   ] GC(120)   Other: 0.2ms
[2021-05-11T03:52:53.825+0000][8][gc,heap     ] GC(120) Eden regions: 22->0(22)
[2021-05-11T03:52:53.825+0000][8][gc,heap     ] GC(120) Survivor regions: 1->1(3)
[2021-05-11T03:52:53.825+0000][8][gc,heap     ] GC(120) Old regions: 26->26
[2021-05-11T03:52:53.825+0000][8][gc,heap     ] GC(120) Archive regions: 2->2
[2021-05-11T03:52:53.825+0000][8][gc,heap     ] GC(120) Humongous regions: 2->2
[2021-05-11T03:52:53.825+0000][8][gc,metaspace] GC(120) Metaspace: 107910K(112496K)->107910K(112496K) NonClass: 94017K(97264K)->94017K(97264K) Class: 13892K(15232K)->13892K(15232K)
[2021-05-11T03:52:53.825+0000][8][gc          ] GC(120) Pause Young (Normal) (G1 Evacuation Pause) 204M->116M(256M) 1.422ms
[2021-05-11T03:52:53.825+0000][8][gc,cpu      ] GC(120) User=0.00s Sys=0.00s Real=0.00s
[2021-05-11T03:52:53.825+0000][8][safepoint   ] Safepoint "G1CollectForAllocation", Time since last: 2547200446 ns, Reaching safepoint: 75606 ns, At safepoint: 1479684 ns, Total: 1555290 ns
[2021-05-11T03:53:50.830+0000][8][safepoint   ] Safepoint "Cleanup", Time since last: 57005295927 ns, Reaching safepoint: 102560 ns, At safepoint: 5215 ns, Total: 107775 ns
[2021-05-11T03:53:57.831+0000][8][safepoint   ] Safepoint "Cleanup", Time since last: 7000809504 ns, Reaching safepoint: 73184 ns, At safepoint: 5962 ns, Total: 79146 ns
[2021-05-11T03:54:17.832+0000][8][safepoint   ] Safepoint "Cleanup", Time since last: 20001487519 ns, Reaching safepoint: 77636 ns, At safepoint: 5425 ns, Total: 83061 ns
[2021-05-11T03:54:23.833+0000][8][safepoint   ] Safepoint "Cleanup", Time since last: 6000450234 ns, Reaching safepoint: 90594 ns, At safepoint: 5473 ns, Total: 96067 ns
[2021-05-11T03:55:02.204+0000][8][gc,start    ] GC(121) Pause Young (Concurrent Start) (G1 Evacuation Pause)
[2021-05-11T03:55:02.204+0000][8][gc,task     ] GC(121) Using 6 workers of 8 for evacuation
[2021-05-11T03:55:02.204+0000][8][gc,age      ] GC(121) Desired survivor size 6291456 bytes, new threshold 15 (max threshold 15)
[2021-05-11T03:55:02.206+0000][8][gc,age      ] GC(121) Age table with threshold 15 (max threshold 15)
[2021-05-11T03:55:02.206+0000][8][gc,age      ] GC(121) - age   1:     515496 bytes,     515496 total
[2021-05-11T03:55:02.206+0000][8][gc,age      ] GC(121) - age   2:     275560 bytes,     791056 total
[2021-05-11T03:55:02.206+0000][8][gc,age      ] GC(121) - age   3:        136 bytes,     791192 total
[2021-05-11T03:55:02.206+0000][8][gc,age      ] GC(121) - age   4:        296 bytes,     791488 total
[2021-05-11T03:55:02.206+0000][8][gc,age      ] GC(121) - age   5:       4224 bytes,     795712 total
[2021-05-11T03:55:02.206+0000][8][gc,age      ] GC(121) - age   6:     398528 bytes,    1194240 total
[2021-05-11T03:55:02.206+0000][8][gc,age      ] GC(121) - age   7:        904 bytes,    1195144 total
[2021-05-11T03:55:02.206+0000][8][gc,age      ] GC(121) - age   8:       1832 bytes,    1196976 total
[2021-05-11T03:55:02.206+0000][8][gc,age      ] GC(121) - age   9:       1264 bytes,    1198240 total
[2021-05-11T03:55:02.206+0000][8][gc,age      ] GC(121) - age  10:       2176 bytes,    1200416 total
[2021-05-11T03:55:02.206+0000][8][gc,age      ] GC(121) - age  11:       1728 bytes,    1202144 total
[2021-05-11T03:55:02.206+0000][8][gc,age      ] GC(121) - age  12:        160 bytes,    1202304 total
[2021-05-11T03:55:02.206+0000][8][gc,age      ] GC(121) - age  13:       1816 bytes,    1204120 total
[2021-05-11T03:55:02.206+0000][8][gc,age      ] GC(121) - age  14:       1944 bytes,    1206064 total
[2021-05-11T03:55:02.206+0000][8][gc,age      ] GC(121) - age  15:       1112 bytes,    1207176 total
[2021-05-11T03:55:02.206+0000][8][gc,phases   ] GC(121)   Pre Evacuate Collection Set: 0.1ms
[2021-05-11T03:55:02.206+0000][8][gc,phases   ] GC(121)   Merge Heap Roots: 0.0ms
[2021-05-11T03:55:02.206+0000][8][gc,phases   ] GC(121)   Evacuate Collection Set: 0.8ms
[2021-05-11T03:55:02.206+0000][8][gc,phases   ] GC(121)   Post Evacuate Collection Set: 0.3ms
[2021-05-11T03:55:02.206+0000][8][gc,phases   ] GC(121)   Other: 0.2ms
[2021-05-11T03:55:02.206+0000][8][gc,heap     ] GC(121) Eden regions: 22->0(22)
[2021-05-11T03:55:02.206+0000][8][gc,heap     ] GC(121) Survivor regions: 1->1(3)
[2021-05-11T03:55:02.206+0000][8][gc,heap     ] GC(121) Old regions: 26->26
[2021-05-11T03:55:02.206+0000][8][gc,heap     ] GC(121) Archive regions: 2->2
[2021-05-11T03:55:02.206+0000][8][gc,heap     ] GC(121) Humongous regions: 2->2
[2021-05-11T03:55:02.206+0000][8][gc,metaspace] GC(121) Metaspace: 107917K(112496K)->107917K(112496K) NonClass: 94025K(97264K)->94025K(97264K) Class: 13892K(15232K)->13892K(15232K)
[2021-05-11T03:55:02.206+0000][8][gc          ] GC(121) Pause Young (Concurrent Start) (G1 Evacuation Pause) 204M->116M(256M) 1.607ms
[2021-05-11T03:55:02.206+0000][8][gc,cpu      ] GC(121) User=0.00s Sys=0.00s Real=0.00s
[2021-05-11T03:55:02.206+0000][8][gc          ] GC(122) Concurrent Cycle
[2021-05-11T03:55:02.206+0000][8][safepoint   ] Safepoint "G1CollectForAllocation", Time since last: 38371036082 ns, Reaching safepoint: 80628 ns, At safepoint: 1676680 ns, Total: 1757308 ns
[2021-05-11T03:55:02.206+0000][8][gc,marking  ] GC(122) Concurrent Clear Claimed Marks
[2021-05-11T03:55:02.206+0000][8][gc,marking  ] GC(122) Concurrent Clear Claimed Marks 0.056ms
[2021-05-11T03:55:02.206+0000][8][gc,marking  ] GC(122) Concurrent Scan Root Regions
[2021-05-11T03:55:02.207+0000][8][gc,marking  ] GC(122) Concurrent Scan Root Regions 1.398ms
[2021-05-11T03:55:02.207+0000][8][gc,marking  ] GC(122) Concurrent Mark (7349.822s)
[2021-05-11T03:55:02.207+0000][8][gc,marking  ] GC(122) Concurrent Mark From Roots
[2021-05-11T03:55:02.207+0000][8][gc,task     ] GC(122) Using 2 workers of 2 for marking
[2021-05-11T03:55:02.291+0000][8][gc,marking  ] GC(122) Concurrent Mark From Roots 83.821ms
[2021-05-11T03:55:02.291+0000][8][gc,marking  ] GC(122) Concurrent Preclean
[2021-05-11T03:55:02.291+0000][8][gc,marking  ] GC(122) Concurrent Preclean 0.251ms
[2021-05-11T03:55:02.291+0000][8][gc,marking  ] GC(122) Concurrent Mark (7349.822s, 7349.906s) 84.122ms
[2021-05-11T03:55:02.292+0000][8][gc,start    ] GC(122) Pause Remark
[2021-05-11T03:55:02.297+0000][8][gc          ] GC(122) Pause Remark 117M->117M(256M) 5.314ms
[2021-05-11T03:55:02.297+0000][8][gc,cpu      ] GC(122) User=0.03s Sys=0.00s Real=0.01s
[2021-05-11T03:55:02.297+0000][8][safepoint   ] Safepoint "G1Concurrent", Time since last: 85642032 ns, Reaching safepoint: 66875 ns, At safepoint: 5382160 ns, Total: 5449035 ns
[2021-05-11T03:55:02.297+0000][8][gc,marking  ] GC(122) Concurrent Rebuild Remembered Sets
[2021-05-11T03:55:02.353+0000][8][gc,marking  ] GC(122) Concurrent Rebuild Remembered Sets 56.130ms
[2021-05-11T03:55:02.353+0000][8][gc,start    ] GC(122) Pause Cleanup
[2021-05-11T03:55:02.353+0000][8][gc          ] GC(122) Pause Cleanup 117M->117M(256M) 0.061ms
[2021-05-11T03:55:02.353+0000][8][gc,cpu      ] GC(122) User=0.00s Sys=0.00s Real=0.00s
[2021-05-11T03:55:02.353+0000][8][safepoint   ] Safepoint "G1Concurrent", Time since last: 56195943 ns, Reaching safepoint: 138729 ns, At safepoint: 100745 ns, Total: 239474 ns
[2021-05-11T03:55:02.353+0000][8][gc,marking  ] GC(122) Concurrent Cleanup for Next Mark
[2021-05-11T03:55:02.354+0000][8][gc,marking  ] GC(122) Concurrent Cleanup for Next Mark 0.163ms
[2021-05-11T03:55:02.354+0000][8][gc          ] GC(122) Concurrent Cycle 147.773ms
[2021-05-11T03:55:18.355+0000][8][safepoint   ] Safepoint "Cleanup", Time since last: 16001332639 ns, Reaching safepoint: 161945 ns, At safepoint: 6757 ns, Total: 168702 ns
[2021-05-11T03:55:54.360+0000][8][safepoint   ] Safepoint "Cleanup", Time since last: 36004566557 ns, Reaching safepoint: 148689 ns, At safepoint: 6888 ns, Total: 155577 ns
[2021-05-11T03:55:56.360+0000][8][safepoint   ] Safepoint "Cleanup", Time since last: 2000251326 ns, Reaching safepoint: 103165 ns, At safepoint: 5678 ns, Total: 108843 ns
[2021-05-11T03:55:57.360+0000][8][safepoint   ] Safepoint "Cleanup", Time since last: 1000094120 ns, Reaching safepoint: 97769 ns, At safepoint: 3225 ns, Total: 100994 ns
[2021-05-11T03:56:18.362+0000][8][safepoint   ] Safepoint "Cleanup", Time since last: 21001473065 ns, Reaching safepoint: 98391 ns, At safepoint: 4940 ns, Total: 103331 ns
[2021-05-11T03:56:54.364+0000][8][safepoint   ] Safepoint "Cleanup", Time since last: 36002713340 ns, Reaching safepoint: 85753 ns, At safepoint: 4686 ns, Total: 90439 ns
[2021-05-11T03:57:27.055+0000][8][gc,start    ] GC(123) Pause Young (Normal) (G1 Evacuation Pause)
[2021-05-11T03:57:27.055+0000][8][gc,task     ] GC(123) Using 6 workers of 8 for evacuation
[2021-05-11T03:57:27.055+0000][8][gc,age      ] GC(123) Desired survivor size 6291456 bytes, new threshold 15 (max threshold 15)
[2021-05-11T03:57:27.056+0000][8][gc,age      ] GC(123) Age table with threshold 15 (max threshold 15)
[2021-05-11T03:57:27.056+0000][8][gc,age      ] GC(123) - age   1:     360112 bytes,     360112 total
[2021-05-11T03:57:27.056+0000][8][gc,age      ] GC(123) - age   2:        296 bytes,     360408 total
[2021-05-11T03:57:27.056+0000][8][gc,age      ] GC(123) - age   3:     154512 bytes,     514920 total
[2021-05-11T03:57:27.056+0000][8][gc,age      ] GC(123) - age   4:        136 bytes,     515056 total
[2021-05-11T03:57:27.056+0000][8][gc,age      ] GC(123) - age   5:        296 bytes,     515352 total
[2021-05-11T03:57:27.056+0000][8][gc,age      ] GC(123) - age   6:       4224 bytes,     519576 total
[2021-05-11T03:57:27.056+0000][8][gc,age      ] GC(123) - age   7:     398192 bytes,     917768 total
[2021-05-11T03:57:27.056+0000][8][gc,age      ] GC(123) - age   8:        904 bytes,     918672 total
[2021-05-11T03:57:27.056+0000][8][gc,age      ] GC(123) - age   9:       1832 bytes,     920504 total
[2021-05-11T03:57:27.057+0000][8][gc,age      ] GC(123) - age  10:       1264 bytes,     921768 total
[2021-05-11T03:57:27.057+0000][8][gc,age      ] GC(123) - age  11:       2176 bytes,     923944 total
[2021-05-11T03:57:27.057+0000][8][gc,age      ] GC(123) - age  12:       1728 bytes,     925672 total
[2021-05-11T03:57:27.057+0000][8][gc,age      ] GC(123) - age  13:        160 bytes,     925832 total
[2021-05-11T03:57:27.057+0000][8][gc,age      ] GC(123) - age  14:       1816 bytes,     927648 total
[2021-05-11T03:57:27.057+0000][8][gc,age      ] GC(123) - age  15:       1920 bytes,     929568 total
[2021-05-11T03:57:27.057+0000][8][gc,phases   ] GC(123)   Pre Evacuate Collection Set: 0.1ms
[2021-05-11T03:57:27.057+0000][8][gc,phases   ] GC(123)   Merge Heap Roots: 0.0ms
[2021-05-11T03:57:27.057+0000][8][gc,phases   ] GC(123)   Evacuate Collection Set: 1.1ms
[2021-05-11T03:57:27.057+0000][8][gc,phases   ] GC(123)   Post Evacuate Collection Set: 0.6ms
[2021-05-11T03:57:27.057+0000][8][gc,phases   ] GC(123)   Other: 0.3ms
[2021-05-11T03:57:27.057+0000][8][gc,heap     ] GC(123) Eden regions: 22->0(22)
[2021-05-11T03:57:27.057+0000][8][gc,heap     ] GC(123) Survivor regions: 1->1(3)
[2021-05-11T03:57:27.057+0000][8][gc,heap     ] GC(123) Old regions: 26->26
[2021-05-11T03:57:27.057+0000][8][gc,heap     ] GC(123) Archive regions: 2->2
[2021-05-11T03:57:27.057+0000][8][gc,heap     ] GC(123) Humongous regions: 2->2
[2021-05-11T03:57:27.057+0000][8][gc,metaspace] GC(123) Metaspace: 107921K(112496K)->107921K(112496K) NonClass: 94029K(97264K)->94029K(97264K) Class: 13892K(15232K)->13892K(15232K)
[2021-05-11T03:57:27.057+0000][8][gc          ] GC(123) Pause Young (Normal) (G1 Evacuation Pause) 204M->116M(256M) 2.227ms
[2021-05-11T03:57:27.057+0000][8][gc,cpu      ] GC(123) User=0.00s Sys=0.00s Real=0.00s
[2021-05-11T03:57:27.057+0000][8][safepoint   ] Safepoint "G1CollectForAllocation", Time since last: 32689903626 ns, Reaching safepoint: 112316 ns, At safepoint: 2340554 ns, Total: 2452870 ns
[2021-05-11T03:57:47.058+0000][8][safepoint   ] Safepoint "Cleanup", Time since last: 20001508276 ns, Reaching safepoint: 91106 ns, At safepoint: 4805 ns, Total: 95911 ns
[2021-05-11T03:57:54.059+0000][8][safepoint   ] Safepoint "Cleanup", Time since last: 7000627190 ns, Reaching safepoint: 85316 ns, At safepoint: 10290 ns, Total: 95606 ns
[2021-05-11T03:58:54.064+0000][8][safepoint   ] Safepoint "Cleanup", Time since last: 60005089555 ns, Reaching safepoint: 90723 ns, At safepoint: 4947 ns, Total: 95670 ns
[2021-05-11T03:58:57.065+0000][8][safepoint   ] Safepoint "Cleanup", Time since last: 3000276765 ns, Reaching safepoint: 113528 ns, At safepoint: 7149 ns, Total: 120677 ns
[2021-05-11T03:59:20.067+0000][8][safepoint   ] Safepoint "Cleanup", Time since last: 23002289160 ns, Reaching safepoint: 91940 ns, At safepoint: 5936 ns, Total: 97876 ns
[2021-05-11T03:59:32.307+0000][8][gc,start    ] GC(124) Pause Young (Concurrent Start) (G1 Evacuation Pause)
[2021-05-11T03:59:32.307+0000][8][gc,task     ] GC(124) Using 6 workers of 8 for evacuation
[2021-05-11T03:59:32.307+0000][8][gc,age      ] GC(124) Desired survivor size 6291456 bytes, new threshold 15 (max threshold 15)
[2021-05-11T03:59:32.308+0000][8][gc,age      ] GC(124) Age table with threshold 15 (max threshold 15)
[2021-05-11T03:59:32.308+0000][8][gc,age      ] GC(124) - age   1:     517784 bytes,     517784 total
[2021-05-11T03:59:32.308+0000][8][gc,age      ] GC(124) - age   2:        368 bytes,     518152 total
[2021-05-11T03:59:32.308+0000][8][gc,age      ] GC(124) - age   3:        296 bytes,     518448 total
[2021-05-11T03:59:32.308+0000][8][gc,age      ] GC(124) - age   4:     154272 bytes,     672720 total
[2021-05-11T03:59:32.308+0000][8][gc,age      ] GC(124) - age   5:         40 bytes,     672760 total
[2021-05-11T03:59:32.308+0000][8][gc,age      ] GC(124) - age   6:        296 bytes,     673056 total
[2021-05-11T03:59:32.308+0000][8][gc,age      ] GC(124) - age   7:       4224 bytes,     677280 total
[2021-05-11T03:59:32.308+0000][8][gc,age      ] GC(124) - age   8:     398192 bytes,    1075472 total
[2021-05-11T03:59:32.308+0000][8][gc,age      ] GC(124) - age   9:        784 bytes,    1076256 total
[2021-05-11T03:59:32.308+0000][8][gc,age      ] GC(124) - age  10:       1768 bytes,    1078024 total
[2021-05-11T03:59:32.308+0000][8][gc,age      ] GC(124) - age  11:       1264 bytes,    1079288 total
[2021-05-11T03:59:32.308+0000][8][gc,age      ] GC(124) - age  12:       2176 bytes,    1081464 total
[2021-05-11T03:59:32.308+0000][8][gc,age      ] GC(124) - age  13:       1704 bytes,    1083168 total
[2021-05-11T03:59:32.308+0000][8][gc,age      ] GC(124) - age  14:        160 bytes,    1083328 total
[2021-05-11T03:59:32.308+0000][8][gc,age      ] GC(124) - age  15:       1816 bytes,    1085144 total
[2021-05-11T03:59:32.308+0000][8][gc,phases   ] GC(124)   Pre Evacuate Collection Set: 0.1ms
[2021-05-11T03:59:32.308+0000][8][gc,phases   ] GC(124)   Merge Heap Roots: 0.0ms
[2021-05-11T03:59:32.308+0000][8][gc,phases   ] GC(124)   Evacuate Collection Set: 1.0ms
[2021-05-11T03:59:32.308+0000][8][gc,phases   ] GC(124)   Post Evacuate Collection Set: 0.5ms
[2021-05-11T03:59:32.308+0000][8][gc,phases   ] GC(124)   Other: 0.2ms
[2021-05-11T03:59:32.308+0000][8][gc,heap     ] GC(124) Eden regions: 22->0(22)
[2021-05-11T03:59:32.308+0000][8][gc,heap     ] GC(124) Survivor regions: 1->1(3)
[2021-05-11T03:59:32.308+0000][8][gc,heap     ] GC(124) Old regions: 26->26
[2021-05-11T03:59:32.308+0000][8][gc,heap     ] GC(124) Archive regions: 2->2
[2021-05-11T03:59:32.308+0000][8][gc,heap     ] GC(124) Humongous regions: 2->2
[2021-05-11T03:59:32.308+0000][8][gc,metaspace] GC(124) Metaspace: 107977K(112496K)->107977K(112496K) NonClass: 94085K(97264K)->94085K(97264K) Class: 13892K(15232K)->13892K(15232K)
[2021-05-11T03:59:32.309+0000][8][gc          ] GC(124) Pause Young (Concurrent Start) (G1 Evacuation Pause) 204M->116M(256M) 1.943ms
[2021-05-11T03:59:32.309+0000][8][gc,cpu      ] GC(124) User=0.01s Sys=0.00s Real=0.00s
[2021-05-11T03:59:32.309+0000][8][gc          ] GC(125) Concurrent Cycle
[2021-05-11T03:59:32.309+0000][8][safepoint   ] Safepoint "G1CollectForAllocation", Time since last: 12239298176 ns, Reaching safepoint: 111542 ns, At safepoint: 2009121 ns, Total: 2120663 ns
[2021-05-11T03:59:32.309+0000][8][gc,marking  ] GC(125) Concurrent Clear Claimed Marks
[2021-05-11T03:59:32.309+0000][8][gc,marking  ] GC(125) Concurrent Clear Claimed Marks 0.090ms
[2021-05-11T03:59:32.309+0000][8][gc,marking  ] GC(125) Concurrent Scan Root Regions
[2021-05-11T03:59:32.310+0000][8][gc,marking  ] GC(125) Concurrent Scan Root Regions 1.478ms
[2021-05-11T03:59:32.310+0000][8][gc,marking  ] GC(125) Concurrent Mark (7619.925s)
[2021-05-11T03:59:32.310+0000][8][gc,marking  ] GC(125) Concurrent Mark From Roots
[2021-05-11T03:59:32.310+0000][8][gc,task     ] GC(125) Using 2 workers of 2 for marking
[2021-05-11T03:59:32.402+0000][8][gc,marking  ] GC(125) Concurrent Mark From Roots 91.788ms
[2021-05-11T03:59:32.402+0000][8][gc,marking  ] GC(125) Concurrent Preclean
[2021-05-11T03:59:32.402+0000][8][gc,marking  ] GC(125) Concurrent Preclean 0.231ms
[2021-05-11T03:59:32.402+0000][8][gc,marking  ] GC(125) Concurrent Mark (7619.925s, 7620.017s) 92.059ms
[2021-05-11T03:59:32.402+0000][8][gc,start    ] GC(125) Pause Remark
[2021-05-11T03:59:32.409+0000][8][gc          ] GC(125) Pause Remark 117M->117M(256M) 6.602ms
[2021-05-11T03:59:32.409+0000][8][gc,cpu      ] GC(125) User=0.03s Sys=0.00s Real=0.00s
[2021-05-11T03:59:32.409+0000][8][safepoint   ] Safepoint "G1Concurrent", Time since last: 93702523 ns, Reaching safepoint: 65524 ns, At safepoint: 6685036 ns, Total: 6750560 ns
[2021-05-11T03:59:32.409+0000][8][gc,marking  ] GC(125) Concurrent Rebuild Remembered Sets
[2021-05-11T03:59:32.468+0000][8][gc,marking  ] GC(125) Concurrent Rebuild Remembered Sets 59.189ms
[2021-05-11T03:59:32.468+0000][8][gc,start    ] GC(125) Pause Cleanup
[2021-05-11T03:59:32.468+0000][8][gc          ] GC(125) Pause Cleanup 117M->117M(256M) 0.062ms
[2021-05-11T03:59:32.469+0000][8][gc,cpu      ] GC(125) User=0.00s Sys=0.00s Real=0.00s
[2021-05-11T03:59:32.469+0000][8][safepoint   ] Safepoint "G1Concurrent", Time since last: 59345723 ns, Reaching safepoint: 78934 ns, At safepoint: 114391 ns, Total: 193325 ns
[2021-05-11T03:59:32.469+0000][8][gc,marking  ] GC(125) Concurrent Cleanup for Next Mark
[2021-05-11T03:59:32.469+0000][8][gc,marking  ] GC(125) Concurrent Cleanup for Next Mark 0.314ms
[2021-05-11T03:59:32.469+0000][8][gc          ] GC(125) Concurrent Cycle 160.361ms
[2021-05-11T03:59:48.470+0000][8][safepoint   ] Safepoint "Cleanup", Time since last: 16001185205 ns, Reaching safepoint: 72414 ns, At safepoint: 5004 ns, Total: 77418 ns
[2021-05-11T03:59:54.470+0000][8][safepoint   ] Safepoint "Cleanup", Time since last: 6000422542 ns, Reaching safepoint: 76321 ns, At safepoint: 4200 ns, Total: 80521 ns
[2021-05-11T04:00:15.472+0000][8][safepoint   ] Safepoint "Cleanup", Time since last: 21001808700 ns, Reaching safepoint: 75603 ns, At safepoint: 4829 ns, Total: 80432 ns
[2021-05-11T04:00:18.473+0000][8][safepoint   ] Safepoint "Cleanup", Time since last: 3000267967 ns, Reaching safepoint: 97195 ns, At safepoint: 5329 ns, Total: 102524 ns
[2021-05-11T04:00:54.475+0000][8][safepoint   ] Safepoint "Cleanup", Time since last: 36002753184 ns, Reaching safepoint: 162230 ns, At safepoint: 7863 ns, Total: 170093 ns
[2021-05-11T04:01:57.067+0000][8][gc,start    ] GC(126) Pause Young (Normal) (G1 Evacuation Pause)
[2021-05-11T04:01:57.067+0000][8][gc,task     ] GC(126) Using 6 workers of 8 for evacuation
[2021-05-11T04:01:57.067+0000][8][gc,age      ] GC(126) Desired survivor size 6291456 bytes, new threshold 15 (max threshold 15)
[2021-05-11T04:01:57.069+0000][8][gc,age      ] GC(126) Age table with threshold 15 (max threshold 15)
[2021-05-11T04:01:57.069+0000][8][gc,age      ] GC(126) - age   1:     311184 bytes,     311184 total
[2021-05-11T04:01:57.069+0000][8][gc,age      ] GC(126) - age   2:       2528 bytes,     313712 total
[2021-05-11T04:01:57.069+0000][8][gc,age      ] GC(126) - age   3:        344 bytes,     314056 total
[2021-05-11T04:01:57.069+0000][8][gc,age      ] GC(126) - age   4:        296 bytes,     314352 total
[2021-05-11T04:01:57.069+0000][8][gc,age      ] GC(126) - age   5:     154032 bytes,     468384 total
[2021-05-11T04:01:57.069+0000][8][gc,age      ] GC(126) - age   6:         40 bytes,     468424 total
[2021-05-11T04:01:57.069+0000][8][gc,age      ] GC(126) - age   7:        296 bytes,     468720 total
[2021-05-11T04:01:57.069+0000][8][gc,age      ] GC(126) - age   8:       4224 bytes,     472944 total
[2021-05-11T04:01:57.069+0000][8][gc,age      ] GC(126) - age   9:     398152 bytes,     871096 total
[2021-05-11T04:01:57.069+0000][8][gc,age      ] GC(126) - age  10:        784 bytes,     871880 total
[2021-05-11T04:01:57.069+0000][8][gc,age      ] GC(126) - age  11:       1624 bytes,     873504 total
[2021-05-11T04:01:57.069+0000][8][gc,age      ] GC(126) - age  12:       1224 bytes,     874728 total
[2021-05-11T04:01:57.069+0000][8][gc,age      ] GC(126) - age  13:       2176 bytes,     876904 total
[2021-05-11T04:01:57.069+0000][8][gc,age      ] GC(126) - age  14:       1704 bytes,     878608 total
[2021-05-11T04:01:57.069+0000][8][gc,age      ] GC(126) - age  15:        160 bytes,     878768 total
[2021-05-11T04:01:57.069+0000][8][gc,phases   ] GC(126)   Pre Evacuate Collection Set: 0.1ms
[2021-05-11T04:01:57.069+0000][8][gc,phases   ] GC(126)   Merge Heap Roots: 0.1ms
[2021-05-11T04:01:57.069+0000][8][gc,phases   ] GC(126)   Evacuate Collection Set: 0.7ms
[2021-05-11T04:01:57.069+0000][8][gc,phases   ] GC(126)   Post Evacuate Collection Set: 0.3ms
[2021-05-11T04:01:57.069+0000][8][gc,phases   ] GC(126)   Other: 0.2ms
[2021-05-11T04:01:57.069+0000][8][gc,heap     ] GC(126) Eden regions: 22->0(22)
[2021-05-11T04:01:57.069+0000][8][gc,heap     ] GC(126) Survivor regions: 1->1(3)
[2021-05-11T04:01:57.069+0000][8][gc,heap     ] GC(126) Old regions: 26->26
[2021-05-11T04:01:57.069+0000][8][gc,heap     ] GC(126) Archive regions: 2->2
[2021-05-11T04:01:57.069+0000][8][gc,heap     ] GC(126) Humongous regions: 2->2
[2021-05-11T04:01:57.069+0000][8][gc,metaspace] GC(126) Metaspace: 108039K(112752K)->108039K(112752K) NonClass: 94146K(97520K)->94146K(97520K) Class: 13892K(15232K)->13892K(15232K)
[2021-05-11T04:01:57.069+0000][8][gc          ] GC(126) Pause Young (Normal) (G1 Evacuation Pause) 204M->116M(256M) 1.502ms
[2021-05-11T04:01:57.069+0000][8][gc,cpu      ] GC(126) User=0.00s Sys=0.00s Real=0.00s
[2021-05-11T04:01:57.069+0000][8][safepoint   ] Safepoint "G1CollectForAllocation", Time since last: 62591716814 ns, Reaching safepoint: 177837 ns, At safepoint: 1565317 ns, Total: 1743154 ns
[2021-05-11T04:01:58.069+0000][8][safepoint   ] Safepoint "Cleanup", Time since last: 1000078381 ns, Reaching safepoint: 65110 ns, At safepoint: 5850 ns, Total: 70960 ns
[2021-05-11T04:02:51.074+0000][8][safepoint   ] Safepoint "Cleanup", Time since last: 53004979043 ns, Reaching safepoint: 80540 ns, At safepoint: 5235 ns, Total: 85775 ns
[2021-05-11T04:02:54.075+0000][8][safepoint   ] Safepoint "Cleanup", Time since last: 3000331898 ns, Reaching safepoint: 70784 ns, At safepoint: 5744 ns, Total: 76528 ns
[2021-05-11T04:03:28.078+0000][8][safepoint   ] Safepoint "Cleanup", Time since last: 34003194465 ns, Reaching safepoint: 101327 ns, At safepoint: 7171 ns, Total: 108498 ns
[2021-05-11T04:03:28.637+0000][8][gc,start    ] GC(127) Pause Young (Concurrent Start) (G1 Evacuation Pause)
[2021-05-11T04:03:28.637+0000][8][gc,task     ] GC(127) Using 6 workers of 8 for evacuation
[2021-05-11T04:03:28.637+0000][8][gc,age      ] GC(127) Desired survivor size 6291456 bytes, new threshold 15 (max threshold 15)
[2021-05-11T04:03:28.639+0000][8][gc,age      ] GC(127) Age table with threshold 15 (max threshold 15)
[2021-05-11T04:03:28.639+0000][8][gc,age      ] GC(127) - age   1:     825224 bytes,     825224 total
[2021-05-11T04:03:28.639+0000][8][gc,age      ] GC(127) - age   2:       1240 bytes,     826464 total
[2021-05-11T04:03:28.639+0000][8][gc,age      ] GC(127) - age   3:       2232 bytes,     828696 total
[2021-05-11T04:03:28.639+0000][8][gc,age      ] GC(127) - age   4:        344 bytes,     829040 total
[2021-05-11T04:03:28.639+0000][8][gc,age      ] GC(127) - age   6:       2216 bytes,     831256 total
[2021-05-11T04:03:28.639+0000][8][gc,age      ] GC(127) - age   8:        296 bytes,     831552 total
[2021-05-11T04:03:28.639+0000][8][gc,age      ] GC(127) - age   9:       4224 bytes,     835776 total
[2021-05-11T04:03:28.639+0000][8][gc,age      ] GC(127) - age  10:     393168 bytes,    1228944 total
[2021-05-11T04:03:28.639+0000][8][gc,age      ] GC(127) - age  11:        784 bytes,    1229728 total
[2021-05-11T04:03:28.639+0000][8][gc,age      ] GC(127) - age  12:       1624 bytes,    1231352 total
[2021-05-11T04:03:28.639+0000][8][gc,age      ] GC(127) - age  13:       1224 bytes,    1232576 total
[2021-05-11T04:03:28.639+0000][8][gc,age      ] GC(127) - age  14:       2176 bytes,    1234752 total
[2021-05-11T04:03:28.639+0000][8][gc,age      ] GC(127) - age  15:       1608 bytes,    1236360 total
[2021-05-11T04:03:28.639+0000][8][gc,phases   ] GC(127)   Pre Evacuate Collection Set: 0.1ms
[2021-05-11T04:03:28.639+0000][8][gc,phases   ] GC(127)   Merge Heap Roots: 0.0ms
[2021-05-11T04:03:28.639+0000][8][gc,phases   ] GC(127)   Evacuate Collection Set: 1.3ms
[2021-05-11T04:03:28.639+0000][8][gc,phases   ] GC(127)   Post Evacuate Collection Set: 0.6ms
[2021-05-11T04:03:28.639+0000][8][gc,phases   ] GC(127)   Other: 0.3ms
[2021-05-11T04:03:28.639+0000][8][gc,heap     ] GC(127) Eden regions: 22->0(22)
[2021-05-11T04:03:28.639+0000][8][gc,heap     ] GC(127) Survivor regions: 1->1(3)
[2021-05-11T04:03:28.639+0000][8][gc,heap     ] GC(127) Old regions: 26->26
[2021-05-11T04:03:28.639+0000][8][gc,heap     ] GC(127) Archive regions: 2->2
[2021-05-11T04:03:28.639+0000][8][gc,heap     ] GC(127) Humongous regions: 2->2
[2021-05-11T04:03:28.639+0000][8][gc,metaspace] GC(127) Metaspace: 108070K(112752K)->108070K(112752K) NonClass: 94177K(97520K)->94177K(97520K) Class: 13892K(15232K)->13892K(15232K)
[2021-05-11T04:03:28.639+0000][8][gc          ] GC(127) Pause Young (Concurrent Start) (G1 Evacuation Pause) 204M->116M(256M) 2.424ms
[2021-05-11T04:03:28.639+0000][8][gc,cpu      ] GC(127) User=0.01s Sys=0.00s Real=0.00s
[2021-05-11T04:03:28.639+0000][8][gc          ] GC(128) Concurrent Cycle
[2021-05-11T04:03:28.639+0000][8][safepoint   ] Safepoint "G1CollectForAllocation", Time since last: 558913437 ns, Reaching safepoint: 102613 ns, At safepoint: 2516612 ns, Total: 2619225 ns
[2021-05-11T04:03:28.639+0000][8][gc,marking  ] GC(128) Concurrent Clear Claimed Marks
[2021-05-11T04:03:28.640+0000][8][gc,marking  ] GC(128) Concurrent Clear Claimed Marks 0.093ms
[2021-05-11T04:03:28.640+0000][8][gc,marking  ] GC(128) Concurrent Scan Root Regions
[2021-05-11T04:03:28.641+0000][8][gc,marking  ] GC(128) Concurrent Scan Root Regions 1.951ms
[2021-05-11T04:03:28.642+0000][8][gc,marking  ] GC(128) Concurrent Mark (7856.256s)
[2021-05-11T04:03:28.642+0000][8][gc,marking  ] GC(128) Concurrent Mark From Roots
[2021-05-11T04:03:28.642+0000][8][gc,task     ] GC(128) Using 2 workers of 2 for marking
[2021-05-11T04:03:28.732+0000][8][gc,marking  ] GC(128) Concurrent Mark From Roots 90.007ms
[2021-05-11T04:03:28.732+0000][8][gc,marking  ] GC(128) Concurrent Preclean
[2021-05-11T04:03:28.732+0000][8][gc,marking  ] GC(128) Concurrent Preclean 0.316ms
[2021-05-11T04:03:28.732+0000][8][gc,marking  ] GC(128) Concurrent Mark (7856.256s, 7856.346s) 90.381ms
[2021-05-11T04:03:28.732+0000][8][gc,start    ] GC(128) Pause Remark
[2021-05-11T04:03:28.738+0000][8][gc          ] GC(128) Pause Remark 117M->117M(256M) 6.133ms
[2021-05-11T04:03:28.738+0000][8][gc,cpu      ] GC(128) User=0.03s Sys=0.01s Real=0.01s
[2021-05-11T04:03:28.738+0000][8][safepoint   ] Safepoint "G1Concurrent", Time since last: 92505939 ns, Reaching safepoint: 70688 ns, At safepoint: 6220334 ns, Total: 6291022 ns
[2021-05-11T04:03:28.738+0000][8][gc,marking  ] GC(128) Concurrent Rebuild Remembered Sets
[2021-05-11T04:03:28.799+0000][8][gc,marking  ] GC(128) Concurrent Rebuild Remembered Sets 60.812ms
[2021-05-11T04:03:28.799+0000][8][gc,start    ] GC(128) Pause Cleanup
[2021-05-11T04:03:28.799+0000][8][gc          ] GC(128) Pause Cleanup 117M->117M(256M) 0.064ms
[2021-05-11T04:03:28.799+0000][8][gc,cpu      ] GC(128) User=0.00s Sys=0.00s Real=0.00s
[2021-05-11T04:03:28.799+0000][8][safepoint   ] Safepoint "G1Concurrent", Time since last: 60882926 ns, Reaching safepoint: 72435 ns, At safepoint: 100212 ns, Total: 172647 ns
[2021-05-11T04:03:28.799+0000][8][gc,marking  ] GC(128) Concurrent Cleanup for Next Mark
[2021-05-11T04:03:28.800+0000][8][gc,marking  ] GC(128) Concurrent Cleanup for Next Mark 0.453ms
[2021-05-11T04:03:28.800+0000][8][gc          ] GC(128) Concurrent Cycle 160.384ms
[2021-05-11T04:04:25.805+0000][8][safepoint   ] Safepoint "Cleanup", Time since last: 57005356610 ns, Reaching safepoint: 83525 ns, At safepoint: 5494 ns, Total: 89019 ns
[2021-05-11T04:04:53.807+0000][8][safepoint   ] Safepoint "Cleanup", Time since last: 28002359324 ns, Reaching safepoint: 219923 ns, At safepoint: 7532 ns, Total: 227455 ns
[2021-05-11T04:05:53.632+0000][8][gc,start    ] GC(129) Pause Young (Normal) (G1 Evacuation Pause)
[2021-05-11T04:05:53.632+0000][8][gc,task     ] GC(129) Using 6 workers of 8 for evacuation
[2021-05-11T04:05:53.632+0000][8][gc,age      ] GC(129) Desired survivor size 6291456 bytes, new threshold 15 (max threshold 15)
[2021-05-11T04:05:53.633+0000][8][gc,age      ] GC(129) Age table with threshold 15 (max threshold 15)
[2021-05-11T04:05:53.633+0000][8][gc,age      ] GC(129) - age   1:     542376 bytes,     542376 total
[2021-05-11T04:05:53.633+0000][8][gc,age      ] GC(129) - age   2:     304688 bytes,     847064 total
[2021-05-11T04:05:53.633+0000][8][gc,age      ] GC(129) - age   3:       1240 bytes,     848304 total
[2021-05-11T04:05:53.633+0000][8][gc,age      ] GC(129) - age   4:       2232 bytes,     850536 total
[2021-05-11T04:05:53.633+0000][8][gc,age      ] GC(129) - age   5:        320 bytes,     850856 total
[2021-05-11T04:05:53.633+0000][8][gc,age      ] GC(129) - age   7:       2216 bytes,     853072 total
[2021-05-11T04:05:53.633+0000][8][gc,age      ] GC(129) - age   9:        296 bytes,     853368 total
[2021-05-11T04:05:53.633+0000][8][gc,age      ] GC(129) - age  10:       4224 bytes,     857592 total
[2021-05-11T04:05:53.633+0000][8][gc,age      ] GC(129) - age  11:     393168 bytes,    1250760 total
[2021-05-11T04:05:53.633+0000][8][gc,age      ] GC(129) - age  12:        784 bytes,    1251544 total
[2021-05-11T04:05:53.633+0000][8][gc,age      ] GC(129) - age  13:       1624 bytes,    1253168 total
[2021-05-11T04:05:53.633+0000][8][gc,age      ] GC(129) - age  14:       1224 bytes,    1254392 total
[2021-05-11T04:05:53.633+0000][8][gc,age      ] GC(129) - age  15:       2176 bytes,    1256568 total
[2021-05-11T04:05:53.633+0000][8][gc,phases   ] GC(129)   Pre Evacuate Collection Set: 0.0ms
[2021-05-11T04:05:53.633+0000][8][gc,phases   ] GC(129)   Merge Heap Roots: 0.0ms
[2021-05-11T04:05:53.633+0000][8][gc,phases   ] GC(129)   Evacuate Collection Set: 0.9ms
[2021-05-11T04:05:53.633+0000][8][gc,phases   ] GC(129)   Post Evacuate Collection Set: 0.4ms
[2021-05-11T04:05:53.633+0000][8][gc,phases   ] GC(129)   Other: 0.2ms
[2021-05-11T04:05:53.633+0000][8][gc,heap     ] GC(129) Eden regions: 22->0(22)
[2021-05-11T04:05:53.633+0000][8][gc,heap     ] GC(129) Survivor regions: 1->1(3)
[2021-05-11T04:05:53.633+0000][8][gc,heap     ] GC(129) Old regions: 26->26
[2021-05-11T04:05:53.633+0000][8][gc,heap     ] GC(129) Archive regions: 2->2
[2021-05-11T04:05:53.633+0000][8][gc,heap     ] GC(129) Humongous regions: 2->2
[2021-05-11T04:05:53.633+0000][8][gc,metaspace] GC(129) Metaspace: 108077K(112752K)->108077K(112752K) NonClass: 94184K(97520K)->94184K(97520K) Class: 13892K(15232K)->13892K(15232K)
[2021-05-11T04:05:53.633+0000][8][gc          ] GC(129) Pause Young (Normal) (G1 Evacuation Pause) 204M->116M(256M) 1.735ms
[2021-05-11T04:05:53.633+0000][8][gc,cpu      ] GC(129) User=0.01s Sys=0.00s Real=0.01s
[2021-05-11T04:05:53.633+0000][8][safepoint   ] Safepoint "G1CollectForAllocation", Time since last: 59824185120 ns, Reaching safepoint: 70551 ns, At safepoint: 1808084 ns, Total: 1878635 ns
[2021-05-11T04:05:55.634+0000][8][safepoint   ] Safepoint "Cleanup", Time since last: 2000192896 ns, Reaching safepoint: 114953 ns, At safepoint: 7932 ns, Total: 122885 ns
[2021-05-11T04:06:50.639+0000][8][safepoint   ] Safepoint "Cleanup", Time since last: 55004970304 ns, Reaching safepoint: 108874 ns, At safepoint: 7166 ns, Total: 116040 ns
[2021-05-11T04:07:15.641+0000][8][safepoint   ] Safepoint "Cleanup", Time since last: 25002224847 ns, Reaching safepoint: 62188 ns, At safepoint: 4671 ns, Total: 66859 ns
[2021-05-11T04:07:20.642+0000][8][safepoint   ] Safepoint "Cleanup", Time since last: 5000402333 ns, Reaching safepoint: 89416 ns, At safepoint: 4415 ns, Total: 93831 ns
[2021-05-11T04:07:30.643+0000][8][safepoint   ] Safepoint "Cleanup", Time since last: 10000925209 ns, Reaching safepoint: 101023 ns, At safepoint: 6417 ns, Total: 107440 ns
[2021-05-11T04:07:50.645+0000][8][safepoint   ] Safepoint "Cleanup", Time since last: 20001948833 ns, Reaching safepoint: 70404 ns, At safepoint: 15592 ns, Total: 85996 ns
[2021-05-11T04:07:57.502+0000][8][gc,start    ] GC(130) Pause Young (Concurrent Start) (G1 Evacuation Pause)
[2021-05-11T04:07:57.502+0000][8][gc,task     ] GC(130) Using 6 workers of 8 for evacuation
[2021-05-11T04:07:57.502+0000][8][gc,age      ] GC(130) Desired survivor size 6291456 bytes, new threshold 15 (max threshold 15)
[2021-05-11T04:07:57.504+0000][8][gc,age      ] GC(130) Age table with threshold 15 (max threshold 15)
[2021-05-11T04:07:57.504+0000][8][gc,age      ] GC(130) - age   1:     514640 bytes,     514640 total
[2021-05-11T04:07:57.504+0000][8][gc,age      ] GC(130) - age   2:        928 bytes,     515568 total
[2021-05-11T04:07:57.504+0000][8][gc,age      ] GC(130) - age   3:     183224 bytes,     698792 total
[2021-05-11T04:07:57.504+0000][8][gc,age      ] GC(130) - age   4:       1120 bytes,     699912 total
[2021-05-11T04:07:57.504+0000][8][gc,age      ] GC(130) - age   5:       2136 bytes,     702048 total
[2021-05-11T04:07:57.504+0000][8][gc,age      ] GC(130) - age   6:         80 bytes,     702128 total
[2021-05-11T04:07:57.504+0000][8][gc,age      ] GC(130) - age   8:       2008 bytes,     704136 total
[2021-05-11T04:07:57.504+0000][8][gc,age      ] GC(130) - age  10:        296 bytes,     704432 total
[2021-05-11T04:07:57.504+0000][8][gc,age      ] GC(130) - age  11:       4224 bytes,     708656 total
[2021-05-11T04:07:57.504+0000][8][gc,age      ] GC(130) - age  12:     393168 bytes,    1101824 total
[2021-05-11T04:07:57.504+0000][8][gc,age      ] GC(130) - age  13:        784 bytes,    1102608 total
[2021-05-11T04:07:57.504+0000][8][gc,age      ] GC(130) - age  14:       1624 bytes,    1104232 total
[2021-05-11T04:07:57.504+0000][8][gc,age      ] GC(130) - age  15:       1224 bytes,    1105456 total
[2021-05-11T04:07:57.504+0000][8][gc,phases   ] GC(130)   Pre Evacuate Collection Set: 0.1ms
[2021-05-11T04:07:57.504+0000][8][gc,phases   ] GC(130)   Merge Heap Roots: 0.0ms
[2021-05-11T04:07:57.504+0000][8][gc,phases   ] GC(130)   Evacuate Collection Set: 0.8ms
[2021-05-11T04:07:57.504+0000][8][gc,phases   ] GC(130)   Post Evacuate Collection Set: 0.4ms
[2021-05-11T04:07:57.504+0000][8][gc,phases   ] GC(130)   Other: 0.2ms
[2021-05-11T04:07:57.504+0000][8][gc,heap     ] GC(130) Eden regions: 22->0(22)
[2021-05-11T04:07:57.504+0000][8][gc,heap     ] GC(130) Survivor regions: 1->1(3)
[2021-05-11T04:07:57.504+0000][8][gc,heap     ] GC(130) Old regions: 26->26
[2021-05-11T04:07:57.504+0000][8][gc,heap     ] GC(130) Archive regions: 2->2
[2021-05-11T04:07:57.504+0000][8][gc,heap     ] GC(130) Humongous regions: 2->2
[2021-05-11T04:07:57.504+0000][8][gc,metaspace] GC(130) Metaspace: 108085K(112752K)->108085K(112752K) NonClass: 94193K(97520K)->94193K(97520K) Class: 13892K(15232K)->13892K(15232K)
[2021-05-11T04:07:57.504+0000][8][gc          ] GC(130) Pause Young (Concurrent Start) (G1 Evacuation Pause) 204M->116M(256M) 1.645ms
[2021-05-11T04:07:57.504+0000][8][gc,cpu      ] GC(130) User=0.01s Sys=0.00s Real=0.00s
[2021-05-11T04:07:57.504+0000][8][safepoint   ] Safepoint "G1CollectForAllocation", Time since last: 6857600324 ns, Reaching safepoint: 59071 ns, At safepoint: 1705881 ns, Total: 1764952 ns
[2021-05-11T04:07:57.504+0000][8][gc          ] GC(131) Concurrent Cycle
[2021-05-11T04:07:57.504+0000][8][gc,marking  ] GC(131) Concurrent Clear Claimed Marks
[2021-05-11T04:07:57.504+0000][8][gc,marking  ] GC(131) Concurrent Clear Claimed Marks 0.054ms
[2021-05-11T04:07:57.504+0000][8][gc,marking  ] GC(131) Concurrent Scan Root Regions
[2021-05-11T04:07:57.505+0000][8][gc,marking  ] GC(131) Concurrent Scan Root Regions 1.331ms
[2021-05-11T04:07:57.505+0000][8][gc,marking  ] GC(131) Concurrent Mark (8125.120s)
[2021-05-11T04:07:57.505+0000][8][gc,marking  ] GC(131) Concurrent Mark From Roots
[2021-05-11T04:07:57.505+0000][8][gc,task     ] GC(131) Using 2 workers of 2 for marking
[2021-05-11T04:07:57.599+0000][8][gc,marking  ] GC(131) Concurrent Mark From Roots 93.511ms
[2021-05-11T04:07:57.599+0000][8][gc,marking  ] GC(131) Concurrent Preclean
[2021-05-11T04:07:57.599+0000][8][gc,marking  ] GC(131) Concurrent Preclean 0.347ms
[2021-05-11T04:07:57.599+0000][8][gc,marking  ] GC(131) Concurrent Mark (8125.120s, 8125.214s) 93.927ms
[2021-05-11T04:07:57.600+0000][8][gc,start    ] GC(131) Pause Remark
[2021-05-11T04:07:57.605+0000][8][gc          ] GC(131) Pause Remark 117M->117M(256M) 5.927ms
[2021-05-11T04:07:57.605+0000][8][gc,cpu      ] GC(131) User=0.04s Sys=0.00s Real=0.01s
[2021-05-11T04:07:57.605+0000][8][safepoint   ] Safepoint "G1Concurrent", Time since last: 95399642 ns, Reaching safepoint: 114635 ns, At safepoint: 6001705 ns, Total: 6116340 ns
[2021-05-11T04:07:57.606+0000][8][gc,marking  ] GC(131) Concurrent Rebuild Remembered Sets
[2021-05-11T04:07:57.665+0000][8][gc,marking  ] GC(131) Concurrent Rebuild Remembered Sets 59.751ms
[2021-05-11T04:07:57.665+0000][8][gc,start    ] GC(131) Pause Cleanup
[2021-05-11T04:07:57.665+0000][8][gc          ] GC(131) Pause Cleanup 117M->117M(256M) 0.062ms
[2021-05-11T04:07:57.665+0000][8][gc,cpu      ] GC(131) User=0.00s Sys=0.00s Real=0.00s
[2021-05-11T04:07:57.665+0000][8][safepoint   ] Safepoint "G1Concurrent", Time since last: 59818550 ns, Reaching safepoint: 74166 ns, At safepoint: 110018 ns, Total: 184184 ns
[2021-05-11T04:07:57.666+0000][8][gc,marking  ] GC(131) Concurrent Cleanup for Next Mark
[2021-05-11T04:07:57.666+0000][8][gc,marking  ] GC(131) Concurrent Cleanup for Next Mark 0.172ms
[2021-05-11T04:07:57.666+0000][8][gc          ] GC(131) Concurrent Cycle 161.712ms
[2021-05-11T04:08:50.670+0000][8][safepoint   ] Safepoint "Cleanup", Time since last: 53004045306 ns, Reaching safepoint: 90563 ns, At safepoint: 5510 ns, Total: 96073 ns
[2021-05-11T04:09:18.672+0000][8][safepoint   ] Safepoint "Cleanup", Time since last: 28002385814 ns, Reaching safepoint: 89574 ns, At safepoint: 7417 ns, Total: 96991 ns
[2021-05-11T04:09:53.675+0000][8][safepoint   ] Safepoint "Cleanup", Time since last: 35003147771 ns, Reaching safepoint: 76962 ns, At safepoint: 4277 ns, Total: 81239 ns
[2021-05-11T04:09:57.676+0000][8][safepoint   ] Safepoint "Cleanup", Time since last: 4000477938 ns, Reaching safepoint: 91519 ns, At safepoint: 5766 ns, Total: 97285 ns
[2021-05-11T04:10:22.557+0000][8][gc,start    ] GC(132) Pause Young (Normal) (G1 Evacuation Pause)
[2021-05-11T04:10:22.557+0000][8][gc,task     ] GC(132) Using 6 workers of 8 for evacuation
[2021-05-11T04:10:22.557+0000][8][gc,age      ] GC(132) Desired survivor size 6291456 bytes, new threshold 15 (max threshold 15)
[2021-05-11T04:10:22.558+0000][8][gc,age      ] GC(132) Age table with threshold 15 (max threshold 15)
[2021-05-11T04:10:22.558+0000][8][gc,age      ] GC(132) - age   1:     506336 bytes,     506336 total
[2021-05-11T04:10:22.558+0000][8][gc,age      ] GC(132) - age   2:       1328 bytes,     507664 total
[2021-05-11T04:10:22.558+0000][8][gc,age      ] GC(132) - age   3:        744 bytes,     508408 total
[2021-05-11T04:10:22.558+0000][8][gc,age      ] GC(132) - age   4:     183000 bytes,     691408 total
[2021-05-11T04:10:22.558+0000][8][gc,age      ] GC(132) - age   5:       1096 bytes,     692504 total
[2021-05-11T04:10:22.558+0000][8][gc,age      ] GC(132) - age   6:       1928 bytes,     694432 total
[2021-05-11T04:10:22.558+0000][8][gc,age      ] GC(132) - age   7:         80 bytes,     694512 total
[2021-05-11T04:10:22.558+0000][8][gc,age      ] GC(132) - age   9:       2008 bytes,     696520 total
[2021-05-11T04:10:22.558+0000][8][gc,age      ] GC(132) - age  11:        296 bytes,     696816 total
[2021-05-11T04:10:22.558+0000][8][gc,age      ] GC(132) - age  12:       4224 bytes,     701040 total
[2021-05-11T04:10:22.558+0000][8][gc,age      ] GC(132) - age  13:     393168 bytes,    1094208 total
[2021-05-11T04:10:22.558+0000][8][gc,age      ] GC(132) - age  14:        784 bytes,    1094992 total
[2021-05-11T04:10:22.558+0000][8][gc,age      ] GC(132) - age  15:       1624 bytes,    1096616 total
[2021-05-11T04:10:22.558+0000][8][gc,phases   ] GC(132)   Pre Evacuate Collection Set: 0.0ms
[2021-05-11T04:10:22.558+0000][8][gc,phases   ] GC(132)   Merge Heap Roots: 0.0ms
[2021-05-11T04:10:22.558+0000][8][gc,phases   ] GC(132)   Evacuate Collection Set: 1.0ms
[2021-05-11T04:10:22.558+0000][8][gc,phases   ] GC(132)   Post Evacuate Collection Set: 0.4ms
[2021-05-11T04:10:22.558+0000][8][gc,phases   ] GC(132)   Other: 0.2ms
[2021-05-11T04:10:22.558+0000][8][gc,heap     ] GC(132) Eden regions: 22->0(22)
[2021-05-11T04:10:22.558+0000][8][gc,heap     ] GC(132) Survivor regions: 1->1(3)
[2021-05-11T04:10:22.558+0000][8][gc,heap     ] GC(132) Old regions: 26->26
[2021-05-11T04:10:22.558+0000][8][gc,heap     ] GC(132) Archive regions: 2->2
[2021-05-11T04:10:22.558+0000][8][gc,heap     ] GC(132) Humongous regions: 2->2
[2021-05-11T04:10:22.558+0000][8][gc,metaspace] GC(132) Metaspace: 108089K(112752K)->108089K(112752K) NonClass: 94196K(97520K)->94196K(97520K) Class: 13892K(15232K)->13892K(15232K)
[2021-05-11T04:10:22.558+0000][8][gc          ] GC(132) Pause Young (Normal) (G1 Evacuation Pause) 204M->116M(256M) 1.862ms
[2021-05-11T04:10:22.559+0000][8][gc,cpu      ] GC(132) User=0.01s Sys=0.00s Real=0.00s
[2021-05-11T04:10:22.559+0000][8][safepoint   ] Safepoint "G1CollectForAllocation", Time since last: 24880582817 ns, Reaching safepoint: 82239 ns, At safepoint: 1969121 ns, Total: 2051360 ns
[2021-05-11T04:10:35.560+0000][8][safepoint   ] Safepoint "Cleanup", Time since last: 13001511717 ns, Reaching safepoint: 96112 ns, At safepoint: 6684 ns, Total: 102796 ns
[2021-05-11T04:10:54.562+0000][8][safepoint   ] Safepoint "Cleanup", Time since last: 19001656874 ns, Reaching safepoint: 73848 ns, At safepoint: 4433 ns, Total: 78281 ns
[2021-05-11T04:11:14.563+0000][8][safepoint   ] Safepoint "Cleanup", Time since last: 20001464895 ns, Reaching safepoint: 59706 ns, At safepoint: 4413 ns, Total: 64119 ns
[2021-05-11T04:12:42.611+0000][8][gc,start    ] GC(133) Pause Young (Concurrent Start) (G1 Evacuation Pause)
[2021-05-11T04:12:42.611+0000][8][gc,task     ] GC(133) Using 6 workers of 8 for evacuation
[2021-05-11T04:12:42.611+0000][8][gc,age      ] GC(133) Desired survivor size 6291456 bytes, new threshold 15 (max threshold 15)
[2021-05-11T04:12:42.613+0000][8][gc,age      ] GC(133) Age table with threshold 15 (max threshold 15)
[2021-05-11T04:12:42.613+0000][8][gc,age      ] GC(133) - age   1:     511472 bytes,     511472 total
[2021-05-11T04:12:42.613+0000][8][gc,age      ] GC(133) - age   2:        632 bytes,     512104 total
[2021-05-11T04:12:42.613+0000][8][gc,age      ] GC(133) - age   3:       1208 bytes,     513312 total
[2021-05-11T04:12:42.613+0000][8][gc,age      ] GC(133) - age   4:        544 bytes,     513856 total
[2021-05-11T04:12:42.613+0000][8][gc,age      ] GC(133) - age   5:     182960 bytes,     696816 total
[2021-05-11T04:12:42.613+0000][8][gc,age      ] GC(133) - age   6:       1096 bytes,     697912 total
[2021-05-11T04:12:42.613+0000][8][gc,age      ] GC(133) - age   7:       1928 bytes,     699840 total
[2021-05-11T04:12:42.613+0000][8][gc,age      ] GC(133) - age   8:         80 bytes,     699920 total
[2021-05-11T04:12:42.613+0000][8][gc,age      ] GC(133) - age  10:       2008 bytes,     701928 total
[2021-05-11T04:12:42.613+0000][8][gc,age      ] GC(133) - age  12:        296 bytes,     702224 total
[2021-05-11T04:12:42.613+0000][8][gc,age      ] GC(133) - age  13:       4224 bytes,     706448 total
[2021-05-11T04:12:42.613+0000][8][gc,age      ] GC(133) - age  14:     393168 bytes,    1099616 total
[2021-05-11T04:12:42.613+0000][8][gc,age      ] GC(133) - age  15:        784 bytes,    1100400 total
[2021-05-11T04:12:42.613+0000][8][gc,phases   ] GC(133)   Pre Evacuate Collection Set: 0.1ms
[2021-05-11T04:12:42.613+0000][8][gc,phases   ] GC(133)   Merge Heap Roots: 0.0ms
[2021-05-11T04:12:42.613+0000][8][gc,phases   ] GC(133)   Evacuate Collection Set: 1.0ms
[2021-05-11T04:12:42.613+0000][8][gc,phases   ] GC(133)   Post Evacuate Collection Set: 0.4ms
[2021-05-11T04:12:42.613+0000][8][gc,phases   ] GC(133)   Other: 0.2ms
[2021-05-11T04:12:42.613+0000][8][gc,heap     ] GC(133) Eden regions: 22->0(22)
[2021-05-11T04:12:42.613+0000][8][gc,heap     ] GC(133) Survivor regions: 1->1(3)
[2021-05-11T04:12:42.613+0000][8][gc,heap     ] GC(133) Old regions: 26->26
[2021-05-11T04:12:42.613+0000][8][gc,heap     ] GC(133) Archive regions: 2->2
[2021-05-11T04:12:42.613+0000][8][gc,heap     ] GC(133) Humongous regions: 2->2
[2021-05-11T04:12:42.613+0000][8][gc,metaspace] GC(133) Metaspace: 108090K(112752K)->108090K(112752K) NonClass: 94197K(97520K)->94197K(97520K) Class: 13893K(15232K)->13893K(15232K)
[2021-05-11T04:12:42.613+0000][8][gc          ] GC(133) Pause Young (Concurrent Start) (G1 Evacuation Pause) 204M->116M(256M) 1.802ms
[2021-05-11T04:12:42.613+0000][8][gc,cpu      ] GC(133) User=0.00s Sys=0.01s Real=0.01s
[2021-05-11T04:12:42.613+0000][8][gc          ] GC(134) Concurrent Cycle
[2021-05-11T04:12:42.613+0000][8][safepoint   ] Safepoint "G1CollectForAllocation", Time since last: 88047715949 ns, Reaching safepoint: 133625 ns, At safepoint: 1896532 ns, Total: 2030157 ns
[2021-05-11T04:12:42.613+0000][8][gc,marking  ] GC(134) Concurrent Clear Claimed Marks
[2021-05-11T04:12:42.613+0000][8][gc,marking  ] GC(134) Concurrent Clear Claimed Marks 0.073ms
[2021-05-11T04:12:42.613+0000][8][gc,marking  ] GC(134) Concurrent Scan Root Regions
[2021-05-11T04:12:42.615+0000][8][gc,marking  ] GC(134) Concurrent Scan Root Regions 1.339ms
[2021-05-11T04:12:42.615+0000][8][gc,marking  ] GC(134) Concurrent Mark (8410.229s)
[2021-05-11T04:12:42.615+0000][8][gc,marking  ] GC(134) Concurrent Mark From Roots
[2021-05-11T04:12:42.615+0000][8][gc,task     ] GC(134) Using 2 workers of 2 for marking
[2021-05-11T04:12:42.699+0000][8][gc,marking  ] GC(134) Concurrent Mark From Roots 84.057ms
[2021-05-11T04:12:42.699+0000][8][gc,marking  ] GC(134) Concurrent Preclean
[2021-05-11T04:12:42.699+0000][8][gc,marking  ] GC(134) Concurrent Preclean 0.230ms
[2021-05-11T04:12:42.699+0000][8][gc,marking  ] GC(134) Concurrent Mark (8410.229s, 8410.313s) 84.332ms
[2021-05-11T04:12:42.699+0000][8][gc,start    ] GC(134) Pause Remark
[2021-05-11T04:12:42.705+0000][8][gc          ] GC(134) Pause Remark 117M->117M(256M) 5.687ms
[2021-05-11T04:12:42.705+0000][8][gc,cpu      ] GC(134) User=0.03s Sys=0.00s Real=0.01s
[2021-05-11T04:12:42.705+0000][8][safepoint   ] Safepoint "G1Concurrent", Time since last: 85807232 ns, Reaching safepoint: 65167 ns, At safepoint: 5755378 ns, Total: 5820545 ns
[2021-05-11T04:12:42.705+0000][8][gc,marking  ] GC(134) Concurrent Rebuild Remembered Sets
[2021-05-11T04:12:42.761+0000][8][gc,marking  ] GC(134) Concurrent Rebuild Remembered Sets 55.654ms
[2021-05-11T04:12:42.761+0000][8][gc,start    ] GC(134) Pause Cleanup
[2021-05-11T04:12:42.761+0000][8][gc          ] GC(134) Pause Cleanup 117M->117M(256M) 0.065ms
[2021-05-11T04:12:42.761+0000][8][gc,cpu      ] GC(134) User=0.00s Sys=0.00s Real=0.00s
[2021-05-11T04:12:42.761+0000][8][safepoint   ] Safepoint "G1Concurrent", Time since last: 55804587 ns, Reaching safepoint: 70483 ns, At safepoint: 113837 ns, Total: 184320 ns
[2021-05-11T04:12:42.761+0000][8][gc,marking  ] GC(134) Concurrent Cleanup for Next Mark
[2021-05-11T04:12:42.761+0000][8][gc,marking  ] GC(134) Concurrent Cleanup for Next Mark 0.135ms
[2021-05-11T04:12:42.761+0000][8][gc          ] GC(134) Concurrent Cycle 147.827ms
[2021-05-11T04:12:50.761+0000][8][safepoint   ] Safepoint "Cleanup", Time since last: 8000543088 ns, Reaching safepoint: 77007 ns, At safepoint: 4044 ns, Total: 81051 ns
[2021-05-11T04:12:57.762+0000][8][safepoint   ] Safepoint "Cleanup", Time since last: 7000593102 ns, Reaching safepoint: 74916 ns, At safepoint: 4724 ns, Total: 79640 ns
[2021-05-11T04:13:20.764+0000][8][safepoint   ] Safepoint "Cleanup", Time since last: 23001805866 ns, Reaching safepoint: 75877 ns, At safepoint: 5231 ns, Total: 81108 ns
[2021-05-11T04:13:53.768+0000][8][safepoint   ] Safepoint "Cleanup", Time since last: 33003884091 ns, Reaching safepoint: 81029 ns, At safepoint: 5625 ns, Total: 86654 ns
[2021-05-11T04:13:55.769+0000][8][safepoint   ] Safepoint "Cleanup", Time since last: 2000550050 ns, Reaching safepoint: 70324 ns, At safepoint: 4351 ns, Total: 74675 ns
[2021-05-11T04:14:22.648+0000][8][gc,start    ] GC(135) Pause Young (Normal) (G1 Evacuation Pause)
[2021-05-11T04:14:22.648+0000][8][gc,task     ] GC(135) Using 6 workers of 8 for evacuation
[2021-05-11T04:14:22.648+0000][8][gc,age      ] GC(135) Desired survivor size 6291456 bytes, new threshold 15 (max threshold 15)
[2021-05-11T04:14:22.649+0000][8][gc,age      ] GC(135) Age table with threshold 15 (max threshold 15)
[2021-05-11T04:14:22.649+0000][8][gc,age      ] GC(135) - age   1:     787080 bytes,     787080 total
[2021-05-11T04:14:22.649+0000][8][gc,age      ] GC(135) - age   2:        888 bytes,     787968 total
[2021-05-11T04:14:22.649+0000][8][gc,age      ] GC(135) - age   3:        632 bytes,     788600 total
[2021-05-11T04:14:22.649+0000][8][gc,age      ] GC(135) - age   4:        912 bytes,     789512 total
[2021-05-11T04:14:22.649+0000][8][gc,age      ] GC(135) - age   5:        496 bytes,     790008 total
[2021-05-11T04:14:22.649+0000][8][gc,age      ] GC(135) - age   6:       5152 bytes,     795160 total
[2021-05-11T04:14:22.649+0000][8][gc,age      ] GC(135) - age   7:       1056 bytes,     796216 total
[2021-05-11T04:14:22.649+0000][8][gc,age      ] GC(135) - age   8:       1928 bytes,     798144 total
[2021-05-11T04:14:22.649+0000][8][gc,age      ] GC(135) - age   9:         80 bytes,     798224 total
[2021-05-11T04:14:22.649+0000][8][gc,age      ] GC(135) - age  11:       1032 bytes,     799256 total
[2021-05-11T04:14:22.649+0000][8][gc,age      ] GC(135) - age  13:        296 bytes,     799552 total
[2021-05-11T04:14:22.649+0000][8][gc,age      ] GC(135) - age  14:       4224 bytes,     803776 total
[2021-05-11T04:14:22.649+0000][8][gc,age      ] GC(135) - age  15:     392896 bytes,    1196672 total
[2021-05-11T04:14:22.649+0000][8][gc,phases   ] GC(135)   Pre Evacuate Collection Set: 0.0ms
[2021-05-11T04:14:22.649+0000][8][gc,phases   ] GC(135)   Merge Heap Roots: 0.0ms
[2021-05-11T04:14:22.649+0000][8][gc,phases   ] GC(135)   Evacuate Collection Set: 0.9ms
[2021-05-11T04:14:22.649+0000][8][gc,phases   ] GC(135)   Post Evacuate Collection Set: 0.4ms
[2021-05-11T04:14:22.649+0000][8][gc,phases   ] GC(135)   Other: 0.2ms
[2021-05-11T04:14:22.649+0000][8][gc,heap     ] GC(135) Eden regions: 22->0(22)
[2021-05-11T04:14:22.649+0000][8][gc,heap     ] GC(135) Survivor regions: 1->1(3)
[2021-05-11T04:14:22.649+0000][8][gc,heap     ] GC(135) Old regions: 26->26
[2021-05-11T04:14:22.649+0000][8][gc,heap     ] GC(135) Archive regions: 2->2
[2021-05-11T04:14:22.649+0000][8][gc,heap     ] GC(135) Humongous regions: 2->2
[2021-05-11T04:14:22.649+0000][8][gc,metaspace] GC(135) Metaspace: 108111K(112752K)->108111K(112752K) NonClass: 94218K(97520K)->94218K(97520K) Class: 13893K(15232K)->13893K(15232K)
[2021-05-11T04:14:22.649+0000][8][gc          ] GC(135) Pause Young (Normal) (G1 Evacuation Pause) 204M->116M(256M) 1.595ms
[2021-05-11T04:14:22.649+0000][8][gc,cpu      ] GC(135) User=0.01s Sys=0.00s Real=0.00s
[2021-05-11T04:14:22.649+0000][8][safepoint   ] Safepoint "G1CollectForAllocation", Time since last: 26878929344 ns, Reaching safepoint: 92091 ns, At safepoint: 1658856 ns, Total: 1750947 ns
[2021-05-11T04:14:25.650+0000][8][safepoint   ] Safepoint "Cleanup", Time since last: 3000699205 ns, Reaching safepoint: 99428 ns, At safepoint: 5039 ns, Total: 104467 ns
[2021-05-11T04:15:27.656+0000][8][safepoint   ] Safepoint "Cleanup", Time since last: 62005795203 ns, Reaching safepoint: 85545 ns, At safepoint: 5977 ns, Total: 91522 ns
[2021-05-11T04:16:27.661+0000][8][safepoint   ] Safepoint "Cleanup", Time since last: 60005400426 ns, Reaching safepoint: 70572 ns, At safepoint: 4584 ns, Total: 75156 ns
[2021-05-11T04:16:42.701+0000][8][gc,start    ] GC(136) Pause Young (Concurrent Start) (G1 Evacuation Pause)
[2021-05-11T04:16:42.701+0000][8][gc,task     ] GC(136) Using 6 workers of 8 for evacuation
[2021-05-11T04:16:42.701+0000][8][gc,age      ] GC(136) Desired survivor size 6291456 bytes, new threshold 15 (max threshold 15)
[2021-05-11T04:16:42.703+0000][8][gc,age      ] GC(136) Age table with threshold 15 (max threshold 15)
[2021-05-11T04:16:42.703+0000][8][gc,age      ] GC(136) - age   1:     509120 bytes,     509120 total
[2021-05-11T04:16:42.703+0000][8][gc,age      ] GC(136) - age   2:     275760 bytes,     784880 total
[2021-05-11T04:16:42.703+0000][8][gc,age      ] GC(136) - age   3:        864 bytes,     785744 total
[2021-05-11T04:16:42.703+0000][8][gc,age      ] GC(136) - age   4:        632 bytes,     786376 total
[2021-05-11T04:16:42.703+0000][8][gc,age      ] GC(136) - age   5:        912 bytes,     787288 total
[2021-05-11T04:16:42.703+0000][8][gc,age      ] GC(136) - age   6:        496 bytes,     787784 total
[2021-05-11T04:16:42.703+0000][8][gc,age      ] GC(136) - age   7:       5152 bytes,     792936 total
[2021-05-11T04:16:42.703+0000][8][gc,age      ] GC(136) - age   8:       1056 bytes,     793992 total
[2021-05-11T04:16:42.703+0000][8][gc,age      ] GC(136) - age   9:       1928 bytes,     795920 total
[2021-05-11T04:16:42.703+0000][8][gc,age      ] GC(136) - age  10:         80 bytes,     796000 total
[2021-05-11T04:16:42.703+0000][8][gc,age      ] GC(136) - age  12:       1032 bytes,     797032 total
[2021-05-11T04:16:42.703+0000][8][gc,age      ] GC(136) - age  14:        296 bytes,     797328 total
[2021-05-11T04:16:42.703+0000][8][gc,age      ] GC(136) - age  15:       4224 bytes,     801552 total
[2021-05-11T04:16:42.703+0000][8][gc,phases   ] GC(136)   Pre Evacuate Collection Set: 0.1ms
[2021-05-11T04:16:42.703+0000][8][gc,phases   ] GC(136)   Merge Heap Roots: 0.0ms
[2021-05-11T04:16:42.703+0000][8][gc,phases   ] GC(136)   Evacuate Collection Set: 1.1ms
[2021-05-11T04:16:42.703+0000][8][gc,phases   ] GC(136)   Post Evacuate Collection Set: 0.3ms
[2021-05-11T04:16:42.703+0000][8][gc,phases   ] GC(136)   Other: 0.2ms
[2021-05-11T04:16:42.703+0000][8][gc,heap     ] GC(136) Eden regions: 22->0(21)
[2021-05-11T04:16:42.703+0000][8][gc,heap     ] GC(136) Survivor regions: 1->1(3)
[2021-05-11T04:16:42.703+0000][8][gc,heap     ] GC(136) Old regions: 26->27
[2021-05-11T04:16:42.703+0000][8][gc,heap     ] GC(136) Archive regions: 2->2
[2021-05-11T04:16:42.703+0000][8][gc,heap     ] GC(136) Humongous regions: 2->2
[2021-05-11T04:16:42.703+0000][8][gc,metaspace] GC(136) Metaspace: 108113K(112752K)->108113K(112752K) NonClass: 94220K(97520K)->94220K(97520K) Class: 13893K(15232K)->13893K(15232K)
[2021-05-11T04:16:42.703+0000][8][gc          ] GC(136) Pause Young (Concurrent Start) (G1 Evacuation Pause) 204M->116M(256M) 1.830ms
[2021-05-11T04:16:42.703+0000][8][gc,cpu      ] GC(136) User=0.00s Sys=0.00s Real=0.00s
[2021-05-11T04:16:42.703+0000][8][safepoint   ] Safepoint "G1CollectForAllocation", Time since last: 15039688665 ns, Reaching safepoint: 111817 ns, At safepoint: 1897358 ns, Total: 2009175 ns
[2021-05-11T04:16:42.703+0000][8][gc          ] GC(137) Concurrent Cycle
[2021-05-11T04:16:42.703+0000][8][gc,marking  ] GC(137) Concurrent Clear Claimed Marks
[2021-05-11T04:16:42.703+0000][8][gc,marking  ] GC(137) Concurrent Clear Claimed Marks 0.062ms
[2021-05-11T04:16:42.703+0000][8][gc,marking  ] GC(137) Concurrent Scan Root Regions
[2021-05-11T04:16:42.705+0000][8][gc,marking  ] GC(137) Concurrent Scan Root Regions 1.582ms
[2021-05-11T04:16:42.705+0000][8][gc,marking  ] GC(137) Concurrent Mark (8650.319s)
[2021-05-11T04:16:42.705+0000][8][gc,marking  ] GC(137) Concurrent Mark From Roots
[2021-05-11T04:16:42.705+0000][8][gc,task     ] GC(137) Using 2 workers of 2 for marking
[2021-05-11T04:16:42.789+0000][8][gc,marking  ] GC(137) Concurrent Mark From Roots 84.231ms
[2021-05-11T04:16:42.789+0000][8][gc,marking  ] GC(137) Concurrent Preclean
[2021-05-11T04:16:42.789+0000][8][gc,marking  ] GC(137) Concurrent Preclean 0.239ms
[2021-05-11T04:16:42.789+0000][8][gc,marking  ] GC(137) Concurrent Mark (8650.319s, 8650.404s) 84.515ms
[2021-05-11T04:16:42.789+0000][8][gc,start    ] GC(137) Pause Remark
[2021-05-11T04:16:42.795+0000][8][gc          ] GC(137) Pause Remark 117M->117M(256M) 5.524ms
[2021-05-11T04:16:42.795+0000][8][gc,cpu      ] GC(137) User=0.03s Sys=0.00s Real=0.01s
[2021-05-11T04:16:42.795+0000][8][safepoint   ] Safepoint "G1Concurrent", Time since last: 86231445 ns, Reaching safepoint: 74826 ns, At safepoint: 5602219 ns, Total: 5677045 ns
[2021-05-11T04:16:42.795+0000][8][gc,marking  ] GC(137) Concurrent Rebuild Remembered Sets
[2021-05-11T04:16:42.851+0000][8][gc,marking  ] GC(137) Concurrent Rebuild Remembered Sets 55.851ms
[2021-05-11T04:16:42.851+0000][8][gc,start    ] GC(137) Pause Cleanup
[2021-05-11T04:16:42.851+0000][8][gc          ] GC(137) Pause Cleanup 117M->117M(256M) 0.084ms
[2021-05-11T04:16:42.851+0000][8][gc,cpu      ] GC(137) User=0.01s Sys=0.00s Real=0.00s
[2021-05-11T04:16:42.851+0000][8][safepoint   ] Safepoint "G1Concurrent", Time since last: 55919624 ns, Reaching safepoint: 122093 ns, At safepoint: 146244 ns, Total: 268337 ns
[2021-05-11T04:16:42.851+0000][8][gc,marking  ] GC(137) Concurrent Cleanup for Next Mark
[2021-05-11T04:16:42.851+0000][8][gc,marking  ] GC(137) Concurrent Cleanup for Next Mark 0.172ms
[2021-05-11T04:16:42.851+0000][8][gc          ] GC(137) Concurrent Cycle 148.347ms
[2021-05-11T04:16:53.852+0000][8][safepoint   ] Safepoint "Cleanup", Time since last: 11001092127 ns, Reaching safepoint: 78668 ns, At safepoint: 5766 ns, Total: 84434 ns
[2021-05-11T04:18:47.749+0000][8][gc,start    ] GC(138) Pause Young (Normal) (G1 Evacuation Pause)
[2021-05-11T04:18:47.749+0000][8][gc,task     ] GC(138) Using 6 workers of 8 for evacuation
[2021-05-11T04:18:47.749+0000][8][gc,age      ] GC(138) Desired survivor size 6291456 bytes, new threshold 15 (max threshold 15)
[2021-05-11T04:18:47.751+0000][8][gc,age      ] GC(138) Age table with threshold 15 (max threshold 15)
[2021-05-11T04:18:47.751+0000][8][gc,age      ] GC(138) - age   1:     531248 bytes,     531248 total
[2021-05-11T04:18:47.751+0000][8][gc,age      ] GC(138) - age   2:        776 bytes,     532024 total
[2021-05-11T04:18:47.751+0000][8][gc,age      ] GC(138) - age   3:     154592 bytes,     686616 total
[2021-05-11T04:18:47.751+0000][8][gc,age      ] GC(138) - age   4:        664 bytes,     687280 total
[2021-05-11T04:18:47.751+0000][8][gc,age      ] GC(138) - age   5:        608 bytes,     687888 total
[2021-05-11T04:18:47.751+0000][8][gc,age      ] GC(138) - age   6:        912 bytes,     688800 total
[2021-05-11T04:18:47.751+0000][8][gc,age      ] GC(138) - age   7:        496 bytes,     689296 total
[2021-05-11T04:18:47.751+0000][8][gc,age      ] GC(138) - age   8:       5152 bytes,     694448 total
[2021-05-11T04:18:47.751+0000][8][gc,age      ] GC(138) - age   9:       1056 bytes,     695504 total
[2021-05-11T04:18:47.751+0000][8][gc,age      ] GC(138) - age  10:       1928 bytes,     697432 total
[2021-05-11T04:18:47.751+0000][8][gc,age      ] GC(138) - age  11:         80 bytes,     697512 total
[2021-05-11T04:18:47.751+0000][8][gc,age      ] GC(138) - age  13:       1032 bytes,     698544 total
[2021-05-11T04:18:47.751+0000][8][gc,age      ] GC(138) - age  15:        296 bytes,     698840 total
[2021-05-11T04:18:47.751+0000][8][gc,phases   ] GC(138)   Pre Evacuate Collection Set: 0.1ms
[2021-05-11T04:18:47.751+0000][8][gc,phases   ] GC(138)   Merge Heap Roots: 0.0ms
[2021-05-11T04:18:47.751+0000][8][gc,phases   ] GC(138)   Evacuate Collection Set: 0.9ms
[2021-05-11T04:18:47.751+0000][8][gc,phases   ] GC(138)   Post Evacuate Collection Set: 0.6ms
[2021-05-11T04:18:47.751+0000][8][gc,phases   ] GC(138)   Other: 0.2ms
[2021-05-11T04:18:47.751+0000][8][gc,heap     ] GC(138) Eden regions: 21->0(21)
[2021-05-11T04:18:47.751+0000][8][gc,heap     ] GC(138) Survivor regions: 1->1(3)
[2021-05-11T04:18:47.751+0000][8][gc,heap     ] GC(138) Old regions: 27->27
[2021-05-11T04:18:47.751+0000][8][gc,heap     ] GC(138) Archive regions: 2->2
[2021-05-11T04:18:47.751+0000][8][gc,heap     ] GC(138) Humongous regions: 2->2
[2021-05-11T04:18:47.751+0000][8][gc,metaspace] GC(138) Metaspace: 108120K(112752K)->108120K(112752K) NonClass: 94226K(97520K)->94226K(97520K) Class: 13893K(15232K)->13893K(15232K)
[2021-05-11T04:18:47.751+0000][8][gc          ] GC(138) Pause Young (Normal) (G1 Evacuation Pause) 200M->116M(256M) 1.947ms
[2021-05-11T04:18:47.751+0000][8][gc,cpu      ] GC(138) User=0.00s Sys=0.00s Real=0.00s
[2021-05-11T04:18:47.751+0000][8][safepoint   ] Safepoint "G1CollectForAllocation", Time since last: 113896815331 ns, Reaching safepoint: 173458 ns, At safepoint: 2032776 ns, Total: 2206234 ns
[2021-05-11T04:19:45.756+0000][8][safepoint   ] Safepoint "Cleanup", Time since last: 58004748541 ns, Reaching safepoint: 82435 ns, At safepoint: 5100 ns, Total: 87535 ns
[2021-05-11T04:19:48.757+0000][8][safepoint   ] Safepoint "Cleanup", Time since last: 3000282843 ns, Reaching safepoint: 75783 ns, At safepoint: 6674 ns, Total: 82457 ns
[2021-05-11T04:20:20.761+0000][8][safepoint   ] Safepoint "Cleanup", Time since last: 32003891096 ns, Reaching safepoint: 82712 ns, At safepoint: 4172 ns, Total: 86884 ns
[2021-05-11T04:20:57.134+0000][8][gc,start    ] GC(139) Pause Young (Concurrent Start) (G1 Evacuation Pause)
[2021-05-11T04:20:57.134+0000][8][gc,task     ] GC(139) Using 6 workers of 8 for evacuation
[2021-05-11T04:20:57.134+0000][8][gc,age      ] GC(139) Desired survivor size 6291456 bytes, new threshold 15 (max threshold 15)
[2021-05-11T04:20:57.136+0000][8][gc,age      ] GC(139) Age table with threshold 15 (max threshold 15)
[2021-05-11T04:20:57.136+0000][8][gc,age      ] GC(139) - age   1:     556320 bytes,     556320 total
[2021-05-11T04:20:57.136+0000][8][gc,age      ] GC(139) - age   2:       7488 bytes,     563808 total
[2021-05-11T04:20:57.136+0000][8][gc,age      ] GC(139) - age   3:        744 bytes,     564552 total
[2021-05-11T04:20:57.136+0000][8][gc,age      ] GC(139) - age   4:     154352 bytes,     718904 total
[2021-05-11T04:20:57.136+0000][8][gc,age      ] GC(139) - age   5:        664 bytes,     719568 total
[2021-05-11T04:20:57.136+0000][8][gc,age      ] GC(139) - age   6:        448 bytes,     720016 total
[2021-05-11T04:20:57.136+0000][8][gc,age      ] GC(139) - age   7:        912 bytes,     720928 total
[2021-05-11T04:20:57.136+0000][8][gc,age      ] GC(139) - age   8:        496 bytes,     721424 total
[2021-05-11T04:20:57.136+0000][8][gc,age      ] GC(139) - age   9:       5152 bytes,     726576 total
[2021-05-11T04:20:57.136+0000][8][gc,age      ] GC(139) - age  10:        936 bytes,     727512 total
[2021-05-11T04:20:57.136+0000][8][gc,age      ] GC(139) - age  11:       1888 bytes,     729400 total
[2021-05-11T04:20:57.136+0000][8][gc,age      ] GC(139) - age  12:         80 bytes,     729480 total
[2021-05-11T04:20:57.136+0000][8][gc,age      ] GC(139) - age  14:       1032 bytes,     730512 total
[2021-05-11T04:20:57.136+0000][8][gc,phases   ] GC(139)   Pre Evacuate Collection Set: 0.1ms
[2021-05-11T04:20:57.136+0000][8][gc,phases   ] GC(139)   Merge Heap Roots: 0.0ms
[2021-05-11T04:20:57.136+0000][8][gc,phases   ] GC(139)   Evacuate Collection Set: 1.0ms
[2021-05-11T04:20:57.136+0000][8][gc,phases   ] GC(139)   Post Evacuate Collection Set: 0.3ms
[2021-05-11T04:20:57.136+0000][8][gc,phases   ] GC(139)   Other: 0.2ms
[2021-05-11T04:20:57.136+0000][8][gc,heap     ] GC(139) Eden regions: 21->0(21)
[2021-05-11T04:20:57.136+0000][8][gc,heap     ] GC(139) Survivor regions: 1->1(3)
[2021-05-11T04:20:57.136+0000][8][gc,heap     ] GC(139) Old regions: 27->27
[2021-05-11T04:20:57.136+0000][8][gc,heap     ] GC(139) Archive regions: 2->2
[2021-05-11T04:20:57.136+0000][8][gc,heap     ] GC(139) Humongous regions: 2->2
[2021-05-11T04:20:57.136+0000][8][gc,metaspace] GC(139) Metaspace: 108120K(112752K)->108120K(112752K) NonClass: 94226K(97520K)->94226K(97520K) Class: 13893K(15232K)->13893K(15232K)
[2021-05-11T04:20:57.136+0000][8][gc          ] GC(139) Pause Young (Concurrent Start) (G1 Evacuation Pause) 200M->116M(256M) 1.736ms
[2021-05-11T04:20:57.136+0000][8][gc,cpu      ] GC(139) User=0.01s Sys=0.00s Real=0.00s
[2021-05-11T04:20:57.136+0000][8][gc          ] GC(140) Concurrent Cycle
[2021-05-11T04:20:57.136+0000][8][safepoint   ] Safepoint "G1CollectForAllocation", Time since last: 36373517146 ns, Reaching safepoint: 139862 ns, At safepoint: 1813302 ns, Total: 1953164 ns
[2021-05-11T04:20:57.136+0000][8][gc,marking  ] GC(140) Concurrent Clear Claimed Marks
[2021-05-11T04:20:57.136+0000][8][gc,marking  ] GC(140) Concurrent Clear Claimed Marks 0.108ms
[2021-05-11T04:20:57.136+0000][8][gc,marking  ] GC(140) Concurrent Scan Root Regions
[2021-05-11T04:20:57.138+0000][8][gc,marking  ] GC(140) Concurrent Scan Root Regions 2.036ms
[2021-05-11T04:20:57.138+0000][8][gc,marking  ] GC(140) Concurrent Mark (8904.753s)
[2021-05-11T04:20:57.138+0000][8][gc,marking  ] GC(140) Concurrent Mark From Roots
[2021-05-11T04:20:57.138+0000][8][gc,task     ] GC(140) Using 2 workers of 2 for marking
[2021-05-11T04:20:57.234+0000][8][gc,marking  ] GC(140) Concurrent Mark From Roots 95.977ms
[2021-05-11T04:20:57.234+0000][8][gc,marking  ] GC(140) Concurrent Preclean
[2021-05-11T04:20:57.234+0000][8][gc,marking  ] GC(140) Concurrent Preclean 0.212ms
[2021-05-11T04:20:57.234+0000][8][gc,marking  ] GC(140) Concurrent Mark (8904.753s, 8904.849s) 96.234ms
[2021-05-11T04:20:57.235+0000][8][gc,start    ] GC(140) Pause Remark
[2021-05-11T04:20:57.240+0000][8][gc          ] GC(140) Pause Remark 119M->119M(256M) 5.248ms
[2021-05-11T04:20:57.240+0000][8][gc,cpu      ] GC(140) User=0.03s Sys=0.00s Real=0.00s
[2021-05-11T04:20:57.240+0000][8][safepoint   ] Safepoint "G1Concurrent", Time since last: 98455466 ns, Reaching safepoint: 68049 ns, At safepoint: 5330670 ns, Total: 5398719 ns
[2021-05-11T04:20:57.240+0000][8][gc,marking  ] GC(140) Concurrent Rebuild Remembered Sets
[2021-05-11T04:20:57.296+0000][8][gc,marking  ] GC(140) Concurrent Rebuild Remembered Sets 55.752ms
[2021-05-11T04:20:57.296+0000][8][gc,start    ] GC(140) Pause Cleanup
[2021-05-11T04:20:57.296+0000][8][gc          ] GC(140) Pause Cleanup 119M->119M(256M) 0.063ms
[2021-05-11T04:20:57.296+0000][8][gc,cpu      ] GC(140) User=0.00s Sys=0.00s Real=0.00s
[2021-05-11T04:20:57.296+0000][8][safepoint   ] Safepoint "G1Concurrent", Time since last: 55865690 ns, Reaching safepoint: 127837 ns, At safepoint: 102572 ns, Total: 230409 ns
[2021-05-11T04:20:57.296+0000][8][gc,marking  ] GC(140) Concurrent Cleanup for Next Mark
[2021-05-11T04:20:57.296+0000][8][gc,marking  ] GC(140) Concurrent Cleanup for Next Mark 0.137ms
[2021-05-11T04:20:57.296+0000][8][gc          ] GC(140) Concurrent Cycle 160.185ms
[2021-05-11T04:22:13.303+0000][8][safepoint   ] Safepoint "Cleanup", Time since last: 76006797794 ns, Reaching safepoint: 79755 ns, At safepoint: 4685 ns, Total: 84440 ns
[2021-05-11T04:22:20.304+0000][8][safepoint   ] Safepoint "Cleanup", Time since last: 7000836468 ns, Reaching safepoint: 74762 ns, At safepoint: 4701 ns, Total: 79463 ns
[2021-05-11T04:22:50.182+0000][8][gc,start    ] GC(141) Pause Young (Normal) (G1 Evacuation Pause)
[2021-05-11T04:22:50.182+0000][8][gc,task     ] GC(141) Using 6 workers of 8 for evacuation
[2021-05-11T04:22:50.182+0000][8][gc,age      ] GC(141) Desired survivor size 6291456 bytes, new threshold 15 (max threshold 15)
[2021-05-11T04:22:50.183+0000][8][gc,age      ] GC(141) Age table with threshold 15 (max threshold 15)
[2021-05-11T04:22:50.183+0000][8][gc,age      ] GC(141) - age   1:     833904 bytes,     833904 total
[2021-05-11T04:22:50.183+0000][8][gc,age      ] GC(141) - age   2:       2560 bytes,     836464 total
[2021-05-11T04:22:50.183+0000][8][gc,age      ] GC(141) - age   3:       4488 bytes,     840952 total
[2021-05-11T04:22:50.183+0000][8][gc,age      ] GC(141) - age   4:        744 bytes,     841696 total
[2021-05-11T04:22:50.183+0000][8][gc,age      ] GC(141) - age   5:      14848 bytes,     856544 total
[2021-05-11T04:22:50.183+0000][8][gc,age      ] GC(141) - age   6:        664 bytes,     857208 total
[2021-05-11T04:22:50.183+0000][8][gc,age      ] GC(141) - age   7:        424 bytes,     857632 total
[2021-05-11T04:22:50.183+0000][8][gc,age      ] GC(141) - age   8:        704 bytes,     858336 total
[2021-05-11T04:22:50.183+0000][8][gc,age      ] GC(141) - age   9:        496 bytes,     858832 total
[2021-05-11T04:22:50.183+0000][8][gc,age      ] GC(141) - age  10:       3024 bytes,     861856 total
[2021-05-11T04:22:50.183+0000][8][gc,age      ] GC(141) - age  11:        912 bytes,     862768 total
[2021-05-11T04:22:50.183+0000][8][gc,age      ] GC(141) - age  12:       1888 bytes,     864656 total
[2021-05-11T04:22:50.183+0000][8][gc,age      ] GC(141) - age  13:         80 bytes,     864736 total
[2021-05-11T04:22:50.183+0000][8][gc,age      ] GC(141) - age  15:       1032 bytes,     865768 total
[2021-05-11T04:22:50.183+0000][8][gc,phases   ] GC(141)   Pre Evacuate Collection Set: 0.0ms
[2021-05-11T04:22:50.183+0000][8][gc,phases   ] GC(141)   Merge Heap Roots: 0.0ms
[2021-05-11T04:22:50.183+0000][8][gc,phases   ] GC(141)   Evacuate Collection Set: 0.9ms
[2021-05-11T04:22:50.183+0000][8][gc,phases   ] GC(141)   Post Evacuate Collection Set: 0.4ms
[2021-05-11T04:22:50.183+0000][8][gc,phases   ] GC(141)   Other: 0.2ms
[2021-05-11T04:22:50.183+0000][8][gc,heap     ] GC(141) Eden regions: 21->0(21)
[2021-05-11T04:22:50.183+0000][8][gc,heap     ] GC(141) Survivor regions: 1->1(3)
[2021-05-11T04:22:50.183+0000][8][gc,heap     ] GC(141) Old regions: 27->27
[2021-05-11T04:22:50.183+0000][8][gc,heap     ] GC(141) Archive regions: 2->2
[2021-05-11T04:22:50.183+0000][8][gc,heap     ] GC(141) Humongous regions: 2->2
[2021-05-11T04:22:50.183+0000][8][gc,metaspace] GC(141) Metaspace: 108149K(112752K)->108149K(112752K) NonClass: 94256K(97520K)->94256K(97520K) Class: 13893K(15232K)->13893K(15232K)
[2021-05-11T04:22:50.183+0000][8][gc          ] GC(141) Pause Young (Normal) (G1 Evacuation Pause) 200M->117M(256M) 1.675ms
[2021-05-11T04:22:50.183+0000][8][gc,cpu      ] GC(141) User=0.00s Sys=0.00s Real=0.00s
[2021-05-11T04:22:50.183+0000][8][safepoint   ] Safepoint "G1CollectForAllocation", Time since last: 29877590164 ns, Reaching safepoint: 146362 ns, At safepoint: 1745928 ns, Total: 1892290 ns
[2021-05-11T04:22:51.183+0000][8][safepoint   ] Safepoint "Cleanup", Time since last: 1000084614 ns, Reaching safepoint: 73247 ns, At safepoint: 3655 ns, Total: 76902 ns
[2021-05-11T04:23:20.186+0000][8][safepoint   ] Safepoint "Cleanup", Time since last: 29002459537 ns, Reaching safepoint: 81502 ns, At safepoint: 4688 ns, Total: 86190 ns
[2021-05-11T04:24:43.811+0000][8][gc,start    ] GC(142) Pause Young (Concurrent Start) (G1 Evacuation Pause)
[2021-05-11T04:24:43.811+0000][8][gc,task     ] GC(142) Using 6 workers of 8 for evacuation
[2021-05-11T04:24:43.811+0000][8][gc,age      ] GC(142) Desired survivor size 6291456 bytes, new threshold 15 (max threshold 15)
[2021-05-11T04:24:43.812+0000][8][gc,age      ] GC(142) Age table with threshold 15 (max threshold 15)
[2021-05-11T04:24:43.812+0000][8][gc,age      ] GC(142) - age   1:     593176 bytes,     593176 total
[2021-05-11T04:24:43.812+0000][8][gc,age      ] GC(142) - age   2:     239272 bytes,     832448 total
[2021-05-11T04:24:43.812+0000][8][gc,age      ] GC(142) - age   3:       2048 bytes,     834496 total
[2021-05-11T04:24:43.812+0000][8][gc,age      ] GC(142) - age   4:       4408 bytes,     838904 total
[2021-05-11T04:24:43.812+0000][8][gc,age      ] GC(142) - age   5:        744 bytes,     839648 total
[2021-05-11T04:24:43.812+0000][8][gc,age      ] GC(142) - age   6:       2008 bytes,     841656 total
[2021-05-11T04:24:43.812+0000][8][gc,age      ] GC(142) - age   7:        400 bytes,     842056 total
[2021-05-11T04:24:43.812+0000][8][gc,age      ] GC(142) - age   8:        424 bytes,     842480 total
[2021-05-11T04:24:43.812+0000][8][gc,age      ] GC(142) - age   9:        704 bytes,     843184 total
[2021-05-11T04:24:43.812+0000][8][gc,age      ] GC(142) - age  10:        496 bytes,     843680 total
[2021-05-11T04:24:43.812+0000][8][gc,age      ] GC(142) - age  11:        464 bytes,     844144 total
[2021-05-11T04:24:43.812+0000][8][gc,age      ] GC(142) - age  12:        912 bytes,     845056 total
[2021-05-11T04:24:43.812+0000][8][gc,age      ] GC(142) - age  13:       1888 bytes,     846944 total
[2021-05-11T04:24:43.812+0000][8][gc,age      ] GC(142) - age  14:         80 bytes,     847024 total
[2021-05-11T04:24:43.812+0000][8][gc,phases   ] GC(142)   Pre Evacuate Collection Set: 0.1ms
[2021-05-11T04:24:43.812+0000][8][gc,phases   ] GC(142)   Merge Heap Roots: 0.0ms
[2021-05-11T04:24:43.812+0000][8][gc,phases   ] GC(142)   Evacuate Collection Set: 1.0ms
[2021-05-11T04:24:43.813+0000][8][gc,phases   ] GC(142)   Post Evacuate Collection Set: 0.5ms
[2021-05-11T04:24:43.813+0000][8][gc,phases   ] GC(142)   Other: 0.2ms
[2021-05-11T04:24:43.813+0000][8][gc,heap     ] GC(142) Eden regions: 21->0(21)
[2021-05-11T04:24:43.813+0000][8][gc,heap     ] GC(142) Survivor regions: 1->1(3)
[2021-05-11T04:24:43.813+0000][8][gc,heap     ] GC(142) Old regions: 27->27
[2021-05-11T04:24:43.813+0000][8][gc,heap     ] GC(142) Archive regions: 2->2
[2021-05-11T04:24:43.813+0000][8][gc,heap     ] GC(142) Humongous regions: 2->2
[2021-05-11T04:24:43.813+0000][8][gc,metaspace] GC(142) Metaspace: 108155K(112752K)->108155K(112752K) NonClass: 94261K(97520K)->94261K(97520K) Class: 13893K(15232K)->13893K(15232K)
[2021-05-11T04:24:43.813+0000][8][gc          ] GC(142) Pause Young (Concurrent Start) (G1 Evacuation Pause) 201M->117M(256M) 2.000ms
[2021-05-11T04:24:43.813+0000][8][gc,cpu      ] GC(142) User=0.01s Sys=0.00s Real=0.00s
[2021-05-11T04:24:43.813+0000][8][safepoint   ] Safepoint "G1CollectForAllocation", Time since last: 83624465157 ns, Reaching safepoint: 69994 ns, At safepoint: 2085630 ns, Total: 2155624 ns
[2021-05-11T04:24:43.813+0000][8][gc          ] GC(143) Concurrent Cycle
[2021-05-11T04:24:43.813+0000][8][gc,marking  ] GC(143) Concurrent Clear Claimed Marks
[2021-05-11T04:24:43.813+0000][8][gc,marking  ] GC(143) Concurrent Clear Claimed Marks 0.061ms
[2021-05-11T04:24:43.813+0000][8][gc,marking  ] GC(143) Concurrent Scan Root Regions
[2021-05-11T04:24:43.814+0000][8][gc,marking  ] GC(143) Concurrent Scan Root Regions 0.890ms
[2021-05-11T04:24:43.814+0000][8][gc,marking  ] GC(143) Concurrent Mark (9131.428s)
[2021-05-11T04:24:43.814+0000][8][gc,marking  ] GC(143) Concurrent Mark From Roots
[2021-05-11T04:24:43.814+0000][8][gc,task     ] GC(143) Using 2 workers of 2 for marking
[2021-05-11T04:24:43.898+0000][8][gc,marking  ] GC(143) Concurrent Mark From Roots 83.869ms
[2021-05-11T04:24:43.898+0000][8][gc,marking  ] GC(143) Concurrent Preclean
[2021-05-11T04:24:43.898+0000][8][gc,marking  ] GC(143) Concurrent Preclean 0.218ms
[2021-05-11T04:24:43.898+0000][8][gc,marking  ] GC(143) Concurrent Mark (9131.428s, 9131.512s) 84.134ms
[2021-05-11T04:24:43.898+0000][8][gc,start    ] GC(143) Pause Remark
[2021-05-11T04:24:43.904+0000][8][gc          ] GC(143) Pause Remark 117M->117M(256M) 5.642ms
[2021-05-11T04:24:43.904+0000][8][gc,cpu      ] GC(143) User=0.02s Sys=0.00s Real=0.01s
[2021-05-11T04:24:43.904+0000][8][safepoint   ] Safepoint "G1Concurrent", Time since last: 85176716 ns, Reaching safepoint: 148811 ns, At safepoint: 5708756 ns, Total: 5857567 ns
[2021-05-11T04:24:43.904+0000][8][gc,marking  ] GC(143) Concurrent Rebuild Remembered Sets
[2021-05-11T04:24:43.960+0000][8][gc,marking  ] GC(143) Concurrent Rebuild Remembered Sets 56.249ms
[2021-05-11T04:24:43.960+0000][8][gc,start    ] GC(143) Pause Cleanup
[2021-05-11T04:24:43.960+0000][8][gc          ] GC(143) Pause Cleanup 117M->117M(256M) 0.069ms
[2021-05-11T04:24:43.960+0000][8][gc,cpu      ] GC(143) User=0.00s Sys=0.00s Real=0.00s
[2021-05-11T04:24:43.960+0000][8][safepoint   ] Safepoint "G1Concurrent", Time since last: 56336799 ns, Reaching safepoint: 70827 ns, At safepoint: 108919 ns, Total: 179746 ns
[2021-05-11T04:24:43.960+0000][8][gc,marking  ] GC(143) Concurrent Cleanup for Next Mark
[2021-05-11T04:24:43.960+0000][8][gc,marking  ] GC(143) Concurrent Cleanup for Next Mark 0.108ms
[2021-05-11T04:24:43.960+0000][8][gc          ] GC(143) Concurrent Cycle 147.668ms
[2021-05-11T05:10:54.956+0000][8][gc,start    ] GC(144) Pause Young (Normal) (G1 Evacuation Pause)
[2021-05-11T05:10:54.956+0000][8][gc,task     ] GC(144) Using 6 workers of 8 for evacuation
[2021-05-11T05:10:54.956+0000][8][gc,age      ] GC(144) Desired survivor size 6291456 bytes, new threshold 15 (max threshold 15)
[2021-05-11T05:10:54.960+0000][8][gc,age      ] GC(144) Age table with threshold 15 (max threshold 15)
[2021-05-11T05:10:54.960+0000][8][gc,age      ] GC(144) - age   1:     385856 bytes,     385856 total
[2021-05-11T05:10:54.960+0000][8][gc,age      ] GC(144) - age   2:      66080 bytes,     451936 total
[2021-05-11T05:10:54.960+0000][8][gc,age      ] GC(144) - age   3:     207456 bytes,     659392 total
[2021-05-11T05:10:54.960+0000][8][gc,age      ] GC(144) - age   4:       2048 bytes,     661440 total
[2021-05-11T05:10:54.960+0000][8][gc,age      ] GC(144) - age   5:       4408 bytes,     665848 total
[2021-05-11T05:10:54.960+0000][8][gc,age      ] GC(144) - age   6:        744 bytes,     666592 total
[2021-05-11T05:10:54.960+0000][8][gc,age      ] GC(144) - age   7:       2008 bytes,     668600 total
[2021-05-11T05:10:54.960+0000][8][gc,age      ] GC(144) - age   8:        400 bytes,     669000 total
[2021-05-11T05:10:54.960+0000][8][gc,age      ] GC(144) - age   9:        400 bytes,     669400 total
[2021-05-11T05:10:54.960+0000][8][gc,age      ] GC(144) - age  10:        704 bytes,     670104 total
[2021-05-11T05:10:54.960+0000][8][gc,age      ] GC(144) - age  11:        496 bytes,     670600 total
[2021-05-11T05:10:54.960+0000][8][gc,age      ] GC(144) - age  12:        464 bytes,     671064 total
[2021-05-11T05:10:54.960+0000][8][gc,age      ] GC(144) - age  13:        912 bytes,     671976 total
[2021-05-11T05:10:54.960+0000][8][gc,age      ] GC(144) - age  14:       1888 bytes,     673864 total
[2021-05-11T05:10:54.960+0000][8][gc,age      ] GC(144) - age  15:         80 bytes,     673944 total
[2021-05-11T05:10:54.960+0000][8][gc,phases   ] GC(144)   Pre Evacuate Collection Set: 0.1ms
[2021-05-11T05:10:54.960+0000][8][gc,phases   ] GC(144)   Merge Heap Roots: 0.1ms
[2021-05-11T05:10:54.960+0000][8][gc,phases   ] GC(144)   Evacuate Collection Set: 2.2ms
[2021-05-11T05:10:54.960+0000][8][gc,phases   ] GC(144)   Post Evacuate Collection Set: 1.6ms
[2021-05-11T05:10:54.960+0000][8][gc,phases   ] GC(144)   Other: 0.4ms
[2021-05-11T05:10:54.960+0000][8][gc,heap     ] GC(144) Eden regions: 21->0(21)
[2021-05-11T05:10:54.960+0000][8][gc,heap     ] GC(144) Survivor regions: 1->1(3)
[2021-05-11T05:10:54.960+0000][8][gc,heap     ] GC(144) Old regions: 27->27
[2021-05-11T05:10:54.960+0000][8][gc,heap     ] GC(144) Archive regions: 2->2
[2021-05-11T05:10:54.960+0000][8][gc,heap     ] GC(144) Humongous regions: 2->2
[2021-05-11T05:10:54.960+0000][8][gc,metaspace] GC(144) Metaspace: 108158K(112752K)->108158K(112752K) NonClass: 94264K(97520K)->94264K(97520K) Class: 13893K(15232K)->13893K(15232K)
[2021-05-11T05:10:54.960+0000][8][gc          ] GC(144) Pause Young (Normal) (G1 Evacuation Pause) 201M->116M(256M) 4.360ms
[2021-05-11T05:10:54.960+0000][8][gc,cpu      ] GC(144) User=0.01s Sys=0.00s Real=0.00s
[2021-05-11T05:10:54.960+0000][8][safepoint   ] Safepoint "G1CollectForAllocation", Time since last: 133194924769 ns, Reaching safepoint: 95978 ns, At safepoint: 4449073 ns, Total: 4545051 ns
[2021-05-11T05:12:55.392+0000][8][gc,start    ] GC(145) Pause Young (Concurrent Start) (G1 Evacuation Pause)
[2021-05-11T05:12:55.392+0000][8][gc,task     ] GC(145) Using 6 workers of 8 for evacuation
[2021-05-11T05:12:55.392+0000][8][gc,age      ] GC(145) Desired survivor size 6291456 bytes, new threshold 15 (max threshold 15)
[2021-05-11T05:12:55.393+0000][8][gc,age      ] GC(145) Age table with threshold 15 (max threshold 15)
[2021-05-11T05:12:55.393+0000][8][gc,age      ] GC(145) - age   1:     608312 bytes,     608312 total
[2021-05-11T05:12:55.393+0000][8][gc,age      ] GC(145) - age   2:        600 bytes,     608912 total
[2021-05-11T05:12:55.393+0000][8][gc,age      ] GC(145) - age   3:      65256 bytes,     674168 total
[2021-05-11T05:12:55.393+0000][8][gc,age      ] GC(145) - age   4:     118264 bytes,     792432 total
[2021-05-11T05:12:55.393+0000][8][gc,age      ] GC(145) - age   5:       1768 bytes,     794200 total
[2021-05-11T05:12:55.393+0000][8][gc,age      ] GC(145) - age   6:       4408 bytes,     798608 total
[2021-05-11T05:12:55.394+0000][8][gc,age      ] GC(145) - age   7:        744 bytes,     799352 total
[2021-05-11T05:12:55.394+0000][8][gc,age      ] GC(145) - age   8:       1968 bytes,     801320 total
[2021-05-11T05:12:55.394+0000][8][gc,age      ] GC(145) - age   9:        400 bytes,     801720 total
[2021-05-11T05:12:55.394+0000][8][gc,age      ] GC(145) - age  10:        400 bytes,     802120 total
[2021-05-11T05:12:55.394+0000][8][gc,age      ] GC(145) - age  11:        704 bytes,     802824 total
[2021-05-11T05:12:55.394+0000][8][gc,age      ] GC(145) - age  12:        496 bytes,     803320 total
[2021-05-11T05:12:55.394+0000][8][gc,age      ] GC(145) - age  13:        464 bytes,     803784 total
[2021-05-11T05:12:55.394+0000][8][gc,age      ] GC(145) - age  14:        912 bytes,     804696 total
[2021-05-11T05:12:55.394+0000][8][gc,age      ] GC(145) - age  15:       1888 bytes,     806584 total
[2021-05-11T05:12:55.394+0000][8][gc,phases   ] GC(145)   Pre Evacuate Collection Set: 0.1ms
[2021-05-11T05:12:55.394+0000][8][gc,phases   ] GC(145)   Merge Heap Roots: 0.0ms
[2021-05-11T05:12:55.394+0000][8][gc,phases   ] GC(145)   Evacuate Collection Set: 0.9ms
[2021-05-11T05:12:55.394+0000][8][gc,phases   ] GC(145)   Post Evacuate Collection Set: 0.4ms
[2021-05-11T05:12:55.394+0000][8][gc,phases   ] GC(145)   Other: 0.2ms
[2021-05-11T05:12:55.394+0000][8][gc,heap     ] GC(145) Eden regions: 21->0(21)
[2021-05-11T05:12:55.394+0000][8][gc,heap     ] GC(145) Survivor regions: 1->1(3)
[2021-05-11T05:12:55.394+0000][8][gc,heap     ] GC(145) Old regions: 27->27
[2021-05-11T05:12:55.394+0000][8][gc,heap     ] GC(145) Archive regions: 2->2
[2021-05-11T05:12:55.394+0000][8][gc,heap     ] GC(145) Humongous regions: 2->2
[2021-05-11T05:12:55.394+0000][8][gc,metaspace] GC(145) Metaspace: 108158K(112752K)->108158K(112752K) NonClass: 94264K(97520K)->94264K(97520K) Class: 13893K(15232K)->13893K(15232K)
[2021-05-11T05:12:55.394+0000][8][gc          ] GC(145) Pause Young (Concurrent Start) (G1 Evacuation Pause) 200M->117M(256M) 1.821ms
[2021-05-11T05:12:55.394+0000][8][gc,cpu      ] GC(145) User=0.00s Sys=0.00s Real=0.00s
[2021-05-11T05:12:55.394+0000][8][gc          ] GC(146) Concurrent Cycle
[2021-05-11T05:12:55.394+0000][8][safepoint   ] Safepoint "G1CollectForAllocation", Time since last: 120002954904 ns, Reaching safepoint: 159708 ns, At safepoint: 1907044 ns, Total: 2066752 ns
[2021-05-11T05:12:55.394+0000][8][gc,marking  ] GC(146) Concurrent Clear Claimed Marks
[2021-05-11T05:12:55.394+0000][8][gc,marking  ] GC(146) Concurrent Clear Claimed Marks 0.077ms
[2021-05-11T05:12:55.394+0000][8][gc,marking  ] GC(146) Concurrent Scan Root Regions
[2021-05-11T05:12:55.395+0000][8][gc,marking  ] GC(146) Concurrent Scan Root Regions 1.477ms
[2021-05-11T05:12:55.395+0000][8][gc,marking  ] GC(146) Concurrent Mark (9384.781s)
[2021-05-11T05:12:55.395+0000][8][gc,marking  ] GC(146) Concurrent Mark From Roots
[2021-05-11T05:12:55.395+0000][8][gc,task     ] GC(146) Using 2 workers of 2 for marking
[2021-05-11T05:12:55.487+0000][8][gc,marking  ] GC(146) Concurrent Mark From Roots 91.331ms
[2021-05-11T05:12:55.487+0000][8][gc,marking  ] GC(146) Concurrent Preclean
[2021-05-11T05:12:55.487+0000][8][gc,marking  ] GC(146) Concurrent Preclean 0.221ms
[2021-05-11T05:12:55.487+0000][8][gc,marking  ] GC(146) Concurrent Mark (9384.781s, 9384.872s) 91.602ms
[2021-05-11T05:12:55.487+0000][8][gc,start    ] GC(146) Pause Remark
[2021-05-11T05:12:55.492+0000][8][gc          ] GC(146) Pause Remark 118M->118M(256M) 5.256ms
[2021-05-11T05:12:55.492+0000][8][gc,cpu      ] GC(146) User=0.03s Sys=0.00s Real=0.01s
[2021-05-11T05:12:55.492+0000][8][safepoint   ] Safepoint "G1Concurrent", Time since last: 93279763 ns, Reaching safepoint: 111475 ns, At safepoint: 5328482 ns, Total: 5439957 ns
[2021-05-11T05:12:55.493+0000][8][gc,marking  ] GC(146) Concurrent Rebuild Remembered Sets
[2021-05-11T05:12:55.550+0000][8][gc,marking  ] GC(146) Concurrent Rebuild Remembered Sets 57.103ms
[2021-05-11T05:12:55.550+0000][8][gc,start    ] GC(146) Pause Cleanup
[2021-05-11T05:12:55.550+0000][8][gc          ] GC(146) Pause Cleanup 118M->118M(256M) 0.071ms
[2021-05-11T05:12:55.550+0000][8][gc,cpu      ] GC(146) User=0.00s Sys=0.00s Real=0.00s
[2021-05-11T05:12:55.550+0000][8][safepoint   ] Safepoint "G1Concurrent", Time since last: 57195021 ns, Reaching safepoint: 103661 ns, At safepoint: 112401 ns, Total: 216062 ns
[2021-05-11T05:12:55.550+0000][8][gc,marking  ] GC(146) Concurrent Cleanup for Next Mark
[2021-05-11T05:12:55.550+0000][8][gc,marking  ] GC(146) Concurrent Cleanup for Next Mark 0.156ms
[2021-05-11T05:12:55.550+0000][8][gc          ] GC(146) Concurrent Cycle 156.361ms
[2021-05-11T05:13:52.556+0000][8][safepoint   ] Safepoint "Cleanup", Time since last: 57005565092 ns, Reaching safepoint: 95979 ns, At safepoint: 4970 ns, Total: 100949 ns
[2021-05-11T05:15:11.262+0000][8][gc,start    ] GC(147) Pause Young (Normal) (G1 Evacuation Pause)
[2021-05-11T05:15:11.262+0000][8][gc,task     ] GC(147) Using 6 workers of 8 for evacuation
[2021-05-11T05:15:11.262+0000][8][gc,age      ] GC(147) Desired survivor size 6291456 bytes, new threshold 15 (max threshold 15)
[2021-05-11T05:15:11.264+0000][8][gc,age      ] GC(147) Age table with threshold 15 (max threshold 15)
[2021-05-11T05:15:11.264+0000][8][gc,age      ] GC(147) - age   1:     507272 bytes,     507272 total
[2021-05-11T05:15:11.264+0000][8][gc,age      ] GC(147) - age   2:       1208 bytes,     508480 total
[2021-05-11T05:15:11.264+0000][8][gc,age      ] GC(147) - age   3:        320 bytes,     508800 total
[2021-05-11T05:15:11.264+0000][8][gc,age      ] GC(147) - age   4:      65160 bytes,     573960 total
[2021-05-11T05:15:11.264+0000][8][gc,age      ] GC(147) - age   5:     118264 bytes,     692224 total
[2021-05-11T05:15:11.264+0000][8][gc,age      ] GC(147) - age   6:       1768 bytes,     693992 total
[2021-05-11T05:15:11.264+0000][8][gc,age      ] GC(147) - age   7:       4408 bytes,     698400 total
[2021-05-11T05:15:11.264+0000][8][gc,age      ] GC(147) - age   8:        744 bytes,     699144 total
[2021-05-11T05:15:11.264+0000][8][gc,age      ] GC(147) - age   9:       1968 bytes,     701112 total
[2021-05-11T05:15:11.264+0000][8][gc,age      ] GC(147) - age  10:        400 bytes,     701512 total
[2021-05-11T05:15:11.264+0000][8][gc,age      ] GC(147) - age  11:        160 bytes,     701672 total
[2021-05-11T05:15:11.264+0000][8][gc,age      ] GC(147) - age  12:        704 bytes,     702376 total
[2021-05-11T05:15:11.264+0000][8][gc,age      ] GC(147) - age  13:        496 bytes,     702872 total
[2021-05-11T05:15:11.264+0000][8][gc,age      ] GC(147) - age  14:        464 bytes,     703336 total
[2021-05-11T05:15:11.264+0000][8][gc,age      ] GC(147) - age  15:        912 bytes,     704248 total
[2021-05-11T05:15:11.264+0000][8][gc,phases   ] GC(147)   Pre Evacuate Collection Set: 0.0ms
[2021-05-11T05:15:11.264+0000][8][gc,phases   ] GC(147)   Merge Heap Roots: 0.0ms
[2021-05-11T05:15:11.264+0000][8][gc,phases   ] GC(147)   Evacuate Collection Set: 0.8ms
[2021-05-11T05:15:11.264+0000][8][gc,phases   ] GC(147)   Post Evacuate Collection Set: 0.4ms
[2021-05-11T05:15:11.264+0000][8][gc,phases   ] GC(147)   Other: 0.3ms
[2021-05-11T05:15:11.264+0000][8][gc,heap     ] GC(147) Eden regions: 21->0(21)
[2021-05-11T05:15:11.264+0000][8][gc,heap     ] GC(147) Survivor regions: 1->1(3)
[2021-05-11T05:15:11.264+0000][8][gc,heap     ] GC(147) Old regions: 27->27
[2021-05-11T05:15:11.264+0000][8][gc,heap     ] GC(147) Archive regions: 2->2
[2021-05-11T05:15:11.264+0000][8][gc,heap     ] GC(147) Humongous regions: 2->2
[2021-05-11T05:15:11.264+0000][8][gc,metaspace] GC(147) Metaspace: 108163K(112752K)->108163K(112752K) NonClass: 94269K(97520K)->94269K(97520K) Class: 13893K(15232K)->13893K(15232K)
[2021-05-11T05:15:11.264+0000][8][gc          ] GC(147) Pause Young (Normal) (G1 Evacuation Pause) 201M->116M(256M) 1.626ms
[2021-05-11T05:15:11.264+0000][8][gc,cpu      ] GC(147) User=0.00s Sys=0.01s Real=0.00s
[2021-05-11T05:15:11.264+0000][8][safepoint   ] Safepoint "G1CollectForAllocation", Time since last: 78706751745 ns, Reaching safepoint: 87263 ns, At safepoint: 1695113 ns, Total: 1782376 ns
[2021-05-11T05:15:48.268+0000][8][safepoint   ] Safepoint "Cleanup", Time since last: 37003505202 ns, Reaching safepoint: 212115 ns, At safepoint: 7475 ns, Total: 219590 ns
[2021-05-11T05:15:52.268+0000][8][safepoint   ] Safepoint "Cleanup", Time since last: 4000480652 ns, Reaching safepoint: 81793 ns, At safepoint: 3369 ns, Total: 85162 ns
[2021-05-11T05:16:49.274+0000][8][safepoint   ] Safepoint "Cleanup", Time since last: 57005591986 ns, Reaching safepoint: 124325 ns, At safepoint: 5685 ns, Total: 130010 ns
[2021-05-11T05:16:52.059+0000][8][gc,start    ] GC(148) Pause Young (Concurrent Start) (G1 Evacuation Pause)
[2021-05-11T05:16:52.059+0000][8][gc,task     ] GC(148) Using 6 workers of 8 for evacuation
[2021-05-11T05:16:52.059+0000][8][gc,age      ] GC(148) Desired survivor size 6291456 bytes, new threshold 15 (max threshold 15)
[2021-05-11T05:16:52.061+0000][8][gc,age      ] GC(148) Age table with threshold 15 (max threshold 15)
[2021-05-11T05:16:52.061+0000][8][gc,age      ] GC(148) - age   1:     782432 bytes,     782432 total
[2021-05-11T05:16:52.061+0000][8][gc,age      ] GC(148) - age   2:        728 bytes,     783160 total
[2021-05-11T05:16:52.061+0000][8][gc,age      ] GC(148) - age   3:        384 bytes,     783544 total
[2021-05-11T05:16:52.061+0000][8][gc,age      ] GC(148) - age   4:        320 bytes,     783864 total
[2021-05-11T05:16:52.061+0000][8][gc,age      ] GC(148) - age   5:       2936 bytes,     786800 total
[2021-05-11T05:16:52.061+0000][8][gc,age      ] GC(148) - age   6:       3296 bytes,     790096 total
[2021-05-11T05:16:52.061+0000][8][gc,age      ] GC(148) - age   7:       1768 bytes,     791864 total
[2021-05-11T05:16:52.061+0000][8][gc,age      ] GC(148) - age   8:       4208 bytes,     796072 total
[2021-05-11T05:16:52.061+0000][8][gc,age      ] GC(148) - age   9:        744 bytes,     796816 total
[2021-05-11T05:16:52.061+0000][8][gc,age      ] GC(148) - age  10:        952 bytes,     797768 total
[2021-05-11T05:16:52.061+0000][8][gc,age      ] GC(148) - age  11:        400 bytes,     798168 total
[2021-05-11T05:16:52.061+0000][8][gc,age      ] GC(148) - age  12:        160 bytes,     798328 total
[2021-05-11T05:16:52.061+0000][8][gc,age      ] GC(148) - age  13:        704 bytes,     799032 total
[2021-05-11T05:16:52.061+0000][8][gc,age      ] GC(148) - age  14:        496 bytes,     799528 total
[2021-05-11T05:16:52.061+0000][8][gc,age      ] GC(148) - age  15:        192 bytes,     799720 total
[2021-05-11T05:16:52.061+0000][8][gc,phases   ] GC(148)   Pre Evacuate Collection Set: 0.1ms
[2021-05-11T05:16:52.061+0000][8][gc,phases   ] GC(148)   Merge Heap Roots: 0.1ms
[2021-05-11T05:16:52.061+0000][8][gc,phases   ] GC(148)   Evacuate Collection Set: 1.0ms
[2021-05-11T05:16:52.061+0000][8][gc,phases   ] GC(148)   Post Evacuate Collection Set: 0.3ms
[2021-05-11T05:16:52.061+0000][8][gc,phases   ] GC(148)   Other: 0.3ms
[2021-05-11T05:16:52.061+0000][8][gc,heap     ] GC(148) Eden regions: 21->0(21)
[2021-05-11T05:16:52.061+0000][8][gc,heap     ] GC(148) Survivor regions: 1->1(3)
[2021-05-11T05:16:52.061+0000][8][gc,heap     ] GC(148) Old regions: 27->27
[2021-05-11T05:16:52.061+0000][8][gc,heap     ] GC(148) Archive regions: 2->2
[2021-05-11T05:16:52.061+0000][8][gc,heap     ] GC(148) Humongous regions: 2->2
[2021-05-11T05:16:52.061+0000][8][gc,metaspace] GC(148) Metaspace: 108188K(113008K)->108188K(113008K) NonClass: 94294K(97776K)->94294K(97776K) Class: 13893K(15232K)->13893K(15232K)
[2021-05-11T05:16:52.061+0000][8][gc          ] GC(148) Pause Young (Concurrent Start) (G1 Evacuation Pause) 200M->117M(256M) 1.820ms
[2021-05-11T05:16:52.061+0000][8][gc,cpu      ] GC(148) User=0.00s Sys=0.00s Real=0.00s
[2021-05-11T05:16:52.061+0000][8][gc          ] GC(149) Concurrent Cycle
[2021-05-11T05:16:52.061+0000][8][safepoint   ] Safepoint "G1CollectForAllocation", Time since last: 2784728598 ns, Reaching safepoint: 87952 ns, At safepoint: 1906639 ns, Total: 1994591 ns
[2021-05-11T05:16:52.061+0000][8][gc,marking  ] GC(149) Concurrent Clear Claimed Marks
[2021-05-11T05:16:52.061+0000][8][gc,marking  ] GC(149) Concurrent Clear Claimed Marks 0.070ms
[2021-05-11T05:16:52.061+0000][8][gc,marking  ] GC(149) Concurrent Scan Root Regions
[2021-05-11T05:16:52.062+0000][8][gc,marking  ] GC(149) Concurrent Scan Root Regions 1.540ms
[2021-05-11T05:16:52.062+0000][8][gc,marking  ] GC(149) Concurrent Mark (9621.448s)
[2021-05-11T05:16:52.062+0000][8][gc,marking  ] GC(149) Concurrent Mark From Roots
[2021-05-11T05:16:52.062+0000][8][gc,task     ] GC(149) Using 2 workers of 2 for marking
[2021-05-11T05:16:52.158+0000][8][gc,marking  ] GC(149) Concurrent Mark From Roots 95.423ms
[2021-05-11T05:16:52.158+0000][8][gc,marking  ] GC(149) Concurrent Preclean
[2021-05-11T05:16:52.158+0000][8][gc,marking  ] GC(149) Concurrent Preclean 0.251ms
[2021-05-11T05:16:52.158+0000][8][gc,marking  ] GC(149) Concurrent Mark (9621.448s, 9621.544s) 95.721ms
[2021-05-11T05:16:52.158+0000][8][gc,start    ] GC(149) Pause Remark
[2021-05-11T05:16:52.164+0000][8][gc          ] GC(149) Pause Remark 119M->119M(256M) 5.593ms
[2021-05-11T05:16:52.164+0000][8][gc,cpu      ] GC(149) User=0.03s Sys=0.00s Real=0.01s
[2021-05-11T05:16:52.164+0000][8][safepoint   ] Safepoint "G1Concurrent", Time since last: 97439745 ns, Reaching safepoint: 96547 ns, At safepoint: 5666857 ns, Total: 5763404 ns
[2021-05-11T05:16:52.164+0000][8][gc,marking  ] GC(149) Concurrent Rebuild Remembered Sets
[2021-05-11T05:16:52.221+0000][8][gc,marking  ] GC(149) Concurrent Rebuild Remembered Sets 57.434ms
[2021-05-11T05:16:52.222+0000][8][gc,start    ] GC(149) Pause Cleanup
[2021-05-11T05:16:52.222+0000][8][gc          ] GC(149) Pause Cleanup 119M->119M(256M) 0.076ms
[2021-05-11T05:16:52.222+0000][8][gc,cpu      ] GC(149) User=0.00s Sys=0.00s Real=0.01s
[2021-05-11T05:16:52.222+0000][8][safepoint   ] Safepoint "G1Concurrent", Time since last: 57511841 ns, Reaching safepoint: 88036 ns, At safepoint: 124100 ns, Total: 212136 ns
[2021-05-11T05:16:52.222+0000][8][gc,marking  ] GC(149) Concurrent Cleanup for Next Mark
[2021-05-11T05:16:52.222+0000][8][gc,marking  ] GC(149) Concurrent Cleanup for Next Mark 0.131ms
[2021-05-11T05:16:52.222+0000][8][gc          ] GC(149) Concurrent Cycle 161.093ms
[2021-05-11T05:18:55.407+0000][8][gc,start    ] GC(150) Pause Young (Normal) (G1 Evacuation Pause)
[2021-05-11T05:18:55.407+0000][8][gc,task     ] GC(150) Using 6 workers of 8 for evacuation
[2021-05-11T05:18:55.407+0000][8][gc,age      ] GC(150) Desired survivor size 6291456 bytes, new threshold 15 (max threshold 15)
[2021-05-11T05:18:55.408+0000][8][gc,age      ] GC(150) Age table with threshold 15 (max threshold 15)
[2021-05-11T05:18:55.408+0000][8][gc,age      ] GC(150) - age   1:     645880 bytes,     645880 total
[2021-05-11T05:18:55.408+0000][8][gc,age      ] GC(150) - age   2:     275600 bytes,     921480 total
[2021-05-11T05:18:55.408+0000][8][gc,age      ] GC(150) - age   3:        584 bytes,     922064 total
[2021-05-11T05:18:55.408+0000][8][gc,age      ] GC(150) - age   4:        272 bytes,     922336 total
[2021-05-11T05:18:55.408+0000][8][gc,age      ] GC(150) - age   5:         96 bytes,     922432 total
[2021-05-11T05:18:55.408+0000][8][gc,age      ] GC(150) - age   6:       2896 bytes,     925328 total
[2021-05-11T05:18:55.408+0000][8][gc,age      ] GC(150) - age   7:       3296 bytes,     928624 total
[2021-05-11T05:18:55.408+0000][8][gc,age      ] GC(150) - age   8:       1768 bytes,     930392 total
[2021-05-11T05:18:55.408+0000][8][gc,age      ] GC(150) - age   9:       4208 bytes,     934600 total
[2021-05-11T05:18:55.408+0000][8][gc,age      ] GC(150) - age  10:        744 bytes,     935344 total
[2021-05-11T05:18:55.408+0000][8][gc,age      ] GC(150) - age  11:        952 bytes,     936296 total
[2021-05-11T05:18:55.408+0000][8][gc,age      ] GC(150) - age  12:        400 bytes,     936696 total
[2021-05-11T05:18:55.408+0000][8][gc,age      ] GC(150) - age  13:        160 bytes,     936856 total
[2021-05-11T05:18:55.408+0000][8][gc,age      ] GC(150) - age  14:        704 bytes,     937560 total
[2021-05-11T05:18:55.408+0000][8][gc,age      ] GC(150) - age  15:        496 bytes,     938056 total
[2021-05-11T05:18:55.408+0000][8][gc,phases   ] GC(150)   Pre Evacuate Collection Set: 0.0ms
[2021-05-11T05:18:55.408+0000][8][gc,phases   ] GC(150)   Merge Heap Roots: 0.0ms
[2021-05-11T05:18:55.408+0000][8][gc,phases   ] GC(150)   Evacuate Collection Set: 1.0ms
[2021-05-11T05:18:55.408+0000][8][gc,phases   ] GC(150)   Post Evacuate Collection Set: 0.3ms
[2021-05-11T05:18:55.408+0000][8][gc,phases   ] GC(150)   Other: 0.2ms
[2021-05-11T05:18:55.408+0000][8][gc,heap     ] GC(150) Eden regions: 21->0(21)
[2021-05-11T05:18:55.408+0000][8][gc,heap     ] GC(150) Survivor regions: 1->1(3)
[2021-05-11T05:18:55.408+0000][8][gc,heap     ] GC(150) Old regions: 27->27
[2021-05-11T05:18:55.408+0000][8][gc,heap     ] GC(150) Archive regions: 2->2
[2021-05-11T05:18:55.408+0000][8][gc,heap     ] GC(150) Humongous regions: 2->2
[2021-05-11T05:18:55.408+0000][8][gc,metaspace] GC(150) Metaspace: 108189K(113008K)->108189K(113008K) NonClass: 94295K(97776K)->94295K(97776K) Class: 13893K(15232K)->13893K(15232K)
[2021-05-11T05:18:55.408+0000][8][gc          ] GC(150) Pause Young (Normal) (G1 Evacuation Pause) 201M->117M(256M) 1.645ms
[2021-05-11T05:18:55.408+0000][8][gc,cpu      ] GC(150) User=0.01s Sys=0.00s Real=0.00s
[2021-05-11T05:18:55.408+0000][8][safepoint   ] Safepoint "G1CollectForAllocation", Time since last: 123184703376 ns, Reaching safepoint: 161534 ns, At safepoint: 1750397 ns, Total: 1911931 ns
[2021-05-11T05:21:11.398+0000][8][gc,start    ] GC(151) Pause Young (Concurrent Start) (G1 Evacuation Pause)
[2021-05-11T05:21:11.398+0000][8][gc,task     ] GC(151) Using 6 workers of 8 for evacuation
[2021-05-11T05:21:11.398+0000][8][gc,age      ] GC(151) Desired survivor size 6291456 bytes, new threshold 15 (max threshold 15)
[2021-05-11T05:21:11.400+0000][8][gc,age      ] GC(151) Age table with threshold 15 (max threshold 15)
[2021-05-11T05:21:11.400+0000][8][gc,age      ] GC(151) - age   1:     507056 bytes,     507056 total
[2021-05-11T05:21:11.400+0000][8][gc,age      ] GC(151) - age   2:       1080 bytes,     508136 total
[2021-05-11T05:21:11.400+0000][8][gc,age      ] GC(151) - age   3:     154320 bytes,     662456 total
[2021-05-11T05:21:11.400+0000][8][gc,age      ] GC(151) - age   4:        488 bytes,     662944 total
[2021-05-11T05:21:11.400+0000][8][gc,age      ] GC(151) - age   5:        272 bytes,     663216 total
[2021-05-11T05:21:11.400+0000][8][gc,age      ] GC(151) - age   6:         96 bytes,     663312 total
[2021-05-11T05:21:11.400+0000][8][gc,age      ] GC(151) - age   7:       2896 bytes,     666208 total
[2021-05-11T05:21:11.400+0000][8][gc,age      ] GC(151) - age   8:       3296 bytes,     669504 total
[2021-05-11T05:21:11.400+0000][8][gc,age      ] GC(151) - age   9:       1432 bytes,     670936 total
[2021-05-11T05:21:11.400+0000][8][gc,age      ] GC(151) - age  10:       4208 bytes,     675144 total
[2021-05-11T05:21:11.400+0000][8][gc,age      ] GC(151) - age  11:        744 bytes,     675888 total
[2021-05-11T05:21:11.400+0000][8][gc,age      ] GC(151) - age  12:        952 bytes,     676840 total
[2021-05-11T05:21:11.400+0000][8][gc,age      ] GC(151) - age  13:        400 bytes,     677240 total
[2021-05-11T05:21:11.400+0000][8][gc,age      ] GC(151) - age  14:        136 bytes,     677376 total
[2021-05-11T05:21:11.400+0000][8][gc,age      ] GC(151) - age  15:        704 bytes,     678080 total
[2021-05-11T05:21:11.400+0000][8][gc,phases   ] GC(151)   Pre Evacuate Collection Set: 0.1ms
[2021-05-11T05:21:11.400+0000][8][gc,phases   ] GC(151)   Merge Heap Roots: 0.0ms
[2021-05-11T05:21:11.400+0000][8][gc,phases   ] GC(151)   Evacuate Collection Set: 0.9ms
[2021-05-11T05:21:11.400+0000][8][gc,phases   ] GC(151)   Post Evacuate Collection Set: 0.4ms
[2021-05-11T05:21:11.400+0000][8][gc,phases   ] GC(151)   Other: 0.3ms
[2021-05-11T05:21:11.400+0000][8][gc,heap     ] GC(151) Eden regions: 21->0(21)
[2021-05-11T05:21:11.400+0000][8][gc,heap     ] GC(151) Survivor regions: 1->1(3)
[2021-05-11T05:21:11.400+0000][8][gc,heap     ] GC(151) Old regions: 27->27
[2021-05-11T05:21:11.400+0000][8][gc,heap     ] GC(151) Archive regions: 2->2
[2021-05-11T05:21:11.400+0000][8][gc,heap     ] GC(151) Humongous regions: 2->2
[2021-05-11T05:21:11.400+0000][8][gc,metaspace] GC(151) Metaspace: 108189K(113008K)->108189K(113008K) NonClass: 94295K(97776K)->94295K(97776K) Class: 13893K(15232K)->13893K(15232K)
[2021-05-11T05:21:11.400+0000][8][gc          ] GC(151) Pause Young (Concurrent Start) (G1 Evacuation Pause) 201M->116M(256M) 1.785ms
[2021-05-11T05:21:11.400+0000][8][gc,cpu      ] GC(151) User=0.01s Sys=0.00s Real=0.00s
[2021-05-11T05:21:11.400+0000][8][gc          ] GC(152) Concurrent Cycle
[2021-05-11T05:21:11.400+0000][8][safepoint   ] Safepoint "G1CollectForAllocation", Time since last: 135989569848 ns, Reaching safepoint: 137553 ns, At safepoint: 1853862 ns, Total: 1991415 ns
[2021-05-11T05:21:11.400+0000][8][gc,marking  ] GC(152) Concurrent Clear Claimed Marks
[2021-05-11T05:21:11.400+0000][8][gc,marking  ] GC(152) Concurrent Clear Claimed Marks 0.073ms
[2021-05-11T05:21:11.400+0000][8][gc,marking  ] GC(152) Concurrent Scan Root Regions
[2021-05-11T05:21:11.401+0000][8][gc,marking  ] GC(152) Concurrent Scan Root Regions 1.370ms
[2021-05-11T05:21:11.401+0000][8][gc,marking  ] GC(152) Concurrent Mark (9880.787s)
[2021-05-11T05:21:11.401+0000][8][gc,marking  ] GC(152) Concurrent Mark From Roots
[2021-05-11T05:21:11.401+0000][8][gc,task     ] GC(152) Using 2 workers of 2 for marking
[2021-05-11T05:21:11.489+0000][8][gc,marking  ] GC(152) Concurrent Mark From Roots 87.412ms
[2021-05-11T05:21:11.489+0000][8][gc,marking  ] GC(152) Concurrent Preclean
[2021-05-11T05:21:11.489+0000][8][gc,marking  ] GC(152) Concurrent Preclean 0.250ms
[2021-05-11T05:21:11.489+0000][8][gc,marking  ] GC(152) Concurrent Mark (9880.787s, 9880.875s) 87.721ms
[2021-05-11T05:21:11.489+0000][8][gc,start    ] GC(152) Pause Remark
[2021-05-11T05:21:11.495+0000][8][gc          ] GC(152) Pause Remark 117M->117M(256M) 5.352ms
[2021-05-11T05:21:11.495+0000][8][gc,cpu      ] GC(152) User=0.03s Sys=0.00s Real=0.01s
[2021-05-11T05:21:11.495+0000][8][safepoint   ] Safepoint "G1Concurrent", Time since last: 89226027 ns, Reaching safepoint: 75805 ns, At safepoint: 5418661 ns, Total: 5494466 ns
[2021-05-11T05:21:11.495+0000][8][gc,marking  ] GC(152) Concurrent Rebuild Remembered Sets
[2021-05-11T05:21:11.555+0000][8][gc,marking  ] GC(152) Concurrent Rebuild Remembered Sets 60.422ms
[2021-05-11T05:21:11.555+0000][8][gc,start    ] GC(152) Pause Cleanup
[2021-05-11T05:21:11.555+0000][8][gc          ] GC(152) Pause Cleanup 117M->117M(256M) 0.094ms
[2021-05-11T05:21:11.555+0000][8][gc,cpu      ] GC(152) User=0.00s Sys=0.00s Real=0.00s
[2021-05-11T05:21:11.555+0000][8][safepoint   ] Safepoint "G1Concurrent", Time since last: 60537855 ns, Reaching safepoint: 102782 ns, At safepoint: 141821 ns, Total: 244603 ns
[2021-05-11T05:21:11.555+0000][8][gc,marking  ] GC(152) Concurrent Cleanup for Next Mark
[2021-05-11T05:21:11.556+0000][8][gc,marking  ] GC(152) Concurrent Cleanup for Next Mark 0.181ms
[2021-05-11T05:21:11.556+0000][8][gc          ] GC(152) Concurrent Cycle 155.738ms
[2021-05-11T05:21:55.560+0000][8][safepoint   ] Safepoint "Cleanup", Time since last: 44004549034 ns, Reaching safepoint: 89511 ns, At safepoint: 4336 ns, Total: 93847 ns
[2021-05-11T05:22:25.562+0000][8][safepoint   ] Safepoint "Cleanup", Time since last: 30002303235 ns, Reaching safepoint: 83253 ns, At safepoint: 7676 ns, Total: 90929 ns
[2021-05-11T05:22:47.565+0000][8][safepoint   ] Safepoint "Cleanup", Time since last: 22002004413 ns, Reaching safepoint: 81045 ns, At safepoint: 4362 ns, Total: 85407 ns
[2021-05-11T05:22:50.205+0000][8][gc,start    ] GC(153) Pause Young (Normal) (G1 Evacuation Pause)
[2021-05-11T05:22:50.205+0000][8][gc,task     ] GC(153) Using 6 workers of 8 for evacuation
[2021-05-11T05:22:50.205+0000][8][gc,age      ] GC(153) Desired survivor size 6291456 bytes, new threshold 15 (max threshold 15)
[2021-05-11T05:22:50.206+0000][8][gc,age      ] GC(153) Age table with threshold 15 (max threshold 15)
[2021-05-11T05:22:50.206+0000][8][gc,age      ] GC(153) - age   1:     916144 bytes,     916144 total
[2021-05-11T05:22:50.206+0000][8][gc,age      ] GC(153) - age   2:        480 bytes,     916624 total
[2021-05-11T05:22:50.206+0000][8][gc,age      ] GC(153) - age   3:        152 bytes,     916776 total
[2021-05-11T05:22:50.207+0000][8][gc,age      ] GC(153) - age   4:       7136 bytes,     923912 total
[2021-05-11T05:22:50.207+0000][8][gc,age      ] GC(153) - age   5:        448 bytes,     924360 total
[2021-05-11T05:22:50.207+0000][8][gc,age      ] GC(153) - age   6:        272 bytes,     924632 total
[2021-05-11T05:22:50.207+0000][8][gc,age      ] GC(153) - age   7:         96 bytes,     924728 total
[2021-05-11T05:22:50.207+0000][8][gc,age      ] GC(153) - age   8:       2624 bytes,     927352 total
[2021-05-11T05:22:50.207+0000][8][gc,age      ] GC(153) - age   9:        720 bytes,     928072 total
[2021-05-11T05:22:50.207+0000][8][gc,age      ] GC(153) - age  10:       1432 bytes,     929504 total
[2021-05-11T05:22:50.207+0000][8][gc,age      ] GC(153) - age  11:       4184 bytes,     933688 total
[2021-05-11T05:22:50.207+0000][8][gc,age      ] GC(153) - age  12:        744 bytes,     934432 total
[2021-05-11T05:22:50.207+0000][8][gc,age      ] GC(153) - age  13:        952 bytes,     935384 total
[2021-05-11T05:22:50.207+0000][8][gc,age      ] GC(153) - age  14:        400 bytes,     935784 total
[2021-05-11T05:22:50.207+0000][8][gc,age      ] GC(153) - age  15:        136 bytes,     935920 total
[2021-05-11T05:22:50.207+0000][8][gc,phases   ] GC(153)   Pre Evacuate Collection Set: 0.1ms
[2021-05-11T05:22:50.207+0000][8][gc,phases   ] GC(153)   Merge Heap Roots: 0.0ms
[2021-05-11T05:22:50.207+0000][8][gc,phases   ] GC(153)   Evacuate Collection Set: 1.2ms
[2021-05-11T05:22:50.207+0000][8][gc,phases   ] GC(153)   Post Evacuate Collection Set: 0.4ms
[2021-05-11T05:22:50.207+0000][8][gc,phases   ] GC(153)   Other: 0.4ms
[2021-05-11T05:22:50.207+0000][8][gc,heap     ] GC(153) Eden regions: 21->0(21)
[2021-05-11T05:22:50.207+0000][8][gc,heap     ] GC(153) Survivor regions: 1->1(3)
[2021-05-11T05:22:50.207+0000][8][gc,heap     ] GC(153) Old regions: 27->27
[2021-05-11T05:22:50.207+0000][8][gc,heap     ] GC(153) Archive regions: 2->2
[2021-05-11T05:22:50.207+0000][8][gc,heap     ] GC(153) Humongous regions: 2->2
[2021-05-11T05:22:50.207+0000][8][gc,metaspace] GC(153) Metaspace: 108219K(113008K)->108219K(113008K) NonClass: 94325K(97776K)->94325K(97776K) Class: 13893K(15232K)->13893K(15232K)
[2021-05-11T05:22:50.207+0000][8][gc          ] GC(153) Pause Young (Normal) (G1 Evacuation Pause) 200M->117M(256M) 2.229ms
[2021-05-11T05:22:50.207+0000][8][gc,cpu      ] GC(153) User=0.01s Sys=0.00s Real=0.00s
[2021-05-11T05:22:50.207+0000][8][safepoint   ] Safepoint "G1CollectForAllocation", Time since last: 2639918791 ns, Reaching safepoint: 82991 ns, At safepoint: 2322376 ns, Total: 2405367 ns
[2021-05-11T05:22:51.207+0000][8][safepoint   ] Safepoint "Cleanup", Time since last: 1000080891 ns, Reaching safepoint: 76062 ns, At safepoint: 5947 ns, Total: 82009 ns
[2021-05-11T05:23:19.210+0000][8][safepoint   ] Safepoint "Cleanup", Time since last: 28002920470 ns, Reaching safepoint: 99873 ns, At safepoint: 5957 ns, Total: 105830 ns
[2021-05-11T05:23:52.213+0000][8][safepoint   ] Safepoint "Cleanup", Time since last: 33002589856 ns, Reaching safepoint: 112058 ns, At safepoint: 3753 ns, Total: 115811 ns
[2021-05-11T05:24:19.215+0000][8][safepoint   ] Safepoint "Cleanup", Time since last: 27002440200 ns, Reaching safepoint: 133787 ns, At safepoint: 5990 ns, Total: 139777 ns
[2021-05-11T05:24:26.217+0000][8][safepoint   ] Safepoint "Cleanup", Time since last: 7000996693 ns, Reaching safepoint: 152053 ns, At safepoint: 5528 ns, Total: 157581 ns
[2021-05-11T05:24:52.220+0000][8][safepoint   ] Safepoint "Cleanup", Time since last: 26003079663 ns, Reaching safepoint: 254309 ns, At safepoint: 13756 ns, Total: 268065 ns
[2021-05-11T05:24:55.220+0000][8][safepoint   ] Safepoint "Cleanup", Time since last: 3000420283 ns, Reaching safepoint: 174754 ns, At safepoint: 12935 ns, Total: 187689 ns
[2021-05-11T05:24:55.431+0000][8][gc,start    ] GC(154) Pause Young (Concurrent Start) (G1 Evacuation Pause)
[2021-05-11T05:24:55.431+0000][8][gc,task     ] GC(154) Using 6 workers of 8 for evacuation
[2021-05-11T05:24:55.431+0000][8][gc,age      ] GC(154) Desired survivor size 6291456 bytes, new threshold 15 (max threshold 15)
[2021-05-11T05:24:55.432+0000][8][gc,age      ] GC(154) Age table with threshold 15 (max threshold 15)
[2021-05-11T05:24:55.432+0000][8][gc,age      ] GC(154) - age   1:     543448 bytes,     543448 total
[2021-05-11T05:24:55.432+0000][8][gc,age      ] GC(154) - age   2:     349080 bytes,     892528 total
[2021-05-11T05:24:55.432+0000][8][gc,age      ] GC(154) - age   3:        384 bytes,     892912 total
[2021-05-11T05:24:55.432+0000][8][gc,age      ] GC(154) - age   4:        136 bytes,     893048 total
[2021-05-11T05:24:55.432+0000][8][gc,age      ] GC(154) - age   5:       4808 bytes,     897856 total
[2021-05-11T05:24:55.432+0000][8][gc,age      ] GC(154) - age   6:        448 bytes,     898304 total
[2021-05-11T05:24:55.432+0000][8][gc,age      ] GC(154) - age   7:        272 bytes,     898576 total
[2021-05-11T05:24:55.432+0000][8][gc,age      ] GC(154) - age   8:         96 bytes,     898672 total
[2021-05-11T05:24:55.432+0000][8][gc,age      ] GC(154) - age   9:        336 bytes,     899008 total
[2021-05-11T05:24:55.432+0000][8][gc,age      ] GC(154) - age  10:        720 bytes,     899728 total
[2021-05-11T05:24:55.432+0000][8][gc,age      ] GC(154) - age  11:       1336 bytes,     901064 total
[2021-05-11T05:24:55.432+0000][8][gc,age      ] GC(154) - age  12:       4184 bytes,     905248 total
[2021-05-11T05:24:55.432+0000][8][gc,age      ] GC(154) - age  13:        744 bytes,     905992 total
[2021-05-11T05:24:55.432+0000][8][gc,age      ] GC(154) - age  14:        952 bytes,     906944 total
[2021-05-11T05:24:55.432+0000][8][gc,age      ] GC(154) - age  15:        400 bytes,     907344 total
[2021-05-11T05:24:55.432+0000][8][gc,phases   ] GC(154)   Pre Evacuate Collection Set: 0.1ms
[2021-05-11T05:24:55.432+0000][8][gc,phases   ] GC(154)   Merge Heap Roots: 0.0ms
[2021-05-11T05:24:55.432+0000][8][gc,phases   ] GC(154)   Evacuate Collection Set: 1.1ms
[2021-05-11T05:24:55.433+0000][8][gc,phases   ] GC(154)   Post Evacuate Collection Set: 0.3ms
[2021-05-11T05:24:55.433+0000][8][gc,phases   ] GC(154)   Other: 0.3ms
[2021-05-11T05:24:55.433+0000][8][gc,heap     ] GC(154) Eden regions: 21->0(21)
[2021-05-11T05:24:55.433+0000][8][gc,heap     ] GC(154) Survivor regions: 1->1(3)
[2021-05-11T05:24:55.433+0000][8][gc,heap     ] GC(154) Old regions: 27->27
[2021-05-11T05:24:55.433+0000][8][gc,heap     ] GC(154) Archive regions: 2->2
[2021-05-11T05:24:55.433+0000][8][gc,heap     ] GC(154) Humongous regions: 2->2
[2021-05-11T05:24:55.433+0000][8][gc,metaspace] GC(154) Metaspace: 108225K(113008K)->108225K(113008K) NonClass: 94331K(97776K)->94331K(97776K) Class: 13893K(15232K)->13893K(15232K)
[2021-05-11T05:24:55.433+0000][8][gc          ] GC(154) Pause Young (Concurrent Start) (G1 Evacuation Pause) 201M->117M(256M) 1.887ms
[2021-05-11T05:24:55.433+0000][8][gc,cpu      ] GC(154) User=0.01s Sys=0.00s Real=0.00s
[2021-05-11T05:24:55.433+0000][8][gc          ] GC(155) Concurrent Cycle
[2021-05-11T05:24:55.433+0000][8][safepoint   ] Safepoint "G1CollectForAllocation", Time since last: 210055336 ns, Reaching safepoint: 148750 ns, At safepoint: 1969835 ns, Total: 2118585 ns
[2021-05-11T05:24:55.433+0000][8][gc,marking  ] GC(155) Concurrent Clear Claimed Marks
[2021-05-11T05:24:55.433+0000][8][gc,marking  ] GC(155) Concurrent Clear Claimed Marks 0.088ms
[2021-05-11T05:24:55.433+0000][8][gc,marking  ] GC(155) Concurrent Scan Root Regions
[2021-05-11T05:24:55.435+0000][8][gc,marking  ] GC(155) Concurrent Scan Root Regions 1.802ms
[2021-05-11T05:24:55.435+0000][8][gc,marking  ] GC(155) Concurrent Mark (10104.820s)
[2021-05-11T05:24:55.435+0000][8][gc,marking  ] GC(155) Concurrent Mark From Roots
[2021-05-11T05:24:55.435+0000][8][gc,task     ] GC(155) Using 2 workers of 2 for marking
[2021-05-11T05:24:55.522+0000][8][gc,marking  ] GC(155) Concurrent Mark From Roots 86.934ms
[2021-05-11T05:24:55.522+0000][8][gc,marking  ] GC(155) Concurrent Preclean
[2021-05-11T05:24:55.522+0000][8][gc,marking  ] GC(155) Concurrent Preclean 0.728ms
[2021-05-11T05:24:55.522+0000][8][gc,marking  ] GC(155) Concurrent Mark (10104.820s, 10104.908s) 87.833ms
[2021-05-11T05:24:55.523+0000][8][gc,start    ] GC(155) Pause Remark
[2021-05-11T05:24:55.529+0000][8][gc          ] GC(155) Pause Remark 120M->120M(256M) 6.618ms
[2021-05-11T05:24:55.529+0000][8][gc,cpu      ] GC(155) User=0.03s Sys=0.00s Real=0.00s
[2021-05-11T05:24:55.529+0000][8][safepoint   ] Safepoint "G1Concurrent", Time since last: 89817465 ns, Reaching safepoint: 167597 ns, At safepoint: 6700623 ns, Total: 6868220 ns
[2021-05-11T05:24:55.529+0000][8][gc,marking  ] GC(155) Concurrent Rebuild Remembered Sets
[2021-05-11T05:24:55.588+0000][8][gc,marking  ] GC(155) Concurrent Rebuild Remembered Sets 58.355ms
[2021-05-11T05:24:55.588+0000][8][gc,start    ] GC(155) Pause Cleanup
[2021-05-11T05:24:55.588+0000][8][gc          ] GC(155) Pause Cleanup 120M->120M(256M) 0.067ms
[2021-05-11T05:24:55.588+0000][8][gc,cpu      ] GC(155) User=0.00s Sys=0.00s Real=0.00s
[2021-05-11T05:24:55.588+0000][8][safepoint   ] Safepoint "G1Concurrent", Time since last: 58421258 ns, Reaching safepoint: 75094 ns, At safepoint: 115005 ns, Total: 190099 ns
[2021-05-11T05:24:55.588+0000][8][gc,marking  ] GC(155) Concurrent Cleanup for Next Mark
[2021-05-11T05:24:55.588+0000][8][gc,marking  ] GC(155) Concurrent Cleanup for Next Mark 0.126ms
[2021-05-11T05:24:55.588+0000][8][gc          ] GC(155) Concurrent Cycle 155.508ms
[2021-05-11T05:26:52.600+0000][8][safepoint   ] Safepoint "Cleanup", Time since last: 117011619377 ns, Reaching safepoint: 125721 ns, At safepoint: 7030 ns, Total: 132751 ns
[2021-05-11T05:26:55.442+0000][8][gc,start    ] GC(156) Pause Young (Normal) (G1 Evacuation Pause)
[2021-05-11T05:26:55.442+0000][8][gc,task     ] GC(156) Using 6 workers of 8 for evacuation
[2021-05-11T05:26:55.442+0000][8][gc,age      ] GC(156) Desired survivor size 6291456 bytes, new threshold 15 (max threshold 15)
[2021-05-11T05:26:55.444+0000][8][gc,age      ] GC(156) Age table with threshold 15 (max threshold 15)
[2021-05-11T05:26:55.444+0000][8][gc,age      ] GC(156) - age   1:     548472 bytes,     548472 total
[2021-05-11T05:26:55.444+0000][8][gc,age      ] GC(156) - age   2:       5720 bytes,     554192 total
[2021-05-11T05:26:55.444+0000][8][gc,age      ] GC(156) - age   3:     308136 bytes,     862328 total
[2021-05-11T05:26:55.444+0000][8][gc,age      ] GC(156) - age   4:        360 bytes,     862688 total
[2021-05-11T05:26:55.444+0000][8][gc,age      ] GC(156) - age   5:        136 bytes,     862824 total
[2021-05-11T05:26:55.444+0000][8][gc,age      ] GC(156) - age   6:       2312 bytes,     865136 total
[2021-05-11T05:26:55.444+0000][8][gc,age      ] GC(156) - age   7:        448 bytes,     865584 total
[2021-05-11T05:26:55.444+0000][8][gc,age      ] GC(156) - age   8:        272 bytes,     865856 total
[2021-05-11T05:26:55.444+0000][8][gc,age      ] GC(156) - age   9:         96 bytes,     865952 total
[2021-05-11T05:26:55.444+0000][8][gc,age      ] GC(156) - age  10:        336 bytes,     866288 total
[2021-05-11T05:26:55.444+0000][8][gc,age      ] GC(156) - age  11:        720 bytes,     867008 total
[2021-05-11T05:26:55.444+0000][8][gc,age      ] GC(156) - age  12:       1336 bytes,     868344 total
[2021-05-11T05:26:55.444+0000][8][gc,age      ] GC(156) - age  13:       4184 bytes,     872528 total
[2021-05-11T05:26:55.444+0000][8][gc,age      ] GC(156) - age  14:        744 bytes,     873272 total
[2021-05-11T05:26:55.444+0000][8][gc,age      ] GC(156) - age  15:        952 bytes,     874224 total
[2021-05-11T05:26:55.444+0000][8][gc,phases   ] GC(156)   Pre Evacuate Collection Set: 0.0ms
[2021-05-11T05:26:55.444+0000][8][gc,phases   ] GC(156)   Merge Heap Roots: 0.0ms
[2021-05-11T05:26:55.444+0000][8][gc,phases   ] GC(156)   Evacuate Collection Set: 1.4ms
[2021-05-11T05:26:55.444+0000][8][gc,phases   ] GC(156)   Post Evacuate Collection Set: 0.4ms
[2021-05-11T05:26:55.444+0000][8][gc,phases   ] GC(156)   Other: 0.2ms
[2021-05-11T05:26:55.444+0000][8][gc,heap     ] GC(156) Eden regions: 21->0(21)
[2021-05-11T05:26:55.444+0000][8][gc,heap     ] GC(156) Survivor regions: 1->1(3)
[2021-05-11T05:26:55.444+0000][8][gc,heap     ] GC(156) Old regions: 27->27
[2021-05-11T05:26:55.444+0000][8][gc,heap     ] GC(156) Archive regions: 2->2
[2021-05-11T05:26:55.444+0000][8][gc,heap     ] GC(156) Humongous regions: 2->2
[2021-05-11T05:26:55.444+0000][8][gc,metaspace] GC(156) Metaspace: 108246K(113008K)->108246K(113008K) NonClass: 94352K(97776K)->94352K(97776K) Class: 13893K(15232K)->13893K(15232K)
[2021-05-11T05:26:55.444+0000][8][gc          ] GC(156) Pause Young (Normal) (G1 Evacuation Pause) 201M->117M(256M) 2.109ms
[2021-05-11T05:26:55.444+0000][8][gc,cpu      ] GC(156) User=0.01s Sys=0.00s Real=0.00s
[2021-05-11T05:26:55.444+0000][8][safepoint   ] Safepoint "G1CollectForAllocation", Time since last: 2842256011 ns, Reaching safepoint: 71677 ns, At safepoint: 2167848 ns, Total: 2239525 ns
[2021-05-11T05:27:48.451+0000][8][safepoint   ] Safepoint "Cleanup", Time since last: 53006418525 ns, Reaching safepoint: 107933 ns, At safepoint: 5046 ns, Total: 112979 ns
[2021-05-11T05:27:52.452+0000][8][safepoint   ] Safepoint "Cleanup", Time since last: 4000714561 ns, Reaching safepoint: 140159 ns, At safepoint: 6478 ns, Total: 146637 ns
[2021-05-11T05:29:14.823+0000][8][gc,start    ] GC(157) Pause Young (Concurrent Start) (G1 Evacuation Pause)
[2021-05-11T05:29:14.823+0000][8][gc,task     ] GC(157) Using 6 workers of 8 for evacuation
[2021-05-11T05:29:14.823+0000][8][gc,age      ] GC(157) Desired survivor size 6291456 bytes, new threshold 15 (max threshold 15)
[2021-05-11T05:29:14.825+0000][8][gc,age      ] GC(157) Age table with threshold 15 (max threshold 15)
[2021-05-11T05:29:14.825+0000][8][gc,age      ] GC(157) - age   1:     505480 bytes,     505480 total
[2021-05-11T05:29:14.825+0000][8][gc,age      ] GC(157) - age   2:       3136 bytes,     508616 total
[2021-05-11T05:29:14.825+0000][8][gc,age      ] GC(157) - age   3:       4704 bytes,     513320 total
[2021-05-11T05:29:14.825+0000][8][gc,age      ] GC(157) - age   4:     228048 bytes,     741368 total
[2021-05-11T05:29:14.825+0000][8][gc,age      ] GC(157) - age   5:        120 bytes,     741488 total
[2021-05-11T05:29:14.825+0000][8][gc,age      ] GC(157) - age   6:        136 bytes,     741624 total
[2021-05-11T05:29:14.825+0000][8][gc,age      ] GC(157) - age   7:       2312 bytes,     743936 total
[2021-05-11T05:29:14.825+0000][8][gc,age      ] GC(157) - age   8:        448 bytes,     744384 total
[2021-05-11T05:29:14.825+0000][8][gc,age      ] GC(157) - age   9:        176 bytes,     744560 total
[2021-05-11T05:29:14.825+0000][8][gc,age      ] GC(157) - age  10:         96 bytes,     744656 total
[2021-05-11T05:29:14.825+0000][8][gc,age      ] GC(157) - age  11:        336 bytes,     744992 total
[2021-05-11T05:29:14.825+0000][8][gc,age      ] GC(157) - age  12:        720 bytes,     745712 total
[2021-05-11T05:29:14.825+0000][8][gc,age      ] GC(157) - age  13:       1336 bytes,     747048 total
[2021-05-11T05:29:14.825+0000][8][gc,age      ] GC(157) - age  14:       4184 bytes,     751232 total
[2021-05-11T05:29:14.825+0000][8][gc,age      ] GC(157) - age  15:        744 bytes,     751976 total
[2021-05-11T05:29:14.825+0000][8][gc,phases   ] GC(157)   Pre Evacuate Collection Set: 0.1ms
[2021-05-11T05:29:14.825+0000][8][gc,phases   ] GC(157)   Merge Heap Roots: 0.1ms
[2021-05-11T05:29:14.825+0000][8][gc,phases   ] GC(157)   Evacuate Collection Set: 1.4ms
[2021-05-11T05:29:14.825+0000][8][gc,phases   ] GC(157)   Post Evacuate Collection Set: 0.5ms
[2021-05-11T05:29:14.825+0000][8][gc,phases   ] GC(157)   Other: 0.4ms
[2021-05-11T05:29:14.825+0000][8][gc,heap     ] GC(157) Eden regions: 21->0(21)
[2021-05-11T05:29:14.825+0000][8][gc,heap     ] GC(157) Survivor regions: 1->1(3)
[2021-05-11T05:29:14.825+0000][8][gc,heap     ] GC(157) Old regions: 27->27
[2021-05-11T05:29:14.825+0000][8][gc,heap     ] GC(157) Archive regions: 2->2
[2021-05-11T05:29:14.825+0000][8][gc,heap     ] GC(157) Humongous regions: 2->2
[2021-05-11T05:29:14.825+0000][8][gc,metaspace] GC(157) Metaspace: 108251K(113008K)->108251K(113008K) NonClass: 94357K(97776K)->94357K(97776K) Class: 13893K(15232K)->13893K(15232K)
[2021-05-11T05:29:14.825+0000][8][gc          ] GC(157) Pause Young (Concurrent Start) (G1 Evacuation Pause) 201M->116M(256M) 2.614ms
[2021-05-11T05:29:14.825+0000][8][gc,cpu      ] GC(157) User=0.01s Sys=0.00s Real=0.00s
[2021-05-11T05:29:14.825+0000][8][gc          ] GC(158) Concurrent Cycle
[2021-05-11T05:29:14.825+0000][8][safepoint   ] Safepoint "G1CollectForAllocation", Time since last: 82370984772 ns, Reaching safepoint: 121825 ns, At safepoint: 2700999 ns, Total: 2822824 ns
[2021-05-11T05:29:14.825+0000][8][gc,marking  ] GC(158) Concurrent Clear Claimed Marks
[2021-05-11T05:29:14.826+0000][8][gc,marking  ] GC(158) Concurrent Clear Claimed Marks 0.115ms
[2021-05-11T05:29:14.826+0000][8][gc,marking  ] GC(158) Concurrent Scan Root Regions
[2021-05-11T05:29:14.827+0000][8][gc,marking  ] GC(158) Concurrent Scan Root Regions 1.486ms
[2021-05-11T05:29:14.827+0000][8][gc,marking  ] GC(158) Concurrent Mark (10364.212s)
[2021-05-11T05:29:14.827+0000][8][gc,marking  ] GC(158) Concurrent Mark From Roots
[2021-05-11T05:29:14.827+0000][8][gc,task     ] GC(158) Using 2 workers of 2 for marking
[2021-05-11T05:29:14.926+0000][8][gc,marking  ] GC(158) Concurrent Mark From Roots 98.709ms
[2021-05-11T05:29:14.926+0000][8][gc,marking  ] GC(158) Concurrent Preclean
[2021-05-11T05:29:14.926+0000][8][gc,marking  ] GC(158) Concurrent Preclean 0.252ms
[2021-05-11T05:29:14.926+0000][8][gc,marking  ] GC(158) Concurrent Mark (10364.212s, 10364.311s) 99.025ms
[2021-05-11T05:29:14.926+0000][8][gc,start    ] GC(158) Pause Remark
[2021-05-11T05:29:14.938+0000][8][gc          ] GC(158) Pause Remark 117M->117M(256M) 12.194ms
[2021-05-11T05:29:14.938+0000][8][gc,cpu      ] GC(158) User=0.06s Sys=0.00s Real=0.01s
[2021-05-11T05:29:14.938+0000][8][safepoint   ] Safepoint "G1Concurrent", Time since last: 100715465 ns, Reaching safepoint: 69073 ns, At safepoint: 12270206 ns, Total: 12339279 ns
[2021-05-11T05:29:14.938+0000][8][gc,marking  ] GC(158) Concurrent Rebuild Remembered Sets
[2021-05-11T05:29:14.998+0000][8][gc,marking  ] GC(158) Concurrent Rebuild Remembered Sets 59.858ms
[2021-05-11T05:29:14.998+0000][8][gc,start    ] GC(158) Pause Cleanup
[2021-05-11T05:29:14.999+0000][8][gc          ] GC(158) Pause Cleanup 117M->117M(256M) 0.069ms
[2021-05-11T05:29:14.999+0000][8][gc,cpu      ] GC(158) User=0.00s Sys=0.00s Real=0.00s
[2021-05-11T05:29:14.999+0000][8][safepoint   ] Safepoint "G1Concurrent", Time since last: 59935179 ns, Reaching safepoint: 74241 ns, At safepoint: 106141 ns, Total: 180382 ns
[2021-05-11T05:29:14.999+0000][8][gc,marking  ] GC(158) Concurrent Cleanup for Next Mark
[2021-05-11T05:29:14.999+0000][8][gc,marking  ] GC(158) Concurrent Cleanup for Next Mark 0.130ms
[2021-05-11T05:29:14.999+0000][8][gc          ] GC(158) Concurrent Cycle 173.370ms
[2021-05-11T05:29:15.999+0000][8][safepoint   ] Safepoint "Cleanup", Time since last: 1000074008 ns, Reaching safepoint: 135424 ns, At safepoint: 6648 ns, Total: 142072 ns
[2021-05-11T05:29:17.999+0000][8][safepoint   ] Safepoint "Cleanup", Time since last: 2000341796 ns, Reaching safepoint: 123686 ns, At safepoint: 7012 ns, Total: 130698 ns
[2021-05-11T05:29:19.000+0000][8][safepoint   ] Safepoint "Cleanup", Time since last: 1000226788 ns, Reaching safepoint: 210920 ns, At safepoint: 7150 ns, Total: 218070 ns
[2021-05-11T05:29:25.001+0000][8][safepoint   ] Safepoint "Cleanup", Time since last: 6000814043 ns, Reaching safepoint: 136156 ns, At safepoint: 8820 ns, Total: 144976 ns
[2021-05-11T05:29:26.001+0000][8][safepoint   ] Safepoint "Cleanup", Time since last: 1000164162 ns, Reaching safepoint: 128936 ns, At safepoint: 7797 ns, Total: 136733 ns
[2021-05-11T05:29:49.003+0000][8][safepoint   ] Safepoint "Cleanup", Time since last: 23002251135 ns, Reaching safepoint: 85949 ns, At safepoint: 5343 ns, Total: 91292 ns
[2021-05-11T05:29:52.004+0000][8][safepoint   ] Safepoint "Cleanup", Time since last: 3000381701 ns, Reaching safepoint: 178085 ns, At safepoint: 7079 ns, Total: 185164 ns
[2021-05-11T05:29:55.004+0000][8][safepoint   ] Safepoint "Cleanup", Time since last: 3000253106 ns, Reaching safepoint: 118347 ns, At safepoint: 7011 ns, Total: 125358 ns
[2021-05-11T05:30:00.005+0000][8][safepoint   ] Safepoint "Cleanup", Time since last: 5000538649 ns, Reaching safepoint: 108588 ns, At safepoint: 7313 ns, Total: 115901 ns
[2021-05-11T05:30:25.008+0000][8][safepoint   ] Safepoint "Cleanup", Time since last: 25002746304 ns, Reaching safepoint: 97930 ns, At safepoint: 6660 ns, Total: 104590 ns
[2021-05-11T05:31:16.013+0000][8][safepoint   ] Safepoint "Cleanup", Time since last: 51005121387 ns, Reaching safepoint: 138656 ns, At safepoint: 6432 ns, Total: 145088 ns
[2021-05-11T05:31:19.014+0000][8][safepoint   ] Safepoint "Cleanup", Time since last: 3000558178 ns, Reaching safepoint: 101829 ns, At safepoint: 4949 ns, Total: 106778 ns
[2021-05-11T05:31:25.014+0000][8][safepoint   ] Safepoint "Cleanup", Time since last: 6000428635 ns, Reaching safepoint: 120009 ns, At safepoint: 8297 ns, Total: 128306 ns
[2021-05-11T05:31:25.450+0000][8][gc,start    ] GC(159) Pause Young (Normal) (G1 Evacuation Pause)
[2021-05-11T05:31:25.450+0000][8][gc,task     ] GC(159) Using 6 workers of 8 for evacuation
[2021-05-11T05:31:25.450+0000][8][gc,age      ] GC(159) Desired survivor size 6291456 bytes, new threshold 15 (max threshold 15)
[2021-05-11T05:31:25.452+0000][8][gc,age      ] GC(159) Age table with threshold 15 (max threshold 15)
[2021-05-11T05:31:25.452+0000][8][gc,age      ] GC(159) - age   1:     787912 bytes,     787912 total
[2021-05-11T05:31:25.452+0000][8][gc,age      ] GC(159) - age   2:        264 bytes,     788176 total
[2021-05-11T05:31:25.452+0000][8][gc,age      ] GC(159) - age   3:       2832 bytes,     791008 total
[2021-05-11T05:31:25.452+0000][8][gc,age      ] GC(159) - age   4:       4464 bytes,     795472 total
[2021-05-11T05:31:25.452+0000][8][gc,age      ] GC(159) - age   5:     228048 bytes,    1023520 total
[2021-05-11T05:31:25.452+0000][8][gc,age      ] GC(159) - age   7:         40 bytes,    1023560 total
[2021-05-11T05:31:25.452+0000][8][gc,age      ] GC(159) - age   8:       2312 bytes,    1025872 total
[2021-05-11T05:31:25.452+0000][8][gc,age      ] GC(159) - age   9:        448 bytes,    1026320 total
[2021-05-11T05:31:25.452+0000][8][gc,age      ] GC(159) - age  10:        176 bytes,    1026496 total
[2021-05-11T05:31:25.452+0000][8][gc,age      ] GC(159) - age  11:         96 bytes,    1026592 total
[2021-05-11T05:31:25.452+0000][8][gc,age      ] GC(159) - age  12:        336 bytes,    1026928 total
[2021-05-11T05:31:25.452+0000][8][gc,age      ] GC(159) - age  13:        720 bytes,    1027648 total
[2021-05-11T05:31:25.452+0000][8][gc,age      ] GC(159) - age  14:       1296 bytes,    1028944 total
[2021-05-11T05:31:25.452+0000][8][gc,age      ] GC(159) - age  15:       4184 bytes,    1033128 total
[2021-05-11T05:31:25.453+0000][8][gc,phases   ] GC(159)   Pre Evacuate Collection Set: 0.1ms
[2021-05-11T05:31:25.453+0000][8][gc,phases   ] GC(159)   Merge Heap Roots: 0.1ms
[2021-05-11T05:31:25.453+0000][8][gc,phases   ] GC(159)   Evacuate Collection Set: 1.1ms
[2021-05-11T05:31:25.453+0000][8][gc,phases   ] GC(159)   Post Evacuate Collection Set: 0.7ms
[2021-05-11T05:31:25.453+0000][8][gc,phases   ] GC(159)   Other: 0.3ms
[2021-05-11T05:31:25.453+0000][8][gc,heap     ] GC(159) Eden regions: 21->0(21)
[2021-05-11T05:31:25.453+0000][8][gc,heap     ] GC(159) Survivor regions: 1->1(3)
[2021-05-11T05:31:25.453+0000][8][gc,heap     ] GC(159) Old regions: 27->27
[2021-05-11T05:31:25.453+0000][8][gc,heap     ] GC(159) Archive regions: 2->2
[2021-05-11T05:31:25.453+0000][8][gc,heap     ] GC(159) Humongous regions: 2->2
[2021-05-11T05:31:25.453+0000][8][gc,metaspace] GC(159) Metaspace: 108239K(113008K)->108239K(113008K) NonClass: 94347K(97776K)->94347K(97776K) Class: 13892K(15232K)->13892K(15232K)
[2021-05-11T05:31:25.453+0000][8][gc          ] GC(159) Pause Young (Normal) (G1 Evacuation Pause) 200M->117M(256M) 2.363ms
[2021-05-11T05:31:25.453+0000][8][gc,cpu      ] GC(159) User=0.01s Sys=0.00s Real=0.00s
[2021-05-11T05:31:25.453+0000][8][safepoint   ] Safepoint "G1CollectForAllocation", Time since last: 435878670 ns, Reaching safepoint: 150106 ns, At safepoint: 2456616 ns, Total: 2606722 ns
[2021-05-11T05:31:52.257+0000][8][safepoint   ] Safepoint "Cleanup", Time since last: 26804200468 ns, Reaching safepoint: 90709 ns, At safepoint: 4329 ns, Total: 95038 ns
[2021-05-11T05:32:25.261+0000][8][safepoint   ] Safepoint "Cleanup", Time since last: 33003445594 ns, Reaching safepoint: 166239 ns, At safepoint: 7230 ns, Total: 173469 ns
[2021-05-11T05:32:26.261+0000][8][safepoint   ] Safepoint "Cleanup", Time since last: 1000165240 ns, Reaching safepoint: 81441 ns, At safepoint: 6172 ns, Total: 87613 ns
[2021-05-11T05:32:45.262+0000][8][safepoint   ] Safepoint "Cleanup", Time since last: 19001455522 ns, Reaching safepoint: 92393 ns, At safepoint: 6709 ns, Total: 99102 ns
[2021-05-11T05:32:50.263+0000][8][safepoint   ] Safepoint "Cleanup", Time since last: 5000435927 ns, Reaching safepoint: 183137 ns, At safepoint: 4967 ns, Total: 188104 ns
[2021-05-11T05:32:52.263+0000][8][safepoint   ] Safepoint "Cleanup", Time since last: 2000230064 ns, Reaching safepoint: 91928 ns, At safepoint: 3084 ns, Total: 95012 ns
[2021-05-11T05:32:55.459+0000][8][gc,start    ] GC(160) Pause Young (Concurrent Start) (G1 Evacuation Pause)
[2021-05-11T05:32:55.459+0000][8][gc,task     ] GC(160) Using 6 workers of 8 for evacuation
[2021-05-11T05:32:55.459+0000][8][gc,age      ] GC(160) Desired survivor size 6291456 bytes, new threshold 15 (max threshold 15)
[2021-05-11T05:32:55.461+0000][8][gc,age      ] GC(160) Age table with threshold 15 (max threshold 15)
[2021-05-11T05:32:55.461+0000][8][gc,age      ] GC(160) - age   1:     772840 bytes,     772840 total
[2021-05-11T05:32:55.461+0000][8][gc,age      ] GC(160) - age   2:     345272 bytes,    1118112 total
[2021-05-11T05:32:55.461+0000][8][gc,age      ] GC(160) - age   3:        264 bytes,    1118376 total
[2021-05-11T05:32:55.461+0000][8][gc,age      ] GC(160) - age   4:       2520 bytes,    1120896 total
[2021-05-11T05:32:55.461+0000][8][gc,age      ] GC(160) - age   5:       3344 bytes,    1124240 total
[2021-05-11T05:32:55.461+0000][8][gc,age      ] GC(160) - age   6:      53736 bytes,    1177976 total
[2021-05-11T05:32:55.461+0000][8][gc,age      ] GC(160) - age   9:       1336 bytes,    1179312 total
[2021-05-11T05:32:55.461+0000][8][gc,age      ] GC(160) - age  10:        448 bytes,    1179760 total
[2021-05-11T05:32:55.461+0000][8][gc,age      ] GC(160) - age  11:        176 bytes,    1179936 total
[2021-05-11T05:32:55.461+0000][8][gc,age      ] GC(160) - age  12:         96 bytes,    1180032 total
[2021-05-11T05:32:55.461+0000][8][gc,age      ] GC(160) - age  13:        336 bytes,    1180368 total
[2021-05-11T05:32:55.461+0000][8][gc,age      ] GC(160) - age  14:        720 bytes,    1181088 total
[2021-05-11T05:32:55.461+0000][8][gc,age      ] GC(160) - age  15:       1296 bytes,    1182384 total
[2021-05-11T05:32:55.461+0000][8][gc,phases   ] GC(160)   Pre Evacuate Collection Set: 0.1ms
[2021-05-11T05:32:55.461+0000][8][gc,phases   ] GC(160)   Merge Heap Roots: 0.0ms
[2021-05-11T05:32:55.461+0000][8][gc,phases   ] GC(160)   Evacuate Collection Set: 1.1ms
[2021-05-11T05:32:55.461+0000][8][gc,phases   ] GC(160)   Post Evacuate Collection Set: 0.7ms
[2021-05-11T05:32:55.461+0000][8][gc,phases   ] GC(160)   Other: 0.3ms
[2021-05-11T05:32:55.461+0000][8][gc,heap     ] GC(160) Eden regions: 21->0(21)
[2021-05-11T05:32:55.461+0000][8][gc,heap     ] GC(160) Survivor regions: 1->1(3)
[2021-05-11T05:32:55.461+0000][8][gc,heap     ] GC(160) Old regions: 27->27
[2021-05-11T05:32:55.461+0000][8][gc,heap     ] GC(160) Archive regions: 2->2
[2021-05-11T05:32:55.461+0000][8][gc,heap     ] GC(160) Humongous regions: 2->2
[2021-05-11T05:32:55.461+0000][8][gc,metaspace] GC(160) Metaspace: 108263K(113008K)->108263K(113008K) NonClass: 94369K(97776K)->94369K(97776K) Class: 13893K(15232K)->13893K(15232K)
[2021-05-11T05:32:55.461+0000][8][gc          ] GC(160) Pause Young (Concurrent Start) (G1 Evacuation Pause) 201M->117M(256M) 2.270ms
[2021-05-11T05:32:55.461+0000][8][gc,cpu      ] GC(160) User=0.01s Sys=0.00s Real=0.00s
[2021-05-11T05:32:55.461+0000][8][gc          ] GC(161) Concurrent Cycle
[2021-05-11T05:32:55.461+0000][8][safepoint   ] Safepoint "G1CollectForAllocation", Time since last: 3195336626 ns, Reaching safepoint: 157220 ns, At safepoint: 2359501 ns, Total: 2516721 ns
[2021-05-11T05:32:55.461+0000][8][gc,marking  ] GC(161) Concurrent Clear Claimed Marks
[2021-05-11T05:32:55.461+0000][8][gc,marking  ] GC(161) Concurrent Clear Claimed Marks 0.106ms
[2021-05-11T05:32:55.461+0000][8][gc,marking  ] GC(161) Concurrent Scan Root Regions
[2021-05-11T05:32:55.462+0000][8][gc,marking  ] GC(161) Concurrent Scan Root Regions 1.114ms
[2021-05-11T05:32:55.462+0000][8][gc,marking  ] GC(161) Concurrent Mark (10584.848s)
[2021-05-11T05:32:55.463+0000][8][gc,marking  ] GC(161) Concurrent Mark From Roots
[2021-05-11T05:32:55.463+0000][8][gc,task     ] GC(161) Using 2 workers of 2 for marking
[2021-05-11T05:32:55.547+0000][8][gc,marking  ] GC(161) Concurrent Mark From Roots 84.596ms
[2021-05-11T05:32:55.547+0000][8][gc,marking  ] GC(161) Concurrent Preclean
[2021-05-11T05:32:55.547+0000][8][gc,marking  ] GC(161) Concurrent Preclean 0.232ms
[2021-05-11T05:32:55.547+0000][8][gc,marking  ] GC(161) Concurrent Mark (10584.848s, 10584.933s) 84.874ms
[2021-05-11T05:32:55.547+0000][8][gc,start    ] GC(161) Pause Remark
[2021-05-11T05:32:55.553+0000][8][gc          ] GC(161) Pause Remark 118M->118M(256M) 5.110ms
[2021-05-11T05:32:55.553+0000][8][gc,cpu      ] GC(161) User=0.03s Sys=0.00s Real=0.01s
[2021-05-11T05:32:55.553+0000][8][safepoint   ] Safepoint "G1Concurrent", Time since last: 86165419 ns, Reaching safepoint: 62105 ns, At safepoint: 5176134 ns, Total: 5238239 ns
[2021-05-11T05:32:55.553+0000][8][gc,marking  ] GC(161) Concurrent Rebuild Remembered Sets
[2021-05-11T05:32:55.609+0000][8][gc,marking  ] GC(161) Concurrent Rebuild Remembered Sets 56.367ms
[2021-05-11T05:32:55.609+0000][8][gc,start    ] GC(161) Pause Cleanup
[2021-05-11T05:32:55.609+0000][8][gc          ] GC(161) Pause Cleanup 118M->118M(256M) 0.076ms
[2021-05-11T05:32:55.609+0000][8][gc,cpu      ] GC(161) User=0.00s Sys=0.00s Real=0.00s
[2021-05-11T05:32:55.609+0000][8][safepoint   ] Safepoint "G1Concurrent", Time since last: 56470283 ns, Reaching safepoint: 158844 ns, At safepoint: 118854 ns, Total: 277698 ns
[2021-05-11T05:32:55.609+0000][8][gc,marking  ] GC(161) Concurrent Cleanup for Next Mark
[2021-05-11T05:32:55.610+0000][8][gc,marking  ] GC(161) Concurrent Cleanup for Next Mark 0.302ms
[2021-05-11T05:32:55.610+0000][8][gc          ] GC(161) Concurrent Cycle 148.563ms
[2021-05-11T05:33:25.613+0000][8][safepoint   ] Safepoint "Cleanup", Time since last: 30003412022 ns, Reaching safepoint: 73823 ns, At safepoint: 5818 ns, Total: 79641 ns
[2021-05-11T05:33:52.616+0000][8][safepoint   ] Safepoint "Cleanup", Time since last: 27002765318 ns, Reaching safepoint: 127875 ns, At safepoint: 6651 ns, Total: 134526 ns
[2021-05-11T05:33:55.616+0000][8][safepoint   ] Safepoint "Cleanup", Time since last: 3000422937 ns, Reaching safepoint: 99885 ns, At safepoint: 5444 ns, Total: 105329 ns
[2021-05-11T05:34:08.618+0000][8][safepoint   ] Safepoint "Cleanup", Time since last: 13001400566 ns, Reaching safepoint: 142836 ns, At safepoint: 7427 ns, Total: 150263 ns
[2021-05-11T05:34:25.620+0000][8][safepoint   ] Safepoint "Cleanup", Time since last: 17002055671 ns, Reaching safepoint: 73409 ns, At safepoint: 5785 ns, Total: 79194 ns
[2021-05-11T05:35:11.712+0000][8][gc,start    ] GC(162) Pause Young (Normal) (G1 Evacuation Pause)
[2021-05-11T05:35:11.712+0000][8][gc,task     ] GC(162) Using 6 workers of 8 for evacuation
[2021-05-11T05:35:11.712+0000][8][gc,age      ] GC(162) Desired survivor size 6291456 bytes, new threshold 15 (max threshold 15)
[2021-05-11T05:35:11.714+0000][8][gc,age      ] GC(162) Age table with threshold 15 (max threshold 15)
[2021-05-11T05:35:11.714+0000][8][gc,age      ] GC(162) - age   1:     512976 bytes,     512976 total
[2021-05-11T05:35:11.714+0000][8][gc,age      ] GC(162) - age   2:     276360 bytes,     789336 total
[2021-05-11T05:35:11.714+0000][8][gc,age      ] GC(162) - age   3:     345040 bytes,    1134376 total
[2021-05-11T05:35:11.714+0000][8][gc,age      ] GC(162) - age   4:        264 bytes,    1134640 total
[2021-05-11T05:35:11.714+0000][8][gc,age      ] GC(162) - age   5:       2520 bytes,    1137160 total
[2021-05-11T05:35:11.714+0000][8][gc,age      ] GC(162) - age   6:       3344 bytes,    1140504 total
[2021-05-11T05:35:11.714+0000][8][gc,age      ] GC(162) - age   7:      53736 bytes,    1194240 total
[2021-05-11T05:35:11.714+0000][8][gc,age      ] GC(162) - age  10:       1136 bytes,    1195376 total
[2021-05-11T05:35:11.714+0000][8][gc,age      ] GC(162) - age  11:        448 bytes,    1195824 total
[2021-05-11T05:35:11.714+0000][8][gc,age      ] GC(162) - age  12:         80 bytes,    1195904 total
[2021-05-11T05:35:11.714+0000][8][gc,age      ] GC(162) - age  13:         96 bytes,    1196000 total
[2021-05-11T05:35:11.714+0000][8][gc,age      ] GC(162) - age  14:        336 bytes,    1196336 total
[2021-05-11T05:35:11.714+0000][8][gc,age      ] GC(162) - age  15:        720 bytes,    1197056 total
[2021-05-11T05:35:11.714+0000][8][gc,phases   ] GC(162)   Pre Evacuate Collection Set: 0.1ms
[2021-05-11T05:35:11.714+0000][8][gc,phases   ] GC(162)   Merge Heap Roots: 0.1ms
[2021-05-11T05:35:11.714+0000][8][gc,phases   ] GC(162)   Evacuate Collection Set: 1.2ms
[2021-05-11T05:35:11.714+0000][8][gc,phases   ] GC(162)   Post Evacuate Collection Set: 0.8ms
[2021-05-11T05:35:11.714+0000][8][gc,phases   ] GC(162)   Other: 0.5ms
[2021-05-11T05:35:11.714+0000][8][gc,heap     ] GC(162) Eden regions: 21->0(21)
[2021-05-11T05:35:11.715+0000][8][gc,heap     ] GC(162) Survivor regions: 1->1(3)
[2021-05-11T05:35:11.715+0000][8][gc,heap     ] GC(162) Old regions: 27->27
[2021-05-11T05:35:11.715+0000][8][gc,heap     ] GC(162) Archive regions: 2->2
[2021-05-11T05:35:11.715+0000][8][gc,heap     ] GC(162) Humongous regions: 2->2
[2021-05-11T05:35:11.715+0000][8][gc,metaspace] GC(162) Metaspace: 108283K(113008K)->108283K(113008K) NonClass: 94388K(97776K)->94388K(97776K) Class: 13895K(15232K)->13895K(15232K)
[2021-05-11T05:35:11.715+0000][8][gc          ] GC(162) Pause Young (Normal) (G1 Evacuation Pause) 201M->117M(256M) 2.777ms
[2021-05-11T05:35:11.715+0000][8][gc,cpu      ] GC(162) User=0.01s Sys=0.00s Real=0.00s
[2021-05-11T05:35:11.715+0000][8][safepoint   ] Safepoint "G1CollectForAllocation", Time since last: 46091558940 ns, Reaching safepoint: 159079 ns, At safepoint: 2909287 ns, Total: 3068366 ns
[2021-05-11T05:35:55.720+0000][8][safepoint   ] Safepoint "Cleanup", Time since last: 44005268506 ns, Reaching safepoint: 102741 ns, At safepoint: 5583 ns, Total: 108324 ns
[2021-05-11T05:36:49.725+0000][8][safepoint   ] Safepoint "Cleanup", Time since last: 54005333189 ns, Reaching safepoint: 134124 ns, At safepoint: 5191 ns, Total: 139315 ns
[2021-05-11T05:36:52.726+0000][8][safepoint   ] Safepoint "Cleanup", Time since last: 3000449558 ns, Reaching safepoint: 92015 ns, At safepoint: 5600 ns, Total: 97615 ns
[2021-05-11T05:37:16.006+0000][8][gc,start    ] GC(163) Pause Young (Concurrent Start) (G1 Evacuation Pause)
[2021-05-11T05:37:16.007+0000][8][gc,task     ] GC(163) Using 6 workers of 8 for evacuation
[2021-05-11T05:37:16.007+0000][8][gc,age      ] GC(163) Desired survivor size 6291456 bytes, new threshold 15 (max threshold 15)
[2021-05-11T05:37:16.008+0000][8][gc,age      ] GC(163) Age table with threshold 15 (max threshold 15)
[2021-05-11T05:37:16.008+0000][8][gc,age      ] GC(163) - age   1:     528232 bytes,     528232 total
[2021-05-11T05:37:16.008+0000][8][gc,age      ] GC(163) - age   2:       5952 bytes,     534184 total
[2021-05-11T05:37:16.008+0000][8][gc,age      ] GC(163) - age   3:     154480 bytes,     688664 total
[2021-05-11T05:37:16.008+0000][8][gc,age      ] GC(163) - age   4:     345016 bytes,    1033680 total
[2021-05-11T05:37:16.008+0000][8][gc,age      ] GC(163) - age   5:        264 bytes,    1033944 total
[2021-05-11T05:37:16.008+0000][8][gc,age      ] GC(163) - age   6:         24 bytes,    1033968 total
[2021-05-11T05:37:16.008+0000][8][gc,age      ] GC(163) - age   7:       3320 bytes,    1037288 total
[2021-05-11T05:37:16.008+0000][8][gc,age      ] GC(163) - age   8:      53480 bytes,    1090768 total
[2021-05-11T05:37:16.008+0000][8][gc,age      ] GC(163) - age  11:       1136 bytes,    1091904 total
[2021-05-11T05:37:16.008+0000][8][gc,age      ] GC(163) - age  12:        448 bytes,    1092352 total
[2021-05-11T05:37:16.008+0000][8][gc,age      ] GC(163) - age  13:         80 bytes,    1092432 total
[2021-05-11T05:37:16.008+0000][8][gc,age      ] GC(163) - age  14:         96 bytes,    1092528 total
[2021-05-11T05:37:16.008+0000][8][gc,age      ] GC(163) - age  15:        336 bytes,    1092864 total
[2021-05-11T05:37:16.008+0000][8][gc,phases   ] GC(163)   Pre Evacuate Collection Set: 0.1ms
[2021-05-11T05:37:16.008+0000][8][gc,phases   ] GC(163)   Merge Heap Roots: 0.0ms
[2021-05-11T05:37:16.008+0000][8][gc,phases   ] GC(163)   Evacuate Collection Set: 0.8ms
[2021-05-11T05:37:16.008+0000][8][gc,phases   ] GC(163)   Post Evacuate Collection Set: 0.4ms
[2021-05-11T05:37:16.008+0000][8][gc,phases   ] GC(163)   Other: 0.3ms
[2021-05-11T05:37:16.008+0000][8][gc,heap     ] GC(163) Eden regions: 21->0(21)
[2021-05-11T05:37:16.008+0000][8][gc,heap     ] GC(163) Survivor regions: 1->1(3)
[2021-05-11T05:37:16.008+0000][8][gc,heap     ] GC(163) Old regions: 27->27
[2021-05-11T05:37:16.008+0000][8][gc,heap     ] GC(163) Archive regions: 2->2
[2021-05-11T05:37:16.008+0000][8][gc,heap     ] GC(163) Humongous regions: 2->2
[2021-05-11T05:37:16.008+0000][8][gc,metaspace] GC(163) Metaspace: 108299K(113008K)->108299K(113008K) NonClass: 94403K(97776K)->94403K(97776K) Class: 13895K(15232K)->13895K(15232K)
[2021-05-11T05:37:16.008+0000][8][gc          ] GC(163) Pause Young (Concurrent Start) (G1 Evacuation Pause) 201M->117M(256M) 1.799ms
[2021-05-11T05:37:16.008+0000][8][gc,cpu      ] GC(163) User=0.01s Sys=0.00s Real=0.00s
[2021-05-11T05:37:16.008+0000][8][gc          ] GC(164) Concurrent Cycle
[2021-05-11T05:37:16.008+0000][8][safepoint   ] Safepoint "G1CollectForAllocation", Time since last: 23280262264 ns, Reaching safepoint: 170726 ns, At safepoint: 1913130 ns, Total: 2083856 ns
[2021-05-11T05:37:16.008+0000][8][gc,marking  ] GC(164) Concurrent Clear Claimed Marks
[2021-05-11T05:37:16.008+0000][8][gc,marking  ] GC(164) Concurrent Clear Claimed Marks 0.108ms
[2021-05-11T05:37:16.008+0000][8][gc,marking  ] GC(164) Concurrent Scan Root Regions
[2021-05-11T05:37:16.010+0000][8][gc,marking  ] GC(164) Concurrent Scan Root Regions 1.870ms
[2021-05-11T05:37:16.010+0000][8][gc,marking  ] GC(164) Concurrent Mark (10845.396s)
[2021-05-11T05:37:16.010+0000][8][gc,marking  ] GC(164) Concurrent Mark From Roots
[2021-05-11T05:37:16.010+0000][8][gc,task     ] GC(164) Using 2 workers of 2 for marking
[2021-05-11T05:37:16.098+0000][8][gc,marking  ] GC(164) Concurrent Mark From Roots 87.481ms
[2021-05-11T05:37:16.098+0000][8][gc,marking  ] GC(164) Concurrent Preclean
[2021-05-11T05:37:16.098+0000][8][gc,marking  ] GC(164) Concurrent Preclean 0.222ms
[2021-05-11T05:37:16.098+0000][8][gc,marking  ] GC(164) Concurrent Mark (10845.396s, 10845.484s) 87.748ms
[2021-05-11T05:37:16.098+0000][8][gc,start    ] GC(164) Pause Remark
[2021-05-11T05:37:16.105+0000][8][gc          ] GC(164) Pause Remark 117M->117M(256M) 6.172ms
[2021-05-11T05:37:16.105+0000][8][gc,cpu      ] GC(164) User=0.04s Sys=0.00s Real=0.01s
[2021-05-11T05:37:16.105+0000][8][safepoint   ] Safepoint "G1Concurrent", Time since last: 89817116 ns, Reaching safepoint: 135477 ns, At safepoint: 6269849 ns, Total: 6405326 ns
[2021-05-11T05:37:16.105+0000][8][gc,marking  ] GC(164) Concurrent Rebuild Remembered Sets
[2021-05-11T05:37:16.164+0000][8][gc,marking  ] GC(164) Concurrent Rebuild Remembered Sets 59.885ms
[2021-05-11T05:37:16.165+0000][8][gc,start    ] GC(164) Pause Cleanup
[2021-05-11T05:37:16.165+0000][8][gc          ] GC(164) Pause Cleanup 118M->118M(256M) 0.079ms
[2021-05-11T05:37:16.165+0000][8][gc,cpu      ] GC(164) User=0.00s Sys=0.00s Real=0.00s
[2021-05-11T05:37:16.165+0000][8][safepoint   ] Safepoint "G1Concurrent", Time since last: 59958451 ns, Reaching safepoint: 71232 ns, At safepoint: 118009 ns, Total: 189241 ns
[2021-05-11T05:37:16.165+0000][8][gc,marking  ] GC(164) Concurrent Cleanup for Next Mark
[2021-05-11T05:37:16.165+0000][8][gc,marking  ] GC(164) Concurrent Cleanup for Next Mark 0.162ms
[2021-05-11T05:37:16.165+0000][8][gc          ] GC(164) Concurrent Cycle 156.588ms
[2021-05-11T05:38:19.171+0000][8][safepoint   ] Safepoint "Cleanup", Time since last: 63006304979 ns, Reaching safepoint: 120185 ns, At safepoint: 6446 ns, Total: 126631 ns
[2021-05-11T05:38:49.174+0000][8][safepoint   ] Safepoint "Cleanup", Time since last: 30002617342 ns, Reaching safepoint: 120513 ns, At safepoint: 5815 ns, Total: 126328 ns
[2021-05-11T05:39:25.485+0000][8][gc,start    ] GC(165) Pause Young (Normal) (G1 Evacuation Pause)
[2021-05-11T05:39:25.485+0000][8][gc,task     ] GC(165) Using 6 workers of 8 for evacuation
[2021-05-11T05:39:25.485+0000][8][gc,age      ] GC(165) Desired survivor size 6291456 bytes, new threshold 15 (max threshold 15)
[2021-05-11T05:39:25.486+0000][8][gc,age      ] GC(165) Age table with threshold 15 (max threshold 15)
[2021-05-11T05:39:25.486+0000][8][gc,age      ] GC(165) - age   1:     505560 bytes,     505560 total
[2021-05-11T05:39:25.486+0000][8][gc,age      ] GC(165) - age   2:       5608 bytes,     511168 total
[2021-05-11T05:39:25.486+0000][8][gc,age      ] GC(165) - age   3:       5856 bytes,     517024 total
[2021-05-11T05:39:25.486+0000][8][gc,age      ] GC(165) - age   4:     154480 bytes,     671504 total
[2021-05-11T05:39:25.486+0000][8][gc,age      ] GC(165) - age   5:     344872 bytes,    1016376 total
[2021-05-11T05:39:25.486+0000][8][gc,age      ] GC(165) - age   6:        264 bytes,    1016640 total
[2021-05-11T05:39:25.486+0000][8][gc,age      ] GC(165) - age   7:         24 bytes,    1016664 total
[2021-05-11T05:39:25.486+0000][8][gc,age      ] GC(165) - age   8:       3200 bytes,    1019864 total
[2021-05-11T05:39:25.486+0000][8][gc,age      ] GC(165) - age   9:      53480 bytes,    1073344 total
[2021-05-11T05:39:25.486+0000][8][gc,age      ] GC(165) - age  12:       1136 bytes,    1074480 total
[2021-05-11T05:39:25.486+0000][8][gc,age      ] GC(165) - age  13:        448 bytes,    1074928 total
[2021-05-11T05:39:25.486+0000][8][gc,age      ] GC(165) - age  15:         72 bytes,    1075000 total
[2021-05-11T05:39:25.486+0000][8][gc,phases   ] GC(165)   Pre Evacuate Collection Set: 0.0ms
[2021-05-11T05:39:25.486+0000][8][gc,phases   ] GC(165)   Merge Heap Roots: 0.0ms
[2021-05-11T05:39:25.486+0000][8][gc,phases   ] GC(165)   Evacuate Collection Set: 0.7ms
[2021-05-11T05:39:25.486+0000][8][gc,phases   ] GC(165)   Post Evacuate Collection Set: 0.6ms
[2021-05-11T05:39:25.486+0000][8][gc,phases   ] GC(165)   Other: 0.2ms
[2021-05-11T05:39:25.486+0000][8][gc,heap     ] GC(165) Eden regions: 21->0(21)
[2021-05-11T05:39:25.486+0000][8][gc,heap     ] GC(165) Survivor regions: 1->1(3)
[2021-05-11T05:39:25.486+0000][8][gc,heap     ] GC(165) Old regions: 27->27
[2021-05-11T05:39:25.486+0000][8][gc,heap     ] GC(165) Archive regions: 2->2
[2021-05-11T05:39:25.486+0000][8][gc,heap     ] GC(165) Humongous regions: 2->2
[2021-05-11T05:39:25.486+0000][8][gc,metaspace] GC(165) Metaspace: 108305K(113008K)->108305K(113008K) NonClass: 94409K(97776K)->94409K(97776K) Class: 13895K(15232K)->13895K(15232K)
[2021-05-11T05:39:25.487+0000][8][gc          ] GC(165) Pause Young (Normal) (G1 Evacuation Pause) 201M->117M(256M) 1.670ms
[2021-05-11T05:39:25.487+0000][8][gc,cpu      ] GC(165) User=0.00s Sys=0.00s Real=0.00s
[2021-05-11T05:39:25.487+0000][8][safepoint   ] Safepoint "G1CollectForAllocation", Time since last: 36310798145 ns, Reaching safepoint: 107289 ns, At safepoint: 1732462 ns, Total: 1839751 ns
[2021-05-11T05:39:55.490+0000][8][safepoint   ] Safepoint "Cleanup", Time since last: 30003169935 ns, Reaching safepoint: 70461 ns, At safepoint: 4447 ns, Total: 74908 ns
[2021-05-11T05:40:25.493+0000][8][safepoint   ] Safepoint "Cleanup", Time since last: 30003131152 ns, Reaching safepoint: 74140 ns, At safepoint: 3934 ns, Total: 78074 ns
[2021-05-11T05:41:42.415+0000][8][gc,start    ] GC(166) Pause Young (Concurrent Start) (G1 Evacuation Pause)
[2021-05-11T05:41:42.415+0000][8][gc,task     ] GC(166) Using 6 workers of 8 for evacuation
[2021-05-11T05:41:42.415+0000][8][gc,age      ] GC(166) Desired survivor size 6291456 bytes, new threshold 15 (max threshold 15)
[2021-05-11T05:41:42.416+0000][8][gc,age      ] GC(166) Age table with threshold 15 (max threshold 15)
[2021-05-11T05:41:42.417+0000][8][gc,age      ] GC(166) - age   1:     511232 bytes,     511232 total
[2021-05-11T05:41:42.417+0000][8][gc,age      ] GC(166) - age   2:       1512 bytes,     512744 total
[2021-05-11T05:41:42.417+0000][8][gc,age      ] GC(166) - age   3:       5320 bytes,     518064 total
[2021-05-11T05:41:42.417+0000][8][gc,age      ] GC(166) - age   4:       5856 bytes,     523920 total
[2021-05-11T05:41:42.417+0000][8][gc,age      ] GC(166) - age   5:     154240 bytes,     678160 total
[2021-05-11T05:41:42.417+0000][8][gc,age      ] GC(166) - age   6:     344872 bytes,    1023032 total
[2021-05-11T05:41:42.417+0000][8][gc,age      ] GC(166) - age   7:        264 bytes,    1023296 total
[2021-05-11T05:41:42.417+0000][8][gc,age      ] GC(166) - age   8:         24 bytes,    1023320 total
[2021-05-11T05:41:42.417+0000][8][gc,age      ] GC(166) - age   9:       3200 bytes,    1026520 total
[2021-05-11T05:41:42.417+0000][8][gc,age      ] GC(166) - age  10:      53480 bytes,    1080000 total
[2021-05-11T05:41:42.417+0000][8][gc,age      ] GC(166) - age  13:       1136 bytes,    1081136 total
[2021-05-11T05:41:42.417+0000][8][gc,age      ] GC(166) - age  14:        448 bytes,    1081584 total
[2021-05-11T05:41:42.417+0000][8][gc,phases   ] GC(166)   Pre Evacuate Collection Set: 0.1ms
[2021-05-11T05:41:42.417+0000][8][gc,phases   ] GC(166)   Merge Heap Roots: 0.1ms
[2021-05-11T05:41:42.417+0000][8][gc,phases   ] GC(166)   Evacuate Collection Set: 0.9ms
[2021-05-11T05:41:42.417+0000][8][gc,phases   ] GC(166)   Post Evacuate Collection Set: 0.4ms
[2021-05-11T05:41:42.417+0000][8][gc,phases   ] GC(166)   Other: 0.2ms
[2021-05-11T05:41:42.417+0000][8][gc,heap     ] GC(166) Eden regions: 21->0(21)
[2021-05-11T05:41:42.417+0000][8][gc,heap     ] GC(166) Survivor regions: 1->1(3)
[2021-05-11T05:41:42.417+0000][8][gc,heap     ] GC(166) Old regions: 27->27
[2021-05-11T05:41:42.417+0000][8][gc,heap     ] GC(166) Archive regions: 2->2
[2021-05-11T05:41:42.417+0000][8][gc,heap     ] GC(166) Humongous regions: 2->2
[2021-05-11T05:41:42.417+0000][8][gc,metaspace] GC(166) Metaspace: 108321K(113008K)->108321K(113008K) NonClass: 94425K(97776K)->94425K(97776K) Class: 13896K(15232K)->13896K(15232K)
[2021-05-11T05:41:42.417+0000][8][gc          ] GC(166) Pause Young (Concurrent Start) (G1 Evacuation Pause) 201M->117M(256M) 1.818ms
[2021-05-11T05:41:42.417+0000][8][gc,cpu      ] GC(166) User=0.01s Sys=0.00s Real=0.00s
[2021-05-11T05:41:42.417+0000][8][gc          ] GC(167) Concurrent Cycle
[2021-05-11T05:41:42.417+0000][8][safepoint   ] Safepoint "G1CollectForAllocation", Time since last: 76921745207 ns, Reaching safepoint: 99973 ns, At safepoint: 1884337 ns, Total: 1984310 ns
[2021-05-11T05:41:42.417+0000][8][gc,marking  ] GC(167) Concurrent Clear Claimed Marks
[2021-05-11T05:41:42.417+0000][8][gc,marking  ] GC(167) Concurrent Clear Claimed Marks 0.061ms
[2021-05-11T05:41:42.417+0000][8][gc,marking  ] GC(167) Concurrent Scan Root Regions
[2021-05-11T05:41:42.418+0000][8][gc,marking  ] GC(167) Concurrent Scan Root Regions 1.453ms
[2021-05-11T05:41:42.418+0000][8][gc,marking  ] GC(167) Concurrent Mark (11111.804s)
[2021-05-11T05:41:42.418+0000][8][gc,marking  ] GC(167) Concurrent Mark From Roots
[2021-05-11T05:41:42.418+0000][8][gc,task     ] GC(167) Using 2 workers of 2 for marking
[2021-05-11T05:41:42.500+0000][8][gc,marking  ] GC(167) Concurrent Mark From Roots 82.101ms
[2021-05-11T05:41:42.500+0000][8][gc,marking  ] GC(167) Concurrent Preclean
[2021-05-11T05:41:42.501+0000][8][gc,marking  ] GC(167) Concurrent Preclean 0.224ms
[2021-05-11T05:41:42.501+0000][8][gc,marking  ] GC(167) Concurrent Mark (11111.804s, 11111.886s) 82.370ms
[2021-05-11T05:41:42.501+0000][8][gc,start    ] GC(167) Pause Remark
[2021-05-11T05:41:42.506+0000][8][gc          ] GC(167) Pause Remark 117M->117M(256M) 5.356ms
[2021-05-11T05:41:42.506+0000][8][gc,cpu      ] GC(167) User=0.03s Sys=0.01s Real=0.01s
[2021-05-11T05:41:42.506+0000][8][safepoint   ] Safepoint "G1Concurrent", Time since last: 83951611 ns, Reaching safepoint: 75365 ns, At safepoint: 5430404 ns, Total: 5505769 ns
[2021-05-11T05:41:42.506+0000][8][gc,marking  ] GC(167) Concurrent Rebuild Remembered Sets
[2021-05-11T05:41:42.563+0000][8][gc,marking  ] GC(167) Concurrent Rebuild Remembered Sets 56.647ms
[2021-05-11T05:41:42.563+0000][8][gc,start    ] GC(167) Pause Cleanup
[2021-05-11T05:41:42.563+0000][8][gc          ] GC(167) Pause Cleanup 117M->117M(256M) 0.065ms
[2021-05-11T05:41:42.563+0000][8][gc,cpu      ] GC(167) User=0.00s Sys=0.00s Real=0.00s
[2021-05-11T05:41:42.563+0000][8][safepoint   ] Safepoint "G1Concurrent", Time since last: 56720080 ns, Reaching safepoint: 73018 ns, At safepoint: 116906 ns, Total: 189924 ns
[2021-05-11T05:41:42.563+0000][8][gc,marking  ] GC(167) Concurrent Cleanup for Next Mark
[2021-05-11T05:41:42.563+0000][8][gc,marking  ] GC(167) Concurrent Cleanup for Next Mark 0.167ms
[2021-05-11T05:41:42.563+0000][8][gc          ] GC(167) Concurrent Cycle 146.583ms
[2021-05-11T05:41:45.564+0000][8][safepoint   ] Safepoint "Cleanup", Time since last: 3000289925 ns, Reaching safepoint: 116387 ns, At safepoint: 7228 ns, Total: 123615 ns
[2021-05-11T05:41:48.564+0000][8][safepoint   ] Safepoint "Cleanup", Time since last: 3000502922 ns, Reaching safepoint: 114628 ns, At safepoint: 6650 ns, Total: 121278 ns
[2021-05-11T05:41:55.565+0000][8][safepoint   ] Safepoint "Cleanup", Time since last: 7001021279 ns, Reaching safepoint: 79664 ns, At safepoint: 4436 ns, Total: 84100 ns
[2021-05-11T05:42:50.570+0000][8][safepoint   ] Safepoint "Cleanup", Time since last: 55004748066 ns, Reaching safepoint: 82523 ns, At safepoint: 4192 ns, Total: 86715 ns
[2021-05-11T05:42:51.570+0000][8][safepoint   ] Safepoint "Cleanup", Time since last: 1000190582 ns, Reaching safepoint: 91021 ns, At safepoint: 6037 ns, Total: 97058 ns
[2021-05-11T05:43:12.422+0000][8][gc,start    ] GC(168) Pause Young (Normal) (G1 Evacuation Pause)
[2021-05-11T05:43:12.422+0000][8][gc,task     ] GC(168) Using 6 workers of 8 for evacuation
[2021-05-11T05:43:12.422+0000][8][gc,age      ] GC(168) Desired survivor size 6291456 bytes, new threshold 15 (max threshold 15)
[2021-05-11T05:43:12.423+0000][8][gc,age      ] GC(168) Age table with threshold 15 (max threshold 15)
[2021-05-11T05:43:12.423+0000][8][gc,age      ] GC(168) - age   1:     846616 bytes,     846616 total
[2021-05-11T05:43:12.423+0000][8][gc,age      ] GC(168) - age   2:       1016 bytes,     847632 total
[2021-05-11T05:43:12.423+0000][8][gc,age      ] GC(168) - age   3:       1160 bytes,     848792 total
[2021-05-11T05:43:12.423+0000][8][gc,age      ] GC(168) - age   4:       5208 bytes,     854000 total
[2021-05-11T05:43:12.423+0000][8][gc,age      ] GC(168) - age   5:       5568 bytes,     859568 total
[2021-05-11T05:43:12.423+0000][8][gc,age      ] GC(168) - age   6:       5384 bytes,     864952 total
[2021-05-11T05:43:12.423+0000][8][gc,age      ] GC(168) - age   7:     344680 bytes,    1209632 total
[2021-05-11T05:43:12.423+0000][8][gc,age      ] GC(168) - age   8:        264 bytes,    1209896 total
[2021-05-11T05:43:12.423+0000][8][gc,age      ] GC(168) - age   9:         24 bytes,    1209920 total
[2021-05-11T05:43:12.423+0000][8][gc,age      ] GC(168) - age  10:        912 bytes,    1210832 total
[2021-05-11T05:43:12.423+0000][8][gc,age      ] GC(168) - age  11:      51112 bytes,    1261944 total
[2021-05-11T05:43:12.423+0000][8][gc,age      ] GC(168) - age  14:        864 bytes,    1262808 total
[2021-05-11T05:43:12.423+0000][8][gc,age      ] GC(168) - age  15:        448 bytes,    1263256 total
[2021-05-11T05:43:12.423+0000][8][gc,phases   ] GC(168)   Pre Evacuate Collection Set: 0.0ms
[2021-05-11T05:43:12.423+0000][8][gc,phases   ] GC(168)   Merge Heap Roots: 0.0ms
[2021-05-11T05:43:12.423+0000][8][gc,phases   ] GC(168)   Evacuate Collection Set: 0.9ms
[2021-05-11T05:43:12.423+0000][8][gc,phases   ] GC(168)   Post Evacuate Collection Set: 0.4ms
[2021-05-11T05:43:12.423+0000][8][gc,phases   ] GC(168)   Other: 0.2ms
[2021-05-11T05:43:12.423+0000][8][gc,heap     ] GC(168) Eden regions: 21->0(21)
[2021-05-11T05:43:12.423+0000][8][gc,heap     ] GC(168) Survivor regions: 1->1(3)
[2021-05-11T05:43:12.423+0000][8][gc,heap     ] GC(168) Old regions: 27->27
[2021-05-11T05:43:12.423+0000][8][gc,heap     ] GC(168) Archive regions: 2->2
[2021-05-11T05:43:12.423+0000][8][gc,heap     ] GC(168) Humongous regions: 2->2
[2021-05-11T05:43:12.423+0000][8][gc,metaspace] GC(168) Metaspace: 108340K(113008K)->108340K(113008K) NonClass: 94444K(97776K)->94444K(97776K) Class: 13896K(15232K)->13896K(15232K)
[2021-05-11T05:43:12.423+0000][8][gc          ] GC(168) Pause Young (Normal) (G1 Evacuation Pause) 201M->117M(256M) 1.621ms
[2021-05-11T05:43:12.423+0000][8][gc,cpu      ] GC(168) User=0.00s Sys=0.00s Real=0.00s
[2021-05-11T05:43:12.423+0000][8][safepoint   ] Safepoint "G1CollectForAllocation", Time since last: 20851280877 ns, Reaching safepoint: 84717 ns, At safepoint: 1692982 ns, Total: 1777699 ns
[2021-05-11T05:43:26.425+0000][8][safepoint   ] Safepoint "Cleanup", Time since last: 14001688584 ns, Reaching safepoint: 74235 ns, At safepoint: 7019 ns, Total: 81254 ns
[2021-05-11T05:45:03.435+0000][8][safepoint   ] Safepoint "Cleanup", Time since last: 97009473004 ns, Reaching safepoint: 132201 ns, At safepoint: 6497 ns, Total: 138698 ns
[2021-05-11T05:45:25.437+0000][8][safepoint   ] Safepoint "Cleanup", Time since last: 22002425002 ns, Reaching safepoint: 195120 ns, At safepoint: 5549 ns, Total: 200669 ns
[2021-05-11T05:45:25.497+0000][8][gc,start    ] GC(169) Pause Young (Concurrent Start) (G1 Evacuation Pause)
[2021-05-11T05:45:25.497+0000][8][gc,task     ] GC(169) Using 6 workers of 8 for evacuation
[2021-05-11T05:45:25.497+0000][8][gc,age      ] GC(169) Desired survivor size 6291456 bytes, new threshold 15 (max threshold 15)
[2021-05-11T05:45:25.498+0000][8][gc,age      ] GC(169) Age table with threshold 15 (max threshold 15)
[2021-05-11T05:45:25.498+0000][8][gc,age      ] GC(169) - age   1:     645360 bytes,     645360 total
[2021-05-11T05:45:25.498+0000][8][gc,age      ] GC(169) - age   2:     301896 bytes,     947256 total
[2021-05-11T05:45:25.498+0000][8][gc,age      ] GC(169) - age   3:       1016 bytes,     948272 total
[2021-05-11T05:45:25.498+0000][8][gc,age      ] GC(169) - age   4:       1160 bytes,     949432 total
[2021-05-11T05:45:25.498+0000][8][gc,age      ] GC(169) - age   5:       5208 bytes,     954640 total
[2021-05-11T05:45:25.498+0000][8][gc,age      ] GC(169) - age   6:       2928 bytes,     957568 total
[2021-05-11T05:45:25.498+0000][8][gc,age      ] GC(169) - age   7:       5144 bytes,     962712 total
[2021-05-11T05:45:25.498+0000][8][gc,age      ] GC(169) - age   8:     344680 bytes,    1307392 total
[2021-05-11T05:45:25.498+0000][8][gc,age      ] GC(169) - age   9:        264 bytes,    1307656 total
[2021-05-11T05:45:25.498+0000][8][gc,age      ] GC(169) - age  10:         24 bytes,    1307680 total
[2021-05-11T05:45:25.498+0000][8][gc,age      ] GC(169) - age  11:        912 bytes,    1308592 total
[2021-05-11T05:45:25.498+0000][8][gc,age      ] GC(169) - age  12:      51112 bytes,    1359704 total
[2021-05-11T05:45:25.498+0000][8][gc,age      ] GC(169) - age  15:        864 bytes,    1360568 total
[2021-05-11T05:45:25.498+0000][8][gc,phases   ] GC(169)   Pre Evacuate Collection Set: 0.1ms
[2021-05-11T05:45:25.498+0000][8][gc,phases   ] GC(169)   Merge Heap Roots: 0.0ms
[2021-05-11T05:45:25.498+0000][8][gc,phases   ] GC(169)   Evacuate Collection Set: 0.9ms
[2021-05-11T05:45:25.498+0000][8][gc,phases   ] GC(169)   Post Evacuate Collection Set: 0.4ms
[2021-05-11T05:45:25.498+0000][8][gc,phases   ] GC(169)   Other: 0.2ms
[2021-05-11T05:45:25.498+0000][8][gc,heap     ] GC(169) Eden regions: 21->0(21)
[2021-05-11T05:45:25.498+0000][8][gc,heap     ] GC(169) Survivor regions: 1->1(3)
[2021-05-11T05:45:25.498+0000][8][gc,heap     ] GC(169) Old regions: 27->27
[2021-05-11T05:45:25.498+0000][8][gc,heap     ] GC(169) Archive regions: 2->2
[2021-05-11T05:45:25.498+0000][8][gc,heap     ] GC(169) Humongous regions: 2->2
[2021-05-11T05:45:25.498+0000][8][gc,metaspace] GC(169) Metaspace: 108343K(113008K)->108343K(113008K) NonClass: 94447K(97776K)->94447K(97776K) Class: 13896K(15232K)->13896K(15232K)
[2021-05-11T05:45:25.498+0000][8][gc          ] GC(169) Pause Young (Concurrent Start) (G1 Evacuation Pause) 201M->117M(256M) 1.722ms
[2021-05-11T05:45:25.498+0000][8][gc,cpu      ] GC(169) User=0.00s Sys=0.00s Real=0.00s
[2021-05-11T05:45:25.498+0000][8][gc          ] GC(170) Concurrent Cycle
[2021-05-11T05:45:25.498+0000][8][safepoint   ] Safepoint "G1CollectForAllocation", Time since last: 59091384 ns, Reaching safepoint: 159175 ns, At safepoint: 1791594 ns, Total: 1950769 ns
[2021-05-11T05:45:25.498+0000][8][gc,marking  ] GC(170) Concurrent Clear Claimed Marks
[2021-05-11T05:45:25.499+0000][8][gc,marking  ] GC(170) Concurrent Clear Claimed Marks 0.076ms
[2021-05-11T05:45:25.499+0000][8][gc,marking  ] GC(170) Concurrent Scan Root Regions
[2021-05-11T05:45:25.500+0000][8][gc,marking  ] GC(170) Concurrent Scan Root Regions 1.585ms
[2021-05-11T05:45:25.500+0000][8][gc,marking  ] GC(170) Concurrent Mark (11334.886s)
[2021-05-11T05:45:25.500+0000][8][gc,marking  ] GC(170) Concurrent Mark From Roots
[2021-05-11T05:45:25.500+0000][8][gc,task     ] GC(170) Using 2 workers of 2 for marking
[2021-05-11T05:45:25.593+0000][8][gc,marking  ] GC(170) Concurrent Mark From Roots 92.719ms
[2021-05-11T05:45:25.593+0000][8][gc,marking  ] GC(170) Concurrent Preclean
[2021-05-11T05:45:25.593+0000][8][gc,marking  ] GC(170) Concurrent Preclean 0.226ms
[2021-05-11T05:45:25.593+0000][8][gc,marking  ] GC(170) Concurrent Mark (11334.886s, 11334.979s) 92.989ms
[2021-05-11T05:45:25.593+0000][8][gc,start    ] GC(170) Pause Remark
[2021-05-11T05:45:25.599+0000][8][gc          ] GC(170) Pause Remark 120M->120M(256M) 5.400ms
[2021-05-11T05:45:25.599+0000][8][gc,cpu      ] GC(170) User=0.03s Sys=0.00s Real=0.00s
[2021-05-11T05:45:25.599+0000][8][safepoint   ] Safepoint "G1Concurrent", Time since last: 94717799 ns, Reaching safepoint: 63955 ns, At safepoint: 5468013 ns, Total: 5531968 ns
[2021-05-11T05:45:25.599+0000][8][gc,marking  ] GC(170) Concurrent Rebuild Remembered Sets
[2021-05-11T05:45:25.656+0000][8][gc,marking  ] GC(170) Concurrent Rebuild Remembered Sets 57.041ms
[2021-05-11T05:45:25.656+0000][8][gc,start    ] GC(170) Pause Cleanup
[2021-05-11T05:45:25.656+0000][8][gc          ] GC(170) Pause Cleanup 120M->120M(256M) 0.098ms
[2021-05-11T05:45:25.656+0000][8][gc,cpu      ] GC(170) User=0.00s Sys=0.00s Real=0.00s
[2021-05-11T05:45:25.656+0000][8][safepoint   ] Safepoint "G1Concurrent", Time since last: 57142515 ns, Reaching safepoint: 111233 ns, At safepoint: 148608 ns, Total: 259841 ns
[2021-05-11T05:45:25.656+0000][8][gc,marking  ] GC(170) Concurrent Cleanup for Next Mark
[2021-05-11T05:45:25.656+0000][8][gc,marking  ] GC(170) Concurrent Cleanup for Next Mark 0.306ms
[2021-05-11T05:45:25.656+0000][8][gc          ] GC(170) Concurrent Cycle 158.024ms
[2021-05-11T05:46:52.663+0000][8][safepoint   ] Safepoint "Cleanup", Time since last: 87006763883 ns, Reaching safepoint: 90876 ns, At safepoint: 5890 ns, Total: 96766 ns
[2021-05-11T05:47:26.992+0000][8][gc,start    ] GC(171) Pause Young (Normal) (G1 Evacuation Pause)
[2021-05-11T05:47:26.992+0000][8][gc,task     ] GC(171) Using 6 workers of 8 for evacuation
[2021-05-11T05:47:26.992+0000][8][gc,age      ] GC(171) Desired survivor size 6291456 bytes, new threshold 15 (max threshold 15)
[2021-05-11T05:47:26.994+0000][8][gc,age      ] GC(171) Age table with threshold 15 (max threshold 15)
[2021-05-11T05:47:26.994+0000][8][gc,age      ] GC(171) - age   1:     516984 bytes,     516984 total
[2021-05-11T05:47:26.994+0000][8][gc,age      ] GC(171) - age   2:       1264 bytes,     518248 total
[2021-05-11T05:47:26.994+0000][8][gc,age      ] GC(171) - age   3:     180144 bytes,     698392 total
[2021-05-11T05:47:26.994+0000][8][gc,age      ] GC(171) - age   4:        920 bytes,     699312 total
[2021-05-11T05:47:26.994+0000][8][gc,age      ] GC(171) - age   5:       1000 bytes,     700312 total
[2021-05-11T05:47:26.994+0000][8][gc,age      ] GC(171) - age   6:       2712 bytes,     703024 total
[2021-05-11T05:47:26.994+0000][8][gc,age      ] GC(171) - age   7:       2928 bytes,     705952 total
[2021-05-11T05:47:26.994+0000][8][gc,age      ] GC(171) - age   8:       5144 bytes,     711096 total
[2021-05-11T05:47:26.994+0000][8][gc,age      ] GC(171) - age   9:     344680 bytes,    1055776 total
[2021-05-11T05:47:26.994+0000][8][gc,age      ] GC(171) - age  10:        240 bytes,    1056016 total
[2021-05-11T05:47:26.994+0000][8][gc,age      ] GC(171) - age  11:         24 bytes,    1056040 total
[2021-05-11T05:47:26.994+0000][8][gc,age      ] GC(171) - age  12:        912 bytes,    1056952 total
[2021-05-11T05:47:26.994+0000][8][gc,age      ] GC(171) - age  13:      51112 bytes,    1108064 total
[2021-05-11T05:47:26.994+0000][8][gc,phases   ] GC(171)   Pre Evacuate Collection Set: 0.0ms
[2021-05-11T05:47:26.994+0000][8][gc,phases   ] GC(171)   Merge Heap Roots: 0.1ms
[2021-05-11T05:47:26.994+0000][8][gc,phases   ] GC(171)   Evacuate Collection Set: 1.2ms
[2021-05-11T05:47:26.994+0000][8][gc,phases   ] GC(171)   Post Evacuate Collection Set: 0.6ms
[2021-05-11T05:47:26.994+0000][8][gc,phases   ] GC(171)   Other: 0.3ms
[2021-05-11T05:47:26.994+0000][8][gc,heap     ] GC(171) Eden regions: 21->0(21)
[2021-05-11T05:47:26.994+0000][8][gc,heap     ] GC(171) Survivor regions: 1->1(3)
[2021-05-11T05:47:26.994+0000][8][gc,heap     ] GC(171) Old regions: 27->27
[2021-05-11T05:47:26.994+0000][8][gc,heap     ] GC(171) Archive regions: 2->2
[2021-05-11T05:47:26.994+0000][8][gc,heap     ] GC(171) Humongous regions: 2->2
[2021-05-11T05:47:26.994+0000][8][gc,metaspace] GC(171) Metaspace: 108354K(113008K)->108354K(113008K) NonClass: 94458K(97776K)->94458K(97776K) Class: 13896K(15232K)->13896K(15232K)
[2021-05-11T05:47:26.994+0000][8][gc          ] GC(171) Pause Young (Normal) (G1 Evacuation Pause) 201M->117M(256M) 2.227ms
[2021-05-11T05:47:26.994+0000][8][gc,cpu      ] GC(171) User=0.01s Sys=0.00s Real=0.00s
[2021-05-11T05:47:26.994+0000][8][safepoint   ] Safepoint "G1CollectForAllocation", Time since last: 34328551240 ns, Reaching safepoint: 100536 ns, At safepoint: 2298551 ns, Total: 2399087 ns
[2021-05-11T05:47:48.997+0000][8][safepoint   ] Safepoint "Cleanup", Time since last: 22002433814 ns, Reaching safepoint: 137962 ns, At safepoint: 7017 ns, Total: 144979 ns
[2021-05-11T05:47:51.997+0000][8][safepoint   ] Safepoint "Cleanup", Time since last: 3000237031 ns, Reaching safepoint: 186922 ns, At safepoint: 9092 ns, Total: 196014 ns
[2021-05-11T05:48:49.003+0000][8][safepoint   ] Safepoint "Cleanup", Time since last: 57005517440 ns, Reaching safepoint: 177009 ns, At safepoint: 11872 ns, Total: 188881 ns
[2021-05-11T05:48:52.003+0000][8][safepoint   ] Safepoint "Cleanup", Time since last: 3000578249 ns, Reaching safepoint: 120082 ns, At safepoint: 4664 ns, Total: 124746 ns
[2021-05-11T05:49:46.002+0000][8][gc,start    ] GC(172) Pause Young (Concurrent Start) (G1 Evacuation Pause)
[2021-05-11T05:49:46.002+0000][8][gc,task     ] GC(172) Using 6 workers of 8 for evacuation
[2021-05-11T05:49:46.002+0000][8][gc,age      ] GC(172) Desired survivor size 6291456 bytes, new threshold 15 (max threshold 15)
[2021-05-11T05:49:46.003+0000][8][gc,age      ] GC(172) Age table with threshold 15 (max threshold 15)
[2021-05-11T05:49:46.003+0000][8][gc,age      ] GC(172) - age   1:     515664 bytes,     515664 total
[2021-05-11T05:49:46.003+0000][8][gc,age      ] GC(172) - age   2:       3776 bytes,     519440 total
[2021-05-11T05:49:46.003+0000][8][gc,age      ] GC(172) - age   3:        528 bytes,     519968 total
[2021-05-11T05:49:46.003+0000][8][gc,age      ] GC(172) - age   4:     180144 bytes,     700112 total
[2021-05-11T05:49:46.003+0000][8][gc,age      ] GC(172) - age   5:        896 bytes,     701008 total
[2021-05-11T05:49:46.003+0000][8][gc,age      ] GC(172) - age   6:        880 bytes,     701888 total
[2021-05-11T05:49:46.003+0000][8][gc,age      ] GC(172) - age   7:       2712 bytes,     704600 total
[2021-05-11T05:49:46.003+0000][8][gc,age      ] GC(172) - age   8:       2928 bytes,     707528 total
[2021-05-11T05:49:46.003+0000][8][gc,age      ] GC(172) - age   9:       5144 bytes,     712672 total
[2021-05-11T05:49:46.003+0000][8][gc,age      ] GC(172) - age  10:     344640 bytes,    1057312 total
[2021-05-11T05:49:46.003+0000][8][gc,age      ] GC(172) - age  12:         24 bytes,    1057336 total
[2021-05-11T05:49:46.003+0000][8][gc,age      ] GC(172) - age  13:        912 bytes,    1058248 total
[2021-05-11T05:49:46.003+0000][8][gc,age      ] GC(172) - age  14:      51112 bytes,    1109360 total
[2021-05-11T05:49:46.003+0000][8][gc,phases   ] GC(172)   Pre Evacuate Collection Set: 0.1ms
[2021-05-11T05:49:46.003+0000][8][gc,phases   ] GC(172)   Merge Heap Roots: 0.1ms
[2021-05-11T05:49:46.003+0000][8][gc,phases   ] GC(172)   Evacuate Collection Set: 1.0ms
[2021-05-11T05:49:46.003+0000][8][gc,phases   ] GC(172)   Post Evacuate Collection Set: 0.4ms
[2021-05-11T05:49:46.003+0000][8][gc,phases   ] GC(172)   Other: 0.3ms
[2021-05-11T05:49:46.003+0000][8][gc,heap     ] GC(172) Eden regions: 21->0(21)
[2021-05-11T05:49:46.003+0000][8][gc,heap     ] GC(172) Survivor regions: 1->1(3)
[2021-05-11T05:49:46.003+0000][8][gc,heap     ] GC(172) Old regions: 27->27
[2021-05-11T05:49:46.003+0000][8][gc,heap     ] GC(172) Archive regions: 2->2
[2021-05-11T05:49:46.003+0000][8][gc,heap     ] GC(172) Humongous regions: 2->2
[2021-05-11T05:49:46.003+0000][8][gc,metaspace] GC(172) Metaspace: 108388K(113008K)->108388K(113008K) NonClass: 94492K(97776K)->94492K(97776K) Class: 13896K(15232K)->13896K(15232K)
[2021-05-11T05:49:46.004+0000][8][gc          ] GC(172) Pause Young (Concurrent Start) (G1 Evacuation Pause) 201M->117M(256M) 1.896ms
[2021-05-11T05:49:46.004+0000][8][gc,cpu      ] GC(172) User=0.01s Sys=0.00s Real=0.01s
[2021-05-11T05:49:46.004+0000][8][gc          ] GC(173) Concurrent Cycle
[2021-05-11T05:49:46.004+0000][8][safepoint   ] Safepoint "G1CollectForAllocation", Time since last: 53998081449 ns, Reaching safepoint: 141249 ns, At safepoint: 1968046 ns, Total: 2109295 ns
[2021-05-11T05:49:46.004+0000][8][gc,marking  ] GC(173) Concurrent Clear Claimed Marks
[2021-05-11T05:49:46.004+0000][8][gc,marking  ] GC(173) Concurrent Clear Claimed Marks 0.070ms
[2021-05-11T05:49:46.004+0000][8][gc,marking  ] GC(173) Concurrent Scan Root Regions
[2021-05-11T05:49:46.006+0000][8][gc,marking  ] GC(173) Concurrent Scan Root Regions 1.903ms
[2021-05-11T05:49:46.006+0000][8][gc,marking  ] GC(173) Concurrent Mark (11595.391s)
[2021-05-11T05:49:46.006+0000][8][gc,marking  ] GC(173) Concurrent Mark From Roots
[2021-05-11T05:49:46.006+0000][8][gc,task     ] GC(173) Using 2 workers of 2 for marking
[2021-05-11T05:49:46.092+0000][8][gc,marking  ] GC(173) Concurrent Mark From Roots 86.329ms
[2021-05-11T05:49:46.092+0000][8][gc,marking  ] GC(173) Concurrent Preclean
[2021-05-11T05:49:46.092+0000][8][gc,marking  ] GC(173) Concurrent Preclean 0.263ms
[2021-05-11T05:49:46.092+0000][8][gc,marking  ] GC(173) Concurrent Mark (11595.391s, 11595.478s) 86.644ms
[2021-05-11T05:49:46.092+0000][8][gc,start    ] GC(173) Pause Remark
[2021-05-11T05:49:46.098+0000][8][gc          ] GC(173) Pause Remark 118M->118M(256M) 5.626ms
[2021-05-11T05:49:46.098+0000][8][gc,cpu      ] GC(173) User=0.03s Sys=0.00s Real=0.00s
[2021-05-11T05:49:46.098+0000][8][safepoint   ] Safepoint "G1Concurrent", Time since last: 88708438 ns, Reaching safepoint: 85705 ns, At safepoint: 5696328 ns, Total: 5782033 ns
[2021-05-11T05:49:46.098+0000][8][gc,marking  ] GC(173) Concurrent Rebuild Remembered Sets
[2021-05-11T05:49:46.159+0000][8][gc,marking  ] GC(173) Concurrent Rebuild Remembered Sets 61.148ms
[2021-05-11T05:49:46.159+0000][8][gc,start    ] GC(173) Pause Cleanup
[2021-05-11T05:49:46.159+0000][8][gc          ] GC(173) Pause Cleanup 119M->119M(256M) 0.063ms
[2021-05-11T05:49:46.159+0000][8][gc,cpu      ] GC(173) User=0.00s Sys=0.00s Real=0.00s
[2021-05-11T05:49:46.159+0000][8][safepoint   ] Safepoint "G1Concurrent", Time since last: 61215787 ns, Reaching safepoint: 67276 ns, At safepoint: 112283 ns, Total: 179559 ns
[2021-05-11T05:49:46.159+0000][8][gc,marking  ] GC(173) Concurrent Cleanup for Next Mark
[2021-05-11T05:49:46.160+0000][8][gc,marking  ] GC(173) Concurrent Cleanup for Next Mark 0.138ms
[2021-05-11T05:49:46.160+0000][8][gc          ] GC(173) Concurrent Cycle 156.084ms
[2021-05-11T05:49:49.160+0000][8][safepoint   ] Safepoint "Cleanup", Time since last: 3000218476 ns, Reaching safepoint: 91275 ns, At safepoint: 8213 ns, Total: 99488 ns
[2021-05-11T05:51:52.254+0000][8][gc,start    ] GC(174) Pause Young (Normal) (G1 Evacuation Pause)
[2021-05-11T05:51:52.254+0000][8][gc,task     ] GC(174) Using 6 workers of 8 for evacuation
[2021-05-11T05:51:52.254+0000][8][gc,age      ] GC(174) Desired survivor size 6291456 bytes, new threshold 15 (max threshold 15)
[2021-05-11T05:51:52.255+0000][8][gc,age      ] GC(174) Age table with threshold 15 (max threshold 15)
[2021-05-11T05:51:52.255+0000][8][gc,age      ] GC(174) - age   1:     564120 bytes,     564120 total
[2021-05-11T05:51:52.255+0000][8][gc,age      ] GC(174) - age   2:       1048 bytes,     565168 total
[2021-05-11T05:51:52.255+0000][8][gc,age      ] GC(174) - age   3:       3600 bytes,     568768 total
[2021-05-11T05:51:52.255+0000][8][gc,age      ] GC(174) - age   4:        528 bytes,     569296 total
[2021-05-11T05:51:52.255+0000][8][gc,age      ] GC(174) - age   5:     180144 bytes,     749440 total
[2021-05-11T05:51:52.255+0000][8][gc,age      ] GC(174) - age   6:        896 bytes,     750336 total
[2021-05-11T05:51:52.256+0000][8][gc,age      ] GC(174) - age   7:        760 bytes,     751096 total
[2021-05-11T05:51:52.256+0000][8][gc,age      ] GC(174) - age   8:       2504 bytes,     753600 total
[2021-05-11T05:51:52.256+0000][8][gc,age      ] GC(174) - age   9:       2688 bytes,     756288 total
[2021-05-11T05:51:52.256+0000][8][gc,age      ] GC(174) - age  10:       5144 bytes,     761432 total
[2021-05-11T05:51:52.256+0000][8][gc,age      ] GC(174) - age  11:     344504 bytes,    1105936 total
[2021-05-11T05:51:52.256+0000][8][gc,age      ] GC(174) - age  13:         24 bytes,    1105960 total
[2021-05-11T05:51:52.256+0000][8][gc,age      ] GC(174) - age  14:        912 bytes,    1106872 total
[2021-05-11T05:51:52.256+0000][8][gc,age      ] GC(174) - age  15:      51112 bytes,    1157984 total
[2021-05-11T05:51:52.256+0000][8][gc,phases   ] GC(174)   Pre Evacuate Collection Set: 0.0ms
[2021-05-11T05:51:52.256+0000][8][gc,phases   ] GC(174)   Merge Heap Roots: 0.0ms
[2021-05-11T05:51:52.256+0000][8][gc,phases   ] GC(174)   Evacuate Collection Set: 0.8ms
[2021-05-11T05:51:52.256+0000][8][gc,phases   ] GC(174)   Post Evacuate Collection Set: 0.4ms
[2021-05-11T05:51:52.256+0000][8][gc,phases   ] GC(174)   Other: 0.2ms
[2021-05-11T05:51:52.256+0000][8][gc,heap     ] GC(174) Eden regions: 21->0(21)
[2021-05-11T05:51:52.256+0000][8][gc,heap     ] GC(174) Survivor regions: 1->1(3)
[2021-05-11T05:51:52.256+0000][8][gc,heap     ] GC(174) Old regions: 27->27
[2021-05-11T05:51:52.256+0000][8][gc,heap     ] GC(174) Archive regions: 2->2
[2021-05-11T05:51:52.256+0000][8][gc,heap     ] GC(174) Humongous regions: 2->2
[2021-05-11T05:51:52.256+0000][8][gc,metaspace] GC(174) Metaspace: 108393K(113008K)->108393K(113008K) NonClass: 94497K(97776K)->94497K(97776K) Class: 13896K(15232K)->13896K(15232K)
[2021-05-11T05:51:52.256+0000][8][gc          ] GC(174) Pause Young (Normal) (G1 Evacuation Pause) 201M->117M(256M) 1.568ms
[2021-05-11T05:51:52.256+0000][8][gc,cpu      ] GC(174) User=0.01s Sys=0.00s Real=0.00s
[2021-05-11T05:51:52.256+0000][8][safepoint   ] Safepoint "G1CollectForAllocation", Time since last: 123094235192 ns, Reaching safepoint: 73008 ns, At safepoint: 1626739 ns, Total: 1699747 ns
[2021-05-11T05:52:50.262+0000][8][safepoint   ] Safepoint "Cleanup", Time since last: 58005800339 ns, Reaching safepoint: 95563 ns, At safepoint: 6185 ns, Total: 101748 ns
[2021-05-11T05:52:52.262+0000][8][safepoint   ] Safepoint "Cleanup", Time since last: 2000320265 ns, Reaching safepoint: 71138 ns, At safepoint: 4213 ns, Total: 75351 ns
[2021-05-11T05:53:27.143+0000][8][gc,start    ] GC(175) Pause Young (Concurrent Start) (G1 Evacuation Pause)
[2021-05-11T05:53:27.143+0000][8][gc,task     ] GC(175) Using 6 workers of 8 for evacuation
[2021-05-11T05:53:27.143+0000][8][gc,age      ] GC(175) Desired survivor size 6291456 bytes, new threshold 15 (max threshold 15)
[2021-05-11T05:53:27.145+0000][8][gc,age      ] GC(175) Age table with threshold 15 (max threshold 15)
[2021-05-11T05:53:27.145+0000][8][gc,age      ] GC(175) - age   1:     779560 bytes,     779560 total
[2021-05-11T05:53:27.145+0000][8][gc,age      ] GC(175) - age   2:      51224 bytes,     830784 total
[2021-05-11T05:53:27.145+0000][8][gc,age      ] GC(175) - age   3:        808 bytes,     831592 total
[2021-05-11T05:53:27.145+0000][8][gc,age      ] GC(175) - age   4:       3288 bytes,     834880 total
[2021-05-11T05:53:27.145+0000][8][gc,age      ] GC(175) - age   5:        240 bytes,     835120 total
[2021-05-11T05:53:27.145+0000][8][gc,age      ] GC(175) - age   6:       5512 bytes,     840632 total
[2021-05-11T05:53:27.145+0000][8][gc,age      ] GC(175) - age   7:        896 bytes,     841528 total
[2021-05-11T05:53:27.145+0000][8][gc,age      ] GC(175) - age   8:        760 bytes,     842288 total
[2021-05-11T05:53:27.145+0000][8][gc,age      ] GC(175) - age   9:       2504 bytes,     844792 total
[2021-05-11T05:53:27.145+0000][8][gc,age      ] GC(175) - age  10:       2688 bytes,     847480 total
[2021-05-11T05:53:27.145+0000][8][gc,age      ] GC(175) - age  11:       4168 bytes,     851648 total
[2021-05-11T05:53:27.145+0000][8][gc,age      ] GC(175) - age  12:     344464 bytes,    1196112 total
[2021-05-11T05:53:27.145+0000][8][gc,age      ] GC(175) - age  15:        912 bytes,    1197024 total
[2021-05-11T05:53:27.145+0000][8][gc,phases   ] GC(175)   Pre Evacuate Collection Set: 0.1ms
[2021-05-11T05:53:27.145+0000][8][gc,phases   ] GC(175)   Merge Heap Roots: 0.0ms
[2021-05-11T05:53:27.145+0000][8][gc,phases   ] GC(175)   Evacuate Collection Set: 1.0ms
[2021-05-11T05:53:27.145+0000][8][gc,phases   ] GC(175)   Post Evacuate Collection Set: 0.5ms
[2021-05-11T05:53:27.145+0000][8][gc,phases   ] GC(175)   Other: 0.3ms
[2021-05-11T05:53:27.145+0000][8][gc,heap     ] GC(175) Eden regions: 21->0(21)
[2021-05-11T05:53:27.145+0000][8][gc,heap     ] GC(175) Survivor regions: 1->1(3)
[2021-05-11T05:53:27.145+0000][8][gc,heap     ] GC(175) Old regions: 27->27
[2021-05-11T05:53:27.145+0000][8][gc,heap     ] GC(175) Archive regions: 2->2
[2021-05-11T05:53:27.145+0000][8][gc,heap     ] GC(175) Humongous regions: 2->2
[2021-05-11T05:53:27.145+0000][8][gc,metaspace] GC(175) Metaspace: 108401K(113008K)->108401K(113008K) NonClass: 94505K(97776K)->94505K(97776K) Class: 13896K(15232K)->13896K(15232K)
[2021-05-11T05:53:27.145+0000][8][gc          ] GC(175) Pause Young (Concurrent Start) (G1 Evacuation Pause) 201M->117M(256M) 2.151ms
[2021-05-11T05:53:27.145+0000][8][gc,cpu      ] GC(175) User=0.01s Sys=0.00s Real=0.00s
[2021-05-11T05:53:27.145+0000][8][gc          ] GC(176) Concurrent Cycle
[2021-05-11T05:53:27.145+0000][8][safepoint   ] Safepoint "G1CollectForAllocation", Time since last: 34881001477 ns, Reaching safepoint: 86130 ns, At safepoint: 2247659 ns, Total: 2333789 ns
[2021-05-11T05:53:27.145+0000][8][gc,marking  ] GC(176) Concurrent Clear Claimed Marks
[2021-05-11T05:53:27.145+0000][8][gc,marking  ] GC(176) Concurrent Clear Claimed Marks 0.097ms
[2021-05-11T05:53:27.145+0000][8][gc,marking  ] GC(176) Concurrent Scan Root Regions
[2021-05-11T05:53:27.147+0000][8][gc,marking  ] GC(176) Concurrent Scan Root Regions 1.595ms
[2021-05-11T05:53:27.147+0000][8][gc,marking  ] GC(176) Concurrent Mark (11816.532s)
[2021-05-11T05:53:27.147+0000][8][gc,marking  ] GC(176) Concurrent Mark From Roots
[2021-05-11T05:53:27.147+0000][8][gc,task     ] GC(176) Using 2 workers of 2 for marking
[2021-05-11T05:53:27.235+0000][8][gc,marking  ] GC(176) Concurrent Mark From Roots 88.281ms
[2021-05-11T05:53:27.235+0000][8][gc,marking  ] GC(176) Concurrent Preclean
[2021-05-11T05:53:27.236+0000][8][gc,marking  ] GC(176) Concurrent Preclean 0.234ms
[2021-05-11T05:53:27.236+0000][8][gc,marking  ] GC(176) Concurrent Mark (11816.532s, 11816.621s) 88.563ms
[2021-05-11T05:53:27.236+0000][8][gc,start    ] GC(176) Pause Remark
[2021-05-11T05:53:27.242+0000][8][gc          ] GC(176) Pause Remark 118M->118M(256M) 6.145ms
[2021-05-11T05:53:27.242+0000][8][gc,cpu      ] GC(176) User=0.03s Sys=0.00s Real=0.01s
[2021-05-11T05:53:27.242+0000][8][safepoint   ] Safepoint "G1Concurrent", Time since last: 90340549 ns, Reaching safepoint: 82409 ns, At safepoint: 6224027 ns, Total: 6306436 ns
[2021-05-11T05:53:27.242+0000][8][gc,marking  ] GC(176) Concurrent Rebuild Remembered Sets
[2021-05-11T05:53:27.299+0000][8][gc,marking  ] GC(176) Concurrent Rebuild Remembered Sets 57.058ms
[2021-05-11T05:53:27.299+0000][8][gc,start    ] GC(176) Pause Cleanup
[2021-05-11T05:53:27.299+0000][8][gc          ] GC(176) Pause Cleanup 118M->118M(256M) 0.074ms
[2021-05-11T05:53:27.299+0000][8][gc,cpu      ] GC(176) User=0.00s Sys=0.00s Real=0.00s
[2021-05-11T05:53:27.299+0000][8][safepoint   ] Safepoint "G1Concurrent", Time since last: 57190750 ns, Reaching safepoint: 107278 ns, At safepoint: 114564 ns, Total: 221842 ns
[2021-05-11T05:53:27.299+0000][8][gc,marking  ] GC(176) Concurrent Cleanup for Next Mark
[2021-05-11T05:53:27.300+0000][8][gc,marking  ] GC(176) Concurrent Cleanup for Next Mark 0.129ms
[2021-05-11T05:53:27.300+0000][8][gc          ] GC(176) Concurrent Cycle 154.266ms
[2021-05-11T05:53:42.301+0000][8][safepoint   ] Safepoint "Cleanup", Time since last: 15001503101 ns, Reaching safepoint: 90215 ns, At safepoint: 2996 ns, Total: 93211 ns
[2021-05-11T05:55:46.003+0000][8][gc,start    ] GC(177) Pause Young (Normal) (G1 Evacuation Pause)
[2021-05-11T05:55:46.003+0000][8][gc,task     ] GC(177) Using 6 workers of 8 for evacuation
[2021-05-11T05:55:46.003+0000][8][gc,age      ] GC(177) Desired survivor size 6291456 bytes, new threshold 15 (max threshold 15)
[2021-05-11T05:55:46.005+0000][8][gc,age      ] GC(177) Age table with threshold 15 (max threshold 15)
[2021-05-11T05:55:46.005+0000][8][gc,age      ] GC(177) - age   1:     515712 bytes,     515712 total
[2021-05-11T05:55:46.005+0000][8][gc,age      ] GC(177) - age   2:     271448 bytes,     787160 total
[2021-05-11T05:55:46.005+0000][8][gc,age      ] GC(177) - age   3:      51080 bytes,     838240 total
[2021-05-11T05:55:46.005+0000][8][gc,age      ] GC(177) - age   4:        712 bytes,     838952 total
[2021-05-11T05:55:46.005+0000][8][gc,age      ] GC(177) - age   5:       3288 bytes,     842240 total
[2021-05-11T05:55:46.005+0000][8][gc,age      ] GC(177) - age   6:        240 bytes,     842480 total
[2021-05-11T05:55:46.005+0000][8][gc,age      ] GC(177) - age   7:       5312 bytes,     847792 total
[2021-05-11T05:55:46.005+0000][8][gc,age      ] GC(177) - age   8:        856 bytes,     848648 total
[2021-05-11T05:55:46.005+0000][8][gc,age      ] GC(177) - age   9:        736 bytes,     849384 total
[2021-05-11T05:55:46.005+0000][8][gc,age      ] GC(177) - age  10:       2504 bytes,     851888 total
[2021-05-11T05:55:46.005+0000][8][gc,age      ] GC(177) - age  11:       2688 bytes,     854576 total
[2021-05-11T05:55:46.005+0000][8][gc,age      ] GC(177) - age  12:       4168 bytes,     858744 total
[2021-05-11T05:55:46.005+0000][8][gc,age      ] GC(177) - age  13:     344464 bytes,    1203208 total
[2021-05-11T05:55:46.005+0000][8][gc,phases   ] GC(177)   Pre Evacuate Collection Set: 0.1ms
[2021-05-11T05:55:46.005+0000][8][gc,phases   ] GC(177)   Merge Heap Roots: 0.0ms
[2021-05-11T05:55:46.005+0000][8][gc,phases   ] GC(177)   Evacuate Collection Set: 1.0ms
[2021-05-11T05:55:46.005+0000][8][gc,phases   ] GC(177)   Post Evacuate Collection Set: 0.5ms
[2021-05-11T05:55:46.005+0000][8][gc,phases   ] GC(177)   Other: 0.2ms
[2021-05-11T05:55:46.005+0000][8][gc,heap     ] GC(177) Eden regions: 21->0(21)
[2021-05-11T05:55:46.005+0000][8][gc,heap     ] GC(177) Survivor regions: 1->1(3)
[2021-05-11T05:55:46.005+0000][8][gc,heap     ] GC(177) Old regions: 27->27
[2021-05-11T05:55:46.005+0000][8][gc,heap     ] GC(177) Archive regions: 2->2
[2021-05-11T05:55:46.005+0000][8][gc,heap     ] GC(177) Humongous regions: 2->2
[2021-05-11T05:55:46.005+0000][8][gc,metaspace] GC(177) Metaspace: 108401K(113008K)->108401K(113008K) NonClass: 94505K(97776K)->94505K(97776K) Class: 13896K(15232K)->13896K(15232K)
[2021-05-11T05:55:46.005+0000][8][gc          ] GC(177) Pause Young (Normal) (G1 Evacuation Pause) 201M->117M(256M) 1.954ms
[2021-05-11T05:55:46.005+0000][8][gc,cpu      ] GC(177) User=0.01s Sys=0.00s Real=0.00s
[2021-05-11T05:55:46.005+0000][8][safepoint   ] Safepoint "G1CollectForAllocation", Time since last: 123702242138 ns, Reaching safepoint: 162400 ns, At safepoint: 2027867 ns, Total: 2190267 ns
[2021-05-11T05:56:49.012+0000][8][safepoint   ] Safepoint "Cleanup", Time since last: 63006028219 ns, Reaching safepoint: 102317 ns, At safepoint: 6092 ns, Total: 108409 ns
[2021-05-11T05:56:50.012+0000][8][safepoint   ] Safepoint "Cleanup", Time since last: 1000183071 ns, Reaching safepoint: 81542 ns, At safepoint: 4290 ns, Total: 85832 ns
[2021-05-11T05:56:52.012+0000][8][safepoint   ] Safepoint "Cleanup", Time since last: 2000228928 ns, Reaching safepoint: 126609 ns, At safepoint: 7982 ns, Total: 134591 ns
[2021-05-11T05:57:25.016+0000][8][safepoint   ] Safepoint "Cleanup", Time since last: 33003862375 ns, Reaching safepoint: 102400 ns, At safepoint: 7557 ns, Total: 109957 ns
[2021-05-11T05:57:47.893+0000][8][gc,start    ] GC(178) Pause Young (Concurrent Start) (G1 Evacuation Pause)
[2021-05-11T05:57:47.893+0000][8][gc,task     ] GC(178) Using 6 workers of 8 for evacuation
[2021-05-11T05:57:47.893+0000][8][gc,age      ] GC(178) Desired survivor size 6291456 bytes, new threshold 15 (max threshold 15)
[2021-05-11T05:57:47.895+0000][8][gc,age      ] GC(178) Age table with threshold 15 (max threshold 15)
[2021-05-11T05:57:47.895+0000][8][gc,age      ] GC(178) - age   1:     516400 bytes,     516400 total
[2021-05-11T05:57:47.895+0000][8][gc,age      ] GC(178) - age   2:       1016 bytes,     517416 total
[2021-05-11T05:57:47.895+0000][8][gc,age      ] GC(178) - age   3:     150560 bytes,     667976 total
[2021-05-11T05:57:47.895+0000][8][gc,age      ] GC(178) - age   4:      50984 bytes,     718960 total
[2021-05-11T05:57:47.895+0000][8][gc,age      ] GC(178) - age   5:        712 bytes,     719672 total
[2021-05-11T05:57:47.895+0000][8][gc,age      ] GC(178) - age   6:        608 bytes,     720280 total
[2021-05-11T05:57:47.895+0000][8][gc,age      ] GC(178) - age   7:        240 bytes,     720520 total
[2021-05-11T05:57:47.895+0000][8][gc,age      ] GC(178) - age   8:       5312 bytes,     725832 total
[2021-05-11T05:57:47.895+0000][8][gc,age      ] GC(178) - age   9:        856 bytes,     726688 total
[2021-05-11T05:57:47.895+0000][8][gc,age      ] GC(178) - age  10:        736 bytes,     727424 total
[2021-05-11T05:57:47.895+0000][8][gc,age      ] GC(178) - age  11:       2504 bytes,     729928 total
[2021-05-11T05:57:47.895+0000][8][gc,age      ] GC(178) - age  12:       2688 bytes,     732616 total
[2021-05-11T05:57:47.895+0000][8][gc,age      ] GC(178) - age  13:       4168 bytes,     736784 total
[2021-05-11T05:57:47.895+0000][8][gc,age      ] GC(178) - age  14:     344464 bytes,    1081248 total
[2021-05-11T05:57:47.895+0000][8][gc,phases   ] GC(178)   Pre Evacuate Collection Set: 0.1ms
[2021-05-11T05:57:47.895+0000][8][gc,phases   ] GC(178)   Merge Heap Roots: 0.0ms
[2021-05-11T05:57:47.895+0000][8][gc,phases   ] GC(178)   Evacuate Collection Set: 1.1ms
[2021-05-11T05:57:47.895+0000][8][gc,phases   ] GC(178)   Post Evacuate Collection Set: 0.4ms
[2021-05-11T05:57:47.895+0000][8][gc,phases   ] GC(178)   Other: 0.3ms
[2021-05-11T05:57:47.896+0000][8][gc,heap     ] GC(178) Eden regions: 21->0(21)
[2021-05-11T05:57:47.896+0000][8][gc,heap     ] GC(178) Survivor regions: 1->1(3)
[2021-05-11T05:57:47.896+0000][8][gc,heap     ] GC(178) Old regions: 27->27
[2021-05-11T05:57:47.896+0000][8][gc,heap     ] GC(178) Archive regions: 2->2
[2021-05-11T05:57:47.896+0000][8][gc,heap     ] GC(178) Humongous regions: 2->2
[2021-05-11T05:57:47.896+0000][8][gc,metaspace] GC(178) Metaspace: 108407K(113008K)->108407K(113008K) NonClass: 94511K(97776K)->94511K(97776K) Class: 13896K(15232K)->13896K(15232K)
[2021-05-11T05:57:47.896+0000][8][gc          ] GC(178) Pause Young (Concurrent Start) (G1 Evacuation Pause) 201M->117M(256M) 2.167ms
[2021-05-11T05:57:47.896+0000][8][gc,cpu      ] GC(178) User=0.00s Sys=0.01s Real=0.00s
[2021-05-11T05:57:47.896+0000][8][gc          ] GC(179) Concurrent Cycle
[2021-05-11T05:57:47.896+0000][8][safepoint   ] Safepoint "G1CollectForAllocation", Time since last: 22877139139 ns, Reaching safepoint: 90030 ns, At safepoint: 2263246 ns, Total: 2353276 ns
[2021-05-11T05:57:47.896+0000][8][gc,marking  ] GC(179) Concurrent Clear Claimed Marks
[2021-05-11T05:57:47.896+0000][8][gc,marking  ] GC(179) Concurrent Clear Claimed Marks 0.123ms
[2021-05-11T05:57:47.896+0000][8][gc,marking  ] GC(179) Concurrent Scan Root Regions
[2021-05-11T05:57:47.899+0000][8][gc,marking  ] GC(179) Concurrent Scan Root Regions 2.889ms
[2021-05-11T05:57:47.899+0000][8][gc,marking  ] GC(179) Concurrent Mark (12077.284s)
[2021-05-11T05:57:47.899+0000][8][gc,marking  ] GC(179) Concurrent Mark From Roots
[2021-05-11T05:57:47.899+0000][8][gc,task     ] GC(179) Using 2 workers of 2 for marking
[2021-05-11T05:57:48.009+0000][8][gc,marking  ] GC(179) Concurrent Mark From Roots 110.741ms
[2021-05-11T05:57:48.010+0000][8][gc,marking  ] GC(179) Concurrent Preclean
[2021-05-11T05:57:48.010+0000][8][gc,marking  ] GC(179) Concurrent Preclean 0.341ms
[2021-05-11T05:57:48.010+0000][8][gc,marking  ] GC(179) Concurrent Mark (12077.284s, 12077.395s) 111.154ms
[2021-05-11T05:57:48.010+0000][8][gc,start    ] GC(179) Pause Remark
[2021-05-11T05:57:48.018+0000][8][gc          ] GC(179) Pause Remark 117M->117M(256M) 7.528ms
[2021-05-11T05:57:48.018+0000][8][gc,cpu      ] GC(179) User=0.04s Sys=0.00s Real=0.00s
[2021-05-11T05:57:48.018+0000][8][safepoint   ] Safepoint "G1Concurrent", Time since last: 114280012 ns, Reaching safepoint: 141122 ns, At safepoint: 7603458 ns, Total: 7744580 ns
[2021-05-11T05:57:48.018+0000][8][gc,marking  ] GC(179) Concurrent Rebuild Remembered Sets
[2021-05-11T05:57:48.087+0000][8][gc,marking  ] GC(179) Concurrent Rebuild Remembered Sets 69.200ms
[2021-05-11T05:57:48.087+0000][8][gc,start    ] GC(179) Pause Cleanup
[2021-05-11T05:57:48.087+0000][8][gc          ] GC(179) Pause Cleanup 117M->117M(256M) 0.066ms
[2021-05-11T05:57:48.087+0000][8][gc,cpu      ] GC(179) User=0.00s Sys=0.00s Real=0.00s
[2021-05-11T05:57:48.087+0000][8][safepoint   ] Safepoint "G1Concurrent", Time since last: 69268513 ns, Reaching safepoint: 71313 ns, At safepoint: 107424 ns, Total: 178737 ns
[2021-05-11T05:57:48.087+0000][8][gc,marking  ] GC(179) Concurrent Cleanup for Next Mark
[2021-05-11T05:57:48.087+0000][8][gc,marking  ] GC(179) Concurrent Cleanup for Next Mark 0.122ms
[2021-05-11T05:57:48.087+0000][8][gc          ] GC(179) Concurrent Cycle 191.631ms
[2021-05-11T05:57:49.087+0000][8][safepoint   ] Safepoint "Cleanup", Time since last: 1000081513 ns, Reaching safepoint: 105691 ns, At safepoint: 8303 ns, Total: 113994 ns
[2021-05-11T05:57:53.088+0000][8][safepoint   ] Safepoint "Cleanup", Time since last: 4000301962 ns, Reaching safepoint: 74097 ns, At safepoint: 5573 ns, Total: 79670 ns
[2021-05-11T05:58:56.093+0000][8][safepoint   ] Safepoint "Cleanup", Time since last: 63005143552 ns, Reaching safepoint: 94549 ns, At safepoint: 7307 ns, Total: 101856 ns
[2021-05-11T05:59:16.095+0000][8][safepoint   ] Safepoint "Cleanup", Time since last: 20002051160 ns, Reaching safepoint: 206515 ns, At safepoint: 7085 ns, Total: 213600 ns
[2021-05-11T05:59:26.097+0000][8][safepoint   ] Safepoint "Cleanup", Time since last: 10001323883 ns, Reaching safepoint: 88954 ns, At safepoint: 5772 ns, Total: 94726 ns
[2021-05-11T05:59:57.292+0000][8][gc,start    ] GC(180) Pause Young (Normal) (G1 Evacuation Pause)
[2021-05-11T05:59:57.292+0000][8][gc,task     ] GC(180) Using 6 workers of 8 for evacuation
[2021-05-11T05:59:57.292+0000][8][gc,age      ] GC(180) Desired survivor size 6291456 bytes, new threshold 15 (max threshold 15)
[2021-05-11T05:59:57.293+0000][8][gc,age      ] GC(180) Age table with threshold 15 (max threshold 15)
[2021-05-11T05:59:57.293+0000][8][gc,age      ] GC(180) - age   1:     510368 bytes,     510368 total
[2021-05-11T05:59:57.293+0000][8][gc,age      ] GC(180) - age   2:       4016 bytes,     514384 total
[2021-05-11T05:59:57.293+0000][8][gc,age      ] GC(180) - age   3:        824 bytes,     515208 total
[2021-05-11T05:59:57.293+0000][8][gc,age      ] GC(180) - age   4:     150560 bytes,     665768 total
[2021-05-11T05:59:57.293+0000][8][gc,age      ] GC(180) - age   5:      50984 bytes,     716752 total
[2021-05-11T05:59:57.293+0000][8][gc,age      ] GC(180) - age   6:        712 bytes,     717464 total
[2021-05-11T05:59:57.293+0000][8][gc,age      ] GC(180) - age   7:        608 bytes,     718072 total
[2021-05-11T05:59:57.293+0000][8][gc,age      ] GC(180) - age   8:        240 bytes,     718312 total
[2021-05-11T05:59:57.293+0000][8][gc,age      ] GC(180) - age   9:       5312 bytes,     723624 total
[2021-05-11T05:59:57.293+0000][8][gc,age      ] GC(180) - age  10:        856 bytes,     724480 total
[2021-05-11T05:59:57.293+0000][8][gc,age      ] GC(180) - age  11:        736 bytes,     725216 total
[2021-05-11T05:59:57.293+0000][8][gc,age      ] GC(180) - age  12:       2504 bytes,     727720 total
[2021-05-11T05:59:57.293+0000][8][gc,age      ] GC(180) - age  13:       2688 bytes,     730408 total
[2021-05-11T05:59:57.293+0000][8][gc,age      ] GC(180) - age  14:       4168 bytes,     734576 total
[2021-05-11T05:59:57.293+0000][8][gc,age      ] GC(180) - age  15:     344464 bytes,    1079040 total
[2021-05-11T05:59:57.293+0000][8][gc,phases   ] GC(180)   Pre Evacuate Collection Set: 0.0ms
[2021-05-11T05:59:57.293+0000][8][gc,phases   ] GC(180)   Merge Heap Roots: 0.0ms
[2021-05-11T05:59:57.293+0000][8][gc,phases   ] GC(180)   Evacuate Collection Set: 0.8ms
[2021-05-11T05:59:57.293+0000][8][gc,phases   ] GC(180)   Post Evacuate Collection Set: 0.4ms
[2021-05-11T05:59:57.294+0000][8][gc,phases   ] GC(180)   Other: 0.2ms
[2021-05-11T05:59:57.294+0000][8][gc,heap     ] GC(180) Eden regions: 21->0(21)
[2021-05-11T05:59:57.294+0000][8][gc,heap     ] GC(180) Survivor regions: 1->1(3)
[2021-05-11T05:59:57.294+0000][8][gc,heap     ] GC(180) Old regions: 27->27
[2021-05-11T05:59:57.294+0000][8][gc,heap     ] GC(180) Archive regions: 2->2
[2021-05-11T05:59:57.294+0000][8][gc,heap     ] GC(180) Humongous regions: 2->2
[2021-05-11T05:59:57.294+0000][8][gc,metaspace] GC(180) Metaspace: 108408K(113008K)->108408K(113008K) NonClass: 94512K(97776K)->94512K(97776K) Class: 13896K(15232K)->13896K(15232K)
[2021-05-11T05:59:57.294+0000][8][gc          ] GC(180) Pause Young (Normal) (G1 Evacuation Pause) 201M->117M(256M) 1.516ms
[2021-05-11T05:59:57.294+0000][8][gc,cpu      ] GC(180) User=0.00s Sys=0.00s Real=0.00s
[2021-05-11T05:59:57.294+0000][8][safepoint   ] Safepoint "G1CollectForAllocation", Time since last: 31195340341 ns, Reaching safepoint: 66980 ns, At safepoint: 1571580 ns, Total: 1638560 ns
[2021-05-11T06:02:02.437+0000][8][gc,start    ] GC(181) Pause Young (Concurrent Start) (G1 Evacuation Pause)
[2021-05-11T06:02:02.437+0000][8][gc,task     ] GC(181) Using 6 workers of 8 for evacuation
[2021-05-11T06:02:02.437+0000][8][gc,age      ] GC(181) Desired survivor size 6291456 bytes, new threshold 15 (max threshold 15)
[2021-05-11T06:02:02.438+0000][8][gc,age      ] GC(181) Age table with threshold 15 (max threshold 15)
[2021-05-11T06:02:02.438+0000][8][gc,age      ] GC(181) - age   1:     516816 bytes,     516816 total
[2021-05-11T06:02:02.438+0000][8][gc,age      ] GC(181) - age   2:       1920 bytes,     518736 total
[2021-05-11T06:02:02.438+0000][8][gc,age      ] GC(181) - age   3:       3824 bytes,     522560 total
[2021-05-11T06:02:02.438+0000][8][gc,age      ] GC(181) - age   4:        824 bytes,     523384 total
[2021-05-11T06:02:02.438+0000][8][gc,age      ] GC(181) - age   5:     150536 bytes,     673920 total
[2021-05-11T06:02:02.438+0000][8][gc,age      ] GC(181) - age   6:      50888 bytes,     724808 total
[2021-05-11T06:02:02.438+0000][8][gc,age      ] GC(181) - age   7:        712 bytes,     725520 total
[2021-05-11T06:02:02.438+0000][8][gc,age      ] GC(181) - age   8:        608 bytes,     726128 total
[2021-05-11T06:02:02.438+0000][8][gc,age      ] GC(181) - age  10:       5288 bytes,     731416 total
[2021-05-11T06:02:02.438+0000][8][gc,age      ] GC(181) - age  11:        768 bytes,     732184 total
[2021-05-11T06:02:02.438+0000][8][gc,age      ] GC(181) - age  12:        736 bytes,     732920 total
[2021-05-11T06:02:02.438+0000][8][gc,age      ] GC(181) - age  13:       2504 bytes,     735424 total
[2021-05-11T06:02:02.439+0000][8][gc,age      ] GC(181) - age  14:       2648 bytes,     738072 total
[2021-05-11T06:02:02.439+0000][8][gc,age      ] GC(181) - age  15:       4168 bytes,     742240 total
[2021-05-11T06:02:02.439+0000][8][gc,phases   ] GC(181)   Pre Evacuate Collection Set: 0.1ms
[2021-05-11T06:02:02.439+0000][8][gc,phases   ] GC(181)   Merge Heap Roots: 0.0ms
[2021-05-11T06:02:02.439+0000][8][gc,phases   ] GC(181)   Evacuate Collection Set: 0.9ms
[2021-05-11T06:02:02.439+0000][8][gc,phases   ] GC(181)   Post Evacuate Collection Set: 0.5ms
[2021-05-11T06:02:02.439+0000][8][gc,phases   ] GC(181)   Other: 0.2ms
[2021-05-11T06:02:02.439+0000][8][gc,heap     ] GC(181) Eden regions: 21->0(21)
[2021-05-11T06:02:02.439+0000][8][gc,heap     ] GC(181) Survivor regions: 1->1(3)
[2021-05-11T06:02:02.439+0000][8][gc,heap     ] GC(181) Old regions: 27->27
[2021-05-11T06:02:02.439+0000][8][gc,heap     ] GC(181) Archive regions: 2->2
[2021-05-11T06:02:02.439+0000][8][gc,heap     ] GC(181) Humongous regions: 2->2
[2021-05-11T06:02:02.439+0000][8][gc,metaspace] GC(181) Metaspace: 108410K(113008K)->108410K(113008K) NonClass: 94513K(97776K)->94513K(97776K) Class: 13896K(15232K)->13896K(15232K)
[2021-05-11T06:02:02.439+0000][8][gc          ] GC(181) Pause Young (Concurrent Start) (G1 Evacuation Pause) 201M->117M(256M) 1.857ms
[2021-05-11T06:02:02.439+0000][8][gc,cpu      ] GC(181) User=0.01s Sys=0.00s Real=0.00s
[2021-05-11T06:02:02.439+0000][8][safepoint   ] Safepoint "G1CollectForAllocation", Time since last: 125143014970 ns, Reaching safepoint: 129789 ns, At safepoint: 1914946 ns, Total: 2044735 ns
[2021-05-11T06:02:02.439+0000][8][gc          ] GC(182) Concurrent Cycle
[2021-05-11T06:02:02.439+0000][8][gc,marking  ] GC(182) Concurrent Clear Claimed Marks
[2021-05-11T06:02:02.439+0000][8][gc,marking  ] GC(182) Concurrent Clear Claimed Marks 0.052ms
[2021-05-11T06:02:02.439+0000][8][gc,marking  ] GC(182) Concurrent Scan Root Regions
[2021-05-11T06:02:02.440+0000][8][gc,marking  ] GC(182) Concurrent Scan Root Regions 0.789ms
[2021-05-11T06:02:02.440+0000][8][gc,marking  ] GC(182) Concurrent Mark (12331.825s)
[2021-05-11T06:02:02.440+0000][8][gc,marking  ] GC(182) Concurrent Mark From Roots
[2021-05-11T06:02:02.440+0000][8][gc,task     ] GC(182) Using 2 workers of 2 for marking
[2021-05-11T06:02:02.523+0000][8][gc,marking  ] GC(182) Concurrent Mark From Roots 83.627ms
[2021-05-11T06:02:02.523+0000][8][gc,marking  ] GC(182) Concurrent Preclean
[2021-05-11T06:02:02.523+0000][8][gc,marking  ] GC(182) Concurrent Preclean 0.209ms
[2021-05-11T06:02:02.523+0000][8][gc,marking  ] GC(182) Concurrent Mark (12331.825s, 12331.909s) 83.880ms
[2021-05-11T06:02:02.524+0000][8][gc,start    ] GC(182) Pause Remark
[2021-05-11T06:02:02.529+0000][8][gc          ] GC(182) Pause Remark 117M->117M(256M) 5.831ms
[2021-05-11T06:02:02.529+0000][8][gc,cpu      ] GC(182) User=0.03s Sys=0.00s Real=0.00s
[2021-05-11T06:02:02.530+0000][8][safepoint   ] Safepoint "G1Concurrent", Time since last: 84855963 ns, Reaching safepoint: 97236 ns, At safepoint: 5910629 ns, Total: 6007865 ns
[2021-05-11T06:02:02.530+0000][8][gc,marking  ] GC(182) Concurrent Rebuild Remembered Sets
[2021-05-11T06:02:02.586+0000][8][gc,marking  ] GC(182) Concurrent Rebuild Remembered Sets 56.002ms
[2021-05-11T06:02:02.586+0000][8][gc,start    ] GC(182) Pause Cleanup
[2021-05-11T06:02:02.586+0000][8][gc          ] GC(182) Pause Cleanup 117M->117M(256M) 0.066ms
[2021-05-11T06:02:02.586+0000][8][gc,cpu      ] GC(182) User=0.00s Sys=0.00s Real=0.00s
[2021-05-11T06:02:02.586+0000][8][safepoint   ] Safepoint "G1Concurrent", Time since last: 56102062 ns, Reaching safepoint: 79247 ns, At safepoint: 104115 ns, Total: 183362 ns
[2021-05-11T06:02:02.586+0000][8][gc,marking  ] GC(182) Concurrent Cleanup for Next Mark
[2021-05-11T06:02:02.586+0000][8][gc,marking  ] GC(182) Concurrent Cleanup for Next Mark 0.160ms
[2021-05-11T06:02:02.586+0000][8][gc          ] GC(182) Concurrent Cycle 147.341ms
[2021-05-11T06:02:50.591+0000][8][safepoint   ] Safepoint "Cleanup", Time since last: 48005424083 ns, Reaching safepoint: 91631 ns, At safepoint: 3970 ns, Total: 95601 ns
[2021-05-11T06:03:18.594+0000][8][safepoint   ] Safepoint "Cleanup", Time since last: 28002504873 ns, Reaching safepoint: 70571 ns, At safepoint: 5487 ns, Total: 76058 ns
[2021-05-11T06:03:46.459+0000][8][gc,start    ] GC(183) Pause Young (Normal) (G1 Evacuation Pause)
[2021-05-11T06:03:46.459+0000][8][gc,task     ] GC(183) Using 6 workers of 8 for evacuation
[2021-05-11T06:03:46.459+0000][8][gc,age      ] GC(183) Desired survivor size 6291456 bytes, new threshold 15 (max threshold 15)
[2021-05-11T06:03:46.460+0000][8][gc,age      ] GC(183) Age table with threshold 15 (max threshold 15)
[2021-05-11T06:03:46.460+0000][8][gc,age      ] GC(183) - age   1:     806280 bytes,     806280 total
[2021-05-11T06:03:46.460+0000][8][gc,age      ] GC(183) - age   2:       4048 bytes,     810328 total
[2021-05-11T06:03:46.461+0000][8][gc,age      ] GC(183) - age   3:       1808 bytes,     812136 total
[2021-05-11T06:03:46.461+0000][8][gc,age      ] GC(183) - age   4:       3608 bytes,     815744 total
[2021-05-11T06:03:46.461+0000][8][gc,age      ] GC(183) - age   5:        656 bytes,     816400 total
[2021-05-11T06:03:46.461+0000][8][gc,age      ] GC(183) - age   6:       1000 bytes,     817400 total
[2021-05-11T06:03:46.461+0000][8][gc,age      ] GC(183) - age   7:      50688 bytes,     868088 total
[2021-05-11T06:03:46.461+0000][8][gc,age      ] GC(183) - age   8:        672 bytes,     868760 total
[2021-05-11T06:03:46.461+0000][8][gc,age      ] GC(183) - age   9:        608 bytes,     869368 total
[2021-05-11T06:03:46.461+0000][8][gc,age      ] GC(183) - age  11:        360 bytes,     869728 total
[2021-05-11T06:03:46.461+0000][8][gc,age      ] GC(183) - age  12:        768 bytes,     870496 total
[2021-05-11T06:03:46.461+0000][8][gc,age      ] GC(183) - age  13:        736 bytes,     871232 total
[2021-05-11T06:03:46.461+0000][8][gc,age      ] GC(183) - age  14:       2504 bytes,     873736 total
[2021-05-11T06:03:46.461+0000][8][gc,age      ] GC(183) - age  15:       2648 bytes,     876384 total
[2021-05-11T06:03:46.461+0000][8][gc,phases   ] GC(183)   Pre Evacuate Collection Set: 0.0ms
[2021-05-11T06:03:46.461+0000][8][gc,phases   ] GC(183)   Merge Heap Roots: 0.0ms
[2021-05-11T06:03:46.461+0000][8][gc,phases   ] GC(183)   Evacuate Collection Set: 0.7ms
[2021-05-11T06:03:46.461+0000][8][gc,phases   ] GC(183)   Post Evacuate Collection Set: 0.3ms
[2021-05-11T06:03:46.461+0000][8][gc,phases   ] GC(183)   Other: 0.2ms
[2021-05-11T06:03:46.461+0000][8][gc,heap     ] GC(183) Eden regions: 21->0(21)
[2021-05-11T06:03:46.461+0000][8][gc,heap     ] GC(183) Survivor regions: 1->1(3)
[2021-05-11T06:03:46.461+0000][8][gc,heap     ] GC(183) Old regions: 27->27
[2021-05-11T06:03:46.461+0000][8][gc,heap     ] GC(183) Archive regions: 2->2
[2021-05-11T06:03:46.461+0000][8][gc,heap     ] GC(183) Humongous regions: 2->2
[2021-05-11T06:03:46.461+0000][8][gc,metaspace] GC(183) Metaspace: 108432K(113008K)->108432K(113008K) NonClass: 94536K(97776K)->94536K(97776K) Class: 13896K(15232K)->13896K(15232K)
[2021-05-11T06:03:46.461+0000][8][gc          ] GC(183) Pause Young (Normal) (G1 Evacuation Pause) 201M->117M(256M) 1.371ms
[2021-05-11T06:03:46.461+0000][8][gc,cpu      ] GC(183) User=0.01s Sys=0.00s Real=0.00s
[2021-05-11T06:03:46.461+0000][8][safepoint   ] Safepoint "G1CollectForAllocation", Time since last: 27865296433 ns, Reaching safepoint: 73209 ns, At safepoint: 1427380 ns, Total: 1500589 ns
[2021-05-11T06:04:18.464+0000][8][safepoint   ] Safepoint "Cleanup", Time since last: 32003128133 ns, Reaching safepoint: 125033 ns, At safepoint: 5981 ns, Total: 131014 ns
[2021-05-11T06:04:48.467+0000][8][safepoint   ] Safepoint "Cleanup", Time since last: 30003391083 ns, Reaching safepoint: 99430 ns, At safepoint: 5797 ns, Total: 105227 ns
[2021-05-11T06:04:52.468+0000][8][safepoint   ] Safepoint "Cleanup", Time since last: 4000672834 ns, Reaching safepoint: 94023 ns, At safepoint: 6270 ns, Total: 100293 ns
[2021-05-11T06:05:55.573+0000][8][gc,start    ] GC(184) Pause Young (Concurrent Start) (G1 Evacuation Pause)
[2021-05-11T06:05:55.573+0000][8][gc,task     ] GC(184) Using 6 workers of 8 for evacuation
[2021-05-11T06:05:55.573+0000][8][gc,age      ] GC(184) Desired survivor size 6291456 bytes, new threshold 15 (max threshold 15)
[2021-05-11T06:05:55.576+0000][8][gc,age      ] GC(184) Age table with threshold 15 (max threshold 15)
[2021-05-11T06:05:55.576+0000][8][gc,age      ] GC(184) - age   1:     623192 bytes,     623192 total
[2021-05-11T06:05:55.576+0000][8][gc,age      ] GC(184) - age   2:     304752 bytes,     927944 total
[2021-05-11T06:05:55.576+0000][8][gc,age      ] GC(184) - age   3:       1072 bytes,     929016 total
[2021-05-11T06:05:55.576+0000][8][gc,age      ] GC(184) - age   4:       1808 bytes,     930824 total
[2021-05-11T06:05:55.576+0000][8][gc,age      ] GC(184) - age   5:       3608 bytes,     934432 total
[2021-05-11T06:05:55.576+0000][8][gc,age      ] GC(184) - age   6:        656 bytes,     935088 total
[2021-05-11T06:05:55.576+0000][8][gc,age      ] GC(184) - age   7:       1000 bytes,     936088 total
[2021-05-11T06:05:55.576+0000][8][gc,age      ] GC(184) - age   8:      50688 bytes,     986776 total
[2021-05-11T06:05:55.576+0000][8][gc,age      ] GC(184) - age   9:        432 bytes,     987208 total
[2021-05-11T06:05:55.576+0000][8][gc,age      ] GC(184) - age  10:        608 bytes,     987816 total
[2021-05-11T06:05:55.576+0000][8][gc,age      ] GC(184) - age  12:        360 bytes,     988176 total
[2021-05-11T06:05:55.576+0000][8][gc,age      ] GC(184) - age  13:        768 bytes,     988944 total
[2021-05-11T06:05:55.576+0000][8][gc,age      ] GC(184) - age  14:        736 bytes,     989680 total
[2021-05-11T06:05:55.576+0000][8][gc,age      ] GC(184) - age  15:       2504 bytes,     992184 total
[2021-05-11T06:05:55.576+0000][8][gc,phases   ] GC(184)   Pre Evacuate Collection Set: 0.2ms
[2021-05-11T06:05:55.576+0000][8][gc,phases   ] GC(184)   Merge Heap Roots: 0.1ms
[2021-05-11T06:05:55.576+0000][8][gc,phases   ] GC(184)   Evacuate Collection Set: 1.8ms
[2021-05-11T06:05:55.576+0000][8][gc,phases   ] GC(184)   Post Evacuate Collection Set: 1.1ms
[2021-05-11T06:05:55.576+0000][8][gc,phases   ] GC(184)   Other: 0.4ms
[2021-05-11T06:05:55.576+0000][8][gc,heap     ] GC(184) Eden regions: 21->0(21)
[2021-05-11T06:05:55.576+0000][8][gc,heap     ] GC(184) Survivor regions: 1->1(3)
[2021-05-11T06:05:55.576+0000][8][gc,heap     ] GC(184) Old regions: 27->27
[2021-05-11T06:05:55.576+0000][8][gc,heap     ] GC(184) Archive regions: 2->2
[2021-05-11T06:05:55.576+0000][8][gc,heap     ] GC(184) Humongous regions: 2->2
[2021-05-11T06:05:55.576+0000][8][gc,metaspace] GC(184) Metaspace: 108432K(113008K)->108432K(113008K) NonClass: 94536K(97776K)->94536K(97776K) Class: 13896K(15232K)->13896K(15232K)
[2021-05-11T06:05:55.576+0000][8][gc          ] GC(184) Pause Young (Concurrent Start) (G1 Evacuation Pause) 201M->117M(256M) 3.636ms
[2021-05-11T06:05:55.576+0000][8][gc,cpu      ] GC(184) User=0.02s Sys=0.00s Real=0.00s
[2021-05-11T06:05:55.577+0000][8][gc          ] GC(185) Concurrent Cycle
[2021-05-11T06:05:55.577+0000][8][safepoint   ] Safepoint "G1CollectForAllocation", Time since last: 63104361130 ns, Reaching safepoint: 179130 ns, At safepoint: 3780362 ns, Total: 3959492 ns
[2021-05-11T06:05:55.577+0000][8][gc,marking  ] GC(185) Concurrent Clear Claimed Marks
[2021-05-11T06:05:55.577+0000][8][gc,marking  ] GC(185) Concurrent Clear Claimed Marks 0.181ms
[2021-05-11T06:05:55.577+0000][8][gc,marking  ] GC(185) Concurrent Scan Root Regions
[2021-05-11T06:05:55.579+0000][8][gc,marking  ] GC(185) Concurrent Scan Root Regions 2.500ms
[2021-05-11T06:05:55.579+0000][8][gc,marking  ] GC(185) Concurrent Mark (12564.965s)
[2021-05-11T06:05:55.579+0000][8][gc,marking  ] GC(185) Concurrent Mark From Roots
[2021-05-11T06:05:55.579+0000][8][gc,task     ] GC(185) Using 2 workers of 2 for marking
[2021-05-11T06:05:55.667+0000][8][gc,marking  ] GC(185) Concurrent Mark From Roots 87.602ms
[2021-05-11T06:05:55.667+0000][8][gc,marking  ] GC(185) Concurrent Preclean
[2021-05-11T06:05:55.667+0000][8][gc,marking  ] GC(185) Concurrent Preclean 0.311ms
[2021-05-11T06:05:55.667+0000][8][gc,marking  ] GC(185) Concurrent Mark (12564.965s, 12565.053s) 87.971ms
[2021-05-11T06:05:55.667+0000][8][gc,start    ] GC(185) Pause Remark
[2021-05-11T06:05:55.674+0000][8][gc          ] GC(185) Pause Remark 119M->119M(256M) 6.934ms
[2021-05-11T06:05:55.674+0000][8][gc,cpu      ] GC(185) User=0.03s Sys=0.00s Real=0.01s
[2021-05-11T06:05:55.674+0000][8][safepoint   ] Safepoint "G1Concurrent", Time since last: 90766678 ns, Reaching safepoint: 100369 ns, At safepoint: 7023691 ns, Total: 7124060 ns
[2021-05-11T06:05:55.674+0000][8][gc,marking  ] GC(185) Concurrent Rebuild Remembered Sets
[2021-05-11T06:05:55.733+0000][8][gc,marking  ] GC(185) Concurrent Rebuild Remembered Sets 58.108ms
[2021-05-11T06:05:55.733+0000][8][gc,start    ] GC(185) Pause Cleanup
[2021-05-11T06:05:55.733+0000][8][gc          ] GC(185) Pause Cleanup 119M->119M(256M) 0.072ms
[2021-05-11T06:05:55.733+0000][8][gc,cpu      ] GC(185) User=0.00s Sys=0.00s Real=0.00s
[2021-05-11T06:05:55.733+0000][8][safepoint   ] Safepoint "G1Concurrent", Time since last: 58208388 ns, Reaching safepoint: 64269 ns, At safepoint: 113564 ns, Total: 177833 ns
[2021-05-11T06:05:55.733+0000][8][gc,marking  ] GC(185) Concurrent Cleanup for Next Mark
[2021-05-11T06:05:55.733+0000][8][gc,marking  ] GC(185) Concurrent Cleanup for Next Mark 0.145ms
[2021-05-11T06:05:55.733+0000][8][gc          ] GC(185) Concurrent Cycle 156.487ms
[2021-05-11T06:06:48.738+0000][8][safepoint   ] Safepoint "Cleanup", Time since last: 53005551958 ns, Reaching safepoint: 94884 ns, At safepoint: 6091 ns, Total: 100975 ns
[2021-05-11T06:07:25.742+0000][8][safepoint   ] Safepoint "Cleanup", Time since last: 37003617087 ns, Reaching safepoint: 79761 ns, At safepoint: 5099 ns, Total: 84860 ns
[2021-05-11T06:07:55.746+0000][8][safepoint   ] Safepoint "Cleanup", Time since last: 30003274556 ns, Reaching safepoint: 59533 ns, At safepoint: 4126 ns, Total: 63659 ns
[2021-05-11T06:07:57.573+0000][8][gc,start    ] GC(186) Pause Young (Normal) (G1 Evacuation Pause)
[2021-05-11T06:07:57.573+0000][8][gc,task     ] GC(186) Using 6 workers of 8 for evacuation
[2021-05-11T06:07:57.573+0000][8][gc,age      ] GC(186) Desired survivor size 6291456 bytes, new threshold 15 (max threshold 15)
[2021-05-11T06:07:57.575+0000][8][gc,age      ] GC(186) Age table with threshold 15 (max threshold 15)
[2021-05-11T06:07:57.575+0000][8][gc,age      ] GC(186) - age   1:     520416 bytes,     520416 total
[2021-05-11T06:07:57.575+0000][8][gc,age      ] GC(186) - age   2:       1952 bytes,     522368 total
[2021-05-11T06:07:57.575+0000][8][gc,age      ] GC(186) - age   3:     183120 bytes,     705488 total
[2021-05-11T06:07:57.575+0000][8][gc,age      ] GC(186) - age   4:        880 bytes,     706368 total
[2021-05-11T06:07:57.575+0000][8][gc,age      ] GC(186) - age   5:       1808 bytes,     708176 total
[2021-05-11T06:07:57.575+0000][8][gc,age      ] GC(186) - age   6:       1112 bytes,     709288 total
[2021-05-11T06:07:57.575+0000][8][gc,age      ] GC(186) - age   7:        656 bytes,     709944 total
[2021-05-11T06:07:57.575+0000][8][gc,age      ] GC(186) - age   8:       1000 bytes,     710944 total
[2021-05-11T06:07:57.575+0000][8][gc,age      ] GC(186) - age   9:      50480 bytes,     761424 total
[2021-05-11T06:07:57.575+0000][8][gc,age      ] GC(186) - age  10:        432 bytes,     761856 total
[2021-05-11T06:07:57.575+0000][8][gc,age      ] GC(186) - age  11:        608 bytes,     762464 total
[2021-05-11T06:07:57.575+0000][8][gc,age      ] GC(186) - age  13:        360 bytes,     762824 total
[2021-05-11T06:07:57.575+0000][8][gc,age      ] GC(186) - age  14:        768 bytes,     763592 total
[2021-05-11T06:07:57.575+0000][8][gc,age      ] GC(186) - age  15:        736 bytes,     764328 total
[2021-05-11T06:07:57.575+0000][8][gc,phases   ] GC(186)   Pre Evacuate Collection Set: 0.0ms
[2021-05-11T06:07:57.575+0000][8][gc,phases   ] GC(186)   Merge Heap Roots: 0.0ms
[2021-05-11T06:07:57.575+0000][8][gc,phases   ] GC(186)   Evacuate Collection Set: 0.8ms
[2021-05-11T06:07:57.575+0000][8][gc,phases   ] GC(186)   Post Evacuate Collection Set: 0.5ms
[2021-05-11T06:07:57.575+0000][8][gc,phases   ] GC(186)   Other: 0.2ms
[2021-05-11T06:07:57.575+0000][8][gc,heap     ] GC(186) Eden regions: 21->0(21)
[2021-05-11T06:07:57.575+0000][8][gc,heap     ] GC(186) Survivor regions: 1->1(3)
[2021-05-11T06:07:57.575+0000][8][gc,heap     ] GC(186) Old regions: 27->27
[2021-05-11T06:07:57.575+0000][8][gc,heap     ] GC(186) Archive regions: 2->2
[2021-05-11T06:07:57.575+0000][8][gc,heap     ] GC(186) Humongous regions: 2->2
[2021-05-11T06:07:57.575+0000][8][gc,metaspace] GC(186) Metaspace: 108435K(113264K)->108435K(113264K) NonClass: 94538K(98032K)->94538K(98032K) Class: 13896K(15232K)->13896K(15232K)
[2021-05-11T06:07:57.575+0000][8][gc          ] GC(186) Pause Young (Normal) (G1 Evacuation Pause) 201M->117M(256M) 1.549ms
[2021-05-11T06:07:57.575+0000][8][gc,cpu      ] GC(186) User=0.01s Sys=0.00s Real=0.00s
[2021-05-11T06:07:57.575+0000][8][safepoint   ] Safepoint "G1CollectForAllocation", Time since last: 1827785331 ns, Reaching safepoint: 112240 ns, At safepoint: 1608717 ns, Total: 1720957 ns
[2021-05-11T06:08:50.581+0000][8][safepoint   ] Safepoint "Cleanup", Time since last: 53005893392 ns, Reaching safepoint: 113033 ns, At safepoint: 6096 ns, Total: 119129 ns
[2021-05-11T06:08:52.581+0000][8][safepoint   ] Safepoint "Cleanup", Time since last: 2000304025 ns, Reaching safepoint: 64254 ns, At safepoint: 5420 ns, Total: 69674 ns
[2021-05-11T06:09:49.587+0000][8][safepoint   ] Safepoint "Cleanup", Time since last: 57005027962 ns, Reaching safepoint: 123400 ns, At safepoint: 6664 ns, Total: 130064 ns
[2021-05-11T06:10:16.023+0000][8][gc,start    ] GC(187) Pause Young (Concurrent Start) (G1 Evacuation Pause)
[2021-05-11T06:10:16.023+0000][8][gc,task     ] GC(187) Using 6 workers of 8 for evacuation
[2021-05-11T06:10:16.023+0000][8][gc,age      ] GC(187) Desired survivor size 6291456 bytes, new threshold 15 (max threshold 15)
[2021-05-11T06:10:16.024+0000][8][gc,age      ] GC(187) Age table with threshold 15 (max threshold 15)
[2021-05-11T06:10:16.024+0000][8][gc,age      ] GC(187) - age   1:     520504 bytes,     520504 total
[2021-05-11T06:10:16.024+0000][8][gc,age      ] GC(187) - age   2:       8048 bytes,     528552 total
[2021-05-11T06:10:16.024+0000][8][gc,age      ] GC(187) - age   3:       1352 bytes,     529904 total
[2021-05-11T06:10:16.024+0000][8][gc,age      ] GC(187) - age   4:     183024 bytes,     712928 total
[2021-05-11T06:10:16.024+0000][8][gc,age      ] GC(187) - age   5:        616 bytes,     713544 total
[2021-05-11T06:10:16.024+0000][8][gc,age      ] GC(187) - age   6:       1808 bytes,     715352 total
[2021-05-11T06:10:16.024+0000][8][gc,age      ] GC(187) - age   7:       1112 bytes,     716464 total
[2021-05-11T06:10:16.024+0000][8][gc,age      ] GC(187) - age   8:        656 bytes,     717120 total
[2021-05-11T06:10:16.024+0000][8][gc,age      ] GC(187) - age   9:       1000 bytes,     718120 total
[2021-05-11T06:10:16.024+0000][8][gc,age      ] GC(187) - age  10:      50480 bytes,     768600 total
[2021-05-11T06:10:16.024+0000][8][gc,age      ] GC(187) - age  11:        432 bytes,     769032 total
[2021-05-11T06:10:16.024+0000][8][gc,age      ] GC(187) - age  12:        584 bytes,     769616 total
[2021-05-11T06:10:16.024+0000][8][gc,age      ] GC(187) - age  14:        360 bytes,     769976 total
[2021-05-11T06:10:16.024+0000][8][gc,age      ] GC(187) - age  15:        768 bytes,     770744 total
[2021-05-11T06:10:16.024+0000][8][gc,phases   ] GC(187)   Pre Evacuate Collection Set: 0.1ms
[2021-05-11T06:10:16.024+0000][8][gc,phases   ] GC(187)   Merge Heap Roots: 0.0ms
[2021-05-11T06:10:16.025+0000][8][gc,phases   ] GC(187)   Evacuate Collection Set: 0.8ms
[2021-05-11T06:10:16.025+0000][8][gc,phases   ] GC(187)   Post Evacuate Collection Set: 0.4ms
[2021-05-11T06:10:16.025+0000][8][gc,phases   ] GC(187)   Other: 0.2ms
[2021-05-11T06:10:16.025+0000][8][gc,heap     ] GC(187) Eden regions: 21->0(21)
[2021-05-11T06:10:16.025+0000][8][gc,heap     ] GC(187) Survivor regions: 1->1(3)
[2021-05-11T06:10:16.025+0000][8][gc,heap     ] GC(187) Old regions: 27->27
[2021-05-11T06:10:16.025+0000][8][gc,heap     ] GC(187) Archive regions: 2->2
[2021-05-11T06:10:16.025+0000][8][gc,heap     ] GC(187) Humongous regions: 2->2
[2021-05-11T06:10:16.025+0000][8][gc,metaspace] GC(187) Metaspace: 108435K(113264K)->108435K(113264K) NonClass: 94538K(98032K)->94538K(98032K) Class: 13896K(15232K)->13896K(15232K)
[2021-05-11T06:10:16.025+0000][8][gc          ] GC(187) Pause Young (Concurrent Start) (G1 Evacuation Pause) 201M->117M(256M) 1.696ms
[2021-05-11T06:10:16.025+0000][8][gc,cpu      ] GC(187) User=0.00s Sys=0.00s Real=0.00s
[2021-05-11T06:10:16.025+0000][8][gc          ] GC(188) Concurrent Cycle
[2021-05-11T06:10:16.025+0000][8][safepoint   ] Safepoint "G1CollectForAllocation", Time since last: 26436110383 ns, Reaching safepoint: 189107 ns, At safepoint: 1762584 ns, Total: 1951691 ns
[2021-05-11T06:10:16.025+0000][8][gc,marking  ] GC(188) Concurrent Clear Claimed Marks
[2021-05-11T06:10:16.025+0000][8][gc,marking  ] GC(188) Concurrent Clear Claimed Marks 0.062ms
[2021-05-11T06:10:16.025+0000][8][gc,marking  ] GC(188) Concurrent Scan Root Regions
[2021-05-11T06:10:16.026+0000][8][gc,marking  ] GC(188) Concurrent Scan Root Regions 1.515ms
[2021-05-11T06:10:16.026+0000][8][gc,marking  ] GC(188) Concurrent Mark (12825.412s)
[2021-05-11T06:10:16.026+0000][8][gc,marking  ] GC(188) Concurrent Mark From Roots
[2021-05-11T06:10:16.026+0000][8][gc,task     ] GC(188) Using 2 workers of 2 for marking
[2021-05-11T06:10:16.110+0000][8][gc,marking  ] GC(188) Concurrent Mark From Roots 83.476ms
[2021-05-11T06:10:16.110+0000][8][gc,marking  ] GC(188) Concurrent Preclean
[2021-05-11T06:10:16.110+0000][8][gc,marking  ] GC(188) Concurrent Preclean 0.282ms
[2021-05-11T06:10:16.110+0000][8][gc,marking  ] GC(188) Concurrent Mark (12825.412s, 12825.495s) 83.819ms
[2021-05-11T06:10:16.110+0000][8][gc,start    ] GC(188) Pause Remark
[2021-05-11T06:10:16.121+0000][8][gc          ] GC(188) Pause Remark 117M->117M(256M) 10.906ms
[2021-05-11T06:10:16.121+0000][8][gc,cpu      ] GC(188) User=0.06s Sys=0.00s Real=0.00s
[2021-05-11T06:10:16.121+0000][8][safepoint   ] Safepoint "G1Concurrent", Time since last: 85472759 ns, Reaching safepoint: 118362 ns, At safepoint: 10987785 ns, Total: 11106147 ns
[2021-05-11T06:10:16.121+0000][8][gc,marking  ] GC(188) Concurrent Rebuild Remembered Sets
[2021-05-11T06:10:16.186+0000][8][gc,marking  ] GC(188) Concurrent Rebuild Remembered Sets 64.500ms
[2021-05-11T06:10:16.186+0000][8][gc,start    ] GC(188) Pause Cleanup
[2021-05-11T06:10:16.186+0000][8][gc          ] GC(188) Pause Cleanup 117M->117M(256M) 0.064ms
[2021-05-11T06:10:16.186+0000][8][gc,cpu      ] GC(188) User=0.00s Sys=0.00s Real=0.00s
[2021-05-11T06:10:16.186+0000][8][safepoint   ] Safepoint "G1Concurrent", Time since last: 64566764 ns, Reaching safepoint: 68627 ns, At safepoint: 102227 ns, Total: 170854 ns
[2021-05-11T06:10:16.186+0000][8][gc,marking  ] GC(188) Concurrent Cleanup for Next Mark
[2021-05-11T06:10:16.186+0000][8][gc,marking  ] GC(188) Concurrent Cleanup for Next Mark 0.147ms
[2021-05-11T06:10:16.186+0000][8][gc          ] GC(188) Concurrent Cycle 161.523ms
[2021-05-11T06:10:17.186+0000][8][safepoint   ] Safepoint "Cleanup", Time since last: 1000070797 ns, Reaching safepoint: 83116 ns, At safepoint: 5579 ns, Total: 88695 ns
[2021-05-11T06:10:18.186+0000][8][safepoint   ] Safepoint "Cleanup", Time since last: 1000153151 ns, Reaching safepoint: 186826 ns, At safepoint: 6760 ns, Total: 193586 ns
[2021-05-11T06:10:19.187+0000][8][safepoint   ] Safepoint "Cleanup", Time since last: 1000089686 ns, Reaching safepoint: 96124 ns, At safepoint: 4156 ns, Total: 100280 ns
[2021-05-11T06:10:25.187+0000][8][safepoint   ] Safepoint "Cleanup", Time since last: 6000631470 ns, Reaching safepoint: 94383 ns, At safepoint: 5589 ns, Total: 99972 ns
[2021-05-11T06:10:26.188+0000][8][safepoint   ] Safepoint "Cleanup", Time since last: 1000169850 ns, Reaching safepoint: 135410 ns, At safepoint: 3163 ns, Total: 138573 ns
[2021-05-11T06:10:46.190+0000][8][safepoint   ] Safepoint "Cleanup", Time since last: 20002206147 ns, Reaching safepoint: 117997 ns, At safepoint: 7024 ns, Total: 125021 ns
[2021-05-11T06:10:49.190+0000][8][safepoint   ] Safepoint "Cleanup", Time since last: 3000386455 ns, Reaching safepoint: 77064 ns, At safepoint: 3179 ns, Total: 80243 ns
[2021-05-11T06:10:52.191+0000][8][safepoint   ] Safepoint "Cleanup", Time since last: 3000334796 ns, Reaching safepoint: 166353 ns, At safepoint: 6828 ns, Total: 173181 ns
[2021-05-11T06:11:45.196+0000][8][safepoint   ] Safepoint "Cleanup", Time since last: 53004795755 ns, Reaching safepoint: 66354 ns, At safepoint: 5193 ns, Total: 71547 ns
[2021-05-11T06:11:52.197+0000][8][safepoint   ] Safepoint "Cleanup", Time since last: 7000588269 ns, Reaching safepoint: 64076 ns, At safepoint: 4623 ns, Total: 68699 ns
[2021-05-11T06:12:18.325+0000][8][gc,start    ] GC(189) Pause Young (Normal) (G1 Evacuation Pause)
[2021-05-11T06:12:18.325+0000][8][gc,task     ] GC(189) Using 6 workers of 8 for evacuation
[2021-05-11T06:12:18.325+0000][8][gc,age      ] GC(189) Desired survivor size 6291456 bytes, new threshold 15 (max threshold 15)
[2021-05-11T06:12:18.327+0000][8][gc,age      ] GC(189) Age table with threshold 15 (max threshold 15)
[2021-05-11T06:12:18.327+0000][8][gc,age      ] GC(189) - age   1:     826800 bytes,     826800 total
[2021-05-11T06:12:18.327+0000][8][gc,age      ] GC(189) - age   2:       5488 bytes,     832288 total
[2021-05-11T06:12:18.327+0000][8][gc,age      ] GC(189) - age   3:       7824 bytes,     840112 total
[2021-05-11T06:12:18.327+0000][8][gc,age      ] GC(189) - age   4:       1232 bytes,     841344 total
[2021-05-11T06:12:18.327+0000][8][gc,age      ] GC(189) - age   5:     182648 bytes,    1023992 total
[2021-05-11T06:12:18.327+0000][8][gc,age      ] GC(189) - age   6:        616 bytes,    1024608 total
[2021-05-11T06:12:18.327+0000][8][gc,age      ] GC(189) - age   7:       1688 bytes,    1026296 total
[2021-05-11T06:12:18.327+0000][8][gc,age      ] GC(189) - age   8:       1072 bytes,    1027368 total
[2021-05-11T06:12:18.327+0000][8][gc,age      ] GC(189) - age   9:        656 bytes,    1028024 total
[2021-05-11T06:12:18.327+0000][8][gc,age      ] GC(189) - age  10:       1000 bytes,    1029024 total
[2021-05-11T06:12:18.327+0000][8][gc,age      ] GC(189) - age  11:      50480 bytes,    1079504 total
[2021-05-11T06:12:18.327+0000][8][gc,age      ] GC(189) - age  12:        432 bytes,    1079936 total
[2021-05-11T06:12:18.327+0000][8][gc,age      ] GC(189) - age  13:        584 bytes,    1080520 total
[2021-05-11T06:12:18.327+0000][8][gc,age      ] GC(189) - age  15:        360 bytes,    1080880 total
[2021-05-11T06:12:18.327+0000][8][gc,phases   ] GC(189)   Pre Evacuate Collection Set: 0.0ms
[2021-05-11T06:12:18.327+0000][8][gc,phases   ] GC(189)   Merge Heap Roots: 0.1ms
[2021-05-11T06:12:18.327+0000][8][gc,phases   ] GC(189)   Evacuate Collection Set: 0.8ms
[2021-05-11T06:12:18.327+0000][8][gc,phases   ] GC(189)   Post Evacuate Collection Set: 0.4ms
[2021-05-11T06:12:18.327+0000][8][gc,phases   ] GC(189)   Other: 0.2ms
[2021-05-11T06:12:18.327+0000][8][gc,heap     ] GC(189) Eden regions: 21->0(21)
[2021-05-11T06:12:18.327+0000][8][gc,heap     ] GC(189) Survivor regions: 1->1(3)
[2021-05-11T06:12:18.327+0000][8][gc,heap     ] GC(189) Old regions: 27->27
[2021-05-11T06:12:18.327+0000][8][gc,heap     ] GC(189) Archive regions: 2->2
[2021-05-11T06:12:18.327+0000][8][gc,heap     ] GC(189) Humongous regions: 2->2
[2021-05-11T06:12:18.327+0000][8][gc,metaspace] GC(189) Metaspace: 108426K(113264K)->108426K(113264K) NonClass: 94530K(98032K)->94530K(98032K) Class: 13896K(15232K)->13896K(15232K)
[2021-05-11T06:12:18.327+0000][8][gc          ] GC(189) Pause Young (Normal) (G1 Evacuation Pause) 201M->117M(256M) 1.606ms
[2021-05-11T06:12:18.327+0000][8][gc,cpu      ] GC(189) User=0.01s Sys=0.00s Real=0.00s
[2021-05-11T06:12:18.327+0000][8][safepoint   ] Safepoint "G1CollectForAllocation", Time since last: 26128513271 ns, Reaching safepoint: 98869 ns, At safepoint: 1666777 ns, Total: 1765646 ns
[2021-05-11T06:12:50.140+0000][8][safepoint   ] Safepoint "ICBufferFull", Time since last: 31813150827 ns, Reaching safepoint: 185519 ns, At safepoint: 7232 ns, Total: 192751 ns
[2021-05-11T06:12:51.141+0000][8][safepoint   ] Safepoint "Cleanup", Time since last: 1000286208 ns, Reaching safepoint: 74440 ns, At safepoint: 6143 ns, Total: 80583 ns
[2021-05-11T06:12:52.141+0000][8][safepoint   ] Safepoint "Cleanup", Time since last: 1000122074 ns, Reaching safepoint: 79442 ns, At safepoint: 5317 ns, Total: 84759 ns
[2021-05-11T06:13:19.143+0000][8][safepoint   ] Safepoint "Cleanup", Time since last: 27002467657 ns, Reaching safepoint: 67517 ns, At safepoint: 5359 ns, Total: 72876 ns
[2021-05-11T06:13:52.147+0000][8][safepoint   ] Safepoint "Cleanup", Time since last: 33003512403 ns, Reaching safepoint: 78901 ns, At safepoint: 5222 ns, Total: 84123 ns
[2021-05-11T06:13:56.147+0000][8][safepoint   ] Safepoint "Cleanup", Time since last: 4000397040 ns, Reaching safepoint: 148870 ns, At safepoint: 7649 ns, Total: 156519 ns
[2021-05-11T06:13:57.608+0000][8][gc,start    ] GC(190) Pause Young (Concurrent Start) (G1 Evacuation Pause)
[2021-05-11T06:13:57.608+0000][8][gc,task     ] GC(190) Using 6 workers of 8 for evacuation
[2021-05-11T06:13:57.608+0000][8][gc,age      ] GC(190) Desired survivor size 6291456 bytes, new threshold 15 (max threshold 15)
[2021-05-11T06:13:57.611+0000][8][gc,age      ] GC(190) Age table with threshold 15 (max threshold 15)
[2021-05-11T06:13:57.611+0000][8][gc,age      ] GC(190) - age   1:     778424 bytes,     778424 total
[2021-05-11T06:13:57.611+0000][8][gc,age      ] GC(190) - age   2:     312280 bytes,    1090704 total
[2021-05-11T06:13:57.611+0000][8][gc,age      ] GC(190) - age   3:       5272 bytes,    1095976 total
[2021-05-11T06:13:57.611+0000][8][gc,age      ] GC(190) - age   4:       7624 bytes,    1103600 total
[2021-05-11T06:13:57.611+0000][8][gc,age      ] GC(190) - age   5:       1232 bytes,    1104832 total
[2021-05-11T06:13:57.611+0000][8][gc,age      ] GC(190) - age   6:       7176 bytes,    1112008 total
[2021-05-11T06:13:57.611+0000][8][gc,age      ] GC(190) - age   7:        616 bytes,    1112624 total
[2021-05-11T06:13:57.611+0000][8][gc,age      ] GC(190) - age   8:       1488 bytes,    1114112 total
[2021-05-11T06:13:57.611+0000][8][gc,age      ] GC(190) - age   9:       1072 bytes,    1115184 total
[2021-05-11T06:13:57.611+0000][8][gc,age      ] GC(190) - age  10:        616 bytes,    1115800 total
[2021-05-11T06:13:57.611+0000][8][gc,age      ] GC(190) - age  12:      50480 bytes,    1166280 total
[2021-05-11T06:13:57.611+0000][8][gc,age      ] GC(190) - age  13:        432 bytes,    1166712 total
[2021-05-11T06:13:57.611+0000][8][gc,age      ] GC(190) - age  14:        584 bytes,    1167296 total
[2021-05-11T06:13:57.611+0000][8][gc,phases   ] GC(190)   Pre Evacuate Collection Set: 0.2ms
[2021-05-11T06:13:57.611+0000][8][gc,phases   ] GC(190)   Merge Heap Roots: 0.0ms
[2021-05-11T06:13:57.611+0000][8][gc,phases   ] GC(190)   Evacuate Collection Set: 1.1ms
[2021-05-11T06:13:57.611+0000][8][gc,phases   ] GC(190)   Post Evacuate Collection Set: 1.1ms
[2021-05-11T06:13:57.611+0000][8][gc,phases   ] GC(190)   Other: 0.4ms
[2021-05-11T06:13:57.611+0000][8][gc,heap     ] GC(190) Eden regions: 21->0(21)
[2021-05-11T06:13:57.611+0000][8][gc,heap     ] GC(190) Survivor regions: 1->1(3)
[2021-05-11T06:13:57.611+0000][8][gc,heap     ] GC(190) Old regions: 27->27
[2021-05-11T06:13:57.611+0000][8][gc,heap     ] GC(190) Archive regions: 2->2
[2021-05-11T06:13:57.611+0000][8][gc,heap     ] GC(190) Humongous regions: 2->2
[2021-05-11T06:13:57.611+0000][8][gc,metaspace] GC(190) Metaspace: 108446K(113264K)->108446K(113264K) NonClass: 94550K(98032K)->94550K(98032K) Class: 13896K(15232K)->13896K(15232K)
[2021-05-11T06:13:57.611+0000][8][gc          ] GC(190) Pause Young (Concurrent Start) (G1 Evacuation Pause) 201M->117M(256M) 2.845ms
[2021-05-11T06:13:57.611+0000][8][gc,cpu      ] GC(190) User=0.01s Sys=0.00s Real=0.01s
[2021-05-11T06:13:57.611+0000][8][gc          ] GC(191) Concurrent Cycle
[2021-05-11T06:13:57.611+0000][8][gc,marking  ] GC(191) Concurrent Clear Claimed Marks
[2021-05-11T06:13:57.611+0000][8][gc,marking  ] GC(191) Concurrent Clear Claimed Marks 0.108ms
[2021-05-11T06:13:57.611+0000][8][gc,marking  ] GC(191) Concurrent Scan Root Regions
[2021-05-11T06:13:57.611+0000][8][safepoint   ] Safepoint "G1CollectForAllocation", Time since last: 1460793822 ns, Reaching safepoint: 149737 ns, At safepoint: 2931282 ns, Total: 3081019 ns
[2021-05-11T06:13:57.614+0000][8][gc,marking  ] GC(191) Concurrent Scan Root Regions 2.438ms
[2021-05-11T06:13:57.614+0000][8][gc,marking  ] GC(191) Concurrent Mark (13046.999s)
[2021-05-11T06:13:57.614+0000][8][gc,marking  ] GC(191) Concurrent Mark From Roots
[2021-05-11T06:13:57.614+0000][8][gc,task     ] GC(191) Using 2 workers of 2 for marking
[2021-05-11T06:13:57.725+0000][8][gc,marking  ] GC(191) Concurrent Mark From Roots 110.860ms
[2021-05-11T06:13:57.725+0000][8][gc,marking  ] GC(191) Concurrent Preclean
[2021-05-11T06:13:57.725+0000][8][gc,marking  ] GC(191) Concurrent Preclean 0.302ms
[2021-05-11T06:13:57.725+0000][8][gc,marking  ] GC(191) Concurrent Mark (13046.999s, 13047.111s) 111.224ms
[2021-05-11T06:13:57.725+0000][8][gc,start    ] GC(191) Pause Remark
[2021-05-11T06:13:57.731+0000][8][gc          ] GC(191) Pause Remark 118M->118M(256M) 5.666ms
[2021-05-11T06:13:57.731+0000][8][gc,cpu      ] GC(191) User=0.03s Sys=0.00s Real=0.01s
[2021-05-11T06:13:57.731+0000][8][safepoint   ] Safepoint "G1Concurrent", Time since last: 113897674 ns, Reaching safepoint: 82620 ns, At safepoint: 5744564 ns, Total: 5827184 ns
[2021-05-11T06:13:57.731+0000][8][gc,marking  ] GC(191) Concurrent Rebuild Remembered Sets
[2021-05-11T06:13:57.790+0000][8][gc,marking  ] GC(191) Concurrent Rebuild Remembered Sets 59.077ms
[2021-05-11T06:13:57.790+0000][8][gc,start    ] GC(191) Pause Cleanup
[2021-05-11T06:13:57.790+0000][8][gc          ] GC(191) Pause Cleanup 118M->118M(256M) 0.059ms
[2021-05-11T06:13:57.790+0000][8][gc,cpu      ] GC(191) User=0.00s Sys=0.00s Real=0.00s
[2021-05-11T06:13:57.790+0000][8][safepoint   ] Safepoint "G1Concurrent", Time since last: 59278983 ns, Reaching safepoint: 114692 ns, At safepoint: 92299 ns, Total: 206991 ns
[2021-05-11T06:13:57.791+0000][8][gc,marking  ] GC(191) Concurrent Cleanup for Next Mark
[2021-05-11T06:13:57.791+0000][8][gc,marking  ] GC(191) Concurrent Cleanup for Next Mark 0.182ms
[2021-05-11T06:13:57.791+0000][8][gc          ] GC(191) Concurrent Cycle 179.511ms
[2021-05-11T06:14:05.791+0000][8][safepoint   ] Safepoint "Cleanup", Time since last: 8000878611 ns, Reaching safepoint: 65978 ns, At safepoint: 3879 ns, Total: 69857 ns
[2021-05-11T06:14:19.793+0000][8][safepoint   ] Safepoint "Cleanup", Time since last: 14001110796 ns, Reaching safepoint: 129749 ns, At safepoint: 13129 ns, Total: 142878 ns
[2021-05-11T06:14:20.793+0000][8][safepoint   ] Safepoint "Cleanup", Time since last: 1000179208 ns, Reaching safepoint: 100087 ns, At safepoint: 7074 ns, Total: 107161 ns
[2021-05-11T06:14:42.795+0000][8][safepoint   ] Safepoint "Cleanup", Time since last: 22002307203 ns, Reaching safepoint: 84477 ns, At safepoint: 7111 ns, Total: 91588 ns
[2021-05-11T06:15:20.800+0000][8][safepoint   ] Safepoint "Cleanup", Time since last: 38004466413 ns, Reaching safepoint: 98878 ns, At safepoint: 5077 ns, Total: 103955 ns
[2021-05-11T06:15:52.804+0000][8][safepoint   ] Safepoint "Cleanup", Time since last: 32003625350 ns, Reaching safepoint: 72666 ns, At safepoint: 5285 ns, Total: 77951 ns
[2021-05-11T06:16:16.026+0000][8][gc,start    ] GC(192) Pause Young (Normal) (G1 Evacuation Pause)
[2021-05-11T06:16:16.026+0000][8][gc,task     ] GC(192) Using 6 workers of 8 for evacuation
[2021-05-11T06:16:16.026+0000][8][gc,age      ] GC(192) Desired survivor size 6291456 bytes, new threshold 15 (max threshold 15)
[2021-05-11T06:16:16.027+0000][8][gc,age      ] GC(192) Age table with threshold 15 (max threshold 15)
[2021-05-11T06:16:16.027+0000][8][gc,age      ] GC(192) - age   1:     518904 bytes,     518904 total
[2021-05-11T06:16:16.027+0000][8][gc,age      ] GC(192) - age   2:     273104 bytes,     792008 total
[2021-05-11T06:16:16.027+0000][8][gc,age      ] GC(192) - age   3:     308208 bytes,    1100216 total
[2021-05-11T06:16:16.027+0000][8][gc,age      ] GC(192) - age   4:       5272 bytes,    1105488 total
[2021-05-11T06:16:16.027+0000][8][gc,age      ] GC(192) - age   5:       7624 bytes,    1113112 total
[2021-05-11T06:16:16.027+0000][8][gc,age      ] GC(192) - age   6:       1232 bytes,    1114344 total
[2021-05-11T06:16:16.027+0000][8][gc,age      ] GC(192) - age   7:       7080 bytes,    1121424 total
[2021-05-11T06:16:16.027+0000][8][gc,age      ] GC(192) - age   8:        616 bytes,    1122040 total
[2021-05-11T06:16:16.027+0000][8][gc,age      ] GC(192) - age   9:       1488 bytes,    1123528 total
[2021-05-11T06:16:16.027+0000][8][gc,age      ] GC(192) - age  10:       1072 bytes,    1124600 total
[2021-05-11T06:16:16.027+0000][8][gc,age      ] GC(192) - age  11:        616 bytes,    1125216 total
[2021-05-11T06:16:16.027+0000][8][gc,age      ] GC(192) - age  13:      50480 bytes,    1175696 total
[2021-05-11T06:16:16.027+0000][8][gc,age      ] GC(192) - age  14:        432 bytes,    1176128 total
[2021-05-11T06:16:16.027+0000][8][gc,age      ] GC(192) - age  15:        584 bytes,    1176712 total
[2021-05-11T06:16:16.027+0000][8][gc,phases   ] GC(192)   Pre Evacuate Collection Set: 0.1ms
[2021-05-11T06:16:16.027+0000][8][gc,phases   ] GC(192)   Merge Heap Roots: 0.0ms
[2021-05-11T06:16:16.027+0000][8][gc,phases   ] GC(192)   Evacuate Collection Set: 0.8ms
[2021-05-11T06:16:16.027+0000][8][gc,phases   ] GC(192)   Post Evacuate Collection Set: 0.4ms
[2021-05-11T06:16:16.027+0000][8][gc,phases   ] GC(192)   Other: 0.2ms
[2021-05-11T06:16:16.028+0000][8][gc,heap     ] GC(192) Eden regions: 21->0(21)
[2021-05-11T06:16:16.028+0000][8][gc,heap     ] GC(192) Survivor regions: 1->1(3)
[2021-05-11T06:16:16.028+0000][8][gc,heap     ] GC(192) Old regions: 27->27
[2021-05-11T06:16:16.028+0000][8][gc,heap     ] GC(192) Archive regions: 2->2
[2021-05-11T06:16:16.028+0000][8][gc,heap     ] GC(192) Humongous regions: 2->2
[2021-05-11T06:16:16.028+0000][8][gc,metaspace] GC(192) Metaspace: 108463K(113264K)->108463K(113264K) NonClass: 94565K(98032K)->94565K(98032K) Class: 13897K(15232K)->13897K(15232K)
[2021-05-11T06:16:16.028+0000][8][gc          ] GC(192) Pause Young (Normal) (G1 Evacuation Pause) 201M->117M(256M) 1.578ms
[2021-05-11T06:16:16.028+0000][8][gc,cpu      ] GC(192) User=0.01s Sys=0.00s Real=0.00s
[2021-05-11T06:16:16.028+0000][8][safepoint   ] Safepoint "G1CollectForAllocation", Time since last: 23222132786 ns, Reaching safepoint: 158770 ns, At safepoint: 1641427 ns, Total: 1800197 ns
[2021-05-11T06:16:52.032+0000][8][safepoint   ] Safepoint "Cleanup", Time since last: 36004734670 ns, Reaching safepoint: 105505 ns, At safepoint: 5967 ns, Total: 111472 ns
[2021-05-11T06:17:26.036+0000][8][safepoint   ] Safepoint "Cleanup", Time since last: 34003470923 ns, Reaching safepoint: 65703 ns, At safepoint: 4654 ns, Total: 70357 ns
[2021-05-11T06:18:18.365+0000][8][gc,start    ] GC(193) Pause Young (Concurrent Start) (G1 Evacuation Pause)
[2021-05-11T06:18:18.365+0000][8][gc,task     ] GC(193) Using 6 workers of 8 for evacuation
[2021-05-11T06:18:18.365+0000][8][gc,age      ] GC(193) Desired survivor size 6291456 bytes, new threshold 15 (max threshold 15)
[2021-05-11T06:18:18.367+0000][8][gc,age      ] GC(193) Age table with threshold 15 (max threshold 15)
[2021-05-11T06:18:18.367+0000][8][gc,age      ] GC(193) - age   1:     543488 bytes,     543488 total
[2021-05-11T06:18:18.367+0000][8][gc,age      ] GC(193) - age   2:       3712 bytes,     547200 total
[2021-05-11T06:18:18.367+0000][8][gc,age      ] GC(193) - age   3:     151728 bytes,     698928 total
[2021-05-11T06:18:18.367+0000][8][gc,age      ] GC(193) - age   4:     307800 bytes,    1006728 total
[2021-05-11T06:18:18.367+0000][8][gc,age      ] GC(193) - age   5:       5272 bytes,    1012000 total
[2021-05-11T06:18:18.367+0000][8][gc,age      ] GC(193) - age   6:       5104 bytes,    1017104 total
[2021-05-11T06:18:18.367+0000][8][gc,age      ] GC(193) - age   7:       1232 bytes,    1018336 total
[2021-05-11T06:18:18.367+0000][8][gc,age      ] GC(193) - age   8:       7080 bytes,    1025416 total
[2021-05-11T06:18:18.367+0000][8][gc,age      ] GC(193) - age   9:        616 bytes,    1026032 total
[2021-05-11T06:18:18.367+0000][8][gc,age      ] GC(193) - age  10:       1488 bytes,    1027520 total
[2021-05-11T06:18:18.367+0000][8][gc,age      ] GC(193) - age  11:       1072 bytes,    1028592 total
[2021-05-11T06:18:18.367+0000][8][gc,age      ] GC(193) - age  12:        592 bytes,    1029184 total
[2021-05-11T06:18:18.367+0000][8][gc,age      ] GC(193) - age  14:      50480 bytes,    1079664 total
[2021-05-11T06:18:18.367+0000][8][gc,age      ] GC(193) - age  15:        432 bytes,    1080096 total
[2021-05-11T06:18:18.367+0000][8][gc,phases   ] GC(193)   Pre Evacuate Collection Set: 0.1ms
[2021-05-11T06:18:18.367+0000][8][gc,phases   ] GC(193)   Merge Heap Roots: 0.0ms
[2021-05-11T06:18:18.367+0000][8][gc,phases   ] GC(193)   Evacuate Collection Set: 0.7ms
[2021-05-11T06:18:18.367+0000][8][gc,phases   ] GC(193)   Post Evacuate Collection Set: 0.6ms
[2021-05-11T06:18:18.367+0000][8][gc,phases   ] GC(193)   Other: 0.3ms
[2021-05-11T06:18:18.367+0000][8][gc,heap     ] GC(193) Eden regions: 21->0(21)
[2021-05-11T06:18:18.367+0000][8][gc,heap     ] GC(193) Survivor regions: 1->1(3)
[2021-05-11T06:18:18.367+0000][8][gc,heap     ] GC(193) Old regions: 27->27
[2021-05-11T06:18:18.367+0000][8][gc,heap     ] GC(193) Archive regions: 2->2
[2021-05-11T06:18:18.367+0000][8][gc,heap     ] GC(193) Humongous regions: 2->2
[2021-05-11T06:18:18.367+0000][8][gc,metaspace] GC(193) Metaspace: 108473K(113264K)->108473K(113264K) NonClass: 94575K(98032K)->94575K(98032K) Class: 13897K(15232K)->13897K(15232K)
[2021-05-11T06:18:18.367+0000][8][gc          ] GC(193) Pause Young (Concurrent Start) (G1 Evacuation Pause) 201M->117M(256M) 1.863ms
[2021-05-11T06:18:18.367+0000][8][gc,cpu      ] GC(193) User=0.01s Sys=0.00s Real=0.00s
[2021-05-11T06:18:18.367+0000][8][gc          ] GC(194) Concurrent Cycle
[2021-05-11T06:18:18.367+0000][8][gc,marking  ] GC(194) Concurrent Clear Claimed Marks
[2021-05-11T06:18:18.367+0000][8][safepoint   ] Safepoint "G1CollectForAllocation", Time since last: 52328847436 ns, Reaching safepoint: 126202 ns, At safepoint: 1940362 ns, Total: 2066564 ns
[2021-05-11T06:18:18.367+0000][8][gc,marking  ] GC(194) Concurrent Clear Claimed Marks 0.087ms
[2021-05-11T06:18:18.367+0000][8][gc,marking  ] GC(194) Concurrent Scan Root Regions
[2021-05-11T06:18:18.368+0000][8][gc,marking  ] GC(194) Concurrent Scan Root Regions 1.241ms
[2021-05-11T06:18:18.368+0000][8][gc,marking  ] GC(194) Concurrent Mark (13307.754s)
[2021-05-11T06:18:18.368+0000][8][gc,marking  ] GC(194) Concurrent Mark From Roots
[2021-05-11T06:18:18.368+0000][8][gc,task     ] GC(194) Using 2 workers of 2 for marking
[2021-05-11T06:18:18.454+0000][8][gc,marking  ] GC(194) Concurrent Mark From Roots 86.093ms
[2021-05-11T06:18:18.454+0000][8][gc,marking  ] GC(194) Concurrent Preclean
[2021-05-11T06:18:18.455+0000][8][gc,marking  ] GC(194) Concurrent Preclean 0.238ms
[2021-05-11T06:18:18.455+0000][8][gc,marking  ] GC(194) Concurrent Mark (13307.754s, 13307.840s) 86.381ms
[2021-05-11T06:18:18.455+0000][8][gc,start    ] GC(194) Pause Remark
[2021-05-11T06:18:18.461+0000][8][gc          ] GC(194) Pause Remark 117M->117M(256M) 6.265ms
[2021-05-11T06:18:18.461+0000][8][gc,cpu      ] GC(194) User=0.04s Sys=0.00s Real=0.00s
[2021-05-11T06:18:18.461+0000][8][safepoint   ] Safepoint "G1Concurrent", Time since last: 87823767 ns, Reaching safepoint: 81248 ns, At safepoint: 6347143 ns, Total: 6428391 ns
[2021-05-11T06:18:18.461+0000][8][gc,marking  ] GC(194) Concurrent Rebuild Remembered Sets
[2021-05-11T06:18:18.518+0000][8][gc,marking  ] GC(194) Concurrent Rebuild Remembered Sets 56.348ms
[2021-05-11T06:18:18.518+0000][8][gc,start    ] GC(194) Pause Cleanup
[2021-05-11T06:18:18.518+0000][8][gc          ] GC(194) Pause Cleanup 118M->118M(256M) 0.065ms
[2021-05-11T06:18:18.518+0000][8][gc,cpu      ] GC(194) User=0.00s Sys=0.00s Real=0.00s
[2021-05-11T06:18:18.518+0000][8][safepoint   ] Safepoint "G1Concurrent", Time since last: 56422180 ns, Reaching safepoint: 62102 ns, At safepoint: 101427 ns, Total: 163529 ns
[2021-05-11T06:18:18.518+0000][8][gc,marking  ] GC(194) Concurrent Cleanup for Next Mark
[2021-05-11T06:18:18.518+0000][8][gc,marking  ] GC(194) Concurrent Cleanup for Next Mark 0.105ms
[2021-05-11T06:18:18.518+0000][8][gc          ] GC(194) Concurrent Cycle 150.988ms
[2021-05-11T06:18:52.521+0000][8][safepoint   ] Safepoint "Cleanup", Time since last: 34003362408 ns, Reaching safepoint: 137370 ns, At safepoint: 6171 ns, Total: 143541 ns
[2021-05-11T06:18:56.522+0000][8][safepoint   ] Safepoint "Cleanup", Time since last: 4000371704 ns, Reaching safepoint: 67865 ns, At safepoint: 3912 ns, Total: 71777 ns
[2021-05-11T06:20:27.779+0000][8][gc,start    ] GC(195) Pause Young (Normal) (G1 Evacuation Pause)
[2021-05-11T06:20:27.779+0000][8][gc,task     ] GC(195) Using 6 workers of 8 for evacuation
[2021-05-11T06:20:27.779+0000][8][gc,age      ] GC(195) Desired survivor size 6291456 bytes, new threshold 15 (max threshold 15)
[2021-05-11T06:20:27.780+0000][8][gc,age      ] GC(195) Age table with threshold 15 (max threshold 15)
[2021-05-11T06:20:27.780+0000][8][gc,age      ] GC(195) - age   1:     507648 bytes,     507648 total
[2021-05-11T06:20:27.780+0000][8][gc,age      ] GC(195) - age   2:       3800 bytes,     511448 total
[2021-05-11T06:20:27.780+0000][8][gc,age      ] GC(195) - age   3:       3520 bytes,     514968 total
[2021-05-11T06:20:27.780+0000][8][gc,age      ] GC(195) - age   4:     151728 bytes,     666696 total
[2021-05-11T06:20:27.780+0000][8][gc,age      ] GC(195) - age   5:     307800 bytes,     974496 total
[2021-05-11T06:20:27.780+0000][8][gc,age      ] GC(195) - age   6:       5248 bytes,     979744 total
[2021-05-11T06:20:27.780+0000][8][gc,age      ] GC(195) - age   7:       5104 bytes,     984848 total
[2021-05-11T06:20:27.780+0000][8][gc,age      ] GC(195) - age   8:       1232 bytes,     986080 total
[2021-05-11T06:20:27.780+0000][8][gc,age      ] GC(195) - age   9:       7080 bytes,     993160 total
[2021-05-11T06:20:27.780+0000][8][gc,age      ] GC(195) - age  10:        616 bytes,     993776 total
[2021-05-11T06:20:27.780+0000][8][gc,age      ] GC(195) - age  11:       1488 bytes,     995264 total
[2021-05-11T06:20:27.780+0000][8][gc,age      ] GC(195) - age  12:       1072 bytes,     996336 total
[2021-05-11T06:20:27.780+0000][8][gc,age      ] GC(195) - age  13:        592 bytes,     996928 total
[2021-05-11T06:20:27.780+0000][8][gc,age      ] GC(195) - age  15:      50480 bytes,    1047408 total
[2021-05-11T06:20:27.780+0000][8][gc,phases   ] GC(195)   Pre Evacuate Collection Set: 0.0ms
[2021-05-11T06:20:27.780+0000][8][gc,phases   ] GC(195)   Merge Heap Roots: 0.0ms
[2021-05-11T06:20:27.780+0000][8][gc,phases   ] GC(195)   Evacuate Collection Set: 0.7ms
[2021-05-11T06:20:27.780+0000][8][gc,phases   ] GC(195)   Post Evacuate Collection Set: 0.3ms
[2021-05-11T06:20:27.780+0000][8][gc,phases   ] GC(195)   Other: 0.2ms
[2021-05-11T06:20:27.780+0000][8][gc,heap     ] GC(195) Eden regions: 21->0(21)
[2021-05-11T06:20:27.780+0000][8][gc,heap     ] GC(195) Survivor regions: 1->1(3)
[2021-05-11T06:20:27.780+0000][8][gc,heap     ] GC(195) Old regions: 27->27
[2021-05-11T06:20:27.780+0000][8][gc,heap     ] GC(195) Archive regions: 2->2
[2021-05-11T06:20:27.780+0000][8][gc,heap     ] GC(195) Humongous regions: 2->2
[2021-05-11T06:20:27.780+0000][8][gc,metaspace] GC(195) Metaspace: 108474K(113264K)->108474K(113264K) NonClass: 94576K(98032K)->94576K(98032K) Class: 13897K(15232K)->13897K(15232K)
[2021-05-11T06:20:27.780+0000][8][gc          ] GC(195) Pause Young (Normal) (G1 Evacuation Pause) 201M->117M(256M) 1.433ms
[2021-05-11T06:20:27.780+0000][8][gc,cpu      ] GC(195) User=0.00s Sys=0.00s Real=0.00s
[2021-05-11T06:20:27.780+0000][8][safepoint   ] Safepoint "G1CollectForAllocation", Time since last: 91257098834 ns, Reaching safepoint: 63197 ns, At safepoint: 1495672 ns, Total: 1558869 ns
[2021-05-11T06:20:45.782+0000][8][safepoint   ] Safepoint "Cleanup", Time since last: 18001779611 ns, Reaching safepoint: 72366 ns, At safepoint: 4258 ns, Total: 76624 ns
[2021-05-11T06:21:16.786+0000][8][safepoint   ] Safepoint "Cleanup", Time since last: 31003800981 ns, Reaching safepoint: 81104 ns, At safepoint: 4524 ns, Total: 85628 ns
[2021-05-11T06:22:35.151+0000][8][gc,start    ] GC(196) Pause Young (Concurrent Start) (G1 Evacuation Pause)
[2021-05-11T06:22:35.151+0000][8][gc,task     ] GC(196) Using 6 workers of 8 for evacuation
[2021-05-11T06:22:35.151+0000][8][gc,age      ] GC(196) Desired survivor size 6291456 bytes, new threshold 15 (max threshold 15)
[2021-05-11T06:22:35.153+0000][8][gc,age      ] GC(196) Age table with threshold 15 (max threshold 15)
[2021-05-11T06:22:35.153+0000][8][gc,age      ] GC(196) - age   1:     512976 bytes,     512976 total
[2021-05-11T06:22:35.153+0000][8][gc,age      ] GC(196) - age   2:        104 bytes,     513080 total
[2021-05-11T06:22:35.153+0000][8][gc,age      ] GC(196) - age   3:       3488 bytes,     516568 total
[2021-05-11T06:22:35.153+0000][8][gc,age      ] GC(196) - age   4:       3520 bytes,     520088 total
[2021-05-11T06:22:35.153+0000][8][gc,age      ] GC(196) - age   5:     151704 bytes,     671792 total
[2021-05-11T06:22:35.153+0000][8][gc,age      ] GC(196) - age   6:     307800 bytes,     979592 total
[2021-05-11T06:22:35.153+0000][8][gc,age      ] GC(196) - age   7:       5248 bytes,     984840 total
[2021-05-11T06:22:35.153+0000][8][gc,age      ] GC(196) - age   8:       4896 bytes,     989736 total
[2021-05-11T06:22:35.153+0000][8][gc,age      ] GC(196) - age   9:       1232 bytes,     990968 total
[2021-05-11T06:22:35.153+0000][8][gc,age      ] GC(196) - age  10:       7080 bytes,     998048 total
[2021-05-11T06:22:35.153+0000][8][gc,age      ] GC(196) - age  11:        592 bytes,     998640 total
[2021-05-11T06:22:35.153+0000][8][gc,age      ] GC(196) - age  12:       1488 bytes,    1000128 total
[2021-05-11T06:22:35.153+0000][8][gc,age      ] GC(196) - age  13:       1072 bytes,    1001200 total
[2021-05-11T06:22:35.154+0000][8][gc,age      ] GC(196) - age  14:        592 bytes,    1001792 total
[2021-05-11T06:22:35.154+0000][8][gc,phases   ] GC(196)   Pre Evacuate Collection Set: 0.1ms
[2021-05-11T06:22:35.154+0000][8][gc,phases   ] GC(196)   Merge Heap Roots: 0.0ms
[2021-05-11T06:22:35.154+0000][8][gc,phases   ] GC(196)   Evacuate Collection Set: 1.4ms
[2021-05-11T06:22:35.154+0000][8][gc,phases   ] GC(196)   Post Evacuate Collection Set: 0.4ms
[2021-05-11T06:22:35.154+0000][8][gc,phases   ] GC(196)   Other: 0.3ms
[2021-05-11T06:22:35.154+0000][8][gc,heap     ] GC(196) Eden regions: 21->0(21)
[2021-05-11T06:22:35.154+0000][8][gc,heap     ] GC(196) Survivor regions: 1->1(3)
[2021-05-11T06:22:35.154+0000][8][gc,heap     ] GC(196) Old regions: 27->27
[2021-05-11T06:22:35.154+0000][8][gc,heap     ] GC(196) Archive regions: 2->2
[2021-05-11T06:22:35.154+0000][8][gc,heap     ] GC(196) Humongous regions: 2->2
[2021-05-11T06:22:35.154+0000][8][gc,metaspace] GC(196) Metaspace: 108474K(113264K)->108474K(113264K) NonClass: 94576K(98032K)->94576K(98032K) Class: 13897K(15232K)->13897K(15232K)
[2021-05-11T06:22:35.154+0000][8][gc          ] GC(196) Pause Young (Concurrent Start) (G1 Evacuation Pause) 201M->117M(256M) 2.348ms
[2021-05-11T06:22:35.154+0000][8][gc,cpu      ] GC(196) User=0.00s Sys=0.00s Real=0.00s
[2021-05-11T06:22:35.154+0000][8][gc          ] GC(197) Concurrent Cycle
[2021-05-11T06:22:35.154+0000][8][safepoint   ] Safepoint "G1CollectForAllocation", Time since last: 78365100810 ns, Reaching safepoint: 98161 ns, At safepoint: 2435720 ns, Total: 2533881 ns
[2021-05-11T06:22:35.154+0000][8][gc,marking  ] GC(197) Concurrent Clear Claimed Marks
[2021-05-11T06:22:35.154+0000][8][gc,marking  ] GC(197) Concurrent Clear Claimed Marks 0.094ms
[2021-05-11T06:22:35.154+0000][8][gc,marking  ] GC(197) Concurrent Scan Root Regions
[2021-05-11T06:22:35.155+0000][8][gc,marking  ] GC(197) Concurrent Scan Root Regions 1.644ms
[2021-05-11T06:22:35.155+0000][8][gc,marking  ] GC(197) Concurrent Mark (13564.541s)
[2021-05-11T06:22:35.156+0000][8][gc,marking  ] GC(197) Concurrent Mark From Roots
[2021-05-11T06:22:35.156+0000][8][gc,task     ] GC(197) Using 2 workers of 2 for marking
[2021-05-11T06:22:35.241+0000][8][gc,marking  ] GC(197) Concurrent Mark From Roots 84.999ms
[2021-05-11T06:22:35.241+0000][8][gc,marking  ] GC(197) Concurrent Preclean
[2021-05-11T06:22:35.241+0000][8][gc,marking  ] GC(197) Concurrent Preclean 0.223ms
[2021-05-11T06:22:35.241+0000][8][gc,marking  ] GC(197) Concurrent Mark (13564.541s, 13564.626s) 85.271ms
[2021-05-11T06:22:35.241+0000][8][gc,start    ] GC(197) Pause Remark
[2021-05-11T06:22:35.246+0000][8][gc          ] GC(197) Pause Remark 118M->118M(256M) 5.490ms
[2021-05-11T06:22:35.246+0000][8][gc,cpu      ] GC(197) User=0.03s Sys=0.00s Real=0.01s
[2021-05-11T06:22:35.246+0000][8][safepoint   ] Safepoint "G1Concurrent", Time since last: 87095609 ns, Reaching safepoint: 98389 ns, At safepoint: 5558900 ns, Total: 5657289 ns
[2021-05-11T06:22:35.246+0000][8][gc,marking  ] GC(197) Concurrent Rebuild Remembered Sets
[2021-05-11T06:22:35.304+0000][8][gc,marking  ] GC(197) Concurrent Rebuild Remembered Sets 57.382ms
[2021-05-11T06:22:35.304+0000][8][gc,start    ] GC(197) Pause Cleanup
[2021-05-11T06:22:35.304+0000][8][gc          ] GC(197) Pause Cleanup 118M->118M(256M) 0.066ms
[2021-05-11T06:22:35.304+0000][8][gc,cpu      ] GC(197) User=0.00s Sys=0.00s Real=0.00s
[2021-05-11T06:22:35.304+0000][8][safepoint   ] Safepoint "G1Concurrent", Time since last: 57457211 ns, Reaching safepoint: 74925 ns, At safepoint: 104129 ns, Total: 179054 ns
[2021-05-11T06:22:35.304+0000][8][gc,marking  ] GC(197) Concurrent Cleanup for Next Mark
[2021-05-11T06:22:35.304+0000][8][gc,marking  ] GC(197) Concurrent Cleanup for Next Mark 0.203ms
[2021-05-11T06:22:35.304+0000][8][gc          ] GC(197) Concurrent Cycle 150.639ms
[2021-05-11T06:22:50.306+0000][8][safepoint   ] Safepoint "Cleanup", Time since last: 15001704327 ns, Reaching safepoint: 70321 ns, At safepoint: 3910 ns, Total: 74231 ns
[2021-05-11T06:22:51.306+0000][8][safepoint   ] Safepoint "Cleanup", Time since last: 1000095461 ns, Reaching safepoint: 72096 ns, At safepoint: 5335 ns, Total: 77431 ns
[2021-05-11T06:22:52.306+0000][8][safepoint   ] Safepoint "Cleanup", Time since last: 1000091002 ns, Reaching safepoint: 83286 ns, At safepoint: 5327 ns, Total: 88613 ns
[2021-05-11T06:23:26.309+0000][8][safepoint   ] Safepoint "Cleanup", Time since last: 34003090161 ns, Reaching safepoint: 77739 ns, At safepoint: 4226 ns, Total: 81965 ns
[2021-05-11T06:23:52.312+0000][8][safepoint   ] Safepoint "Cleanup", Time since last: 26002548888 ns, Reaching safepoint: 81343 ns, At safepoint: 4604 ns, Total: 85947 ns
[2021-05-11T06:24:16.865+0000][8][gc,start    ] GC(198) Pause Young (Normal) (G1 Evacuation Pause)
[2021-05-11T06:24:16.865+0000][8][gc,task     ] GC(198) Using 6 workers of 8 for evacuation
[2021-05-11T06:24:16.865+0000][8][gc,age      ] GC(198) Desired survivor size 6291456 bytes, new threshold 15 (max threshold 15)
[2021-05-11T06:24:16.868+0000][8][gc,age      ] GC(198) Age table with threshold 15 (max threshold 15)
[2021-05-11T06:24:16.868+0000][8][gc,age      ] GC(198) - age   1:     804424 bytes,     804424 total
[2021-05-11T06:24:16.868+0000][8][gc,age      ] GC(198) - age   2:        816 bytes,     805240 total
[2021-05-11T06:24:16.868+0000][8][gc,age      ] GC(198) - age   3:         48 bytes,     805288 total
[2021-05-11T06:24:16.868+0000][8][gc,age      ] GC(198) - age   4:       3488 bytes,     808776 total
[2021-05-11T06:24:16.868+0000][8][gc,age      ] GC(198) - age   5:       3320 bytes,     812096 total
[2021-05-11T06:24:16.868+0000][8][gc,age      ] GC(198) - age   6:       2040 bytes,     814136 total
[2021-05-11T06:24:16.868+0000][8][gc,age      ] GC(198) - age   7:     307800 bytes,    1121936 total
[2021-05-11T06:24:16.868+0000][8][gc,age      ] GC(198) - age   8:       5248 bytes,    1127184 total
[2021-05-11T06:24:16.868+0000][8][gc,age      ] GC(198) - age   9:       4896 bytes,    1132080 total
[2021-05-11T06:24:16.868+0000][8][gc,age      ] GC(198) - age  10:        992 bytes,    1133072 total
[2021-05-11T06:24:16.868+0000][8][gc,age      ] GC(198) - age  11:       2664 bytes,    1135736 total
[2021-05-11T06:24:16.868+0000][8][gc,age      ] GC(198) - age  12:        592 bytes,    1136328 total
[2021-05-11T06:24:16.868+0000][8][gc,age      ] GC(198) - age  13:       1488 bytes,    1137816 total
[2021-05-11T06:24:16.868+0000][8][gc,age      ] GC(198) - age  14:       1072 bytes,    1138888 total
[2021-05-11T06:24:16.868+0000][8][gc,age      ] GC(198) - age  15:        592 bytes,    1139480 total
[2021-05-11T06:24:16.868+0000][8][gc,phases   ] GC(198)   Pre Evacuate Collection Set: 0.1ms
[2021-05-11T06:24:16.868+0000][8][gc,phases   ] GC(198)   Merge Heap Roots: 0.1ms
[2021-05-11T06:24:16.868+0000][8][gc,phases   ] GC(198)   Evacuate Collection Set: 1.8ms
[2021-05-11T06:24:16.868+0000][8][gc,phases   ] GC(198)   Post Evacuate Collection Set: 0.6ms
[2021-05-11T06:24:16.868+0000][8][gc,phases   ] GC(198)   Other: 0.4ms
[2021-05-11T06:24:16.868+0000][8][gc,heap     ] GC(198) Eden regions: 21->0(21)
[2021-05-11T06:24:16.868+0000][8][gc,heap     ] GC(198) Survivor regions: 1->1(3)
[2021-05-11T06:24:16.868+0000][8][gc,heap     ] GC(198) Old regions: 27->27
[2021-05-11T06:24:16.868+0000][8][gc,heap     ] GC(198) Archive regions: 2->2
[2021-05-11T06:24:16.868+0000][8][gc,heap     ] GC(198) Humongous regions: 2->2
[2021-05-11T06:24:16.868+0000][8][gc,metaspace] GC(198) Metaspace: 108502K(113264K)->108502K(113264K) NonClass: 94604K(98032K)->94604K(98032K) Class: 13897K(15232K)->13897K(15232K)
[2021-05-11T06:24:16.868+0000][8][gc          ] GC(198) Pause Young (Normal) (G1 Evacuation Pause) 201M->117M(256M) 3.049ms
[2021-05-11T06:24:16.868+0000][8][gc,cpu      ] GC(198) User=0.01s Sys=0.00s Real=0.00s
[2021-05-11T06:24:16.868+0000][8][safepoint   ] Safepoint "G1CollectForAllocation", Time since last: 24552822493 ns, Reaching safepoint: 109299 ns, At safepoint: 3178638 ns, Total: 3287937 ns
[2021-05-11T06:24:52.872+0000][8][safepoint   ] Safepoint "Cleanup", Time since last: 36003613310 ns, Reaching safepoint: 112783 ns, At safepoint: 7250 ns, Total: 120033 ns
[2021-05-11T06:26:26.917+0000][8][gc,start    ] GC(199) Pause Young (Concurrent Start) (G1 Evacuation Pause)
[2021-05-11T06:26:26.917+0000][8][gc,task     ] GC(199) Using 6 workers of 8 for evacuation
[2021-05-11T06:26:26.917+0000][8][gc,age      ] GC(199) Desired survivor size 6291456 bytes, new threshold 15 (max threshold 15)
[2021-05-11T06:26:26.919+0000][8][gc,age      ] GC(199) Age table with threshold 15 (max threshold 15)
[2021-05-11T06:26:26.919+0000][8][gc,age      ] GC(199) - age   1:     506912 bytes,     506912 total
[2021-05-11T06:26:26.919+0000][8][gc,age      ] GC(199) - age   2:     302416 bytes,     809328 total
[2021-05-11T06:26:26.919+0000][8][gc,age      ] GC(199) - age   3:        672 bytes,     810000 total
[2021-05-11T06:26:26.919+0000][8][gc,age      ] GC(199) - age   4:         48 bytes,     810048 total
[2021-05-11T06:26:26.919+0000][8][gc,age      ] GC(199) - age   5:       3392 bytes,     813440 total
[2021-05-11T06:26:26.919+0000][8][gc,age      ] GC(199) - age   6:       3320 bytes,     816760 total
[2021-05-11T06:26:26.919+0000][8][gc,age      ] GC(199) - age   7:       2040 bytes,     818800 total
[2021-05-11T06:26:26.919+0000][8][gc,age      ] GC(199) - age   8:     307680 bytes,    1126480 total
[2021-05-11T06:26:26.919+0000][8][gc,age      ] GC(199) - age   9:       5248 bytes,    1131728 total
[2021-05-11T06:26:26.919+0000][8][gc,age      ] GC(199) - age  10:       4896 bytes,    1136624 total
[2021-05-11T06:26:26.919+0000][8][gc,age      ] GC(199) - age  11:        992 bytes,    1137616 total
[2021-05-11T06:26:26.919+0000][8][gc,age      ] GC(199) - age  12:       2624 bytes,    1140240 total
[2021-05-11T06:26:26.919+0000][8][gc,age      ] GC(199) - age  13:        592 bytes,    1140832 total
[2021-05-11T06:26:26.919+0000][8][gc,age      ] GC(199) - age  14:       1488 bytes,    1142320 total
[2021-05-11T06:26:26.919+0000][8][gc,age      ] GC(199) - age  15:       1072 bytes,    1143392 total
[2021-05-11T06:26:26.919+0000][8][gc,phases   ] GC(199)   Pre Evacuate Collection Set: 0.1ms
[2021-05-11T06:26:26.919+0000][8][gc,phases   ] GC(199)   Merge Heap Roots: 0.0ms
[2021-05-11T06:26:26.919+0000][8][gc,phases   ] GC(199)   Evacuate Collection Set: 1.0ms
[2021-05-11T06:26:26.919+0000][8][gc,phases   ] GC(199)   Post Evacuate Collection Set: 0.5ms
[2021-05-11T06:26:26.919+0000][8][gc,phases   ] GC(199)   Other: 0.3ms
[2021-05-11T06:26:26.919+0000][8][gc,heap     ] GC(199) Eden regions: 21->0(21)
[2021-05-11T06:26:26.919+0000][8][gc,heap     ] GC(199) Survivor regions: 1->1(3)
[2021-05-11T06:26:26.919+0000][8][gc,heap     ] GC(199) Old regions: 27->27
[2021-05-11T06:26:26.919+0000][8][gc,heap     ] GC(199) Archive regions: 2->2
[2021-05-11T06:26:26.919+0000][8][gc,heap     ] GC(199) Humongous regions: 2->2
[2021-05-11T06:26:26.919+0000][8][gc,metaspace] GC(199) Metaspace: 108502K(113264K)->108502K(113264K) NonClass: 94604K(98032K)->94604K(98032K) Class: 13897K(15232K)->13897K(15232K)
[2021-05-11T06:26:26.919+0000][8][gc          ] GC(199) Pause Young (Concurrent Start) (G1 Evacuation Pause) 201M->117M(256M) 1.991ms
[2021-05-11T06:26:26.919+0000][8][gc,cpu      ] GC(199) User=0.01s Sys=0.00s Real=0.00s
[2021-05-11T06:26:26.919+0000][8][gc          ] GC(200) Concurrent Cycle
[2021-05-11T06:26:26.919+0000][8][safepoint   ] Safepoint "G1CollectForAllocation", Time since last: 94045154155 ns, Reaching safepoint: 79491 ns, At safepoint: 2063347 ns, Total: 2142838 ns
[2021-05-11T06:26:26.919+0000][8][gc,marking  ] GC(200) Concurrent Clear Claimed Marks
[2021-05-11T06:26:26.919+0000][8][gc,marking  ] GC(200) Concurrent Clear Claimed Marks 0.081ms
[2021-05-11T06:26:26.919+0000][8][gc,marking  ] GC(200) Concurrent Scan Root Regions
[2021-05-11T06:26:26.921+0000][8][gc,marking  ] GC(200) Concurrent Scan Root Regions 1.590ms
[2021-05-11T06:26:26.921+0000][8][gc,marking  ] GC(200) Concurrent Mark (13796.306s)
[2021-05-11T06:26:26.921+0000][8][gc,marking  ] GC(200) Concurrent Mark From Roots
[2021-05-11T06:26:26.921+0000][8][gc,task     ] GC(200) Using 2 workers of 2 for marking
[2021-05-11T06:26:27.011+0000][8][gc,marking  ] GC(200) Concurrent Mark From Roots 89.583ms
[2021-05-11T06:26:27.011+0000][8][gc,marking  ] GC(200) Concurrent Preclean
[2021-05-11T06:26:27.011+0000][8][gc,marking  ] GC(200) Concurrent Preclean 0.255ms
[2021-05-11T06:26:27.011+0000][8][gc,marking  ] GC(200) Concurrent Mark (13796.306s, 13796.396s) 89.889ms
[2021-05-11T06:26:27.011+0000][8][gc,start    ] GC(200) Pause Remark
[2021-05-11T06:26:27.018+0000][8][gc          ] GC(200) Pause Remark 117M->117M(256M) 6.734ms
[2021-05-11T06:26:27.018+0000][8][gc,cpu      ] GC(200) User=0.03s Sys=0.00s Real=0.00s
[2021-05-11T06:26:27.018+0000][8][safepoint   ] Safepoint "G1Concurrent", Time since last: 91660254 ns, Reaching safepoint: 69764 ns, At safepoint: 6847466 ns, Total: 6917230 ns
[2021-05-11T06:26:27.018+0000][8][gc,marking  ] GC(200) Concurrent Rebuild Remembered Sets
[2021-05-11T06:26:27.078+0000][8][gc,marking  ] GC(200) Concurrent Rebuild Remembered Sets 59.863ms
[2021-05-11T06:26:27.078+0000][8][gc,start    ] GC(200) Pause Cleanup
[2021-05-11T06:26:27.078+0000][8][gc          ] GC(200) Pause Cleanup 117M->117M(256M) 0.068ms
[2021-05-11T06:26:27.078+0000][8][gc,cpu      ] GC(200) User=0.00s Sys=0.00s Real=0.00s
[2021-05-11T06:26:27.078+0000][8][safepoint   ] Safepoint "G1Concurrent", Time since last: 59948449 ns, Reaching safepoint: 74702 ns, At safepoint: 103901 ns, Total: 178603 ns
[2021-05-11T06:26:27.078+0000][8][gc,marking  ] GC(200) Concurrent Cleanup for Next Mark
[2021-05-11T06:26:27.078+0000][8][gc,marking  ] GC(200) Concurrent Cleanup for Next Mark 0.131ms
[2021-05-11T06:26:27.078+0000][8][gc          ] GC(200) Concurrent Cycle 158.907ms
[2021-05-11T06:26:52.080+0000][8][safepoint   ] Safepoint "Cleanup", Time since last: 25002269600 ns, Reaching safepoint: 159389 ns, At safepoint: 7451 ns, Total: 166840 ns
[2021-05-11T06:27:52.087+0000][8][safepoint   ] Safepoint "Cleanup", Time since last: 60006743901 ns, Reaching safepoint: 85103 ns, At safepoint: 5475 ns, Total: 90578 ns
[2021-05-11T06:28:10.089+0000][8][safepoint   ] Safepoint "Cleanup", Time since last: 18001926305 ns, Reaching safepoint: 82696 ns, At safepoint: 4241 ns, Total: 86937 ns
[2021-05-11T06:28:32.688+0000][8][gc,start    ] GC(201) Pause Young (Normal) (G1 Evacuation Pause)
[2021-05-11T06:28:32.688+0000][8][gc,task     ] GC(201) Using 6 workers of 8 for evacuation
[2021-05-11T06:28:32.688+0000][8][gc,age      ] GC(201) Desired survivor size 6291456 bytes, new threshold 15 (max threshold 15)
[2021-05-11T06:28:32.689+0000][8][gc,age      ] GC(201) Age table with threshold 15 (max threshold 15)
[2021-05-11T06:28:32.689+0000][8][gc,age      ] GC(201) - age   1:     525608 bytes,     525608 total
[2021-05-11T06:28:32.689+0000][8][gc,age      ] GC(201) - age   2:        544 bytes,     526152 total
[2021-05-11T06:28:32.689+0000][8][gc,age      ] GC(201) - age   3:     180864 bytes,     707016 total
[2021-05-11T06:28:32.689+0000][8][gc,age      ] GC(201) - age   4:        504 bytes,     707520 total
[2021-05-11T06:28:32.689+0000][8][gc,age      ] GC(201) - age   5:         48 bytes,     707568 total
[2021-05-11T06:28:32.689+0000][8][gc,age      ] GC(201) - age   6:        896 bytes,     708464 total
[2021-05-11T06:28:32.689+0000][8][gc,age      ] GC(201) - age   7:       3320 bytes,     711784 total
[2021-05-11T06:28:32.689+0000][8][gc,age      ] GC(201) - age   8:       2040 bytes,     713824 total
[2021-05-11T06:28:32.689+0000][8][gc,age      ] GC(201) - age   9:     307680 bytes,    1021504 total
[2021-05-11T06:28:32.689+0000][8][gc,age      ] GC(201) - age  10:       5008 bytes,    1026512 total
[2021-05-11T06:28:32.689+0000][8][gc,age      ] GC(201) - age  11:       4896 bytes,    1031408 total
[2021-05-11T06:28:32.689+0000][8][gc,age      ] GC(201) - age  12:        992 bytes,    1032400 total
[2021-05-11T06:28:32.689+0000][8][gc,age      ] GC(201) - age  13:       2624 bytes,    1035024 total
[2021-05-11T06:28:32.689+0000][8][gc,age      ] GC(201) - age  14:        592 bytes,    1035616 total
[2021-05-11T06:28:32.689+0000][8][gc,age      ] GC(201) - age  15:       1488 bytes,    1037104 total
[2021-05-11T06:28:32.689+0000][8][gc,phases   ] GC(201)   Pre Evacuate Collection Set: 0.0ms
[2021-05-11T06:28:32.689+0000][8][gc,phases   ] GC(201)   Merge Heap Roots: 0.0ms
[2021-05-11T06:28:32.689+0000][8][gc,phases   ] GC(201)   Evacuate Collection Set: 1.0ms
[2021-05-11T06:28:32.689+0000][8][gc,phases   ] GC(201)   Post Evacuate Collection Set: 0.5ms
[2021-05-11T06:28:32.690+0000][8][gc,phases   ] GC(201)   Other: 0.3ms
[2021-05-11T06:28:32.690+0000][8][gc,heap     ] GC(201) Eden regions: 21->0(21)
[2021-05-11T06:28:32.690+0000][8][gc,heap     ] GC(201) Survivor regions: 1->1(3)
[2021-05-11T06:28:32.690+0000][8][gc,heap     ] GC(201) Old regions: 27->27
[2021-05-11T06:28:32.690+0000][8][gc,heap     ] GC(201) Archive regions: 2->2
[2021-05-11T06:28:32.690+0000][8][gc,heap     ] GC(201) Humongous regions: 2->2
[2021-05-11T06:28:32.690+0000][8][gc,metaspace] GC(201) Metaspace: 108502K(113264K)->108502K(113264K) NonClass: 94604K(98032K)->94604K(98032K) Class: 13897K(15232K)->13897K(15232K)
[2021-05-11T06:28:32.690+0000][8][gc          ] GC(201) Pause Young (Normal) (G1 Evacuation Pause) 201M->117M(256M) 1.891ms
[2021-05-11T06:28:32.690+0000][8][gc,cpu      ] GC(201) User=0.01s Sys=0.01s Real=0.00s
[2021-05-11T06:28:32.690+0000][8][safepoint   ] Safepoint "G1CollectForAllocation", Time since last: 22598404303 ns, Reaching safepoint: 93899 ns, At safepoint: 1976566 ns, Total: 2070465 ns
[2021-05-11T06:28:52.692+0000][8][safepoint   ] Safepoint "Cleanup", Time since last: 20001963304 ns, Reaching safepoint: 70949 ns, At safepoint: 4429 ns, Total: 75378 ns
[2021-05-11T06:30:47.705+0000][8][gc,start    ] GC(202) Pause Young (Concurrent Start) (G1 Evacuation Pause)
[2021-05-11T06:30:47.705+0000][8][gc,task     ] GC(202) Using 6 workers of 8 for evacuation
[2021-05-11T06:30:47.705+0000][8][gc,age      ] GC(202) Desired survivor size 6291456 bytes, new threshold 15 (max threshold 15)
[2021-05-11T06:30:47.706+0000][8][gc,age      ] GC(202) Age table with threshold 15 (max threshold 15)
[2021-05-11T06:30:47.706+0000][8][gc,age      ] GC(202) - age   1:     505696 bytes,     505696 total
[2021-05-11T06:30:47.706+0000][8][gc,age      ] GC(202) - age   2:       3160 bytes,     508856 total
[2021-05-11T06:30:47.706+0000][8][gc,age      ] GC(202) - age   3:        448 bytes,     509304 total
[2021-05-11T06:30:47.706+0000][8][gc,age      ] GC(202) - age   4:     180528 bytes,     689832 total
[2021-05-11T06:30:47.706+0000][8][gc,age      ] GC(202) - age   5:        504 bytes,     690336 total
[2021-05-11T06:30:47.706+0000][8][gc,age      ] GC(202) - age   6:         48 bytes,     690384 total
[2021-05-11T06:30:47.706+0000][8][gc,age      ] GC(202) - age   7:        896 bytes,     691280 total
[2021-05-11T06:30:47.706+0000][8][gc,age      ] GC(202) - age   8:       3320 bytes,     694600 total
[2021-05-11T06:30:47.706+0000][8][gc,age      ] GC(202) - age   9:       2040 bytes,     696640 total
[2021-05-11T06:30:47.707+0000][8][gc,age      ] GC(202) - age  10:     307680 bytes,    1004320 total
[2021-05-11T06:30:47.707+0000][8][gc,age      ] GC(202) - age  11:       5008 bytes,    1009328 total
[2021-05-11T06:30:47.707+0000][8][gc,age      ] GC(202) - age  12:       4896 bytes,    1014224 total
[2021-05-11T06:30:47.707+0000][8][gc,age      ] GC(202) - age  13:        992 bytes,    1015216 total
[2021-05-11T06:30:47.707+0000][8][gc,age      ] GC(202) - age  14:       2624 bytes,    1017840 total
[2021-05-11T06:30:47.707+0000][8][gc,age      ] GC(202) - age  15:        592 bytes,    1018432 total
[2021-05-11T06:30:47.707+0000][8][gc,phases   ] GC(202)   Pre Evacuate Collection Set: 0.1ms
[2021-05-11T06:30:47.707+0000][8][gc,phases   ] GC(202)   Merge Heap Roots: 0.0ms
[2021-05-11T06:30:47.707+0000][8][gc,phases   ] GC(202)   Evacuate Collection Set: 1.0ms
[2021-05-11T06:30:47.707+0000][8][gc,phases   ] GC(202)   Post Evacuate Collection Set: 0.5ms
[2021-05-11T06:30:47.707+0000][8][gc,phases   ] GC(202)   Other: 0.3ms
[2021-05-11T06:30:47.707+0000][8][gc,heap     ] GC(202) Eden regions: 21->0(21)
[2021-05-11T06:30:47.707+0000][8][gc,heap     ] GC(202) Survivor regions: 1->1(3)
[2021-05-11T06:30:47.707+0000][8][gc,heap     ] GC(202) Old regions: 27->27
[2021-05-11T06:30:47.707+0000][8][gc,heap     ] GC(202) Archive regions: 2->2
[2021-05-11T06:30:47.707+0000][8][gc,heap     ] GC(202) Humongous regions: 2->2
[2021-05-11T06:30:47.707+0000][8][gc,metaspace] GC(202) Metaspace: 108507K(113264K)->108507K(113264K) NonClass: 94609K(98032K)->94609K(98032K) Class: 13897K(15232K)->13897K(15232K)
[2021-05-11T06:30:47.707+0000][8][gc          ] GC(202) Pause Young (Concurrent Start) (G1 Evacuation Pause) 201M->117M(256M) 2.116ms
[2021-05-11T06:30:47.707+0000][8][gc,cpu      ] GC(202) User=0.01s Sys=0.00s Real=0.00s
[2021-05-11T06:30:47.707+0000][8][gc          ] GC(203) Concurrent Cycle
[2021-05-11T06:30:47.707+0000][8][safepoint   ] Safepoint "G1CollectForAllocation", Time since last: 115012828183 ns, Reaching safepoint: 84367 ns, At safepoint: 2202457 ns, Total: 2286824 ns
[2021-05-11T06:30:47.707+0000][8][gc,marking  ] GC(203) Concurrent Clear Claimed Marks
[2021-05-11T06:30:47.707+0000][8][gc,marking  ] GC(203) Concurrent Clear Claimed Marks 0.072ms
[2021-05-11T06:30:47.707+0000][8][gc,marking  ] GC(203) Concurrent Scan Root Regions
[2021-05-11T06:30:47.708+0000][8][gc,marking  ] GC(203) Concurrent Scan Root Regions 1.408ms
[2021-05-11T06:30:47.708+0000][8][gc,marking  ] GC(203) Concurrent Mark (14057.094s)
[2021-05-11T06:30:47.708+0000][8][gc,marking  ] GC(203) Concurrent Mark From Roots
[2021-05-11T06:30:47.708+0000][8][gc,task     ] GC(203) Using 2 workers of 2 for marking
[2021-05-11T06:30:47.808+0000][8][gc,marking  ] GC(203) Concurrent Mark From Roots 99.890ms
[2021-05-11T06:30:47.808+0000][8][gc,marking  ] GC(203) Concurrent Preclean
[2021-05-11T06:30:47.809+0000][8][gc,marking  ] GC(203) Concurrent Preclean 0.276ms
[2021-05-11T06:30:47.809+0000][8][gc,marking  ] GC(203) Concurrent Mark (14057.094s, 14057.194s) 100.215ms
[2021-05-11T06:30:47.809+0000][8][gc,start    ] GC(203) Pause Remark
[2021-05-11T06:30:47.817+0000][8][gc          ] GC(203) Pause Remark 118M->118M(256M) 8.618ms
[2021-05-11T06:30:47.817+0000][8][gc,cpu      ] GC(203) User=0.04s Sys=0.00s Real=0.01s
[2021-05-11T06:30:47.817+0000][8][safepoint   ] Safepoint "G1Concurrent", Time since last: 101767701 ns, Reaching safepoint: 95126 ns, At safepoint: 8704914 ns, Total: 8800040 ns
[2021-05-11T06:30:47.817+0000][8][gc,marking  ] GC(203) Concurrent Rebuild Remembered Sets
[2021-05-11T06:30:47.885+0000][8][gc,marking  ] GC(203) Concurrent Rebuild Remembered Sets 67.321ms
[2021-05-11T06:30:47.885+0000][8][gc,start    ] GC(203) Pause Cleanup
[2021-05-11T06:30:47.885+0000][8][gc          ] GC(203) Pause Cleanup 118M->118M(256M) 0.412ms
[2021-05-11T06:30:47.885+0000][8][gc,cpu      ] GC(203) User=0.00s Sys=0.00s Real=0.00s
[2021-05-11T06:30:47.885+0000][8][safepoint   ] Safepoint "G1Concurrent", Time since last: 67404423 ns, Reaching safepoint: 75181 ns, At safepoint: 465990 ns, Total: 541171 ns
[2021-05-11T06:30:47.885+0000][8][gc,marking  ] GC(203) Concurrent Cleanup for Next Mark
[2021-05-11T06:30:47.885+0000][8][gc,marking  ] GC(203) Concurrent Cleanup for Next Mark 0.132ms
[2021-05-11T06:30:47.885+0000][8][gc          ] GC(203) Concurrent Cycle 178.692ms
[2021-05-11T06:32:50.104+0000][8][gc,start    ] GC(204) Pause Young (Normal) (G1 Evacuation Pause)
[2021-05-11T06:32:50.104+0000][8][gc,task     ] GC(204) Using 6 workers of 8 for evacuation
[2021-05-11T06:32:50.104+0000][8][gc,age      ] GC(204) Desired survivor size 6291456 bytes, new threshold 15 (max threshold 15)
[2021-05-11T06:32:50.107+0000][8][gc,age      ] GC(204) Age table with threshold 15 (max threshold 15)
[2021-05-11T06:32:50.107+0000][8][gc,age      ] GC(204) - age   1:     770152 bytes,     770152 total
[2021-05-11T06:32:50.107+0000][8][gc,age      ] GC(204) - age   2:        568 bytes,     770720 total
[2021-05-11T06:32:50.107+0000][8][gc,age      ] GC(204) - age   3:       2792 bytes,     773512 total
[2021-05-11T06:32:50.107+0000][8][gc,age      ] GC(204) - age   4:        448 bytes,     773960 total
[2021-05-11T06:32:50.107+0000][8][gc,age      ] GC(204) - age   5:     179160 bytes,     953120 total
[2021-05-11T06:32:50.107+0000][8][gc,age      ] GC(204) - age   6:        304 bytes,     953424 total
[2021-05-11T06:32:50.107+0000][8][gc,age      ] GC(204) - age   7:         48 bytes,     953472 total
[2021-05-11T06:32:50.107+0000][8][gc,age      ] GC(204) - age   8:        856 bytes,     954328 total
[2021-05-11T06:32:50.107+0000][8][gc,age      ] GC(204) - age   9:       3320 bytes,     957648 total
[2021-05-11T06:32:50.107+0000][8][gc,age      ] GC(204) - age  10:       2040 bytes,     959688 total
[2021-05-11T06:32:50.107+0000][8][gc,age      ] GC(204) - age  11:     307680 bytes,    1267368 total
[2021-05-11T06:32:50.107+0000][8][gc,age      ] GC(204) - age  12:       5008 bytes,    1272376 total
[2021-05-11T06:32:50.107+0000][8][gc,age      ] GC(204) - age  13:       4896 bytes,    1277272 total
[2021-05-11T06:32:50.107+0000][8][gc,age      ] GC(204) - age  14:        992 bytes,    1278264 total
[2021-05-11T06:32:50.107+0000][8][gc,age      ] GC(204) - age  15:       2624 bytes,    1280888 total
[2021-05-11T06:32:50.107+0000][8][gc,phases   ] GC(204)   Pre Evacuate Collection Set: 0.1ms
[2021-05-11T06:32:50.107+0000][8][gc,phases   ] GC(204)   Merge Heap Roots: 0.1ms
[2021-05-11T06:32:50.107+0000][8][gc,phases   ] GC(204)   Evacuate Collection Set: 1.6ms
[2021-05-11T06:32:50.107+0000][8][gc,phases   ] GC(204)   Post Evacuate Collection Set: 0.8ms
[2021-05-11T06:32:50.107+0000][8][gc,phases   ] GC(204)   Other: 0.3ms
[2021-05-11T06:32:50.107+0000][8][gc,heap     ] GC(204) Eden regions: 21->0(21)
[2021-05-11T06:32:50.107+0000][8][gc,heap     ] GC(204) Survivor regions: 1->1(3)
[2021-05-11T06:32:50.107+0000][8][gc,heap     ] GC(204) Old regions: 27->27
[2021-05-11T06:32:50.107+0000][8][gc,heap     ] GC(204) Archive regions: 2->2
[2021-05-11T06:32:50.107+0000][8][gc,heap     ] GC(204) Humongous regions: 2->2
[2021-05-11T06:32:50.107+0000][8][gc,metaspace] GC(204) Metaspace: 108532K(113264K)->108532K(113264K) NonClass: 94634K(98032K)->94634K(98032K) Class: 13897K(15232K)->13897K(15232K)
[2021-05-11T06:32:50.107+0000][8][gc          ] GC(204) Pause Young (Normal) (G1 Evacuation Pause) 201M->118M(256M) 2.823ms
[2021-05-11T06:32:50.107+0000][8][gc,cpu      ] GC(204) User=0.02s Sys=0.00s Real=0.00s
[2021-05-11T06:32:50.107+0000][8][safepoint   ] Safepoint "G1CollectForAllocation", Time since last: 122218792993 ns, Reaching safepoint: 108357 ns, At safepoint: 2909785 ns, Total: 3018142 ns
[2021-05-11T06:32:51.107+0000][8][safepoint   ] Safepoint "Cleanup", Time since last: 1000138871 ns, Reaching safepoint: 117397 ns, At safepoint: 6577 ns, Total: 123974 ns
[2021-05-11T06:32:52.108+0000][8][safepoint   ] Safepoint "Cleanup", Time since last: 1000088509 ns, Reaching safepoint: 69645 ns, At safepoint: 5146 ns, Total: 74791 ns
[2021-05-11T06:33:49.114+0000][8][safepoint   ] Safepoint "Cleanup", Time since last: 57005862229 ns, Reaching safepoint: 93804 ns, At safepoint: 7555 ns, Total: 101359 ns
[2021-05-11T06:34:28.102+0000][8][gc,start    ] GC(205) Pause Young (Concurrent Start) (G1 Evacuation Pause)
[2021-05-11T06:34:28.102+0000][8][gc,task     ] GC(205) Using 6 workers of 8 for evacuation
[2021-05-11T06:34:28.102+0000][8][gc,age      ] GC(205) Desired survivor size 6291456 bytes, new threshold 15 (max threshold 15)
[2021-05-11T06:34:28.103+0000][8][gc,age      ] GC(205) Age table with threshold 15 (max threshold 15)
[2021-05-11T06:34:28.103+0000][8][gc,age      ] GC(205) - age   1:     655928 bytes,     655928 total
[2021-05-11T06:34:28.103+0000][8][gc,age      ] GC(205) - age   2:     122120 bytes,     778048 total
[2021-05-11T06:34:28.103+0000][8][gc,age      ] GC(205) - age   3:        320 bytes,     778368 total
[2021-05-11T06:34:28.103+0000][8][gc,age      ] GC(205) - age   4:       2768 bytes,     781136 total
[2021-05-11T06:34:28.103+0000][8][gc,age      ] GC(205) - age   5:        448 bytes,     781584 total
[2021-05-11T06:34:28.103+0000][8][gc,age      ] GC(205) - age   6:       5616 bytes,     787200 total
[2021-05-11T06:34:28.103+0000][8][gc,age      ] GC(205) - age   7:        304 bytes,     787504 total
[2021-05-11T06:34:28.103+0000][8][gc,age      ] GC(205) - age   9:        856 bytes,     788360 total
[2021-05-11T06:34:28.103+0000][8][gc,age      ] GC(205) - age  10:       3320 bytes,     791680 total
[2021-05-11T06:34:28.103+0000][8][gc,age      ] GC(205) - age  11:        792 bytes,     792472 total
[2021-05-11T06:34:28.103+0000][8][gc,age      ] GC(205) - age  12:     307584 bytes,    1100056 total
[2021-05-11T06:34:28.103+0000][8][gc,age      ] GC(205) - age  13:       5008 bytes,    1105064 total
[2021-05-11T06:34:28.103+0000][8][gc,age      ] GC(205) - age  14:       4896 bytes,    1109960 total
[2021-05-11T06:34:28.103+0000][8][gc,age      ] GC(205) - age  15:        992 bytes,    1110952 total
[2021-05-11T06:34:28.103+0000][8][gc,phases   ] GC(205)   Pre Evacuate Collection Set: 0.1ms
[2021-05-11T06:34:28.104+0000][8][gc,phases   ] GC(205)   Merge Heap Roots: 0.0ms
[2021-05-11T06:34:28.104+0000][8][gc,phases   ] GC(205)   Evacuate Collection Set: 1.0ms
[2021-05-11T06:34:28.104+0000][8][gc,phases   ] GC(205)   Post Evacuate Collection Set: 0.4ms
[2021-05-11T06:34:28.104+0000][8][gc,phases   ] GC(205)   Other: 0.2ms
[2021-05-11T06:34:28.104+0000][8][gc,heap     ] GC(205) Eden regions: 21->0(21)
[2021-05-11T06:34:28.104+0000][8][gc,heap     ] GC(205) Survivor regions: 1->1(3)
[2021-05-11T06:34:28.104+0000][8][gc,heap     ] GC(205) Old regions: 27->27
[2021-05-11T06:34:28.104+0000][8][gc,heap     ] GC(205) Archive regions: 2->2
[2021-05-11T06:34:28.104+0000][8][gc,heap     ] GC(205) Humongous regions: 2->2
[2021-05-11T06:34:28.104+0000][8][gc,metaspace] GC(205) Metaspace: 108558K(113264K)->108558K(113264K) NonClass: 94660K(98032K)->94660K(98032K) Class: 13897K(15232K)->13897K(15232K)
[2021-05-11T06:34:28.104+0000][8][gc          ] GC(205) Pause Young (Concurrent Start) (G1 Evacuation Pause) 202M->117M(256M) 1.738ms
[2021-05-11T06:34:28.104+0000][8][gc,cpu      ] GC(205) User=0.00s Sys=0.00s Real=0.00s
[2021-05-11T06:34:28.104+0000][8][gc          ] GC(206) Concurrent Cycle
[2021-05-11T06:34:28.104+0000][8][safepoint   ] Safepoint "G1CollectForAllocation", Time since last: 38988249590 ns, Reaching safepoint: 66558 ns, At safepoint: 1807134 ns, Total: 1873692 ns
[2021-05-11T06:34:28.104+0000][8][gc,marking  ] GC(206) Concurrent Clear Claimed Marks
[2021-05-11T06:34:28.104+0000][8][gc,marking  ] GC(206) Concurrent Clear Claimed Marks 0.058ms
[2021-05-11T06:34:28.104+0000][8][gc,marking  ] GC(206) Concurrent Scan Root Regions
[2021-05-11T06:34:28.105+0000][8][gc,marking  ] GC(206) Concurrent Scan Root Regions 1.428ms
[2021-05-11T06:34:28.105+0000][8][gc,marking  ] GC(206) Concurrent Mark (14277.491s)
[2021-05-11T06:34:28.105+0000][8][gc,marking  ] GC(206) Concurrent Mark From Roots
[2021-05-11T06:34:28.105+0000][8][gc,task     ] GC(206) Using 2 workers of 2 for marking
[2021-05-11T06:34:28.191+0000][8][gc,marking  ] GC(206) Concurrent Mark From Roots 85.941ms
[2021-05-11T06:34:28.191+0000][8][gc,marking  ] GC(206) Concurrent Preclean
[2021-05-11T06:34:28.191+0000][8][gc,marking  ] GC(206) Concurrent Preclean 0.227ms
[2021-05-11T06:34:28.191+0000][8][gc,marking  ] GC(206) Concurrent Mark (14277.491s, 14277.577s) 86.213ms
[2021-05-11T06:34:28.192+0000][8][gc,start    ] GC(206) Pause Remark
[2021-05-11T06:34:28.197+0000][8][gc          ] GC(206) Pause Remark 117M->117M(256M) 5.672ms
[2021-05-11T06:34:28.197+0000][8][gc,cpu      ] GC(206) User=0.03s Sys=0.00s Real=0.00s
[2021-05-11T06:34:28.197+0000][8][safepoint   ] Safepoint "G1Concurrent", Time since last: 87790912 ns, Reaching safepoint: 86763 ns, At safepoint: 5783250 ns, Total: 5870013 ns
[2021-05-11T06:34:28.197+0000][8][gc,marking  ] GC(206) Concurrent Rebuild Remembered Sets
[2021-05-11T06:34:28.254+0000][8][gc,marking  ] GC(206) Concurrent Rebuild Remembered Sets 56.386ms
[2021-05-11T06:34:28.254+0000][8][gc,start    ] GC(206) Pause Cleanup
[2021-05-11T06:34:28.254+0000][8][gc          ] GC(206) Pause Cleanup 117M->117M(256M) 0.108ms
[2021-05-11T06:34:28.254+0000][8][gc,cpu      ] GC(206) User=0.00s Sys=0.00s Real=0.00s
[2021-05-11T06:34:28.254+0000][8][safepoint   ] Safepoint "G1Concurrent", Time since last: 56448490 ns, Reaching safepoint: 88131 ns, At safepoint: 156617 ns, Total: 244748 ns
[2021-05-11T06:34:28.254+0000][8][gc,marking  ] GC(206) Concurrent Cleanup for Next Mark
[2021-05-11T06:34:28.254+0000][8][gc,marking  ] GC(206) Concurrent Cleanup for Next Mark 0.134ms
[2021-05-11T06:34:28.254+0000][8][gc          ] GC(206) Concurrent Cycle 150.532ms
[2021-05-11T06:34:52.256+0000][8][safepoint   ] Safepoint "Cleanup", Time since last: 24002065599 ns, Reaching safepoint: 109663 ns, At safepoint: 5406 ns, Total: 115069 ns
[2021-05-11T06:36:26.268+0000][8][safepoint   ] Safepoint "Cleanup", Time since last: 94011390898 ns, Reaching safepoint: 67767 ns, At safepoint: 4142 ns, Total: 71909 ns
[2021-05-11T06:36:46.044+0000][8][gc,start    ] GC(207) Pause Young (Normal) (G1 Evacuation Pause)
[2021-05-11T06:36:46.044+0000][8][gc,task     ] GC(207) Using 6 workers of 8 for evacuation
[2021-05-11T06:36:46.044+0000][8][gc,age      ] GC(207) Desired survivor size 6291456 bytes, new threshold 15 (max threshold 15)
[2021-05-11T06:36:46.045+0000][8][gc,age      ] GC(207) Age table with threshold 15 (max threshold 15)
[2021-05-11T06:36:46.045+0000][8][gc,age      ] GC(207) - age   1:     515160 bytes,     515160 total
[2021-05-11T06:36:46.045+0000][8][gc,age      ] GC(207) - age   2:     152640 bytes,     667800 total
[2021-05-11T06:36:46.045+0000][8][gc,age      ] GC(207) - age   3:      91128 bytes,     758928 total
[2021-05-11T06:36:46.045+0000][8][gc,age      ] GC(207) - age   4:        200 bytes,     759128 total
[2021-05-11T06:36:46.045+0000][8][gc,age      ] GC(207) - age   5:       2688 bytes,     761816 total
[2021-05-11T06:36:46.045+0000][8][gc,age      ] GC(207) - age   6:        448 bytes,     762264 total
[2021-05-11T06:36:46.045+0000][8][gc,age      ] GC(207) - age   7:       5616 bytes,     767880 total
[2021-05-11T06:36:46.045+0000][8][gc,age      ] GC(207) - age   8:        280 bytes,     768160 total
[2021-05-11T06:36:46.045+0000][8][gc,age      ] GC(207) - age  10:        856 bytes,     769016 total
[2021-05-11T06:36:46.045+0000][8][gc,age      ] GC(207) - age  11:       3320 bytes,     772336 total
[2021-05-11T06:36:46.045+0000][8][gc,age      ] GC(207) - age  12:        792 bytes,     773128 total
[2021-05-11T06:36:46.045+0000][8][gc,age      ] GC(207) - age  13:     307544 bytes,    1080672 total
[2021-05-11T06:36:46.045+0000][8][gc,age      ] GC(207) - age  14:       5008 bytes,    1085680 total
[2021-05-11T06:36:46.045+0000][8][gc,age      ] GC(207) - age  15:       4896 bytes,    1090576 total
[2021-05-11T06:36:46.045+0000][8][gc,phases   ] GC(207)   Pre Evacuate Collection Set: 0.0ms
[2021-05-11T06:36:46.045+0000][8][gc,phases   ] GC(207)   Merge Heap Roots: 0.0ms
[2021-05-11T06:36:46.045+0000][8][gc,phases   ] GC(207)   Evacuate Collection Set: 0.8ms
[2021-05-11T06:36:46.045+0000][8][gc,phases   ] GC(207)   Post Evacuate Collection Set: 0.5ms
[2021-05-11T06:36:46.045+0000][8][gc,phases   ] GC(207)   Other: 0.2ms
[2021-05-11T06:36:46.045+0000][8][gc,heap     ] GC(207) Eden regions: 21->0(21)
[2021-05-11T06:36:46.045+0000][8][gc,heap     ] GC(207) Survivor regions: 1->1(3)
[2021-05-11T06:36:46.045+0000][8][gc,heap     ] GC(207) Old regions: 27->27
[2021-05-11T06:36:46.045+0000][8][gc,heap     ] GC(207) Archive regions: 2->2
[2021-05-11T06:36:46.045+0000][8][gc,heap     ] GC(207) Humongous regions: 2->2
[2021-05-11T06:36:46.045+0000][8][gc,metaspace] GC(207) Metaspace: 108558K(113264K)->108558K(113264K) NonClass: 94660K(98032K)->94660K(98032K) Class: 13897K(15232K)->13897K(15232K)
[2021-05-11T06:36:46.045+0000][8][gc          ] GC(207) Pause Young (Normal) (G1 Evacuation Pause) 201M->117M(256M) 1.610ms
[2021-05-11T06:36:46.045+0000][8][gc,cpu      ] GC(207) User=0.01s Sys=0.00s Real=0.00s
[2021-05-11T06:36:46.045+0000][8][safepoint   ] Safepoint "G1CollectForAllocation", Time since last: 19775880972 ns, Reaching safepoint: 146869 ns, At safepoint: 1672661 ns, Total: 1819530 ns
[2021-05-11T06:36:50.046+0000][8][safepoint   ] Safepoint "Cleanup", Time since last: 4000470833 ns, Reaching safepoint: 79159 ns, At safepoint: 5314 ns, Total: 84473 ns
[2021-05-11T06:38:50.270+0000][8][gc,start    ] GC(208) Pause Young (Concurrent Start) (G1 Evacuation Pause)
[2021-05-11T06:38:50.270+0000][8][gc,task     ] GC(208) Using 6 workers of 8 for evacuation
[2021-05-11T06:38:50.270+0000][8][gc,age      ] GC(208) Desired survivor size 6291456 bytes, new threshold 15 (max threshold 15)
[2021-05-11T06:38:50.272+0000][8][gc,age      ] GC(208) Age table with threshold 15 (max threshold 15)
[2021-05-11T06:38:50.272+0000][8][gc,age      ] GC(208) - age   1:     526056 bytes,     526056 total
[2021-05-11T06:38:50.272+0000][8][gc,age      ] GC(208) - age   2:        504 bytes,     526560 total
[2021-05-11T06:38:50.272+0000][8][gc,age      ] GC(208) - age   3:      79128 bytes,     605688 total
[2021-05-11T06:38:50.272+0000][8][gc,age      ] GC(208) - age   4:      73944 bytes,     679632 total
[2021-05-11T06:38:50.272+0000][8][gc,age      ] GC(208) - age   5:        200 bytes,     679832 total
[2021-05-11T06:38:50.272+0000][8][gc,age      ] GC(208) - age   6:        192 bytes,     680024 total
[2021-05-11T06:38:50.272+0000][8][gc,age      ] GC(208) - age   7:        448 bytes,     680472 total
[2021-05-11T06:38:50.272+0000][8][gc,age      ] GC(208) - age   8:       5616 bytes,     686088 total
[2021-05-11T06:38:50.272+0000][8][gc,age      ] GC(208) - age   9:         72 bytes,     686160 total
[2021-05-11T06:38:50.272+0000][8][gc,age      ] GC(208) - age  11:        856 bytes,     687016 total
[2021-05-11T06:38:50.272+0000][8][gc,age      ] GC(208) - age  12:       3320 bytes,     690336 total
[2021-05-11T06:38:50.272+0000][8][gc,age      ] GC(208) - age  13:        792 bytes,     691128 total
[2021-05-11T06:38:50.272+0000][8][gc,age      ] GC(208) - age  14:     307544 bytes,     998672 total
[2021-05-11T06:38:50.272+0000][8][gc,age      ] GC(208) - age  15:       5008 bytes,    1003680 total
[2021-05-11T06:38:50.272+0000][8][gc,phases   ] GC(208)   Pre Evacuate Collection Set: 0.1ms
[2021-05-11T06:38:50.272+0000][8][gc,phases   ] GC(208)   Merge Heap Roots: 0.1ms
[2021-05-11T06:38:50.272+0000][8][gc,phases   ] GC(208)   Evacuate Collection Set: 1.1ms
[2021-05-11T06:38:50.272+0000][8][gc,phases   ] GC(208)   Post Evacuate Collection Set: 0.5ms
[2021-05-11T06:38:50.272+0000][8][gc,phases   ] GC(208)   Other: 0.3ms
[2021-05-11T06:38:50.272+0000][8][gc,heap     ] GC(208) Eden regions: 21->0(21)
[2021-05-11T06:38:50.272+0000][8][gc,heap     ] GC(208) Survivor regions: 1->1(3)
[2021-05-11T06:38:50.272+0000][8][gc,heap     ] GC(208) Old regions: 27->27
[2021-05-11T06:38:50.272+0000][8][gc,heap     ] GC(208) Archive regions: 2->2
[2021-05-11T06:38:50.272+0000][8][gc,heap     ] GC(208) Humongous regions: 2->2
[2021-05-11T06:38:50.272+0000][8][gc,metaspace] GC(208) Metaspace: 108558K(113264K)->108558K(113264K) NonClass: 94660K(98032K)->94660K(98032K) Class: 13897K(15232K)->13897K(15232K)
[2021-05-11T06:38:50.272+0000][8][gc          ] GC(208) Pause Young (Concurrent Start) (G1 Evacuation Pause) 201M->117M(256M) 2.272ms
[2021-05-11T06:38:50.273+0000][8][gc,cpu      ] GC(208) User=0.01s Sys=0.00s Real=0.00s
[2021-05-11T06:38:50.273+0000][8][gc          ] GC(209) Concurrent Cycle
[2021-05-11T06:38:50.273+0000][8][safepoint   ] Safepoint "G1CollectForAllocation", Time since last: 120224197159 ns, Reaching safepoint: 106537 ns, At safepoint: 2357854 ns, Total: 2464391 ns
[2021-05-11T06:38:50.273+0000][8][gc,marking  ] GC(209) Concurrent Clear Claimed Marks
[2021-05-11T06:38:50.273+0000][8][gc,marking  ] GC(209) Concurrent Clear Claimed Marks 0.132ms
[2021-05-11T06:38:50.273+0000][8][gc,marking  ] GC(209) Concurrent Scan Root Regions
[2021-05-11T06:38:50.274+0000][8][gc,marking  ] GC(209) Concurrent Scan Root Regions 0.979ms
[2021-05-11T06:38:50.274+0000][8][gc,marking  ] GC(209) Concurrent Mark (14539.659s)
[2021-05-11T06:38:50.274+0000][8][gc,marking  ] GC(209) Concurrent Mark From Roots
[2021-05-11T06:38:50.274+0000][8][gc,task     ] GC(209) Using 2 workers of 2 for marking
[2021-05-11T06:38:50.358+0000][8][gc,marking  ] GC(209) Concurrent Mark From Roots 84.440ms
[2021-05-11T06:38:50.358+0000][8][gc,marking  ] GC(209) Concurrent Preclean
[2021-05-11T06:38:50.358+0000][8][gc,marking  ] GC(209) Concurrent Preclean 0.283ms
[2021-05-11T06:38:50.358+0000][8][gc,marking  ] GC(209) Concurrent Mark (14539.659s, 14539.744s) 84.776ms
[2021-05-11T06:38:50.359+0000][8][gc,start    ] GC(209) Pause Remark
[2021-05-11T06:38:50.365+0000][8][gc          ] GC(209) Pause Remark 118M->118M(256M) 6.690ms
[2021-05-11T06:38:50.365+0000][8][gc,cpu      ] GC(209) User=0.04s Sys=0.00s Real=0.01s
[2021-05-11T06:38:50.365+0000][8][safepoint   ] Safepoint "G1Concurrent", Time since last: 85992543 ns, Reaching safepoint: 82983 ns, At safepoint: 6788358 ns, Total: 6871341 ns
[2021-05-11T06:38:50.365+0000][8][gc,marking  ] GC(209) Concurrent Rebuild Remembered Sets
[2021-05-11T06:38:50.423+0000][8][gc,marking  ] GC(209) Concurrent Rebuild Remembered Sets 57.332ms
[2021-05-11T06:38:50.423+0000][8][gc,start    ] GC(209) Pause Cleanup
[2021-05-11T06:38:50.423+0000][8][gc          ] GC(209) Pause Cleanup 118M->118M(256M) 0.067ms
[2021-05-11T06:38:50.423+0000][8][gc,cpu      ] GC(209) User=0.00s Sys=0.00s Real=0.00s
[2021-05-11T06:38:50.423+0000][8][safepoint   ] Safepoint "G1Concurrent", Time since last: 57472583 ns, Reaching safepoint: 79189 ns, At safepoint: 108726 ns, Total: 187915 ns
[2021-05-11T06:38:50.423+0000][8][gc,marking  ] GC(209) Concurrent Cleanup for Next Mark
[2021-05-11T06:38:50.423+0000][8][gc,marking  ] GC(209) Concurrent Cleanup for Next Mark 0.138ms
[2021-05-11T06:38:50.423+0000][8][gc          ] GC(209) Concurrent Cycle 150.761ms
[2021-05-11T06:39:25.427+0000][8][safepoint   ] Safepoint "Cleanup", Time since last: 35004013267 ns, Reaching safepoint: 71513 ns, At safepoint: 5959 ns, Total: 77472 ns
[2021-05-11T06:39:52.430+0000][8][safepoint   ] Safepoint "Cleanup", Time since last: 27002809088 ns, Reaching safepoint: 112197 ns, At safepoint: 6983 ns, Total: 119180 ns
[2021-05-11T06:40:58.249+0000][8][gc,start    ] GC(210) Pause Young (Normal) (G1 Evacuation Pause)
[2021-05-11T06:40:58.249+0000][8][gc,task     ] GC(210) Using 6 workers of 8 for evacuation
[2021-05-11T06:40:58.249+0000][8][gc,age      ] GC(210) Desired survivor size 6291456 bytes, new threshold 15 (max threshold 15)
[2021-05-11T06:40:58.251+0000][8][gc,age      ] GC(210) Age table with threshold 15 (max threshold 15)
[2021-05-11T06:40:58.251+0000][8][gc,age      ] GC(210) - age   1:     507848 bytes,     507848 total
[2021-05-11T06:40:58.251+0000][8][gc,age      ] GC(210) - age   2:       3600 bytes,     511448 total
[2021-05-11T06:40:58.251+0000][8][gc,age      ] GC(210) - age   3:        288 bytes,     511736 total
[2021-05-11T06:40:58.251+0000][8][gc,age      ] GC(210) - age   4:      79128 bytes,     590864 total
[2021-05-11T06:40:58.251+0000][8][gc,age      ] GC(210) - age   5:      73944 bytes,     664808 total
[2021-05-11T06:40:58.251+0000][8][gc,age      ] GC(210) - age   6:        200 bytes,     665008 total
[2021-05-11T06:40:58.251+0000][8][gc,age      ] GC(210) - age   7:        192 bytes,     665200 total
[2021-05-11T06:40:58.251+0000][8][gc,age      ] GC(210) - age   8:         88 bytes,     665288 total
[2021-05-11T06:40:58.251+0000][8][gc,age      ] GC(210) - age   9:       5576 bytes,     670864 total
[2021-05-11T06:40:58.251+0000][8][gc,age      ] GC(210) - age  10:         72 bytes,     670936 total
[2021-05-11T06:40:58.251+0000][8][gc,age      ] GC(210) - age  12:        856 bytes,     671792 total
[2021-05-11T06:40:58.251+0000][8][gc,age      ] GC(210) - age  13:       3320 bytes,     675112 total
[2021-05-11T06:40:58.251+0000][8][gc,age      ] GC(210) - age  14:        792 bytes,     675904 total
[2021-05-11T06:40:58.251+0000][8][gc,age      ] GC(210) - age  15:     307544 bytes,     983448 total
[2021-05-11T06:40:58.251+0000][8][gc,phases   ] GC(210)   Pre Evacuate Collection Set: 0.1ms
[2021-05-11T06:40:58.251+0000][8][gc,phases   ] GC(210)   Merge Heap Roots: 0.0ms
[2021-05-11T06:40:58.251+0000][8][gc,phases   ] GC(210)   Evacuate Collection Set: 0.8ms
[2021-05-11T06:40:58.251+0000][8][gc,phases   ] GC(210)   Post Evacuate Collection Set: 0.4ms
[2021-05-11T06:40:58.251+0000][8][gc,phases   ] GC(210)   Other: 0.3ms
[2021-05-11T06:40:58.251+0000][8][gc,heap     ] GC(210) Eden regions: 21->0(21)
[2021-05-11T06:40:58.251+0000][8][gc,heap     ] GC(210) Survivor regions: 1->1(3)
[2021-05-11T06:40:58.251+0000][8][gc,heap     ] GC(210) Old regions: 27->27
[2021-05-11T06:40:58.251+0000][8][gc,heap     ] GC(210) Archive regions: 2->2
[2021-05-11T06:40:58.251+0000][8][gc,heap     ] GC(210) Humongous regions: 2->2
[2021-05-11T06:40:58.251+0000][8][gc,metaspace] GC(210) Metaspace: 108562K(113264K)->108562K(113264K) NonClass: 94664K(98032K)->94664K(98032K) Class: 13897K(15232K)->13897K(15232K)
[2021-05-11T06:40:58.251+0000][8][gc          ] GC(210) Pause Young (Normal) (G1 Evacuation Pause) 201M->117M(256M) 1.651ms
[2021-05-11T06:40:58.251+0000][8][gc,cpu      ] GC(210) User=0.01s Sys=0.00s Real=0.01s
[2021-05-11T06:40:58.251+0000][8][safepoint   ] Safepoint "G1CollectForAllocation", Time since last: 65818921963 ns, Reaching safepoint: 149096 ns, At safepoint: 1749664 ns, Total: 1898760 ns
[2021-05-11T06:41:45.256+0000][8][safepoint   ] Safepoint "Cleanup", Time since last: 47005292155 ns, Reaching safepoint: 89586 ns, At safepoint: 9370 ns, Total: 98956 ns
[2021-05-11T06:41:52.257+0000][8][safepoint   ] Safepoint "Cleanup", Time since last: 7000543620 ns, Reaching safepoint: 164358 ns, At safepoint: 16228 ns, Total: 180586 ns
[2021-05-11T06:42:50.172+0000][8][gc,start    ] GC(211) Pause Young (Concurrent Start) (G1 Evacuation Pause)
[2021-05-11T06:42:50.172+0000][8][gc,task     ] GC(211) Using 6 workers of 8 for evacuation
[2021-05-11T06:42:50.172+0000][8][gc,age      ] GC(211) Desired survivor size 6291456 bytes, new threshold 15 (max threshold 15)
[2021-05-11T06:42:50.174+0000][8][gc,age      ] GC(211) Age table with threshold 15 (max threshold 15)
[2021-05-11T06:42:50.174+0000][8][gc,age      ] GC(211) - age   1:     876720 bytes,     876720 total
[2021-05-11T06:42:50.174+0000][8][gc,age      ] GC(211) - age   2:        416 bytes,     877136 total
[2021-05-11T06:42:50.174+0000][8][gc,age      ] GC(211) - age   3:       3312 bytes,     880448 total
[2021-05-11T06:42:50.174+0000][8][gc,age      ] GC(211) - age   4:        288 bytes,     880736 total
[2021-05-11T06:42:50.174+0000][8][gc,age      ] GC(211) - age   5:      13120 bytes,     893856 total
[2021-05-11T06:42:50.174+0000][8][gc,age      ] GC(211) - age   6:       1088 bytes,     894944 total
[2021-05-11T06:42:50.174+0000][8][gc,age      ] GC(211) - age   7:        104 bytes,     895048 total
[2021-05-11T06:42:50.174+0000][8][gc,age      ] GC(211) - age   8:         96 bytes,     895144 total
[2021-05-11T06:42:50.174+0000][8][gc,age      ] GC(211) - age   9:         88 bytes,     895232 total
[2021-05-11T06:42:50.174+0000][8][gc,age      ] GC(211) - age  10:       3448 bytes,     898680 total
[2021-05-11T06:42:50.174+0000][8][gc,age      ] GC(211) - age  11:         72 bytes,     898752 total
[2021-05-11T06:42:50.174+0000][8][gc,age      ] GC(211) - age  13:        856 bytes,     899608 total
[2021-05-11T06:42:50.174+0000][8][gc,age      ] GC(211) - age  14:       3320 bytes,     902928 total
[2021-05-11T06:42:50.174+0000][8][gc,age      ] GC(211) - age  15:        792 bytes,     903720 total
[2021-05-11T06:42:50.174+0000][8][gc,phases   ] GC(211)   Pre Evacuate Collection Set: 0.2ms
[2021-05-11T06:42:50.174+0000][8][gc,phases   ] GC(211)   Merge Heap Roots: 0.1ms
[2021-05-11T06:42:50.174+0000][8][gc,phases   ] GC(211)   Evacuate Collection Set: 1.3ms
[2021-05-11T06:42:50.174+0000][8][gc,phases   ] GC(211)   Post Evacuate Collection Set: 0.6ms
[2021-05-11T06:42:50.174+0000][8][gc,phases   ] GC(211)   Other: 0.4ms
[2021-05-11T06:42:50.174+0000][8][gc,heap     ] GC(211) Eden regions: 21->0(21)
[2021-05-11T06:42:50.174+0000][8][gc,heap     ] GC(211) Survivor regions: 1->1(3)
[2021-05-11T06:42:50.174+0000][8][gc,heap     ] GC(211) Old regions: 27->27
[2021-05-11T06:42:50.174+0000][8][gc,heap     ] GC(211) Archive regions: 2->2
[2021-05-11T06:42:50.174+0000][8][gc,heap     ] GC(211) Humongous regions: 2->2
[2021-05-11T06:42:50.174+0000][8][gc,metaspace] GC(211) Metaspace: 108583K(113264K)->108583K(113264K) NonClass: 94685K(98032K)->94685K(98032K) Class: 13897K(15232K)->13897K(15232K)
[2021-05-11T06:42:50.174+0000][8][gc          ] GC(211) Pause Young (Concurrent Start) (G1 Evacuation Pause) 201M->118M(256M) 2.609ms
[2021-05-11T06:42:50.174+0000][8][gc,cpu      ] GC(211) User=0.01s Sys=0.00s Real=0.00s
[2021-05-11T06:42:50.174+0000][8][gc          ] GC(212) Concurrent Cycle
[2021-05-11T06:42:50.174+0000][8][safepoint   ] Safepoint "G1CollectForAllocation", Time since last: 57914398380 ns, Reaching safepoint: 137846 ns, At safepoint: 2716683 ns, Total: 2854529 ns
[2021-05-11T06:42:50.174+0000][8][gc,marking  ] GC(212) Concurrent Clear Claimed Marks
[2021-05-11T06:42:50.174+0000][8][gc,marking  ] GC(212) Concurrent Clear Claimed Marks 0.138ms
[2021-05-11T06:42:50.174+0000][8][gc,marking  ] GC(212) Concurrent Scan Root Regions
[2021-05-11T06:42:50.176+0000][8][gc,marking  ] GC(212) Concurrent Scan Root Regions 1.094ms
[2021-05-11T06:42:50.176+0000][8][gc,marking  ] GC(212) Concurrent Mark (14779.561s)
[2021-05-11T06:42:50.176+0000][8][gc,marking  ] GC(212) Concurrent Mark From Roots
[2021-05-11T06:42:50.176+0000][8][gc,task     ] GC(212) Using 2 workers of 2 for marking
[2021-05-11T06:42:50.272+0000][8][gc,marking  ] GC(212) Concurrent Mark From Roots 95.925ms
[2021-05-11T06:42:50.272+0000][8][gc,marking  ] GC(212) Concurrent Preclean
[2021-05-11T06:42:50.272+0000][8][gc,marking  ] GC(212) Concurrent Preclean 0.246ms
[2021-05-11T06:42:50.272+0000][8][gc,marking  ] GC(212) Concurrent Mark (14779.561s, 14779.657s) 96.236ms
[2021-05-11T06:42:50.272+0000][8][gc,start    ] GC(212) Pause Remark
[2021-05-11T06:42:50.279+0000][8][gc          ] GC(212) Pause Remark 127M->127M(256M) 6.821ms
[2021-05-11T06:42:50.279+0000][8][gc,cpu      ] GC(212) User=0.03s Sys=0.00s Real=0.00s
[2021-05-11T06:42:50.279+0000][8][safepoint   ] Safepoint "G1Concurrent", Time since last: 97609320 ns, Reaching safepoint: 69854 ns, At safepoint: 6980367 ns, Total: 7050221 ns
[2021-05-11T06:42:50.279+0000][8][gc,marking  ] GC(212) Concurrent Rebuild Remembered Sets
[2021-05-11T06:42:50.341+0000][8][gc,marking  ] GC(212) Concurrent Rebuild Remembered Sets 62.100ms
[2021-05-11T06:42:50.341+0000][8][gc,start    ] GC(212) Pause Cleanup
[2021-05-11T06:42:50.341+0000][8][gc          ] GC(212) Pause Cleanup 128M->128M(256M) 0.104ms
[2021-05-11T06:42:50.341+0000][8][gc,cpu      ] GC(212) User=0.00s Sys=0.00s Real=0.00s
[2021-05-11T06:42:50.341+0000][8][safepoint   ] Safepoint "G1Concurrent", Time since last: 62220534 ns, Reaching safepoint: 119350 ns, At safepoint: 153025 ns, Total: 272375 ns
[2021-05-11T06:42:50.341+0000][8][gc,marking  ] GC(212) Concurrent Cleanup for Next Mark
[2021-05-11T06:42:50.342+0000][8][gc,marking  ] GC(212) Concurrent Cleanup for Next Mark 0.219ms
[2021-05-11T06:42:50.342+0000][8][gc          ] GC(212) Concurrent Cycle 167.454ms
[2021-05-11T06:43:16.344+0000][8][safepoint   ] Safepoint "Cleanup", Time since last: 26002414310 ns, Reaching safepoint: 135093 ns, At safepoint: 8817 ns, Total: 143910 ns
[2021-05-11T06:44:48.339+0000][8][gc,start    ] GC(213) Pause Young (Normal) (G1 Evacuation Pause)
[2021-05-11T06:44:48.339+0000][8][gc,task     ] GC(213) Using 6 workers of 8 for evacuation
[2021-05-11T06:44:48.339+0000][8][gc,age      ] GC(213) Desired survivor size 6291456 bytes, new threshold 15 (max threshold 15)
[2021-05-11T06:44:48.341+0000][8][gc,age      ] GC(213) Age table with threshold 15 (max threshold 15)
[2021-05-11T06:44:48.341+0000][8][gc,age      ] GC(213) - age   1:     569960 bytes,     569960 total
[2021-05-11T06:44:48.341+0000][8][gc,age      ] GC(213) - age   2:     238464 bytes,     808424 total
[2021-05-11T06:44:48.341+0000][8][gc,age      ] GC(213) - age   3:        392 bytes,     808816 total
[2021-05-11T06:44:48.341+0000][8][gc,age      ] GC(213) - age   4:       3112 bytes,     811928 total
[2021-05-11T06:44:48.341+0000][8][gc,age      ] GC(213) - age   5:        264 bytes,     812192 total
[2021-05-11T06:44:48.341+0000][8][gc,age      ] GC(213) - age   6:       2600 bytes,     814792 total
[2021-05-11T06:44:48.341+0000][8][gc,age      ] GC(213) - age   7:       1088 bytes,     815880 total
[2021-05-11T06:44:48.341+0000][8][gc,age      ] GC(213) - age   8:         64 bytes,     815944 total
[2021-05-11T06:44:48.341+0000][8][gc,age      ] GC(213) - age   9:         96 bytes,     816040 total
[2021-05-11T06:44:48.341+0000][8][gc,age      ] GC(213) - age  10:         88 bytes,     816128 total
[2021-05-11T06:44:48.341+0000][8][gc,age      ] GC(213) - age  11:        920 bytes,     817048 total
[2021-05-11T06:44:48.341+0000][8][gc,age      ] GC(213) - age  12:         72 bytes,     817120 total
[2021-05-11T06:44:48.341+0000][8][gc,age      ] GC(213) - age  14:        856 bytes,     817976 total
[2021-05-11T06:44:48.341+0000][8][gc,age      ] GC(213) - age  15:       3160 bytes,     821136 total
[2021-05-11T06:44:48.341+0000][8][gc,phases   ] GC(213)   Pre Evacuate Collection Set: 0.1ms
[2021-05-11T06:44:48.341+0000][8][gc,phases   ] GC(213)   Merge Heap Roots: 0.1ms
[2021-05-11T06:44:48.341+0000][8][gc,phases   ] GC(213)   Evacuate Collection Set: 1.2ms
[2021-05-11T06:44:48.341+0000][8][gc,phases   ] GC(213)   Post Evacuate Collection Set: 0.5ms
[2021-05-11T06:44:48.341+0000][8][gc,phases   ] GC(213)   Other: 0.3ms
[2021-05-11T06:44:48.341+0000][8][gc,heap     ] GC(213) Eden regions: 21->0(21)
[2021-05-11T06:44:48.341+0000][8][gc,heap     ] GC(213) Survivor regions: 1->1(3)
[2021-05-11T06:44:48.341+0000][8][gc,heap     ] GC(213) Old regions: 27->27
[2021-05-11T06:44:48.341+0000][8][gc,heap     ] GC(213) Archive regions: 2->2
[2021-05-11T06:44:48.341+0000][8][gc,heap     ] GC(213) Humongous regions: 2->2
[2021-05-11T06:44:48.341+0000][8][gc,metaspace] GC(213) Metaspace: 108591K(113264K)->108591K(113264K) NonClass: 94694K(98032K)->94694K(98032K) Class: 13897K(15232K)->13897K(15232K)
[2021-05-11T06:44:48.341+0000][8][gc          ] GC(213) Pause Young (Normal) (G1 Evacuation Pause) 202M->117M(256M) 2.177ms
[2021-05-11T06:44:48.341+0000][8][gc,cpu      ] GC(213) User=0.01s Sys=0.00s Real=0.00s
[2021-05-11T06:44:48.341+0000][8][safepoint   ] Safepoint "G1CollectForAllocation", Time since last: 91994504325 ns, Reaching safepoint: 169118 ns, At safepoint: 2282399 ns, Total: 2451517 ns
[2021-05-11T06:44:56.342+0000][8][safepoint   ] Safepoint "Cleanup", Time since last: 8000775848 ns, Reaching safepoint: 121825 ns, At safepoint: 8331 ns, Total: 130156 ns
[2021-05-11T06:45:55.348+0000][8][safepoint   ] Safepoint "Cleanup", Time since last: 59005959232 ns, Reaching safepoint: 72294 ns, At safepoint: 3996 ns, Total: 76290 ns
[2021-05-11T06:46:25.352+0000][8][safepoint   ] Safepoint "Cleanup", Time since last: 30003892474 ns, Reaching safepoint: 75065 ns, At safepoint: 6150 ns, Total: 81215 ns
[2021-05-11T06:46:53.389+0000][8][gc,start    ] GC(214) Pause Young (Concurrent Start) (G1 Evacuation Pause)
[2021-05-11T06:46:53.389+0000][8][gc,task     ] GC(214) Using 6 workers of 8 for evacuation
[2021-05-11T06:46:53.389+0000][8][gc,age      ] GC(214) Desired survivor size 6291456 bytes, new threshold 15 (max threshold 15)
[2021-05-11T06:46:53.390+0000][8][gc,age      ] GC(214) Age table with threshold 15 (max threshold 15)
[2021-05-11T06:46:53.390+0000][8][gc,age      ] GC(214) - age   1:     519568 bytes,     519568 total
[2021-05-11T06:46:53.390+0000][8][gc,age      ] GC(214) - age   2:      64256 bytes,     583824 total
[2021-05-11T06:46:53.390+0000][8][gc,age      ] GC(214) - age   3:     207112 bytes,     790936 total
[2021-05-11T06:46:53.390+0000][8][gc,age      ] GC(214) - age   4:        272 bytes,     791208 total
[2021-05-11T06:46:53.390+0000][8][gc,age      ] GC(214) - age   5:        616 bytes,     791824 total
[2021-05-11T06:46:53.390+0000][8][gc,age      ] GC(214) - age   6:        264 bytes,     792088 total
[2021-05-11T06:46:53.390+0000][8][gc,age      ] GC(214) - age   7:       2600 bytes,     794688 total
[2021-05-11T06:46:53.390+0000][8][gc,age      ] GC(214) - age   8:       1088 bytes,     795776 total
[2021-05-11T06:46:53.390+0000][8][gc,age      ] GC(214) - age   9:         64 bytes,     795840 total
[2021-05-11T06:46:53.390+0000][8][gc,age      ] GC(214) - age  10:         96 bytes,     795936 total
[2021-05-11T06:46:53.390+0000][8][gc,age      ] GC(214) - age  11:         88 bytes,     796024 total
[2021-05-11T06:46:53.390+0000][8][gc,age      ] GC(214) - age  12:        920 bytes,     796944 total
[2021-05-11T06:46:53.390+0000][8][gc,age      ] GC(214) - age  13:         72 bytes,     797016 total
[2021-05-11T06:46:53.390+0000][8][gc,age      ] GC(214) - age  15:        832 bytes,     797848 total
[2021-05-11T06:46:53.390+0000][8][gc,phases   ] GC(214)   Pre Evacuate Collection Set: 0.1ms
[2021-05-11T06:46:53.390+0000][8][gc,phases   ] GC(214)   Merge Heap Roots: 0.0ms
[2021-05-11T06:46:53.390+0000][8][gc,phases   ] GC(214)   Evacuate Collection Set: 0.9ms
[2021-05-11T06:46:53.390+0000][8][gc,phases   ] GC(214)   Post Evacuate Collection Set: 0.4ms
[2021-05-11T06:46:53.390+0000][8][gc,phases   ] GC(214)   Other: 0.2ms
[2021-05-11T06:46:53.390+0000][8][gc,heap     ] GC(214) Eden regions: 21->0(21)
[2021-05-11T06:46:53.390+0000][8][gc,heap     ] GC(214) Survivor regions: 1->1(3)
[2021-05-11T06:46:53.390+0000][8][gc,heap     ] GC(214) Old regions: 27->27
[2021-05-11T06:46:53.390+0000][8][gc,heap     ] GC(214) Archive regions: 2->2
[2021-05-11T06:46:53.390+0000][8][gc,heap     ] GC(214) Humongous regions: 2->2
[2021-05-11T06:46:53.390+0000][8][gc,metaspace] GC(214) Metaspace: 108593K(113264K)->108593K(113264K) NonClass: 94695K(98032K)->94695K(98032K) Class: 13897K(15232K)->13897K(15232K)
[2021-05-11T06:46:53.390+0000][8][gc          ] GC(214) Pause Young (Concurrent Start) (G1 Evacuation Pause) 201M->117M(256M) 1.738ms
[2021-05-11T06:46:53.390+0000][8][gc,cpu      ] GC(214) User=0.01s Sys=0.00s Real=0.01s
[2021-05-11T06:46:53.390+0000][8][gc          ] GC(215) Concurrent Cycle
[2021-05-11T06:46:53.390+0000][8][safepoint   ] Safepoint "G1CollectForAllocation", Time since last: 28036720428 ns, Reaching safepoint: 80329 ns, At safepoint: 1799772 ns, Total: 1880101 ns
[2021-05-11T06:46:53.390+0000][8][gc,marking  ] GC(215) Concurrent Clear Claimed Marks
[2021-05-11T06:46:53.391+0000][8][gc,marking  ] GC(215) Concurrent Clear Claimed Marks 0.057ms
[2021-05-11T06:46:53.391+0000][8][gc,marking  ] GC(215) Concurrent Scan Root Regions
[2021-05-11T06:46:53.392+0000][8][gc,marking  ] GC(215) Concurrent Scan Root Regions 1.345ms
[2021-05-11T06:46:53.392+0000][8][gc,marking  ] GC(215) Concurrent Mark (15022.777s)
[2021-05-11T06:46:53.392+0000][8][gc,marking  ] GC(215) Concurrent Mark From Roots
[2021-05-11T06:46:53.392+0000][8][gc,task     ] GC(215) Using 2 workers of 2 for marking
[2021-05-11T06:46:53.477+0000][8][gc,marking  ] GC(215) Concurrent Mark From Roots 85.426ms
[2021-05-11T06:46:53.477+0000][8][gc,marking  ] GC(215) Concurrent Preclean
[2021-05-11T06:46:53.478+0000][8][gc,marking  ] GC(215) Concurrent Preclean 0.248ms
[2021-05-11T06:46:53.478+0000][8][gc,marking  ] GC(215) Concurrent Mark (15022.777s, 15022.863s) 85.726ms
[2021-05-11T06:46:53.478+0000][8][gc,start    ] GC(215) Pause Remark
[2021-05-11T06:46:53.485+0000][8][gc          ] GC(215) Pause Remark 119M->119M(256M) 7.421ms
[2021-05-11T06:46:53.485+0000][8][gc,cpu      ] GC(215) User=0.04s Sys=0.00s Real=0.01s
[2021-05-11T06:46:53.485+0000][8][safepoint   ] Safepoint "G1Concurrent", Time since last: 87206809 ns, Reaching safepoint: 105799 ns, At safepoint: 7493887 ns, Total: 7599686 ns
[2021-05-11T06:46:53.485+0000][8][gc,marking  ] GC(215) Concurrent Rebuild Remembered Sets
[2021-05-11T06:46:53.541+0000][8][gc,marking  ] GC(215) Concurrent Rebuild Remembered Sets 56.176ms
[2021-05-11T06:46:53.542+0000][8][gc,start    ] GC(215) Pause Cleanup
[2021-05-11T06:46:53.542+0000][8][gc          ] GC(215) Pause Cleanup 119M->119M(256M) 0.051ms
[2021-05-11T06:46:53.542+0000][8][gc,cpu      ] GC(215) User=0.00s Sys=0.00s Real=0.01s
[2021-05-11T06:46:53.542+0000][8][safepoint   ] Safepoint "G1Concurrent", Time since last: 56272711 ns, Reaching safepoint: 80594 ns, At safepoint: 97446 ns, Total: 178040 ns
[2021-05-11T06:46:53.542+0000][8][gc,marking  ] GC(215) Concurrent Cleanup for Next Mark
[2021-05-11T06:46:53.542+0000][8][gc,marking  ] GC(215) Concurrent Cleanup for Next Mark 0.126ms
[2021-05-11T06:46:53.542+0000][8][gc          ] GC(215) Concurrent Cycle 151.425ms
[2021-05-11T06:47:55.547+0000][8][safepoint   ] Safepoint "Cleanup", Time since last: 62005646951 ns, Reaching safepoint: 83814 ns, At safepoint: 7110 ns, Total: 90924 ns
[2021-05-11T06:48:52.553+0000][8][safepoint   ] Safepoint "Cleanup", Time since last: 57005386644 ns, Reaching safepoint: 64583 ns, At safepoint: 6052 ns, Total: 70635 ns
[2021-05-11T06:49:03.441+0000][8][gc,start    ] GC(216) Pause Young (Normal) (G1 Evacuation Pause)
[2021-05-11T06:49:03.441+0000][8][gc,task     ] GC(216) Using 6 workers of 8 for evacuation
[2021-05-11T06:49:03.441+0000][8][gc,age      ] GC(216) Desired survivor size 6291456 bytes, new threshold 15 (max threshold 15)
[2021-05-11T06:49:03.442+0000][8][gc,age      ] GC(216) Age table with threshold 15 (max threshold 15)
[2021-05-11T06:49:03.442+0000][8][gc,age      ] GC(216) - age   1:     509144 bytes,     509144 total
[2021-05-11T06:49:03.442+0000][8][gc,age      ] GC(216) - age   2:       3160 bytes,     512304 total
[2021-05-11T06:49:03.442+0000][8][gc,age      ] GC(216) - age   3:      63304 bytes,     575608 total
[2021-05-11T06:49:03.442+0000][8][gc,age      ] GC(216) - age   4:     117792 bytes,     693400 total
[2021-05-11T06:49:03.442+0000][8][gc,age      ] GC(216) - age   5:        176 bytes,     693576 total
[2021-05-11T06:49:03.442+0000][8][gc,age      ] GC(216) - age   6:        616 bytes,     694192 total
[2021-05-11T06:49:03.442+0000][8][gc,age      ] GC(216) - age   7:        264 bytes,     694456 total
[2021-05-11T06:49:03.442+0000][8][gc,age      ] GC(216) - age   8:       2600 bytes,     697056 total
[2021-05-11T06:49:03.442+0000][8][gc,age      ] GC(216) - age   9:        848 bytes,     697904 total
[2021-05-11T06:49:03.442+0000][8][gc,age      ] GC(216) - age  10:         64 bytes,     697968 total
[2021-05-11T06:49:03.442+0000][8][gc,age      ] GC(216) - age  11:         96 bytes,     698064 total
[2021-05-11T06:49:03.442+0000][8][gc,age      ] GC(216) - age  12:         88 bytes,     698152 total
[2021-05-11T06:49:03.442+0000][8][gc,age      ] GC(216) - age  13:        920 bytes,     699072 total
[2021-05-11T06:49:03.442+0000][8][gc,age      ] GC(216) - age  14:         72 bytes,     699144 total
[2021-05-11T06:49:03.442+0000][8][gc,phases   ] GC(216)   Pre Evacuate Collection Set: 0.0ms
[2021-05-11T06:49:03.442+0000][8][gc,phases   ] GC(216)   Merge Heap Roots: 0.0ms
[2021-05-11T06:49:03.442+0000][8][gc,phases   ] GC(216)   Evacuate Collection Set: 0.8ms
[2021-05-11T06:49:03.442+0000][8][gc,phases   ] GC(216)   Post Evacuate Collection Set: 0.3ms
[2021-05-11T06:49:03.442+0000][8][gc,phases   ] GC(216)   Other: 0.2ms
[2021-05-11T06:49:03.442+0000][8][gc,heap     ] GC(216) Eden regions: 21->0(21)
[2021-05-11T06:49:03.442+0000][8][gc,heap     ] GC(216) Survivor regions: 1->1(3)
[2021-05-11T06:49:03.442+0000][8][gc,heap     ] GC(216) Old regions: 27->27
[2021-05-11T06:49:03.442+0000][8][gc,heap     ] GC(216) Archive regions: 2->2
[2021-05-11T06:49:03.442+0000][8][gc,heap     ] GC(216) Humongous regions: 2->2
[2021-05-11T06:49:03.442+0000][8][gc,metaspace] GC(216) Metaspace: 108600K(113264K)->108600K(113264K) NonClass: 94702K(98032K)->94702K(98032K) Class: 13897K(15232K)->13897K(15232K)
[2021-05-11T06:49:03.442+0000][8][gc          ] GC(216) Pause Young (Normal) (G1 Evacuation Pause) 201M->117M(256M) 1.570ms
[2021-05-11T06:49:03.442+0000][8][gc,cpu      ] GC(216) User=0.01s Sys=0.00s Real=0.01s
[2021-05-11T06:49:03.442+0000][8][safepoint   ] Safepoint "G1CollectForAllocation", Time since last: 10887877533 ns, Reaching safepoint: 72697 ns, At safepoint: 1634932 ns, Total: 1707629 ns
[2021-05-11T06:51:18.496+0000][8][gc,start    ] GC(217) Pause Young (Concurrent Start) (G1 Evacuation Pause)
[2021-05-11T06:51:18.496+0000][8][gc,task     ] GC(217) Using 6 workers of 8 for evacuation
[2021-05-11T06:51:18.496+0000][8][gc,age      ] GC(217) Desired survivor size 6291456 bytes, new threshold 15 (max threshold 15)
[2021-05-11T06:51:18.497+0000][8][gc,age      ] GC(217) Age table with threshold 15 (max threshold 15)
[2021-05-11T06:51:18.497+0000][8][gc,age      ] GC(217) - age   1:     507504 bytes,     507504 total
[2021-05-11T06:51:18.497+0000][8][gc,age      ] GC(217) - age   2:        944 bytes,     508448 total
[2021-05-11T06:51:18.498+0000][8][gc,age      ] GC(217) - age   3:       3040 bytes,     511488 total
[2021-05-11T06:51:18.498+0000][8][gc,age      ] GC(217) - age   4:      63064 bytes,     574552 total
[2021-05-11T06:51:18.498+0000][8][gc,age      ] GC(217) - age   5:     117792 bytes,     692344 total
[2021-05-11T06:51:18.498+0000][8][gc,age      ] GC(217) - age   6:         80 bytes,     692424 total
[2021-05-11T06:51:18.498+0000][8][gc,age      ] GC(217) - age   7:        616 bytes,     693040 total
[2021-05-11T06:51:18.498+0000][8][gc,age      ] GC(217) - age   8:        240 bytes,     693280 total
[2021-05-11T06:51:18.498+0000][8][gc,age      ] GC(217) - age   9:       2576 bytes,     695856 total
[2021-05-11T06:51:18.498+0000][8][gc,age      ] GC(217) - age  10:        848 bytes,     696704 total
[2021-05-11T06:51:18.498+0000][8][gc,age      ] GC(217) - age  11:         64 bytes,     696768 total
[2021-05-11T06:51:18.498+0000][8][gc,age      ] GC(217) - age  12:         96 bytes,     696864 total
[2021-05-11T06:51:18.498+0000][8][gc,age      ] GC(217) - age  13:         88 bytes,     696952 total
[2021-05-11T06:51:18.498+0000][8][gc,age      ] GC(217) - age  14:        920 bytes,     697872 total
[2021-05-11T06:51:18.498+0000][8][gc,age      ] GC(217) - age  15:         72 bytes,     697944 total
[2021-05-11T06:51:18.498+0000][8][gc,phases   ] GC(217)   Pre Evacuate Collection Set: 0.1ms
[2021-05-11T06:51:18.498+0000][8][gc,phases   ] GC(217)   Merge Heap Roots: 0.0ms
[2021-05-11T06:51:18.498+0000][8][gc,phases   ] GC(217)   Evacuate Collection Set: 0.9ms
[2021-05-11T06:51:18.498+0000][8][gc,phases   ] GC(217)   Post Evacuate Collection Set: 0.5ms
[2021-05-11T06:51:18.498+0000][8][gc,phases   ] GC(217)   Other: 0.2ms
[2021-05-11T06:51:18.498+0000][8][gc,heap     ] GC(217) Eden regions: 21->0(21)
[2021-05-11T06:51:18.498+0000][8][gc,heap     ] GC(217) Survivor regions: 1->1(3)
[2021-05-11T06:51:18.498+0000][8][gc,heap     ] GC(217) Old regions: 27->27
[2021-05-11T06:51:18.498+0000][8][gc,heap     ] GC(217) Archive regions: 2->2
[2021-05-11T06:51:18.498+0000][8][gc,heap     ] GC(217) Humongous regions: 2->2
[2021-05-11T06:51:18.498+0000][8][gc,metaspace] GC(217) Metaspace: 108628K(113264K)->108628K(113264K) NonClass: 94730K(98032K)->94730K(98032K) Class: 13897K(15232K)->13897K(15232K)
[2021-05-11T06:51:18.498+0000][8][gc          ] GC(217) Pause Young (Concurrent Start) (G1 Evacuation Pause) 201M->117M(256M) 1.801ms
[2021-05-11T06:51:18.498+0000][8][gc,cpu      ] GC(217) User=0.00s Sys=0.00s Real=0.00s
[2021-05-11T06:51:18.498+0000][8][gc          ] GC(218) Concurrent Cycle
[2021-05-11T06:51:18.498+0000][8][safepoint   ] Safepoint "G1CollectForAllocation", Time since last: 135053299636 ns, Reaching safepoint: 70111 ns, At safepoint: 1870596 ns, Total: 1940707 ns
[2021-05-11T06:51:18.498+0000][8][gc,marking  ] GC(218) Concurrent Clear Claimed Marks
[2021-05-11T06:51:18.498+0000][8][gc,marking  ] GC(218) Concurrent Clear Claimed Marks 0.073ms
[2021-05-11T06:51:18.498+0000][8][gc,marking  ] GC(218) Concurrent Scan Root Regions
[2021-05-11T06:51:18.499+0000][8][gc,marking  ] GC(218) Concurrent Scan Root Regions 1.537ms
[2021-05-11T06:51:18.499+0000][8][gc,marking  ] GC(218) Concurrent Mark (15287.885s)
[2021-05-11T06:51:18.499+0000][8][gc,marking  ] GC(218) Concurrent Mark From Roots
[2021-05-11T06:51:18.499+0000][8][gc,task     ] GC(218) Using 2 workers of 2 for marking
[2021-05-11T06:51:18.584+0000][8][gc,marking  ] GC(218) Concurrent Mark From Roots 84.784ms
[2021-05-11T06:51:18.584+0000][8][gc,marking  ] GC(218) Concurrent Preclean
[2021-05-11T06:51:18.585+0000][8][gc,marking  ] GC(218) Concurrent Preclean 0.290ms
[2021-05-11T06:51:18.585+0000][8][gc,marking  ] GC(218) Concurrent Mark (15287.885s, 15287.970s) 85.131ms
[2021-05-11T06:51:18.585+0000][8][gc,start    ] GC(218) Pause Remark
[2021-05-11T06:51:18.591+0000][8][gc          ] GC(218) Pause Remark 118M->118M(256M) 6.105ms
[2021-05-11T06:51:18.591+0000][8][gc,cpu      ] GC(218) User=0.03s Sys=0.00s Real=0.01s
[2021-05-11T06:51:18.591+0000][8][safepoint   ] Safepoint "G1Concurrent", Time since last: 86857983 ns, Reaching safepoint: 79686 ns, At safepoint: 6180622 ns, Total: 6260308 ns
[2021-05-11T06:51:18.591+0000][8][gc,marking  ] GC(218) Concurrent Rebuild Remembered Sets
[2021-05-11T06:51:18.648+0000][8][gc,marking  ] GC(218) Concurrent Rebuild Remembered Sets 56.886ms
[2021-05-11T06:51:18.648+0000][8][gc,start    ] GC(218) Pause Cleanup
[2021-05-11T06:51:18.648+0000][8][gc          ] GC(218) Pause Cleanup 118M->118M(256M) 0.075ms
[2021-05-11T06:51:18.648+0000][8][gc,cpu      ] GC(218) User=0.00s Sys=0.00s Real=0.00s
[2021-05-11T06:51:18.648+0000][8][safepoint   ] Safepoint "G1Concurrent", Time since last: 57019443 ns, Reaching safepoint: 86228 ns, At safepoint: 122166 ns, Total: 208394 ns
[2021-05-11T06:51:18.648+0000][8][gc,marking  ] GC(218) Concurrent Cleanup for Next Mark
[2021-05-11T06:51:18.648+0000][8][gc,marking  ] GC(218) Concurrent Cleanup for Next Mark 0.114ms
[2021-05-11T06:51:18.648+0000][8][gc          ] GC(218) Concurrent Cycle 150.501ms
[2021-05-11T06:51:25.649+0000][8][safepoint   ] Safepoint "Cleanup", Time since last: 7000596689 ns, Reaching safepoint: 64842 ns, At safepoint: 6401 ns, Total: 71243 ns
[2021-05-11T06:51:48.652+0000][8][safepoint   ] Safepoint "Cleanup", Time since last: 23002831271 ns, Reaching safepoint: 81246 ns, At safepoint: 7896 ns, Total: 89142 ns
[2021-05-11T06:51:52.652+0000][8][safepoint   ] Safepoint "Cleanup", Time since last: 4000291505 ns, Reaching safepoint: 69928 ns, At safepoint: 4815 ns, Total: 74743 ns
[2021-05-11T06:51:58.653+0000][8][safepoint   ] Safepoint "Cleanup", Time since last: 6000678985 ns, Reaching safepoint: 69262 ns, At safepoint: 5984 ns, Total: 75246 ns
[2021-05-11T06:52:26.656+0000][8][safepoint   ] Safepoint "Cleanup", Time since last: 28002652551 ns, Reaching safepoint: 99288 ns, At safepoint: 7207 ns, Total: 106495 ns
[2021-05-11T06:52:50.658+0000][8][safepoint   ] Safepoint "Cleanup", Time since last: 24002596975 ns, Reaching safepoint: 80142 ns, At safepoint: 5887 ns, Total: 86029 ns
[2021-05-11T06:52:52.658+0000][8][safepoint   ] Safepoint "Cleanup", Time since last: 2000157300 ns, Reaching safepoint: 71207 ns, At safepoint: 4481 ns, Total: 75688 ns
[2021-05-11T06:52:53.533+0000][8][gc,start    ] GC(219) Pause Young (Normal) (G1 Evacuation Pause)
[2021-05-11T06:52:53.533+0000][8][gc,task     ] GC(219) Using 6 workers of 8 for evacuation
[2021-05-11T06:52:53.534+0000][8][gc,age      ] GC(219) Desired survivor size 6291456 bytes, new threshold 15 (max threshold 15)
[2021-05-11T06:52:53.535+0000][8][gc,age      ] GC(219) Age table with threshold 15 (max threshold 15)
[2021-05-11T06:52:53.535+0000][8][gc,age      ] GC(219) - age   1:     786792 bytes,     786792 total
[2021-05-11T06:52:53.535+0000][8][gc,age      ] GC(219) - age   2:        280 bytes,     787072 total
[2021-05-11T06:52:53.535+0000][8][gc,age      ] GC(219) - age   3:        848 bytes,     787920 total
[2021-05-11T06:52:53.535+0000][8][gc,age      ] GC(219) - age   4:       2848 bytes,     790768 total
[2021-05-11T06:52:53.535+0000][8][gc,age      ] GC(219) - age   5:       2872 bytes,     793640 total
[2021-05-11T06:52:53.535+0000][8][gc,age      ] GC(219) - age   6:       2824 bytes,     796464 total
[2021-05-11T06:52:53.535+0000][8][gc,age      ] GC(219) - age   7:         80 bytes,     796544 total
[2021-05-11T06:52:53.535+0000][8][gc,age      ] GC(219) - age   8:        408 bytes,     796952 total
[2021-05-11T06:52:53.535+0000][8][gc,age      ] GC(219) - age   9:        216 bytes,     797168 total
[2021-05-11T06:52:53.535+0000][8][gc,age      ] GC(219) - age  10:       1920 bytes,     799088 total
[2021-05-11T06:52:53.535+0000][8][gc,age      ] GC(219) - age  11:        528 bytes,     799616 total
[2021-05-11T06:52:53.535+0000][8][gc,age      ] GC(219) - age  12:         64 bytes,     799680 total
[2021-05-11T06:52:53.535+0000][8][gc,age      ] GC(219) - age  13:         96 bytes,     799776 total
[2021-05-11T06:52:53.535+0000][8][gc,age      ] GC(219) - age  14:         88 bytes,     799864 total
[2021-05-11T06:52:53.535+0000][8][gc,age      ] GC(219) - age  15:        648 bytes,     800512 total
[2021-05-11T06:52:53.535+0000][8][gc,phases   ] GC(219)   Pre Evacuate Collection Set: 0.0ms
[2021-05-11T06:52:53.535+0000][8][gc,phases   ] GC(219)   Merge Heap Roots: 0.0ms
[2021-05-11T06:52:53.535+0000][8][gc,phases   ] GC(219)   Evacuate Collection Set: 0.7ms
[2021-05-11T06:52:53.535+0000][8][gc,phases   ] GC(219)   Post Evacuate Collection Set: 0.4ms
[2021-05-11T06:52:53.535+0000][8][gc,phases   ] GC(219)   Other: 0.2ms
[2021-05-11T06:52:53.535+0000][8][gc,heap     ] GC(219) Eden regions: 21->0(21)
[2021-05-11T06:52:53.535+0000][8][gc,heap     ] GC(219) Survivor regions: 1->1(3)
[2021-05-11T06:52:53.535+0000][8][gc,heap     ] GC(219) Old regions: 27->27
[2021-05-11T06:52:53.535+0000][8][gc,heap     ] GC(219) Archive regions: 2->2
[2021-05-11T06:52:53.535+0000][8][gc,heap     ] GC(219) Humongous regions: 2->2
[2021-05-11T06:52:53.535+0000][8][gc,metaspace] GC(219) Metaspace: 108761K(113520K)->108761K(113520K) NonClass: 94863K(98288K)->94863K(98288K) Class: 13897K(15232K)->13897K(15232K)
[2021-05-11T06:52:53.535+0000][8][gc          ] GC(219) Pause Young (Normal) (G1 Evacuation Pause) 201M->117M(256M) 1.392ms
[2021-05-11T06:52:53.535+0000][8][gc,cpu      ] GC(219) User=0.01s Sys=0.00s Real=0.00s
[2021-05-11T06:52:53.535+0000][8][safepoint   ] Safepoint "G1CollectForAllocation", Time since last: 874909621 ns, Reaching safepoint: 63645 ns, At safepoint: 1449435 ns, Total: 1513080 ns
[2021-05-11T06:52:55.535+0000][8][safepoint   ] Safepoint "Cleanup", Time since last: 2000221636 ns, Reaching safepoint: 70173 ns, At safepoint: 4738 ns, Total: 74911 ns
[2021-05-11T06:54:18.544+0000][8][safepoint   ] Safepoint "Cleanup", Time since last: 83009101473 ns, Reaching safepoint: 87425 ns, At safepoint: 5997 ns, Total: 93422 ns
[2021-05-11T06:55:03.588+0000][8][gc,start    ] GC(220) Pause Young (Concurrent Start) (G1 Evacuation Pause)
[2021-05-11T06:55:03.588+0000][8][gc,task     ] GC(220) Using 6 workers of 8 for evacuation
[2021-05-11T06:55:03.588+0000][8][gc,age      ] GC(220) Desired survivor size 6291456 bytes, new threshold 15 (max threshold 15)
[2021-05-11T06:55:03.590+0000][8][gc,age      ] GC(220) Age table with threshold 15 (max threshold 15)
[2021-05-11T06:55:03.590+0000][8][gc,age      ] GC(220) - age   1:     508000 bytes,     508000 total
[2021-05-11T06:55:03.590+0000][8][gc,age      ] GC(220) - age   2:     273912 bytes,     781912 total
[2021-05-11T06:55:03.590+0000][8][gc,age      ] GC(220) - age   3:        160 bytes,     782072 total
[2021-05-11T06:55:03.590+0000][8][gc,age      ] GC(220) - age   4:        608 bytes,     782680 total
[2021-05-11T06:55:03.590+0000][8][gc,age      ] GC(220) - age   5:       2848 bytes,     785528 total
[2021-05-11T06:55:03.590+0000][8][gc,age      ] GC(220) - age   6:       2752 bytes,     788280 total
[2021-05-11T06:55:03.590+0000][8][gc,age      ] GC(220) - age   7:       2824 bytes,     791104 total
[2021-05-11T06:55:03.590+0000][8][gc,age      ] GC(220) - age   8:         40 bytes,     791144 total
[2021-05-11T06:55:03.590+0000][8][gc,age      ] GC(220) - age   9:        408 bytes,     791552 total
[2021-05-11T06:55:03.590+0000][8][gc,age      ] GC(220) - age  10:        184 bytes,     791736 total
[2021-05-11T06:55:03.590+0000][8][gc,age      ] GC(220) - age  11:       1920 bytes,     793656 total
[2021-05-11T06:55:03.590+0000][8][gc,age      ] GC(220) - age  12:        528 bytes,     794184 total
[2021-05-11T06:55:03.590+0000][8][gc,age      ] GC(220) - age  13:         64 bytes,     794248 total
[2021-05-11T06:55:03.590+0000][8][gc,age      ] GC(220) - age  14:         96 bytes,     794344 total
[2021-05-11T06:55:03.590+0000][8][gc,age      ] GC(220) - age  15:         88 bytes,     794432 total
[2021-05-11T06:55:03.590+0000][8][gc,phases   ] GC(220)   Pre Evacuate Collection Set: 0.1ms
[2021-05-11T06:55:03.590+0000][8][gc,phases   ] GC(220)   Merge Heap Roots: 0.0ms
[2021-05-11T06:55:03.590+0000][8][gc,phases   ] GC(220)   Evacuate Collection Set: 0.9ms
[2021-05-11T06:55:03.590+0000][8][gc,phases   ] GC(220)   Post Evacuate Collection Set: 0.3ms
[2021-05-11T06:55:03.590+0000][8][gc,phases   ] GC(220)   Other: 0.2ms
[2021-05-11T06:55:03.590+0000][8][gc,heap     ] GC(220) Eden regions: 21->0(21)
[2021-05-11T06:55:03.590+0000][8][gc,heap     ] GC(220) Survivor regions: 1->1(3)
[2021-05-11T06:55:03.590+0000][8][gc,heap     ] GC(220) Old regions: 27->27
[2021-05-11T06:55:03.590+0000][8][gc,heap     ] GC(220) Archive regions: 2->2
[2021-05-11T06:55:03.590+0000][8][gc,heap     ] GC(220) Humongous regions: 2->2
[2021-05-11T06:55:03.590+0000][8][gc,metaspace] GC(220) Metaspace: 108764K(113520K)->108764K(113520K) NonClass: 94866K(98288K)->94866K(98288K) Class: 13897K(15232K)->13897K(15232K)
[2021-05-11T06:55:03.590+0000][8][gc          ] GC(220) Pause Young (Concurrent Start) (G1 Evacuation Pause) 201M->117M(256M) 1.643ms
[2021-05-11T06:55:03.590+0000][8][gc,cpu      ] GC(220) User=0.01s Sys=0.00s Real=0.01s
[2021-05-11T06:55:03.590+0000][8][safepoint   ] Safepoint "G1CollectForAllocation", Time since last: 45043537049 ns, Reaching safepoint: 153033 ns, At safepoint: 1706258 ns, Total: 1859291 ns
[2021-05-11T06:55:03.590+0000][8][gc          ] GC(221) Concurrent Cycle
[2021-05-11T06:55:03.590+0000][8][gc,marking  ] GC(221) Concurrent Clear Claimed Marks
[2021-05-11T06:55:03.590+0000][8][gc,marking  ] GC(221) Concurrent Clear Claimed Marks 0.060ms
[2021-05-11T06:55:03.590+0000][8][gc,marking  ] GC(221) Concurrent Scan Root Regions
[2021-05-11T06:55:03.591+0000][8][gc,marking  ] GC(221) Concurrent Scan Root Regions 1.312ms
[2021-05-11T06:55:03.591+0000][8][gc,marking  ] GC(221) Concurrent Mark (15512.977s)
[2021-05-11T06:55:03.591+0000][8][gc,marking  ] GC(221) Concurrent Mark From Roots
[2021-05-11T06:55:03.591+0000][8][gc,task     ] GC(221) Using 2 workers of 2 for marking
[2021-05-11T06:55:03.675+0000][8][gc,marking  ] GC(221) Concurrent Mark From Roots 83.416ms
[2021-05-11T06:55:03.675+0000][8][gc,marking  ] GC(221) Concurrent Preclean
[2021-05-11T06:55:03.675+0000][8][gc,marking  ] GC(221) Concurrent Preclean 0.227ms
[2021-05-11T06:55:03.675+0000][8][gc,marking  ] GC(221) Concurrent Mark (15512.977s, 15513.060s) 83.686ms
[2021-05-11T06:55:03.675+0000][8][gc,start    ] GC(221) Pause Remark
[2021-05-11T06:55:03.680+0000][8][gc          ] GC(221) Pause Remark 118M->118M(256M) 5.367ms
[2021-05-11T06:55:03.680+0000][8][gc,cpu      ] GC(221) User=0.03s Sys=0.00s Real=0.00s
[2021-05-11T06:55:03.680+0000][8][safepoint   ] Safepoint "G1Concurrent", Time since last: 85156104 ns, Reaching safepoint: 61791 ns, At safepoint: 5453145 ns, Total: 5514936 ns
[2021-05-11T06:55:03.680+0000][8][gc,marking  ] GC(221) Concurrent Rebuild Remembered Sets
[2021-05-11T06:55:03.736+0000][8][gc,marking  ] GC(221) Concurrent Rebuild Remembered Sets 56.027ms
[2021-05-11T06:55:03.737+0000][8][gc,start    ] GC(221) Pause Cleanup
[2021-05-11T06:55:03.737+0000][8][gc          ] GC(221) Pause Cleanup 118M->118M(256M) 0.062ms
[2021-05-11T06:55:03.737+0000][8][gc,cpu      ] GC(221) User=0.00s Sys=0.00s Real=0.00s
[2021-05-11T06:55:03.737+0000][8][safepoint   ] Safepoint "G1Concurrent", Time since last: 56092507 ns, Reaching safepoint: 71638 ns, At safepoint: 101355 ns, Total: 172993 ns
[2021-05-11T06:55:03.737+0000][8][gc,marking  ] GC(221) Concurrent Cleanup for Next Mark
[2021-05-11T06:55:03.737+0000][8][gc,marking  ] GC(221) Concurrent Cleanup for Next Mark 0.112ms
[2021-05-11T06:55:03.737+0000][8][gc          ] GC(221) Concurrent Cycle 147.072ms
[2021-05-11T06:55:52.742+0000][8][safepoint   ] Safepoint "Cleanup", Time since last: 49005045613 ns, Reaching safepoint: 68845 ns, At safepoint: 4152 ns, Total: 72997 ns
[2021-05-11T06:55:55.742+0000][8][safepoint   ] Safepoint "Cleanup", Time since last: 3000279866 ns, Reaching safepoint: 72799 ns, At safepoint: 5257 ns, Total: 78056 ns
[2021-05-11T06:56:55.749+0000][8][safepoint   ] Safepoint "Cleanup", Time since last: 60006977893 ns, Reaching safepoint: 120192 ns, At safepoint: 5631 ns, Total: 125823 ns
[2021-05-11T06:57:08.637+0000][8][gc,start    ] GC(222) Pause Young (Normal) (G1 Evacuation Pause)
[2021-05-11T06:57:08.637+0000][8][gc,task     ] GC(222) Using 6 workers of 8 for evacuation
[2021-05-11T06:57:08.637+0000][8][gc,age      ] GC(222) Desired survivor size 6291456 bytes, new threshold 15 (max threshold 15)
[2021-05-11T06:57:08.639+0000][8][gc,age      ] GC(222) Age table with threshold 15 (max threshold 15)
[2021-05-11T06:57:08.639+0000][8][gc,age      ] GC(222) - age   1:     515560 bytes,     515560 total
[2021-05-11T06:57:08.639+0000][8][gc,age      ] GC(222) - age   2:       1360 bytes,     516920 total
[2021-05-11T06:57:08.639+0000][8][gc,age      ] GC(222) - age   3:     152680 bytes,     669600 total
[2021-05-11T06:57:08.639+0000][8][gc,age      ] GC(222) - age   4:         64 bytes,     669664 total
[2021-05-11T06:57:08.639+0000][8][gc,age      ] GC(222) - age   5:        608 bytes,     670272 total
[2021-05-11T06:57:08.639+0000][8][gc,age      ] GC(222) - age   6:        352 bytes,     670624 total
[2021-05-11T06:57:08.639+0000][8][gc,age      ] GC(222) - age   7:       2656 bytes,     673280 total
[2021-05-11T06:57:08.639+0000][8][gc,age      ] GC(222) - age   8:       2824 bytes,     676104 total
[2021-05-11T06:57:08.639+0000][8][gc,age      ] GC(222) - age   9:         40 bytes,     676144 total
[2021-05-11T06:57:08.639+0000][8][gc,age      ] GC(222) - age  10:        408 bytes,     676552 total
[2021-05-11T06:57:08.639+0000][8][gc,age      ] GC(222) - age  11:        184 bytes,     676736 total
[2021-05-11T06:57:08.639+0000][8][gc,age      ] GC(222) - age  12:       1920 bytes,     678656 total
[2021-05-11T06:57:08.639+0000][8][gc,age      ] GC(222) - age  13:        528 bytes,     679184 total
[2021-05-11T06:57:08.639+0000][8][gc,age      ] GC(222) - age  14:         64 bytes,     679248 total
[2021-05-11T06:57:08.639+0000][8][gc,age      ] GC(222) - age  15:         96 bytes,     679344 total
[2021-05-11T06:57:08.639+0000][8][gc,phases   ] GC(222)   Pre Evacuate Collection Set: 0.0ms
[2021-05-11T06:57:08.639+0000][8][gc,phases   ] GC(222)   Merge Heap Roots: 0.0ms
[2021-05-11T06:57:08.639+0000][8][gc,phases   ] GC(222)   Evacuate Collection Set: 1.0ms
[2021-05-11T06:57:08.639+0000][8][gc,phases   ] GC(222)   Post Evacuate Collection Set: 0.5ms
[2021-05-11T06:57:08.639+0000][8][gc,phases   ] GC(222)   Other: 0.2ms
[2021-05-11T06:57:08.639+0000][8][gc,heap     ] GC(222) Eden regions: 21->0(21)
[2021-05-11T06:57:08.639+0000][8][gc,heap     ] GC(222) Survivor regions: 1->1(3)
[2021-05-11T06:57:08.639+0000][8][gc,heap     ] GC(222) Old regions: 27->27
[2021-05-11T06:57:08.639+0000][8][gc,heap     ] GC(222) Archive regions: 2->2
[2021-05-11T06:57:08.639+0000][8][gc,heap     ] GC(222) Humongous regions: 2->2
[2021-05-11T06:57:08.639+0000][8][gc,metaspace] GC(222) Metaspace: 108766K(113520K)->108766K(113520K) NonClass: 94868K(98288K)->94868K(98288K) Class: 13897K(15232K)->13897K(15232K)
[2021-05-11T06:57:08.639+0000][8][gc          ] GC(222) Pause Young (Normal) (G1 Evacuation Pause) 201M->117M(256M) 1.782ms
[2021-05-11T06:57:08.639+0000][8][gc,cpu      ] GC(222) User=0.00s Sys=0.00s Real=0.00s
[2021-05-11T06:57:08.639+0000][8][safepoint   ] Safepoint "G1CollectForAllocation", Time since last: 12887519073 ns, Reaching safepoint: 81333 ns, At safepoint: 1839894 ns, Total: 1921227 ns
[2021-05-11T06:59:25.084+0000][8][gc,start    ] GC(223) Pause Young (Concurrent Start) (G1 Evacuation Pause)
[2021-05-11T06:59:25.084+0000][8][gc,task     ] GC(223) Using 6 workers of 8 for evacuation
[2021-05-11T06:59:25.084+0000][8][gc,age      ] GC(223) Desired survivor size 6291456 bytes, new threshold 15 (max threshold 15)
[2021-05-11T06:59:25.085+0000][8][gc,age      ] GC(223) Age table with threshold 15 (max threshold 15)
[2021-05-11T06:59:25.085+0000][8][gc,age      ] GC(223) - age   1:     506072 bytes,     506072 total
[2021-05-11T06:59:25.085+0000][8][gc,age      ] GC(223) - age   2:       2608 bytes,     508680 total
[2021-05-11T06:59:25.085+0000][8][gc,age      ] GC(223) - age   3:       1096 bytes,     509776 total
[2021-05-11T06:59:25.085+0000][8][gc,age      ] GC(223) - age   4:     152680 bytes,     662456 total
[2021-05-11T06:59:25.085+0000][8][gc,age      ] GC(223) - age   5:         64 bytes,     662520 total
[2021-05-11T06:59:25.085+0000][8][gc,age      ] GC(223) - age   6:        608 bytes,     663128 total
[2021-05-11T06:59:25.085+0000][8][gc,age      ] GC(223) - age   7:        352 bytes,     663480 total
[2021-05-11T06:59:25.085+0000][8][gc,age      ] GC(223) - age   8:       2656 bytes,     666136 total
[2021-05-11T06:59:25.085+0000][8][gc,age      ] GC(223) - age   9:       2824 bytes,     668960 total
[2021-05-11T06:59:25.085+0000][8][gc,age      ] GC(223) - age  10:         40 bytes,     669000 total
[2021-05-11T06:59:25.085+0000][8][gc,age      ] GC(223) - age  11:        408 bytes,     669408 total
[2021-05-11T06:59:25.085+0000][8][gc,age      ] GC(223) - age  12:        160 bytes,     669568 total
[2021-05-11T06:59:25.085+0000][8][gc,age      ] GC(223) - age  13:       1920 bytes,     671488 total
[2021-05-11T06:59:25.085+0000][8][gc,age      ] GC(223) - age  14:        528 bytes,     672016 total
[2021-05-11T06:59:25.085+0000][8][gc,age      ] GC(223) - age  15:         64 bytes,     672080 total
[2021-05-11T06:59:25.085+0000][8][gc,phases   ] GC(223)   Pre Evacuate Collection Set: 0.1ms
[2021-05-11T06:59:25.085+0000][8][gc,phases   ] GC(223)   Merge Heap Roots: 0.0ms
[2021-05-11T06:59:25.085+0000][8][gc,phases   ] GC(223)   Evacuate Collection Set: 0.9ms
[2021-05-11T06:59:25.085+0000][8][gc,phases   ] GC(223)   Post Evacuate Collection Set: 0.4ms
[2021-05-11T06:59:25.085+0000][8][gc,phases   ] GC(223)   Other: 0.2ms
[2021-05-11T06:59:25.085+0000][8][gc,heap     ] GC(223) Eden regions: 21->0(21)
[2021-05-11T06:59:25.085+0000][8][gc,heap     ] GC(223) Survivor regions: 1->1(3)
[2021-05-11T06:59:25.085+0000][8][gc,heap     ] GC(223) Old regions: 27->27
[2021-05-11T06:59:25.085+0000][8][gc,heap     ] GC(223) Archive regions: 2->2
[2021-05-11T06:59:25.085+0000][8][gc,heap     ] GC(223) Humongous regions: 2->2
[2021-05-11T06:59:25.085+0000][8][gc,metaspace] GC(223) Metaspace: 108766K(113520K)->108766K(113520K) NonClass: 94868K(98288K)->94868K(98288K) Class: 13897K(15232K)->13897K(15232K)
[2021-05-11T06:59:25.085+0000][8][gc          ] GC(223) Pause Young (Concurrent Start) (G1 Evacuation Pause) 201M->117M(256M) 1.784ms
[2021-05-11T06:59:25.085+0000][8][gc,cpu      ] GC(223) User=0.01s Sys=0.00s Real=0.00s
[2021-05-11T06:59:25.085+0000][8][safepoint   ] Safepoint "G1CollectForAllocation", Time since last: 136444783557 ns, Reaching safepoint: 79717 ns, At safepoint: 1843675 ns, Total: 1923392 ns
[2021-05-11T06:59:25.085+0000][8][gc          ] GC(224) Concurrent Cycle
[2021-05-11T06:59:25.085+0000][8][gc,marking  ] GC(224) Concurrent Clear Claimed Marks
[2021-05-11T06:59:25.086+0000][8][gc,marking  ] GC(224) Concurrent Clear Claimed Marks 0.054ms
[2021-05-11T06:59:25.086+0000][8][gc,marking  ] GC(224) Concurrent Scan Root Regions
[2021-05-11T06:59:25.087+0000][8][gc,marking  ] GC(224) Concurrent Scan Root Regions 1.434ms
[2021-05-11T06:59:25.087+0000][8][gc,marking  ] GC(224) Concurrent Mark (15774.472s)
[2021-05-11T06:59:25.087+0000][8][gc,marking  ] GC(224) Concurrent Mark From Roots
[2021-05-11T06:59:25.087+0000][8][gc,task     ] GC(224) Using 2 workers of 2 for marking
[2021-05-11T06:59:25.176+0000][8][gc,marking  ] GC(224) Concurrent Mark From Roots 89.403ms
[2021-05-11T06:59:25.176+0000][8][gc,marking  ] GC(224) Concurrent Preclean
[2021-05-11T06:59:25.177+0000][8][gc,marking  ] GC(224) Concurrent Preclean 0.234ms
[2021-05-11T06:59:25.177+0000][8][gc,marking  ] GC(224) Concurrent Mark (15774.472s, 15774.562s) 89.684ms
[2021-05-11T06:59:25.177+0000][8][gc,start    ] GC(224) Pause Remark
[2021-05-11T06:59:25.184+0000][8][gc          ] GC(224) Pause Remark 118M->118M(256M) 7.355ms
[2021-05-11T06:59:25.184+0000][8][gc,cpu      ] GC(224) User=0.04s Sys=0.00s Real=0.01s
[2021-05-11T06:59:25.184+0000][8][safepoint   ] Safepoint "G1Concurrent", Time since last: 91248069 ns, Reaching safepoint: 95959 ns, At safepoint: 7434667 ns, Total: 7530626 ns
[2021-05-11T06:59:25.184+0000][8][gc,marking  ] GC(224) Concurrent Rebuild Remembered Sets
[2021-05-11T06:59:25.242+0000][8][gc,marking  ] GC(224) Concurrent Rebuild Remembered Sets 58.008ms
[2021-05-11T06:59:25.242+0000][8][gc,start    ] GC(224) Pause Cleanup
[2021-05-11T06:59:25.242+0000][8][gc          ] GC(224) Pause Cleanup 119M->119M(256M) 0.068ms
[2021-05-11T06:59:25.242+0000][8][gc,cpu      ] GC(224) User=0.00s Sys=0.00s Real=0.00s
[2021-05-11T06:59:25.243+0000][8][safepoint   ] Safepoint "G1Concurrent", Time since last: 58107433 ns, Reaching safepoint: 78845 ns, At safepoint: 105447 ns, Total: 184292 ns
[2021-05-11T06:59:25.243+0000][8][gc,marking  ] GC(224) Concurrent Cleanup for Next Mark
[2021-05-11T06:59:25.243+0000][8][gc,marking  ] GC(224) Concurrent Cleanup for Next Mark 0.125ms
[2021-05-11T06:59:25.243+0000][8][gc          ] GC(224) Concurrent Cycle 157.237ms
[2021-05-11T07:01:19.254+0000][8][safepoint   ] Safepoint "Cleanup", Time since last: 114011517586 ns, Reaching safepoint: 84581 ns, At safepoint: 6753 ns, Total: 91334 ns
[2021-05-11T07:01:20.254+0000][8][safepoint   ] Safepoint "Cleanup", Time since last: 1000167224 ns, Reaching safepoint: 84723 ns, At safepoint: 7341 ns, Total: 92064 ns
[2021-05-11T07:01:33.734+0000][8][gc,start    ] GC(225) Pause Young (Normal) (G1 Evacuation Pause)
[2021-05-11T07:01:33.734+0000][8][gc,task     ] GC(225) Using 6 workers of 8 for evacuation
[2021-05-11T07:01:33.734+0000][8][gc,age      ] GC(225) Desired survivor size 6291456 bytes, new threshold 15 (max threshold 15)
[2021-05-11T07:01:33.735+0000][8][gc,age      ] GC(225) Age table with threshold 15 (max threshold 15)
[2021-05-11T07:01:33.735+0000][8][gc,age      ] GC(225) - age   1:     518648 bytes,     518648 total
[2021-05-11T07:01:33.735+0000][8][gc,age      ] GC(225) - age   2:        320 bytes,     518968 total
[2021-05-11T07:01:33.735+0000][8][gc,age      ] GC(225) - age   3:       2608 bytes,     521576 total
[2021-05-11T07:01:33.735+0000][8][gc,age      ] GC(225) - age   4:        832 bytes,     522408 total
[2021-05-11T07:01:33.735+0000][8][gc,age      ] GC(225) - age   5:     152560 bytes,     674968 total
[2021-05-11T07:01:33.735+0000][8][gc,age      ] GC(225) - age   6:         64 bytes,     675032 total
[2021-05-11T07:01:33.735+0000][8][gc,age      ] GC(225) - age   7:        608 bytes,     675640 total
[2021-05-11T07:01:33.735+0000][8][gc,age      ] GC(225) - age   8:        352 bytes,     675992 total
[2021-05-11T07:01:33.735+0000][8][gc,age      ] GC(225) - age   9:       2616 bytes,     678608 total
[2021-05-11T07:01:33.735+0000][8][gc,age      ] GC(225) - age  10:       2824 bytes,     681432 total
[2021-05-11T07:01:33.735+0000][8][gc,age      ] GC(225) - age  11:         40 bytes,     681472 total
[2021-05-11T07:01:33.735+0000][8][gc,age      ] GC(225) - age  12:        408 bytes,     681880 total
[2021-05-11T07:01:33.735+0000][8][gc,age      ] GC(225) - age  13:        160 bytes,     682040 total
[2021-05-11T07:01:33.735+0000][8][gc,age      ] GC(225) - age  14:       1920 bytes,     683960 total
[2021-05-11T07:01:33.735+0000][8][gc,age      ] GC(225) - age  15:        528 bytes,     684488 total
[2021-05-11T07:01:33.735+0000][8][gc,phases   ] GC(225)   Pre Evacuate Collection Set: 0.0ms
[2021-05-11T07:01:33.735+0000][8][gc,phases   ] GC(225)   Merge Heap Roots: 0.0ms
[2021-05-11T07:01:33.735+0000][8][gc,phases   ] GC(225)   Evacuate Collection Set: 0.7ms
[2021-05-11T07:01:33.735+0000][8][gc,phases   ] GC(225)   Post Evacuate Collection Set: 0.3ms
[2021-05-11T07:01:33.735+0000][8][gc,phases   ] GC(225)   Other: 0.2ms
[2021-05-11T07:01:33.735+0000][8][gc,heap     ] GC(225) Eden regions: 21->0(21)
[2021-05-11T07:01:33.735+0000][8][gc,heap     ] GC(225) Survivor regions: 1->1(3)
[2021-05-11T07:01:33.735+0000][8][gc,heap     ] GC(225) Old regions: 27->27
[2021-05-11T07:01:33.735+0000][8][gc,heap     ] GC(225) Archive regions: 2->2
[2021-05-11T07:01:33.735+0000][8][gc,heap     ] GC(225) Humongous regions: 2->2
[2021-05-11T07:01:33.735+0000][8][gc,metaspace] GC(225) Metaspace: 108775K(113520K)->108775K(113520K) NonClass: 94876K(98288K)->94876K(98288K) Class: 13898K(15232K)->13898K(15232K)
[2021-05-11T07:01:33.735+0000][8][gc          ] GC(225) Pause Young (Normal) (G1 Evacuation Pause) 201M->117M(256M) 1.338ms
[2021-05-11T07:01:33.735+0000][8][gc,cpu      ] GC(225) User=0.00s Sys=0.01s Real=0.00s
[2021-05-11T07:01:33.735+0000][8][safepoint   ] Safepoint "G1CollectForAllocation", Time since last: 13479093883 ns, Reaching safepoint: 73335 ns, At safepoint: 1393906 ns, Total: 1467241 ns
[2021-05-11T07:01:48.436+0000][8][safepoint   ] Safepoint "Cleanup", Time since last: 14700761899 ns, Reaching safepoint: 60466 ns, At safepoint: 4462 ns, Total: 64928 ns
[2021-05-11T07:01:49.436+0000][8][safepoint   ] Safepoint "Cleanup", Time since last: 1000191237 ns, Reaching safepoint: 74551 ns, At safepoint: 6401 ns, Total: 80952 ns
[2021-05-11T07:01:52.437+0000][8][safepoint   ] Safepoint "Cleanup", Time since last: 3000353352 ns, Reaching safepoint: 107355 ns, At safepoint: 9566 ns, Total: 116921 ns
[2021-05-11T07:01:55.437+0000][8][safepoint   ] Safepoint "Cleanup", Time since last: 3000412386 ns, Reaching safepoint: 91786 ns, At safepoint: 6425 ns, Total: 98211 ns
[2021-05-11T07:02:18.440+0000][8][safepoint   ] Safepoint "Cleanup", Time since last: 23002924137 ns, Reaching safepoint: 122806 ns, At safepoint: 7836 ns, Total: 130642 ns
[2021-05-11T07:02:50.443+0000][8][safepoint   ] Safepoint "Cleanup", Time since last: 32003077710 ns, Reaching safepoint: 65219 ns, At safepoint: 4499 ns, Total: 69718 ns
[2021-05-11T07:02:52.444+0000][8][safepoint   ] Safepoint "Cleanup", Time since last: 2000219442 ns, Reaching safepoint: 144401 ns, At safepoint: 7548 ns, Total: 151949 ns
[2021-05-11T07:03:05.090+0000][8][gc,start    ] GC(226) Pause Young (Concurrent Start) (G1 Evacuation Pause)
[2021-05-11T07:03:05.090+0000][8][gc,task     ] GC(226) Using 6 workers of 8 for evacuation
[2021-05-11T07:03:05.090+0000][8][gc,age      ] GC(226) Desired survivor size 6291456 bytes, new threshold 15 (max threshold 15)
[2021-05-11T07:03:05.092+0000][8][gc,age      ] GC(226) Age table with threshold 15 (max threshold 15)
[2021-05-11T07:03:05.092+0000][8][gc,age      ] GC(226) - age   1:     814624 bytes,     814624 total
[2021-05-11T07:03:05.092+0000][8][gc,age      ] GC(226) - age   2:      10888 bytes,     825512 total
[2021-05-11T07:03:05.092+0000][8][gc,age      ] GC(226) - age   4:       2496 bytes,     828008 total
[2021-05-11T07:03:05.092+0000][8][gc,age      ] GC(226) - age   5:        544 bytes,     828552 total
[2021-05-11T07:03:05.092+0000][8][gc,age      ] GC(226) - age   6:       3704 bytes,     832256 total
[2021-05-11T07:03:05.092+0000][8][gc,age      ] GC(226) - age   7:         40 bytes,     832296 total
[2021-05-11T07:03:05.092+0000][8][gc,age      ] GC(226) - age   8:        608 bytes,     832904 total
[2021-05-11T07:03:05.092+0000][8][gc,age      ] GC(226) - age   9:        152 bytes,     833056 total
[2021-05-11T07:03:05.092+0000][8][gc,age      ] GC(226) - age  10:        328 bytes,     833384 total
[2021-05-11T07:03:05.092+0000][8][gc,age      ] GC(226) - age  11:        696 bytes,     834080 total
[2021-05-11T07:03:05.092+0000][8][gc,age      ] GC(226) - age  13:        208 bytes,     834288 total
[2021-05-11T07:03:05.092+0000][8][gc,age      ] GC(226) - age  14:        160 bytes,     834448 total
[2021-05-11T07:03:05.092+0000][8][gc,age      ] GC(226) - age  15:       1688 bytes,     836136 total
[2021-05-11T07:03:05.092+0000][8][gc,phases   ] GC(226)   Pre Evacuate Collection Set: 0.1ms
[2021-05-11T07:03:05.092+0000][8][gc,phases   ] GC(226)   Merge Heap Roots: 0.0ms
[2021-05-11T07:03:05.092+0000][8][gc,phases   ] GC(226)   Evacuate Collection Set: 1.0ms
[2021-05-11T07:03:05.092+0000][8][gc,phases   ] GC(226)   Post Evacuate Collection Set: 0.3ms
[2021-05-11T07:03:05.092+0000][8][gc,phases   ] GC(226)   Other: 0.2ms
[2021-05-11T07:03:05.092+0000][8][gc,heap     ] GC(226) Eden regions: 21->0(21)
[2021-05-11T07:03:05.092+0000][8][gc,heap     ] GC(226) Survivor regions: 1->1(3)
[2021-05-11T07:03:05.092+0000][8][gc,heap     ] GC(226) Old regions: 27->27
[2021-05-11T07:03:05.092+0000][8][gc,heap     ] GC(226) Archive regions: 2->2
[2021-05-11T07:03:05.092+0000][8][gc,heap     ] GC(226) Humongous regions: 2->2
[2021-05-11T07:03:05.092+0000][8][gc,metaspace] GC(226) Metaspace: 108830K(113520K)->108830K(113520K) NonClass: 94932K(98288K)->94932K(98288K) Class: 13898K(15232K)->13898K(15232K)
[2021-05-11T07:03:05.092+0000][8][gc          ] GC(226) Pause Young (Concurrent Start) (G1 Evacuation Pause) 201M->118M(256M) 1.689ms
[2021-05-11T07:03:05.092+0000][8][gc,cpu      ] GC(226) User=0.00s Sys=0.00s Real=0.00s
[2021-05-11T07:03:05.092+0000][8][safepoint   ] Safepoint "G1CollectForAllocation", Time since last: 12646475777 ns, Reaching safepoint: 61233 ns, At safepoint: 1750097 ns, Total: 1811330 ns
[2021-05-11T07:03:05.092+0000][8][gc          ] GC(227) Concurrent Cycle
[2021-05-11T07:03:05.092+0000][8][gc,marking  ] GC(227) Concurrent Clear Claimed Marks
[2021-05-11T07:03:05.092+0000][8][gc,marking  ] GC(227) Concurrent Clear Claimed Marks 0.059ms
[2021-05-11T07:03:05.092+0000][8][gc,marking  ] GC(227) Concurrent Scan Root Regions
[2021-05-11T07:03:05.093+0000][8][gc,marking  ] GC(227) Concurrent Scan Root Regions 1.397ms
[2021-05-11T07:03:05.093+0000][8][gc,marking  ] GC(227) Concurrent Mark (15994.479s)
[2021-05-11T07:03:05.093+0000][8][gc,marking  ] GC(227) Concurrent Mark From Roots
[2021-05-11T07:03:05.093+0000][8][gc,task     ] GC(227) Using 2 workers of 2 for marking
[2021-05-11T07:03:05.180+0000][8][gc,marking  ] GC(227) Concurrent Mark From Roots 86.317ms
[2021-05-11T07:03:05.180+0000][8][gc,marking  ] GC(227) Concurrent Preclean
[2021-05-11T07:03:05.180+0000][8][gc,marking  ] GC(227) Concurrent Preclean 0.224ms
[2021-05-11T07:03:05.180+0000][8][gc,marking  ] GC(227) Concurrent Mark (15994.479s, 15994.565s) 86.602ms
[2021-05-11T07:03:05.180+0000][8][gc,start    ] GC(227) Pause Remark
[2021-05-11T07:03:05.186+0000][8][gc          ] GC(227) Pause Remark 118M->118M(256M) 5.956ms
[2021-05-11T07:03:05.186+0000][8][gc,cpu      ] GC(227) User=0.04s Sys=0.00s Real=0.01s
[2021-05-11T07:03:05.186+0000][8][safepoint   ] Safepoint "G1Concurrent", Time since last: 88204586 ns, Reaching safepoint: 130323 ns, At safepoint: 6035103 ns, Total: 6165426 ns
[2021-05-11T07:03:05.186+0000][8][gc,marking  ] GC(227) Concurrent Rebuild Remembered Sets
[2021-05-11T07:03:05.245+0000][8][gc,marking  ] GC(227) Concurrent Rebuild Remembered Sets 58.894ms
[2021-05-11T07:03:05.245+0000][8][gc,start    ] GC(227) Pause Cleanup
[2021-05-11T07:03:05.245+0000][8][gc          ] GC(227) Pause Cleanup 118M->118M(256M) 0.062ms
[2021-05-11T07:03:05.245+0000][8][gc,cpu      ] GC(227) User=0.00s Sys=0.00s Real=0.00s
[2021-05-11T07:03:05.245+0000][8][safepoint   ] Safepoint "G1Concurrent", Time since last: 59004576 ns, Reaching safepoint: 63049 ns, At safepoint: 101136 ns, Total: 164185 ns
[2021-05-11T07:03:05.245+0000][8][gc,marking  ] GC(227) Concurrent Cleanup for Next Mark
[2021-05-11T07:03:05.246+0000][8][gc,marking  ] GC(227) Concurrent Cleanup for Next Mark 0.118ms
[2021-05-11T07:03:05.246+0000][8][gc          ] GC(227) Concurrent Cycle 153.650ms
[2021-05-11T07:05:22.824+0000][8][gc,start    ] GC(228) Pause Young (Normal) (G1 Evacuation Pause)
[2021-05-11T07:05:22.824+0000][8][gc,task     ] GC(228) Using 6 workers of 8 for evacuation
[2021-05-11T07:05:22.824+0000][8][gc,age      ] GC(228) Desired survivor size 6291456 bytes, new threshold 15 (max threshold 15)
[2021-05-11T07:05:22.826+0000][8][gc,age      ] GC(228) Age table with threshold 15 (max threshold 15)
[2021-05-11T07:05:22.826+0000][8][gc,age      ] GC(228) - age   1:     505912 bytes,     505912 total
[2021-05-11T07:05:22.826+0000][8][gc,age      ] GC(228) - age   2:     305368 bytes,     811280 total
[2021-05-11T07:05:22.826+0000][8][gc,age      ] GC(228) - age   3:       9568 bytes,     820848 total
[2021-05-11T07:05:22.826+0000][8][gc,age      ] GC(228) - age   5:       2496 bytes,     823344 total
[2021-05-11T07:05:22.826+0000][8][gc,age      ] GC(228) - age   6:        544 bytes,     823888 total
[2021-05-11T07:05:22.826+0000][8][gc,age      ] GC(228) - age   7:       3704 bytes,     827592 total
[2021-05-11T07:05:22.826+0000][8][gc,age      ] GC(228) - age   8:         40 bytes,     827632 total
[2021-05-11T07:05:22.826+0000][8][gc,age      ] GC(228) - age   9:        608 bytes,     828240 total
[2021-05-11T07:05:22.826+0000][8][gc,age      ] GC(228) - age  10:        152 bytes,     828392 total
[2021-05-11T07:05:22.826+0000][8][gc,age      ] GC(228) - age  11:        328 bytes,     828720 total
[2021-05-11T07:05:22.826+0000][8][gc,age      ] GC(228) - age  12:        696 bytes,     829416 total
[2021-05-11T07:05:22.826+0000][8][gc,age      ] GC(228) - age  14:        208 bytes,     829624 total
[2021-05-11T07:05:22.826+0000][8][gc,age      ] GC(228) - age  15:         40 bytes,     829664 total
[2021-05-11T07:05:22.826+0000][8][gc,phases   ] GC(228)   Pre Evacuate Collection Set: 0.1ms
[2021-05-11T07:05:22.826+0000][8][gc,phases   ] GC(228)   Merge Heap Roots: 0.0ms
[2021-05-11T07:05:22.826+0000][8][gc,phases   ] GC(228)   Evacuate Collection Set: 0.8ms
[2021-05-11T07:05:22.826+0000][8][gc,phases   ] GC(228)   Post Evacuate Collection Set: 0.4ms
[2021-05-11T07:05:22.826+0000][8][gc,phases   ] GC(228)   Other: 0.3ms
[2021-05-11T07:05:22.826+0000][8][gc,heap     ] GC(228) Eden regions: 21->0(21)
[2021-05-11T07:05:22.826+0000][8][gc,heap     ] GC(228) Survivor regions: 1->1(3)
[2021-05-11T07:05:22.826+0000][8][gc,heap     ] GC(228) Old regions: 27->27
[2021-05-11T07:05:22.826+0000][8][gc,heap     ] GC(228) Archive regions: 2->2
[2021-05-11T07:05:22.826+0000][8][gc,heap     ] GC(228) Humongous regions: 2->2
[2021-05-11T07:05:22.826+0000][8][gc,metaspace] GC(228) Metaspace: 108837K(113520K)->108837K(113520K) NonClass: 94939K(98288K)->94939K(98288K) Class: 13898K(15232K)->13898K(15232K)
[2021-05-11T07:05:22.826+0000][8][gc          ] GC(228) Pause Young (Normal) (G1 Evacuation Pause) 202M->117M(256M) 1.672ms
[2021-05-11T07:05:22.826+0000][8][gc,cpu      ] GC(228) User=0.01s Sys=0.00s Real=0.00s
[2021-05-11T07:05:22.826+0000][8][safepoint   ] Safepoint "G1CollectForAllocation", Time since last: 137578770998 ns, Reaching safepoint: 83778 ns, At safepoint: 1749790 ns, Total: 1833568 ns
[2021-05-11T07:05:25.826+0000][8][safepoint   ] Safepoint "Cleanup", Time since last: 3000305610 ns, Reaching safepoint: 91688 ns, At safepoint: 7164 ns, Total: 98852 ns
[2021-05-11T07:06:18.832+0000][8][safepoint   ] Safepoint "Cleanup", Time since last: 53005759196 ns, Reaching safepoint: 67216 ns, At safepoint: 5816 ns, Total: 73032 ns
[2021-05-11T07:07:25.813+0000][8][gc,start    ] GC(229) Pause Young (Concurrent Start) (G1 Evacuation Pause)
[2021-05-11T07:07:25.813+0000][8][gc,task     ] GC(229) Using 6 workers of 8 for evacuation
[2021-05-11T07:07:25.813+0000][8][gc,age      ] GC(229) Desired survivor size 6291456 bytes, new threshold 15 (max threshold 15)
[2021-05-11T07:07:25.815+0000][8][gc,age      ] GC(229) Age table with threshold 15 (max threshold 15)
[2021-05-11T07:07:25.815+0000][8][gc,age      ] GC(229) - age   1:     362120 bytes,     362120 total
[2021-05-11T07:07:25.815+0000][8][gc,age      ] GC(229) - age   2:        592 bytes,     362712 total
[2021-05-11T07:07:25.815+0000][8][gc,age      ] GC(229) - age   3:     183824 bytes,     546536 total
[2021-05-11T07:07:25.815+0000][8][gc,age      ] GC(229) - age   4:       9328 bytes,     555864 total
[2021-05-11T07:07:25.815+0000][8][gc,age      ] GC(229) - age   7:        544 bytes,     556408 total
[2021-05-11T07:07:25.815+0000][8][gc,age      ] GC(229) - age   8:       3400 bytes,     559808 total
[2021-05-11T07:07:25.815+0000][8][gc,age      ] GC(229) - age   9:         40 bytes,     559848 total
[2021-05-11T07:07:25.815+0000][8][gc,age      ] GC(229) - age  10:        608 bytes,     560456 total
[2021-05-11T07:07:25.815+0000][8][gc,age      ] GC(229) - age  11:        152 bytes,     560608 total
[2021-05-11T07:07:25.815+0000][8][gc,age      ] GC(229) - age  12:        328 bytes,     560936 total
[2021-05-11T07:07:25.815+0000][8][gc,age      ] GC(229) - age  13:        696 bytes,     561632 total
[2021-05-11T07:07:25.815+0000][8][gc,age      ] GC(229) - age  15:        208 bytes,     561840 total
[2021-05-11T07:07:25.815+0000][8][gc,phases   ] GC(229)   Pre Evacuate Collection Set: 0.1ms
[2021-05-11T07:07:25.815+0000][8][gc,phases   ] GC(229)   Merge Heap Roots: 0.0ms
[2021-05-11T07:07:25.815+0000][8][gc,phases   ] GC(229)   Evacuate Collection Set: 1.4ms
[2021-05-11T07:07:25.815+0000][8][gc,phases   ] GC(229)   Post Evacuate Collection Set: 0.6ms
[2021-05-11T07:07:25.815+0000][8][gc,phases   ] GC(229)   Other: 0.3ms
[2021-05-11T07:07:25.815+0000][8][gc,heap     ] GC(229) Eden regions: 21->0(21)
[2021-05-11T07:07:25.815+0000][8][gc,heap     ] GC(229) Survivor regions: 1->1(3)
[2021-05-11T07:07:25.815+0000][8][gc,heap     ] GC(229) Old regions: 27->27
[2021-05-11T07:07:25.815+0000][8][gc,heap     ] GC(229) Archive regions: 2->2
[2021-05-11T07:07:25.816+0000][8][gc,heap     ] GC(229) Humongous regions: 2->2
[2021-05-11T07:07:25.816+0000][8][gc,metaspace] GC(229) Metaspace: 108839K(113520K)->108839K(113520K) NonClass: 94941K(98288K)->94941K(98288K) Class: 13898K(15232K)->13898K(15232K)
[2021-05-11T07:07:25.816+0000][8][gc          ] GC(229) Pause Young (Concurrent Start) (G1 Evacuation Pause) 201M->117M(256M) 2.575ms
[2021-05-11T07:07:25.816+0000][8][gc,cpu      ] GC(229) User=0.01s Sys=0.00s Real=0.00s
[2021-05-11T07:07:25.816+0000][8][safepoint   ] Safepoint "G1CollectForAllocation", Time since last: 66980529455 ns, Reaching safepoint: 155464 ns, At safepoint: 2683062 ns, Total: 2838526 ns
[2021-05-11T07:07:25.816+0000][8][gc          ] GC(230) Concurrent Cycle
[2021-05-11T07:07:25.816+0000][8][gc,marking  ] GC(230) Concurrent Clear Claimed Marks
[2021-05-11T07:07:25.816+0000][8][gc,marking  ] GC(230) Concurrent Clear Claimed Marks 0.136ms
[2021-05-11T07:07:25.816+0000][8][gc,marking  ] GC(230) Concurrent Scan Root Regions
[2021-05-11T07:07:25.819+0000][8][gc,marking  ] GC(230) Concurrent Scan Root Regions 2.665ms
[2021-05-11T07:07:25.819+0000][8][gc,marking  ] GC(230) Concurrent Mark (16255.204s)
[2021-05-11T07:07:25.819+0000][8][gc,marking  ] GC(230) Concurrent Mark From Roots
[2021-05-11T07:07:25.819+0000][8][gc,task     ] GC(230) Using 2 workers of 2 for marking
[2021-05-11T07:07:25.910+0000][8][gc,marking  ] GC(230) Concurrent Mark From Roots 91.553ms
[2021-05-11T07:07:25.910+0000][8][gc,marking  ] GC(230) Concurrent Preclean
[2021-05-11T07:07:25.911+0000][8][gc,marking  ] GC(230) Concurrent Preclean 0.270ms
[2021-05-11T07:07:25.911+0000][8][gc,marking  ] GC(230) Concurrent Mark (16255.204s, 16255.296s) 91.982ms
[2021-05-11T07:07:25.911+0000][8][gc,start    ] GC(230) Pause Remark
[2021-05-11T07:07:25.919+0000][8][gc          ] GC(230) Pause Remark 122M->122M(256M) 7.819ms
[2021-05-11T07:07:25.919+0000][8][gc,cpu      ] GC(230) User=0.04s Sys=0.00s Real=0.00s
[2021-05-11T07:07:25.919+0000][8][safepoint   ] Safepoint "G1Concurrent", Time since last: 94938794 ns, Reaching safepoint: 105716 ns, At safepoint: 7890035 ns, Total: 7995751 ns
[2021-05-11T07:07:25.919+0000][8][gc,marking  ] GC(230) Concurrent Rebuild Remembered Sets
[2021-05-11T07:07:25.977+0000][8][gc,marking  ] GC(230) Concurrent Rebuild Remembered Sets 58.299ms
[2021-05-11T07:07:25.977+0000][8][gc,start    ] GC(230) Pause Cleanup
[2021-05-11T07:07:25.977+0000][8][gc          ] GC(230) Pause Cleanup 122M->122M(256M) 0.059ms
[2021-05-11T07:07:25.977+0000][8][gc,cpu      ] GC(230) User=0.00s Sys=0.00s Real=0.00s
[2021-05-11T07:07:25.977+0000][8][safepoint   ] Safepoint "G1Concurrent", Time since last: 58391820 ns, Reaching safepoint: 114713 ns, At safepoint: 96587 ns, Total: 211300 ns
[2021-05-11T07:07:25.977+0000][8][gc,marking  ] GC(230) Concurrent Cleanup for Next Mark
[2021-05-11T07:07:25.977+0000][8][gc,marking  ] GC(230) Concurrent Cleanup for Next Mark 0.135ms
[2021-05-11T07:07:25.977+0000][8][gc          ] GC(230) Concurrent Cycle 161.738ms
[2021-05-11T07:09:38.920+0000][8][gc,start    ] GC(231) Pause Young (Normal) (G1 Evacuation Pause)
[2021-05-11T07:09:38.920+0000][8][gc,task     ] GC(231) Using 6 workers of 8 for evacuation
[2021-05-11T07:09:38.920+0000][8][gc,age      ] GC(231) Desired survivor size 6291456 bytes, new threshold 15 (max threshold 15)
[2021-05-11T07:09:38.921+0000][8][gc,age      ] GC(231) Age table with threshold 15 (max threshold 15)
[2021-05-11T07:09:38.921+0000][8][gc,age      ] GC(231) - age   1:     506600 bytes,     506600 total
[2021-05-11T07:09:38.921+0000][8][gc,age      ] GC(231) - age   2:       3272 bytes,     509872 total
[2021-05-11T07:09:38.921+0000][8][gc,age      ] GC(231) - age   3:        592 bytes,     510464 total
[2021-05-11T07:09:38.921+0000][8][gc,age      ] GC(231) - age   4:     183440 bytes,     693904 total
[2021-05-11T07:09:38.921+0000][8][gc,age      ] GC(231) - age   5:       9008 bytes,     702912 total
[2021-05-11T07:09:38.921+0000][8][gc,age      ] GC(231) - age   8:        544 bytes,     703456 total
[2021-05-11T07:09:38.921+0000][8][gc,age      ] GC(231) - age   9:       3400 bytes,     706856 total
[2021-05-11T07:09:38.921+0000][8][gc,age      ] GC(231) - age  10:         40 bytes,     706896 total
[2021-05-11T07:09:38.921+0000][8][gc,age      ] GC(231) - age  11:        608 bytes,     707504 total
[2021-05-11T07:09:38.921+0000][8][gc,age      ] GC(231) - age  12:        152 bytes,     707656 total
[2021-05-11T07:09:38.921+0000][8][gc,age      ] GC(231) - age  13:        328 bytes,     707984 total
[2021-05-11T07:09:38.921+0000][8][gc,age      ] GC(231) - age  14:        696 bytes,     708680 total
[2021-05-11T07:09:38.921+0000][8][gc,phases   ] GC(231)   Pre Evacuate Collection Set: 0.0ms
[2021-05-11T07:09:38.921+0000][8][gc,phases   ] GC(231)   Merge Heap Roots: 0.0ms
[2021-05-11T07:09:38.921+0000][8][gc,phases   ] GC(231)   Evacuate Collection Set: 0.8ms
[2021-05-11T07:09:38.921+0000][8][gc,phases   ] GC(231)   Post Evacuate Collection Set: 0.4ms
[2021-05-11T07:09:38.921+0000][8][gc,phases   ] GC(231)   Other: 0.2ms
[2021-05-11T07:09:38.921+0000][8][gc,heap     ] GC(231) Eden regions: 21->0(21)
[2021-05-11T07:09:38.921+0000][8][gc,heap     ] GC(231) Survivor regions: 1->1(3)
[2021-05-11T07:09:38.921+0000][8][gc,heap     ] GC(231) Old regions: 27->27
[2021-05-11T07:09:38.921+0000][8][gc,heap     ] GC(231) Archive regions: 2->2
[2021-05-11T07:09:38.921+0000][8][gc,heap     ] GC(231) Humongous regions: 2->2
[2021-05-11T07:09:38.921+0000][8][gc,metaspace] GC(231) Metaspace: 108839K(113520K)->108839K(113520K) NonClass: 94941K(98288K)->94941K(98288K) Class: 13898K(15232K)->13898K(15232K)
[2021-05-11T07:09:38.921+0000][8][gc          ] GC(231) Pause Young (Normal) (G1 Evacuation Pause) 201M->117M(256M) 1.483ms
[2021-05-11T07:09:38.921+0000][8][gc,cpu      ] GC(231) User=0.01s Sys=0.00s Real=0.00s
[2021-05-11T07:09:38.921+0000][8][safepoint   ] Safepoint "G1CollectForAllocation", Time since last: 132942621492 ns, Reaching safepoint: 66324 ns, At safepoint: 1542136 ns, Total: 1608460 ns
[2021-05-11T07:11:44.935+0000][8][safepoint   ] Safepoint "Cleanup", Time since last: 126013403453 ns, Reaching safepoint: 145076 ns, At safepoint: 10307 ns, Total: 155383 ns
[2021-05-11T07:11:46.936+0000][8][safepoint   ] Safepoint "Cleanup", Time since last: 2000530378 ns, Reaching safepoint: 193097 ns, At safepoint: 6438 ns, Total: 199535 ns
[2021-05-11T07:11:51.904+0000][8][gc,start    ] GC(232) Pause Young (Concurrent Start) (G1 Evacuation Pause)
[2021-05-11T07:11:51.904+0000][8][gc,task     ] GC(232) Using 6 workers of 8 for evacuation
[2021-05-11T07:11:51.904+0000][8][gc,age      ] GC(232) Desired survivor size 6291456 bytes, new threshold 15 (max threshold 15)
[2021-05-11T07:11:51.906+0000][8][gc,age      ] GC(232) Age table with threshold 15 (max threshold 15)
[2021-05-11T07:11:51.906+0000][8][gc,age      ] GC(232) - age   1:     558840 bytes,     558840 total
[2021-05-11T07:11:51.906+0000][8][gc,age      ] GC(232) - age   2:        592 bytes,     559432 total
[2021-05-11T07:11:51.906+0000][8][gc,age      ] GC(232) - age   3:       3176 bytes,     562608 total
[2021-05-11T07:11:51.906+0000][8][gc,age      ] GC(232) - age   4:        592 bytes,     563200 total
[2021-05-11T07:11:51.906+0000][8][gc,age      ] GC(232) - age   5:     183440 bytes,     746640 total
[2021-05-11T07:11:51.906+0000][8][gc,age      ] GC(232) - age   6:       9008 bytes,     755648 total
[2021-05-11T07:11:51.906+0000][8][gc,age      ] GC(232) - age   9:        448 bytes,     756096 total
[2021-05-11T07:11:51.906+0000][8][gc,age      ] GC(232) - age  10:       3400 bytes,     759496 total
[2021-05-11T07:11:51.906+0000][8][gc,age      ] GC(232) - age  11:         40 bytes,     759536 total
[2021-05-11T07:11:51.906+0000][8][gc,age      ] GC(232) - age  12:        608 bytes,     760144 total
[2021-05-11T07:11:51.906+0000][8][gc,age      ] GC(232) - age  13:        152 bytes,     760296 total
[2021-05-11T07:11:51.906+0000][8][gc,age      ] GC(232) - age  14:        328 bytes,     760624 total
[2021-05-11T07:11:51.906+0000][8][gc,age      ] GC(232) - age  15:        456 bytes,     761080 total
[2021-05-11T07:11:51.906+0000][8][gc,phases   ] GC(232)   Pre Evacuate Collection Set: 0.1ms
[2021-05-11T07:11:51.906+0000][8][gc,phases   ] GC(232)   Merge Heap Roots: 0.0ms
[2021-05-11T07:11:51.906+0000][8][gc,phases   ] GC(232)   Evacuate Collection Set: 1.0ms
[2021-05-11T07:11:51.906+0000][8][gc,phases   ] GC(232)   Post Evacuate Collection Set: 0.4ms
[2021-05-11T07:11:51.906+0000][8][gc,phases   ] GC(232)   Other: 0.3ms
[2021-05-11T07:11:51.906+0000][8][gc,heap     ] GC(232) Eden regions: 21->0(21)
[2021-05-11T07:11:51.906+0000][8][gc,heap     ] GC(232) Survivor regions: 1->1(3)
[2021-05-11T07:11:51.906+0000][8][gc,heap     ] GC(232) Old regions: 27->27
[2021-05-11T07:11:51.906+0000][8][gc,heap     ] GC(232) Archive regions: 2->2
[2021-05-11T07:11:51.906+0000][8][gc,heap     ] GC(232) Humongous regions: 2->2
[2021-05-11T07:11:51.906+0000][8][gc,metaspace] GC(232) Metaspace: 108847K(113520K)->108847K(113520K) NonClass: 94948K(98288K)->94948K(98288K) Class: 13898K(15232K)->13898K(15232K)
[2021-05-11T07:11:51.906+0000][8][gc          ] GC(232) Pause Young (Concurrent Start) (G1 Evacuation Pause) 201M->117M(256M) 1.892ms
[2021-05-11T07:11:51.906+0000][8][gc,cpu      ] GC(232) User=0.00s Sys=0.00s Real=0.00s
[2021-05-11T07:11:51.906+0000][8][gc          ] GC(233) Concurrent Cycle
[2021-05-11T07:11:51.906+0000][8][safepoint   ] Safepoint "G1CollectForAllocation", Time since last: 4968194023 ns, Reaching safepoint: 82541 ns, At safepoint: 1955438 ns, Total: 2037979 ns
[2021-05-11T07:11:51.906+0000][8][gc,marking  ] GC(233) Concurrent Clear Claimed Marks
[2021-05-11T07:11:51.906+0000][8][gc,marking  ] GC(233) Concurrent Clear Claimed Marks 0.068ms
[2021-05-11T07:11:51.906+0000][8][gc,marking  ] GC(233) Concurrent Scan Root Regions
[2021-05-11T07:11:51.908+0000][8][gc,marking  ] GC(233) Concurrent Scan Root Regions 1.840ms
[2021-05-11T07:11:51.908+0000][8][gc,marking  ] GC(233) Concurrent Mark (16521.293s)
[2021-05-11T07:11:51.908+0000][8][gc,marking  ] GC(233) Concurrent Mark From Roots
[2021-05-11T07:11:51.908+0000][8][gc,task     ] GC(233) Using 2 workers of 2 for marking
[2021-05-11T07:11:51.994+0000][8][gc,marking  ] GC(233) Concurrent Mark From Roots 85.864ms
[2021-05-11T07:11:51.994+0000][8][gc,marking  ] GC(233) Concurrent Preclean
[2021-05-11T07:11:51.994+0000][8][gc,marking  ] GC(233) Concurrent Preclean 0.275ms
[2021-05-11T07:11:51.994+0000][8][gc,marking  ] GC(233) Concurrent Mark (16521.293s, 16521.379s) 86.198ms
[2021-05-11T07:11:51.994+0000][8][gc,start    ] GC(233) Pause Remark
[2021-05-11T07:11:52.001+0000][8][gc          ] GC(233) Pause Remark 119M->119M(256M) 6.796ms
[2021-05-11T07:11:52.001+0000][8][gc,cpu      ] GC(233) User=0.04s Sys=0.00s Real=0.00s
[2021-05-11T07:11:52.001+0000][8][safepoint   ] Safepoint "G1Concurrent", Time since last: 88218129 ns, Reaching safepoint: 146539 ns, At safepoint: 6879944 ns, Total: 7026483 ns
[2021-05-11T07:11:52.001+0000][8][gc,marking  ] GC(233) Concurrent Rebuild Remembered Sets
[2021-05-11T07:11:52.068+0000][8][gc,marking  ] GC(233) Concurrent Rebuild Remembered Sets 66.958ms
[2021-05-11T07:11:52.068+0000][8][gc,start    ] GC(233) Pause Cleanup
[2021-05-11T07:11:52.068+0000][8][gc          ] GC(233) Pause Cleanup 120M->120M(256M) 0.067ms
[2021-05-11T07:11:52.068+0000][8][gc,cpu      ] GC(233) User=0.00s Sys=0.00s Real=0.00s
[2021-05-11T07:11:52.068+0000][8][safepoint   ] Safepoint "G1Concurrent", Time since last: 67029204 ns, Reaching safepoint: 175003 ns, At safepoint: 103734 ns, Total: 278737 ns
[2021-05-11T07:11:52.068+0000][8][gc,marking  ] GC(233) Concurrent Cleanup for Next Mark
[2021-05-11T07:11:52.069+0000][8][gc,marking  ] GC(233) Concurrent Cleanup for Next Mark 0.145ms
[2021-05-11T07:11:52.069+0000][8][gc          ] GC(233) Concurrent Cycle 162.760ms
[2021-05-11T07:12:51.074+0000][8][safepoint   ] Safepoint "Cleanup", Time since last: 59005633148 ns, Reaching safepoint: 82090 ns, At safepoint: 5463 ns, Total: 87553 ns
[2021-05-11T07:12:52.075+0000][8][safepoint   ] Safepoint "Cleanup", Time since last: 1000229521 ns, Reaching safepoint: 102460 ns, At safepoint: 5042 ns, Total: 107502 ns
[2021-05-11T07:13:25.347+0000][8][gc,start    ] GC(234) Pause Young (Normal) (G1 Evacuation Pause)
[2021-05-11T07:13:25.347+0000][8][gc,task     ] GC(234) Using 6 workers of 8 for evacuation
[2021-05-11T07:13:25.347+0000][8][gc,age      ] GC(234) Desired survivor size 6291456 bytes, new threshold 15 (max threshold 15)
[2021-05-11T07:13:25.348+0000][8][gc,age      ] GC(234) Age table with threshold 15 (max threshold 15)
[2021-05-11T07:13:25.348+0000][8][gc,age      ] GC(234) - age   1:     641648 bytes,     641648 total
[2021-05-11T07:13:25.348+0000][8][gc,age      ] GC(234) - age   2:       2832 bytes,     644480 total
[2021-05-11T07:13:25.348+0000][8][gc,age      ] GC(234) - age   3:        448 bytes,     644928 total
[2021-05-11T07:13:25.348+0000][8][gc,age      ] GC(234) - age   4:       2824 bytes,     647752 total
[2021-05-11T07:13:25.348+0000][8][gc,age      ] GC(234) - age   5:        304 bytes,     648056 total
[2021-05-11T07:13:25.348+0000][8][gc,age      ] GC(234) - age   6:       8856 bytes,     656912 total
[2021-05-11T07:13:25.348+0000][8][gc,age      ] GC(234) - age   7:       8672 bytes,     665584 total
[2021-05-11T07:13:25.348+0000][8][gc,age      ] GC(234) - age  10:        448 bytes,     666032 total
[2021-05-11T07:13:25.348+0000][8][gc,age      ] GC(234) - age  11:       1912 bytes,     667944 total
[2021-05-11T07:13:25.348+0000][8][gc,age      ] GC(234) - age  13:        584 bytes,     668528 total
[2021-05-11T07:13:25.348+0000][8][gc,age      ] GC(234) - age  14:        128 bytes,     668656 total
[2021-05-11T07:13:25.348+0000][8][gc,age      ] GC(234) - age  15:        328 bytes,     668984 total
[2021-05-11T07:13:25.348+0000][8][gc,phases   ] GC(234)   Pre Evacuate Collection Set: 0.1ms
[2021-05-11T07:13:25.348+0000][8][gc,phases   ] GC(234)   Merge Heap Roots: 0.0ms
[2021-05-11T07:13:25.348+0000][8][gc,phases   ] GC(234)   Evacuate Collection Set: 0.8ms
[2021-05-11T07:13:25.348+0000][8][gc,phases   ] GC(234)   Post Evacuate Collection Set: 0.4ms
[2021-05-11T07:13:25.348+0000][8][gc,phases   ] GC(234)   Other: 0.2ms
[2021-05-11T07:13:25.348+0000][8][gc,heap     ] GC(234) Eden regions: 21->0(21)
[2021-05-11T07:13:25.348+0000][8][gc,heap     ] GC(234) Survivor regions: 1->1(3)
[2021-05-11T07:13:25.348+0000][8][gc,heap     ] GC(234) Old regions: 27->27
[2021-05-11T07:13:25.348+0000][8][gc,heap     ] GC(234) Archive regions: 2->2
[2021-05-11T07:13:25.348+0000][8][gc,heap     ] GC(234) Humongous regions: 2->2
[2021-05-11T07:13:25.348+0000][8][gc,metaspace] GC(234) Metaspace: 108854K(113520K)->108854K(113520K) NonClass: 94956K(98288K)->94956K(98288K) Class: 13898K(15232K)->13898K(15232K)
[2021-05-11T07:13:25.348+0000][8][gc          ] GC(234) Pause Young (Normal) (G1 Evacuation Pause) 201M->117M(256M) 1.512ms
[2021-05-11T07:13:25.348+0000][8][gc,cpu      ] GC(234) User=0.01s Sys=0.00s Real=0.00s
[2021-05-11T07:13:25.348+0000][8][safepoint   ] Safepoint "G1CollectForAllocation", Time since last: 33271838073 ns, Reaching safepoint: 123515 ns, At safepoint: 1571449 ns, Total: 1694964 ns
[2021-05-11T07:13:52.352+0000][8][safepoint   ] Safepoint "Cleanup", Time since last: 27003474653 ns, Reaching safepoint: 75907 ns, At safepoint: 6882 ns, Total: 82789 ns
[2021-05-11T07:15:38.054+0000][8][gc,start    ] GC(235) Pause Young (Concurrent Start) (G1 Evacuation Pause)
[2021-05-11T07:15:38.054+0000][8][gc,task     ] GC(235) Using 6 workers of 8 for evacuation
[2021-05-11T07:15:38.054+0000][8][gc,age      ] GC(235) Desired survivor size 6291456 bytes, new threshold 15 (max threshold 15)
[2021-05-11T07:15:38.056+0000][8][gc,age      ] GC(235) Age table with threshold 15 (max threshold 15)
[2021-05-11T07:15:38.056+0000][8][gc,age      ] GC(235) - age   1:     506056 bytes,     506056 total
[2021-05-11T07:15:38.056+0000][8][gc,age      ] GC(235) - age   2:     273024 bytes,     779080 total
[2021-05-11T07:15:38.056+0000][8][gc,age      ] GC(235) - age   3:       2336 bytes,     781416 total
[2021-05-11T07:15:38.056+0000][8][gc,age      ] GC(235) - age   4:        424 bytes,     781840 total
[2021-05-11T07:15:38.056+0000][8][gc,age      ] GC(235) - age   5:       2824 bytes,     784664 total
[2021-05-11T07:15:38.056+0000][8][gc,age      ] GC(235) - age   6:        104 bytes,     784768 total
[2021-05-11T07:15:38.056+0000][8][gc,age      ] GC(235) - age   7:       8816 bytes,     793584 total
[2021-05-11T07:15:38.056+0000][8][gc,age      ] GC(235) - age   8:       8672 bytes,     802256 total
[2021-05-11T07:15:38.056+0000][8][gc,age      ] GC(235) - age  11:        448 bytes,     802704 total
[2021-05-11T07:15:38.056+0000][8][gc,age      ] GC(235) - age  12:       1912 bytes,     804616 total
[2021-05-11T07:15:38.056+0000][8][gc,age      ] GC(235) - age  14:        584 bytes,     805200 total
[2021-05-11T07:15:38.056+0000][8][gc,age      ] GC(235) - age  15:        128 bytes,     805328 total
[2021-05-11T07:15:38.056+0000][8][gc,phases   ] GC(235)   Pre Evacuate Collection Set: 0.1ms
[2021-05-11T07:15:38.056+0000][8][gc,phases   ] GC(235)   Merge Heap Roots: 0.0ms
[2021-05-11T07:15:38.056+0000][8][gc,phases   ] GC(235)   Evacuate Collection Set: 1.3ms
[2021-05-11T07:15:38.056+0000][8][gc,phases   ] GC(235)   Post Evacuate Collection Set: 0.3ms
[2021-05-11T07:15:38.056+0000][8][gc,phases   ] GC(235)   Other: 0.2ms
[2021-05-11T07:15:38.056+0000][8][gc,heap     ] GC(235) Eden regions: 21->0(21)
[2021-05-11T07:15:38.056+0000][8][gc,heap     ] GC(235) Survivor regions: 1->1(3)
[2021-05-11T07:15:38.056+0000][8][gc,heap     ] GC(235) Old regions: 27->27
[2021-05-11T07:15:38.056+0000][8][gc,heap     ] GC(235) Archive regions: 2->2
[2021-05-11T07:15:38.056+0000][8][gc,heap     ] GC(235) Humongous regions: 2->2
[2021-05-11T07:15:38.056+0000][8][gc,metaspace] GC(235) Metaspace: 108854K(113520K)->108854K(113520K) NonClass: 94956K(98288K)->94956K(98288K) Class: 13898K(15232K)->13898K(15232K)
[2021-05-11T07:15:38.056+0000][8][gc          ] GC(235) Pause Young (Concurrent Start) (G1 Evacuation Pause) 201M->117M(256M) 2.056ms
[2021-05-11T07:15:38.056+0000][8][gc,cpu      ] GC(235) User=0.00s Sys=0.01s Real=0.00s
[2021-05-11T07:15:38.056+0000][8][gc          ] GC(236) Concurrent Cycle
[2021-05-11T07:15:38.056+0000][8][safepoint   ] Safepoint "G1CollectForAllocation", Time since last: 105702462539 ns, Reaching safepoint: 76074 ns, At safepoint: 2121045 ns, Total: 2197119 ns
[2021-05-11T07:15:38.056+0000][8][gc,marking  ] GC(236) Concurrent Clear Claimed Marks
[2021-05-11T07:15:38.056+0000][8][gc,marking  ] GC(236) Concurrent Clear Claimed Marks 0.073ms
[2021-05-11T07:15:38.056+0000][8][gc,marking  ] GC(236) Concurrent Scan Root Regions
[2021-05-11T07:15:38.058+0000][8][gc,marking  ] GC(236) Concurrent Scan Root Regions 1.581ms
[2021-05-11T07:15:38.058+0000][8][gc,marking  ] GC(236) Concurrent Mark (16747.443s)
[2021-05-11T07:15:38.058+0000][8][gc,marking  ] GC(236) Concurrent Mark From Roots
[2021-05-11T07:15:38.058+0000][8][gc,task     ] GC(236) Using 2 workers of 2 for marking
[2021-05-11T07:15:38.153+0000][8][gc,marking  ] GC(236) Concurrent Mark From Roots 95.424ms
[2021-05-11T07:15:38.153+0000][8][gc,marking  ] GC(236) Concurrent Preclean
[2021-05-11T07:15:38.154+0000][8][gc,marking  ] GC(236) Concurrent Preclean 0.256ms
[2021-05-11T07:15:38.154+0000][8][gc,marking  ] GC(236) Concurrent Mark (16747.443s, 16747.539s) 95.730ms
[2021-05-11T07:15:38.154+0000][8][gc,start    ] GC(236) Pause Remark
[2021-05-11T07:15:38.160+0000][8][gc          ] GC(236) Pause Remark 118M->118M(256M) 6.438ms
[2021-05-11T07:15:38.160+0000][8][gc,cpu      ] GC(236) User=0.03s Sys=0.00s Real=0.00s
[2021-05-11T07:15:38.160+0000][8][safepoint   ] Safepoint "G1Concurrent", Time since last: 97462268 ns, Reaching safepoint: 66923 ns, At safepoint: 6547985 ns, Total: 6614908 ns
[2021-05-11T07:15:38.160+0000][8][gc,marking  ] GC(236) Concurrent Rebuild Remembered Sets
[2021-05-11T07:15:38.219+0000][8][gc,marking  ] GC(236) Concurrent Rebuild Remembered Sets 58.194ms
[2021-05-11T07:15:38.219+0000][8][gc,start    ] GC(236) Pause Cleanup
[2021-05-11T07:15:38.219+0000][8][gc          ] GC(236) Pause Cleanup 118M->118M(256M) 0.080ms
[2021-05-11T07:15:38.219+0000][8][gc,cpu      ] GC(236) User=0.00s Sys=0.00s Real=0.00s
[2021-05-11T07:15:38.219+0000][8][safepoint   ] Safepoint "G1Concurrent", Time since last: 58301233 ns, Reaching safepoint: 108474 ns, At safepoint: 124794 ns, Total: 233268 ns
[2021-05-11T07:15:38.219+0000][8][gc,marking  ] GC(236) Concurrent Cleanup for Next Mark
[2021-05-11T07:15:38.219+0000][8][gc,marking  ] GC(236) Concurrent Cleanup for Next Mark 0.176ms
[2021-05-11T07:15:38.219+0000][8][gc          ] GC(236) Concurrent Cycle 162.831ms
[2021-05-11T07:17:44.099+0000][8][gc,start    ] GC(237) Pause Young (Normal) (G1 Evacuation Pause)
[2021-05-11T07:17:44.099+0000][8][gc,task     ] GC(237) Using 6 workers of 8 for evacuation
[2021-05-11T07:17:44.099+0000][8][gc,age      ] GC(237) Desired survivor size 6291456 bytes, new threshold 15 (max threshold 15)
[2021-05-11T07:17:44.101+0000][8][gc,age      ] GC(237) Age table with threshold 15 (max threshold 15)
[2021-05-11T07:17:44.101+0000][8][gc,age      ] GC(237) - age   1:     516192 bytes,     516192 total
[2021-05-11T07:17:44.101+0000][8][gc,age      ] GC(237) - age   2:        528 bytes,     516720 total
[2021-05-11T07:17:44.101+0000][8][gc,age      ] GC(237) - age   3:     151584 bytes,     668304 total
[2021-05-11T07:17:44.101+0000][8][gc,age      ] GC(237) - age   4:       2096 bytes,     670400 total
[2021-05-11T07:17:44.101+0000][8][gc,age      ] GC(237) - age   5:        424 bytes,     670824 total
[2021-05-11T07:17:44.101+0000][8][gc,age      ] GC(237) - age   6:        328 bytes,     671152 total
[2021-05-11T07:17:44.101+0000][8][gc,age      ] GC(237) - age   7:        104 bytes,     671256 total
[2021-05-11T07:17:44.101+0000][8][gc,age      ] GC(237) - age   8:       8792 bytes,     680048 total
[2021-05-11T07:17:44.101+0000][8][gc,age      ] GC(237) - age   9:       8672 bytes,     688720 total
[2021-05-11T07:17:44.101+0000][8][gc,age      ] GC(237) - age  12:        448 bytes,     689168 total
[2021-05-11T07:17:44.101+0000][8][gc,age      ] GC(237) - age  13:       1912 bytes,     691080 total
[2021-05-11T07:17:44.101+0000][8][gc,age      ] GC(237) - age  15:        584 bytes,     691664 total
[2021-05-11T07:17:44.101+0000][8][gc,phases   ] GC(237)   Pre Evacuate Collection Set: 0.1ms
[2021-05-11T07:17:44.101+0000][8][gc,phases   ] GC(237)   Merge Heap Roots: 0.0ms
[2021-05-11T07:17:44.101+0000][8][gc,phases   ] GC(237)   Evacuate Collection Set: 0.8ms
[2021-05-11T07:17:44.101+0000][8][gc,phases   ] GC(237)   Post Evacuate Collection Set: 0.8ms
[2021-05-11T07:17:44.101+0000][8][gc,phases   ] GC(237)   Other: 0.3ms
[2021-05-11T07:17:44.101+0000][8][gc,heap     ] GC(237) Eden regions: 21->0(21)
[2021-05-11T07:17:44.101+0000][8][gc,heap     ] GC(237) Survivor regions: 1->1(3)
[2021-05-11T07:17:44.101+0000][8][gc,heap     ] GC(237) Old regions: 27->27
[2021-05-11T07:17:44.101+0000][8][gc,heap     ] GC(237) Archive regions: 2->2
[2021-05-11T07:17:44.101+0000][8][gc,heap     ] GC(237) Humongous regions: 2->2
[2021-05-11T07:17:44.101+0000][8][gc,metaspace] GC(237) Metaspace: 108854K(113520K)->108854K(113520K) NonClass: 94956K(98288K)->94956K(98288K) Class: 13898K(15232K)->13898K(15232K)
[2021-05-11T07:17:44.101+0000][8][gc          ] GC(237) Pause Young (Normal) (G1 Evacuation Pause) 201M->117M(256M) 2.157ms
[2021-05-11T07:17:44.101+0000][8][gc,cpu      ] GC(237) User=0.00s Sys=0.00s Real=0.00s
[2021-05-11T07:17:44.101+0000][8][safepoint   ] Safepoint "G1CollectForAllocation", Time since last: 125880265953 ns, Reaching safepoint: 88163 ns, At safepoint: 2244484 ns, Total: 2332647 ns
[2021-05-11T07:17:51.918+0000][8][safepoint   ] Safepoint "Cleanup", Time since last: 7816780839 ns, Reaching safepoint: 192473 ns, At safepoint: 5070 ns, Total: 197543 ns
[2021-05-11T07:17:52.919+0000][8][safepoint   ] Safepoint "Cleanup", Time since last: 1000180835 ns, Reaching safepoint: 64351 ns, At safepoint: 3939 ns, Total: 68290 ns
[2021-05-11T07:19:51.931+0000][8][safepoint   ] Safepoint "Cleanup", Time since last: 119012028336 ns, Reaching safepoint: 86985 ns, At safepoint: 6166 ns, Total: 93151 ns
[2021-05-11T07:19:55.234+0000][8][gc,start    ] GC(238) Pause Young (Concurrent Start) (G1 Evacuation Pause)
[2021-05-11T07:19:55.234+0000][8][gc,task     ] GC(238) Using 6 workers of 8 for evacuation
[2021-05-11T07:19:55.234+0000][8][gc,age      ] GC(238) Desired survivor size 6291456 bytes, new threshold 15 (max threshold 15)
[2021-05-11T07:19:55.235+0000][8][gc,age      ] GC(238) Age table with threshold 15 (max threshold 15)
[2021-05-11T07:19:55.235+0000][8][gc,age      ] GC(238) - age   1:     532392 bytes,     532392 total
[2021-05-11T07:19:55.235+0000][8][gc,age      ] GC(238) - age   2:       3016 bytes,     535408 total
[2021-05-11T07:19:55.235+0000][8][gc,age      ] GC(238) - age   3:        312 bytes,     535720 total
[2021-05-11T07:19:55.235+0000][8][gc,age      ] GC(238) - age   4:     151344 bytes,     687064 total
[2021-05-11T07:19:55.235+0000][8][gc,age      ] GC(238) - age   5:       2096 bytes,     689160 total
[2021-05-11T07:19:55.235+0000][8][gc,age      ] GC(238) - age   6:        424 bytes,     689584 total
[2021-05-11T07:19:55.235+0000][8][gc,age      ] GC(238) - age   7:        328 bytes,     689912 total
[2021-05-11T07:19:55.235+0000][8][gc,age      ] GC(238) - age   8:        104 bytes,     690016 total
[2021-05-11T07:19:55.235+0000][8][gc,age      ] GC(238) - age   9:       8792 bytes,     698808 total
[2021-05-11T07:19:55.235+0000][8][gc,age      ] GC(238) - age  10:       8672 bytes,     707480 total
[2021-05-11T07:19:55.235+0000][8][gc,age      ] GC(238) - age  13:        448 bytes,     707928 total
[2021-05-11T07:19:55.235+0000][8][gc,age      ] GC(238) - age  14:       1912 bytes,     709840 total
[2021-05-11T07:19:55.235+0000][8][gc,phases   ] GC(238)   Pre Evacuate Collection Set: 0.1ms
[2021-05-11T07:19:55.235+0000][8][gc,phases   ] GC(238)   Merge Heap Roots: 0.0ms
[2021-05-11T07:19:55.235+0000][8][gc,phases   ] GC(238)   Evacuate Collection Set: 0.7ms
[2021-05-11T07:19:55.235+0000][8][gc,phases   ] GC(238)   Post Evacuate Collection Set: 0.4ms
[2021-05-11T07:19:55.235+0000][8][gc,phases   ] GC(238)   Other: 0.2ms
[2021-05-11T07:19:55.235+0000][8][gc,heap     ] GC(238) Eden regions: 21->0(21)
[2021-05-11T07:19:55.235+0000][8][gc,heap     ] GC(238) Survivor regions: 1->1(3)
[2021-05-11T07:19:55.235+0000][8][gc,heap     ] GC(238) Old regions: 27->27
[2021-05-11T07:19:55.235+0000][8][gc,heap     ] GC(238) Archive regions: 2->2
[2021-05-11T07:19:55.235+0000][8][gc,heap     ] GC(238) Humongous regions: 2->2
[2021-05-11T07:19:55.236+0000][8][gc,metaspace] GC(238) Metaspace: 108856K(113520K)->108856K(113520K) NonClass: 94957K(98288K)->94957K(98288K) Class: 13898K(15232K)->13898K(15232K)
[2021-05-11T07:19:55.236+0000][8][gc          ] GC(238) Pause Young (Concurrent Start) (G1 Evacuation Pause) 201M->117M(256M) 1.517ms
[2021-05-11T07:19:55.236+0000][8][gc,cpu      ] GC(238) User=0.01s Sys=0.00s Real=0.00s
[2021-05-11T07:19:55.236+0000][8][gc          ] GC(239) Concurrent Cycle
[2021-05-11T07:19:55.236+0000][8][safepoint   ] Safepoint "G1CollectForAllocation", Time since last: 3303069834 ns, Reaching safepoint: 74947 ns, At safepoint: 1592858 ns, Total: 1667805 ns
[2021-05-11T07:19:55.236+0000][8][gc,marking  ] GC(239) Concurrent Clear Claimed Marks
[2021-05-11T07:19:55.236+0000][8][gc,marking  ] GC(239) Concurrent Clear Claimed Marks 0.093ms
[2021-05-11T07:19:55.236+0000][8][gc,marking  ] GC(239) Concurrent Scan Root Regions
[2021-05-11T07:19:55.237+0000][8][gc,marking  ] GC(239) Concurrent Scan Root Regions 1.718ms
[2021-05-11T07:19:55.237+0000][8][gc,marking  ] GC(239) Concurrent Mark (17004.623s)
[2021-05-11T07:19:55.237+0000][8][gc,marking  ] GC(239) Concurrent Mark From Roots
[2021-05-11T07:19:55.237+0000][8][gc,task     ] GC(239) Using 2 workers of 2 for marking
[2021-05-11T07:19:55.325+0000][8][gc,marking  ] GC(239) Concurrent Mark From Roots 87.338ms
[2021-05-11T07:19:55.325+0000][8][gc,marking  ] GC(239) Concurrent Preclean
[2021-05-11T07:19:55.325+0000][8][gc,marking  ] GC(239) Concurrent Preclean 0.235ms
[2021-05-11T07:19:55.325+0000][8][gc,marking  ] GC(239) Concurrent Mark (17004.623s, 17004.710s) 87.623ms
[2021-05-11T07:19:55.325+0000][8][gc,start    ] GC(239) Pause Remark
[2021-05-11T07:19:55.331+0000][8][gc          ] GC(239) Pause Remark 118M->118M(256M) 5.790ms
[2021-05-11T07:19:55.331+0000][8][gc,cpu      ] GC(239) User=0.03s Sys=0.00s Real=0.01s
[2021-05-11T07:19:55.331+0000][8][safepoint   ] Safepoint "G1Concurrent", Time since last: 89552821 ns, Reaching safepoint: 76983 ns, At safepoint: 5859912 ns, Total: 5936895 ns
[2021-05-11T07:19:55.331+0000][8][gc,marking  ] GC(239) Concurrent Rebuild Remembered Sets
[2021-05-11T07:19:55.392+0000][8][gc,marking  ] GC(239) Concurrent Rebuild Remembered Sets 61.282ms
[2021-05-11T07:19:55.393+0000][8][gc,start    ] GC(239) Pause Cleanup
[2021-05-11T07:19:55.393+0000][8][gc          ] GC(239) Pause Cleanup 118M->118M(256M) 0.101ms
[2021-05-11T07:19:55.393+0000][8][gc,cpu      ] GC(239) User=0.00s Sys=0.00s Real=0.00s
[2021-05-11T07:19:55.393+0000][8][safepoint   ] Safepoint "G1Concurrent", Time since last: 61365656 ns, Reaching safepoint: 69136 ns, At safepoint: 152902 ns, Total: 222038 ns
[2021-05-11T07:19:55.393+0000][8][gc,marking  ] GC(239) Concurrent Cleanup for Next Mark
[2021-05-11T07:19:55.393+0000][8][gc,marking  ] GC(239) Concurrent Cleanup for Next Mark 0.145ms
[2021-05-11T07:19:55.393+0000][8][gc          ] GC(239) Concurrent Cycle 157.261ms
[2021-05-11T07:21:56.009+0000][8][gc,start    ] GC(240) Pause Young (Normal) (G1 Evacuation Pause)
[2021-05-11T07:21:56.009+0000][8][gc,task     ] GC(240) Using 6 workers of 8 for evacuation
[2021-05-11T07:21:56.009+0000][8][gc,age      ] GC(240) Desired survivor size 6291456 bytes, new threshold 15 (max threshold 15)
[2021-05-11T07:21:56.011+0000][8][gc,age      ] GC(240) Age table with threshold 15 (max threshold 15)
[2021-05-11T07:21:56.011+0000][8][gc,age      ] GC(240) - age   1:     496552 bytes,     496552 total
[2021-05-11T07:21:56.011+0000][8][gc,age      ] GC(240) - age   2:        656 bytes,     497208 total
[2021-05-11T07:21:56.011+0000][8][gc,age      ] GC(240) - age   3:       2760 bytes,     499968 total
[2021-05-11T07:21:56.011+0000][8][gc,age      ] GC(240) - age   4:        288 bytes,     500256 total
[2021-05-11T07:21:56.011+0000][8][gc,age      ] GC(240) - age   5:     151104 bytes,     651360 total
[2021-05-11T07:21:56.011+0000][8][gc,age      ] GC(240) - age   6:       2096 bytes,     653456 total
[2021-05-11T07:21:56.011+0000][8][gc,age      ] GC(240) - age   7:        424 bytes,     653880 total
[2021-05-11T07:21:56.011+0000][8][gc,age      ] GC(240) - age   8:        120 bytes,     654000 total
[2021-05-11T07:21:56.011+0000][8][gc,age      ] GC(240) - age   9:         80 bytes,     654080 total
[2021-05-11T07:21:56.011+0000][8][gc,age      ] GC(240) - age  10:       8792 bytes,     662872 total
[2021-05-11T07:21:56.011+0000][8][gc,age      ] GC(240) - age  11:       8672 bytes,     671544 total
[2021-05-11T07:21:56.011+0000][8][gc,age      ] GC(240) - age  14:        448 bytes,     671992 total
[2021-05-11T07:21:56.011+0000][8][gc,age      ] GC(240) - age  15:       1912 bytes,     673904 total
[2021-05-11T07:21:56.011+0000][8][gc,phases   ] GC(240)   Pre Evacuate Collection Set: 0.1ms
[2021-05-11T07:21:56.011+0000][8][gc,phases   ] GC(240)   Merge Heap Roots: 0.0ms
[2021-05-11T07:21:56.011+0000][8][gc,phases   ] GC(240)   Evacuate Collection Set: 0.8ms
[2021-05-11T07:21:56.011+0000][8][gc,phases   ] GC(240)   Post Evacuate Collection Set: 0.5ms
[2021-05-11T07:21:56.011+0000][8][gc,phases   ] GC(240)   Other: 0.2ms
[2021-05-11T07:21:56.011+0000][8][gc,heap     ] GC(240) Eden regions: 21->0(21)
[2021-05-11T07:21:56.011+0000][8][gc,heap     ] GC(240) Survivor regions: 1->1(3)
[2021-05-11T07:21:56.011+0000][8][gc,heap     ] GC(240) Old regions: 27->27
[2021-05-11T07:21:56.011+0000][8][gc,heap     ] GC(240) Archive regions: 2->2
[2021-05-11T07:21:56.011+0000][8][gc,heap     ] GC(240) Humongous regions: 2->2
[2021-05-11T07:21:56.011+0000][8][gc,metaspace] GC(240) Metaspace: 108858K(113520K)->108858K(113520K) NonClass: 94960K(98288K)->94960K(98288K) Class: 13898K(15232K)->13898K(15232K)
[2021-05-11T07:21:56.011+0000][8][gc          ] GC(240) Pause Young (Normal) (G1 Evacuation Pause) 201M->117M(256M) 1.606ms
[2021-05-11T07:21:56.011+0000][8][gc,cpu      ] GC(240) User=0.00s Sys=0.00s Real=0.01s
[2021-05-11T07:21:56.011+0000][8][safepoint   ] Safepoint "G1CollectForAllocation", Time since last: 120616364789 ns, Reaching safepoint: 154175 ns, At safepoint: 1670177 ns, Total: 1824352 ns
[2021-05-11T07:22:51.017+0000][8][safepoint   ] Safepoint "Cleanup", Time since last: 55006411218 ns, Reaching safepoint: 73983 ns, At safepoint: 5493 ns, Total: 79476 ns
[2021-05-11T07:23:19.021+0000][8][safepoint   ] Safepoint "Cleanup", Time since last: 28003672440 ns, Reaching safepoint: 81023 ns, At safepoint: 4894 ns, Total: 85917 ns
[2021-05-11T07:23:39.235+0000][8][gc,start    ] GC(241) Pause Young (Concurrent Start) (G1 Evacuation Pause)
[2021-05-11T07:23:39.235+0000][8][gc,task     ] GC(241) Using 6 workers of 8 for evacuation
[2021-05-11T07:23:39.235+0000][8][gc,age      ] GC(241) Desired survivor size 6291456 bytes, new threshold 15 (max threshold 15)
[2021-05-11T07:23:39.236+0000][8][gc,age      ] GC(241) Age table with threshold 15 (max threshold 15)
[2021-05-11T07:23:39.236+0000][8][gc,age      ] GC(241) - age   1:     805896 bytes,     805896 total
[2021-05-11T07:23:39.236+0000][8][gc,age      ] GC(241) - age   2:        712 bytes,     806608 total
[2021-05-11T07:23:39.236+0000][8][gc,age      ] GC(241) - age   3:        136 bytes,     806744 total
[2021-05-11T07:23:39.236+0000][8][gc,age      ] GC(241) - age   4:       2520 bytes,     809264 total
[2021-05-11T07:23:39.236+0000][8][gc,age      ] GC(241) - age   6:       2008 bytes,     811272 total
[2021-05-11T07:23:39.236+0000][8][gc,age      ] GC(241) - age   7:       2096 bytes,     813368 total
[2021-05-11T07:23:39.236+0000][8][gc,age      ] GC(241) - age   8:        424 bytes,     813792 total
[2021-05-11T07:23:39.236+0000][8][gc,age      ] GC(241) - age   9:        120 bytes,     813912 total
[2021-05-11T07:23:39.236+0000][8][gc,age      ] GC(241) - age  10:         80 bytes,     813992 total
[2021-05-11T07:23:39.236+0000][8][gc,age      ] GC(241) - age  11:       4104 bytes,     818096 total
[2021-05-11T07:23:39.236+0000][8][gc,age      ] GC(241) - age  12:       8672 bytes,     826768 total
[2021-05-11T07:23:39.236+0000][8][gc,age      ] GC(241) - age  15:        448 bytes,     827216 total
[2021-05-11T07:23:39.236+0000][8][gc,phases   ] GC(241)   Pre Evacuate Collection Set: 0.1ms
[2021-05-11T07:23:39.236+0000][8][gc,phases   ] GC(241)   Merge Heap Roots: 0.0ms
[2021-05-11T07:23:39.236+0000][8][gc,phases   ] GC(241)   Evacuate Collection Set: 1.0ms
[2021-05-11T07:23:39.236+0000][8][gc,phases   ] GC(241)   Post Evacuate Collection Set: 0.4ms
[2021-05-11T07:23:39.236+0000][8][gc,phases   ] GC(241)   Other: 0.2ms
[2021-05-11T07:23:39.236+0000][8][gc,heap     ] GC(241) Eden regions: 21->0(21)
[2021-05-11T07:23:39.236+0000][8][gc,heap     ] GC(241) Survivor regions: 1->1(3)
[2021-05-11T07:23:39.236+0000][8][gc,heap     ] GC(241) Old regions: 27->27
[2021-05-11T07:23:39.236+0000][8][gc,heap     ] GC(241) Archive regions: 2->2
[2021-05-11T07:23:39.236+0000][8][gc,heap     ] GC(241) Humongous regions: 2->2
[2021-05-11T07:23:39.236+0000][8][gc,metaspace] GC(241) Metaspace: 108876K(113520K)->108876K(113520K) NonClass: 94977K(98288K)->94977K(98288K) Class: 13898K(15232K)->13898K(15232K)
[2021-05-11T07:23:39.236+0000][8][gc          ] GC(241) Pause Young (Concurrent Start) (G1 Evacuation Pause) 201M->118M(256M) 1.738ms
[2021-05-11T07:23:39.237+0000][8][gc,cpu      ] GC(241) User=0.01s Sys=0.00s Real=0.00s
[2021-05-11T07:23:39.237+0000][8][gc          ] GC(242) Concurrent Cycle
[2021-05-11T07:23:39.237+0000][8][safepoint   ] Safepoint "G1CollectForAllocation", Time since last: 20213507172 ns, Reaching safepoint: 132337 ns, At safepoint: 1802780 ns, Total: 1935117 ns
[2021-05-11T07:23:39.237+0000][8][gc,marking  ] GC(242) Concurrent Clear Claimed Marks
[2021-05-11T07:23:39.237+0000][8][gc,marking  ] GC(242) Concurrent Clear Claimed Marks 0.054ms
[2021-05-11T07:23:39.237+0000][8][gc,marking  ] GC(242) Concurrent Scan Root Regions
[2021-05-11T07:23:39.238+0000][8][gc,marking  ] GC(242) Concurrent Scan Root Regions 1.846ms
[2021-05-11T07:23:39.238+0000][8][gc,marking  ] GC(242) Concurrent Mark (17228.624s)
[2021-05-11T07:23:39.238+0000][8][gc,marking  ] GC(242) Concurrent Mark From Roots
[2021-05-11T07:23:39.238+0000][8][gc,task     ] GC(242) Using 2 workers of 2 for marking
[2021-05-11T07:23:39.330+0000][8][gc,marking  ] GC(242) Concurrent Mark From Roots 91.596ms
[2021-05-11T07:23:39.330+0000][8][gc,marking  ] GC(242) Concurrent Preclean
[2021-05-11T07:23:39.330+0000][8][gc,marking  ] GC(242) Concurrent Preclean 0.229ms
[2021-05-11T07:23:39.330+0000][8][gc,marking  ] GC(242) Concurrent Mark (17228.624s, 17228.716s) 91.884ms
[2021-05-11T07:23:39.330+0000][8][gc,start    ] GC(242) Pause Remark
[2021-05-11T07:23:39.336+0000][8][gc          ] GC(242) Pause Remark 118M->118M(256M) 5.465ms
[2021-05-11T07:23:39.336+0000][8][gc,cpu      ] GC(242) User=0.03s Sys=0.00s Real=0.00s
[2021-05-11T07:23:39.336+0000][8][safepoint   ] Safepoint "G1Concurrent", Time since last: 93888789 ns, Reaching safepoint: 71628 ns, At safepoint: 5534323 ns, Total: 5605951 ns
[2021-05-11T07:23:39.336+0000][8][gc,marking  ] GC(242) Concurrent Rebuild Remembered Sets
[2021-05-11T07:23:39.394+0000][8][gc,marking  ] GC(242) Concurrent Rebuild Remembered Sets 57.660ms
[2021-05-11T07:23:39.394+0000][8][gc,start    ] GC(242) Pause Cleanup
[2021-05-11T07:23:39.394+0000][8][gc          ] GC(242) Pause Cleanup 118M->118M(256M) 0.058ms
[2021-05-11T07:23:39.394+0000][8][gc,cpu      ] GC(242) User=0.00s Sys=0.00s Real=0.00s
[2021-05-11T07:23:39.394+0000][8][safepoint   ] Safepoint "G1Concurrent", Time since last: 57726602 ns, Reaching safepoint: 65534 ns, At safepoint: 92742 ns, Total: 158276 ns
[2021-05-11T07:23:39.394+0000][8][gc,marking  ] GC(242) Concurrent Cleanup for Next Mark
[2021-05-11T07:23:39.394+0000][8][gc,marking  ] GC(242) Concurrent Cleanup for Next Mark 0.128ms
[2021-05-11T07:23:39.394+0000][8][gc          ] GC(242) Concurrent Cycle 157.542ms
[2021-05-11T07:24:19.398+0000][8][safepoint   ] Safepoint "Cleanup", Time since last: 40004117152 ns, Reaching safepoint: 77635 ns, At safepoint: 5748 ns, Total: 83383 ns
[2021-05-11T07:25:52.409+0000][8][safepoint   ] Safepoint "Cleanup", Time since last: 93010431390 ns, Reaching safepoint: 137418 ns, At safepoint: 3852 ns, Total: 141270 ns
[2021-05-11T07:25:53.118+0000][8][gc,start    ] GC(243) Pause Young (Normal) (G1 Evacuation Pause)
[2021-05-11T07:25:53.118+0000][8][gc,task     ] GC(243) Using 6 workers of 8 for evacuation
[2021-05-11T07:25:53.118+0000][8][gc,age      ] GC(243) Desired survivor size 6291456 bytes, new threshold 15 (max threshold 15)
[2021-05-11T07:25:53.120+0000][8][gc,age      ] GC(243) Age table with threshold 15 (max threshold 15)
[2021-05-11T07:25:53.120+0000][8][gc,age      ] GC(243) - age   1:     520512 bytes,     520512 total
[2021-05-11T07:25:53.120+0000][8][gc,age      ] GC(243) - age   2:     302368 bytes,     822880 total
[2021-05-11T07:25:53.120+0000][8][gc,age      ] GC(243) - age   3:        552 bytes,     823432 total
[2021-05-11T07:25:53.120+0000][8][gc,age      ] GC(243) - age   4:        136 bytes,     823568 total
[2021-05-11T07:25:53.120+0000][8][gc,age      ] GC(243) - age   5:       2520 bytes,     826088 total
[2021-05-11T07:25:53.120+0000][8][gc,age      ] GC(243) - age   7:       2008 bytes,     828096 total
[2021-05-11T07:25:53.120+0000][8][gc,age      ] GC(243) - age   8:       2096 bytes,     830192 total
[2021-05-11T07:25:53.120+0000][8][gc,age      ] GC(243) - age   9:        424 bytes,     830616 total
[2021-05-11T07:25:53.120+0000][8][gc,age      ] GC(243) - age  10:        120 bytes,     830736 total
[2021-05-11T07:25:53.120+0000][8][gc,age      ] GC(243) - age  11:         80 bytes,     830816 total
[2021-05-11T07:25:53.120+0000][8][gc,age      ] GC(243) - age  12:       4104 bytes,     834920 total
[2021-05-11T07:25:53.120+0000][8][gc,age      ] GC(243) - age  13:       8672 bytes,     843592 total
[2021-05-11T07:25:53.120+0000][8][gc,phases   ] GC(243)   Pre Evacuate Collection Set: 0.0ms
[2021-05-11T07:25:53.120+0000][8][gc,phases   ] GC(243)   Merge Heap Roots: 0.1ms
[2021-05-11T07:25:53.120+0000][8][gc,phases   ] GC(243)   Evacuate Collection Set: 0.8ms
[2021-05-11T07:25:53.120+0000][8][gc,phases   ] GC(243)   Post Evacuate Collection Set: 0.4ms
[2021-05-11T07:25:53.120+0000][8][gc,phases   ] GC(243)   Other: 0.2ms
[2021-05-11T07:25:53.120+0000][8][gc,heap     ] GC(243) Eden regions: 21->0(21)
[2021-05-11T07:25:53.120+0000][8][gc,heap     ] GC(243) Survivor regions: 1->1(3)
[2021-05-11T07:25:53.120+0000][8][gc,heap     ] GC(243) Old regions: 27->27
[2021-05-11T07:25:53.120+0000][8][gc,heap     ] GC(243) Archive regions: 2->2
[2021-05-11T07:25:53.120+0000][8][gc,heap     ] GC(243) Humongous regions: 2->2
[2021-05-11T07:25:53.120+0000][8][gc,metaspace] GC(243) Metaspace: 108876K(113520K)->108876K(113520K) NonClass: 94977K(98288K)->94977K(98288K) Class: 13898K(15232K)->13898K(15232K)
[2021-05-11T07:25:53.120+0000][8][gc          ] GC(243) Pause Young (Normal) (G1 Evacuation Pause) 202M->118M(256M) 1.461ms
[2021-05-11T07:25:53.120+0000][8][gc,cpu      ] GC(243) User=0.00s Sys=0.00s Real=0.00s
[2021-05-11T07:25:53.120+0000][8][safepoint   ] Safepoint "G1CollectForAllocation", Time since last: 709548799 ns, Reaching safepoint: 89304 ns, At safepoint: 1515534 ns, Total: 1604838 ns
[2021-05-11T07:27:55.627+0000][8][gc,start    ] GC(244) Pause Young (Concurrent Start) (G1 Evacuation Pause)
[2021-05-11T07:27:55.627+0000][8][gc,task     ] GC(244) Using 6 workers of 8 for evacuation
[2021-05-11T07:27:55.627+0000][8][gc,age      ] GC(244) Desired survivor size 6291456 bytes, new threshold 15 (max threshold 15)
[2021-05-11T07:27:55.629+0000][8][gc,age      ] GC(244) Age table with threshold 15 (max threshold 15)
[2021-05-11T07:27:55.629+0000][8][gc,age      ] GC(244) - age   1:     319104 bytes,     319104 total
[2021-05-11T07:27:55.629+0000][8][gc,age      ] GC(244) - age   2:        144 bytes,     319248 total
[2021-05-11T07:27:55.629+0000][8][gc,age      ] GC(244) - age   3:     181032 bytes,     500280 total
[2021-05-11T07:27:55.629+0000][8][gc,age      ] GC(244) - age   4:        320 bytes,     500600 total
[2021-05-11T07:27:55.629+0000][8][gc,age      ] GC(244) - age   5:         40 bytes,     500640 total
[2021-05-11T07:27:55.629+0000][8][gc,age      ] GC(244) - age   6:         24 bytes,     500664 total
[2021-05-11T07:27:55.629+0000][8][gc,age      ] GC(244) - age   8:       1984 bytes,     502648 total
[2021-05-11T07:27:55.629+0000][8][gc,age      ] GC(244) - age   9:       2096 bytes,     504744 total
[2021-05-11T07:27:55.629+0000][8][gc,age      ] GC(244) - age  10:        424 bytes,     505168 total
[2021-05-11T07:27:55.629+0000][8][gc,age      ] GC(244) - age  12:         80 bytes,     505248 total
[2021-05-11T07:27:55.629+0000][8][gc,age      ] GC(244) - age  13:       4104 bytes,     509352 total
[2021-05-11T07:27:55.629+0000][8][gc,age      ] GC(244) - age  14:       8672 bytes,     518024 total
[2021-05-11T07:27:55.629+0000][8][gc,phases   ] GC(244)   Pre Evacuate Collection Set: 0.1ms
[2021-05-11T07:27:55.629+0000][8][gc,phases   ] GC(244)   Merge Heap Roots: 0.0ms
[2021-05-11T07:27:55.629+0000][8][gc,phases   ] GC(244)   Evacuate Collection Set: 0.9ms
[2021-05-11T07:27:55.629+0000][8][gc,phases   ] GC(244)   Post Evacuate Collection Set: 0.4ms
[2021-05-11T07:27:55.629+0000][8][gc,phases   ] GC(244)   Other: 0.2ms
[2021-05-11T07:27:55.629+0000][8][gc,heap     ] GC(244) Eden regions: 21->0(21)
[2021-05-11T07:27:55.629+0000][8][gc,heap     ] GC(244) Survivor regions: 1->1(3)
[2021-05-11T07:27:55.629+0000][8][gc,heap     ] GC(244) Old regions: 27->27
[2021-05-11T07:27:55.629+0000][8][gc,heap     ] GC(244) Archive regions: 2->2
[2021-05-11T07:27:55.629+0000][8][gc,heap     ] GC(244) Humongous regions: 2->2
[2021-05-11T07:27:55.629+0000][8][gc,metaspace] GC(244) Metaspace: 108876K(113520K)->108876K(113520K) NonClass: 94977K(98288K)->94977K(98288K) Class: 13898K(15232K)->13898K(15232K)
[2021-05-11T07:27:55.629+0000][8][gc          ] GC(244) Pause Young (Concurrent Start) (G1 Evacuation Pause) 202M->117M(256M) 1.702ms
[2021-05-11T07:27:55.629+0000][8][gc,cpu      ] GC(244) User=0.00s Sys=0.00s Real=0.00s
[2021-05-11T07:27:55.629+0000][8][safepoint   ] Safepoint "G1CollectForAllocation", Time since last: 122507481198 ns, Reaching safepoint: 100271 ns, At safepoint: 1762735 ns, Total: 1863006 ns
[2021-05-11T07:27:55.629+0000][8][gc          ] GC(245) Concurrent Cycle
[2021-05-11T07:27:55.629+0000][8][gc,marking  ] GC(245) Concurrent Clear Claimed Marks
[2021-05-11T07:27:55.629+0000][8][gc,marking  ] GC(245) Concurrent Clear Claimed Marks 0.056ms
[2021-05-11T07:27:55.629+0000][8][gc,marking  ] GC(245) Concurrent Scan Root Regions
[2021-05-11T07:27:55.631+0000][8][gc,marking  ] GC(245) Concurrent Scan Root Regions 1.495ms
[2021-05-11T07:27:55.631+0000][8][gc,marking  ] GC(245) Concurrent Mark (17485.016s)
[2021-05-11T07:27:55.631+0000][8][gc,marking  ] GC(245) Concurrent Mark From Roots
[2021-05-11T07:27:55.631+0000][8][gc,task     ] GC(245) Using 2 workers of 2 for marking
[2021-05-11T07:27:55.718+0000][8][gc,marking  ] GC(245) Concurrent Mark From Roots 86.913ms
[2021-05-11T07:27:55.718+0000][8][gc,marking  ] GC(245) Concurrent Preclean
[2021-05-11T07:27:55.718+0000][8][gc,marking  ] GC(245) Concurrent Preclean 0.265ms
[2021-05-11T07:27:55.718+0000][8][gc,marking  ] GC(245) Concurrent Mark (17485.016s, 17485.103s) 87.229ms
[2021-05-11T07:27:55.718+0000][8][gc,start    ] GC(245) Pause Remark
[2021-05-11T07:27:55.724+0000][8][gc          ] GC(245) Pause Remark 117M->117M(256M) 5.616ms
[2021-05-11T07:27:55.724+0000][8][gc,cpu      ] GC(245) User=0.04s Sys=0.00s Real=0.01s
[2021-05-11T07:27:55.724+0000][8][safepoint   ] Safepoint "G1Concurrent", Time since last: 88857331 ns, Reaching safepoint: 79564 ns, At safepoint: 5693706 ns, Total: 5773270 ns
[2021-05-11T07:27:55.724+0000][8][gc,marking  ] GC(245) Concurrent Rebuild Remembered Sets
[2021-05-11T07:27:55.784+0000][8][gc,marking  ] GC(245) Concurrent Rebuild Remembered Sets 60.144ms
[2021-05-11T07:27:55.784+0000][8][gc,start    ] GC(245) Pause Cleanup
[2021-05-11T07:27:55.784+0000][8][gc          ] GC(245) Pause Cleanup 117M->117M(256M) 0.063ms
[2021-05-11T07:27:55.784+0000][8][gc,cpu      ] GC(245) User=0.00s Sys=0.00s Real=0.00s
[2021-05-11T07:27:55.784+0000][8][safepoint   ] Safepoint "G1Concurrent", Time since last: 60245898 ns, Reaching safepoint: 89730 ns, At safepoint: 99456 ns, Total: 189186 ns
[2021-05-11T07:27:55.784+0000][8][gc,marking  ] GC(245) Concurrent Cleanup for Next Mark
[2021-05-11T07:27:55.784+0000][8][gc,marking  ] GC(245) Concurrent Cleanup for Next Mark 0.133ms
[2021-05-11T07:27:55.784+0000][8][gc          ] GC(245) Concurrent Cycle 155.235ms
[2021-05-11T07:30:08.143+0000][8][gc,start    ] GC(246) Pause Young (Normal) (G1 Evacuation Pause)
[2021-05-11T07:30:08.143+0000][8][gc,task     ] GC(246) Using 6 workers of 8 for evacuation
[2021-05-11T07:30:08.144+0000][8][gc,age      ] GC(246) Desired survivor size 6291456 bytes, new threshold 15 (max threshold 15)
[2021-05-11T07:30:08.145+0000][8][gc,age      ] GC(246) Age table with threshold 15 (max threshold 15)
[2021-05-11T07:30:08.145+0000][8][gc,age      ] GC(246) - age   1:     521288 bytes,     521288 total
[2021-05-11T07:30:08.145+0000][8][gc,age      ] GC(246) - age   2:       3016 bytes,     524304 total
[2021-05-11T07:30:08.145+0000][8][gc,age      ] GC(246) - age   3:        144 bytes,     524448 total
[2021-05-11T07:30:08.145+0000][8][gc,age      ] GC(246) - age   4:     181032 bytes,     705480 total
[2021-05-11T07:30:08.145+0000][8][gc,age      ] GC(246) - age   5:        320 bytes,     705800 total
[2021-05-11T07:30:08.145+0000][8][gc,age      ] GC(246) - age   6:         40 bytes,     705840 total
[2021-05-11T07:30:08.145+0000][8][gc,age      ] GC(246) - age   7:         24 bytes,     705864 total
[2021-05-11T07:30:08.145+0000][8][gc,age      ] GC(246) - age   9:       1984 bytes,     707848 total
[2021-05-11T07:30:08.145+0000][8][gc,age      ] GC(246) - age  10:       2096 bytes,     709944 total
[2021-05-11T07:30:08.145+0000][8][gc,age      ] GC(246) - age  11:         88 bytes,     710032 total
[2021-05-11T07:30:08.145+0000][8][gc,age      ] GC(246) - age  13:         80 bytes,     710112 total
[2021-05-11T07:30:08.145+0000][8][gc,age      ] GC(246) - age  14:       4104 bytes,     714216 total
[2021-05-11T07:30:08.145+0000][8][gc,age      ] GC(246) - age  15:       8672 bytes,     722888 total
[2021-05-11T07:30:08.146+0000][8][gc,phases   ] GC(246)   Pre Evacuate Collection Set: 0.1ms
[2021-05-11T07:30:08.146+0000][8][gc,phases   ] GC(246)   Merge Heap Roots: 0.0ms
[2021-05-11T07:30:08.146+0000][8][gc,phases   ] GC(246)   Evacuate Collection Set: 0.8ms
[2021-05-11T07:30:08.146+0000][8][gc,phases   ] GC(246)   Post Evacuate Collection Set: 0.9ms
[2021-05-11T07:30:08.146+0000][8][gc,phases   ] GC(246)   Other: 0.5ms
[2021-05-11T07:30:08.146+0000][8][gc,heap     ] GC(246) Eden regions: 21->0(21)
[2021-05-11T07:30:08.146+0000][8][gc,heap     ] GC(246) Survivor regions: 1->1(3)
[2021-05-11T07:30:08.146+0000][8][gc,heap     ] GC(246) Old regions: 27->27
[2021-05-11T07:30:08.146+0000][8][gc,heap     ] GC(246) Archive regions: 2->2
[2021-05-11T07:30:08.146+0000][8][gc,heap     ] GC(246) Humongous regions: 2->2
[2021-05-11T07:30:08.146+0000][8][gc,metaspace] GC(246) Metaspace: 108880K(113520K)->108880K(113520K) NonClass: 94981K(98288K)->94981K(98288K) Class: 13898K(15232K)->13898K(15232K)
[2021-05-11T07:30:08.146+0000][8][gc          ] GC(246) Pause Young (Normal) (G1 Evacuation Pause) 201M->117M(256M) 2.389ms
[2021-05-11T07:30:08.146+0000][8][gc,cpu      ] GC(246) User=0.01s Sys=0.00s Real=0.00s
[2021-05-11T07:30:08.146+0000][8][safepoint   ] Safepoint "G1CollectForAllocation", Time since last: 132359090814 ns, Reaching safepoint: 82089 ns, At safepoint: 2449510 ns, Total: 2531599 ns
[2021-05-11T07:30:49.151+0000][8][safepoint   ] Safepoint "Cleanup", Time since last: 41004720513 ns, Reaching safepoint: 97860 ns, At safepoint: 6506 ns, Total: 104366 ns
[2021-05-11T07:30:52.151+0000][8][safepoint   ] Safepoint "Cleanup", Time since last: 3000416109 ns, Reaching safepoint: 64076 ns, At safepoint: 4667 ns, Total: 68743 ns
[2021-05-11T07:32:13.428+0000][8][gc,start    ] GC(247) Pause Young (Concurrent Start) (G1 Evacuation Pause)
[2021-05-11T07:32:13.428+0000][8][gc,task     ] GC(247) Using 6 workers of 8 for evacuation
[2021-05-11T07:32:13.428+0000][8][gc,age      ] GC(247) Desired survivor size 6291456 bytes, new threshold 15 (max threshold 15)
[2021-05-11T07:32:13.430+0000][8][gc,age      ] GC(247) Age table with threshold 15 (max threshold 15)
[2021-05-11T07:32:13.430+0000][8][gc,age      ] GC(247) - age   1:     512576 bytes,     512576 total
[2021-05-11T07:32:13.430+0000][8][gc,age      ] GC(247) - age   2:        392 bytes,     512968 total
[2021-05-11T07:32:13.430+0000][8][gc,age      ] GC(247) - age   3:       2856 bytes,     515824 total
[2021-05-11T07:32:13.430+0000][8][gc,age      ] GC(247) - age   4:        144 bytes,     515968 total
[2021-05-11T07:32:13.430+0000][8][gc,age      ] GC(247) - age   5:     180936 bytes,     696904 total
[2021-05-11T07:32:13.430+0000][8][gc,age      ] GC(247) - age   6:        296 bytes,     697200 total
[2021-05-11T07:32:13.430+0000][8][gc,age      ] GC(247) - age   7:         40 bytes,     697240 total
[2021-05-11T07:32:13.430+0000][8][gc,age      ] GC(247) - age   8:         24 bytes,     697264 total
[2021-05-11T07:32:13.430+0000][8][gc,age      ] GC(247) - age  10:       1744 bytes,     699008 total
[2021-05-11T07:32:13.430+0000][8][gc,age      ] GC(247) - age  11:       2096 bytes,     701104 total
[2021-05-11T07:32:13.430+0000][8][gc,age      ] GC(247) - age  12:         88 bytes,     701192 total
[2021-05-11T07:32:13.430+0000][8][gc,age      ] GC(247) - age  14:         80 bytes,     701272 total
[2021-05-11T07:32:13.430+0000][8][gc,age      ] GC(247) - age  15:       4104 bytes,     705376 total
[2021-05-11T07:32:13.430+0000][8][gc,phases   ] GC(247)   Pre Evacuate Collection Set: 0.1ms
[2021-05-11T07:32:13.430+0000][8][gc,phases   ] GC(247)   Merge Heap Roots: 0.1ms
[2021-05-11T07:32:13.430+0000][8][gc,phases   ] GC(247)   Evacuate Collection Set: 1.0ms
[2021-05-11T07:32:13.430+0000][8][gc,phases   ] GC(247)   Post Evacuate Collection Set: 0.5ms
[2021-05-11T07:32:13.430+0000][8][gc,phases   ] GC(247)   Other: 0.2ms
[2021-05-11T07:32:13.430+0000][8][gc,heap     ] GC(247) Eden regions: 21->0(21)
[2021-05-11T07:32:13.430+0000][8][gc,heap     ] GC(247) Survivor regions: 1->1(3)
[2021-05-11T07:32:13.430+0000][8][gc,heap     ] GC(247) Old regions: 27->27
[2021-05-11T07:32:13.430+0000][8][gc,heap     ] GC(247) Archive regions: 2->2
[2021-05-11T07:32:13.430+0000][8][gc,heap     ] GC(247) Humongous regions: 2->2
[2021-05-11T07:32:13.430+0000][8][gc,metaspace] GC(247) Metaspace: 108880K(113520K)->108880K(113520K) NonClass: 94981K(98288K)->94981K(98288K) Class: 13898K(15232K)->13898K(15232K)
[2021-05-11T07:32:13.430+0000][8][gc          ] GC(247) Pause Young (Concurrent Start) (G1 Evacuation Pause) 201M->117M(256M) 2.024ms
[2021-05-11T07:32:13.430+0000][8][gc,cpu      ] GC(247) User=0.01s Sys=0.00s Real=0.01s
[2021-05-11T07:32:13.430+0000][8][gc          ] GC(248) Concurrent Cycle
[2021-05-11T07:32:13.430+0000][8][safepoint   ] Safepoint "G1CollectForAllocation", Time since last: 81276628715 ns, Reaching safepoint: 137209 ns, At safepoint: 2089992 ns, Total: 2227201 ns
[2021-05-11T07:32:13.430+0000][8][gc,marking  ] GC(248) Concurrent Clear Claimed Marks
[2021-05-11T07:32:13.430+0000][8][gc,marking  ] GC(248) Concurrent Clear Claimed Marks 0.059ms
[2021-05-11T07:32:13.430+0000][8][gc,marking  ] GC(248) Concurrent Scan Root Regions
[2021-05-11T07:32:13.431+0000][8][gc,marking  ] GC(248) Concurrent Scan Root Regions 0.674ms
[2021-05-11T07:32:13.431+0000][8][gc,marking  ] GC(248) Concurrent Mark (17742.816s)
[2021-05-11T07:32:13.431+0000][8][gc,marking  ] GC(248) Concurrent Mark From Roots
[2021-05-11T07:32:13.431+0000][8][gc,task     ] GC(248) Using 2 workers of 2 for marking
[2021-05-11T07:32:13.516+0000][8][gc,marking  ] GC(248) Concurrent Mark From Roots 85.306ms
[2021-05-11T07:32:13.516+0000][8][gc,marking  ] GC(248) Concurrent Preclean
[2021-05-11T07:32:13.516+0000][8][gc,marking  ] GC(248) Concurrent Preclean 0.225ms
[2021-05-11T07:32:13.516+0000][8][gc,marking  ] GC(248) Concurrent Mark (17742.816s, 17742.902s) 85.571ms
[2021-05-11T07:32:13.517+0000][8][gc,start    ] GC(248) Pause Remark
[2021-05-11T07:32:13.522+0000][8][gc          ] GC(248) Pause Remark 117M->117M(256M) 5.653ms
[2021-05-11T07:32:13.522+0000][8][gc,cpu      ] GC(248) User=0.03s Sys=0.00s Real=0.01s
[2021-05-11T07:32:13.522+0000][8][safepoint   ] Safepoint "G1Concurrent", Time since last: 86396810 ns, Reaching safepoint: 100218 ns, At safepoint: 5723703 ns, Total: 5823921 ns
[2021-05-11T07:32:13.522+0000][8][gc,marking  ] GC(248) Concurrent Rebuild Remembered Sets
[2021-05-11T07:32:13.579+0000][8][gc,marking  ] GC(248) Concurrent Rebuild Remembered Sets 56.875ms
[2021-05-11T07:32:13.579+0000][8][gc,start    ] GC(248) Pause Cleanup
[2021-05-11T07:32:13.579+0000][8][gc          ] GC(248) Pause Cleanup 117M->117M(256M) 0.059ms
[2021-05-11T07:32:13.579+0000][8][gc,cpu      ] GC(248) User=0.00s Sys=0.00s Real=0.00s
[2021-05-11T07:32:13.579+0000][8][safepoint   ] Safepoint "G1Concurrent", Time since last: 56987626 ns, Reaching safepoint: 72475 ns, At safepoint: 95242 ns, Total: 167717 ns
[2021-05-11T07:32:13.579+0000][8][gc,marking  ] GC(248) Concurrent Cleanup for Next Mark
[2021-05-11T07:32:13.580+0000][8][gc,marking  ] GC(248) Concurrent Cleanup for Next Mark 0.112ms
[2021-05-11T07:32:13.580+0000][8][gc          ] GC(248) Concurrent Cycle 149.524ms
[2021-05-11T07:32:50.583+0000][8][safepoint   ] Safepoint "Cleanup", Time since last: 37003576660 ns, Reaching safepoint: 66207 ns, At safepoint: 6125 ns, Total: 72332 ns
[2021-05-11T07:32:56.584+0000][8][safepoint   ] Safepoint "Cleanup", Time since last: 6000438059 ns, Reaching safepoint: 67339 ns, At safepoint: 5244 ns, Total: 72583 ns
[2021-05-11T07:33:49.589+0000][8][safepoint   ] Safepoint "Cleanup", Time since last: 53005486623 ns, Reaching safepoint: 62754 ns, At safepoint: 5535 ns, Total: 68289 ns
[2021-05-11T07:33:55.178+0000][8][gc,start    ] GC(249) Pause Young (Normal) (G1 Evacuation Pause)
[2021-05-11T07:33:55.178+0000][8][gc,task     ] GC(249) Using 6 workers of 8 for evacuation
[2021-05-11T07:33:55.178+0000][8][gc,age      ] GC(249) Desired survivor size 6291456 bytes, new threshold 15 (max threshold 15)
[2021-05-11T07:33:55.179+0000][8][gc,age      ] GC(249) Age table with threshold 15 (max threshold 15)
[2021-05-11T07:33:55.179+0000][8][gc,age      ] GC(249) - age   1:     777744 bytes,     777744 total
[2021-05-11T07:33:55.179+0000][8][gc,age      ] GC(249) - age   2:        520 bytes,     778264 total
[2021-05-11T07:33:55.179+0000][8][gc,age      ] GC(249) - age   3:        296 bytes,     778560 total
[2021-05-11T07:33:55.179+0000][8][gc,age      ] GC(249) - age   4:       2656 bytes,     781216 total
[2021-05-11T07:33:55.179+0000][8][gc,age      ] GC(249) - age   5:        144 bytes,     781360 total
[2021-05-11T07:33:55.179+0000][8][gc,age      ] GC(249) - age   6:       6008 bytes,     787368 total
[2021-05-11T07:33:55.179+0000][8][gc,age      ] GC(249) - age   7:        296 bytes,     787664 total
[2021-05-11T07:33:55.179+0000][8][gc,age      ] GC(249) - age   8:         40 bytes,     787704 total
[2021-05-11T07:33:55.179+0000][8][gc,age      ] GC(249) - age   9:         24 bytes,     787728 total
[2021-05-11T07:33:55.179+0000][8][gc,age      ] GC(249) - age  11:        768 bytes,     788496 total
[2021-05-11T07:33:55.179+0000][8][gc,age      ] GC(249) - age  12:       2096 bytes,     790592 total
[2021-05-11T07:33:55.179+0000][8][gc,age      ] GC(249) - age  13:         88 bytes,     790680 total
[2021-05-11T07:33:55.179+0000][8][gc,age      ] GC(249) - age  15:         80 bytes,     790760 total
[2021-05-11T07:33:55.179+0000][8][gc,phases   ] GC(249)   Pre Evacuate Collection Set: 0.0ms
[2021-05-11T07:33:55.179+0000][8][gc,phases   ] GC(249)   Merge Heap Roots: 0.1ms
[2021-05-11T07:33:55.179+0000][8][gc,phases   ] GC(249)   Evacuate Collection Set: 0.7ms
[2021-05-11T07:33:55.179+0000][8][gc,phases   ] GC(249)   Post Evacuate Collection Set: 0.4ms
[2021-05-11T07:33:55.179+0000][8][gc,phases   ] GC(249)   Other: 0.2ms
[2021-05-11T07:33:55.179+0000][8][gc,heap     ] GC(249) Eden regions: 21->0(21)
[2021-05-11T07:33:55.179+0000][8][gc,heap     ] GC(249) Survivor regions: 1->1(3)
[2021-05-11T07:33:55.179+0000][8][gc,heap     ] GC(249) Old regions: 27->27
[2021-05-11T07:33:55.179+0000][8][gc,heap     ] GC(249) Archive regions: 2->2
[2021-05-11T07:33:55.179+0000][8][gc,heap     ] GC(249) Humongous regions: 2->2
[2021-05-11T07:33:55.179+0000][8][gc,metaspace] GC(249) Metaspace: 108906K(113776K)->108906K(113776K) NonClass: 95008K(98544K)->95008K(98544K) Class: 13898K(15232K)->13898K(15232K)
[2021-05-11T07:33:55.179+0000][8][gc          ] GC(249) Pause Young (Normal) (G1 Evacuation Pause) 201M->118M(256M) 1.371ms
[2021-05-11T07:33:55.179+0000][8][gc,cpu      ] GC(249) User=0.00s Sys=0.00s Real=0.00s
[2021-05-11T07:33:55.179+0000][8][safepoint   ] Safepoint "G1CollectForAllocation", Time since last: 5588725935 ns, Reaching safepoint: 77231 ns, At safepoint: 1427901 ns, Total: 1505132 ns
[2021-05-11T07:34:19.182+0000][8][safepoint   ] Safepoint "Cleanup", Time since last: 24002246648 ns, Reaching safepoint: 96270 ns, At safepoint: 4696 ns, Total: 100966 ns
[2021-05-11T07:36:05.517+0000][8][gc,start    ] GC(250) Pause Young (Concurrent Start) (G1 Evacuation Pause)
[2021-05-11T07:36:05.517+0000][8][gc,task     ] GC(250) Using 6 workers of 8 for evacuation
[2021-05-11T07:36:05.517+0000][8][gc,age      ] GC(250) Desired survivor size 6291456 bytes, new threshold 15 (max threshold 15)
[2021-05-11T07:36:05.520+0000][8][gc,age      ] GC(250) Age table with threshold 15 (max threshold 15)
[2021-05-11T07:36:05.520+0000][8][gc,age      ] GC(250) - age   1:     507184 bytes,     507184 total
[2021-05-11T07:36:05.520+0000][8][gc,age      ] GC(250) - age   2:     271752 bytes,     778936 total
[2021-05-11T07:36:05.520+0000][8][gc,age      ] GC(250) - age   3:        352 bytes,     779288 total
[2021-05-11T07:36:05.520+0000][8][gc,age      ] GC(250) - age   4:        296 bytes,     779584 total
[2021-05-11T07:36:05.520+0000][8][gc,age      ] GC(250) - age   5:       2656 bytes,     782240 total
[2021-05-11T07:36:05.520+0000][8][gc,age      ] GC(250) - age   6:        120 bytes,     782360 total
[2021-05-11T07:36:05.520+0000][8][gc,age      ] GC(250) - age   7:       5808 bytes,     788168 total
[2021-05-11T07:36:05.520+0000][8][gc,age      ] GC(250) - age   8:        248 bytes,     788416 total
[2021-05-11T07:36:05.520+0000][8][gc,age      ] GC(250) - age  10:         24 bytes,     788440 total
[2021-05-11T07:36:05.520+0000][8][gc,age      ] GC(250) - age  12:        768 bytes,     789208 total
[2021-05-11T07:36:05.520+0000][8][gc,age      ] GC(250) - age  13:       2096 bytes,     791304 total
[2021-05-11T07:36:05.520+0000][8][gc,age      ] GC(250) - age  14:         88 bytes,     791392 total
[2021-05-11T07:36:05.520+0000][8][gc,phases   ] GC(250)   Pre Evacuate Collection Set: 0.1ms
[2021-05-11T07:36:05.520+0000][8][gc,phases   ] GC(250)   Merge Heap Roots: 0.0ms
[2021-05-11T07:36:05.520+0000][8][gc,phases   ] GC(250)   Evacuate Collection Set: 1.5ms
[2021-05-11T07:36:05.520+0000][8][gc,phases   ] GC(250)   Post Evacuate Collection Set: 0.6ms
[2021-05-11T07:36:05.520+0000][8][gc,phases   ] GC(250)   Other: 0.3ms
[2021-05-11T07:36:05.520+0000][8][gc,heap     ] GC(250) Eden regions: 21->0(21)
[2021-05-11T07:36:05.520+0000][8][gc,heap     ] GC(250) Survivor regions: 1->1(3)
[2021-05-11T07:36:05.520+0000][8][gc,heap     ] GC(250) Old regions: 27->27
[2021-05-11T07:36:05.520+0000][8][gc,heap     ] GC(250) Archive regions: 2->2
[2021-05-11T07:36:05.520+0000][8][gc,heap     ] GC(250) Humongous regions: 2->2
[2021-05-11T07:36:05.520+0000][8][gc,metaspace] GC(250) Metaspace: 108908K(113776K)->108908K(113776K) NonClass: 95010K(98544K)->95010K(98544K) Class: 13898K(15232K)->13898K(15232K)
[2021-05-11T07:36:05.520+0000][8][gc          ] GC(250) Pause Young (Concurrent Start) (G1 Evacuation Pause) 202M->118M(256M) 2.607ms
[2021-05-11T07:36:05.520+0000][8][gc,cpu      ] GC(250) User=0.01s Sys=0.00s Real=0.00s
[2021-05-11T07:36:05.520+0000][8][gc          ] GC(251) Concurrent Cycle
[2021-05-11T07:36:05.520+0000][8][gc,marking  ] GC(251) Concurrent Clear Claimed Marks
[2021-05-11T07:36:05.520+0000][8][safepoint   ] Safepoint "G1CollectForAllocation", Time since last: 106335566706 ns, Reaching safepoint: 64153 ns, At safepoint: 2672771 ns, Total: 2736924 ns
[2021-05-11T07:36:05.520+0000][8][gc,marking  ] GC(251) Concurrent Clear Claimed Marks 0.072ms
[2021-05-11T07:36:05.520+0000][8][gc,marking  ] GC(251) Concurrent Scan Root Regions
[2021-05-11T07:36:05.521+0000][8][gc,marking  ] GC(251) Concurrent Scan Root Regions 1.312ms
[2021-05-11T07:36:05.521+0000][8][gc,marking  ] GC(251) Concurrent Mark (17974.907s)
[2021-05-11T07:36:05.521+0000][8][gc,marking  ] GC(251) Concurrent Mark From Roots
[2021-05-11T07:36:05.521+0000][8][gc,task     ] GC(251) Using 2 workers of 2 for marking
[2021-05-11T07:36:05.613+0000][8][gc,marking  ] GC(251) Concurrent Mark From Roots 91.078ms
[2021-05-11T07:36:05.613+0000][8][gc,marking  ] GC(251) Concurrent Preclean
[2021-05-11T07:36:05.613+0000][8][gc,marking  ] GC(251) Concurrent Preclean 0.275ms
[2021-05-11T07:36:05.613+0000][8][gc,marking  ] GC(251) Concurrent Mark (17974.907s, 17974.998s) 91.402ms
[2021-05-11T07:36:05.613+0000][8][gc,start    ] GC(251) Pause Remark
[2021-05-11T07:36:05.620+0000][8][gc          ] GC(251) Pause Remark 118M->118M(256M) 6.725ms
[2021-05-11T07:36:05.620+0000][8][gc,cpu      ] GC(251) User=0.04s Sys=0.00s Real=0.00s
[2021-05-11T07:36:05.620+0000][8][safepoint   ] Safepoint "G1Concurrent", Time since last: 92879489 ns, Reaching safepoint: 98909 ns, At safepoint: 6802660 ns, Total: 6901569 ns
[2021-05-11T07:36:05.620+0000][8][gc,marking  ] GC(251) Concurrent Rebuild Remembered Sets
[2021-05-11T07:36:05.679+0000][8][gc,marking  ] GC(251) Concurrent Rebuild Remembered Sets 59.098ms
[2021-05-11T07:36:05.679+0000][8][gc,start    ] GC(251) Pause Cleanup
[2021-05-11T07:36:05.679+0000][8][gc          ] GC(251) Pause Cleanup 118M->118M(256M) 0.073ms
[2021-05-11T07:36:05.679+0000][8][gc,cpu      ] GC(251) User=0.00s Sys=0.00s Real=0.00s
[2021-05-11T07:36:05.679+0000][8][safepoint   ] Safepoint "G1Concurrent", Time since last: 59262659 ns, Reaching safepoint: 97137 ns, At safepoint: 111853 ns, Total: 208990 ns
[2021-05-11T07:36:05.679+0000][8][gc,marking  ] GC(251) Concurrent Cleanup for Next Mark
[2021-05-11T07:36:05.679+0000][8][gc,marking  ] GC(251) Concurrent Cleanup for Next Mark 0.147ms
[2021-05-11T07:36:05.679+0000][8][gc          ] GC(251) Concurrent Cycle 159.496ms
[2021-05-11T07:36:49.684+0000][8][safepoint   ] Safepoint "Cleanup", Time since last: 44004404019 ns, Reaching safepoint: 91702 ns, At safepoint: 8714 ns, Total: 100416 ns
[2021-05-11T07:38:10.821+0000][8][gc,start    ] GC(252) Pause Young (Normal) (G1 Evacuation Pause)
[2021-05-11T07:38:10.821+0000][8][gc,task     ] GC(252) Using 6 workers of 8 for evacuation
[2021-05-11T07:38:10.821+0000][8][gc,age      ] GC(252) Desired survivor size 6291456 bytes, new threshold 15 (max threshold 15)
[2021-05-11T07:38:10.823+0000][8][gc,age      ] GC(252) Age table with threshold 15 (max threshold 15)
[2021-05-11T07:38:10.823+0000][8][gc,age      ] GC(252) - age   1:     515712 bytes,     515712 total
[2021-05-11T07:38:10.823+0000][8][gc,age      ] GC(252) - age   2:        504 bytes,     516216 total
[2021-05-11T07:38:10.823+0000][8][gc,age      ] GC(252) - age   3:     150936 bytes,     667152 total
[2021-05-11T07:38:10.823+0000][8][gc,age      ] GC(252) - age   4:        240 bytes,     667392 total
[2021-05-11T07:38:10.823+0000][8][gc,age      ] GC(252) - age   5:        296 bytes,     667688 total
[2021-05-11T07:38:10.823+0000][8][gc,age      ] GC(252) - age   6:        160 bytes,     667848 total
[2021-05-11T07:38:10.823+0000][8][gc,age      ] GC(252) - age   7:        120 bytes,     667968 total
[2021-05-11T07:38:10.823+0000][8][gc,age      ] GC(252) - age   8:       5608 bytes,     673576 total
[2021-05-11T07:38:10.823+0000][8][gc,age      ] GC(252) - age  11:         24 bytes,     673600 total
[2021-05-11T07:38:10.823+0000][8][gc,age      ] GC(252) - age  13:        768 bytes,     674368 total
[2021-05-11T07:38:10.823+0000][8][gc,age      ] GC(252) - age  14:       2096 bytes,     676464 total
[2021-05-11T07:38:10.823+0000][8][gc,age      ] GC(252) - age  15:         88 bytes,     676552 total
[2021-05-11T07:38:10.823+0000][8][gc,phases   ] GC(252)   Pre Evacuate Collection Set: 0.0ms
[2021-05-11T07:38:10.823+0000][8][gc,phases   ] GC(252)   Merge Heap Roots: 0.0ms
[2021-05-11T07:38:10.823+0000][8][gc,phases   ] GC(252)   Evacuate Collection Set: 0.8ms
[2021-05-11T07:38:10.823+0000][8][gc,phases   ] GC(252)   Post Evacuate Collection Set: 0.5ms
[2021-05-11T07:38:10.823+0000][8][gc,phases   ] GC(252)   Other: 0.2ms
[2021-05-11T07:38:10.823+0000][8][gc,heap     ] GC(252) Eden regions: 21->0(21)
[2021-05-11T07:38:10.823+0000][8][gc,heap     ] GC(252) Survivor regions: 1->1(3)
[2021-05-11T07:38:10.823+0000][8][gc,heap     ] GC(252) Old regions: 27->27
[2021-05-11T07:38:10.823+0000][8][gc,heap     ] GC(252) Archive regions: 2->2
[2021-05-11T07:38:10.823+0000][8][gc,heap     ] GC(252) Humongous regions: 2->2
[2021-05-11T07:38:10.823+0000][8][gc,metaspace] GC(252) Metaspace: 108911K(113776K)->108911K(113776K) NonClass: 95012K(98544K)->95012K(98544K) Class: 13898K(15232K)->13898K(15232K)
[2021-05-11T07:38:10.823+0000][8][gc          ] GC(252) Pause Young (Normal) (G1 Evacuation Pause) 202M->117M(256M) 1.584ms
[2021-05-11T07:38:10.823+0000][8][gc,cpu      ] GC(252) User=0.01s Sys=0.00s Real=0.01s
[2021-05-11T07:38:10.823+0000][8][safepoint   ] Safepoint "G1CollectForAllocation", Time since last: 81137519955 ns, Reaching safepoint: 77427 ns, At safepoint: 1645167 ns, Total: 1722594 ns
[2021-05-11T07:40:25.310+0000][8][gc,start    ] GC(253) Pause Young (Concurrent Start) (G1 Evacuation Pause)
[2021-05-11T07:40:25.310+0000][8][gc,task     ] GC(253) Using 6 workers of 8 for evacuation
[2021-05-11T07:40:25.310+0000][8][gc,age      ] GC(253) Desired survivor size 6291456 bytes, new threshold 15 (max threshold 15)
[2021-05-11T07:40:25.313+0000][8][gc,age      ] GC(253) Age table with threshold 15 (max threshold 15)
[2021-05-11T07:40:25.313+0000][8][gc,age      ] GC(253) - age   1:     506064 bytes,     506064 total
[2021-05-11T07:40:25.313+0000][8][gc,age      ] GC(253) - age   2:       3456 bytes,     509520 total
[2021-05-11T07:40:25.313+0000][8][gc,age      ] GC(253) - age   3:        336 bytes,     509856 total
[2021-05-11T07:40:25.313+0000][8][gc,age      ] GC(253) - age   4:     150696 bytes,     660552 total
[2021-05-11T07:40:25.313+0000][8][gc,age      ] GC(253) - age   5:        240 bytes,     660792 total
[2021-05-11T07:40:25.313+0000][8][gc,age      ] GC(253) - age   6:        296 bytes,     661088 total
[2021-05-11T07:40:25.313+0000][8][gc,age      ] GC(253) - age   7:        160 bytes,     661248 total
[2021-05-11T07:40:25.313+0000][8][gc,age      ] GC(253) - age   8:        120 bytes,     661368 total
[2021-05-11T07:40:25.313+0000][8][gc,age      ] GC(253) - age   9:       5608 bytes,     666976 total
[2021-05-11T07:40:25.313+0000][8][gc,age      ] GC(253) - age  12:         24 bytes,     667000 total
[2021-05-11T07:40:25.313+0000][8][gc,age      ] GC(253) - age  14:        768 bytes,     667768 total
[2021-05-11T07:40:25.313+0000][8][gc,age      ] GC(253) - age  15:       2096 bytes,     669864 total
[2021-05-11T07:40:25.313+0000][8][gc,phases   ] GC(253)   Pre Evacuate Collection Set: 0.1ms
[2021-05-11T07:40:25.313+0000][8][gc,phases   ] GC(253)   Merge Heap Roots: 0.0ms
[2021-05-11T07:40:25.313+0000][8][gc,phases   ] GC(253)   Evacuate Collection Set: 1.4ms
[2021-05-11T07:40:25.313+0000][8][gc,phases   ] GC(253)   Post Evacuate Collection Set: 0.6ms
[2021-05-11T07:40:25.313+0000][8][gc,phases   ] GC(253)   Other: 0.3ms
[2021-05-11T07:40:25.313+0000][8][gc,heap     ] GC(253) Eden regions: 21->0(21)
[2021-05-11T07:40:25.313+0000][8][gc,heap     ] GC(253) Survivor regions: 1->1(3)
[2021-05-11T07:40:25.313+0000][8][gc,heap     ] GC(253) Old regions: 27->27
[2021-05-11T07:40:25.313+0000][8][gc,heap     ] GC(253) Archive regions: 2->2
[2021-05-11T07:40:25.313+0000][8][gc,heap     ] GC(253) Humongous regions: 2->2
[2021-05-11T07:40:25.313+0000][8][gc,metaspace] GC(253) Metaspace: 108912K(113776K)->108912K(113776K) NonClass: 95013K(98544K)->95013K(98544K) Class: 13898K(15232K)->13898K(15232K)
[2021-05-11T07:40:25.313+0000][8][gc          ] GC(253) Pause Young (Concurrent Start) (G1 Evacuation Pause) 201M->117M(256M) 2.459ms
[2021-05-11T07:40:25.313+0000][8][gc,cpu      ] GC(253) User=0.01s Sys=0.00s Real=0.00s
[2021-05-11T07:40:25.313+0000][8][safepoint   ] Safepoint "G1CollectForAllocation", Time since last: 134487179998 ns, Reaching safepoint: 109138 ns, At safepoint: 2547230 ns, Total: 2656368 ns
[2021-05-11T07:40:25.313+0000][8][gc          ] GC(254) Concurrent Cycle
[2021-05-11T07:40:25.313+0000][8][gc,marking  ] GC(254) Concurrent Clear Claimed Marks
[2021-05-11T07:40:25.313+0000][8][gc,marking  ] GC(254) Concurrent Clear Claimed Marks 0.101ms
[2021-05-11T07:40:25.313+0000][8][gc,marking  ] GC(254) Concurrent Scan Root Regions
[2021-05-11T07:40:25.315+0000][8][gc,marking  ] GC(254) Concurrent Scan Root Regions 2.040ms
[2021-05-11T07:40:25.315+0000][8][gc,marking  ] GC(254) Concurrent Mark (18234.700s)
[2021-05-11T07:40:25.315+0000][8][gc,marking  ] GC(254) Concurrent Mark From Roots
[2021-05-11T07:40:25.315+0000][8][gc,task     ] GC(254) Using 2 workers of 2 for marking
[2021-05-11T07:40:25.405+0000][8][gc,marking  ] GC(254) Concurrent Mark From Roots 89.819ms
[2021-05-11T07:40:25.405+0000][8][gc,marking  ] GC(254) Concurrent Preclean
[2021-05-11T07:40:25.405+0000][8][gc,marking  ] GC(254) Concurrent Preclean 0.220ms
[2021-05-11T07:40:25.405+0000][8][gc,marking  ] GC(254) Concurrent Mark (18234.700s, 18234.791s) 90.085ms
[2021-05-11T07:40:25.405+0000][8][gc,start    ] GC(254) Pause Remark
[2021-05-11T07:40:25.411+0000][8][gc          ] GC(254) Pause Remark 118M->118M(256M) 5.813ms
[2021-05-11T07:40:25.411+0000][8][gc,cpu      ] GC(254) User=0.03s Sys=0.00s Real=0.01s
[2021-05-11T07:40:25.411+0000][8][safepoint   ] Safepoint "G1Concurrent", Time since last: 92351349 ns, Reaching safepoint: 71432 ns, At safepoint: 5912895 ns, Total: 5984327 ns
[2021-05-11T07:40:25.411+0000][8][gc,marking  ] GC(254) Concurrent Rebuild Remembered Sets
[2021-05-11T07:40:25.476+0000][8][gc,marking  ] GC(254) Concurrent Rebuild Remembered Sets 65.235ms
[2021-05-11T07:40:25.477+0000][8][gc,start    ] GC(254) Pause Cleanup
[2021-05-11T07:40:25.477+0000][8][gc          ] GC(254) Pause Cleanup 118M->118M(256M) 0.072ms
[2021-05-11T07:40:25.477+0000][8][gc,cpu      ] GC(254) User=0.00s Sys=0.00s Real=0.00s
[2021-05-11T07:40:25.477+0000][8][safepoint   ] Safepoint "G1Concurrent", Time since last: 65319749 ns, Reaching safepoint: 146801 ns, At safepoint: 117145 ns, Total: 263946 ns
[2021-05-11T07:40:25.477+0000][8][gc,marking  ] GC(254) Concurrent Cleanup for Next Mark
[2021-05-11T07:40:25.477+0000][8][gc,marking  ] GC(254) Concurrent Cleanup for Next Mark 0.196ms
[2021-05-11T07:40:25.477+0000][8][gc          ] GC(254) Concurrent Cycle 164.151ms
[2021-05-11T07:42:26.300+0000][8][gc,start    ] GC(255) Pause Young (Normal) (G1 Evacuation Pause)
[2021-05-11T07:42:26.300+0000][8][gc,task     ] GC(255) Using 6 workers of 8 for evacuation
[2021-05-11T07:42:26.300+0000][8][gc,age      ] GC(255) Desired survivor size 6291456 bytes, new threshold 15 (max threshold 15)
[2021-05-11T07:42:26.303+0000][8][gc,age      ] GC(255) Age table with threshold 15 (max threshold 15)
[2021-05-11T07:42:26.303+0000][8][gc,age      ] GC(255) - age   1:     646408 bytes,     646408 total
[2021-05-11T07:42:26.303+0000][8][gc,age      ] GC(255) - age   2:        480 bytes,     646888 total
[2021-05-11T07:42:26.303+0000][8][gc,age      ] GC(255) - age   3:       3192 bytes,     650080 total
[2021-05-11T07:42:26.303+0000][8][gc,age      ] GC(255) - age   4:        288 bytes,     650368 total
[2021-05-11T07:42:26.303+0000][8][gc,age      ] GC(255) - age   5:     150696 bytes,     801064 total
[2021-05-11T07:42:26.303+0000][8][gc,age      ] GC(255) - age   7:        296 bytes,     801360 total
[2021-05-11T07:42:26.303+0000][8][gc,age      ] GC(255) - age   8:        136 bytes,     801496 total
[2021-05-11T07:42:26.303+0000][8][gc,age      ] GC(255) - age  10:       5608 bytes,     807104 total
[2021-05-11T07:42:26.303+0000][8][gc,age      ] GC(255) - age  13:         24 bytes,     807128 total
[2021-05-11T07:42:26.303+0000][8][gc,age      ] GC(255) - age  15:        768 bytes,     807896 total
[2021-05-11T07:42:26.303+0000][8][gc,phases   ] GC(255)   Pre Evacuate Collection Set: 0.0ms
[2021-05-11T07:42:26.303+0000][8][gc,phases   ] GC(255)   Merge Heap Roots: 0.0ms
[2021-05-11T07:42:26.303+0000][8][gc,phases   ] GC(255)   Evacuate Collection Set: 0.9ms
[2021-05-11T07:42:26.303+0000][8][gc,phases   ] GC(255)   Post Evacuate Collection Set: 1.2ms
[2021-05-11T07:42:26.303+0000][8][gc,phases   ] GC(255)   Other: 0.3ms
[2021-05-11T07:42:26.303+0000][8][gc,heap     ] GC(255) Eden regions: 21->0(21)
[2021-05-11T07:42:26.303+0000][8][gc,heap     ] GC(255) Survivor regions: 1->1(3)
[2021-05-11T07:42:26.303+0000][8][gc,heap     ] GC(255) Old regions: 27->27
[2021-05-11T07:42:26.303+0000][8][gc,heap     ] GC(255) Archive regions: 2->2
[2021-05-11T07:42:26.303+0000][8][gc,heap     ] GC(255) Humongous regions: 2->2
[2021-05-11T07:42:26.303+0000][8][gc,metaspace] GC(255) Metaspace: 108914K(113776K)->108914K(113776K) NonClass: 95016K(98544K)->95016K(98544K) Class: 13898K(15232K)->13898K(15232K)
[2021-05-11T07:42:26.303+0000][8][gc          ] GC(255) Pause Young (Normal) (G1 Evacuation Pause) 201M->118M(256M) 2.682ms
[2021-05-11T07:42:26.303+0000][8][gc,cpu      ] GC(255) User=0.00s Sys=0.00s Real=0.01s
[2021-05-11T07:42:26.303+0000][8][safepoint   ] Safepoint "G1CollectForAllocation", Time since last: 120823295077 ns, Reaching safepoint: 169806 ns, At safepoint: 2824462 ns, Total: 2994268 ns
[2021-05-11T07:42:50.308+0000][8][safepoint   ] Safepoint "Cleanup", Time since last: 24005143242 ns, Reaching safepoint: 87856 ns, At safepoint: 6086 ns, Total: 93942 ns
[2021-05-11T07:42:51.309+0000][8][safepoint   ] Safepoint "Cleanup", Time since last: 1000140584 ns, Reaching safepoint: 78506 ns, At safepoint: 5390 ns, Total: 83896 ns
[2021-05-11T07:44:08.264+0000][8][gc,start    ] GC(256) Pause Young (Concurrent Start) (G1 Evacuation Pause)
[2021-05-11T07:44:08.265+0000][8][gc,task     ] GC(256) Using 6 workers of 8 for evacuation
[2021-05-11T07:44:08.265+0000][8][gc,age      ] GC(256) Desired survivor size 6291456 bytes, new threshold 15 (max threshold 15)
[2021-05-11T07:44:08.267+0000][8][gc,age      ] GC(256) Age table with threshold 15 (max threshold 15)
[2021-05-11T07:44:08.267+0000][8][gc,age      ] GC(256) - age   1:     825544 bytes,     825544 total
[2021-05-11T07:44:08.267+0000][8][gc,age      ] GC(256) - age   2:       1456 bytes,     827000 total
[2021-05-11T07:44:08.267+0000][8][gc,age      ] GC(256) - age   3:        160 bytes,     827160 total
[2021-05-11T07:44:08.267+0000][8][gc,age      ] GC(256) - age   4:       3152 bytes,     830312 total
[2021-05-11T07:44:08.267+0000][8][gc,age      ] GC(256) - age   5:        288 bytes,     830600 total
[2021-05-11T07:44:08.267+0000][8][gc,age      ] GC(256) - age   6:       1312 bytes,     831912 total
[2021-05-11T07:44:08.267+0000][8][gc,age      ] GC(256) - age   8:        240 bytes,     832152 total
[2021-05-11T07:44:08.267+0000][8][gc,age      ] GC(256) - age   9:        136 bytes,     832288 total
[2021-05-11T07:44:08.267+0000][8][gc,age      ] GC(256) - age  11:        920 bytes,     833208 total
[2021-05-11T07:44:08.267+0000][8][gc,age      ] GC(256) - age  14:         24 bytes,     833232 total
[2021-05-11T07:44:08.267+0000][8][gc,phases   ] GC(256)   Pre Evacuate Collection Set: 0.2ms
[2021-05-11T07:44:08.267+0000][8][gc,phases   ] GC(256)   Merge Heap Roots: 0.1ms
[2021-05-11T07:44:08.267+0000][8][gc,phases   ] GC(256)   Evacuate Collection Set: 1.5ms
[2021-05-11T07:44:08.267+0000][8][gc,phases   ] GC(256)   Post Evacuate Collection Set: 0.6ms
[2021-05-11T07:44:08.267+0000][8][gc,phases   ] GC(256)   Other: 0.3ms
[2021-05-11T07:44:08.267+0000][8][gc,heap     ] GC(256) Eden regions: 21->0(21)
[2021-05-11T07:44:08.267+0000][8][gc,heap     ] GC(256) Survivor regions: 1->1(3)
[2021-05-11T07:44:08.267+0000][8][gc,heap     ] GC(256) Old regions: 27->27
[2021-05-11T07:44:08.267+0000][8][gc,heap     ] GC(256) Archive regions: 2->2
[2021-05-11T07:44:08.267+0000][8][gc,heap     ] GC(256) Humongous regions: 2->2
[2021-05-11T07:44:08.267+0000][8][gc,metaspace] GC(256) Metaspace: 108923K(113776K)->108923K(113776K) NonClass: 95024K(98544K)->95024K(98544K) Class: 13898K(15232K)->13898K(15232K)
[2021-05-11T07:44:08.267+0000][8][gc          ] GC(256) Pause Young (Concurrent Start) (G1 Evacuation Pause) 202M->118M(256M) 2.725ms
[2021-05-11T07:44:08.267+0000][8][gc,cpu      ] GC(256) User=0.01s Sys=0.00s Real=0.00s
[2021-05-11T07:44:08.267+0000][8][gc          ] GC(257) Concurrent Cycle
[2021-05-11T07:44:08.267+0000][8][safepoint   ] Safepoint "G1CollectForAllocation", Time since last: 76955770451 ns, Reaching safepoint: 162888 ns, At safepoint: 2825164 ns, Total: 2988052 ns
[2021-05-11T07:44:08.267+0000][8][gc,marking  ] GC(257) Concurrent Clear Claimed Marks
[2021-05-11T07:44:08.267+0000][8][gc,marking  ] GC(257) Concurrent Clear Claimed Marks 0.094ms
[2021-05-11T07:44:08.267+0000][8][gc,marking  ] GC(257) Concurrent Scan Root Regions
[2021-05-11T07:44:08.269+0000][8][gc,marking  ] GC(257) Concurrent Scan Root Regions 1.633ms
[2021-05-11T07:44:08.269+0000][8][gc,marking  ] GC(257) Concurrent Mark (18457.654s)
[2021-05-11T07:44:08.269+0000][8][gc,marking  ] GC(257) Concurrent Mark From Roots
[2021-05-11T07:44:08.269+0000][8][gc,task     ] GC(257) Using 2 workers of 2 for marking
[2021-05-11T07:44:08.361+0000][8][gc,marking  ] GC(257) Concurrent Mark From Roots 92.107ms
[2021-05-11T07:44:08.361+0000][8][gc,marking  ] GC(257) Concurrent Preclean
[2021-05-11T07:44:08.362+0000][8][gc,marking  ] GC(257) Concurrent Preclean 0.299ms
[2021-05-11T07:44:08.362+0000][8][gc,marking  ] GC(257) Concurrent Mark (18457.654s, 18457.747s) 92.469ms
[2021-05-11T07:44:08.362+0000][8][gc,start    ] GC(257) Pause Remark
[2021-05-11T07:44:08.369+0000][8][gc          ] GC(257) Pause Remark 118M->118M(256M) 7.065ms
[2021-05-11T07:44:08.369+0000][8][gc,cpu      ] GC(257) User=0.03s Sys=0.00s Real=0.01s
[2021-05-11T07:44:08.369+0000][8][safepoint   ] Safepoint "G1Concurrent", Time since last: 94271821 ns, Reaching safepoint: 71824 ns, At safepoint: 7135896 ns, Total: 7207720 ns
[2021-05-11T07:44:08.369+0000][8][gc,marking  ] GC(257) Concurrent Rebuild Remembered Sets
[2021-05-11T07:44:08.426+0000][8][gc,marking  ] GC(257) Concurrent Rebuild Remembered Sets 57.712ms
[2021-05-11T07:44:08.427+0000][8][gc,start    ] GC(257) Pause Cleanup
[2021-05-11T07:44:08.427+0000][8][gc          ] GC(257) Pause Cleanup 118M->118M(256M) 0.088ms
[2021-05-11T07:44:08.427+0000][8][gc,cpu      ] GC(257) User=0.00s Sys=0.00s Real=0.00s
[2021-05-11T07:44:08.427+0000][8][safepoint   ] Safepoint "G1Concurrent", Time since last: 57791265 ns, Reaching safepoint: 91097 ns, At safepoint: 139144 ns, Total: 230241 ns
[2021-05-11T07:44:08.427+0000][8][gc,marking  ] GC(257) Concurrent Cleanup for Next Mark
[2021-05-11T07:44:08.427+0000][8][gc,marking  ] GC(257) Concurrent Cleanup for Next Mark 0.166ms
[2021-05-11T07:44:08.427+0000][8][gc          ] GC(257) Concurrent Cycle 159.715ms
[2021-05-11T07:46:23.282+0000][8][gc,start    ] GC(258) Pause Young (Normal) (G1 Evacuation Pause)
[2021-05-11T07:46:23.282+0000][8][gc,task     ] GC(258) Using 6 workers of 8 for evacuation
[2021-05-11T07:46:23.282+0000][8][gc,age      ] GC(258) Desired survivor size 6291456 bytes, new threshold 15 (max threshold 15)
[2021-05-11T07:46:23.284+0000][8][gc,age      ] GC(258) Age table with threshold 15 (max threshold 15)
[2021-05-11T07:46:23.284+0000][8][gc,age      ] GC(258) - age   1:     515832 bytes,     515832 total
[2021-05-11T07:46:23.284+0000][8][gc,age      ] GC(258) - age   2:     301392 bytes,     817224 total
[2021-05-11T07:46:23.284+0000][8][gc,age      ] GC(258) - age   3:        720 bytes,     817944 total
[2021-05-11T07:46:23.284+0000][8][gc,age      ] GC(258) - age   4:        136 bytes,     818080 total
[2021-05-11T07:46:23.284+0000][8][gc,age      ] GC(258) - age   5:       3152 bytes,     821232 total
[2021-05-11T07:46:23.284+0000][8][gc,age      ] GC(258) - age   6:        288 bytes,     821520 total
[2021-05-11T07:46:23.284+0000][8][gc,age      ] GC(258) - age   7:       1312 bytes,     822832 total
[2021-05-11T07:46:23.284+0000][8][gc,age      ] GC(258) - age  10:        136 bytes,     822968 total
[2021-05-11T07:46:23.284+0000][8][gc,age      ] GC(258) - age  12:        920 bytes,     823888 total
[2021-05-11T07:46:23.284+0000][8][gc,age      ] GC(258) - age  15:         24 bytes,     823912 total
[2021-05-11T07:46:23.284+0000][8][gc,phases   ] GC(258)   Pre Evacuate Collection Set: 0.1ms
[2021-05-11T07:46:23.284+0000][8][gc,phases   ] GC(258)   Merge Heap Roots: 0.1ms
[2021-05-11T07:46:23.284+0000][8][gc,phases   ] GC(258)   Evacuate Collection Set: 0.9ms
[2021-05-11T07:46:23.284+0000][8][gc,phases   ] GC(258)   Post Evacuate Collection Set: 0.6ms
[2021-05-11T07:46:23.284+0000][8][gc,phases   ] GC(258)   Other: 0.3ms
[2021-05-11T07:46:23.284+0000][8][gc,heap     ] GC(258) Eden regions: 21->0(21)
[2021-05-11T07:46:23.284+0000][8][gc,heap     ] GC(258) Survivor regions: 1->1(3)
[2021-05-11T07:46:23.284+0000][8][gc,heap     ] GC(258) Old regions: 27->27
[2021-05-11T07:46:23.284+0000][8][gc,heap     ] GC(258) Archive regions: 2->2
[2021-05-11T07:46:23.284+0000][8][gc,heap     ] GC(258) Humongous regions: 2->2
[2021-05-11T07:46:23.284+0000][8][gc,metaspace] GC(258) Metaspace: 108923K(113776K)->108923K(113776K) NonClass: 95024K(98544K)->95024K(98544K) Class: 13898K(15232K)->13898K(15232K)
[2021-05-11T07:46:23.284+0000][8][gc          ] GC(258) Pause Young (Normal) (G1 Evacuation Pause) 202M->118M(256M) 1.898ms
[2021-05-11T07:46:23.284+0000][8][gc,cpu      ] GC(258) User=0.01s Sys=0.00s Real=0.00s
[2021-05-11T07:46:23.284+0000][8][safepoint   ] Safepoint "G1CollectForAllocation", Time since last: 134855436745 ns, Reaching safepoint: 141598 ns, At safepoint: 1980582 ns, Total: 2122180 ns
[2021-05-11T07:48:26.381+0000][8][gc,start    ] GC(259) Pause Young (Concurrent Start) (G1 Evacuation Pause)
[2021-05-11T07:48:26.381+0000][8][gc,task     ] GC(259) Using 6 workers of 8 for evacuation
[2021-05-11T07:48:26.381+0000][8][gc,age      ] GC(259) Desired survivor size 6291456 bytes, new threshold 15 (max threshold 15)
[2021-05-11T07:48:26.383+0000][8][gc,age      ] GC(259) Age table with threshold 15 (max threshold 15)
[2021-05-11T07:48:26.383+0000][8][gc,age      ] GC(259) - age   1:     315440 bytes,     315440 total
[2021-05-11T07:48:26.383+0000][8][gc,age      ] GC(259) - age   2:        480 bytes,     315920 total
[2021-05-11T07:48:26.383+0000][8][gc,age      ] GC(259) - age   3:     180048 bytes,     495968 total
[2021-05-11T07:48:26.383+0000][8][gc,age      ] GC(259) - age   4:        552 bytes,     496520 total
[2021-05-11T07:48:26.383+0000][8][gc,age      ] GC(259) - age   5:        136 bytes,     496656 total
[2021-05-11T07:48:26.383+0000][8][gc,age      ] GC(259) - age   6:        656 bytes,     497312 total
[2021-05-11T07:48:26.383+0000][8][gc,age      ] GC(259) - age   7:        288 bytes,     497600 total
[2021-05-11T07:48:26.383+0000][8][gc,age      ] GC(259) - age   8:       1312 bytes,     498912 total
[2021-05-11T07:48:26.383+0000][8][gc,age      ] GC(259) - age  11:        136 bytes,     499048 total
[2021-05-11T07:48:26.383+0000][8][gc,age      ] GC(259) - age  13:        920 bytes,     499968 total
[2021-05-11T07:48:26.383+0000][8][gc,phases   ] GC(259)   Pre Evacuate Collection Set: 0.1ms
[2021-05-11T07:48:26.383+0000][8][gc,phases   ] GC(259)   Merge Heap Roots: 0.0ms
[2021-05-11T07:48:26.383+0000][8][gc,phases   ] GC(259)   Evacuate Collection Set: 1.0ms
[2021-05-11T07:48:26.383+0000][8][gc,phases   ] GC(259)   Post Evacuate Collection Set: 0.4ms
[2021-05-11T07:48:26.383+0000][8][gc,phases   ] GC(259)   Other: 0.2ms
[2021-05-11T07:48:26.383+0000][8][gc,heap     ] GC(259) Eden regions: 21->0(21)
[2021-05-11T07:48:26.383+0000][8][gc,heap     ] GC(259) Survivor regions: 1->1(3)
[2021-05-11T07:48:26.383+0000][8][gc,heap     ] GC(259) Old regions: 27->27
[2021-05-11T07:48:26.383+0000][8][gc,heap     ] GC(259) Archive regions: 2->2
[2021-05-11T07:48:26.383+0000][8][gc,heap     ] GC(259) Humongous regions: 2->2
[2021-05-11T07:48:26.383+0000][8][gc,metaspace] GC(259) Metaspace: 108924K(113776K)->108924K(113776K) NonClass: 95026K(98544K)->95026K(98544K) Class: 13898K(15232K)->13898K(15232K)
[2021-05-11T07:48:26.383+0000][8][gc          ] GC(259) Pause Young (Concurrent Start) (G1 Evacuation Pause) 202M->117M(256M) 1.795ms
[2021-05-11T07:48:26.383+0000][8][gc,cpu      ] GC(259) User=0.01s Sys=0.00s Real=0.01s
[2021-05-11T07:48:26.383+0000][8][gc          ] GC(260) Concurrent Cycle
[2021-05-11T07:48:26.383+0000][8][gc,marking  ] GC(260) Concurrent Clear Claimed Marks
[2021-05-11T07:48:26.383+0000][8][gc,marking  ] GC(260) Concurrent Clear Claimed Marks 0.072ms
[2021-05-11T07:48:26.383+0000][8][gc,marking  ] GC(260) Concurrent Scan Root Regions
[2021-05-11T07:48:26.383+0000][8][safepoint   ] Safepoint "G1CollectForAllocation", Time since last: 123096921678 ns, Reaching safepoint: 89294 ns, At safepoint: 2039623 ns, Total: 2128917 ns
[2021-05-11T07:48:26.385+0000][8][gc,marking  ] GC(260) Concurrent Scan Root Regions 1.430ms
[2021-05-11T07:48:26.385+0000][8][gc,marking  ] GC(260) Concurrent Mark (18715.770s)
[2021-05-11T07:48:26.385+0000][8][gc,marking  ] GC(260) Concurrent Mark From Roots
[2021-05-11T07:48:26.385+0000][8][gc,task     ] GC(260) Using 2 workers of 2 for marking
[2021-05-11T07:48:26.479+0000][8][gc,marking  ] GC(260) Concurrent Mark From Roots 94.214ms
[2021-05-11T07:48:26.479+0000][8][gc,marking  ] GC(260) Concurrent Preclean
[2021-05-11T07:48:26.479+0000][8][gc,marking  ] GC(260) Concurrent Preclean 0.222ms
[2021-05-11T07:48:26.479+0000][8][gc,marking  ] GC(260) Concurrent Mark (18715.770s, 18715.865s) 94.484ms
[2021-05-11T07:48:26.479+0000][8][gc,start    ] GC(260) Pause Remark
[2021-05-11T07:48:26.485+0000][8][gc          ] GC(260) Pause Remark 122M->122M(256M) 5.494ms
[2021-05-11T07:48:26.485+0000][8][gc,cpu      ] GC(260) User=0.03s Sys=0.00s Real=0.01s
[2021-05-11T07:48:26.485+0000][8][safepoint   ] Safepoint "G1Concurrent", Time since last: 95925955 ns, Reaching safepoint: 81306 ns, At safepoint: 5582730 ns, Total: 5664036 ns
[2021-05-11T07:48:26.485+0000][8][gc,marking  ] GC(260) Concurrent Rebuild Remembered Sets
[2021-05-11T07:48:26.545+0000][8][gc,marking  ] GC(260) Concurrent Rebuild Remembered Sets 59.524ms
[2021-05-11T07:48:26.545+0000][8][gc,start    ] GC(260) Pause Cleanup
[2021-05-11T07:48:26.545+0000][8][gc          ] GC(260) Pause Cleanup 122M->122M(256M) 0.059ms
[2021-05-11T07:48:26.545+0000][8][gc,cpu      ] GC(260) User=0.00s Sys=0.00s Real=0.00s
[2021-05-11T07:48:26.545+0000][8][safepoint   ] Safepoint "G1Concurrent", Time since last: 59639340 ns, Reaching safepoint: 78604 ns, At safepoint: 105835 ns, Total: 184439 ns
[2021-05-11T07:48:26.545+0000][8][gc,marking  ] GC(260) Concurrent Cleanup for Next Mark
[2021-05-11T07:48:26.545+0000][8][gc,marking  ] GC(260) Concurrent Cleanup for Next Mark 0.114ms
[2021-05-11T07:48:26.545+0000][8][gc          ] GC(260) Concurrent Cycle 161.739ms
[2021-05-11T07:50:38.308+0000][8][gc,start    ] GC(261) Pause Young (Normal) (G1 Evacuation Pause)
[2021-05-11T07:50:38.308+0000][8][gc,task     ] GC(261) Using 6 workers of 8 for evacuation
[2021-05-11T07:50:38.308+0000][8][gc,age      ] GC(261) Desired survivor size 6291456 bytes, new threshold 15 (max threshold 15)
[2021-05-11T07:50:38.310+0000][8][gc,age      ] GC(261) Age table with threshold 15 (max threshold 15)
[2021-05-11T07:50:38.310+0000][8][gc,age      ] GC(261) - age   1:     522952 bytes,     522952 total
[2021-05-11T07:50:38.310+0000][8][gc,age      ] GC(261) - age   2:       2720 bytes,     525672 total
[2021-05-11T07:50:38.310+0000][8][gc,age      ] GC(261) - age   3:        240 bytes,     525912 total
[2021-05-11T07:50:38.310+0000][8][gc,age      ] GC(261) - age   4:     180024 bytes,     705936 total
[2021-05-11T07:50:38.310+0000][8][gc,age      ] GC(261) - age   5:        552 bytes,     706488 total
[2021-05-11T07:50:38.310+0000][8][gc,age      ] GC(261) - age   6:        136 bytes,     706624 total
[2021-05-11T07:50:38.310+0000][8][gc,age      ] GC(261) - age   7:        656 bytes,     707280 total
[2021-05-11T07:50:38.310+0000][8][gc,age      ] GC(261) - age   8:        288 bytes,     707568 total
[2021-05-11T07:50:38.310+0000][8][gc,age      ] GC(261) - age   9:       1312 bytes,     708880 total
[2021-05-11T07:50:38.310+0000][8][gc,age      ] GC(261) - age  12:        136 bytes,     709016 total
[2021-05-11T07:50:38.310+0000][8][gc,age      ] GC(261) - age  14:        920 bytes,     709936 total
[2021-05-11T07:50:38.310+0000][8][gc,phases   ] GC(261)   Pre Evacuate Collection Set: 0.0ms
[2021-05-11T07:50:38.310+0000][8][gc,phases   ] GC(261)   Merge Heap Roots: 0.1ms
[2021-05-11T07:50:38.310+0000][8][gc,phases   ] GC(261)   Evacuate Collection Set: 0.7ms
[2021-05-11T07:50:38.310+0000][8][gc,phases   ] GC(261)   Post Evacuate Collection Set: 0.5ms
[2021-05-11T07:50:38.310+0000][8][gc,phases   ] GC(261)   Other: 0.2ms
[2021-05-11T07:50:38.310+0000][8][gc,heap     ] GC(261) Eden regions: 21->0(21)
[2021-05-11T07:50:38.310+0000][8][gc,heap     ] GC(261) Survivor regions: 1->1(3)
[2021-05-11T07:50:38.310+0000][8][gc,heap     ] GC(261) Old regions: 27->27
[2021-05-11T07:50:38.310+0000][8][gc,heap     ] GC(261) Archive regions: 2->2
[2021-05-11T07:50:38.310+0000][8][gc,heap     ] GC(261) Humongous regions: 2->2
[2021-05-11T07:50:38.310+0000][8][gc,metaspace] GC(261) Metaspace: 108924K(113776K)->108924K(113776K) NonClass: 95026K(98544K)->95026K(98544K) Class: 13898K(15232K)->13898K(15232K)
[2021-05-11T07:50:38.310+0000][8][gc          ] GC(261) Pause Young (Normal) (G1 Evacuation Pause) 201M->117M(256M) 1.635ms
[2021-05-11T07:50:38.310+0000][8][gc,cpu      ] GC(261) User=0.00s Sys=0.00s Real=0.01s
[2021-05-11T07:50:38.310+0000][8][safepoint   ] Safepoint "G1CollectForAllocation", Time since last: 131763514630 ns, Reaching safepoint: 72698 ns, At safepoint: 1702960 ns, Total: 1775658 ns
[2021-05-11T07:52:44.896+0000][8][gc,start    ] GC(262) Pause Young (Concurrent Start) (G1 Evacuation Pause)
[2021-05-11T07:52:44.896+0000][8][gc,task     ] GC(262) Using 6 workers of 8 for evacuation
[2021-05-11T07:52:44.896+0000][8][gc,age      ] GC(262) Desired survivor size 6291456 bytes, new threshold 15 (max threshold 15)
[2021-05-11T07:52:44.898+0000][8][gc,age      ] GC(262) Age table with threshold 15 (max threshold 15)
[2021-05-11T07:52:44.898+0000][8][gc,age      ] GC(262) - age   1:     513200 bytes,     513200 total
[2021-05-11T07:52:44.898+0000][8][gc,age      ] GC(262) - age   2:        280 bytes,     513480 total
[2021-05-11T07:52:44.898+0000][8][gc,age      ] GC(262) - age   3:       2552 bytes,     516032 total
[2021-05-11T07:52:44.898+0000][8][gc,age      ] GC(262) - age   4:        240 bytes,     516272 total
[2021-05-11T07:52:44.898+0000][8][gc,age      ] GC(262) - age   5:     180024 bytes,     696296 total
[2021-05-11T07:52:44.898+0000][8][gc,age      ] GC(262) - age   6:        192 bytes,     696488 total
[2021-05-11T07:52:44.898+0000][8][gc,age      ] GC(262) - age   7:        136 bytes,     696624 total
[2021-05-11T07:52:44.898+0000][8][gc,age      ] GC(262) - age   8:        448 bytes,     697072 total
[2021-05-11T07:52:44.898+0000][8][gc,age      ] GC(262) - age   9:        288 bytes,     697360 total
[2021-05-11T07:52:44.898+0000][8][gc,age      ] GC(262) - age  10:       1312 bytes,     698672 total
[2021-05-11T07:52:44.898+0000][8][gc,age      ] GC(262) - age  13:        136 bytes,     698808 total
[2021-05-11T07:52:44.898+0000][8][gc,age      ] GC(262) - age  15:        920 bytes,     699728 total
[2021-05-11T07:52:44.898+0000][8][gc,phases   ] GC(262)   Pre Evacuate Collection Set: 0.1ms
[2021-05-11T07:52:44.898+0000][8][gc,phases   ] GC(262)   Merge Heap Roots: 0.0ms
[2021-05-11T07:52:44.898+0000][8][gc,phases   ] GC(262)   Evacuate Collection Set: 0.9ms
[2021-05-11T07:52:44.898+0000][8][gc,phases   ] GC(262)   Post Evacuate Collection Set: 0.4ms
[2021-05-11T07:52:44.898+0000][8][gc,phases   ] GC(262)   Other: 0.3ms
[2021-05-11T07:52:44.898+0000][8][gc,heap     ] GC(262) Eden regions: 21->0(21)
[2021-05-11T07:52:44.898+0000][8][gc,heap     ] GC(262) Survivor regions: 1->1(3)
[2021-05-11T07:52:44.898+0000][8][gc,heap     ] GC(262) Old regions: 27->27
[2021-05-11T07:52:44.898+0000][8][gc,heap     ] GC(262) Archive regions: 2->2
[2021-05-11T07:52:44.898+0000][8][gc,heap     ] GC(262) Humongous regions: 2->2
[2021-05-11T07:52:44.898+0000][8][gc,metaspace] GC(262) Metaspace: 108924K(113776K)->108924K(113776K) NonClass: 95026K(98544K)->95026K(98544K) Class: 13898K(15232K)->13898K(15232K)
[2021-05-11T07:52:44.898+0000][8][gc          ] GC(262) Pause Young (Concurrent Start) (G1 Evacuation Pause) 201M->117M(256M) 1.849ms
[2021-05-11T07:52:44.898+0000][8][gc,cpu      ] GC(262) User=0.00s Sys=0.00s Real=0.00s
[2021-05-11T07:52:44.898+0000][8][safepoint   ] Safepoint "G1CollectForAllocation", Time since last: 126585919229 ns, Reaching safepoint: 98729 ns, At safepoint: 1911955 ns, Total: 2010684 ns
[2021-05-11T07:52:44.898+0000][8][gc          ] GC(263) Concurrent Cycle
[2021-05-11T07:52:44.898+0000][8][gc,marking  ] GC(263) Concurrent Clear Claimed Marks
[2021-05-11T07:52:44.898+0000][8][gc,marking  ] GC(263) Concurrent Clear Claimed Marks 0.051ms
[2021-05-11T07:52:44.898+0000][8][gc,marking  ] GC(263) Concurrent Scan Root Regions
[2021-05-11T07:52:44.900+0000][8][gc,marking  ] GC(263) Concurrent Scan Root Regions 1.885ms
[2021-05-11T07:52:44.900+0000][8][gc,marking  ] GC(263) Concurrent Mark (18974.285s)
[2021-05-11T07:52:44.900+0000][8][gc,marking  ] GC(263) Concurrent Mark From Roots
[2021-05-11T07:52:44.900+0000][8][gc,task     ] GC(263) Using 2 workers of 2 for marking
[2021-05-11T07:52:44.983+0000][8][gc,marking  ] GC(263) Concurrent Mark From Roots 83.117ms
[2021-05-11T07:52:44.983+0000][8][gc,marking  ] GC(263) Concurrent Preclean
[2021-05-11T07:52:44.983+0000][8][gc,marking  ] GC(263) Concurrent Preclean 0.296ms
[2021-05-11T07:52:44.983+0000][8][gc,marking  ] GC(263) Concurrent Mark (18974.285s, 18974.369s) 83.468ms
[2021-05-11T07:52:44.984+0000][8][gc,start    ] GC(263) Pause Remark
[2021-05-11T07:52:44.989+0000][8][gc          ] GC(263) Pause Remark 119M->119M(256M) 5.483ms
[2021-05-11T07:52:44.989+0000][8][gc,cpu      ] GC(263) User=0.03s Sys=0.00s Real=0.00s
[2021-05-11T07:52:44.989+0000][8][safepoint   ] Safepoint "G1Concurrent", Time since last: 85484135 ns, Reaching safepoint: 84415 ns, At safepoint: 5566510 ns, Total: 5650925 ns
[2021-05-11T07:52:44.989+0000][8][gc,marking  ] GC(263) Concurrent Rebuild Remembered Sets
[2021-05-11T07:52:45.045+0000][8][gc,marking  ] GC(263) Concurrent Rebuild Remembered Sets 55.882ms
[2021-05-11T07:52:45.045+0000][8][gc,start    ] GC(263) Pause Cleanup
[2021-05-11T07:52:45.045+0000][8][gc          ] GC(263) Pause Cleanup 119M->119M(256M) 0.069ms
[2021-05-11T07:52:45.045+0000][8][gc,cpu      ] GC(263) User=0.00s Sys=0.00s Real=0.00s
[2021-05-11T07:52:45.045+0000][8][safepoint   ] Safepoint "G1Concurrent", Time since last: 55996599 ns, Reaching safepoint: 76265 ns, At safepoint: 104588 ns, Total: 180853 ns
[2021-05-11T07:52:45.045+0000][8][gc,marking  ] GC(263) Concurrent Cleanup for Next Mark
[2021-05-11T07:52:45.045+0000][8][gc,marking  ] GC(263) Concurrent Cleanup for Next Mark 0.130ms
[2021-05-11T07:52:45.045+0000][8][gc          ] GC(263) Concurrent Cycle 147.475ms
[2021-05-11T07:52:51.046+0000][8][safepoint   ] Safepoint "Cleanup", Time since last: 6000734072 ns, Reaching safepoint: 189322 ns, At safepoint: 6468 ns, Total: 195790 ns
[2021-05-11T07:54:25.938+0000][8][gc,start    ] GC(264) Pause Young (Normal) (G1 Evacuation Pause)
[2021-05-11T07:54:25.938+0000][8][gc,task     ] GC(264) Using 6 workers of 8 for evacuation
[2021-05-11T07:54:25.938+0000][8][gc,age      ] GC(264) Desired survivor size 6291456 bytes, new threshold 15 (max threshold 15)
[2021-05-11T07:54:25.940+0000][8][gc,age      ] GC(264) Age table with threshold 15 (max threshold 15)
[2021-05-11T07:54:25.940+0000][8][gc,age      ] GC(264) - age   1:     576064 bytes,     576064 total
[2021-05-11T07:54:25.940+0000][8][gc,age      ] GC(264) - age   2:       1088 bytes,     577152 total
[2021-05-11T07:54:25.940+0000][8][gc,age      ] GC(264) - age   3:        248 bytes,     577400 total
[2021-05-11T07:54:25.940+0000][8][gc,age      ] GC(264) - age   4:       2496 bytes,     579896 total
[2021-05-11T07:54:25.940+0000][8][gc,age      ] GC(264) - age   6:       5376 bytes,     585272 total
[2021-05-11T07:54:25.940+0000][8][gc,age      ] GC(264) - age   7:        192 bytes,     585464 total
[2021-05-11T07:54:25.940+0000][8][gc,age      ] GC(264) - age   8:         40 bytes,     585504 total
[2021-05-11T07:54:25.940+0000][8][gc,age      ] GC(264) - age   9:        208 bytes,     585712 total
[2021-05-11T07:54:25.940+0000][8][gc,age      ] GC(264) - age  10:        288 bytes,     586000 total
[2021-05-11T07:54:25.940+0000][8][gc,age      ] GC(264) - age  11:        336 bytes,     586336 total
[2021-05-11T07:54:25.940+0000][8][gc,age      ] GC(264) - age  14:        136 bytes,     586472 total
[2021-05-11T07:54:25.940+0000][8][gc,phases   ] GC(264)   Pre Evacuate Collection Set: 0.1ms
[2021-05-11T07:54:25.940+0000][8][gc,phases   ] GC(264)   Merge Heap Roots: 0.0ms
[2021-05-11T07:54:25.940+0000][8][gc,phases   ] GC(264)   Evacuate Collection Set: 0.9ms
[2021-05-11T07:54:25.940+0000][8][gc,phases   ] GC(264)   Post Evacuate Collection Set: 0.6ms
[2021-05-11T07:54:25.940+0000][8][gc,phases   ] GC(264)   Other: 0.3ms
[2021-05-11T07:54:25.940+0000][8][gc,heap     ] GC(264) Eden regions: 21->0(21)
[2021-05-11T07:54:25.940+0000][8][gc,heap     ] GC(264) Survivor regions: 1->1(3)
[2021-05-11T07:54:25.940+0000][8][gc,heap     ] GC(264) Old regions: 27->27
[2021-05-11T07:54:25.940+0000][8][gc,heap     ] GC(264) Archive regions: 2->2
[2021-05-11T07:54:25.940+0000][8][gc,heap     ] GC(264) Humongous regions: 2->2
[2021-05-11T07:54:25.940+0000][8][gc,metaspace] GC(264) Metaspace: 108947K(113776K)->108947K(113776K) NonClass: 95049K(98544K)->95049K(98544K) Class: 13898K(15232K)->13898K(15232K)
[2021-05-11T07:54:25.940+0000][8][gc          ] GC(264) Pause Young (Normal) (G1 Evacuation Pause) 201M->117M(256M) 2.022ms
[2021-05-11T07:54:25.940+0000][8][gc,cpu      ] GC(264) User=0.01s Sys=0.00s Real=0.00s
[2021-05-11T07:54:25.940+0000][8][safepoint   ] Safepoint "G1CollectForAllocation", Time since last: 94891715413 ns, Reaching safepoint: 124779 ns, At safepoint: 2104220 ns, Total: 2228999 ns
[2021-05-11T07:55:48.948+0000][8][safepoint   ] Safepoint "Cleanup", Time since last: 83007331571 ns, Reaching safepoint: 124018 ns, At safepoint: 6952 ns, Total: 130970 ns
[2021-05-11T07:56:25.952+0000][8][safepoint   ] Safepoint "Cleanup", Time since last: 37003700975 ns, Reaching safepoint: 140527 ns, At safepoint: 7275 ns, Total: 147802 ns
[2021-05-11T07:56:38.343+0000][8][gc,start    ] GC(265) Pause Young (Concurrent Start) (G1 Evacuation Pause)
[2021-05-11T07:56:38.343+0000][8][gc,task     ] GC(265) Using 6 workers of 8 for evacuation
[2021-05-11T07:56:38.343+0000][8][gc,age      ] GC(265) Desired survivor size 6291456 bytes, new threshold 15 (max threshold 15)
[2021-05-11T07:56:38.345+0000][8][gc,age      ] GC(265) Age table with threshold 15 (max threshold 15)
[2021-05-11T07:56:38.345+0000][8][gc,age      ] GC(265) - age   1:     523816 bytes,     523816 total
[2021-05-11T07:56:38.345+0000][8][gc,age      ] GC(265) - age   2:     273632 bytes,     797448 total
[2021-05-11T07:56:38.345+0000][8][gc,age      ] GC(265) - age   3:        896 bytes,     798344 total
[2021-05-11T07:56:38.345+0000][8][gc,age      ] GC(265) - age   4:        248 bytes,     798592 total
[2021-05-11T07:56:38.345+0000][8][gc,age      ] GC(265) - age   5:       2496 bytes,     801088 total
[2021-05-11T07:56:38.345+0000][8][gc,age      ] GC(265) - age   7:       5376 bytes,     806464 total
[2021-05-11T07:56:38.345+0000][8][gc,age      ] GC(265) - age   8:        192 bytes,     806656 total
[2021-05-11T07:56:38.345+0000][8][gc,age      ] GC(265) - age   9:         40 bytes,     806696 total
[2021-05-11T07:56:38.345+0000][8][gc,age      ] GC(265) - age  10:        208 bytes,     806904 total
[2021-05-11T07:56:38.345+0000][8][gc,age      ] GC(265) - age  11:        288 bytes,     807192 total
[2021-05-11T07:56:38.345+0000][8][gc,age      ] GC(265) - age  12:        336 bytes,     807528 total
[2021-05-11T07:56:38.345+0000][8][gc,age      ] GC(265) - age  15:         40 bytes,     807568 total
[2021-05-11T07:56:38.345+0000][8][gc,phases   ] GC(265)   Pre Evacuate Collection Set: 0.1ms
[2021-05-11T07:56:38.345+0000][8][gc,phases   ] GC(265)   Merge Heap Roots: 0.0ms
[2021-05-11T07:56:38.345+0000][8][gc,phases   ] GC(265)   Evacuate Collection Set: 1.0ms
[2021-05-11T07:56:38.345+0000][8][gc,phases   ] GC(265)   Post Evacuate Collection Set: 0.3ms
[2021-05-11T07:56:38.345+0000][8][gc,phases   ] GC(265)   Other: 0.2ms
[2021-05-11T07:56:38.345+0000][8][gc,heap     ] GC(265) Eden regions: 21->0(21)
[2021-05-11T07:56:38.345+0000][8][gc,heap     ] GC(265) Survivor regions: 1->1(3)
[2021-05-11T07:56:38.345+0000][8][gc,heap     ] GC(265) Old regions: 27->27
[2021-05-11T07:56:38.345+0000][8][gc,heap     ] GC(265) Archive regions: 2->2
[2021-05-11T07:56:38.345+0000][8][gc,heap     ] GC(265) Humongous regions: 2->2
[2021-05-11T07:56:38.345+0000][8][gc,metaspace] GC(265) Metaspace: 108966K(113776K)->108966K(113776K) NonClass: 95067K(98544K)->95067K(98544K) Class: 13898K(15232K)->13898K(15232K)
[2021-05-11T07:56:38.345+0000][8][gc          ] GC(265) Pause Young (Concurrent Start) (G1 Evacuation Pause) 201M->118M(256M) 1.739ms
[2021-05-11T07:56:38.345+0000][8][gc,cpu      ] GC(265) User=0.01s Sys=0.00s Real=0.00s
[2021-05-11T07:56:38.345+0000][8][gc          ] GC(266) Concurrent Cycle
[2021-05-11T07:56:38.345+0000][8][safepoint   ] Safepoint "G1CollectForAllocation", Time since last: 12391459160 ns, Reaching safepoint: 69233 ns, At safepoint: 1809019 ns, Total: 1878252 ns
[2021-05-11T07:56:38.345+0000][8][gc,marking  ] GC(266) Concurrent Clear Claimed Marks
[2021-05-11T07:56:38.345+0000][8][gc,marking  ] GC(266) Concurrent Clear Claimed Marks 0.057ms
[2021-05-11T07:56:38.345+0000][8][gc,marking  ] GC(266) Concurrent Scan Root Regions
[2021-05-11T07:56:38.346+0000][8][gc,marking  ] GC(266) Concurrent Scan Root Regions 1.543ms
[2021-05-11T07:56:38.346+0000][8][gc,marking  ] GC(266) Concurrent Mark (19207.732s)
[2021-05-11T07:56:38.346+0000][8][gc,marking  ] GC(266) Concurrent Mark From Roots
[2021-05-11T07:56:38.346+0000][8][gc,task     ] GC(266) Using 2 workers of 2 for marking
[2021-05-11T07:56:38.437+0000][8][gc,marking  ] GC(266) Concurrent Mark From Roots 90.251ms
[2021-05-11T07:56:38.437+0000][8][gc,marking  ] GC(266) Concurrent Preclean
[2021-05-11T07:56:38.437+0000][8][gc,marking  ] GC(266) Concurrent Preclean 0.322ms
[2021-05-11T07:56:38.437+0000][8][gc,marking  ] GC(266) Concurrent Mark (19207.732s, 19207.823s) 90.654ms
[2021-05-11T07:56:38.437+0000][8][gc,start    ] GC(266) Pause Remark
[2021-05-11T07:56:38.445+0000][8][gc          ] GC(266) Pause Remark 118M->118M(256M) 7.987ms
[2021-05-11T07:56:38.445+0000][8][gc,cpu      ] GC(266) User=0.04s Sys=0.00s Real=0.01s
[2021-05-11T07:56:38.445+0000][8][safepoint   ] Safepoint "G1Concurrent", Time since last: 92360475 ns, Reaching safepoint: 92948 ns, At safepoint: 8075376 ns, Total: 8168324 ns
[2021-05-11T07:56:38.445+0000][8][gc,marking  ] GC(266) Concurrent Rebuild Remembered Sets
[2021-05-11T07:56:38.508+0000][8][gc,marking  ] GC(266) Concurrent Rebuild Remembered Sets 63.058ms
[2021-05-11T07:56:38.509+0000][8][gc,start    ] GC(266) Pause Cleanup
[2021-05-11T07:56:38.509+0000][8][gc          ] GC(266) Pause Cleanup 118M->118M(256M) 0.072ms
[2021-05-11T07:56:38.509+0000][8][gc,cpu      ] GC(266) User=0.00s Sys=0.00s Real=0.00s
[2021-05-11T07:56:38.509+0000][8][safepoint   ] Safepoint "G1Concurrent", Time since last: 63145602 ns, Reaching safepoint: 79891 ns, At safepoint: 126911 ns, Total: 206802 ns
[2021-05-11T07:56:38.509+0000][8][gc,marking  ] GC(266) Concurrent Cleanup for Next Mark
[2021-05-11T07:56:38.509+0000][8][gc,marking  ] GC(266) Concurrent Cleanup for Next Mark 0.198ms
[2021-05-11T07:56:38.509+0000][8][gc          ] GC(266) Concurrent Cycle 164.130ms
[2021-05-11T07:56:52.510+0000][8][safepoint   ] Safepoint "Cleanup", Time since last: 14001175486 ns, Reaching safepoint: 118385 ns, At safepoint: 7011 ns, Total: 125396 ns
[2021-05-11T07:56:55.510+0000][8][safepoint   ] Safepoint "Cleanup", Time since last: 3000232919 ns, Reaching safepoint: 188148 ns, At safepoint: 14420 ns, Total: 202568 ns
[2021-05-11T07:57:18.513+0000][8][safepoint   ] Safepoint "Cleanup", Time since last: 23002344786 ns, Reaching safepoint: 164470 ns, At safepoint: 4813 ns, Total: 169283 ns
[2021-05-11T07:58:43.610+0000][8][gc,start    ] GC(267) Pause Young (Normal) (G1 Evacuation Pause)
[2021-05-11T07:58:43.610+0000][8][gc,task     ] GC(267) Using 6 workers of 8 for evacuation
[2021-05-11T07:58:43.610+0000][8][gc,age      ] GC(267) Desired survivor size 6291456 bytes, new threshold 15 (max threshold 15)
[2021-05-11T07:58:43.611+0000][8][gc,age      ] GC(267) Age table with threshold 15 (max threshold 15)
[2021-05-11T07:58:43.611+0000][8][gc,age      ] GC(267) - age   1:     515696 bytes,     515696 total
[2021-05-11T07:58:43.611+0000][8][gc,age      ] GC(267) - age   2:       1832 bytes,     517528 total
[2021-05-11T07:58:43.611+0000][8][gc,age      ] GC(267) - age   3:     152568 bytes,     670096 total
[2021-05-11T07:58:43.611+0000][8][gc,age      ] GC(267) - age   4:        208 bytes,     670304 total
[2021-05-11T07:58:43.611+0000][8][gc,age      ] GC(267) - age   5:        224 bytes,     670528 total
[2021-05-11T07:58:43.611+0000][8][gc,age      ] GC(267) - age   8:       5376 bytes,     675904 total
[2021-05-11T07:58:43.611+0000][8][gc,age      ] GC(267) - age   9:        192 bytes,     676096 total
[2021-05-11T07:58:43.611+0000][8][gc,age      ] GC(267) - age  10:         40 bytes,     676136 total
[2021-05-11T07:58:43.611+0000][8][gc,age      ] GC(267) - age  11:        208 bytes,     676344 total
[2021-05-11T07:58:43.611+0000][8][gc,age      ] GC(267) - age  12:        288 bytes,     676632 total
[2021-05-11T07:58:43.611+0000][8][gc,age      ] GC(267) - age  13:        336 bytes,     676968 total
[2021-05-11T07:58:43.611+0000][8][gc,phases   ] GC(267)   Pre Evacuate Collection Set: 0.0ms
[2021-05-11T07:58:43.611+0000][8][gc,phases   ] GC(267)   Merge Heap Roots: 0.0ms
[2021-05-11T07:58:43.611+0000][8][gc,phases   ] GC(267)   Evacuate Collection Set: 0.7ms
[2021-05-11T07:58:43.611+0000][8][gc,phases   ] GC(267)   Post Evacuate Collection Set: 0.5ms
[2021-05-11T07:58:43.611+0000][8][gc,phases   ] GC(267)   Other: 0.2ms
[2021-05-11T07:58:43.611+0000][8][gc,heap     ] GC(267) Eden regions: 21->0(21)
[2021-05-11T07:58:43.611+0000][8][gc,heap     ] GC(267) Survivor regions: 1->1(3)
[2021-05-11T07:58:43.611+0000][8][gc,heap     ] GC(267) Old regions: 27->27
[2021-05-11T07:58:43.611+0000][8][gc,heap     ] GC(267) Archive regions: 2->2
[2021-05-11T07:58:43.611+0000][8][gc,heap     ] GC(267) Humongous regions: 2->2
[2021-05-11T07:58:43.611+0000][8][gc,metaspace] GC(267) Metaspace: 108966K(113776K)->108966K(113776K) NonClass: 95067K(98544K)->95067K(98544K) Class: 13898K(15232K)->13898K(15232K)
[2021-05-11T07:58:43.612+0000][8][gc          ] GC(267) Pause Young (Normal) (G1 Evacuation Pause) 202M->117M(256M) 1.626ms
[2021-05-11T07:58:43.612+0000][8][gc,cpu      ] GC(267) User=0.00s Sys=0.00s Real=0.00s
[2021-05-11T07:58:43.612+0000][8][safepoint   ] Safepoint "G1CollectForAllocation", Time since last: 85096763480 ns, Reaching safepoint: 111764 ns, At safepoint: 1693892 ns, Total: 1805656 ns
[2021-05-11T08:00:55.241+0000][8][gc,start    ] GC(268) Pause Young (Concurrent Start) (G1 Evacuation Pause)
[2021-05-11T08:00:55.241+0000][8][gc,task     ] GC(268) Using 6 workers of 8 for evacuation
[2021-05-11T08:00:55.241+0000][8][gc,age      ] GC(268) Desired survivor size 6291456 bytes, new threshold 15 (max threshold 15)
[2021-05-11T08:00:55.242+0000][8][gc,age      ] GC(268) Age table with threshold 15 (max threshold 15)
[2021-05-11T08:00:55.242+0000][8][gc,age      ] GC(268) - age   1:     510144 bytes,     510144 total
[2021-05-11T08:00:55.242+0000][8][gc,age      ] GC(268) - age   2:       3664 bytes,     513808 total
[2021-05-11T08:00:55.242+0000][8][gc,age      ] GC(268) - age   3:       1712 bytes,     515520 total
[2021-05-11T08:00:55.242+0000][8][gc,age      ] GC(268) - age   4:     152376 bytes,     667896 total
[2021-05-11T08:00:55.242+0000][8][gc,age      ] GC(268) - age   5:        208 bytes,     668104 total
[2021-05-11T08:00:55.242+0000][8][gc,age      ] GC(268) - age   6:         24 bytes,     668128 total
[2021-05-11T08:00:55.242+0000][8][gc,age      ] GC(268) - age   9:       5376 bytes,     673504 total
[2021-05-11T08:00:55.242+0000][8][gc,age      ] GC(268) - age  10:        192 bytes,     673696 total
[2021-05-11T08:00:55.242+0000][8][gc,age      ] GC(268) - age  12:        208 bytes,     673904 total
[2021-05-11T08:00:55.242+0000][8][gc,age      ] GC(268) - age  13:        288 bytes,     674192 total
[2021-05-11T08:00:55.242+0000][8][gc,age      ] GC(268) - age  14:        336 bytes,     674528 total
[2021-05-11T08:00:55.242+0000][8][gc,phases   ] GC(268)   Pre Evacuate Collection Set: 0.1ms
[2021-05-11T08:00:55.242+0000][8][gc,phases   ] GC(268)   Merge Heap Roots: 0.0ms
[2021-05-11T08:00:55.242+0000][8][gc,phases   ] GC(268)   Evacuate Collection Set: 1.0ms
[2021-05-11T08:00:55.242+0000][8][gc,phases   ] GC(268)   Post Evacuate Collection Set: 0.4ms
[2021-05-11T08:00:55.242+0000][8][gc,phases   ] GC(268)   Other: 0.2ms
[2021-05-11T08:00:55.242+0000][8][gc,heap     ] GC(268) Eden regions: 21->0(21)
[2021-05-11T08:00:55.242+0000][8][gc,heap     ] GC(268) Survivor regions: 1->1(3)
[2021-05-11T08:00:55.242+0000][8][gc,heap     ] GC(268) Old regions: 27->27
[2021-05-11T08:00:55.242+0000][8][gc,heap     ] GC(268) Archive regions: 2->2
[2021-05-11T08:00:55.242+0000][8][gc,heap     ] GC(268) Humongous regions: 2->2
[2021-05-11T08:00:55.242+0000][8][gc,metaspace] GC(268) Metaspace: 108966K(113776K)->108966K(113776K) NonClass: 95067K(98544K)->95067K(98544K) Class: 13898K(15232K)->13898K(15232K)
[2021-05-11T08:00:55.242+0000][8][gc          ] GC(268) Pause Young (Concurrent Start) (G1 Evacuation Pause) 201M->117M(256M) 1.828ms
[2021-05-11T08:00:55.242+0000][8][gc,cpu      ] GC(268) User=0.01s Sys=0.00s Real=0.01s
[2021-05-11T08:00:55.242+0000][8][gc          ] GC(269) Concurrent Cycle
[2021-05-11T08:00:55.242+0000][8][safepoint   ] Safepoint "G1CollectForAllocation", Time since last: 131628853590 ns, Reaching safepoint: 107037 ns, At safepoint: 1905787 ns, Total: 2012824 ns
[2021-05-11T08:00:55.242+0000][8][gc,marking  ] GC(269) Concurrent Clear Claimed Marks
[2021-05-11T08:00:55.243+0000][8][gc,marking  ] GC(269) Concurrent Clear Claimed Marks 0.107ms
[2021-05-11T08:00:55.243+0000][8][gc,marking  ] GC(269) Concurrent Scan Root Regions
[2021-05-11T08:00:55.244+0000][8][gc,marking  ] GC(269) Concurrent Scan Root Regions 1.363ms
[2021-05-11T08:00:55.244+0000][8][gc,marking  ] GC(269) Concurrent Mark (19464.629s)
[2021-05-11T08:00:55.244+0000][8][gc,marking  ] GC(269) Concurrent Mark From Roots
[2021-05-11T08:00:55.244+0000][8][gc,task     ] GC(269) Using 2 workers of 2 for marking
[2021-05-11T08:00:55.362+0000][8][gc,marking  ] GC(269) Concurrent Mark From Roots 118.074ms
[2021-05-11T08:00:55.362+0000][8][gc,marking  ] GC(269) Concurrent Preclean
[2021-05-11T08:00:55.362+0000][8][gc,marking  ] GC(269) Concurrent Preclean 0.229ms
[2021-05-11T08:00:55.362+0000][8][gc,marking  ] GC(269) Concurrent Mark (19464.629s, 19464.748s) 118.354ms
[2021-05-11T08:00:55.362+0000][8][gc,start    ] GC(269) Pause Remark
[2021-05-11T08:00:55.368+0000][8][gc          ] GC(269) Pause Remark 118M->118M(256M) 5.819ms
[2021-05-11T08:00:55.368+0000][8][gc,cpu      ] GC(269) User=0.03s Sys=0.00s Real=0.00s
[2021-05-11T08:00:55.368+0000][8][safepoint   ] Safepoint "G1Concurrent", Time since last: 119922032 ns, Reaching safepoint: 98141 ns, At safepoint: 5895780 ns, Total: 5993921 ns
[2021-05-11T08:00:55.368+0000][8][gc,marking  ] GC(269) Concurrent Rebuild Remembered Sets
[2021-05-11T08:00:55.432+0000][8][gc,marking  ] GC(269) Concurrent Rebuild Remembered Sets 63.972ms
[2021-05-11T08:00:55.433+0000][8][gc,start    ] GC(269) Pause Cleanup
[2021-05-11T08:00:55.433+0000][8][gc          ] GC(269) Pause Cleanup 118M->118M(256M) 0.163ms
[2021-05-11T08:00:55.433+0000][8][gc,cpu      ] GC(269) User=0.00s Sys=0.00s Real=0.00s
[2021-05-11T08:00:55.433+0000][8][safepoint   ] Safepoint "G1Concurrent", Time since last: 64090612 ns, Reaching safepoint: 165184 ns, At safepoint: 257947 ns, Total: 423131 ns
[2021-05-11T08:00:55.433+0000][8][gc,marking  ] GC(269) Concurrent Cleanup for Next Mark
[2021-05-11T08:00:55.433+0000][8][gc,marking  ] GC(269) Concurrent Cleanup for Next Mark 0.310ms
[2021-05-11T08:00:55.433+0000][8][gc          ] GC(269) Concurrent Cycle 190.835ms
[2021-05-11T08:02:25.440+0000][8][safepoint   ] Safepoint "Cleanup", Time since last: 90007172679 ns, Reaching safepoint: 135617 ns, At safepoint: 5276 ns, Total: 140893 ns
[2021-05-11T08:02:50.139+0000][8][gc,start    ] GC(270) Pause Young (Normal) (G1 Evacuation Pause)
[2021-05-11T08:02:50.139+0000][8][gc,task     ] GC(270) Using 6 workers of 8 for evacuation
[2021-05-11T08:02:50.139+0000][8][gc,age      ] GC(270) Desired survivor size 6291456 bytes, new threshold 15 (max threshold 15)
[2021-05-11T08:02:50.141+0000][8][gc,age      ] GC(270) Age table with threshold 15 (max threshold 15)
[2021-05-11T08:02:50.141+0000][8][gc,age      ] GC(270) - age   1:     812152 bytes,     812152 total
[2021-05-11T08:02:50.141+0000][8][gc,age      ] GC(270) - age   2:        360 bytes,     812512 total
[2021-05-11T08:02:50.141+0000][8][gc,age      ] GC(270) - age   3:       3432 bytes,     815944 total
[2021-05-11T08:02:50.141+0000][8][gc,age      ] GC(270) - age   4:       1712 bytes,     817656 total
[2021-05-11T08:02:50.141+0000][8][gc,age      ] GC(270) - age   5:      47200 bytes,     864856 total
[2021-05-11T08:02:50.141+0000][8][gc,age      ] GC(270) - age   6:        208 bytes,     865064 total
[2021-05-11T08:02:50.141+0000][8][gc,age      ] GC(270) - age   7:         24 bytes,     865088 total
[2021-05-11T08:02:50.141+0000][8][gc,age      ] GC(270) - age  10:       3008 bytes,     868096 total
[2021-05-11T08:02:50.141+0000][8][gc,age      ] GC(270) - age  11:        192 bytes,     868288 total
[2021-05-11T08:02:50.141+0000][8][gc,age      ] GC(270) - age  13:        208 bytes,     868496 total
[2021-05-11T08:02:50.141+0000][8][gc,age      ] GC(270) - age  14:        264 bytes,     868760 total
[2021-05-11T08:02:50.141+0000][8][gc,age      ] GC(270) - age  15:        336 bytes,     869096 total
[2021-05-11T08:02:50.141+0000][8][gc,phases   ] GC(270)   Pre Evacuate Collection Set: 0.1ms
[2021-05-11T08:02:50.141+0000][8][gc,phases   ] GC(270)   Merge Heap Roots: 0.0ms
[2021-05-11T08:02:50.141+0000][8][gc,phases   ] GC(270)   Evacuate Collection Set: 0.9ms
[2021-05-11T08:02:50.141+0000][8][gc,phases   ] GC(270)   Post Evacuate Collection Set: 0.5ms
[2021-05-11T08:02:50.141+0000][8][gc,phases   ] GC(270)   Other: 0.3ms
[2021-05-11T08:02:50.141+0000][8][gc,heap     ] GC(270) Eden regions: 21->0(21)
[2021-05-11T08:02:50.141+0000][8][gc,heap     ] GC(270) Survivor regions: 1->1(3)
[2021-05-11T08:02:50.141+0000][8][gc,heap     ] GC(270) Old regions: 27->27
[2021-05-11T08:02:50.141+0000][8][gc,heap     ] GC(270) Archive regions: 2->2
[2021-05-11T08:02:50.141+0000][8][gc,heap     ] GC(270) Humongous regions: 2->2
[2021-05-11T08:02:50.141+0000][8][gc,metaspace] GC(270) Metaspace: 108981K(113776K)->108981K(113776K) NonClass: 95083K(98544K)->95083K(98544K) Class: 13898K(15232K)->13898K(15232K)
[2021-05-11T08:02:50.141+0000][8][gc          ] GC(270) Pause Young (Normal) (G1 Evacuation Pause) 201M->118M(256M) 1.921ms
[2021-05-11T08:02:50.141+0000][8][gc,cpu      ] GC(270) User=0.00s Sys=0.00s Real=0.00s
[2021-05-11T08:02:50.141+0000][8][safepoint   ] Safepoint "G1CollectForAllocation", Time since last: 24698804507 ns, Reaching safepoint: 92032 ns, At safepoint: 2001704 ns, Total: 2093736 ns
[2021-05-11T08:02:51.141+0000][8][safepoint   ] Safepoint "Cleanup", Time since last: 1000143245 ns, Reaching safepoint: 104861 ns, At safepoint: 6082 ns, Total: 110943 ns
[2021-05-11T08:03:52.148+0000][8][safepoint   ] Safepoint "Cleanup", Time since last: 61006336446 ns, Reaching safepoint: 85447 ns, At safepoint: 3186 ns, Total: 88633 ns
[2021-05-11T08:04:40.183+0000][8][gc,start    ] GC(271) Pause Young (Concurrent Start) (G1 Evacuation Pause)
[2021-05-11T08:04:40.183+0000][8][gc,task     ] GC(271) Using 6 workers of 8 for evacuation
[2021-05-11T08:04:40.183+0000][8][gc,age      ] GC(271) Desired survivor size 6291456 bytes, new threshold 15 (max threshold 15)
[2021-05-11T08:04:40.185+0000][8][gc,age      ] GC(271) Age table with threshold 15 (max threshold 15)
[2021-05-11T08:04:40.185+0000][8][gc,age      ] GC(271) - age   1:     601776 bytes,     601776 total
[2021-05-11T08:04:40.185+0000][8][gc,age      ] GC(271) - age   2:     209552 bytes,     811328 total
[2021-05-11T08:04:40.185+0000][8][gc,age      ] GC(271) - age   3:        264 bytes,     811592 total
[2021-05-11T08:04:40.185+0000][8][gc,age      ] GC(271) - age   4:       3224 bytes,     814816 total
[2021-05-11T08:04:40.185+0000][8][gc,age      ] GC(271) - age   5:       1712 bytes,     816528 total
[2021-05-11T08:04:40.185+0000][8][gc,age      ] GC(271) - age   6:       3504 bytes,     820032 total
[2021-05-11T08:04:40.185+0000][8][gc,age      ] GC(271) - age   7:        208 bytes,     820240 total
[2021-05-11T08:04:40.185+0000][8][gc,age      ] GC(271) - age   8:         24 bytes,     820264 total
[2021-05-11T08:04:40.185+0000][8][gc,age      ] GC(271) - age  11:        448 bytes,     820712 total
[2021-05-11T08:04:40.185+0000][8][gc,age      ] GC(271) - age  12:        168 bytes,     820880 total
[2021-05-11T08:04:40.185+0000][8][gc,age      ] GC(271) - age  14:        208 bytes,     821088 total
[2021-05-11T08:04:40.185+0000][8][gc,age      ] GC(271) - age  15:        264 bytes,     821352 total
[2021-05-11T08:04:40.185+0000][8][gc,phases   ] GC(271)   Pre Evacuate Collection Set: 0.1ms
[2021-05-11T08:04:40.185+0000][8][gc,phases   ] GC(271)   Merge Heap Roots: 0.0ms
[2021-05-11T08:04:40.185+0000][8][gc,phases   ] GC(271)   Evacuate Collection Set: 0.9ms
[2021-05-11T08:04:40.185+0000][8][gc,phases   ] GC(271)   Post Evacuate Collection Set: 0.3ms
[2021-05-11T08:04:40.185+0000][8][gc,phases   ] GC(271)   Other: 0.2ms
[2021-05-11T08:04:40.185+0000][8][gc,heap     ] GC(271) Eden regions: 21->0(21)
[2021-05-11T08:04:40.185+0000][8][gc,heap     ] GC(271) Survivor regions: 1->1(3)
[2021-05-11T08:04:40.185+0000][8][gc,heap     ] GC(271) Old regions: 27->27
[2021-05-11T08:04:40.185+0000][8][gc,heap     ] GC(271) Archive regions: 2->2
[2021-05-11T08:04:40.185+0000][8][gc,heap     ] GC(271) Humongous regions: 2->2
[2021-05-11T08:04:40.185+0000][8][gc,metaspace] GC(271) Metaspace: 108994K(113776K)->108994K(113776K) NonClass: 95096K(98544K)->95096K(98544K) Class: 13898K(15232K)->13898K(15232K)
[2021-05-11T08:04:40.185+0000][8][gc          ] GC(271) Pause Young (Concurrent Start) (G1 Evacuation Pause) 202M->118M(256M) 1.625ms
[2021-05-11T08:04:40.185+0000][8][gc,cpu      ] GC(271) User=0.00s Sys=0.00s Real=0.00s
[2021-05-11T08:04:40.185+0000][8][gc          ] GC(272) Concurrent Cycle
[2021-05-11T08:04:40.185+0000][8][safepoint   ] Safepoint "G1CollectForAllocation", Time since last: 48035518363 ns, Reaching safepoint: 75271 ns, At safepoint: 1684324 ns, Total: 1759595 ns
[2021-05-11T08:04:40.185+0000][8][gc,marking  ] GC(272) Concurrent Clear Claimed Marks
[2021-05-11T08:04:40.185+0000][8][gc,marking  ] GC(272) Concurrent Clear Claimed Marks 0.053ms
[2021-05-11T08:04:40.185+0000][8][gc,marking  ] GC(272) Concurrent Scan Root Regions
[2021-05-11T08:04:40.186+0000][8][gc,marking  ] GC(272) Concurrent Scan Root Regions 1.361ms
[2021-05-11T08:04:40.186+0000][8][gc,marking  ] GC(272) Concurrent Mark (19689.572s)
[2021-05-11T08:04:40.186+0000][8][gc,marking  ] GC(272) Concurrent Mark From Roots
[2021-05-11T08:04:40.186+0000][8][gc,task     ] GC(272) Using 2 workers of 2 for marking
[2021-05-11T08:04:40.286+0000][8][gc,marking  ] GC(272) Concurrent Mark From Roots 99.834ms
[2021-05-11T08:04:40.286+0000][8][gc,marking  ] GC(272) Concurrent Preclean
[2021-05-11T08:04:40.287+0000][8][gc,marking  ] GC(272) Concurrent Preclean 0.237ms
[2021-05-11T08:04:40.287+0000][8][gc,marking  ] GC(272) Concurrent Mark (19689.572s, 19689.672s) 100.115ms
[2021-05-11T08:04:40.287+0000][8][gc,start    ] GC(272) Pause Remark
[2021-05-11T08:04:40.294+0000][8][gc          ] GC(272) Pause Remark 119M->119M(256M) 7.388ms
[2021-05-11T08:04:40.294+0000][8][gc,cpu      ] GC(272) User=0.04s Sys=0.00s Real=0.01s
[2021-05-11T08:04:40.294+0000][8][safepoint   ] Safepoint "G1Concurrent", Time since last: 101591428 ns, Reaching safepoint: 71995 ns, At safepoint: 7467384 ns, Total: 7539379 ns
[2021-05-11T08:04:40.294+0000][8][gc,marking  ] GC(272) Concurrent Rebuild Remembered Sets
[2021-05-11T08:04:40.356+0000][8][gc,marking  ] GC(272) Concurrent Rebuild Remembered Sets 62.246ms
[2021-05-11T08:04:40.357+0000][8][gc,start    ] GC(272) Pause Cleanup
[2021-05-11T08:04:40.357+0000][8][gc          ] GC(272) Pause Cleanup 119M->119M(256M) 0.099ms
[2021-05-11T08:04:40.357+0000][8][gc,cpu      ] GC(272) User=0.00s Sys=0.00s Real=0.00s
[2021-05-11T08:04:40.357+0000][8][safepoint   ] Safepoint "G1Concurrent", Time since last: 62322476 ns, Reaching safepoint: 79764 ns, At safepoint: 146156 ns, Total: 225920 ns
[2021-05-11T08:04:40.357+0000][8][gc,marking  ] GC(272) Concurrent Cleanup for Next Mark
[2021-05-11T08:04:40.357+0000][8][gc,marking  ] GC(272) Concurrent Cleanup for Next Mark 0.159ms
[2021-05-11T08:04:40.357+0000][8][gc          ] GC(272) Concurrent Cycle 171.880ms
[2021-05-11T08:06:51.940+0000][8][gc,start    ] GC(273) Pause Young (Normal) (G1 Evacuation Pause)
[2021-05-11T08:06:51.940+0000][8][gc,task     ] GC(273) Using 6 workers of 8 for evacuation
[2021-05-11T08:06:51.940+0000][8][gc,age      ] GC(273) Desired survivor size 6291456 bytes, new threshold 15 (max threshold 15)
[2021-05-11T08:06:51.942+0000][8][gc,age      ] GC(273) Age table with threshold 15 (max threshold 15)
[2021-05-11T08:06:51.942+0000][8][gc,age      ] GC(273) - age   1:     576360 bytes,     576360 total
[2021-05-11T08:06:51.942+0000][8][gc,age      ] GC(273) - age   2:      96800 bytes,     673160 total
[2021-05-11T08:06:51.942+0000][8][gc,age      ] GC(273) - age   3:     178776 bytes,     851936 total
[2021-05-11T08:06:51.942+0000][8][gc,age      ] GC(273) - age   4:        240 bytes,     852176 total
[2021-05-11T08:06:51.942+0000][8][gc,age      ] GC(273) - age   5:        672 bytes,     852848 total
[2021-05-11T08:06:51.942+0000][8][gc,age      ] GC(273) - age   6:       1712 bytes,     854560 total
[2021-05-11T08:06:51.942+0000][8][gc,age      ] GC(273) - age   7:       3504 bytes,     858064 total
[2021-05-11T08:06:51.942+0000][8][gc,age      ] GC(273) - age   9:         24 bytes,     858088 total
[2021-05-11T08:06:51.942+0000][8][gc,age      ] GC(273) - age  12:        448 bytes,     858536 total
[2021-05-11T08:06:51.942+0000][8][gc,age      ] GC(273) - age  13:        168 bytes,     858704 total
[2021-05-11T08:06:51.943+0000][8][gc,age      ] GC(273) - age  15:        208 bytes,     858912 total
[2021-05-11T08:06:51.943+0000][8][gc,phases   ] GC(273)   Pre Evacuate Collection Set: 0.1ms
[2021-05-11T08:06:51.943+0000][8][gc,phases   ] GC(273)   Merge Heap Roots: 0.0ms
[2021-05-11T08:06:51.943+0000][8][gc,phases   ] GC(273)   Evacuate Collection Set: 1.2ms
[2021-05-11T08:06:51.943+0000][8][gc,phases   ] GC(273)   Post Evacuate Collection Set: 0.8ms
[2021-05-11T08:06:51.943+0000][8][gc,phases   ] GC(273)   Other: 0.4ms
[2021-05-11T08:06:51.943+0000][8][gc,heap     ] GC(273) Eden regions: 21->0(21)
[2021-05-11T08:06:51.943+0000][8][gc,heap     ] GC(273) Survivor regions: 1->1(3)
[2021-05-11T08:06:51.943+0000][8][gc,heap     ] GC(273) Old regions: 27->27
[2021-05-11T08:06:51.943+0000][8][gc,heap     ] GC(273) Archive regions: 2->2
[2021-05-11T08:06:51.943+0000][8][gc,heap     ] GC(273) Humongous regions: 2->2
[2021-05-11T08:06:51.943+0000][8][gc,metaspace] GC(273) Metaspace: 108994K(113776K)->108994K(113776K) NonClass: 95096K(98544K)->95096K(98544K) Class: 13898K(15232K)->13898K(15232K)
[2021-05-11T08:06:51.943+0000][8][gc          ] GC(273) Pause Young (Normal) (G1 Evacuation Pause) 202M->118M(256M) 2.614ms
[2021-05-11T08:06:51.943+0000][8][gc,cpu      ] GC(273) User=0.00s Sys=0.00s Real=0.01s
[2021-05-11T08:06:51.943+0000][8][safepoint   ] Safepoint "G1CollectForAllocation", Time since last: 131583268398 ns, Reaching safepoint: 123977 ns, At safepoint: 2711573 ns, Total: 2835550 ns
[2021-05-11T08:06:52.943+0000][8][safepoint   ] Safepoint "Cleanup", Time since last: 1000142291 ns, Reaching safepoint: 84365 ns, At safepoint: 6047 ns, Total: 90412 ns
[2021-05-11T08:08:55.949+0000][8][gc,start    ] GC(274) Pause Young (Concurrent Start) (G1 Evacuation Pause)
[2021-05-11T08:08:55.949+0000][8][gc,task     ] GC(274) Using 6 workers of 8 for evacuation
[2021-05-11T08:08:55.949+0000][8][gc,age      ] GC(274) Desired survivor size 6291456 bytes, new threshold 15 (max threshold 15)
[2021-05-11T08:08:55.951+0000][8][gc,age      ] GC(274) Age table with threshold 15 (max threshold 15)
[2021-05-11T08:08:55.951+0000][8][gc,age      ] GC(274) - age   1:     552656 bytes,     552656 total
[2021-05-11T08:08:55.951+0000][8][gc,age      ] GC(274) - age   2:       3296 bytes,     555952 total
[2021-05-11T08:08:55.951+0000][8][gc,age      ] GC(274) - age   3:      95376 bytes,     651328 total
[2021-05-11T08:08:55.951+0000][8][gc,age      ] GC(274) - age   4:      89664 bytes,     740992 total
[2021-05-11T08:08:55.951+0000][8][gc,age      ] GC(274) - age   5:        240 bytes,     741232 total
[2021-05-11T08:08:55.951+0000][8][gc,age      ] GC(274) - age   6:        576 bytes,     741808 total
[2021-05-11T08:08:55.951+0000][8][gc,age      ] GC(274) - age   7:       1712 bytes,     743520 total
[2021-05-11T08:08:55.951+0000][8][gc,age      ] GC(274) - age   8:       3504 bytes,     747024 total
[2021-05-11T08:08:55.951+0000][8][gc,age      ] GC(274) - age  13:        448 bytes,     747472 total
[2021-05-11T08:08:55.951+0000][8][gc,age      ] GC(274) - age  14:         72 bytes,     747544 total
[2021-05-11T08:08:55.951+0000][8][gc,phases   ] GC(274)   Pre Evacuate Collection Set: 0.1ms
[2021-05-11T08:08:55.951+0000][8][gc,phases   ] GC(274)   Merge Heap Roots: 0.0ms
[2021-05-11T08:08:55.951+0000][8][gc,phases   ] GC(274)   Evacuate Collection Set: 1.0ms
[2021-05-11T08:08:55.951+0000][8][gc,phases   ] GC(274)   Post Evacuate Collection Set: 0.5ms
[2021-05-11T08:08:55.951+0000][8][gc,phases   ] GC(274)   Other: 0.3ms
[2021-05-11T08:08:55.951+0000][8][gc,heap     ] GC(274) Eden regions: 21->0(21)
[2021-05-11T08:08:55.951+0000][8][gc,heap     ] GC(274) Survivor regions: 1->1(3)
[2021-05-11T08:08:55.951+0000][8][gc,heap     ] GC(274) Old regions: 27->27
[2021-05-11T08:08:55.951+0000][8][gc,heap     ] GC(274) Archive regions: 2->2
[2021-05-11T08:08:55.951+0000][8][gc,heap     ] GC(274) Humongous regions: 2->2
[2021-05-11T08:08:55.951+0000][8][gc,metaspace] GC(274) Metaspace: 108994K(113776K)->108994K(113776K) NonClass: 95096K(98544K)->95096K(98544K) Class: 13898K(15232K)->13898K(15232K)
[2021-05-11T08:08:55.951+0000][8][gc          ] GC(274) Pause Young (Concurrent Start) (G1 Evacuation Pause) 202M->118M(256M) 2.010ms
[2021-05-11T08:08:55.951+0000][8][gc,cpu      ] GC(274) User=0.00s Sys=0.00s Real=0.01s
[2021-05-11T08:08:55.951+0000][8][safepoint   ] Safepoint "G1CollectForAllocation", Time since last: 123005748995 ns, Reaching safepoint: 144960 ns, At safepoint: 2102991 ns, Total: 2247951 ns
[2021-05-11T08:08:55.951+0000][8][gc          ] GC(275) Concurrent Cycle
[2021-05-11T08:08:55.951+0000][8][gc,marking  ] GC(275) Concurrent Clear Claimed Marks
[2021-05-11T08:08:55.951+0000][8][gc,marking  ] GC(275) Concurrent Clear Claimed Marks 0.075ms
[2021-05-11T08:08:55.951+0000][8][gc,marking  ] GC(275) Concurrent Scan Root Regions
[2021-05-11T08:08:55.952+0000][8][gc,marking  ] GC(275) Concurrent Scan Root Regions 0.866ms
[2021-05-11T08:08:55.952+0000][8][gc,marking  ] GC(275) Concurrent Mark (19945.337s)
[2021-05-11T08:08:55.952+0000][8][gc,marking  ] GC(275) Concurrent Mark From Roots
[2021-05-11T08:08:55.952+0000][8][gc,task     ] GC(275) Using 2 workers of 2 for marking
[2021-05-11T08:08:56.056+0000][8][gc,marking  ] GC(275) Concurrent Mark From Roots 103.946ms
[2021-05-11T08:08:56.056+0000][8][gc,marking  ] GC(275) Concurrent Preclean
[2021-05-11T08:08:56.056+0000][8][gc,marking  ] GC(275) Concurrent Preclean 0.271ms
[2021-05-11T08:08:56.056+0000][8][gc,marking  ] GC(275) Concurrent Mark (19945.337s, 19945.442s) 104.271ms
[2021-05-11T08:08:56.056+0000][8][gc,start    ] GC(275) Pause Remark
[2021-05-11T08:08:56.063+0000][8][gc          ] GC(275) Pause Remark 118M->118M(256M) 7.045ms
[2021-05-11T08:08:56.064+0000][8][gc,cpu      ] GC(275) User=0.03s Sys=0.00s Real=0.01s
[2021-05-11T08:08:56.064+0000][8][safepoint   ] Safepoint "G1Concurrent", Time since last: 105294256 ns, Reaching safepoint: 60831 ns, At safepoint: 7157510 ns, Total: 7218341 ns
[2021-05-11T08:08:56.064+0000][8][gc,marking  ] GC(275) Concurrent Rebuild Remembered Sets
[2021-05-11T08:08:56.142+0000][8][gc,marking  ] GC(275) Concurrent Rebuild Remembered Sets 78.768ms
[2021-05-11T08:08:56.143+0000][8][gc,start    ] GC(275) Pause Cleanup
[2021-05-11T08:08:56.143+0000][8][gc          ] GC(275) Pause Cleanup 119M->119M(256M) 0.075ms
[2021-05-11T08:08:56.143+0000][8][gc,cpu      ] GC(275) User=0.00s Sys=0.00s Real=0.00s
[2021-05-11T08:08:56.143+0000][8][safepoint   ] Safepoint "G1Concurrent", Time since last: 78906636 ns, Reaching safepoint: 148844 ns, At safepoint: 118661 ns, Total: 267505 ns
[2021-05-11T08:08:56.143+0000][8][gc,marking  ] GC(275) Concurrent Cleanup for Next Mark
[2021-05-11T08:08:56.143+0000][8][gc,marking  ] GC(275) Concurrent Cleanup for Next Mark 0.150ms
[2021-05-11T08:08:56.143+0000][8][gc          ] GC(275) Concurrent Cycle 191.883ms
[2021-05-11T08:11:08.473+0000][8][gc,start    ] GC(276) Pause Young (Normal) (G1 Evacuation Pause)
[2021-05-11T08:11:08.473+0000][8][gc,task     ] GC(276) Using 6 workers of 8 for evacuation
[2021-05-11T08:11:08.473+0000][8][gc,age      ] GC(276) Desired survivor size 6291456 bytes, new threshold 15 (max threshold 15)
[2021-05-11T08:11:08.475+0000][8][gc,age      ] GC(276) Age table with threshold 15 (max threshold 15)
[2021-05-11T08:11:08.475+0000][8][gc,age      ] GC(276) - age   1:     537720 bytes,     537720 total
[2021-05-11T08:11:08.475+0000][8][gc,age      ] GC(276) - age   2:        856 bytes,     538576 total
[2021-05-11T08:11:08.475+0000][8][gc,age      ] GC(276) - age   3:       2968 bytes,     541544 total
[2021-05-11T08:11:08.475+0000][8][gc,age      ] GC(276) - age   4:      95376 bytes,     636920 total
[2021-05-11T08:11:08.475+0000][8][gc,age      ] GC(276) - age   5:      89664 bytes,     726584 total
[2021-05-11T08:11:08.475+0000][8][gc,age      ] GC(276) - age   6:        240 bytes,     726824 total
[2021-05-11T08:11:08.475+0000][8][gc,age      ] GC(276) - age   7:        576 bytes,     727400 total
[2021-05-11T08:11:08.475+0000][8][gc,age      ] GC(276) - age   8:       1712 bytes,     729112 total
[2021-05-11T08:11:08.475+0000][8][gc,age      ] GC(276) - age   9:       3504 bytes,     732616 total
[2021-05-11T08:11:08.475+0000][8][gc,age      ] GC(276) - age  14:        448 bytes,     733064 total
[2021-05-11T08:11:08.475+0000][8][gc,age      ] GC(276) - age  15:         40 bytes,     733104 total
[2021-05-11T08:11:08.475+0000][8][gc,phases   ] GC(276)   Pre Evacuate Collection Set: 0.0ms
[2021-05-11T08:11:08.475+0000][8][gc,phases   ] GC(276)   Merge Heap Roots: 0.0ms
[2021-05-11T08:11:08.475+0000][8][gc,phases   ] GC(276)   Evacuate Collection Set: 0.8ms
[2021-05-11T08:11:08.475+0000][8][gc,phases   ] GC(276)   Post Evacuate Collection Set: 0.4ms
[2021-05-11T08:11:08.475+0000][8][gc,phases   ] GC(276)   Other: 0.2ms
[2021-05-11T08:11:08.475+0000][8][gc,heap     ] GC(276) Eden regions: 21->0(21)
[2021-05-11T08:11:08.475+0000][8][gc,heap     ] GC(276) Survivor regions: 1->1(3)
[2021-05-11T08:11:08.475+0000][8][gc,heap     ] GC(276) Old regions: 27->27
[2021-05-11T08:11:08.475+0000][8][gc,heap     ] GC(276) Archive regions: 2->2
[2021-05-11T08:11:08.475+0000][8][gc,heap     ] GC(276) Humongous regions: 2->2
[2021-05-11T08:11:08.475+0000][8][gc,metaspace] GC(276) Metaspace: 108995K(113776K)->108995K(113776K) NonClass: 95097K(98544K)->95097K(98544K) Class: 13898K(15232K)->13898K(15232K)
[2021-05-11T08:11:08.475+0000][8][gc          ] GC(276) Pause Young (Normal) (G1 Evacuation Pause) 202M->117M(256M) 1.573ms
[2021-05-11T08:11:08.475+0000][8][gc,cpu      ] GC(276) User=0.01s Sys=0.00s Real=0.00s
[2021-05-11T08:11:08.475+0000][8][safepoint   ] Safepoint "G1CollectForAllocation", Time since last: 132330424282 ns, Reaching safepoint: 77592 ns, At safepoint: 1647291 ns, Total: 1724883 ns
[2021-05-11T08:12:49.484+0000][8][safepoint   ] Safepoint "Cleanup", Time since last: 101008536866 ns, Reaching safepoint: 112364 ns, At safepoint: 5321 ns, Total: 117685 ns
[2021-05-11T08:12:50.219+0000][8][gc,start    ] GC(277) Pause Young (Concurrent Start) (G1 Evacuation Pause)
[2021-05-11T08:12:50.219+0000][8][gc,task     ] GC(277) Using 6 workers of 8 for evacuation
[2021-05-11T08:12:50.219+0000][8][gc,age      ] GC(277) Desired survivor size 6291456 bytes, new threshold 15 (max threshold 15)
[2021-05-11T08:12:50.222+0000][8][gc,age      ] GC(277) Age table with threshold 15 (max threshold 15)
[2021-05-11T08:12:50.222+0000][8][gc,age      ] GC(277) - age   1:     814432 bytes,     814432 total
[2021-05-11T08:12:50.222+0000][8][gc,age      ] GC(277) - age   2:        192 bytes,     814624 total
[2021-05-11T08:12:50.222+0000][8][gc,age      ] GC(277) - age   3:        744 bytes,     815368 total
[2021-05-11T08:12:50.222+0000][8][gc,age      ] GC(277) - age   4:       2968 bytes,     818336 total
[2021-05-11T08:12:50.222+0000][8][gc,age      ] GC(277) - age   5:       9304 bytes,     827640 total
[2021-05-11T08:12:50.222+0000][8][gc,age      ] GC(277) - age   6:       6464 bytes,     834104 total
[2021-05-11T08:12:50.222+0000][8][gc,age      ] GC(277) - age   7:        240 bytes,     834344 total
[2021-05-11T08:12:50.222+0000][8][gc,age      ] GC(277) - age   8:        536 bytes,     834880 total
[2021-05-11T08:12:50.222+0000][8][gc,age      ] GC(277) - age   9:       1712 bytes,     836592 total
[2021-05-11T08:12:50.222+0000][8][gc,age      ] GC(277) - age  10:       2752 bytes,     839344 total
[2021-05-11T08:12:50.222+0000][8][gc,age      ] GC(277) - age  15:        448 bytes,     839792 total
[2021-05-11T08:12:50.222+0000][8][gc,phases   ] GC(277)   Pre Evacuate Collection Set: 0.2ms
[2021-05-11T08:12:50.222+0000][8][gc,phases   ] GC(277)   Merge Heap Roots: 0.0ms
[2021-05-11T08:12:50.222+0000][8][gc,phases   ] GC(277)   Evacuate Collection Set: 1.4ms
[2021-05-11T08:12:50.222+0000][8][gc,phases   ] GC(277)   Post Evacuate Collection Set: 1.1ms
[2021-05-11T08:12:50.222+0000][8][gc,phases   ] GC(277)   Other: 0.4ms
[2021-05-11T08:12:50.222+0000][8][gc,heap     ] GC(277) Eden regions: 21->0(21)
[2021-05-11T08:12:50.222+0000][8][gc,heap     ] GC(277) Survivor regions: 1->1(3)
[2021-05-11T08:12:50.222+0000][8][gc,heap     ] GC(277) Old regions: 27->27
[2021-05-11T08:12:50.222+0000][8][gc,heap     ] GC(277) Archive regions: 2->2
[2021-05-11T08:12:50.222+0000][8][gc,heap     ] GC(277) Humongous regions: 2->2
[2021-05-11T08:12:50.222+0000][8][gc,metaspace] GC(277) Metaspace: 109045K(113776K)->109045K(113776K) NonClass: 95147K(98544K)->95147K(98544K) Class: 13898K(15232K)->13898K(15232K)
[2021-05-11T08:12:50.222+0000][8][gc          ] GC(277) Pause Young (Concurrent Start) (G1 Evacuation Pause) 201M->118M(256M) 3.230ms
[2021-05-11T08:12:50.222+0000][8][gc,cpu      ] GC(277) User=0.01s Sys=0.00s Real=0.01s
[2021-05-11T08:12:50.222+0000][8][gc          ] GC(278) Concurrent Cycle
[2021-05-11T08:12:50.222+0000][8][safepoint   ] Safepoint "G1CollectForAllocation", Time since last: 735254599 ns, Reaching safepoint: 125281 ns, At safepoint: 3331734 ns, Total: 3457015 ns
[2021-05-11T08:12:50.222+0000][8][gc,marking  ] GC(278) Concurrent Clear Claimed Marks
[2021-05-11T08:12:50.222+0000][8][gc,marking  ] GC(278) Concurrent Clear Claimed Marks 0.146ms
[2021-05-11T08:12:50.222+0000][8][gc,marking  ] GC(278) Concurrent Scan Root Regions
[2021-05-11T08:12:50.224+0000][8][gc,marking  ] GC(278) Concurrent Scan Root Regions 1.826ms
[2021-05-11T08:12:50.224+0000][8][gc,marking  ] GC(278) Concurrent Mark (20179.610s)
[2021-05-11T08:12:50.224+0000][8][gc,marking  ] GC(278) Concurrent Mark From Roots
[2021-05-11T08:12:50.224+0000][8][gc,task     ] GC(278) Using 2 workers of 2 for marking
[2021-05-11T08:12:50.339+0000][8][gc,marking  ] GC(278) Concurrent Mark From Roots 115.084ms
[2021-05-11T08:12:50.339+0000][8][gc,marking  ] GC(278) Concurrent Preclean
[2021-05-11T08:12:50.340+0000][8][gc,marking  ] GC(278) Concurrent Preclean 0.263ms
[2021-05-11T08:12:50.340+0000][8][gc,marking  ] GC(278) Concurrent Mark (20179.610s, 20179.725s) 115.396ms
[2021-05-11T08:12:50.340+0000][8][gc,start    ] GC(278) Pause Remark
[2021-05-11T08:12:50.347+0000][8][gc          ] GC(278) Pause Remark 123M->123M(256M) 7.000ms
[2021-05-11T08:12:50.347+0000][8][gc,cpu      ] GC(278) User=0.04s Sys=0.00s Real=0.01s
[2021-05-11T08:12:50.347+0000][8][safepoint   ] Safepoint "G1Concurrent", Time since last: 117447811 ns, Reaching safepoint: 72084 ns, At safepoint: 7076790 ns, Total: 7148874 ns
[2021-05-11T08:12:50.347+0000][8][gc,marking  ] GC(278) Concurrent Rebuild Remembered Sets
[2021-05-11T08:12:50.419+0000][8][gc,marking  ] GC(278) Concurrent Rebuild Remembered Sets 72.288ms
[2021-05-11T08:12:50.419+0000][8][gc,start    ] GC(278) Pause Cleanup
[2021-05-11T08:12:50.419+0000][8][gc          ] GC(278) Pause Cleanup 123M->123M(256M) 0.121ms
[2021-05-11T08:12:50.419+0000][8][gc,cpu      ] GC(278) User=0.00s Sys=0.00s Real=0.00s
[2021-05-11T08:12:50.420+0000][8][safepoint   ] Safepoint "G1Concurrent", Time since last: 72374316 ns, Reaching safepoint: 95192 ns, At safepoint: 213852 ns, Total: 309044 ns
[2021-05-11T08:12:50.420+0000][8][gc,marking  ] GC(278) Concurrent Cleanup for Next Mark
[2021-05-11T08:12:50.420+0000][8][gc,marking  ] GC(278) Concurrent Cleanup for Next Mark 0.708ms
[2021-05-11T08:12:50.420+0000][8][gc          ] GC(278) Concurrent Cycle 198.090ms
[2021-05-11T08:13:57.426+0000][8][safepoint   ] Safepoint "Cleanup", Time since last: 67006140581 ns, Reaching safepoint: 239318 ns, At safepoint: 10739 ns, Total: 250057 ns
[2021-05-11T08:14:55.432+0000][8][gc,start    ] GC(279) Pause Young (Normal) (G1 Evacuation Pause)
[2021-05-11T08:14:55.432+0000][8][gc,task     ] GC(279) Using 6 workers of 8 for evacuation
[2021-05-11T08:14:55.432+0000][8][gc,age      ] GC(279) Desired survivor size 6291456 bytes, new threshold 15 (max threshold 15)
[2021-05-11T08:14:55.433+0000][8][gc,age      ] GC(279) Age table with threshold 15 (max threshold 15)
[2021-05-11T08:14:55.433+0000][8][gc,age      ] GC(279) - age   1:     511016 bytes,     511016 total
[2021-05-11T08:14:55.433+0000][8][gc,age      ] GC(279) - age   2:     270752 bytes,     781768 total
[2021-05-11T08:14:55.433+0000][8][gc,age      ] GC(279) - age   3:        144 bytes,     781912 total
[2021-05-11T08:14:55.433+0000][8][gc,age      ] GC(279) - age   4:        744 bytes,     782656 total
[2021-05-11T08:14:55.433+0000][8][gc,age      ] GC(279) - age   5:       2968 bytes,     785624 total
[2021-05-11T08:14:55.433+0000][8][gc,age      ] GC(279) - age   6:       2824 bytes,     788448 total
[2021-05-11T08:14:55.433+0000][8][gc,age      ] GC(279) - age   7:       6464 bytes,     794912 total
[2021-05-11T08:14:55.433+0000][8][gc,age      ] GC(279) - age   8:        240 bytes,     795152 total
[2021-05-11T08:14:55.433+0000][8][gc,age      ] GC(279) - age   9:        536 bytes,     795688 total
[2021-05-11T08:14:55.433+0000][8][gc,age      ] GC(279) - age  10:       1712 bytes,     797400 total
[2021-05-11T08:14:55.433+0000][8][gc,age      ] GC(279) - age  11:       2528 bytes,     799928 total
[2021-05-11T08:14:55.433+0000][8][gc,phases   ] GC(279)   Pre Evacuate Collection Set: 0.0ms
[2021-05-11T08:14:55.433+0000][8][gc,phases   ] GC(279)   Merge Heap Roots: 0.0ms
[2021-05-11T08:14:55.433+0000][8][gc,phases   ] GC(279)   Evacuate Collection Set: 0.7ms
[2021-05-11T08:14:55.433+0000][8][gc,phases   ] GC(279)   Post Evacuate Collection Set: 0.3ms
[2021-05-11T08:14:55.433+0000][8][gc,phases   ] GC(279)   Other: 0.2ms
[2021-05-11T08:14:55.433+0000][8][gc,heap     ] GC(279) Eden regions: 21->0(21)
[2021-05-11T08:14:55.433+0000][8][gc,heap     ] GC(279) Survivor regions: 1->1(3)
[2021-05-11T08:14:55.433+0000][8][gc,heap     ] GC(279) Old regions: 27->27
[2021-05-11T08:14:55.433+0000][8][gc,heap     ] GC(279) Archive regions: 2->2
[2021-05-11T08:14:55.433+0000][8][gc,heap     ] GC(279) Humongous regions: 2->2
[2021-05-11T08:14:55.433+0000][8][gc,metaspace] GC(279) Metaspace: 109047K(113776K)->109047K(113776K) NonClass: 95148K(98544K)->95148K(98544K) Class: 13898K(15232K)->13898K(15232K)
[2021-05-11T08:14:55.433+0000][8][gc          ] GC(279) Pause Young (Normal) (G1 Evacuation Pause) 202M->118M(256M) 1.286ms
[2021-05-11T08:14:55.433+0000][8][gc,cpu      ] GC(279) User=0.01s Sys=0.00s Real=0.00s
[2021-05-11T08:14:55.433+0000][8][safepoint   ] Safepoint "G1CollectForAllocation", Time since last: 58005527925 ns, Reaching safepoint: 75456 ns, At safepoint: 1342553 ns, Total: 1418009 ns
[2021-05-11T08:16:19.441+0000][8][safepoint   ] Safepoint "Cleanup", Time since last: 84008097946 ns, Reaching safepoint: 117226 ns, At safepoint: 6111 ns, Total: 123337 ns
[2021-05-11T08:16:52.444+0000][8][safepoint   ] Safepoint "Cleanup", Time since last: 33003292534 ns, Reaching safepoint: 85475 ns, At safepoint: 5399 ns, Total: 90874 ns
[2021-05-11T08:16:56.737+0000][8][gc,start    ] GC(280) Pause Young (Concurrent Start) (G1 Evacuation Pause)
[2021-05-11T08:16:56.737+0000][8][gc,task     ] GC(280) Using 6 workers of 8 for evacuation
[2021-05-11T08:16:56.737+0000][8][gc,age      ] GC(280) Desired survivor size 6291456 bytes, new threshold 15 (max threshold 15)
[2021-05-11T08:16:56.740+0000][8][gc,age      ] GC(280) Age table with threshold 15 (max threshold 15)
[2021-05-11T08:16:56.740+0000][8][gc,age      ] GC(280) - age   1:     680736 bytes,     680736 total
[2021-05-11T08:16:56.740+0000][8][gc,age      ] GC(280) - age   2:       1992 bytes,     682728 total
[2021-05-11T08:16:56.740+0000][8][gc,age      ] GC(280) - age   3:     230056 bytes,     912784 total
[2021-05-11T08:16:56.740+0000][8][gc,age      ] GC(280) - age   4:        120 bytes,     912904 total
[2021-05-11T08:16:56.740+0000][8][gc,age      ] GC(280) - age   5:        744 bytes,     913648 total
[2021-05-11T08:16:56.740+0000][8][gc,age      ] GC(280) - age   6:        416 bytes,     914064 total
[2021-05-11T08:16:56.740+0000][8][gc,age      ] GC(280) - age   7:       2824 bytes,     916888 total
[2021-05-11T08:16:56.740+0000][8][gc,age      ] GC(280) - age   8:       6464 bytes,     923352 total
[2021-05-11T08:16:56.740+0000][8][gc,age      ] GC(280) - age   9:        240 bytes,     923592 total
[2021-05-11T08:16:56.740+0000][8][gc,age      ] GC(280) - age  10:        536 bytes,     924128 total
[2021-05-11T08:16:56.740+0000][8][gc,age      ] GC(280) - age  11:       1712 bytes,     925840 total
[2021-05-11T08:16:56.740+0000][8][gc,age      ] GC(280) - age  12:       2528 bytes,     928368 total
[2021-05-11T08:16:56.740+0000][8][gc,phases   ] GC(280)   Pre Evacuate Collection Set: 0.2ms
[2021-05-11T08:16:56.740+0000][8][gc,phases   ] GC(280)   Merge Heap Roots: 0.1ms
[2021-05-11T08:16:56.740+0000][8][gc,phases   ] GC(280)   Evacuate Collection Set: 2.2ms
[2021-05-11T08:16:56.740+0000][8][gc,phases   ] GC(280)   Post Evacuate Collection Set: 0.7ms
[2021-05-11T08:16:56.740+0000][8][gc,phases   ] GC(280)   Other: 0.3ms
[2021-05-11T08:16:56.740+0000][8][gc,heap     ] GC(280) Eden regions: 21->0(21)
[2021-05-11T08:16:56.740+0000][8][gc,heap     ] GC(280) Survivor regions: 1->1(3)
[2021-05-11T08:16:56.740+0000][8][gc,heap     ] GC(280) Old regions: 27->27
[2021-05-11T08:16:56.740+0000][8][gc,heap     ] GC(280) Archive regions: 2->2
[2021-05-11T08:16:56.740+0000][8][gc,heap     ] GC(280) Humongous regions: 2->2
[2021-05-11T08:16:56.740+0000][8][gc,metaspace] GC(280) Metaspace: 109052K(113776K)->109052K(113776K) NonClass: 95153K(98544K)->95153K(98544K) Class: 13898K(15232K)->13898K(15232K)
[2021-05-11T08:16:56.740+0000][8][gc          ] GC(280) Pause Young (Concurrent Start) (G1 Evacuation Pause) 202M->118M(256M) 3.475ms
[2021-05-11T08:16:56.740+0000][8][gc,cpu      ] GC(280) User=0.01s Sys=0.00s Real=0.00s
[2021-05-11T08:16:56.740+0000][8][gc          ] GC(281) Concurrent Cycle
[2021-05-11T08:16:56.740+0000][8][gc,marking  ] GC(281) Concurrent Clear Claimed Marks
[2021-05-11T08:16:56.740+0000][8][safepoint   ] Safepoint "G1CollectForAllocation", Time since last: 4291978337 ns, Reaching safepoint: 188113 ns, At safepoint: 3587213 ns, Total: 3775326 ns
[2021-05-11T08:16:56.740+0000][8][gc,marking  ] GC(281) Concurrent Clear Claimed Marks 0.085ms
[2021-05-11T08:16:56.740+0000][8][gc,marking  ] GC(281) Concurrent Scan Root Regions
[2021-05-11T08:16:56.745+0000][8][gc,marking  ] GC(281) Concurrent Scan Root Regions 4.578ms
[2021-05-11T08:16:56.745+0000][8][gc,marking  ] GC(281) Concurrent Mark (20426.130s)
[2021-05-11T08:16:56.745+0000][8][gc,marking  ] GC(281) Concurrent Mark From Roots
[2021-05-11T08:16:56.745+0000][8][gc,task     ] GC(281) Using 2 workers of 2 for marking
[2021-05-11T08:16:56.872+0000][8][gc,marking  ] GC(281) Concurrent Mark From Roots 126.594ms
[2021-05-11T08:16:56.872+0000][8][gc,marking  ] GC(281) Concurrent Preclean
[2021-05-11T08:16:56.872+0000][8][gc,marking  ] GC(281) Concurrent Preclean 0.442ms
[2021-05-11T08:16:56.872+0000][8][gc,marking  ] GC(281) Concurrent Mark (20426.130s, 20426.257s) 127.138ms
[2021-05-11T08:16:56.872+0000][8][gc,start    ] GC(281) Pause Remark
[2021-05-11T08:16:56.883+0000][8][gc          ] GC(281) Pause Remark 120M->120M(256M) 10.754ms
[2021-05-11T08:16:56.883+0000][8][gc,cpu      ] GC(281) User=0.05s Sys=0.00s Real=0.01s
[2021-05-11T08:16:56.883+0000][8][safepoint   ] Safepoint "G1Concurrent", Time since last: 131910050 ns, Reaching safepoint: 118235 ns, At safepoint: 10834046 ns, Total: 10952281 ns
[2021-05-11T08:16:56.883+0000][8][gc,marking  ] GC(281) Concurrent Rebuild Remembered Sets
[2021-05-11T08:16:56.956+0000][8][gc,marking  ] GC(281) Concurrent Rebuild Remembered Sets 73.189ms
[2021-05-11T08:16:56.956+0000][8][gc,start    ] GC(281) Pause Cleanup
[2021-05-11T08:16:56.956+0000][8][gc          ] GC(281) Pause Cleanup 120M->120M(256M) 0.056ms
[2021-05-11T08:16:56.956+0000][8][gc,cpu      ] GC(281) User=0.00s Sys=0.00s Real=0.00s
[2021-05-11T08:16:56.956+0000][8][safepoint   ] Safepoint "G1Concurrent", Time since last: 73258269 ns, Reaching safepoint: 65995 ns, At safepoint: 92118 ns, Total: 158113 ns
[2021-05-11T08:16:56.956+0000][8][gc,marking  ] GC(281) Concurrent Cleanup for Next Mark
[2021-05-11T08:16:56.957+0000][8][gc,marking  ] GC(281) Concurrent Cleanup for Next Mark 0.118ms
[2021-05-11T08:16:56.957+0000][8][gc          ] GC(281) Concurrent Cycle 216.472ms
[2021-05-11T08:18:51.966+0000][8][safepoint   ] Safepoint "Cleanup", Time since last: 115009828342 ns, Reaching safepoint: 142583 ns, At safepoint: 9151 ns, Total: 151734 ns
[2021-05-11T08:19:13.572+0000][8][gc,start    ] GC(282) Pause Young (Normal) (G1 Evacuation Pause)
[2021-05-11T08:19:13.572+0000][8][gc,task     ] GC(282) Using 6 workers of 8 for evacuation
[2021-05-11T08:19:13.572+0000][8][gc,age      ] GC(282) Desired survivor size 6291456 bytes, new threshold 15 (max threshold 15)
[2021-05-11T08:19:13.574+0000][8][gc,age      ] GC(282) Age table with threshold 15 (max threshold 15)
[2021-05-11T08:19:13.574+0000][8][gc,age      ] GC(282) - age   1:     516024 bytes,     516024 total
[2021-05-11T08:19:13.574+0000][8][gc,age      ] GC(282) - age   2:       3472 bytes,     519496 total
[2021-05-11T08:19:13.574+0000][8][gc,age      ] GC(282) - age   3:       1456 bytes,     520952 total
[2021-05-11T08:19:13.574+0000][8][gc,age      ] GC(282) - age   4:     149840 bytes,     670792 total
[2021-05-11T08:19:13.574+0000][8][gc,age      ] GC(282) - age   5:         96 bytes,     670888 total
[2021-05-11T08:19:13.574+0000][8][gc,age      ] GC(282) - age   6:        744 bytes,     671632 total
[2021-05-11T08:19:13.574+0000][8][gc,age      ] GC(282) - age   7:        296 bytes,     671928 total
[2021-05-11T08:19:13.574+0000][8][gc,age      ] GC(282) - age   8:       2824 bytes,     674752 total
[2021-05-11T08:19:13.574+0000][8][gc,age      ] GC(282) - age   9:       6464 bytes,     681216 total
[2021-05-11T08:19:13.574+0000][8][gc,age      ] GC(282) - age  10:        240 bytes,     681456 total
[2021-05-11T08:19:13.574+0000][8][gc,age      ] GC(282) - age  11:        536 bytes,     681992 total
[2021-05-11T08:19:13.574+0000][8][gc,age      ] GC(282) - age  12:       1712 bytes,     683704 total
[2021-05-11T08:19:13.574+0000][8][gc,age      ] GC(282) - age  13:       2288 bytes,     685992 total
[2021-05-11T08:19:13.574+0000][8][gc,phases   ] GC(282)   Pre Evacuate Collection Set: 0.1ms
[2021-05-11T08:19:13.574+0000][8][gc,phases   ] GC(282)   Merge Heap Roots: 0.0ms
[2021-05-11T08:19:13.574+0000][8][gc,phases   ] GC(282)   Evacuate Collection Set: 1.7ms
[2021-05-11T08:19:13.574+0000][8][gc,phases   ] GC(282)   Post Evacuate Collection Set: 0.4ms
[2021-05-11T08:19:13.574+0000][8][gc,phases   ] GC(282)   Other: 0.2ms
[2021-05-11T08:19:13.574+0000][8][gc,heap     ] GC(282) Eden regions: 21->0(21)
[2021-05-11T08:19:13.574+0000][8][gc,heap     ] GC(282) Survivor regions: 1->1(3)
[2021-05-11T08:19:13.574+0000][8][gc,heap     ] GC(282) Old regions: 27->27
[2021-05-11T08:19:13.574+0000][8][gc,heap     ] GC(282) Archive regions: 2->2
[2021-05-11T08:19:13.574+0000][8][gc,heap     ] GC(282) Humongous regions: 2->2
[2021-05-11T08:19:13.574+0000][8][gc,metaspace] GC(282) Metaspace: 109056K(113776K)->109056K(113776K) NonClass: 95158K(98544K)->95158K(98544K) Class: 13898K(15232K)->13898K(15232K)
[2021-05-11T08:19:13.574+0000][8][gc          ] GC(282) Pause Young (Normal) (G1 Evacuation Pause) 202M->117M(256M) 2.573ms
[2021-05-11T08:19:13.574+0000][8][gc,cpu      ] GC(282) User=0.00s Sys=0.00s Real=0.00s
[2021-05-11T08:19:13.574+0000][8][safepoint   ] Safepoint "G1CollectForAllocation", Time since last: 21605170975 ns, Reaching safepoint: 86606 ns, At safepoint: 2651818 ns, Total: 2738424 ns
[2021-05-11T08:20:52.584+0000][8][safepoint   ] Safepoint "Cleanup", Time since last: 99009404944 ns, Reaching safepoint: 225771 ns, At safepoint: 14812 ns, Total: 240583 ns
[2021-05-11T08:21:26.790+0000][8][gc,start    ] GC(283) Pause Young (Concurrent Start) (G1 Evacuation Pause)
[2021-05-11T08:21:26.790+0000][8][gc,task     ] GC(283) Using 6 workers of 8 for evacuation
[2021-05-11T08:21:26.790+0000][8][gc,age      ] GC(283) Desired survivor size 6291456 bytes, new threshold 15 (max threshold 15)
[2021-05-11T08:21:26.792+0000][8][gc,age      ] GC(283) Age table with threshold 15 (max threshold 15)
[2021-05-11T08:21:26.792+0000][8][gc,age      ] GC(283) - age   1:     378520 bytes,     378520 total
[2021-05-11T08:21:26.792+0000][8][gc,age      ] GC(283) - age   2:        408 bytes,     378928 total
[2021-05-11T08:21:26.792+0000][8][gc,age      ] GC(283) - age   3:       2832 bytes,     381760 total
[2021-05-11T08:21:26.792+0000][8][gc,age      ] GC(283) - age   4:       1456 bytes,     383216 total
[2021-05-11T08:21:26.792+0000][8][gc,age      ] GC(283) - age   5:     149504 bytes,     532720 total
[2021-05-11T08:21:26.792+0000][8][gc,age      ] GC(283) - age   6:         96 bytes,     532816 total
[2021-05-11T08:21:26.792+0000][8][gc,age      ] GC(283) - age   7:        744 bytes,     533560 total
[2021-05-11T08:21:26.792+0000][8][gc,age      ] GC(283) - age   8:        296 bytes,     533856 total
[2021-05-11T08:21:26.792+0000][8][gc,age      ] GC(283) - age   9:       2824 bytes,     536680 total
[2021-05-11T08:21:26.792+0000][8][gc,age      ] GC(283) - age  10:       6464 bytes,     543144 total
[2021-05-11T08:21:26.792+0000][8][gc,age      ] GC(283) - age  11:        240 bytes,     543384 total
[2021-05-11T08:21:26.792+0000][8][gc,age      ] GC(283) - age  12:        536 bytes,     543920 total
[2021-05-11T08:21:26.792+0000][8][gc,age      ] GC(283) - age  13:       1592 bytes,     545512 total
[2021-05-11T08:21:26.792+0000][8][gc,age      ] GC(283) - age  14:       2248 bytes,     547760 total
[2021-05-11T08:21:26.792+0000][8][gc,phases   ] GC(283)   Pre Evacuate Collection Set: 0.1ms
[2021-05-11T08:21:26.792+0000][8][gc,phases   ] GC(283)   Merge Heap Roots: 0.0ms
[2021-05-11T08:21:26.792+0000][8][gc,phases   ] GC(283)   Evacuate Collection Set: 0.9ms
[2021-05-11T08:21:26.792+0000][8][gc,phases   ] GC(283)   Post Evacuate Collection Set: 0.4ms
[2021-05-11T08:21:26.792+0000][8][gc,phases   ] GC(283)   Other: 0.2ms
[2021-05-11T08:21:26.792+0000][8][gc,heap     ] GC(283) Eden regions: 21->0(21)
[2021-05-11T08:21:26.792+0000][8][gc,heap     ] GC(283) Survivor regions: 1->1(3)
[2021-05-11T08:21:26.792+0000][8][gc,heap     ] GC(283) Old regions: 27->27
[2021-05-11T08:21:26.792+0000][8][gc,heap     ] GC(283) Archive regions: 2->2
[2021-05-11T08:21:26.792+0000][8][gc,heap     ] GC(283) Humongous regions: 2->2
[2021-05-11T08:21:26.792+0000][8][gc,metaspace] GC(283) Metaspace: 109056K(113776K)->109056K(113776K) NonClass: 95158K(98544K)->95158K(98544K) Class: 13898K(15232K)->13898K(15232K)
[2021-05-11T08:21:26.792+0000][8][gc          ] GC(283) Pause Young (Concurrent Start) (G1 Evacuation Pause) 201M->117M(256M) 1.738ms
[2021-05-11T08:21:26.792+0000][8][gc,cpu      ] GC(283) User=0.01s Sys=0.00s Real=0.00s
[2021-05-11T08:21:26.792+0000][8][gc          ] GC(284) Concurrent Cycle
[2021-05-11T08:21:26.792+0000][8][gc,marking  ] GC(284) Concurrent Clear Claimed Marks
[2021-05-11T08:21:26.792+0000][8][gc,marking  ] GC(284) Concurrent Clear Claimed Marks 0.072ms
[2021-05-11T08:21:26.792+0000][8][gc,marking  ] GC(284) Concurrent Scan Root Regions
[2021-05-11T08:21:26.792+0000][8][safepoint   ] Safepoint "G1CollectForAllocation", Time since last: 34205811706 ns, Reaching safepoint: 166846 ns, At safepoint: 2141392 ns, Total: 2308238 ns
[2021-05-11T08:21:26.793+0000][8][gc,marking  ] GC(284) Concurrent Scan Root Regions 1.570ms
[2021-05-11T08:21:26.794+0000][8][gc,marking  ] GC(284) Concurrent Mark (20696.179s)
[2021-05-11T08:21:26.794+0000][8][gc,marking  ] GC(284) Concurrent Mark From Roots
[2021-05-11T08:21:26.794+0000][8][gc,task     ] GC(284) Using 2 workers of 2 for marking
[2021-05-11T08:21:26.915+0000][8][gc,marking  ] GC(284) Concurrent Mark From Roots 121.282ms
[2021-05-11T08:21:26.915+0000][8][gc,marking  ] GC(284) Concurrent Preclean
[2021-05-11T08:21:26.915+0000][8][gc,marking  ] GC(284) Concurrent Preclean 0.226ms
[2021-05-11T08:21:26.915+0000][8][gc,marking  ] GC(284) Concurrent Mark (20696.179s, 20696.300s) 121.554ms
[2021-05-11T08:21:26.915+0000][8][gc,start    ] GC(284) Pause Remark
[2021-05-11T08:21:26.922+0000][8][gc          ] GC(284) Pause Remark 122M->122M(256M) 6.665ms
[2021-05-11T08:21:26.922+0000][8][gc,cpu      ] GC(284) User=0.04s Sys=0.00s Real=0.01s
[2021-05-11T08:21:26.922+0000][8][safepoint   ] Safepoint "G1Concurrent", Time since last: 122938565 ns, Reaching safepoint: 96974 ns, At safepoint: 6742387 ns, Total: 6839361 ns
[2021-05-11T08:21:26.922+0000][8][gc,marking  ] GC(284) Concurrent Rebuild Remembered Sets
[2021-05-11T08:21:26.992+0000][8][gc,marking  ] GC(284) Concurrent Rebuild Remembered Sets 69.612ms
[2021-05-11T08:21:26.992+0000][8][gc,start    ] GC(284) Pause Cleanup
[2021-05-11T08:21:26.992+0000][8][gc          ] GC(284) Pause Cleanup 122M->122M(256M) 0.061ms
[2021-05-11T08:21:26.992+0000][8][gc,cpu      ] GC(284) User=0.00s Sys=0.00s Real=0.00s
[2021-05-11T08:21:26.992+0000][8][safepoint   ] Safepoint "G1Concurrent", Time since last: 69723446 ns, Reaching safepoint: 91688 ns, At safepoint: 95788 ns, Total: 187476 ns
[2021-05-11T08:21:26.992+0000][8][gc,marking  ] GC(284) Concurrent Cleanup for Next Mark
[2021-05-11T08:21:26.992+0000][8][gc,marking  ] GC(284) Concurrent Cleanup for Next Mark 0.190ms
[2021-05-11T08:21:26.992+0000][8][gc          ] GC(284) Concurrent Cycle 200.291ms
[2021-05-11T08:21:52.995+0000][8][safepoint   ] Safepoint "Cleanup", Time since last: 26002593839 ns, Reaching safepoint: 100858 ns, At safepoint: 3856 ns, Total: 104714 ns
[2021-05-11T08:22:26.998+0000][8][safepoint   ] Safepoint "Cleanup", Time since last: 34003515669 ns, Reaching safepoint: 92789 ns, At safepoint: 7828 ns, Total: 100617 ns
[2021-05-11T08:22:51.000+0000][8][safepoint   ] Safepoint "Cleanup", Time since last: 24001862333 ns, Reaching safepoint: 78758 ns, At safepoint: 7690 ns, Total: 86448 ns
[2021-05-11T08:22:56.815+0000][8][gc,start    ] GC(285) Pause Young (Normal) (G1 Evacuation Pause)
[2021-05-11T08:22:56.815+0000][8][gc,task     ] GC(285) Using 6 workers of 8 for evacuation
[2021-05-11T08:22:56.816+0000][8][gc,age      ] GC(285) Desired survivor size 6291456 bytes, new threshold 15 (max threshold 15)
[2021-05-11T08:22:56.817+0000][8][gc,age      ] GC(285) Age table with threshold 15 (max threshold 15)
[2021-05-11T08:22:56.817+0000][8][gc,age      ] GC(285) - age   1:     726208 bytes,     726208 total
[2021-05-11T08:22:56.817+0000][8][gc,age      ] GC(285) - age   2:        440 bytes,     726648 total
[2021-05-11T08:22:56.817+0000][8][gc,age      ] GC(285) - age   3:        208 bytes,     726856 total
[2021-05-11T08:22:56.817+0000][8][gc,age      ] GC(285) - age   4:       2720 bytes,     729576 total
[2021-05-11T08:22:56.817+0000][8][gc,age      ] GC(285) - age   5:        136 bytes,     729712 total
[2021-05-11T08:22:56.817+0000][8][gc,age      ] GC(285) - age   6:       1480 bytes,     731192 total
[2021-05-11T08:22:56.817+0000][8][gc,age      ] GC(285) - age   7:         96 bytes,     731288 total
[2021-05-11T08:22:56.817+0000][8][gc,age      ] GC(285) - age   8:        744 bytes,     732032 total
[2021-05-11T08:22:56.817+0000][8][gc,age      ] GC(285) - age   9:         48 bytes,     732080 total
[2021-05-11T08:22:56.817+0000][8][gc,age      ] GC(285) - age  10:        536 bytes,     732616 total
[2021-05-11T08:22:56.817+0000][8][gc,age      ] GC(285) - age  11:       4336 bytes,     736952 total
[2021-05-11T08:22:56.817+0000][8][gc,age      ] GC(285) - age  13:        536 bytes,     737488 total
[2021-05-11T08:22:56.817+0000][8][gc,age      ] GC(285) - age  14:       1592 bytes,     739080 total
[2021-05-11T08:22:56.817+0000][8][gc,age      ] GC(285) - age  15:       1976 bytes,     741056 total
[2021-05-11T08:22:56.817+0000][8][gc,phases   ] GC(285)   Pre Evacuate Collection Set: 0.0ms
[2021-05-11T08:22:56.817+0000][8][gc,phases   ] GC(285)   Merge Heap Roots: 0.0ms
[2021-05-11T08:22:56.817+0000][8][gc,phases   ] GC(285)   Evacuate Collection Set: 0.8ms
[2021-05-11T08:22:56.817+0000][8][gc,phases   ] GC(285)   Post Evacuate Collection Set: 0.5ms
[2021-05-11T08:22:56.817+0000][8][gc,phases   ] GC(285)   Other: 0.3ms
[2021-05-11T08:22:56.817+0000][8][gc,heap     ] GC(285) Eden regions: 21->0(21)
[2021-05-11T08:22:56.817+0000][8][gc,heap     ] GC(285) Survivor regions: 1->1(3)
[2021-05-11T08:22:56.817+0000][8][gc,heap     ] GC(285) Old regions: 27->27
[2021-05-11T08:22:56.817+0000][8][gc,heap     ] GC(285) Archive regions: 2->2
[2021-05-11T08:22:56.817+0000][8][gc,heap     ] GC(285) Humongous regions: 2->2
[2021-05-11T08:22:56.817+0000][8][gc,metaspace] GC(285) Metaspace: 109087K(113776K)->109087K(113776K) NonClass: 95188K(98544K)->95188K(98544K) Class: 13898K(15232K)->13898K(15232K)
[2021-05-11T08:22:56.817+0000][8][gc          ] GC(285) Pause Young (Normal) (G1 Evacuation Pause) 201M->118M(256M) 1.820ms
[2021-05-11T08:22:56.817+0000][8][gc,cpu      ] GC(285) User=0.01s Sys=0.00s Real=0.00s
[2021-05-11T08:22:56.817+0000][8][safepoint   ] Safepoint "G1CollectForAllocation", Time since last: 5815207428 ns, Reaching safepoint: 136557 ns, At safepoint: 1897241 ns, Total: 2033798 ns
[2021-05-11T08:25:10.675+0000][8][gc,start    ] GC(286) Pause Young (Concurrent Start) (G1 Evacuation Pause)
[2021-05-11T08:25:10.675+0000][8][gc,task     ] GC(286) Using 6 workers of 8 for evacuation
[2021-05-11T08:25:10.675+0000][8][gc,age      ] GC(286) Desired survivor size 6291456 bytes, new threshold 15 (max threshold 15)
[2021-05-11T08:25:10.676+0000][8][gc,age      ] GC(286) Age table with threshold 15 (max threshold 15)
[2021-05-11T08:25:10.676+0000][8][gc,age      ] GC(286) - age   1:     508280 bytes,     508280 total
[2021-05-11T08:25:10.676+0000][8][gc,age      ] GC(286) - age   2:     302856 bytes,     811136 total
[2021-05-11T08:25:10.676+0000][8][gc,age      ] GC(286) - age   3:        272 bytes,     811408 total
[2021-05-11T08:25:10.676+0000][8][gc,age      ] GC(286) - age   4:        184 bytes,     811592 total
[2021-05-11T08:25:10.676+0000][8][gc,age      ] GC(286) - age   5:       2720 bytes,     814312 total
[2021-05-11T08:25:10.676+0000][8][gc,age      ] GC(286) - age   6:        136 bytes,     814448 total
[2021-05-11T08:25:10.676+0000][8][gc,age      ] GC(286) - age   7:       1480 bytes,     815928 total
[2021-05-11T08:25:10.676+0000][8][gc,age      ] GC(286) - age   8:         96 bytes,     816024 total
[2021-05-11T08:25:10.676+0000][8][gc,age      ] GC(286) - age   9:        744 bytes,     816768 total
[2021-05-11T08:25:10.676+0000][8][gc,age      ] GC(286) - age  10:         48 bytes,     816816 total
[2021-05-11T08:25:10.676+0000][8][gc,age      ] GC(286) - age  11:        536 bytes,     817352 total
[2021-05-11T08:25:10.676+0000][8][gc,age      ] GC(286) - age  12:       4336 bytes,     821688 total
[2021-05-11T08:25:10.676+0000][8][gc,age      ] GC(286) - age  14:        536 bytes,     822224 total
[2021-05-11T08:25:10.677+0000][8][gc,age      ] GC(286) - age  15:       1592 bytes,     823816 total
[2021-05-11T08:25:10.677+0000][8][gc,phases   ] GC(286)   Pre Evacuate Collection Set: 0.1ms
[2021-05-11T08:25:10.677+0000][8][gc,phases   ] GC(286)   Merge Heap Roots: 0.0ms
[2021-05-11T08:25:10.677+0000][8][gc,phases   ] GC(286)   Evacuate Collection Set: 0.8ms
[2021-05-11T08:25:10.677+0000][8][gc,phases   ] GC(286)   Post Evacuate Collection Set: 0.5ms
[2021-05-11T08:25:10.677+0000][8][gc,phases   ] GC(286)   Other: 0.3ms
[2021-05-11T08:25:10.677+0000][8][gc,heap     ] GC(286) Eden regions: 21->0(21)
[2021-05-11T08:25:10.677+0000][8][gc,heap     ] GC(286) Survivor regions: 1->1(3)
[2021-05-11T08:25:10.677+0000][8][gc,heap     ] GC(286) Old regions: 27->27
[2021-05-11T08:25:10.677+0000][8][gc,heap     ] GC(286) Archive regions: 2->2
[2021-05-11T08:25:10.677+0000][8][gc,heap     ] GC(286) Humongous regions: 2->2
[2021-05-11T08:25:10.677+0000][8][gc,metaspace] GC(286) Metaspace: 109088K(113776K)->109088K(113776K) NonClass: 95189K(98544K)->95189K(98544K) Class: 13898K(15232K)->13898K(15232K)
[2021-05-11T08:25:10.677+0000][8][gc          ] GC(286) Pause Young (Concurrent Start) (G1 Evacuation Pause) 202M->118M(256M) 1.772ms
[2021-05-11T08:25:10.677+0000][8][gc,cpu      ] GC(286) User=0.01s Sys=0.00s Real=0.00s
[2021-05-11T08:25:10.677+0000][8][gc          ] GC(287) Concurrent Cycle
[2021-05-11T08:25:10.677+0000][8][safepoint   ] Safepoint "G1CollectForAllocation", Time since last: 133857358449 ns, Reaching safepoint: 131513 ns, At safepoint: 1840907 ns, Total: 1972420 ns
[2021-05-11T08:25:10.677+0000][8][gc,marking  ] GC(287) Concurrent Clear Claimed Marks
[2021-05-11T08:25:10.677+0000][8][gc,marking  ] GC(287) Concurrent Clear Claimed Marks 0.092ms
[2021-05-11T08:25:10.677+0000][8][gc,marking  ] GC(287) Concurrent Scan Root Regions
[2021-05-11T08:25:10.678+0000][8][gc,marking  ] GC(287) Concurrent Scan Root Regions 1.454ms
[2021-05-11T08:25:10.678+0000][8][gc,marking  ] GC(287) Concurrent Mark (20920.064s)
[2021-05-11T08:25:10.678+0000][8][gc,marking  ] GC(287) Concurrent Mark From Roots
[2021-05-11T08:25:10.678+0000][8][gc,task     ] GC(287) Using 2 workers of 2 for marking
[2021-05-11T08:25:10.781+0000][8][gc,marking  ] GC(287) Concurrent Mark From Roots 102.456ms
[2021-05-11T08:25:10.781+0000][8][gc,marking  ] GC(287) Concurrent Preclean
[2021-05-11T08:25:10.781+0000][8][gc,marking  ] GC(287) Concurrent Preclean 0.244ms
[2021-05-11T08:25:10.781+0000][8][gc,marking  ] GC(287) Concurrent Mark (20920.064s, 20920.166s) 102.746ms
[2021-05-11T08:25:10.781+0000][8][gc,start    ] GC(287) Pause Remark
[2021-05-11T08:25:10.786+0000][8][gc          ] GC(287) Pause Remark 118M->118M(256M) 5.353ms
[2021-05-11T08:25:10.787+0000][8][gc,cpu      ] GC(287) User=0.03s Sys=0.00s Real=0.01s
[2021-05-11T08:25:10.787+0000][8][safepoint   ] Safepoint "G1Concurrent", Time since last: 104360223 ns, Reaching safepoint: 73848 ns, At safepoint: 5422143 ns, Total: 5495991 ns
[2021-05-11T08:25:10.787+0000][8][gc,marking  ] GC(287) Concurrent Rebuild Remembered Sets
[2021-05-11T08:25:10.857+0000][8][gc,marking  ] GC(287) Concurrent Rebuild Remembered Sets 70.901ms
[2021-05-11T08:25:10.858+0000][8][gc,start    ] GC(287) Pause Cleanup
[2021-05-11T08:25:10.858+0000][8][gc          ] GC(287) Pause Cleanup 118M->118M(256M) 0.061ms
[2021-05-11T08:25:10.858+0000][8][gc,cpu      ] GC(287) User=0.00s Sys=0.00s Real=0.00s
[2021-05-11T08:25:10.858+0000][8][safepoint   ] Safepoint "G1Concurrent", Time since last: 70966616 ns, Reaching safepoint: 80387 ns, At safepoint: 97513 ns, Total: 177900 ns
[2021-05-11T08:25:10.858+0000][8][gc,marking  ] GC(287) Concurrent Cleanup for Next Mark
[2021-05-11T08:25:10.858+0000][8][gc,marking  ] GC(287) Concurrent Cleanup for Next Mark 0.254ms
[2021-05-11T08:25:10.858+0000][8][gc          ] GC(287) Concurrent Cycle 181.309ms
[2021-05-11T08:27:16.013+0000][8][gc,start    ] GC(288) Pause Young (Normal) (G1 Evacuation Pause)
[2021-05-11T08:27:16.013+0000][8][gc,task     ] GC(288) Using 6 workers of 8 for evacuation
[2021-05-11T08:27:16.013+0000][8][gc,age      ] GC(288) Desired survivor size 6291456 bytes, new threshold 15 (max threshold 15)
[2021-05-11T08:27:16.016+0000][8][gc,age      ] GC(288) Age table with threshold 15 (max threshold 15)
[2021-05-11T08:27:16.016+0000][8][gc,age      ] GC(288) - age   1:     515888 bytes,     515888 total
[2021-05-11T08:27:16.016+0000][8][gc,age      ] GC(288) - age   2:        736 bytes,     516624 total
[2021-05-11T08:27:16.016+0000][8][gc,age      ] GC(288) - age   3:     181144 bytes,     697768 total
[2021-05-11T08:27:16.016+0000][8][gc,age      ] GC(288) - age   4:        176 bytes,     697944 total
[2021-05-11T08:27:16.016+0000][8][gc,age      ] GC(288) - age   5:        184 bytes,     698128 total
[2021-05-11T08:27:16.016+0000][8][gc,age      ] GC(288) - age   6:        224 bytes,     698352 total
[2021-05-11T08:27:16.016+0000][8][gc,age      ] GC(288) - age   7:        136 bytes,     698488 total
[2021-05-11T08:27:16.016+0000][8][gc,age      ] GC(288) - age   8:       1480 bytes,     699968 total
[2021-05-11T08:27:16.016+0000][8][gc,age      ] GC(288) - age   9:         96 bytes,     700064 total
[2021-05-11T08:27:16.016+0000][8][gc,age      ] GC(288) - age  10:        744 bytes,     700808 total
[2021-05-11T08:27:16.016+0000][8][gc,age      ] GC(288) - age  11:         48 bytes,     700856 total
[2021-05-11T08:27:16.016+0000][8][gc,age      ] GC(288) - age  12:        536 bytes,     701392 total
[2021-05-11T08:27:16.016+0000][8][gc,age      ] GC(288) - age  13:       4336 bytes,     705728 total
[2021-05-11T08:27:16.016+0000][8][gc,age      ] GC(288) - age  15:        536 bytes,     706264 total
[2021-05-11T08:27:16.016+0000][8][gc,phases   ] GC(288)   Pre Evacuate Collection Set: 0.1ms
[2021-05-11T08:27:16.016+0000][8][gc,phases   ] GC(288)   Merge Heap Roots: 0.1ms
[2021-05-11T08:27:16.016+0000][8][gc,phases   ] GC(288)   Evacuate Collection Set: 1.5ms
[2021-05-11T08:27:16.016+0000][8][gc,phases   ] GC(288)   Post Evacuate Collection Set: 0.9ms
[2021-05-11T08:27:16.016+0000][8][gc,phases   ] GC(288)   Other: 0.4ms
[2021-05-11T08:27:16.016+0000][8][gc,heap     ] GC(288) Eden regions: 21->0(21)
[2021-05-11T08:27:16.016+0000][8][gc,heap     ] GC(288) Survivor regions: 1->1(3)
[2021-05-11T08:27:16.016+0000][8][gc,heap     ] GC(288) Old regions: 27->27
[2021-05-11T08:27:16.016+0000][8][gc,heap     ] GC(288) Archive regions: 2->2
[2021-05-11T08:27:16.016+0000][8][gc,heap     ] GC(288) Humongous regions: 2->2
[2021-05-11T08:27:16.016+0000][8][gc,metaspace] GC(288) Metaspace: 109088K(113776K)->109088K(113776K) NonClass: 95190K(98544K)->95190K(98544K) Class: 13898K(15232K)->13898K(15232K)
[2021-05-11T08:27:16.016+0000][8][gc          ] GC(288) Pause Young (Normal) (G1 Evacuation Pause) 202M->118M(256M) 3.027ms
[2021-05-11T08:27:16.016+0000][8][gc,cpu      ] GC(288) User=0.02s Sys=0.00s Real=0.00s
[2021-05-11T08:27:16.016+0000][8][safepoint   ] Safepoint "G1CollectForAllocation", Time since last: 125155169324 ns, Reaching safepoint: 141669 ns, At safepoint: 3163254 ns, Total: 3304923 ns
[2021-05-11T08:27:27.018+0000][8][safepoint   ] Safepoint "Cleanup", Time since last: 11001319227 ns, Reaching safepoint: 84924 ns, At safepoint: 6817 ns, Total: 91741 ns
[2021-05-11T08:28:52.025+0000][8][safepoint   ] Safepoint "Cleanup", Time since last: 85007460847 ns, Reaching safepoint: 115641 ns, At safepoint: 5701 ns, Total: 121342 ns
[2021-05-11T08:28:57.026+0000][8][safepoint   ] Safepoint "Cleanup", Time since last: 5000563194 ns, Reaching safepoint: 83558 ns, At safepoint: 3978 ns, Total: 87536 ns
[2021-05-11T08:29:26.918+0000][8][gc,start    ] GC(289) Pause Young (Concurrent Start) (G1 Evacuation Pause)
[2021-05-11T08:29:26.918+0000][8][gc,task     ] GC(289) Using 6 workers of 8 for evacuation
[2021-05-11T08:29:26.918+0000][8][gc,age      ] GC(289) Desired survivor size 6291456 bytes, new threshold 15 (max threshold 15)
[2021-05-11T08:29:26.921+0000][8][gc,age      ] GC(289) Age table with threshold 15 (max threshold 15)
[2021-05-11T08:29:26.921+0000][8][gc,age      ] GC(289) - age   1:     618480 bytes,     618480 total
[2021-05-11T08:29:26.921+0000][8][gc,age      ] GC(289) - age   2:       2944 bytes,     621424 total
[2021-05-11T08:29:26.921+0000][8][gc,age      ] GC(289) - age   3:        616 bytes,     622040 total
[2021-05-11T08:29:26.921+0000][8][gc,age      ] GC(289) - age   4:     180904 bytes,     802944 total
[2021-05-11T08:29:26.921+0000][8][gc,age      ] GC(289) - age   5:        176 bytes,     803120 total
[2021-05-11T08:29:26.921+0000][8][gc,age      ] GC(289) - age   6:         88 bytes,     803208 total
[2021-05-11T08:29:26.921+0000][8][gc,age      ] GC(289) - age   7:        224 bytes,     803432 total
[2021-05-11T08:29:26.921+0000][8][gc,age      ] GC(289) - age   8:        136 bytes,     803568 total
[2021-05-11T08:29:26.921+0000][8][gc,age      ] GC(289) - age   9:       1480 bytes,     805048 total
[2021-05-11T08:29:26.921+0000][8][gc,age      ] GC(289) - age  10:         96 bytes,     805144 total
[2021-05-11T08:29:26.921+0000][8][gc,age      ] GC(289) - age  11:        744 bytes,     805888 total
[2021-05-11T08:29:26.921+0000][8][gc,age      ] GC(289) - age  12:         48 bytes,     805936 total
[2021-05-11T08:29:26.921+0000][8][gc,age      ] GC(289) - age  13:        536 bytes,     806472 total
[2021-05-11T08:29:26.921+0000][8][gc,age      ] GC(289) - age  14:       4336 bytes,     810808 total
[2021-05-11T08:29:26.921+0000][8][gc,phases   ] GC(289)   Pre Evacuate Collection Set: 0.2ms
[2021-05-11T08:29:26.921+0000][8][gc,phases   ] GC(289)   Merge Heap Roots: 0.1ms
[2021-05-11T08:29:26.921+0000][8][gc,phases   ] GC(289)   Evacuate Collection Set: 1.3ms
[2021-05-11T08:29:26.921+0000][8][gc,phases   ] GC(289)   Post Evacuate Collection Set: 1.1ms
[2021-05-11T08:29:26.921+0000][8][gc,phases   ] GC(289)   Other: 0.4ms
[2021-05-11T08:29:26.921+0000][8][gc,heap     ] GC(289) Eden regions: 21->0(21)
[2021-05-11T08:29:26.921+0000][8][gc,heap     ] GC(289) Survivor regions: 1->1(3)
[2021-05-11T08:29:26.921+0000][8][gc,heap     ] GC(289) Old regions: 27->27
[2021-05-11T08:29:26.921+0000][8][gc,heap     ] GC(289) Archive regions: 2->2
[2021-05-11T08:29:26.921+0000][8][gc,heap     ] GC(289) Humongous regions: 2->2
[2021-05-11T08:29:26.921+0000][8][gc,metaspace] GC(289) Metaspace: 109088K(113776K)->109088K(113776K) NonClass: 95190K(98544K)->95190K(98544K) Class: 13898K(15232K)->13898K(15232K)
[2021-05-11T08:29:26.921+0000][8][gc          ] GC(289) Pause Young (Concurrent Start) (G1 Evacuation Pause) 202M->118M(256M) 3.073ms
[2021-05-11T08:29:26.921+0000][8][gc,cpu      ] GC(289) User=0.01s Sys=0.00s Real=0.00s
[2021-05-11T08:29:26.921+0000][8][gc          ] GC(290) Concurrent Cycle
[2021-05-11T08:29:26.921+0000][8][safepoint   ] Safepoint "G1CollectForAllocation", Time since last: 29892034297 ns, Reaching safepoint: 230081 ns, At safepoint: 3157499 ns, Total: 3387580 ns
[2021-05-11T08:29:26.921+0000][8][gc,marking  ] GC(290) Concurrent Clear Claimed Marks
[2021-05-11T08:29:26.921+0000][8][gc,marking  ] GC(290) Concurrent Clear Claimed Marks 0.072ms
[2021-05-11T08:29:26.921+0000][8][gc,marking  ] GC(290) Concurrent Scan Root Regions
[2021-05-11T08:29:26.923+0000][8][gc,marking  ] GC(290) Concurrent Scan Root Regions 2.024ms
[2021-05-11T08:29:26.923+0000][8][gc,marking  ] GC(290) Concurrent Mark (21176.309s)
[2021-05-11T08:29:26.923+0000][8][gc,marking  ] GC(290) Concurrent Mark From Roots
[2021-05-11T08:29:26.923+0000][8][gc,task     ] GC(290) Using 2 workers of 2 for marking
[2021-05-11T08:29:27.042+0000][8][gc,marking  ] GC(290) Concurrent Mark From Roots 118.505ms
[2021-05-11T08:29:27.042+0000][8][gc,marking  ] GC(290) Concurrent Preclean
[2021-05-11T08:29:27.042+0000][8][gc,marking  ] GC(290) Concurrent Preclean 0.246ms
[2021-05-11T08:29:27.042+0000][8][gc,marking  ] GC(290) Concurrent Mark (21176.309s, 21176.428s) 118.813ms
[2021-05-11T08:29:27.042+0000][8][gc,start    ] GC(290) Pause Remark
[2021-05-11T08:29:27.048+0000][8][gc          ] GC(290) Pause Remark 120M->120M(256M) 5.636ms
[2021-05-11T08:29:27.048+0000][8][gc,cpu      ] GC(290) User=0.03s Sys=0.00s Real=0.00s
[2021-05-11T08:29:27.048+0000][8][safepoint   ] Safepoint "G1Concurrent", Time since last: 120993313 ns, Reaching safepoint: 86537 ns, At safepoint: 5708518 ns, Total: 5795055 ns
[2021-05-11T08:29:27.048+0000][8][gc,marking  ] GC(290) Concurrent Rebuild Remembered Sets
[2021-05-11T08:29:27.117+0000][8][gc,marking  ] GC(290) Concurrent Rebuild Remembered Sets 69.295ms
[2021-05-11T08:29:27.118+0000][8][gc,start    ] GC(290) Pause Cleanup
[2021-05-11T08:29:27.118+0000][8][gc          ] GC(290) Pause Cleanup 120M->120M(256M) 0.078ms
[2021-05-11T08:29:27.118+0000][8][gc,cpu      ] GC(290) User=0.00s Sys=0.00s Real=0.00s
[2021-05-11T08:29:27.118+0000][8][safepoint   ] Safepoint "G1Concurrent", Time since last: 69412346 ns, Reaching safepoint: 97890 ns, At safepoint: 125998 ns, Total: 223888 ns
[2021-05-11T08:29:27.118+0000][8][gc,marking  ] GC(290) Concurrent Cleanup for Next Mark
[2021-05-11T08:29:27.118+0000][8][gc,marking  ] GC(290) Concurrent Cleanup for Next Mark 0.335ms
[2021-05-11T08:29:27.118+0000][8][gc          ] GC(290) Concurrent Cycle 196.831ms
[2021-05-11T08:31:40.839+0000][8][gc,start    ] GC(291) Pause Young (Normal) (G1 Evacuation Pause)
[2021-05-11T08:31:40.839+0000][8][gc,task     ] GC(291) Using 6 workers of 8 for evacuation
[2021-05-11T08:31:40.839+0000][8][gc,age      ] GC(291) Desired survivor size 6291456 bytes, new threshold 15 (max threshold 15)
[2021-05-11T08:31:40.840+0000][8][gc,age      ] GC(291) Age table with threshold 15 (max threshold 15)
[2021-05-11T08:31:40.840+0000][8][gc,age      ] GC(291) - age   1:     510136 bytes,     510136 total
[2021-05-11T08:31:40.840+0000][8][gc,age      ] GC(291) - age   2:        936 bytes,     511072 total
[2021-05-11T08:31:40.840+0000][8][gc,age      ] GC(291) - age   3:       2848 bytes,     513920 total
[2021-05-11T08:31:40.840+0000][8][gc,age      ] GC(291) - age   4:        592 bytes,     514512 total
[2021-05-11T08:31:40.840+0000][8][gc,age      ] GC(291) - age   5:     180904 bytes,     695416 total
[2021-05-11T08:31:40.840+0000][8][gc,age      ] GC(291) - age   6:        176 bytes,     695592 total
[2021-05-11T08:31:40.840+0000][8][gc,age      ] GC(291) - age   7:         40 bytes,     695632 total
[2021-05-11T08:31:40.840+0000][8][gc,age      ] GC(291) - age   8:         24 bytes,     695656 total
[2021-05-11T08:31:40.840+0000][8][gc,age      ] GC(291) - age   9:        136 bytes,     695792 total
[2021-05-11T08:31:40.840+0000][8][gc,age      ] GC(291) - age  10:       1440 bytes,     697232 total
[2021-05-11T08:31:40.840+0000][8][gc,age      ] GC(291) - age  11:         96 bytes,     697328 total
[2021-05-11T08:31:40.840+0000][8][gc,age      ] GC(291) - age  12:        744 bytes,     698072 total
[2021-05-11T08:31:40.840+0000][8][gc,age      ] GC(291) - age  13:         24 bytes,     698096 total
[2021-05-11T08:31:40.840+0000][8][gc,age      ] GC(291) - age  14:        536 bytes,     698632 total
[2021-05-11T08:31:40.840+0000][8][gc,age      ] GC(291) - age  15:       4336 bytes,     702968 total
[2021-05-11T08:31:40.840+0000][8][gc,phases   ] GC(291)   Pre Evacuate Collection Set: 0.0ms
[2021-05-11T08:31:40.840+0000][8][gc,phases   ] GC(291)   Merge Heap Roots: 0.0ms
[2021-05-11T08:31:40.840+0000][8][gc,phases   ] GC(291)   Evacuate Collection Set: 0.7ms
[2021-05-11T08:31:40.840+0000][8][gc,phases   ] GC(291)   Post Evacuate Collection Set: 0.3ms
[2021-05-11T08:31:40.840+0000][8][gc,phases   ] GC(291)   Other: 0.2ms
[2021-05-11T08:31:40.840+0000][8][gc,heap     ] GC(291) Eden regions: 21->0(21)
[2021-05-11T08:31:40.840+0000][8][gc,heap     ] GC(291) Survivor regions: 1->1(3)
[2021-05-11T08:31:40.840+0000][8][gc,heap     ] GC(291) Old regions: 27->27
[2021-05-11T08:31:40.840+0000][8][gc,heap     ] GC(291) Archive regions: 2->2
[2021-05-11T08:31:40.840+0000][8][gc,heap     ] GC(291) Humongous regions: 2->2
[2021-05-11T08:31:40.840+0000][8][gc,metaspace] GC(291) Metaspace: 109089K(113776K)->109089K(113776K) NonClass: 95190K(98544K)->95190K(98544K) Class: 13898K(15232K)->13898K(15232K)
[2021-05-11T08:31:40.840+0000][8][gc          ] GC(291) Pause Young (Normal) (G1 Evacuation Pause) 202M->117M(256M) 1.347ms
[2021-05-11T08:31:40.840+0000][8][gc,cpu      ] GC(291) User=0.00s Sys=0.00s Real=0.00s
[2021-05-11T08:31:40.840+0000][8][safepoint   ] Safepoint "G1CollectForAllocation", Time since last: 133721333012 ns, Reaching safepoint: 89050 ns, At safepoint: 1423187 ns, Total: 1512237 ns
[2021-05-11T08:32:46.846+0000][8][safepoint   ] Safepoint "Cleanup", Time since last: 66005390076 ns, Reaching safepoint: 91948 ns, At safepoint: 4918 ns, Total: 96866 ns
[2021-05-11T08:32:50.846+0000][8][safepoint   ] Safepoint "Cleanup", Time since last: 4000370770 ns, Reaching safepoint: 64445 ns, At safepoint: 4024 ns, Total: 68469 ns
[2021-05-11T08:33:15.878+0000][8][gc,start    ] GC(292) Pause Young (Concurrent Start) (G1 Evacuation Pause)
[2021-05-11T08:33:15.878+0000][8][gc,task     ] GC(292) Using 6 workers of 8 for evacuation
[2021-05-11T08:33:15.878+0000][8][gc,age      ] GC(292) Desired survivor size 6291456 bytes, new threshold 15 (max threshold 15)
[2021-05-11T08:33:15.880+0000][8][gc,age      ] GC(292) Age table with threshold 15 (max threshold 15)
[2021-05-11T08:33:15.880+0000][8][gc,age      ] GC(292) - age   1:     784024 bytes,     784024 total
[2021-05-11T08:33:15.880+0000][8][gc,age      ] GC(292) - age   2:       4272 bytes,     788296 total
[2021-05-11T08:33:15.880+0000][8][gc,age      ] GC(292) - age   3:        360 bytes,     788656 total
[2021-05-11T08:33:15.880+0000][8][gc,age      ] GC(292) - age   4:       2496 bytes,     791152 total
[2021-05-11T08:33:15.880+0000][8][gc,age      ] GC(292) - age   5:        104 bytes,     791256 total
[2021-05-11T08:33:15.880+0000][8][gc,age      ] GC(292) - age   6:       6272 bytes,     797528 total
[2021-05-11T08:33:15.880+0000][8][gc,age      ] GC(292) - age   7:         80 bytes,     797608 total
[2021-05-11T08:33:15.880+0000][8][gc,age      ] GC(292) - age   9:         24 bytes,     797632 total
[2021-05-11T08:33:15.880+0000][8][gc,age      ] GC(292) - age  10:        136 bytes,     797768 total
[2021-05-11T08:33:15.880+0000][8][gc,age      ] GC(292) - age  11:        464 bytes,     798232 total
[2021-05-11T08:33:15.880+0000][8][gc,age      ] GC(292) - age  12:         96 bytes,     798328 total
[2021-05-11T08:33:15.880+0000][8][gc,age      ] GC(292) - age  13:        744 bytes,     799072 total
[2021-05-11T08:33:15.880+0000][8][gc,age      ] GC(292) - age  14:         24 bytes,     799096 total
[2021-05-11T08:33:15.880+0000][8][gc,age      ] GC(292) - age  15:        536 bytes,     799632 total
[2021-05-11T08:33:15.880+0000][8][gc,phases   ] GC(292)   Pre Evacuate Collection Set: 0.1ms
[2021-05-11T08:33:15.880+0000][8][gc,phases   ] GC(292)   Merge Heap Roots: 0.1ms
[2021-05-11T08:33:15.880+0000][8][gc,phases   ] GC(292)   Evacuate Collection Set: 1.0ms
[2021-05-11T08:33:15.880+0000][8][gc,phases   ] GC(292)   Post Evacuate Collection Set: 0.3ms
[2021-05-11T08:33:15.880+0000][8][gc,phases   ] GC(292)   Other: 0.2ms
[2021-05-11T08:33:15.880+0000][8][gc,heap     ] GC(292) Eden regions: 21->0(21)
[2021-05-11T08:33:15.880+0000][8][gc,heap     ] GC(292) Survivor regions: 1->1(3)
[2021-05-11T08:33:15.880+0000][8][gc,heap     ] GC(292) Old regions: 27->27
[2021-05-11T08:33:15.880+0000][8][gc,heap     ] GC(292) Archive regions: 2->2
[2021-05-11T08:33:15.880+0000][8][gc,heap     ] GC(292) Humongous regions: 2->2
[2021-05-11T08:33:15.880+0000][8][gc,metaspace] GC(292) Metaspace: 109118K(113776K)->109118K(113776K) NonClass: 95220K(98544K)->95220K(98544K) Class: 13898K(15232K)->13898K(15232K)
[2021-05-11T08:33:15.880+0000][8][gc          ] GC(292) Pause Young (Concurrent Start) (G1 Evacuation Pause) 201M->118M(256M) 1.830ms
[2021-05-11T08:33:15.880+0000][8][gc,cpu      ] GC(292) User=0.01s Sys=0.00s Real=0.00s
[2021-05-11T08:33:15.880+0000][8][safepoint   ] Safepoint "G1CollectForAllocation", Time since last: 25031370684 ns, Reaching safepoint: 77872 ns, At safepoint: 1894301 ns, Total: 1972173 ns
[2021-05-11T08:33:15.880+0000][8][gc          ] GC(293) Concurrent Cycle
[2021-05-11T08:33:15.880+0000][8][gc,marking  ] GC(293) Concurrent Clear Claimed Marks
[2021-05-11T08:33:15.880+0000][8][gc,marking  ] GC(293) Concurrent Clear Claimed Marks 0.057ms
[2021-05-11T08:33:15.880+0000][8][gc,marking  ] GC(293) Concurrent Scan Root Regions
[2021-05-11T08:33:15.881+0000][8][gc,marking  ] GC(293) Concurrent Scan Root Regions 1.387ms
[2021-05-11T08:33:15.881+0000][8][gc,marking  ] GC(293) Concurrent Mark (21405.267s)
[2021-05-11T08:33:15.881+0000][8][gc,marking  ] GC(293) Concurrent Mark From Roots
[2021-05-11T08:33:15.881+0000][8][gc,task     ] GC(293) Using 2 workers of 2 for marking
[2021-05-11T08:33:15.972+0000][8][gc,marking  ] GC(293) Concurrent Mark From Roots 90.838ms
[2021-05-11T08:33:15.972+0000][8][gc,marking  ] GC(293) Concurrent Preclean
[2021-05-11T08:33:15.972+0000][8][gc,marking  ] GC(293) Concurrent Preclean 0.278ms
[2021-05-11T08:33:15.972+0000][8][gc,marking  ] GC(293) Concurrent Mark (21405.267s, 21405.358s) 91.177ms
[2021-05-11T08:33:15.973+0000][8][gc,start    ] GC(293) Pause Remark
[2021-05-11T08:33:15.979+0000][8][gc          ] GC(293) Pause Remark 118M->118M(256M) 6.623ms
[2021-05-11T08:33:15.979+0000][8][gc,cpu      ] GC(293) User=0.04s Sys=0.00s Real=0.00s
[2021-05-11T08:33:15.979+0000][8][safepoint   ] Safepoint "G1Concurrent", Time since last: 92700575 ns, Reaching safepoint: 77142 ns, At safepoint: 6712564 ns, Total: 6789706 ns
[2021-05-11T08:33:15.979+0000][8][gc,marking  ] GC(293) Concurrent Rebuild Remembered Sets
[2021-05-11T08:33:16.039+0000][8][gc,marking  ] GC(293) Concurrent Rebuild Remembered Sets 59.434ms
[2021-05-11T08:33:16.039+0000][8][gc,start    ] GC(293) Pause Cleanup
[2021-05-11T08:33:16.039+0000][8][gc          ] GC(293) Pause Cleanup 118M->118M(256M) 0.078ms
[2021-05-11T08:33:16.039+0000][8][gc,cpu      ] GC(293) User=0.00s Sys=0.00s Real=0.00s
[2021-05-11T08:33:16.039+0000][8][safepoint   ] Safepoint "G1Concurrent", Time since last: 59556165 ns, Reaching safepoint: 115821 ns, At safepoint: 136329 ns, Total: 252150 ns
[2021-05-11T08:33:16.039+0000][8][gc,marking  ] GC(293) Concurrent Cleanup for Next Mark
[2021-05-11T08:33:16.039+0000][8][gc,marking  ] GC(293) Concurrent Cleanup for Next Mark 0.199ms
[2021-05-11T08:33:16.039+0000][8][gc          ] GC(293) Concurrent Cycle 159.576ms
[2021-05-11T08:35:26.998+0000][8][gc,start    ] GC(294) Pause Young (Normal) (G1 Evacuation Pause)
[2021-05-11T08:35:26.998+0000][8][gc,task     ] GC(294) Using 6 workers of 8 for evacuation
[2021-05-11T08:35:26.998+0000][8][gc,age      ] GC(294) Desired survivor size 6291456 bytes, new threshold 15 (max threshold 15)
[2021-05-11T08:35:26.999+0000][8][gc,age      ] GC(294) Age table with threshold 15 (max threshold 15)
[2021-05-11T08:35:26.999+0000][8][gc,age      ] GC(294) - age   1:     497592 bytes,     497592 total
[2021-05-11T08:35:26.999+0000][8][gc,age      ] GC(294) - age   2:     273328 bytes,     770920 total
[2021-05-11T08:35:26.999+0000][8][gc,age      ] GC(294) - age   3:       1440 bytes,     772360 total
[2021-05-11T08:35:26.999+0000][8][gc,age      ] GC(294) - age   5:       2496 bytes,     774856 total
[2021-05-11T08:35:26.999+0000][8][gc,age      ] GC(294) - age   6:        104 bytes,     774960 total
[2021-05-11T08:35:26.999+0000][8][gc,age      ] GC(294) - age   7:       6272 bytes,     781232 total
[2021-05-11T08:35:26.999+0000][8][gc,age      ] GC(294) - age   8:         40 bytes,     781272 total
[2021-05-11T08:35:26.999+0000][8][gc,age      ] GC(294) - age  10:         24 bytes,     781296 total
[2021-05-11T08:35:26.999+0000][8][gc,age      ] GC(294) - age  11:        136 bytes,     781432 total
[2021-05-11T08:35:26.999+0000][8][gc,age      ] GC(294) - age  12:        464 bytes,     781896 total
[2021-05-11T08:35:26.999+0000][8][gc,age      ] GC(294) - age  13:         96 bytes,     781992 total
[2021-05-11T08:35:26.999+0000][8][gc,age      ] GC(294) - age  14:        744 bytes,     782736 total
[2021-05-11T08:35:26.999+0000][8][gc,age      ] GC(294) - age  15:         24 bytes,     782760 total
[2021-05-11T08:35:26.999+0000][8][gc,phases   ] GC(294)   Pre Evacuate Collection Set: 0.1ms
[2021-05-11T08:35:26.999+0000][8][gc,phases   ] GC(294)   Merge Heap Roots: 0.0ms
[2021-05-11T08:35:26.999+0000][8][gc,phases   ] GC(294)   Evacuate Collection Set: 0.8ms
[2021-05-11T08:35:26.999+0000][8][gc,phases   ] GC(294)   Post Evacuate Collection Set: 0.4ms
[2021-05-11T08:35:26.999+0000][8][gc,phases   ] GC(294)   Other: 0.2ms
[2021-05-11T08:35:26.999+0000][8][gc,heap     ] GC(294) Eden regions: 21->0(21)
[2021-05-11T08:35:26.999+0000][8][gc,heap     ] GC(294) Survivor regions: 1->1(3)
[2021-05-11T08:35:26.999+0000][8][gc,heap     ] GC(294) Old regions: 27->27
[2021-05-11T08:35:26.999+0000][8][gc,heap     ] GC(294) Archive regions: 2->2
[2021-05-11T08:35:26.999+0000][8][gc,heap     ] GC(294) Humongous regions: 2->2
[2021-05-11T08:35:26.999+0000][8][gc,metaspace] GC(294) Metaspace: 109118K(113776K)->109118K(113776K) NonClass: 95220K(98544K)->95220K(98544K) Class: 13898K(15232K)->13898K(15232K)
[2021-05-11T08:35:26.999+0000][8][gc          ] GC(294) Pause Young (Normal) (G1 Evacuation Pause) 202M->118M(256M) 1.592ms
[2021-05-11T08:35:26.999+0000][8][gc,cpu      ] GC(294) User=0.00s Sys=0.01s Real=0.00s
[2021-05-11T08:35:26.999+0000][8][safepoint   ] Safepoint "G1CollectForAllocation", Time since last: 130958284360 ns, Reaching safepoint: 211818 ns, At safepoint: 1671996 ns, Total: 1883814 ns
[2021-05-11T08:35:49.002+0000][8][safepoint   ] Safepoint "Cleanup", Time since last: 22002621746 ns, Reaching safepoint: 95285 ns, At safepoint: 6932 ns, Total: 102217 ns
[2021-05-11T08:36:56.008+0000][8][safepoint   ] Safepoint "Cleanup", Time since last: 67006088642 ns, Reaching safepoint: 96577 ns, At safepoint: 5208 ns, Total: 101785 ns
[2021-05-11T08:37:28.276+0000][8][gc,start    ] GC(295) Pause Young (Concurrent Start) (G1 Evacuation Pause)
[2021-05-11T08:37:28.276+0000][8][gc,task     ] GC(295) Using 6 workers of 8 for evacuation
[2021-05-11T08:37:28.276+0000][8][gc,age      ] GC(295) Desired survivor size 6291456 bytes, new threshold 15 (max threshold 15)
[2021-05-11T08:37:28.278+0000][8][gc,age      ] GC(295) Age table with threshold 15 (max threshold 15)
[2021-05-11T08:37:28.278+0000][8][gc,age      ] GC(295) - age   1:     516048 bytes,     516048 total
[2021-05-11T08:37:28.278+0000][8][gc,age      ] GC(295) - age   2:       1368 bytes,     517416 total
[2021-05-11T08:37:28.278+0000][8][gc,age      ] GC(295) - age   3:     152056 bytes,     669472 total
[2021-05-11T08:37:28.278+0000][8][gc,age      ] GC(295) - age   4:       1320 bytes,     670792 total
[2021-05-11T08:37:28.278+0000][8][gc,age      ] GC(295) - age   7:        104 bytes,     670896 total
[2021-05-11T08:37:28.278+0000][8][gc,age      ] GC(295) - age   8:       6064 bytes,     676960 total
[2021-05-11T08:37:28.278+0000][8][gc,age      ] GC(295) - age   9:         40 bytes,     677000 total
[2021-05-11T08:37:28.278+0000][8][gc,age      ] GC(295) - age  12:        136 bytes,     677136 total
[2021-05-11T08:37:28.278+0000][8][gc,age      ] GC(295) - age  13:        464 bytes,     677600 total
[2021-05-11T08:37:28.278+0000][8][gc,age      ] GC(295) - age  14:         96 bytes,     677696 total
[2021-05-11T08:37:28.278+0000][8][gc,age      ] GC(295) - age  15:        744 bytes,     678440 total
[2021-05-11T08:37:28.278+0000][8][gc,phases   ] GC(295)   Pre Evacuate Collection Set: 0.1ms
[2021-05-11T08:37:28.278+0000][8][gc,phases   ] GC(295)   Merge Heap Roots: 0.1ms
[2021-05-11T08:37:28.278+0000][8][gc,phases   ] GC(295)   Evacuate Collection Set: 1.0ms
[2021-05-11T08:37:28.278+0000][8][gc,phases   ] GC(295)   Post Evacuate Collection Set: 0.5ms
[2021-05-11T08:37:28.278+0000][8][gc,phases   ] GC(295)   Other: 0.2ms
[2021-05-11T08:37:28.278+0000][8][gc,heap     ] GC(295) Eden regions: 21->0(21)
[2021-05-11T08:37:28.278+0000][8][gc,heap     ] GC(295) Survivor regions: 1->1(3)
[2021-05-11T08:37:28.278+0000][8][gc,heap     ] GC(295) Old regions: 27->27
[2021-05-11T08:37:28.278+0000][8][gc,heap     ] GC(295) Archive regions: 2->2
[2021-05-11T08:37:28.278+0000][8][gc,heap     ] GC(295) Humongous regions: 2->2
[2021-05-11T08:37:28.278+0000][8][gc,metaspace] GC(295) Metaspace: 109120K(113776K)->109120K(113776K) NonClass: 95221K(98544K)->95221K(98544K) Class: 13898K(15232K)->13898K(15232K)
[2021-05-11T08:37:28.278+0000][8][gc          ] GC(295) Pause Young (Concurrent Start) (G1 Evacuation Pause) 202M->118M(256M) 2.081ms
[2021-05-11T08:37:28.278+0000][8][gc,cpu      ] GC(295) User=0.01s Sys=0.00s Real=0.00s
[2021-05-11T08:37:28.278+0000][8][gc          ] GC(296) Concurrent Cycle
[2021-05-11T08:37:28.278+0000][8][safepoint   ] Safepoint "G1CollectForAllocation", Time since last: 32267476111 ns, Reaching safepoint: 90002 ns, At safepoint: 2147506 ns, Total: 2237508 ns
[2021-05-11T08:37:28.278+0000][8][gc,marking  ] GC(296) Concurrent Clear Claimed Marks
[2021-05-11T08:37:28.278+0000][8][gc,marking  ] GC(296) Concurrent Clear Claimed Marks 0.084ms
[2021-05-11T08:37:28.278+0000][8][gc,marking  ] GC(296) Concurrent Scan Root Regions
[2021-05-11T08:37:28.280+0000][8][gc,marking  ] GC(296) Concurrent Scan Root Regions 1.778ms
[2021-05-11T08:37:28.280+0000][8][gc,marking  ] GC(296) Concurrent Mark (21657.665s)
[2021-05-11T08:37:28.280+0000][8][gc,marking  ] GC(296) Concurrent Mark From Roots
[2021-05-11T08:37:28.280+0000][8][gc,task     ] GC(296) Using 2 workers of 2 for marking
[2021-05-11T08:37:28.367+0000][8][gc,marking  ] GC(296) Concurrent Mark From Roots 87.127ms
[2021-05-11T08:37:28.367+0000][8][gc,marking  ] GC(296) Concurrent Preclean
[2021-05-11T08:37:28.367+0000][8][gc,marking  ] GC(296) Concurrent Preclean 0.222ms
[2021-05-11T08:37:28.367+0000][8][gc,marking  ] GC(296) Concurrent Mark (21657.665s, 21657.753s) 87.393ms
[2021-05-11T08:37:28.367+0000][8][gc,start    ] GC(296) Pause Remark
[2021-05-11T08:37:28.373+0000][8][gc          ] GC(296) Pause Remark 118M->118M(256M) 5.671ms
[2021-05-11T08:37:28.373+0000][8][gc,cpu      ] GC(296) User=0.03s Sys=0.01s Real=0.01s
[2021-05-11T08:37:28.373+0000][8][safepoint   ] Safepoint "G1Concurrent", Time since last: 89370008 ns, Reaching safepoint: 98211 ns, At safepoint: 5750635 ns, Total: 5848846 ns
[2021-05-11T08:37:28.373+0000][8][gc,marking  ] GC(296) Concurrent Rebuild Remembered Sets
[2021-05-11T08:37:28.431+0000][8][gc,marking  ] GC(296) Concurrent Rebuild Remembered Sets 58.179ms
[2021-05-11T08:37:28.431+0000][8][gc,start    ] GC(296) Pause Cleanup
[2021-05-11T08:37:28.431+0000][8][gc          ] GC(296) Pause Cleanup 118M->118M(256M) 0.058ms
[2021-05-11T08:37:28.431+0000][8][gc,cpu      ] GC(296) User=0.00s Sys=0.00s Real=0.00s
[2021-05-11T08:37:28.431+0000][8][safepoint   ] Safepoint "G1Concurrent", Time since last: 58246415 ns, Reaching safepoint: 59691 ns, At safepoint: 91128 ns, Total: 150819 ns
[2021-05-11T08:37:28.431+0000][8][gc,marking  ] GC(296) Concurrent Cleanup for Next Mark
[2021-05-11T08:37:28.432+0000][8][gc,marking  ] GC(296) Concurrent Cleanup for Next Mark 0.122ms
[2021-05-11T08:37:28.432+0000][8][gc          ] GC(296) Concurrent Cycle 153.773ms
[2021-05-11T08:37:57.434+0000][8][safepoint   ] Safepoint "Cleanup", Time since last: 29002741820 ns, Reaching safepoint: 80712 ns, At safepoint: 4942 ns, Total: 85654 ns
[2021-05-11T08:39:46.115+0000][8][gc,start    ] GC(297) Pause Young (Normal) (G1 Evacuation Pause)
[2021-05-11T08:39:46.115+0000][8][gc,task     ] GC(297) Using 6 workers of 8 for evacuation
[2021-05-11T08:39:46.115+0000][8][gc,age      ] GC(297) Desired survivor size 6291456 bytes, new threshold 15 (max threshold 15)
[2021-05-11T08:39:46.118+0000][8][gc,age      ] GC(297) Age table with threshold 15 (max threshold 15)
[2021-05-11T08:39:46.118+0000][8][gc,age      ] GC(297) - age   1:     515160 bytes,     515160 total
[2021-05-11T08:39:46.118+0000][8][gc,age      ] GC(297) - age   2:       3440 bytes,     518600 total
[2021-05-11T08:39:46.118+0000][8][gc,age      ] GC(297) - age   3:        712 bytes,     519312 total
[2021-05-11T08:39:46.119+0000][8][gc,age      ] GC(297) - age   4:     152056 bytes,     671368 total
[2021-05-11T08:39:46.119+0000][8][gc,age      ] GC(297) - age   5:       1320 bytes,     672688 total
[2021-05-11T08:39:46.119+0000][8][gc,age      ] GC(297) - age   8:        104 bytes,     672792 total
[2021-05-11T08:39:46.119+0000][8][gc,age      ] GC(297) - age   9:       5824 bytes,     678616 total
[2021-05-11T08:39:46.119+0000][8][gc,age      ] GC(297) - age  10:         40 bytes,     678656 total
[2021-05-11T08:39:46.119+0000][8][gc,age      ] GC(297) - age  13:        136 bytes,     678792 total
[2021-05-11T08:39:46.119+0000][8][gc,age      ] GC(297) - age  14:        464 bytes,     679256 total
[2021-05-11T08:39:46.119+0000][8][gc,age      ] GC(297) - age  15:         96 bytes,     679352 total
[2021-05-11T08:39:46.119+0000][8][gc,phases   ] GC(297)   Pre Evacuate Collection Set: 0.1ms
[2021-05-11T08:39:46.119+0000][8][gc,phases   ] GC(297)   Merge Heap Roots: 0.1ms
[2021-05-11T08:39:46.119+0000][8][gc,phases   ] GC(297)   Evacuate Collection Set: 1.9ms
[2021-05-11T08:39:46.119+0000][8][gc,phases   ] GC(297)   Post Evacuate Collection Set: 1.7ms
[2021-05-11T08:39:46.119+0000][8][gc,phases   ] GC(297)   Other: 0.3ms
[2021-05-11T08:39:46.119+0000][8][gc,heap     ] GC(297) Eden regions: 21->0(21)
[2021-05-11T08:39:46.119+0000][8][gc,heap     ] GC(297) Survivor regions: 1->1(3)
[2021-05-11T08:39:46.119+0000][8][gc,heap     ] GC(297) Old regions: 27->27
[2021-05-11T08:39:46.119+0000][8][gc,heap     ] GC(297) Archive regions: 2->2
[2021-05-11T08:39:46.119+0000][8][gc,heap     ] GC(297) Humongous regions: 2->2
[2021-05-11T08:39:46.119+0000][8][gc,metaspace] GC(297) Metaspace: 109120K(113776K)->109120K(113776K) NonClass: 95221K(98544K)->95221K(98544K) Class: 13898K(15232K)->13898K(15232K)
[2021-05-11T08:39:46.119+0000][8][gc          ] GC(297) Pause Young (Normal) (G1 Evacuation Pause) 202M->118M(256M) 4.234ms
[2021-05-11T08:39:46.119+0000][8][gc,cpu      ] GC(297) User=0.01s Sys=0.00s Real=0.00s
[2021-05-11T08:39:46.119+0000][8][safepoint   ] Safepoint "G1CollectForAllocation", Time since last: 108679973522 ns, Reaching safepoint: 199203 ns, At safepoint: 4475886 ns, Total: 4675089 ns
[2021-05-11T08:41:52.670+0000][8][gc,start    ] GC(298) Pause Young (Concurrent Start) (G1 Evacuation Pause)
[2021-05-11T08:41:52.670+0000][8][gc,task     ] GC(298) Using 6 workers of 8 for evacuation
[2021-05-11T08:41:52.670+0000][8][gc,age      ] GC(298) Desired survivor size 6291456 bytes, new threshold 15 (max threshold 15)
[2021-05-11T08:41:52.672+0000][8][gc,age      ] GC(298) Age table with threshold 15 (max threshold 15)
[2021-05-11T08:41:52.672+0000][8][gc,age      ] GC(298) - age   1:     519048 bytes,     519048 total
[2021-05-11T08:41:52.672+0000][8][gc,age      ] GC(298) - age   2:        768 bytes,     519816 total
[2021-05-11T08:41:52.672+0000][8][gc,age      ] GC(298) - age   3:       3240 bytes,     523056 total
[2021-05-11T08:41:52.672+0000][8][gc,age      ] GC(298) - age   4:        552 bytes,     523608 total
[2021-05-11T08:41:52.672+0000][8][gc,age      ] GC(298) - age   5:     151760 bytes,     675368 total
[2021-05-11T08:41:52.672+0000][8][gc,age      ] GC(298) - age   6:       1280 bytes,     676648 total
[2021-05-11T08:41:52.672+0000][8][gc,age      ] GC(298) - age   9:        104 bytes,     676752 total
[2021-05-11T08:41:52.672+0000][8][gc,age      ] GC(298) - age  10:       5824 bytes,     682576 total
[2021-05-11T08:41:52.672+0000][8][gc,age      ] GC(298) - age  11:         40 bytes,     682616 total
[2021-05-11T08:41:52.672+0000][8][gc,age      ] GC(298) - age  14:         40 bytes,     682656 total
[2021-05-11T08:41:52.672+0000][8][gc,age      ] GC(298) - age  15:        464 bytes,     683120 total
[2021-05-11T08:41:52.672+0000][8][gc,phases   ] GC(298)   Pre Evacuate Collection Set: 0.1ms
[2021-05-11T08:41:52.672+0000][8][gc,phases   ] GC(298)   Merge Heap Roots: 0.0ms
[2021-05-11T08:41:52.672+0000][8][gc,phases   ] GC(298)   Evacuate Collection Set: 1.0ms
[2021-05-11T08:41:52.672+0000][8][gc,phases   ] GC(298)   Post Evacuate Collection Set: 0.6ms
[2021-05-11T08:41:52.672+0000][8][gc,phases   ] GC(298)   Other: 0.3ms
[2021-05-11T08:41:52.672+0000][8][gc,heap     ] GC(298) Eden regions: 21->0(21)
[2021-05-11T08:41:52.672+0000][8][gc,heap     ] GC(298) Survivor regions: 1->1(3)
[2021-05-11T08:41:52.672+0000][8][gc,heap     ] GC(298) Old regions: 27->27
[2021-05-11T08:41:52.672+0000][8][gc,heap     ] GC(298) Archive regions: 2->2
[2021-05-11T08:41:52.672+0000][8][gc,heap     ] GC(298) Humongous regions: 2->2
[2021-05-11T08:41:52.672+0000][8][gc,metaspace] GC(298) Metaspace: 109120K(113776K)->109120K(113776K) NonClass: 95221K(98544K)->95221K(98544K) Class: 13898K(15232K)->13898K(15232K)
[2021-05-11T08:41:52.672+0000][8][gc          ] GC(298) Pause Young (Concurrent Start) (G1 Evacuation Pause) 202M->118M(256M) 2.155ms
[2021-05-11T08:41:52.672+0000][8][gc,cpu      ] GC(298) User=0.00s Sys=0.00s Real=0.00s
[2021-05-11T08:41:52.672+0000][8][gc          ] GC(299) Concurrent Cycle
[2021-05-11T08:41:52.672+0000][8][safepoint   ] Safepoint "G1CollectForAllocation", Time since last: 126551037057 ns, Reaching safepoint: 71762 ns, At safepoint: 2246633 ns, Total: 2318395 ns
[2021-05-11T08:41:52.672+0000][8][gc,marking  ] GC(299) Concurrent Clear Claimed Marks
[2021-05-11T08:41:52.672+0000][8][gc,marking  ] GC(299) Concurrent Clear Claimed Marks 0.108ms
[2021-05-11T08:41:52.672+0000][8][gc,marking  ] GC(299) Concurrent Scan Root Regions
[2021-05-11T08:41:52.675+0000][8][gc,marking  ] GC(299) Concurrent Scan Root Regions 2.815ms
[2021-05-11T08:41:52.675+0000][8][gc,marking  ] GC(299) Concurrent Mark (21922.061s)
[2021-05-11T08:41:52.675+0000][8][gc,marking  ] GC(299) Concurrent Mark From Roots
[2021-05-11T08:41:52.675+0000][8][gc,task     ] GC(299) Using 2 workers of 2 for marking
[2021-05-11T08:41:52.851+0000][8][gc,marking  ] GC(299) Concurrent Mark From Roots 176.055ms
[2021-05-11T08:41:52.851+0000][8][gc,marking  ] GC(299) Concurrent Preclean
[2021-05-11T08:41:52.852+0000][8][gc,marking  ] GC(299) Concurrent Preclean 0.310ms
[2021-05-11T08:41:52.852+0000][8][gc,marking  ] GC(299) Concurrent Mark (21922.061s, 21922.237s) 176.459ms
[2021-05-11T08:41:52.852+0000][8][gc,start    ] GC(299) Pause Remark
[2021-05-11T08:41:52.860+0000][8][gc          ] GC(299) Pause Remark 120M->120M(256M) 8.118ms
[2021-05-11T08:41:52.860+0000][8][gc,cpu      ] GC(299) User=0.05s Sys=0.00s Real=0.00s
[2021-05-11T08:41:52.860+0000][8][safepoint   ] Safepoint "G1Concurrent", Time since last: 179579986 ns, Reaching safepoint: 151590 ns, At safepoint: 8224650 ns, Total: 8376240 ns
[2021-05-11T08:41:52.860+0000][8][gc,marking  ] GC(299) Concurrent Rebuild Remembered Sets
[2021-05-11T08:41:52.924+0000][8][gc,marking  ] GC(299) Concurrent Rebuild Remembered Sets 63.432ms
[2021-05-11T08:41:52.924+0000][8][gc,start    ] GC(299) Pause Cleanup
[2021-05-11T08:41:52.924+0000][8][gc          ] GC(299) Pause Cleanup 120M->120M(256M) 0.114ms
[2021-05-11T08:41:52.924+0000][8][gc,cpu      ] GC(299) User=0.00s Sys=0.00s Real=0.00s
[2021-05-11T08:41:52.924+0000][8][safepoint   ] Safepoint "G1Concurrent", Time since last: 63556570 ns, Reaching safepoint: 135437 ns, At safepoint: 177929 ns, Total: 313366 ns
[2021-05-11T08:41:52.924+0000][8][gc,marking  ] GC(299) Concurrent Cleanup for Next Mark
[2021-05-11T08:41:52.925+0000][8][gc,marking  ] GC(299) Concurrent Cleanup for Next Mark 0.352ms
[2021-05-11T08:41:52.925+0000][8][gc          ] GC(299) Concurrent Cycle 252.319ms
[2021-05-11T08:42:50.930+0000][8][safepoint   ] Safepoint "Cleanup", Time since last: 58005951287 ns, Reaching safepoint: 71805 ns, At safepoint: 4963 ns, Total: 76768 ns
[2021-05-11T08:43:27.111+0000][8][gc,start    ] GC(300) Pause Young (Normal) (G1 Evacuation Pause)
[2021-05-11T08:43:27.111+0000][8][gc,task     ] GC(300) Using 6 workers of 8 for evacuation
[2021-05-11T08:43:27.111+0000][8][gc,age      ] GC(300) Desired survivor size 6291456 bytes, new threshold 15 (max threshold 15)
[2021-05-11T08:43:27.113+0000][8][gc,age      ] GC(300) Age table with threshold 15 (max threshold 15)
[2021-05-11T08:43:27.113+0000][8][gc,age      ] GC(300) - age   1:     929632 bytes,     929632 total
[2021-05-11T08:43:27.113+0000][8][gc,age      ] GC(300) - age   2:        736 bytes,     930368 total
[2021-05-11T08:43:27.113+0000][8][gc,age      ] GC(300) - age   3:        216 bytes,     930584 total
[2021-05-11T08:43:27.113+0000][8][gc,age      ] GC(300) - age   4:       3040 bytes,     933624 total
[2021-05-11T08:43:27.113+0000][8][gc,age      ] GC(300) - age   5:        264 bytes,     933888 total
[2021-05-11T08:43:27.113+0000][8][gc,age      ] GC(300) - age   6:       2568 bytes,     936456 total
[2021-05-11T08:43:27.113+0000][8][gc,age      ] GC(300) - age   7:       1280 bytes,     937736 total
[2021-05-11T08:43:27.113+0000][8][gc,age      ] GC(300) - age  10:        104 bytes,     937840 total
[2021-05-11T08:43:27.113+0000][8][gc,age      ] GC(300) - age  11:        936 bytes,     938776 total
[2021-05-11T08:43:27.113+0000][8][gc,phases   ] GC(300)   Pre Evacuate Collection Set: 0.0ms
[2021-05-11T08:43:27.113+0000][8][gc,phases   ] GC(300)   Merge Heap Roots: 0.0ms
[2021-05-11T08:43:27.113+0000][8][gc,phases   ] GC(300)   Evacuate Collection Set: 1.0ms
[2021-05-11T08:43:27.113+0000][8][gc,phases   ] GC(300)   Post Evacuate Collection Set: 0.6ms
[2021-05-11T08:43:27.113+0000][8][gc,phases   ] GC(300)   Other: 0.2ms
[2021-05-11T08:43:27.113+0000][8][gc,heap     ] GC(300) Eden regions: 21->0(21)
[2021-05-11T08:43:27.113+0000][8][gc,heap     ] GC(300) Survivor regions: 1->1(3)
[2021-05-11T08:43:27.113+0000][8][gc,heap     ] GC(300) Old regions: 27->27
[2021-05-11T08:43:27.113+0000][8][gc,heap     ] GC(300) Archive regions: 2->2
[2021-05-11T08:43:27.113+0000][8][gc,heap     ] GC(300) Humongous regions: 2->2
[2021-05-11T08:43:27.113+0000][8][gc,metaspace] GC(300) Metaspace: 109150K(113776K)->109150K(113776K) NonClass: 95251K(98544K)->95251K(98544K) Class: 13898K(15232K)->13898K(15232K)
[2021-05-11T08:43:27.113+0000][8][gc          ] GC(300) Pause Young (Normal) (G1 Evacuation Pause) 201M->118M(256M) 2.032ms
[2021-05-11T08:43:27.113+0000][8][gc,cpu      ] GC(300) User=0.01s Sys=0.00s Real=0.00s
[2021-05-11T08:43:27.113+0000][8][safepoint   ] Safepoint "G1CollectForAllocation", Time since last: 36180569298 ns, Reaching safepoint: 149540 ns, At safepoint: 2147326 ns, Total: 2296866 ns
[2021-05-11T08:45:28.126+0000][8][safepoint   ] Safepoint "Cleanup", Time since last: 121012845424 ns, Reaching safepoint: 163346 ns, At safepoint: 7869 ns, Total: 171215 ns
[2021-05-11T08:45:46.115+0000][8][gc,start    ] GC(301) Pause Young (Concurrent Start) (G1 Evacuation Pause)
[2021-05-11T08:45:46.115+0000][8][gc,task     ] GC(301) Using 6 workers of 8 for evacuation
[2021-05-11T08:45:46.115+0000][8][gc,age      ] GC(301) Desired survivor size 6291456 bytes, new threshold 15 (max threshold 15)
[2021-05-11T08:45:46.117+0000][8][gc,age      ] GC(301) Age table with threshold 15 (max threshold 15)
[2021-05-11T08:45:46.117+0000][8][gc,age      ] GC(301) - age   1:     510384 bytes,     510384 total
[2021-05-11T08:45:46.117+0000][8][gc,age      ] GC(301) - age   2:     303632 bytes,     814016 total
[2021-05-11T08:45:46.117+0000][8][gc,age      ] GC(301) - age   3:        400 bytes,     814416 total
[2021-05-11T08:45:46.117+0000][8][gc,age      ] GC(301) - age   4:        216 bytes,     814632 total
[2021-05-11T08:45:46.117+0000][8][gc,age      ] GC(301) - age   5:       3040 bytes,     817672 total
[2021-05-11T08:45:46.117+0000][8][gc,age      ] GC(301) - age   6:        264 bytes,     817936 total
[2021-05-11T08:45:46.117+0000][8][gc,age      ] GC(301) - age   7:       2568 bytes,     820504 total
[2021-05-11T08:45:46.117+0000][8][gc,age      ] GC(301) - age   8:       1280 bytes,     821784 total
[2021-05-11T08:45:46.117+0000][8][gc,age      ] GC(301) - age  11:        104 bytes,     821888 total
[2021-05-11T08:45:46.117+0000][8][gc,age      ] GC(301) - age  12:        936 bytes,     822824 total
[2021-05-11T08:45:46.117+0000][8][gc,phases   ] GC(301)   Pre Evacuate Collection Set: 0.1ms
[2021-05-11T08:45:46.117+0000][8][gc,phases   ] GC(301)   Merge Heap Roots: 0.0ms
[2021-05-11T08:45:46.117+0000][8][gc,phases   ] GC(301)   Evacuate Collection Set: 1.1ms
[2021-05-11T08:45:46.117+0000][8][gc,phases   ] GC(301)   Post Evacuate Collection Set: 0.6ms
[2021-05-11T08:45:46.117+0000][8][gc,phases   ] GC(301)   Other: 0.2ms
[2021-05-11T08:45:46.117+0000][8][gc,heap     ] GC(301) Eden regions: 21->0(21)
[2021-05-11T08:45:46.117+0000][8][gc,heap     ] GC(301) Survivor regions: 1->1(3)
[2021-05-11T08:45:46.117+0000][8][gc,heap     ] GC(301) Old regions: 27->27
[2021-05-11T08:45:46.117+0000][8][gc,heap     ] GC(301) Archive regions: 2->2
[2021-05-11T08:45:46.117+0000][8][gc,heap     ] GC(301) Humongous regions: 2->2
[2021-05-11T08:45:46.117+0000][8][gc,metaspace] GC(301) Metaspace: 109150K(113776K)->109150K(113776K) NonClass: 95251K(98544K)->95251K(98544K) Class: 13898K(15232K)->13898K(15232K)
[2021-05-11T08:45:46.117+0000][8][gc          ] GC(301) Pause Young (Concurrent Start) (G1 Evacuation Pause) 202M->118M(256M) 2.077ms
[2021-05-11T08:45:46.117+0000][8][gc,cpu      ] GC(301) User=0.00s Sys=0.00s Real=0.00s
[2021-05-11T08:45:46.117+0000][8][gc          ] GC(302) Concurrent Cycle
[2021-05-11T08:45:46.117+0000][8][safepoint   ] Safepoint "G1CollectForAllocation", Time since last: 17988644478 ns, Reaching safepoint: 149327 ns, At safepoint: 2151709 ns, Total: 2301036 ns
[2021-05-11T08:45:46.117+0000][8][gc,marking  ] GC(302) Concurrent Clear Claimed Marks
[2021-05-11T08:45:46.117+0000][8][gc,marking  ] GC(302) Concurrent Clear Claimed Marks 0.091ms
[2021-05-11T08:45:46.117+0000][8][gc,marking  ] GC(302) Concurrent Scan Root Regions
[2021-05-11T08:45:46.119+0000][8][gc,marking  ] GC(302) Concurrent Scan Root Regions 2.199ms
[2021-05-11T08:45:46.119+0000][8][gc,marking  ] GC(302) Concurrent Mark (22155.505s)
[2021-05-11T08:45:46.119+0000][8][gc,marking  ] GC(302) Concurrent Mark From Roots
[2021-05-11T08:45:46.119+0000][8][gc,task     ] GC(302) Using 2 workers of 2 for marking
[2021-05-11T08:45:46.210+0000][8][gc,marking  ] GC(302) Concurrent Mark From Roots 91.000ms
[2021-05-11T08:45:46.210+0000][8][gc,marking  ] GC(302) Concurrent Preclean
[2021-05-11T08:45:46.211+0000][8][gc,marking  ] GC(302) Concurrent Preclean 0.229ms
[2021-05-11T08:45:46.211+0000][8][gc,marking  ] GC(302) Concurrent Mark (22155.505s, 22155.596s) 91.291ms
[2021-05-11T08:45:46.211+0000][8][gc,start    ] GC(302) Pause Remark
[2021-05-11T08:45:46.218+0000][8][gc          ] GC(302) Pause Remark 121M->121M(256M) 6.910ms
[2021-05-11T08:45:46.218+0000][8][gc,cpu      ] GC(302) User=0.03s Sys=0.00s Real=0.00s
[2021-05-11T08:45:46.218+0000][8][safepoint   ] Safepoint "G1Concurrent", Time since last: 93660953 ns, Reaching safepoint: 109944 ns, At safepoint: 7018503 ns, Total: 7128447 ns
[2021-05-11T08:45:46.218+0000][8][gc,marking  ] GC(302) Concurrent Rebuild Remembered Sets
[2021-05-11T08:45:46.279+0000][8][gc,marking  ] GC(302) Concurrent Rebuild Remembered Sets 61.140ms
[2021-05-11T08:45:46.279+0000][8][gc,start    ] GC(302) Pause Cleanup
[2021-05-11T08:45:46.279+0000][8][gc          ] GC(302) Pause Cleanup 121M->121M(256M) 0.077ms
[2021-05-11T08:45:46.279+0000][8][gc,cpu      ] GC(302) User=0.00s Sys=0.00s Real=0.00s
[2021-05-11T08:45:46.279+0000][8][safepoint   ] Safepoint "G1Concurrent", Time since last: 61213332 ns, Reaching safepoint: 71720 ns, At safepoint: 126596 ns, Total: 198316 ns
[2021-05-11T08:45:46.279+0000][8][gc,marking  ] GC(302) Concurrent Cleanup for Next Mark
[2021-05-11T08:45:46.279+0000][8][gc,marking  ] GC(302) Concurrent Cleanup for Next Mark 0.154ms
[2021-05-11T08:45:46.279+0000][8][gc          ] GC(302) Concurrent Cycle 162.414ms
[2021-05-11T08:47:46.131+0000][8][gc,start    ] GC(303) Pause Young (Normal) (G1 Evacuation Pause)
[2021-05-11T08:47:46.131+0000][8][gc,task     ] GC(303) Using 6 workers of 8 for evacuation
[2021-05-11T08:47:46.131+0000][8][gc,age      ] GC(303) Desired survivor size 6291456 bytes, new threshold 15 (max threshold 15)
[2021-05-11T08:47:46.132+0000][8][gc,age      ] GC(303) Age table with threshold 15 (max threshold 15)
[2021-05-11T08:47:46.132+0000][8][gc,age      ] GC(303) - age   1:     874816 bytes,     874816 total
[2021-05-11T08:47:46.132+0000][8][gc,age      ] GC(303) - age   2:        648 bytes,     875464 total
[2021-05-11T08:47:46.132+0000][8][gc,age      ] GC(303) - age   3:     181368 bytes,    1056832 total
[2021-05-11T08:47:46.132+0000][8][gc,age      ] GC(303) - age   4:        240 bytes,    1057072 total
[2021-05-11T08:47:46.132+0000][8][gc,age      ] GC(303) - age   5:        120 bytes,    1057192 total
[2021-05-11T08:47:46.132+0000][8][gc,age      ] GC(303) - age   6:        520 bytes,    1057712 total
[2021-05-11T08:47:46.132+0000][8][gc,age      ] GC(303) - age   7:        264 bytes,    1057976 total
[2021-05-11T08:47:46.132+0000][8][gc,age      ] GC(303) - age   8:       2568 bytes,    1060544 total
[2021-05-11T08:47:46.132+0000][8][gc,age      ] GC(303) - age   9:       1280 bytes,    1061824 total
[2021-05-11T08:47:46.132+0000][8][gc,age      ] GC(303) - age  12:        104 bytes,    1061928 total
[2021-05-11T08:47:46.132+0000][8][gc,age      ] GC(303) - age  13:        936 bytes,    1062864 total
[2021-05-11T08:47:46.132+0000][8][gc,phases   ] GC(303)   Pre Evacuate Collection Set: 0.1ms
[2021-05-11T08:47:46.132+0000][8][gc,phases   ] GC(303)   Merge Heap Roots: 0.0ms
[2021-05-11T08:47:46.132+0000][8][gc,phases   ] GC(303)   Evacuate Collection Set: 0.8ms
[2021-05-11T08:47:46.132+0000][8][gc,phases   ] GC(303)   Post Evacuate Collection Set: 0.5ms
[2021-05-11T08:47:46.132+0000][8][gc,phases   ] GC(303)   Other: 0.2ms
[2021-05-11T08:47:46.132+0000][8][gc,heap     ] GC(303) Eden regions: 21->0(21)
[2021-05-11T08:47:46.132+0000][8][gc,heap     ] GC(303) Survivor regions: 1->1(3)
[2021-05-11T08:47:46.132+0000][8][gc,heap     ] GC(303) Old regions: 27->27
[2021-05-11T08:47:46.132+0000][8][gc,heap     ] GC(303) Archive regions: 2->2
[2021-05-11T08:47:46.132+0000][8][gc,heap     ] GC(303) Humongous regions: 2->2
[2021-05-11T08:47:46.132+0000][8][gc,metaspace] GC(303) Metaspace: 109150K(113776K)->109150K(113776K) NonClass: 95251K(98544K)->95251K(98544K) Class: 13898K(15232K)->13898K(15232K)
[2021-05-11T08:47:46.132+0000][8][gc          ] GC(303) Pause Young (Normal) (G1 Evacuation Pause) 202M->118M(256M) 1.685ms
[2021-05-11T08:47:46.132+0000][8][gc,cpu      ] GC(303) User=0.01s Sys=0.00s Real=0.00s
[2021-05-11T08:47:46.132+0000][8][safepoint   ] Safepoint "G1CollectForAllocation", Time since last: 119851371877 ns, Reaching safepoint: 96152 ns, At safepoint: 1751008 ns, Total: 1847160 ns
[2021-05-11T08:49:57.204+0000][8][gc,start    ] GC(304) Pause Young (Concurrent Start) (G1 Evacuation Pause)
[2021-05-11T08:49:57.204+0000][8][gc,task     ] GC(304) Using 6 workers of 8 for evacuation
[2021-05-11T08:49:57.204+0000][8][gc,age      ] GC(304) Desired survivor size 6291456 bytes, new threshold 15 (max threshold 15)
[2021-05-11T08:49:57.205+0000][8][gc,age      ] GC(304) Age table with threshold 15 (max threshold 15)
[2021-05-11T08:49:57.205+0000][8][gc,age      ] GC(304) - age   1:     608232 bytes,     608232 total
[2021-05-11T08:49:57.205+0000][8][gc,age      ] GC(304) - age   2:     359000 bytes,     967232 total
[2021-05-11T08:49:57.205+0000][8][gc,age      ] GC(304) - age   3:        432 bytes,     967664 total
[2021-05-11T08:49:57.205+0000][8][gc,age      ] GC(304) - age   4:     181368 bytes,    1149032 total
[2021-05-11T08:49:57.205+0000][8][gc,age      ] GC(304) - age   6:         80 bytes,    1149112 total
[2021-05-11T08:49:57.205+0000][8][gc,age      ] GC(304) - age   7:        520 bytes,    1149632 total
[2021-05-11T08:49:57.205+0000][8][gc,age      ] GC(304) - age   8:        264 bytes,    1149896 total
[2021-05-11T08:49:57.205+0000][8][gc,age      ] GC(304) - age   9:       2568 bytes,    1152464 total
[2021-05-11T08:49:57.205+0000][8][gc,age      ] GC(304) - age  10:       1256 bytes,    1153720 total
[2021-05-11T08:49:57.205+0000][8][gc,age      ] GC(304) - age  13:        104 bytes,    1153824 total
[2021-05-11T08:49:57.205+0000][8][gc,age      ] GC(304) - age  14:        936 bytes,    1154760 total
[2021-05-11T08:49:57.205+0000][8][gc,phases   ] GC(304)   Pre Evacuate Collection Set: 0.1ms
[2021-05-11T08:49:57.205+0000][8][gc,phases   ] GC(304)   Merge Heap Roots: 0.0ms
[2021-05-11T08:49:57.205+0000][8][gc,phases   ] GC(304)   Evacuate Collection Set: 0.7ms
[2021-05-11T08:49:57.205+0000][8][gc,phases   ] GC(304)   Post Evacuate Collection Set: 0.3ms
[2021-05-11T08:49:57.205+0000][8][gc,phases   ] GC(304)   Other: 0.2ms
[2021-05-11T08:49:57.205+0000][8][gc,heap     ] GC(304) Eden regions: 21->0(21)
[2021-05-11T08:49:57.205+0000][8][gc,heap     ] GC(304) Survivor regions: 1->1(3)
[2021-05-11T08:49:57.205+0000][8][gc,heap     ] GC(304) Old regions: 27->27
[2021-05-11T08:49:57.205+0000][8][gc,heap     ] GC(304) Archive regions: 2->2
[2021-05-11T08:49:57.205+0000][8][gc,heap     ] GC(304) Humongous regions: 2->2
[2021-05-11T08:49:57.205+0000][8][gc,metaspace] GC(304) Metaspace: 109156K(113776K)->109156K(113776K) NonClass: 95257K(98544K)->95257K(98544K) Class: 13898K(15232K)->13898K(15232K)
[2021-05-11T08:49:57.205+0000][8][gc          ] GC(304) Pause Young (Concurrent Start) (G1 Evacuation Pause) 202M->118M(256M) 1.446ms
[2021-05-11T08:49:57.205+0000][8][gc,cpu      ] GC(304) User=0.01s Sys=0.00s Real=0.00s
[2021-05-11T08:49:57.205+0000][8][gc          ] GC(305) Concurrent Cycle
[2021-05-11T08:49:57.205+0000][8][safepoint   ] Safepoint "G1CollectForAllocation", Time since last: 131071258276 ns, Reaching safepoint: 195018 ns, At safepoint: 1513553 ns, Total: 1708571 ns
[2021-05-11T08:49:57.205+0000][8][gc,marking  ] GC(305) Concurrent Clear Claimed Marks
[2021-05-11T08:49:57.205+0000][8][gc,marking  ] GC(305) Concurrent Clear Claimed Marks 0.064ms
[2021-05-11T08:49:57.205+0000][8][gc,marking  ] GC(305) Concurrent Scan Root Regions
[2021-05-11T08:49:57.208+0000][8][gc,marking  ] GC(305) Concurrent Scan Root Regions 2.403ms
[2021-05-11T08:49:57.208+0000][8][gc,marking  ] GC(305) Concurrent Mark (22406.593s)
[2021-05-11T08:49:57.208+0000][8][gc,marking  ] GC(305) Concurrent Mark From Roots
[2021-05-11T08:49:57.208+0000][8][gc,task     ] GC(305) Using 2 workers of 2 for marking
[2021-05-11T08:49:57.293+0000][8][gc,marking  ] GC(305) Concurrent Mark From Roots 85.541ms
[2021-05-11T08:49:57.293+0000][8][gc,marking  ] GC(305) Concurrent Preclean
[2021-05-11T08:49:57.294+0000][8][gc,marking  ] GC(305) Concurrent Preclean 0.248ms
[2021-05-11T08:49:57.294+0000][8][gc,marking  ] GC(305) Concurrent Mark (22406.593s, 22406.679s) 85.842ms
[2021-05-11T08:49:57.294+0000][8][gc,start    ] GC(305) Pause Remark
[2021-05-11T08:49:57.300+0000][8][gc          ] GC(305) Pause Remark 121M->121M(256M) 6.365ms
[2021-05-11T08:49:57.300+0000][8][gc,cpu      ] GC(305) User=0.04s Sys=0.00s Real=0.00s
[2021-05-11T08:49:57.300+0000][8][safepoint   ] Safepoint "G1Concurrent", Time since last: 88389712 ns, Reaching safepoint: 70852 ns, At safepoint: 6436853 ns, Total: 6507705 ns
[2021-05-11T08:49:57.300+0000][8][gc,marking  ] GC(305) Concurrent Rebuild Remembered Sets
[2021-05-11T08:49:57.360+0000][8][gc,marking  ] GC(305) Concurrent Rebuild Remembered Sets 59.673ms
[2021-05-11T08:49:57.360+0000][8][gc,start    ] GC(305) Pause Cleanup
[2021-05-11T08:49:57.360+0000][8][gc          ] GC(305) Pause Cleanup 121M->121M(256M) 0.087ms
[2021-05-11T08:49:57.360+0000][8][gc,cpu      ] GC(305) User=0.00s Sys=0.00s Real=0.00s
[2021-05-11T08:49:57.360+0000][8][safepoint   ] Safepoint "G1Concurrent", Time since last: 59796969 ns, Reaching safepoint: 134342 ns, At safepoint: 144616 ns, Total: 278958 ns
[2021-05-11T08:49:57.360+0000][8][gc,marking  ] GC(305) Concurrent Cleanup for Next Mark
[2021-05-11T08:49:57.361+0000][8][gc,marking  ] GC(305) Concurrent Cleanup for Next Mark 0.165ms
[2021-05-11T08:49:57.361+0000][8][gc          ] GC(305) Concurrent Cycle 155.200ms
[2021-05-11T08:51:58.319+0000][8][gc,start    ] GC(306) Pause Young (Normal) (G1 Evacuation Pause)
[2021-05-11T08:51:58.319+0000][8][gc,task     ] GC(306) Using 6 workers of 8 for evacuation
[2021-05-11T08:51:58.319+0000][8][gc,age      ] GC(306) Desired survivor size 6291456 bytes, new threshold 15 (max threshold 15)
[2021-05-11T08:51:58.320+0000][8][gc,age      ] GC(306) Age table with threshold 15 (max threshold 15)
[2021-05-11T08:51:58.320+0000][8][gc,age      ] GC(306) - age   1:     513112 bytes,     513112 total
[2021-05-11T08:51:58.320+0000][8][gc,age      ] GC(306) - age   2:       1280 bytes,     514392 total
[2021-05-11T08:51:58.320+0000][8][gc,age      ] GC(306) - age   3:     358944 bytes,     873336 total
[2021-05-11T08:51:58.320+0000][8][gc,age      ] GC(306) - age   4:        432 bytes,     873768 total
[2021-05-11T08:51:58.320+0000][8][gc,age      ] GC(306) - age   5:     180976 bytes,    1054744 total
[2021-05-11T08:51:58.320+0000][8][gc,age      ] GC(306) - age   7:         80 bytes,    1054824 total
[2021-05-11T08:51:58.320+0000][8][gc,age      ] GC(306) - age   8:        312 bytes,    1055136 total
[2021-05-11T08:51:58.320+0000][8][gc,age      ] GC(306) - age   9:        264 bytes,    1055400 total
[2021-05-11T08:51:58.320+0000][8][gc,age      ] GC(306) - age  10:       2568 bytes,    1057968 total
[2021-05-11T08:51:58.320+0000][8][gc,age      ] GC(306) - age  11:       1256 bytes,    1059224 total
[2021-05-11T08:51:58.320+0000][8][gc,age      ] GC(306) - age  14:        104 bytes,    1059328 total
[2021-05-11T08:51:58.320+0000][8][gc,age      ] GC(306) - age  15:        936 bytes,    1060264 total
[2021-05-11T08:51:58.320+0000][8][gc,phases   ] GC(306)   Pre Evacuate Collection Set: 0.0ms
[2021-05-11T08:51:58.320+0000][8][gc,phases   ] GC(306)   Merge Heap Roots: 0.0ms
[2021-05-11T08:51:58.321+0000][8][gc,phases   ] GC(306)   Evacuate Collection Set: 0.8ms
[2021-05-11T08:51:58.321+0000][8][gc,phases   ] GC(306)   Post Evacuate Collection Set: 0.4ms
[2021-05-11T08:51:58.321+0000][8][gc,phases   ] GC(306)   Other: 0.2ms
[2021-05-11T08:51:58.321+0000][8][gc,heap     ] GC(306) Eden regions: 21->0(21)
[2021-05-11T08:51:58.321+0000][8][gc,heap     ] GC(306) Survivor regions: 1->1(3)
[2021-05-11T08:51:58.321+0000][8][gc,heap     ] GC(306) Old regions: 27->27
[2021-05-11T08:51:58.321+0000][8][gc,heap     ] GC(306) Archive regions: 2->2
[2021-05-11T08:51:58.321+0000][8][gc,heap     ] GC(306) Humongous regions: 2->2
[2021-05-11T08:51:58.321+0000][8][gc,metaspace] GC(306) Metaspace: 109156K(113776K)->109156K(113776K) NonClass: 95257K(98544K)->95257K(98544K) Class: 13898K(15232K)->13898K(15232K)
[2021-05-11T08:51:58.321+0000][8][gc          ] GC(306) Pause Young (Normal) (G1 Evacuation Pause) 202M->118M(256M) 2.523ms
[2021-05-11T08:51:58.321+0000][8][gc,cpu      ] GC(306) User=0.00s Sys=0.00s Real=0.00s
[2021-05-11T08:51:58.321+0000][8][safepoint   ] Safepoint "G1CollectForAllocation", Time since last: 120958175318 ns, Reaching safepoint: 106562 ns, At safepoint: 2594864 ns, Total: 2701426 ns
[2021-05-11T08:52:50.326+0000][8][safepoint   ] Safepoint "Cleanup", Time since last: 52004700362 ns, Reaching safepoint: 67187 ns, At safepoint: 4248 ns, Total: 71435 ns
[2021-05-11T08:53:16.329+0000][8][safepoint   ] Safepoint "Cleanup", Time since last: 26002607960 ns, Reaching safepoint: 75633 ns, At safepoint: 5028 ns, Total: 80661 ns
[2021-05-11T08:53:46.131+0000][8][gc,start    ] GC(307) Pause Young (Concurrent Start) (G1 Evacuation Pause)
[2021-05-11T08:53:46.131+0000][8][gc,task     ] GC(307) Using 6 workers of 8 for evacuation
[2021-05-11T08:53:46.131+0000][8][gc,age      ] GC(307) Desired survivor size 6291456 bytes, new threshold 15 (max threshold 15)
[2021-05-11T08:53:46.133+0000][8][gc,age      ] GC(307) Age table with threshold 15 (max threshold 15)
[2021-05-11T08:53:46.133+0000][8][gc,age      ] GC(307) - age   1:     784448 bytes,     784448 total
[2021-05-11T08:53:46.133+0000][8][gc,age      ] GC(307) - age   2:        696 bytes,     785144 total
[2021-05-11T08:53:46.133+0000][8][gc,age      ] GC(307) - age   3:        296 bytes,     785440 total
[2021-05-11T08:53:46.133+0000][8][gc,age      ] GC(307) - age   4:     358944 bytes,    1144384 total
[2021-05-11T08:53:46.133+0000][8][gc,age      ] GC(307) - age   5:        432 bytes,    1144816 total
[2021-05-11T08:53:46.133+0000][8][gc,age      ] GC(307) - age   6:       6328 bytes,    1151144 total
[2021-05-11T08:53:46.133+0000][8][gc,age      ] GC(307) - age   8:         80 bytes,    1151224 total
[2021-05-11T08:53:46.133+0000][8][gc,age      ] GC(307) - age   9:        272 bytes,    1151496 total
[2021-05-11T08:53:46.133+0000][8][gc,age      ] GC(307) - age  10:         24 bytes,    1151520 total
[2021-05-11T08:53:46.133+0000][8][gc,age      ] GC(307) - age  11:       1592 bytes,    1153112 total
[2021-05-11T08:53:46.133+0000][8][gc,age      ] GC(307) - age  12:       1232 bytes,    1154344 total
[2021-05-11T08:53:46.133+0000][8][gc,age      ] GC(307) - age  15:        104 bytes,    1154448 total
[2021-05-11T08:53:46.133+0000][8][gc,phases   ] GC(307)   Pre Evacuate Collection Set: 0.1ms
[2021-05-11T08:53:46.133+0000][8][gc,phases   ] GC(307)   Merge Heap Roots: 0.0ms
[2021-05-11T08:53:46.133+0000][8][gc,phases   ] GC(307)   Evacuate Collection Set: 1.0ms
[2021-05-11T08:53:46.133+0000][8][gc,phases   ] GC(307)   Post Evacuate Collection Set: 0.3ms
[2021-05-11T08:53:46.133+0000][8][gc,phases   ] GC(307)   Other: 0.2ms
[2021-05-11T08:53:46.133+0000][8][gc,heap     ] GC(307) Eden regions: 21->0(21)
[2021-05-11T08:53:46.133+0000][8][gc,heap     ] GC(307) Survivor regions: 1->1(3)
[2021-05-11T08:53:46.133+0000][8][gc,heap     ] GC(307) Old regions: 27->27
[2021-05-11T08:53:46.133+0000][8][gc,heap     ] GC(307) Archive regions: 2->2
[2021-05-11T08:53:46.133+0000][8][gc,heap     ] GC(307) Humongous regions: 2->2
[2021-05-11T08:53:46.133+0000][8][gc,metaspace] GC(307) Metaspace: 109203K(113776K)->109203K(113776K) NonClass: 95304K(98544K)->95304K(98544K) Class: 13898K(15232K)->13898K(15232K)
[2021-05-11T08:53:46.133+0000][8][gc          ] GC(307) Pause Young (Concurrent Start) (G1 Evacuation Pause) 202M->118M(256M) 1.732ms
[2021-05-11T08:53:46.133+0000][8][gc,cpu      ] GC(307) User=0.01s Sys=0.00s Real=0.00s
[2021-05-11T08:53:46.133+0000][8][safepoint   ] Safepoint "G1CollectForAllocation", Time since last: 29802473401 ns, Reaching safepoint: 138926 ns, At safepoint: 1796123 ns, Total: 1935049 ns
[2021-05-11T08:53:46.133+0000][8][gc          ] GC(308) Concurrent Cycle
[2021-05-11T08:53:46.133+0000][8][gc,marking  ] GC(308) Concurrent Clear Claimed Marks
[2021-05-11T08:53:46.133+0000][8][gc,marking  ] GC(308) Concurrent Clear Claimed Marks 0.059ms
[2021-05-11T08:53:46.133+0000][8][gc,marking  ] GC(308) Concurrent Scan Root Regions
[2021-05-11T08:53:46.135+0000][8][gc,marking  ] GC(308) Concurrent Scan Root Regions 1.799ms
[2021-05-11T08:53:46.135+0000][8][gc,marking  ] GC(308) Concurrent Mark (22635.520s)
[2021-05-11T08:53:46.135+0000][8][gc,marking  ] GC(308) Concurrent Mark From Roots
[2021-05-11T08:53:46.135+0000][8][gc,task     ] GC(308) Using 2 workers of 2 for marking
[2021-05-11T08:53:46.222+0000][8][gc,marking  ] GC(308) Concurrent Mark From Roots 87.400ms
[2021-05-11T08:53:46.222+0000][8][gc,marking  ] GC(308) Concurrent Preclean
[2021-05-11T08:53:46.223+0000][8][gc,marking  ] GC(308) Concurrent Preclean 0.330ms
[2021-05-11T08:53:46.223+0000][8][gc,marking  ] GC(308) Concurrent Mark (22635.520s, 22635.608s) 87.789ms
[2021-05-11T08:53:46.223+0000][8][gc,start    ] GC(308) Pause Remark
[2021-05-11T08:53:46.230+0000][8][gc          ] GC(308) Pause Remark 119M->119M(256M) 6.841ms
[2021-05-11T08:53:46.230+0000][8][gc,cpu      ] GC(308) User=0.03s Sys=0.00s Real=0.01s
[2021-05-11T08:53:46.230+0000][8][safepoint   ] Safepoint "G1Concurrent", Time since last: 89750644 ns, Reaching safepoint: 100861 ns, At safepoint: 6914457 ns, Total: 7015318 ns
[2021-05-11T08:53:46.230+0000][8][gc,marking  ] GC(308) Concurrent Rebuild Remembered Sets
[2021-05-11T08:53:46.287+0000][8][gc,marking  ] GC(308) Concurrent Rebuild Remembered Sets 57.483ms
[2021-05-11T08:53:46.288+0000][8][gc,start    ] GC(308) Pause Cleanup
[2021-05-11T08:53:46.288+0000][8][gc          ] GC(308) Pause Cleanup 119M->119M(256M) 0.072ms
[2021-05-11T08:53:46.288+0000][8][gc,cpu      ] GC(308) User=0.00s Sys=0.00s Real=0.00s
[2021-05-11T08:53:46.288+0000][8][safepoint   ] Safepoint "G1Concurrent", Time since last: 57590364 ns, Reaching safepoint: 116848 ns, At safepoint: 115128 ns, Total: 231976 ns
[2021-05-11T08:53:46.288+0000][8][gc,marking  ] GC(308) Concurrent Cleanup for Next Mark
[2021-05-11T08:53:46.288+0000][8][gc,marking  ] GC(308) Concurrent Cleanup for Next Mark 0.294ms
[2021-05-11T08:53:46.288+0000][8][gc          ] GC(308) Concurrent Cycle 154.937ms
[2021-05-11T08:53:57.289+0000][8][safepoint   ] Safepoint "Cleanup", Time since last: 11001182419 ns, Reaching safepoint: 87657 ns, At safepoint: 4974 ns, Total: 92631 ns
[2021-05-11T08:55:57.288+0000][8][gc,start    ] GC(309) Pause Young (Normal) (G1 Evacuation Pause)
[2021-05-11T08:55:57.288+0000][8][gc,task     ] GC(309) Using 6 workers of 8 for evacuation
[2021-05-11T08:55:57.288+0000][8][gc,age      ] GC(309) Desired survivor size 6291456 bytes, new threshold 15 (max threshold 15)
[2021-05-11T08:55:57.291+0000][8][gc,age      ] GC(309) Age table with threshold 15 (max threshold 15)
[2021-05-11T08:55:57.291+0000][8][gc,age      ] GC(309) - age   1:     477840 bytes,     477840 total
[2021-05-11T08:55:57.291+0000][8][gc,age      ] GC(309) - age   2:     273512 bytes,     751352 total
[2021-05-11T08:55:57.291+0000][8][gc,age      ] GC(309) - age   3:        576 bytes,     751928 total
[2021-05-11T08:55:57.291+0000][8][gc,age      ] GC(309) - age   4:        296 bytes,     752224 total
[2021-05-11T08:55:57.291+0000][8][gc,age      ] GC(309) - age   5:     358848 bytes,    1111072 total
[2021-05-11T08:55:57.291+0000][8][gc,age      ] GC(309) - age   6:        432 bytes,    1111504 total
[2021-05-11T08:55:57.291+0000][8][gc,age      ] GC(309) - age   7:       6088 bytes,    1117592 total
[2021-05-11T08:55:57.291+0000][8][gc,age      ] GC(309) - age   9:         80 bytes,    1117672 total
[2021-05-11T08:55:57.291+0000][8][gc,age      ] GC(309) - age  10:        272 bytes,    1117944 total
[2021-05-11T08:55:57.291+0000][8][gc,age      ] GC(309) - age  12:       1592 bytes,    1119536 total
[2021-05-11T08:55:57.291+0000][8][gc,age      ] GC(309) - age  13:       1232 bytes,    1120768 total
[2021-05-11T08:55:57.291+0000][8][gc,phases   ] GC(309)   Pre Evacuate Collection Set: 0.0ms
[2021-05-11T08:55:57.291+0000][8][gc,phases   ] GC(309)   Merge Heap Roots: 0.0ms
[2021-05-11T08:55:57.291+0000][8][gc,phases   ] GC(309)   Evacuate Collection Set: 1.9ms
[2021-05-11T08:55:57.291+0000][8][gc,phases   ] GC(309)   Post Evacuate Collection Set: 1.1ms
[2021-05-11T08:55:57.291+0000][8][gc,phases   ] GC(309)   Other: 0.2ms
[2021-05-11T08:55:57.291+0000][8][gc,heap     ] GC(309) Eden regions: 21->0(21)
[2021-05-11T08:55:57.291+0000][8][gc,heap     ] GC(309) Survivor regions: 1->1(3)
[2021-05-11T08:55:57.291+0000][8][gc,heap     ] GC(309) Old regions: 27->27
[2021-05-11T08:55:57.291+0000][8][gc,heap     ] GC(309) Archive regions: 2->2
[2021-05-11T08:55:57.291+0000][8][gc,heap     ] GC(309) Humongous regions: 2->2
[2021-05-11T08:55:57.291+0000][8][gc,metaspace] GC(309) Metaspace: 109204K(113776K)->109204K(113776K) NonClass: 95305K(98544K)->95305K(98544K) Class: 13898K(15232K)->13898K(15232K)
[2021-05-11T08:55:57.291+0000][8][gc          ] GC(309) Pause Young (Normal) (G1 Evacuation Pause) 202M->118M(256M) 3.396ms
[2021-05-11T08:55:57.291+0000][8][gc,cpu      ] GC(309) User=0.01s Sys=0.00s Real=0.01s
[2021-05-11T08:55:57.291+0000][8][safepoint   ] Safepoint "G1CollectForAllocation", Time since last: 119998785943 ns, Reaching safepoint: 74874 ns, At safepoint: 3466761 ns, Total: 3541635 ns
[2021-05-11T08:57:52.303+0000][8][safepoint   ] Safepoint "Cleanup", Time since last: 115011161631 ns, Reaching safepoint: 169385 ns, At safepoint: 5799 ns, Total: 175184 ns
[2021-05-11T08:57:57.321+0000][8][gc,start    ] GC(310) Pause Young (Concurrent Start) (G1 Evacuation Pause)
[2021-05-11T08:57:57.321+0000][8][gc,task     ] GC(310) Using 6 workers of 8 for evacuation
[2021-05-11T08:57:57.321+0000][8][gc,age      ] GC(310) Desired survivor size 6291456 bytes, new threshold 15 (max threshold 15)
[2021-05-11T08:57:57.323+0000][8][gc,age      ] GC(310) Age table with threshold 15 (max threshold 15)
[2021-05-11T08:57:57.323+0000][8][gc,age      ] GC(310) - age   1:     584800 bytes,     584800 total
[2021-05-11T08:57:57.323+0000][8][gc,age      ] GC(310) - age   2:        928 bytes,     585728 total
[2021-05-11T08:57:57.323+0000][8][gc,age      ] GC(310) - age   3:     152256 bytes,     737984 total
[2021-05-11T08:57:57.323+0000][8][gc,age      ] GC(310) - age   4:        368 bytes,     738352 total
[2021-05-11T08:57:57.323+0000][8][gc,age      ] GC(310) - age   5:        200 bytes,     738552 total
[2021-05-11T08:57:57.323+0000][8][gc,age      ] GC(310) - age   6:     356152 bytes,    1094704 total
[2021-05-11T08:57:57.323+0000][8][gc,age      ] GC(310) - age   7:        432 bytes,    1095136 total
[2021-05-11T08:57:57.323+0000][8][gc,age      ] GC(310) - age   8:       6048 bytes,    1101184 total
[2021-05-11T08:57:57.323+0000][8][gc,age      ] GC(310) - age  10:         80 bytes,    1101264 total
[2021-05-11T08:57:57.323+0000][8][gc,age      ] GC(310) - age  11:        272 bytes,    1101536 total
[2021-05-11T08:57:57.324+0000][8][gc,age      ] GC(310) - age  13:       1592 bytes,    1103128 total
[2021-05-11T08:57:57.324+0000][8][gc,age      ] GC(310) - age  14:       1232 bytes,    1104360 total
[2021-05-11T08:57:57.324+0000][8][gc,phases   ] GC(310)   Pre Evacuate Collection Set: 0.1ms
[2021-05-11T08:57:57.324+0000][8][gc,phases   ] GC(310)   Merge Heap Roots: 0.0ms
[2021-05-11T08:57:57.324+0000][8][gc,phases   ] GC(310)   Evacuate Collection Set: 1.3ms
[2021-05-11T08:57:57.324+0000][8][gc,phases   ] GC(310)   Post Evacuate Collection Set: 0.5ms
[2021-05-11T08:57:57.324+0000][8][gc,phases   ] GC(310)   Other: 0.3ms
[2021-05-11T08:57:57.324+0000][8][gc,heap     ] GC(310) Eden regions: 21->0(21)
[2021-05-11T08:57:57.324+0000][8][gc,heap     ] GC(310) Survivor regions: 1->1(3)
[2021-05-11T08:57:57.324+0000][8][gc,heap     ] GC(310) Old regions: 27->27
[2021-05-11T08:57:57.324+0000][8][gc,heap     ] GC(310) Archive regions: 2->2
[2021-05-11T08:57:57.324+0000][8][gc,heap     ] GC(310) Humongous regions: 2->2
[2021-05-11T08:57:57.324+0000][8][gc,metaspace] GC(310) Metaspace: 109207K(113776K)->109207K(113776K) NonClass: 95308K(98544K)->95308K(98544K) Class: 13898K(15232K)->13898K(15232K)
[2021-05-11T08:57:57.324+0000][8][gc          ] GC(310) Pause Young (Concurrent Start) (G1 Evacuation Pause) 202M->118M(256M) 2.298ms
[2021-05-11T08:57:57.324+0000][8][gc,cpu      ] GC(310) User=0.01s Sys=0.00s Real=0.01s
[2021-05-11T08:57:57.324+0000][8][safepoint   ] Safepoint "G1CollectForAllocation", Time since last: 5018572873 ns, Reaching safepoint: 141672 ns, At safepoint: 2373406 ns, Total: 2515078 ns
[2021-05-11T08:57:57.324+0000][8][gc          ] GC(311) Concurrent Cycle
[2021-05-11T08:57:57.324+0000][8][gc,marking  ] GC(311) Concurrent Clear Claimed Marks
[2021-05-11T08:57:57.324+0000][8][gc,marking  ] GC(311) Concurrent Clear Claimed Marks 0.127ms
[2021-05-11T08:57:57.324+0000][8][gc,marking  ] GC(311) Concurrent Scan Root Regions
[2021-05-11T08:57:57.327+0000][8][gc,marking  ] GC(311) Concurrent Scan Root Regions 2.755ms
[2021-05-11T08:57:57.327+0000][8][gc,marking  ] GC(311) Concurrent Mark (22886.712s)
[2021-05-11T08:57:57.327+0000][8][gc,marking  ] GC(311) Concurrent Mark From Roots
[2021-05-11T08:57:57.327+0000][8][gc,task     ] GC(311) Using 2 workers of 2 for marking
[2021-05-11T08:57:57.424+0000][8][gc,marking  ] GC(311) Concurrent Mark From Roots 96.803ms
[2021-05-11T08:57:57.424+0000][8][gc,marking  ] GC(311) Concurrent Preclean
[2021-05-11T08:57:57.424+0000][8][gc,marking  ] GC(311) Concurrent Preclean 0.310ms
[2021-05-11T08:57:57.424+0000][8][gc,marking  ] GC(311) Concurrent Mark (22886.712s, 22886.809s) 97.185ms
[2021-05-11T08:57:57.424+0000][8][gc,start    ] GC(311) Pause Remark
[2021-05-11T08:57:57.430+0000][8][gc          ] GC(311) Pause Remark 119M->119M(256M) 6.274ms
[2021-05-11T08:57:57.430+0000][8][gc,cpu      ] GC(311) User=0.04s Sys=0.00s Real=0.01s
[2021-05-11T08:57:57.430+0000][8][safepoint   ] Safepoint "G1Concurrent", Time since last: 100219404 ns, Reaching safepoint: 75252 ns, At safepoint: 6369337 ns, Total: 6444589 ns
[2021-05-11T08:57:57.430+0000][8][gc,marking  ] GC(311) Concurrent Rebuild Remembered Sets
[2021-05-11T08:57:57.490+0000][8][gc,marking  ] GC(311) Concurrent Rebuild Remembered Sets 59.567ms
[2021-05-11T08:57:57.490+0000][8][gc,start    ] GC(311) Pause Cleanup
[2021-05-11T08:57:57.490+0000][8][gc          ] GC(311) Pause Cleanup 119M->119M(256M) 0.083ms
[2021-05-11T08:57:57.490+0000][8][gc,cpu      ] GC(311) User=0.00s Sys=0.00s Real=0.00s
[2021-05-11T08:57:57.490+0000][8][safepoint   ] Safepoint "G1Concurrent", Time since last: 59655271 ns, Reaching safepoint: 111567 ns, At safepoint: 125867 ns, Total: 237434 ns
[2021-05-11T08:57:57.490+0000][8][gc,marking  ] GC(311) Concurrent Cleanup for Next Mark
[2021-05-11T08:57:57.491+0000][8][gc,marking  ] GC(311) Concurrent Cleanup for Next Mark 0.258ms
[2021-05-11T08:57:57.491+0000][8][gc          ] GC(311) Concurrent Cycle 166.834ms
