[2021-04-20T02:26:51.849+0000][7][gc] Using G1
[2021-04-20T02:26:51.957+0000][7][gc,init] Version: 15.0.1+9 (release)
[2021-04-20T02:26:51.957+0000][7][gc,init] CPUs: 8 total, 8 available
[2021-04-20T02:26:51.957+0000][7][gc,init] Memory: 15907M
[2021-04-20T02:26:51.957+0000][7][gc,init] Large Page Support: Disabled
[2021-04-20T02:26:51.957+0000][7][gc,init] NUMA Support: Disabled
[2021-04-20T02:26:51.957+0000][7][gc,init] Compressed Oops: Enabled (32-bit)
[2021-04-20T02:26:51.957+0000][7][gc,init] Heap Region Size: 4M
[2021-04-20T02:26:51.957+0000][7][gc,init] Heap Min Capacity: 256M
[2021-04-20T02:26:51.957+0000][7][gc,init] Heap Initial Capacity: 256M
[2021-04-20T02:26:51.957+0000][7][gc,init] Heap Max Capacity: 256M
[2021-04-20T02:26:51.957+0000][7][gc,init] Pre-touch: Enabled
[2021-04-20T02:26:51.957+0000][7][gc,init] Parallel Workers: 8
[2021-04-20T02:26:51.957+0000][7][gc,init] Concurrent Workers: 2
[2021-04-20T02:26:51.957+0000][7][gc,init] Concurrent Refinement Workers: 8
[2021-04-20T02:26:51.957+0000][7][gc,init] Periodic GC: Disabled
[2021-04-20T02:26:51.957+0000][7][gc,cds ] Mark closed archive regions in map: [0x00000000ffc00000, 0x00000000ffc7bff8]
[2021-04-20T02:26:51.957+0000][7][gc,cds ] Mark open archive regions in map: [0x00000000ffb00000, 0x00000000ffb51ff8]
[2021-04-20T02:26:51.958+0000][7][gc,metaspace] CDS archive(s) mapped at: [0x0000000800000000-0x0000000800b2a000-0x0000000800b2a000), size 11706368, SharedBaseAddress: 0x0000000800000000, ArchiveRelocationMode: 0.
[2021-04-20T02:26:51.958+0000][7][gc,metaspace] Compressed class space mapped at: 0x0000000800b2c000-0x0000000840b2c000, size: 1073741824
[2021-04-20T02:26:51.958+0000][7][gc,metaspace] Narrow klass base: 0x0000000800000000, Narrow klass shift: 3, Narrow klass range: 0x100000000
[2021-04-20T02:26:52.462+0000][7][safepoint   ] Safepoint "ICBufferFull", Time since last: 497993836 ns, Reaching safepoint: 130586 ns, At safepoint: 4062 ns, Total: 134648 ns
[2021-04-20T02:26:52.572+0000][7][gc,start    ] GC(0) Pause Young (Normal) (G1 Evacuation Pause)
[2021-04-20T02:26:52.573+0000][7][gc,task     ] GC(0) Using 6 workers of 8 for evacuation
[2021-04-20T02:26:52.573+0000][7][gc,age      ] GC(0) Desired survivor size 2097152 bytes, new threshold 15 (max threshold 15)
[2021-04-20T02:26:52.579+0000][7][gc,age      ] GC(0) Age table with threshold 15 (max threshold 15)
[2021-04-20T02:26:52.579+0000][7][gc,age      ] GC(0) - age   1:    3685664 bytes,    3685664 total
[2021-04-20T02:26:52.579+0000][7][gc,phases   ] GC(0)   Pre Evacuate Collection Set: 0.0ms
[2021-04-20T02:26:52.579+0000][7][gc,phases   ] GC(0)   Merge Heap Roots: 0.0ms
[2021-04-20T02:26:52.579+0000][7][gc,phases   ] GC(0)   Evacuate Collection Set: 5.5ms
[2021-04-20T02:26:52.579+0000][7][gc,phases   ] GC(0)   Post Evacuate Collection Set: 0.3ms
[2021-04-20T02:26:52.579+0000][7][gc,phases   ] GC(0)   Other: 0.5ms
[2021-04-20T02:26:52.579+0000][7][gc,heap     ] GC(0) Eden regions: 5->0(5)
[2021-04-20T02:26:52.579+0000][7][gc,heap     ] GC(0) Survivor regions: 0->1(1)
[2021-04-20T02:26:52.579+0000][7][gc,heap     ] GC(0) Old regions: 0->0
[2021-04-20T02:26:52.579+0000][7][gc,heap     ] GC(0) Archive regions: 2->2
[2021-04-20T02:26:52.579+0000][7][gc,heap     ] GC(0) Humongous regions: 0->0
[2021-04-20T02:26:52.579+0000][7][gc,metaspace] GC(0) Metaspace: 6714K(8960K)->6714K(8960K) NonClass: 5982K(7936K)->5982K(7936K) Class: 732K(1024K)->732K(1024K)
[2021-04-20T02:26:52.579+0000][7][gc          ] GC(0) Pause Young (Normal) (G1 Evacuation Pause) 23M->7M(256M) 6.403ms
[2021-04-20T02:26:52.579+0000][7][gc,cpu      ] GC(0) User=0.01s Sys=0.00s Real=0.01s
[2021-04-20T02:26:52.579+0000][7][safepoint   ] Safepoint "G1CollectForAllocation", Time since last: 110308538 ns, Reaching safepoint: 75381 ns, At safepoint: 6468629 ns, Total: 6544010 ns
[2021-04-20T02:26:53.628+0000][7][gc,start    ] GC(1) Pause Young (Normal) (G1 Evacuation Pause)
[2021-04-20T02:26:53.628+0000][7][gc,task     ] GC(1) Using 6 workers of 8 for evacuation
[2021-04-20T02:26:53.628+0000][7][gc,age      ] GC(1) Desired survivor size 2097152 bytes, new threshold 1 (max threshold 15)
[2021-04-20T02:26:53.639+0000][7][gc,age      ] GC(1) Age table with threshold 1 (max threshold 15)
[2021-04-20T02:26:53.639+0000][7][gc,age      ] GC(1) - age   1:    1975232 bytes,    1975232 total
[2021-04-20T02:26:53.639+0000][7][gc,phases   ] GC(1)   Pre Evacuate Collection Set: 0.1ms
[2021-04-20T02:26:53.639+0000][7][gc,phases   ] GC(1)   Merge Heap Roots: 0.1ms
[2021-04-20T02:26:53.640+0000][7][gc,phases   ] GC(1)   Evacuate Collection Set: 10.6ms
[2021-04-20T02:26:53.640+0000][7][gc,phases   ] GC(1)   Post Evacuate Collection Set: 0.3ms
[2021-04-20T02:26:53.640+0000][7][gc,phases   ] GC(1)   Other: 0.2ms
[2021-04-20T02:26:53.640+0000][7][gc,heap     ] GC(1) Eden regions: 5->0(12)
[2021-04-20T02:26:53.640+0000][7][gc,heap     ] GC(1) Survivor regions: 1->1(1)
[2021-04-20T02:26:53.640+0000][7][gc,heap     ] GC(1) Old regions: 0->1
[2021-04-20T02:26:53.640+0000][7][gc,heap     ] GC(1) Archive regions: 2->2
[2021-04-20T02:26:53.640+0000][7][gc,heap     ] GC(1) Humongous regions: 0->0
[2021-04-20T02:26:53.640+0000][7][gc,metaspace] GC(1) Metaspace: 11840K(12288K)->11840K(12288K) NonClass: 10425K(10752K)->10425K(10752K) Class: 1415K(1536K)->1415K(1536K)
[2021-04-20T02:26:53.640+0000][7][gc          ] GC(1) Pause Young (Normal) (G1 Evacuation Pause) 27M->9M(256M) 11.294ms
[2021-04-20T02:26:53.640+0000][7][gc,cpu      ] GC(1) User=0.04s Sys=0.00s Real=0.01s
[2021-04-20T02:26:53.640+0000][7][safepoint   ] Safepoint "G1CollectForAllocation", Time since last: 1049385280 ns, Reaching safepoint: 160150 ns, At safepoint: 11371909 ns, Total: 11532059 ns
[2021-04-20T02:26:54.203+0000][7][safepoint   ] Safepoint "ICBufferFull", Time since last: 563195896 ns, Reaching safepoint: 154090 ns, At safepoint: 8145 ns, Total: 162235 ns
[2021-04-20T02:26:54.519+0000][7][gc,start    ] GC(2) Pause Young (Normal) (G1 Evacuation Pause)
[2021-04-20T02:26:54.519+0000][7][gc,task     ] GC(2) Using 6 workers of 8 for evacuation
[2021-04-20T02:26:54.519+0000][7][gc,age      ] GC(2) Desired survivor size 4194304 bytes, new threshold 15 (max threshold 15)
[2021-04-20T02:26:54.524+0000][7][gc,age      ] GC(2) Age table with threshold 15 (max threshold 15)
[2021-04-20T02:26:54.524+0000][7][gc,age      ] GC(2) - age   1:    1824192 bytes,    1824192 total
[2021-04-20T02:26:54.524+0000][7][gc,age      ] GC(2) - age   2:    1876480 bytes,    3700672 total
[2021-04-20T02:26:54.524+0000][7][gc,phases   ] GC(2)   Pre Evacuate Collection Set: 0.1ms
[2021-04-20T02:26:54.524+0000][7][gc,phases   ] GC(2)   Merge Heap Roots: 0.0ms
[2021-04-20T02:26:54.524+0000][7][gc,phases   ] GC(2)   Evacuate Collection Set: 4.1ms
[2021-04-20T02:26:54.524+0000][7][gc,phases   ] GC(2)   Post Evacuate Collection Set: 1.2ms
[2021-04-20T02:26:54.524+0000][7][gc,phases   ] GC(2)   Other: 0.2ms
[2021-04-20T02:26:54.524+0000][7][gc,heap     ] GC(2) Eden regions: 12->0(36)
[2021-04-20T02:26:54.524+0000][7][gc,heap     ] GC(2) Survivor regions: 1->1(2)
[2021-04-20T02:26:54.524+0000][7][gc,heap     ] GC(2) Old regions: 1->1
[2021-04-20T02:26:54.524+0000][7][gc,heap     ] GC(2) Archive regions: 2->2
[2021-04-20T02:26:54.524+0000][7][gc,heap     ] GC(2) Humongous regions: 0->0
[2021-04-20T02:26:54.524+0000][7][gc,metaspace] GC(2) Metaspace: 14541K(14848K)->14541K(14848K) NonClass: 12866K(13056K)->12866K(13056K) Class: 1675K(1792K)->1675K(1792K)
[2021-04-20T02:26:54.524+0000][7][gc          ] GC(2) Pause Young (Normal) (G1 Evacuation Pause) 57M->10M(256M) 5.657ms
[2021-04-20T02:26:54.524+0000][7][gc,cpu      ] GC(2) User=0.02s Sys=0.01s Real=0.01s
[2021-04-20T02:26:54.525+0000][7][safepoint   ] Safepoint "G1CollectForAllocation", Time since last: 315678279 ns, Reaching safepoint: 88383 ns, At safepoint: 5731164 ns, Total: 5819547 ns
[2021-04-20T02:26:54.807+0000][7][safepoint   ] Safepoint "ICBufferFull", Time since last: 282414136 ns, Reaching safepoint: 174837 ns, At safepoint: 8081 ns, Total: 182918 ns
[2021-04-20T02:26:54.814+0000][7][safepoint   ] Safepoint "ICBufferFull", Time since last: 6981048 ns, Reaching safepoint: 144200 ns, At safepoint: 7550 ns, Total: 151750 ns
[2021-04-20T02:26:54.819+0000][7][safepoint   ] Safepoint "ICBufferFull", Time since last: 4244773 ns, Reaching safepoint: 59713 ns, At safepoint: 8787 ns, Total: 68500 ns
[2021-04-20T02:26:54.823+0000][7][safepoint   ] Safepoint "ICBufferFull", Time since last: 4054427 ns, Reaching safepoint: 69966 ns, At safepoint: 6189 ns, Total: 76155 ns
[2021-04-20T02:26:54.829+0000][7][safepoint   ] Safepoint "ICBufferFull", Time since last: 5769059 ns, Reaching safepoint: 145633 ns, At safepoint: 5304 ns, Total: 150937 ns
[2021-04-20T02:26:54.833+0000][7][safepoint   ] Safepoint "ICBufferFull", Time since last: 4120464 ns, Reaching safepoint: 141944 ns, At safepoint: 5972 ns, Total: 147916 ns
[2021-04-20T02:26:54.837+0000][7][safepoint   ] Safepoint "ICBufferFull", Time since last: 4188165 ns, Reaching safepoint: 208460 ns, At safepoint: 6807 ns, Total: 215267 ns
[2021-04-20T02:26:54.841+0000][7][safepoint   ] Safepoint "ICBufferFull", Time since last: 3700503 ns, Reaching safepoint: 152878 ns, At safepoint: 5635 ns, Total: 158513 ns
[2021-04-20T02:26:54.845+0000][7][safepoint   ] Safepoint "ICBufferFull", Time since last: 4011975 ns, Reaching safepoint: 132798 ns, At safepoint: 4059 ns, Total: 136857 ns
[2021-04-20T02:26:54.851+0000][7][safepoint   ] Safepoint "ICBufferFull", Time since last: 5269107 ns, Reaching safepoint: 142112 ns, At safepoint: 4750 ns, Total: 146862 ns
[2021-04-20T02:26:54.855+0000][7][safepoint   ] Safepoint "ICBufferFull", Time since last: 3862517 ns, Reaching safepoint: 73127 ns, At safepoint: 5912 ns, Total: 79039 ns
[2021-04-20T02:26:54.859+0000][7][safepoint   ] Safepoint "ICBufferFull", Time since last: 4645104 ns, Reaching safepoint: 61025 ns, At safepoint: 8422 ns, Total: 69447 ns
[2021-04-20T02:26:54.864+0000][7][safepoint   ] Safepoint "ICBufferFull", Time since last: 4198100 ns, Reaching safepoint: 150300 ns, At safepoint: 7601 ns, Total: 157901 ns
[2021-04-20T02:26:54.869+0000][7][safepoint   ] Safepoint "ICBufferFull", Time since last: 5342033 ns, Reaching safepoint: 136826 ns, At safepoint: 7262 ns, Total: 144088 ns
[2021-04-20T02:26:54.874+0000][7][safepoint   ] Safepoint "ICBufferFull", Time since last: 4521339 ns, Reaching safepoint: 145531 ns, At safepoint: 7222 ns, Total: 152753 ns
[2021-04-20T02:26:54.879+0000][7][safepoint   ] Safepoint "ICBufferFull", Time since last: 4753285 ns, Reaching safepoint: 134475 ns, At safepoint: 4691 ns, Total: 139166 ns
[2021-04-20T02:26:54.883+0000][7][safepoint   ] Safepoint "ICBufferFull", Time since last: 4121318 ns, Reaching safepoint: 134687 ns, At safepoint: 5390 ns, Total: 140077 ns
[2021-04-20T02:26:54.891+0000][7][safepoint   ] Safepoint "ICBufferFull", Time since last: 7794056 ns, Reaching safepoint: 131006 ns, At safepoint: 4463 ns, Total: 135469 ns
[2021-04-20T02:26:54.901+0000][7][safepoint   ] Safepoint "ICBufferFull", Time since last: 10122662 ns, Reaching safepoint: 136388 ns, At safepoint: 5764 ns, Total: 142152 ns
[2021-04-20T02:26:54.903+0000][7][safepoint   ] Safepoint "ICBufferFull", Time since last: 1230371 ns, Reaching safepoint: 132812 ns, At safepoint: 6178 ns, Total: 138990 ns
[2021-04-20T02:26:54.904+0000][7][safepoint   ] Safepoint "ICBufferFull", Time since last: 1329334 ns, Reaching safepoint: 53347 ns, At safepoint: 4699 ns, Total: 58046 ns
[2021-04-20T02:26:54.906+0000][7][safepoint   ] Safepoint "ICBufferFull", Time since last: 1873232 ns, Reaching safepoint: 64903 ns, At safepoint: 5403 ns, Total: 70306 ns
[2021-04-20T02:26:54.907+0000][7][safepoint   ] Safepoint "ICBufferFull", Time since last: 1284934 ns, Reaching safepoint: 140151 ns, At safepoint: 5765 ns, Total: 145916 ns
[2021-04-20T02:26:55.340+0000][7][safepoint   ] Safepoint "ICBufferFull", Time since last: 432057249 ns, Reaching safepoint: 642807 ns, At safepoint: 10659 ns, Total: 653466 ns
[2021-04-20T02:26:55.476+0000][7][gc,start    ] GC(3) Pause Young (Normal) (G1 Evacuation Pause)
[2021-04-20T02:26:55.476+0000][7][gc,task     ] GC(3) Using 6 workers of 8 for evacuation
[2021-04-20T02:26:55.476+0000][7][gc,age      ] GC(3) Desired survivor size 10485760 bytes, new threshold 15 (max threshold 15)
[2021-04-20T02:26:55.487+0000][7][gc,age      ] GC(3) Age table with threshold 15 (max threshold 15)
[2021-04-20T02:26:55.487+0000][7][gc,age      ] GC(3) - age   1:    3042544 bytes,    3042544 total
[2021-04-20T02:26:55.487+0000][7][gc,age      ] GC(3) - age   2:    1750512 bytes,    4793056 total
[2021-04-20T02:26:55.487+0000][7][gc,age      ] GC(3) - age   3:    1861352 bytes,    6654408 total
[2021-04-20T02:26:55.487+0000][7][gc,phases   ] GC(3)   Pre Evacuate Collection Set: 0.0ms
[2021-04-20T02:26:55.487+0000][7][gc,phases   ] GC(3)   Merge Heap Roots: 0.0ms
[2021-04-20T02:26:55.487+0000][7][gc,phases   ] GC(3)   Evacuate Collection Set: 10.1ms
[2021-04-20T02:26:55.487+0000][7][gc,phases   ] GC(3)   Post Evacuate Collection Set: 0.6ms
[2021-04-20T02:26:55.487+0000][7][gc,phases   ] GC(3)   Other: 0.2ms
[2021-04-20T02:26:55.487+0000][7][gc,heap     ] GC(3) Eden regions: 36->0(36)
[2021-04-20T02:26:55.487+0000][7][gc,heap     ] GC(3) Survivor regions: 1->2(5)
[2021-04-20T02:26:55.487+0000][7][gc,heap     ] GC(3) Old regions: 1->1
[2021-04-20T02:26:55.487+0000][7][gc,heap     ] GC(3) Archive regions: 2->2
[2021-04-20T02:26:55.487+0000][7][gc,heap     ] GC(3) Humongous regions: 0->0
[2021-04-20T02:26:55.487+0000][7][gc,metaspace] GC(3) Metaspace: 17930K(18432K)->17930K(18432K) NonClass: 15800K(16128K)->15800K(16128K) Class: 2129K(2304K)->2129K(2304K)
[2021-04-20T02:26:55.487+0000][7][gc          ] GC(3) Pause Young (Normal) (G1 Evacuation Pause) 154M->13M(256M) 11.064ms
[2021-04-20T02:26:55.487+0000][7][gc,cpu      ] GC(3) User=0.04s Sys=0.00s Real=0.01s
[2021-04-20T02:26:55.487+0000][7][safepoint   ] Safepoint "G1CollectForAllocation", Time since last: 136101869 ns, Reaching safepoint: 136082 ns, At safepoint: 11151089 ns, Total: 11287171 ns
[2021-04-20T02:26:55.951+0000][7][gc,start    ] GC(4) Pause Young (Normal) (G1 Evacuation Pause)
[2021-04-20T02:26:55.951+0000][7][gc,task     ] GC(4) Using 6 workers of 8 for evacuation
[2021-04-20T02:26:55.951+0000][7][gc,age      ] GC(4) Desired survivor size 10485760 bytes, new threshold 15 (max threshold 15)
[2021-04-20T02:26:55.963+0000][7][gc,age      ] GC(4) Age table with threshold 15 (max threshold 15)
[2021-04-20T02:26:55.963+0000][7][gc,age      ] GC(4) - age   1:    2463192 bytes,    2463192 total
[2021-04-20T02:26:55.963+0000][7][gc,age      ] GC(4) - age   2:    3003232 bytes,    5466424 total
[2021-04-20T02:26:55.963+0000][7][gc,age      ] GC(4) - age   3:    1750512 bytes,    7216936 total
[2021-04-20T02:26:55.963+0000][7][gc,age      ] GC(4) - age   4:    1861352 bytes,    9078288 total
[2021-04-20T02:26:55.963+0000][7][gc,phases   ] GC(4)   Pre Evacuate Collection Set: 0.1ms
[2021-04-20T02:26:55.963+0000][7][gc,phases   ] GC(4)   Merge Heap Roots: 0.0ms
[2021-04-20T02:26:55.963+0000][7][gc,phases   ] GC(4)   Evacuate Collection Set: 11.4ms
[2021-04-20T02:26:55.963+0000][7][gc,phases   ] GC(4)   Post Evacuate Collection Set: 0.4ms
[2021-04-20T02:26:55.963+0000][7][gc,phases   ] GC(4)   Other: 0.2ms
[2021-04-20T02:26:55.963+0000][7][gc,heap     ] GC(4) Eden regions: 36->0(35)
[2021-04-20T02:26:55.963+0000][7][gc,heap     ] GC(4) Survivor regions: 2->3(5)
[2021-04-20T02:26:55.963+0000][7][gc,heap     ] GC(4) Old regions: 1->1
[2021-04-20T02:26:55.963+0000][7][gc,heap     ] GC(4) Archive regions: 2->2
[2021-04-20T02:26:55.963+0000][7][gc,heap     ] GC(4) Humongous regions: 0->0
[2021-04-20T02:26:55.963+0000][7][gc,metaspace] GC(4) Metaspace: 18454K(19328K)->18454K(19328K) NonClass: 16257K(16896K)->16257K(16896K) Class: 2196K(2432K)->2196K(2432K)
[2021-04-20T02:26:55.963+0000][7][gc          ] GC(4) Pause Young (Normal) (G1 Evacuation Pause) 157M->16M(256M) 12.169ms
[2021-04-20T02:26:55.963+0000][7][gc,cpu      ] GC(4) User=0.05s Sys=0.00s Real=0.01s
[2021-04-20T02:26:55.963+0000][7][safepoint   ] Safepoint "G1CollectForAllocation", Time since last: 463456817 ns, Reaching safepoint: 141609 ns, At safepoint: 12232320 ns, Total: 12373929 ns
[2021-04-20T02:26:56.384+0000][7][gc,start    ] GC(5) Pause Young (Normal) (G1 Evacuation Pause)
[2021-04-20T02:26:56.384+0000][7][gc,task     ] GC(5) Using 6 workers of 8 for evacuation
[2021-04-20T02:26:56.384+0000][7][gc,age      ] GC(5) Desired survivor size 10485760 bytes, new threshold 15 (max threshold 15)
[2021-04-20T02:26:56.395+0000][7][gc,age      ] GC(5) Age table with threshold 15 (max threshold 15)
[2021-04-20T02:26:56.395+0000][7][gc,age      ] GC(5) - age   1:    2116168 bytes,    2116168 total
[2021-04-20T02:26:56.395+0000][7][gc,age      ] GC(5) - age   2:    1820600 bytes,    3936768 total
[2021-04-20T02:26:56.395+0000][7][gc,age      ] GC(5) - age   3:    3001872 bytes,    6938640 total
[2021-04-20T02:26:56.395+0000][7][gc,age      ] GC(5) - age   4:    1750512 bytes,    8689152 total
[2021-04-20T02:26:56.395+0000][7][gc,age      ] GC(5) - age   5:    1861352 bytes,   10550504 total
[2021-04-20T02:26:56.395+0000][7][gc,phases   ] GC(5)   Pre Evacuate Collection Set: 0.0ms
[2021-04-20T02:26:56.395+0000][7][gc,phases   ] GC(5)   Merge Heap Roots: 0.0ms
[2021-04-20T02:26:56.395+0000][7][gc,phases   ] GC(5)   Evacuate Collection Set: 10.8ms
[2021-04-20T02:26:56.395+0000][7][gc,phases   ] GC(5)   Post Evacuate Collection Set: 0.5ms
[2021-04-20T02:26:56.395+0000][7][gc,phases   ] GC(5)   Other: 0.2ms
[2021-04-20T02:26:56.395+0000][7][gc,heap     ] GC(5) Eden regions: 35->0(35)
[2021-04-20T02:26:56.395+0000][7][gc,heap     ] GC(5) Survivor regions: 3->3(5)
[2021-04-20T02:26:56.395+0000][7][gc,heap     ] GC(5) Old regions: 1->1
[2021-04-20T02:26:56.395+0000][7][gc,heap     ] GC(5) Archive regions: 2->2
[2021-04-20T02:26:56.395+0000][7][gc,heap     ] GC(5) Humongous regions: 0->0
[2021-04-20T02:26:56.395+0000][7][gc,metaspace] GC(5) Metaspace: 18928K(19712K)->18928K(19712K) NonClass: 16657K(17152K)->16657K(17152K) Class: 2271K(2560K)->2271K(2560K)
[2021-04-20T02:26:56.395+0000][7][gc          ] GC(5) Pause Young (Normal) (G1 Evacuation Pause) 156M->17M(256M) 11.626ms
[2021-04-20T02:26:56.395+0000][7][gc,cpu      ] GC(5) User=0.05s Sys=0.00s Real=0.01s
[2021-04-20T02:26:56.395+0000][7][safepoint   ] Safepoint "G1CollectForAllocation", Time since last: 420377843 ns, Reaching safepoint: 77670 ns, At safepoint: 11699477 ns, Total: 11777147 ns
[2021-04-20T02:26:56.743+0000][7][gc,start    ] GC(6) Pause Young (Normal) (G1 Evacuation Pause)
[2021-04-20T02:26:56.743+0000][7][gc,task     ] GC(6) Using 6 workers of 8 for evacuation
[2021-04-20T02:26:56.744+0000][7][gc,age      ] GC(6) Desired survivor size 10485760 bytes, new threshold 5 (max threshold 15)
[2021-04-20T02:26:56.757+0000][7][gc,age      ] GC(6) Age table with threshold 5 (max threshold 15)
[2021-04-20T02:26:56.757+0000][7][gc,age      ] GC(6) - age   1:    3014968 bytes,    3014968 total
[2021-04-20T02:26:56.757+0000][7][gc,age      ] GC(6) - age   2:    1510504 bytes,    4525472 total
[2021-04-20T02:26:56.757+0000][7][gc,age      ] GC(6) - age   3:    1820600 bytes,    6346072 total
[2021-04-20T02:26:56.757+0000][7][gc,age      ] GC(6) - age   4:    3001872 bytes,    9347944 total
[2021-04-20T02:26:56.757+0000][7][gc,age      ] GC(6) - age   5:    1750512 bytes,   11098456 total
[2021-04-20T02:26:56.758+0000][7][gc,phases   ] GC(6)   Pre Evacuate Collection Set: 0.0ms
[2021-04-20T02:26:56.758+0000][7][gc,phases   ] GC(6)   Merge Heap Roots: 0.0ms
[2021-04-20T02:26:56.758+0000][7][gc,phases   ] GC(6)   Evacuate Collection Set: 13.3ms
[2021-04-20T02:26:56.758+0000][7][gc,phases   ] GC(6)   Post Evacuate Collection Set: 0.5ms
[2021-04-20T02:26:56.758+0000][7][gc,phases   ] GC(6)   Other: 0.2ms
[2021-04-20T02:26:56.758+0000][7][gc,heap     ] GC(6) Eden regions: 35->0(35)
[2021-04-20T02:26:56.758+0000][7][gc,heap     ] GC(6) Survivor regions: 3->3(5)
[2021-04-20T02:26:56.758+0000][7][gc,heap     ] GC(6) Old regions: 1->2
[2021-04-20T02:26:56.758+0000][7][gc,heap     ] GC(6) Archive regions: 2->2
[2021-04-20T02:26:56.758+0000][7][gc,heap     ] GC(6) Humongous regions: 0->0
[2021-04-20T02:26:56.758+0000][7][gc,metaspace] GC(6) Metaspace: 19216K(20224K)->19216K(20224K) NonClass: 16914K(17664K)->16914K(17664K) Class: 2302K(2560K)->2302K(2560K)
[2021-04-20T02:26:56.758+0000][7][gc          ] GC(6) Pause Young (Normal) (G1 Evacuation Pause) 157M->20M(256M) 14.237ms
[2021-04-20T02:26:56.758+0000][7][gc,cpu      ] GC(6) User=0.07s Sys=0.00s Real=0.02s
[2021-04-20T02:26:56.758+0000][7][safepoint   ] Safepoint "G1CollectForAllocation", Time since last: 347899427 ns, Reaching safepoint: 85702 ns, At safepoint: 14308988 ns, Total: 14394690 ns
[2021-04-20T02:26:57.057+0000][7][gc,start    ] GC(7) Pause Young (Normal) (G1 Evacuation Pause)
[2021-04-20T02:26:57.057+0000][7][gc,task     ] GC(7) Using 6 workers of 8 for evacuation
[2021-04-20T02:26:57.057+0000][7][gc,age      ] GC(7) Desired survivor size 10485760 bytes, new threshold 5 (max threshold 15)
[2021-04-20T02:26:57.068+0000][7][gc,age      ] GC(7) Age table with threshold 5 (max threshold 15)
[2021-04-20T02:26:57.068+0000][7][gc,age      ] GC(7) - age   1:     510176 bytes,     510176 total
[2021-04-20T02:26:57.068+0000][7][gc,age      ] GC(7) - age   2:    1208752 bytes,    1718928 total
[2021-04-20T02:26:57.068+0000][7][gc,age      ] GC(7) - age   3:    1509728 bytes,    3228656 total
[2021-04-20T02:26:57.068+0000][7][gc,age      ] GC(7) - age   4:    1820568 bytes,    5049224 total
[2021-04-20T02:26:57.068+0000][7][gc,age      ] GC(7) - age   5:    2997888 bytes,    8047112 total
[2021-04-20T02:26:57.068+0000][7][gc,phases   ] GC(7)   Pre Evacuate Collection Set: 0.1ms
[2021-04-20T02:26:57.068+0000][7][gc,phases   ] GC(7)   Merge Heap Roots: 0.1ms
[2021-04-20T02:26:57.068+0000][7][gc,phases   ] GC(7)   Evacuate Collection Set: 9.4ms
[2021-04-20T02:26:57.068+0000][7][gc,phases   ] GC(7)   Post Evacuate Collection Set: 1.0ms
[2021-04-20T02:26:57.068+0000][7][gc,phases   ] GC(7)   Other: 0.3ms
[2021-04-20T02:26:57.068+0000][7][gc,heap     ] GC(7) Eden regions: 35->0(35)
[2021-04-20T02:26:57.068+0000][7][gc,heap     ] GC(7) Survivor regions: 3->3(5)
[2021-04-20T02:26:57.068+0000][7][gc,heap     ] GC(7) Old regions: 2->2
[2021-04-20T02:26:57.068+0000][7][gc,heap     ] GC(7) Archive regions: 2->2
[2021-04-20T02:26:57.068+0000][7][gc,heap     ] GC(7) Humongous regions: 0->0
[2021-04-20T02:26:57.068+0000][7][gc,metaspace] GC(7) Metaspace: 19391K(20480K)->19391K(20480K) NonClass: 17056K(17920K)->17056K(17920K) Class: 2334K(2560K)->2334K(2560K)
[2021-04-20T02:26:57.068+0000][7][gc          ] GC(7) Pause Young (Normal) (G1 Evacuation Pause) 160M->19M(256M) 10.842ms
[2021-04-20T02:26:57.068+0000][7][gc,cpu      ] GC(7) User=0.04s Sys=0.00s Real=0.01s
[2021-04-20T02:26:57.068+0000][7][safepoint   ] Safepoint "G1CollectForAllocation", Time since last: 298743366 ns, Reaching safepoint: 713936 ns, At safepoint: 11037770 ns, Total: 11751706 ns
[2021-04-20T02:26:57.294+0000][7][gc,start    ] GC(8) Pause Young (Normal) (G1 Evacuation Pause)
[2021-04-20T02:26:57.294+0000][7][gc,task     ] GC(8) Using 6 workers of 8 for evacuation
[2021-04-20T02:26:57.294+0000][7][gc,age      ] GC(8) Desired survivor size 10485760 bytes, new threshold 15 (max threshold 15)
[2021-04-20T02:26:57.300+0000][7][gc,age      ] GC(8) Age table with threshold 15 (max threshold 15)
[2021-04-20T02:26:57.300+0000][7][gc,age      ] GC(8) - age   1:     987632 bytes,     987632 total
[2021-04-20T02:26:57.300+0000][7][gc,age      ] GC(8) - age   2:     305352 bytes,    1292984 total
[2021-04-20T02:26:57.300+0000][7][gc,age      ] GC(8) - age   3:    1208752 bytes,    2501736 total
[2021-04-20T02:26:57.300+0000][7][gc,age      ] GC(8) - age   4:    1509728 bytes,    4011464 total
[2021-04-20T02:26:57.300+0000][7][gc,age      ] GC(8) - age   5:    1820568 bytes,    5832032 total
[2021-04-20T02:26:57.300+0000][7][gc,age      ] GC(8) - age   6:    2997888 bytes,    8829920 total
[2021-04-20T02:26:57.300+0000][7][gc,phases   ] GC(8)   Pre Evacuate Collection Set: 0.0ms
[2021-04-20T02:26:57.300+0000][7][gc,phases   ] GC(8)   Merge Heap Roots: 0.0ms
[2021-04-20T02:26:57.300+0000][7][gc,phases   ] GC(8)   Evacuate Collection Set: 5.5ms
[2021-04-20T02:26:57.300+0000][7][gc,phases   ] GC(8)   Post Evacuate Collection Set: 0.4ms
[2021-04-20T02:26:57.300+0000][7][gc,phases   ] GC(8)   Other: 0.2ms
[2021-04-20T02:26:57.300+0000][7][gc,heap     ] GC(8) Eden regions: 35->0(35)
[2021-04-20T02:26:57.300+0000][7][gc,heap     ] GC(8) Survivor regions: 3->3(5)
[2021-04-20T02:26:57.300+0000][7][gc,heap     ] GC(8) Old regions: 2->2
[2021-04-20T02:26:57.300+0000][7][gc,heap     ] GC(8) Archive regions: 2->2
[2021-04-20T02:26:57.300+0000][7][gc,heap     ] GC(8) Humongous regions: 0->0
[2021-04-20T02:26:57.300+0000][7][gc,metaspace] GC(8) Metaspace: 19576K(20608K)->19576K(20608K) NonClass: 17206K(17920K)->17206K(17920K) Class: 2369K(2688K)->2369K(2688K)
[2021-04-20T02:26:57.300+0000][7][gc          ] GC(8) Pause Young (Normal) (G1 Evacuation Pause) 159M->19M(256M) 6.135ms
[2021-04-20T02:26:57.300+0000][7][gc,cpu      ] GC(8) User=0.02s Sys=0.00s Real=0.01s
[2021-04-20T02:26:57.300+0000][7][safepoint   ] Safepoint "G1CollectForAllocation", Time since last: 225594609 ns, Reaching safepoint: 113747 ns, At safepoint: 6195162 ns, Total: 6308909 ns
[2021-04-20T02:26:57.506+0000][7][gc,start    ] GC(9) Pause Young (Normal) (G1 Evacuation Pause)
[2021-04-20T02:26:57.506+0000][7][gc,task     ] GC(9) Using 6 workers of 8 for evacuation
[2021-04-20T02:26:57.506+0000][7][gc,age      ] GC(9) Desired survivor size 10485760 bytes, new threshold 15 (max threshold 15)
[2021-04-20T02:26:57.513+0000][7][gc,age      ] GC(9) Age table with threshold 15 (max threshold 15)
[2021-04-20T02:26:57.513+0000][7][gc,age      ] GC(9) - age   1:     907112 bytes,     907112 total
[2021-04-20T02:26:57.513+0000][7][gc,age      ] GC(9) - age   2:     243592 bytes,    1150704 total
[2021-04-20T02:26:57.513+0000][7][gc,age      ] GC(9) - age   3:     305200 bytes,    1455904 total
[2021-04-20T02:26:57.513+0000][7][gc,age      ] GC(9) - age   4:    1208752 bytes,    2664656 total
[2021-04-20T02:26:57.513+0000][7][gc,age      ] GC(9) - age   5:    1509056 bytes,    4173712 total
[2021-04-20T02:26:57.513+0000][7][gc,age      ] GC(9) - age   6:    1820568 bytes,    5994280 total
[2021-04-20T02:26:57.513+0000][7][gc,age      ] GC(9) - age   7:    2997472 bytes,    8991752 total
[2021-04-20T02:26:57.513+0000][7][gc,phases   ] GC(9)   Pre Evacuate Collection Set: 0.0ms
[2021-04-20T02:26:57.513+0000][7][gc,phases   ] GC(9)   Merge Heap Roots: 0.0ms
[2021-04-20T02:26:57.513+0000][7][gc,phases   ] GC(9)   Evacuate Collection Set: 6.4ms
[2021-04-20T02:26:57.513+0000][7][gc,phases   ] GC(9)   Post Evacuate Collection Set: 0.4ms
[2021-04-20T02:26:57.513+0000][7][gc,phases   ] GC(9)   Other: 0.2ms
[2021-04-20T02:26:57.513+0000][7][gc,heap     ] GC(9) Eden regions: 35->0(35)
[2021-04-20T02:26:57.513+0000][7][gc,heap     ] GC(9) Survivor regions: 3->3(5)
[2021-04-20T02:26:57.513+0000][7][gc,heap     ] GC(9) Old regions: 2->2
[2021-04-20T02:26:57.513+0000][7][gc,heap     ] GC(9) Archive regions: 2->2
[2021-04-20T02:26:57.513+0000][7][gc,heap     ] GC(9) Humongous regions: 0->0
[2021-04-20T02:26:57.513+0000][7][gc,metaspace] GC(9) Metaspace: 19644K(20864K)->19644K(20864K) NonClass: 17261K(18176K)->17261K(18176K) Class: 2382K(2688K)->2382K(2688K)
[2021-04-20T02:26:57.513+0000][7][gc          ] GC(9) Pause Young (Normal) (G1 Evacuation Pause) 159M->20M(256M) 7.125ms
[2021-04-20T02:26:57.513+0000][7][gc,cpu      ] GC(9) User=0.03s Sys=0.00s Real=0.00s
[2021-04-20T02:26:57.513+0000][7][safepoint   ] Safepoint "G1CollectForAllocation", Time since last: 205984172 ns, Reaching safepoint: 71959 ns, At safepoint: 7185563 ns, Total: 7257522 ns
[2021-04-20T02:26:57.768+0000][7][gc,start    ] GC(10) Pause Young (Normal) (G1 Evacuation Pause)
[2021-04-20T02:26:57.768+0000][7][gc,task     ] GC(10) Using 6 workers of 8 for evacuation
[2021-04-20T02:26:57.768+0000][7][gc,age      ] GC(10) Desired survivor size 10485760 bytes, new threshold 15 (max threshold 15)
[2021-04-20T02:26:57.773+0000][7][gc,age      ] GC(10) Age table with threshold 15 (max threshold 15)
[2021-04-20T02:26:57.773+0000][7][gc,age      ] GC(10) - age   1:    1776224 bytes,    1776224 total
[2021-04-20T02:26:57.773+0000][7][gc,age      ] GC(10) - age   2:     412144 bytes,    2188368 total
[2021-04-20T02:26:57.773+0000][7][gc,age      ] GC(10) - age   3:     243528 bytes,    2431896 total
[2021-04-20T02:26:57.773+0000][7][gc,age      ] GC(10) - age   4:     305136 bytes,    2737032 total
[2021-04-20T02:26:57.773+0000][7][gc,age      ] GC(10) - age   5:    1208752 bytes,    3945784 total
[2021-04-20T02:26:57.773+0000][7][gc,age      ] GC(10) - age   6:    1508016 bytes,    5453800 total
[2021-04-20T02:26:57.773+0000][7][gc,age      ] GC(10) - age   7:    1820504 bytes,    7274304 total
[2021-04-20T02:26:57.773+0000][7][gc,age      ] GC(10) - age   8:    2997032 bytes,   10271336 total
[2021-04-20T02:26:57.773+0000][7][gc,phases   ] GC(10)   Pre Evacuate Collection Set: 0.0ms
[2021-04-20T02:26:57.773+0000][7][gc,phases   ] GC(10)   Merge Heap Roots: 0.0ms
[2021-04-20T02:26:57.773+0000][7][gc,phases   ] GC(10)   Evacuate Collection Set: 4.2ms
[2021-04-20T02:26:57.773+0000][7][gc,phases   ] GC(10)   Post Evacuate Collection Set: 0.3ms
[2021-04-20T02:26:57.773+0000][7][gc,phases   ] GC(10)   Other: 0.2ms
[2021-04-20T02:26:57.773+0000][7][gc,heap     ] GC(10) Eden regions: 35->0(35)
[2021-04-20T02:26:57.773+0000][7][gc,heap     ] GC(10) Survivor regions: 3->3(5)
[2021-04-20T02:26:57.773+0000][7][gc,heap     ] GC(10) Old regions: 2->2
[2021-04-20T02:26:57.773+0000][7][gc,heap     ] GC(10) Archive regions: 2->2
[2021-04-20T02:26:57.773+0000][7][gc,heap     ] GC(10) Humongous regions: 0->0
[2021-04-20T02:26:57.773+0000][7][gc,metaspace] GC(10) Metaspace: 20122K(21296K)->20122K(21296K) NonClass: 17670K(18608K)->17670K(18608K) Class: 2451K(2688K)->2451K(2688K)
[2021-04-20T02:26:57.773+0000][7][gc          ] GC(10) Pause Young (Normal) (G1 Evacuation Pause) 160M->21M(256M) 4.848ms
[2021-04-20T02:26:57.773+0000][7][gc,cpu      ] GC(10) User=0.02s Sys=0.00s Real=0.00s
[2021-04-20T02:26:57.773+0000][7][safepoint   ] Safepoint "G1CollectForAllocation", Time since last: 254871805 ns, Reaching safepoint: 135585 ns, At safepoint: 4918733 ns, Total: 5054318 ns
[2021-04-20T02:26:57.776+0000][7][gc,start    ] GC(11) Pause Young (Concurrent Start) (Metadata GC Threshold)
[2021-04-20T02:26:57.776+0000][7][gc,task     ] GC(11) Using 6 workers of 8 for evacuation
[2021-04-20T02:26:57.776+0000][7][gc,age      ] GC(11) Desired survivor size 10485760 bytes, new threshold 15 (max threshold 15)
[2021-04-20T02:26:57.783+0000][7][gc,age      ] GC(11) Age table with threshold 15 (max threshold 15)
[2021-04-20T02:26:57.783+0000][7][gc,age      ] GC(11) - age   1:      29240 bytes,      29240 total
[2021-04-20T02:26:57.783+0000][7][gc,age      ] GC(11) - age   2:    1776120 bytes,    1805360 total
[2021-04-20T02:26:57.783+0000][7][gc,age      ] GC(11) - age   3:     412144 bytes,    2217504 total
[2021-04-20T02:26:57.783+0000][7][gc,age      ] GC(11) - age   4:     243528 bytes,    2461032 total
[2021-04-20T02:26:57.783+0000][7][gc,age      ] GC(11) - age   5:     305136 bytes,    2766168 total
[2021-04-20T02:26:57.783+0000][7][gc,age      ] GC(11) - age   6:    1208752 bytes,    3974920 total
[2021-04-20T02:26:57.783+0000][7][gc,age      ] GC(11) - age   7:    1508016 bytes,    5482936 total
[2021-04-20T02:26:57.783+0000][7][gc,age      ] GC(11) - age   8:    1820504 bytes,    7303440 total
[2021-04-20T02:26:57.783+0000][7][gc,age      ] GC(11) - age   9:    2997032 bytes,   10300472 total
[2021-04-20T02:26:57.783+0000][7][gc,phases   ] GC(11)   Pre Evacuate Collection Set: 0.1ms
[2021-04-20T02:26:57.783+0000][7][gc,phases   ] GC(11)   Merge Heap Roots: 0.0ms
[2021-04-20T02:26:57.783+0000][7][gc,phases   ] GC(11)   Evacuate Collection Set: 6.3ms
[2021-04-20T02:26:57.783+0000][7][gc,phases   ] GC(11)   Post Evacuate Collection Set: 0.3ms
[2021-04-20T02:26:57.783+0000][7][gc,phases   ] GC(11)   Other: 0.3ms
[2021-04-20T02:26:57.783+0000][7][gc,heap     ] GC(11) Eden regions: 1->0(35)
[2021-04-20T02:26:57.783+0000][7][gc,heap     ] GC(11) Survivor regions: 3->3(5)
[2021-04-20T02:26:57.783+0000][7][gc,heap     ] GC(11) Old regions: 2->2
[2021-04-20T02:26:57.783+0000][7][gc,heap     ] GC(11) Archive regions: 2->2
[2021-04-20T02:26:57.783+0000][7][gc,heap     ] GC(11) Humongous regions: 0->0
[2021-04-20T02:26:57.783+0000][7][gc,metaspace] GC(11) Metaspace: 20148K(21296K)->20148K(21296K) NonClass: 17695K(18608K)->17695K(18608K) Class: 2453K(2688K)->2453K(2688K)
[2021-04-20T02:26:57.783+0000][7][gc          ] GC(11) Pause Young (Concurrent Start) (Metadata GC Threshold) 23M->21M(256M) 7.134ms
[2021-04-20T02:26:57.783+0000][7][gc,cpu      ] GC(11) User=0.02s Sys=0.00s Real=0.01s
[2021-04-20T02:26:57.783+0000][7][gc          ] GC(12) Concurrent Cycle
[2021-04-20T02:26:57.783+0000][7][gc,marking  ] GC(12) Concurrent Clear Claimed Marks
[2021-04-20T02:26:57.783+0000][7][gc,marking  ] GC(12) Concurrent Clear Claimed Marks 0.029ms
[2021-04-20T02:26:57.783+0000][7][gc,marking  ] GC(12) Concurrent Scan Root Regions
[2021-04-20T02:26:57.783+0000][7][safepoint   ] Safepoint "CollectForMetadataAllocation", Time since last: 2581677 ns, Reaching safepoint: 58160 ns, At safepoint: 7376418 ns, Total: 7434578 ns
[2021-04-20T02:26:57.791+0000][7][gc,marking  ] GC(12) Concurrent Scan Root Regions 8.173ms
[2021-04-20T02:26:57.791+0000][7][gc,marking  ] GC(12) Concurrent Mark (5.950s)
[2021-04-20T02:26:57.791+0000][7][gc,marking  ] GC(12) Concurrent Mark From Roots
[2021-04-20T02:26:57.791+0000][7][gc,task     ] GC(12) Using 2 workers of 2 for marking
[2021-04-20T02:26:57.807+0000][7][gc,marking  ] GC(12) Concurrent Mark From Roots 15.975ms
[2021-04-20T02:26:57.807+0000][7][gc,marking  ] GC(12) Concurrent Preclean
[2021-04-20T02:26:57.808+0000][7][gc,marking  ] GC(12) Concurrent Preclean 0.193ms
[2021-04-20T02:26:57.808+0000][7][gc,marking  ] GC(12) Concurrent Mark (5.950s, 5.966s) 16.243ms
[2021-04-20T02:26:57.808+0000][7][gc,start    ] GC(12) Pause Remark
[2021-04-20T02:26:57.814+0000][7][gc          ] GC(12) Pause Remark 31M->31M(256M) 6.290ms
[2021-04-20T02:26:57.814+0000][7][gc,cpu      ] GC(12) User=0.01s Sys=0.00s Real=0.00s
[2021-04-20T02:26:57.814+0000][7][safepoint   ] Safepoint "G1Concurrent", Time since last: 24404612 ns, Reaching safepoint: 137980 ns, At safepoint: 6375110 ns, Total: 6513090 ns
[2021-04-20T02:26:57.816+0000][7][gc,marking  ] GC(12) Concurrent Rebuild Remembered Sets
[2021-04-20T02:26:57.826+0000][7][gc,marking  ] GC(12) Concurrent Rebuild Remembered Sets 9.830ms
[2021-04-20T02:26:57.827+0000][7][gc,start    ] GC(12) Pause Cleanup
[2021-04-20T02:26:57.827+0000][7][gc          ] GC(12) Pause Cleanup 35M->35M(256M) 0.289ms
[2021-04-20T02:26:57.827+0000][7][gc,cpu      ] GC(12) User=0.00s Sys=0.00s Real=0.00s
[2021-04-20T02:26:57.827+0000][7][safepoint   ] Safepoint "G1Concurrent", Time since last: 11881862 ns, Reaching safepoint: 432928 ns, At safepoint: 529129 ns, Total: 962057 ns
[2021-04-20T02:26:57.827+0000][7][gc,marking  ] GC(12) Concurrent Cleanup for Next Mark
[2021-04-20T02:26:57.827+0000][7][gc,marking  ] GC(12) Concurrent Cleanup for Next Mark 0.174ms
[2021-04-20T02:26:57.827+0000][7][gc          ] GC(12) Concurrent Cycle 44.161ms
[2021-04-20T02:26:58.049+0000][7][gc,start    ] GC(13) Pause Young (Normal) (G1 Evacuation Pause)
[2021-04-20T02:26:58.049+0000][7][gc,task     ] GC(13) Using 6 workers of 8 for evacuation
[2021-04-20T02:26:58.049+0000][7][gc,age      ] GC(13) Desired survivor size 10485760 bytes, new threshold 15 (max threshold 15)
[2021-04-20T02:26:58.057+0000][7][gc,age      ] GC(13) Age table with threshold 15 (max threshold 15)
[2021-04-20T02:26:58.057+0000][7][gc,age      ] GC(13) - age   1:    2068176 bytes,    2068176 total
[2021-04-20T02:26:58.057+0000][7][gc,age      ] GC(13) - age   2:       7576 bytes,    2075752 total
[2021-04-20T02:26:58.057+0000][7][gc,age      ] GC(13) - age   3:    1756976 bytes,    3832728 total
[2021-04-20T02:26:58.057+0000][7][gc,age      ] GC(13) - age   4:     411152 bytes,    4243880 total
[2021-04-20T02:26:58.057+0000][7][gc,age      ] GC(13) - age   5:     243528 bytes,    4487408 total
[2021-04-20T02:26:58.057+0000][7][gc,age      ] GC(13) - age   6:     304864 bytes,    4792272 total
[2021-04-20T02:26:58.057+0000][7][gc,age      ] GC(13) - age   7:    1208752 bytes,    6001024 total
[2021-04-20T02:26:58.057+0000][7][gc,age      ] GC(13) - age   8:    1508016 bytes,    7509040 total
[2021-04-20T02:26:58.057+0000][7][gc,age      ] GC(13) - age   9:    1820504 bytes,    9329544 total
[2021-04-20T02:26:58.058+0000][7][gc,age      ] GC(13) - age  10:    2997032 bytes,   12326576 total
[2021-04-20T02:26:58.058+0000][7][gc,phases   ] GC(13)   Pre Evacuate Collection Set: 0.0ms
[2021-04-20T02:26:58.058+0000][7][gc,phases   ] GC(13)   Merge Heap Roots: 0.0ms
[2021-04-20T02:26:58.058+0000][7][gc,phases   ] GC(13)   Evacuate Collection Set: 7.8ms
[2021-04-20T02:26:58.058+0000][7][gc,phases   ] GC(13)   Post Evacuate Collection Set: 0.4ms
[2021-04-20T02:26:58.058+0000][7][gc,phases   ] GC(13)   Other: 0.2ms
[2021-04-20T02:26:58.058+0000][7][gc,heap     ] GC(13) Eden regions: 35->0(34)
[2021-04-20T02:26:58.058+0000][7][gc,heap     ] GC(13) Survivor regions: 3->4(5)
[2021-04-20T02:26:58.058+0000][7][gc,heap     ] GC(13) Old regions: 2->2
[2021-04-20T02:26:58.058+0000][7][gc,heap     ] GC(13) Archive regions: 2->2
[2021-04-20T02:26:58.058+0000][7][gc,heap     ] GC(13) Humongous regions: 0->0
[2021-04-20T02:26:58.058+0000][7][gc,metaspace] GC(13) Metaspace: 20207K(21552K)->20207K(21552K) NonClass: 17743K(18864K)->17743K(18864K) Class: 2464K(2688K)->2464K(2688K)
[2021-04-20T02:26:58.058+0000][7][gc          ] GC(13) Pause Young (Normal) (G1 Evacuation Pause) 161M->23M(256M) 8.591ms
[2021-04-20T02:26:58.058+0000][7][gc,cpu      ] GC(13) User=0.03s Sys=0.00s Real=0.01s
[2021-04-20T02:26:58.058+0000][7][safepoint   ] Safepoint "G1CollectForAllocation", Time since last: 221857156 ns, Reaching safepoint: 110042 ns, At safepoint: 8655819 ns, Total: 8765861 ns
[2021-04-20T02:26:58.251+0000][7][gc,start    ] GC(14) Pause Young (Normal) (G1 Evacuation Pause)
[2021-04-20T02:26:58.251+0000][7][gc,task     ] GC(14) Using 6 workers of 8 for evacuation
[2021-04-20T02:26:58.251+0000][7][gc,age      ] GC(14) Desired survivor size 10485760 bytes, new threshold 10 (max threshold 15)
[2021-04-20T02:26:58.257+0000][7][gc,age      ] GC(14) Age table with threshold 10 (max threshold 15)
[2021-04-20T02:26:58.257+0000][7][gc,age      ] GC(14) - age   1:    1684848 bytes,    1684848 total
[2021-04-20T02:26:58.257+0000][7][gc,age      ] GC(14) - age   2:     501936 bytes,    2186784 total
[2021-04-20T02:26:58.257+0000][7][gc,age      ] GC(14) - age   3:       7576 bytes,    2194360 total
[2021-04-20T02:26:58.257+0000][7][gc,age      ] GC(14) - age   4:    1756976 bytes,    3951336 total
[2021-04-20T02:26:58.257+0000][7][gc,age      ] GC(14) - age   5:     410936 bytes,    4362272 total
[2021-04-20T02:26:58.257+0000][7][gc,age      ] GC(14) - age   6:     243528 bytes,    4605800 total
[2021-04-20T02:26:58.257+0000][7][gc,age      ] GC(14) - age   7:     304592 bytes,    4910392 total
[2021-04-20T02:26:58.257+0000][7][gc,age      ] GC(14) - age   8:    1208752 bytes,    6119144 total
[2021-04-20T02:26:58.257+0000][7][gc,age      ] GC(14) - age   9:    1508016 bytes,    7627160 total
[2021-04-20T02:26:58.257+0000][7][gc,age      ] GC(14) - age  10:    1820504 bytes,    9447664 total
[2021-04-20T02:26:58.257+0000][7][gc,phases   ] GC(14)   Pre Evacuate Collection Set: 0.0ms
[2021-04-20T02:26:58.257+0000][7][gc,phases   ] GC(14)   Merge Heap Roots: 0.0ms
[2021-04-20T02:26:58.257+0000][7][gc,phases   ] GC(14)   Evacuate Collection Set: 5.5ms
[2021-04-20T02:26:58.257+0000][7][gc,phases   ] GC(14)   Post Evacuate Collection Set: 0.4ms
[2021-04-20T02:26:58.257+0000][7][gc,phases   ] GC(14)   Other: 0.2ms
[2021-04-20T02:26:58.257+0000][7][gc,heap     ] GC(14) Eden regions: 34->0(35)
[2021-04-20T02:26:58.257+0000][7][gc,heap     ] GC(14) Survivor regions: 4->3(5)
[2021-04-20T02:26:58.257+0000][7][gc,heap     ] GC(14) Old regions: 2->3
[2021-04-20T02:26:58.257+0000][7][gc,heap     ] GC(14) Archive regions: 2->2
[2021-04-20T02:26:58.257+0000][7][gc,heap     ] GC(14) Humongous regions: 0->0
[2021-04-20T02:26:58.257+0000][7][gc,metaspace] GC(14) Metaspace: 20241K(21680K)->20241K(21680K) NonClass: 17768K(18864K)->17768K(18864K) Class: 2473K(2816K)->2473K(2816K)
[2021-04-20T02:26:58.257+0000][7][gc          ] GC(14) Pause Young (Normal) (G1 Evacuation Pause) 159M->23M(256M) 6.140ms
[2021-04-20T02:26:58.257+0000][7][gc,cpu      ] GC(14) User=0.02s Sys=0.01s Real=0.01s
[2021-04-20T02:26:58.257+0000][7][safepoint   ] Safepoint "G1CollectForAllocation", Time since last: 193245577 ns, Reaching safepoint: 70393 ns, At safepoint: 6197068 ns, Total: 6267461 ns
[2021-04-20T02:26:58.998+0000][7][safepoint   ] Safepoint "ICBufferFull", Time since last: 741033492 ns, Reaching safepoint: 137199 ns, At safepoint: 7662 ns, Total: 144861 ns
[2021-04-20T02:26:59.731+0000][7][safepoint   ] Safepoint "ICBufferFull", Time since last: 732190942 ns, Reaching safepoint: 182831 ns, At safepoint: 8723 ns, Total: 191554 ns
[2021-04-20T02:26:59.989+0000][7][gc,start    ] GC(15) Pause Young (Normal) (G1 Evacuation Pause)
[2021-04-20T02:26:59.989+0000][7][gc,task     ] GC(15) Using 6 workers of 8 for evacuation
[2021-04-20T02:26:59.989+0000][7][gc,age      ] GC(15) Desired survivor size 10485760 bytes, new threshold 15 (max threshold 15)
[2021-04-20T02:27:00.003+0000][7][gc,age      ] GC(15) Age table with threshold 15 (max threshold 15)
[2021-04-20T02:27:00.003+0000][7][gc,age      ] GC(15) - age   1:   12590600 bytes,   12590600 total
[2021-04-20T02:27:00.003+0000][7][gc,age      ] GC(15) - age   2:     291480 bytes,   12882080 total
[2021-04-20T02:27:00.003+0000][7][gc,age      ] GC(15) - age   3:     501496 bytes,   13383576 total
[2021-04-20T02:27:00.003+0000][7][gc,age      ] GC(15) - age   4:       7576 bytes,   13391152 total
[2021-04-20T02:27:00.003+0000][7][gc,age      ] GC(15) - age   5:    1752520 bytes,   15143672 total
[2021-04-20T02:27:00.003+0000][7][gc,age      ] GC(15) - age   6:     410376 bytes,   15554048 total
[2021-04-20T02:27:00.003+0000][7][gc,age      ] GC(15) - age   7:     243096 bytes,   15797144 total
[2021-04-20T02:27:00.003+0000][7][gc,age      ] GC(15) - age   8:     297416 bytes,   16094560 total
[2021-04-20T02:27:00.003+0000][7][gc,age      ] GC(15) - age   9:    1205904 bytes,   17300464 total
[2021-04-20T02:27:00.003+0000][7][gc,age      ] GC(15) - age  10:    1504352 bytes,   18804816 total
[2021-04-20T02:27:00.003+0000][7][gc,age      ] GC(15) - age  11:    1815232 bytes,   20620048 total
[2021-04-20T02:27:00.003+0000][7][gc,phases   ] GC(15)   Pre Evacuate Collection Set: 0.0ms
[2021-04-20T02:27:00.003+0000][7][gc,phases   ] GC(15)   Merge Heap Roots: 0.0ms
[2021-04-20T02:27:00.003+0000][7][gc,phases   ] GC(15)   Evacuate Collection Set: 13.3ms
[2021-04-20T02:27:00.003+0000][7][gc,phases   ] GC(15)   Post Evacuate Collection Set: 1.0ms
[2021-04-20T02:27:00.003+0000][7][gc,phases   ] GC(15)   Other: 0.3ms
[2021-04-20T02:27:00.003+0000][7][gc,heap     ] GC(15) Eden regions: 35->0(33)
[2021-04-20T02:27:00.003+0000][7][gc,heap     ] GC(15) Survivor regions: 3->5(5)
[2021-04-20T02:27:00.003+0000][7][gc,heap     ] GC(15) Old regions: 3->3
[2021-04-20T02:27:00.003+0000][7][gc,heap     ] GC(15) Archive regions: 2->2
[2021-04-20T02:27:00.003+0000][7][gc,heap     ] GC(15) Humongous regions: 0->0
[2021-04-20T02:27:00.003+0000][7][gc,metaspace] GC(15) Metaspace: 29968K(31920K)->29968K(31920K) NonClass: 26227K(27568K)->26227K(27568K) Class: 3741K(4352K)->3741K(4352K)
[2021-04-20T02:27:00.003+0000][7][gc          ] GC(15) Pause Young (Normal) (G1 Evacuation Pause) 163M->34M(256M) 14.751ms
[2021-04-20T02:27:00.003+0000][7][gc,cpu      ] GC(15) User=0.08s Sys=0.00s Real=0.01s
[2021-04-20T02:27:00.003+0000][7][safepoint   ] Safepoint "G1CollectForAllocation", Time since last: 257594275 ns, Reaching safepoint: 217741 ns, At safepoint: 14827448 ns, Total: 15045189 ns
[2021-04-20T02:27:01.004+0000][7][safepoint   ] Safepoint "Cleanup", Time since last: 1000097927 ns, Reaching safepoint: 110532 ns, At safepoint: 8218 ns, Total: 118750 ns
[2021-04-20T02:27:01.095+0000][7][gc,start    ] GC(16) Pause Young (Normal) (G1 Evacuation Pause)
[2021-04-20T02:27:01.095+0000][7][gc,task     ] GC(16) Using 6 workers of 8 for evacuation
[2021-04-20T02:27:01.095+0000][7][gc,age      ] GC(16) Desired survivor size 10485760 bytes, new threshold 1 (max threshold 15)
[2021-04-20T02:27:01.128+0000][7][gc,age      ] GC(16) Age table with threshold 1 (max threshold 15)
[2021-04-20T02:27:01.128+0000][7][gc,age      ] GC(16) - age   1:   16699624 bytes,   16699624 total
[2021-04-20T02:27:01.128+0000][7][gc,phases   ] GC(16)   Pre Evacuate Collection Set: 0.1ms
[2021-04-20T02:27:01.128+0000][7][gc,phases   ] GC(16)   Merge Heap Roots: 0.1ms
[2021-04-20T02:27:01.128+0000][7][gc,phases   ] GC(16)   Evacuate Collection Set: 33.2ms
[2021-04-20T02:27:01.128+0000][7][gc,phases   ] GC(16)   Post Evacuate Collection Set: 0.5ms
[2021-04-20T02:27:01.129+0000][7][gc,phases   ] GC(16)   Other: 0.2ms
[2021-04-20T02:27:01.129+0000][7][gc,heap     ] GC(16) Eden regions: 33->0(32)
[2021-04-20T02:27:01.129+0000][7][gc,heap     ] GC(16) Survivor regions: 5->5(5)
[2021-04-20T02:27:01.129+0000][7][gc,heap     ] GC(16) Old regions: 3->8
[2021-04-20T02:27:01.129+0000][7][gc,heap     ] GC(16) Archive regions: 2->2
[2021-04-20T02:27:01.129+0000][7][gc,heap     ] GC(16) Humongous regions: 0->0
[2021-04-20T02:27:01.129+0000][7][gc,metaspace] GC(16) Metaspace: 30019K(32176K)->30019K(32176K) NonClass: 26273K(27824K)->26273K(27824K) Class: 3745K(4352K)->3745K(4352K)
[2021-04-20T02:27:01.129+0000][7][gc          ] GC(16) Pause Young (Normal) (G1 Evacuation Pause) 166M->51M(256M) 34.079ms
[2021-04-20T02:27:01.129+0000][7][gc,cpu      ] GC(16) User=0.19s Sys=0.00s Real=0.04s
[2021-04-20T02:27:01.129+0000][7][safepoint   ] Safepoint "G1CollectForAllocation", Time since last: 90775510 ns, Reaching safepoint: 73305 ns, At safepoint: 34158622 ns, Total: 34231927 ns
[2021-04-20T02:27:01.746+0000][7][gc,start    ] GC(17) Pause Young (Concurrent Start) (Metadata GC Threshold)
[2021-04-20T02:27:01.746+0000][7][gc,task     ] GC(17) Using 6 workers of 8 for evacuation
[2021-04-20T02:27:01.746+0000][7][gc,age      ] GC(17) Desired survivor size 10485760 bytes, new threshold 1 (max threshold 15)
[2021-04-20T02:27:01.761+0000][7][gc,age      ] GC(17) Age table with threshold 1 (max threshold 15)
[2021-04-20T02:27:01.761+0000][7][gc,age      ] GC(17) - age   1:    9377312 bytes,    9377312 total
[2021-04-20T02:27:01.761+0000][7][gc,phases   ] GC(17)   Pre Evacuate Collection Set: 0.1ms
[2021-04-20T02:27:01.761+0000][7][gc,phases   ] GC(17)   Merge Heap Roots: 0.0ms
[2021-04-20T02:27:01.761+0000][7][gc,phases   ] GC(17)   Evacuate Collection Set: 13.8ms
[2021-04-20T02:27:01.761+0000][7][gc,phases   ] GC(17)   Post Evacuate Collection Set: 0.4ms
[2021-04-20T02:27:01.761+0000][7][gc,phases   ] GC(17)   Other: 0.2ms
[2021-04-20T02:27:01.761+0000][7][gc,heap     ] GC(17) Eden regions: 17->0(28)
[2021-04-20T02:27:01.761+0000][7][gc,heap     ] GC(17) Survivor regions: 5->3(5)
[2021-04-20T02:27:01.761+0000][7][gc,heap     ] GC(17) Old regions: 8->12
[2021-04-20T02:27:01.761+0000][7][gc,heap     ] GC(17) Archive regions: 2->2
[2021-04-20T02:27:01.761+0000][7][gc,heap     ] GC(17) Humongous regions: 0->0
[2021-04-20T02:27:01.761+0000][7][gc,metaspace] GC(17) Metaspace: 33824K(35888K)->33824K(35888K) NonClass: 29454K(30896K)->29454K(30896K) Class: 4369K(4992K)->4369K(4992K)
[2021-04-20T02:27:01.761+0000][7][gc          ] GC(17) Pause Young (Concurrent Start) (Metadata GC Threshold) 119M->60M(256M) 14.568ms
[2021-04-20T02:27:01.761+0000][7][gc,cpu      ] GC(17) User=0.08s Sys=0.01s Real=0.01s
[2021-04-20T02:27:01.761+0000][7][gc          ] GC(18) Concurrent Cycle
[2021-04-20T02:27:01.761+0000][7][gc,marking  ] GC(18) Concurrent Clear Claimed Marks
[2021-04-20T02:27:01.761+0000][7][gc,marking  ] GC(18) Concurrent Clear Claimed Marks 0.048ms
[2021-04-20T02:27:01.761+0000][7][gc,marking  ] GC(18) Concurrent Scan Root Regions
[2021-04-20T02:27:01.761+0000][7][safepoint   ] Safepoint "CollectForMetadataAllocation", Time since last: 617169701 ns, Reaching safepoint: 271351 ns, At safepoint: 14769733 ns, Total: 15041084 ns
[2021-04-20T02:27:01.776+0000][7][gc,marking  ] GC(18) Concurrent Scan Root Regions 14.997ms
[2021-04-20T02:27:01.776+0000][7][gc,marking  ] GC(18) Concurrent Mark (9.934s)
[2021-04-20T02:27:01.776+0000][7][gc,marking  ] GC(18) Concurrent Mark From Roots
[2021-04-20T02:27:01.776+0000][7][gc,task     ] GC(18) Using 2 workers of 2 for marking
[2021-04-20T02:27:01.781+0000][7][safepoint   ] Safepoint "CollectForMetadataAllocation", Time since last: 19714370 ns, Reaching safepoint: 91092 ns, At safepoint: 141332 ns, Total: 232424 ns
[2021-04-20T02:27:01.793+0000][7][safepoint   ] Safepoint "CollectForMetadataAllocation", Time since last: 12344948 ns, Reaching safepoint: 103605 ns, At safepoint: 141234 ns, Total: 244839 ns
[2021-04-20T02:27:01.809+0000][7][gc,marking  ] GC(18) Concurrent Mark From Roots 33.212ms
[2021-04-20T02:27:01.809+0000][7][gc,marking  ] GC(18) Concurrent Preclean
[2021-04-20T02:27:01.809+0000][7][gc,marking  ] GC(18) Concurrent Preclean 0.240ms
[2021-04-20T02:27:01.809+0000][7][gc,marking  ] GC(18) Concurrent Mark (9.934s, 9.968s) 33.539ms
[2021-04-20T02:27:01.810+0000][7][gc,start    ] GC(18) Pause Remark
[2021-04-20T02:27:01.812+0000][7][gc          ] GC(18) Pause Remark 64M->64M(256M) 2.177ms
[2021-04-20T02:27:01.812+0000][7][gc,cpu      ] GC(18) User=0.01s Sys=0.00s Real=0.00s
[2021-04-20T02:27:01.812+0000][7][safepoint   ] Safepoint "G1Concurrent", Time since last: 16062790 ns, Reaching safepoint: 136211 ns, At safepoint: 2234905 ns, Total: 2371116 ns
[2021-04-20T02:27:01.812+0000][7][gc,marking  ] GC(18) Concurrent Rebuild Remembered Sets
[2021-04-20T02:27:01.858+0000][7][gc,marking  ] GC(18) Concurrent Rebuild Remembered Sets 45.777ms
[2021-04-20T02:27:01.858+0000][7][gc,start    ] GC(18) Pause Cleanup
[2021-04-20T02:27:01.858+0000][7][gc          ] GC(18) Pause Cleanup 68M->68M(256M) 0.062ms
[2021-04-20T02:27:01.858+0000][7][gc,cpu      ] GC(18) User=0.00s Sys=0.00s Real=0.00s
[2021-04-20T02:27:01.858+0000][7][safepoint   ] Safepoint "G1Concurrent", Time since last: 45859156 ns, Reaching safepoint: 305452 ns, At safepoint: 99976 ns, Total: 405428 ns
[2021-04-20T02:27:01.858+0000][7][gc,marking  ] GC(18) Concurrent Cleanup for Next Mark
[2021-04-20T02:27:01.858+0000][7][gc,marking  ] GC(18) Concurrent Cleanup for Next Mark 0.310ms
[2021-04-20T02:27:01.858+0000][7][gc          ] GC(18) Concurrent Cycle 97.733ms
[2021-04-20T02:27:02.024+0000][7][gc,start    ] GC(19) Pause Young (Concurrent Start) (G1 Evacuation Pause)
[2021-04-20T02:27:02.024+0000][7][gc,task     ] GC(19) Using 6 workers of 8 for evacuation
[2021-04-20T02:27:02.024+0000][7][gc,age      ] GC(19) Desired survivor size 8388608 bytes, new threshold 1 (max threshold 15)
[2021-04-20T02:27:02.032+0000][7][gc,age      ] GC(19) Age table with threshold 1 (max threshold 15)
[2021-04-20T02:27:02.032+0000][7][gc,age      ] GC(19) - age   1:     767992 bytes,     767992 total
[2021-04-20T02:27:02.032+0000][7][gc,phases   ] GC(19)   Pre Evacuate Collection Set: 0.1ms
[2021-04-20T02:27:02.032+0000][7][gc,phases   ] GC(19)   Merge Heap Roots: 0.0ms
[2021-04-20T02:27:02.032+0000][7][gc,phases   ] GC(19)   Evacuate Collection Set: 7.0ms
[2021-04-20T02:27:02.032+0000][7][gc,phases   ] GC(19)   Post Evacuate Collection Set: 0.4ms
[2021-04-20T02:27:02.032+0000][7][gc,phases   ] GC(19)   Other: 0.2ms
[2021-04-20T02:27:02.032+0000][7][gc,heap     ] GC(19) Eden regions: 28->0(29)
[2021-04-20T02:27:02.032+0000][7][gc,heap     ] GC(19) Survivor regions: 3->1(4)
[2021-04-20T02:27:02.032+0000][7][gc,heap     ] GC(19) Old regions: 12->15
[2021-04-20T02:27:02.032+0000][7][gc,heap     ] GC(19) Archive regions: 2->2
[2021-04-20T02:27:02.032+0000][7][gc,heap     ] GC(19) Humongous regions: 0->0
[2021-04-20T02:27:02.032+0000][7][gc,metaspace] GC(19) Metaspace: 36019K(38324K)->36019K(38324K) NonClass: 31436K(33096K)->31436K(33096K) Class: 4582K(5228K)->4582K(5228K)
[2021-04-20T02:27:02.032+0000][7][gc          ] GC(19) Pause Young (Concurrent Start) (G1 Evacuation Pause) 172M->62M(256M) 7.814ms
[2021-04-20T02:27:02.032+0000][7][gc,cpu      ] GC(19) User=0.05s Sys=0.00s Real=0.01s
[2021-04-20T02:27:02.032+0000][7][gc          ] GC(20) Concurrent Cycle
[2021-04-20T02:27:02.032+0000][7][safepoint   ] Safepoint "G1CollectForAllocation", Time since last: 165709999 ns, Reaching safepoint: 142602 ns, At safepoint: 7881385 ns, Total: 8023987 ns
[2021-04-20T02:27:02.032+0000][7][gc,marking  ] GC(20) Concurrent Clear Claimed Marks
[2021-04-20T02:27:02.032+0000][7][gc,marking  ] GC(20) Concurrent Clear Claimed Marks 0.079ms
[2021-04-20T02:27:02.032+0000][7][gc,marking  ] GC(20) Concurrent Scan Root Regions
[2021-04-20T02:27:02.039+0000][7][gc,marking  ] GC(20) Concurrent Scan Root Regions 7.228ms
[2021-04-20T02:27:02.039+0000][7][gc,marking  ] GC(20) Concurrent Mark (10.197s)
[2021-04-20T02:27:02.039+0000][7][gc,marking  ] GC(20) Concurrent Mark From Roots
[2021-04-20T02:27:02.039+0000][7][gc,task     ] GC(20) Using 2 workers of 2 for marking
[2021-04-20T02:27:02.111+0000][7][gc,marking  ] GC(20) Concurrent Mark From Roots 71.913ms
[2021-04-20T02:27:02.111+0000][7][gc,marking  ] GC(20) Concurrent Preclean
[2021-04-20T02:27:02.111+0000][7][gc,marking  ] GC(20) Concurrent Preclean 0.246ms
[2021-04-20T02:27:02.111+0000][7][gc,marking  ] GC(20) Concurrent Mark (10.197s, 10.270s) 72.232ms
[2021-04-20T02:27:02.112+0000][7][gc,start    ] GC(20) Pause Remark
[2021-04-20T02:27:02.115+0000][7][gc          ] GC(20) Pause Remark 66M->66M(256M) 3.197ms
[2021-04-20T02:27:02.115+0000][7][gc,cpu      ] GC(20) User=0.02s Sys=0.00s Real=0.00s
[2021-04-20T02:27:02.115+0000][7][safepoint   ] Safepoint "G1Concurrent", Time since last: 79659693 ns, Reaching safepoint: 136311 ns, At safepoint: 3263051 ns, Total: 3399362 ns
[2021-04-20T02:27:02.115+0000][7][gc,marking  ] GC(20) Concurrent Rebuild Remembered Sets
[2021-04-20T02:27:02.176+0000][7][gc,marking  ] GC(20) Concurrent Rebuild Remembered Sets 60.754ms
[2021-04-20T02:27:02.176+0000][7][gc,start    ] GC(20) Pause Cleanup
[2021-04-20T02:27:02.176+0000][7][gc          ] GC(20) Pause Cleanup 74M->74M(256M) 0.067ms
[2021-04-20T02:27:02.176+0000][7][gc,cpu      ] GC(20) User=0.00s Sys=0.00s Real=0.00s
[2021-04-20T02:27:02.176+0000][7][safepoint   ] Safepoint "G1Concurrent", Time since last: 60849247 ns, Reaching safepoint: 194318 ns, At safepoint: 111480 ns, Total: 305798 ns
[2021-04-20T02:27:02.176+0000][7][gc,marking  ] GC(20) Concurrent Cleanup for Next Mark
[2021-04-20T02:27:02.176+0000][7][gc,marking  ] GC(20) Concurrent Cleanup for Next Mark 0.206ms
[2021-04-20T02:27:02.176+0000][7][gc          ] GC(20) Concurrent Cycle 144.489ms
[2021-04-20T02:27:03.730+0000][7][gc,start    ] GC(21) Pause Young (Normal) (G1 Evacuation Pause)
[2021-04-20T02:27:03.730+0000][7][gc,task     ] GC(21) Using 6 workers of 8 for evacuation
[2021-04-20T02:27:03.731+0000][7][gc,age      ] GC(21) Desired survivor size 8388608 bytes, new threshold 15 (max threshold 15)
[2021-04-20T02:27:03.749+0000][7][gc,age      ] GC(21) Age table with threshold 15 (max threshold 15)
[2021-04-20T02:27:03.749+0000][7][gc,age      ] GC(21) - age   1:    5848712 bytes,    5848712 total
[2021-04-20T02:27:03.749+0000][7][gc,age      ] GC(21) - age   2:     701448 bytes,    6550160 total
[2021-04-20T02:27:03.749+0000][7][gc,phases   ] GC(21)   Pre Evacuate Collection Set: 0.1ms
[2021-04-20T02:27:03.749+0000][7][gc,phases   ] GC(21)   Merge Heap Roots: 0.1ms
[2021-04-20T02:27:03.749+0000][7][gc,phases   ] GC(21)   Evacuate Collection Set: 16.7ms
[2021-04-20T02:27:03.749+0000][7][gc,phases   ] GC(21)   Post Evacuate Collection Set: 2.0ms
[2021-04-20T02:27:03.750+0000][7][gc,phases   ] GC(21)   Other: 0.2ms
[2021-04-20T02:27:03.750+0000][7][gc,heap     ] GC(21) Eden regions: 29->0(28)
[2021-04-20T02:27:03.750+0000][7][gc,heap     ] GC(21) Survivor regions: 1->2(4)
[2021-04-20T02:27:03.750+0000][7][gc,heap     ] GC(21) Old regions: 15->15
[2021-04-20T02:27:03.750+0000][7][gc,heap     ] GC(21) Archive regions: 2->2
[2021-04-20T02:27:03.750+0000][7][gc,heap     ] GC(21) Humongous regions: 0->0
[2021-04-20T02:27:03.750+0000][7][gc,metaspace] GC(21) Metaspace: 51840K(54964K)->51840K(54964K) NonClass: 44910K(47176K)->44910K(47176K) Class: 6929K(7788K)->6929K(7788K)
[2021-04-20T02:27:03.750+0000][7][gc          ] GC(21) Pause Young (Normal) (G1 Evacuation Pause) 178M->67M(256M) 19.175ms
[2021-04-20T02:27:03.750+0000][7][gc,cpu      ] GC(21) User=0.10s Sys=0.00s Real=0.02s
[2021-04-20T02:27:03.751+0000][7][safepoint   ] Safepoint "G1CollectForAllocation", Time since last: 1554191435 ns, Reaching safepoint: 174558 ns, At safepoint: 20728315 ns, Total: 20902873 ns
[2021-04-20T02:27:03.970+0000][7][safepoint   ] Safepoint "ICBufferFull", Time since last: 218352402 ns, Reaching safepoint: 170824 ns, At safepoint: 8439 ns, Total: 179263 ns
[2021-04-20T02:27:04.928+0000][7][safepoint   ] Safepoint "ICBufferFull", Time since last: 958305723 ns, Reaching safepoint: 250911 ns, At safepoint: 9018 ns, Total: 259929 ns
[2021-04-20T02:27:05.020+0000][7][gc,start    ] GC(22) Pause Young (Normal) (G1 Evacuation Pause)
[2021-04-20T02:27:05.020+0000][7][gc,task     ] GC(22) Using 6 workers of 8 for evacuation
[2021-04-20T02:27:05.020+0000][7][gc,age      ] GC(22) Desired survivor size 8388608 bytes, new threshold 15 (max threshold 15)
[2021-04-20T02:27:05.033+0000][7][gc,age      ] GC(22) Age table with threshold 15 (max threshold 15)
[2021-04-20T02:27:05.033+0000][7][gc,age      ] GC(22) - age   1:    3239528 bytes,    3239528 total
[2021-04-20T02:27:05.033+0000][7][gc,age      ] GC(22) - age   2:    5621776 bytes,    8861304 total
[2021-04-20T02:27:05.033+0000][7][gc,age      ] GC(22) - age   3:     701288 bytes,    9562592 total
[2021-04-20T02:27:05.033+0000][7][gc,phases   ] GC(22)   Pre Evacuate Collection Set: 0.1ms
[2021-04-20T02:27:05.033+0000][7][gc,phases   ] GC(22)   Merge Heap Roots: 0.1ms
[2021-04-20T02:27:05.033+0000][7][gc,phases   ] GC(22)   Evacuate Collection Set: 11.9ms
[2021-04-20T02:27:05.033+0000][7][gc,phases   ] GC(22)   Post Evacuate Collection Set: 0.6ms
[2021-04-20T02:27:05.033+0000][7][gc,phases   ] GC(22)   Other: 0.2ms
[2021-04-20T02:27:05.033+0000][7][gc,heap     ] GC(22) Eden regions: 28->0(28)
[2021-04-20T02:27:05.033+0000][7][gc,heap     ] GC(22) Survivor regions: 2->3(4)
[2021-04-20T02:27:05.033+0000][7][gc,heap     ] GC(22) Old regions: 15->15
[2021-04-20T02:27:05.033+0000][7][gc,heap     ] GC(22) Archive regions: 2->2
[2021-04-20T02:27:05.033+0000][7][gc,heap     ] GC(22) Humongous regions: 0->0
[2021-04-20T02:27:05.033+0000][7][gc,metaspace] GC(22) Metaspace: 57108K(60596K)->57108K(60596K) NonClass: 49605K(52040K)->49605K(52040K) Class: 7502K(8556K)->7502K(8556K)
[2021-04-20T02:27:05.033+0000][7][gc          ] GC(22) Pause Young (Normal) (G1 Evacuation Pause) 179M->70M(256M) 12.921ms
[2021-04-20T02:27:05.033+0000][7][gc,cpu      ] GC(22) User=0.05s Sys=0.00s Real=0.01s
[2021-04-20T02:27:05.033+0000][7][safepoint   ] Safepoint "G1CollectForAllocation", Time since last: 92005731 ns, Reaching safepoint: 93670 ns, At safepoint: 12993519 ns, Total: 13087189 ns
[2021-04-20T02:27:05.443+0000][7][gc,start    ] GC(23) Pause Young (Concurrent Start) (Metadata GC Threshold)
[2021-04-20T02:27:05.443+0000][7][gc,task     ] GC(23) Using 6 workers of 8 for evacuation
[2021-04-20T02:27:05.443+0000][7][gc,age      ] GC(23) Desired survivor size 8388608 bytes, new threshold 2 (max threshold 15)
[2021-04-20T02:27:05.453+0000][7][gc,age      ] GC(23) Age table with threshold 2 (max threshold 15)
[2021-04-20T02:27:05.453+0000][7][gc,age      ] GC(23) - age   1:    2682888 bytes,    2682888 total
[2021-04-20T02:27:05.453+0000][7][gc,age      ] GC(23) - age   2:    3171536 bytes,    5854424 total
[2021-04-20T02:27:05.453+0000][7][gc,phases   ] GC(23)   Pre Evacuate Collection Set: 0.1ms
[2021-04-20T02:27:05.453+0000][7][gc,phases   ] GC(23)   Merge Heap Roots: 0.1ms
[2021-04-20T02:27:05.453+0000][7][gc,phases   ] GC(23)   Evacuate Collection Set: 8.4ms
[2021-04-20T02:27:05.453+0000][7][gc,phases   ] GC(23)   Post Evacuate Collection Set: 0.5ms
[2021-04-20T02:27:05.453+0000][7][gc,phases   ] GC(23)   Other: 0.2ms
[2021-04-20T02:27:05.453+0000][7][gc,heap     ] GC(23) Eden regions: 7->0(26)
[2021-04-20T02:27:05.453+0000][7][gc,heap     ] GC(23) Survivor regions: 3->2(4)
[2021-04-20T02:27:05.453+0000][7][gc,heap     ] GC(23) Old regions: 15->16
[2021-04-20T02:27:05.453+0000][7][gc,heap     ] GC(23) Archive regions: 2->2
[2021-04-20T02:27:05.453+0000][7][gc,heap     ] GC(23) Humongous regions: 0->0
[2021-04-20T02:27:05.453+0000][7][gc,metaspace] GC(23) Metaspace: 60603K(63796K)->60603K(63796K) NonClass: 52626K(54856K)->52626K(54856K) Class: 7976K(8940K)->7976K(8940K)
[2021-04-20T02:27:05.453+0000][7][gc          ] GC(23) Pause Young (Concurrent Start) (Metadata GC Threshold) 97M->73M(256M) 9.307ms
[2021-04-20T02:27:05.453+0000][7][gc,cpu      ] GC(23) User=0.06s Sys=0.00s Real=0.01s
[2021-04-20T02:27:05.453+0000][7][gc          ] GC(24) Concurrent Cycle
[2021-04-20T02:27:05.453+0000][7][gc,marking  ] GC(24) Concurrent Clear Claimed Marks
[2021-04-20T02:27:05.453+0000][7][gc,marking  ] GC(24) Concurrent Clear Claimed Marks 0.052ms
[2021-04-20T02:27:05.453+0000][7][gc,marking  ] GC(24) Concurrent Scan Root Regions
[2021-04-20T02:27:05.453+0000][7][safepoint   ] Safepoint "CollectForMetadataAllocation", Time since last: 409842716 ns, Reaching safepoint: 239409 ns, At safepoint: 9495456 ns, Total: 9734865 ns
[2021-04-20T02:27:05.462+0000][7][gc,marking  ] GC(24) Concurrent Scan Root Regions 9.332ms
[2021-04-20T02:27:05.462+0000][7][gc,marking  ] GC(24) Concurrent Mark (13.620s)
[2021-04-20T02:27:05.462+0000][7][gc,marking  ] GC(24) Concurrent Mark From Roots
[2021-04-20T02:27:05.462+0000][7][gc,task     ] GC(24) Using 2 workers of 2 for marking
[2021-04-20T02:27:05.490+0000][7][safepoint   ] Safepoint "CollectForMetadataAllocation", Time since last: 36688715 ns, Reaching safepoint: 127566 ns, At safepoint: 162482 ns, Total: 290048 ns
[2021-04-20T02:27:05.518+0000][7][safepoint   ] Safepoint "CollectForMetadataAllocation", Time since last: 27817897 ns, Reaching safepoint: 146978 ns, At safepoint: 138858 ns, Total: 285836 ns
[2021-04-20T02:27:05.539+0000][7][gc,marking  ] GC(24) Concurrent Mark From Roots 77.268ms
[2021-04-20T02:27:05.540+0000][7][gc,marking  ] GC(24) Concurrent Preclean
[2021-04-20T02:27:05.540+0000][7][gc,marking  ] GC(24) Concurrent Preclean 0.355ms
[2021-04-20T02:27:05.540+0000][7][gc,marking  ] GC(24) Concurrent Mark (13.620s, 13.698s) 77.681ms
[2021-04-20T02:27:05.540+0000][7][gc,start    ] GC(24) Pause Remark
[2021-04-20T02:27:05.542+0000][7][gc          ] GC(24) Pause Remark 83M->83M(256M) 1.955ms
[2021-04-20T02:27:05.542+0000][7][gc,cpu      ] GC(24) User=0.01s Sys=0.00s Real=0.00s
[2021-04-20T02:27:05.542+0000][7][safepoint   ] Safepoint "G1Concurrent", Time since last: 21949606 ns, Reaching safepoint: 66609 ns, At safepoint: 2016914 ns, Total: 2083523 ns
[2021-04-20T02:27:05.542+0000][7][gc,marking  ] GC(24) Concurrent Rebuild Remembered Sets
[2021-04-20T02:27:05.606+0000][7][gc,marking  ] GC(24) Concurrent Rebuild Remembered Sets 63.715ms
[2021-04-20T02:27:05.606+0000][7][gc,start    ] GC(24) Pause Cleanup
[2021-04-20T02:27:05.606+0000][7][gc          ] GC(24) Pause Cleanup 87M->87M(256M) 0.071ms
[2021-04-20T02:27:05.606+0000][7][gc,cpu      ] GC(24) User=0.00s Sys=0.00s Real=0.00s
[2021-04-20T02:27:05.606+0000][7][safepoint   ] Safepoint "G1Concurrent", Time since last: 63788288 ns, Reaching safepoint: 551451 ns, At safepoint: 114011 ns, Total: 665462 ns
[2021-04-20T02:27:05.607+0000][7][gc,marking  ] GC(24) Concurrent Cleanup for Next Mark
[2021-04-20T02:27:05.607+0000][7][gc,marking  ] GC(24) Concurrent Cleanup for Next Mark 0.205ms
[2021-04-20T02:27:05.607+0000][7][gc          ] GC(24) Concurrent Cycle 154.004ms
[2021-04-20T02:27:06.608+0000][7][safepoint   ] Safepoint "Cleanup", Time since last: 1000167908 ns, Reaching safepoint: 1021869 ns, At safepoint: 10808 ns, Total: 1032677 ns
[2021-04-20T02:27:06.753+0000][7][gc,start    ] GC(25) Pause Young (Concurrent Start) (G1 Evacuation Pause)
[2021-04-20T02:27:06.753+0000][7][gc,task     ] GC(25) Using 6 workers of 8 for evacuation
[2021-04-20T02:27:06.753+0000][7][gc,age      ] GC(25) Desired survivor size 8388608 bytes, new threshold 15 (max threshold 15)
[2021-04-20T02:27:06.763+0000][7][gc,age      ] GC(25) Age table with threshold 15 (max threshold 15)
[2021-04-20T02:27:06.764+0000][7][gc,age      ] GC(25) - age   1:    5650640 bytes,    5650640 total
[2021-04-20T02:27:06.764+0000][7][gc,age      ] GC(25) - age   2:    2577600 bytes,    8228240 total
[2021-04-20T02:27:06.764+0000][7][gc,age      ] GC(25) - age   3:    3145392 bytes,   11373632 total
[2021-04-20T02:27:06.764+0000][7][gc,phases   ] GC(25)   Pre Evacuate Collection Set: 0.1ms
[2021-04-20T02:27:06.764+0000][7][gc,phases   ] GC(25)   Merge Heap Roots: 0.1ms
[2021-04-20T02:27:06.764+0000][7][gc,phases   ] GC(25)   Evacuate Collection Set: 8.9ms
[2021-04-20T02:27:06.764+0000][7][gc,phases   ] GC(25)   Post Evacuate Collection Set: 0.9ms
[2021-04-20T02:27:06.764+0000][7][gc,phases   ] GC(25)   Other: 0.2ms
[2021-04-20T02:27:06.764+0000][7][gc,heap     ] GC(25) Eden regions: 26->0(26)
[2021-04-20T02:27:06.764+0000][7][gc,heap     ] GC(25) Survivor regions: 2->3(4)
[2021-04-20T02:27:06.764+0000][7][gc,heap     ] GC(25) Old regions: 16->16
[2021-04-20T02:27:06.764+0000][7][gc,heap     ] GC(25) Archive regions: 2->2
[2021-04-20T02:27:06.764+0000][7][gc,heap     ] GC(25) Humongous regions: 0->0
[2021-04-20T02:27:06.764+0000][7][gc,metaspace] GC(25) Metaspace: 76603K(80104K)->76603K(80104K) NonClass: 66335K(68836K)->66335K(68836K) Class: 10268K(11268K)->10268K(11268K)
[2021-04-20T02:27:06.764+0000][7][gc          ] GC(25) Pause Young (Concurrent Start) (G1 Evacuation Pause) 177M->78M(256M) 10.228ms
[2021-04-20T02:27:06.764+0000][7][gc,cpu      ] GC(25) User=0.06s Sys=0.00s Real=0.01s
[2021-04-20T02:27:06.764+0000][7][gc          ] GC(26) Concurrent Cycle
[2021-04-20T02:27:06.764+0000][7][safepoint   ] Safepoint "G1CollectForAllocation", Time since last: 145655661 ns, Reaching safepoint: 69552 ns, At safepoint: 10295978 ns, Total: 10365530 ns
[2021-04-20T02:27:06.764+0000][7][gc,marking  ] GC(26) Concurrent Clear Claimed Marks
[2021-04-20T02:27:06.764+0000][7][gc,marking  ] GC(26) Concurrent Clear Claimed Marks 0.063ms
[2021-04-20T02:27:06.764+0000][7][gc,marking  ] GC(26) Concurrent Scan Root Regions
[2021-04-20T02:27:06.771+0000][7][gc,marking  ] GC(26) Concurrent Scan Root Regions 6.755ms
[2021-04-20T02:27:06.771+0000][7][gc,marking  ] GC(26) Concurrent Mark (14.929s)
[2021-04-20T02:27:06.771+0000][7][gc,marking  ] GC(26) Concurrent Mark From Roots
[2021-04-20T02:27:06.771+0000][7][gc,task     ] GC(26) Using 2 workers of 2 for marking
[2021-04-20T02:27:06.842+0000][7][gc,marking  ] GC(26) Concurrent Mark From Roots 71.782ms
[2021-04-20T02:27:06.842+0000][7][gc,marking  ] GC(26) Concurrent Preclean
[2021-04-20T02:27:06.843+0000][7][gc,marking  ] GC(26) Concurrent Preclean 0.237ms
[2021-04-20T02:27:06.843+0000][7][gc,marking  ] GC(26) Concurrent Mark (14.929s, 15.001s) 72.080ms
[2021-04-20T02:27:06.843+0000][7][gc,start    ] GC(26) Pause Remark
[2021-04-20T02:27:06.846+0000][7][gc          ] GC(26) Pause Remark 86M->86M(256M) 2.799ms
[2021-04-20T02:27:06.846+0000][7][gc,cpu      ] GC(26) User=0.02s Sys=0.00s Real=0.01s
[2021-04-20T02:27:06.846+0000][7][safepoint   ] Safepoint "G1Concurrent", Time since last: 79014918 ns, Reaching safepoint: 136951 ns, At safepoint: 2860839 ns, Total: 2997790 ns
[2021-04-20T02:27:06.846+0000][7][gc,marking  ] GC(26) Concurrent Rebuild Remembered Sets
[2021-04-20T02:27:06.896+0000][7][gc,marking  ] GC(26) Concurrent Rebuild Remembered Sets 50.551ms
[2021-04-20T02:27:06.897+0000][7][gc,start    ] GC(26) Pause Cleanup
[2021-04-20T02:27:06.897+0000][7][gc          ] GC(26) Pause Cleanup 92M->92M(256M) 0.074ms
[2021-04-20T02:27:06.897+0000][7][gc,cpu      ] GC(26) User=0.00s Sys=0.00s Real=0.00s
[2021-04-20T02:27:06.897+0000][7][safepoint   ] Safepoint "G1Concurrent", Time since last: 50665543 ns, Reaching safepoint: 299740 ns, At safepoint: 133127 ns, Total: 432867 ns
[2021-04-20T02:27:06.897+0000][7][gc,marking  ] GC(26) Concurrent Cleanup for Next Mark
[2021-04-20T02:27:06.897+0000][7][gc,marking  ] GC(26) Concurrent Cleanup for Next Mark 0.218ms
[2021-04-20T02:27:06.897+0000][7][gc          ] GC(26) Concurrent Cycle 133.421ms
[2021-04-20T02:27:07.496+0000][7][safepoint   ] Safepoint "ICBufferFull", Time since last: 599143251 ns, Reaching safepoint: 127885 ns, At safepoint: 7594 ns, Total: 135479 ns
[2021-04-20T02:27:07.961+0000][7][safepoint   ] Safepoint "ICBufferFull", Time since last: 464926503 ns, Reaching safepoint: 217054 ns, At safepoint: 9149 ns, Total: 226203 ns
[2021-04-20T02:27:08.098+0000][7][gc,start    ] GC(27) Pause Young (Normal) (G1 Evacuation Pause)
[2021-04-20T02:27:08.098+0000][7][gc,task     ] GC(27) Using 6 workers of 8 for evacuation
[2021-04-20T02:27:08.098+0000][7][gc,age      ] GC(27) Desired survivor size 8388608 bytes, new threshold 3 (max threshold 15)
[2021-04-20T02:27:08.115+0000][7][gc,age      ] GC(27) Age table with threshold 3 (max threshold 15)
[2021-04-20T02:27:08.115+0000][7][gc,age      ] GC(27) - age   1:    4869624 bytes,    4869624 total
[2021-04-20T02:27:08.115+0000][7][gc,age      ] GC(27) - age   2:    5102952 bytes,    9972576 total
[2021-04-20T02:27:08.115+0000][7][gc,age      ] GC(27) - age   3:    2568888 bytes,   12541464 total
[2021-04-20T02:27:08.115+0000][7][gc,phases   ] GC(27)   Pre Evacuate Collection Set: 0.0ms
[2021-04-20T02:27:08.115+0000][7][gc,phases   ] GC(27)   Merge Heap Roots: 0.1ms
[2021-04-20T02:27:08.115+0000][7][gc,phases   ] GC(27)   Evacuate Collection Set: 15.3ms
[2021-04-20T02:27:08.115+0000][7][gc,phases   ] GC(27)   Post Evacuate Collection Set: 0.9ms
[2021-04-20T02:27:08.115+0000][7][gc,phases   ] GC(27)   Other: 0.2ms
[2021-04-20T02:27:08.115+0000][7][gc,heap     ] GC(27) Eden regions: 26->0(25)
[2021-04-20T02:27:08.115+0000][7][gc,heap     ] GC(27) Survivor regions: 3->4(4)
[2021-04-20T02:27:08.115+0000][7][gc,heap     ] GC(27) Old regions: 16->17
[2021-04-20T02:27:08.115+0000][7][gc,heap     ] GC(27) Archive regions: 2->2
[2021-04-20T02:27:08.115+0000][7][gc,heap     ] GC(27) Humongous regions: 0->0
[2021-04-20T02:27:08.115+0000][7][gc,metaspace] GC(27) Metaspace: 85834K(89960K)->85834K(89960K) NonClass: 74250K(77284K)->74250K(77284K) Class: 11583K(12676K)->11583K(12676K)
[2021-04-20T02:27:08.115+0000][7][gc          ] GC(27) Pause Young (Normal) (G1 Evacuation Pause) 182M->82M(256M) 16.634ms
[2021-04-20T02:27:08.115+0000][7][gc,cpu      ] GC(27) User=0.12s Sys=0.00s Real=0.01s
[2021-04-20T02:27:08.115+0000][7][safepoint   ] Safepoint "G1CollectForAllocation", Time since last: 136686622 ns, Reaching safepoint: 209706 ns, At safepoint: 16724593 ns, Total: 16934299 ns
[2021-04-20T02:27:08.643+0000][7][gc,start    ] GC(28) Pause Young (Concurrent Start) (G1 Humongous Allocation)
[2021-04-20T02:27:08.643+0000][7][gc,task     ] GC(28) Using 6 workers of 8 for evacuation
[2021-04-20T02:27:08.643+0000][7][gc,age      ] GC(28) Desired survivor size 8388608 bytes, new threshold 2 (max threshold 15)
[2021-04-20T02:27:08.656+0000][7][gc,age      ] GC(28) Age table with threshold 2 (max threshold 15)
[2021-04-20T02:27:08.656+0000][7][gc,age      ] GC(28) - age   1:    2230248 bytes,    2230248 total
[2021-04-20T02:27:08.656+0000][7][gc,age      ] GC(28) - age   2:    3892904 bytes,    6123152 total
[2021-04-20T02:27:08.656+0000][7][gc,phases   ] GC(28)   Pre Evacuate Collection Set: 0.1ms
[2021-04-20T02:27:08.656+0000][7][gc,phases   ] GC(28)   Merge Heap Roots: 0.1ms
[2021-04-20T02:27:08.656+0000][7][gc,phases   ] GC(28)   Evacuate Collection Set: 12.2ms
[2021-04-20T02:27:08.656+0000][7][gc,phases   ] GC(28)   Post Evacuate Collection Set: 0.7ms
[2021-04-20T02:27:08.656+0000][7][gc,phases   ] GC(28)   Other: 0.2ms
[2021-04-20T02:27:08.656+0000][7][gc,heap     ] GC(28) Eden regions: 11->0(26)
[2021-04-20T02:27:08.656+0000][7][gc,heap     ] GC(28) Survivor regions: 4->2(4)
[2021-04-20T02:27:08.656+0000][7][gc,heap     ] GC(28) Old regions: 17->19
[2021-04-20T02:27:08.656+0000][7][gc,heap     ] GC(28) Archive regions: 2->2
[2021-04-20T02:27:08.656+0000][7][gc,heap     ] GC(28) Humongous regions: 0->0
[2021-04-20T02:27:08.656+0000][7][gc,metaspace] GC(28) Metaspace: 89352K(93672K)->89352K(93672K) NonClass: 77238K(80356K)->77238K(80356K) Class: 12113K(13316K)->12113K(13316K)
[2021-04-20T02:27:08.656+0000][7][gc          ] GC(28) Pause Young (Concurrent Start) (G1 Humongous Allocation) 123M->84M(256M) 13.464ms
[2021-04-20T02:27:08.656+0000][7][gc,cpu      ] GC(28) User=0.10s Sys=0.00s Real=0.01s
[2021-04-20T02:27:08.656+0000][7][gc          ] GC(29) Concurrent Cycle
[2021-04-20T02:27:08.656+0000][7][safepoint   ] Safepoint "G1TryInitiateConcMark", Time since last: 527415435 ns, Reaching safepoint: 201012 ns, At safepoint: 13567895 ns, Total: 13768907 ns
[2021-04-20T02:27:08.656+0000][7][gc,marking  ] GC(29) Concurrent Clear Claimed Marks
[2021-04-20T02:27:08.656+0000][7][gc,marking  ] GC(29) Concurrent Clear Claimed Marks 0.085ms
[2021-04-20T02:27:08.656+0000][7][gc,marking  ] GC(29) Concurrent Scan Root Regions
[2021-04-20T02:27:08.671+0000][7][gc,marking  ] GC(29) Concurrent Scan Root Regions 15.048ms
[2021-04-20T02:27:08.671+0000][7][gc,marking  ] GC(29) Concurrent Mark (16.829s)
[2021-04-20T02:27:08.671+0000][7][gc,marking  ] GC(29) Concurrent Mark From Roots
[2021-04-20T02:27:08.671+0000][7][gc,task     ] GC(29) Using 2 workers of 2 for marking
[2021-04-20T02:27:08.777+0000][7][gc,marking  ] GC(29) Concurrent Mark From Roots 105.528ms
[2021-04-20T02:27:08.777+0000][7][gc,marking  ] GC(29) Concurrent Preclean
[2021-04-20T02:27:08.777+0000][7][gc,marking  ] GC(29) Concurrent Preclean 0.260ms
[2021-04-20T02:27:08.777+0000][7][gc,marking  ] GC(29) Concurrent Mark (16.829s, 16.935s) 105.862ms
[2021-04-20T02:27:08.777+0000][7][gc,start    ] GC(29) Pause Remark
[2021-04-20T02:27:08.781+0000][7][gc          ] GC(29) Pause Remark 98M->98M(256M) 3.765ms
[2021-04-20T02:27:08.781+0000][7][gc,cpu      ] GC(29) User=0.02s Sys=0.00s Real=0.00s
[2021-04-20T02:27:08.781+0000][7][safepoint   ] Safepoint "G1Concurrent", Time since last: 121098674 ns, Reaching safepoint: 80523 ns, At safepoint: 3846258 ns, Total: 3926781 ns
[2021-04-20T02:27:08.781+0000][7][gc,marking  ] GC(29) Concurrent Rebuild Remembered Sets
[2021-04-20T02:27:08.857+0000][7][gc,marking  ] GC(29) Concurrent Rebuild Remembered Sets 76.154ms
[2021-04-20T02:27:08.858+0000][7][gc,start    ] GC(29) Pause Cleanup
[2021-04-20T02:27:08.858+0000][7][gc          ] GC(29) Pause Cleanup 102M->102M(256M) 0.067ms
[2021-04-20T02:27:08.858+0000][7][gc,cpu      ] GC(29) User=0.00s Sys=0.00s Real=0.00s
[2021-04-20T02:27:08.858+0000][7][safepoint   ] Safepoint "G1Concurrent", Time since last: 76232010 ns, Reaching safepoint: 252430 ns, At safepoint: 112347 ns, Total: 364777 ns
[2021-04-20T02:27:08.858+0000][7][gc,marking  ] GC(29) Concurrent Cleanup for Next Mark
[2021-04-20T02:27:08.858+0000][7][gc,marking  ] GC(29) Concurrent Cleanup for Next Mark 0.167ms
[2021-04-20T02:27:08.858+0000][7][gc          ] GC(29) Concurrent Cycle 201.847ms
[2021-04-20T02:27:09.065+0000][7][safepoint   ] Safepoint "ICBufferFull", Time since last: 206631211 ns, Reaching safepoint: 556129 ns, At safepoint: 21079 ns, Total: 577208 ns
[2021-04-20T02:27:09.330+0000][7][safepoint   ] Safepoint "ICBufferFull", Time since last: 265181620 ns, Reaching safepoint: 227611 ns, At safepoint: 11639 ns, Total: 239250 ns
[2021-04-20T02:27:09.642+0000][7][safepoint   ] Safepoint "ICBufferFull", Time since last: 311573432 ns, Reaching safepoint: 194742 ns, At safepoint: 11652 ns, Total: 206394 ns
[2021-04-20T02:27:09.716+0000][7][gc,start    ] GC(30) Pause Young (Normal) (G1 Evacuation Pause)
[2021-04-20T02:27:09.716+0000][7][gc,task     ] GC(30) Using 6 workers of 8 for evacuation
[2021-04-20T02:27:09.716+0000][7][gc,age      ] GC(30) Desired survivor size 8388608 bytes, new threshold 15 (max threshold 15)
[2021-04-20T02:27:09.733+0000][7][gc,age      ] GC(30) Age table with threshold 15 (max threshold 15)
[2021-04-20T02:27:09.734+0000][7][gc,age      ] GC(30) - age   1:   10910368 bytes,   10910368 total
[2021-04-20T02:27:09.734+0000][7][gc,age      ] GC(30) - age   2:    1989104 bytes,   12899472 total
[2021-04-20T02:27:09.734+0000][7][gc,age      ] GC(30) - age   3:    3851888 bytes,   16751360 total
[2021-04-20T02:27:09.734+0000][7][gc,phases   ] GC(30)   Pre Evacuate Collection Set: 0.0ms
[2021-04-20T02:27:09.734+0000][7][gc,phases   ] GC(30)   Merge Heap Roots: 0.1ms
[2021-04-20T02:27:09.734+0000][7][gc,phases   ] GC(30)   Evacuate Collection Set: 16.6ms
[2021-04-20T02:27:09.734+0000][7][gc,phases   ] GC(30)   Post Evacuate Collection Set: 0.7ms
[2021-04-20T02:27:09.734+0000][7][gc,phases   ] GC(30)   Other: 0.2ms
[2021-04-20T02:27:09.734+0000][7][gc,heap     ] GC(30) Eden regions: 26->0(19)
[2021-04-20T02:27:09.734+0000][7][gc,heap     ] GC(30) Survivor regions: 2->4(4)
[2021-04-20T02:27:09.734+0000][7][gc,heap     ] GC(30) Old regions: 19->21
[2021-04-20T02:27:09.734+0000][7][gc,heap     ] GC(30) Archive regions: 2->2
[2021-04-20T02:27:09.734+0000][7][gc,heap     ] GC(30) Humongous regions: 2->2
[2021-04-20T02:27:09.734+0000][7][gc,metaspace] GC(30) Metaspace: 94139K(98408K)->94139K(98408K) NonClass: 81324K(84452K)->81324K(84452K) Class: 12815K(13956K)->12815K(13956K)
[2021-04-20T02:27:09.734+0000][7][gc          ] GC(30) Pause Young (Normal) (G1 Evacuation Pause) 196M->108M(256M) 17.653ms
[2021-04-20T02:27:09.734+0000][7][gc,cpu      ] GC(30) User=0.12s Sys=0.01s Real=0.02s
[2021-04-20T02:27:09.734+0000][7][safepoint   ] Safepoint "G1CollectForAllocation", Time since last: 73814653 ns, Reaching safepoint: 87630 ns, At safepoint: 17730317 ns, Total: 17817947 ns
[2021-04-20T02:27:09.918+0000][7][safepoint   ] Safepoint "ICBufferFull", Time since last: 183702715 ns, Reaching safepoint: 280892 ns, At safepoint: 12153 ns, Total: 293045 ns
[2021-04-20T02:27:10.088+0000][7][safepoint   ] Safepoint "ICBufferFull", Time since last: 170332010 ns, Reaching safepoint: 257983 ns, At safepoint: 15692 ns, Total: 273675 ns
[2021-04-20T02:27:10.207+0000][7][gc,start    ] GC(31) Pause Young (Concurrent Start) (G1 Evacuation Pause)
[2021-04-20T02:27:10.207+0000][7][gc,task     ] GC(31) Using 6 workers of 8 for evacuation
[2021-04-20T02:27:10.207+0000][7][gc,age      ] GC(31) Desired survivor size 6291456 bytes, new threshold 1 (max threshold 15)
[2021-04-20T02:27:10.232+0000][7][gc,age      ] GC(31) Age table with threshold 1 (max threshold 15)
[2021-04-20T02:27:10.232+0000][7][gc,age      ] GC(31) - age   1:   12030936 bytes,   12030936 total
[2021-04-20T02:27:10.232+0000][7][gc,phases   ] GC(31)   Pre Evacuate Collection Set: 0.1ms
[2021-04-20T02:27:10.232+0000][7][gc,phases   ] GC(31)   Merge Heap Roots: 0.2ms
[2021-04-20T02:27:10.232+0000][7][gc,phases   ] GC(31)   Evacuate Collection Set: 23.3ms
[2021-04-20T02:27:10.232+0000][7][gc,phases   ] GC(31)   Post Evacuate Collection Set: 0.6ms
[2021-04-20T02:27:10.232+0000][7][gc,phases   ] GC(31)   Other: 0.3ms
[2021-04-20T02:27:10.232+0000][7][gc,heap     ] GC(31) Eden regions: 19->0(15)
[2021-04-20T02:27:10.232+0000][7][gc,heap     ] GC(31) Survivor regions: 4->3(3)
[2021-04-20T02:27:10.232+0000][7][gc,heap     ] GC(31) Old regions: 21->25
[2021-04-20T02:27:10.232+0000][7][gc,heap     ] GC(31) Archive regions: 2->2
[2021-04-20T02:27:10.232+0000][7][gc,heap     ] GC(31) Humongous regions: 2->2
[2021-04-20T02:27:10.232+0000][7][gc,metaspace] GC(31) Metaspace: 96515K(100712K)->96515K(100712K) NonClass: 83493K(86500K)->83493K(86500K) Class: 13022K(14212K)->13022K(14212K)
[2021-04-20T02:27:10.232+0000][7][gc          ] GC(31) Pause Young (Concurrent Start) (G1 Evacuation Pause) 184M->120M(256M) 24.597ms
[2021-04-20T02:27:10.232+0000][7][gc,cpu      ] GC(31) User=0.17s Sys=0.00s Real=0.02s
[2021-04-20T02:27:10.232+0000][7][gc          ] GC(32) Concurrent Cycle
[2021-04-20T02:27:10.232+0000][7][gc,marking  ] GC(32) Concurrent Clear Claimed Marks
[2021-04-20T02:27:10.232+0000][7][gc,marking  ] GC(32) Concurrent Clear Claimed Marks 0.085ms
[2021-04-20T02:27:10.232+0000][7][gc,marking  ] GC(32) Concurrent Scan Root Regions
[2021-04-20T02:27:10.236+0000][7][safepoint   ] Safepoint "G1CollectForAllocation", Time since last: 118712384 ns, Reaching safepoint: 221435 ns, At safepoint: 28989394 ns, Total: 29210829 ns
[2021-04-20T02:27:10.253+0000][7][gc,marking  ] GC(32) Concurrent Scan Root Regions 20.621ms
[2021-04-20T02:27:10.253+0000][7][gc,marking  ] GC(32) Concurrent Mark (18.411s)
[2021-04-20T02:27:10.253+0000][7][gc,marking  ] GC(32) Concurrent Mark From Roots
[2021-04-20T02:27:10.253+0000][7][gc,task     ] GC(32) Using 2 workers of 2 for marking
[2021-04-20T02:27:10.403+0000][7][gc,marking  ] GC(32) Concurrent Mark From Roots 150.044ms
[2021-04-20T02:27:10.403+0000][7][gc,marking  ] GC(32) Concurrent Preclean
[2021-04-20T02:27:10.403+0000][7][gc,marking  ] GC(32) Concurrent Preclean 0.274ms
[2021-04-20T02:27:10.403+0000][7][gc,marking  ] GC(32) Concurrent Mark (18.411s, 18.561s) 150.398ms
[2021-04-20T02:27:10.403+0000][7][gc,start    ] GC(32) Pause Remark
[2021-04-20T02:27:10.407+0000][7][gc          ] GC(32) Pause Remark 151M->147M(256M) 3.583ms
[2021-04-20T02:27:10.407+0000][7][gc,cpu      ] GC(32) User=0.02s Sys=0.00s Real=0.01s
[2021-04-20T02:27:10.407+0000][7][safepoint   ] Safepoint "G1Concurrent", Time since last: 166970533 ns, Reaching safepoint: 206885 ns, At safepoint: 3686397 ns, Total: 3893282 ns
[2021-04-20T02:27:10.412+0000][7][gc,marking  ] GC(32) Concurrent Rebuild Remembered Sets
[2021-04-20T02:27:10.524+0000][7][gc,marking  ] GC(32) Concurrent Rebuild Remembered Sets 111.727ms
[2021-04-20T02:27:10.524+0000][7][gc,start    ] GC(32) Pause Cleanup
[2021-04-20T02:27:10.524+0000][7][gc          ] GC(32) Pause Cleanup 171M->171M(256M) 0.078ms
[2021-04-20T02:27:10.524+0000][7][gc,cpu      ] GC(32) User=0.00s Sys=0.00s Real=0.00s
[2021-04-20T02:27:10.524+0000][7][safepoint   ] Safepoint "G1Concurrent", Time since last: 116953828 ns, Reaching safepoint: 250264 ns, At safepoint: 132229 ns, Total: 382493 ns
[2021-04-20T02:27:10.524+0000][7][gc,marking  ] GC(32) Concurrent Cleanup for Next Mark
[2021-04-20T02:27:10.525+0000][7][gc,marking  ] GC(32) Concurrent Cleanup for Next Mark 0.200ms
[2021-04-20T02:27:10.525+0000][7][gc          ] GC(32) Concurrent Cycle 292.727ms
[2021-04-20T02:27:10.555+0000][7][gc,start    ] GC(33) Pause Young (Normal) (G1 Evacuation Pause)
[2021-04-20T02:27:10.555+0000][7][gc,task     ] GC(33) Using 6 workers of 8 for evacuation
[2021-04-20T02:27:10.555+0000][7][gc,age      ] GC(33) Desired survivor size 6291456 bytes, new threshold 1 (max threshold 15)
[2021-04-20T02:27:10.572+0000][7][gc,age      ] GC(33) Age table with threshold 1 (max threshold 15)
[2021-04-20T02:27:10.572+0000][7][gc,age      ] GC(33) - age   1:    4976464 bytes,    4976464 total
[2021-04-20T02:27:10.572+0000][7][gc,phases   ] GC(33)   Pre Evacuate Collection Set: 0.1ms
[2021-04-20T02:27:10.572+0000][7][gc,phases   ] GC(33)   Merge Heap Roots: 0.1ms
[2021-04-20T02:27:10.572+0000][7][gc,phases   ] GC(33)   Evacuate Collection Set: 16.5ms
[2021-04-20T02:27:10.572+0000][7][gc,phases   ] GC(33)   Post Evacuate Collection Set: 0.7ms
[2021-04-20T02:27:10.572+0000][7][gc,phases   ] GC(33)   Other: 0.2ms
[2021-04-20T02:27:10.572+0000][7][gc,heap     ] GC(33) Eden regions: 15->0(16)
[2021-04-20T02:27:10.572+0000][7][gc,heap     ] GC(33) Survivor regions: 3->2(3)
[2021-04-20T02:27:10.572+0000][7][gc,heap     ] GC(33) Old regions: 24->25
[2021-04-20T02:27:10.572+0000][7][gc,heap     ] GC(33) Archive regions: 2->2
[2021-04-20T02:27:10.572+0000][7][gc,heap     ] GC(33) Humongous regions: 2->2
[2021-04-20T02:27:10.572+0000][7][gc,metaspace] GC(33) Metaspace: 97419K(101608K)->97419K(101608K) NonClass: 84275K(87268K)->84275K(87268K) Class: 13144K(14340K)->13144K(14340K)
[2021-04-20T02:27:10.572+0000][7][gc          ] GC(33) Pause Young (Normal) (G1 Evacuation Pause) 176M->116M(256M) 17.632ms
[2021-04-20T02:27:10.572+0000][7][gc,cpu      ] GC(33) User=0.10s Sys=0.00s Real=0.02s
[2021-04-20T02:27:10.572+0000][7][safepoint   ] Safepoint "G1CollectForAllocation", Time since last: 30022973 ns, Reaching safepoint: 186712 ns, At safepoint: 17734041 ns, Total: 17920753 ns
[2021-04-20T02:27:10.866+0000][7][gc,start    ] GC(34) Pause Young (Concurrent Start) (G1 Evacuation Pause)
[2021-04-20T02:27:10.866+0000][7][gc,task     ] GC(34) Using 6 workers of 8 for evacuation
[2021-04-20T02:27:10.866+0000][7][gc,age      ] GC(34) Desired survivor size 6291456 bytes, new threshold 15 (max threshold 15)
[2021-04-20T02:27:10.872+0000][7][gc,age      ] GC(34) Age table with threshold 15 (max threshold 15)
[2021-04-20T02:27:10.872+0000][7][gc,age      ] GC(34) - age   1:    2519096 bytes,    2519096 total
[2021-04-20T02:27:10.872+0000][7][gc,age      ] GC(34) - age   2:    4442024 bytes,    6961120 total
[2021-04-20T02:27:10.872+0000][7][gc,phases   ] GC(34)   Pre Evacuate Collection Set: 0.1ms
[2021-04-20T02:27:10.872+0000][7][gc,phases   ] GC(34)   Merge Heap Roots: 0.0ms
[2021-04-20T02:27:10.872+0000][7][gc,phases   ] GC(34)   Evacuate Collection Set: 5.3ms
[2021-04-20T02:27:10.872+0000][7][gc,phases   ] GC(34)   Post Evacuate Collection Set: 0.5ms
[2021-04-20T02:27:10.872+0000][7][gc,phases   ] GC(34)   Other: 0.2ms
[2021-04-20T02:27:10.872+0000][7][gc,heap     ] GC(34) Eden regions: 16->0(17)
[2021-04-20T02:27:10.872+0000][7][gc,heap     ] GC(34) Survivor regions: 2->2(3)
[2021-04-20T02:27:10.872+0000][7][gc,heap     ] GC(34) Old regions: 25->25
[2021-04-20T02:27:10.872+0000][7][gc,heap     ] GC(34) Archive regions: 2->2
[2021-04-20T02:27:10.872+0000][7][gc,heap     ] GC(34) Humongous regions: 2->2
[2021-04-20T02:27:10.872+0000][7][gc,metaspace] GC(34) Metaspace: 97785K(102120K)->97785K(102120K) NonClass: 84640K(87780K)->84640K(87780K) Class: 13145K(14340K)->13145K(14340K)
[2021-04-20T02:27:10.872+0000][7][gc          ] GC(34) Pause Young (Concurrent Start) (G1 Evacuation Pause) 180M->117M(256M) 6.197ms
[2021-04-20T02:27:10.872+0000][7][gc,cpu      ] GC(34) User=0.04s Sys=0.00s Real=0.00s
[2021-04-20T02:27:10.872+0000][7][gc          ] GC(35) Concurrent Cycle
[2021-04-20T02:27:10.872+0000][7][safepoint   ] Safepoint "G1CollectForAllocation", Time since last: 292871726 ns, Reaching safepoint: 302110 ns, At safepoint: 6290525 ns, Total: 6592635 ns
[2021-04-20T02:27:10.872+0000][7][gc,marking  ] GC(35) Concurrent Clear Claimed Marks
[2021-04-20T02:27:10.872+0000][7][gc,marking  ] GC(35) Concurrent Clear Claimed Marks 0.085ms
[2021-04-20T02:27:10.872+0000][7][gc,marking  ] GC(35) Concurrent Scan Root Regions
[2021-04-20T02:27:10.877+0000][7][gc,marking  ] GC(35) Concurrent Scan Root Regions 5.157ms
[2021-04-20T02:27:10.877+0000][7][gc,marking  ] GC(35) Concurrent Mark (19.035s)
[2021-04-20T02:27:10.877+0000][7][gc,marking  ] GC(35) Concurrent Mark From Roots
[2021-04-20T02:27:10.877+0000][7][gc,task     ] GC(35) Using 2 workers of 2 for marking
[2021-04-20T02:27:11.007+0000][7][gc,marking  ] GC(35) Concurrent Mark From Roots 129.812ms
[2021-04-20T02:27:11.007+0000][7][gc,marking  ] GC(35) Concurrent Preclean
[2021-04-20T02:27:11.007+0000][7][gc,marking  ] GC(35) Concurrent Preclean 0.213ms
[2021-04-20T02:27:11.007+0000][7][gc,marking  ] GC(35) Concurrent Mark (19.035s, 19.165s) 130.083ms
[2021-04-20T02:27:11.007+0000][7][gc,start    ] GC(35) Pause Remark
[2021-04-20T02:27:11.016+0000][7][gc          ] GC(35) Pause Remark 140M->140M(256M) 8.664ms
[2021-04-20T02:27:11.016+0000][7][gc,cpu      ] GC(35) User=0.05s Sys=0.00s Real=0.00s
[2021-04-20T02:27:11.016+0000][7][safepoint   ] Safepoint "G1Concurrent", Time since last: 135406054 ns, Reaching safepoint: 205227 ns, At safepoint: 8766399 ns, Total: 8971626 ns
[2021-04-20T02:27:11.016+0000][7][gc,marking  ] GC(35) Concurrent Rebuild Remembered Sets
[2021-04-20T02:27:11.106+0000][7][gc,marking  ] GC(35) Concurrent Rebuild Remembered Sets 89.798ms
[2021-04-20T02:27:11.106+0000][7][gc,start    ] GC(35) Pause Cleanup
[2021-04-20T02:27:11.106+0000][7][gc          ] GC(35) Pause Cleanup 151M->151M(256M) 0.091ms
[2021-04-20T02:27:11.106+0000][7][gc,cpu      ] GC(35) User=0.00s Sys=0.00s Real=0.00s
[2021-04-20T02:27:11.106+0000][7][safepoint   ] Safepoint "G1Concurrent", Time since last: 89939513 ns, Reaching safepoint: 204803 ns, At safepoint: 144036 ns, Total: 348839 ns
[2021-04-20T02:27:11.107+0000][7][gc,marking  ] GC(35) Concurrent Cleanup for Next Mark
[2021-04-20T02:27:11.107+0000][7][gc,marking  ] GC(35) Concurrent Cleanup for Next Mark 0.215ms
[2021-04-20T02:27:11.107+0000][7][gc          ] GC(35) Concurrent Cycle 234.951ms
[2021-04-20T02:27:11.290+0000][7][gc,start    ] GC(36) Pause Young (Normal) (G1 Evacuation Pause)
[2021-04-20T02:27:11.290+0000][7][gc,task     ] GC(36) Using 6 workers of 8 for evacuation
[2021-04-20T02:27:11.290+0000][7][gc,age      ] GC(36) Desired survivor size 6291456 bytes, new threshold 2 (max threshold 15)
[2021-04-20T02:27:11.296+0000][7][gc,age      ] GC(36) Age table with threshold 2 (max threshold 15)
[2021-04-20T02:27:11.296+0000][7][gc,age      ] GC(36) - age   1:     405560 bytes,     405560 total
[2021-04-20T02:27:11.296+0000][7][gc,age      ] GC(36) - age   2:    2357728 bytes,    2763288 total
[2021-04-20T02:27:11.296+0000][7][gc,phases   ] GC(36)   Pre Evacuate Collection Set: 0.0ms
[2021-04-20T02:27:11.296+0000][7][gc,phases   ] GC(36)   Merge Heap Roots: 0.0ms
[2021-04-20T02:27:11.296+0000][7][gc,phases   ] GC(36)   Evacuate Collection Set: 5.0ms
[2021-04-20T02:27:11.296+0000][7][gc,phases   ] GC(36)   Post Evacuate Collection Set: 0.4ms
[2021-04-20T02:27:11.296+0000][7][gc,phases   ] GC(36)   Other: 0.2ms
[2021-04-20T02:27:11.296+0000][7][gc,heap     ] GC(36) Eden regions: 17->0(18)
[2021-04-20T02:27:11.296+0000][7][gc,heap     ] GC(36) Survivor regions: 2->1(3)
[2021-04-20T02:27:11.296+0000][7][gc,heap     ] GC(36) Old regions: 25->26
[2021-04-20T02:27:11.296+0000][7][gc,heap     ] GC(36) Archive regions: 2->2
[2021-04-20T02:27:11.296+0000][7][gc,heap     ] GC(36) Humongous regions: 2->2
[2021-04-20T02:27:11.296+0000][7][gc,metaspace] GC(36) Metaspace: 97827K(102120K)->97827K(102120K) NonClass: 84684K(87780K)->84684K(87780K) Class: 13143K(14340K)->13143K(14340K)
[2021-04-20T02:27:11.296+0000][7][gc          ] GC(36) Pause Young (Normal) (G1 Evacuation Pause) 185M->117M(256M) 5.761ms
[2021-04-20T02:27:11.296+0000][7][gc,cpu      ] GC(36) User=0.03s Sys=0.00s Real=0.00s
[2021-04-20T02:27:11.296+0000][7][safepoint   ] Safepoint "G1CollectForAllocation", Time since last: 183229333 ns, Reaching safepoint: 221924 ns, At safepoint: 5844668 ns, Total: 6066592 ns
[2021-04-20T02:27:11.437+0000][7][safepoint   ] Safepoint "ICBufferFull", Time since last: 140629197 ns, Reaching safepoint: 170169 ns, At safepoint: 13520 ns, Total: 183689 ns
[2021-04-20T02:27:11.641+0000][7][safepoint   ] Safepoint "ICBufferFull", Time since last: 203870990 ns, Reaching safepoint: 267191 ns, At safepoint: 11981 ns, Total: 279172 ns
[2021-04-20T02:27:11.835+0000][7][safepoint   ] Safepoint "ICBufferFull", Time since last: 194149522 ns, Reaching safepoint: 168095 ns, At safepoint: 10460 ns, Total: 178555 ns
[2021-04-20T02:27:11.927+0000][7][gc,start    ] GC(37) Pause Young (Concurrent Start) (G1 Evacuation Pause)
[2021-04-20T02:27:11.927+0000][7][gc,task     ] GC(37) Using 6 workers of 8 for evacuation
[2021-04-20T02:27:11.927+0000][7][gc,age      ] GC(37) Desired survivor size 6291456 bytes, new threshold 15 (max threshold 15)
[2021-04-20T02:27:11.929+0000][7][gc,age      ] GC(37) Age table with threshold 15 (max threshold 15)
[2021-04-20T02:27:11.929+0000][7][gc,age      ] GC(37) - age   1:     832664 bytes,     832664 total
[2021-04-20T02:27:11.929+0000][7][gc,age      ] GC(37) - age   2:     224560 bytes,    1057224 total
[2021-04-20T02:27:11.929+0000][7][gc,age      ] GC(37) - age   3:    2355800 bytes,    3413024 total
[2021-04-20T02:27:11.929+0000][7][gc,phases   ] GC(37)   Pre Evacuate Collection Set: 0.1ms
[2021-04-20T02:27:11.929+0000][7][gc,phases   ] GC(37)   Merge Heap Roots: 0.0ms
[2021-04-20T02:27:11.929+0000][7][gc,phases   ] GC(37)   Evacuate Collection Set: 1.9ms
[2021-04-20T02:27:11.929+0000][7][gc,phases   ] GC(37)   Post Evacuate Collection Set: 0.4ms
[2021-04-20T02:27:11.929+0000][7][gc,phases   ] GC(37)   Other: 0.2ms
[2021-04-20T02:27:11.929+0000][7][gc,heap     ] GC(37) Eden regions: 18->0(19)
[2021-04-20T02:27:11.929+0000][7][gc,heap     ] GC(37) Survivor regions: 1->1(3)
[2021-04-20T02:27:11.929+0000][7][gc,heap     ] GC(37) Old regions: 26->26
[2021-04-20T02:27:11.929+0000][7][gc,heap     ] GC(37) Archive regions: 2->2
[2021-04-20T02:27:11.930+0000][7][gc,heap     ] GC(37) Humongous regions: 2->2
[2021-04-20T02:27:11.930+0000][7][gc,metaspace] GC(37) Metaspace: 98177K(102376K)->98177K(102376K) NonClass: 85007K(88036K)->85007K(88036K) Class: 13169K(14340K)->13169K(14340K)
[2021-04-20T02:27:11.930+0000][7][gc          ] GC(37) Pause Young (Concurrent Start) (G1 Evacuation Pause) 189M->118M(256M) 2.789ms
[2021-04-20T02:27:11.930+0000][7][gc,cpu      ] GC(37) User=0.02s Sys=0.00s Real=0.00s
[2021-04-20T02:27:11.930+0000][7][gc          ] GC(38) Concurrent Cycle
[2021-04-20T02:27:11.930+0000][7][gc,marking  ] GC(38) Concurrent Clear Claimed Marks
[2021-04-20T02:27:11.930+0000][7][safepoint   ] Safepoint "G1CollectForAllocation", Time since last: 91509524 ns, Reaching safepoint: 116254 ns, At safepoint: 2962639 ns, Total: 3078893 ns
[2021-04-20T02:27:11.930+0000][7][gc,marking  ] GC(38) Concurrent Clear Claimed Marks 0.074ms
[2021-04-20T02:27:11.930+0000][7][gc,marking  ] GC(38) Concurrent Scan Root Regions
[2021-04-20T02:27:11.933+0000][7][gc,marking  ] GC(38) Concurrent Scan Root Regions 3.099ms
[2021-04-20T02:27:11.933+0000][7][gc,marking  ] GC(38) Concurrent Mark (20.091s)
[2021-04-20T02:27:11.933+0000][7][gc,marking  ] GC(38) Concurrent Mark From Roots
[2021-04-20T02:27:11.933+0000][7][gc,task     ] GC(38) Using 2 workers of 2 for marking
[2021-04-20T02:27:12.083+0000][7][gc,marking  ] GC(38) Concurrent Mark From Roots 150.370ms
[2021-04-20T02:27:12.083+0000][7][gc,marking  ] GC(38) Concurrent Preclean
[2021-04-20T02:27:12.084+0000][7][gc,marking  ] GC(38) Concurrent Preclean 0.242ms
[2021-04-20T02:27:12.084+0000][7][gc,marking  ] GC(38) Concurrent Mark (20.091s, 20.242s) 150.676ms
[2021-04-20T02:27:12.084+0000][7][gc,start    ] GC(38) Pause Remark
[2021-04-20T02:27:12.088+0000][7][gc          ] GC(38) Pause Remark 123M->123M(256M) 4.314ms
[2021-04-20T02:27:12.088+0000][7][gc,cpu      ] GC(38) User=0.03s Sys=0.00s Real=0.01s
[2021-04-20T02:27:12.088+0000][7][safepoint   ] Safepoint "G1Concurrent", Time since last: 153892347 ns, Reaching safepoint: 248696 ns, At safepoint: 4418738 ns, Total: 4667434 ns
[2021-04-20T02:27:12.088+0000][7][gc,marking  ] GC(38) Concurrent Rebuild Remembered Sets
[2021-04-20T02:27:12.166+0000][7][safepoint   ] Safepoint "ICBufferFull", Time since last: 77136005 ns, Reaching safepoint: 863951 ns, At safepoint: 18709 ns, Total: 882660 ns
[2021-04-20T02:27:12.194+0000][7][gc,marking  ] GC(38) Concurrent Rebuild Remembered Sets 105.947ms
[2021-04-20T02:27:12.195+0000][7][gc,start    ] GC(38) Pause Cleanup
[2021-04-20T02:27:12.195+0000][7][gc          ] GC(38) Pause Cleanup 138M->138M(256M) 0.092ms
[2021-04-20T02:27:12.195+0000][7][gc,cpu      ] GC(38) User=0.00s Sys=0.00s Real=0.00s
[2021-04-20T02:27:12.195+0000][7][safepoint   ] Safepoint "G1Concurrent", Time since last: 28030135 ns, Reaching safepoint: 273511 ns, At safepoint: 156536 ns, Total: 430047 ns
[2021-04-20T02:27:12.195+0000][7][gc,marking  ] GC(38) Concurrent Cleanup for Next Mark
[2021-04-20T02:27:12.195+0000][7][gc,marking  ] GC(38) Concurrent Cleanup for Next Mark 0.208ms
[2021-04-20T02:27:12.195+0000][7][gc          ] GC(38) Concurrent Cycle 265.369ms
[2021-04-20T02:27:13.195+0000][7][safepoint   ] Safepoint "Cleanup", Time since last: 1000212693 ns, Reaching safepoint: 194401 ns, At safepoint: 8461 ns, Total: 202862 ns
[2021-04-20T02:27:14.057+0000][7][safepoint   ] Safepoint "ICBufferFull", Time since last: 861564010 ns, Reaching safepoint: 375054 ns, At safepoint: 17686 ns, Total: 392740 ns
[2021-04-20T02:27:15.057+0000][7][safepoint   ] Safepoint "Cleanup", Time since last: 1000207271 ns, Reaching safepoint: 169336 ns, At safepoint: 7941 ns, Total: 177277 ns
[2021-04-20T02:27:16.058+0000][7][safepoint   ] Safepoint "Cleanup", Time since last: 1000504817 ns, Reaching safepoint: 414427 ns, At safepoint: 33042 ns, Total: 447469 ns
[2021-04-20T02:27:16.527+0000][7][safepoint   ] Safepoint "ICBufferFull", Time since last: 467938660 ns, Reaching safepoint: 260637 ns, At safepoint: 13736 ns, Total: 274373 ns
[2021-04-20T02:27:16.753+0000][7][gc,start    ] GC(39) Pause Young (Normal) (G1 Evacuation Pause)
[2021-04-20T02:27:16.753+0000][7][gc,task     ] GC(39) Using 6 workers of 8 for evacuation
[2021-04-20T02:27:16.753+0000][7][gc,age      ] GC(39) Desired survivor size 6291456 bytes, new threshold 15 (max threshold 15)
[2021-04-20T02:27:16.767+0000][7][gc,age      ] GC(39) Age table with threshold 15 (max threshold 15)
[2021-04-20T02:27:16.767+0000][7][gc,age      ] GC(39) - age   1:    3257000 bytes,    3257000 total
[2021-04-20T02:27:16.767+0000][7][gc,age      ] GC(39) - age   2:     406608 bytes,    3663608 total
[2021-04-20T02:27:16.767+0000][7][gc,age      ] GC(39) - age   3:     169936 bytes,    3833544 total
[2021-04-20T02:27:16.767+0000][7][gc,age      ] GC(39) - age   4:    2188264 bytes,    6021808 total
[2021-04-20T02:27:16.767+0000][7][gc,phases   ] GC(39)   Pre Evacuate Collection Set: 0.1ms
[2021-04-20T02:27:16.767+0000][7][gc,phases   ] GC(39)   Merge Heap Roots: 0.1ms
[2021-04-20T02:27:16.767+0000][7][gc,phases   ] GC(39)   Evacuate Collection Set: 10.8ms
[2021-04-20T02:27:16.767+0000][7][gc,phases   ] GC(39)   Post Evacuate Collection Set: 2.4ms
[2021-04-20T02:27:16.767+0000][7][gc,phases   ] GC(39)   Other: 0.3ms
[2021-04-20T02:27:16.767+0000][7][gc,heap     ] GC(39) Eden regions: 19->0(18)
[2021-04-20T02:27:16.767+0000][7][gc,heap     ] GC(39) Survivor regions: 1->2(3)
[2021-04-20T02:27:16.767+0000][7][gc,heap     ] GC(39) Old regions: 26->26
[2021-04-20T02:27:16.767+0000][7][gc,heap     ] GC(39) Archive regions: 2->2
[2021-04-20T02:27:16.767+0000][7][gc,heap     ] GC(39) Humongous regions: 2->2
[2021-04-20T02:27:16.767+0000][7][gc,metaspace] GC(39) Metaspace: 101940K(106088K)->101940K(106088K) NonClass: 88224K(91108K)->88224K(91108K) Class: 13716K(14980K)->13716K(14980K)
[2021-04-20T02:27:16.767+0000][7][gc          ] GC(39) Pause Young (Normal) (G1 Evacuation Pause) 194M->120M(256M) 13.724ms
[2021-04-20T02:27:16.767+0000][7][gc,cpu      ] GC(39) User=0.07s Sys=0.00s Real=0.02s
[2021-04-20T02:27:16.767+0000][7][safepoint   ] Safepoint "G1CollectForAllocation", Time since last: 226399973 ns, Reaching safepoint: 173270 ns, At safepoint: 13939566 ns, Total: 14112836 ns
[2021-04-20T02:27:17.769+0000][7][safepoint   ] Safepoint "Cleanup", Time since last: 1001549162 ns, Reaching safepoint: 382627 ns, At safepoint: 40459 ns, Total: 423086 ns
[2021-04-20T02:27:18.770+0000][7][safepoint   ] Safepoint "Cleanup", Time since last: 1000256317 ns, Reaching safepoint: 289988 ns, At safepoint: 37446 ns, Total: 327434 ns
[2021-04-20T02:27:19.770+0000][7][safepoint   ] Safepoint "Cleanup", Time since last: 1000285457 ns, Reaching safepoint: 356518 ns, At safepoint: 39502 ns, Total: 396020 ns
[2021-04-20T02:27:20.771+0000][7][safepoint   ] Safepoint "Cleanup", Time since last: 1000179753 ns, Reaching safepoint: 307272 ns, At safepoint: 39357 ns, Total: 346629 ns
[2021-04-20T02:27:22.772+0000][7][safepoint   ] Safepoint "Cleanup", Time since last: 2000607783 ns, Reaching safepoint: 355268 ns, At safepoint: 35090 ns, Total: 390358 ns
[2021-04-20T02:27:24.772+0000][7][safepoint   ] Safepoint "Cleanup", Time since last: 2000313073 ns, Reaching safepoint: 76040 ns, At safepoint: 5772 ns, Total: 81812 ns
[2021-04-20T02:27:25.773+0000][7][safepoint   ] Safepoint "Cleanup", Time since last: 1000113120 ns, Reaching safepoint: 349985 ns, At safepoint: 35923 ns, Total: 385908 ns
[2021-04-20T02:27:27.773+0000][7][safepoint   ] Safepoint "Cleanup", Time since last: 2000229824 ns, Reaching safepoint: 101791 ns, At safepoint: 5593 ns, Total: 107384 ns
[2021-04-20T02:27:28.773+0000][7][safepoint   ] Safepoint "Cleanup", Time since last: 1000109452 ns, Reaching safepoint: 83869 ns, At safepoint: 8521 ns, Total: 92390 ns
[2021-04-20T02:27:29.774+0000][7][safepoint   ] Safepoint "Cleanup", Time since last: 1000100493 ns, Reaching safepoint: 90335 ns, At safepoint: 9384 ns, Total: 99719 ns
[2021-04-20T02:27:31.774+0000][7][safepoint   ] Safepoint "Cleanup", Time since last: 2000230081 ns, Reaching safepoint: 93196 ns, At safepoint: 15915 ns, Total: 109111 ns
[2021-04-20T02:27:32.774+0000][7][safepoint   ] Safepoint "Cleanup", Time since last: 1000098639 ns, Reaching safepoint: 78574 ns, At safepoint: 6962 ns, Total: 85536 ns
[2021-04-20T02:27:33.774+0000][7][safepoint   ] Safepoint "Cleanup", Time since last: 1000093197 ns, Reaching safepoint: 89285 ns, At safepoint: 5801 ns, Total: 95086 ns
[2021-04-20T02:27:34.774+0000][7][safepoint   ] Safepoint "Cleanup", Time since last: 1000112305 ns, Reaching safepoint: 91444 ns, At safepoint: 7722 ns, Total: 99166 ns
[2021-04-20T02:27:35.775+0000][7][safepoint   ] Safepoint "Cleanup", Time since last: 1000098989 ns, Reaching safepoint: 114352 ns, At safepoint: 6056 ns, Total: 120408 ns
[2021-04-20T02:27:36.775+0000][7][safepoint   ] Safepoint "Cleanup", Time since last: 1000094665 ns, Reaching safepoint: 111240 ns, At safepoint: 6845 ns, Total: 118085 ns
[2021-04-20T02:27:37.775+0000][7][safepoint   ] Safepoint "Cleanup", Time since last: 1000094832 ns, Reaching safepoint: 76108 ns, At safepoint: 5144 ns, Total: 81252 ns
[2021-04-20T02:27:38.775+0000][7][safepoint   ] Safepoint "Cleanup", Time since last: 1000129928 ns, Reaching safepoint: 103508 ns, At safepoint: 8021 ns, Total: 111529 ns
[2021-04-20T02:27:39.776+0000][7][safepoint   ] Safepoint "Cleanup", Time since last: 1000098020 ns, Reaching safepoint: 155400 ns, At safepoint: 7216 ns, Total: 162616 ns
[2021-04-20T02:27:40.776+0000][7][safepoint   ] Safepoint "Cleanup", Time since last: 1000188265 ns, Reaching safepoint: 121210 ns, At safepoint: 8139 ns, Total: 129349 ns
[2021-04-20T02:27:42.776+0000][7][safepoint   ] Safepoint "Cleanup", Time since last: 2000403523 ns, Reaching safepoint: 158485 ns, At safepoint: 10939 ns, Total: 169424 ns
[2021-04-20T02:27:43.777+0000][7][safepoint   ] Safepoint "Cleanup", Time since last: 1000130913 ns, Reaching safepoint: 89747 ns, At safepoint: 6712 ns, Total: 96459 ns
[2021-04-20T02:27:44.777+0000][7][safepoint   ] Safepoint "Cleanup", Time since last: 1000101916 ns, Reaching safepoint: 136170 ns, At safepoint: 10573 ns, Total: 146743 ns
[2021-04-20T02:27:45.777+0000][7][safepoint   ] Safepoint "Cleanup", Time since last: 1000094774 ns, Reaching safepoint: 168529 ns, At safepoint: 7844 ns, Total: 176373 ns
[2021-04-20T02:27:46.777+0000][7][safepoint   ] Safepoint "Cleanup", Time since last: 1000101823 ns, Reaching safepoint: 97893 ns, At safepoint: 8893 ns, Total: 106786 ns
[2021-04-20T02:27:47.778+0000][7][safepoint   ] Safepoint "Cleanup", Time since last: 1000095869 ns, Reaching safepoint: 78035 ns, At safepoint: 7589 ns, Total: 85624 ns
[2021-04-20T02:27:49.778+0000][7][safepoint   ] Safepoint "Cleanup", Time since last: 2000501407 ns, Reaching safepoint: 311499 ns, At safepoint: 35300 ns, Total: 346799 ns
[2021-04-20T02:27:52.494+0000][7][safepoint   ] Safepoint "Cleanup", Time since last: 2714964687 ns, Reaching safepoint: 183385 ns, At safepoint: 7516 ns, Total: 190901 ns
[2021-04-20T02:27:53.494+0000][7][safepoint   ] Safepoint "Cleanup", Time since last: 1000311692 ns, Reaching safepoint: 512049 ns, At safepoint: 29708 ns, Total: 541757 ns
[2021-04-20T02:27:54.495+0000][7][safepoint   ] Safepoint "Cleanup", Time since last: 1000246376 ns, Reaching safepoint: 375812 ns, At safepoint: 31182 ns, Total: 406994 ns
[2021-04-20T02:27:55.496+0000][7][safepoint   ] Safepoint "Cleanup", Time since last: 1000186311 ns, Reaching safepoint: 357876 ns, At safepoint: 36724 ns, Total: 394600 ns
[2021-04-20T02:27:56.496+0000][7][safepoint   ] Safepoint "Cleanup", Time since last: 1000189787 ns, Reaching safepoint: 166711 ns, At safepoint: 17875 ns, Total: 184586 ns
[2021-04-20T02:27:57.496+0000][7][safepoint   ] Safepoint "Cleanup", Time since last: 1000158532 ns, Reaching safepoint: 111151 ns, At safepoint: 8942 ns, Total: 120093 ns
[2021-04-20T02:27:58.497+0000][7][safepoint   ] Safepoint "Cleanup", Time since last: 1000152671 ns, Reaching safepoint: 365901 ns, At safepoint: 32667 ns, Total: 398568 ns
[2021-04-20T02:27:59.782+0000][7][safepoint   ] Safepoint "Cleanup", Time since last: 1284556739 ns, Reaching safepoint: 376334 ns, At safepoint: 34210 ns, Total: 410544 ns
[2021-04-20T02:28:00.782+0000][7][safepoint   ] Safepoint "Cleanup", Time since last: 1000201809 ns, Reaching safepoint: 346947 ns, At safepoint: 35511 ns, Total: 382458 ns
[2021-04-20T02:28:01.783+0000][7][safepoint   ] Safepoint "Cleanup", Time since last: 1000202850 ns, Reaching safepoint: 297560 ns, At safepoint: 33376 ns, Total: 330936 ns
[2021-04-20T02:28:02.783+0000][7][safepoint   ] Safepoint "Cleanup", Time since last: 1000199794 ns, Reaching safepoint: 85722 ns, At safepoint: 5601 ns, Total: 91323 ns
[2021-04-20T02:28:03.786+0000][7][safepoint   ] Safepoint "Cleanup", Time since last: 1002483153 ns, Reaching safepoint: 100635 ns, At safepoint: 8111 ns, Total: 108746 ns
[2021-04-20T02:28:04.786+0000][7][safepoint   ] Safepoint "Cleanup", Time since last: 1000189590 ns, Reaching safepoint: 323333 ns, At safepoint: 25161 ns, Total: 348494 ns
[2021-04-20T02:28:05.787+0000][7][safepoint   ] Safepoint "Cleanup", Time since last: 1000211531 ns, Reaching safepoint: 340932 ns, At safepoint: 39514 ns, Total: 380446 ns
[2021-04-20T02:28:06.788+0000][7][safepoint   ] Safepoint "Cleanup", Time since last: 1000281722 ns, Reaching safepoint: 369772 ns, At safepoint: 38564 ns, Total: 408336 ns
[2021-04-20T02:28:07.788+0000][7][safepoint   ] Safepoint "Cleanup", Time since last: 1000210025 ns, Reaching safepoint: 279654 ns, At safepoint: 51247 ns, Total: 330901 ns
[2021-04-20T02:28:08.789+0000][7][safepoint   ] Safepoint "Cleanup", Time since last: 1000237808 ns, Reaching safepoint: 384196 ns, At safepoint: 32320 ns, Total: 416516 ns
[2021-04-20T02:28:09.789+0000][7][safepoint   ] Safepoint "Cleanup", Time since last: 1000280882 ns, Reaching safepoint: 115044 ns, At safepoint: 6640 ns, Total: 121684 ns
[2021-04-20T02:28:10.790+0000][7][safepoint   ] Safepoint "Cleanup", Time since last: 1000287261 ns, Reaching safepoint: 422399 ns, At safepoint: 41499 ns, Total: 463898 ns
[2021-04-20T02:28:12.792+0000][7][safepoint   ] Safepoint "Cleanup", Time since last: 2001136267 ns, Reaching safepoint: 354690 ns, At safepoint: 28586 ns, Total: 383276 ns
[2021-04-20T02:28:13.792+0000][7][safepoint   ] Safepoint "Cleanup", Time since last: 1000475949 ns, Reaching safepoint: 405151 ns, At safepoint: 34774 ns, Total: 439925 ns
[2021-04-20T02:28:14.793+0000][7][safepoint   ] Safepoint "Cleanup", Time since last: 1000192127 ns, Reaching safepoint: 158454 ns, At safepoint: 11919 ns, Total: 170373 ns
[2021-04-20T02:28:15.794+0000][7][safepoint   ] Safepoint "Cleanup", Time since last: 1000213087 ns, Reaching safepoint: 473845 ns, At safepoint: 35622 ns, Total: 509467 ns
[2021-04-20T02:28:16.369+0000][7][gc,start    ] GC(40) Pause Young (Concurrent Start) (G1 Evacuation Pause)
[2021-04-20T02:28:16.369+0000][7][gc,task     ] GC(40) Using 6 workers of 8 for evacuation
[2021-04-20T02:28:16.369+0000][7][gc,age      ] GC(40) Desired survivor size 6291456 bytes, new threshold 15 (max threshold 15)
[2021-04-20T02:28:16.383+0000][7][gc,age      ] GC(40) Age table with threshold 15 (max threshold 15)
[2021-04-20T02:28:16.383+0000][7][gc,age      ] GC(40) - age   1:    1047808 bytes,    1047808 total
[2021-04-20T02:28:16.383+0000][7][gc,age      ] GC(40) - age   2:    2704608 bytes,    3752416 total
[2021-04-20T02:28:16.383+0000][7][gc,age      ] GC(40) - age   3:     406608 bytes,    4159024 total
[2021-04-20T02:28:16.383+0000][7][gc,age      ] GC(40) - age   4:     169936 bytes,    4328960 total
[2021-04-20T02:28:16.383+0000][7][gc,age      ] GC(40) - age   5:    2187432 bytes,    6516392 total
[2021-04-20T02:28:16.383+0000][7][gc,phases   ] GC(40)   Pre Evacuate Collection Set: 0.4ms
[2021-04-20T02:28:16.383+0000][7][gc,phases   ] GC(40)   Merge Heap Roots: 0.3ms
[2021-04-20T02:28:16.383+0000][7][gc,phases   ] GC(40)   Evacuate Collection Set: 11.7ms
[2021-04-20T02:28:16.383+0000][7][gc,phases   ] GC(40)   Post Evacuate Collection Set: 1.6ms
[2021-04-20T02:28:16.383+0000][7][gc,phases   ] GC(40)   Other: 0.7ms
[2021-04-20T02:28:16.383+0000][7][gc,heap     ] GC(40) Eden regions: 18->0(19)
[2021-04-20T02:28:16.383+0000][7][gc,heap     ] GC(40) Survivor regions: 2->2(3)
[2021-04-20T02:28:16.383+0000][7][gc,heap     ] GC(40) Old regions: 26->26
[2021-04-20T02:28:16.383+0000][7][gc,heap     ] GC(40) Archive regions: 2->2
[2021-04-20T02:28:16.383+0000][7][gc,heap     ] GC(40) Humongous regions: 2->2
[2021-04-20T02:28:16.384+0000][7][gc,metaspace] GC(40) Metaspace: 102786K(107240K)->102786K(107240K) NonClass: 89027K(92132K)->89027K(92132K) Class: 13759K(15108K)->13759K(15108K)
[2021-04-20T02:28:16.384+0000][7][gc          ] GC(40) Pause Young (Concurrent Start) (G1 Evacuation Pause) 192M->121M(256M) 14.934ms
[2021-04-20T02:28:16.384+0000][7][gc,cpu      ] GC(40) User=0.07s Sys=0.00s Real=0.01s
[2021-04-20T02:28:16.384+0000][7][gc          ] GC(41) Concurrent Cycle
[2021-04-20T02:28:16.384+0000][7][safepoint   ] Safepoint "G1CollectForAllocation", Time since last: 574709210 ns, Reaching safepoint: 310768 ns, At safepoint: 15191082 ns, Total: 15501850 ns
[2021-04-20T02:28:16.384+0000][7][gc,marking  ] GC(41) Concurrent Clear Claimed Marks
[2021-04-20T02:28:16.384+0000][7][gc,marking  ] GC(41) Concurrent Clear Claimed Marks 0.210ms
[2021-04-20T02:28:16.384+0000][7][gc,marking  ] GC(41) Concurrent Scan Root Regions
[2021-04-20T02:28:16.401+0000][7][gc,marking  ] GC(41) Concurrent Scan Root Regions 16.789ms
[2021-04-20T02:28:16.401+0000][7][gc,marking  ] GC(41) Concurrent Mark (84.559s)
[2021-04-20T02:28:16.401+0000][7][gc,marking  ] GC(41) Concurrent Mark From Roots
[2021-04-20T02:28:16.401+0000][7][gc,task     ] GC(41) Using 2 workers of 2 for marking
[2021-04-20T02:28:16.502+0000][7][gc,marking  ] GC(41) Concurrent Mark From Roots 100.731ms
[2021-04-20T02:28:16.502+0000][7][gc,marking  ] GC(41) Concurrent Preclean
[2021-04-20T02:28:16.502+0000][7][gc,marking  ] GC(41) Concurrent Preclean 0.204ms
[2021-04-20T02:28:16.502+0000][7][gc,marking  ] GC(41) Concurrent Mark (84.559s, 84.660s) 100.998ms
[2021-04-20T02:28:16.502+0000][7][gc,start    ] GC(41) Pause Remark
[2021-04-20T02:28:16.506+0000][7][gc          ] GC(41) Pause Remark 122M->122M(256M) 3.468ms
[2021-04-20T02:28:16.506+0000][7][gc,cpu      ] GC(41) User=0.02s Sys=0.00s Real=0.01s
[2021-04-20T02:28:16.506+0000][7][safepoint   ] Safepoint "G1Concurrent", Time since last: 118230730 ns, Reaching safepoint: 132446 ns, At safepoint: 3539730 ns, Total: 3672176 ns
[2021-04-20T02:28:16.506+0000][7][gc,marking  ] GC(41) Concurrent Rebuild Remembered Sets
[2021-04-20T02:28:16.566+0000][7][gc,marking  ] GC(41) Concurrent Rebuild Remembered Sets 60.322ms
[2021-04-20T02:28:16.566+0000][7][gc,start    ] GC(41) Pause Cleanup
[2021-04-20T02:28:16.566+0000][7][gc          ] GC(41) Pause Cleanup 122M->122M(256M) 0.078ms
[2021-04-20T02:28:16.566+0000][7][gc,cpu      ] GC(41) User=0.00s Sys=0.00s Real=0.00s
[2021-04-20T02:28:16.566+0000][7][safepoint   ] Safepoint "G1Concurrent", Time since last: 60474890 ns, Reaching safepoint: 220657 ns, At safepoint: 126111 ns, Total: 346768 ns
[2021-04-20T02:28:16.567+0000][7][gc,marking  ] GC(41) Concurrent Cleanup for Next Mark
[2021-04-20T02:28:16.567+0000][7][gc,marking  ] GC(41) Concurrent Cleanup for Next Mark 0.181ms
[2021-04-20T02:28:16.567+0000][7][gc          ] GC(41) Concurrent Cycle 182.981ms
[2021-04-20T02:28:17.567+0000][7][safepoint   ] Safepoint "Cleanup", Time since last: 1000118564 ns, Reaching safepoint: 273505 ns, At safepoint: 24658 ns, Total: 298163 ns
[2021-04-20T02:28:19.567+0000][7][safepoint   ] Safepoint "Cleanup", Time since last: 2000306383 ns, Reaching safepoint: 188140 ns, At safepoint: 9454 ns, Total: 197594 ns
[2021-04-20T02:28:20.568+0000][7][safepoint   ] Safepoint "Cleanup", Time since last: 1000284928 ns, Reaching safepoint: 211528 ns, At safepoint: 13044 ns, Total: 224572 ns
[2021-04-20T02:28:21.568+0000][7][safepoint   ] Safepoint "Cleanup", Time since last: 1000409604 ns, Reaching safepoint: 119131 ns, At safepoint: 8094 ns, Total: 127225 ns
[2021-04-20T02:28:22.569+0000][7][safepoint   ] Safepoint "Cleanup", Time since last: 1000124589 ns, Reaching safepoint: 290920 ns, At safepoint: 24603 ns, Total: 315523 ns
[2021-04-20T02:28:24.570+0000][7][safepoint   ] Safepoint "Cleanup", Time since last: 2000362971 ns, Reaching safepoint: 312386 ns, At safepoint: 31288 ns, Total: 343674 ns
[2021-04-20T02:28:25.570+0000][7][safepoint   ] Safepoint "Cleanup", Time since last: 1000198899 ns, Reaching safepoint: 356260 ns, At safepoint: 22946 ns, Total: 379206 ns
[2021-04-20T02:28:27.571+0000][7][safepoint   ] Safepoint "Cleanup", Time since last: 2000458131 ns, Reaching safepoint: 343003 ns, At safepoint: 32944 ns, Total: 375947 ns
[2021-04-20T02:28:28.572+0000][7][safepoint   ] Safepoint "Cleanup", Time since last: 1000278821 ns, Reaching safepoint: 307795 ns, At safepoint: 25878 ns, Total: 333673 ns
[2021-04-20T02:28:30.572+0000][7][safepoint   ] Safepoint "Cleanup", Time since last: 2000402128 ns, Reaching safepoint: 405521 ns, At safepoint: 34567 ns, Total: 440088 ns
[2021-04-20T02:28:31.573+0000][7][safepoint   ] Safepoint "Cleanup", Time since last: 1000252624 ns, Reaching safepoint: 361859 ns, At safepoint: 32160 ns, Total: 394019 ns
[2021-04-20T02:28:34.574+0000][7][safepoint   ] Safepoint "Cleanup", Time since last: 3000702625 ns, Reaching safepoint: 365440 ns, At safepoint: 34687 ns, Total: 400127 ns
[2021-04-20T02:28:35.575+0000][7][safepoint   ] Safepoint "Cleanup", Time since last: 1000214220 ns, Reaching safepoint: 145913 ns, At safepoint: 9883 ns, Total: 155796 ns
[2021-04-20T02:28:36.575+0000][7][safepoint   ] Safepoint "Cleanup", Time since last: 1000453578 ns, Reaching safepoint: 314590 ns, At safepoint: 31961 ns, Total: 346551 ns
[2021-04-20T02:28:37.577+0000][7][safepoint   ] Safepoint "Cleanup", Time since last: 1000498152 ns, Reaching safepoint: 647202 ns, At safepoint: 36683 ns, Total: 683885 ns
[2021-04-20T02:28:38.577+0000][7][safepoint   ] Safepoint "Cleanup", Time since last: 1000258330 ns, Reaching safepoint: 365509 ns, At safepoint: 33250 ns, Total: 398759 ns
[2021-04-20T02:28:39.578+0000][7][safepoint   ] Safepoint "Cleanup", Time since last: 1000205729 ns, Reaching safepoint: 381952 ns, At safepoint: 35634 ns, Total: 417586 ns
[2021-04-20T02:28:40.579+0000][7][safepoint   ] Safepoint "Cleanup", Time since last: 1000761942 ns, Reaching safepoint: 396293 ns, At safepoint: 24277 ns, Total: 420570 ns
[2021-04-20T02:28:41.580+0000][7][safepoint   ] Safepoint "Cleanup", Time since last: 1000795852 ns, Reaching safepoint: 292416 ns, At safepoint: 28891 ns, Total: 321307 ns
[2021-04-20T02:28:42.581+0000][7][safepoint   ] Safepoint "Cleanup", Time since last: 1000237046 ns, Reaching safepoint: 353170 ns, At safepoint: 33972 ns, Total: 387142 ns
[2021-04-20T02:28:43.581+0000][7][safepoint   ] Safepoint "Cleanup", Time since last: 1000178467 ns, Reaching safepoint: 386056 ns, At safepoint: 33420 ns, Total: 419476 ns
[2021-04-20T02:28:44.582+0000][7][safepoint   ] Safepoint "Cleanup", Time since last: 1000307513 ns, Reaching safepoint: 135415 ns, At safepoint: 8902 ns, Total: 144317 ns
[2021-04-20T02:28:45.582+0000][7][safepoint   ] Safepoint "Cleanup", Time since last: 1000137797 ns, Reaching safepoint: 295088 ns, At safepoint: 21317 ns, Total: 316405 ns
[2021-04-20T02:28:46.583+0000][7][safepoint   ] Safepoint "Cleanup", Time since last: 1000454899 ns, Reaching safepoint: 471041 ns, At safepoint: 33328 ns, Total: 504369 ns
[2021-04-20T02:28:47.584+0000][7][safepoint   ] Safepoint "Cleanup", Time since last: 1000290745 ns, Reaching safepoint: 281061 ns, At safepoint: 28334 ns, Total: 309395 ns
[2021-04-20T02:28:48.584+0000][7][safepoint   ] Safepoint "Cleanup", Time since last: 1000196638 ns, Reaching safepoint: 342566 ns, At safepoint: 29924 ns, Total: 372490 ns
[2021-04-20T02:28:49.585+0000][7][safepoint   ] Safepoint "Cleanup", Time since last: 1000209761 ns, Reaching safepoint: 306545 ns, At safepoint: 27678 ns, Total: 334223 ns
[2021-04-20T02:28:55.587+0000][7][safepoint   ] Safepoint "Cleanup", Time since last: 6001501916 ns, Reaching safepoint: 397028 ns, At safepoint: 34155 ns, Total: 431183 ns
[2021-04-20T02:28:57.588+0000][7][safepoint   ] Safepoint "Cleanup", Time since last: 2000709362 ns, Reaching safepoint: 444198 ns, At safepoint: 24556 ns, Total: 468754 ns
[2021-04-20T02:28:58.589+0000][7][safepoint   ] Safepoint "Cleanup", Time since last: 1000210175 ns, Reaching safepoint: 367091 ns, At safepoint: 35677 ns, Total: 402768 ns
                                                                                                                   