[2021-05-06T12:09:08.327+0000][7][gc] Using G1
[2021-05-06T12:09:08.464+0000][7][gc,init] Version: 15.0.1+9 (release)
[2021-05-06T12:09:08.464+0000][7][gc,init] CPUs: 8 total, 8 available
[2021-05-06T12:09:08.464+0000][7][gc,init] Memory: 15907M
[2021-05-06T12:09:08.464+0000][7][gc,init] Large Page Support: Disabled
[2021-05-06T12:09:08.464+0000][7][gc,init] NUMA Support: Disabled
[2021-05-06T12:09:08.464+0000][7][gc,init] Compressed Oops: Enabled (32-bit)
[2021-05-06T12:09:08.464+0000][7][gc,init] Heap Region Size: 4M
[2021-05-06T12:09:08.464+0000][7][gc,init] Heap Min Capacity: 256M
[2021-05-06T12:09:08.464+0000][7][gc,init] Heap Initial Capacity: 256M
[2021-05-06T12:09:08.464+0000][7][gc,init] Heap Max Capacity: 256M
[2021-05-06T12:09:08.464+0000][7][gc,init] Pre-touch: Enabled
[2021-05-06T12:09:08.464+0000][7][gc,init] Parallel Workers: 8
[2021-05-06T12:09:08.464+0000][7][gc,init] Concurrent Workers: 2
[2021-05-06T12:09:08.464+0000][7][gc,init] Concurrent Refinement Workers: 8
[2021-05-06T12:09:08.464+0000][7][gc,init] Periodic GC: Disabled
[2021-05-06T12:09:08.464+0000][7][gc,cds ] Mark closed archive regions in map: [0x00000000ffc00000, 0x00000000ffc7bff8]
[2021-05-06T12:09:08.464+0000][7][gc,cds ] Mark open archive regions in map: [0x00000000ffb00000, 0x00000000ffb51ff8]
[2021-05-06T12:09:08.464+0000][7][gc,metaspace] CDS archive(s) mapped at: [0x0000000800000000-0x0000000800b2a000-0x0000000800b2a000), size 11706368, SharedBaseAddress: 0x0000000800000000, ArchiveRelocationMode: 0.
[2021-05-06T12:09:08.464+0000][7][gc,metaspace] Compressed class space mapped at: 0x0000000800b2c000-0x0000000840b2c000, size: 1073741824
[2021-05-06T12:09:08.464+0000][7][gc,metaspace] Narrow klass base: 0x0000000800000000, Narrow klass shift: 3, Narrow klass range: 0x100000000
[2021-05-06T12:09:09.312+0000][7][safepoint   ] Safepoint "ICBufferFull", Time since last: 838418146 ns, Reaching safepoint: 136150 ns, At safepoint: 7148 ns, Total: 143298 ns
[2021-05-06T12:09:10.079+0000][7][gc,start    ] GC(0) Pause Young (Normal) (G1 Evacuation Pause)
[2021-05-06T12:09:10.080+0000][7][gc,task     ] GC(0) Using 6 workers of 8 for evacuation
[2021-05-06T12:09:10.080+0000][7][gc,age      ] GC(0) Desired survivor size 2097152 bytes, new threshold 15 (max threshold 15)
[2021-05-06T12:09:10.089+0000][7][gc,age      ] GC(0) Age table with threshold 15 (max threshold 15)
[2021-05-06T12:09:10.089+0000][7][gc,age      ] GC(0) - age   1:    3676248 bytes,    3676248 total
[2021-05-06T12:09:10.089+0000][7][gc,phases   ] GC(0)   Pre Evacuate Collection Set: 0.1ms
[2021-05-06T12:09:10.089+0000][7][gc,phases   ] GC(0)   Merge Heap Roots: 0.0ms
[2021-05-06T12:09:10.089+0000][7][gc,phases   ] GC(0)   Evacuate Collection Set: 8.5ms
[2021-05-06T12:09:10.089+0000][7][gc,phases   ] GC(0)   Post Evacuate Collection Set: 0.3ms
[2021-05-06T12:09:10.089+0000][7][gc,phases   ] GC(0)   Other: 0.8ms
[2021-05-06T12:09:10.089+0000][7][gc,heap     ] GC(0) Eden regions: 5->0(5)
[2021-05-06T12:09:10.089+0000][7][gc,heap     ] GC(0) Survivor regions: 0->1(1)
[2021-05-06T12:09:10.089+0000][7][gc,heap     ] GC(0) Old regions: 0->0
[2021-05-06T12:09:10.089+0000][7][gc,heap     ] GC(0) Archive regions: 2->2
[2021-05-06T12:09:10.089+0000][7][gc,heap     ] GC(0) Humongous regions: 0->0
[2021-05-06T12:09:10.089+0000][7][gc,metaspace] GC(0) Metaspace: 6706K(8960K)->6706K(8960K) NonClass: 5973K(7936K)->5973K(7936K) Class: 732K(1024K)->732K(1024K)
[2021-05-06T12:09:10.089+0000][7][gc          ] GC(0) Pause Young (Normal) (G1 Evacuation Pause) 23M->7M(256M) 9.740ms
[2021-05-06T12:09:10.089+0000][7][gc,cpu      ] GC(0) User=0.01s Sys=0.00s Real=0.01s
[2021-05-06T12:09:10.089+0000][7][safepoint   ] Safepoint "G1CollectForAllocation", Time since last: 766756217 ns, Reaching safepoint: 72956 ns, At safepoint: 9825401 ns, Total: 9898357 ns
[2021-05-06T12:09:11.358+0000][7][safepoint   ] Safepoint "Cleanup", Time since last: 1268705453 ns, Reaching safepoint: 135435 ns, At safepoint: 5262 ns, Total: 140697 ns
[2021-05-06T12:09:11.612+0000][7][gc,start    ] GC(1) Pause Young (Normal) (G1 Evacuation Pause)
[2021-05-06T12:09:11.612+0000][7][gc,task     ] GC(1) Using 6 workers of 8 for evacuation
[2021-05-06T12:09:11.612+0000][7][gc,age      ] GC(1) Desired survivor size 2097152 bytes, new threshold 1 (max threshold 15)
[2021-05-06T12:09:11.629+0000][7][gc,age      ] GC(1) Age table with threshold 1 (max threshold 15)
[2021-05-06T12:09:11.629+0000][7][gc,age      ] GC(1) - age   1:    1990216 bytes,    1990216 total
[2021-05-06T12:09:11.629+0000][7][gc,phases   ] GC(1)   Pre Evacuate Collection Set: 0.1ms
[2021-05-06T12:09:11.629+0000][7][gc,phases   ] GC(1)   Merge Heap Roots: 0.1ms
[2021-05-06T12:09:11.629+0000][7][gc,phases   ] GC(1)   Evacuate Collection Set: 15.0ms
[2021-05-06T12:09:11.629+0000][7][gc,phases   ] GC(1)   Post Evacuate Collection Set: 1.3ms
[2021-05-06T12:09:11.629+0000][7][gc,phases   ] GC(1)   Other: 0.7ms
[2021-05-06T12:09:11.629+0000][7][gc,heap     ] GC(1) Eden regions: 5->0(11)
[2021-05-06T12:09:11.629+0000][7][gc,heap     ] GC(1) Survivor regions: 1->1(1)
[2021-05-06T12:09:11.629+0000][7][gc,heap     ] GC(1) Old regions: 0->1
[2021-05-06T12:09:11.629+0000][7][gc,heap     ] GC(1) Archive regions: 2->2
[2021-05-06T12:09:11.629+0000][7][gc,heap     ] GC(1) Humongous regions: 0->0
[2021-05-06T12:09:11.629+0000][7][gc,metaspace] GC(1) Metaspace: 11803K(12032K)->11803K(12032K) NonClass: 10383K(10496K)->10383K(10496K) Class: 1420K(1536K)->1420K(1536K)
[2021-05-06T12:09:11.629+0000][7][gc          ] GC(1) Pause Young (Normal) (G1 Evacuation Pause) 27M->9M(256M) 17.204ms
[2021-05-06T12:09:11.629+0000][7][gc,cpu      ] GC(1) User=0.03s Sys=0.00s Real=0.02s
[2021-05-06T12:09:11.631+0000][7][safepoint   ] Safepoint "G1CollectForAllocation", Time since last: 253958628 ns, Reaching safepoint: 140742 ns, At safepoint: 19254397 ns, Total: 19395139 ns
[2021-05-06T12:09:12.865+0000][7][gc,start    ] GC(2) Pause Young (Normal) (G1 Evacuation Pause)
[2021-05-06T12:09:12.865+0000][7][gc,task     ] GC(2) Using 6 workers of 8 for evacuation
[2021-05-06T12:09:12.866+0000][7][gc,age      ] GC(2) Desired survivor size 4194304 bytes, new threshold 15 (max threshold 15)
[2021-05-06T12:09:12.883+0000][7][gc,age      ] GC(2) Age table with threshold 15 (max threshold 15)
[2021-05-06T12:09:12.883+0000][7][gc,age      ] GC(2) - age   1:    1721128 bytes,    1721128 total
[2021-05-06T12:09:12.883+0000][7][gc,age      ] GC(2) - age   2:    1890872 bytes,    3612000 total
[2021-05-06T12:09:12.883+0000][7][gc,phases   ] GC(2)   Pre Evacuate Collection Set: 0.1ms
[2021-05-06T12:09:12.883+0000][7][gc,phases   ] GC(2)   Merge Heap Roots: 0.1ms
[2021-05-06T12:09:12.883+0000][7][gc,phases   ] GC(2)   Evacuate Collection Set: 15.2ms
[2021-05-06T12:09:12.883+0000][7][gc,phases   ] GC(2)   Post Evacuate Collection Set: 2.2ms
[2021-05-06T12:09:12.883+0000][7][gc,phases   ] GC(2)   Other: 0.2ms
[2021-05-06T12:09:12.883+0000][7][gc,heap     ] GC(2) Eden regions: 11->0(36)
[2021-05-06T12:09:12.883+0000][7][gc,heap     ] GC(2) Survivor regions: 1->1(2)
[2021-05-06T12:09:12.883+0000][7][gc,heap     ] GC(2) Old regions: 1->1
[2021-05-06T12:09:12.883+0000][7][gc,heap     ] GC(2) Archive regions: 2->2
[2021-05-06T12:09:12.883+0000][7][gc,heap     ] GC(2) Humongous regions: 0->0
[2021-05-06T12:09:12.883+0000][7][gc,metaspace] GC(2) Metaspace: 14539K(15104K)->14539K(15104K) NonClass: 12856K(13312K)->12856K(13312K) Class: 1682K(1792K)->1682K(1792K)
[2021-05-06T12:09:12.883+0000][7][gc          ] GC(2) Pause Young (Normal) (G1 Evacuation Pause) 53M->10M(256M) 17.943ms
[2021-05-06T12:09:12.883+0000][7][gc,cpu      ] GC(2) User=0.04s Sys=0.01s Real=0.02s
[2021-05-06T12:09:12.883+0000][7][safepoint   ] Safepoint "G1CollectForAllocation", Time since last: 1234162771 ns, Reaching safepoint: 173332 ns, At safepoint: 18033194 ns, Total: 18206526 ns
[2021-05-06T12:09:13.385+0000][7][safepoint   ] Safepoint "ICBufferFull", Time since last: 501462348 ns, Reaching safepoint: 217271 ns, At safepoint: 9055 ns, Total: 226326 ns
[2021-05-06T12:09:13.392+0000][7][safepoint   ] Safepoint "ICBufferFull", Time since last: 7157548 ns, Reaching safepoint: 70030 ns, At safepoint: 7873 ns, Total: 77903 ns
[2021-05-06T12:09:13.398+0000][7][safepoint   ] Safepoint "ICBufferFull", Time since last: 5394045 ns, Reaching safepoint: 63593 ns, At safepoint: 9154 ns, Total: 72747 ns
[2021-05-06T12:09:13.405+0000][7][safepoint   ] Safepoint "ICBufferFull", Time since last: 6764711 ns, Reaching safepoint: 58525 ns, At safepoint: 13064 ns, Total: 71589 ns
[2021-05-06T12:09:13.426+0000][7][safepoint   ] Safepoint "ICBufferFull", Time since last: 18932217 ns, Reaching safepoint: 2126802 ns, At safepoint: 13186 ns, Total: 2139988 ns
[2021-05-06T12:09:13.431+0000][7][safepoint   ] Safepoint "ICBufferFull", Time since last: 5572030 ns, Reaching safepoint: 163150 ns, At safepoint: 8403 ns, Total: 171553 ns
[2021-05-06T12:09:13.437+0000][7][safepoint   ] Safepoint "ICBufferFull", Time since last: 5762744 ns, Reaching safepoint: 184962 ns, At safepoint: 4517 ns, Total: 189479 ns
[2021-05-06T12:09:13.443+0000][7][safepoint   ] Safepoint "ICBufferFull", Time since last: 5851156 ns, Reaching safepoint: 182552 ns, At safepoint: 7784 ns, Total: 190336 ns
[2021-05-06T12:09:13.450+0000][7][safepoint   ] Safepoint "ICBufferFull", Time since last: 6273982 ns, Reaching safepoint: 62752 ns, At safepoint: 4855 ns, Total: 67607 ns
[2021-05-06T12:09:13.455+0000][7][safepoint   ] Safepoint "ICBufferFull", Time since last: 4937584 ns, Reaching safepoint: 70726 ns, At safepoint: 6421 ns, Total: 77147 ns
[2021-05-06T12:09:13.459+0000][7][safepoint   ] Safepoint "ICBufferFull", Time since last: 3837053 ns, Reaching safepoint: 175345 ns, At safepoint: 3768 ns, Total: 179113 ns
[2021-05-06T12:09:13.464+0000][7][safepoint   ] Safepoint "ICBufferFull", Time since last: 4704880 ns, Reaching safepoint: 90714 ns, At safepoint: 8742 ns, Total: 99456 ns
[2021-05-06T12:09:13.467+0000][7][safepoint   ] Safepoint "ICBufferFull", Time since last: 3635563 ns, Reaching safepoint: 146816 ns, At safepoint: 7245 ns, Total: 154061 ns
[2021-05-06T12:09:13.477+0000][7][safepoint   ] Safepoint "ICBufferFull", Time since last: 8935028 ns, Reaching safepoint: 146837 ns, At safepoint: 6249 ns, Total: 153086 ns
[2021-05-06T12:09:13.480+0000][7][safepoint   ] Safepoint "ICBufferFull", Time since last: 3147562 ns, Reaching safepoint: 116783 ns, At safepoint: 5818 ns, Total: 122601 ns
[2021-05-06T12:09:13.482+0000][7][safepoint   ] Safepoint "ICBufferFull", Time since last: 2485500 ns, Reaching safepoint: 51883 ns, At safepoint: 6971 ns, Total: 58854 ns
[2021-05-06T12:09:13.965+0000][7][safepoint   ] Safepoint "ICBufferFull", Time since last: 482484483 ns, Reaching safepoint: 225602 ns, At safepoint: 8755 ns, Total: 234357 ns
[2021-05-06T12:09:14.077+0000][7][gc,start    ] GC(3) Pause Young (Normal) (G1 Evacuation Pause)
[2021-05-06T12:09:14.077+0000][7][gc,task     ] GC(3) Using 6 workers of 8 for evacuation
[2021-05-06T12:09:14.077+0000][7][gc,age      ] GC(3) Desired survivor size 10485760 bytes, new threshold 15 (max threshold 15)
[2021-05-06T12:09:14.097+0000][7][gc,age      ] GC(3) Age table with threshold 15 (max threshold 15)
[2021-05-06T12:09:14.097+0000][7][gc,age      ] GC(3) - age   1:    4805312 bytes,    4805312 total
[2021-05-06T12:09:14.097+0000][7][gc,age      ] GC(3) - age   2:    1651552 bytes,    6456864 total
[2021-05-06T12:09:14.097+0000][7][gc,age      ] GC(3) - age   3:    1875712 bytes,    8332576 total
[2021-05-06T12:09:14.097+0000][7][gc,phases   ] GC(3)   Pre Evacuate Collection Set: 0.0ms
[2021-05-06T12:09:14.097+0000][7][gc,phases   ] GC(3)   Merge Heap Roots: 0.0ms
[2021-05-06T12:09:14.097+0000][7][gc,phases   ] GC(3)   Evacuate Collection Set: 18.9ms
[2021-05-06T12:09:14.097+0000][7][gc,phases   ] GC(3)   Post Evacuate Collection Set: 0.6ms
[2021-05-06T12:09:14.097+0000][7][gc,phases   ] GC(3)   Other: 0.2ms
[2021-05-06T12:09:14.097+0000][7][gc,heap     ] GC(3) Eden regions: 36->0(35)
[2021-05-06T12:09:14.097+0000][7][gc,heap     ] GC(3) Survivor regions: 1->3(5)
[2021-05-06T12:09:14.097+0000][7][gc,heap     ] GC(3) Old regions: 1->1
[2021-05-06T12:09:14.097+0000][7][gc,heap     ] GC(3) Archive regions: 2->2
[2021-05-06T12:09:14.097+0000][7][gc,heap     ] GC(3) Humongous regions: 0->0
[2021-05-06T12:09:14.097+0000][7][gc,metaspace] GC(3) Metaspace: 17903K(18432K)->17903K(18432K) NonClass: 15768K(16128K)->15768K(16128K) Class: 2135K(2304K)->2135K(2304K)
[2021-05-06T12:09:14.097+0000][7][gc          ] GC(3) Pause Young (Normal) (G1 Evacuation Pause) 154M->15M(256M) 19.913ms
[2021-05-06T12:09:14.097+0000][7][gc,cpu      ] GC(3) User=0.07s Sys=0.00s Real=0.02s
[2021-05-06T12:09:14.097+0000][7][safepoint   ] Safepoint "G1CollectForAllocation", Time since last: 111933591 ns, Reaching safepoint: 69902 ns, At safepoint: 20016004 ns, Total: 20085906 ns
[2021-05-06T12:09:14.806+0000][7][gc,start    ] GC(4) Pause Young (Normal) (G1 Evacuation Pause)
[2021-05-06T12:09:14.806+0000][7][gc,task     ] GC(4) Using 6 workers of 8 for evacuation
[2021-05-06T12:09:14.806+0000][7][gc,age      ] GC(4) Desired survivor size 10485760 bytes, new threshold 15 (max threshold 15)
[2021-05-06T12:09:14.823+0000][7][gc,age      ] GC(4) Age table with threshold 15 (max threshold 15)
[2021-05-06T12:09:14.823+0000][7][gc,age      ] GC(4) - age   1:    2952576 bytes,    2952576 total
[2021-05-06T12:09:14.823+0000][7][gc,age      ] GC(4) - age   2:    3050984 bytes,    6003560 total
[2021-05-06T12:09:14.823+0000][7][gc,age      ] GC(4) - age   3:    1651552 bytes,    7655112 total
[2021-05-06T12:09:14.823+0000][7][gc,age      ] GC(4) - age   4:    1875712 bytes,    9530824 total
[2021-05-06T12:09:14.823+0000][7][gc,phases   ] GC(4)   Pre Evacuate Collection Set: 0.0ms
[2021-05-06T12:09:14.823+0000][7][gc,phases   ] GC(4)   Merge Heap Roots: 0.0ms
[2021-05-06T12:09:14.823+0000][7][gc,phases   ] GC(4)   Evacuate Collection Set: 16.1ms
[2021-05-06T12:09:14.823+0000][7][gc,phases   ] GC(4)   Post Evacuate Collection Set: 1.2ms
[2021-05-06T12:09:14.824+0000][7][gc,phases   ] GC(4)   Other: 0.2ms
[2021-05-06T12:09:14.824+0000][7][gc,heap     ] GC(4) Eden regions: 35->0(35)
[2021-05-06T12:09:14.824+0000][7][gc,heap     ] GC(4) Survivor regions: 3->3(5)
[2021-05-06T12:09:14.824+0000][7][gc,heap     ] GC(4) Old regions: 1->1
[2021-05-06T12:09:14.824+0000][7][gc,heap     ] GC(4) Archive regions: 2->2
[2021-05-06T12:09:14.824+0000][7][gc,heap     ] GC(4) Humongous regions: 0->0
[2021-05-06T12:09:14.824+0000][7][gc,metaspace] GC(4) Metaspace: 18470K(19328K)->18470K(19328K) NonClass: 16264K(16896K)->16264K(16896K) Class: 2205K(2432K)->2205K(2432K)
[2021-05-06T12:09:14.824+0000][7][gc          ] GC(4) Pause Young (Normal) (G1 Evacuation Pause) 155M->17M(256M) 18.049ms
[2021-05-06T12:09:14.824+0000][7][gc,cpu      ] GC(4) User=0.06s Sys=0.00s Real=0.02s
[2021-05-06T12:09:14.824+0000][7][safepoint   ] Safepoint "G1CollectForAllocation", Time since last: 708279402 ns, Reaching safepoint: 186916 ns, At safepoint: 18149734 ns, Total: 18336650 ns
[2021-05-06T12:09:15.344+0000][7][gc,start    ] GC(5) Pause Young (Normal) (G1 Evacuation Pause)
[2021-05-06T12:09:15.345+0000][7][gc,task     ] GC(5) Using 6 workers of 8 for evacuation
[2021-05-06T12:09:15.345+0000][7][gc,age      ] GC(5) Desired survivor size 10485760 bytes, new threshold 15 (max threshold 15)
[2021-05-06T12:09:15.359+0000][7][gc,age      ] GC(5) Age table with threshold 15 (max threshold 15)
[2021-05-06T12:09:15.359+0000][7][gc,age      ] GC(5) - age   1:    3451776 bytes,    3451776 total
[2021-05-06T12:09:15.359+0000][7][gc,age      ] GC(5) - age   2:    1882312 bytes,    5334088 total
[2021-05-06T12:09:15.359+0000][7][gc,age      ] GC(5) - age   3:    3049936 bytes,    8384024 total
[2021-05-06T12:09:15.359+0000][7][gc,age      ] GC(5) - age   4:    1651552 bytes,   10035576 total
[2021-05-06T12:09:15.359+0000][7][gc,age      ] GC(5) - age   5:    1875712 bytes,   11911288 total
[2021-05-06T12:09:15.359+0000][7][gc,phases   ] GC(5)   Pre Evacuate Collection Set: 0.0ms
[2021-05-06T12:09:15.359+0000][7][gc,phases   ] GC(5)   Merge Heap Roots: 0.0ms
[2021-05-06T12:09:15.359+0000][7][gc,phases   ] GC(5)   Evacuate Collection Set: 13.4ms
[2021-05-06T12:09:15.359+0000][7][gc,phases   ] GC(5)   Post Evacuate Collection Set: 0.7ms
[2021-05-06T12:09:15.359+0000][7][gc,phases   ] GC(5)   Other: 0.2ms
[2021-05-06T12:09:15.359+0000][7][gc,heap     ] GC(5) Eden regions: 35->0(34)
[2021-05-06T12:09:15.359+0000][7][gc,heap     ] GC(5) Survivor regions: 3->4(5)
[2021-05-06T12:09:15.359+0000][7][gc,heap     ] GC(5) Old regions: 1->1
[2021-05-06T12:09:15.359+0000][7][gc,heap     ] GC(5) Archive regions: 2->2
[2021-05-06T12:09:15.359+0000][7][gc,heap     ] GC(5) Humongous regions: 0->0
[2021-05-06T12:09:15.359+0000][7][gc,metaspace] GC(5) Metaspace: 18932K(19712K)->18932K(19712K) NonClass: 16652K(17152K)->16652K(17152K) Class: 2279K(2560K)->2279K(2560K)
[2021-05-06T12:09:15.359+0000][7][gc          ] GC(5) Pause Young (Normal) (G1 Evacuation Pause) 157M->19M(256M) 14.480ms
[2021-05-06T12:09:15.359+0000][7][gc,cpu      ] GC(5) User=0.06s Sys=0.00s Real=0.01s
[2021-05-06T12:09:15.359+0000][7][safepoint   ] Safepoint "G1CollectForAllocation", Time since last: 520672387 ns, Reaching safepoint: 73609 ns, At safepoint: 14560671 ns, Total: 14634280 ns
[2021-05-06T12:09:15.708+0000][7][gc,start    ] GC(6) Pause Young (Normal) (G1 Evacuation Pause)
[2021-05-06T12:09:15.708+0000][7][gc,task     ] GC(6) Using 6 workers of 8 for evacuation
[2021-05-06T12:09:15.708+0000][7][gc,age      ] GC(6) Desired survivor size 10485760 bytes, new threshold 5 (max threshold 15)
[2021-05-06T12:09:15.723+0000][7][gc,age      ] GC(6) Age table with threshold 5 (max threshold 15)
[2021-05-06T12:09:15.723+0000][7][gc,age      ] GC(6) - age   1:    1860296 bytes,    1860296 total
[2021-05-06T12:09:15.723+0000][7][gc,age      ] GC(6) - age   2:    1478320 bytes,    3338616 total
[2021-05-06T12:09:15.723+0000][7][gc,age      ] GC(6) - age   3:    1882312 bytes,    5220928 total
[2021-05-06T12:09:15.723+0000][7][gc,age      ] GC(6) - age   4:    3049936 bytes,    8270864 total
[2021-05-06T12:09:15.723+0000][7][gc,age      ] GC(6) - age   5:    1651552 bytes,    9922416 total
[2021-05-06T12:09:15.723+0000][7][gc,phases   ] GC(6)   Pre Evacuate Collection Set: 0.0ms
[2021-05-06T12:09:15.723+0000][7][gc,phases   ] GC(6)   Merge Heap Roots: 0.0ms
[2021-05-06T12:09:15.723+0000][7][gc,phases   ] GC(6)   Evacuate Collection Set: 14.7ms
[2021-05-06T12:09:15.723+0000][7][gc,phases   ] GC(6)   Post Evacuate Collection Set: 0.5ms
[2021-05-06T12:09:15.723+0000][7][gc,phases   ] GC(6)   Other: 0.2ms
[2021-05-06T12:09:15.723+0000][7][gc,heap     ] GC(6) Eden regions: 34->0(35)
[2021-05-06T12:09:15.723+0000][7][gc,heap     ] GC(6) Survivor regions: 4->3(5)
[2021-05-06T12:09:15.723+0000][7][gc,heap     ] GC(6) Old regions: 1->2
[2021-05-06T12:09:15.723+0000][7][gc,heap     ] GC(6) Archive regions: 2->2
[2021-05-06T12:09:15.723+0000][7][gc,heap     ] GC(6) Humongous regions: 0->0
[2021-05-06T12:09:15.723+0000][7][gc,metaspace] GC(6) Metaspace: 19226K(20224K)->19226K(20224K) NonClass: 16916K(17664K)->16916K(17664K) Class: 2310K(2560K)->2310K(2560K)
[2021-05-06T12:09:15.723+0000][7][gc          ] GC(6) Pause Young (Normal) (G1 Evacuation Pause) 155M->19M(256M) 15.675ms
[2021-05-06T12:09:15.723+0000][7][gc,cpu      ] GC(6) User=0.06s Sys=0.00s Real=0.02s
[2021-05-06T12:09:15.723+0000][7][safepoint   ] Safepoint "G1CollectForAllocation", Time since last: 348405875 ns, Reaching safepoint: 174482 ns, At safepoint: 15751663 ns, Total: 15926145 ns
[2021-05-06T12:09:16.116+0000][7][gc,start    ] GC(7) Pause Young (Normal) (G1 Evacuation Pause)
[2021-05-06T12:09:16.116+0000][7][gc,task     ] GC(7) Using 6 workers of 8 for evacuation
[2021-05-06T12:09:16.116+0000][7][gc,age      ] GC(7) Desired survivor size 10485760 bytes, new threshold 15 (max threshold 15)
[2021-05-06T12:09:16.136+0000][7][gc,age      ] GC(7) Age table with threshold 15 (max threshold 15)
[2021-05-06T12:09:16.136+0000][7][gc,age      ] GC(7) - age   1:     750128 bytes,     750128 total
[2021-05-06T12:09:16.136+0000][7][gc,age      ] GC(7) - age   2:    1240800 bytes,    1990928 total
[2021-05-06T12:09:16.136+0000][7][gc,age      ] GC(7) - age   3:    1477680 bytes,    3468608 total
[2021-05-06T12:09:16.136+0000][7][gc,age      ] GC(7) - age   4:    1882248 bytes,    5350856 total
[2021-05-06T12:09:16.136+0000][7][gc,age      ] GC(7) - age   5:    3045984 bytes,    8396840 total
[2021-05-06T12:09:16.136+0000][7][gc,age      ] GC(7) - age   6:    1651552 bytes,   10048392 total
[2021-05-06T12:09:16.136+0000][7][gc,phases   ] GC(7)   Pre Evacuate Collection Set: 0.4ms
[2021-05-06T12:09:16.136+0000][7][gc,phases   ] GC(7)   Merge Heap Roots: 1.0ms
[2021-05-06T12:09:16.136+0000][7][gc,phases   ] GC(7)   Evacuate Collection Set: 17.4ms
[2021-05-06T12:09:16.136+0000][7][gc,phases   ] GC(7)   Post Evacuate Collection Set: 0.6ms
[2021-05-06T12:09:16.136+0000][7][gc,phases   ] GC(7)   Other: 0.3ms
[2021-05-06T12:09:16.136+0000][7][gc,heap     ] GC(7) Eden regions: 35->0(35)
[2021-05-06T12:09:16.136+0000][7][gc,heap     ] GC(7) Survivor regions: 3->3(5)
[2021-05-06T12:09:16.136+0000][7][gc,heap     ] GC(7) Old regions: 2->2
[2021-05-06T12:09:16.136+0000][7][gc,heap     ] GC(7) Archive regions: 2->2
[2021-05-06T12:09:16.136+0000][7][gc,heap     ] GC(7) Humongous regions: 0->0
[2021-05-06T12:09:16.136+0000][7][gc,metaspace] GC(7) Metaspace: 19362K(20224K)->19362K(20224K) NonClass: 17026K(17664K)->17026K(17664K) Class: 2336K(2560K)->2336K(2560K)
[2021-05-06T12:09:16.136+0000][7][gc          ] GC(7) Pause Young (Normal) (G1 Evacuation Pause) 159M->19M(256M) 19.923ms
[2021-05-06T12:09:16.136+0000][7][gc,cpu      ] GC(7) User=0.05s Sys=0.00s Real=0.02s
[2021-05-06T12:09:16.136+0000][7][safepoint   ] Safepoint "G1CollectForAllocation", Time since last: 392142602 ns, Reaching safepoint: 534971 ns, At safepoint: 20016046 ns, Total: 20551017 ns
[2021-05-06T12:09:16.560+0000][7][gc,start    ] GC(8) Pause Young (Normal) (G1 Evacuation Pause)
[2021-05-06T12:09:16.560+0000][7][gc,task     ] GC(8) Using 6 workers of 8 for evacuation
[2021-05-06T12:09:16.560+0000][7][gc,age      ] GC(8) Desired survivor size 10485760 bytes, new threshold 15 (max threshold 15)
[2021-05-06T12:09:16.572+0000][7][gc,age      ] GC(8) Age table with threshold 15 (max threshold 15)
[2021-05-06T12:09:16.572+0000][7][gc,age      ] GC(8) - age   1:     318304 bytes,     318304 total
[2021-05-06T12:09:16.572+0000][7][gc,age      ] GC(8) - age   2:     255600 bytes,     573904 total
[2021-05-06T12:09:16.572+0000][7][gc,age      ] GC(8) - age   3:    1240800 bytes,    1814704 total
[2021-05-06T12:09:16.572+0000][7][gc,age      ] GC(8) - age   4:    1477680 bytes,    3292384 total
[2021-05-06T12:09:16.572+0000][7][gc,age      ] GC(8) - age   5:    1882248 bytes,    5174632 total
[2021-05-06T12:09:16.572+0000][7][gc,age      ] GC(8) - age   6:    3045984 bytes,    8220616 total
[2021-05-06T12:09:16.572+0000][7][gc,age      ] GC(8) - age   7:    1651552 bytes,    9872168 total
[2021-05-06T12:09:16.572+0000][7][gc,phases   ] GC(8)   Pre Evacuate Collection Set: 0.0ms
[2021-05-06T12:09:16.572+0000][7][gc,phases   ] GC(8)   Merge Heap Roots: 0.0ms
[2021-05-06T12:09:16.572+0000][7][gc,phases   ] GC(8)   Evacuate Collection Set: 11.3ms
[2021-05-06T12:09:16.572+0000][7][gc,phases   ] GC(8)   Post Evacuate Collection Set: 0.5ms
[2021-05-06T12:09:16.572+0000][7][gc,phases   ] GC(8)   Other: 0.2ms
[2021-05-06T12:09:16.572+0000][7][gc,heap     ] GC(8) Eden regions: 35->0(35)
[2021-05-06T12:09:16.572+0000][7][gc,heap     ] GC(8) Survivor regions: 3->3(5)
[2021-05-06T12:09:16.572+0000][7][gc,heap     ] GC(8) Old regions: 2->2
[2021-05-06T12:09:16.572+0000][7][gc,heap     ] GC(8) Archive regions: 2->2
[2021-05-06T12:09:16.572+0000][7][gc,heap     ] GC(8) Humongous regions: 0->0
[2021-05-06T12:09:16.572+0000][7][gc,metaspace] GC(8) Metaspace: 19585K(20864K)->19585K(20864K) NonClass: 17207K(18176K)->17207K(18176K) Class: 2378K(2688K)->2378K(2688K)
[2021-05-06T12:09:16.572+0000][7][gc          ] GC(8) Pause Young (Normal) (G1 Evacuation Pause) 159M->19M(256M) 12.260ms
[2021-05-06T12:09:16.572+0000][7][gc,cpu      ] GC(8) User=0.05s Sys=0.00s Real=0.01s
[2021-05-06T12:09:16.572+0000][7][safepoint   ] Safepoint "G1CollectForAllocation", Time since last: 423945680 ns, Reaching safepoint: 124803 ns, At safepoint: 12355420 ns, Total: 12480223 ns
[2021-05-06T12:09:16.882+0000][7][gc,start    ] GC(9) Pause Young (Normal) (G1 Evacuation Pause)
[2021-05-06T12:09:16.882+0000][7][gc,task     ] GC(9) Using 6 workers of 8 for evacuation
[2021-05-06T12:09:16.882+0000][7][gc,age      ] GC(9) Desired survivor size 10485760 bytes, new threshold 15 (max threshold 15)
[2021-05-06T12:09:16.890+0000][7][gc,age      ] GC(9) Age table with threshold 15 (max threshold 15)
[2021-05-06T12:09:16.890+0000][7][gc,age      ] GC(9) - age   1:    1013264 bytes,    1013264 total
[2021-05-06T12:09:16.890+0000][7][gc,age      ] GC(9) - age   2:     291808 bytes,    1305072 total
[2021-05-06T12:09:16.890+0000][7][gc,age      ] GC(9) - age   3:     255448 bytes,    1560520 total
[2021-05-06T12:09:16.890+0000][7][gc,age      ] GC(9) - age   4:    1240800 bytes,    2801320 total
[2021-05-06T12:09:16.890+0000][7][gc,age      ] GC(9) - age   5:    1477008 bytes,    4278328 total
[2021-05-06T12:09:16.890+0000][7][gc,age      ] GC(9) - age   6:    1881960 bytes,    6160288 total
[2021-05-06T12:09:16.890+0000][7][gc,age      ] GC(9) - age   7:    3045856 bytes,    9206144 total
[2021-05-06T12:09:16.890+0000][7][gc,age      ] GC(9) - age   8:    1651552 bytes,   10857696 total
[2021-05-06T12:09:16.890+0000][7][gc,phases   ] GC(9)   Pre Evacuate Collection Set: 0.0ms
[2021-05-06T12:09:16.890+0000][7][gc,phases   ] GC(9)   Merge Heap Roots: 0.0ms
[2021-05-06T12:09:16.890+0000][7][gc,phases   ] GC(9)   Evacuate Collection Set: 7.9ms
[2021-05-06T12:09:16.890+0000][7][gc,phases   ] GC(9)   Post Evacuate Collection Set: 0.4ms
[2021-05-06T12:09:16.890+0000][7][gc,phases   ] GC(9)   Other: 0.2ms
[2021-05-06T12:09:16.890+0000][7][gc,heap     ] GC(9) Eden regions: 35->0(35)
[2021-05-06T12:09:16.890+0000][7][gc,heap     ] GC(9) Survivor regions: 3->3(5)
[2021-05-06T12:09:16.890+0000][7][gc,heap     ] GC(9) Old regions: 2->2
[2021-05-06T12:09:16.890+0000][7][gc,heap     ] GC(9) Archive regions: 2->2
[2021-05-06T12:09:16.890+0000][7][gc,heap     ] GC(9) Humongous regions: 0->0
[2021-05-06T12:09:16.890+0000][7][gc,metaspace] GC(9) Metaspace: 19653K(20864K)->19653K(20864K) NonClass: 17262K(18176K)->17262K(18176K) Class: 2390K(2688K)->2390K(2688K)
[2021-05-06T12:09:16.890+0000][7][gc          ] GC(9) Pause Young (Normal) (G1 Evacuation Pause) 159M->20M(256M) 8.542ms
[2021-05-06T12:09:16.890+0000][7][gc,cpu      ] GC(9) User=0.03s Sys=0.00s Real=0.00s
[2021-05-06T12:09:16.890+0000][7][safepoint   ] Safepoint "G1CollectForAllocation", Time since last: 309174878 ns, Reaching safepoint: 141901 ns, At safepoint: 8600588 ns, Total: 8742489 ns
[2021-05-06T12:09:17.138+0000][7][gc,start    ] GC(10) Pause Young (Concurrent Start) (Metadata GC Threshold)
[2021-05-06T12:09:17.138+0000][7][gc,task     ] GC(10) Using 6 workers of 8 for evacuation
[2021-05-06T12:09:17.138+0000][7][gc,age      ] GC(10) Desired survivor size 10485760 bytes, new threshold 8 (max threshold 15)
[2021-05-06T12:09:17.146+0000][7][gc,age      ] GC(10) Age table with threshold 8 (max threshold 15)
[2021-05-06T12:09:17.147+0000][7][gc,age      ] GC(10) - age   1:    1672144 bytes,    1672144 total
[2021-05-06T12:09:17.147+0000][7][gc,age      ] GC(10) - age   2:     414024 bytes,    2086168 total
[2021-05-06T12:09:17.147+0000][7][gc,age      ] GC(10) - age   3:     291744 bytes,    2377912 total
[2021-05-06T12:09:17.147+0000][7][gc,age      ] GC(10) - age   4:     255448 bytes,    2633360 total
[2021-05-06T12:09:17.147+0000][7][gc,age      ] GC(10) - age   5:    1240800 bytes,    3874160 total
[2021-05-06T12:09:17.147+0000][7][gc,age      ] GC(10) - age   6:    1475968 bytes,    5350128 total
[2021-05-06T12:09:17.147+0000][7][gc,age      ] GC(10) - age   7:    1881960 bytes,    7232088 total
[2021-05-06T12:09:17.147+0000][7][gc,age      ] GC(10) - age   8:    3045736 bytes,   10277824 total
[2021-05-06T12:09:17.147+0000][7][gc,phases   ] GC(10)   Pre Evacuate Collection Set: 0.1ms
[2021-05-06T12:09:17.147+0000][7][gc,phases   ] GC(10)   Merge Heap Roots: 0.0ms
[2021-05-06T12:09:17.147+0000][7][gc,phases   ] GC(10)   Evacuate Collection Set: 7.5ms
[2021-05-06T12:09:17.147+0000][7][gc,phases   ] GC(10)   Post Evacuate Collection Set: 0.4ms
[2021-05-06T12:09:17.147+0000][7][gc,phases   ] GC(10)   Other: 0.3ms
[2021-05-06T12:09:17.147+0000][7][gc,heap     ] GC(10) Eden regions: 25->0(35)
[2021-05-06T12:09:17.147+0000][7][gc,heap     ] GC(10) Survivor regions: 3->3(5)
[2021-05-06T12:09:17.147+0000][7][gc,heap     ] GC(10) Old regions: 2->2
[2021-05-06T12:09:17.147+0000][7][gc,heap     ] GC(10) Archive regions: 2->2
[2021-05-06T12:09:17.147+0000][7][gc,heap     ] GC(10) Humongous regions: 0->0
[2021-05-06T12:09:17.147+0000][7][gc,metaspace] GC(10) Metaspace: 20034K(21296K)->20034K(21296K) NonClass: 17594K(18608K)->17594K(18608K) Class: 2439K(2688K)->2439K(2688K)
[2021-05-06T12:09:17.147+0000][7][gc          ] GC(10) Pause Young (Concurrent Start) (Metadata GC Threshold) 120M->21M(256M) 8.480ms
[2021-05-06T12:09:17.147+0000][7][gc,cpu      ] GC(10) User=0.02s Sys=0.00s Real=0.01s
[2021-05-06T12:09:17.147+0000][7][gc          ] GC(11) Concurrent Cycle
[2021-05-06T12:09:17.147+0000][7][gc,marking  ] GC(11) Concurrent Clear Claimed Marks
[2021-05-06T12:09:17.147+0000][7][gc,marking  ] GC(11) Concurrent Clear Claimed Marks 0.025ms
[2021-05-06T12:09:17.147+0000][7][gc,marking  ] GC(11) Concurrent Scan Root Regions
[2021-05-06T12:09:17.147+0000][7][safepoint   ] Safepoint "CollectForMetadataAllocation", Time since last: 247844227 ns, Reaching safepoint: 53781 ns, At safepoint: 8637227 ns, Total: 8691008 ns
[2021-05-06T12:09:17.150+0000][7][gc,marking  ] GC(11) Concurrent Scan Root Regions 3.584ms
[2021-05-06T12:09:17.151+0000][7][gc,marking  ] GC(11) Concurrent Mark (8.833s)
[2021-05-06T12:09:17.151+0000][7][gc,marking  ] GC(11) Concurrent Mark From Roots
[2021-05-06T12:09:17.151+0000][7][gc,task     ] GC(11) Using 2 workers of 2 for marking
[2021-05-06T12:09:17.157+0000][7][gc,marking  ] GC(11) Concurrent Mark From Roots 6.084ms
[2021-05-06T12:09:17.157+0000][7][gc,marking  ] GC(11) Concurrent Preclean
[2021-05-06T12:09:17.157+0000][7][gc,marking  ] GC(11) Concurrent Preclean 0.167ms
[2021-05-06T12:09:17.157+0000][7][gc,marking  ] GC(11) Concurrent Mark (8.833s, 8.840s) 6.312ms
[2021-05-06T12:09:17.157+0000][7][gc,start    ] GC(11) Pause Remark
[2021-05-06T12:09:17.162+0000][7][gc          ] GC(11) Pause Remark 23M->23M(256M) 4.783ms
[2021-05-06T12:09:17.162+0000][7][gc,cpu      ] GC(11) User=0.00s Sys=0.00s Real=0.01s
[2021-05-06T12:09:17.162+0000][7][safepoint   ] Safepoint "G1Concurrent", Time since last: 9946526 ns, Reaching safepoint: 128187 ns, At safepoint: 4860111 ns, Total: 4988298 ns
[2021-05-06T12:09:17.162+0000][7][gc,marking  ] GC(11) Concurrent Rebuild Remembered Sets
[2021-05-06T12:09:17.169+0000][7][gc,marking  ] GC(11) Concurrent Rebuild Remembered Sets 6.654ms
[2021-05-06T12:09:17.169+0000][7][gc,start    ] GC(11) Pause Cleanup
[2021-05-06T12:09:17.169+0000][7][gc          ] GC(11) Pause Cleanup 29M->29M(256M) 0.057ms
[2021-05-06T12:09:17.169+0000][7][gc,cpu      ] GC(11) User=0.00s Sys=0.00s Real=0.00s
[2021-05-06T12:09:17.169+0000][7][safepoint   ] Safepoint "G1Concurrent", Time since last: 6730221 ns, Reaching safepoint: 378873 ns, At safepoint: 92797 ns, Total: 471670 ns
[2021-05-06T12:09:17.169+0000][7][gc,marking  ] GC(11) Concurrent Cleanup for Next Mark
[2021-05-06T12:09:17.169+0000][7][gc,marking  ] GC(11) Concurrent Cleanup for Next Mark 0.163ms
[2021-05-06T12:09:17.169+0000][7][gc          ] GC(11) Concurrent Cycle 22.436ms
[2021-05-06T12:09:17.421+0000][7][gc,start    ] GC(12) Pause Young (Normal) (G1 Evacuation Pause)
[2021-05-06T12:09:17.421+0000][7][gc,task     ] GC(12) Using 6 workers of 8 for evacuation
[2021-05-06T12:09:17.421+0000][7][gc,age      ] GC(12) Desired survivor size 10485760 bytes, new threshold 15 (max threshold 15)
[2021-05-06T12:09:17.430+0000][7][gc,age      ] GC(12) Age table with threshold 15 (max threshold 15)
[2021-05-06T12:09:17.430+0000][7][gc,age      ] GC(12) - age   1:    2082304 bytes,    2082304 total
[2021-05-06T12:09:17.430+0000][7][gc,age      ] GC(12) - age   2:    1651296 bytes,    3733600 total
[2021-05-06T12:09:17.430+0000][7][gc,age      ] GC(12) - age   3:     412424 bytes,    4146024 total
[2021-05-06T12:09:17.430+0000][7][gc,age      ] GC(12) - age   4:     291744 bytes,    4437768 total
[2021-05-06T12:09:17.430+0000][7][gc,age      ] GC(12) - age   5:     255384 bytes,    4693152 total
[2021-05-06T12:09:17.430+0000][7][gc,age      ] GC(12) - age   6:    1240800 bytes,    5933952 total
[2021-05-06T12:09:17.430+0000][7][gc,age      ] GC(12) - age   7:    1475968 bytes,    7409920 total
[2021-05-06T12:09:17.430+0000][7][gc,age      ] GC(12) - age   8:    1881768 bytes,    9291688 total
[2021-05-06T12:09:17.430+0000][7][gc,age      ] GC(12) - age   9:    3045544 bytes,   12337232 total
[2021-05-06T12:09:17.430+0000][7][gc,phases   ] GC(12)   Pre Evacuate Collection Set: 0.0ms
[2021-05-06T12:09:17.430+0000][7][gc,phases   ] GC(12)   Merge Heap Roots: 0.0ms
[2021-05-06T12:09:17.430+0000][7][gc,phases   ] GC(12)   Evacuate Collection Set: 8.2ms
[2021-05-06T12:09:17.430+0000][7][gc,phases   ] GC(12)   Post Evacuate Collection Set: 0.6ms
[2021-05-06T12:09:17.430+0000][7][gc,phases   ] GC(12)   Other: 0.3ms
[2021-05-06T12:09:17.430+0000][7][gc,heap     ] GC(12) Eden regions: 35->0(34)
[2021-05-06T12:09:17.430+0000][7][gc,heap     ] GC(12) Survivor regions: 3->4(5)
[2021-05-06T12:09:17.430+0000][7][gc,heap     ] GC(12) Old regions: 2->2
[2021-05-06T12:09:17.430+0000][7][gc,heap     ] GC(12) Archive regions: 2->2
[2021-05-06T12:09:17.430+0000][7][gc,heap     ] GC(12) Humongous regions: 0->0
[2021-05-06T12:09:17.430+0000][7][gc,metaspace] GC(12) Metaspace: 20172K(21680K)->20172K(21680K) NonClass: 17702K(18864K)->17702K(18864K) Class: 2470K(2816K)->2470K(2816K)
[2021-05-06T12:09:17.430+0000][7][gc          ] GC(12) Pause Young (Normal) (G1 Evacuation Pause) 161M->23M(256M) 9.343ms
[2021-05-06T12:09:17.430+0000][7][gc,cpu      ] GC(12) User=0.04s Sys=0.00s Real=0.01s
[2021-05-06T12:09:17.431+0000][7][safepoint   ] Safepoint "G1CollectForAllocation", Time since last: 251626381 ns, Reaching safepoint: 75162 ns, At safepoint: 10334972 ns, Total: 10410134 ns
[2021-05-06T12:09:17.686+0000][7][gc,start    ] GC(13) Pause Young (Normal) (G1 Evacuation Pause)
[2021-05-06T12:09:17.686+0000][7][gc,task     ] GC(13) Using 6 workers of 8 for evacuation
[2021-05-06T12:09:17.686+0000][7][gc,age      ] GC(13) Desired survivor size 10485760 bytes, new threshold 9 (max threshold 15)
[2021-05-06T12:09:17.696+0000][7][gc,age      ] GC(13) Age table with threshold 9 (max threshold 15)
[2021-05-06T12:09:17.696+0000][7][gc,age      ] GC(13) - age   1:     706912 bytes,     706912 total
[2021-05-06T12:09:17.696+0000][7][gc,age      ] GC(13) - age   2:     420040 bytes,    1126952 total
[2021-05-06T12:09:17.696+0000][7][gc,age      ] GC(13) - age   3:    1651296 bytes,    2778248 total
[2021-05-06T12:09:17.696+0000][7][gc,age      ] GC(13) - age   4:     412208 bytes,    3190456 total
[2021-05-06T12:09:17.696+0000][7][gc,age      ] GC(13) - age   5:     291744 bytes,    3482200 total
[2021-05-06T12:09:17.696+0000][7][gc,age      ] GC(13) - age   6:     254840 bytes,    3737040 total
[2021-05-06T12:09:17.696+0000][7][gc,age      ] GC(13) - age   7:    1240800 bytes,    4977840 total
[2021-05-06T12:09:17.696+0000][7][gc,age      ] GC(13) - age   8:    1475968 bytes,    6453808 total
[2021-05-06T12:09:17.696+0000][7][gc,age      ] GC(13) - age   9:    1881768 bytes,    8335576 total
[2021-05-06T12:09:17.696+0000][7][gc,phases   ] GC(13)   Pre Evacuate Collection Set: 0.0ms
[2021-05-06T12:09:17.696+0000][7][gc,phases   ] GC(13)   Merge Heap Roots: 0.3ms
[2021-05-06T12:09:17.696+0000][7][gc,phases   ] GC(13)   Evacuate Collection Set: 8.3ms
[2021-05-06T12:09:17.696+0000][7][gc,phases   ] GC(13)   Post Evacuate Collection Set: 1.1ms
[2021-05-06T12:09:17.696+0000][7][gc,phases   ] GC(13)   Other: 0.3ms
[2021-05-06T12:09:17.696+0000][7][gc,heap     ] GC(13) Eden regions: 34->0(35)
[2021-05-06T12:09:17.696+0000][7][gc,heap     ] GC(13) Survivor regions: 4->3(5)
[2021-05-06T12:09:17.696+0000][7][gc,heap     ] GC(13) Old regions: 2->3
[2021-05-06T12:09:17.696+0000][7][gc,heap     ] GC(13) Archive regions: 2->2
[2021-05-06T12:09:17.696+0000][7][gc,heap     ] GC(13) Humongous regions: 0->0
[2021-05-06T12:09:17.696+0000][7][gc,metaspace] GC(13) Metaspace: 20220K(21680K)->20220K(21680K) NonClass: 17740K(18864K)->17740K(18864K) Class: 2480K(2816K)->2480K(2816K)
[2021-05-06T12:09:17.696+0000][7][gc          ] GC(13) Pause Young (Normal) (G1 Evacuation Pause) 159M->22M(256M) 10.161ms
[2021-05-06T12:09:17.696+0000][7][gc,cpu      ] GC(13) User=0.02s Sys=0.00s Real=0.01s
[2021-05-06T12:09:17.696+0000][7][safepoint   ] Safepoint "G1CollectForAllocation", Time since last: 254718120 ns, Reaching safepoint: 244738 ns, At safepoint: 10240258 ns, Total: 10484996 ns
[2021-05-06T12:09:18.612+0000][7][safepoint   ] Safepoint "ICBufferFull", Time since last: 915492996 ns, Reaching safepoint: 247759 ns, At safepoint: 11217 ns, Total: 258976 ns
[2021-05-06T12:09:19.033+0000][7][gc,start    ] GC(14) Pause Young (Normal) (G1 Evacuation Pause)
[2021-05-06T12:09:19.033+0000][7][gc,task     ] GC(14) Using 6 workers of 8 for evacuation
[2021-05-06T12:09:19.033+0000][7][gc,age      ] GC(14) Desired survivor size 10485760 bytes, new threshold 15 (max threshold 15)
[2021-05-06T12:09:19.044+0000][7][gc,age      ] GC(14) Age table with threshold 15 (max threshold 15)
[2021-05-06T12:09:19.044+0000][7][gc,age      ] GC(14) - age   1:    5220096 bytes,    5220096 total
[2021-05-06T12:09:19.044+0000][7][gc,age      ] GC(14) - age   2:     422912 bytes,    5643008 total
[2021-05-06T12:09:19.044+0000][7][gc,age      ] GC(14) - age   3:     419064 bytes,    6062072 total
[2021-05-06T12:09:19.044+0000][7][gc,age      ] GC(14) - age   4:    1647480 bytes,    7709552 total
[2021-05-06T12:09:19.044+0000][7][gc,age      ] GC(14) - age   5:     411648 bytes,    8121200 total
[2021-05-06T12:09:19.044+0000][7][gc,age      ] GC(14) - age   6:     291216 bytes,    8412416 total
[2021-05-06T12:09:19.044+0000][7][gc,age      ] GC(14) - age   7:     247792 bytes,    8660208 total
[2021-05-06T12:09:19.044+0000][7][gc,age      ] GC(14) - age   8:    1237952 bytes,    9898160 total
[2021-05-06T12:09:19.044+0000][7][gc,age      ] GC(14) - age   9:    1472432 bytes,   11370592 total
[2021-05-06T12:09:19.044+0000][7][gc,age      ] GC(14) - age  10:    1874480 bytes,   13245072 total
[2021-05-06T12:09:19.044+0000][7][gc,phases   ] GC(14)   Pre Evacuate Collection Set: 0.0ms
[2021-05-06T12:09:19.044+0000][7][gc,phases   ] GC(14)   Merge Heap Roots: 0.0ms
[2021-05-06T12:09:19.044+0000][7][gc,phases   ] GC(14)   Evacuate Collection Set: 10.2ms
[2021-05-06T12:09:19.044+0000][7][gc,phases   ] GC(14)   Post Evacuate Collection Set: 0.7ms
[2021-05-06T12:09:19.044+0000][7][gc,phases   ] GC(14)   Other: 0.2ms
[2021-05-06T12:09:19.044+0000][7][gc,heap     ] GC(14) Eden regions: 35->0(34)
[2021-05-06T12:09:19.044+0000][7][gc,heap     ] GC(14) Survivor regions: 3->4(5)
[2021-05-06T12:09:19.044+0000][7][gc,heap     ] GC(14) Old regions: 3->3
[2021-05-06T12:09:19.044+0000][7][gc,heap     ] GC(14) Archive regions: 2->2
[2021-05-06T12:09:19.044+0000][7][gc,heap     ] GC(14) Humongous regions: 0->0
[2021-05-06T12:09:19.044+0000][7][gc,metaspace] GC(14) Metaspace: 29138K(30896K)->29138K(30896K) NonClass: 25486K(26800K)->25486K(26800K) Class: 3652K(4096K)->3652K(4096K)
[2021-05-06T12:09:19.044+0000][7][gc          ] GC(14) Pause Young (Normal) (G1 Evacuation Pause) 162M->26M(256M) 11.238ms
[2021-05-06T12:09:19.044+0000][7][gc,cpu      ] GC(14) User=0.04s Sys=0.00s Real=0.02s
[2021-05-06T12:09:19.046+0000][7][safepoint   ] Safepoint "G1CollectForAllocation", Time since last: 420516202 ns, Reaching safepoint: 479973 ns, At safepoint: 12555213 ns, Total: 13035186 ns
[2021-05-06T12:09:20.050+0000][7][safepoint   ] Safepoint "Cleanup", Time since last: 1004072097 ns, Reaching safepoint: 241645 ns, At safepoint: 8432 ns, Total: 250077 ns
[2021-05-06T12:09:20.953+0000][7][gc,start    ] GC(15) Pause Young (Normal) (G1 Evacuation Pause)
[2021-05-06T12:09:20.953+0000][7][gc,task     ] GC(15) Using 6 workers of 8 for evacuation
[2021-05-06T12:09:20.953+0000][7][gc,age      ] GC(15) Desired survivor size 10485760 bytes, new threshold 9 (max threshold 15)
[2021-05-06T12:09:20.981+0000][7][gc,age      ] GC(15) Age table with threshold 9 (max threshold 15)
[2021-05-06T12:09:20.981+0000][7][gc,age      ] GC(15) - age   1:   11457232 bytes,   11457232 total
[2021-05-06T12:09:20.981+0000][7][gc,age      ] GC(15) - age   2:    4820008 bytes,   16277240 total
[2021-05-06T12:09:20.981+0000][7][gc,age      ] GC(15) - age   3:     420856 bytes,   16698096 total
[2021-05-06T12:09:20.981+0000][7][gc,age      ] GC(15) - age   4:     419064 bytes,   17117160 total
[2021-05-06T12:09:20.981+0000][7][gc,age      ] GC(15) - age   5:    1647480 bytes,   18764640 total
[2021-05-06T12:09:20.981+0000][7][gc,age      ] GC(15) - age   6:     411648 bytes,   19176288 total
[2021-05-06T12:09:20.981+0000][7][gc,age      ] GC(15) - age   7:     291216 bytes,   19467504 total
[2021-05-06T12:09:20.981+0000][7][gc,age      ] GC(15) - age   8:     247760 bytes,   19715264 total
[2021-05-06T12:09:20.981+0000][7][gc,age      ] GC(15) - age   9:    1237952 bytes,   20953216 total
[2021-05-06T12:09:20.981+0000][7][gc,phases   ] GC(15)   Pre Evacuate Collection Set: 0.0ms
[2021-05-06T12:09:20.981+0000][7][gc,phases   ] GC(15)   Merge Heap Roots: 0.0ms
[2021-05-06T12:09:20.981+0000][7][gc,phases   ] GC(15)   Evacuate Collection Set: 26.7ms
[2021-05-06T12:09:20.981+0000][7][gc,phases   ] GC(15)   Post Evacuate Collection Set: 0.5ms
[2021-05-06T12:09:20.981+0000][7][gc,phases   ] GC(15)   Other: 0.3ms
[2021-05-06T12:09:20.981+0000][7][gc,heap     ] GC(15) Eden regions: 34->0(33)
[2021-05-06T12:09:20.981+0000][7][gc,heap     ] GC(15) Survivor regions: 4->5(5)
[2021-05-06T12:09:20.981+0000][7][gc,heap     ] GC(15) Old regions: 3->5
[2021-05-06T12:09:20.981+0000][7][gc,heap     ] GC(15) Archive regions: 2->2
[2021-05-06T12:09:20.981+0000][7][gc,heap     ] GC(15) Humongous regions: 0->0
[2021-05-06T12:09:20.981+0000][7][gc,metaspace] GC(15) Metaspace: 30095K(32176K)->30095K(32176K) NonClass: 26327K(27824K)->26327K(27824K) Class: 3767K(4352K)->3767K(4352K)
[2021-05-06T12:09:20.981+0000][7][gc          ] GC(15) Pause Young (Normal) (G1 Evacuation Pause) 162M->42M(256M) 27.733ms
[2021-05-06T12:09:20.981+0000][7][gc,cpu      ] GC(15) User=0.13s Sys=0.00s Real=0.03s
[2021-05-06T12:09:20.981+0000][7][safepoint   ] Safepoint "G1CollectForAllocation", Time since last: 903190349 ns, Reaching safepoint: 91515 ns, At safepoint: 27911807 ns, Total: 28003322 ns
[2021-05-06T12:09:21.981+0000][7][safepoint   ] Safepoint "Cleanup", Time since last: 1000104025 ns, Reaching safepoint: 215386 ns, At safepoint: 24665 ns, Total: 240051 ns
[2021-05-06T12:09:22.123+0000][7][gc,start    ] GC(16) Pause Young (Concurrent Start) (Metadata GC Threshold)
[2021-05-06T12:09:22.123+0000][7][gc,task     ] GC(16) Using 6 workers of 8 for evacuation
[2021-05-06T12:09:22.123+0000][7][gc,age      ] GC(16) Desired survivor size 10485760 bytes, new threshold 1 (max threshold 15)
[2021-05-06T12:09:22.179+0000][7][gc,age      ] GC(16) Age table with threshold 1 (max threshold 15)
[2021-05-06T12:09:22.179+0000][7][gc,age      ] GC(16) - age   1:   16559272 bytes,   16559272 total
[2021-05-06T12:09:22.179+0000][7][gc,phases   ] GC(16)   Pre Evacuate Collection Set: 0.1ms
[2021-05-06T12:09:22.179+0000][7][gc,phases   ] GC(16)   Merge Heap Roots: 0.3ms
[2021-05-06T12:09:22.179+0000][7][gc,phases   ] GC(16)   Evacuate Collection Set: 54.8ms
[2021-05-06T12:09:22.179+0000][7][gc,phases   ] GC(16)   Post Evacuate Collection Set: 0.6ms
[2021-05-06T12:09:22.179+0000][7][gc,phases   ] GC(16)   Other: 0.2ms
[2021-05-06T12:09:22.179+0000][7][gc,heap     ] GC(16) Eden regions: 28->0(29)
[2021-05-06T12:09:22.179+0000][7][gc,heap     ] GC(16) Survivor regions: 5->5(5)
[2021-05-06T12:09:22.179+0000][7][gc,heap     ] GC(16) Old regions: 5->10
[2021-05-06T12:09:22.179+0000][7][gc,heap     ] GC(16) Archive regions: 2->2
[2021-05-06T12:09:22.179+0000][7][gc,heap     ] GC(16) Humongous regions: 0->0
[2021-05-06T12:09:22.179+0000][7][gc,metaspace] GC(16) Metaspace: 33480K(35632K)->33480K(35632K) NonClass: 29146K(30640K)->29146K(30640K) Class: 4333K(4992K)->4333K(4992K)
[2021-05-06T12:09:22.180+0000][7][gc          ] GC(16) Pause Young (Concurrent Start) (Metadata GC Threshold) 154M->60M(256M) 56.190ms
[2021-05-06T12:09:22.180+0000][7][gc,cpu      ] GC(16) User=0.27s Sys=0.00s Real=0.05s
[2021-05-06T12:09:22.180+0000][7][gc          ] GC(17) Concurrent Cycle
[2021-05-06T12:09:22.180+0000][7][gc,marking  ] GC(17) Concurrent Clear Claimed Marks
[2021-05-06T12:09:22.180+0000][7][gc,marking  ] GC(17) Concurrent Clear Claimed Marks 0.056ms
[2021-05-06T12:09:22.180+0000][7][gc,marking  ] GC(17) Concurrent Scan Root Regions
[2021-05-06T12:09:22.182+0000][7][safepoint   ] Safepoint "CollectForMetadataAllocation", Time since last: 141656523 ns, Reaching safepoint: 189831 ns, At safepoint: 58283099 ns, Total: 58472930 ns
[2021-05-06T12:09:22.218+0000][7][gc,marking  ] GC(17) Concurrent Scan Root Regions 38.756ms
[2021-05-06T12:09:22.218+0000][7][gc,marking  ] GC(17) Concurrent Mark (13.901s)
[2021-05-06T12:09:22.218+0000][7][gc,marking  ] GC(17) Concurrent Mark From Roots
[2021-05-06T12:09:22.218+0000][7][gc,task     ] GC(17) Using 2 workers of 2 for marking
[2021-05-06T12:09:22.228+0000][7][safepoint   ] Safepoint "CollectForMetadataAllocation", Time since last: 45860774 ns, Reaching safepoint: 172041 ns, At safepoint: 172905 ns, Total: 344946 ns
[2021-05-06T12:09:22.260+0000][7][gc,marking  ] GC(17) Concurrent Mark From Roots 41.196ms
[2021-05-06T12:09:22.260+0000][7][gc,marking  ] GC(17) Concurrent Preclean
[2021-05-06T12:09:22.260+0000][7][gc,marking  ] GC(17) Concurrent Preclean 0.227ms
[2021-05-06T12:09:22.260+0000][7][gc,marking  ] GC(17) Concurrent Mark (13.901s, 13.943s) 41.485ms
[2021-05-06T12:09:22.260+0000][7][gc,start    ] GC(17) Pause Remark
[2021-05-06T12:09:22.271+0000][7][gc          ] GC(17) Pause Remark 64M->64M(256M) 10.160ms
[2021-05-06T12:09:22.271+0000][7][gc,cpu      ] GC(17) User=0.05s Sys=0.00s Real=0.01s
[2021-05-06T12:09:22.271+0000][7][safepoint   ] Safepoint "G1Concurrent", Time since last: 32191731 ns, Reaching safepoint: 457600 ns, At safepoint: 10243480 ns, Total: 10701080 ns
[2021-05-06T12:09:22.271+0000][7][gc,marking  ] GC(17) Concurrent Rebuild Remembered Sets
[2021-05-06T12:09:22.332+0000][7][gc,marking  ] GC(17) Concurrent Rebuild Remembered Sets 61.633ms
[2021-05-06T12:09:22.333+0000][7][gc,start    ] GC(17) Pause Cleanup
[2021-05-06T12:09:22.333+0000][7][gc          ] GC(17) Pause Cleanup 64M->64M(256M) 0.087ms
[2021-05-06T12:09:22.333+0000][7][gc,cpu      ] GC(17) User=0.00s Sys=0.00s Real=0.00s
[2021-05-06T12:09:22.333+0000][7][safepoint   ] Safepoint "G1Concurrent", Time since last: 61730445 ns, Reaching safepoint: 645258 ns, At safepoint: 140432 ns, Total: 785690 ns
[2021-05-06T12:09:22.333+0000][7][gc,marking  ] GC(17) Concurrent Cleanup for Next Mark
[2021-05-06T12:09:22.334+0000][7][gc,marking  ] GC(17) Concurrent Cleanup for Next Mark 0.291ms
[2021-05-06T12:09:22.334+0000][7][gc          ] GC(17) Concurrent Cycle 153.986ms
[2021-05-06T12:09:22.786+0000][7][gc,start    ] GC(18) Pause Young (Concurrent Start) (G1 Evacuation Pause)
[2021-05-06T12:09:22.786+0000][7][gc,task     ] GC(18) Using 6 workers of 8 for evacuation
[2021-05-06T12:09:22.786+0000][7][gc,age      ] GC(18) Desired survivor size 10485760 bytes, new threshold 1 (max threshold 15)
[2021-05-06T12:09:22.820+0000][7][gc,age      ] GC(18) Age table with threshold 1 (max threshold 15)
[2021-05-06T12:09:22.820+0000][7][gc,age      ] GC(18) - age   1:    1340968 bytes,    1340968 total
[2021-05-06T12:09:22.820+0000][7][gc,phases   ] GC(18)   Pre Evacuate Collection Set: 0.1ms
[2021-05-06T12:09:22.820+0000][7][gc,phases   ] GC(18)   Merge Heap Roots: 0.1ms
[2021-05-06T12:09:22.820+0000][7][gc,phases   ] GC(18)   Evacuate Collection Set: 33.3ms
[2021-05-06T12:09:22.820+0000][7][gc,phases   ] GC(18)   Post Evacuate Collection Set: 0.5ms
[2021-05-06T12:09:22.820+0000][7][gc,phases   ] GC(18)   Other: 0.2ms
[2021-05-06T12:09:22.820+0000][7][gc,heap     ] GC(18) Eden regions: 29->0(30)
[2021-05-06T12:09:22.820+0000][7][gc,heap     ] GC(18) Survivor regions: 5->1(5)
[2021-05-06T12:09:22.820+0000][7][gc,heap     ] GC(18) Old regions: 10->14
[2021-05-06T12:09:22.820+0000][7][gc,heap     ] GC(18) Archive regions: 2->2
[2021-05-06T12:09:22.821+0000][7][gc,heap     ] GC(18) Humongous regions: 0->0
[2021-05-06T12:09:22.821+0000][7][gc,metaspace] GC(18) Metaspace: 36037K(38600K)->36037K(38600K) NonClass: 31454K(33352K)->31454K(33352K) Class: 4583K(5248K)->4583K(5248K)
[2021-05-06T12:09:22.821+0000][7][gc          ] GC(18) Pause Young (Concurrent Start) (G1 Evacuation Pause) 176M->62M(256M) 34.373ms
[2021-05-06T12:09:22.821+0000][7][gc,cpu      ] GC(18) User=0.07s Sys=0.00s Real=0.03s
[2021-05-06T12:09:22.821+0000][7][gc          ] GC(19) Concurrent Cycle
[2021-05-06T12:09:22.821+0000][7][safepoint   ] Safepoint "G1CollectForAllocation", Time since last: 452742114 ns, Reaching safepoint: 183699 ns, At safepoint: 34459684 ns, Total: 34643383 ns
[2021-05-06T12:09:22.821+0000][7][gc,marking  ] GC(19) Concurrent Clear Claimed Marks
[2021-05-06T12:09:22.821+0000][7][gc,marking  ] GC(19) Concurrent Clear Claimed Marks 0.053ms
[2021-05-06T12:09:22.821+0000][7][gc,marking  ] GC(19) Concurrent Scan Root Regions
[2021-05-06T12:09:22.847+0000][7][gc,marking  ] GC(19) Concurrent Scan Root Regions 26.485ms
[2021-05-06T12:09:22.847+0000][7][gc,marking  ] GC(19) Concurrent Mark (14.530s)
[2021-05-06T12:09:22.847+0000][7][gc,marking  ] GC(19) Concurrent Mark From Roots
[2021-05-06T12:09:22.847+0000][7][gc,task     ] GC(19) Using 2 workers of 2 for marking
[2021-05-06T12:09:22.954+0000][7][gc,marking  ] GC(19) Concurrent Mark From Roots 107.052ms
[2021-05-06T12:09:22.954+0000][7][gc,marking  ] GC(19) Concurrent Preclean
[2021-05-06T12:09:22.955+0000][7][gc,marking  ] GC(19) Concurrent Preclean 0.241ms
[2021-05-06T12:09:22.955+0000][7][gc,marking  ] GC(19) Concurrent Mark (14.530s, 14.637s) 107.410ms
[2021-05-06T12:09:22.955+0000][7][gc,start    ] GC(19) Pause Remark
[2021-05-06T12:09:22.960+0000][7][gc          ] GC(19) Pause Remark 68M->68M(256M) 5.026ms
[2021-05-06T12:09:22.960+0000][7][gc,cpu      ] GC(19) User=0.01s Sys=0.00s Real=0.00s
[2021-05-06T12:09:22.960+0000][7][safepoint   ] Safepoint "G1Concurrent", Time since last: 134040034 ns, Reaching safepoint: 223418 ns, At safepoint: 5117888 ns, Total: 5341306 ns
[2021-05-06T12:09:22.960+0000][7][gc,marking  ] GC(19) Concurrent Rebuild Remembered Sets
[2021-05-06T12:09:23.149+0000][7][gc,marking  ] GC(19) Concurrent Rebuild Remembered Sets 189.318ms
[2021-05-06T12:09:23.154+0000][7][gc,start    ] GC(19) Pause Cleanup
[2021-05-06T12:09:23.154+0000][7][gc          ] GC(19) Pause Cleanup 72M->72M(256M) 0.125ms
[2021-05-06T12:09:23.154+0000][7][gc,cpu      ] GC(19) User=0.00s Sys=0.00s Real=0.00s
[2021-05-06T12:09:23.154+0000][7][safepoint   ] Safepoint "G1Concurrent", Time since last: 189434557 ns, Reaching safepoint: 4539309 ns, At safepoint: 189188 ns, Total: 4728497 ns
[2021-05-06T12:09:23.158+0000][7][gc,marking  ] GC(19) Concurrent Cleanup for Next Mark
[2021-05-06T12:09:23.158+0000][7][gc,marking  ] GC(19) Concurrent Cleanup for Next Mark 0.311ms
[2021-05-06T12:09:23.158+0000][7][gc          ] GC(19) Concurrent Cycle 337.505ms
[2021-05-06T12:09:24.158+0000][7][safepoint   ] Safepoint "Cleanup", Time since last: 1003461273 ns, Reaching safepoint: 101232 ns, At safepoint: 7893 ns, Total: 109125 ns
[2021-05-06T12:09:25.384+0000][7][safepoint   ] Safepoint "Cleanup", Time since last: 1226187942 ns, Reaching safepoint: 169896 ns, At safepoint: 7103 ns, Total: 176999 ns
[2021-05-06T12:09:25.693+0000][7][gc,start    ] GC(20) Pause Young (Normal) (G1 Evacuation Pause)
[2021-05-06T12:09:25.693+0000][7][gc,task     ] GC(20) Using 6 workers of 8 for evacuation
[2021-05-06T12:09:25.693+0000][7][gc,age      ] GC(20) Desired survivor size 8388608 bytes, new threshold 15 (max threshold 15)
[2021-05-06T12:09:25.701+0000][7][gc,age      ] GC(20) Age table with threshold 15 (max threshold 15)
[2021-05-06T12:09:25.701+0000][7][gc,age      ] GC(20) - age   1:    5285992 bytes,    5285992 total
[2021-05-06T12:09:25.701+0000][7][gc,age      ] GC(20) - age   2:    1287920 bytes,    6573912 total
[2021-05-06T12:09:25.701+0000][7][gc,phases   ] GC(20)   Pre Evacuate Collection Set: 0.0ms
[2021-05-06T12:09:25.701+0000][7][gc,phases   ] GC(20)   Merge Heap Roots: 0.1ms
[2021-05-06T12:09:25.701+0000][7][gc,phases   ] GC(20)   Evacuate Collection Set: 7.3ms
[2021-05-06T12:09:25.701+0000][7][gc,phases   ] GC(20)   Post Evacuate Collection Set: 0.7ms
[2021-05-06T12:09:25.701+0000][7][gc,phases   ] GC(20)   Other: 0.2ms
[2021-05-06T12:09:25.701+0000][7][gc,heap     ] GC(20) Eden regions: 30->0(30)
[2021-05-06T12:09:25.701+0000][7][gc,heap     ] GC(20) Survivor regions: 1->2(4)
[2021-05-06T12:09:25.701+0000][7][gc,heap     ] GC(20) Old regions: 14->14
[2021-05-06T12:09:25.701+0000][7][gc,heap     ] GC(20) Archive regions: 2->2
[2021-05-06T12:09:25.701+0000][7][gc,heap     ] GC(20) Humongous regions: 0->0
[2021-05-06T12:09:25.701+0000][7][gc,metaspace] GC(20) Metaspace: 51806K(55240K)->51806K(55240K) NonClass: 44875K(47432K)->44875K(47432K) Class: 6931K(7808K)->6931K(7808K)
[2021-05-06T12:09:25.701+0000][7][gc          ] GC(20) Pause Young (Normal) (G1 Evacuation Pause) 182M->66M(256M) 8.291ms
[2021-05-06T12:09:25.701+0000][7][gc,cpu      ] GC(20) User=0.06s Sys=0.00s Real=0.01s
[2021-05-06T12:09:25.701+0000][7][safepoint   ] Safepoint "G1CollectForAllocation", Time since last: 308623729 ns, Reaching safepoint: 141931 ns, At safepoint: 8360803 ns, Total: 8502734 ns
[2021-05-06T12:09:26.692+0000][7][safepoint   ] Safepoint "ICBufferFull", Time since last: 990195601 ns, Reaching safepoint: 258308 ns, At safepoint: 9486 ns, Total: 267794 ns
[2021-05-06T12:09:27.064+0000][7][gc,start    ] GC(21) Pause Young (Normal) (G1 Evacuation Pause)
[2021-05-06T12:09:27.064+0000][7][gc,task     ] GC(21) Using 6 workers of 8 for evacuation
[2021-05-06T12:09:27.064+0000][7][gc,age      ] GC(21) Desired survivor size 8388608 bytes, new threshold 15 (max threshold 15)
[2021-05-06T12:09:27.073+0000][7][gc,age      ] GC(21) Age table with threshold 15 (max threshold 15)
[2021-05-06T12:09:27.073+0000][7][gc,age      ] GC(21) - age   1:    5569360 bytes,    5569360 total
[2021-05-06T12:09:27.073+0000][7][gc,age      ] GC(21) - age   2:    5104136 bytes,   10673496 total
[2021-05-06T12:09:27.073+0000][7][gc,age      ] GC(21) - age   3:    1286416 bytes,   11959912 total
[2021-05-06T12:09:27.073+0000][7][gc,phases   ] GC(21)   Pre Evacuate Collection Set: 0.0ms
[2021-05-06T12:09:27.073+0000][7][gc,phases   ] GC(21)   Merge Heap Roots: 0.0ms
[2021-05-06T12:09:27.073+0000][7][gc,phases   ] GC(21)   Evacuate Collection Set: 8.1ms
[2021-05-06T12:09:27.073+0000][7][gc,phases   ] GC(21)   Post Evacuate Collection Set: 0.8ms
[2021-05-06T12:09:27.073+0000][7][gc,phases   ] GC(21)   Other: 0.2ms
[2021-05-06T12:09:27.073+0000][7][gc,heap     ] GC(21) Eden regions: 30->0(29)
[2021-05-06T12:09:27.073+0000][7][gc,heap     ] GC(21) Survivor regions: 2->3(4)
[2021-05-06T12:09:27.073+0000][7][gc,heap     ] GC(21) Old regions: 14->14
[2021-05-06T12:09:27.073+0000][7][gc,heap     ] GC(21) Archive regions: 2->2
[2021-05-06T12:09:27.073+0000][7][gc,heap     ] GC(21) Humongous regions: 0->0
[2021-05-06T12:09:27.073+0000][7][gc,metaspace] GC(21) Metaspace: 59456K(63048K)->59456K(63048K) NonClass: 51632K(54344K)->51632K(54344K) Class: 7824K(8704K)->7824K(8704K)
[2021-05-06T12:09:27.073+0000][7][gc          ] GC(21) Pause Young (Normal) (G1 Evacuation Pause) 186M->71M(256M) 9.132ms
[2021-05-06T12:09:27.073+0000][7][gc,cpu      ] GC(21) User=0.06s Sys=0.00s Real=0.00s
[2021-05-06T12:09:27.073+0000][7][safepoint   ] Safepoint "G1CollectForAllocation", Time since last: 372496765 ns, Reaching safepoint: 135472 ns, At safepoint: 9190700 ns, Total: 9326172 ns
[2021-05-06T12:09:27.168+0000][7][gc,start    ] GC(22) Pause Young (Concurrent Start) (Metadata GC Threshold)
[2021-05-06T12:09:27.168+0000][7][gc,task     ] GC(22) Using 6 workers of 8 for evacuation
[2021-05-06T12:09:27.168+0000][7][gc,age      ] GC(22) Desired survivor size 8388608 bytes, new threshold 2 (max threshold 15)
[2021-05-06T12:09:27.179+0000][7][gc,age      ] GC(22) Age table with threshold 2 (max threshold 15)
[2021-05-06T12:09:27.179+0000][7][gc,age      ] GC(22) - age   1:     291328 bytes,     291328 total
[2021-05-06T12:09:27.179+0000][7][gc,age      ] GC(22) - age   2:    5468360 bytes,    5759688 total
[2021-05-06T12:09:27.179+0000][7][gc,phases   ] GC(22)   Pre Evacuate Collection Set: 0.1ms
[2021-05-06T12:09:27.179+0000][7][gc,phases   ] GC(22)   Merge Heap Roots: 0.1ms
[2021-05-06T12:09:27.179+0000][7][gc,phases   ] GC(22)   Evacuate Collection Set: 10.5ms
[2021-05-06T12:09:27.179+0000][7][gc,phases   ] GC(22)   Post Evacuate Collection Set: 0.5ms
[2021-05-06T12:09:27.180+0000][7][gc,phases   ] GC(22)   Other: 0.2ms
[2021-05-06T12:09:27.180+0000][7][gc,heap     ] GC(22) Eden regions: 3->0(29)
[2021-05-06T12:09:27.180+0000][7][gc,heap     ] GC(22) Survivor regions: 3->2(4)
[2021-05-06T12:09:27.180+0000][7][gc,heap     ] GC(22) Old regions: 14->16
[2021-05-06T12:09:27.180+0000][7][gc,heap     ] GC(22) Archive regions: 2->2
[2021-05-06T12:09:27.180+0000][7][gc,heap     ] GC(22) Humongous regions: 0->0
[2021-05-06T12:09:27.180+0000][7][gc,metaspace] GC(22) Metaspace: 60560K(64328K)->60560K(64328K) NonClass: 52585K(55368K)->52585K(55368K) Class: 7974K(8960K)->7974K(8960K)
[2021-05-06T12:09:27.180+0000][7][gc          ] GC(22) Pause Young (Concurrent Start) (Metadata GC Threshold) 80M->72M(256M) 11.457ms
[2021-05-06T12:09:27.180+0000][7][gc,cpu      ] GC(22) User=0.08s Sys=0.00s Real=0.01s
[2021-05-06T12:09:27.180+0000][7][gc          ] GC(23) Concurrent Cycle
[2021-05-06T12:09:27.180+0000][7][gc,marking  ] GC(23) Concurrent Clear Claimed Marks
[2021-05-06T12:09:27.180+0000][7][gc,marking  ] GC(23) Concurrent Clear Claimed Marks 0.053ms
[2021-05-06T12:09:27.180+0000][7][gc,marking  ] GC(23) Concurrent Scan Root Regions
[2021-05-06T12:09:27.180+0000][7][safepoint   ] Safepoint "CollectForMetadataAllocation", Time since last: 94464720 ns, Reaching safepoint: 172474 ns, At safepoint: 11675912 ns, Total: 11848386 ns
[2021-05-06T12:09:27.188+0000][7][gc,marking  ] GC(23) Concurrent Scan Root Regions 7.776ms
[2021-05-06T12:09:27.188+0000][7][gc,marking  ] GC(23) Concurrent Mark (18.870s)
[2021-05-06T12:09:27.188+0000][7][gc,marking  ] GC(23) Concurrent Mark From Roots
[2021-05-06T12:09:27.188+0000][7][gc,task     ] GC(23) Using 2 workers of 2 for marking
[2021-05-06T12:09:27.209+0000][7][safepoint   ] Safepoint "CollectForMetadataAllocation", Time since last: 29220242 ns, Reaching safepoint: 114639 ns, At safepoint: 128815 ns, Total: 243454 ns
[2021-05-06T12:09:27.240+0000][7][safepoint   ] Safepoint "CollectForMetadataAllocation", Time since last: 30138333 ns, Reaching safepoint: 70730 ns, At safepoint: 77720 ns, Total: 148450 ns
[2021-05-06T12:09:27.248+0000][7][gc,marking  ] GC(23) Concurrent Mark From Roots 60.861ms
[2021-05-06T12:09:27.248+0000][7][gc,marking  ] GC(23) Concurrent Preclean
[2021-05-06T12:09:27.249+0000][7][gc,marking  ] GC(23) Concurrent Preclean 0.306ms
[2021-05-06T12:09:27.249+0000][7][gc,marking  ] GC(23) Concurrent Mark (18.870s, 18.932s) 61.215ms
[2021-05-06T12:09:27.249+0000][7][gc,start    ] GC(23) Pause Remark
[2021-05-06T12:09:27.251+0000][7][gc          ] GC(23) Pause Remark 80M->80M(256M) 1.863ms
[2021-05-06T12:09:27.251+0000][7][gc,cpu      ] GC(23) User=0.01s Sys=0.00s Real=0.00s
[2021-05-06T12:09:27.251+0000][7][safepoint   ] Safepoint "G1Concurrent", Time since last: 9235868 ns, Reaching safepoint: 169185 ns, At safepoint: 1915039 ns, Total: 2084224 ns
[2021-05-06T12:09:27.251+0000][7][gc,marking  ] GC(23) Concurrent Rebuild Remembered Sets
[2021-05-06T12:09:27.292+0000][7][gc,marking  ] GC(23) Concurrent Rebuild Remembered Sets 41.527ms
[2021-05-06T12:09:27.293+0000][7][gc,start    ] GC(23) Pause Cleanup
[2021-05-06T12:09:27.293+0000][7][gc          ] GC(23) Pause Cleanup 84M->84M(256M) 0.058ms
[2021-05-06T12:09:27.293+0000][7][gc,cpu      ] GC(23) User=0.00s Sys=0.00s Real=0.00s
[2021-05-06T12:09:27.293+0000][7][safepoint   ] Safepoint "G1Concurrent", Time since last: 41586692 ns, Reaching safepoint: 486043 ns, At safepoint: 95551 ns, Total: 581594 ns
[2021-05-06T12:09:27.293+0000][7][gc,marking  ] GC(23) Concurrent Cleanup for Next Mark
[2021-05-06T12:09:27.293+0000][7][gc,marking  ] GC(23) Concurrent Cleanup for Next Mark 0.165ms
[2021-05-06T12:09:27.293+0000][7][gc          ] GC(23) Concurrent Cycle 113.628ms
[2021-05-06T12:09:28.586+0000][7][safepoint   ] Safepoint "Cleanup", Time since last: 1292515778 ns, Reaching safepoint: 935614 ns, At safepoint: 7666 ns, Total: 943280 ns
[2021-05-06T12:09:28.997+0000][7][gc,start    ] GC(24) Pause Young (Concurrent Start) (G1 Evacuation Pause)
[2021-05-06T12:09:28.997+0000][7][gc,task     ] GC(24) Using 6 workers of 8 for evacuation
[2021-05-06T12:09:28.997+0000][7][gc,age      ] GC(24) Desired survivor size 8388608 bytes, new threshold 15 (max threshold 15)
[2021-05-06T12:09:29.012+0000][7][gc,age      ] GC(24) Age table with threshold 15 (max threshold 15)
[2021-05-06T12:09:29.012+0000][7][gc,age      ] GC(24) - age   1:    5979576 bytes,    5979576 total
[2021-05-06T12:09:29.012+0000][7][gc,age      ] GC(24) - age   2:     268608 bytes,    6248184 total
[2021-05-06T12:09:29.012+0000][7][gc,age      ] GC(24) - age   3:    5433016 bytes,   11681200 total
[2021-05-06T12:09:29.012+0000][7][gc,phases   ] GC(24)   Pre Evacuate Collection Set: 0.1ms
[2021-05-06T12:09:29.012+0000][7][gc,phases   ] GC(24)   Merge Heap Roots: 0.1ms
[2021-05-06T12:09:29.012+0000][7][gc,phases   ] GC(24)   Evacuate Collection Set: 14.4ms
[2021-05-06T12:09:29.012+0000][7][gc,phases   ] GC(24)   Post Evacuate Collection Set: 0.9ms
[2021-05-06T12:09:29.012+0000][7][gc,phases   ] GC(24)   Other: 0.2ms
[2021-05-06T12:09:29.012+0000][7][gc,heap     ] GC(24) Eden regions: 29->0(28)
[2021-05-06T12:09:29.012+0000][7][gc,heap     ] GC(24) Survivor regions: 2->3(4)
[2021-05-06T12:09:29.012+0000][7][gc,heap     ] GC(24) Old regions: 16->16
[2021-05-06T12:09:29.012+0000][7][gc,heap     ] GC(24) Archive regions: 2->2
[2021-05-06T12:09:29.012+0000][7][gc,heap     ] GC(24) Humongous regions: 0->0
[2021-05-06T12:09:29.012+0000][7][gc,metaspace] GC(24) Metaspace: 77134K(81256K)->77134K(81256K) NonClass: 66741K(69864K)->66741K(69864K) Class: 10393K(11392K)->10393K(11392K)
[2021-05-06T12:09:29.012+0000][7][gc          ] GC(24) Pause Young (Concurrent Start) (G1 Evacuation Pause) 188M->77M(256M) 15.779ms
[2021-05-06T12:09:29.013+0000][7][gc,cpu      ] GC(24) User=0.09s Sys=0.00s Real=0.01s
[2021-05-06T12:09:29.013+0000][7][gc          ] GC(25) Concurrent Cycle
[2021-05-06T12:09:29.013+0000][7][gc,marking  ] GC(25) Concurrent Clear Claimed Marks
[2021-05-06T12:09:29.013+0000][7][gc,marking  ] GC(25) Concurrent Clear Claimed Marks 0.060ms
[2021-05-06T12:09:29.013+0000][7][gc,marking  ] GC(25) Concurrent Scan Root Regions
[2021-05-06T12:09:29.013+0000][7][safepoint   ] Safepoint "G1CollectForAllocation", Time since last: 410114277 ns, Reaching safepoint: 80281 ns, At safepoint: 15852373 ns, Total: 15932654 ns
[2021-05-06T12:09:29.027+0000][7][gc,marking  ] GC(25) Concurrent Scan Root Regions 13.930ms
[2021-05-06T12:09:29.027+0000][7][gc,marking  ] GC(25) Concurrent Mark (20.709s)
[2021-05-06T12:09:29.027+0000][7][gc,marking  ] GC(25) Concurrent Mark From Roots
[2021-05-06T12:09:29.027+0000][7][gc,task     ] GC(25) Using 2 workers of 2 for marking
[2021-05-06T12:09:29.115+0000][7][gc,marking  ] GC(25) Concurrent Mark From Roots 88.168ms
[2021-05-06T12:09:29.115+0000][7][gc,marking  ] GC(25) Concurrent Preclean
[2021-05-06T12:09:29.115+0000][7][gc,marking  ] GC(25) Concurrent Preclean 0.336ms
[2021-05-06T12:09:29.115+0000][7][gc,marking  ] GC(25) Concurrent Mark (20.709s, 20.798s) 88.609ms
[2021-05-06T12:09:29.115+0000][7][gc,start    ] GC(25) Pause Remark
[2021-05-06T12:09:29.118+0000][7][gc          ] GC(25) Pause Remark 83M->83M(256M) 2.862ms
[2021-05-06T12:09:29.118+0000][7][gc,cpu      ] GC(25) User=0.02s Sys=0.00s Real=0.00s
[2021-05-06T12:09:29.118+0000][7][safepoint   ] Safepoint "G1Concurrent", Time since last: 102702523 ns, Reaching safepoint: 65451 ns, At safepoint: 2934591 ns, Total: 3000042 ns
[2021-05-06T12:09:29.118+0000][7][gc,marking  ] GC(25) Concurrent Rebuild Remembered Sets
[2021-05-06T12:09:29.176+0000][7][gc,marking  ] GC(25) Concurrent Rebuild Remembered Sets 58.042ms
[2021-05-06T12:09:29.177+0000][7][gc,start    ] GC(25) Pause Cleanup
[2021-05-06T12:09:29.177+0000][7][gc          ] GC(25) Pause Cleanup 87M->87M(256M) 0.064ms
[2021-05-06T12:09:29.177+0000][7][gc,cpu      ] GC(25) User=0.00s Sys=0.00s Real=0.00s
[2021-05-06T12:09:29.177+0000][7][safepoint   ] Safepoint "G1Concurrent", Time since last: 58121319 ns, Reaching safepoint: 293701 ns, At safepoint: 102925 ns, Total: 396626 ns
[2021-05-06T12:09:29.177+0000][7][gc,marking  ] GC(25) Concurrent Cleanup for Next Mark
[2021-05-06T12:09:29.177+0000][7][gc,marking  ] GC(25) Concurrent Cleanup for Next Mark 0.161ms
[2021-05-06T12:09:29.177+0000][7][gc          ] GC(25) Concurrent Cycle 164.422ms
[2021-05-06T12:09:29.826+0000][7][safepoint   ] Safepoint "ICBufferFull", Time since last: 649044123 ns, Reaching safepoint: 165043 ns, At safepoint: 9517 ns, Total: 174560 ns
[2021-05-06T12:09:30.128+0000][7][safepoint   ] Safepoint "ICBufferFull", Time since last: 301488913 ns, Reaching safepoint: 249657 ns, At safepoint: 7247 ns, Total: 256904 ns
[2021-05-06T12:09:30.673+0000][7][safepoint   ] Safepoint "ICBufferFull", Time since last: 544650412 ns, Reaching safepoint: 187499 ns, At safepoint: 6458 ns, Total: 193957 ns
[2021-05-06T12:09:30.771+0000][7][gc,start    ] GC(26) Pause Young (Normal) (G1 Evacuation Pause)
[2021-05-06T12:09:30.771+0000][7][gc,task     ] GC(26) Using 6 workers of 8 for evacuation
[2021-05-06T12:09:30.771+0000][7][gc,age      ] GC(26) Desired survivor size 8388608 bytes, new threshold 3 (max threshold 15)
[2021-05-06T12:09:30.785+0000][7][gc,age      ] GC(26) Age table with threshold 3 (max threshold 15)
[2021-05-06T12:09:30.785+0000][7][gc,age      ] GC(26) - age   1:    5711488 bytes,    5711488 total
[2021-05-06T12:09:30.785+0000][7][gc,age      ] GC(26) - age   2:    5379240 bytes,   11090728 total
[2021-05-06T12:09:30.785+0000][7][gc,age      ] GC(26) - age   3:     267600 bytes,   11358328 total
[2021-05-06T12:09:30.785+0000][7][gc,phases   ] GC(26)   Pre Evacuate Collection Set: 0.1ms
[2021-05-06T12:09:30.785+0000][7][gc,phases   ] GC(26)   Merge Heap Roots: 0.1ms
[2021-05-06T12:09:30.785+0000][7][gc,phases   ] GC(26)   Evacuate Collection Set: 13.6ms
[2021-05-06T12:09:30.785+0000][7][gc,phases   ] GC(26)   Post Evacuate Collection Set: 0.8ms
[2021-05-06T12:09:30.785+0000][7][gc,phases   ] GC(26)   Other: 0.2ms
[2021-05-06T12:09:30.785+0000][7][gc,heap     ] GC(26) Eden regions: 28->0(27)
[2021-05-06T12:09:30.785+0000][7][gc,heap     ] GC(26) Survivor regions: 3->3(4)
[2021-05-06T12:09:30.785+0000][7][gc,heap     ] GC(26) Old regions: 16->17
[2021-05-06T12:09:30.785+0000][7][gc,heap     ] GC(26) Archive regions: 2->2
[2021-05-06T12:09:30.785+0000][7][gc,heap     ] GC(26) Humongous regions: 0->0
[2021-05-06T12:09:30.785+0000][7][gc,metaspace] GC(26) Metaspace: 88646K(93288K)->88646K(93288K) NonClass: 76625K(80104K)->76625K(80104K) Class: 12021K(13184K)->12021K(13184K)
[2021-05-06T12:09:30.785+0000][7][gc          ] GC(26) Pause Young (Normal) (G1 Evacuation Pause) 189M->82M(256M) 14.802ms
[2021-05-06T12:09:30.785+0000][7][gc,cpu      ] GC(26) User=0.08s Sys=0.01s Real=0.02s
[2021-05-06T12:09:30.786+0000][7][safepoint   ] Safepoint "G1CollectForAllocation", Time since last: 97820321 ns, Reaching safepoint: 129178 ns, At safepoint: 15043306 ns, Total: 15172484 ns
[2021-05-06T12:09:31.041+0000][7][gc,start    ] GC(27) Pause Young (Concurrent Start) (G1 Humongous Allocation)
[2021-05-06T12:09:31.041+0000][7][gc,task     ] GC(27) Using 6 workers of 8 for evacuation
[2021-05-06T12:09:31.041+0000][7][gc,age      ] GC(27) Desired survivor size 8388608 bytes, new threshold 2 (max threshold 15)
[2021-05-06T12:09:31.058+0000][7][gc,age      ] GC(27) Age table with threshold 2 (max threshold 15)
[2021-05-06T12:09:31.058+0000][7][gc,age      ] GC(27) - age   1:     886968 bytes,     886968 total
[2021-05-06T12:09:31.058+0000][7][gc,age      ] GC(27) - age   2:    4985152 bytes,    5872120 total
[2021-05-06T12:09:31.058+0000][7][gc,phases   ] GC(27)   Pre Evacuate Collection Set: 0.1ms
[2021-05-06T12:09:31.058+0000][7][gc,phases   ] GC(27)   Merge Heap Roots: 0.1ms
[2021-05-06T12:09:31.058+0000][7][gc,phases   ] GC(27)   Evacuate Collection Set: 15.9ms
[2021-05-06T12:09:31.058+0000][7][gc,phases   ] GC(27)   Post Evacuate Collection Set: 0.7ms
[2021-05-06T12:09:31.058+0000][7][gc,phases   ] GC(27)   Other: 0.2ms
[2021-05-06T12:09:31.058+0000][7][gc,heap     ] GC(27) Eden regions: 5->0(27)
[2021-05-06T12:09:31.058+0000][7][gc,heap     ] GC(27) Survivor regions: 3->2(4)
[2021-05-06T12:09:31.058+0000][7][gc,heap     ] GC(27) Old regions: 17->19
[2021-05-06T12:09:31.058+0000][7][gc,heap     ] GC(27) Archive regions: 2->2
[2021-05-06T12:09:31.058+0000][7][gc,heap     ] GC(27) Humongous regions: 0->0
[2021-05-06T12:09:31.058+0000][7][gc,metaspace] GC(27) Metaspace: 89340K(94184K)->89340K(94184K) NonClass: 77228K(80872K)->77228K(80872K) Class: 12111K(13312K)->12111K(13312K)
[2021-05-06T12:09:31.058+0000][7][gc          ] GC(27) Pause Young (Concurrent Start) (G1 Humongous Allocation) 100M->83M(256M) 17.160ms
[2021-05-06T12:09:31.058+0000][7][gc,cpu      ] GC(27) User=0.10s Sys=0.01s Real=0.02s
[2021-05-06T12:09:31.058+0000][7][gc          ] GC(28) Concurrent Cycle
[2021-05-06T12:09:31.058+0000][7][gc,marking  ] GC(28) Concurrent Clear Claimed Marks
[2021-05-06T12:09:31.058+0000][7][safepoint   ] Safepoint "G1TryInitiateConcMark", Time since last: 255151242 ns, Reaching safepoint: 175946 ns, At safepoint: 17265024 ns, Total: 17440970 ns
[2021-05-06T12:09:31.058+0000][7][gc,marking  ] GC(28) Concurrent Clear Claimed Marks 0.073ms
[2021-05-06T12:09:31.058+0000][7][gc,marking  ] GC(28) Concurrent Scan Root Regions
[2021-05-06T12:09:31.070+0000][7][gc,marking  ] GC(28) Concurrent Scan Root Regions 11.874ms
[2021-05-06T12:09:31.070+0000][7][gc,marking  ] GC(28) Concurrent Mark (22.753s)
[2021-05-06T12:09:31.070+0000][7][gc,marking  ] GC(28) Concurrent Mark From Roots
[2021-05-06T12:09:31.070+0000][7][gc,task     ] GC(28) Using 2 workers of 2 for marking
[2021-05-06T12:09:31.201+0000][7][gc,marking  ] GC(28) Concurrent Mark From Roots 130.369ms
[2021-05-06T12:09:31.201+0000][7][gc,marking  ] GC(28) Concurrent Preclean
[2021-05-06T12:09:31.201+0000][7][gc,marking  ] GC(28) Concurrent Preclean 0.301ms
[2021-05-06T12:09:31.201+0000][7][gc,marking  ] GC(28) Concurrent Mark (22.753s, 22.884s) 130.746ms
[2021-05-06T12:09:31.201+0000][7][gc,start    ] GC(28) Pause Remark
[2021-05-06T12:09:31.207+0000][7][gc          ] GC(28) Pause Remark 96M->96M(256M) 5.640ms
[2021-05-06T12:09:31.207+0000][7][gc,cpu      ] GC(28) User=0.03s Sys=0.01s Real=0.01s
[2021-05-06T12:09:31.207+0000][7][safepoint   ] Safepoint "G1Concurrent", Time since last: 142907460 ns, Reaching safepoint: 94504 ns, At safepoint: 5773351 ns, Total: 5867855 ns
[2021-05-06T12:09:31.207+0000][7][gc,marking  ] GC(28) Concurrent Rebuild Remembered Sets
[2021-05-06T12:09:31.305+0000][7][gc,marking  ] GC(28) Concurrent Rebuild Remembered Sets 98.174ms
[2021-05-06T12:09:31.306+0000][7][gc,start    ] GC(28) Pause Cleanup
[2021-05-06T12:09:31.306+0000][7][gc          ] GC(28) Pause Cleanup 100M->100M(256M) 0.089ms
[2021-05-06T12:09:31.306+0000][7][gc,cpu      ] GC(28) User=0.00s Sys=0.00s Real=0.00s
[2021-05-06T12:09:31.306+0000][7][safepoint   ] Safepoint "G1Concurrent", Time since last: 98292215 ns, Reaching safepoint: 465409 ns, At safepoint: 144985 ns, Total: 610394 ns
[2021-05-06T12:09:31.306+0000][7][gc,marking  ] GC(28) Concurrent Cleanup for Next Mark
[2021-05-06T12:09:31.306+0000][7][gc,marking  ] GC(28) Concurrent Cleanup for Next Mark 0.249ms
[2021-05-06T12:09:31.306+0000][7][gc          ] GC(28) Concurrent Cycle 248.015ms
[2021-05-06T12:09:31.552+0000][7][safepoint   ] Safepoint "ICBufferFull", Time since last: 245883221 ns, Reaching safepoint: 474261 ns, At safepoint: 29344 ns, Total: 503605 ns
[2021-05-06T12:09:31.944+0000][7][safepoint   ] Safepoint "ICBufferFull", Time since last: 391324668 ns, Reaching safepoint: 204024 ns, At safepoint: 11406 ns, Total: 215430 ns
[2021-05-06T12:09:32.233+0000][7][gc,start    ] GC(29) Pause Young (Normal) (G1 Evacuation Pause)
[2021-05-06T12:09:32.233+0000][7][gc,task     ] GC(29) Using 6 workers of 8 for evacuation
[2021-05-06T12:09:32.233+0000][7][gc,age      ] GC(29) Desired survivor size 8388608 bytes, new threshold 15 (max threshold 15)
[2021-05-06T12:09:32.256+0000][7][gc,age      ] GC(29) Age table with threshold 15 (max threshold 15)
[2021-05-06T12:09:32.256+0000][7][gc,age      ] GC(29) - age   1:    9854584 bytes,    9854584 total
[2021-05-06T12:09:32.256+0000][7][gc,age      ] GC(29) - age   2:     748832 bytes,   10603416 total
[2021-05-06T12:09:32.256+0000][7][gc,age      ] GC(29) - age   3:    4852136 bytes,   15455552 total
[2021-05-06T12:09:32.256+0000][7][gc,phases   ] GC(29)   Pre Evacuate Collection Set: 0.1ms
[2021-05-06T12:09:32.256+0000][7][gc,phases   ] GC(29)   Merge Heap Roots: 0.1ms
[2021-05-06T12:09:32.256+0000][7][gc,phases   ] GC(29)   Evacuate Collection Set: 21.8ms
[2021-05-06T12:09:32.256+0000][7][gc,phases   ] GC(29)   Post Evacuate Collection Set: 1.1ms
[2021-05-06T12:09:32.256+0000][7][gc,phases   ] GC(29)   Other: 0.3ms
[2021-05-06T12:09:32.256+0000][7][gc,heap     ] GC(29) Eden regions: 27->0(22)
[2021-05-06T12:09:32.256+0000][7][gc,heap     ] GC(29) Survivor regions: 2->4(4)
[2021-05-06T12:09:32.256+0000][7][gc,heap     ] GC(29) Old regions: 19->19
[2021-05-06T12:09:32.256+0000][7][gc,heap     ] GC(29) Archive regions: 2->2
[2021-05-06T12:09:32.256+0000][7][gc,heap     ] GC(29) Humongous regions: 2->2
[2021-05-06T12:09:32.256+0000][7][gc,metaspace] GC(29) Metaspace: 94184K(98920K)->94184K(98920K) NonClass: 81391K(84968K)->81391K(84968K) Class: 12793K(13952K)->12793K(13952K)
[2021-05-06T12:09:32.256+0000][7][gc          ] GC(29) Pause Young (Normal) (G1 Evacuation Pause) 199M->100M(256M) 23.536ms
[2021-05-06T12:09:32.256+0000][7][gc,cpu      ] GC(29) User=0.14s Sys=0.00s Real=0.03s
[2021-05-06T12:09:32.258+0000][7][safepoint   ] Safepoint "G1CollectForAllocation", Time since last: 288352280 ns, Reaching safepoint: 449665 ns, At safepoint: 25062088 ns, Total: 25511753 ns
[2021-05-06T12:09:32.736+0000][7][safepoint   ] Safepoint "ICBufferFull", Time since last: 478088680 ns, Reaching safepoint: 342803 ns, At safepoint: 17763 ns, Total: 360566 ns
[2021-05-06T12:09:32.880+0000][7][gc,start    ] GC(30) Pause Young (Concurrent Start) (G1 Evacuation Pause)
[2021-05-06T12:09:32.880+0000][7][gc,task     ] GC(30) Using 6 workers of 8 for evacuation
[2021-05-06T12:09:32.880+0000][7][gc,age      ] GC(30) Desired survivor size 8388608 bytes, new threshold 1 (max threshold 15)
[2021-05-06T12:09:32.910+0000][7][gc,age      ] GC(30) Age table with threshold 1 (max threshold 15)
[2021-05-06T12:09:32.910+0000][7][gc,age      ] GC(30) - age   1:    7556056 bytes,    7556056 total
[2021-05-06T12:09:32.911+0000][7][gc,phases   ] GC(30)   Pre Evacuate Collection Set: 0.1ms
[2021-05-06T12:09:32.911+0000][7][gc,phases   ] GC(30)   Merge Heap Roots: 0.1ms
[2021-05-06T12:09:32.911+0000][7][gc,phases   ] GC(30)   Evacuate Collection Set: 29.3ms
[2021-05-06T12:09:32.911+0000][7][gc,phases   ] GC(30)   Post Evacuate Collection Set: 0.8ms
[2021-05-06T12:09:32.911+0000][7][gc,phases   ] GC(30)   Other: 0.3ms
[2021-05-06T12:09:32.911+0000][7][gc,heap     ] GC(30) Eden regions: 22->0(20)
[2021-05-06T12:09:32.911+0000][7][gc,heap     ] GC(30) Survivor regions: 4->3(4)
[2021-05-06T12:09:32.911+0000][7][gc,heap     ] GC(30) Old regions: 19->22
[2021-05-06T12:09:32.911+0000][7][gc,heap     ] GC(30) Archive regions: 2->2
[2021-05-06T12:09:32.911+0000][7][gc,heap     ] GC(30) Humongous regions: 2->2
[2021-05-06T12:09:32.911+0000][7][gc,metaspace] GC(30) Metaspace: 95826K(100584K)->95826K(100584K) NonClass: 82866K(86504K)->82866K(86504K) Class: 12960K(14080K)->12960K(14080K)
[2021-05-06T12:09:32.911+0000][7][gc          ] GC(30) Pause Young (Concurrent Start) (G1 Evacuation Pause) 188M->107M(256M) 30.624ms
[2021-05-06T12:09:32.911+0000][7][gc,cpu      ] GC(30) User=0.18s Sys=0.00s Real=0.03s
[2021-05-06T12:09:32.911+0000][7][gc          ] GC(31) Concurrent Cycle
[2021-05-06T12:09:32.911+0000][7][safepoint   ] Safepoint "G1CollectForAllocation", Time since last: 143740369 ns, Reaching safepoint: 165122 ns, At safepoint: 30750488 ns, Total: 30915610 ns
[2021-05-06T12:09:32.911+0000][7][gc,marking  ] GC(31) Concurrent Clear Claimed Marks
[2021-05-06T12:09:32.911+0000][7][gc,marking  ] GC(31) Concurrent Clear Claimed Marks 0.096ms
[2021-05-06T12:09:32.911+0000][7][gc,marking  ] GC(31) Concurrent Scan Root Regions
[2021-05-06T12:09:32.934+0000][7][gc,marking  ] GC(31) Concurrent Scan Root Regions 23.571ms
[2021-05-06T12:09:32.934+0000][7][gc,marking  ] GC(31) Concurrent Mark (24.617s)
[2021-05-06T12:09:32.934+0000][7][gc,marking  ] GC(31) Concurrent Mark From Roots
[2021-05-06T12:09:32.934+0000][7][gc,task     ] GC(31) Using 2 workers of 2 for marking
[2021-05-06T12:09:33.096+0000][7][gc,marking  ] GC(31) Concurrent Mark From Roots 161.178ms
[2021-05-06T12:09:33.096+0000][7][gc,marking  ] GC(31) Concurrent Preclean
[2021-05-06T12:09:33.096+0000][7][gc,marking  ] GC(31) Concurrent Preclean 0.308ms
[2021-05-06T12:09:33.096+0000][7][gc,marking  ] GC(31) Concurrent Mark (24.617s, 24.779s) 161.586ms
[2021-05-06T12:09:33.096+0000][7][gc,start    ] GC(31) Pause Remark
[2021-05-06T12:09:33.106+0000][7][gc          ] GC(31) Pause Remark 123M->123M(256M) 9.411ms
[2021-05-06T12:09:33.106+0000][7][gc,cpu      ] GC(31) User=0.05s Sys=0.00s Real=0.01s
[2021-05-06T12:09:33.110+0000][7][safepoint   ] Safepoint "G1Concurrent", Time since last: 185390892 ns, Reaching safepoint: 230203 ns, At safepoint: 13256704 ns, Total: 13486907 ns
[2021-05-06T12:09:33.110+0000][7][gc,marking  ] GC(31) Concurrent Rebuild Remembered Sets
[2021-05-06T12:09:33.238+0000][7][gc,marking  ] GC(31) Concurrent Rebuild Remembered Sets 128.354ms
[2021-05-06T12:09:33.239+0000][7][gc,start    ] GC(31) Pause Cleanup
[2021-05-06T12:09:33.239+0000][7][gc          ] GC(31) Pause Cleanup 131M->131M(256M) 0.117ms
[2021-05-06T12:09:33.239+0000][7][gc,cpu      ] GC(31) User=0.00s Sys=0.00s Real=0.00s
[2021-05-06T12:09:33.239+0000][7][safepoint   ] Safepoint "G1Concurrent", Time since last: 128598327 ns, Reaching safepoint: 451859 ns, At safepoint: 209902 ns, Total: 661761 ns
[2021-05-06T12:09:33.239+0000][7][gc,marking  ] GC(31) Concurrent Cleanup for Next Mark
[2021-05-06T12:09:33.239+0000][7][gc,marking  ] GC(31) Concurrent Cleanup for Next Mark 0.339ms
[2021-05-06T12:09:33.239+0000][7][gc          ] GC(31) Concurrent Cycle 328.626ms
[2021-05-06T12:09:33.947+0000][7][safepoint   ] Safepoint "ICBufferFull", Time since last: 708335130 ns, Reaching safepoint: 250405 ns, At safepoint: 23111 ns, Total: 273516 ns
[2021-05-06T12:09:35.077+0000][7][safepoint   ] Safepoint "Cleanup", Time since last: 1129185915 ns, Reaching safepoint: 178548 ns, At safepoint: 4001 ns, Total: 182549 ns
[2021-05-06T12:09:36.078+0000][7][safepoint   ] Safepoint "Cleanup", Time since last: 1000334729 ns, Reaching safepoint: 362971 ns, At safepoint: 21117 ns, Total: 384088 ns
[2021-05-06T12:09:37.078+0000][7][safepoint   ] Safepoint "Cleanup", Time since last: 1000395937 ns, Reaching safepoint: 136963 ns, At safepoint: 13185 ns, Total: 150148 ns
[2021-05-06T12:09:38.078+0000][7][safepoint   ] Safepoint "Cleanup", Time since last: 1000100431 ns, Reaching safepoint: 131468 ns, At safepoint: 6230 ns, Total: 137698 ns
[2021-05-06T12:09:39.079+0000][7][safepoint   ] Safepoint "Cleanup", Time since last: 1000120054 ns, Reaching safepoint: 89419 ns, At safepoint: 5404 ns, Total: 94823 ns
[2021-05-06T12:09:40.449+0000][7][safepoint   ] Safepoint "Cleanup", Time since last: 2000176485 ns, Reaching safepoint: 122396 ns, At safepoint: 6564 ns, Total: 128960 ns
[2021-05-06T12:09:41.450+0000][7][safepoint   ] Safepoint "Cleanup", Time since last: 1000120842 ns, Reaching safepoint: 315100 ns, At safepoint: 26361 ns, Total: 341461 ns
[2021-05-06T12:09:42.450+0000][7][safepoint   ] Safepoint "Cleanup", Time since last: 1000153369 ns, Reaching safepoint: 85736 ns, At safepoint: 5542 ns, Total: 91278 ns
[2021-05-06T12:09:43.450+0000][7][safepoint   ] Safepoint "Cleanup", Time since last: 1000103148 ns, Reaching safepoint: 178588 ns, At safepoint: 10671 ns, Total: 189259 ns
[2021-05-06T12:09:44.451+0000][7][safepoint   ] Safepoint "Cleanup", Time since last: 1000187884 ns, Reaching safepoint: 301503 ns, At safepoint: 32292 ns, Total: 333795 ns
[2021-05-06T12:09:45.452+0000][7][safepoint   ] Safepoint "Cleanup", Time since last: 1000473801 ns, Reaching safepoint: 380757 ns, At safepoint: 34438 ns, Total: 415195 ns
[2021-05-06T12:09:46.452+0000][7][safepoint   ] Safepoint "Cleanup", Time since last: 1000258898 ns, Reaching safepoint: 364943 ns, At safepoint: 31701 ns, Total: 396644 ns
[2021-05-06T12:09:47.453+0000][7][safepoint   ] Safepoint "Cleanup", Time since last: 1000206731 ns, Reaching safepoint: 291327 ns, At safepoint: 24911 ns, Total: 316238 ns
[2021-05-06T12:09:50.454+0000][7][safepoint   ] Safepoint "Cleanup", Time since last: 3000359337 ns, Reaching safepoint: 464843 ns, At safepoint: 26004 ns, Total: 490847 ns
[2021-05-06T12:09:51.454+0000][7][safepoint   ] Safepoint "Cleanup", Time since last: 1000155744 ns, Reaching safepoint: 83120 ns, At safepoint: 6099 ns, Total: 89219 ns
[2021-05-06T12:09:52.454+0000][7][safepoint   ] Safepoint "Cleanup", Time since last: 1000102776 ns, Reaching safepoint: 135451 ns, At safepoint: 7385 ns, Total: 142836 ns
[2021-05-06T12:09:53.455+0000][7][safepoint   ] Safepoint "Cleanup", Time since last: 1000134768 ns, Reaching safepoint: 94380 ns, At safepoint: 6642 ns, Total: 101022 ns
[2021-05-06T12:09:54.453+0000][7][gc,start    ] GC(32) Pause Young (Normal) (G1 Evacuation Pause)
[2021-05-06T12:09:54.453+0000][7][gc,task     ] GC(32) Using 6 workers of 8 for evacuation
[2021-05-06T12:09:54.453+0000][7][gc,age      ] GC(32) Desired survivor size 6291456 bytes, new threshold 1 (max threshold 15)
[2021-05-06T12:09:54.466+0000][7][gc,age      ] GC(32) Age table with threshold 1 (max threshold 15)
[2021-05-06T12:09:54.466+0000][7][gc,age      ] GC(32) - age   1:    4162512 bytes,    4162512 total
[2021-05-06T12:09:54.466+0000][7][gc,phases   ] GC(32)   Pre Evacuate Collection Set: 0.0ms
[2021-05-06T12:09:54.466+0000][7][gc,phases   ] GC(32)   Merge Heap Roots: 0.1ms
[2021-05-06T12:09:54.466+0000][7][gc,phases   ] GC(32)   Evacuate Collection Set: 12.2ms
[2021-05-06T12:09:54.466+0000][7][gc,phases   ] GC(32)   Post Evacuate Collection Set: 1.0ms
[2021-05-06T12:09:54.466+0000][7][gc,phases   ] GC(32)   Other: 0.2ms
[2021-05-06T12:09:54.466+0000][7][gc,heap     ] GC(32) Eden regions: 20->0(20)
[2021-05-06T12:09:54.466+0000][7][gc,heap     ] GC(32) Survivor regions: 3->2(3)
[2021-05-06T12:09:54.466+0000][7][gc,heap     ] GC(32) Old regions: 22->24
[2021-05-06T12:09:54.466+0000][7][gc,heap     ] GC(32) Archive regions: 2->2
[2021-05-06T12:09:54.466+0000][7][gc,heap     ] GC(32) Humongous regions: 2->2
[2021-05-06T12:09:54.466+0000][7][gc,metaspace] GC(32) Metaspace: 99778K(104552K)->99778K(104552K) NonClass: 86254K(89832K)->86254K(89832K) Class: 13524K(14720K)->13524K(14720K)
[2021-05-06T12:09:54.466+0000][7][gc          ] GC(32) Pause Young (Normal) (G1 Evacuation Pause) 187M->111M(256M) 13.630ms
[2021-05-06T12:09:54.466+0000][7][gc,cpu      ] GC(32) User=0.05s Sys=0.00s Real=0.01s
[2021-05-06T12:09:54.466+0000][7][safepoint   ] Safepoint "G1CollectForAllocation", Time since last: 998117518 ns, Reaching safepoint: 98325 ns, At safepoint: 13716439 ns, Total: 13814764 ns
[2021-05-06T12:09:55.467+0000][7][safepoint   ] Safepoint "Cleanup", Time since last: 1000141419 ns, Reaching safepoint: 410291 ns, At safepoint: 46221 ns, Total: 456512 ns
[2021-05-06T12:09:57.468+0000][7][safepoint   ] Safepoint "Cleanup", Time since last: 2000277049 ns, Reaching safepoint: 186170 ns, At safepoint: 16995 ns, Total: 203165 ns
[2021-05-06T12:09:59.468+0000][7][safepoint   ] Safepoint "Cleanup", Time since last: 2000202909 ns, Reaching safepoint: 98245 ns, At safepoint: 9403 ns, Total: 107648 ns
[2021-05-06T12:10:00.468+0000][7][safepoint   ] Safepoint "Cleanup", Time since last: 1000134018 ns, Reaching safepoint: 361895 ns, At safepoint: 23674 ns, Total: 385569 ns
[2021-05-06T12:10:01.469+0000][7][safepoint   ] Safepoint "Cleanup", Time since last: 1000702126 ns, Reaching safepoint: 125070 ns, At safepoint: 11808 ns, Total: 136878 ns
[2021-05-06T12:10:02.470+0000][7][safepoint   ] Safepoint "Cleanup", Time since last: 1000267383 ns, Reaching safepoint: 274364 ns, At safepoint: 37841 ns, Total: 312205 ns
[2021-05-06T12:10:03.470+0000][7][safepoint   ] Safepoint "Cleanup", Time since last: 1000497704 ns, Reaching safepoint: 86067 ns, At safepoint: 7149 ns, Total: 93216 ns
[2021-05-06T12:10:05.471+0000][7][safepoint   ] Safepoint "Cleanup", Time since last: 2000406144 ns, Reaching safepoint: 174585 ns, At safepoint: 11313 ns, Total: 185898 ns
[2021-05-06T12:10:06.471+0000][7][safepoint   ] Safepoint "Cleanup", Time since last: 1000138897 ns, Reaching safepoint: 137908 ns, At safepoint: 7995 ns, Total: 145903 ns
[2021-05-06T12:10:07.472+0000][7][safepoint   ] Safepoint "Cleanup", Time since last: 1000197527 ns, Reaching safepoint: 93117 ns, At safepoint: 7512 ns, Total: 100629 ns
[2021-05-06T12:10:08.472+0000][7][safepoint   ] Safepoint "Cleanup", Time since last: 1000151198 ns, Reaching safepoint: 530075 ns, At safepoint: 36592 ns, Total: 566667 ns
[2021-05-06T12:10:09.473+0000][7][safepoint   ] Safepoint "Cleanup", Time since last: 1000294858 ns, Reaching safepoint: 113216 ns, At safepoint: 7730 ns, Total: 120946 ns
[2021-05-06T12:10:10.473+0000][7][safepoint   ] Safepoint "Cleanup", Time since last: 1000137147 ns, Reaching safepoint: 412487 ns, At safepoint: 44841 ns, Total: 457328 ns
[2021-05-06T12:10:12.474+0000][7][safepoint   ] Safepoint "Cleanup", Time since last: 2000334296 ns, Reaching safepoint: 319577 ns, At safepoint: 32622 ns, Total: 352199 ns
[2021-05-06T12:10:15.475+0000][7][safepoint   ] Safepoint "Cleanup", Time since last: 3000579984 ns, Reaching safepoint: 271435 ns, At safepoint: 22773 ns, Total: 294208 ns
[2021-05-06T12:10:17.476+0000][7][safepoint   ] Safepoint "Cleanup", Time since last: 2000346260 ns, Reaching safepoint: 350078 ns, At safepoint: 31309 ns, Total: 381387 ns
[2021-05-06T12:10:19.476+0000][7][safepoint   ] Safepoint "Cleanup", Time since last: 2000377235 ns, Reaching safepoint: 434134 ns, At safepoint: 30819 ns, Total: 464953 ns
[2021-05-06T12:10:20.477+0000][7][safepoint   ] Safepoint "Cleanup", Time since last: 1000199677 ns, Reaching safepoint: 192908 ns, At safepoint: 17118 ns, Total: 210026 ns
[2021-05-06T12:10:23.477+0000][7][safepoint   ] Safepoint "Cleanup", Time since last: 3000403475 ns, Reaching safepoint: 101402 ns, At safepoint: 10770 ns, Total: 112172 ns
[2021-05-06T12:10:24.478+0000][7][safepoint   ] Safepoint "Cleanup", Time since last: 1000262457 ns, Reaching safepoint: 108482 ns, At safepoint: 8788 ns, Total: 117270 ns
[2021-05-06T12:10:25.479+0000][7][safepoint   ] Safepoint "Cleanup", Time since last: 1000376134 ns, Reaching safepoint: 363065 ns, At safepoint: 30446 ns, Total: 393511 ns
[2021-05-06T12:10:26.479+0000][7][safepoint   ] Safepoint "Cleanup", Time since last: 1000259800 ns, Reaching safepoint: 306237 ns, At safepoint: 25356 ns, Total: 331593 ns
[2021-05-06T12:10:27.480+0000][7][safepoint   ] Safepoint "Cleanup", Time since last: 1000490065 ns, Reaching safepoint: 380084 ns, At safepoint: 34418 ns, Total: 414502 ns
[2021-05-06T12:10:28.480+0000][7][safepoint   ] Safepoint "Cleanup", Time since last: 1000260787 ns, Reaching safepoint: 128353 ns, At safepoint: 11027 ns, Total: 139380 ns
[2021-05-06T12:10:29.481+0000][7][safepoint   ] Safepoint "Cleanup", Time since last: 1000209766 ns, Reaching safepoint: 256318 ns, At safepoint: 19658 ns, Total: 275976 ns
[2021-05-06T12:10:30.482+0000][7][safepoint   ] Safepoint "Cleanup", Time since last: 1000349889 ns, Reaching safepoint: 337425 ns, At safepoint: 38412 ns, Total: 375837 ns
[2021-05-06T12:10:31.482+0000][7][safepoint   ] Safepoint "Cleanup", Time since last: 1000252191 ns, Reaching safepoint: 337300 ns, At safepoint: 25797 ns, Total: 363097 ns
[2021-05-06T12:10:32.483+0000][7][safepoint   ] Safepoint "Cleanup", Time since last: 1000471327 ns, Reaching safepoint: 313807 ns, At safepoint: 34086 ns, Total: 347893 ns
[2021-05-06T12:10:33.484+0000][7][safepoint   ] Safepoint "Cleanup", Time since last: 1000685706 ns, Reaching safepoint: 391839 ns, At safepoint: 36084 ns, Total: 427923 ns
[2021-05-06T12:10:35.485+0000][7][safepoint   ] Safepoint "Cleanup", Time since last: 2000724582 ns, Reaching safepoint: 493135 ns, At safepoint: 41888 ns, Total: 535023 ns
[2021-05-06T12:10:36.486+0000][7][safepoint   ] Safepoint "Cleanup", Time since last: 1000253542 ns, Reaching safepoint: 430935 ns, At safepoint: 29614 ns, Total: 460549 ns
[2021-05-06T12:10:37.487+0000][7][safepoint   ] Safepoint "Cleanup", Time since last: 1000495698 ns, Reaching safepoint: 349432 ns, At safepoint: 19452 ns, Total: 368884 ns
[2021-05-06T12:10:38.488+0000][7][safepoint   ] Safepoint "Cleanup", Time since last: 1000222061 ns, Reaching safepoint: 373544 ns, At safepoint: 33505 ns, Total: 407049 ns
[2021-05-06T12:10:39.488+0000][7][safepoint   ] Safepoint "Cleanup", Time since last: 1000237651 ns, Reaching safepoint: 311894 ns, At safepoint: 38439 ns, Total: 350333 ns
[2021-05-06T12:10:40.489+0000][7][safepoint   ] Safepoint "Cleanup", Time since last: 1000171490 ns, Reaching safepoint: 154801 ns, At safepoint: 10410 ns, Total: 165211 ns
[2021-05-06T12:10:41.489+0000][7][safepoint   ] Safepoint "Cleanup", Time since last: 1000161396 ns, Reaching safepoint: 593140 ns, At safepoint: 29492 ns, Total: 622632 ns
[2021-05-06T12:10:42.490+0000][7][safepoint   ] Safepoint "Cleanup", Time since last: 1000210741 ns, Reaching safepoint: 368005 ns, At safepoint: 34640 ns, Total: 402645 ns
[2021-05-06T12:10:45.491+0000][7][safepoint   ] Safepoint "Cleanup", Time since last: 3000759802 ns, Reaching safepoint: 373432 ns, At safepoint: 35817 ns, Total: 409249 ns
[2021-05-06T12:10:47.492+0000][7][safepoint   ] Safepoint "Cleanup", Time since last: 2000466329 ns, Reaching safepoint: 340447 ns, At safepoint: 37879 ns, Total: 378326 ns
[2021-05-06T12:10:50.493+0000][7][safepoint   ] Safepoint "Cleanup", Time since last: 3000460065 ns, Reaching safepoint: 406925 ns, At safepoint: 26825 ns, Total: 433750 ns
[2021-05-06T12:10:54.493+0000][7][safepoint   ] Safepoint "Cleanup", Time since last: 4000437640 ns, Reaching safepoint: 112131 ns, At safepoint: 6082 ns, Total: 118213 ns
[2021-05-06T12:10:55.494+0000][7][safepoint   ] Safepoint "Cleanup", Time since last: 1000105353 ns, Reaching safepoint: 89572 ns, At safepoint: 6692 ns, Total: 96264 ns
[2021-05-06T12:10:57.494+0000][7][safepoint   ] Safepoint "Cleanup", Time since last: 2000286514 ns, Reaching safepoint: 297034 ns, At safepoint: 28131 ns, Total: 325165 ns
[2021-05-06T12:11:00.495+0000][7][safepoint   ] Safepoint "Cleanup", Time since last: 3000440071 ns, Reaching safepoint: 338087 ns, At safepoint: 35584 ns, Total: 373671 ns
[2021-05-06T12:11:02.496+0000][7][safepoint   ] Safepoint "Cleanup", Time since last: 2000328462 ns, Reaching safepoint: 330862 ns, At safepoint: 25377 ns, Total: 356239 ns
[2021-05-06T12:11:03.497+0000][7][safepoint   ] Safepoint "Cleanup", Time since last: 1000542237 ns, Reaching safepoint: 237417 ns, At safepoint: 20919 ns, Total: 258336 ns
[2021-05-06T12:11:04.497+0000][7][safepoint   ] Safepoint "Cleanup", Time since last: 1000159635 ns, Reaching safepoint: 368347 ns, At safepoint: 28517 ns, Total: 396864 ns
[2021-05-06T12:11:05.498+0000][7][safepoint   ] Safepoint "Cleanup", Time since last: 1000205514 ns, Reaching safepoint: 482282 ns, At safepoint: 68784 ns, Total: 551066 ns
[2021-05-06T12:11:06.499+0000][7][safepoint   ] Safepoint "Cleanup", Time since last: 1000223178 ns, Reaching safepoint: 386885 ns, At safepoint: 31696 ns, Total: 418581 ns
[2021-05-06T12:11:07.499+0000][7][safepoint   ] Safepoint "Cleanup", Time since last: 1000224107 ns, Reaching safepoint: 331856 ns, At safepoint: 28274 ns, Total: 360130 ns
[2021-05-06T12:11:08.500+0000][7][safepoint   ] Safepoint "Cleanup", Time since last: 1000432802 ns, Reaching safepoint: 367669 ns, At safepoint: 28666 ns, Total: 396335 ns
[2021-05-06T12:11:09.501+0000][7][safepoint   ] Safepoint "Cleanup", Time since last: 1000265003 ns, Reaching safepoint: 350110 ns, At safepoint: 29962 ns, Total: 380072 ns
[2021-05-06T12:11:10.501+0000][7][safepoint   ] Safepoint "Cleanup", Time since last: 1000250234 ns, Reaching safepoint: 379753 ns, At safepoint: 30936 ns, Total: 410689 ns
[2021-05-06T12:11:14.502+0000][7][safepoint   ] Safepoint "Cleanup", Time since last: 4000516901 ns, Reaching safepoint: 418934 ns, At safepoint: 25935 ns, Total: 444869 ns
[2021-05-06T12:11:15.503+0000][7][safepoint   ] Safepoint "Cleanup", Time since last: 1000230955 ns, Reaching safepoint: 362063 ns, At safepoint: 19132 ns, Total: 381195 ns
[2021-05-06T12:11:17.504+0000][7][safepoint   ] Safepoint "Cleanup", Time since last: 2000701112 ns, Reaching safepoint: 507986 ns, At safepoint: 38415 ns, Total: 546401 ns
[2021-05-06T12:11:20.505+0000][7][safepoint   ] Safepoint "Cleanup", Time since last: 3000397651 ns, Reaching safepoint: 297075 ns, At safepoint: 25048 ns, Total: 322123 ns
[2021-05-06T12:11:22.505+0000][7][safepoint   ] Safepoint "Cleanup", Time since last: 2000332691 ns, Reaching safepoint: 99919 ns, At safepoint: 7422 ns, Total: 107341 ns
[2021-05-06T12:11:23.505+0000][7][safepoint   ] Safepoint "Cleanup", Time since last: 1000143789 ns, Reaching safepoint: 118407 ns, At safepoint: 8694 ns, Total: 127101 ns
[2021-05-06T12:11:25.506+0000][7][safepoint   ] Safepoint "Cleanup", Time since last: 2000230647 ns, Reaching safepoint: 416885 ns, At safepoint: 35285 ns, Total: 452170 ns
[2021-05-06T12:11:27.507+0000][7][safepoint   ] Safepoint "Cleanup", Time since last: 2000368123 ns, Reaching safepoint: 362213 ns, At safepoint: 31984 ns, Total: 394197 ns
[2021-05-06T12:11:30.508+0000][7][safepoint   ] Safepoint "Cleanup", Time since last: 3000538282 ns, Reaching safepoint: 380826 ns, At safepoint: 30995 ns, Total: 411821 ns
[2021-05-06T12:11:33.509+0000][7][safepoint   ] Safepoint "Cleanup", Time since last: 3000451729 ns, Reaching safepoint: 518232 ns, At safepoint: 37636 ns, Total: 555868 ns
[2021-05-06T12:11:34.762+0000][7][safepoint   ] Safepoint "Cleanup", Time since last: 1252705273 ns, Reaching safepoint: 312740 ns, At safepoint: 25999 ns, Total: 338739 ns
[2021-05-06T12:11:35.763+0000][7][safepoint   ] Safepoint "Cleanup", Time since last: 1000685237 ns, Reaching safepoint: 607225 ns, At safepoint: 49168 ns, Total: 656393 ns
[2021-05-06T12:11:36.764+0000][7][safepoint   ] Safepoint "Cleanup", Time since last: 1000266519 ns, Reaching safepoint: 439215 ns, At safepoint: 34328 ns, Total: 473543 ns
[2021-05-06T12:11:37.765+0000][7][safepoint   ] Safepoint "Cleanup", Time since last: 1000242516 ns, Reaching safepoint: 341830 ns, At safepoint: 30066 ns, Total: 371896 ns
[2021-05-06T12:11:38.765+0000][7][safepoint   ] Safepoint "Cleanup", Time since last: 1000228533 ns, Reaching safepoint: 354251 ns, At safepoint: 22654 ns, Total: 376905 ns
[2021-05-06T12:11:39.766+0000][7][safepoint   ] Safepoint "Cleanup", Time since last: 1000250997 ns, Reaching safepoint: 320844 ns, At safepoint: 28946 ns, Total: 349790 ns
[2021-05-06T12:11:42.767+0000][7][safepoint   ] Safepoint "Cleanup", Time since last: 3000421512 ns, Reaching safepoint: 365131 ns, At safepoint: 30176 ns, Total: 395307 ns
[2021-05-06T12:11:44.767+0000][7][safepoint   ] Safepoint "Cleanup", Time since last: 2000313309 ns, Reaching safepoint: 109332 ns, At safepoint: 8671 ns, Total: 118003 ns
[2021-05-06T12:11:47.554+0000][7][gc,start    ] GC(33) Pause Young (Concurrent Start) (G1 Evacuation Pause)
[2021-05-06T12:11:47.555+0000][7][gc,task     ] GC(33) Using 6 workers of 8 for evacuation
[2021-05-06T12:11:47.555+0000][7][gc,age      ] GC(33) Desired survivor size 6291456 bytes, new threshold 15 (max threshold 15)
[2021-05-06T12:11:47.571+0000][7][gc,age      ] GC(33) Age table with threshold 15 (max threshold 15)
[2021-05-06T12:11:47.571+0000][7][gc,age      ] GC(33) - age   1:    1565408 bytes,    1565408 total
[2021-05-06T12:11:47.571+0000][7][gc,age      ] GC(33) - age   2:    3624680 bytes,    5190088 total
[2021-05-06T12:11:47.571+0000][7][gc,phases   ] GC(33)   Pre Evacuate Collection Set: 0.3ms
[2021-05-06T12:11:47.571+0000][7][gc,phases   ] GC(33)   Merge Heap Roots: 0.2ms
[2021-05-06T12:11:47.571+0000][7][gc,phases   ] GC(33)   Evacuate Collection Set: 14.3ms
[2021-05-06T12:11:47.571+0000][7][gc,phases   ] GC(33)   Post Evacuate Collection Set: 1.5ms
[2021-05-06T12:11:47.571+0000][7][gc,phases   ] GC(33)   Other: 0.6ms
[2021-05-06T12:11:47.571+0000][7][gc,heap     ] GC(33) Eden regions: 20->0(20)
[2021-05-06T12:11:47.572+0000][7][gc,heap     ] GC(33) Survivor regions: 2->2(3)
[2021-05-06T12:11:47.572+0000][7][gc,heap     ] GC(33) Old regions: 24->24
[2021-05-06T12:11:47.572+0000][7][gc,heap     ] GC(33) Archive regions: 2->2
[2021-05-06T12:11:47.572+0000][7][gc,heap     ] GC(33) Humongous regions: 2->2
[2021-05-06T12:11:47.572+0000][7][gc,metaspace] GC(33) Metaspace: 101022K(105960K)->101022K(105960K) NonClass: 87433K(91112K)->87433K(91112K) Class: 13589K(14848K)->13589K(14848K)
[2021-05-06T12:11:47.572+0000][7][gc          ] GC(33) Pause Young (Concurrent Start) (G1 Evacuation Pause) 191M->112M(256M) 17.220ms
[2021-05-06T12:11:47.572+0000][7][gc,cpu      ] GC(33) User=0.08s Sys=0.00s Real=0.01s
[2021-05-06T12:11:47.572+0000][7][safepoint   ] Safepoint "G1CollectForAllocation", Time since last: 2786961754 ns, Reaching safepoint: 302029 ns, At safepoint: 17472860 ns, Total: 17774889 ns
[2021-05-06T12:11:47.572+0000][7][gc          ] GC(34) Concurrent Cycle
[2021-05-06T12:11:47.572+0000][7][gc,marking  ] GC(34) Concurrent Clear Claimed Marks
[2021-05-06T12:11:47.572+0000][7][gc,marking  ] GC(34) Concurrent Clear Claimed Marks 0.336ms
[2021-05-06T12:11:47.572+0000][7][gc,marking  ] GC(34) Concurrent Scan Root Regions
[2021-05-06T12:11:47.586+0000][7][gc,marking  ] GC(34) Concurrent Scan Root Regions 14.103ms
[2021-05-06T12:11:47.587+0000][7][gc,marking  ] GC(34) Concurrent Mark (159.899s)
[2021-05-06T12:11:47.587+0000][7][gc,marking  ] GC(34) Concurrent Mark From Roots
[2021-05-06T12:11:47.587+0000][7][gc,task     ] GC(34) Using 2 workers of 2 for marking
[2021-05-06T12:11:47.704+0000][7][gc,marking  ] GC(34) Concurrent Mark From Roots 117.136ms
[2021-05-06T12:11:47.704+0000][7][gc,marking  ] GC(34) Concurrent Preclean
[2021-05-06T12:11:47.704+0000][7][gc,marking  ] GC(34) Concurrent Preclean 0.709ms
[2021-05-06T12:11:47.704+0000][7][gc,marking  ] GC(34) Concurrent Mark (159.899s, 160.017s) 117.958ms
[2021-05-06T12:11:47.705+0000][7][gc,start    ] GC(34) Pause Remark
[2021-05-06T12:11:47.714+0000][7][gc          ] GC(34) Pause Remark 112M->112M(256M) 9.218ms
[2021-05-06T12:11:47.714+0000][7][gc,cpu      ] GC(34) User=0.05s Sys=0.00s Real=0.01s
[2021-05-06T12:11:47.714+0000][7][safepoint   ] Safepoint "G1Concurrent", Time since last: 132764554 ns, Reaching safepoint: 160744 ns, At safepoint: 9326688 ns, Total: 9487432 ns
[2021-05-06T12:11:47.714+0000][7][gc,marking  ] GC(34) Concurrent Rebuild Remembered Sets
[2021-05-06T12:11:47.782+0000][7][gc,marking  ] GC(34) Concurrent Rebuild Remembered Sets 67.650ms
[2021-05-06T12:11:47.782+0000][7][gc,start    ] GC(34) Pause Cleanup
[2021-05-06T12:11:47.782+0000][7][gc          ] GC(34) Pause Cleanup 112M->112M(256M) 0.138ms
[2021-05-06T12:11:47.782+0000][7][gc,cpu      ] GC(34) User=0.00s Sys=0.00s Real=0.00s
[2021-05-06T12:11:47.782+0000][7][safepoint   ] Safepoint "G1Concurrent", Time since last: 67814576 ns, Reaching safepoint: 231317 ns, At safepoint: 189804 ns, Total: 421121 ns
[2021-05-06T12:11:47.782+0000][7][gc,marking  ] GC(34) Concurrent Cleanup for Next Mark
[2021-05-06T12:11:47.783+0000][7][gc,marking  ] GC(34) Concurrent Cleanup for Next Mark 0.222ms
[2021-05-06T12:11:47.783+0000][7][gc          ] GC(34) Concurrent Cycle 210.757ms
[2021-05-06T12:11:48.783+0000][7][safepoint   ] Safepoint "Cleanup", Time since last: 1000090496 ns, Reaching safepoint: 150822 ns, At safepoint: 7230 ns, Total: 158052 ns
[2021-05-06T12:11:49.783+0000][7][safepoint   ] Safepoint "Cleanup", Time since last: 1000207095 ns, Reaching safepoint: 471340 ns, At safepoint: 41797 ns, Total: 513137 ns
[2021-05-06T12:11:50.784+0000][7][safepoint   ] Safepoint "Cleanup", Time since last: 1000289233 ns, Reaching safepoint: 408966 ns, At safepoint: 29048 ns, Total: 438014 ns
[2021-05-06T12:11:51.785+0000][7][safepoint   ] Safepoint "Cleanup", Time since last: 1000279180 ns, Reaching safepoint: 354191 ns, At safepoint: 33181 ns, Total: 387372 ns
[2021-05-06T12:11:54.785+0000][7][safepoint   ] Safepoint "Cleanup", Time since last: 3000466073 ns, Reaching safepoint: 246190 ns, At safepoint: 16101 ns, Total: 262291 ns
[2021-05-06T12:11:57.786+0000][7][safepoint   ] Safepoint "Cleanup", Time since last: 3000448437 ns, Reaching safepoint: 138686 ns, At safepoint: 7359 ns, Total: 146045 ns
[2021-05-06T12:11:59.787+0000][7][safepoint   ] Safepoint "Cleanup", Time since last: 2000300077 ns, Reaching safepoint: 456846 ns, At safepoint: 43328 ns, Total: 500174 ns
[2021-05-06T12:12:00.788+0000][7][safepoint   ] Safepoint "Cleanup", Time since last: 1000294667 ns, Reaching safepoint: 480996 ns, At safepoint: 43098 ns, Total: 524094 ns
[2021-05-06T12:12:01.789+0000][7][safepoint   ] Safepoint "Cleanup", Time since last: 1000494773 ns, Reaching safepoint: 452033 ns, At safepoint: 30552 ns, Total: 482585 ns
[2021-05-06T12:12:02.789+0000][7][safepoint   ] Safepoint "Cleanup", Time since last: 1000523533 ns, Reaching safepoint: 361052 ns, At safepoint: 30575 ns, Total: 391627 ns
[2021-05-06T12:12:03.790+0000][7][safepoint   ] Safepoint "Cleanup", Time since last: 1000254696 ns, Reaching safepoint: 421115 ns, At safepoint: 30292 ns, Total: 451407 ns
[2021-05-06T12:12:04.791+0000][7][safepoint   ] Safepoint "Cleanup", Time since last: 1000199049 ns, Reaching safepoint: 243274 ns, At safepoint: 18388 ns, Total: 261662 ns
[2021-05-06T12:12:06.791+0000][7][safepoint   ] Safepoint "Cleanup", Time since last: 2000287162 ns, Reaching safepoint: 508856 ns, At safepoint: 35383 ns, Total: 544239 ns
[2021-05-06T12:12:07.792+0000][7][safepoint   ] Safepoint "Cleanup", Time since last: 1000592994 ns, Reaching safepoint: 374848 ns, At safepoint: 28620 ns, Total: 403468 ns
[2021-05-06T12:12:08.793+0000][7][safepoint   ] Safepoint "Cleanup", Time since last: 1000227592 ns, Reaching safepoint: 424091 ns, At safepoint: 43255 ns, Total: 467346 ns
[2021-05-06T12:12:09.794+0000][7][safepoint   ] Safepoint "Cleanup", Time since last: 1000206112 ns, Reaching safepoint: 174025 ns, At safepoint: 9485 ns, Total: 183510 ns
[2021-05-06T12:12:13.795+0000][7][safepoint   ] Safepoint "Cleanup", Time since last: 4000637780 ns, Reaching safepoint: 273082 ns, At safepoint: 25519 ns, Total: 298601 ns
[2021-05-06T12:12:14.795+0000][7][safepoint   ] Safepoint "Cleanup", Time since last: 1000262965 ns, Reaching safepoint: 378197 ns, At safepoint: 35890 ns, Total: 414087 ns
[2021-05-06T12:12:15.796+0000][7][safepoint   ] Safepoint "Cleanup", Time since last: 1000289256 ns, Reaching safepoint: 361758 ns, At safepoint: 29833 ns, Total: 391591 ns
[2021-05-06T12:12:17.797+0000][7][safepoint   ] Safepoint "Cleanup", Time since last: 2000394576 ns, Reaching safepoint: 331345 ns, At safepoint: 32420 ns, Total: 363765 ns
[2021-05-06T12:12:19.797+0000][7][safepoint   ] Safepoint "Cleanup", Time since last: 2000446208 ns, Reaching safepoint: 349752 ns, At safepoint: 36513 ns, Total: 386265 ns
[2021-05-06T12:12:21.798+0000][7][safepoint   ] Safepoint "Cleanup", Time since last: 2000355331 ns, Reaching safepoint: 310524 ns, At safepoint: 34080 ns, Total: 344604 ns
[2021-05-06T12:12:22.799+0000][7][safepoint   ] Safepoint "Cleanup", Time since last: 1000231423 ns, Reaching safepoint: 160103 ns, At safepoint: 13874 ns, Total: 173977 ns
[2021-05-06T12:12:23.799+0000][7][safepoint   ] Safepoint "Cleanup", Time since last: 1000129037 ns, Reaching safepoint: 110730 ns, At safepoint: 9471 ns, Total: 120201 ns
[2021-05-06T12:12:24.799+0000][7][safepoint   ] Safepoint "Cleanup", Time since last: 1000178477 ns, Reaching safepoint: 304896 ns, At safepoint: 29279 ns, Total: 334175 ns
[2021-05-06T12:12:25.800+0000][7][safepoint   ] Safepoint "Cleanup", Time since last: 1000213260 ns, Reaching safepoint: 351015 ns, At safepoint: 30018 ns, Total: 381033 ns
[2021-05-06T12:12:26.801+0000][7][safepoint   ] Safepoint "Cleanup", Time since last: 1000335588 ns, Reaching safepoint: 309139 ns, At safepoint: 26050 ns, Total: 335189 ns
[2021-05-06T12:12:29.801+0000][7][safepoint   ] Safepoint "Cleanup", Time since last: 3000589420 ns, Reaching safepoint: 259808 ns, At safepoint: 21879 ns, Total: 281687 ns
[2021-05-06T12:12:30.802+0000][7][safepoint   ] Safepoint "Cleanup", Time since last: 1000214469 ns, Reaching safepoint: 316696 ns, At safepoint: 30067 ns, Total: 346763 ns
[2021-05-06T12:12:31.803+0000][7][safepoint   ] Safepoint "Cleanup", Time since last: 1000212339 ns, Reaching safepoint: 314126 ns, At safepoint: 22747 ns, Total: 336873 ns
[2021-05-06T12:12:32.803+0000][7][safepoint   ] Safepoint "Cleanup", Time since last: 1000210373 ns, Reaching safepoint: 349898 ns, At safepoint: 34930 ns, Total: 384828 ns
[2021-05-06T12:12:33.804+0000][7][safepoint   ] Safepoint "Cleanup", Time since last: 1000234848 ns, Reaching safepoint: 423584 ns, At safepoint: 35564 ns, Total: 459148 ns
[2021-05-06T12:12:34.805+0000][7][safepoint   ] Safepoint "Cleanup", Time since last: 1000293322 ns, Reaching safepoint: 563875 ns, At safepoint: 59686 ns, Total: 623561 ns
[2021-05-06T12:12:36.806+0000][7][safepoint   ] Safepoint "Cleanup", Time since last: 2000476584 ns, Reaching safepoint: 399476 ns, At safepoint: 25346 ns, Total: 424822 ns
[2021-05-06T12:12:37.807+0000][7][safepoint   ] Safepoint "Cleanup", Time since last: 1000658716 ns, Reaching safepoint: 275375 ns, At safepoint: 20156 ns, Total: 295531 ns
[2021-05-06T12:12:38.814+0000][7][safepoint   ] Safepoint "Cleanup", Time since last: 1007117667 ns, Reaching safepoint: 208254 ns, At safepoint: 13217 ns, Total: 221471 ns
[2021-05-06T12:12:39.814+0000][7][safepoint   ] Safepoint "Cleanup", Time since last: 1000170342 ns, Reaching safepoint: 292291 ns, At safepoint: 26800 ns, Total: 319091 ns
[2021-05-06T12:12:40.815+0000][7][safepoint   ] Safepoint "Cleanup", Time since last: 1000196022 ns, Reaching safepoint: 325506 ns, At safepoint: 27723 ns, Total: 353229 ns
[2021-05-06T12:12:41.816+0000][7][safepoint   ] Safepoint "Cleanup", Time since last: 1000216051 ns, Reaching safepoint: 258374 ns, At safepoint: 20923 ns, Total: 279297 ns
[2021-05-06T12:12:44.817+0000][7][safepoint   ] Safepoint "Cleanup", Time since last: 3000889063 ns, Reaching safepoint: 346333 ns, At safepoint: 36244 ns, Total: 382577 ns
[2021-05-06T12:12:47.818+0000][7][safepoint   ] Safepoint "Cleanup", Time since last: 3000511181 ns, Reaching safepoint: 573240 ns, At safepoint: 34650 ns, Total: 607890 ns
[2021-05-06T12:12:49.818+0000][7][safepoint   ] Safepoint "Cleanup", Time since last: 2000308717 ns, Reaching safepoint: 106331 ns, At safepoint: 8649 ns, Total: 114980 ns
[2021-05-06T12:12:54.819+0000][7][safepoint   ] Safepoint "Cleanup", Time since last: 5000653225 ns, Reaching safepoint: 316663 ns, At safepoint: 37790 ns, Total: 354453 ns
[2021-05-06T12:12:55.820+0000][7][safepoint   ] Safepoint "Cleanup", Time since last: 1000224432 ns, Reaching safepoint: 320775 ns, At safepoint: 22057 ns, Total: 342832 ns
[2021-05-06T12:12:56.821+0000][7][safepoint   ] Safepoint "Cleanup", Time since last: 1000305081 ns, Reaching safepoint: 337048 ns, At safepoint: 36536 ns, Total: 373584 ns
[2021-05-06T12:12:58.821+0000][7][safepoint   ] Safepoint "Cleanup", Time since last: 2000312546 ns, Reaching safepoint: 245787 ns, At safepoint: 24900 ns, Total: 270687 ns
[2021-05-06T12:13:00.822+0000][7][safepoint   ] Safepoint "Cleanup", Time since last: 2000369783 ns, Reaching safepoint: 301743 ns, At safepoint: 31250 ns, Total: 332993 ns
[2021-05-06T12:13:01.822+0000][7][safepoint   ] Safepoint "Cleanup", Time since last: 1000198582 ns, Reaching safepoint: 217937 ns, At safepoint: 21659 ns, Total: 239596 ns
[2021-05-06T12:13:03.823+0000][7][safepoint   ] Safepoint "Cleanup", Time since last: 2000260767 ns, Reaching safepoint: 121714 ns, At safepoint: 9713 ns, Total: 131427 ns
[2021-05-06T12:13:04.823+0000][7][safepoint   ] Safepoint "Cleanup", Time since last: 1000215470 ns, Reaching safepoint: 416549 ns, At safepoint: 39293 ns, Total: 455842 ns
[2021-05-06T12:13:05.824+0000][7][safepoint   ] Safepoint "Cleanup", Time since last: 1000310767 ns, Reaching safepoint: 355144 ns, At safepoint: 29985 ns, Total: 385129 ns
[2021-05-06T12:13:06.825+0000][7][safepoint   ] Safepoint "Cleanup", Time since last: 1000292824 ns, Reaching safepoint: 435998 ns, At safepoint: 34567 ns, Total: 470565 ns
[2021-05-06T12:13:08.826+0000][7][safepoint   ] Safepoint "Cleanup", Time since last: 2000617868 ns, Reaching safepoint: 375695 ns, At safepoint: 26500 ns, Total: 402195 ns
[2021-05-06T12:13:09.829+0000][7][safepoint   ] Safepoint "Cleanup", Time since last: 1003077302 ns, Reaching safepoint: 493091 ns, At safepoint: 51978 ns, Total: 545069 ns
[2021-05-06T12:13:14.831+0000][7][safepoint   ] Safepoint "Cleanup", Time since last: 5000807190 ns, Reaching safepoint: 386770 ns, At safepoint: 43936 ns, Total: 430706 ns
[2021-05-06T12:13:21.832+0000][7][safepoint   ] Safepoint "Cleanup", Time since last: 7001158261 ns, Reaching safepoint: 385733 ns, At safepoint: 31657 ns, Total: 417390 ns
[2021-05-06T12:13:23.833+0000][7][safepoint   ] Safepoint "Cleanup", Time since last: 2000348245 ns, Reaching safepoint: 403547 ns, At safepoint: 38069 ns, Total: 441616 ns
[2021-05-06T12:13:24.834+0000][7][safepoint   ] Safepoint "Cleanup", Time since last: 1000234528 ns, Reaching safepoint: 271938 ns, At safepoint: 18375 ns, Total: 290313 ns
[2021-05-06T12:13:28.835+0000][7][safepoint   ] Safepoint "Cleanup", Time since last: 4001087898 ns, Reaching safepoint: 346944 ns, At safepoint: 26589 ns, Total: 373533 ns
[2021-05-06T12:13:30.836+0000][7][safepoint   ] Safepoint "Cleanup", Time since last: 2000442868 ns, Reaching safepoint: 325231 ns, At safepoint: 22287 ns, Total: 347518 ns
[2021-05-06T12:13:32.837+0000][7][safepoint   ] Safepoint "Cleanup", Time since last: 2000611735 ns, Reaching safepoint: 212229 ns, At safepoint: 11961 ns, Total: 224190 ns
[2021-05-06T12:13:33.838+0000][7][safepoint   ] Safepoint "Cleanup", Time since last: 1000223703 ns, Reaching safepoint: 680354 ns, At safepoint: 26831 ns, Total: 707185 ns
[2021-05-06T12:13:36.839+0000][7][safepoint   ] Safepoint "Cleanup", Time since last: 3001139969 ns, Reaching safepoint: 340924 ns, At safepoint: 24212 ns, Total: 365136 ns
[2021-05-06T12:13:37.840+0000][7][safepoint   ] Safepoint "Cleanup", Time since last: 1000641560 ns, Reaching safepoint: 277343 ns, At safepoint: 31547 ns, Total: 308890 ns
[2021-05-06T12:13:38.841+0000][7][safepoint   ] Safepoint "Cleanup", Time since last: 1000359559 ns, Reaching safepoint: 354278 ns, At safepoint: 41569 ns, Total: 395847 ns
[2021-05-06T12:13:39.841+0000][7][safepoint   ] Safepoint "Cleanup", Time since last: 1000326065 ns, Reaching safepoint: 285873 ns, At safepoint: 31930 ns, Total: 317803 ns
[2021-05-06T12:13:40.842+0000][7][safepoint   ] Safepoint "Cleanup", Time since last: 1000320173 ns, Reaching safepoint: 425595 ns, At safepoint: 34350 ns, Total: 459945 ns
[2021-05-06T12:13:41.843+0000][7][safepoint   ] Safepoint "Cleanup", Time since last: 1000286473 ns, Reaching safepoint: 381469 ns, At safepoint: 27604 ns, Total: 409073 ns
[2021-05-06T12:13:42.844+0000][7][safepoint   ] Safepoint "Cleanup", Time since last: 1000226069 ns, Reaching safepoint: 366973 ns, At safepoint: 20932 ns, Total: 387905 ns
[2021-05-06T12:13:44.844+0000][7][safepoint   ] Safepoint "Cleanup", Time since last: 2000391025 ns, Reaching safepoint: 473795 ns, At safepoint: 41419 ns, Total: 515214 ns
[2021-05-06T12:13:45.845+0000][7][safepoint   ] Safepoint "Cleanup", Time since last: 1000269167 ns, Reaching safepoint: 379253 ns, At safepoint: 34407 ns, Total: 413660 ns
[2021-05-06T12:13:47.846+0000][7][safepoint   ] Safepoint "Cleanup", Time since last: 2000359926 ns, Reaching safepoint: 310709 ns, At safepoint: 24785 ns, Total: 335494 ns
[2021-05-06T12:13:49.781+0000][7][gc,start    ] GC(35) Pause Young (Normal) (G1 Evacuation Pause)
[2021-05-06T12:13:49.781+0000][7][gc,task     ] GC(35) Using 6 workers of 8 for evacuation
[2021-05-06T12:13:49.781+0000][7][gc,age      ] GC(35) Desired survivor size 6291456 bytes, new threshold 15 (max threshold 15)
[2021-05-06T12:13:49.806+0000][7][gc,age      ] GC(35) Age table with threshold 15 (max threshold 15)
[2021-05-06T12:13:49.806+0000][7][gc,age      ] GC(35) - age   1:     547728 bytes,     547728 total
[2021-05-06T12:13:49.806+0000][7][gc,age      ] GC(35) - age   2:    1056664 bytes,    1604392 total
[2021-05-06T12:13:49.806+0000][7][gc,age      ] GC(35) - age   3:    3623096 bytes,    5227488 total
[2021-05-06T12:13:49.806+0000][7][gc,phases   ] GC(35)   Pre Evacuate Collection Set: 0.1ms
[2021-05-06T12:13:49.806+0000][7][gc,phases   ] GC(35)   Merge Heap Roots: 0.2ms
[2021-05-06T12:13:49.806+0000][7][gc,phases   ] GC(35)   Evacuate Collection Set: 21.9ms
[2021-05-06T12:13:49.806+0000][7][gc,phases   ] GC(35)   Post Evacuate Collection Set: 2.7ms
[2021-05-06T12:13:49.806+0000][7][gc,phases   ] GC(35)   Other: 0.8ms
[2021-05-06T12:13:49.806+0000][7][gc,heap     ] GC(35) Eden regions: 20->0(21)
[2021-05-06T12:13:49.807+0000][7][gc,heap     ] GC(35) Survivor regions: 2->2(3)
[2021-05-06T12:13:49.807+0000][7][gc,heap     ] GC(35) Old regions: 24->24
[2021-05-06T12:13:49.807+0000][7][gc,heap     ] GC(35) Archive regions: 2->2
[2021-05-06T12:13:49.807+0000][7][gc,heap     ] GC(35) Humongous regions: 2->2
[2021-05-06T12:13:49.807+0000][7][gc,metaspace] GC(35) Metaspace: 101655K(106472K)->101655K(106472K) NonClass: 88074K(91624K)->88074K(91624K) Class: 13581K(14848K)->13581K(14848K)
[2021-05-06T12:13:49.807+0000][7][gc          ] GC(35) Pause Young (Normal) (G1 Evacuation Pause) 192M->112M(256M) 26.230ms
[2021-05-06T12:13:49.807+0000][7][gc,cpu      ] GC(35) User=0.09s Sys=0.01s Real=0.03s
[2021-05-06T12:13:49.807+0000][7][safepoint   ] Safepoint "G1CollectForAllocation", Time since last: 1934083204 ns, Reaching safepoint: 575790 ns, At safepoint: 26610560 ns, Total: 27186350 ns
[2021-05-06T12:13:50.807+0000][7][safepoint   ] Safepoint "Cleanup", Time since last: 1000184845 ns, Reaching safepoint: 108450 ns, At safepoint: 6452 ns, Total: 114902 ns
[2021-05-06T12:13:51.808+0000][7][safepoint   ] Safepoint "Cleanup", Time since last: 1000180747 ns, Reaching safepoint: 396322 ns, At safepoint: 33997 ns, Total: 430319 ns
[2021-05-06T12:13:54.809+0000][7][safepoint   ] Safepoint "Cleanup", Time since last: 3000625712 ns, Reaching safepoint: 202885 ns, At safepoint: 24413 ns, Total: 227298 ns
[2021-05-06T12:13:57.810+0000][7][safepoint   ] Safepoint "Cleanup", Time since last: 3000455977 ns, Reaching safepoint: 337840 ns, At safepoint: 18453 ns, Total: 356293 ns
[2021-05-06T12:14:00.811+0000][7][safepoint   ] Safepoint "Cleanup", Time since last: 3000490040 ns, Reaching safepoint: 389052 ns, At safepoint: 74760 ns, Total: 463812 ns
[2021-05-06T12:14:03.812+0000][7][safepoint   ] Safepoint "Cleanup", Time since last: 3001150551 ns, Reaching safepoint: 380134 ns, At safepoint: 61750 ns, Total: 441884 ns
[2021-05-06T12:14:04.813+0000][7][safepoint   ] Safepoint "Cleanup", Time since last: 1000153573 ns, Reaching safepoint: 154682 ns, At safepoint: 6361 ns, Total: 161043 ns
[2021-05-06T12:14:06.813+0000][7][safepoint   ] Safepoint "Cleanup", Time since last: 2000319929 ns, Reaching safepoint: 95861 ns, At safepoint: 8077 ns, Total: 103938 ns
[2021-05-06T12:14:07.813+0000][7][safepoint   ] Safepoint "Cleanup", Time since last: 1000211818 ns, Reaching safepoint: 91693 ns, At safepoint: 13071 ns, Total: 104764 ns
[2021-05-06T12:14:09.814+0000][7][safepoint   ] Safepoint "Cleanup", Time since last: 2000269346 ns, Reaching safepoint: 423670 ns, At safepoint: 34057 ns, Total: 457727 ns
[2021-05-06T12:14:10.814+0000][7][safepoint   ] Safepoint "Cleanup", Time since last: 1000205897 ns, Reaching safepoint: 180843 ns, At safepoint: 11774 ns, Total: 192617 ns
[2021-05-06T12:14:12.815+0000][7][safepoint   ] Safepoint "Cleanup", Time since last: 2000488420 ns, Reaching safepoint: 374846 ns, At safepoint: 37106 ns, Total: 411952 ns
[2021-05-06T12:14:14.816+0000][7][safepoint   ] Safepoint "Cleanup", Time since last: 2000419932 ns, Reaching safepoint: 331290 ns, At safepoint: 26929 ns, Total: 358219 ns
[2021-05-06T12:14:22.818+0000][7][safepoint   ] Safepoint "Cleanup", Time since last: 8001025200 ns, Reaching safepoint: 409198 ns, At safepoint: 37116 ns, Total: 446314 ns
[2021-05-06T12:14:23.818+0000][7][safepoint   ] Safepoint "Cleanup", Time since last: 1000498417 ns, Reaching safepoint: 171167 ns, At safepoint: 11011 ns, Total: 182178 ns
[2021-05-06T12:14:24.819+0000][7][safepoint   ] Safepoint "Cleanup", Time since last: 1000212582 ns, Reaching safepoint: 390627 ns, At safepoint: 30464 ns, Total: 421091 ns
[2021-05-06T12:14:29.820+0000][7][safepoint   ] Safepoint "Cleanup", Time since last: 5000732789 ns, Reaching safepoint: 268011 ns, At safepoint: 25987 ns, Total: 293998 ns
[2021-05-06T12:14:30.820+0000][7][safepoint   ] Safepoint "Cleanup", Time since last: 1000276023 ns, Reaching safepoint: 259047 ns, At safepoint: 13656 ns, Total: 272703 ns
[2021-05-06T12:14:31.821+0000][7][safepoint   ] Safepoint "Cleanup", Time since last: 1000637767 ns, Reaching safepoint: 289836 ns, At safepoint: 30932 ns, Total: 320768 ns
[2021-05-06T12:14:32.822+0000][7][safepoint   ] Safepoint "Cleanup", Time since last: 1000254684 ns, Reaching safepoint: 325025 ns, At safepoint: 28792 ns, Total: 353817 ns
[2021-05-06T12:14:33.671+0000][7][safepoint   ] Safepoint "ICBufferFull", Time since last: 848567629 ns, Reaching safepoint: 425102 ns, At safepoint: 50351 ns, Total: 475453 ns
[2021-05-06T12:14:33.727+0000][7][gc,start    ] GC(36) Pause Young (Concurrent Start) (G1 Evacuation Pause)
[2021-05-06T12:14:33.727+0000][7][gc,task     ] GC(36) Using 6 workers of 8 for evacuation
[2021-05-06T12:14:33.727+0000][7][gc,age      ] GC(36) Desired survivor size 6291456 bytes, new threshold 15 (max threshold 15)
[2021-05-06T12:14:33.744+0000][7][gc,age      ] GC(36) Age table with threshold 15 (max threshold 15)
[2021-05-06T12:14:33.744+0000][7][gc,age      ] GC(36) - age   1:    2931736 bytes,    2931736 total
[2021-05-06T12:14:33.744+0000][7][gc,age      ] GC(36) - age   2:     256856 bytes,    3188592 total
[2021-05-06T12:14:33.744+0000][7][gc,age      ] GC(36) - age   3:     666888 bytes,    3855480 total
[2021-05-06T12:14:33.744+0000][7][gc,age      ] GC(36) - age   4:    3534928 bytes,    7390408 total
[2021-05-06T12:14:33.744+0000][7][gc,phases   ] GC(36)   Pre Evacuate Collection Set: 0.1ms
[2021-05-06T12:14:33.744+0000][7][gc,phases   ] GC(36)   Merge Heap Roots: 0.1ms
[2021-05-06T12:14:33.744+0000][7][gc,phases   ] GC(36)   Evacuate Collection Set: 15.9ms
[2021-05-06T12:14:33.744+0000][7][gc,phases   ] GC(36)   Post Evacuate Collection Set: 1.0ms
[2021-05-06T12:14:33.744+0000][7][gc,phases   ] GC(36)   Other: 0.3ms
[2021-05-06T12:14:33.744+0000][7][gc,heap     ] GC(36) Eden regions: 21->0(21)
[2021-05-06T12:14:33.744+0000][7][gc,heap     ] GC(36) Survivor regions: 2->2(3)
[2021-05-06T12:14:33.744+0000][7][gc,heap     ] GC(36) Old regions: 24->24
[2021-05-06T12:14:33.744+0000][7][gc,heap     ] GC(36) Archive regions: 2->2
[2021-05-06T12:14:33.744+0000][7][gc,heap     ] GC(36) Humongous regions: 2->2
[2021-05-06T12:14:33.744+0000][7][gc,metaspace] GC(36) Metaspace: 102867K(107624K)->102867K(107624K) NonClass: 89140K(92648K)->89140K(92648K) Class: 13727K(14976K)->13727K(14976K)
[2021-05-06T12:14:33.744+0000][7][gc          ] GC(36) Pause Young (Concurrent Start) (G1 Evacuation Pause) 196M->114M(256M) 17.577ms
[2021-05-06T12:14:33.744+0000][7][gc,cpu      ] GC(36) User=0.04s Sys=0.00s Real=0.02s
[2021-05-06T12:14:33.745+0000][7][gc          ] GC(37) Concurrent Cycle
[2021-05-06T12:14:33.745+0000][7][gc,marking  ] GC(37) Concurrent Clear Claimed Marks
[2021-05-06T12:14:33.745+0000][7][gc,marking  ] GC(37) Concurrent Clear Claimed Marks 0.096ms
[2021-05-06T12:14:33.745+0000][7][gc,marking  ] GC(37) Concurrent Scan Root Regions
[2021-05-06T12:14:33.748+0000][7][safepoint   ] Safepoint "G1CollectForAllocation", Time since last: 55504604 ns, Reaching safepoint: 298892 ns, At safepoint: 21281442 ns, Total: 21580334 ns
[2021-05-06T12:14:33.764+0000][7][gc,marking  ] GC(37) Concurrent Scan Root Regions 19.437ms
[2021-05-06T12:14:33.764+0000][7][gc,marking  ] GC(37) Concurrent Mark (326.076s)
[2021-05-06T12:14:33.764+0000][7][gc,marking  ] GC(37) Concurrent Mark From Roots
[2021-05-06T12:14:33.764+0000][7][gc,task     ] GC(37) Using 2 workers of 2 for marking
[2021-05-06T12:14:33.985+0000][7][gc,marking  ] GC(37) Concurrent Mark From Roots 220.902ms
[2021-05-06T12:14:33.985+0000][7][gc,marking  ] GC(37) Concurrent Preclean
[2021-05-06T12:14:33.986+0000][7][gc,marking  ] GC(37) Concurrent Preclean 0.637ms
[2021-05-06T12:14:33.986+0000][7][gc,marking  ] GC(37) Concurrent Mark (326.076s, 326.298s) 221.630ms
[2021-05-06T12:14:33.986+0000][7][gc,start    ] GC(37) Pause Remark
[2021-05-06T12:14:33.999+0000][7][gc          ] GC(37) Pause Remark 148M->148M(256M) 12.562ms
[2021-05-06T12:14:33.999+0000][7][gc,cpu      ] GC(37) User=0.08s Sys=0.00s Real=0.01s
[2021-05-06T12:14:33.999+0000][7][safepoint   ] Safepoint "G1Concurrent", Time since last: 237683466 ns, Reaching safepoint: 162937 ns, At safepoint: 12667541 ns, Total: 12830478 ns
[2021-05-06T12:14:33.999+0000][7][gc,marking  ] GC(37) Concurrent Rebuild Remembered Sets
[2021-05-06T12:14:34.078+0000][7][gc,marking  ] GC(37) Concurrent Rebuild Remembered Sets 79.050ms
[2021-05-06T12:14:34.078+0000][7][gc,start    ] GC(37) Pause Cleanup
[2021-05-06T12:14:34.078+0000][7][gc          ] GC(37) Pause Cleanup 148M->148M(256M) 0.081ms
[2021-05-06T12:14:34.078+0000][7][gc,cpu      ] GC(37) User=0.00s Sys=0.00s Real=0.00s
[2021-05-06T12:14:34.078+0000][7][safepoint   ] Safepoint "G1Concurrent", Time since last: 79139596 ns, Reaching safepoint: 201027 ns, At safepoint: 128144 ns, Total: 329171 ns
[2021-05-06T12:14:34.078+0000][7][gc,marking  ] GC(37) Concurrent Cleanup for Next Mark
[2021-05-06T12:14:34.078+0000][7][gc,marking  ] GC(37) Concurrent Cleanup for Next Mark 0.134ms
[2021-05-06T12:14:34.078+0000][7][gc          ] GC(37) Concurrent Cycle 333.759ms
[2021-05-06T12:14:34.246+0000][7][safepoint   ] Safepoint "ICBufferFull", Time since last: 167807193 ns, Reaching safepoint: 258509 ns, At safepoint: 13430 ns, Total: 271939 ns
[2021-05-06T12:14:35.247+0000][7][safepoint   ] Safepoint "Cleanup", Time since last: 1000373300 ns, Reaching safepoint: 649541 ns, At safepoint: 33381 ns, Total: 682922 ns
[2021-05-06T12:14:36.248+0000][7][safepoint   ] Safepoint "Cleanup", Time since last: 1000213413 ns, Reaching safepoint: 463649 ns, At safepoint: 36738 ns, Total: 500387 ns
[2021-05-06T12:14:37.249+0000][7][safepoint   ] Safepoint "Cleanup", Time since last: 1000191572 ns, Reaching safepoint: 433146 ns, At safepoint: 31737 ns, Total: 464883 ns
[2021-05-06T12:14:38.249+0000][7][safepoint   ] Safepoint "Cleanup", Time since last: 1000442851 ns, Reaching safepoint: 184434 ns, At safepoint: 20462 ns, Total: 204896 ns
[2021-05-06T12:14:39.250+0000][7][safepoint   ] Safepoint "Cleanup", Time since last: 1000168561 ns, Reaching safepoint: 333723 ns, At safepoint: 32008 ns, Total: 365731 ns
[2021-05-06T12:14:40.250+0000][7][safepoint   ] Safepoint "Cleanup", Time since last: 1000271120 ns, Reaching safepoint: 327223 ns, At safepoint: 23562 ns, Total: 350785 ns
[2021-05-06T12:14:42.251+0000][7][safepoint   ] Safepoint "Cleanup", Time since last: 2000349089 ns, Reaching safepoint: 340562 ns, At safepoint: 33229 ns, Total: 373791 ns
[2021-05-06T12:14:43.252+0000][7][safepoint   ] Safepoint "Cleanup", Time since last: 1000192314 ns, Reaching safepoint: 328373 ns, At safepoint: 38488 ns, Total: 366861 ns
[2021-05-06T12:14:45.253+0000][7][safepoint   ] Safepoint "Cleanup", Time since last: 2000341639 ns, Reaching safepoint: 446907 ns, At safepoint: 35736 ns, Total: 482643 ns
[2021-05-06T12:14:55.254+0000][7][safepoint   ] Safepoint "Cleanup", Time since last: 10001392524 ns, Reaching safepoint: 373901 ns, At safepoint: 23160 ns, Total: 397061 ns
[2021-05-06T12:14:57.255+0000][7][safepoint   ] Safepoint "Cleanup", Time since last: 2000320307 ns, Reaching safepoint: 344807 ns, At safepoint: 27869 ns, Total: 372676 ns
[2021-05-06T12:15:00.256+0000][7][safepoint   ] Safepoint "Cleanup", Time since last: 3000488275 ns, Reaching safepoint: 503861 ns, At safepoint: 53083 ns, Total: 556944 ns
[2021-05-06T12:15:01.257+0000][7][safepoint   ] Safepoint "Cleanup", Time since last: 1000463407 ns, Reaching safepoint: 390546 ns, At safepoint: 31049 ns, Total: 421595 ns
[2021-05-06T12:15:02.258+0000][7][safepoint   ] Safepoint "Cleanup", Time since last: 1000212187 ns, Reaching safepoint: 455515 ns, At safepoint: 45698 ns, Total: 501213 ns
[2021-05-06T12:15:03.258+0000][7][safepoint   ] Safepoint "Cleanup", Time since last: 1000303931 ns, Reaching safepoint: 323361 ns, At safepoint: 31061 ns, Total: 354422 ns
[2021-05-06T12:15:04.259+0000][7][safepoint   ] Safepoint "Cleanup", Time since last: 1000245104 ns, Reaching safepoint: 230992 ns, At safepoint: 22067 ns, Total: 253059 ns
[2021-05-06T12:15:05.259+0000][7][safepoint   ] Safepoint "Cleanup", Time since last: 1000207622 ns, Reaching safepoint: 204542 ns, At safepoint: 12522 ns, Total: 217064 ns
[2021-05-06T12:15:06.260+0000][7][safepoint   ] Safepoint "Cleanup", Time since last: 1000328258 ns, Reaching safepoint: 417793 ns, At safepoint: 28697 ns, Total: 446490 ns
[2021-05-06T12:15:07.261+0000][7][safepoint   ] Safepoint "Cleanup", Time since last: 1000267169 ns, Reaching safepoint: 453086 ns, At safepoint: 43794 ns, Total: 496880 ns
[2021-05-06T12:15:09.262+0000][7][safepoint   ] Safepoint "Cleanup", Time since last: 2000822112 ns, Reaching safepoint: 258331 ns, At safepoint: 23996 ns, Total: 282327 ns
[2021-05-06T12:15:15.263+0000][7][safepoint   ] Safepoint "Cleanup", Time since last: 6001055609 ns, Reaching safepoint: 354351 ns, At safepoint: 31010 ns, Total: 385361 ns
[2021-05-06T12:15:16.264+0000][7][safepoint   ] Safepoint "Cleanup", Time since last: 1000231640 ns, Reaching safepoint: 365882 ns, At safepoint: 27184 ns, Total: 393066 ns
[2021-05-06T12:15:24.266+0000][7][safepoint   ] Safepoint "Cleanup", Time since last: 8001164587 ns, Reaching safepoint: 453780 ns, At safepoint: 38968 ns, Total: 492748 ns
[2021-05-06T12:15:25.266+0000][7][safepoint   ] Safepoint "Cleanup", Time since last: 1000215693 ns, Reaching safepoint: 170922 ns, At safepoint: 11734 ns, Total: 182656 ns
[2021-05-06T12:15:29.267+0000][7][safepoint   ] Safepoint "Cleanup", Time since last: 4000663157 ns, Reaching safepoint: 480605 ns, At safepoint: 29988 ns, Total: 510593 ns
[2021-05-06T12:15:30.268+0000][7][safepoint   ] Safepoint "Cleanup", Time since last: 1000254081 ns, Reaching safepoint: 352155 ns, At safepoint: 28548 ns, Total: 380703 ns
[2021-05-06T12:15:31.269+0000][7][safepoint   ] Safepoint "Cleanup", Time since last: 1000196456 ns, Reaching safepoint: 516162 ns, At safepoint: 60926 ns, Total: 577088 ns
[2021-05-06T12:15:32.269+0000][7][safepoint   ] Safepoint "Cleanup", Time since last: 1000282906 ns, Reaching safepoint: 118484 ns, At safepoint: 8860 ns, Total: 127344 ns
[2021-05-06T12:15:33.270+0000][7][safepoint   ] Safepoint "Cleanup", Time since last: 1000204415 ns, Reaching safepoint: 442483 ns, At safepoint: 26522 ns, Total: 469005 ns
[2021-05-06T12:15:34.270+0000][7][safepoint   ] Safepoint "Cleanup", Time since last: 1000310491 ns, Reaching safepoint: 404159 ns, At safepoint: 36966 ns, Total: 441125 ns
[2021-05-06T12:15:34.759+0000][7][gc,start    ] GC(38) Pause Young (Normal) (G1 Evacuation Pause)
[2021-05-06T12:15:34.759+0000][7][gc,task     ] GC(38) Using 6 workers of 8 for evacuation
[2021-05-06T12:15:34.759+0000][7][gc,age      ] GC(38) Desired survivor size 6291456 bytes, new threshold 4 (max threshold 15)
[2021-05-06T12:15:34.772+0000][7][gc,age      ] GC(38) Age table with threshold 4 (max threshold 15)
[2021-05-06T12:15:34.772+0000][7][gc,age      ] GC(38) - age   1:    1286368 bytes,    1286368 total
[2021-05-06T12:15:34.772+0000][7][gc,age      ] GC(38) - age   2:     897256 bytes,    2183624 total
[2021-05-06T12:15:34.772+0000][7][gc,age      ] GC(38) - age   3:      34936 bytes,    2218560 total
[2021-05-06T12:15:34.772+0000][7][gc,age      ] GC(38) - age   4:     666864 bytes,    2885424 total
[2021-05-06T12:15:34.772+0000][7][gc,phases   ] GC(38)   Pre Evacuate Collection Set: 0.1ms
[2021-05-06T12:15:34.772+0000][7][gc,phases   ] GC(38)   Merge Heap Roots: 0.2ms
[2021-05-06T12:15:34.772+0000][7][gc,phases   ] GC(38)   Evacuate Collection Set: 11.6ms
[2021-05-06T12:15:34.772+0000][7][gc,phases   ] GC(38)   Post Evacuate Collection Set: 1.4ms
[2021-05-06T12:15:34.772+0000][7][gc,phases   ] GC(38)   Other: 0.4ms
[2021-05-06T12:15:34.772+0000][7][gc,heap     ] GC(38) Eden regions: 21->0(21)
[2021-05-06T12:15:34.772+0000][7][gc,heap     ] GC(38) Survivor regions: 2->1(3)
[2021-05-06T12:15:34.772+0000][7][gc,heap     ] GC(38) Old regions: 24->25
[2021-05-06T12:15:34.772+0000][7][gc,heap     ] GC(38) Archive regions: 2->2
[2021-05-06T12:15:34.772+0000][7][gc,heap     ] GC(38) Humongous regions: 2->2
[2021-05-06T12:15:34.773+0000][7][gc,metaspace] GC(38) Metaspace: 103953K(108904K)->103953K(108904K) NonClass: 90101K(93672K)->90101K(93672K) Class: 13852K(15232K)->13852K(15232K)
[2021-05-06T12:15:34.773+0000][7][gc          ] GC(38) Pause Young (Normal) (G1 Evacuation Pause) 198M->113M(256M) 13.884ms
[2021-05-06T12:15:34.773+0000][7][gc,cpu      ] GC(38) User=0.07s Sys=0.00s Real=0.02s
[2021-05-06T12:15:34.773+0000][7][safepoint   ] Safepoint "G1CollectForAllocation", Time since last: 487986490 ns, Reaching safepoint: 195134 ns, At safepoint: 14060844 ns, Total: 14255978 ns
[2021-05-06T12:15:35.773+0000][7][safepoint   ] Safepoint "Cleanup", Time since last: 1000151727 ns, Reaching safepoint: 352572 ns, At safepoint: 48878 ns, Total: 401450 ns
[2021-05-06T12:15:36.774+0000][7][safepoint   ] Safepoint "Cleanup", Time since last: 1000291471 ns, Reaching safepoint: 362917 ns, At safepoint: 37658 ns, Total: 400575 ns
[2021-05-06T12:15:37.775+0000][7][safepoint   ] Safepoint "Cleanup", Time since last: 1000670780 ns, Reaching safepoint: 499405 ns, At safepoint: 36991 ns, Total: 536396 ns
[2021-05-06T12:15:42.776+0000][7][safepoint   ] Safepoint "Cleanup", Time since last: 5000676120 ns, Reaching safepoint: 454125 ns, At safepoint: 31909 ns, Total: 486034 ns
[2021-05-06T12:15:50.778+0000][7][safepoint   ] Safepoint "Cleanup", Time since last: 8001125294 ns, Reaching safepoint: 390336 ns, At safepoint: 30273 ns, Total: 420609 ns
[2021-05-06T12:15:53.779+0000][7][safepoint   ] Safepoint "Cleanup", Time since last: 3000513106 ns, Reaching safepoint: 309802 ns, At safepoint: 24205 ns, Total: 334007 ns
[2021-05-06T12:15:54.779+0000][7][safepoint   ] Safepoint "Cleanup", Time since last: 1000228045 ns, Reaching safepoint: 387800 ns, At safepoint: 33810 ns, Total: 421610 ns
[2021-05-06T12:15:55.780+0000][7][safepoint   ] Safepoint "Cleanup", Time since last: 1000200950 ns, Reaching safepoint: 375651 ns, At safepoint: 25010 ns, Total: 400661 ns
[2021-05-06T12:15:57.781+0000][7][safepoint   ] Safepoint "Cleanup", Time since last: 2000431208 ns, Reaching safepoint: 400998 ns, At safepoint: 29988 ns, Total: 430986 ns
[2021-05-06T12:16:00.782+0000][7][safepoint   ] Safepoint "Cleanup", Time since last: 3000422170 ns, Reaching safepoint: 401172 ns, At safepoint: 23618 ns, Total: 424790 ns
[2021-05-06T12:16:03.782+0000][7][safepoint   ] Safepoint "Cleanup", Time since last: 3000465601 ns, Reaching safepoint: 272275 ns, At safepoint: 18488 ns, Total: 290763 ns
[2021-05-06T12:16:04.783+0000][7][safepoint   ] Safepoint "Cleanup", Time since last: 1000202442 ns, Reaching safepoint: 320325 ns, At safepoint: 32708 ns, Total: 353033 ns
[2021-05-06T12:16:06.784+0000][7][safepoint   ] Safepoint "Cleanup", Time since last: 2000391209 ns, Reaching safepoint: 435890 ns, At safepoint: 39723 ns, Total: 475613 ns
[2021-05-06T12:16:07.785+0000][7][safepoint   ] Safepoint "Cleanup", Time since last: 1000638937 ns, Reaching safepoint: 303606 ns, At safepoint: 27375 ns, Total: 330981 ns
[2021-05-06T12:16:14.786+0000][7][safepoint   ] Safepoint "Cleanup", Time since last: 7000895603 ns, Reaching safepoint: 160544 ns, At safepoint: 8991 ns, Total: 169535 ns
[2021-05-06T12:16:15.786+0000][7][safepoint   ] Safepoint "Cleanup", Time since last: 1000171147 ns, Reaching safepoint: 307235 ns, At safepoint: 24358 ns, Total: 331593 ns
[2021-05-06T12:16:16.787+0000][7][safepoint   ] Safepoint "Cleanup", Time since last: 1000194458 ns, Reaching safepoint: 98164 ns, At safepoint: 6017 ns, Total: 104181 ns
[2021-05-06T12:16:22.788+0000][7][safepoint   ] Safepoint "Cleanup", Time since last: 6000724153 ns, Reaching safepoint: 350422 ns, At safepoint: 27467 ns, Total: 377889 ns
[2021-05-06T12:16:27.789+0000][7][safepoint   ] Safepoint "Cleanup", Time since last: 5000636969 ns, Reaching safepoint: 443678 ns, At safepoint: 36011 ns, Total: 479689 ns
[2021-05-06T12:16:30.797+0000][7][safepoint   ] Safepoint "Cleanup", Time since last: 3007676405 ns, Reaching safepoint: 328404 ns, At safepoint: 24178 ns, Total: 352582 ns
[2021-05-06T12:16:32.798+0000][7][safepoint   ] Safepoint "Cleanup", Time since last: 2000405661 ns, Reaching safepoint: 587010 ns, At safepoint: 22917 ns, Total: 609927 ns
[2021-05-06T12:16:33.798+0000][7][safepoint   ] Safepoint "Cleanup", Time since last: 1000199368 ns, Reaching safepoint: 327790 ns, At safepoint: 25103 ns, Total: 352893 ns
[2021-05-06T12:16:34.799+0000][7][safepoint   ] Safepoint "Cleanup", Time since last: 1000206797 ns, Reaching safepoint: 338708 ns, At safepoint: 35568 ns, Total: 374276 ns
[2021-05-06T12:16:36.799+0000][7][safepoint   ] Safepoint "Cleanup", Time since last: 2000261514 ns, Reaching safepoint: 117937 ns, At safepoint: 6570 ns, Total: 124507 ns
[2021-05-06T12:16:37.800+0000][7][safepoint   ] Safepoint "Cleanup", Time since last: 1000386619 ns, Reaching safepoint: 465707 ns, At safepoint: 31844 ns, Total: 497551 ns
[2021-05-06T12:16:38.801+0000][7][safepoint   ] Safepoint "Cleanup", Time since last: 1000275441 ns, Reaching safepoint: 396185 ns, At safepoint: 38403 ns, Total: 434588 ns
[2021-05-06T12:16:39.802+0000][7][safepoint   ] Safepoint "Cleanup", Time since last: 1000229933 ns, Reaching safepoint: 414786 ns, At safepoint: 24875 ns, Total: 439661 ns
[2021-05-06T12:16:45.803+0000][7][safepoint   ] Safepoint "Cleanup", Time since last: 6000964760 ns, Reaching safepoint: 397452 ns, At safepoint: 26951 ns, Total: 424403 ns
[2021-05-06T12:16:49.804+0000][7][safepoint   ] Safepoint "Cleanup", Time since last: 4000676368 ns, Reaching safepoint: 595732 ns, At safepoint: 40674 ns, Total: 636406 ns
[2021-05-06T12:16:52.805+0000][7][safepoint   ] Safepoint "Cleanup", Time since last: 3000523651 ns, Reaching safepoint: 421530 ns, At safepoint: 34105 ns, Total: 455635 ns
[2021-05-06T12:16:54.806+0000][7][safepoint   ] Safepoint "Cleanup", Time since last: 2000643678 ns, Reaching safepoint: 234562 ns, At safepoint: 20074 ns, Total: 254636 ns
[2021-05-06T12:16:57.808+0000][7][safepoint   ] Safepoint "Cleanup", Time since last: 3000788211 ns, Reaching safepoint: 409077 ns, At safepoint: 31635 ns, Total: 440712 ns
[2021-05-06T12:17:00.809+0000][7][safepoint   ] Safepoint "Cleanup", Time since last: 3000560332 ns, Reaching safepoint: 455179 ns, At safepoint: 50962 ns, Total: 506141 ns
[2021-05-06T12:17:02.809+0000][7][safepoint   ] Safepoint "Cleanup", Time since last: 2000448991 ns, Reaching safepoint: 434978 ns, At safepoint: 35238 ns, Total: 470216 ns
[2021-05-06T12:17:03.810+0000][7][safepoint   ] Safepoint "Cleanup", Time since last: 1000265226 ns, Reaching safepoint: 382699 ns, At safepoint: 39665 ns, Total: 422364 ns
[2021-05-06T12:17:04.811+0000][7][safepoint   ] Safepoint "Cleanup", Time since last: 1000263274 ns, Reaching safepoint: 379000 ns, At safepoint: 37825 ns, Total: 416825 ns
[2021-05-06T12:17:06.812+0000][7][safepoint   ] Safepoint "Cleanup", Time since last: 2000430202 ns, Reaching safepoint: 389282 ns, At safepoint: 29252 ns, Total: 418534 ns
[2021-05-06T12:17:07.813+0000][7][safepoint   ] Safepoint "Cleanup", Time since last: 1000809771 ns, Reaching safepoint: 271931 ns, At safepoint: 25390 ns, Total: 297321 ns
[2021-05-06T12:17:08.813+0000][7][safepoint   ] Safepoint "Cleanup", Time since last: 1000257179 ns, Reaching safepoint: 341881 ns, At safepoint: 25294 ns, Total: 367175 ns
[2021-05-06T12:17:14.815+0000][7][safepoint   ] Safepoint "Cleanup", Time since last: 6000964261 ns, Reaching safepoint: 142866 ns, At safepoint: 11121 ns, Total: 153987 ns
[2021-05-06T12:17:15.815+0000][7][safepoint   ] Safepoint "Cleanup", Time since last: 1000216199 ns, Reaching safepoint: 475123 ns, At safepoint: 40352 ns, Total: 515475 ns
[2021-05-06T12:17:16.816+0000][7][safepoint   ] Safepoint "Cleanup", Time since last: 1000225251 ns, Reaching safepoint: 451206 ns, At safepoint: 32043 ns, Total: 483249 ns
[2021-05-06T12:17:17.816+0000][7][safepoint   ] Safepoint "Cleanup", Time since last: 1000325089 ns, Reaching safepoint: 163482 ns, At safepoint: 13249 ns, Total: 176731 ns
[2021-05-06T12:17:19.817+0000][7][safepoint   ] Safepoint "Cleanup", Time since last: 2000296019 ns, Reaching safepoint: 314962 ns, At safepoint: 21647 ns, Total: 336609 ns
[2021-05-06T12:17:27.538+0000][7][safepoint   ] Safepoint "Cleanup", Time since last: 7720187679 ns, Reaching safepoint: 201969 ns, At safepoint: 7917 ns, Total: 209886 ns
[2021-05-06T12:17:28.538+0000][7][safepoint   ] Safepoint "Cleanup", Time since last: 1000235394 ns, Reaching safepoint: 518414 ns, At safepoint: 36429 ns, Total: 554843 ns
[2021-05-06T12:17:29.539+0000][7][safepoint   ] Safepoint "Cleanup", Time since last: 1000270352 ns, Reaching safepoint: 355623 ns, At safepoint: 36120 ns, Total: 391743 ns
[2021-05-06T12:17:30.540+0000][7][safepoint   ] Safepoint "Cleanup", Time since last: 1000309491 ns, Reaching safepoint: 368485 ns, At safepoint: 29947 ns, Total: 398432 ns
[2021-05-06T12:17:31.540+0000][7][safepoint   ] Safepoint "Cleanup", Time since last: 1000223791 ns, Reaching safepoint: 449786 ns, At safepoint: 68887 ns, Total: 518673 ns
[2021-05-06T12:17:32.541+0000][7][safepoint   ] Safepoint "Cleanup", Time since last: 1000266994 ns, Reaching safepoint: 436992 ns, At safepoint: 29455 ns, Total: 466447 ns
[2021-05-06T12:17:33.542+0000][7][safepoint   ] Safepoint "Cleanup", Time since last: 1000248510 ns, Reaching safepoint: 300300 ns, At safepoint: 23595 ns, Total: 323895 ns
[2021-05-06T12:17:34.542+0000][7][safepoint   ] Safepoint "Cleanup", Time since last: 1000244172 ns, Reaching safepoint: 361492 ns, At safepoint: 26903 ns, Total: 388395 ns
[2021-05-06T12:17:35.543+0000][7][safepoint   ] Safepoint "Cleanup", Time since last: 1000190732 ns, Reaching safepoint: 170309 ns, At safepoint: 11791 ns, Total: 182100 ns
[2021-05-06T12:17:36.792+0000][7][safepoint   ] Safepoint "Cleanup", Time since last: 1248809454 ns, Reaching safepoint: 387464 ns, At safepoint: 29603 ns, Total: 417067 ns
[2021-05-06T12:17:39.505+0000][7][gc,start    ] GC(39) Pause Young (Concurrent Start) (G1 Evacuation Pause)
[2021-05-06T12:17:39.505+0000][7][gc,task     ] GC(39) Using 6 workers of 8 for evacuation
[2021-05-06T12:17:39.505+0000][7][gc,age      ] GC(39) Desired survivor size 6291456 bytes, new threshold 15 (max threshold 15)
[2021-05-06T12:17:39.517+0000][7][gc,age      ] GC(39) Age table with threshold 15 (max threshold 15)
[2021-05-06T12:17:39.517+0000][7][gc,age      ] GC(39) - age   1:     517192 bytes,     517192 total
[2021-05-06T12:17:39.517+0000][7][gc,age      ] GC(39) - age   2:     773448 bytes,    1290640 total
[2021-05-06T12:17:39.517+0000][7][gc,age      ] GC(39) - age   3:     895440 bytes,    2186080 total
[2021-05-06T12:17:39.517+0000][7][gc,age      ] GC(39) - age   4:      26720 bytes,    2212800 total
[2021-05-06T12:17:39.517+0000][7][gc,age      ] GC(39) - age   5:     666864 bytes,    2879664 total
[2021-05-06T12:17:39.517+0000][7][gc,phases   ] GC(39)   Pre Evacuate Collection Set: 0.4ms
[2021-05-06T12:17:39.517+0000][7][gc,phases   ] GC(39)   Merge Heap Roots: 0.2ms
[2021-05-06T12:17:39.517+0000][7][gc,phases   ] GC(39)   Evacuate Collection Set: 8.7ms
[2021-05-06T12:17:39.517+0000][7][gc,phases   ] GC(39)   Post Evacuate Collection Set: 1.8ms
[2021-05-06T12:17:39.517+0000][7][gc,phases   ] GC(39)   Other: 0.7ms
[2021-05-06T12:17:39.517+0000][7][gc,heap     ] GC(39) Eden regions: 21->0(22)
[2021-05-06T12:17:39.517+0000][7][gc,heap     ] GC(39) Survivor regions: 1->1(3)
[2021-05-06T12:17:39.517+0000][7][gc,heap     ] GC(39) Old regions: 25->25
[2021-05-06T12:17:39.517+0000][7][gc,heap     ] GC(39) Archive regions: 2->2
[2021-05-06T12:17:39.517+0000][7][gc,heap     ] GC(39) Humongous regions: 2->2
[2021-05-06T12:17:39.517+0000][7][gc,metaspace] GC(39) Metaspace: 104358K(109160K)->104358K(109160K) NonClass: 90505K(93928K)->90505K(93928K) Class: 13853K(15232K)->13853K(15232K)
[2021-05-06T12:17:39.517+0000][7][gc          ] GC(39) Pause Young (Concurrent Start) (G1 Evacuation Pause) 197M->113M(256M) 12.090ms
[2021-05-06T12:17:39.517+0000][7][gc,cpu      ] GC(39) User=0.05s Sys=0.00s Real=0.01s
[2021-05-06T12:17:39.517+0000][7][safepoint   ] Safepoint "G1CollectForAllocation", Time since last: 2712781944 ns, Reaching safepoint: 306402 ns, At safepoint: 12383349 ns, Total: 12689751 ns
[2021-05-06T12:17:39.517+0000][7][gc          ] GC(40) Concurrent Cycle
[2021-05-06T12:17:39.518+0000][7][gc,marking  ] GC(40) Concurrent Clear Claimed Marks
[2021-05-06T12:17:39.518+0000][7][gc,marking  ] GC(40) Concurrent Clear Claimed Marks 0.372ms
[2021-05-06T12:17:39.518+0000][7][gc,marking  ] GC(40) Concurrent Scan Root Regions
[2021-05-06T12:17:39.527+0000][7][gc,marking  ] GC(40) Concurrent Scan Root Regions 9.184ms
[2021-05-06T12:17:39.527+0000][7][gc,marking  ] GC(40) Concurrent Mark (511.840s)
[2021-05-06T12:17:39.527+0000][7][gc,marking  ] GC(40) Concurrent Mark From Roots
[2021-05-06T12:17:39.527+0000][7][gc,task     ] GC(40) Using 2 workers of 2 for marking
[2021-05-06T12:17:39.640+0000][7][gc,marking  ] GC(40) Concurrent Mark From Roots 112.485ms
[2021-05-06T12:17:39.640+0000][7][gc,marking  ] GC(40) Concurrent Preclean
[2021-05-06T12:17:39.640+0000][7][gc,marking  ] GC(40) Concurrent Preclean 0.213ms
[2021-05-06T12:17:39.640+0000][7][gc,marking  ] GC(40) Concurrent Mark (511.840s, 511.952s) 112.767ms
[2021-05-06T12:17:39.640+0000][7][gc,start    ] GC(40) Pause Remark
[2021-05-06T12:17:39.649+0000][7][gc          ] GC(40) Pause Remark 114M->114M(256M) 8.494ms
[2021-05-06T12:17:39.649+0000][7][gc,cpu      ] GC(40) User=0.04s Sys=0.00s Real=0.01s
[2021-05-06T12:17:39.649+0000][7][safepoint   ] Safepoint "G1Concurrent", Time since last: 122644691 ns, Reaching safepoint: 113183 ns, At safepoint: 8572334 ns, Total: 8685517 ns
[2021-05-06T12:17:39.649+0000][7][gc,marking  ] GC(40) Concurrent Rebuild Remembered Sets
[2021-05-06T12:17:39.719+0000][7][gc,marking  ] GC(40) Concurrent Rebuild Remembered Sets 70.339ms
[2021-05-06T12:17:39.719+0000][7][gc,start    ] GC(40) Pause Cleanup
[2021-05-06T12:17:39.719+0000][7][gc          ] GC(40) Pause Cleanup 114M->114M(256M) 0.078ms
[2021-05-06T12:17:39.719+0000][7][gc,cpu      ] GC(40) User=0.00s Sys=0.00s Real=0.00s
[2021-05-06T12:17:39.719+0000][7][safepoint   ] Safepoint "G1Concurrent", Time since last: 70461307 ns, Reaching safepoint: 93614 ns, At safepoint: 122321 ns, Total: 215935 ns
[2021-05-06T12:17:39.720+0000][7][gc,marking  ] GC(40) Concurrent Cleanup for Next Mark
[2021-05-06T12:17:39.720+0000][7][gc,marking  ] GC(40) Concurrent Cleanup for Next Mark 0.148ms
[2021-05-06T12:17:39.720+0000][7][gc          ] GC(40) Concurrent Cycle 202.194ms
[2021-05-06T12:17:40.720+0000][7][safepoint   ] Safepoint "Cleanup", Time since last: 1000124416 ns, Reaching safepoint: 415785 ns, At safepoint: 34228 ns, Total: 450013 ns
[2021-05-06T12:17:43.190+0000][7][safepoint   ] Safepoint "Cleanup", Time since last: 2469191656 ns, Reaching safepoint: 451077 ns, At safepoint: 35227 ns, Total: 486304 ns
[2021-05-06T12:17:44.190+0000][7][safepoint   ] Safepoint "Cleanup", Time since last: 1000193271 ns, Reaching safepoint: 267342 ns, At safepoint: 23074 ns, Total: 290416 ns
[2021-05-06T12:17:45.191+0000][7][safepoint   ] Safepoint "Cleanup", Time since last: 1000236029 ns, Reaching safepoint: 399485 ns, At safepoint: 38513 ns, Total: 437998 ns
[2021-05-06T12:17:46.191+0000][7][safepoint   ] Safepoint "Cleanup", Time since last: 1000210535 ns, Reaching safepoint: 381673 ns, At safepoint: 33740 ns, Total: 415413 ns
[2021-05-06T12:17:50.193+0000][7][safepoint   ] Safepoint "Cleanup", Time since last: 4000555079 ns, Reaching safepoint: 476467 ns, At safepoint: 35009 ns, Total: 511476 ns
[2021-05-06T12:17:52.193+0000][7][safepoint   ] Safepoint "Cleanup", Time since last: 2000356497 ns, Reaching safepoint: 199778 ns, At safepoint: 9061 ns, Total: 208839 ns
[2021-05-06T12:17:53.194+0000][7][safepoint   ] Safepoint "Cleanup", Time since last: 1000191850 ns, Reaching safepoint: 306576 ns, At safepoint: 32421 ns, Total: 338997 ns
[2021-05-06T12:17:55.194+0000][7][safepoint   ] Safepoint "Cleanup", Time since last: 2000311600 ns, Reaching safepoint: 350196 ns, At safepoint: 31888 ns, Total: 382084 ns
[2021-05-06T12:18:00.196+0000][7][safepoint   ] Safepoint "Cleanup", Time since last: 5001019760 ns, Reaching safepoint: 471545 ns, At safepoint: 37730 ns, Total: 509275 ns
[2021-05-06T12:18:01.197+0000][7][safepoint   ] Safepoint "Cleanup", Time since last: 1000210520 ns, Reaching safepoint: 419216 ns, At safepoint: 21710 ns, Total: 440926 ns
[2021-05-06T12:18:02.197+0000][7][safepoint   ] Safepoint "Cleanup", Time since last: 1000216944 ns, Reaching safepoint: 331537 ns, At safepoint: 31797 ns, Total: 363334 ns
[2021-05-06T12:18:05.198+0000][7][safepoint   ] Safepoint "Cleanup", Time since last: 3000508555 ns, Reaching safepoint: 384527 ns, At safepoint: 31386 ns, Total: 415913 ns
[2021-05-06T12:18:06.199+0000][7][safepoint   ] Safepoint "Cleanup", Time since last: 1000231315 ns, Reaching safepoint: 465015 ns, At safepoint: 41881 ns, Total: 506896 ns
[2021-05-06T12:18:07.199+0000][7][safepoint   ] Safepoint "Cleanup", Time since last: 1000285650 ns, Reaching safepoint: 220823 ns, At safepoint: 13524 ns, Total: 234347 ns
[2021-05-06T12:18:08.200+0000][7][safepoint   ] Safepoint "Cleanup", Time since last: 1000386070 ns, Reaching safepoint: 404984 ns, At safepoint: 55569 ns, Total: 460553 ns
[2021-05-06T12:18:11.201+0000][7][safepoint   ] Safepoint "Cleanup", Time since last: 3000431396 ns, Reaching safepoint: 420012 ns, At safepoint: 21726 ns, Total: 441738 ns
[2021-05-06T12:18:15.202+0000][7][safepoint   ] Safepoint "Cleanup", Time since last: 4000629788 ns, Reaching safepoint: 391333 ns, At safepoint: 34402 ns, Total: 425735 ns
[2021-05-06T12:18:16.203+0000][7][safepoint   ] Safepoint "Cleanup", Time since last: 1000220793 ns, Reaching safepoint: 300438 ns, At safepoint: 36602 ns, Total: 337040 ns
[2021-05-06T12:18:20.204+0000][7][safepoint   ] Safepoint "Cleanup", Time since last: 4000858352 ns, Reaching safepoint: 226712 ns, At safepoint: 10943 ns, Total: 237655 ns
[2021-05-06T12:18:30.205+0000][7][safepoint   ] Safepoint "Cleanup", Time since last: 10001280801 ns, Reaching safepoint: 297670 ns, At safepoint: 28115 ns, Total: 325785 ns
[2021-05-06T12:18:33.206+0000][7][safepoint   ] Safepoint "Cleanup", Time since last: 3000283987 ns, Reaching safepoint: 251351 ns, At safepoint: 20652 ns, Total: 272003 ns
[2021-05-06T12:18:34.206+0000][7][safepoint   ] Safepoint "Cleanup", Time since last: 1000193340 ns, Reaching safepoint: 253867 ns, At safepoint: 21274 ns, Total: 275141 ns
[2021-05-06T12:18:35.207+0000][7][safepoint   ] Safepoint "Cleanup", Time since last: 1000211179 ns, Reaching safepoint: 332935 ns, At safepoint: 29620 ns, Total: 362555 ns
[2021-05-06T12:18:36.207+0000][7][safepoint   ] Safepoint "Cleanup", Time since last: 1000214461 ns, Reaching safepoint: 271883 ns, At safepoint: 22023 ns, Total: 293906 ns
[2021-05-06T12:18:37.208+0000][7][safepoint   ] Safepoint "Cleanup", Time since last: 1000173055 ns, Reaching safepoint: 253360 ns, At safepoint: 21740 ns, Total: 275100 ns
[2021-05-06T12:18:38.208+0000][7][safepoint   ] Safepoint "Cleanup", Time since last: 1000132029 ns, Reaching safepoint: 126742 ns, At safepoint: 8610 ns, Total: 135352 ns
[2021-05-06T12:18:52.210+0000][7][safepoint   ] Safepoint "Cleanup", Time since last: 14001599735 ns, Reaching safepoint: 316830 ns, At safepoint: 32494 ns, Total: 349324 ns
[2021-05-06T12:18:55.211+0000][7][safepoint   ] Safepoint "Cleanup", Time since last: 3000829190 ns, Reaching safepoint: 437983 ns, At safepoint: 32782 ns, Total: 470765 ns
[2021-05-06T12:19:00.213+0000][7][safepoint   ] Safepoint "Cleanup", Time since last: 5000822060 ns, Reaching safepoint: 355117 ns, At safepoint: 32528 ns, Total: 387645 ns
[2021-05-06T12:19:03.213+0000][7][safepoint   ] Safepoint "Cleanup", Time since last: 3000466487 ns, Reaching safepoint: 336185 ns, At safepoint: 24240 ns, Total: 360425 ns
[2021-05-06T12:19:07.214+0000][7][safepoint   ] Safepoint "Cleanup", Time since last: 4000531228 ns, Reaching safepoint: 334210 ns, At safepoint: 34564 ns, Total: 368774 ns
[2021-05-06T12:19:10.216+0000][7][safepoint   ] Safepoint "Cleanup", Time since last: 3000782573 ns, Reaching safepoint: 422226 ns, At safepoint: 22113 ns, Total: 444339 ns
[2021-05-06T12:19:15.217+0000][7][safepoint   ] Safepoint "Cleanup", Time since last: 5000847493 ns, Reaching safepoint: 497897 ns, At safepoint: 24487 ns, Total: 522384 ns
[2021-05-06T12:19:25.219+0000][7][safepoint   ] Safepoint "Cleanup", Time since last: 10001325608 ns, Reaching safepoint: 336876 ns, At safepoint: 28109 ns, Total: 364985 ns
[2021-05-06T12:19:28.220+0000][7][safepoint   ] Safepoint "Cleanup", Time since last: 3001194504 ns, Reaching safepoint: 406028 ns, At safepoint: 72511 ns, Total: 478539 ns
[2021-05-06T12:19:29.221+0000][7][safepoint   ] Safepoint "Cleanup", Time since last: 1000260370 ns, Reaching safepoint: 347826 ns, At safepoint: 36351 ns, Total: 384177 ns
[2021-05-06T12:19:30.222+0000][7][safepoint   ] Safepoint "Cleanup", Time since last: 1000238202 ns, Reaching safepoint: 618264 ns, At safepoint: 57916 ns, Total: 676180 ns
[2021-05-06T12:19:30.326+0000][7][safepoint   ] Safepoint "ICBufferFull", Time since last: 103222896 ns, Reaching safepoint: 697404 ns, At safepoint: 39571 ns, Total: 736975 ns
[2021-05-06T12:19:30.497+0000][7][gc,start    ] GC(41) Pause Young (Normal) (G1 Evacuation Pause)
[2021-05-06T12:19:30.497+0000][7][gc,task     ] GC(41) Using 6 workers of 8 for evacuation
[2021-05-06T12:19:30.497+0000][7][gc,age      ] GC(41) Desired survivor size 6291456 bytes, new threshold 15 (max threshold 15)
[2021-05-06T12:19:30.502+0000][7][gc,age      ] GC(41) Age table with threshold 15 (max threshold 15)
[2021-05-06T12:19:30.502+0000][7][gc,age      ] GC(41) - age   1:     927600 bytes,     927600 total
[2021-05-06T12:19:30.502+0000][7][gc,age      ] GC(41) - age   2:      10520 bytes,     938120 total
[2021-05-06T12:19:30.502+0000][7][gc,age      ] GC(41) - age   3:     754456 bytes,    1692576 total
[2021-05-06T12:19:30.502+0000][7][gc,age      ] GC(41) - age   4:     874840 bytes,    2567416 total
[2021-05-06T12:19:30.502+0000][7][gc,age      ] GC(41) - age   5:      26720 bytes,    2594136 total
[2021-05-06T12:19:30.502+0000][7][gc,age      ] GC(41) - age   6:     666664 bytes,    3260800 total
[2021-05-06T12:19:30.502+0000][7][gc,phases   ] GC(41)   Pre Evacuate Collection Set: 0.1ms
[2021-05-06T12:19:30.502+0000][7][gc,phases   ] GC(41)   Merge Heap Roots: 0.1ms
[2021-05-06T12:19:30.502+0000][7][gc,phases   ] GC(41)   Evacuate Collection Set: 3.9ms
[2021-05-06T12:19:30.502+0000][7][gc,phases   ] GC(41)   Post Evacuate Collection Set: 0.8ms
[2021-05-06T12:19:30.502+0000][7][gc,phases   ] GC(41)   Other: 0.3ms
[2021-05-06T12:19:30.502+0000][7][gc,heap     ] GC(41) Eden regions: 22->0(22)
[2021-05-06T12:19:30.502+0000][7][gc,heap     ] GC(41) Survivor regions: 1->1(3)
[2021-05-06T12:19:30.502+0000][7][gc,heap     ] GC(41) Old regions: 25->25
[2021-05-06T12:19:30.502+0000][7][gc,heap     ] GC(41) Archive regions: 2->2
[2021-05-06T12:19:30.502+0000][7][gc,heap     ] GC(41) Humongous regions: 2->2
[2021-05-06T12:19:30.502+0000][7][gc,metaspace] GC(41) Metaspace: 104705K(109672K)->104705K(109672K) NonClass: 90846K(94440K)->90846K(94440K) Class: 13858K(15232K)->13858K(15232K)
[2021-05-06T12:19:30.502+0000][7][gc          ] GC(41) Pause Young (Normal) (G1 Evacuation Pause) 201M->113M(256M) 5.314ms
[2021-05-06T12:19:30.502+0000][7][gc,cpu      ] GC(41) User=0.02s Sys=0.00s Real=0.00s
[2021-05-06T12:19:30.502+0000][7][safepoint   ] Safepoint "G1CollectForAllocation", Time since last: 171065862 ns, Reaching safepoint: 190563 ns, At safepoint: 5411619 ns, Total: 5602182 ns
[2021-05-06T12:19:31.503+0000][7][safepoint   ] Safepoint "Cleanup", Time since last: 1000088615 ns, Reaching safepoint: 134310 ns, At safepoint: 8543 ns, Total: 142853 ns
[2021-05-06T12:19:32.503+0000][7][safepoint   ] Safepoint "Cleanup", Time since last: 1000191771 ns, Reaching safepoint: 395294 ns, At safepoint: 45763 ns, Total: 441057 ns
[2021-05-06T12:19:33.504+0000][7][safepoint   ] Safepoint "Cleanup", Time since last: 1000234683 ns, Reaching safepoint: 192014 ns, At safepoint: 11032 ns, Total: 203046 ns
[2021-05-06T12:19:34.504+0000][7][safepoint   ] Safepoint "Cleanup", Time since last: 1000131560 ns, Reaching safepoint: 265034 ns, At safepoint: 17895 ns, Total: 282929 ns
[2021-05-06T12:19:35.505+0000][7][safepoint   ] Safepoint "Cleanup", Time since last: 1000408033 ns, Reaching safepoint: 85584 ns, At safepoint: 6172 ns, Total: 91756 ns
[2021-05-06T12:19:36.505+0000][7][safepoint   ] Safepoint "Cleanup", Time since last: 1000253324 ns, Reaching safepoint: 299921 ns, At safepoint: 26723 ns, Total: 326644 ns
[2021-05-06T12:19:37.506+0000][7][safepoint   ] Safepoint "Cleanup", Time since last: 1000256444 ns, Reaching safepoint: 326285 ns, At safepoint: 29620 ns, Total: 355905 ns
[2021-05-06T12:19:38.506+0000][7][safepoint   ] Safepoint "Cleanup", Time since last: 1000174226 ns, Reaching safepoint: 125235 ns, At safepoint: 11393 ns, Total: 136628 ns
[2021-05-06T12:19:39.507+0000][7][safepoint   ] Safepoint "Cleanup", Time since last: 1000203323 ns, Reaching safepoint: 388901 ns, At safepoint: 33455 ns, Total: 422356 ns
[2021-05-06T12:19:41.508+0000][7][safepoint   ] Safepoint "Cleanup", Time since last: 2000370600 ns, Reaching safepoint: 421158 ns, At safepoint: 37750 ns, Total: 458908 ns
[2021-05-06T12:19:45.509+0000][7][safepoint   ] Safepoint "Cleanup", Time since last: 4000622990 ns, Reaching safepoint: 353470 ns, At safepoint: 24310 ns, Total: 377780 ns
[2021-05-06T12:19:54.510+0000][7][safepoint   ] Safepoint "Cleanup", Time since last: 9001335180 ns, Reaching safepoint: 321606 ns, At safepoint: 29737 ns, Total: 351343 ns
[2021-05-06T12:19:55.511+0000][7][safepoint   ] Safepoint "Cleanup", Time since last: 1000484650 ns, Reaching safepoint: 414607 ns, At safepoint: 49880 ns, Total: 464487 ns
[2021-05-06T12:20:00.513+0000][7][safepoint   ] Safepoint "Cleanup", Time since last: 5000896367 ns, Reaching safepoint: 477164 ns, At safepoint: 35924 ns, Total: 513088 ns
[2021-05-06T12:20:02.514+0000][7][safepoint   ] Safepoint "Cleanup", Time since last: 2000401916 ns, Reaching safepoint: 360607 ns, At safepoint: 34534 ns, Total: 395141 ns
[2021-05-06T12:20:04.514+0000][7][safepoint   ] Safepoint "Cleanup", Time since last: 2000382521 ns, Reaching safepoint: 137075 ns, At safepoint: 7621 ns, Total: 144696 ns
[2021-05-06T12:20:05.515+0000][7][safepoint   ] Safepoint "Cleanup", Time since last: 1000168977 ns, Reaching safepoint: 399062 ns, At safepoint: 33713 ns, Total: 432775 ns
[2021-05-06T12:20:07.515+0000][7][safepoint   ] Safepoint "Cleanup", Time since last: 2000261609 ns, Reaching safepoint: 256170 ns, At safepoint: 24467 ns, Total: 280637 ns
[2021-05-06T12:20:10.516+0000][7][safepoint   ] Safepoint "Cleanup", Time since last: 3000467930 ns, Reaching safepoint: 357626 ns, At safepoint: 22931 ns, Total: 380557 ns
[2021-05-06T12:20:15.517+0000][7][safepoint   ] Safepoint "Cleanup", Time since last: 5000743694 ns, Reaching safepoint: 111638 ns, At safepoint: 8192 ns, Total: 119830 ns
[2021-05-06T12:20:19.517+0000][7][safepoint   ] Safepoint "Cleanup", Time since last: 4000428078 ns, Reaching safepoint: 155534 ns, At safepoint: 11079 ns, Total: 166613 ns
[2021-05-06T12:20:24.518+0000][7][safepoint   ] Safepoint "Cleanup", Time since last: 5000500771 ns, Reaching safepoint: 97656 ns, At safepoint: 5990 ns, Total: 103646 ns
[2021-05-06T12:20:25.519+0000][7][safepoint   ] Safepoint "Cleanup", Time since last: 1000213176 ns, Reaching safepoint: 255065 ns, At safepoint: 21578 ns, Total: 276643 ns
[2021-05-06T12:20:30.519+0000][7][safepoint   ] Safepoint "Cleanup", Time since last: 5000434164 ns, Reaching safepoint: 130963 ns, At safepoint: 8152 ns, Total: 139115 ns
[2021-05-06T12:20:31.519+0000][7][safepoint   ] Safepoint "Cleanup", Time since last: 1000113379 ns, Reaching safepoint: 96664 ns, At safepoint: 5566 ns, Total: 102230 ns
[2021-05-06T12:20:33.520+0000][7][safepoint   ] Safepoint "Cleanup", Time since last: 2000207536 ns, Reaching safepoint: 181178 ns, At safepoint: 12832 ns, Total: 194010 ns
[2021-05-06T12:20:35.520+0000][7][safepoint   ] Safepoint "Cleanup", Time since last: 2000217608 ns, Reaching safepoint: 148165 ns, At safepoint: 11263 ns, Total: 159428 ns
[2021-05-06T12:20:37.521+0000][7][safepoint   ] Safepoint "Cleanup", Time since last: 2000225249 ns, Reaching safepoint: 226840 ns, At safepoint: 9376 ns, Total: 236216 ns
[2021-05-06T12:20:45.522+0000][7][safepoint   ] Safepoint "Cleanup", Time since last: 8000900243 ns, Reaching safepoint: 238227 ns, At safepoint: 15497 ns, Total: 253724 ns
[2021-05-06T12:20:46.523+0000][7][safepoint   ] Safepoint "Cleanup", Time since last: 1000231055 ns, Reaching safepoint: 421730 ns, At safepoint: 30760 ns, Total: 452490 ns
[2021-05-06T12:20:52.523+0000][7][safepoint   ] Safepoint "Cleanup", Time since last: 6000831059 ns, Reaching safepoint: 170893 ns, At safepoint: 10974 ns, Total: 181867 ns
[2021-05-06T12:20:55.524+0000][7][safepoint   ] Safepoint "Cleanup", Time since last: 3000385709 ns, Reaching safepoint: 434834 ns, At safepoint: 44338 ns, Total: 479172 ns
[2021-05-06T12:21:00.525+0000][7][safepoint   ] Safepoint "Cleanup", Time since last: 5000567474 ns, Reaching safepoint: 150515 ns, At safepoint: 7394 ns, Total: 157909 ns
[2021-05-06T12:21:01.525+0000][7][safepoint   ] Safepoint "Cleanup", Time since last: 1000128898 ns, Reaching safepoint: 177082 ns, At safepoint: 14351 ns, Total: 191433 ns
[2021-05-06T12:21:02.526+0000][7][safepoint   ] Safepoint "Cleanup", Time since last: 1000156125 ns, Reaching safepoint: 190738 ns, At safepoint: 14822 ns, Total: 205560 ns
[2021-05-06T12:21:04.526+0000][7][safepoint   ] Safepoint "Cleanup", Time since last: 2000215128 ns, Reaching safepoint: 185853 ns, At safepoint: 18255 ns, Total: 204108 ns
[2021-05-06T12:21:05.527+0000][7][safepoint   ] Safepoint "Cleanup", Time since last: 1000202303 ns, Reaching safepoint: 344975 ns, At safepoint: 38234 ns, Total: 383209 ns
[2021-05-06T12:21:07.527+0000][7][safepoint   ] Safepoint "Cleanup", Time since last: 2000287211 ns, Reaching safepoint: 332364 ns, At safepoint: 20448 ns, Total: 352812 ns
[2021-05-06T12:21:24.445+0000][7][gc,start    ] GC(42) Pause Young (Concurrent Start) (G1 Evacuation Pause)
[2021-05-06T12:21:24.445+0000][7][gc,task     ] GC(42) Using 6 workers of 8 for evacuation
[2021-05-06T12:21:24.445+0000][7][gc,age      ] GC(42) Desired survivor size 6291456 bytes, new threshold 15 (max threshold 15)
[2021-05-06T12:21:24.451+0000][7][gc,age      ] GC(42) Age table with threshold 15 (max threshold 15)
[2021-05-06T12:21:24.451+0000][7][gc,age      ] GC(42) - age   1:     634256 bytes,     634256 total
[2021-05-06T12:21:24.451+0000][7][gc,age      ] GC(42) - age   2:     334832 bytes,     969088 total
[2021-05-06T12:21:24.451+0000][7][gc,age      ] GC(42) - age   3:      10296 bytes,     979384 total
[2021-05-06T12:21:24.452+0000][7][gc,age      ] GC(42) - age   4:     751872 bytes,    1731256 total
[2021-05-06T12:21:24.452+0000][7][gc,age      ] GC(42) - age   5:     874840 bytes,    2606096 total
[2021-05-06T12:21:24.452+0000][7][gc,age      ] GC(42) - age   6:      26720 bytes,    2632816 total
[2021-05-06T12:21:24.452+0000][7][gc,age      ] GC(42) - age   7:     665576 bytes,    3298392 total
[2021-05-06T12:21:24.452+0000][7][gc,phases   ] GC(42)   Pre Evacuate Collection Set: 0.2ms
[2021-05-06T12:21:24.452+0000][7][gc,phases   ] GC(42)   Merge Heap Roots: 0.1ms
[2021-05-06T12:21:24.452+0000][7][gc,phases   ] GC(42)   Evacuate Collection Set: 5.7ms
[2021-05-06T12:21:24.452+0000][7][gc,phases   ] GC(42)   Post Evacuate Collection Set: 0.8ms
[2021-05-06T12:21:24.452+0000][7][gc,phases   ] GC(42)   Other: 0.4ms
[2021-05-06T12:21:24.452+0000][7][gc,heap     ] GC(42) Eden regions: 22->0(22)
[2021-05-06T12:21:24.452+0000][7][gc,heap     ] GC(42) Survivor regions: 1->1(3)
[2021-05-06T12:21:24.452+0000][7][gc,heap     ] GC(42) Old regions: 25->25
[2021-05-06T12:21:24.452+0000][7][gc,heap     ] GC(42) Archive regions: 2->2
[2021-05-06T12:21:24.452+0000][7][gc,heap     ] GC(42) Humongous regions: 2->2
[2021-05-06T12:21:24.452+0000][7][gc,metaspace] GC(42) Metaspace: 104942K(109672K)->104942K(109672K) NonClass: 91081K(94440K)->91081K(94440K) Class: 13861K(15232K)->13861K(15232K)
[2021-05-06T12:21:24.452+0000][7][gc          ] GC(42) Pause Young (Concurrent Start) (G1 Evacuation Pause) 201M->113M(256M) 7.247ms
[2021-05-06T12:21:24.452+0000][7][gc,cpu      ] GC(42) User=0.03s Sys=0.00s Real=0.00s
[2021-05-06T12:21:24.452+0000][7][safepoint   ] Safepoint "G1CollectForAllocation", Time since last: 16916837736 ns, Reaching safepoint: 280642 ns, At safepoint: 7368227 ns, Total: 7648869 ns
[2021-05-06T12:21:24.452+0000][7][gc          ] GC(43) Concurrent Cycle
[2021-05-06T12:21:24.452+0000][7][gc,marking  ] GC(43) Concurrent Clear Claimed Marks
[2021-05-06T12:21:24.452+0000][7][gc,marking  ] GC(43) Concurrent Clear Claimed Marks 0.084ms
[2021-05-06T12:21:24.452+0000][7][gc,marking  ] GC(43) Concurrent Scan Root Regions
[2021-05-06T12:21:24.458+0000][7][gc,marking  ] GC(43) Concurrent Scan Root Regions 5.718ms
[2021-05-06T12:21:24.458+0000][7][gc,marking  ] GC(43) Concurrent Mark (736.770s)
[2021-05-06T12:21:24.458+0000][7][gc,marking  ] GC(43) Concurrent Mark From Roots
[2021-05-06T12:21:24.458+0000][7][gc,task     ] GC(43) Using 2 workers of 2 for marking
[2021-05-06T12:21:24.584+0000][7][gc,marking  ] GC(43) Concurrent Mark From Roots 126.129ms
[2021-05-06T12:21:24.584+0000][7][gc,marking  ] GC(43) Concurrent Preclean
[2021-05-06T12:21:24.584+0000][7][gc,marking  ] GC(43) Concurrent Preclean 0.330ms
[2021-05-06T12:21:24.584+0000][7][gc,marking  ] GC(43) Concurrent Mark (736.770s, 736.897s) 126.526ms
[2021-05-06T12:21:24.585+0000][7][gc,start    ] GC(43) Pause Remark
[2021-05-06T12:21:24.591+0000][7][gc          ] GC(43) Pause Remark 115M->115M(256M) 6.293ms
[2021-05-06T12:21:24.591+0000][7][gc,cpu      ] GC(43) User=0.03s Sys=0.00s Real=0.00s
[2021-05-06T12:21:24.591+0000][7][safepoint   ] Safepoint "G1Concurrent", Time since last: 132615643 ns, Reaching safepoint: 88873 ns, At safepoint: 6398602 ns, Total: 6487475 ns
[2021-05-06T12:21:24.591+0000][7][gc,marking  ] GC(43) Concurrent Rebuild Remembered Sets
[2021-05-06T12:21:24.666+0000][7][gc,marking  ] GC(43) Concurrent Rebuild Remembered Sets 75.211ms
[2021-05-06T12:21:24.666+0000][7][gc,start    ] GC(43) Pause Cleanup
[2021-05-06T12:21:24.666+0000][7][gc          ] GC(43) Pause Cleanup 115M->115M(256M) 0.071ms
[2021-05-06T12:21:24.666+0000][7][gc,cpu      ] GC(43) User=0.00s Sys=0.00s Real=0.00s
[2021-05-06T12:21:24.666+0000][7][safepoint   ] Safepoint "G1Concurrent", Time since last: 75305600 ns, Reaching safepoint: 89272 ns, At safepoint: 111290 ns, Total: 200562 ns
[2021-05-06T12:21:24.666+0000][7][gc,marking  ] GC(43) Concurrent Cleanup for Next Mark
[2021-05-06T12:21:24.667+0000][7][gc,marking  ] GC(43) Concurrent Cleanup for Next Mark 0.130ms
[2021-05-06T12:21:24.667+0000][7][gc          ] GC(43) Concurrent Cycle 214.652ms
[2021-05-06T12:21:33.668+0000][7][safepoint   ] Safepoint "Cleanup", Time since last: 9001044294 ns, Reaching safepoint: 204742 ns, At safepoint: 13248 ns, Total: 217990 ns
[2021-05-06T12:21:34.668+0000][7][safepoint   ] Safepoint "Cleanup", Time since last: 1000222529 ns, Reaching safepoint: 464863 ns, At safepoint: 41668 ns, Total: 506531 ns
[2021-05-06T12:21:36.669+0000][7][safepoint   ] Safepoint "Cleanup", Time since last: 2000293049 ns, Reaching safepoint: 288179 ns, At safepoint: 39376 ns, Total: 327555 ns
[2021-05-06T12:21:45.671+0000][7][safepoint   ] Safepoint "Cleanup", Time since last: 9001365672 ns, Reaching safepoint: 651300 ns, At safepoint: 38086 ns, Total: 689386 ns
[2021-05-06T12:21:55.673+0000][7][safepoint   ] Safepoint "Cleanup", Time since last: 10001083594 ns, Reaching safepoint: 285979 ns, At safepoint: 21265 ns, Total: 307244 ns
[2021-05-06T12:22:00.673+0000][7][safepoint   ] Safepoint "Cleanup", Time since last: 5000478896 ns, Reaching safepoint: 187388 ns, At safepoint: 26111 ns, Total: 213499 ns
[2021-05-06T12:22:04.674+0000][7][safepoint   ] Safepoint "Cleanup", Time since last: 4000431424 ns, Reaching safepoint: 167095 ns, At safepoint: 8439 ns, Total: 175534 ns
[2021-05-06T12:22:06.674+0000][7][safepoint   ] Safepoint "Cleanup", Time since last: 2000242169 ns, Reaching safepoint: 128082 ns, At safepoint: 11353 ns, Total: 139435 ns
[2021-05-06T12:22:10.675+0000][7][safepoint   ] Safepoint "Cleanup", Time since last: 4000596212 ns, Reaching safepoint: 165989 ns, At safepoint: 7168 ns, Total: 173157 ns
[2021-05-06T12:22:20.676+0000][7][safepoint   ] Safepoint "Cleanup", Time since last: 10001020161 ns, Reaching safepoint: 241846 ns, At safepoint: 12510 ns, Total: 254356 ns
[2021-05-06T12:22:24.677+0000][7][safepoint   ] Safepoint "Cleanup", Time since last: 4000440062 ns, Reaching safepoint: 110628 ns, At safepoint: 7851 ns, Total: 118479 ns
[2021-05-06T12:22:30.678+0000][7][safepoint   ] Safepoint "Cleanup", Time since last: 6000573293 ns, Reaching safepoint: 221889 ns, At safepoint: 18402 ns, Total: 240291 ns
[2021-05-06T12:22:31.678+0000][7][safepoint   ] Safepoint "Cleanup", Time since last: 1000168993 ns, Reaching safepoint: 590670 ns, At safepoint: 20851 ns, Total: 611521 ns
[2021-05-06T12:22:33.679+0000][7][safepoint   ] Safepoint "Cleanup", Time since last: 2000421020 ns, Reaching safepoint: 399055 ns, At safepoint: 31394 ns, Total: 430449 ns
[2021-05-06T12:22:34.680+0000][7][safepoint   ] Safepoint "Cleanup", Time since last: 1000214447 ns, Reaching safepoint: 273976 ns, At safepoint: 28511 ns, Total: 302487 ns
[2021-05-06T12:22:35.681+0000][7][safepoint   ] Safepoint "Cleanup", Time since last: 1000253358 ns, Reaching safepoint: 620851 ns, At safepoint: 33874 ns, Total: 654725 ns
[2021-05-06T12:22:36.681+0000][7][safepoint   ] Safepoint "Cleanup", Time since last: 1000210564 ns, Reaching safepoint: 120400 ns, At safepoint: 8127 ns, Total: 128527 ns
[2021-05-06T12:22:37.681+0000][7][safepoint   ] Safepoint "Cleanup", Time since last: 1000219320 ns, Reaching safepoint: 204082 ns, At safepoint: 16516 ns, Total: 220598 ns
[2021-05-06T12:22:45.682+0000][7][safepoint   ] Safepoint "Cleanup", Time since last: 8000817492 ns, Reaching safepoint: 124150 ns, At safepoint: 8767 ns, Total: 132917 ns
[2021-05-06T12:23:00.685+0000][7][safepoint   ] Safepoint "Cleanup", Time since last: 15001994520 ns, Reaching safepoint: 346396 ns, At safepoint: 31280 ns, Total: 377676 ns
[2021-05-06T12:23:05.686+0000][7][safepoint   ] Safepoint "Cleanup", Time since last: 5000675377 ns, Reaching safepoint: 293030 ns, At safepoint: 25800 ns, Total: 318830 ns
[2021-05-06T12:23:06.686+0000][7][safepoint   ] Safepoint "Cleanup", Time since last: 1000175894 ns, Reaching safepoint: 159758 ns, At safepoint: 11197 ns, Total: 170955 ns
[2021-05-06T12:23:07.687+0000][7][safepoint   ] Safepoint "Cleanup", Time since last: 1000169168 ns, Reaching safepoint: 342473 ns, At safepoint: 53324 ns, Total: 395797 ns
[2021-05-06T12:23:24.689+0000][7][safepoint   ] Safepoint "Cleanup", Time since last: 17001915451 ns, Reaching safepoint: 121343 ns, At safepoint: 7900 ns, Total: 129243 ns
[2021-05-06T12:23:25.689+0000][7][safepoint   ] Safepoint "Cleanup", Time since last: 1000156470 ns, Reaching safepoint: 550633 ns, At safepoint: 35472 ns, Total: 586105 ns
[2021-05-06T12:23:27.690+0000][7][safepoint   ] Safepoint "Cleanup", Time since last: 2000478886 ns, Reaching safepoint: 494431 ns, At safepoint: 15057 ns, Total: 509488 ns
[2021-05-06T12:23:30.691+0000][7][safepoint   ] Safepoint "Cleanup", Time since last: 3000331077 ns, Reaching safepoint: 131330 ns, At safepoint: 11060 ns, Total: 142390 ns
[2021-05-06T12:23:31.691+0000][7][safepoint   ] Safepoint "Cleanup", Time since last: 1000140714 ns, Reaching safepoint: 189343 ns, At safepoint: 8782 ns, Total: 198125 ns
[2021-05-06T12:23:33.692+0000][7][safepoint   ] Safepoint "Cleanup", Time since last: 2000261045 ns, Reaching safepoint: 485567 ns, At safepoint: 27195 ns, Total: 512762 ns
[2021-05-06T12:23:34.693+0000][7][safepoint   ] Safepoint "Cleanup", Time since last: 1000761083 ns, Reaching safepoint: 140735 ns, At safepoint: 8789 ns, Total: 149524 ns
[2021-05-06T12:23:35.694+0000][7][safepoint   ] Safepoint "Cleanup", Time since last: 1000189882 ns, Reaching safepoint: 380891 ns, At safepoint: 17983 ns, Total: 398874 ns
[2021-05-06T12:23:36.694+0000][7][safepoint   ] Safepoint "Cleanup", Time since last: 1000224081 ns, Reaching safepoint: 199790 ns, At safepoint: 14339 ns, Total: 214129 ns
[2021-05-06T12:23:38.694+0000][7][safepoint   ] Safepoint "Cleanup", Time since last: 2000209452 ns, Reaching safepoint: 137206 ns, At safepoint: 9458 ns, Total: 146664 ns
[2021-05-06T12:23:39.035+0000][7][gc,start    ] GC(44) Pause Young (Normal) (G1 Evacuation Pause)
[2021-05-06T12:23:39.035+0000][7][gc,task     ] GC(44) Using 6 workers of 8 for evacuation
[2021-05-06T12:23:39.035+0000][7][gc,age      ] GC(44) Desired survivor size 6291456 bytes, new threshold 15 (max threshold 15)
[2021-05-06T12:23:39.043+0000][7][gc,age      ] GC(44) Age table with threshold 15 (max threshold 15)
[2021-05-06T12:23:39.043+0000][7][gc,age      ] GC(44) - age   1:     518424 bytes,     518424 total
[2021-05-06T12:23:39.043+0000][7][gc,age      ] GC(44) - age   2:      93104 bytes,     611528 total
[2021-05-06T12:23:39.043+0000][7][gc,age      ] GC(44) - age   3:     249984 bytes,     861512 total
[2021-05-06T12:23:39.043+0000][7][gc,age      ] GC(44) - age   4:      10296 bytes,     871808 total
[2021-05-06T12:23:39.043+0000][7][gc,age      ] GC(44) - age   5:     751872 bytes,    1623680 total
[2021-05-06T12:23:39.043+0000][7][gc,age      ] GC(44) - age   6:     874840 bytes,    2498520 total
[2021-05-06T12:23:39.043+0000][7][gc,age      ] GC(44) - age   7:      26720 bytes,    2525240 total
[2021-05-06T12:23:39.043+0000][7][gc,age      ] GC(44) - age   8:     665560 bytes,    3190800 total
[2021-05-06T12:23:39.044+0000][7][gc,phases   ] GC(44)   Pre Evacuate Collection Set: 0.1ms
[2021-05-06T12:23:39.044+0000][7][gc,phases   ] GC(44)   Merge Heap Roots: 0.1ms
[2021-05-06T12:23:39.044+0000][7][gc,phases   ] GC(44)   Evacuate Collection Set: 5.7ms
[2021-05-06T12:23:39.044+0000][7][gc,phases   ] GC(44)   Post Evacuate Collection Set: 2.5ms
[2021-05-06T12:23:39.044+0000][7][gc,phases   ] GC(44)   Other: 0.3ms
[2021-05-06T12:23:39.044+0000][7][gc,heap     ] GC(44) Eden regions: 22->0(22)
[2021-05-06T12:23:39.044+0000][7][gc,heap     ] GC(44) Survivor regions: 1->1(3)
[2021-05-06T12:23:39.044+0000][7][gc,heap     ] GC(44) Old regions: 25->25
[2021-05-06T12:23:39.044+0000][7][gc,heap     ] GC(44) Archive regions: 2->2
[2021-05-06T12:23:39.044+0000][7][gc,heap     ] GC(44) Humongous regions: 2->2
[2021-05-06T12:23:39.044+0000][7][gc,metaspace] GC(44) Metaspace: 105113K(109928K)->105113K(109928K) NonClass: 91252K(94696K)->91252K(94696K) Class: 13861K(15232K)->13861K(15232K)
[2021-05-06T12:23:39.044+0000][7][gc          ] GC(44) Pause Young (Normal) (G1 Evacuation Pause) 201M->113M(256M) 8.684ms
[2021-05-06T12:23:39.044+0000][7][gc,cpu      ] GC(44) User=0.02s Sys=0.00s Real=0.00s
[2021-05-06T12:23:39.044+0000][7][safepoint   ] Safepoint "G1CollectForAllocation", Time since last: 340505186 ns, Reaching safepoint: 95615 ns, At safepoint: 8770806 ns, Total: 8866421 ns
[2021-05-06T12:23:45.045+0000][7][safepoint   ] Safepoint "Cleanup", Time since last: 6000602007 ns, Reaching safepoint: 184559 ns, At safepoint: 13215 ns, Total: 197774 ns
[2021-05-06T12:23:55.046+0000][7][safepoint   ] Safepoint "Cleanup", Time since last: 10001000304 ns, Reaching safepoint: 309257 ns, At safepoint: 21240 ns, Total: 330497 ns
[2021-05-06T12:24:00.047+0000][7][safepoint   ] Safepoint "Cleanup", Time since last: 5000815681 ns, Reaching safepoint: 199072 ns, At safepoint: 10563 ns, Total: 209635 ns
[2021-05-06T12:24:03.047+0000][7][safepoint   ] Safepoint "Cleanup", Time since last: 3000275075 ns, Reaching safepoint: 155969 ns, At safepoint: 13381 ns, Total: 169350 ns
[2021-05-06T12:24:05.048+0000][7][safepoint   ] Safepoint "Cleanup", Time since last: 2000234152 ns, Reaching safepoint: 367495 ns, At safepoint: 29944 ns, Total: 397439 ns
[2021-05-06T12:24:07.048+0000][7][safepoint   ] Safepoint "Cleanup", Time since last: 2000391494 ns, Reaching safepoint: 140998 ns, At safepoint: 11902 ns, Total: 152900 ns
[2021-05-06T12:24:11.050+0000][7][safepoint   ] Safepoint "Cleanup", Time since last: 4000724714 ns, Reaching safepoint: 686843 ns, At safepoint: 55071 ns, Total: 741914 ns
[2021-05-06T12:24:14.052+0000][7][safepoint   ] Safepoint "Cleanup", Time since last: 3000510976 ns, Reaching safepoint: 1072706 ns, At safepoint: 49236 ns, Total: 1121942 ns
[2021-05-06T12:24:20.053+0000][7][safepoint   ] Safepoint "Cleanup", Time since last: 6000864587 ns, Reaching safepoint: 182236 ns, At safepoint: 10097 ns, Total: 192333 ns
[2021-05-06T12:24:26.054+0000][7][safepoint   ] Safepoint "Cleanup", Time since last: 6000773615 ns, Reaching safepoint: 406406 ns, At safepoint: 30333 ns, Total: 436739 ns
[2021-05-06T12:24:30.055+0000][7][safepoint   ] Safepoint "Cleanup", Time since last: 4000514539 ns, Reaching safepoint: 170298 ns, At safepoint: 11640 ns, Total: 181938 ns
[2021-05-06T12:24:33.055+0000][7][safepoint   ] Safepoint "Cleanup", Time since last: 3000330486 ns, Reaching safepoint: 127675 ns, At safepoint: 6282 ns, Total: 133957 ns
[2021-05-06T12:24:34.055+0000][7][safepoint   ] Safepoint "Cleanup", Time since last: 1000135804 ns, Reaching safepoint: 238959 ns, At safepoint: 10067 ns, Total: 249026 ns
[2021-05-06T12:24:35.056+0000][7][safepoint   ] Safepoint "Cleanup", Time since last: 1000274099 ns, Reaching safepoint: 290158 ns, At safepoint: 18012 ns, Total: 308170 ns
[2021-05-06T12:24:37.056+0000][7][safepoint   ] Safepoint "Cleanup", Time since last: 2000212713 ns, Reaching safepoint: 150347 ns, At safepoint: 13120 ns, Total: 163467 ns
[2021-05-06T12:24:40.057+0000][7][safepoint   ] Safepoint "Cleanup", Time since last: 3000609098 ns, Reaching safepoint: 398471 ns, At safepoint: 17712 ns, Total: 416183 ns
[2021-05-06T12:24:41.064+0000][7][safepoint   ] Safepoint "Cleanup", Time since last: 1006887171 ns, Reaching safepoint: 136187 ns, At safepoint: 10858 ns, Total: 147045 ns
[2021-05-06T12:24:52.066+0000][7][safepoint   ] Safepoint "Cleanup", Time since last: 11000929713 ns, Reaching safepoint: 426901 ns, At safepoint: 28799 ns, Total: 455700 ns
[2021-05-06T12:24:53.066+0000][7][safepoint   ] Safepoint "Cleanup", Time since last: 1000189828 ns, Reaching safepoint: 94808 ns, At safepoint: 4896 ns, Total: 99704 ns
[2021-05-06T12:24:55.066+0000][7][safepoint   ] Safepoint "Cleanup", Time since last: 2000202023 ns, Reaching safepoint: 121904 ns, At safepoint: 7652 ns, Total: 129556 ns
[2021-05-06T12:24:58.067+0000][7][safepoint   ] Safepoint "Cleanup", Time since last: 3000301610 ns, Reaching safepoint: 325446 ns, At safepoint: 27374 ns, Total: 352820 ns
[2021-05-06T12:24:59.068+0000][7][safepoint   ] Safepoint "Cleanup", Time since last: 1000213256 ns, Reaching safepoint: 441863 ns, At safepoint: 44513 ns, Total: 486376 ns
[2021-05-06T12:25:00.068+0000][7][safepoint   ] Safepoint "Cleanup", Time since last: 1000227534 ns, Reaching safepoint: 85862 ns, At safepoint: 14294 ns, Total: 100156 ns
[2021-05-06T12:25:05.069+0000][7][safepoint   ] Safepoint "Cleanup", Time since last: 5000440211 ns, Reaching safepoint: 404433 ns, At safepoint: 35866 ns, Total: 440299 ns
[2021-05-06T12:25:07.070+0000][7][safepoint   ] Safepoint "Cleanup", Time since last: 2000284319 ns, Reaching safepoint: 256680 ns, At safepoint: 24424 ns, Total: 281104 ns
[2021-05-06T12:25:23.072+0000][7][safepoint   ] Safepoint "Cleanup", Time since last: 16002102048 ns, Reaching safepoint: 367112 ns, At safepoint: 20203 ns, Total: 387315 ns
[2021-05-06T12:25:28.073+0000][7][safepoint   ] Safepoint "Cleanup", Time since last: 5000674617 ns, Reaching safepoint: 160327 ns, At safepoint: 10972 ns, Total: 171299 ns
[2021-05-06T12:25:33.074+0000][7][safepoint   ] Safepoint "Cleanup", Time since last: 5000648176 ns, Reaching safepoint: 215473 ns, At safepoint: 8571 ns, Total: 224044 ns
[2021-05-06T12:25:34.074+0000][7][safepoint   ] Safepoint "Cleanup", Time since last: 1000176716 ns, Reaching safepoint: 327192 ns, At safepoint: 25664 ns, Total: 352856 ns
[2021-05-06T12:25:35.075+0000][7][safepoint   ] Safepoint "Cleanup", Time since last: 1000496297 ns, Reaching safepoint: 306337 ns, At safepoint: 22889 ns, Total: 329226 ns
[2021-05-06T12:25:37.076+0000][7][safepoint   ] Safepoint "Cleanup", Time since last: 2000317410 ns, Reaching safepoint: 444673 ns, At safepoint: 29318 ns, Total: 473991 ns
[2021-05-06T12:25:45.078+0000][7][safepoint   ] Safepoint "Cleanup", Time since last: 8001502697 ns, Reaching safepoint: 354613 ns, At safepoint: 34404 ns, Total: 389017 ns
[2021-05-06T12:25:48.079+0000][7][safepoint   ] Safepoint "Cleanup", Time since last: 3000431722 ns, Reaching safepoint: 365548 ns, At safepoint: 24440 ns, Total: 389988 ns
[2021-05-06T12:25:49.202+0000][7][gc,start    ] GC(45) Pause Young (Concurrent Start) (G1 Evacuation Pause)
[2021-05-06T12:25:49.202+0000][7][gc,task     ] GC(45) Using 6 workers of 8 for evacuation
[2021-05-06T12:25:49.202+0000][7][gc,age      ] GC(45) Desired survivor size 6291456 bytes, new threshold 15 (max threshold 15)
[2021-05-06T12:25:49.223+0000][7][gc,age      ] GC(45) Age table with threshold 15 (max threshold 15)
[2021-05-06T12:25:49.223+0000][7][gc,age      ] GC(45) - age   1:     527936 bytes,     527936 total
[2021-05-06T12:25:49.223+0000][7][gc,age      ] GC(45) - age   2:      10184 bytes,     538120 total
[2021-05-06T12:25:49.223+0000][7][gc,age      ] GC(45) - age   3:      91472 bytes,     629592 total
[2021-05-06T12:25:49.224+0000][7][gc,age      ] GC(45) - age   4:     160040 bytes,     789632 total
[2021-05-06T12:25:49.224+0000][7][gc,age      ] GC(45) - age   5:      10296 bytes,     799928 total
[2021-05-06T12:25:49.224+0000][7][gc,age      ] GC(45) - age   6:     751632 bytes,    1551560 total
[2021-05-06T12:25:49.224+0000][7][gc,age      ] GC(45) - age   7:     874840 bytes,    2426400 total
[2021-05-06T12:25:49.224+0000][7][gc,age      ] GC(45) - age   8:      26720 bytes,    2453120 total
[2021-05-06T12:25:49.224+0000][7][gc,age      ] GC(45) - age   9:     665560 bytes,    3118680 total
[2021-05-06T12:25:49.224+0000][7][gc,phases   ] GC(45)   Pre Evacuate Collection Set: 0.4ms
[2021-05-06T12:25:49.224+0000][7][gc,phases   ] GC(45)   Merge Heap Roots: 0.3ms
[2021-05-06T12:25:49.224+0000][7][gc,phases   ] GC(45)   Evacuate Collection Set: 17.7ms
[2021-05-06T12:25:49.224+0000][7][gc,phases   ] GC(45)   Post Evacuate Collection Set: 2.4ms
[2021-05-06T12:25:49.224+0000][7][gc,phases   ] GC(45)   Other: 1.1ms
[2021-05-06T12:25:49.224+0000][7][gc,heap     ] GC(45) Eden regions: 22->0(23)
[2021-05-06T12:25:49.224+0000][7][gc,heap     ] GC(45) Survivor regions: 1->1(3)
[2021-05-06T12:25:49.224+0000][7][gc,heap     ] GC(45) Old regions: 25->25
[2021-05-06T12:25:49.224+0000][7][gc,heap     ] GC(45) Archive regions: 2->2
[2021-05-06T12:25:49.226+0000][7][gc,heap     ] GC(45) Humongous regions: 2->2
[2021-05-06T12:25:49.226+0000][7][gc,metaspace] GC(45) Metaspace: 105335K(110184K)->105335K(110184K) NonClass: 91472K(94952K)->91472K(94952K) Class: 13863K(15232K)->13863K(15232K)
[2021-05-06T12:25:49.226+0000][7][gc          ] GC(45) Pause Young (Concurrent Start) (G1 Evacuation Pause) 201M->113M(256M) 23.644ms
[2021-05-06T12:25:49.226+0000][7][gc,cpu      ] GC(45) User=0.06s Sys=0.00s Real=0.03s
[2021-05-06T12:25:49.226+0000][7][gc          ] GC(46) Concurrent Cycle
[2021-05-06T12:25:49.226+0000][7][safepoint   ] Safepoint "G1CollectForAllocation", Time since last: 1122910580 ns, Reaching safepoint: 458165 ns, At safepoint: 24039665 ns, Total: 24497830 ns
[2021-05-06T12:25:49.226+0000][7][gc,marking  ] GC(46) Concurrent Clear Claimed Marks
[2021-05-06T12:25:49.226+0000][7][gc,marking  ] GC(46) Concurrent Clear Claimed Marks 0.312ms
[2021-05-06T12:25:49.226+0000][7][gc,marking  ] GC(46) Concurrent Scan Root Regions
[2021-05-06T12:25:49.238+0000][7][gc,marking  ] GC(46) Concurrent Scan Root Regions 11.423ms
[2021-05-06T12:25:49.238+0000][7][gc,marking  ] GC(46) Concurrent Mark (1001.550s)
[2021-05-06T12:25:49.238+0000][7][gc,marking  ] GC(46) Concurrent Mark From Roots
[2021-05-06T12:25:49.238+0000][7][gc,task     ] GC(46) Using 2 workers of 2 for marking
[2021-05-06T12:25:49.360+0000][7][gc,marking  ] GC(46) Concurrent Mark From Roots 121.834ms
[2021-05-06T12:25:49.360+0000][7][gc,marking  ] GC(46) Concurrent Preclean
[2021-05-06T12:25:49.360+0000][7][gc,marking  ] GC(46) Concurrent Preclean 0.242ms
[2021-05-06T12:25:49.360+0000][7][gc,marking  ] GC(46) Concurrent Mark (1001.550s, 1001.672s) 122.143ms
[2021-05-06T12:25:49.360+0000][7][gc,start    ] GC(46) Pause Remark
[2021-05-06T12:25:49.366+0000][7][gc          ] GC(46) Pause Remark 114M->114M(256M) 5.475ms
[2021-05-06T12:25:49.366+0000][7][gc,cpu      ] GC(46) User=0.02s Sys=0.00s Real=0.01s
[2021-05-06T12:25:49.366+0000][7][safepoint   ] Safepoint "G1Concurrent", Time since last: 134198393 ns, Reaching safepoint: 90880 ns, At safepoint: 5572909 ns, Total: 5663789 ns
[2021-05-06T12:25:49.366+0000][7][gc,marking  ] GC(46) Concurrent Rebuild Remembered Sets
[2021-05-06T12:25:49.435+0000][7][gc,marking  ] GC(46) Concurrent Rebuild Remembered Sets 69.057ms
[2021-05-06T12:25:49.435+0000][7][gc,start    ] GC(46) Pause Cleanup
[2021-05-06T12:25:49.435+0000][7][gc          ] GC(46) Pause Cleanup 114M->114M(256M) 0.080ms
[2021-05-06T12:25:49.435+0000][7][gc,cpu      ] GC(46) User=0.00s Sys=0.00s Real=0.00s
[2021-05-06T12:25:49.435+0000][7][safepoint   ] Safepoint "G1Concurrent", Time since last: 69204061 ns, Reaching safepoint: 135253 ns, At safepoint: 123996 ns, Total: 259249 ns
[2021-05-06T12:25:49.435+0000][7][gc,marking  ] GC(46) Concurrent Cleanup for Next Mark
[2021-05-06T12:25:49.436+0000][7][gc,marking  ] GC(46) Concurrent Cleanup for Next Mark 0.150ms
[2021-05-06T12:25:49.436+0000][7][gc          ] GC(46) Concurrent Cycle 209.574ms
[2021-05-06T12:25:55.437+0000][7][safepoint   ] Safepoint "Cleanup", Time since last: 6000820867 ns, Reaching safepoint: 415716 ns, At safepoint: 21288 ns, Total: 437004 ns
[2021-05-06T12:25:57.437+0000][7][safepoint   ] Safepoint "Cleanup", Time since last: 2000397501 ns, Reaching safepoint: 317973 ns, At safepoint: 25230 ns, Total: 343203 ns
[2021-05-06T12:26:00.438+0000][7][safepoint   ] Safepoint "Cleanup", Time since last: 3000470735 ns, Reaching safepoint: 358052 ns, At safepoint: 25469 ns, Total: 383521 ns
[2021-05-06T12:26:01.439+0000][7][safepoint   ] Safepoint "Cleanup", Time since last: 1000349825 ns, Reaching safepoint: 364466 ns, At safepoint: 19543 ns, Total: 384009 ns
[2021-05-06T12:26:07.204+0000][7][safepoint   ] Safepoint "Cleanup", Time since last: 5764995620 ns, Reaching safepoint: 114251 ns, At safepoint: 8607 ns, Total: 122858 ns
[2021-05-06T12:26:08.205+0000][7][safepoint   ] Safepoint "Cleanup", Time since last: 1000371816 ns, Reaching safepoint: 278155 ns, At safepoint: 24058 ns, Total: 302213 ns
[2021-05-06T12:26:34.208+0000][7][safepoint   ] Safepoint "Cleanup", Time since last: 26002896313 ns, Reaching safepoint: 520843 ns, At safepoint: 42318 ns, Total: 563161 ns
[2021-05-06T12:26:35.209+0000][7][safepoint   ] Safepoint "Cleanup", Time since last: 1000334703 ns, Reaching safepoint: 331999 ns, At safepoint: 24940 ns, Total: 356939 ns
[2021-05-06T12:26:36.209+0000][7][safepoint   ] Safepoint "Cleanup", Time since last: 1000188697 ns, Reaching safepoint: 242946 ns, At safepoint: 22373 ns, Total: 265319 ns
[2021-05-06T12:26:37.210+0000][7][safepoint   ] Safepoint "Cleanup", Time since last: 1000148847 ns, Reaching safepoint: 272654 ns, At safepoint: 19942 ns, Total: 292596 ns
[2021-05-06T12:26:38.210+0000][7][safepoint   ] Safepoint "Cleanup", Time since last: 1000196554 ns, Reaching safepoint: 361828 ns, At safepoint: 29203 ns, Total: 391031 ns
[2021-05-06T12:27:01.214+0000][7][safepoint   ] Safepoint "Cleanup", Time since last: 23002791807 ns, Reaching safepoint: 448109 ns, At safepoint: 33715 ns, Total: 481824 ns
[2021-05-06T12:27:02.214+0000][7][safepoint   ] Safepoint "Cleanup", Time since last: 1000182402 ns, Reaching safepoint: 108079 ns, At safepoint: 4868 ns, Total: 112947 ns
[2021-05-06T12:27:06.215+0000][7][safepoint   ] Safepoint "Cleanup", Time since last: 4000628800 ns, Reaching safepoint: 333227 ns, At safepoint: 21602 ns, Total: 354829 ns
[2021-05-06T12:27:14.216+0000][7][safepoint   ] Safepoint "Cleanup", Time since last: 8001063062 ns, Reaching safepoint: 426862 ns, At safepoint: 29092 ns, Total: 455954 ns
[2021-05-06T12:27:30.219+0000][7][safepoint   ] Safepoint "Cleanup", Time since last: 16002030632 ns, Reaching safepoint: 212624 ns, At safepoint: 11009 ns, Total: 223633 ns
[2021-05-06T12:27:34.219+0000][7][safepoint   ] Safepoint "Cleanup", Time since last: 4000379656 ns, Reaching safepoint: 199074 ns, At safepoint: 12659 ns, Total: 211733 ns
[2021-05-06T12:27:35.220+0000][7][safepoint   ] Safepoint "Cleanup", Time since last: 1000174506 ns, Reaching safepoint: 252085 ns, At safepoint: 18400 ns, Total: 270485 ns
[2021-05-06T12:27:38.220+0000][7][safepoint   ] Safepoint "Cleanup", Time since last: 3000304836 ns, Reaching safepoint: 130339 ns, At safepoint: 10375 ns, Total: 140714 ns
[2021-05-06T12:27:44.221+0000][7][safepoint   ] Safepoint "Cleanup", Time since last: 6000794662 ns, Reaching safepoint: 213494 ns, At safepoint: 8236 ns, Total: 221730 ns
[2021-05-06T12:27:50.222+0000][7][safepoint   ] Safepoint "Cleanup", Time since last: 6000519078 ns, Reaching safepoint: 156597 ns, At safepoint: 7954 ns, Total: 164551 ns
[2021-05-06T12:28:00.223+0000][7][safepoint   ] Safepoint "Cleanup", Time since last: 10000993747 ns, Reaching safepoint: 110793 ns, At safepoint: 5496 ns, Total: 116289 ns
[2021-05-06T12:28:05.224+0000][7][safepoint   ] Safepoint "Cleanup", Time since last: 5000584198 ns, Reaching safepoint: 515968 ns, At safepoint: 69246 ns, Total: 585214 ns
[2021-05-06T12:28:06.225+0000][7][safepoint   ] Safepoint "Cleanup", Time since last: 1000219435 ns, Reaching safepoint: 225138 ns, At safepoint: 19807 ns, Total: 244945 ns
[2021-05-06T12:28:13.454+0000][7][gc,start    ] GC(47) Pause Young (Normal) (G1 Evacuation Pause)
[2021-05-06T12:28:13.454+0000][7][gc,task     ] GC(47) Using 6 workers of 8 for evacuation
[2021-05-06T12:28:13.454+0000][7][gc,age      ] GC(47) Desired survivor size 6291456 bytes, new threshold 15 (max threshold 15)
[2021-05-06T12:28:13.475+0000][7][gc,age      ] GC(47) Age table with threshold 15 (max threshold 15)
[2021-05-06T12:28:13.475+0000][7][gc,age      ] GC(47) - age   1:     510600 bytes,     510600 total
[2021-05-06T12:28:13.475+0000][7][gc,age      ] GC(47) - age   2:      12824 bytes,     523424 total
[2021-05-06T12:28:13.475+0000][7][gc,age      ] GC(47) - age   3:       9864 bytes,     533288 total
[2021-05-06T12:28:13.475+0000][7][gc,age      ] GC(47) - age   4:      91472 bytes,     624760 total
[2021-05-06T12:28:13.475+0000][7][gc,age      ] GC(47) - age   5:     159848 bytes,     784608 total
[2021-05-06T12:28:13.475+0000][7][gc,age      ] GC(47) - age   6:      10296 bytes,     794904 total
[2021-05-06T12:28:13.475+0000][7][gc,age      ] GC(47) - age   7:     751632 bytes,    1546536 total
[2021-05-06T12:28:13.475+0000][7][gc,age      ] GC(47) - age   8:     874840 bytes,    2421376 total
[2021-05-06T12:28:13.475+0000][7][gc,age      ] GC(47) - age   9:      26720 bytes,    2448096 total
[2021-05-06T12:28:13.475+0000][7][gc,age      ] GC(47) - age  10:     665560 bytes,    3113656 total
[2021-05-06T12:28:13.475+0000][7][gc,phases   ] GC(47)   Pre Evacuate Collection Set: 0.2ms
[2021-05-06T12:28:13.475+0000][7][gc,phases   ] GC(47)   Merge Heap Roots: 0.3ms
[2021-05-06T12:28:13.475+0000][7][gc,phases   ] GC(47)   Evacuate Collection Set: 16.6ms
[2021-05-06T12:28:13.475+0000][7][gc,phases   ] GC(47)   Post Evacuate Collection Set: 3.2ms
[2021-05-06T12:28:13.476+0000][7][gc,phases   ] GC(47)   Other: 1.0ms
[2021-05-06T12:28:13.476+0000][7][gc,heap     ] GC(47) Eden regions: 23->0(23)
[2021-05-06T12:28:13.476+0000][7][gc,heap     ] GC(47) Survivor regions: 1->1(3)
[2021-05-06T12:28:13.476+0000][7][gc,heap     ] GC(47) Old regions: 25->25
[2021-05-06T12:28:13.476+0000][7][gc,heap     ] GC(47) Archive regions: 2->2
[2021-05-06T12:28:13.476+0000][7][gc,heap     ] GC(47) Humongous regions: 2->2
[2021-05-06T12:28:13.476+0000][7][gc,metaspace] GC(47) Metaspace: 105374K(110184K)->105374K(110184K) NonClass: 91510K(94952K)->91510K(94952K) Class: 13863K(15232K)->13863K(15232K)
[2021-05-06T12:28:13.476+0000][7][gc          ] GC(47) Pause Young (Normal) (G1 Evacuation Pause) 205M->113M(256M) 21.888ms
[2021-05-06T12:28:13.476+0000][7][gc,cpu      ] GC(47) User=0.07s Sys=0.00s Real=0.02s
[2021-05-06T12:28:13.476+0000][7][safepoint   ] Safepoint "G1CollectForAllocation", Time since last: 7229072707 ns, Reaching safepoint: 288801 ns, At safepoint: 22446153 ns, Total: 22734954 ns
[2021-05-06T12:28:14.477+0000][7][safepoint   ] Safepoint "Cleanup", Time since last: 1000475861 ns, Reaching safepoint: 130667 ns, At safepoint: 11836 ns, Total: 142503 ns
[2021-05-06T12:28:30.480+0000][7][safepoint   ] Safepoint "Cleanup", Time since last: 16001613067 ns, Reaching safepoint: 863002 ns, At safepoint: 50177 ns, Total: 913179 ns
[2021-05-06T12:28:32.481+0000][7][safepoint   ] Safepoint "Cleanup", Time since last: 2001191829 ns, Reaching safepoint: 405159 ns, At safepoint: 22362 ns, Total: 427521 ns
[2021-05-06T12:28:33.481+0000][7][safepoint   ] Safepoint "Cleanup", Time since last: 1000136201 ns, Reaching safepoint: 116782 ns, At safepoint: 6584 ns, Total: 123366 ns
[2021-05-06T12:28:37.482+0000][7][safepoint   ] Safepoint "Cleanup", Time since last: 4000543546 ns, Reaching safepoint: 302137 ns, At safepoint: 49036 ns, Total: 351173 ns
[2021-05-06T12:28:41.484+0000][7][safepoint   ] Safepoint "Cleanup", Time since last: 4000936112 ns, Reaching safepoint: 224523 ns, At safepoint: 20935 ns, Total: 245458 ns
[2021-05-06T12:28:55.486+0000][7][safepoint   ] Safepoint "Cleanup", Time since last: 14001520982 ns, Reaching safepoint: 455268 ns, At safepoint: 34376 ns, Total: 489644 ns
[2021-05-06T12:29:02.487+0000][7][safepoint   ] Safepoint "Cleanup", Time since last: 7001005118 ns, Reaching safepoint: 468886 ns, At safepoint: 23998 ns, Total: 492884 ns
[2021-05-06T12:29:07.488+0000][7][safepoint   ] Safepoint "Cleanup", Time since last: 5000677374 ns, Reaching safepoint: 162472 ns, At safepoint: 7112 ns, Total: 169584 ns
[2021-05-06T12:29:15.489+0000][7][safepoint   ] Safepoint "Cleanup", Time since last: 8001061214 ns, Reaching safepoint: 287584 ns, At safepoint: 19332 ns, Total: 306916 ns
[2021-05-06T12:29:31.492+0000][7][safepoint   ] Safepoint "Cleanup", Time since last: 16002143445 ns, Reaching safepoint: 441002 ns, At safepoint: 24376 ns, Total: 465378 ns
[2021-05-06T12:29:32.493+0000][7][safepoint   ] Safepoint "Cleanup", Time since last: 1000533689 ns, Reaching safepoint: 110712 ns, At safepoint: 9330 ns, Total: 120042 ns
[2021-05-06T12:29:33.493+0000][7][safepoint   ] Safepoint "Cleanup", Time since last: 1000104093 ns, Reaching safepoint: 91251 ns, At safepoint: 7917 ns, Total: 99168 ns
[2021-05-06T12:29:34.493+0000][7][safepoint   ] Safepoint "Cleanup", Time since last: 1000120315 ns, Reaching safepoint: 205785 ns, At safepoint: 14851 ns, Total: 220636 ns
[2021-05-06T12:29:37.494+0000][7][safepoint   ] Safepoint "Cleanup", Time since last: 3000395701 ns, Reaching safepoint: 251307 ns, At safepoint: 26691 ns, Total: 277998 ns
[2021-05-06T12:29:50.495+0000][7][safepoint   ] Safepoint "Cleanup", Time since last: 13001440934 ns, Reaching safepoint: 170807 ns, At safepoint: 9199 ns, Total: 180006 ns
[2021-05-06T12:29:59.496+0000][7][safepoint   ] Safepoint "Cleanup", Time since last: 9000719648 ns, Reaching safepoint: 139601 ns, At safepoint: 8295 ns, Total: 147896 ns
[2021-05-06T12:29:59.575+0000][7][gc,start    ] GC(48) Pause Young (Concurrent Start) (G1 Evacuation Pause)
[2021-05-06T12:29:59.575+0000][7][gc,task     ] GC(48) Using 6 workers of 8 for evacuation
[2021-05-06T12:29:59.575+0000][7][gc,age      ] GC(48) Desired survivor size 6291456 bytes, new threshold 15 (max threshold 15)
[2021-05-06T12:29:59.600+0000][7][gc,age      ] GC(48) Age table with threshold 15 (max threshold 15)
[2021-05-06T12:29:59.600+0000][7][gc,age      ] GC(48) - age   1:     801304 bytes,     801304 total
[2021-05-06T12:29:59.600+0000][7][gc,age      ] GC(48) - age   2:       3424 bytes,     804728 total
[2021-05-06T12:29:59.600+0000][7][gc,age      ] GC(48) - age   3:       9840 bytes,     814568 total
[2021-05-06T12:29:59.600+0000][7][gc,age      ] GC(48) - age   4:       9664 bytes,     824232 total
[2021-05-06T12:29:59.600+0000][7][gc,age      ] GC(48) - age   5:      44120 bytes,     868352 total
[2021-05-06T12:29:59.600+0000][7][gc,age      ] GC(48) - age   6:      62560 bytes,     930912 total
[2021-05-06T12:29:59.600+0000][7][gc,age      ] GC(48) - age   7:      10296 bytes,     941208 total
[2021-05-06T12:29:59.600+0000][7][gc,age      ] GC(48) - age   8:     751632 bytes,    1692840 total
[2021-05-06T12:29:59.600+0000][7][gc,age      ] GC(48) - age   9:     874840 bytes,    2567680 total
[2021-05-06T12:29:59.600+0000][7][gc,age      ] GC(48) - age  10:      26720 bytes,    2594400 total
[2021-05-06T12:29:59.601+0000][7][gc,age      ] GC(48) - age  11:     665272 bytes,    3259672 total
[2021-05-06T12:29:59.601+0000][7][gc,phases   ] GC(48)   Pre Evacuate Collection Set: 0.5ms
[2021-05-06T12:29:59.601+0000][7][gc,phases   ] GC(48)   Merge Heap Roots: 0.5ms
[2021-05-06T12:29:59.601+0000][7][gc,phases   ] GC(48)   Evacuate Collection Set: 20.6ms
[2021-05-06T12:29:59.601+0000][7][gc,phases   ] GC(48)   Post Evacuate Collection Set: 3.2ms
[2021-05-06T12:29:59.601+0000][7][gc,phases   ] GC(48)   Other: 1.4ms
[2021-05-06T12:29:59.601+0000][7][gc,heap     ] GC(48) Eden regions: 23->0(23)
[2021-05-06T12:29:59.601+0000][7][gc,heap     ] GC(48) Survivor regions: 1->1(3)
[2021-05-06T12:29:59.601+0000][7][gc,heap     ] GC(48) Old regions: 25->25
[2021-05-06T12:29:59.601+0000][7][gc,heap     ] GC(48) Archive regions: 2->2
[2021-05-06T12:29:59.601+0000][7][gc,heap     ] GC(48) Humongous regions: 2->2
[2021-05-06T12:29:59.601+0000][7][gc,metaspace] GC(48) Metaspace: 105610K(110440K)->105610K(110440K) NonClass: 91745K(95208K)->91745K(95208K) Class: 13864K(15232K)->13864K(15232K)
[2021-05-06T12:29:59.601+0000][7][gc          ] GC(48) Pause Young (Concurrent Start) (G1 Evacuation Pause) 205M->113M(256M) 26.716ms
[2021-05-06T12:29:59.601+0000][7][gc,cpu      ] GC(48) User=0.07s Sys=0.00s Real=0.02s
[2021-05-06T12:29:59.602+0000][7][gc          ] GC(49) Concurrent Cycle
[2021-05-06T12:29:59.602+0000][7][gc,marking  ] GC(49) Concurrent Clear Claimed Marks
[2021-05-06T12:29:59.602+0000][7][gc,marking  ] GC(49) Concurrent Clear Claimed Marks 0.288ms
[2021-05-06T12:29:59.602+0000][7][gc,marking  ] GC(49) Concurrent Scan Root Regions
[2021-05-06T12:29:59.602+0000][7][safepoint   ] Safepoint "G1CollectForAllocation", Time since last: 78016825 ns, Reaching safepoint: 287190 ns, At safepoint: 27492260 ns, Total: 27779450 ns
[2021-05-06T12:29:59.615+0000][7][gc,marking  ] GC(49) Concurrent Scan Root Regions 12.638ms
[2021-05-06T12:29:59.615+0000][7][gc,marking  ] GC(49) Concurrent Mark (1251.927s)
[2021-05-06T12:29:59.615+0000][7][gc,marking  ] GC(49) Concurrent Mark From Roots
[2021-05-06T12:29:59.615+0000][7][gc,task     ] GC(49) Using 2 workers of 2 for marking
[2021-05-06T12:29:59.744+0000][7][gc,marking  ] GC(49) Concurrent Mark From Roots 129.185ms
[2021-05-06T12:29:59.744+0000][7][gc,marking  ] GC(49) Concurrent Preclean
[2021-05-06T12:29:59.744+0000][7][gc,marking  ] GC(49) Concurrent Preclean 0.254ms
[2021-05-06T12:29:59.744+0000][7][gc,marking  ] GC(49) Concurrent Mark (1251.927s, 1252.057s) 129.529ms
[2021-05-06T12:29:59.745+0000][7][gc,start    ] GC(49) Pause Remark
[2021-05-06T12:29:59.751+0000][7][gc          ] GC(49) Pause Remark 115M->115M(256M) 6.205ms
[2021-05-06T12:29:59.751+0000][7][gc,cpu      ] GC(49) User=0.03s Sys=0.00s Real=0.00s
[2021-05-06T12:29:59.751+0000][7][safepoint   ] Safepoint "G1Concurrent", Time since last: 142404801 ns, Reaching safepoint: 81557 ns, At safepoint: 6295155 ns, Total: 6376712 ns
[2021-05-06T12:29:59.751+0000][7][gc,marking  ] GC(49) Concurrent Rebuild Remembered Sets
[2021-05-06T12:29:59.821+0000][7][gc,marking  ] GC(49) Concurrent Rebuild Remembered Sets 70.248ms
[2021-05-06T12:29:59.821+0000][7][gc,start    ] GC(49) Pause Cleanup
[2021-05-06T12:29:59.821+0000][7][gc          ] GC(49) Pause Cleanup 115M->115M(256M) 0.103ms
[2021-05-06T12:29:59.821+0000][7][gc,cpu      ] GC(49) User=0.00s Sys=0.00s Real=0.00s
[2021-05-06T12:29:59.821+0000][7][safepoint   ] Safepoint "G1Concurrent", Time since last: 70331476 ns, Reaching safepoint: 76441 ns, At safepoint: 157726 ns, Total: 234167 ns
[2021-05-06T12:29:59.821+0000][7][gc,marking  ] GC(49) Concurrent Cleanup for Next Mark
[2021-05-06T12:29:59.822+0000][7][gc,marking  ] GC(49) Concurrent Cleanup for Next Mark 0.148ms
[2021-05-06T12:29:59.822+0000][7][gc          ] GC(49) Concurrent Cycle 219.942ms
[2021-05-06T12:30:04.822+0000][7][safepoint   ] Safepoint "Cleanup", Time since last: 5000499373 ns, Reaching safepoint: 101014 ns, At safepoint: 7993 ns, Total: 109007 ns
[2021-05-06T12:30:06.823+0000][7][safepoint   ] Safepoint "Cleanup", Time since last: 2000390990 ns, Reaching safepoint: 192151 ns, At safepoint: 14445 ns, Total: 206596 ns
[2021-05-06T12:30:07.823+0000][7][safepoint   ] Safepoint "Cleanup", Time since last: 1000280462 ns, Reaching safepoint: 397935 ns, At safepoint: 29397 ns, Total: 427332 ns
[2021-05-06T12:30:14.824+0000][7][safepoint   ] Safepoint "Cleanup", Time since last: 7000721648 ns, Reaching safepoint: 368411 ns, At safepoint: 25074 ns, Total: 393485 ns
[2021-05-06T12:30:22.826+0000][7][safepoint   ] Safepoint "Cleanup", Time since last: 8001143736 ns, Reaching safepoint: 398157 ns, At safepoint: 26273 ns, Total: 424430 ns
[2021-05-06T12:30:30.827+0000][7][safepoint   ] Safepoint "Cleanup", Time since last: 8000907205 ns, Reaching safepoint: 360182 ns, At safepoint: 36756 ns, Total: 396938 ns
[2021-05-06T12:30:32.828+0000][7][safepoint   ] Safepoint "Cleanup", Time since last: 2000356550 ns, Reaching safepoint: 287813 ns, At safepoint: 25208 ns, Total: 313021 ns
[2021-05-06T12:30:33.829+0000][7][safepoint   ] Safepoint "Cleanup", Time since last: 1000273752 ns, Reaching safepoint: 507486 ns, At safepoint: 34666 ns, Total: 542152 ns
[2021-05-06T12:30:34.829+0000][7][safepoint   ] Safepoint "Cleanup", Time since last: 1000201157 ns, Reaching safepoint: 255693 ns, At safepoint: 23994 ns, Total: 279687 ns
[2021-05-06T12:30:36.830+0000][7][safepoint   ] Safepoint "Cleanup", Time since last: 2000265098 ns, Reaching safepoint: 302597 ns, At safepoint: 28598 ns, Total: 331195 ns
[2021-05-06T12:30:40.831+0000][7][safepoint   ] Safepoint "Cleanup", Time since last: 4000987935 ns, Reaching safepoint: 461683 ns, At safepoint: 43077 ns, Total: 504760 ns
[2021-05-06T12:30:44.832+0000][7][safepoint   ] Safepoint "Cleanup", Time since last: 4000623235 ns, Reaching safepoint: 243214 ns, At safepoint: 20561 ns, Total: 263775 ns
[2021-05-06T12:30:46.833+0000][7][safepoint   ] Safepoint "Cleanup", Time since last: 2000237184 ns, Reaching safepoint: 335041 ns, At safepoint: 25972 ns, Total: 361013 ns
[2021-05-06T12:30:50.834+0000][7][safepoint   ] Safepoint "Cleanup", Time since last: 4000608029 ns, Reaching safepoint: 118206 ns, At safepoint: 9343 ns, Total: 127549 ns
[2021-05-06T12:30:54.834+0000][7][safepoint   ] Safepoint "Cleanup", Time since last: 4000525502 ns, Reaching safepoint: 143912 ns, At safepoint: 9173 ns, Total: 153085 ns
[2021-05-06T12:31:05.836+0000][7][safepoint   ] Safepoint "Cleanup", Time since last: 11001517726 ns, Reaching safepoint: 343252 ns, At safepoint: 62547 ns, Total: 405799 ns
[2021-05-06T12:31:06.837+0000][7][safepoint   ] Safepoint "Cleanup", Time since last: 1000206770 ns, Reaching safepoint: 316406 ns, At safepoint: 38109 ns, Total: 354515 ns
[2021-05-06T12:31:14.839+0000][7][safepoint   ] Safepoint "Cleanup", Time since last: 8001535352 ns, Reaching safepoint: 362457 ns, At safepoint: 31958 ns, Total: 394415 ns
[2021-05-06T12:31:15.839+0000][7][safepoint   ] Safepoint "Cleanup", Time since last: 1000216724 ns, Reaching safepoint: 403829 ns, At safepoint: 30941 ns, Total: 434770 ns
[2021-05-06T12:31:24.841+0000][7][safepoint   ] Safepoint "Cleanup", Time since last: 9001082871 ns, Reaching safepoint: 631731 ns, At safepoint: 51040 ns, Total: 682771 ns
[2021-05-06T12:31:25.842+0000][7][safepoint   ] Safepoint "Cleanup", Time since last: 1000265668 ns, Reaching safepoint: 361729 ns, At safepoint: 28509 ns, Total: 390238 ns
[2021-05-06T12:31:33.843+0000][7][safepoint   ] Safepoint "Cleanup", Time since last: 8001033618 ns, Reaching safepoint: 125448 ns, At safepoint: 9019 ns, Total: 134467 ns
[2021-05-06T12:31:36.844+0000][7][safepoint   ] Safepoint "Cleanup", Time since last: 3000451722 ns, Reaching safepoint: 403931 ns, At safepoint: 33670 ns, Total: 437601 ns
[2021-05-06T12:31:38.845+0000][7][safepoint   ] Safepoint "Cleanup", Time since last: 2000645390 ns, Reaching safepoint: 322299 ns, At safepoint: 18515 ns, Total: 340814 ns
[2021-05-06T12:31:44.846+0000][7][safepoint   ] Safepoint "Cleanup", Time since last: 6000701686 ns, Reaching safepoint: 372170 ns, At safepoint: 28085 ns, Total: 400255 ns
[2021-05-06T12:31:47.847+0000][7][safepoint   ] Safepoint "Cleanup", Time since last: 3000451856 ns, Reaching safepoint: 290813 ns, At safepoint: 28190 ns, Total: 319003 ns
[2021-05-06T12:31:54.848+0000][7][safepoint   ] Safepoint "Cleanup", Time since last: 7000856715 ns, Reaching safepoint: 328976 ns, At safepoint: 33486 ns, Total: 362462 ns
[2021-05-06T12:32:00.850+0000][7][safepoint   ] Safepoint "Cleanup", Time since last: 6001277057 ns, Reaching safepoint: 368832 ns, At safepoint: 30263 ns, Total: 399095 ns
[2021-05-06T12:32:04.850+0000][7][safepoint   ] Safepoint "Cleanup", Time since last: 4000449107 ns, Reaching safepoint: 266052 ns, At safepoint: 16872 ns, Total: 282924 ns
[2021-05-06T12:32:06.851+0000][7][safepoint   ] Safepoint "Cleanup", Time since last: 2000269740 ns, Reaching safepoint: 129655 ns, At safepoint: 8520 ns, Total: 138175 ns
[2021-05-06T12:32:20.853+0000][7][safepoint   ] Safepoint "Cleanup", Time since last: 14002000426 ns, Reaching safepoint: 373437 ns, At safepoint: 19466 ns, Total: 392903 ns
[2021-05-06T12:32:24.490+0000][7][gc,start    ] GC(50) Pause Young (Normal) (G1 Evacuation Pause)
[2021-05-06T12:32:24.490+0000][7][gc,task     ] GC(50) Using 6 workers of 8 for evacuation
[2021-05-06T12:32:24.490+0000][7][gc,age      ] GC(50) Desired survivor size 6291456 bytes, new threshold 15 (max threshold 15)
[2021-05-06T12:32:24.496+0000][7][gc,age      ] GC(50) Age table with threshold 15 (max threshold 15)
[2021-05-06T12:32:24.496+0000][7][gc,age      ] GC(50) - age   1:     523600 bytes,     523600 total
[2021-05-06T12:32:24.496+0000][7][gc,age      ] GC(50) - age   2:     288208 bytes,     811808 total
[2021-05-06T12:32:24.496+0000][7][gc,age      ] GC(50) - age   3:       3064 bytes,     814872 total
[2021-05-06T12:32:24.496+0000][7][gc,age      ] GC(50) - age   4:       9840 bytes,     824712 total
[2021-05-06T12:32:24.496+0000][7][gc,age      ] GC(50) - age   5:       9664 bytes,     834376 total
[2021-05-06T12:32:24.496+0000][7][gc,age      ] GC(50) - age   6:      44120 bytes,     878496 total
[2021-05-06T12:32:24.496+0000][7][gc,age      ] GC(50) - age   7:      62560 bytes,     941056 total
[2021-05-06T12:32:24.496+0000][7][gc,age      ] GC(50) - age   8:      10296 bytes,     951352 total
[2021-05-06T12:32:24.496+0000][7][gc,age      ] GC(50) - age   9:     751632 bytes,    1702984 total
[2021-05-06T12:32:24.496+0000][7][gc,age      ] GC(50) - age  10:     874840 bytes,    2577824 total
[2021-05-06T12:32:24.496+0000][7][gc,age      ] GC(50) - age  11:      26720 bytes,    2604544 total
[2021-05-06T12:32:24.496+0000][7][gc,age      ] GC(50) - age  12:     665152 bytes,    3269696 total
[2021-05-06T12:32:24.496+0000][7][gc,phases   ] GC(50)   Pre Evacuate Collection Set: 0.1ms
[2021-05-06T12:32:24.496+0000][7][gc,phases   ] GC(50)   Merge Heap Roots: 0.1ms
[2021-05-06T12:32:24.496+0000][7][gc,phases   ] GC(50)   Evacuate Collection Set: 5.0ms
[2021-05-06T12:32:24.496+0000][7][gc,phases   ] GC(50)   Post Evacuate Collection Set: 0.7ms
[2021-05-06T12:32:24.496+0000][7][gc,phases   ] GC(50)   Other: 0.3ms
[2021-05-06T12:32:24.496+0000][7][gc,heap     ] GC(50) Eden regions: 23->0(23)
[2021-05-06T12:32:24.496+0000][7][gc,heap     ] GC(50) Survivor regions: 1->1(3)
[2021-05-06T12:32:24.496+0000][7][gc,heap     ] GC(50) Old regions: 25->25
[2021-05-06T12:32:24.496+0000][7][gc,heap     ] GC(50) Archive regions: 2->2
[2021-05-06T12:32:24.496+0000][7][gc,heap     ] GC(50) Humongous regions: 2->2
[2021-05-06T12:32:24.496+0000][7][gc,metaspace] GC(50) Metaspace: 105679K(110440K)->105679K(110440K) NonClass: 91814K(95208K)->91814K(95208K) Class: 13864K(15232K)->13864K(15232K)
[2021-05-06T12:32:24.496+0000][7][gc          ] GC(50) Pause Young (Normal) (G1 Evacuation Pause) 205M->113M(256M) 6.252ms
[2021-05-06T12:32:24.496+0000][7][gc,cpu      ] GC(50) User=0.02s Sys=0.00s Real=0.01s
[2021-05-06T12:32:24.496+0000][7][safepoint   ] Safepoint "G1CollectForAllocation", Time since last: 3636419958 ns, Reaching safepoint: 175951 ns, At safepoint: 6338474 ns, Total: 6514425 ns
[2021-05-06T12:32:25.497+0000][7][safepoint   ] Safepoint "Cleanup", Time since last: 1000198270 ns, Reaching safepoint: 409441 ns, At safepoint: 30387 ns, Total: 439828 ns
[2021-05-06T12:32:33.498+0000][7][safepoint   ] Safepoint "Cleanup", Time since last: 8001022247 ns, Reaching safepoint: 420844 ns, At safepoint: 35889 ns, Total: 456733 ns
[2021-05-06T12:32:35.499+0000][7][safepoint   ] Safepoint "Cleanup", Time since last: 2000338691 ns, Reaching safepoint: 502891 ns, At safepoint: 34103 ns, Total: 536994 ns
[2021-05-06T12:32:37.500+0000][7][safepoint   ] Safepoint "Cleanup", Time since last: 2000378802 ns, Reaching safepoint: 199421 ns, At safepoint: 11963 ns, Total: 211384 ns
[2021-05-06T12:33:05.504+0000][7][safepoint   ] Safepoint "Cleanup", Time since last: 28003826690 ns, Reaching safepoint: 419738 ns, At safepoint: 30092 ns, Total: 449830 ns
[2021-05-06T12:33:07.505+0000][7][safepoint   ] Safepoint "Cleanup", Time since last: 2000504571 ns, Reaching safepoint: 430358 ns, At safepoint: 36613 ns, Total: 466971 ns
[2021-05-06T12:33:08.506+0000][7][safepoint   ] Safepoint "Cleanup", Time since last: 1000694923 ns, Reaching safepoint: 516823 ns, At safepoint: 32620 ns, Total: 549443 ns
[2021-05-06T12:33:14.507+0000][7][safepoint   ] Safepoint "Cleanup", Time since last: 6000944152 ns, Reaching safepoint: 134733 ns, At safepoint: 7436 ns, Total: 142169 ns
[2021-05-06T12:33:15.508+0000][7][safepoint   ] Safepoint "Cleanup", Time since last: 1000226433 ns, Reaching safepoint: 151963 ns, At safepoint: 9991 ns, Total: 161954 ns
[2021-05-06T12:33:25.509+0000][7][safepoint   ] Safepoint "Cleanup", Time since last: 10001171952 ns, Reaching safepoint: 332815 ns, At safepoint: 30104 ns, Total: 362919 ns
[2021-05-06T12:33:29.510+0000][7][safepoint   ] Safepoint "Cleanup", Time since last: 4000503250 ns, Reaching safepoint: 362947 ns, At safepoint: 25648 ns, Total: 388595 ns
[2021-05-06T12:33:33.511+0000][7][safepoint   ] Safepoint "Cleanup", Time since last: 4000551722 ns, Reaching safepoint: 420397 ns, At safepoint: 45592 ns, Total: 465989 ns
[2021-05-06T12:33:35.512+0000][7][safepoint   ] Safepoint "Cleanup", Time since last: 2000376224 ns, Reaching safepoint: 639159 ns, At safepoint: 42075 ns, Total: 681234 ns
[2021-05-06T12:33:36.513+0000][7][safepoint   ] Safepoint "Cleanup", Time since last: 1000265863 ns, Reaching safepoint: 309735 ns, At safepoint: 21520 ns, Total: 331255 ns
[2021-05-06T12:33:37.513+0000][7][safepoint   ] Safepoint "Cleanup", Time since last: 1000201707 ns, Reaching safepoint: 317865 ns, At safepoint: 27095 ns, Total: 344960 ns
[2021-05-06T12:33:46.516+0000][7][safepoint   ] Safepoint "Cleanup", Time since last: 9001796303 ns, Reaching safepoint: 497554 ns, At safepoint: 34609 ns, Total: 532163 ns
[2021-05-06T12:34:00.517+0000][7][safepoint   ] Safepoint "Cleanup", Time since last: 14001602254 ns, Reaching safepoint: 294657 ns, At safepoint: 27775 ns, Total: 322432 ns
[2021-05-06T12:34:01.518+0000][7][safepoint   ] Safepoint "Cleanup", Time since last: 1000213569 ns, Reaching safepoint: 300537 ns, At safepoint: 26268 ns, Total: 326805 ns
[2021-05-06T12:34:07.519+0000][7][safepoint   ] Safepoint "Cleanup", Time since last: 6000811476 ns, Reaching safepoint: 418351 ns, At safepoint: 39385 ns, Total: 457736 ns
[2021-05-06T12:34:12.520+0000][7][safepoint   ] Safepoint "Cleanup", Time since last: 5000899872 ns, Reaching safepoint: 167161 ns, At safepoint: 11472 ns, Total: 178633 ns
[2021-05-06T12:34:24.522+0000][7][safepoint   ] Safepoint "Cleanup", Time since last: 12001115019 ns, Reaching safepoint: 563027 ns, At safepoint: 51351 ns, Total: 614378 ns
[2021-05-06T12:34:31.523+0000][7][safepoint   ] Safepoint "Cleanup", Time since last: 7000897563 ns, Reaching safepoint: 204997 ns, At safepoint: 9830 ns, Total: 214827 ns
[2021-05-06T12:34:33.524+0000][7][safepoint   ] Safepoint "Cleanup", Time since last: 2000340485 ns, Reaching safepoint: 258778 ns, At safepoint: 31731 ns, Total: 290509 ns
[2021-05-06T12:34:34.525+0000][7][safepoint   ] Safepoint "Cleanup", Time since last: 1000618689 ns, Reaching safepoint: 336206 ns, At safepoint: 33689 ns, Total: 369895 ns
[2021-05-06T12:34:35.526+0000][7][safepoint   ] Safepoint "Cleanup", Time since last: 1000593065 ns, Reaching safepoint: 378606 ns, At safepoint: 33665 ns, Total: 412271 ns
[2021-05-06T12:34:36.744+0000][7][gc,start    ] GC(51) Pause Young (Concurrent Start) (G1 Evacuation Pause)
[2021-05-06T12:34:36.744+0000][7][gc,task     ] GC(51) Using 6 workers of 8 for evacuation
[2021-05-06T12:34:36.744+0000][7][gc,age      ] GC(51) Desired survivor size 6291456 bytes, new threshold 15 (max threshold 15)
[2021-05-06T12:34:36.751+0000][7][gc,age      ] GC(51) Age table with threshold 15 (max threshold 15)
[2021-05-06T12:34:36.752+0000][7][gc,age      ] GC(51) - age   1:     548456 bytes,     548456 total
[2021-05-06T12:34:36.752+0000][7][gc,age      ] GC(51) - age   2:       5576 bytes,     554032 total
[2021-05-06T12:34:36.752+0000][7][gc,age      ] GC(51) - age   3:     161880 bytes,     715912 total
[2021-05-06T12:34:36.752+0000][7][gc,age      ] GC(51) - age   4:       3064 bytes,     718976 total
[2021-05-06T12:34:36.752+0000][7][gc,age      ] GC(51) - age   5:       9840 bytes,     728816 total
[2021-05-06T12:34:36.752+0000][7][gc,age      ] GC(51) - age   6:       9664 bytes,     738480 total
[2021-05-06T12:34:36.752+0000][7][gc,age      ] GC(51) - age   7:      43896 bytes,     782376 total
[2021-05-06T12:34:36.752+0000][7][gc,age      ] GC(51) - age   8:      62560 bytes,     844936 total
[2021-05-06T12:34:36.752+0000][7][gc,age      ] GC(51) - age   9:      10200 bytes,     855136 total
[2021-05-06T12:34:36.752+0000][7][gc,age      ] GC(51) - age  10:     751608 bytes,    1606744 total
[2021-05-06T12:34:36.752+0000][7][gc,age      ] GC(51) - age  11:     874840 bytes,    2481584 total
[2021-05-06T12:34:36.752+0000][7][gc,age      ] GC(51) - age  12:      26720 bytes,    2508304 total
[2021-05-06T12:34:36.752+0000][7][gc,age      ] GC(51) - age  13:     665152 bytes,    3173456 total
[2021-05-06T12:34:36.752+0000][7][gc,phases   ] GC(51)   Pre Evacuate Collection Set: 0.1ms
[2021-05-06T12:34:36.752+0000][7][gc,phases   ] GC(51)   Merge Heap Roots: 0.1ms
[2021-05-06T12:34:36.752+0000][7][gc,phases   ] GC(51)   Evacuate Collection Set: 6.0ms
[2021-05-06T12:34:36.752+0000][7][gc,phases   ] GC(51)   Post Evacuate Collection Set: 1.0ms
[2021-05-06T12:34:36.752+0000][7][gc,phases   ] GC(51)   Other: 0.4ms
[2021-05-06T12:34:36.752+0000][7][gc,heap     ] GC(51) Eden regions: 23->0(23)
[2021-05-06T12:34:36.752+0000][7][gc,heap     ] GC(51) Survivor regions: 1->1(3)
[2021-05-06T12:34:36.752+0000][7][gc,heap     ] GC(51) Old regions: 25->25
[2021-05-06T12:34:36.752+0000][7][gc,heap     ] GC(51) Archive regions: 2->2
[2021-05-06T12:34:36.752+0000][7][gc,heap     ] GC(51) Humongous regions: 2->2
[2021-05-06T12:34:36.752+0000][7][gc,metaspace] GC(51) Metaspace: 105797K(110696K)->105797K(110696K) NonClass: 91932K(95464K)->91932K(95464K) Class: 13865K(15232K)->13865K(15232K)
[2021-05-06T12:34:36.752+0000][7][gc          ] GC(51) Pause Young (Concurrent Start) (G1 Evacuation Pause) 205M->113M(256M) 7.733ms
[2021-05-06T12:34:36.752+0000][7][gc,cpu      ] GC(51) User=0.03s Sys=0.00s Real=0.01s
[2021-05-06T12:34:36.752+0000][7][safepoint   ] Safepoint "G1CollectForAllocation", Time since last: 1218070653 ns, Reaching safepoint: 172376 ns, At safepoint: 7842562 ns, Total: 8014938 ns
[2021-05-06T12:34:36.752+0000][7][gc          ] GC(52) Concurrent Cycle
[2021-05-06T12:34:36.752+0000][7][gc,marking  ] GC(52) Concurrent Clear Claimed Marks
[2021-05-06T12:34:36.752+0000][7][gc,marking  ] GC(52) Concurrent Clear Claimed Marks 0.094ms
[2021-05-06T12:34:36.752+0000][7][gc,marking  ] GC(52) Concurrent Scan Root Regions
[2021-05-06T12:34:36.758+0000][7][gc,marking  ] GC(52) Concurrent Scan Root Regions 5.529ms
[2021-05-06T12:34:36.758+0000][7][gc,marking  ] GC(52) Concurrent Mark (1529.070s)
[2021-05-06T12:34:36.758+0000][7][gc,marking  ] GC(52) Concurrent Mark From Roots
[2021-05-06T12:34:36.758+0000][7][gc,task     ] GC(52) Using 2 workers of 2 for marking
[2021-05-06T12:34:36.870+0000][7][gc,marking  ] GC(52) Concurrent Mark From Roots 112.591ms
[2021-05-06T12:34:36.870+0000][7][gc,marking  ] GC(52) Concurrent Preclean
[2021-05-06T12:34:36.871+0000][7][gc,marking  ] GC(52) Concurrent Preclean 0.299ms
[2021-05-06T12:34:36.871+0000][7][gc,marking  ] GC(52) Concurrent Mark (1529.070s, 1529.183s) 112.959ms
[2021-05-06T12:34:36.871+0000][7][gc,start    ] GC(52) Pause Remark
[2021-05-06T12:34:36.876+0000][7][gc          ] GC(52) Pause Remark 116M->116M(256M) 5.751ms
[2021-05-06T12:34:36.876+0000][7][gc,cpu      ] GC(52) User=0.04s Sys=0.00s Real=0.01s
[2021-05-06T12:34:36.877+0000][7][safepoint   ] Safepoint "G1Concurrent", Time since last: 118723156 ns, Reaching safepoint: 85178 ns, At safepoint: 5837674 ns, Total: 5922852 ns
[2021-05-06T12:34:36.877+0000][7][gc,marking  ] GC(52) Concurrent Rebuild Remembered Sets
[2021-05-06T12:34:36.942+0000][7][gc,marking  ] GC(52) Concurrent Rebuild Remembered Sets 65.755ms
[2021-05-06T12:34:36.942+0000][7][gc,start    ] GC(52) Pause Cleanup
[2021-05-06T12:34:36.943+0000][7][gc          ] GC(52) Pause Cleanup 116M->116M(256M) 0.072ms
[2021-05-06T12:34:36.943+0000][7][gc,cpu      ] GC(52) User=0.00s Sys=0.00s Real=0.00s
[2021-05-06T12:34:36.943+0000][7][safepoint   ] Safepoint "G1Concurrent", Time since last: 65830259 ns, Reaching safepoint: 96288 ns, At safepoint: 115138 ns, Total: 211426 ns
[2021-05-06T12:34:36.943+0000][7][gc,marking  ] GC(52) Concurrent Cleanup for Next Mark
[2021-05-06T12:34:36.943+0000][7][gc,marking  ] GC(52) Concurrent Cleanup for Next Mark 0.157ms
[2021-05-06T12:34:36.943+0000][7][gc          ] GC(52) Concurrent Cycle 190.888ms
[2021-05-06T12:34:44.944+0000][7][safepoint   ] Safepoint "Cleanup", Time since last: 8000967151 ns, Reaching safepoint: 438586 ns, At safepoint: 16912 ns, Total: 455498 ns
[2021-05-06T12:34:54.945+0000][7][safepoint   ] Safepoint "Cleanup", Time since last: 10001045359 ns, Reaching safepoint: 211195 ns, At safepoint: 15412 ns, Total: 226607 ns
[2021-05-06T12:35:06.947+0000][7][safepoint   ] Safepoint "Cleanup", Time since last: 12001408990 ns, Reaching safepoint: 389685 ns, At safepoint: 26940 ns, Total: 416625 ns
[2021-05-06T12:35:30.951+0000][7][safepoint   ] Safepoint "Cleanup", Time since last: 24003511309 ns, Reaching safepoint: 424886 ns, At safepoint: 32916 ns, Total: 457802 ns
[2021-05-06T12:35:33.952+0000][7][safepoint   ] Safepoint "Cleanup", Time since last: 3000541315 ns, Reaching safepoint: 309129 ns, At safepoint: 23257 ns, Total: 332386 ns
[2021-05-06T12:35:47.954+0000][7][safepoint   ] Safepoint "Cleanup", Time since last: 14001556977 ns, Reaching safepoint: 370517 ns, At safepoint: 33702 ns, Total: 404219 ns
[2021-05-06T12:36:04.957+0000][7][safepoint   ] Safepoint "Cleanup", Time since last: 17002697740 ns, Reaching safepoint: 307768 ns, At safepoint: 21355 ns, Total: 329123 ns
[2021-05-06T12:36:05.957+0000][7][safepoint   ] Safepoint "Cleanup", Time since last: 1000174656 ns, Reaching safepoint: 360018 ns, At safepoint: 35097 ns, Total: 395115 ns
[2021-05-06T12:36:06.958+0000][7][safepoint   ] Safepoint "Cleanup", Time since last: 1000184034 ns, Reaching safepoint: 136756 ns, At safepoint: 15361 ns, Total: 152117 ns
[2021-05-06T12:36:07.959+0000][7][safepoint   ] Safepoint "Cleanup", Time since last: 1000325836 ns, Reaching safepoint: 358663 ns, At safepoint: 30744 ns, Total: 389407 ns
[2021-05-06T12:36:33.963+0000][7][safepoint   ] Safepoint "Cleanup", Time since last: 26003613626 ns, Reaching safepoint: 350014 ns, At safepoint: 37687 ns, Total: 387701 ns
[2021-05-06T12:36:36.963+0000][7][safepoint   ] Safepoint "Cleanup", Time since last: 3000680634 ns, Reaching safepoint: 146853 ns, At safepoint: 11034 ns, Total: 157887 ns
[2021-05-06T12:36:55.966+0000][7][safepoint   ] Safepoint "Cleanup", Time since last: 19002182559 ns, Reaching safepoint: 318385 ns, At safepoint: 24624 ns, Total: 343009 ns
[2021-05-06T12:37:05.308+0000][7][gc,start    ] GC(53) Pause Young (Normal) (G1 Evacuation Pause)
[2021-05-06T12:37:05.308+0000][7][gc,task     ] GC(53) Using 6 workers of 8 for evacuation
[2021-05-06T12:37:05.308+0000][7][gc,age      ] GC(53) Desired survivor size 6291456 bytes, new threshold 15 (max threshold 15)
[2021-05-06T12:37:05.322+0000][7][gc,age      ] GC(53) Age table with threshold 15 (max threshold 15)
[2021-05-06T12:37:05.322+0000][7][gc,age      ] GC(53) - age   1:     509824 bytes,     509824 total
[2021-05-06T12:37:05.322+0000][7][gc,age      ] GC(53) - age   2:       6408 bytes,     516232 total
[2021-05-06T12:37:05.322+0000][7][gc,age      ] GC(53) - age   3:       5224 bytes,     521456 total
[2021-05-06T12:37:05.322+0000][7][gc,age      ] GC(53) - age   4:     161680 bytes,     683136 total
[2021-05-06T12:37:05.322+0000][7][gc,age      ] GC(53) - age   5:       3064 bytes,     686200 total
[2021-05-06T12:37:05.322+0000][7][gc,age      ] GC(53) - age   6:       9840 bytes,     696040 total
[2021-05-06T12:37:05.322+0000][7][gc,age      ] GC(53) - age   7:       9640 bytes,     705680 total
[2021-05-06T12:37:05.322+0000][7][gc,age      ] GC(53) - age   8:      43896 bytes,     749576 total
[2021-05-06T12:37:05.322+0000][7][gc,age      ] GC(53) - age   9:      62560 bytes,     812136 total
[2021-05-06T12:37:05.322+0000][7][gc,age      ] GC(53) - age  10:      10160 bytes,     822296 total
[2021-05-06T12:37:05.322+0000][7][gc,age      ] GC(53) - age  11:     751608 bytes,    1573904 total
[2021-05-06T12:37:05.323+0000][7][gc,age      ] GC(53) - age  12:     874840 bytes,    2448744 total
[2021-05-06T12:37:05.323+0000][7][gc,age      ] GC(53) - age  13:      26720 bytes,    2475464 total
[2021-05-06T12:37:05.323+0000][7][gc,age      ] GC(53) - age  14:     665152 bytes,    3140616 total
[2021-05-06T12:37:05.323+0000][7][gc,phases   ] GC(53)   Pre Evacuate Collection Set: 0.1ms
[2021-05-06T12:37:05.323+0000][7][gc,phases   ] GC(53)   Merge Heap Roots: 0.2ms
[2021-05-06T12:37:05.323+0000][7][gc,phases   ] GC(53)   Evacuate Collection Set: 11.7ms
[2021-05-06T12:37:05.323+0000][7][gc,phases   ] GC(53)   Post Evacuate Collection Set: 2.1ms
[2021-05-06T12:37:05.323+0000][7][gc,phases   ] GC(53)   Other: 0.6ms
[2021-05-06T12:37:05.323+0000][7][gc,heap     ] GC(53) Eden regions: 23->0(23)
[2021-05-06T12:37:05.323+0000][7][gc,heap     ] GC(53) Survivor regions: 1->1(3)
[2021-05-06T12:37:05.323+0000][7][gc,heap     ] GC(53) Old regions: 25->25
[2021-05-06T12:37:05.323+0000][7][gc,heap     ] GC(53) Archive regions: 2->2
[2021-05-06T12:37:05.323+0000][7][gc,heap     ] GC(53) Humongous regions: 2->2
[2021-05-06T12:37:05.323+0000][7][gc,metaspace] GC(53) Metaspace: 105847K(110696K)->105847K(110696K) NonClass: 91981K(95464K)->91981K(95464K) Class: 13865K(15232K)->13865K(15232K)
[2021-05-06T12:37:05.323+0000][7][gc          ] GC(53) Pause Young (Normal) (G1 Evacuation Pause) 205M->113M(256M) 14.921ms
[2021-05-06T12:37:05.323+0000][7][gc,cpu      ] GC(53) User=0.03s Sys=0.00s Real=0.01s
[2021-05-06T12:37:05.323+0000][7][safepoint   ] Safepoint "G1CollectForAllocation", Time since last: 9341753229 ns, Reaching safepoint: 260852 ns, At safepoint: 15117940 ns, Total: 15378792 ns
[2021-05-06T12:37:07.324+0000][7][safepoint   ] Safepoint "Cleanup", Time since last: 2000372765 ns, Reaching safepoint: 263483 ns, At safepoint: 16716 ns, Total: 280199 ns
[2021-05-06T12:37:09.324+0000][7][safepoint   ] Safepoint "Cleanup", Time since last: 2000290891 ns, Reaching safepoint: 386292 ns, At safepoint: 15922 ns, Total: 402214 ns
[2021-05-06T12:37:34.328+0000][7][safepoint   ] Safepoint "Cleanup", Time since last: 25003370062 ns, Reaching safepoint: 391875 ns, At safepoint: 22519 ns, Total: 414394 ns
[2021-05-06T12:37:36.329+0000][7][safepoint   ] Safepoint "Cleanup", Time since last: 2000507391 ns, Reaching safepoint: 431564 ns, At safepoint: 45051 ns, Total: 476615 ns
[2021-05-06T12:37:37.330+0000][7][safepoint   ] Safepoint "Cleanup", Time since last: 1000701630 ns, Reaching safepoint: 573804 ns, At safepoint: 36957 ns, Total: 610761 ns
[2021-05-06T12:37:39.332+0000][7][safepoint   ] Safepoint "Cleanup", Time since last: 2000851781 ns, Reaching safepoint: 355493 ns, At safepoint: 30948 ns, Total: 386441 ns
[2021-05-06T12:37:55.334+0000][7][safepoint   ] Safepoint "Cleanup", Time since last: 16002048274 ns, Reaching safepoint: 407299 ns, At safepoint: 30362 ns, Total: 437661 ns
[2021-05-06T12:38:05.336+0000][7][safepoint   ] Safepoint "Cleanup", Time since last: 10001278473 ns, Reaching safepoint: 381501 ns, At safepoint: 26138 ns, Total: 407639 ns
[2021-05-06T12:38:06.336+0000][7][safepoint   ] Safepoint "Cleanup", Time since last: 1000202433 ns, Reaching safepoint: 363805 ns, At safepoint: 29504 ns, Total: 393309 ns
[2021-05-06T12:38:07.337+0000][7][safepoint   ] Safepoint "Cleanup", Time since last: 1000219069 ns, Reaching safepoint: 366381 ns, At safepoint: 26533 ns, Total: 392914 ns
[2021-05-06T12:38:33.342+0000][7][safepoint   ] Safepoint "Cleanup", Time since last: 26004034363 ns, Reaching safepoint: 1096485 ns, At safepoint: 60475 ns, Total: 1156960 ns
[2021-05-06T12:38:34.343+0000][7][safepoint   ] Safepoint "Cleanup", Time since last: 1000240412 ns, Reaching safepoint: 145217 ns, At safepoint: 9676 ns, Total: 154893 ns
[2021-05-06T12:39:10.347+0000][7][safepoint   ] Safepoint "Cleanup", Time since last: 36004263517 ns, Reaching safepoint: 403299 ns, At safepoint: 21120 ns, Total: 424419 ns
[2021-05-06T12:39:12.349+0000][7][safepoint   ] Safepoint "Cleanup", Time since last: 2000833528 ns, Reaching safepoint: 325519 ns, At safepoint: 30301 ns, Total: 355820 ns
[2021-05-06T12:39:23.351+0000][7][safepoint   ] Safepoint "Cleanup", Time since last: 11001362774 ns, Reaching safepoint: 614237 ns, At safepoint: 44700 ns, Total: 658937 ns
[2021-05-06T12:39:30.560+0000][7][gc,start    ] GC(54) Pause Young (Concurrent Start) (G1 Evacuation Pause)
[2021-05-06T12:39:30.560+0000][7][gc,task     ] GC(54) Using 6 workers of 8 for evacuation
[2021-05-06T12:39:30.560+0000][7][gc,age      ] GC(54) Desired survivor size 6291456 bytes, new threshold 15 (max threshold 15)
[2021-05-06T12:39:30.578+0000][7][gc,age      ] GC(54) Age table with threshold 15 (max threshold 15)
[2021-05-06T12:39:30.578+0000][7][gc,age      ] GC(54) - age   1:     528448 bytes,     528448 total
[2021-05-06T12:39:30.578+0000][7][gc,age      ] GC(54) - age   2:       1104 bytes,     529552 total
[2021-05-06T12:39:30.578+0000][7][gc,age      ] GC(54) - age   3:       5968 bytes,     535520 total
[2021-05-06T12:39:30.578+0000][7][gc,age      ] GC(54) - age   4:       4928 bytes,     540448 total
[2021-05-06T12:39:30.578+0000][7][gc,age      ] GC(54) - age   5:     161544 bytes,     701992 total
[2021-05-06T12:39:30.578+0000][7][gc,age      ] GC(54) - age   6:       3064 bytes,     705056 total
[2021-05-06T12:39:30.578+0000][7][gc,age      ] GC(54) - age   7:       9632 bytes,     714688 total
[2021-05-06T12:39:30.578+0000][7][gc,age      ] GC(54) - age   8:       9640 bytes,     724328 total
[2021-05-06T12:39:30.578+0000][7][gc,age      ] GC(54) - age   9:      43896 bytes,     768224 total
[2021-05-06T12:39:30.578+0000][7][gc,age      ] GC(54) - age  10:      62560 bytes,     830784 total
[2021-05-06T12:39:30.578+0000][7][gc,age      ] GC(54) - age  11:      10160 bytes,     840944 total
[2021-05-06T12:39:30.578+0000][7][gc,age      ] GC(54) - age  12:     751608 bytes,    1592552 total
[2021-05-06T12:39:30.578+0000][7][gc,age      ] GC(54) - age  13:     874840 bytes,    2467392 total
[2021-05-06T12:39:30.578+0000][7][gc,age      ] GC(54) - age  14:      26720 bytes,    2494112 total
[2021-05-06T12:39:30.578+0000][7][gc,age      ] GC(54) - age  15:     665152 bytes,    3159264 total
[2021-05-06T12:39:30.578+0000][7][gc,phases   ] GC(54)   Pre Evacuate Collection Set: 0.4ms
[2021-05-06T12:39:30.578+0000][7][gc,phases   ] GC(54)   Merge Heap Roots: 0.2ms
[2021-05-06T12:39:30.578+0000][7][gc,phases   ] GC(54)   Evacuate Collection Set: 14.0ms
[2021-05-06T12:39:30.579+0000][7][gc,phases   ] GC(54)   Post Evacuate Collection Set: 2.9ms
[2021-05-06T12:39:30.579+0000][7][gc,phases   ] GC(54)   Other: 1.1ms
[2021-05-06T12:39:30.579+0000][7][gc,heap     ] GC(54) Eden regions: 23->0(23)
[2021-05-06T12:39:30.579+0000][7][gc,heap     ] GC(54) Survivor regions: 1->1(3)
[2021-05-06T12:39:30.579+0000][7][gc,heap     ] GC(54) Old regions: 25->25
[2021-05-06T12:39:30.579+0000][7][gc,heap     ] GC(54) Archive regions: 2->2
[2021-05-06T12:39:30.579+0000][7][gc,heap     ] GC(54) Humongous regions: 2->2
[2021-05-06T12:39:30.579+0000][7][gc,metaspace] GC(54) Metaspace: 105899K(110696K)->105899K(110696K) NonClass: 92034K(95464K)->92034K(95464K) Class: 13865K(15232K)->13865K(15232K)
[2021-05-06T12:39:30.579+0000][7][gc          ] GC(54) Pause Young (Concurrent Start) (G1 Evacuation Pause) 205M->113M(256M) 18.908ms
[2021-05-06T12:39:30.579+0000][7][gc,cpu      ] GC(54) User=0.06s Sys=0.00s Real=0.02s
[2021-05-06T12:39:30.579+0000][7][safepoint   ] Safepoint "G1CollectForAllocation", Time since last: 7208847649 ns, Reaching safepoint: 430447 ns, At safepoint: 19206116 ns, Total: 19636563 ns
[2021-05-06T12:39:30.579+0000][7][gc          ] GC(55) Concurrent Cycle
[2021-05-06T12:39:30.579+0000][7][gc,marking  ] GC(55) Concurrent Clear Claimed Marks
[2021-05-06T12:39:30.579+0000][7][gc,marking  ] GC(55) Concurrent Clear Claimed Marks 0.210ms
[2021-05-06T12:39:30.579+0000][7][gc,marking  ] GC(55) Concurrent Scan Root Regions
[2021-05-06T12:39:30.588+0000][7][gc,marking  ] GC(55) Concurrent Scan Root Regions 8.305ms
[2021-05-06T12:39:30.588+0000][7][gc,marking  ] GC(55) Concurrent Mark (1822.900s)
[2021-05-06T12:39:30.588+0000][7][gc,marking  ] GC(55) Concurrent Mark From Roots
[2021-05-06T12:39:30.588+0000][7][gc,task     ] GC(55) Using 2 workers of 2 for marking
[2021-05-06T12:39:30.700+0000][7][gc,marking  ] GC(55) Concurrent Mark From Roots 111.992ms
[2021-05-06T12:39:30.700+0000][7][gc,marking  ] GC(55) Concurrent Preclean
[2021-05-06T12:39:30.700+0000][7][gc,marking  ] GC(55) Concurrent Preclean 0.314ms
[2021-05-06T12:39:30.700+0000][7][gc,marking  ] GC(55) Concurrent Mark (1822.900s, 1823.012s) 112.381ms
[2021-05-06T12:39:30.700+0000][7][gc,start    ] GC(55) Pause Remark
[2021-05-06T12:39:30.721+0000][7][gc          ] GC(55) Pause Remark 114M->114M(256M) 20.483ms
[2021-05-06T12:39:30.721+0000][7][gc,cpu      ] GC(55) User=0.06s Sys=0.00s Real=0.02s
[2021-05-06T12:39:30.723+0000][7][safepoint   ] Safepoint "G1Concurrent", Time since last: 121177938 ns, Reaching safepoint: 165676 ns, At safepoint: 22634084 ns, Total: 22799760 ns
[2021-05-06T12:39:30.723+0000][7][gc,marking  ] GC(55) Concurrent Rebuild Remembered Sets
[2021-05-06T12:39:30.814+0000][7][gc,marking  ] GC(55) Concurrent Rebuild Remembered Sets 90.926ms
[2021-05-06T12:39:30.814+0000][7][gc,start    ] GC(55) Pause Cleanup
[2021-05-06T12:39:30.814+0000][7][gc          ] GC(55) Pause Cleanup 114M->114M(256M) 0.080ms
[2021-05-06T12:39:30.814+0000][7][gc,cpu      ] GC(55) User=0.00s Sys=0.00s Real=0.00s
[2021-05-06T12:39:30.814+0000][7][safepoint   ] Safepoint "G1Concurrent", Time since last: 91085239 ns, Reaching safepoint: 98636 ns, At safepoint: 123292 ns, Total: 221928 ns
[2021-05-06T12:39:30.814+0000][7][gc,marking  ] GC(55) Concurrent Cleanup for Next Mark
[2021-05-06T12:39:30.815+0000][7][gc,marking  ] GC(55) Concurrent Cleanup for Next Mark 0.172ms
[2021-05-06T12:39:30.815+0000][7][gc          ] GC(55) Concurrent Cycle 235.451ms
[2021-05-06T12:39:30.864+0000][7][safepoint   ] Safepoint "ICBufferFull", Time since last: 48895840 ns, Reaching safepoint: 286323 ns, At safepoint: 13540 ns, Total: 299863 ns
[2021-05-06T12:39:31.864+0000][7][safepoint   ] Safepoint "Cleanup", Time since last: 1000227100 ns, Reaching safepoint: 561172 ns, At safepoint: 21692 ns, Total: 582864 ns
[2021-05-06T12:39:32.865+0000][7][safepoint   ] Safepoint "Cleanup", Time since last: 1000175343 ns, Reaching safepoint: 270971 ns, At safepoint: 20403 ns, Total: 291374 ns
[2021-05-06T12:39:33.865+0000][7][safepoint   ] Safepoint "Cleanup", Time since last: 1000143990 ns, Reaching safepoint: 297314 ns, At safepoint: 15719 ns, Total: 313033 ns
[2021-05-06T12:39:34.866+0000][7][safepoint   ] Safepoint "Cleanup", Time since last: 1000220270 ns, Reaching safepoint: 482439 ns, At safepoint: 37635 ns, Total: 520074 ns
[2021-05-06T12:39:35.867+0000][7][safepoint   ] Safepoint "Cleanup", Time since last: 1000318689 ns, Reaching safepoint: 399348 ns, At safepoint: 38654 ns, Total: 438002 ns
[2021-05-06T12:39:36.867+0000][7][safepoint   ] Safepoint "Cleanup", Time since last: 1000242338 ns, Reaching safepoint: 266820 ns, At safepoint: 11718 ns, Total: 278538 ns
[2021-05-06T12:39:54.871+0000][7][safepoint   ] Safepoint "Cleanup", Time since last: 18002569666 ns, Reaching safepoint: 631116 ns, At safepoint: 29333 ns, Total: 660449 ns
[2021-05-06T12:39:58.872+0000][7][safepoint   ] Safepoint "Cleanup", Time since last: 4000860191 ns, Reaching safepoint: 364532 ns, At safepoint: 34666 ns, Total: 399198 ns
[2021-05-06T12:39:59.872+0000][7][safepoint   ] Safepoint "Cleanup", Time since last: 1000187342 ns, Reaching safepoint: 252293 ns, At safepoint: 15718 ns, Total: 268011 ns
[2021-05-06T12:40:00.873+0000][7][safepoint   ] Safepoint "Cleanup", Time since last: 1000153966 ns, Reaching safepoint: 321611 ns, At safepoint: 21060 ns, Total: 342671 ns
[2021-05-06T12:40:03.874+0000][7][safepoint   ] Safepoint "Cleanup", Time since last: 3000713888 ns, Reaching safepoint: 203719 ns, At safepoint: 13616 ns, Total: 217335 ns
[2021-05-06T12:40:04.874+0000][7][safepoint   ] Safepoint "Cleanup", Time since last: 1000145401 ns, Reaching safepoint: 404378 ns, At safepoint: 32166 ns, Total: 436544 ns
[2021-05-06T12:40:24.877+0000][7][safepoint   ] Safepoint "Cleanup", Time since last: 20002396252 ns, Reaching safepoint: 240802 ns, At safepoint: 13639 ns, Total: 254441 ns
[2021-05-06T12:40:30.878+0000][7][safepoint   ] Safepoint "Cleanup", Time since last: 6000701290 ns, Reaching safepoint: 120717 ns, At safepoint: 5672 ns, Total: 126389 ns
[2021-05-06T12:40:33.878+0000][7][safepoint   ] Safepoint "Cleanup", Time since last: 3000313932 ns, Reaching safepoint: 115414 ns, At safepoint: 6536 ns, Total: 121950 ns
[2021-05-06T12:40:34.878+0000][7][safepoint   ] Safepoint "Cleanup", Time since last: 1000115650 ns, Reaching safepoint: 114479 ns, At safepoint: 11320 ns, Total: 125799 ns
[2021-05-06T12:40:36.879+0000][7][safepoint   ] Safepoint "Cleanup", Time since last: 2000223036 ns, Reaching safepoint: 141996 ns, At safepoint: 8894 ns, Total: 150890 ns
[2021-05-06T12:41:04.883+0000][7][safepoint   ] Safepoint "Cleanup", Time since last: 28003844496 ns, Reaching safepoint: 474746 ns, At safepoint: 28857 ns, Total: 503603 ns
[2021-05-06T12:41:05.884+0000][7][safepoint   ] Safepoint "Cleanup", Time since last: 1000641861 ns, Reaching safepoint: 110543 ns, At safepoint: 8036 ns, Total: 118579 ns
[2021-05-06T12:41:06.884+0000][7][safepoint   ] Safepoint "Cleanup", Time since last: 1000140814 ns, Reaching safepoint: 116560 ns, At safepoint: 10114 ns, Total: 126674 ns
[2021-05-06T12:41:07.576+0000][7][gc,start    ] GC(56) Pause Young (Normal) (G1 Evacuation Pause)
[2021-05-06T12:41:07.576+0000][7][gc,task     ] GC(56) Using 6 workers of 8 for evacuation
[2021-05-06T12:41:07.576+0000][7][gc,age      ] GC(56) Desired survivor size 6291456 bytes, new threshold 15 (max threshold 15)
[2021-05-06T12:41:07.601+0000][7][gc,age      ] GC(56) Age table with threshold 15 (max threshold 15)
[2021-05-06T12:41:07.601+0000][7][gc,age      ] GC(56) - age   1:    1113960 bytes,    1113960 total
[2021-05-06T12:41:07.601+0000][7][gc,age      ] GC(56) - age   2:      20584 bytes,    1134544 total
[2021-05-06T12:41:07.601+0000][7][gc,age      ] GC(56) - age   3:        744 bytes,    1135288 total
[2021-05-06T12:41:07.601+0000][7][gc,age      ] GC(56) - age   4:       5856 bytes,    1141144 total
[2021-05-06T12:41:07.601+0000][7][gc,age      ] GC(56) - age   5:       4672 bytes,    1145816 total
[2021-05-06T12:41:07.601+0000][7][gc,age      ] GC(56) - age   6:      10040 bytes,    1155856 total
[2021-05-06T12:41:07.601+0000][7][gc,age      ] GC(56) - age   7:       3064 bytes,    1158920 total
[2021-05-06T12:41:07.601+0000][7][gc,age      ] GC(56) - age   8:       9392 bytes,    1168312 total
[2021-05-06T12:41:07.601+0000][7][gc,age      ] GC(56) - age   9:       9640 bytes,    1177952 total
[2021-05-06T12:41:07.601+0000][7][gc,age      ] GC(56) - age  10:      41336 bytes,    1219288 total
[2021-05-06T12:41:07.601+0000][7][gc,age      ] GC(56) - age  11:      60472 bytes,    1279760 total
[2021-05-06T12:41:07.601+0000][7][gc,age      ] GC(56) - age  12:      10160 bytes,    1289920 total
[2021-05-06T12:41:07.601+0000][7][gc,age      ] GC(56) - age  13:     743592 bytes,    2033512 total
[2021-05-06T12:41:07.601+0000][7][gc,age      ] GC(56) - age  14:     865992 bytes,    2899504 total
[2021-05-06T12:41:07.601+0000][7][gc,age      ] GC(56) - age  15:      26672 bytes,    2926176 total
[2021-05-06T12:41:07.601+0000][7][gc,phases   ] GC(56)   Pre Evacuate Collection Set: 0.2ms
[2021-05-06T12:41:07.601+0000][7][gc,phases   ] GC(56)   Merge Heap Roots: 0.3ms
[2021-05-06T12:41:07.601+0000][7][gc,phases   ] GC(56)   Evacuate Collection Set: 15.0ms
[2021-05-06T12:41:07.601+0000][7][gc,phases   ] GC(56)   Post Evacuate Collection Set: 2.4ms
[2021-05-06T12:41:07.601+0000][7][gc,phases   ] GC(56)   Other: 7.7ms
[2021-05-06T12:41:07.601+0000][7][gc,heap     ] GC(56) Eden regions: 23->0(23)
[2021-05-06T12:41:07.601+0000][7][gc,heap     ] GC(56) Survivor regions: 1->1(3)
[2021-05-06T12:41:07.601+0000][7][gc,heap     ] GC(56) Old regions: 25->25
[2021-05-06T12:41:07.601+0000][7][gc,heap     ] GC(56) Archive regions: 2->2
[2021-05-06T12:41:07.601+0000][7][gc,heap     ] GC(56) Humongous regions: 2->2
[2021-05-06T12:41:07.601+0000][7][gc,metaspace] GC(56) Metaspace: 106054K(110952K)->106054K(110952K) NonClass: 92189K(95720K)->92189K(95720K) Class: 13864K(15232K)->13864K(15232K)
[2021-05-06T12:41:07.601+0000][7][gc          ] GC(56) Pause Young (Normal) (G1 Evacuation Pause) 205M->114M(256M) 25.723ms
[2021-05-06T12:41:07.601+0000][7][gc,cpu      ] GC(56) User=0.05s Sys=0.02s Real=0.02s
[2021-05-06T12:41:07.601+0000][7][safepoint   ] Safepoint "G1CollectForAllocation", Time since last: 691010792 ns, Reaching safepoint: 389520 ns, At safepoint: 25928279 ns, Total: 26317799 ns
[2021-05-06T12:41:09.602+0000][7][safepoint   ] Safepoint "Cleanup", Time since last: 2000279034 ns, Reaching safepoint: 431750 ns, At safepoint: 30695 ns, Total: 462445 ns
[2021-05-06T12:41:15.603+0000][7][safepoint   ] Safepoint "Cleanup", Time since last: 6000827348 ns, Reaching safepoint: 321326 ns, At safepoint: 26466 ns, Total: 347792 ns
[2021-05-06T12:41:18.604+0000][7][safepoint   ] Safepoint "Cleanup", Time since last: 3000379881 ns, Reaching safepoint: 421882 ns, At safepoint: 29529 ns, Total: 451411 ns
[2021-05-06T12:41:29.606+0000][7][safepoint   ] Safepoint "Cleanup", Time since last: 11001560019 ns, Reaching safepoint: 415666 ns, At safepoint: 30264 ns, Total: 445930 ns
[2021-05-06T12:41:30.607+0000][7][safepoint   ] Safepoint "Cleanup", Time since last: 1000252296 ns, Reaching safepoint: 333600 ns, At safepoint: 27588 ns, Total: 361188 ns
[2021-05-06T12:41:33.608+0000][7][safepoint   ] Safepoint "Cleanup", Time since last: 3000623710 ns, Reaching safepoint: 416396 ns, At safepoint: 25995 ns, Total: 442391 ns
[2021-05-06T12:41:35.609+0000][7][safepoint   ] Safepoint "Cleanup", Time since last: 2000343414 ns, Reaching safepoint: 702568 ns, At safepoint: 73057 ns, Total: 775625 ns
[2021-05-06T12:41:36.609+0000][7][safepoint   ] Safepoint "Cleanup", Time since last: 1000244697 ns, Reaching safepoint: 107854 ns, At safepoint: 16968 ns, Total: 124822 ns
[2021-05-06T12:41:37.610+0000][7][safepoint   ] Safepoint "Cleanup", Time since last: 1000196018 ns, Reaching safepoint: 362854 ns, At safepoint: 30203 ns, Total: 393057 ns
[2021-05-06T12:41:39.611+0000][7][safepoint   ] Safepoint "Cleanup", Time since last: 2000779070 ns, Reaching safepoint: 252504 ns, At safepoint: 20909 ns, Total: 273413 ns
[2021-05-06T12:41:51.613+0000][7][safepoint   ] Safepoint "Cleanup", Time since last: 12001674141 ns, Reaching safepoint: 330862 ns, At safepoint: 23228 ns, Total: 354090 ns
[2021-05-06T12:41:54.614+0000][7][safepoint   ] Safepoint "Cleanup", Time since last: 3000587877 ns, Reaching safepoint: 381612 ns, At safepoint: 31138 ns, Total: 412750 ns
[2021-05-06T12:42:00.616+0000][7][safepoint   ] Safepoint "Cleanup", Time since last: 6001089010 ns, Reaching safepoint: 415283 ns, At safepoint: 36085 ns, Total: 451368 ns
[2021-05-06T12:42:02.616+0000][7][safepoint   ] Safepoint "Cleanup", Time since last: 2000531143 ns, Reaching safepoint: 336198 ns, At safepoint: 30411 ns, Total: 366609 ns
[2021-05-06T12:42:05.617+0000][7][safepoint   ] Safepoint "Cleanup", Time since last: 3000437239 ns, Reaching safepoint: 429862 ns, At safepoint: 30365 ns, Total: 460227 ns
[2021-05-06T12:42:06.618+0000][7][safepoint   ] Safepoint "Cleanup", Time since last: 1000204864 ns, Reaching safepoint: 409029 ns, At safepoint: 33255 ns, Total: 442284 ns
[2021-05-06T12:42:12.619+0000][7][safepoint   ] Safepoint "Cleanup", Time since last: 6001012070 ns, Reaching safepoint: 358523 ns, At safepoint: 29522 ns, Total: 388045 ns
[2021-05-06T12:42:15.621+0000][7][safepoint   ] Safepoint "Cleanup", Time since last: 3000867951 ns, Reaching safepoint: 393911 ns, At safepoint: 35072 ns, Total: 428983 ns
[2021-05-06T12:42:20.622+0000][7][safepoint   ] Safepoint "Cleanup", Time since last: 5000730569 ns, Reaching safepoint: 389315 ns, At safepoint: 29381 ns, Total: 418696 ns
[2021-05-06T12:42:21.623+0000][7][safepoint   ] Safepoint "Cleanup", Time since last: 1000272336 ns, Reaching safepoint: 432901 ns, At safepoint: 30261 ns, Total: 463162 ns
[2021-05-06T12:42:24.623+0000][7][safepoint   ] Safepoint "Cleanup", Time since last: 3000432579 ns, Reaching safepoint: 363672 ns, At safepoint: 35207 ns, Total: 398879 ns
[2021-05-06T12:42:31.625+0000][7][safepoint   ] Safepoint "Cleanup", Time since last: 7001038745 ns, Reaching safepoint: 397382 ns, At safepoint: 31541 ns, Total: 428923 ns
[2021-05-06T12:42:33.626+0000][7][safepoint   ] Safepoint "Cleanup", Time since last: 2000462532 ns, Reaching safepoint: 367622 ns, At safepoint: 34264 ns, Total: 401886 ns
[2021-05-06T12:42:35.627+0000][7][safepoint   ] Safepoint "Cleanup", Time since last: 2000432375 ns, Reaching safepoint: 288960 ns, At safepoint: 18383 ns, Total: 307343 ns
[2021-05-06T12:42:36.627+0000][7][safepoint   ] Safepoint "Cleanup", Time since last: 1000220201 ns, Reaching safepoint: 336999 ns, At safepoint: 35109 ns, Total: 372108 ns
[2021-05-06T12:42:37.865+0000][7][safepoint   ] Safepoint "Cleanup", Time since last: 1237206826 ns, Reaching safepoint: 482657 ns, At safepoint: 29548 ns, Total: 512205 ns
[2021-05-06T12:42:45.869+0000][7][safepoint   ] Safepoint "Cleanup", Time since last: 8003745308 ns, Reaching safepoint: 397987 ns, At safepoint: 30861 ns, Total: 428848 ns
[2021-05-06T12:43:07.108+0000][7][safepoint   ] Safepoint "Cleanup", Time since last: 21238208955 ns, Reaching safepoint: 404001 ns, At safepoint: 33496 ns, Total: 437497 ns
[2021-05-06T12:43:08.108+0000][7][safepoint   ] Safepoint "Cleanup", Time since last: 1000265579 ns, Reaching safepoint: 341549 ns, At safepoint: 25073 ns, Total: 366622 ns
[2021-05-06T12:43:12.124+0000][7][safepoint   ] Safepoint "Cleanup", Time since last: 4015141037 ns, Reaching safepoint: 398394 ns, At safepoint: 22049 ns, Total: 420443 ns
[2021-05-06T12:43:13.125+0000][7][safepoint   ] Safepoint "Cleanup", Time since last: 1000605858 ns, Reaching safepoint: 463143 ns, At safepoint: 41596 ns, Total: 504739 ns
[2021-05-06T12:43:30.127+0000][7][safepoint   ] Safepoint "Cleanup", Time since last: 17001968509 ns, Reaching safepoint: 362324 ns, At safepoint: 20126 ns, Total: 382450 ns
[2021-05-06T12:43:34.128+0000][7][safepoint   ] Safepoint "Cleanup", Time since last: 4000690930 ns, Reaching safepoint: 437151 ns, At safepoint: 39748 ns, Total: 476899 ns
[2021-05-06T12:43:36.158+0000][7][gc,start    ] GC(57) Pause Young (Concurrent Start) (G1 Evacuation Pause)
[2021-05-06T12:43:36.158+0000][7][gc,task     ] GC(57) Using 6 workers of 8 for evacuation
[2021-05-06T12:43:36.158+0000][7][gc,age      ] GC(57) Desired survivor size 6291456 bytes, new threshold 15 (max threshold 15)
[2021-05-06T12:43:36.172+0000][7][gc,age      ] GC(57) Age table with threshold 15 (max threshold 15)
[2021-05-06T12:43:36.172+0000][7][gc,age      ] GC(57) - age   1:     534264 bytes,     534264 total
[2021-05-06T12:43:36.172+0000][7][gc,age      ] GC(57) - age   2:     602848 bytes,    1137112 total
[2021-05-06T12:43:36.173+0000][7][gc,age      ] GC(57) - age   3:      20256 bytes,    1157368 total
[2021-05-06T12:43:36.173+0000][7][gc,age      ] GC(57) - age   4:        584 bytes,    1157952 total
[2021-05-06T12:43:36.173+0000][7][gc,age      ] GC(57) - age   5:       5800 bytes,    1163752 total
[2021-05-06T12:43:36.173+0000][7][gc,age      ] GC(57) - age   6:       4632 bytes,    1168384 total
[2021-05-06T12:43:36.173+0000][7][gc,age      ] GC(57) - age   7:       9800 bytes,    1178184 total
[2021-05-06T12:43:36.173+0000][7][gc,age      ] GC(57) - age   8:       3064 bytes,    1181248 total
[2021-05-06T12:43:36.173+0000][7][gc,age      ] GC(57) - age   9:       9392 bytes,    1190640 total
[2021-05-06T12:43:36.173+0000][7][gc,age      ] GC(57) - age  10:       9640 bytes,    1200280 total
[2021-05-06T12:43:36.173+0000][7][gc,age      ] GC(57) - age  11:      41336 bytes,    1241616 total
[2021-05-06T12:43:36.173+0000][7][gc,age      ] GC(57) - age  12:      60296 bytes,    1301912 total
[2021-05-06T12:43:36.173+0000][7][gc,age      ] GC(57) - age  13:      10160 bytes,    1312072 total
[2021-05-06T12:43:36.173+0000][7][gc,age      ] GC(57) - age  14:     743592 bytes,    2055664 total
[2021-05-06T12:43:36.173+0000][7][gc,age      ] GC(57) - age  15:     865992 bytes,    2921656 total
[2021-05-06T12:43:36.173+0000][7][gc,phases   ] GC(57)   Pre Evacuate Collection Set: 0.3ms
[2021-05-06T12:43:36.173+0000][7][gc,phases   ] GC(57)   Merge Heap Roots: 0.2ms
[2021-05-06T12:43:36.173+0000][7][gc,phases   ] GC(57)   Evacuate Collection Set: 11.6ms
[2021-05-06T12:43:36.173+0000][7][gc,phases   ] GC(57)   Post Evacuate Collection Set: 1.9ms
[2021-05-06T12:43:36.173+0000][7][gc,phases   ] GC(57)   Other: 1.1ms
[2021-05-06T12:43:36.173+0000][7][gc,heap     ] GC(57) Eden regions: 23->0(23)
[2021-05-06T12:43:36.173+0000][7][gc,heap     ] GC(57) Survivor regions: 1->1(3)
[2021-05-06T12:43:36.173+0000][7][gc,heap     ] GC(57) Old regions: 25->25
[2021-05-06T12:43:36.173+0000][7][gc,heap     ] GC(57) Archive regions: 2->2
[2021-05-06T12:43:36.173+0000][7][gc,heap     ] GC(57) Humongous regions: 2->2
[2021-05-06T12:43:36.173+0000][7][gc,metaspace] GC(57) Metaspace: 106179K(110952K)->106179K(110952K) NonClass: 92311K(95720K)->92311K(95720K) Class: 13868K(15232K)->13868K(15232K)
[2021-05-06T12:43:36.173+0000][7][gc          ] GC(57) Pause Young (Concurrent Start) (G1 Evacuation Pause) 206M->114M(256M) 15.330ms
[2021-05-06T12:43:36.173+0000][7][gc,cpu      ] GC(57) User=0.05s Sys=0.01s Real=0.02s
[2021-05-06T12:43:36.173+0000][7][safepoint   ] Safepoint "G1CollectForAllocation", Time since last: 2029168000 ns, Reaching safepoint: 275057 ns, At safepoint: 15564631 ns, Total: 15839688 ns
[2021-05-06T12:43:36.174+0000][7][gc          ] GC(58) Concurrent Cycle
[2021-05-06T12:43:36.174+0000][7][gc,marking  ] GC(58) Concurrent Clear Claimed Marks
[2021-05-06T12:43:36.174+0000][7][gc,marking  ] GC(58) Concurrent Clear Claimed Marks 0.228ms
[2021-05-06T12:43:36.174+0000][7][gc,marking  ] GC(58) Concurrent Scan Root Regions
[2021-05-06T12:43:36.183+0000][7][gc,marking  ] GC(58) Concurrent Scan Root Regions 9.274ms
[2021-05-06T12:43:36.183+0000][7][gc,marking  ] GC(58) Concurrent Mark (2068.496s)
[2021-05-06T12:43:36.183+0000][7][gc,marking  ] GC(58) Concurrent Mark From Roots
[2021-05-06T12:43:36.183+0000][7][gc,task     ] GC(58) Using 2 workers of 2 for marking
[2021-05-06T12:43:36.293+0000][7][gc,marking  ] GC(58) Concurrent Mark From Roots 109.404ms
[2021-05-06T12:43:36.293+0000][7][gc,marking  ] GC(58) Concurrent Preclean
[2021-05-06T12:43:36.293+0000][7][gc,marking  ] GC(58) Concurrent Preclean 0.221ms
[2021-05-06T12:43:36.293+0000][7][gc,marking  ] GC(58) Concurrent Mark (2068.496s, 2068.605s) 109.739ms
[2021-05-06T12:43:36.293+0000][7][gc,start    ] GC(58) Pause Remark
[2021-05-06T12:43:36.298+0000][7][gc          ] GC(58) Pause Remark 114M->114M(256M) 5.023ms
[2021-05-06T12:43:36.298+0000][7][gc,cpu      ] GC(58) User=0.03s Sys=0.00s Real=0.00s
[2021-05-06T12:43:36.298+0000][7][safepoint   ] Safepoint "G1Concurrent", Time since last: 119633698 ns, Reaching safepoint: 106650 ns, At safepoint: 5102116 ns, Total: 5208766 ns
[2021-05-06T12:43:36.298+0000][7][gc,marking  ] GC(58) Concurrent Rebuild Remembered Sets
[2021-05-06T12:43:36.363+0000][7][gc,marking  ] GC(58) Concurrent Rebuild Remembered Sets 64.753ms
[2021-05-06T12:43:36.363+0000][7][gc,start    ] GC(58) Pause Cleanup
[2021-05-06T12:43:36.363+0000][7][gc          ] GC(58) Pause Cleanup 115M->115M(256M) 0.094ms
[2021-05-06T12:43:36.363+0000][7][gc,cpu      ] GC(58) User=0.00s Sys=0.00s Real=0.00s
[2021-05-06T12:43:36.363+0000][7][safepoint   ] Safepoint "G1Concurrent", Time since last: 64854099 ns, Reaching safepoint: 107789 ns, At safepoint: 145268 ns, Total: 253057 ns
[2021-05-06T12:43:36.363+0000][7][gc,marking  ] GC(58) Concurrent Cleanup for Next Mark
[2021-05-06T12:43:36.364+0000][7][gc,marking  ] GC(58) Concurrent Cleanup for Next Mark 0.203ms
[2021-05-06T12:43:36.364+0000][7][gc          ] GC(58) Concurrent Cycle 190.171ms
[2021-05-06T12:43:37.364+0000][7][safepoint   ] Safepoint "Cleanup", Time since last: 1000173673 ns, Reaching safepoint: 309441 ns, At safepoint: 28647 ns, Total: 338088 ns
[2021-05-06T12:43:38.365+0000][7][safepoint   ] Safepoint "Cleanup", Time since last: 1000563041 ns, Reaching safepoint: 296524 ns, At safepoint: 31905 ns, Total: 328429 ns
[2021-05-06T12:43:53.367+0000][7][safepoint   ] Safepoint "Cleanup", Time since last: 15002075522 ns, Reaching safepoint: 348973 ns, At safepoint: 24733 ns, Total: 373706 ns
[2021-05-06T12:44:00.369+0000][7][safepoint   ] Safepoint "Cleanup", Time since last: 7001077031 ns, Reaching safepoint: 349198 ns, At safepoint: 32471 ns, Total: 381669 ns
[2021-05-06T12:44:01.369+0000][7][safepoint   ] Safepoint "Cleanup", Time since last: 1000177508 ns, Reaching safepoint: 168751 ns, At safepoint: 12830 ns, Total: 181581 ns
[2021-05-06T12:44:05.370+0000][7][safepoint   ] Safepoint "Cleanup", Time since last: 4000593270 ns, Reaching safepoint: 375286 ns, At safepoint: 29675 ns, Total: 404961 ns
[2021-05-06T12:44:06.371+0000][7][safepoint   ] Safepoint "Cleanup", Time since last: 1000234468 ns, Reaching safepoint: 436862 ns, At safepoint: 28620 ns, Total: 465482 ns
[2021-05-06T12:44:07.371+0000][7][safepoint   ] Safepoint "Cleanup", Time since last: 1000239216 ns, Reaching safepoint: 342034 ns, At safepoint: 22758 ns, Total: 364792 ns
[2021-05-06T12:44:33.375+0000][7][safepoint   ] Safepoint "Cleanup", Time since last: 26003433282 ns, Reaching safepoint: 126348 ns, At safepoint: 10342 ns, Total: 136690 ns
[2021-05-06T12:44:34.375+0000][7][safepoint   ] Safepoint "Cleanup", Time since last: 1000131367 ns, Reaching safepoint: 144964 ns, At safepoint: 11754 ns, Total: 156718 ns
[2021-05-06T12:44:35.376+0000][7][safepoint   ] Safepoint "Cleanup", Time since last: 1000146384 ns, Reaching safepoint: 207176 ns, At safepoint: 18601 ns, Total: 225777 ns
[2021-05-06T12:44:37.376+0000][7][safepoint   ] Safepoint "Cleanup", Time since last: 2000342480 ns, Reaching safepoint: 389930 ns, At safepoint: 35184 ns, Total: 425114 ns
[2021-05-06T12:44:55.379+0000][7][safepoint   ] Safepoint "Cleanup", Time since last: 18002300990 ns, Reaching safepoint: 369890 ns, At safepoint: 32756 ns, Total: 402646 ns
[2021-05-06T12:44:56.380+0000][7][safepoint   ] Safepoint "Cleanup", Time since last: 1000244358 ns, Reaching safepoint: 339757 ns, At safepoint: 22050 ns, Total: 361807 ns
[2021-05-06T12:45:06.381+0000][7][safepoint   ] Safepoint "Cleanup", Time since last: 10001193376 ns, Reaching safepoint: 130058 ns, At safepoint: 6903 ns, Total: 136961 ns
[2021-05-06T12:45:07.382+0000][7][safepoint   ] Safepoint "Cleanup", Time since last: 1000104142 ns, Reaching safepoint: 346606 ns, At safepoint: 30569 ns, Total: 377175 ns
[2021-05-06T12:45:30.385+0000][7][safepoint   ] Safepoint "Cleanup", Time since last: 23002874479 ns, Reaching safepoint: 269962 ns, At safepoint: 14997 ns, Total: 284959 ns
[2021-05-06T12:45:33.386+0000][7][safepoint   ] Safepoint "Cleanup", Time since last: 3000479870 ns, Reaching safepoint: 345564 ns, At safepoint: 18771 ns, Total: 364335 ns
[2021-05-06T12:45:37.386+0000][7][safepoint   ] Safepoint "Cleanup", Time since last: 4000456286 ns, Reaching safepoint: 332106 ns, At safepoint: 26017 ns, Total: 358123 ns
[2021-05-06T12:45:46.388+0000][7][safepoint   ] Safepoint "Cleanup", Time since last: 9001142941 ns, Reaching safepoint: 290410 ns, At safepoint: 15708 ns, Total: 306118 ns
[2021-05-06T12:45:51.167+0000][7][gc,start    ] GC(59) Pause Young (Normal) (G1 Evacuation Pause)
[2021-05-06T12:45:51.167+0000][7][gc,task     ] GC(59) Using 6 workers of 8 for evacuation
[2021-05-06T12:45:51.167+0000][7][gc,age      ] GC(59) Desired survivor size 6291456 bytes, new threshold 15 (max threshold 15)
[2021-05-06T12:45:51.174+0000][7][gc,age      ] GC(59) Age table with threshold 15 (max threshold 15)
[2021-05-06T12:45:51.174+0000][7][gc,age      ] GC(59) - age   1:     593608 bytes,     593608 total
[2021-05-06T12:45:51.174+0000][7][gc,age      ] GC(59) - age   2:      12808 bytes,     606416 total
[2021-05-06T12:45:51.174+0000][7][gc,age      ] GC(59) - age   3:     481080 bytes,    1087496 total
[2021-05-06T12:45:51.174+0000][7][gc,age      ] GC(59) - age   4:      20040 bytes,    1107536 total
[2021-05-06T12:45:51.174+0000][7][gc,age      ] GC(59) - age   5:        584 bytes,    1108120 total
[2021-05-06T12:45:51.174+0000][7][gc,age      ] GC(59) - age   6:       5800 bytes,    1113920 total
[2021-05-06T12:45:51.174+0000][7][gc,age      ] GC(59) - age   7:       4592 bytes,    1118512 total
[2021-05-06T12:45:51.174+0000][7][gc,age      ] GC(59) - age   8:       9800 bytes,    1128312 total
[2021-05-06T12:45:51.174+0000][7][gc,age      ] GC(59) - age   9:       3064 bytes,    1131376 total
[2021-05-06T12:45:51.174+0000][7][gc,age      ] GC(59) - age  10:       9392 bytes,    1140768 total
[2021-05-06T12:45:51.174+0000][7][gc,age      ] GC(59) - age  11:       9640 bytes,    1150408 total
[2021-05-06T12:45:51.174+0000][7][gc,age      ] GC(59) - age  12:      41336 bytes,    1191744 total
[2021-05-06T12:45:51.174+0000][7][gc,age      ] GC(59) - age  13:      60296 bytes,    1252040 total
[2021-05-06T12:45:51.174+0000][7][gc,age      ] GC(59) - age  14:      10160 bytes,    1262200 total
[2021-05-06T12:45:51.174+0000][7][gc,age      ] GC(59) - age  15:     735160 bytes,    1997360 total
[2021-05-06T12:45:51.174+0000][7][gc,phases   ] GC(59)   Pre Evacuate Collection Set: 0.1ms
[2021-05-06T12:45:51.174+0000][7][gc,phases   ] GC(59)   Merge Heap Roots: 0.1ms
[2021-05-06T12:45:51.174+0000][7][gc,phases   ] GC(59)   Evacuate Collection Set: 5.6ms
[2021-05-06T12:45:51.174+0000][7][gc,phases   ] GC(59)   Post Evacuate Collection Set: 1.0ms
[2021-05-06T12:45:51.174+0000][7][gc,phases   ] GC(59)   Other: 0.4ms
[2021-05-06T12:45:51.174+0000][7][gc,heap     ] GC(59) Eden regions: 23->0(22)
[2021-05-06T12:45:51.174+0000][7][gc,heap     ] GC(59) Survivor regions: 1->1(3)
[2021-05-06T12:45:51.174+0000][7][gc,heap     ] GC(59) Old regions: 25->26
[2021-05-06T12:45:51.174+0000][7][gc,heap     ] GC(59) Archive regions: 2->2
[2021-05-06T12:45:51.174+0000][7][gc,heap     ] GC(59) Humongous regions: 2->2
[2021-05-06T12:45:51.174+0000][7][gc,metaspace] GC(59) Metaspace: 106253K(111208K)->106253K(111208K) NonClass: 92384K(95976K)->92384K(95976K) Class: 13868K(15232K)->13868K(15232K)
[2021-05-06T12:45:51.174+0000][7][gc          ] GC(59) Pause Young (Normal) (G1 Evacuation Pause) 206M->114M(256M) 7.418ms
[2021-05-06T12:45:51.174+0000][7][gc,cpu      ] GC(59) User=0.02s Sys=0.00s Real=0.01s
[2021-05-06T12:45:51.174+0000][7][safepoint   ] Safepoint "G1CollectForAllocation", Time since last: 4778820645 ns, Reaching safepoint: 265719 ns, At safepoint: 7551082 ns, Total: 7816801 ns
[2021-05-06T12:45:53.175+0000][7][safepoint   ] Safepoint "Cleanup", Time since last: 2000323676 ns, Reaching safepoint: 300665 ns, At safepoint: 19759 ns, Total: 320424 ns
[2021-05-06T12:46:00.176+0000][7][safepoint   ] Safepoint "Cleanup", Time since last: 7000878019 ns, Reaching safepoint: 352670 ns, At safepoint: 24119 ns, Total: 376789 ns
[2021-05-06T12:46:05.177+0000][7][safepoint   ] Safepoint "Cleanup", Time since last: 5000632578 ns, Reaching safepoint: 365095 ns, At safepoint: 22939 ns, Total: 388034 ns
[2021-05-06T12:46:07.178+0000][7][safepoint   ] Safepoint "Cleanup", Time since last: 2000299888 ns, Reaching safepoint: 170600 ns, At safepoint: 14078 ns, Total: 184678 ns
[2021-05-06T12:46:15.179+0000][7][safepoint   ] Safepoint "Cleanup", Time since last: 8001089509 ns, Reaching safepoint: 311969 ns, At safepoint: 19506 ns, Total: 331475 ns
[2021-05-06T12:46:31.182+0000][7][safepoint   ] Safepoint "Cleanup", Time since last: 16002003902 ns, Reaching safepoint: 404077 ns, At safepoint: 29621 ns, Total: 433698 ns
[2021-05-06T12:46:37.183+0000][7][safepoint   ] Safepoint "Cleanup", Time since last: 6000863712 ns, Reaching safepoint: 247193 ns, At safepoint: 20773 ns, Total: 267966 ns
[2021-05-06T12:47:05.187+0000][7][safepoint   ] Safepoint "Cleanup", Time since last: 28003586612 ns, Reaching safepoint: 187142 ns, At safepoint: 16267 ns, Total: 203409 ns
[2021-05-06T12:47:07.187+0000][7][safepoint   ] Safepoint "Cleanup", Time since last: 2000445149 ns, Reaching safepoint: 211942 ns, At safepoint: 13430 ns, Total: 225372 ns
[2021-05-06T12:47:13.189+0000][7][safepoint   ] Safepoint "Cleanup", Time since last: 6001045112 ns, Reaching safepoint: 393390 ns, At safepoint: 23175 ns, Total: 416565 ns
[2021-05-06T12:47:34.192+0000][7][safepoint   ] Safepoint "Cleanup", Time since last: 21002515348 ns, Reaching safepoint: 234821 ns, At safepoint: 19906 ns, Total: 254727 ns
[2021-05-06T12:47:37.192+0000][7][safepoint   ] Safepoint "Cleanup", Time since last: 3000426455 ns, Reaching safepoint: 384568 ns, At safepoint: 21780 ns, Total: 406348 ns
[2021-05-06T12:47:45.194+0000][7][safepoint   ] Safepoint "Cleanup", Time since last: 8000992215 ns, Reaching safepoint: 252211 ns, At safepoint: 20797 ns, Total: 273008 ns
[2021-05-06T12:47:50.195+0000][7][safepoint   ] Safepoint "Cleanup", Time since last: 5000711184 ns, Reaching safepoint: 199151 ns, At safepoint: 10932 ns, Total: 210083 ns
[2021-05-06T12:48:00.196+0000][7][safepoint   ] Safepoint "Cleanup", Time since last: 10001223563 ns, Reaching safepoint: 178111 ns, At safepoint: 9791 ns, Total: 187902 ns
[2021-05-06T12:48:06.931+0000][7][gc,start    ] GC(60) Pause Young (Concurrent Start) (G1 Evacuation Pause)
[2021-05-06T12:48:06.931+0000][7][gc,task     ] GC(60) Using 6 workers of 8 for evacuation
[2021-05-06T12:48:06.931+0000][7][gc,age      ] GC(60) Desired survivor size 6291456 bytes, new threshold 15 (max threshold 15)
[2021-05-06T12:48:06.936+0000][7][gc,age      ] GC(60) Age table with threshold 15 (max threshold 15)
[2021-05-06T12:48:06.936+0000][7][gc,age      ] GC(60) - age   1:     608992 bytes,     608992 total
[2021-05-06T12:48:06.936+0000][7][gc,age      ] GC(60) - age   2:      77584 bytes,     686576 total
[2021-05-06T12:48:06.936+0000][7][gc,age      ] GC(60) - age   3:      12248 bytes,     698824 total
[2021-05-06T12:48:06.936+0000][7][gc,age      ] GC(60) - age   4:     481080 bytes,    1179904 total
[2021-05-06T12:48:06.936+0000][7][gc,age      ] GC(60) - age   5:      20040 bytes,    1199944 total
[2021-05-06T12:48:06.936+0000][7][gc,age      ] GC(60) - age   6:        584 bytes,    1200528 total
[2021-05-06T12:48:06.936+0000][7][gc,age      ] GC(60) - age   7:       5800 bytes,    1206328 total
[2021-05-06T12:48:06.936+0000][7][gc,age      ] GC(60) - age   8:       4592 bytes,    1210920 total
[2021-05-06T12:48:06.936+0000][7][gc,age      ] GC(60) - age   9:       9800 bytes,    1220720 total
[2021-05-06T12:48:06.936+0000][7][gc,age      ] GC(60) - age  10:       3064 bytes,    1223784 total
[2021-05-06T12:48:06.936+0000][7][gc,age      ] GC(60) - age  11:       9392 bytes,    1233176 total
[2021-05-06T12:48:06.936+0000][7][gc,age      ] GC(60) - age  12:       9640 bytes,    1242816 total
[2021-05-06T12:48:06.936+0000][7][gc,age      ] GC(60) - age  13:      41336 bytes,    1284152 total
[2021-05-06T12:48:06.936+0000][7][gc,age      ] GC(60) - age  14:      60296 bytes,    1344448 total
[2021-05-06T12:48:06.936+0000][7][gc,age      ] GC(60) - age  15:      10160 bytes,    1354608 total
[2021-05-06T12:48:06.937+0000][7][gc,phases   ] GC(60)   Pre Evacuate Collection Set: 0.2ms
[2021-05-06T12:48:06.937+0000][7][gc,phases   ] GC(60)   Merge Heap Roots: 0.1ms
[2021-05-06T12:48:06.937+0000][7][gc,phases   ] GC(60)   Evacuate Collection Set: 4.1ms
[2021-05-06T12:48:06.937+0000][7][gc,phases   ] GC(60)   Post Evacuate Collection Set: 0.6ms
[2021-05-06T12:48:06.937+0000][7][gc,phases   ] GC(60)   Other: 0.5ms
[2021-05-06T12:48:06.937+0000][7][gc,heap     ] GC(60) Eden regions: 22->0(22)
[2021-05-06T12:48:06.937+0000][7][gc,heap     ] GC(60) Survivor regions: 1->1(3)
[2021-05-06T12:48:06.937+0000][7][gc,heap     ] GC(60) Old regions: 26->26
[2021-05-06T12:48:06.937+0000][7][gc,heap     ] GC(60) Archive regions: 2->2
[2021-05-06T12:48:06.937+0000][7][gc,heap     ] GC(60) Humongous regions: 2->2
[2021-05-06T12:48:06.937+0000][7][gc,metaspace] GC(60) Metaspace: 106281K(111208K)->106281K(111208K) NonClass: 92413K(95976K)->92413K(95976K) Class: 13868K(15232K)->13868K(15232K)
[2021-05-06T12:48:06.937+0000][7][gc          ] GC(60) Pause Young (Concurrent Start) (G1 Evacuation Pause) 202M->114M(256M) 5.649ms
[2021-05-06T12:48:06.937+0000][7][gc,cpu      ] GC(60) User=0.02s Sys=0.01s Real=0.01s
[2021-05-06T12:48:06.937+0000][7][gc          ] GC(61) Concurrent Cycle
[2021-05-06T12:48:06.937+0000][7][gc,marking  ] GC(61) Concurrent Clear Claimed Marks
[2021-05-06T12:48:06.937+0000][7][safepoint   ] Safepoint "G1CollectForAllocation", Time since last: 6734841122 ns, Reaching safepoint: 229328 ns, At safepoint: 5827863 ns, Total: 6057191 ns
[2021-05-06T12:48:06.937+0000][7][gc,marking  ] GC(61) Concurrent Clear Claimed Marks 0.096ms
[2021-05-06T12:48:06.937+0000][7][gc,marking  ] GC(61) Concurrent Scan Root Regions
[2021-05-06T12:48:06.940+0000][7][gc,marking  ] GC(61) Concurrent Scan Root Regions 2.972ms
[2021-05-06T12:48:06.940+0000][7][gc,marking  ] GC(61) Concurrent Mark (2339.252s)
[2021-05-06T12:48:06.940+0000][7][gc,marking  ] GC(61) Concurrent Mark From Roots
[2021-05-06T12:48:06.940+0000][7][gc,task     ] GC(61) Using 2 workers of 2 for marking
[2021-05-06T12:48:07.042+0000][7][gc,marking  ] GC(61) Concurrent Mark From Roots 101.792ms
[2021-05-06T12:48:07.042+0000][7][gc,marking  ] GC(61) Concurrent Preclean
[2021-05-06T12:48:07.042+0000][7][gc,marking  ] GC(61) Concurrent Preclean 0.219ms
[2021-05-06T12:48:07.042+0000][7][gc,marking  ] GC(61) Concurrent Mark (2339.252s, 2339.354s) 102.066ms
[2021-05-06T12:48:07.042+0000][7][gc,start    ] GC(61) Pause Remark
[2021-05-06T12:48:07.052+0000][7][gc          ] GC(61) Pause Remark 115M->115M(256M) 9.685ms
[2021-05-06T12:48:07.052+0000][7][gc,cpu      ] GC(61) User=0.05s Sys=0.00s Real=0.01s
[2021-05-06T12:48:07.052+0000][7][safepoint   ] Safepoint "G1Concurrent", Time since last: 105239576 ns, Reaching safepoint: 127852 ns, At safepoint: 9765351 ns, Total: 9893203 ns
[2021-05-06T12:48:07.052+0000][7][gc,marking  ] GC(61) Concurrent Rebuild Remembered Sets
[2021-05-06T12:48:07.125+0000][7][gc,marking  ] GC(61) Concurrent Rebuild Remembered Sets 72.958ms
[2021-05-06T12:48:07.125+0000][7][gc,start    ] GC(61) Pause Cleanup
[2021-05-06T12:48:07.125+0000][7][gc          ] GC(61) Pause Cleanup 115M->115M(256M) 0.075ms
[2021-05-06T12:48:07.125+0000][7][gc,cpu      ] GC(61) User=0.00s Sys=0.00s Real=0.00s
[2021-05-06T12:48:07.125+0000][7][safepoint   ] Safepoint "G1Concurrent", Time since last: 73071484 ns, Reaching safepoint: 130137 ns, At safepoint: 133336 ns, Total: 263473 ns
[2021-05-06T12:48:07.125+0000][7][gc,marking  ] GC(61) Concurrent Cleanup for Next Mark
[2021-05-06T12:48:07.125+0000][7][gc,marking  ] GC(61) Concurrent Cleanup for Next Mark 0.168ms
[2021-05-06T12:48:07.126+0000][7][gc          ] GC(61) Concurrent Cycle 188.729ms
[2021-05-06T12:48:08.126+0000][7][safepoint   ] Safepoint "Cleanup", Time since last: 1000158666 ns, Reaching safepoint: 932641 ns, At safepoint: 33720 ns, Total: 966361 ns
[2021-05-06T12:48:09.127+0000][7][safepoint   ] Safepoint "Cleanup", Time since last: 1000255361 ns, Reaching safepoint: 394873 ns, At safepoint: 36600 ns, Total: 431473 ns
[2021-05-06T12:48:10.127+0000][7][safepoint   ] Safepoint "Cleanup", Time since last: 1000188029 ns, Reaching safepoint: 161487 ns, At safepoint: 14101 ns, Total: 175588 ns
[2021-05-06T12:48:12.128+0000][7][safepoint   ] Safepoint "Cleanup", Time since last: 2000276357 ns, Reaching safepoint: 309205 ns, At safepoint: 67371 ns, Total: 376576 ns
[2021-05-06T12:48:15.129+0000][7][safepoint   ] Safepoint "Cleanup", Time since last: 3000422203 ns, Reaching safepoint: 373552 ns, At safepoint: 34752 ns, Total: 408304 ns
[2021-05-06T12:48:16.129+0000][7][safepoint   ] Safepoint "Cleanup", Time since last: 1000198599 ns, Reaching safepoint: 207329 ns, At safepoint: 14232 ns, Total: 221561 ns
[2021-05-06T12:48:25.131+0000][7][safepoint   ] Safepoint "Cleanup", Time since last: 9001084070 ns, Reaching safepoint: 354636 ns, At safepoint: 24912 ns, Total: 379548 ns
[2021-05-06T12:48:29.132+0000][7][safepoint   ] Safepoint "Cleanup", Time since last: 4000536082 ns, Reaching safepoint: 381118 ns, At safepoint: 68122 ns, Total: 449240 ns
[2021-05-06T12:48:30.132+0000][7][safepoint   ] Safepoint "Cleanup", Time since last: 1000231198 ns, Reaching safepoint: 262593 ns, At safepoint: 17389 ns, Total: 279982 ns
[2021-05-06T12:48:31.133+0000][7][safepoint   ] Safepoint "Cleanup", Time since last: 1000150948 ns, Reaching safepoint: 186216 ns, At safepoint: 15122 ns, Total: 201338 ns
[2021-05-06T12:48:34.134+0000][7][safepoint   ] Safepoint "Cleanup", Time since last: 3000425727 ns, Reaching safepoint: 602131 ns, At safepoint: 33519 ns, Total: 635650 ns
[2021-05-06T12:48:35.134+0000][7][safepoint   ] Safepoint "Cleanup", Time since last: 1000188644 ns, Reaching safepoint: 354178 ns, At safepoint: 24312 ns, Total: 378490 ns
[2021-05-06T12:48:37.135+0000][7][safepoint   ] Safepoint "Cleanup", Time since last: 2000367560 ns, Reaching safepoint: 408002 ns, At safepoint: 20213 ns, Total: 428215 ns
[2021-05-06T12:48:43.136+0000][7][safepoint   ] Safepoint "Cleanup", Time since last: 6000695371 ns, Reaching safepoint: 478221 ns, At safepoint: 40970 ns, Total: 519191 ns
[2021-05-06T12:49:03.139+0000][7][safepoint   ] Safepoint "Cleanup", Time since last: 20002441702 ns, Reaching safepoint: 412509 ns, At safepoint: 34891 ns, Total: 447400 ns
[2021-05-06T12:49:05.140+0000][7][safepoint   ] Safepoint "Cleanup", Time since last: 2000247995 ns, Reaching safepoint: 170303 ns, At safepoint: 10255 ns, Total: 180558 ns
[2021-05-06T12:49:06.140+0000][7][safepoint   ] Safepoint "Cleanup", Time since last: 1000138340 ns, Reaching safepoint: 284658 ns, At safepoint: 49465 ns, Total: 334123 ns
[2021-05-06T12:49:07.141+0000][7][safepoint   ] Safepoint "Cleanup", Time since last: 1000188840 ns, Reaching safepoint: 344305 ns, At safepoint: 24749 ns, Total: 369054 ns
[2021-05-06T12:49:29.144+0000][7][safepoint   ] Safepoint "Cleanup", Time since last: 22002953909 ns, Reaching safepoint: 357776 ns, At safepoint: 29515 ns, Total: 387291 ns
[2021-05-06T12:49:30.893+0000][7][safepoint   ] Safepoint "ICBufferFull", Time since last: 1747932705 ns, Reaching safepoint: 556129 ns, At safepoint: 62770 ns, Total: 618899 ns
[2021-05-06T12:49:31.894+0000][7][safepoint   ] Safepoint "Cleanup", Time since last: 1000544856 ns, Reaching safepoint: 392531 ns, At safepoint: 19780 ns, Total: 412311 ns
[2021-05-06T12:49:33.894+0000][7][safepoint   ] Safepoint "Cleanup", Time since last: 2000610115 ns, Reaching safepoint: 228413 ns, At safepoint: 15573 ns, Total: 243986 ns
[2021-05-06T12:49:34.895+0000][7][safepoint   ] Safepoint "Cleanup", Time since last: 1000171904 ns, Reaching safepoint: 309979 ns, At safepoint: 26332 ns, Total: 336311 ns
[2021-05-06T12:49:37.896+0000][7][safepoint   ] Safepoint "Cleanup", Time since last: 3000586291 ns, Reaching safepoint: 329084 ns, At safepoint: 17818 ns, Total: 346902 ns
[2021-05-06T12:49:47.500+0000][7][gc,start    ] GC(62) Pause Young (Normal) (G1 Evacuation Pause)
[2021-05-06T12:49:47.500+0000][7][gc,task     ] GC(62) Using 6 workers of 8 for evacuation
[2021-05-06T12:49:47.500+0000][7][gc,age      ] GC(62) Desired survivor size 6291456 bytes, new threshold 15 (max threshold 15)
[2021-05-06T12:49:47.506+0000][7][gc,age      ] GC(62) Age table with threshold 15 (max threshold 15)
[2021-05-06T12:49:47.506+0000][7][gc,age      ] GC(62) - age   1:     787824 bytes,     787824 total
[2021-05-06T12:49:47.506+0000][7][gc,age      ] GC(62) - age   2:       6392 bytes,     794216 total
[2021-05-06T12:49:47.506+0000][7][gc,age      ] GC(62) - age   3:      77272 bytes,     871488 total
[2021-05-06T12:49:47.506+0000][7][gc,age      ] GC(62) - age   4:      12048 bytes,     883536 total
[2021-05-06T12:49:47.506+0000][7][gc,age      ] GC(62) - age   5:     303664 bytes,    1187200 total
[2021-05-06T12:49:47.506+0000][7][gc,age      ] GC(62) - age   6:      20000 bytes,    1207200 total
[2021-05-06T12:49:47.506+0000][7][gc,age      ] GC(62) - age   7:        584 bytes,    1207784 total
[2021-05-06T12:49:47.506+0000][7][gc,age      ] GC(62) - age   8:       5544 bytes,    1213328 total
[2021-05-06T12:49:47.506+0000][7][gc,age      ] GC(62) - age   9:       4592 bytes,    1217920 total
[2021-05-06T12:49:47.506+0000][7][gc,age      ] GC(62) - age  10:       8240 bytes,    1226160 total
[2021-05-06T12:49:47.506+0000][7][gc,age      ] GC(62) - age  11:       3064 bytes,    1229224 total
[2021-05-06T12:49:47.506+0000][7][gc,age      ] GC(62) - age  12:       9392 bytes,    1238616 total
[2021-05-06T12:49:47.506+0000][7][gc,age      ] GC(62) - age  13:       9640 bytes,    1248256 total
[2021-05-06T12:49:47.506+0000][7][gc,age      ] GC(62) - age  14:      41336 bytes,    1289592 total
[2021-05-06T12:49:47.506+0000][7][gc,age      ] GC(62) - age  15:      60296 bytes,    1349888 total
[2021-05-06T12:49:47.506+0000][7][gc,phases   ] GC(62)   Pre Evacuate Collection Set: 0.2ms
[2021-05-06T12:49:47.506+0000][7][gc,phases   ] GC(62)   Merge Heap Roots: 0.2ms
[2021-05-06T12:49:47.506+0000][7][gc,phases   ] GC(62)   Evacuate Collection Set: 5.2ms
[2021-05-06T12:49:47.506+0000][7][gc,phases   ] GC(62)   Post Evacuate Collection Set: 0.8ms
[2021-05-06T12:49:47.507+0000][7][gc,phases   ] GC(62)   Other: 0.5ms
[2021-05-06T12:49:47.507+0000][7][gc,heap     ] GC(62) Eden regions: 22->0(22)
[2021-05-06T12:49:47.507+0000][7][gc,heap     ] GC(62) Survivor regions: 1->1(3)
[2021-05-06T12:49:47.507+0000][7][gc,heap     ] GC(62) Old regions: 26->26
[2021-05-06T12:49:47.507+0000][7][gc,heap     ] GC(62) Archive regions: 2->2
[2021-05-06T12:49:47.507+0000][7][gc,heap     ] GC(62) Humongous regions: 2->2
[2021-05-06T12:49:47.507+0000][7][gc,metaspace] GC(62) Metaspace: 106316K(111208K)->106316K(111208K) NonClass: 92450K(95976K)->92450K(95976K) Class: 13866K(15232K)->13866K(15232K)
[2021-05-06T12:49:47.507+0000][7][gc          ] GC(62) Pause Young (Normal) (G1 Evacuation Pause) 202M->114M(256M) 7.085ms
[2021-05-06T12:49:47.507+0000][7][gc,cpu      ] GC(62) User=0.03s Sys=0.01s Real=0.01s
[2021-05-06T12:49:47.507+0000][7][safepoint   ] Safepoint "G1CollectForAllocation", Time since last: 9603151707 ns, Reaching safepoint: 541999 ns, At safepoint: 7276055 ns, Total: 7818054 ns
[2021-05-06T12:50:30.512+0000][7][safepoint   ] Safepoint "Cleanup", Time since last: 43005430614 ns, Reaching safepoint: 231709 ns, At safepoint: 13071 ns, Total: 244780 ns
[2021-05-06T12:50:33.513+0000][7][safepoint   ] Safepoint "Cleanup", Time since last: 3000606576 ns, Reaching safepoint: 319523 ns, At safepoint: 22519 ns, Total: 342042 ns
[2021-05-06T12:50:37.514+0000][7][safepoint   ] Safepoint "Cleanup", Time since last: 4000539290 ns, Reaching safepoint: 243098 ns, At safepoint: 18249 ns, Total: 261347 ns
[2021-05-06T12:51:08.519+0000][7][safepoint   ] Safepoint "Cleanup", Time since last: 31004117640 ns, Reaching safepoint: 319828 ns, At safepoint: 30800 ns, Total: 350628 ns
[2021-05-06T12:51:33.522+0000][7][safepoint   ] Safepoint "Cleanup", Time since last: 25003496720 ns, Reaching safepoint: 263076 ns, At safepoint: 18183 ns, Total: 281259 ns
[2021-05-06T12:51:58.526+0000][7][safepoint   ] Safepoint "Cleanup", Time since last: 25003308328 ns, Reaching safepoint: 298441 ns, At safepoint: 25746 ns, Total: 324187 ns
[2021-05-06T12:52:06.957+0000][7][gc,start    ] GC(63) Pause Young (Concurrent Start) (G1 Evacuation Pause)
[2021-05-06T12:52:06.957+0000][7][gc,task     ] GC(63) Using 6 workers of 8 for evacuation
[2021-05-06T12:52:06.957+0000][7][gc,age      ] GC(63) Desired survivor size 6291456 bytes, new threshold 15 (max threshold 15)
[2021-05-06T12:52:06.962+0000][7][gc,age      ] GC(63) Age table with threshold 15 (max threshold 15)
[2021-05-06T12:52:06.962+0000][7][gc,age      ] GC(63) - age   1:     642664 bytes,     642664 total
[2021-05-06T12:52:06.962+0000][7][gc,age      ] GC(63) - age   2:     278208 bytes,     920872 total
[2021-05-06T12:52:06.962+0000][7][gc,age      ] GC(63) - age   3:       5768 bytes,     926640 total
[2021-05-06T12:52:06.962+0000][7][gc,age      ] GC(63) - age   4:      77152 bytes,    1003792 total
[2021-05-06T12:52:06.962+0000][7][gc,age      ] GC(63) - age   5:      12048 bytes,    1015840 total
[2021-05-06T12:52:06.962+0000][7][gc,age      ] GC(63) - age   6:     303664 bytes,    1319504 total
[2021-05-06T12:52:06.962+0000][7][gc,age      ] GC(63) - age   7:      20000 bytes,    1339504 total
[2021-05-06T12:52:06.962+0000][7][gc,age      ] GC(63) - age   8:        584 bytes,    1340088 total
[2021-05-06T12:52:06.962+0000][7][gc,age      ] GC(63) - age   9:       5544 bytes,    1345632 total
[2021-05-06T12:52:06.962+0000][7][gc,age      ] GC(63) - age  10:       4592 bytes,    1350224 total
[2021-05-06T12:52:06.962+0000][7][gc,age      ] GC(63) - age  11:       8240 bytes,    1358464 total
[2021-05-06T12:52:06.962+0000][7][gc,age      ] GC(63) - age  12:       3064 bytes,    1361528 total
[2021-05-06T12:52:06.962+0000][7][gc,age      ] GC(63) - age  13:       9392 bytes,    1370920 total
[2021-05-06T12:52:06.962+0000][7][gc,age      ] GC(63) - age  14:       9640 bytes,    1380560 total
[2021-05-06T12:52:06.962+0000][7][gc,age      ] GC(63) - age  15:      41336 bytes,    1421896 total
[2021-05-06T12:52:06.962+0000][7][gc,phases   ] GC(63)   Pre Evacuate Collection Set: 0.2ms
[2021-05-06T12:52:06.962+0000][7][gc,phases   ] GC(63)   Merge Heap Roots: 0.1ms
[2021-05-06T12:52:06.962+0000][7][gc,phases   ] GC(63)   Evacuate Collection Set: 3.9ms
[2021-05-06T12:52:06.962+0000][7][gc,phases   ] GC(63)   Post Evacuate Collection Set: 0.9ms
[2021-05-06T12:52:06.962+0000][7][gc,phases   ] GC(63)   Other: 0.6ms
[2021-05-06T12:52:06.962+0000][7][gc,heap     ] GC(63) Eden regions: 22->0(22)
[2021-05-06T12:52:06.962+0000][7][gc,heap     ] GC(63) Survivor regions: 1->1(3)
[2021-05-06T12:52:06.962+0000][7][gc,heap     ] GC(63) Old regions: 26->26
[2021-05-06T12:52:06.962+0000][7][gc,heap     ] GC(63) Archive regions: 2->2
[2021-05-06T12:52:06.962+0000][7][gc,heap     ] GC(63) Humongous regions: 2->2
[2021-05-06T12:52:06.962+0000][7][gc,metaspace] GC(63) Metaspace: 106364K(111208K)->106364K(111208K) NonClass: 92498K(95976K)->92498K(95976K) Class: 13866K(15232K)->13866K(15232K)
[2021-05-06T12:52:06.962+0000][7][gc          ] GC(63) Pause Young (Concurrent Start) (G1 Evacuation Pause) 202M->114M(256M) 5.892ms
[2021-05-06T12:52:06.962+0000][7][gc,cpu      ] GC(63) User=0.02s Sys=0.00s Real=0.00s
[2021-05-06T12:52:06.963+0000][7][gc          ] GC(64) Concurrent Cycle
[2021-05-06T12:52:06.963+0000][7][safepoint   ] Safepoint "G1CollectForAllocation", Time since last: 8430054514 ns, Reaching safepoint: 330329 ns, At safepoint: 6067536 ns, Total: 6397865 ns
[2021-05-06T12:52:06.963+0000][7][gc,marking  ] GC(64) Concurrent Clear Claimed Marks
[2021-05-06T12:52:06.963+0000][7][gc,marking  ] GC(64) Concurrent Clear Claimed Marks 0.154ms
[2021-05-06T12:52:06.963+0000][7][gc,marking  ] GC(64) Concurrent Scan Root Regions
[2021-05-06T12:52:06.966+0000][7][gc,marking  ] GC(64) Concurrent Scan Root Regions 3.178ms
[2021-05-06T12:52:06.966+0000][7][gc,marking  ] GC(64) Concurrent Mark (2579.278s)
[2021-05-06T12:52:06.966+0000][7][gc,marking  ] GC(64) Concurrent Mark From Roots
[2021-05-06T12:52:06.966+0000][7][gc,task     ] GC(64) Using 2 workers of 2 for marking
[2021-05-06T12:52:07.073+0000][7][gc,marking  ] GC(64) Concurrent Mark From Roots 106.596ms
[2021-05-06T12:52:07.073+0000][7][gc,marking  ] GC(64) Concurrent Preclean
[2021-05-06T12:52:07.073+0000][7][gc,marking  ] GC(64) Concurrent Preclean 0.273ms
[2021-05-06T12:52:07.073+0000][7][gc,marking  ] GC(64) Concurrent Mark (2579.278s, 2579.385s) 106.954ms
[2021-05-06T12:52:07.073+0000][7][gc,start    ] GC(64) Pause Remark
[2021-05-06T12:52:07.078+0000][7][gc          ] GC(64) Pause Remark 117M->117M(256M) 5.138ms
[2021-05-06T12:52:07.078+0000][7][gc,cpu      ] GC(64) User=0.03s Sys=0.00s Real=0.00s
[2021-05-06T12:52:07.078+0000][7][safepoint   ] Safepoint "G1Concurrent", Time since last: 110487461 ns, Reaching safepoint: 87923 ns, At safepoint: 5215523 ns, Total: 5303446 ns
[2021-05-06T12:52:07.078+0000][7][gc,marking  ] GC(64) Concurrent Rebuild Remembered Sets
[2021-05-06T12:52:07.143+0000][7][gc,marking  ] GC(64) Concurrent Rebuild Remembered Sets 64.571ms
[2021-05-06T12:52:07.143+0000][7][gc,start    ] GC(64) Pause Cleanup
[2021-05-06T12:52:07.143+0000][7][gc          ] GC(64) Pause Cleanup 117M->117M(256M) 0.077ms
[2021-05-06T12:52:07.143+0000][7][gc,cpu      ] GC(64) User=0.00s Sys=0.00s Real=0.00s
[2021-05-06T12:52:07.143+0000][7][safepoint   ] Safepoint "G1Concurrent", Time since last: 64710359 ns, Reaching safepoint: 112472 ns, At safepoint: 120240 ns, Total: 232712 ns
[2021-05-06T12:52:07.143+0000][7][gc,marking  ] GC(64) Concurrent Cleanup for Next Mark
[2021-05-06T12:52:07.144+0000][7][gc,marking  ] GC(64) Concurrent Cleanup for Next Mark 0.154ms
[2021-05-06T12:52:07.144+0000][7][gc          ] GC(64) Concurrent Cycle 180.986ms
[2021-05-06T12:52:25.146+0000][7][safepoint   ] Safepoint "Cleanup", Time since last: 18001982985 ns, Reaching safepoint: 288398 ns, At safepoint: 13695 ns, Total: 302093 ns
[2021-05-06T12:52:30.147+0000][7][safepoint   ] Safepoint "Cleanup", Time since last: 5000622335 ns, Reaching safepoint: 506779 ns, At safepoint: 36092 ns, Total: 542871 ns
[2021-05-06T12:52:34.154+0000][7][safepoint   ] Safepoint "Cleanup", Time since last: 4007050569 ns, Reaching safepoint: 399731 ns, At safepoint: 29225 ns, Total: 428956 ns
[2021-05-06T12:52:35.155+0000][7][safepoint   ] Safepoint "Cleanup", Time since last: 1000244167 ns, Reaching safepoint: 378753 ns, At safepoint: 19785 ns, Total: 398538 ns
[2021-05-06T12:52:37.162+0000][7][safepoint   ] Safepoint "Cleanup", Time since last: 2007163156 ns, Reaching safepoint: 261393 ns, At safepoint: 21993 ns, Total: 283386 ns
[2021-05-06T12:52:48.164+0000][7][safepoint   ] Safepoint "Cleanup", Time since last: 11002024829 ns, Reaching safepoint: 137356 ns, At safepoint: 8179 ns, Total: 145535 ns
[2021-05-06T12:53:00.167+0000][7][safepoint   ] Safepoint "Cleanup", Time since last: 12001693975 ns, Reaching safepoint: 356655 ns, At safepoint: 23867 ns, Total: 380522 ns
[2021-05-06T12:53:05.168+0000][7][safepoint   ] Safepoint "Cleanup", Time since last: 5000803298 ns, Reaching safepoint: 414432 ns, At safepoint: 31133 ns, Total: 445565 ns
[2021-05-06T12:53:07.175+0000][7][safepoint   ] Safepoint "Cleanup", Time since last: 2007011904 ns, Reaching safepoint: 324007 ns, At safepoint: 32975 ns, Total: 356982 ns
[2021-05-06T12:53:26.178+0000][7][safepoint   ] Safepoint "Cleanup", Time since last: 19002739009 ns, Reaching safepoint: 377268 ns, At safepoint: 23006 ns, Total: 400274 ns
[2021-05-06T12:53:34.180+0000][7][safepoint   ] Safepoint "Cleanup", Time since last: 8000955822 ns, Reaching safepoint: 218532 ns, At safepoint: 13161 ns, Total: 231693 ns
[2021-05-06T12:53:35.180+0000][7][safepoint   ] Safepoint "Cleanup", Time since last: 1000209023 ns, Reaching safepoint: 288139 ns, At safepoint: 23695 ns, Total: 311834 ns
[2021-05-06T12:53:37.181+0000][7][safepoint   ] Safepoint "Cleanup", Time since last: 2000301411 ns, Reaching safepoint: 287193 ns, At safepoint: 44310 ns, Total: 331503 ns
[2021-05-06T12:54:03.184+0000][7][safepoint   ] Safepoint "Cleanup", Time since last: 26003278945 ns, Reaching safepoint: 276259 ns, At safepoint: 10670 ns, Total: 286929 ns
[2021-05-06T12:54:04.185+0000][7][safepoint   ] Safepoint "Cleanup", Time since last: 1000167808 ns, Reaching safepoint: 335383 ns, At safepoint: 26668 ns, Total: 362051 ns
[2021-05-06T12:54:05.185+0000][7][safepoint   ] Safepoint "Cleanup", Time since last: 1000244475 ns, Reaching safepoint: 325446 ns, At safepoint: 21876 ns, Total: 347322 ns
[2021-05-06T12:54:07.186+0000][7][safepoint   ] Safepoint "Cleanup", Time since last: 2000346072 ns, Reaching safepoint: 340102 ns, At safepoint: 34942 ns, Total: 375044 ns
[2021-05-06T12:54:17.188+0000][7][safepoint   ] Safepoint "Cleanup", Time since last: 10001542710 ns, Reaching safepoint: 394091 ns, At safepoint: 22167 ns, Total: 416258 ns
[2021-05-06T12:54:26.853+0000][7][gc,start    ] GC(65) Pause Young (Normal) (G1 Evacuation Pause)
[2021-05-06T12:54:26.854+0000][7][gc,task     ] GC(65) Using 6 workers of 8 for evacuation
[2021-05-06T12:54:26.854+0000][7][gc,age      ] GC(65) Desired survivor size 6291456 bytes, new threshold 15 (max threshold 15)
[2021-05-06T12:54:26.858+0000][7][gc,age      ] GC(65) Age table with threshold 15 (max threshold 15)
[2021-05-06T12:54:26.858+0000][7][gc,age      ] GC(65) - age   1:     506592 bytes,     506592 total
[2021-05-06T12:54:26.858+0000][7][gc,age      ] GC(65) - age   2:       5952 bytes,     512544 total
[2021-05-06T12:54:26.858+0000][7][gc,age      ] GC(65) - age   3:     156576 bytes,     669120 total
[2021-05-06T12:54:26.858+0000][7][gc,age      ] GC(65) - age   4:       5768 bytes,     674888 total
[2021-05-06T12:54:26.858+0000][7][gc,age      ] GC(65) - age   5:      77056 bytes,     751944 total
[2021-05-06T12:54:26.858+0000][7][gc,age      ] GC(65) - age   6:      12048 bytes,     763992 total
[2021-05-06T12:54:26.858+0000][7][gc,age      ] GC(65) - age   7:     303568 bytes,    1067560 total
[2021-05-06T12:54:26.858+0000][7][gc,age      ] GC(65) - age   8:      20000 bytes,    1087560 total
[2021-05-06T12:54:26.858+0000][7][gc,age      ] GC(65) - age   9:        584 bytes,    1088144 total
[2021-05-06T12:54:26.858+0000][7][gc,age      ] GC(65) - age  10:       5544 bytes,    1093688 total
[2021-05-06T12:54:26.858+0000][7][gc,age      ] GC(65) - age  11:       4592 bytes,    1098280 total
[2021-05-06T12:54:26.858+0000][7][gc,age      ] GC(65) - age  12:       8240 bytes,    1106520 total
[2021-05-06T12:54:26.858+0000][7][gc,age      ] GC(65) - age  13:       3064 bytes,    1109584 total
[2021-05-06T12:54:26.858+0000][7][gc,age      ] GC(65) - age  14:       9392 bytes,    1118976 total
[2021-05-06T12:54:26.858+0000][7][gc,age      ] GC(65) - age  15:       9640 bytes,    1128616 total
[2021-05-06T12:54:26.858+0000][7][gc,phases   ] GC(65)   Pre Evacuate Collection Set: 0.1ms
[2021-05-06T12:54:26.858+0000][7][gc,phases   ] GC(65)   Merge Heap Roots: 0.1ms
[2021-05-06T12:54:26.858+0000][7][gc,phases   ] GC(65)   Evacuate Collection Set: 3.0ms
[2021-05-06T12:54:26.858+0000][7][gc,phases   ] GC(65)   Post Evacuate Collection Set: 1.0ms
[2021-05-06T12:54:26.858+0000][7][gc,phases   ] GC(65)   Other: 0.4ms
[2021-05-06T12:54:26.858+0000][7][gc,heap     ] GC(65) Eden regions: 22->0(22)
[2021-05-06T12:54:26.858+0000][7][gc,heap     ] GC(65) Survivor regions: 1->1(3)
[2021-05-06T12:54:26.858+0000][7][gc,heap     ] GC(65) Old regions: 26->26
[2021-05-06T12:54:26.858+0000][7][gc,heap     ] GC(65) Archive regions: 2->2
[2021-05-06T12:54:26.858+0000][7][gc,heap     ] GC(65) Humongous regions: 2->2
[2021-05-06T12:54:26.858+0000][7][gc,metaspace] GC(65) Metaspace: 106525K(111208K)->106525K(111208K) NonClass: 92659K(95976K)->92659K(95976K) Class: 13866K(15232K)->13866K(15232K)
[2021-05-06T12:54:26.858+0000][7][gc          ] GC(65) Pause Young (Normal) (G1 Evacuation Pause) 202M->114M(256M) 4.758ms
[2021-05-06T12:54:26.858+0000][7][gc,cpu      ] GC(65) User=0.02s Sys=0.00s Real=0.00s
[2021-05-06T12:54:26.858+0000][7][safepoint   ] Safepoint "G1CollectForAllocation", Time since last: 9665181565 ns, Reaching safepoint: 208676 ns, At safepoint: 4879940 ns, Total: 5088616 ns
[2021-05-06T12:54:33.860+0000][7][safepoint   ] Safepoint "Cleanup", Time since last: 7000838623 ns, Reaching safepoint: 389686 ns, At safepoint: 31632 ns, Total: 421318 ns
[2021-05-06T12:54:45.861+0000][7][safepoint   ] Safepoint "Cleanup", Time since last: 12001557975 ns, Reaching safepoint: 146359 ns, At safepoint: 7261 ns, Total: 153620 ns
[2021-05-06T12:55:07.864+0000][7][safepoint   ] Safepoint "Cleanup", Time since last: 22002765723 ns, Reaching safepoint: 371078 ns, At safepoint: 28180 ns, Total: 399258 ns
[2021-05-06T12:55:15.866+0000][7][safepoint   ] Safepoint "Cleanup", Time since last: 8001383763 ns, Reaching safepoint: 346954 ns, At safepoint: 20215 ns, Total: 367169 ns
[2021-05-06T12:55:33.869+0000][7][safepoint   ] Safepoint "Cleanup", Time since last: 18002217326 ns, Reaching safepoint: 326273 ns, At safepoint: 27269 ns, Total: 353542 ns
[2021-05-06T12:55:37.870+0000][7][safepoint   ] Safepoint "Cleanup", Time since last: 4000635832 ns, Reaching safepoint: 343070 ns, At safepoint: 23168 ns, Total: 366238 ns
[2021-05-06T12:55:45.872+0000][7][safepoint   ] Safepoint "Cleanup", Time since last: 8001563934 ns, Reaching safepoint: 307310 ns, At safepoint: 20538 ns, Total: 327848 ns
[2021-05-06T12:55:55.873+0000][7][safepoint   ] Safepoint "Cleanup", Time since last: 10001214011 ns, Reaching safepoint: 371754 ns, At safepoint: 30613 ns, Total: 402367 ns
[2021-05-06T12:56:00.874+0000][7][safepoint   ] Safepoint "Cleanup", Time since last: 5000756192 ns, Reaching safepoint: 407906 ns, At safepoint: 23064 ns, Total: 430970 ns
[2021-05-06T12:56:15.877+0000][7][safepoint   ] Safepoint "Cleanup", Time since last: 15001566133 ns, Reaching safepoint: 543674 ns, At safepoint: 28635 ns, Total: 572309 ns
[2021-05-06T12:56:24.878+0000][7][safepoint   ] Safepoint "Cleanup", Time since last: 9001309490 ns, Reaching safepoint: 444009 ns, At safepoint: 28648 ns, Total: 472657 ns
[2021-05-06T12:56:30.879+0000][7][safepoint   ] Safepoint "Cleanup", Time since last: 6000739875 ns, Reaching safepoint: 207296 ns, At safepoint: 13805 ns, Total: 221101 ns
[2021-05-06T12:56:33.880+0000][7][safepoint   ] Safepoint "Cleanup", Time since last: 3000413497 ns, Reaching safepoint: 94255 ns, At safepoint: 5194 ns, Total: 99449 ns
[2021-05-06T12:56:37.013+0000][7][gc,start    ] GC(66) Pause Young (Concurrent Start) (G1 Evacuation Pause)
[2021-05-06T12:56:37.013+0000][7][gc,task     ] GC(66) Using 6 workers of 8 for evacuation
[2021-05-06T12:56:37.013+0000][7][gc,age      ] GC(66) Desired survivor size 6291456 bytes, new threshold 15 (max threshold 15)
[2021-05-06T12:56:37.018+0000][7][gc,age      ] GC(66) Age table with threshold 15 (max threshold 15)
[2021-05-06T12:56:37.018+0000][7][gc,age      ] GC(66) - age   1:     431656 bytes,     431656 total
[2021-05-06T12:56:37.018+0000][7][gc,age      ] GC(66) - age   2:       1216 bytes,     432872 total
[2021-05-06T12:56:37.018+0000][7][gc,age      ] GC(66) - age   3:       5112 bytes,     437984 total
[2021-05-06T12:56:37.018+0000][7][gc,age      ] GC(66) - age   4:     156408 bytes,     594392 total
[2021-05-06T12:56:37.018+0000][7][gc,age      ] GC(66) - age   5:       5768 bytes,     600160 total
[2021-05-06T12:56:37.018+0000][7][gc,age      ] GC(66) - age   6:      77056 bytes,     677216 total
[2021-05-06T12:56:37.018+0000][7][gc,age      ] GC(66) - age   7:      12048 bytes,     689264 total
[2021-05-06T12:56:37.018+0000][7][gc,age      ] GC(66) - age   8:     303568 bytes,     992832 total
[2021-05-06T12:56:37.018+0000][7][gc,age      ] GC(66) - age   9:      19792 bytes,    1012624 total
[2021-05-06T12:56:37.018+0000][7][gc,age      ] GC(66) - age  10:        584 bytes,    1013208 total
[2021-05-06T12:56:37.018+0000][7][gc,age      ] GC(66) - age  11:       5488 bytes,    1018696 total
[2021-05-06T12:56:37.018+0000][7][gc,age      ] GC(66) - age  12:       4592 bytes,    1023288 total
[2021-05-06T12:56:37.018+0000][7][gc,age      ] GC(66) - age  13:       8240 bytes,    1031528 total
[2021-05-06T12:56:37.018+0000][7][gc,age      ] GC(66) - age  14:       3064 bytes,    1034592 total
[2021-05-06T12:56:37.018+0000][7][gc,age      ] GC(66) - age  15:       9392 bytes,    1043984 total
[2021-05-06T12:56:37.018+0000][7][gc,phases   ] GC(66)   Pre Evacuate Collection Set: 0.2ms
[2021-05-06T12:56:37.018+0000][7][gc,phases   ] GC(66)   Merge Heap Roots: 0.2ms
[2021-05-06T12:56:37.018+0000][7][gc,phases   ] GC(66)   Evacuate Collection Set: 3.5ms
[2021-05-06T12:56:37.018+0000][7][gc,phases   ] GC(66)   Post Evacuate Collection Set: 0.9ms
[2021-05-06T12:56:37.018+0000][7][gc,phases   ] GC(66)   Other: 0.4ms
[2021-05-06T12:56:37.018+0000][7][gc,heap     ] GC(66) Eden regions: 22->0(22)
[2021-05-06T12:56:37.018+0000][7][gc,heap     ] GC(66) Survivor regions: 1->1(3)
[2021-05-06T12:56:37.018+0000][7][gc,heap     ] GC(66) Old regions: 26->26
[2021-05-06T12:56:37.018+0000][7][gc,heap     ] GC(66) Archive regions: 2->2
[2021-05-06T12:56:37.018+0000][7][gc,heap     ] GC(66) Humongous regions: 2->2
[2021-05-06T12:56:37.018+0000][7][gc,metaspace] GC(66) Metaspace: 106555K(111208K)->106555K(111208K) NonClass: 92689K(95976K)->92689K(95976K) Class: 13866K(15232K)->13866K(15232K)
[2021-05-06T12:56:37.018+0000][7][gc          ] GC(66) Pause Young (Concurrent Start) (G1 Evacuation Pause) 202M->114M(256M) 5.284ms
[2021-05-06T12:56:37.019+0000][7][gc,cpu      ] GC(66) User=0.03s Sys=0.00s Real=0.00s
[2021-05-06T12:56:37.019+0000][7][safepoint   ] Safepoint "G1CollectForAllocation", Time since last: 3133007246 ns, Reaching safepoint: 292646 ns, At safepoint: 5399305 ns, Total: 5691951 ns
[2021-05-06T12:56:37.019+0000][7][gc          ] GC(67) Concurrent Cycle
[2021-05-06T12:56:37.019+0000][7][gc,marking  ] GC(67) Concurrent Clear Claimed Marks
[2021-05-06T12:56:37.019+0000][7][gc,marking  ] GC(67) Concurrent Clear Claimed Marks 0.103ms
[2021-05-06T12:56:37.019+0000][7][gc,marking  ] GC(67) Concurrent Scan Root Regions
[2021-05-06T12:56:37.021+0000][7][gc,marking  ] GC(67) Concurrent Scan Root Regions 2.539ms
[2021-05-06T12:56:37.021+0000][7][gc,marking  ] GC(67) Concurrent Mark (2849.334s)
[2021-05-06T12:56:37.021+0000][7][gc,marking  ] GC(67) Concurrent Mark From Roots
[2021-05-06T12:56:37.021+0000][7][gc,task     ] GC(67) Using 2 workers of 2 for marking
[2021-05-06T12:56:37.162+0000][7][gc,marking  ] GC(67) Concurrent Mark From Roots 141.003ms
[2021-05-06T12:56:37.162+0000][7][gc,marking  ] GC(67) Concurrent Preclean
[2021-05-06T12:56:37.163+0000][7][gc,marking  ] GC(67) Concurrent Preclean 0.266ms
[2021-05-06T12:56:37.163+0000][7][gc,marking  ] GC(67) Concurrent Mark (2849.334s, 2849.475s) 141.326ms
[2021-05-06T12:56:37.163+0000][7][gc,start    ] GC(67) Pause Remark
[2021-05-06T12:56:37.168+0000][7][gc          ] GC(67) Pause Remark 117M->117M(256M) 5.385ms
[2021-05-06T12:56:37.168+0000][7][gc,cpu      ] GC(67) User=0.02s Sys=0.00s Real=0.01s
[2021-05-06T12:56:37.168+0000][7][safepoint   ] Safepoint "G1Concurrent", Time since last: 144143984 ns, Reaching safepoint: 146084 ns, At safepoint: 5476330 ns, Total: 5622414 ns
[2021-05-06T12:56:37.168+0000][7][gc,marking  ] GC(67) Concurrent Rebuild Remembered Sets
[2021-05-06T12:56:37.242+0000][7][gc,marking  ] GC(67) Concurrent Rebuild Remembered Sets 73.638ms
[2021-05-06T12:56:37.242+0000][7][gc,start    ] GC(67) Pause Cleanup
[2021-05-06T12:56:37.242+0000][7][gc          ] GC(67) Pause Cleanup 117M->117M(256M) 0.081ms
[2021-05-06T12:56:37.242+0000][7][gc,cpu      ] GC(67) User=0.00s Sys=0.00s Real=0.00s
[2021-05-06T12:56:37.242+0000][7][safepoint   ] Safepoint "G1Concurrent", Time since last: 73721383 ns, Reaching safepoint: 96546 ns, At safepoint: 145651 ns, Total: 242197 ns
[2021-05-06T12:56:37.242+0000][7][gc,marking  ] GC(67) Concurrent Cleanup for Next Mark
[2021-05-06T12:56:37.242+0000][7][gc,marking  ] GC(67) Concurrent Cleanup for Next Mark 0.177ms
[2021-05-06T12:56:37.242+0000][7][gc          ] GC(67) Concurrent Cycle 223.934ms
[2021-05-06T12:57:07.246+0000][7][safepoint   ] Safepoint "Cleanup", Time since last: 30003752246 ns, Reaching safepoint: 362010 ns, At safepoint: 37386 ns, Total: 399396 ns
[2021-05-06T12:57:34.250+0000][7][safepoint   ] Safepoint "Cleanup", Time since last: 27003578572 ns, Reaching safepoint: 268850 ns, At safepoint: 17023 ns, Total: 285873 ns
[2021-05-06T12:57:37.251+0000][7][safepoint   ] Safepoint "Cleanup", Time since last: 3000430322 ns, Reaching safepoint: 206295 ns, At safepoint: 15765 ns, Total: 222060 ns
[2021-05-06T12:57:44.252+0000][7][safepoint   ] Safepoint "Cleanup", Time since last: 7001059348 ns, Reaching safepoint: 442792 ns, At safepoint: 27471 ns, Total: 470263 ns
[2021-05-06T12:58:07.255+0000][7][safepoint   ] Safepoint "Cleanup", Time since last: 23002645133 ns, Reaching safepoint: 149255 ns, At safepoint: 13143 ns, Total: 162398 ns
[2021-05-06T12:58:37.260+0000][7][safepoint   ] Safepoint "Cleanup", Time since last: 30004380739 ns, Reaching safepoint: 383044 ns, At safepoint: 36704 ns, Total: 419748 ns
[2021-05-06T12:58:54.930+0000][7][gc,start    ] GC(68) Pause Young (Normal) (G1 Evacuation Pause)
[2021-05-06T12:58:54.930+0000][7][gc,task     ] GC(68) Using 6 workers of 8 for evacuation
[2021-05-06T12:58:54.930+0000][7][gc,age      ] GC(68) Desired survivor size 6291456 bytes, new threshold 15 (max threshold 15)
[2021-05-06T12:58:54.936+0000][7][gc,age      ] GC(68) Age table with threshold 15 (max threshold 15)
[2021-05-06T12:58:54.936+0000][7][gc,age      ] GC(68) - age   1:     508912 bytes,     508912 total
[2021-05-06T12:58:54.936+0000][7][gc,age      ] GC(68) - age   2:       1544 bytes,     510456 total
[2021-05-06T12:58:54.936+0000][7][gc,age      ] GC(68) - age   3:       1216 bytes,     511672 total
[2021-05-06T12:58:54.936+0000][7][gc,age      ] GC(68) - age   4:       5112 bytes,     516784 total
[2021-05-06T12:58:54.936+0000][7][gc,age      ] GC(68) - age   5:     155992 bytes,     672776 total
[2021-05-06T12:58:54.936+0000][7][gc,age      ] GC(68) - age   6:       5768 bytes,     678544 total
[2021-05-06T12:58:54.936+0000][7][gc,age      ] GC(68) - age   7:      77016 bytes,     755560 total
[2021-05-06T12:58:54.936+0000][7][gc,age      ] GC(68) - age   8:      12048 bytes,     767608 total
[2021-05-06T12:58:54.936+0000][7][gc,age      ] GC(68) - age   9:     303504 bytes,    1071112 total
[2021-05-06T12:58:54.936+0000][7][gc,age      ] GC(68) - age  10:      19792 bytes,    1090904 total
[2021-05-06T12:58:54.936+0000][7][gc,age      ] GC(68) - age  11:        584 bytes,    1091488 total
[2021-05-06T12:58:54.936+0000][7][gc,age      ] GC(68) - age  12:       5488 bytes,    1096976 total
[2021-05-06T12:58:54.936+0000][7][gc,age      ] GC(68) - age  13:       4592 bytes,    1101568 total
[2021-05-06T12:58:54.936+0000][7][gc,age      ] GC(68) - age  14:       8240 bytes,    1109808 total
[2021-05-06T12:58:54.936+0000][7][gc,age      ] GC(68) - age  15:       3064 bytes,    1112872 total
[2021-05-06T12:58:54.936+0000][7][gc,phases   ] GC(68)   Pre Evacuate Collection Set: 0.2ms
[2021-05-06T12:58:54.936+0000][7][gc,phases   ] GC(68)   Merge Heap Roots: 0.2ms
[2021-05-06T12:58:54.936+0000][7][gc,phases   ] GC(68)   Evacuate Collection Set: 4.4ms
[2021-05-06T12:58:54.936+0000][7][gc,phases   ] GC(68)   Post Evacuate Collection Set: 1.1ms
[2021-05-06T12:58:54.936+0000][7][gc,phases   ] GC(68)   Other: 0.7ms
[2021-05-06T12:58:54.936+0000][7][gc,heap     ] GC(68) Eden regions: 22->0(22)
[2021-05-06T12:58:54.936+0000][7][gc,heap     ] GC(68) Survivor regions: 1->1(3)
[2021-05-06T12:58:54.936+0000][7][gc,heap     ] GC(68) Old regions: 26->26
[2021-05-06T12:58:54.936+0000][7][gc,heap     ] GC(68) Archive regions: 2->2
[2021-05-06T12:58:54.936+0000][7][gc,heap     ] GC(68) Humongous regions: 2->2
[2021-05-06T12:58:54.936+0000][7][gc,metaspace] GC(68) Metaspace: 106624K(111464K)->106624K(111464K) NonClass: 92758K(96232K)->92758K(96232K) Class: 13866K(15232K)->13866K(15232K)
[2021-05-06T12:58:54.937+0000][7][gc          ] GC(68) Pause Young (Normal) (G1 Evacuation Pause) 202M->114M(256M) 6.865ms
[2021-05-06T12:58:54.937+0000][7][gc,cpu      ] GC(68) User=0.02s Sys=0.00s Real=0.01s
[2021-05-06T12:58:54.937+0000][7][safepoint   ] Safepoint "G1CollectForAllocation", Time since last: 17669181179 ns, Reaching safepoint: 291585 ns, At safepoint: 7061788 ns, Total: 7353373 ns
[2021-05-06T12:59:07.939+0000][7][safepoint   ] Safepoint "Cleanup", Time since last: 13001621646 ns, Reaching safepoint: 370058 ns, At safepoint: 34781 ns, Total: 404839 ns
[2021-05-06T12:59:30.942+0000][7][safepoint   ] Safepoint "Cleanup", Time since last: 23003151000 ns, Reaching safepoint: 192227 ns, At safepoint: 10327 ns, Total: 202554 ns
[2021-05-06T12:59:31.942+0000][7][safepoint   ] Safepoint "Cleanup", Time since last: 1000099777 ns, Reaching safepoint: 97077 ns, At safepoint: 6636 ns, Total: 103713 ns
[2021-05-06T12:59:32.943+0000][7][safepoint   ] Safepoint "Cleanup", Time since last: 1000139994 ns, Reaching safepoint: 333877 ns, At safepoint: 33703 ns, Total: 367580 ns
[2021-05-06T12:59:33.943+0000][7][safepoint   ] Safepoint "Cleanup", Time since last: 1000263487 ns, Reaching safepoint: 292614 ns, At safepoint: 26714 ns, Total: 319328 ns
[2021-05-06T12:59:34.944+0000][7][safepoint   ] Safepoint "Cleanup", Time since last: 1000192478 ns, Reaching safepoint: 375237 ns, At safepoint: 32356 ns, Total: 407593 ns
[2021-05-06T12:59:35.944+0000][7][safepoint   ] Safepoint "Cleanup", Time since last: 1000188234 ns, Reaching safepoint: 161776 ns, At safepoint: 14330 ns, Total: 176106 ns
[2021-05-06T12:59:36.944+0000][7][safepoint   ] Safepoint "Cleanup", Time since last: 1000123760 ns, Reaching safepoint: 112605 ns, At safepoint: 6573 ns, Total: 119178 ns
[2021-05-06T12:59:37.945+0000][7][safepoint   ] Safepoint "Cleanup", Time since last: 1000104860 ns, Reaching safepoint: 107521 ns, At safepoint: 9108 ns, Total: 116629 ns
[2021-05-06T13:00:07.949+0000][7][safepoint   ] Safepoint "Cleanup", Time since last: 30003529185 ns, Reaching safepoint: 238548 ns, At safepoint: 15512 ns, Total: 254060 ns
[2021-05-06T13:00:12.950+0000][7][safepoint   ] Safepoint "Cleanup", Time since last: 5000836344 ns, Reaching safepoint: 399619 ns, At safepoint: 29970 ns, Total: 429589 ns
[2021-05-06T13:00:14.950+0000][7][safepoint   ] Safepoint "Cleanup", Time since last: 2000349123 ns, Reaching safepoint: 330208 ns, At safepoint: 24609 ns, Total: 354817 ns
[2021-05-06T13:00:30.953+0000][7][safepoint   ] Safepoint "Cleanup", Time since last: 16001855399 ns, Reaching safepoint: 247343 ns, At safepoint: 16736 ns, Total: 264079 ns
[2021-05-06T13:00:33.340+0000][7][gc,start    ] GC(69) Pause Young (Concurrent Start) (G1 Evacuation Pause)
[2021-05-06T13:00:33.347+0000][7][gc,task     ] GC(69) Using 6 workers of 8 for evacuation
[2021-05-06T13:00:33.347+0000][7][gc,age      ] GC(69) Desired survivor size 6291456 bytes, new threshold 15 (max threshold 15)
[2021-05-06T13:00:33.350+0000][7][gc,age      ] GC(69) Age table with threshold 15 (max threshold 15)
[2021-05-06T13:00:33.350+0000][7][gc,age      ] GC(69) - age   1:     858888 bytes,     858888 total
[2021-05-06T13:00:33.350+0000][7][gc,age      ] GC(69) - age   2:       2232 bytes,     861120 total
[2021-05-06T13:00:33.350+0000][7][gc,age      ] GC(69) - age   3:       1200 bytes,     862320 total
[2021-05-06T13:00:33.350+0000][7][gc,age      ] GC(69) - age   4:        992 bytes,     863312 total
[2021-05-06T13:00:33.350+0000][7][gc,age      ] GC(69) - age   5:       4952 bytes,     868264 total
[2021-05-06T13:00:33.350+0000][7][gc,age      ] GC(69) - age   6:       4200 bytes,     872464 total
[2021-05-06T13:00:33.350+0000][7][gc,age      ] GC(69) - age   7:       5672 bytes,     878136 total
[2021-05-06T13:00:33.350+0000][7][gc,age      ] GC(69) - age   8:      77016 bytes,     955152 total
[2021-05-06T13:00:33.350+0000][7][gc,age      ] GC(69) - age   9:      12048 bytes,     967200 total
[2021-05-06T13:00:33.350+0000][7][gc,age      ] GC(69) - age  10:     298816 bytes,    1266016 total
[2021-05-06T13:00:33.350+0000][7][gc,age      ] GC(69) - age  11:      19792 bytes,    1285808 total
[2021-05-06T13:00:33.350+0000][7][gc,age      ] GC(69) - age  12:        584 bytes,    1286392 total
[2021-05-06T13:00:33.350+0000][7][gc,age      ] GC(69) - age  13:       5488 bytes,    1291880 total
[2021-05-06T13:00:33.350+0000][7][gc,age      ] GC(69) - age  14:       4592 bytes,    1296472 total
[2021-05-06T13:00:33.350+0000][7][gc,age      ] GC(69) - age  15:       8240 bytes,    1304712 total
[2021-05-06T13:00:33.350+0000][7][gc,phases   ] GC(69)   Pre Evacuate Collection Set: 0.2ms
[2021-05-06T13:00:33.350+0000][7][gc,phases   ] GC(69)   Merge Heap Roots: 0.1ms
[2021-05-06T13:00:33.350+0000][7][gc,phases   ] GC(69)   Evacuate Collection Set: 2.2ms
[2021-05-06T13:00:33.350+0000][7][gc,phases   ] GC(69)   Post Evacuate Collection Set: 0.8ms
[2021-05-06T13:00:33.350+0000][7][gc,phases   ] GC(69)   Other: 7.0ms
[2021-05-06T13:00:33.350+0000][7][gc,heap     ] GC(69) Eden regions: 22->0(22)
[2021-05-06T13:00:33.350+0000][7][gc,heap     ] GC(69) Survivor regions: 1->1(3)
[2021-05-06T13:00:33.350+0000][7][gc,heap     ] GC(69) Old regions: 26->26
[2021-05-06T13:00:33.350+0000][7][gc,heap     ] GC(69) Archive regions: 2->2
[2021-05-06T13:00:33.350+0000][7][gc,heap     ] GC(69) Humongous regions: 2->2
[2021-05-06T13:00:33.350+0000][7][gc,metaspace] GC(69) Metaspace: 106719K(111464K)->106719K(111464K) NonClass: 92853K(96232K)->92853K(96232K) Class: 13866K(15232K)->13866K(15232K)
[2021-05-06T13:00:33.350+0000][7][gc          ] GC(69) Pause Young (Concurrent Start) (G1 Evacuation Pause) 202M->114M(256M) 10.322ms
[2021-05-06T13:00:33.350+0000][7][gc,cpu      ] GC(69) User=0.02s Sys=0.00s Real=0.01s
[2021-05-06T13:00:33.351+0000][7][gc          ] GC(70) Concurrent Cycle
[2021-05-06T13:00:33.351+0000][7][safepoint   ] Safepoint "G1CollectForAllocation", Time since last: 2387324554 ns, Reaching safepoint: 163395 ns, At safepoint: 10445229 ns, Total: 10608624 ns
[2021-05-06T13:00:33.351+0000][7][gc,marking  ] GC(70) Concurrent Clear Claimed Marks
[2021-05-06T13:00:33.351+0000][7][gc,marking  ] GC(70) Concurrent Clear Claimed Marks 0.090ms
[2021-05-06T13:00:33.351+0000][7][gc,marking  ] GC(70) Concurrent Scan Root Regions
[2021-05-06T13:00:33.353+0000][7][gc,marking  ] GC(70) Concurrent Scan Root Regions 2.156ms
[2021-05-06T13:00:33.353+0000][7][gc,marking  ] GC(70) Concurrent Mark (3085.665s)
[2021-05-06T13:00:33.353+0000][7][gc,marking  ] GC(70) Concurrent Mark From Roots
[2021-05-06T13:00:33.353+0000][7][gc,task     ] GC(70) Using 2 workers of 2 for marking
[2021-05-06T13:00:33.459+0000][7][gc,marking  ] GC(70) Concurrent Mark From Roots 105.816ms
[2021-05-06T13:00:33.459+0000][7][gc,marking  ] GC(70) Concurrent Preclean
[2021-05-06T13:00:33.459+0000][7][gc,marking  ] GC(70) Concurrent Preclean 0.308ms
[2021-05-06T13:00:33.459+0000][7][gc,marking  ] GC(70) Concurrent Mark (3085.665s, 3085.771s) 106.180ms
[2021-05-06T13:00:33.459+0000][7][gc,start    ] GC(70) Pause Remark
[2021-05-06T13:00:33.464+0000][7][gc          ] GC(70) Pause Remark 115M->115M(256M) 4.958ms
[2021-05-06T13:00:33.464+0000][7][gc,cpu      ] GC(70) User=0.03s Sys=0.00s Real=0.01s
[2021-05-06T13:00:33.464+0000][7][safepoint   ] Safepoint "G1Concurrent", Time since last: 108545157 ns, Reaching safepoint: 97389 ns, At safepoint: 5037304 ns, Total: 5134693 ns
[2021-05-06T13:00:33.464+0000][7][gc,marking  ] GC(70) Concurrent Rebuild Remembered Sets
[2021-05-06T13:00:33.530+0000][7][gc,marking  ] GC(70) Concurrent Rebuild Remembered Sets 65.654ms
[2021-05-06T13:00:33.530+0000][7][gc,start    ] GC(70) Pause Cleanup
[2021-05-06T13:00:33.530+0000][7][gc          ] GC(70) Pause Cleanup 115M->115M(256M) 0.066ms
[2021-05-06T13:00:33.530+0000][7][gc,cpu      ] GC(70) User=0.00s Sys=0.00s Real=0.00s
[2021-05-06T13:00:33.530+0000][7][safepoint   ] Safepoint "G1Concurrent", Time since last: 65767162 ns, Reaching safepoint: 79250 ns, At safepoint: 121363 ns, Total: 200613 ns
[2021-05-06T13:00:33.530+0000][7][gc,marking  ] GC(70) Concurrent Cleanup for Next Mark
[2021-05-06T13:00:33.530+0000][7][gc,marking  ] GC(70) Concurrent Cleanup for Next Mark 0.176ms
[2021-05-06T13:00:33.530+0000][7][gc          ] GC(70) Concurrent Cycle 179.885ms
[2021-05-06T13:01:33.537+0000][7][safepoint   ] Safepoint "Cleanup", Time since last: 60006583273 ns, Reaching safepoint: 213394 ns, At safepoint: 18538 ns, Total: 231932 ns
[2021-05-06T13:01:37.538+0000][7][safepoint   ] Safepoint "Cleanup", Time since last: 4000766666 ns, Reaching safepoint: 254427 ns, At safepoint: 21179 ns, Total: 275606 ns
[2021-05-06T13:02:00.541+0000][7][safepoint   ] Safepoint "Cleanup", Time since last: 23002578772 ns, Reaching safepoint: 234934 ns, At safepoint: 16474 ns, Total: 251408 ns
[2021-05-06T13:02:24.544+0000][7][safepoint   ] Safepoint "Cleanup", Time since last: 24002688567 ns, Reaching safepoint: 428912 ns, At safepoint: 21658 ns, Total: 450570 ns
[2021-05-06T13:02:37.546+0000][7][safepoint   ] Safepoint "Cleanup", Time since last: 13002062487 ns, Reaching safepoint: 379542 ns, At safepoint: 30413 ns, Total: 409955 ns
[2021-05-06T13:02:52.555+0000][7][gc,start    ] GC(71) Pause Young (Normal) (G1 Evacuation Pause)
[2021-05-06T13:02:52.555+0000][7][gc,task     ] GC(71) Using 6 workers of 8 for evacuation
[2021-05-06T13:02:52.555+0000][7][gc,age      ] GC(71) Desired survivor size 6291456 bytes, new threshold 15 (max threshold 15)
[2021-05-06T13:02:52.562+0000][7][gc,age      ] GC(71) Age table with threshold 15 (max threshold 15)
[2021-05-06T13:02:52.562+0000][7][gc,age      ] GC(71) - age   1:     514496 bytes,     514496 total
[2021-05-06T13:02:52.562+0000][7][gc,age      ] GC(71) - age   2:     313464 bytes,     827960 total
[2021-05-06T13:02:52.562+0000][7][gc,age      ] GC(71) - age   3:       2112 bytes,     830072 total
[2021-05-06T13:02:52.562+0000][7][gc,age      ] GC(71) - age   4:       1080 bytes,     831152 total
[2021-05-06T13:02:52.562+0000][7][gc,age      ] GC(71) - age   5:        992 bytes,     832144 total
[2021-05-06T13:02:52.562+0000][7][gc,age      ] GC(71) - age   6:       4952 bytes,     837096 total
[2021-05-06T13:02:52.562+0000][7][gc,age      ] GC(71) - age   7:       4200 bytes,     841296 total
[2021-05-06T13:02:52.562+0000][7][gc,age      ] GC(71) - age   8:       5632 bytes,     846928 total
[2021-05-06T13:02:52.562+0000][7][gc,age      ] GC(71) - age   9:      77016 bytes,     923944 total
[2021-05-06T13:02:52.562+0000][7][gc,age      ] GC(71) - age  10:      12024 bytes,     935968 total
[2021-05-06T13:02:52.562+0000][7][gc,age      ] GC(71) - age  11:     298576 bytes,    1234544 total
[2021-05-06T13:02:52.562+0000][7][gc,age      ] GC(71) - age  12:      19792 bytes,    1254336 total
[2021-05-06T13:02:52.562+0000][7][gc,age      ] GC(71) - age  13:        584 bytes,    1254920 total
[2021-05-06T13:02:52.562+0000][7][gc,age      ] GC(71) - age  14:       5464 bytes,    1260384 total
[2021-05-06T13:02:52.562+0000][7][gc,age      ] GC(71) - age  15:       4592 bytes,    1264976 total
[2021-05-06T13:02:52.562+0000][7][gc,phases   ] GC(71)   Pre Evacuate Collection Set: 0.2ms
[2021-05-06T13:02:52.562+0000][7][gc,phases   ] GC(71)   Merge Heap Roots: 0.3ms
[2021-05-06T13:02:52.562+0000][7][gc,phases   ] GC(71)   Evacuate Collection Set: 5.3ms
[2021-05-06T13:02:52.563+0000][7][gc,phases   ] GC(71)   Post Evacuate Collection Set: 1.2ms
[2021-05-06T13:02:52.563+0000][7][gc,phases   ] GC(71)   Other: 0.8ms
[2021-05-06T13:02:52.563+0000][7][gc,heap     ] GC(71) Eden regions: 22->0(22)
[2021-05-06T13:02:52.563+0000][7][gc,heap     ] GC(71) Survivor regions: 1->1(3)
[2021-05-06T13:02:52.563+0000][7][gc,heap     ] GC(71) Old regions: 26->26
[2021-05-06T13:02:52.563+0000][7][gc,heap     ] GC(71) Archive regions: 2->2
[2021-05-06T13:02:52.563+0000][7][gc,heap     ] GC(71) Humongous regions: 2->2
[2021-05-06T13:02:52.563+0000][7][gc,metaspace] GC(71) Metaspace: 106738K(111464K)->106738K(111464K) NonClass: 92871K(96232K)->92871K(96232K) Class: 13866K(15232K)->13866K(15232K)
[2021-05-06T13:02:52.563+0000][7][gc          ] GC(71) Pause Young (Normal) (G1 Evacuation Pause) 202M->114M(256M) 8.209ms
[2021-05-06T13:02:52.563+0000][7][gc,cpu      ] GC(71) User=0.03s Sys=0.00s Real=0.00s
[2021-05-06T13:02:52.563+0000][7][safepoint   ] Safepoint "G1CollectForAllocation", Time since last: 15007802678 ns, Reaching safepoint: 381003 ns, At safepoint: 8433779 ns, Total: 8814782 ns
[2021-05-06T13:03:07.565+0000][7][safepoint   ] Safepoint "Cleanup", Time since last: 15001731216 ns, Reaching safepoint: 273223 ns, At safepoint: 16636 ns, Total: 289859 ns
[2021-05-06T13:03:30.568+0000][7][safepoint   ] Safepoint "Cleanup", Time since last: 23003185665 ns, Reaching safepoint: 108157 ns, At safepoint: 5320 ns, Total: 113477 ns
[2021-05-06T13:03:35.569+0000][7][safepoint   ] Safepoint "Cleanup", Time since last: 5000634998 ns, Reaching safepoint: 191515 ns, At safepoint: 10945 ns, Total: 202460 ns
[2021-05-06T13:03:37.570+0000][7][safepoint   ] Safepoint "Cleanup", Time since last: 2000390924 ns, Reaching safepoint: 450524 ns, At safepoint: 33870 ns, Total: 484394 ns
[2021-05-06T13:03:54.572+0000][7][safepoint   ] Safepoint "Cleanup", Time since last: 17001985960 ns, Reaching safepoint: 181071 ns, At safepoint: 11990 ns, Total: 193061 ns
[2021-05-06T13:04:03.574+0000][7][safepoint   ] Safepoint "Cleanup", Time since last: 9001116976 ns, Reaching safepoint: 291637 ns, At safepoint: 19042 ns, Total: 310679 ns
[2021-05-06T13:04:05.574+0000][7][safepoint   ] Safepoint "Cleanup", Time since last: 2000240066 ns, Reaching safepoint: 243883 ns, At safepoint: 19818 ns, Total: 263701 ns
[2021-05-06T13:04:34.578+0000][7][safepoint   ] Safepoint "Cleanup", Time since last: 29003476067 ns, Reaching safepoint: 386120 ns, At safepoint: 30015 ns, Total: 416135 ns
[2021-05-06T13:04:35.579+0000][7][safepoint   ] Safepoint "Cleanup", Time since last: 1000389208 ns, Reaching safepoint: 103773 ns, At safepoint: 6422 ns, Total: 110195 ns
[2021-05-06T13:04:37.579+0000][7][safepoint   ] Safepoint "Cleanup", Time since last: 2000213310 ns, Reaching safepoint: 213581 ns, At safepoint: 18595 ns, Total: 232176 ns
[2021-05-06T13:05:00.582+0000][7][safepoint   ] Safepoint "Cleanup", Time since last: 23002822487 ns, Reaching safepoint: 216318 ns, At safepoint: 16926 ns, Total: 233244 ns
[2021-05-06T13:05:02.748+0000][7][gc,start    ] GC(72) Pause Young (Concurrent Start) (G1 Evacuation Pause)
[2021-05-06T13:05:02.748+0000][7][gc,task     ] GC(72) Using 6 workers of 8 for evacuation
[2021-05-06T13:05:02.748+0000][7][gc,age      ] GC(72) Desired survivor size 6291456 bytes, new threshold 15 (max threshold 15)
[2021-05-06T13:05:02.752+0000][7][gc,age      ] GC(72) Age table with threshold 15 (max threshold 15)
[2021-05-06T13:05:02.752+0000][7][gc,age      ] GC(72) - age   1:     517560 bytes,     517560 total
[2021-05-06T13:05:02.752+0000][7][gc,age      ] GC(72) - age   2:       5208 bytes,     522768 total
[2021-05-06T13:05:02.752+0000][7][gc,age      ] GC(72) - age   3:     191600 bytes,     714368 total
[2021-05-06T13:05:02.752+0000][7][gc,age      ] GC(72) - age   4:       1920 bytes,     716288 total
[2021-05-06T13:05:02.752+0000][7][gc,age      ] GC(72) - age   5:       1080 bytes,     717368 total
[2021-05-06T13:05:02.752+0000][7][gc,age      ] GC(72) - age   6:        992 bytes,     718360 total
[2021-05-06T13:05:02.752+0000][7][gc,age      ] GC(72) - age   7:       4952 bytes,     723312 total
[2021-05-06T13:05:02.752+0000][7][gc,age      ] GC(72) - age   8:       4200 bytes,     727512 total
[2021-05-06T13:05:02.752+0000][7][gc,age      ] GC(72) - age   9:       5440 bytes,     732952 total
[2021-05-06T13:05:02.752+0000][7][gc,age      ] GC(72) - age  10:      77016 bytes,     809968 total
[2021-05-06T13:05:02.752+0000][7][gc,age      ] GC(72) - age  11:      12024 bytes,     821992 total
[2021-05-06T13:05:02.752+0000][7][gc,age      ] GC(72) - age  12:     298576 bytes,    1120568 total
[2021-05-06T13:05:02.752+0000][7][gc,age      ] GC(72) - age  13:      19792 bytes,    1140360 total
[2021-05-06T13:05:02.752+0000][7][gc,age      ] GC(72) - age  14:        584 bytes,    1140944 total
[2021-05-06T13:05:02.752+0000][7][gc,age      ] GC(72) - age  15:       5464 bytes,    1146408 total
[2021-05-06T13:05:02.752+0000][7][gc,phases   ] GC(72)   Pre Evacuate Collection Set: 0.2ms
[2021-05-06T13:05:02.752+0000][7][gc,phases   ] GC(72)   Merge Heap Roots: 0.1ms
[2021-05-06T13:05:02.752+0000][7][gc,phases   ] GC(72)   Evacuate Collection Set: 2.3ms
[2021-05-06T13:05:02.752+0000][7][gc,phases   ] GC(72)   Post Evacuate Collection Set: 0.9ms
[2021-05-06T13:05:02.752+0000][7][gc,phases   ] GC(72)   Other: 0.5ms
[2021-05-06T13:05:02.752+0000][7][gc,heap     ] GC(72) Eden regions: 22->0(22)
[2021-05-06T13:05:02.752+0000][7][gc,heap     ] GC(72) Survivor regions: 1->1(3)
[2021-05-06T13:05:02.752+0000][7][gc,heap     ] GC(72) Old regions: 26->26
[2021-05-06T13:05:02.752+0000][7][gc,heap     ] GC(72) Archive regions: 2->2
[2021-05-06T13:05:02.752+0000][7][gc,heap     ] GC(72) Humongous regions: 2->2
[2021-05-06T13:05:02.752+0000][7][gc,metaspace] GC(72) Metaspace: 106855K(111720K)->106855K(111720K) NonClass: 92988K(96488K)->92988K(96488K) Class: 13866K(15232K)->13866K(15232K)
[2021-05-06T13:05:02.752+0000][7][gc          ] GC(72) Pause Young (Concurrent Start) (G1 Evacuation Pause) 202M->114M(256M) 4.129ms
[2021-05-06T13:05:02.752+0000][7][gc,cpu      ] GC(72) User=0.02s Sys=0.00s Real=0.01s
[2021-05-06T13:05:02.752+0000][7][safepoint   ] Safepoint "G1CollectForAllocation", Time since last: 2165777315 ns, Reaching safepoint: 269804 ns, At safepoint: 4258928 ns, Total: 4528732 ns
[2021-05-06T13:05:02.752+0000][7][gc          ] GC(73) Concurrent Cycle
[2021-05-06T13:05:02.753+0000][7][gc,marking  ] GC(73) Concurrent Clear Claimed Marks
[2021-05-06T13:05:02.753+0000][7][gc,marking  ] GC(73) Concurrent Clear Claimed Marks 0.096ms
[2021-05-06T13:05:02.753+0000][7][gc,marking  ] GC(73) Concurrent Scan Root Regions
[2021-05-06T13:05:02.755+0000][7][gc,marking  ] GC(73) Concurrent Scan Root Regions 2.249ms
[2021-05-06T13:05:02.755+0000][7][gc,marking  ] GC(73) Concurrent Mark (3355.067s)
[2021-05-06T13:05:02.755+0000][7][gc,marking  ] GC(73) Concurrent Mark From Roots
[2021-05-06T13:05:02.755+0000][7][gc,task     ] GC(73) Using 2 workers of 2 for marking
[2021-05-06T13:05:02.860+0000][7][gc,marking  ] GC(73) Concurrent Mark From Roots 104.577ms
[2021-05-06T13:05:02.860+0000][7][gc,marking  ] GC(73) Concurrent Preclean
[2021-05-06T13:05:02.860+0000][7][gc,marking  ] GC(73) Concurrent Preclean 0.258ms
[2021-05-06T13:05:02.860+0000][7][gc,marking  ] GC(73) Concurrent Mark (3355.067s, 3355.172s) 104.897ms
[2021-05-06T13:05:02.860+0000][7][gc,start    ] GC(73) Pause Remark
[2021-05-06T13:05:02.865+0000][7][gc          ] GC(73) Pause Remark 114M->114M(256M) 5.171ms
[2021-05-06T13:05:02.865+0000][7][gc,cpu      ] GC(73) User=0.02s Sys=0.02s Real=0.01s
[2021-05-06T13:05:02.865+0000][7][safepoint   ] Safepoint "G1Concurrent", Time since last: 107453643 ns, Reaching safepoint: 108184 ns, At safepoint: 5250149 ns, Total: 5358333 ns
[2021-05-06T13:05:02.865+0000][7][gc,marking  ] GC(73) Concurrent Rebuild Remembered Sets
[2021-05-06T13:05:02.932+0000][7][gc,marking  ] GC(73) Concurrent Rebuild Remembered Sets 66.848ms
[2021-05-06T13:05:02.932+0000][7][gc,start    ] GC(73) Pause Cleanup
[2021-05-06T13:05:02.932+0000][7][gc          ] GC(73) Pause Cleanup 114M->114M(256M) 0.082ms
[2021-05-06T13:05:02.932+0000][7][gc,cpu      ] GC(73) User=0.00s Sys=0.00s Real=0.00s
[2021-05-06T13:05:02.932+0000][7][safepoint   ] Safepoint "G1Concurrent", Time since last: 67001664 ns, Reaching safepoint: 84415 ns, At safepoint: 127052 ns, Total: 211467 ns
[2021-05-06T13:05:02.932+0000][7][gc,marking  ] GC(73) Concurrent Cleanup for Next Mark
[2021-05-06T13:05:02.933+0000][7][gc,marking  ] GC(73) Concurrent Cleanup for Next Mark 0.166ms
[2021-05-06T13:05:02.933+0000][7][gc          ] GC(73) Concurrent Cycle 180.196ms
[2021-05-06T13:05:05.933+0000][7][safepoint   ] Safepoint "Cleanup", Time since last: 3000253090 ns, Reaching safepoint: 139596 ns, At safepoint: 6877 ns, Total: 146473 ns
[2021-05-06T13:05:07.934+0000][7][safepoint   ] Safepoint "Cleanup", Time since last: 2000295106 ns, Reaching safepoint: 329035 ns, At safepoint: 56497 ns, Total: 385532 ns
[2021-05-06T13:05:24.936+0000][7][safepoint   ] Safepoint "Cleanup", Time since last: 17002624018 ns, Reaching safepoint: 218762 ns, At safepoint: 18468 ns, Total: 237230 ns
[2021-05-06T13:05:33.938+0000][7][safepoint   ] Safepoint "Cleanup", Time since last: 9001002109 ns, Reaching safepoint: 375240 ns, At safepoint: 34064 ns, Total: 409304 ns
[2021-05-06T13:05:35.938+0000][7][safepoint   ] Safepoint "Cleanup", Time since last: 2000330439 ns, Reaching safepoint: 170825 ns, At safepoint: 14718 ns, Total: 185543 ns
[2021-05-06T13:05:45.940+0000][7][safepoint   ] Safepoint "Cleanup", Time since last: 10001163720 ns, Reaching safepoint: 231830 ns, At safepoint: 15953 ns, Total: 247783 ns
[2021-05-06T13:06:05.943+0000][7][safepoint   ] Safepoint "Cleanup", Time since last: 20002521451 ns, Reaching safepoint: 364067 ns, At safepoint: 24329 ns, Total: 388396 ns
[2021-05-06T13:06:33.946+0000][7][safepoint   ] Safepoint "Cleanup", Time since last: 28003285411 ns, Reaching safepoint: 297394 ns, At safepoint: 18204 ns, Total: 315598 ns
[2021-05-06T13:06:47.949+0000][7][safepoint   ] Safepoint "Cleanup", Time since last: 14002204416 ns, Reaching safepoint: 240759 ns, At safepoint: 15414 ns, Total: 256173 ns
[2021-05-06T13:07:22.918+0000][7][gc,start    ] GC(74) Pause Young (Normal) (G1 Evacuation Pause)
[2021-05-06T13:07:22.918+0000][7][gc,task     ] GC(74) Using 6 workers of 8 for evacuation
[2021-05-06T13:07:22.919+0000][7][gc,age      ] GC(74) Desired survivor size 6291456 bytes, new threshold 15 (max threshold 15)
[2021-05-06T13:07:22.930+0000][7][gc,age      ] GC(74) Age table with threshold 15 (max threshold 15)
[2021-05-06T13:07:22.930+0000][7][gc,age      ] GC(74) - age   1:     512120 bytes,     512120 total
[2021-05-06T13:07:22.930+0000][7][gc,age      ] GC(74) - age   2:       4784 bytes,     516904 total
[2021-05-06T13:07:22.930+0000][7][gc,age      ] GC(74) - age   3:       2320 bytes,     519224 total
[2021-05-06T13:07:22.930+0000][7][gc,age      ] GC(74) - age   4:     191480 bytes,     710704 total
[2021-05-06T13:07:22.930+0000][7][gc,age      ] GC(74) - age   5:       1920 bytes,     712624 total
[2021-05-06T13:07:22.930+0000][7][gc,age      ] GC(74) - age   6:       1080 bytes,     713704 total
[2021-05-06T13:07:22.930+0000][7][gc,age      ] GC(74) - age   7:        992 bytes,     714696 total
[2021-05-06T13:07:22.930+0000][7][gc,age      ] GC(74) - age   8:       4952 bytes,     719648 total
[2021-05-06T13:07:22.930+0000][7][gc,age      ] GC(74) - age   9:       4200 bytes,     723848 total
[2021-05-06T13:07:22.930+0000][7][gc,age      ] GC(74) - age  10:       5400 bytes,     729248 total
[2021-05-06T13:07:22.930+0000][7][gc,age      ] GC(74) - age  11:      77016 bytes,     806264 total
[2021-05-06T13:07:22.931+0000][7][gc,age      ] GC(74) - age  12:      12024 bytes,     818288 total
[2021-05-06T13:07:22.931+0000][7][gc,age      ] GC(74) - age  13:     298576 bytes,    1116864 total
[2021-05-06T13:07:22.931+0000][7][gc,age      ] GC(74) - age  14:      19792 bytes,    1136656 total
[2021-05-06T13:07:22.931+0000][7][gc,age      ] GC(74) - age  15:        584 bytes,    1137240 total
[2021-05-06T13:07:22.931+0000][7][gc,phases   ] GC(74)   Pre Evacuate Collection Set: 0.3ms
[2021-05-06T13:07:22.931+0000][7][gc,phases   ] GC(74)   Merge Heap Roots: 0.8ms
[2021-05-06T13:07:22.931+0000][7][gc,phases   ] GC(74)   Evacuate Collection Set: 7.2ms
[2021-05-06T13:07:22.931+0000][7][gc,phases   ] GC(74)   Post Evacuate Collection Set: 3.2ms
[2021-05-06T13:07:22.931+0000][7][gc,phases   ] GC(74)   Other: 1.0ms
[2021-05-06T13:07:22.931+0000][7][gc,heap     ] GC(74) Eden regions: 22->0(22)
[2021-05-06T13:07:22.931+0000][7][gc,heap     ] GC(74) Survivor regions: 1->1(3)
[2021-05-06T13:07:22.931+0000][7][gc,heap     ] GC(74) Old regions: 26->26
[2021-05-06T13:07:22.931+0000][7][gc,heap     ] GC(74) Archive regions: 2->2
[2021-05-06T13:07:22.931+0000][7][gc,heap     ] GC(74) Humongous regions: 2->2
[2021-05-06T13:07:22.931+0000][7][gc,metaspace] GC(74) Metaspace: 106885K(111720K)->106885K(111720K) NonClass: 93016K(96488K)->93016K(96488K) Class: 13868K(15232K)->13868K(15232K)
[2021-05-06T13:07:22.931+0000][7][gc          ] GC(74) Pause Young (Normal) (G1 Evacuation Pause) 202M->114M(256M) 12.697ms
[2021-05-06T13:07:22.931+0000][7][gc,cpu      ] GC(74) User=0.03s Sys=0.00s Real=0.01s
[2021-05-06T13:07:22.931+0000][7][safepoint   ] Safepoint "G1CollectForAllocation", Time since last: 34968971869 ns, Reaching safepoint: 568102 ns, At safepoint: 12926496 ns, Total: 13494598 ns
[2021-05-06T13:07:33.933+0000][7][safepoint   ] Safepoint "Cleanup", Time since last: 11001698879 ns, Reaching safepoint: 154522 ns, At safepoint: 9677 ns, Total: 164199 ns
[2021-05-06T13:08:06.937+0000][7][safepoint   ] Safepoint "Cleanup", Time since last: 33004042905 ns, Reaching safepoint: 237674 ns, At safepoint: 18176 ns, Total: 255850 ns
[2021-05-06T13:08:12.939+0000][7][safepoint   ] Safepoint "Cleanup", Time since last: 6000986110 ns, Reaching safepoint: 242824 ns, At safepoint: 10699 ns, Total: 253523 ns
[2021-05-06T13:08:30.941+0000][7][safepoint   ] Safepoint "Cleanup", Time since last: 18002272034 ns, Reaching safepoint: 314931 ns, At safepoint: 25863 ns, Total: 340794 ns
[2021-05-06T13:08:33.942+0000][7][safepoint   ] Safepoint "Cleanup", Time since last: 3000433365 ns, Reaching safepoint: 340585 ns, At safepoint: 23501 ns, Total: 364086 ns
[2021-05-06T13:08:37.943+0000][7][safepoint   ] Safepoint "Cleanup", Time since last: 4000722842 ns, Reaching safepoint: 323782 ns, At safepoint: 26034 ns, Total: 349816 ns
[2021-05-06T13:09:00.947+0000][7][safepoint   ] Safepoint "Cleanup", Time since last: 23003418504 ns, Reaching safepoint: 206409 ns, At safepoint: 12799 ns, Total: 219208 ns
[2021-05-06T13:09:02.948+0000][7][safepoint   ] Safepoint "Cleanup", Time since last: 2000682534 ns, Reaching safepoint: 367997 ns, At safepoint: 29160 ns, Total: 397157 ns
[2021-05-06T13:09:07.949+0000][7][safepoint   ] Safepoint "Cleanup", Time since last: 5000667695 ns, Reaching safepoint: 377928 ns, At safepoint: 31020 ns, Total: 408948 ns
[2021-05-06T13:09:30.900+0000][7][gc,start    ] GC(75) Pause Young (Concurrent Start) (G1 Evacuation Pause)
[2021-05-06T13:09:30.900+0000][7][gc,task     ] GC(75) Using 6 workers of 8 for evacuation
[2021-05-06T13:09:30.900+0000][7][gc,age      ] GC(75) Desired survivor size 6291456 bytes, new threshold 15 (max threshold 15)
[2021-05-06T13:09:30.903+0000][7][gc,age      ] GC(75) Age table with threshold 15 (max threshold 15)
[2021-05-06T13:09:30.903+0000][7][gc,age      ] GC(75) - age   1:     876784 bytes,     876784 total
[2021-05-06T13:09:30.903+0000][7][gc,age      ] GC(75) - age   2:       3712 bytes,     880496 total
[2021-05-06T13:09:30.903+0000][7][gc,age      ] GC(75) - age   3:       4464 bytes,     884960 total
[2021-05-06T13:09:30.903+0000][7][gc,age      ] GC(75) - age   4:       2120 bytes,     887080 total
[2021-05-06T13:09:30.903+0000][7][gc,age      ] GC(75) - age   5:      64424 bytes,     951504 total
[2021-05-06T13:09:30.903+0000][7][gc,age      ] GC(75) - age   6:       1920 bytes,     953424 total
[2021-05-06T13:09:30.903+0000][7][gc,age      ] GC(75) - age   7:        872 bytes,     954296 total
[2021-05-06T13:09:30.903+0000][7][gc,age      ] GC(75) - age   8:        992 bytes,     955288 total
[2021-05-06T13:09:30.903+0000][7][gc,age      ] GC(75) - age   9:       4952 bytes,     960240 total
[2021-05-06T13:09:30.903+0000][7][gc,age      ] GC(75) - age  10:       3640 bytes,     963880 total
[2021-05-06T13:09:30.903+0000][7][gc,age      ] GC(75) - age  11:       5400 bytes,     969280 total
[2021-05-06T13:09:30.903+0000][7][gc,age      ] GC(75) - age  12:      77016 bytes,    1046296 total
[2021-05-06T13:09:30.903+0000][7][gc,age      ] GC(75) - age  13:      12024 bytes,    1058320 total
[2021-05-06T13:09:30.903+0000][7][gc,age      ] GC(75) - age  14:     298304 bytes,    1356624 total
[2021-05-06T13:09:30.903+0000][7][gc,age      ] GC(75) - age  15:      19792 bytes,    1376416 total
[2021-05-06T13:09:30.903+0000][7][gc,phases   ] GC(75)   Pre Evacuate Collection Set: 0.2ms
[2021-05-06T13:09:30.903+0000][7][gc,phases   ] GC(75)   Merge Heap Roots: 0.1ms
[2021-05-06T13:09:30.903+0000][7][gc,phases   ] GC(75)   Evacuate Collection Set: 2.0ms
[2021-05-06T13:09:30.903+0000][7][gc,phases   ] GC(75)   Post Evacuate Collection Set: 0.6ms
[2021-05-06T13:09:30.903+0000][7][gc,phases   ] GC(75)   Other: 0.4ms
[2021-05-06T13:09:30.903+0000][7][gc,heap     ] GC(75) Eden regions: 22->0(22)
[2021-05-06T13:09:30.903+0000][7][gc,heap     ] GC(75) Survivor regions: 1->1(3)
[2021-05-06T13:09:30.903+0000][7][gc,heap     ] GC(75) Old regions: 26->26
[2021-05-06T13:09:30.903+0000][7][gc,heap     ] GC(75) Archive regions: 2->2
[2021-05-06T13:09:30.903+0000][7][gc,heap     ] GC(75) Humongous regions: 2->2
[2021-05-06T13:09:30.903+0000][7][gc,metaspace] GC(75) Metaspace: 106918K(111720K)->106918K(111720K) NonClass: 93049K(96488K)->93049K(96488K) Class: 13869K(15232K)->13869K(15232K)
[2021-05-06T13:09:30.903+0000][7][gc          ] GC(75) Pause Young (Concurrent Start) (G1 Evacuation Pause) 202M->114M(256M) 3.349ms
[2021-05-06T13:09:30.903+0000][7][gc,cpu      ] GC(75) User=0.01s Sys=0.00s Real=0.00s
[2021-05-06T13:09:30.903+0000][7][gc          ] GC(76) Concurrent Cycle
[2021-05-06T13:09:30.903+0000][7][safepoint   ] Safepoint "G1CollectForAllocation", Time since last: 22950577676 ns, Reaching safepoint: 224153 ns, At safepoint: 3442826 ns, Total: 3666979 ns
[2021-05-06T13:09:30.903+0000][7][gc,marking  ] GC(76) Concurrent Clear Claimed Marks
[2021-05-06T13:09:30.903+0000][7][gc,marking  ] GC(76) Concurrent Clear Claimed Marks 0.122ms
[2021-05-06T13:09:30.903+0000][7][gc,marking  ] GC(76) Concurrent Scan Root Regions
[2021-05-06T13:09:30.907+0000][7][gc,marking  ] GC(76) Concurrent Scan Root Regions 3.799ms
[2021-05-06T13:09:30.907+0000][7][gc,marking  ] GC(76) Concurrent Mark (3623.219s)
[2021-05-06T13:09:30.907+0000][7][gc,marking  ] GC(76) Concurrent Mark From Roots
[2021-05-06T13:09:30.907+0000][7][gc,task     ] GC(76) Using 2 workers of 2 for marking
[2021-05-06T13:09:31.028+0000][7][gc,marking  ] GC(76) Concurrent Mark From Roots 121.171ms
[2021-05-06T13:09:31.028+0000][7][gc,marking  ] GC(76) Concurrent Preclean
[2021-05-06T13:09:31.029+0000][7][gc,marking  ] GC(76) Concurrent Preclean 0.415ms
[2021-05-06T13:09:31.029+0000][7][gc,marking  ] GC(76) Concurrent Mark (3623.219s, 3623.341s) 121.674ms
[2021-05-06T13:09:31.029+0000][7][gc,start    ] GC(76) Pause Remark
[2021-05-06T13:09:31.035+0000][7][gc          ] GC(76) Pause Remark 126M->126M(256M) 5.816ms
[2021-05-06T13:09:31.035+0000][7][gc,cpu      ] GC(76) User=0.03s Sys=0.00s Real=0.01s
[2021-05-06T13:09:31.035+0000][7][safepoint   ] Safepoint "G1Concurrent", Time since last: 125712591 ns, Reaching safepoint: 119442 ns, At safepoint: 5895326 ns, Total: 6014768 ns
[2021-05-06T13:09:31.035+0000][7][gc,marking  ] GC(76) Concurrent Rebuild Remembered Sets
[2021-05-06T13:09:31.100+0000][7][gc,marking  ] GC(76) Concurrent Rebuild Remembered Sets 64.774ms
[2021-05-06T13:09:31.100+0000][7][gc,start    ] GC(76) Pause Cleanup
[2021-05-06T13:09:31.100+0000][7][gc          ] GC(76) Pause Cleanup 127M->127M(256M) 0.075ms
[2021-05-06T13:09:31.100+0000][7][gc,cpu      ] GC(76) User=0.00s Sys=0.00s Real=0.00s
[2021-05-06T13:09:31.100+0000][7][safepoint   ] Safepoint "G1Concurrent", Time since last: 64903621 ns, Reaching safepoint: 127866 ns, At safepoint: 119036 ns, Total: 246902 ns
[2021-05-06T13:09:31.100+0000][7][gc,marking  ] GC(76) Concurrent Cleanup for Next Mark
[2021-05-06T13:09:31.100+0000][7][gc,marking  ] GC(76) Concurrent Cleanup for Next Mark 0.177ms
[2021-05-06T13:09:31.100+0000][7][gc          ] GC(76) Concurrent Cycle 197.100ms
[2021-05-06T13:09:34.101+0000][7][safepoint   ] Safepoint "Cleanup", Time since last: 3000382518 ns, Reaching safepoint: 301841 ns, At safepoint: 27353 ns, Total: 329194 ns
[2021-05-06T13:09:38.102+0000][7][safepoint   ] Safepoint "Cleanup", Time since last: 4000600739 ns, Reaching safepoint: 694948 ns, At safepoint: 37847 ns, Total: 732795 ns
[2021-05-06T13:10:01.106+0000][7][safepoint   ] Safepoint "Cleanup", Time since last: 23003354815 ns, Reaching safepoint: 306742 ns, At safepoint: 15891 ns, Total: 322633 ns
[2021-05-06T13:10:02.106+0000][7][safepoint   ] Safepoint "Cleanup", Time since last: 1000241265 ns, Reaching safepoint: 273786 ns, At safepoint: 23841 ns, Total: 297627 ns
[2021-05-06T13:10:03.107+0000][7][safepoint   ] Safepoint "Cleanup", Time since last: 1000162873 ns, Reaching safepoint: 249770 ns, At safepoint: 23210 ns, Total: 272980 ns
[2021-05-06T13:10:08.108+0000][7][safepoint   ] Safepoint "Cleanup", Time since last: 5000777852 ns, Reaching safepoint: 354156 ns, At safepoint: 27234 ns, Total: 381390 ns
[2021-05-06T13:10:25.111+0000][7][safepoint   ] Safepoint "Cleanup", Time since last: 17002219542 ns, Reaching safepoint: 417349 ns, At safepoint: 38699 ns, Total: 456048 ns
[2021-05-06T13:11:01.115+0000][7][safepoint   ] Safepoint "Cleanup", Time since last: 36004356207 ns, Reaching safepoint: 301498 ns, At safepoint: 15315 ns, Total: 316813 ns
[2021-05-06T13:11:06.116+0000][7][safepoint   ] Safepoint "Cleanup", Time since last: 5000718251 ns, Reaching safepoint: 222849 ns, At safepoint: 15589 ns, Total: 238438 ns
[2021-05-06T13:11:22.845+0000][7][gc,start    ] GC(77) Pause Young (Normal) (G1 Evacuation Pause)
[2021-05-06T13:11:22.845+0000][7][gc,task     ] GC(77) Using 6 workers of 8 for evacuation
[2021-05-06T13:11:22.845+0000][7][gc,age      ] GC(77) Desired survivor size 6291456 bytes, new threshold 15 (max threshold 15)
[2021-05-06T13:11:22.848+0000][7][gc,age      ] GC(77) Age table with threshold 15 (max threshold 15)
[2021-05-06T13:11:22.848+0000][7][gc,age      ] GC(77) - age   1:     584080 bytes,     584080 total
[2021-05-06T13:11:22.848+0000][7][gc,age      ] GC(77) - age   2:     212624 bytes,     796704 total
[2021-05-06T13:11:22.848+0000][7][gc,age      ] GC(77) - age   3:       3592 bytes,     800296 total
[2021-05-06T13:11:22.848+0000][7][gc,age      ] GC(77) - age   4:       4296 bytes,     804592 total
[2021-05-06T13:11:22.848+0000][7][gc,age      ] GC(77) - age   5:       2120 bytes,     806712 total
[2021-05-06T13:11:22.848+0000][7][gc,age      ] GC(77) - age   6:      14064 bytes,     820776 total
[2021-05-06T13:11:22.848+0000][7][gc,age      ] GC(77) - age   7:       1920 bytes,     822696 total
[2021-05-06T13:11:22.848+0000][7][gc,age      ] GC(77) - age   8:        816 bytes,     823512 total
[2021-05-06T13:11:22.848+0000][7][gc,age      ] GC(77) - age   9:        992 bytes,     824504 total
[2021-05-06T13:11:22.848+0000][7][gc,age      ] GC(77) - age  10:       4952 bytes,     829456 total
[2021-05-06T13:11:22.848+0000][7][gc,age      ] GC(77) - age  11:       2984 bytes,     832440 total
[2021-05-06T13:11:22.848+0000][7][gc,age      ] GC(77) - age  12:       5400 bytes,     837840 total
[2021-05-06T13:11:22.848+0000][7][gc,age      ] GC(77) - age  13:      77016 bytes,     914856 total
[2021-05-06T13:11:22.848+0000][7][gc,age      ] GC(77) - age  14:      12000 bytes,     926856 total
[2021-05-06T13:11:22.848+0000][7][gc,age      ] GC(77) - age  15:     298304 bytes,    1225160 total
[2021-05-06T13:11:22.848+0000][7][gc,phases   ] GC(77)   Pre Evacuate Collection Set: 0.1ms
[2021-05-06T13:11:22.848+0000][7][gc,phases   ] GC(77)   Merge Heap Roots: 0.1ms
[2021-05-06T13:11:22.848+0000][7][gc,phases   ] GC(77)   Evacuate Collection Set: 2.1ms
[2021-05-06T13:11:22.848+0000][7][gc,phases   ] GC(77)   Post Evacuate Collection Set: 0.6ms
[2021-05-06T13:11:22.848+0000][7][gc,phases   ] GC(77)   Other: 0.4ms
[2021-05-06T13:11:22.848+0000][7][gc,heap     ] GC(77) Eden regions: 22->0(22)
[2021-05-06T13:11:22.848+0000][7][gc,heap     ] GC(77) Survivor regions: 1->1(3)
[2021-05-06T13:11:22.848+0000][7][gc,heap     ] GC(77) Old regions: 26->26
[2021-05-06T13:11:22.848+0000][7][gc,heap     ] GC(77) Archive regions: 2->2
[2021-05-06T13:11:22.848+0000][7][gc,heap     ] GC(77) Humongous regions: 2->2
[2021-05-06T13:11:22.848+0000][7][gc,metaspace] GC(77) Metaspace: 106952K(111720K)->106952K(111720K) NonClass: 93083K(96488K)->93083K(96488K) Class: 13869K(15232K)->13869K(15232K)
[2021-05-06T13:11:22.848+0000][7][gc          ] GC(77) Pause Young (Normal) (G1 Evacuation Pause) 202M->114M(256M) 3.301ms
[2021-05-06T13:11:22.848+0000][7][gc,cpu      ] GC(77) User=0.02s Sys=0.00s Real=0.00s
[2021-05-06T13:11:22.848+0000][7][safepoint   ] Safepoint "G1CollectForAllocation", Time since last: 16728324737 ns, Reaching safepoint: 144961 ns, At safepoint: 3409204 ns, Total: 3554165 ns
[2021-05-06T13:11:33.850+0000][7][safepoint   ] Safepoint "Cleanup", Time since last: 11001176952 ns, Reaching safepoint: 342237 ns, At safepoint: 24148 ns, Total: 366385 ns
[2021-05-06T13:11:35.850+0000][7][safepoint   ] Safepoint "Cleanup", Time since last: 2000411212 ns, Reaching safepoint: 348844 ns, At safepoint: 29140 ns, Total: 377984 ns
[2021-05-06T13:11:36.851+0000][7][safepoint   ] Safepoint "Cleanup", Time since last: 1000239517 ns, Reaching safepoint: 332945 ns, At safepoint: 23185 ns, Total: 356130 ns
[2021-05-06T13:11:37.852+0000][7][safepoint   ] Safepoint "Cleanup", Time since last: 1000247736 ns, Reaching safepoint: 308760 ns, At safepoint: 32601 ns, Total: 341361 ns
[2021-05-06T13:11:38.852+0000][7][safepoint   ] Safepoint "Cleanup", Time since last: 1000489400 ns, Reaching safepoint: 329780 ns, At safepoint: 27097 ns, Total: 356877 ns
[2021-05-06T13:11:45.854+0000][7][safepoint   ] Safepoint "Cleanup", Time since last: 7000903004 ns, Reaching safepoint: 350126 ns, At safepoint: 31431 ns, Total: 381557 ns
[2021-05-06T13:11:54.855+0000][7][safepoint   ] Safepoint "Cleanup", Time since last: 9001151876 ns, Reaching safepoint: 159729 ns, At safepoint: 9861 ns, Total: 169590 ns
[2021-05-06T13:11:55.855+0000][7][safepoint   ] Safepoint "Cleanup", Time since last: 1000134065 ns, Reaching safepoint: 196378 ns, At safepoint: 12250 ns, Total: 208628 ns
[2021-05-06T13:12:00.856+0000][7][safepoint   ] Safepoint "Cleanup", Time since last: 5000626617 ns, Reaching safepoint: 328308 ns, At safepoint: 22861 ns, Total: 351169 ns
[2021-05-06T13:12:33.860+0000][7][safepoint   ] Safepoint "Cleanup", Time since last: 33003698911 ns, Reaching safepoint: 428561 ns, At safepoint: 29772 ns, Total: 458333 ns
[2021-05-06T13:12:54.864+0000][7][safepoint   ] Safepoint "Cleanup", Time since last: 21003004500 ns, Reaching safepoint: 347482 ns, At safepoint: 17928 ns, Total: 365410 ns
[2021-05-06T13:13:07.866+0000][7][safepoint   ] Safepoint "Cleanup", Time since last: 13002035270 ns, Reaching safepoint: 346633 ns, At safepoint: 24054 ns, Total: 370687 ns
[2021-05-06T13:13:15.868+0000][7][safepoint   ] Safepoint "Cleanup", Time since last: 8001341838 ns, Reaching safepoint: 197378 ns, At safepoint: 15350 ns, Total: 212728 ns
[2021-05-06T13:13:24.869+0000][7][safepoint   ] Safepoint "Cleanup", Time since last: 9001206328 ns, Reaching safepoint: 333336 ns, At safepoint: 24848 ns, Total: 358184 ns
[2021-05-06T13:13:33.871+0000][7][safepoint   ] Safepoint "Cleanup", Time since last: 9001084538 ns, Reaching safepoint: 214927 ns, At safepoint: 16566 ns, Total: 231493 ns
[2021-05-06T13:13:37.182+0000][7][gc,start    ] GC(78) Pause Young (Concurrent Start) (G1 Evacuation Pause)
[2021-05-06T13:13:37.182+0000][7][gc,task     ] GC(78) Using 6 workers of 8 for evacuation
[2021-05-06T13:13:37.182+0000][7][gc,age      ] GC(78) Desired survivor size 6291456 bytes, new threshold 15 (max threshold 15)
[2021-05-06T13:13:37.185+0000][7][gc,age      ] GC(78) Age table with threshold 15 (max threshold 15)
[2021-05-06T13:13:37.185+0000][7][gc,age      ] GC(78) - age   1:     561000 bytes,     561000 total
[2021-05-06T13:13:37.185+0000][7][gc,age      ] GC(78) - age   2:      72816 bytes,     633816 total
[2021-05-06T13:13:37.185+0000][7][gc,age      ] GC(78) - age   3:     178496 bytes,     812312 total
[2021-05-06T13:13:37.185+0000][7][gc,age      ] GC(78) - age   4:       3592 bytes,     815904 total
[2021-05-06T13:13:37.185+0000][7][gc,age      ] GC(78) - age   5:       4296 bytes,     820200 total
[2021-05-06T13:13:37.185+0000][7][gc,age      ] GC(78) - age   6:       2120 bytes,     822320 total
[2021-05-06T13:13:37.185+0000][7][gc,age      ] GC(78) - age   7:      13864 bytes,     836184 total
[2021-05-06T13:13:37.185+0000][7][gc,age      ] GC(78) - age   8:       1880 bytes,     838064 total
[2021-05-06T13:13:37.185+0000][7][gc,age      ] GC(78) - age   9:        816 bytes,     838880 total
[2021-05-06T13:13:37.185+0000][7][gc,age      ] GC(78) - age  10:        992 bytes,     839872 total
[2021-05-06T13:13:37.185+0000][7][gc,age      ] GC(78) - age  11:       4952 bytes,     844824 total
[2021-05-06T13:13:37.185+0000][7][gc,age      ] GC(78) - age  12:       2984 bytes,     847808 total
[2021-05-06T13:13:37.185+0000][7][gc,age      ] GC(78) - age  13:       5400 bytes,     853208 total
[2021-05-06T13:13:37.185+0000][7][gc,age      ] GC(78) - age  14:      77016 bytes,     930224 total
[2021-05-06T13:13:37.185+0000][7][gc,age      ] GC(78) - age  15:      12000 bytes,     942224 total
[2021-05-06T13:13:37.185+0000][7][gc,phases   ] GC(78)   Pre Evacuate Collection Set: 0.2ms
[2021-05-06T13:13:37.185+0000][7][gc,phases   ] GC(78)   Merge Heap Roots: 0.1ms
[2021-05-06T13:13:37.185+0000][7][gc,phases   ] GC(78)   Evacuate Collection Set: 2.3ms
[2021-05-06T13:13:37.185+0000][7][gc,phases   ] GC(78)   Post Evacuate Collection Set: 0.6ms
[2021-05-06T13:13:37.185+0000][7][gc,phases   ] GC(78)   Other: 0.4ms
[2021-05-06T13:13:37.185+0000][7][gc,heap     ] GC(78) Eden regions: 22->0(22)
[2021-05-06T13:13:37.185+0000][7][gc,heap     ] GC(78) Survivor regions: 1->1(3)
[2021-05-06T13:13:37.185+0000][7][gc,heap     ] GC(78) Old regions: 26->26
[2021-05-06T13:13:37.185+0000][7][gc,heap     ] GC(78) Archive regions: 2->2
[2021-05-06T13:13:37.185+0000][7][gc,heap     ] GC(78) Humongous regions: 2->2
[2021-05-06T13:13:37.185+0000][7][gc,metaspace] GC(78) Metaspace: 107082K(111976K)->107082K(111976K) NonClass: 93213K(96744K)->93213K(96744K) Class: 13869K(15232K)->13869K(15232K)
[2021-05-06T13:13:37.185+0000][7][gc          ] GC(78) Pause Young (Concurrent Start) (G1 Evacuation Pause) 202M->114M(256M) 3.666ms
[2021-05-06T13:13:37.185+0000][7][gc,cpu      ] GC(78) User=0.01s Sys=0.00s Real=0.01s
[2021-05-06T13:13:37.185+0000][7][gc          ] GC(79) Concurrent Cycle
[2021-05-06T13:13:37.185+0000][7][safepoint   ] Safepoint "G1CollectForAllocation", Time since last: 3310606460 ns, Reaching safepoint: 259569 ns, At safepoint: 3789166 ns, Total: 4048735 ns
[2021-05-06T13:13:37.185+0000][7][gc,marking  ] GC(79) Concurrent Clear Claimed Marks
[2021-05-06T13:13:37.186+0000][7][gc,marking  ] GC(79) Concurrent Clear Claimed Marks 0.149ms
[2021-05-06T13:13:37.186+0000][7][gc,marking  ] GC(79) Concurrent Scan Root Regions
[2021-05-06T13:13:37.187+0000][7][gc,marking  ] GC(79) Concurrent Scan Root Regions 1.719ms
[2021-05-06T13:13:37.187+0000][7][gc,marking  ] GC(79) Concurrent Mark (3869.500s)
[2021-05-06T13:13:37.187+0000][7][gc,marking  ] GC(79) Concurrent Mark From Roots
[2021-05-06T13:13:37.187+0000][7][gc,task     ] GC(79) Using 2 workers of 2 for marking
[2021-05-06T13:13:37.292+0000][7][gc,marking  ] GC(79) Concurrent Mark From Roots 105.076ms
[2021-05-06T13:13:37.292+0000][7][gc,marking  ] GC(79) Concurrent Preclean
[2021-05-06T13:13:37.293+0000][7][gc,marking  ] GC(79) Concurrent Preclean 0.266ms
[2021-05-06T13:13:37.293+0000][7][gc,marking  ] GC(79) Concurrent Mark (3869.500s, 3869.605s) 105.397ms
[2021-05-06T13:13:37.293+0000][7][gc,start    ] GC(79) Pause Remark
[2021-05-06T13:13:37.299+0000][7][gc          ] GC(79) Pause Remark 116M->116M(256M) 5.789ms
[2021-05-06T13:13:37.299+0000][7][gc,cpu      ] GC(79) User=0.03s Sys=0.00s Real=0.00s
[2021-05-06T13:13:37.299+0000][7][safepoint   ] Safepoint "G1Concurrent", Time since last: 107393412 ns, Reaching safepoint: 139343 ns, At safepoint: 5872001 ns, Total: 6011344 ns
[2021-05-06T13:13:37.299+0000][7][gc,marking  ] GC(79) Concurrent Rebuild Remembered Sets
[2021-05-06T13:13:37.364+0000][7][gc,marking  ] GC(79) Concurrent Rebuild Remembered Sets 65.421ms
[2021-05-06T13:13:37.364+0000][7][gc,start    ] GC(79) Pause Cleanup
[2021-05-06T13:13:37.364+0000][7][gc          ] GC(79) Pause Cleanup 116M->116M(256M) 0.083ms
[2021-05-06T13:13:37.365+0000][7][gc,cpu      ] GC(79) User=0.00s Sys=0.00s Real=0.00s
[2021-05-06T13:13:37.365+0000][7][safepoint   ] Safepoint "G1Concurrent", Time since last: 65538694 ns, Reaching safepoint: 130146 ns, At safepoint: 128312 ns, Total: 258458 ns
[2021-05-06T13:13:37.365+0000][7][gc,marking  ] GC(79) Concurrent Cleanup for Next Mark
[2021-05-06T13:13:37.365+0000][7][gc,marking  ] GC(79) Concurrent Cleanup for Next Mark 0.180ms
[2021-05-06T13:13:37.365+0000][7][gc          ] GC(79) Concurrent Cycle 179.438ms
[2021-05-06T13:14:00.368+0000][7][safepoint   ] Safepoint "Cleanup", Time since last: 23002715555 ns, Reaching safepoint: 445730 ns, At safepoint: 31657 ns, Total: 477387 ns
[2021-05-06T13:14:05.369+0000][7][safepoint   ] Safepoint "Cleanup", Time since last: 5000719599 ns, Reaching safepoint: 452096 ns, At safepoint: 32991 ns, Total: 485087 ns
[2021-05-06T13:14:23.371+0000][7][safepoint   ] Safepoint "Cleanup", Time since last: 18002039525 ns, Reaching safepoint: 302163 ns, At safepoint: 21307 ns, Total: 323470 ns
[2021-05-06T13:14:25.372+0000][7][safepoint   ] Safepoint "Cleanup", Time since last: 2000569939 ns, Reaching safepoint: 426718 ns, At safepoint: 27876 ns, Total: 454594 ns
[2021-05-06T13:14:33.374+0000][7][safepoint   ] Safepoint "Cleanup", Time since last: 8001060679 ns, Reaching safepoint: 295585 ns, At safepoint: 20565 ns, Total: 316150 ns
[2021-05-06T13:14:34.374+0000][7][safepoint   ] Safepoint "Cleanup", Time since last: 1000151989 ns, Reaching safepoint: 130421 ns, At safepoint: 8202 ns, Total: 138623 ns
[2021-05-06T13:14:35.374+0000][7][safepoint   ] Safepoint "Cleanup", Time since last: 1000132398 ns, Reaching safepoint: 344993 ns, At safepoint: 27905 ns, Total: 372898 ns
[2021-05-06T13:14:37.375+0000][7][safepoint   ] Safepoint "Cleanup", Time since last: 2000342507 ns, Reaching safepoint: 137186 ns, At safepoint: 13124 ns, Total: 150310 ns
[2021-05-06T13:14:39.376+0000][7][safepoint   ] Safepoint "Cleanup", Time since last: 2000401236 ns, Reaching safepoint: 285574 ns, At safepoint: 28927 ns, Total: 314501 ns
[2021-05-06T13:15:03.380+0000][7][safepoint   ] Safepoint "Cleanup", Time since last: 24002813673 ns, Reaching safepoint: 1647286 ns, At safepoint: 30613 ns, Total: 1677899 ns
[2021-05-06T13:15:07.381+0000][7][safepoint   ] Safepoint "Cleanup", Time since last: 4000435803 ns, Reaching safepoint: 202047 ns, At safepoint: 6741 ns, Total: 208788 ns
[2021-05-06T13:15:18.382+0000][7][safepoint   ] Safepoint "Cleanup", Time since last: 11001404113 ns, Reaching safepoint: 179590 ns, At safepoint: 13102 ns, Total: 192692 ns
[2021-05-06T13:15:37.385+0000][7][safepoint   ] Safepoint "Cleanup", Time since last: 19002231108 ns, Reaching safepoint: 288821 ns, At safepoint: 31329 ns, Total: 320150 ns
[2021-05-06T13:15:48.644+0000][7][gc,start    ] GC(80) Pause Young (Normal) (G1 Evacuation Pause)
[2021-05-06T13:15:48.644+0000][7][gc,task     ] GC(80) Using 6 workers of 8 for evacuation
[2021-05-06T13:15:48.644+0000][7][gc,age      ] GC(80) Desired survivor size 6291456 bytes, new threshold 15 (max threshold 15)
[2021-05-06T13:15:48.651+0000][7][gc,age      ] GC(80) Age table with threshold 15 (max threshold 15)
[2021-05-06T13:15:48.652+0000][7][gc,age      ] GC(80) - age   1:     518104 bytes,     518104 total
[2021-05-06T13:15:48.652+0000][7][gc,age      ] GC(80) - age   2:       4952 bytes,     523056 total
[2021-05-06T13:15:48.652+0000][7][gc,age      ] GC(80) - age   3:      72232 bytes,     595288 total
[2021-05-06T13:15:48.652+0000][7][gc,age      ] GC(80) - age   4:      88880 bytes,     684168 total
[2021-05-06T13:15:48.652+0000][7][gc,age      ] GC(80) - age   5:       3592 bytes,     687760 total
[2021-05-06T13:15:48.652+0000][7][gc,age      ] GC(80) - age   6:       4296 bytes,     692056 total
[2021-05-06T13:15:48.652+0000][7][gc,age      ] GC(80) - age   7:       2120 bytes,     694176 total
[2021-05-06T13:15:48.652+0000][7][gc,age      ] GC(80) - age   8:      13448 bytes,     707624 total
[2021-05-06T13:15:48.652+0000][7][gc,age      ] GC(80) - age   9:       1840 bytes,     709464 total
[2021-05-06T13:15:48.652+0000][7][gc,age      ] GC(80) - age  10:        816 bytes,     710280 total
[2021-05-06T13:15:48.652+0000][7][gc,age      ] GC(80) - age  11:        992 bytes,     711272 total
[2021-05-06T13:15:48.652+0000][7][gc,age      ] GC(80) - age  12:       4952 bytes,     716224 total
[2021-05-06T13:15:48.652+0000][7][gc,age      ] GC(80) - age  13:       2984 bytes,     719208 total
[2021-05-06T13:15:48.652+0000][7][gc,age      ] GC(80) - age  14:       5360 bytes,     724568 total
[2021-05-06T13:15:48.652+0000][7][gc,age      ] GC(80) - age  15:      77016 bytes,     801584 total
[2021-05-06T13:15:48.652+0000][7][gc,phases   ] GC(80)   Pre Evacuate Collection Set: 0.2ms
[2021-05-06T13:15:48.652+0000][7][gc,phases   ] GC(80)   Merge Heap Roots: 0.3ms
[2021-05-06T13:15:48.652+0000][7][gc,phases   ] GC(80)   Evacuate Collection Set: 4.9ms
[2021-05-06T13:15:48.652+0000][7][gc,phases   ] GC(80)   Post Evacuate Collection Set: 2.1ms
[2021-05-06T13:15:48.652+0000][7][gc,phases   ] GC(80)   Other: 0.8ms
[2021-05-06T13:15:48.652+0000][7][gc,heap     ] GC(80) Eden regions: 22->0(22)
[2021-05-06T13:15:48.652+0000][7][gc,heap     ] GC(80) Survivor regions: 1->1(3)
[2021-05-06T13:15:48.652+0000][7][gc,heap     ] GC(80) Old regions: 26->26
[2021-05-06T13:15:48.652+0000][7][gc,heap     ] GC(80) Archive regions: 2->2
[2021-05-06T13:15:48.652+0000][7][gc,heap     ] GC(80) Humongous regions: 2->2
[2021-05-06T13:15:48.652+0000][7][gc,metaspace] GC(80) Metaspace: 107242K(111976K)->107242K(111976K) NonClass: 93372K(96744K)->93372K(96744K) Class: 13869K(15232K)->13869K(15232K)
[2021-05-06T13:15:48.652+0000][7][gc          ] GC(80) Pause Young (Normal) (G1 Evacuation Pause) 202M->114M(256M) 8.585ms
[2021-05-06T13:15:48.652+0000][7][gc,cpu      ] GC(80) User=0.03s Sys=0.00s Real=0.02s
[2021-05-06T13:15:48.652+0000][7][safepoint   ] Safepoint "G1CollectForAllocation", Time since last: 11258321665 ns, Reaching safepoint: 370286 ns, At safepoint: 8820941 ns, Total: 9191227 ns
[2021-05-06T13:16:05.655+0000][7][safepoint   ] Safepoint "Cleanup", Time since last: 17002060877 ns, Reaching safepoint: 310129 ns, At safepoint: 21252 ns, Total: 331381 ns
[2021-05-06T13:16:07.656+0000][7][safepoint   ] Safepoint "Cleanup", Time since last: 2000663608 ns, Reaching safepoint: 318557 ns, At safepoint: 35130 ns, Total: 353687 ns
[2021-05-06T13:16:08.657+0000][7][safepoint   ] Safepoint "Cleanup", Time since last: 1000498964 ns, Reaching safepoint: 284613 ns, At safepoint: 23021 ns, Total: 307634 ns
[2021-05-06T13:16:09.657+0000][7][safepoint   ] Safepoint "Cleanup", Time since last: 1000163846 ns, Reaching safepoint: 152758 ns, At safepoint: 9894 ns, Total: 162652 ns
[2021-05-06T13:16:11.394+0000][7][safepoint   ] Safepoint "Cleanup", Time since last: 1736985676 ns, Reaching safepoint: 165247 ns, At safepoint: 11914 ns, Total: 177161 ns
[2021-05-06T13:16:12.395+0000][7][safepoint   ] Safepoint "Cleanup", Time since last: 1000222724 ns, Reaching safepoint: 284036 ns, At safepoint: 28297 ns, Total: 312333 ns
[2021-05-06T13:16:15.396+0000][7][safepoint   ] Safepoint "Cleanup", Time since last: 3000439773 ns, Reaching safepoint: 433436 ns, At safepoint: 30797 ns, Total: 464233 ns
[2021-05-06T13:16:25.398+0000][7][safepoint   ] Safepoint "Cleanup", Time since last: 10001383669 ns, Reaching safepoint: 449754 ns, At safepoint: 29678 ns, Total: 479432 ns
[2021-05-06T13:16:33.399+0000][7][safepoint   ] Safepoint "Cleanup", Time since last: 8001115205 ns, Reaching safepoint: 242096 ns, At safepoint: 18060 ns, Total: 260156 ns
[2021-05-06T13:16:35.400+0000][7][safepoint   ] Safepoint "Cleanup", Time since last: 2000244342 ns, Reaching safepoint: 409026 ns, At safepoint: 32515 ns, Total: 441541 ns
[2021-05-06T13:16:37.400+0000][7][safepoint   ] Safepoint "Cleanup", Time since last: 2000291241 ns, Reaching safepoint: 192644 ns, At safepoint: 10689 ns, Total: 203333 ns
[2021-05-06T13:16:50.402+0000][7][safepoint   ] Safepoint "Cleanup", Time since last: 13001995589 ns, Reaching safepoint: 392283 ns, At safepoint: 27112 ns, Total: 419395 ns
[2021-05-06T13:16:51.403+0000][7][safepoint   ] Safepoint "Cleanup", Time since last: 1000205225 ns, Reaching safepoint: 281462 ns, At safepoint: 25535 ns, Total: 306997 ns
[2021-05-06T13:16:53.404+0000][7][safepoint   ] Safepoint "Cleanup", Time since last: 2000365777 ns, Reaching safepoint: 413117 ns, At safepoint: 34561 ns, Total: 447678 ns
[2021-05-06T13:16:54.404+0000][7][safepoint   ] Safepoint "Cleanup", Time since last: 1000178432 ns, Reaching safepoint: 93480 ns, At safepoint: 7043 ns, Total: 100523 ns
[2021-05-06T13:17:09.406+0000][7][safepoint   ] Safepoint "Cleanup", Time since last: 15001769759 ns, Reaching safepoint: 348663 ns, At safepoint: 34036 ns, Total: 382699 ns
[2021-05-06T13:17:15.408+0000][7][safepoint   ] Safepoint "Cleanup", Time since last: 6001196629 ns, Reaching safepoint: 176864 ns, At safepoint: 11715 ns, Total: 188579 ns
[2021-05-06T13:17:33.410+0000][7][safepoint   ] Safepoint "Cleanup", Time since last: 18002105807 ns, Reaching safepoint: 119906 ns, At safepoint: 6967 ns, Total: 126873 ns
[2021-05-06T13:17:37.411+0000][7][safepoint   ] Safepoint "Cleanup", Time since last: 4000569473 ns, Reaching safepoint: 254785 ns, At safepoint: 15551 ns, Total: 270336 ns
[2021-05-06T13:17:55.413+0000][7][safepoint   ] Safepoint "Cleanup", Time since last: 18002297434 ns, Reaching safepoint: 192842 ns, At safepoint: 13864 ns, Total: 206706 ns
[2021-05-06T13:18:07.241+0000][7][gc,start    ] GC(81) Pause Young (Concurrent Start) (G1 Evacuation Pause)
[2021-05-06T13:18:07.241+0000][7][gc,task     ] GC(81) Using 6 workers of 8 for evacuation
[2021-05-06T13:18:07.241+0000][7][gc,age      ] GC(81) Desired survivor size 6291456 bytes, new threshold 15 (max threshold 15)
[2021-05-06T13:18:07.245+0000][7][gc,age      ] GC(81) Age table with threshold 15 (max threshold 15)
[2021-05-06T13:18:07.245+0000][7][gc,age      ] GC(81) - age   1:     598736 bytes,     598736 total
[2021-05-06T13:18:07.245+0000][7][gc,age      ] GC(81) - age   2:       3416 bytes,     602152 total
[2021-05-06T13:18:07.245+0000][7][gc,age      ] GC(81) - age   3:       4504 bytes,     606656 total
[2021-05-06T13:18:07.245+0000][7][gc,age      ] GC(81) - age   4:      72232 bytes,     678888 total
[2021-05-06T13:18:07.245+0000][7][gc,age      ] GC(81) - age   5:      88760 bytes,     767648 total
[2021-05-06T13:18:07.245+0000][7][gc,age      ] GC(81) - age   6:       3496 bytes,     771144 total
[2021-05-06T13:18:07.245+0000][7][gc,age      ] GC(81) - age   7:       4296 bytes,     775440 total
[2021-05-06T13:18:07.245+0000][7][gc,age      ] GC(81) - age   8:       2024 bytes,     777464 total
[2021-05-06T13:18:07.245+0000][7][gc,age      ] GC(81) - age   9:      13448 bytes,     790912 total
[2021-05-06T13:18:07.245+0000][7][gc,age      ] GC(81) - age  10:       1840 bytes,     792752 total
[2021-05-06T13:18:07.245+0000][7][gc,age      ] GC(81) - age  11:        816 bytes,     793568 total
[2021-05-06T13:18:07.245+0000][7][gc,age      ] GC(81) - age  12:        992 bytes,     794560 total
[2021-05-06T13:18:07.245+0000][7][gc,age      ] GC(81) - age  13:       4952 bytes,     799512 total
[2021-05-06T13:18:07.245+0000][7][gc,age      ] GC(81) - age  14:       2984 bytes,     802496 total
[2021-05-06T13:18:07.245+0000][7][gc,age      ] GC(81) - age  15:       5360 bytes,     807856 total
[2021-05-06T13:18:07.245+0000][7][gc,phases   ] GC(81)   Pre Evacuate Collection Set: 0.2ms
[2021-05-06T13:18:07.245+0000][7][gc,phases   ] GC(81)   Merge Heap Roots: 0.1ms
[2021-05-06T13:18:07.245+0000][7][gc,phases   ] GC(81)   Evacuate Collection Set: 2.4ms
[2021-05-06T13:18:07.245+0000][7][gc,phases   ] GC(81)   Post Evacuate Collection Set: 0.7ms
[2021-05-06T13:18:07.245+0000][7][gc,phases   ] GC(81)   Other: 0.4ms
[2021-05-06T13:18:07.245+0000][7][gc,heap     ] GC(81) Eden regions: 22->0(22)
[2021-05-06T13:18:07.245+0000][7][gc,heap     ] GC(81) Survivor regions: 1->1(3)
[2021-05-06T13:18:07.245+0000][7][gc,heap     ] GC(81) Old regions: 26->26
[2021-05-06T13:18:07.245+0000][7][gc,heap     ] GC(81) Archive regions: 2->2
[2021-05-06T13:18:07.245+0000][7][gc,heap     ] GC(81) Humongous regions: 2->2
[2021-05-06T13:18:07.245+0000][7][gc,metaspace] GC(81) Metaspace: 107282K(111976K)->107282K(111976K) NonClass: 93410K(96744K)->93410K(96744K) Class: 13871K(15232K)->13871K(15232K)
[2021-05-06T13:18:07.245+0000][7][gc          ] GC(81) Pause Young (Concurrent Start) (G1 Evacuation Pause) 202M->114M(256M) 3.938ms
[2021-05-06T13:18:07.245+0000][7][gc,cpu      ] GC(81) User=0.01s Sys=0.01s Real=0.01s
[2021-05-06T13:18:07.245+0000][7][gc          ] GC(82) Concurrent Cycle
[2021-05-06T13:18:07.245+0000][7][safepoint   ] Safepoint "G1CollectForAllocation", Time since last: 11827610493 ns, Reaching safepoint: 208943 ns, At safepoint: 4055731 ns, Total: 4264674 ns
[2021-05-06T13:18:07.245+0000][7][gc,marking  ] GC(82) Concurrent Clear Claimed Marks
[2021-05-06T13:18:07.245+0000][7][gc,marking  ] GC(82) Concurrent Clear Claimed Marks 0.104ms
[2021-05-06T13:18:07.245+0000][7][gc,marking  ] GC(82) Concurrent Scan Root Regions
[2021-05-06T13:18:07.247+0000][7][gc,marking  ] GC(82) Concurrent Scan Root Regions 1.661ms
[2021-05-06T13:18:07.247+0000][7][gc,marking  ] GC(82) Concurrent Mark (4139.559s)
[2021-05-06T13:18:07.247+0000][7][gc,marking  ] GC(82) Concurrent Mark From Roots
[2021-05-06T13:18:07.247+0000][7][gc,task     ] GC(82) Using 2 workers of 2 for marking
[2021-05-06T13:18:07.351+0000][7][gc,marking  ] GC(82) Concurrent Mark From Roots 104.558ms
[2021-05-06T13:18:07.352+0000][7][gc,marking  ] GC(82) Concurrent Preclean
[2021-05-06T13:18:07.352+0000][7][gc,marking  ] GC(82) Concurrent Preclean 0.245ms
[2021-05-06T13:18:07.352+0000][7][gc,marking  ] GC(82) Concurrent Mark (4139.559s, 4139.664s) 104.858ms
[2021-05-06T13:18:07.352+0000][7][gc,start    ] GC(82) Pause Remark
[2021-05-06T13:18:07.357+0000][7][gc          ] GC(82) Pause Remark 115M->115M(256M) 5.126ms
[2021-05-06T13:18:07.357+0000][7][gc,cpu      ] GC(82) User=0.03s Sys=0.00s Real=0.01s
[2021-05-06T13:18:07.357+0000][7][safepoint   ] Safepoint "G1Concurrent", Time since last: 106744529 ns, Reaching safepoint: 81653 ns, At safepoint: 5200190 ns, Total: 5281843 ns
[2021-05-06T13:18:07.357+0000][7][gc,marking  ] GC(82) Concurrent Rebuild Remembered Sets
[2021-05-06T13:18:07.420+0000][7][gc,marking  ] GC(82) Concurrent Rebuild Remembered Sets 62.674ms
[2021-05-06T13:18:07.420+0000][7][gc,start    ] GC(82) Pause Cleanup
[2021-05-06T13:18:07.420+0000][7][gc          ] GC(82) Pause Cleanup 115M->115M(256M) 0.065ms
[2021-05-06T13:18:07.420+0000][7][gc,cpu      ] GC(82) User=0.00s Sys=0.00s Real=0.00s
[2021-05-06T13:18:07.420+0000][7][safepoint   ] Safepoint "G1Concurrent", Time since last: 62784237 ns, Reaching safepoint: 80616 ns, At safepoint: 105680 ns, Total: 186296 ns
[2021-05-06T13:18:07.420+0000][7][gc,marking  ] GC(82) Concurrent Cleanup for Next Mark
[2021-05-06T13:18:07.420+0000][7][gc,marking  ] GC(82) Concurrent Cleanup for Next Mark 0.169ms
[2021-05-06T13:18:07.420+0000][7][gc          ] GC(82) Concurrent Cycle 175.219ms
[2021-05-06T13:18:09.420+0000][7][safepoint   ] Safepoint "Cleanup", Time since last: 2000178052 ns, Reaching safepoint: 215801 ns, At safepoint: 12820 ns, Total: 228621 ns
[2021-05-06T13:18:10.421+0000][7][safepoint   ] Safepoint "Cleanup", Time since last: 1000138869 ns, Reaching safepoint: 103081 ns, At safepoint: 7984 ns, Total: 111065 ns
[2021-05-06T13:18:15.422+0000][7][safepoint   ] Safepoint "Cleanup", Time since last: 5000779394 ns, Reaching safepoint: 367972 ns, At safepoint: 25111 ns, Total: 393083 ns
[2021-05-06T13:18:32.424+0000][7][safepoint   ] Safepoint "Cleanup", Time since last: 17002123999 ns, Reaching safepoint: 428179 ns, At safepoint: 34939 ns, Total: 463118 ns
[2021-05-06T13:19:01.429+0000][7][safepoint   ] Safepoint "Cleanup", Time since last: 29003871377 ns, Reaching safepoint: 450567 ns, At safepoint: 31393 ns, Total: 481960 ns
[2021-05-06T13:19:09.431+0000][7][safepoint   ] Safepoint "Cleanup", Time since last: 8001440637 ns, Reaching safepoint: 356335 ns, At safepoint: 25250 ns, Total: 381585 ns
[2021-05-06T13:19:31.434+0000][7][safepoint   ] Safepoint "Cleanup", Time since last: 22003125329 ns, Reaching safepoint: 128595 ns, At safepoint: 9356 ns, Total: 137951 ns
[2021-05-06T13:19:32.434+0000][7][safepoint   ] Safepoint "Cleanup", Time since last: 1000137842 ns, Reaching safepoint: 291248 ns, At safepoint: 27069 ns, Total: 318317 ns
[2021-05-06T13:19:33.435+0000][7][safepoint   ] Safepoint "Cleanup", Time since last: 1000238064 ns, Reaching safepoint: 415787 ns, At safepoint: 34148 ns, Total: 449935 ns
[2021-05-06T13:19:34.436+0000][7][safepoint   ] Safepoint "Cleanup", Time since last: 1000236399 ns, Reaching safepoint: 309287 ns, At safepoint: 27124 ns, Total: 336411 ns
[2021-05-06T13:19:35.436+0000][7][safepoint   ] Safepoint "Cleanup", Time since last: 1000195794 ns, Reaching safepoint: 396017 ns, At safepoint: 30534 ns, Total: 426551 ns
[2021-05-06T13:19:44.003+0000][7][gc,start    ] GC(83) Pause Young (Normal) (G1 Evacuation Pause)
[2021-05-06T13:19:44.003+0000][7][gc,task     ] GC(83) Using 6 workers of 8 for evacuation
[2021-05-06T13:19:44.004+0000][7][gc,age      ] GC(83) Desired survivor size 6291456 bytes, new threshold 15 (max threshold 15)
[2021-05-06T13:19:44.011+0000][7][gc,age      ] GC(83) Age table with threshold 15 (max threshold 15)
[2021-05-06T13:19:44.011+0000][7][gc,age      ] GC(83) - age   1:     817328 bytes,     817328 total
[2021-05-06T13:19:44.011+0000][7][gc,age      ] GC(83) - age   2:      11040 bytes,     828368 total
[2021-05-06T13:19:44.011+0000][7][gc,age      ] GC(83) - age   3:       3152 bytes,     831520 total
[2021-05-06T13:19:44.011+0000][7][gc,age      ] GC(83) - age   4:       4120 bytes,     835640 total
[2021-05-06T13:19:44.011+0000][7][gc,age      ] GC(83) - age   5:       2640 bytes,     838280 total
[2021-05-06T13:19:44.011+0000][7][gc,age      ] GC(83) - age   6:       6744 bytes,     845024 total
[2021-05-06T13:19:44.011+0000][7][gc,age      ] GC(83) - age   7:       3456 bytes,     848480 total
[2021-05-06T13:19:44.011+0000][7][gc,age      ] GC(83) - age   8:       4296 bytes,     852776 total
[2021-05-06T13:19:44.011+0000][7][gc,age      ] GC(83) - age   9:       2024 bytes,     854800 total
[2021-05-06T13:19:44.012+0000][7][gc,age      ] GC(83) - age  10:       8488 bytes,     863288 total
[2021-05-06T13:19:44.012+0000][7][gc,age      ] GC(83) - age  11:       1840 bytes,     865128 total
[2021-05-06T13:19:44.012+0000][7][gc,age      ] GC(83) - age  12:        816 bytes,     865944 total
[2021-05-06T13:19:44.012+0000][7][gc,age      ] GC(83) - age  13:        992 bytes,     866936 total
[2021-05-06T13:19:44.012+0000][7][gc,age      ] GC(83) - age  14:       4952 bytes,     871888 total
[2021-05-06T13:19:44.012+0000][7][gc,age      ] GC(83) - age  15:       2712 bytes,     874600 total
[2021-05-06T13:19:44.012+0000][7][gc,phases   ] GC(83)   Pre Evacuate Collection Set: 0.2ms
[2021-05-06T13:19:44.012+0000][7][gc,phases   ] GC(83)   Merge Heap Roots: 0.2ms
[2021-05-06T13:19:44.012+0000][7][gc,phases   ] GC(83)   Evacuate Collection Set: 5.3ms
[2021-05-06T13:19:44.012+0000][7][gc,phases   ] GC(83)   Post Evacuate Collection Set: 2.0ms
[2021-05-06T13:19:44.012+0000][7][gc,phases   ] GC(83)   Other: 0.8ms
[2021-05-06T13:19:44.012+0000][7][gc,heap     ] GC(83) Eden regions: 22->0(22)
[2021-05-06T13:19:44.012+0000][7][gc,heap     ] GC(83) Survivor regions: 1->1(3)
[2021-05-06T13:19:44.012+0000][7][gc,heap     ] GC(83) Old regions: 26->26
[2021-05-06T13:19:44.012+0000][7][gc,heap     ] GC(83) Archive regions: 2->2
[2021-05-06T13:19:44.012+0000][7][gc,heap     ] GC(83) Humongous regions: 2->2
[2021-05-06T13:19:44.012+0000][7][gc,metaspace] GC(83) Metaspace: 107326K(111976K)->107326K(111976K) NonClass: 93455K(96744K)->93455K(96744K) Class: 13871K(15232K)->13871K(15232K)
[2021-05-06T13:19:44.012+0000][7][gc          ] GC(83) Pause Young (Normal) (G1 Evacuation Pause) 202M->114M(256M) 8.651ms
[2021-05-06T13:19:44.012+0000][7][gc,cpu      ] GC(83) User=0.03s Sys=0.00s Real=0.02s
[2021-05-06T13:19:44.012+0000][7][safepoint   ] Safepoint "G1CollectForAllocation", Time since last: 8566654723 ns, Reaching safepoint: 370691 ns, At safepoint: 9029930 ns, Total: 9400621 ns
[2021-05-06T13:19:55.014+0000][7][safepoint   ] Safepoint "Cleanup", Time since last: 11001465931 ns, Reaching safepoint: 299054 ns, At safepoint: 19980 ns, Total: 319034 ns
[2021-05-06T13:19:56.015+0000][7][safepoint   ] Safepoint "Cleanup", Time since last: 1000211620 ns, Reaching safepoint: 446297 ns, At safepoint: 44157 ns, Total: 490454 ns
[2021-05-06T13:19:58.016+0000][7][safepoint   ] Safepoint "Cleanup", Time since last: 2000598799 ns, Reaching safepoint: 343663 ns, At safepoint: 29507 ns, Total: 373170 ns
[2021-05-06T13:20:01.017+0000][7][safepoint   ] Safepoint "Cleanup", Time since last: 3000609790 ns, Reaching safepoint: 376916 ns, At safepoint: 31102 ns, Total: 408018 ns
[2021-05-06T13:20:07.018+0000][7][safepoint   ] Safepoint "Cleanup", Time since last: 6001008153 ns, Reaching safepoint: 473177 ns, At safepoint: 32087 ns, Total: 505264 ns
[2021-05-06T13:20:15.020+0000][7][safepoint   ] Safepoint "Cleanup", Time since last: 8001008221 ns, Reaching safepoint: 364261 ns, At safepoint: 31314 ns, Total: 395575 ns
[2021-05-06T13:20:31.023+0000][7][safepoint   ] Safepoint "Cleanup", Time since last: 16002542636 ns, Reaching safepoint: 382421 ns, At safepoint: 22702 ns, Total: 405123 ns
[2021-05-06T13:20:32.023+0000][7][safepoint   ] Safepoint "Cleanup", Time since last: 1000203250 ns, Reaching safepoint: 352432 ns, At safepoint: 30373 ns, Total: 382805 ns
[2021-05-06T13:20:34.024+0000][7][safepoint   ] Safepoint "Cleanup", Time since last: 2000303467 ns, Reaching safepoint: 325124 ns, At safepoint: 32941 ns, Total: 358065 ns
[2021-05-06T13:20:38.025+0000][7][safepoint   ] Safepoint "Cleanup", Time since last: 4000559945 ns, Reaching safepoint: 612205 ns, At safepoint: 25950 ns, Total: 638155 ns
[2021-05-06T13:21:08.030+0000][7][safepoint   ] Safepoint "Cleanup", Time since last: 30004355399 ns, Reaching safepoint: 252812 ns, At safepoint: 18244 ns, Total: 271056 ns
[2021-05-06T13:21:30.033+0000][7][safepoint   ] Safepoint "Cleanup", Time since last: 22003058348 ns, Reaching safepoint: 306279 ns, At safepoint: 24339 ns, Total: 330618 ns
[2021-05-06T13:21:31.034+0000][7][safepoint   ] Safepoint "Cleanup", Time since last: 1000213191 ns, Reaching safepoint: 328450 ns, At safepoint: 26725 ns, Total: 355175 ns
[2021-05-06T13:21:34.035+0000][7][safepoint   ] Safepoint "Cleanup", Time since last: 3000480395 ns, Reaching safepoint: 467506 ns, At safepoint: 42885 ns, Total: 510391 ns
[2021-05-06T13:21:49.044+0000][7][safepoint   ] Safepoint "Cleanup", Time since last: 15008954274 ns, Reaching safepoint: 346468 ns, At safepoint: 34064 ns, Total: 380532 ns
[2021-05-06T13:22:07.266+0000][7][gc,start    ] GC(84) Pause Young (Concurrent Start) (G1 Evacuation Pause)
[2021-05-06T13:22:07.266+0000][7][gc,task     ] GC(84) Using 6 workers of 8 for evacuation
[2021-05-06T13:22:07.266+0000][7][gc,age      ] GC(84) Desired survivor size 6291456 bytes, new threshold 15 (max threshold 15)
[2021-05-06T13:22:07.276+0000][7][gc,age      ] GC(84) Age table with threshold 15 (max threshold 15)
[2021-05-06T13:22:07.276+0000][7][gc,age      ] GC(84) - age   1:     370176 bytes,     370176 total
[2021-05-06T13:22:07.276+0000][7][gc,age      ] GC(84) - age   2:     306832 bytes,     677008 total
[2021-05-06T13:22:07.276+0000][7][gc,age      ] GC(84) - age   3:       2720 bytes,     679728 total
[2021-05-06T13:22:07.276+0000][7][gc,age      ] GC(84) - age   4:       2936 bytes,     682664 total
[2021-05-06T13:22:07.276+0000][7][gc,age      ] GC(84) - age   5:       3800 bytes,     686464 total
[2021-05-06T13:22:07.276+0000][7][gc,age      ] GC(84) - age   6:       2640 bytes,     689104 total
[2021-05-06T13:22:07.276+0000][7][gc,age      ] GC(84) - age   7:       6744 bytes,     695848 total
[2021-05-06T13:22:07.276+0000][7][gc,age      ] GC(84) - age   8:       3456 bytes,     699304 total
[2021-05-06T13:22:07.276+0000][7][gc,age      ] GC(84) - age   9:       4296 bytes,     703600 total
[2021-05-06T13:22:07.276+0000][7][gc,age      ] GC(84) - age  10:       1984 bytes,     705584 total
[2021-05-06T13:22:07.276+0000][7][gc,age      ] GC(84) - age  11:       8488 bytes,     714072 total
[2021-05-06T13:22:07.276+0000][7][gc,age      ] GC(84) - age  12:       1840 bytes,     715912 total
[2021-05-06T13:22:07.276+0000][7][gc,age      ] GC(84) - age  13:        816 bytes,     716728 total
[2021-05-06T13:22:07.276+0000][7][gc,age      ] GC(84) - age  14:        992 bytes,     717720 total
[2021-05-06T13:22:07.276+0000][7][gc,age      ] GC(84) - age  15:       4952 bytes,     722672 total
[2021-05-06T13:22:07.276+0000][7][gc,phases   ] GC(84)   Pre Evacuate Collection Set: 0.8ms
[2021-05-06T13:22:07.276+0000][7][gc,phases   ] GC(84)   Merge Heap Roots: 0.2ms
[2021-05-06T13:22:07.276+0000][7][gc,phases   ] GC(84)   Evacuate Collection Set: 7.3ms
[2021-05-06T13:22:07.276+0000][7][gc,phases   ] GC(84)   Post Evacuate Collection Set: 1.2ms
[2021-05-06T13:22:07.276+0000][7][gc,phases   ] GC(84)   Other: 1.0ms
[2021-05-06T13:22:07.276+0000][7][gc,heap     ] GC(84) Eden regions: 22->0(22)
[2021-05-06T13:22:07.276+0000][7][gc,heap     ] GC(84) Survivor regions: 1->1(3)
[2021-05-06T13:22:07.276+0000][7][gc,heap     ] GC(84) Old regions: 26->26
[2021-05-06T13:22:07.276+0000][7][gc,heap     ] GC(84) Archive regions: 2->2
[2021-05-06T13:22:07.276+0000][7][gc,heap     ] GC(84) Humongous regions: 2->2
[2021-05-06T13:22:07.276+0000][7][gc,metaspace] GC(84) Metaspace: 107328K(111976K)->107328K(111976K) NonClass: 93456K(96744K)->93456K(96744K) Class: 13871K(15232K)->13871K(15232K)
[2021-05-06T13:22:07.276+0000][7][gc          ] GC(84) Pause Young (Concurrent Start) (G1 Evacuation Pause) 202M->114M(256M) 10.765ms
[2021-05-06T13:22:07.276+0000][7][gc,cpu      ] GC(84) User=0.03s Sys=0.00s Real=0.01s
[2021-05-06T13:22:07.277+0000][7][gc          ] GC(85) Concurrent Cycle
[2021-05-06T13:22:07.277+0000][7][safepoint   ] Safepoint "G1CollectForAllocation", Time since last: 18221037938 ns, Reaching safepoint: 483819 ns, At safepoint: 11024292 ns, Total: 11508111 ns
[2021-05-06T13:22:07.277+0000][7][gc,marking  ] GC(85) Concurrent Clear Claimed Marks
[2021-05-06T13:22:07.277+0000][7][gc,marking  ] GC(85) Concurrent Clear Claimed Marks 0.131ms
[2021-05-06T13:22:07.277+0000][7][gc,marking  ] GC(85) Concurrent Scan Root Regions
[2021-05-06T13:22:07.281+0000][7][gc,marking  ] GC(85) Concurrent Scan Root Regions 4.257ms
[2021-05-06T13:22:07.281+0000][7][gc,marking  ] GC(85) Concurrent Mark (4379.593s)
[2021-05-06T13:22:07.281+0000][7][gc,marking  ] GC(85) Concurrent Mark From Roots
[2021-05-06T13:22:07.281+0000][7][gc,task     ] GC(85) Using 2 workers of 2 for marking
[2021-05-06T13:22:07.391+0000][7][gc,marking  ] GC(85) Concurrent Mark From Roots 109.563ms
[2021-05-06T13:22:07.391+0000][7][gc,marking  ] GC(85) Concurrent Preclean
[2021-05-06T13:22:07.391+0000][7][gc,marking  ] GC(85) Concurrent Preclean 0.275ms
[2021-05-06T13:22:07.391+0000][7][gc,marking  ] GC(85) Concurrent Mark (4379.593s, 4379.703s) 109.898ms
[2021-05-06T13:22:07.391+0000][7][gc,start    ] GC(85) Pause Remark
[2021-05-06T13:22:07.402+0000][7][gc          ] GC(85) Pause Remark 118M->118M(256M) 11.155ms
[2021-05-06T13:22:07.402+0000][7][gc,cpu      ] GC(85) User=0.06s Sys=0.00s Real=0.01s
[2021-05-06T13:22:07.402+0000][7][safepoint   ] Safepoint "G1Concurrent", Time since last: 114425159 ns, Reaching safepoint: 118622 ns, At safepoint: 11245628 ns, Total: 11364250 ns
[2021-05-06T13:22:07.403+0000][7][gc,marking  ] GC(85) Concurrent Rebuild Remembered Sets
[2021-05-06T13:22:07.473+0000][7][gc,marking  ] GC(85) Concurrent Rebuild Remembered Sets 70.341ms
[2021-05-06T13:22:07.473+0000][7][gc,start    ] GC(85) Pause Cleanup
[2021-05-06T13:22:07.473+0000][7][gc          ] GC(85) Pause Cleanup 118M->118M(256M) 0.144ms
[2021-05-06T13:22:07.473+0000][7][gc,cpu      ] GC(85) User=0.00s Sys=0.00s Real=0.00s
[2021-05-06T13:22:07.473+0000][7][safepoint   ] Safepoint "G1Concurrent", Time since last: 70599132 ns, Reaching safepoint: 154406 ns, At safepoint: 196806 ns, Total: 351212 ns
[2021-05-06T13:22:07.473+0000][7][gc,marking  ] GC(85) Concurrent Cleanup for Next Mark
[2021-05-06T13:22:07.474+0000][7][gc,marking  ] GC(85) Concurrent Cleanup for Next Mark 0.145ms
[2021-05-06T13:22:07.474+0000][7][gc          ] GC(85) Concurrent Cycle 196.998ms
[2021-05-06T13:22:08.474+0000][7][safepoint   ] Safepoint "Cleanup", Time since last: 1000129627 ns, Reaching safepoint: 387896 ns, At safepoint: 32419 ns, Total: 420315 ns
[2021-05-06T13:22:09.474+0000][7][safepoint   ] Safepoint "Cleanup", Time since last: 1000203371 ns, Reaching safepoint: 399782 ns, At safepoint: 32458 ns, Total: 432240 ns
[2021-05-06T13:22:15.476+0000][7][safepoint   ] Safepoint "Cleanup", Time since last: 6000971712 ns, Reaching safepoint: 378019 ns, At safepoint: 35145 ns, Total: 413164 ns
[2021-05-06T13:22:25.478+0000][7][safepoint   ] Safepoint "Cleanup", Time since last: 10001854721 ns, Reaching safepoint: 424065 ns, At safepoint: 38252 ns, Total: 462317 ns
[2021-05-06T13:22:29.479+0000][7][safepoint   ] Safepoint "Cleanup", Time since last: 4000611528 ns, Reaching safepoint: 338303 ns, At safepoint: 27290 ns, Total: 365593 ns
[2021-05-06T13:22:30.480+0000][7][safepoint   ] Safepoint "Cleanup", Time since last: 1000193148 ns, Reaching safepoint: 399442 ns, At safepoint: 24613 ns, Total: 424055 ns
[2021-05-06T13:22:31.480+0000][7][safepoint   ] Safepoint "Cleanup", Time since last: 1000218409 ns, Reaching safepoint: 304092 ns, At safepoint: 22769 ns, Total: 326861 ns
[2021-05-06T13:22:33.481+0000][7][safepoint   ] Safepoint "Cleanup", Time since last: 2000399656 ns, Reaching safepoint: 551433 ns, At safepoint: 32655 ns, Total: 584088 ns
[2021-05-06T13:22:35.482+0000][7][safepoint   ] Safepoint "Cleanup", Time since last: 2000388396 ns, Reaching safepoint: 428764 ns, At safepoint: 37482 ns, Total: 466246 ns
[2021-05-06T13:22:37.483+0000][7][safepoint   ] Safepoint "Cleanup", Time since last: 2000381603 ns, Reaching safepoint: 723161 ns, At safepoint: 40339 ns, Total: 763500 ns
[2021-05-06T13:23:00.487+0000][7][safepoint   ] Safepoint "Cleanup", Time since last: 23003227301 ns, Reaching safepoint: 354587 ns, At safepoint: 29161 ns, Total: 383748 ns
[2021-05-06T13:23:18.490+0000][7][safepoint   ] Safepoint "Cleanup", Time since last: 18002598173 ns, Reaching safepoint: 353921 ns, At safepoint: 21689 ns, Total: 375610 ns
[2021-05-06T13:23:30.492+0000][7][safepoint   ] Safepoint "Cleanup", Time since last: 12001966061 ns, Reaching safepoint: 447617 ns, At safepoint: 32599 ns, Total: 480216 ns
[2021-05-06T13:23:33.493+0000][7][safepoint   ] Safepoint "Cleanup", Time since last: 3000461293 ns, Reaching safepoint: 408232 ns, At safepoint: 29698 ns, Total: 437930 ns
[2021-05-06T13:23:40.494+0000][7][safepoint   ] Safepoint "Cleanup", Time since last: 7001017401 ns, Reaching safepoint: 152883 ns, At safepoint: 9031 ns, Total: 161914 ns
[2021-05-06T13:23:55.497+0000][7][safepoint   ] Safepoint "Cleanup", Time since last: 15002201421 ns, Reaching safepoint: 339341 ns, At safepoint: 26088 ns, Total: 365429 ns
[2021-05-06T13:24:24.499+0000][7][gc,start    ] GC(86) Pause Young (Normal) (G1 Evacuation Pause)
[2021-05-06T13:24:24.499+0000][7][gc,task     ] GC(86) Using 6 workers of 8 for evacuation
[2021-05-06T13:24:24.499+0000][7][gc,age      ] GC(86) Desired survivor size 6291456 bytes, new threshold 15 (max threshold 15)
[2021-05-06T13:24:24.503+0000][7][gc,age      ] GC(86) Age table with threshold 15 (max threshold 15)
[2021-05-06T13:24:24.503+0000][7][gc,age      ] GC(86) - age   1:     812200 bytes,     812200 total
[2021-05-06T13:24:24.503+0000][7][gc,age      ] GC(86) - age   2:       1176 bytes,     813376 total
[2021-05-06T13:24:24.503+0000][7][gc,age      ] GC(86) - age   3:     185320 bytes,     998696 total
[2021-05-06T13:24:24.503+0000][7][gc,age      ] GC(86) - age   4:       2720 bytes,    1001416 total
[2021-05-06T13:24:24.503+0000][7][gc,age      ] GC(86) - age   5:       2840 bytes,    1004256 total
[2021-05-06T13:24:24.503+0000][7][gc,age      ] GC(86) - age   6:       3800 bytes,    1008056 total
[2021-05-06T13:24:24.503+0000][7][gc,age      ] GC(86) - age   7:       2640 bytes,    1010696 total
[2021-05-06T13:24:24.503+0000][7][gc,age      ] GC(86) - age   8:       6744 bytes,    1017440 total
[2021-05-06T13:24:24.503+0000][7][gc,age      ] GC(86) - age   9:       3456 bytes,    1020896 total
[2021-05-06T13:24:24.503+0000][7][gc,age      ] GC(86) - age  10:       4296 bytes,    1025192 total
[2021-05-06T13:24:24.503+0000][7][gc,age      ] GC(86) - age  11:       1888 bytes,    1027080 total
[2021-05-06T13:24:24.503+0000][7][gc,age      ] GC(86) - age  12:       8488 bytes,    1035568 total
[2021-05-06T13:24:24.503+0000][7][gc,age      ] GC(86) - age  13:       1840 bytes,    1037408 total
[2021-05-06T13:24:24.503+0000][7][gc,age      ] GC(86) - age  14:        816 bytes,    1038224 total
[2021-05-06T13:24:24.503+0000][7][gc,age      ] GC(86) - age  15:        992 bytes,    1039216 total
[2021-05-06T13:24:24.503+0000][7][gc,phases   ] GC(86)   Pre Evacuate Collection Set: 0.1ms
[2021-05-06T13:24:24.503+0000][7][gc,phases   ] GC(86)   Merge Heap Roots: 0.1ms
[2021-05-06T13:24:24.503+0000][7][gc,phases   ] GC(86)   Evacuate Collection Set: 2.5ms
[2021-05-06T13:24:24.503+0000][7][gc,phases   ] GC(86)   Post Evacuate Collection Set: 0.9ms
[2021-05-06T13:24:24.503+0000][7][gc,phases   ] GC(86)   Other: 0.4ms
[2021-05-06T13:24:24.503+0000][7][gc,heap     ] GC(86) Eden regions: 22->0(22)
[2021-05-06T13:24:24.503+0000][7][gc,heap     ] GC(86) Survivor regions: 1->1(3)
[2021-05-06T13:24:24.503+0000][7][gc,heap     ] GC(86) Old regions: 26->26
[2021-05-06T13:24:24.503+0000][7][gc,heap     ] GC(86) Archive regions: 2->2
[2021-05-06T13:24:24.503+0000][7][gc,heap     ] GC(86) Humongous regions: 2->2
[2021-05-06T13:24:24.503+0000][7][gc,metaspace] GC(86) Metaspace: 107343K(112232K)->107343K(112232K) NonClass: 93472K(97000K)->93472K(97000K) Class: 13870K(15232K)->13870K(15232K)
[2021-05-06T13:24:24.503+0000][7][gc          ] GC(86) Pause Young (Normal) (G1 Evacuation Pause) 202M->114M(256M) 4.075ms
[2021-05-06T13:24:24.503+0000][7][gc,cpu      ] GC(86) User=0.02s Sys=0.00s Real=0.00s
[2021-05-06T13:24:24.503+0000][7][safepoint   ] Safepoint "G1CollectForAllocation", Time since last: 29002032894 ns, Reaching safepoint: 227941 ns, At safepoint: 4222331 ns, Total: 4450272 ns
[2021-05-06T13:24:25.504+0000][7][safepoint   ] Safepoint "Cleanup", Time since last: 1000196655 ns, Reaching safepoint: 352534 ns, At safepoint: 19967 ns, Total: 372501 ns
[2021-05-06T13:24:33.506+0000][7][safepoint   ] Safepoint "Cleanup", Time since last: 8001128283 ns, Reaching safepoint: 390005 ns, At safepoint: 29241 ns, Total: 419246 ns
[2021-05-06T13:24:34.506+0000][7][safepoint   ] Safepoint "Cleanup", Time since last: 1000298427 ns, Reaching safepoint: 366421 ns, At safepoint: 36045 ns, Total: 402466 ns
[2021-05-06T13:24:54.510+0000][7][safepoint   ] Safepoint "Cleanup", Time since last: 20003013433 ns, Reaching safepoint: 429661 ns, At safepoint: 27900 ns, Total: 457561 ns
[2021-05-06T13:25:08.513+0000][7][safepoint   ] Safepoint "Cleanup", Time since last: 14002660630 ns, Reaching safepoint: 596334 ns, At safepoint: 32522 ns, Total: 628856 ns
[2021-05-06T13:25:13.514+0000][7][safepoint   ] Safepoint "Cleanup", Time since last: 5000858851 ns, Reaching safepoint: 458530 ns, At safepoint: 35148 ns, Total: 493678 ns
[2021-05-06T13:25:33.518+0000][7][safepoint   ] Safepoint "Cleanup", Time since last: 20002751900 ns, Reaching safepoint: 405119 ns, At safepoint: 31228 ns, Total: 436347 ns
[2021-05-06T13:26:05.523+0000][7][safepoint   ] Safepoint "Cleanup", Time since last: 32004823515 ns, Reaching safepoint: 369061 ns, At safepoint: 23800 ns, Total: 392861 ns
[2021-05-06T13:26:34.694+0000][7][gc,start    ] GC(87) Pause Young (Concurrent Start) (G1 Evacuation Pause)
[2021-05-06T13:26:34.694+0000][7][gc,task     ] GC(87) Using 6 workers of 8 for evacuation
[2021-05-06T13:26:34.694+0000][7][gc,age      ] GC(87) Desired survivor size 6291456 bytes, new threshold 15 (max threshold 15)
[2021-05-06T13:26:34.702+0000][7][gc,age      ] GC(87) Age table with threshold 15 (max threshold 15)
[2021-05-06T13:26:34.702+0000][7][gc,age      ] GC(87) - age   1:     523256 bytes,     523256 total
[2021-05-06T13:26:34.702+0000][7][gc,age      ] GC(87) - age   2:     297616 bytes,     820872 total
[2021-05-06T13:26:34.702+0000][7][gc,age      ] GC(87) - age   3:       1152 bytes,     822024 total
[2021-05-06T13:26:34.702+0000][7][gc,age      ] GC(87) - age   4:     184952 bytes,    1006976 total
[2021-05-06T13:26:34.702+0000][7][gc,age      ] GC(87) - age   5:       2720 bytes,    1009696 total
[2021-05-06T13:26:34.702+0000][7][gc,age      ] GC(87) - age   6:       2800 bytes,    1012496 total
[2021-05-06T13:26:34.702+0000][7][gc,age      ] GC(87) - age   7:       3800 bytes,    1016296 total
[2021-05-06T13:26:34.702+0000][7][gc,age      ] GC(87) - age   8:       2640 bytes,    1018936 total
[2021-05-06T13:26:34.702+0000][7][gc,age      ] GC(87) - age   9:       6536 bytes,    1025472 total
[2021-05-06T13:26:34.702+0000][7][gc,age      ] GC(87) - age  10:       3456 bytes,    1028928 total
[2021-05-06T13:26:34.702+0000][7][gc,age      ] GC(87) - age  11:       4296 bytes,    1033224 total
[2021-05-06T13:26:34.702+0000][7][gc,age      ] GC(87) - age  12:       1888 bytes,    1035112 total
[2021-05-06T13:26:34.702+0000][7][gc,age      ] GC(87) - age  13:       8488 bytes,    1043600 total
[2021-05-06T13:26:34.702+0000][7][gc,age      ] GC(87) - age  14:       1840 bytes,    1045440 total
[2021-05-06T13:26:34.702+0000][7][gc,age      ] GC(87) - age  15:        816 bytes,    1046256 total
[2021-05-06T13:26:34.702+0000][7][gc,phases   ] GC(87)   Pre Evacuate Collection Set: 0.3ms
[2021-05-06T13:26:34.702+0000][7][gc,phases   ] GC(87)   Merge Heap Roots: 0.2ms
[2021-05-06T13:26:34.702+0000][7][gc,phases   ] GC(87)   Evacuate Collection Set: 4.9ms
[2021-05-06T13:26:34.702+0000][7][gc,phases   ] GC(87)   Post Evacuate Collection Set: 2.4ms
[2021-05-06T13:26:34.702+0000][7][gc,phases   ] GC(87)   Other: 1.1ms
[2021-05-06T13:26:34.702+0000][7][gc,heap     ] GC(87) Eden regions: 22->0(22)
[2021-05-06T13:26:34.702+0000][7][gc,heap     ] GC(87) Survivor regions: 1->1(3)
[2021-05-06T13:26:34.703+0000][7][gc,heap     ] GC(87) Old regions: 26->26
[2021-05-06T13:26:34.703+0000][7][gc,heap     ] GC(87) Archive regions: 2->2
[2021-05-06T13:26:34.703+0000][7][gc,heap     ] GC(87) Humongous regions: 2->2
[2021-05-06T13:26:34.703+0000][7][gc,metaspace] GC(87) Metaspace: 107355K(112232K)->107355K(112232K) NonClass: 93483K(97000K)->93483K(97000K) Class: 13871K(15232K)->13871K(15232K)
[2021-05-06T13:26:34.703+0000][7][gc          ] GC(87) Pause Young (Concurrent Start) (G1 Evacuation Pause) 202M->114M(256M) 9.024ms
[2021-05-06T13:26:34.703+0000][7][gc,cpu      ] GC(87) User=0.03s Sys=0.00s Real=0.00s
[2021-05-06T13:26:34.703+0000][7][safepoint   ] Safepoint "G1CollectForAllocation", Time since last: 29170108764 ns, Reaching safepoint: 558339 ns, At safepoint: 9229485 ns, Total: 9787824 ns
[2021-05-06T13:26:34.703+0000][7][gc          ] GC(88) Concurrent Cycle
[2021-05-06T13:26:34.703+0000][7][gc,marking  ] GC(88) Concurrent Clear Claimed Marks
[2021-05-06T13:26:34.703+0000][7][gc,marking  ] GC(88) Concurrent Clear Claimed Marks 0.132ms
[2021-05-06T13:26:34.703+0000][7][gc,marking  ] GC(88) Concurrent Scan Root Regions
[2021-05-06T13:26:34.706+0000][7][gc,marking  ] GC(88) Concurrent Scan Root Regions 3.489ms
[2021-05-06T13:26:34.706+0000][7][gc,marking  ] GC(88) Concurrent Mark (4647.019s)
[2021-05-06T13:26:34.707+0000][7][gc,marking  ] GC(88) Concurrent Mark From Roots
[2021-05-06T13:26:34.707+0000][7][gc,task     ] GC(88) Using 2 workers of 2 for marking
[2021-05-06T13:26:34.819+0000][7][gc,marking  ] GC(88) Concurrent Mark From Roots 112.729ms
[2021-05-06T13:26:34.819+0000][7][gc,marking  ] GC(88) Concurrent Preclean
[2021-05-06T13:26:34.820+0000][7][gc,marking  ] GC(88) Concurrent Preclean 0.304ms
[2021-05-06T13:26:34.820+0000][7][gc,marking  ] GC(88) Concurrent Mark (4647.019s, 4647.132s) 113.130ms
[2021-05-06T13:26:34.820+0000][7][gc,start    ] GC(88) Pause Remark
[2021-05-06T13:26:34.825+0000][7][gc          ] GC(88) Pause Remark 115M->115M(256M) 5.661ms
[2021-05-06T13:26:34.826+0000][7][gc,cpu      ] GC(88) User=0.04s Sys=0.00s Real=0.01s
[2021-05-06T13:26:34.826+0000][7][safepoint   ] Safepoint "G1Concurrent", Time since last: 117002007 ns, Reaching safepoint: 115517 ns, At safepoint: 5751435 ns, Total: 5866952 ns
[2021-05-06T13:26:34.826+0000][7][gc,marking  ] GC(88) Concurrent Rebuild Remembered Sets
[2021-05-06T13:26:34.892+0000][7][gc,marking  ] GC(88) Concurrent Rebuild Remembered Sets 65.993ms
[2021-05-06T13:26:34.892+0000][7][gc,start    ] GC(88) Pause Cleanup
[2021-05-06T13:26:34.892+0000][7][gc          ] GC(88) Pause Cleanup 115M->115M(256M) 0.072ms
[2021-05-06T13:26:34.892+0000][7][gc,cpu      ] GC(88) User=0.00s Sys=0.00s Real=0.00s
[2021-05-06T13:26:34.892+0000][7][safepoint   ] Safepoint "G1Concurrent", Time since last: 66112540 ns, Reaching safepoint: 98272 ns, At safepoint: 129008 ns, Total: 227280 ns
[2021-05-06T13:26:34.892+0000][7][gc,marking  ] GC(88) Concurrent Cleanup for Next Mark
[2021-05-06T13:26:34.892+0000][7][gc,marking  ] GC(88) Concurrent Cleanup for Next Mark 0.155ms
[2021-05-06T13:26:34.892+0000][7][gc          ] GC(88) Concurrent Cycle 189.417ms
[2021-05-06T13:27:37.901+0000][7][safepoint   ] Safepoint "Cleanup", Time since last: 63008596552 ns, Reaching safepoint: 420605 ns, At safepoint: 31620 ns, Total: 452225 ns
[2021-05-06T13:28:00.905+0000][7][safepoint   ] Safepoint "Cleanup", Time since last: 23003643512 ns, Reaching safepoint: 330526 ns, At safepoint: 21327 ns, Total: 351853 ns
[2021-05-06T13:28:54.519+0000][7][gc,start    ] GC(89) Pause Young (Normal) (G1 Evacuation Pause)
[2021-05-06T13:28:54.519+0000][7][gc,task     ] GC(89) Using 6 workers of 8 for evacuation
[2021-05-06T13:28:54.519+0000][7][gc,age      ] GC(89) Desired survivor size 6291456 bytes, new threshold 15 (max threshold 15)
[2021-05-06T13:28:54.527+0000][7][gc,age      ] GC(89) Age table with threshold 15 (max threshold 15)
[2021-05-06T13:28:54.527+0000][7][gc,age      ] GC(89) - age   1:     518952 bytes,     518952 total
[2021-05-06T13:28:54.527+0000][7][gc,age      ] GC(89) - age   2:       5264 bytes,     524216 total
[2021-05-06T13:28:54.527+0000][7][gc,age      ] GC(89) - age   3:     291336 bytes,     815552 total
[2021-05-06T13:28:54.527+0000][7][gc,age      ] GC(89) - age   4:       1152 bytes,     816704 total
[2021-05-06T13:28:54.527+0000][7][gc,age      ] GC(89) - age   5:     184496 bytes,    1001200 total
[2021-05-06T13:28:54.527+0000][7][gc,age      ] GC(89) - age   6:       2720 bytes,    1003920 total
[2021-05-06T13:28:54.527+0000][7][gc,age      ] GC(89) - age   7:       2800 bytes,    1006720 total
[2021-05-06T13:28:54.527+0000][7][gc,age      ] GC(89) - age   8:       3800 bytes,    1010520 total
[2021-05-06T13:28:54.527+0000][7][gc,age      ] GC(89) - age   9:       2640 bytes,    1013160 total
[2021-05-06T13:28:54.527+0000][7][gc,age      ] GC(89) - age  10:       6536 bytes,    1019696 total
[2021-05-06T13:28:54.527+0000][7][gc,age      ] GC(89) - age  11:       3456 bytes,    1023152 total
[2021-05-06T13:28:54.527+0000][7][gc,age      ] GC(89) - age  12:       4296 bytes,    1027448 total
[2021-05-06T13:28:54.527+0000][7][gc,age      ] GC(89) - age  13:       1824 bytes,    1029272 total
[2021-05-06T13:28:54.527+0000][7][gc,age      ] GC(89) - age  14:       8488 bytes,    1037760 total
[2021-05-06T13:28:54.527+0000][7][gc,age      ] GC(89) - age  15:       1840 bytes,    1039600 total
[2021-05-06T13:28:54.527+0000][7][gc,phases   ] GC(89)   Pre Evacuate Collection Set: 0.2ms
[2021-05-06T13:28:54.527+0000][7][gc,phases   ] GC(89)   Merge Heap Roots: 0.2ms
[2021-05-06T13:28:54.527+0000][7][gc,phases   ] GC(89)   Evacuate Collection Set: 5.1ms
[2021-05-06T13:28:54.527+0000][7][gc,phases   ] GC(89)   Post Evacuate Collection Set: 1.9ms
[2021-05-06T13:28:54.527+0000][7][gc,phases   ] GC(89)   Other: 0.8ms
[2021-05-06T13:28:54.527+0000][7][gc,heap     ] GC(89) Eden regions: 22->0(22)
[2021-05-06T13:28:54.527+0000][7][gc,heap     ] GC(89) Survivor regions: 1->1(3)
[2021-05-06T13:28:54.527+0000][7][gc,heap     ] GC(89) Old regions: 26->26
[2021-05-06T13:28:54.527+0000][7][gc,heap     ] GC(89) Archive regions: 2->2
[2021-05-06T13:28:54.527+0000][7][gc,heap     ] GC(89) Humongous regions: 2->2
[2021-05-06T13:28:54.527+0000][7][gc,metaspace] GC(89) Metaspace: 107359K(112232K)->107359K(112232K) NonClass: 93487K(97000K)->93487K(97000K) Class: 13871K(15232K)->13871K(15232K)
[2021-05-06T13:28:54.528+0000][7][gc          ] GC(89) Pause Young (Normal) (G1 Evacuation Pause) 202M->114M(256M) 8.412ms
[2021-05-06T13:28:54.528+0000][7][gc,cpu      ] GC(89) User=0.03s Sys=0.00s Real=0.01s
[2021-05-06T13:28:54.528+0000][7][safepoint   ] Safepoint "G1CollectForAllocation", Time since last: 53613365145 ns, Reaching safepoint: 689136 ns, At safepoint: 8644842 ns, Total: 9333978 ns
[2021-05-06T13:29:19.532+0000][7][safepoint   ] Safepoint "Cleanup", Time since last: 25004121926 ns, Reaching safepoint: 314046 ns, At safepoint: 54072 ns, Total: 368118 ns
[2021-05-06T13:29:25.534+0000][7][safepoint   ] Safepoint "Cleanup", Time since last: 6001254844 ns, Reaching safepoint: 407521 ns, At safepoint: 27109 ns, Total: 434630 ns
[2021-05-06T13:29:30.918+0000][7][safepoint   ] Safepoint "ICBufferFull", Time since last: 5383800287 ns, Reaching safepoint: 384458 ns, At safepoint: 15574 ns, Total: 400032 ns
[2021-05-06T13:29:31.919+0000][7][safepoint   ] Safepoint "Cleanup", Time since last: 1000220761 ns, Reaching safepoint: 330535 ns, At safepoint: 32718 ns, Total: 363253 ns
[2021-05-06T13:29:33.919+0000][7][safepoint   ] Safepoint "Cleanup", Time since last: 2000319415 ns, Reaching safepoint: 351160 ns, At safepoint: 24077 ns, Total: 375237 ns
[2021-05-06T13:29:35.920+0000][7][safepoint   ] Safepoint "Cleanup", Time since last: 2000369763 ns, Reaching safepoint: 286468 ns, At safepoint: 27111 ns, Total: 313579 ns
[2021-05-06T13:29:37.921+0000][7][safepoint   ] Safepoint "Cleanup", Time since last: 2000273922 ns, Reaching safepoint: 414071 ns, At safepoint: 34675 ns, Total: 448746 ns
[2021-05-06T13:29:58.924+0000][7][safepoint   ] Safepoint "Cleanup", Time since last: 21003003455 ns, Reaching safepoint: 340480 ns, At safepoint: 67911 ns, Total: 408391 ns
[2021-05-06T13:30:07.926+0000][7][safepoint   ] Safepoint "Cleanup", Time since last: 9001235287 ns, Reaching safepoint: 389589 ns, At safepoint: 40528 ns, Total: 430117 ns
[2021-05-06T13:30:25.929+0000][7][safepoint   ] Safepoint "Cleanup", Time since last: 18002727449 ns, Reaching safepoint: 282700 ns, At safepoint: 17733 ns, Total: 300433 ns
[2021-05-06T13:30:30.930+0000][7][safepoint   ] Safepoint "Cleanup", Time since last: 5000784093 ns, Reaching safepoint: 329114 ns, At safepoint: 22378 ns, Total: 351492 ns
[2021-05-06T13:30:33.351+0000][7][gc,start    ] GC(90) Pause Young (Concurrent Start) (G1 Evacuation Pause)
[2021-05-06T13:30:33.351+0000][7][gc,task     ] GC(90) Using 6 workers of 8 for evacuation
[2021-05-06T13:30:33.352+0000][7][gc,age      ] GC(90) Desired survivor size 6291456 bytes, new threshold 15 (max threshold 15)
[2021-05-06T13:30:33.358+0000][7][gc,age      ] GC(90) Age table with threshold 15 (max threshold 15)
[2021-05-06T13:30:33.358+0000][7][gc,age      ] GC(90) - age   1:     828656 bytes,     828656 total
[2021-05-06T13:30:33.358+0000][7][gc,age      ] GC(90) - age   2:        864 bytes,     829520 total
[2021-05-06T13:30:33.358+0000][7][gc,age      ] GC(90) - age   3:       4512 bytes,     834032 total
[2021-05-06T13:30:33.358+0000][7][gc,age      ] GC(90) - age   4:     291136 bytes,    1125168 total
[2021-05-06T13:30:33.358+0000][7][gc,age      ] GC(90) - age   5:        752 bytes,    1125920 total
[2021-05-06T13:30:33.358+0000][7][gc,age      ] GC(90) - age   6:       6832 bytes,    1132752 total
[2021-05-06T13:30:33.358+0000][7][gc,age      ] GC(90) - age   7:       2720 bytes,    1135472 total
[2021-05-06T13:30:33.358+0000][7][gc,age      ] GC(90) - age   8:       2800 bytes,    1138272 total
[2021-05-06T13:30:33.358+0000][7][gc,age      ] GC(90) - age   9:       3800 bytes,    1142072 total
[2021-05-06T13:30:33.358+0000][7][gc,age      ] GC(90) - age  10:       2072 bytes,    1144144 total
[2021-05-06T13:30:33.358+0000][7][gc,age      ] GC(90) - age  11:       5448 bytes,    1149592 total
[2021-05-06T13:30:33.358+0000][7][gc,age      ] GC(90) - age  12:       3456 bytes,    1153048 total
[2021-05-06T13:30:33.358+0000][7][gc,age      ] GC(90) - age  13:       4296 bytes,    1157344 total
[2021-05-06T13:30:33.358+0000][7][gc,age      ] GC(90) - age  14:       1824 bytes,    1159168 total
[2021-05-06T13:30:33.358+0000][7][gc,age      ] GC(90) - age  15:       8448 bytes,    1167616 total
[2021-05-06T13:30:33.358+0000][7][gc,phases   ] GC(90)   Pre Evacuate Collection Set: 0.3ms
[2021-05-06T13:30:33.358+0000][7][gc,phases   ] GC(90)   Merge Heap Roots: 0.2ms
[2021-05-06T13:30:33.358+0000][7][gc,phases   ] GC(90)   Evacuate Collection Set: 3.7ms
[2021-05-06T13:30:33.358+0000][7][gc,phases   ] GC(90)   Post Evacuate Collection Set: 1.7ms
[2021-05-06T13:30:33.358+0000][7][gc,phases   ] GC(90)   Other: 1.0ms
[2021-05-06T13:30:33.358+0000][7][gc,heap     ] GC(90) Eden regions: 22->0(22)
[2021-05-06T13:30:33.358+0000][7][gc,heap     ] GC(90) Survivor regions: 1->1(3)
[2021-05-06T13:30:33.358+0000][7][gc,heap     ] GC(90) Old regions: 26->26
[2021-05-06T13:30:33.358+0000][7][gc,heap     ] GC(90) Archive regions: 2->2
[2021-05-06T13:30:33.358+0000][7][gc,heap     ] GC(90) Humongous regions: 2->2
[2021-05-06T13:30:33.359+0000][7][gc,metaspace] GC(90) Metaspace: 107405K(112232K)->107405K(112232K) NonClass: 93532K(97000K)->93532K(97000K) Class: 13873K(15232K)->13873K(15232K)
[2021-05-06T13:30:33.359+0000][7][gc          ] GC(90) Pause Young (Concurrent Start) (G1 Evacuation Pause) 202M->114M(256M) 7.239ms
[2021-05-06T13:30:33.359+0000][7][gc,cpu      ] GC(90) User=0.03s Sys=0.00s Real=0.01s
[2021-05-06T13:30:33.359+0000][7][gc          ] GC(91) Concurrent Cycle
[2021-05-06T13:30:33.359+0000][7][safepoint   ] Safepoint "G1CollectForAllocation", Time since last: 2420932146 ns, Reaching safepoint: 384354 ns, At safepoint: 7544388 ns, Total: 7928742 ns
[2021-05-06T13:30:33.359+0000][7][gc,marking  ] GC(91) Concurrent Clear Claimed Marks
[2021-05-06T13:30:33.359+0000][7][gc,marking  ] GC(91) Concurrent Clear Claimed Marks 0.258ms
[2021-05-06T13:30:33.359+0000][7][gc,marking  ] GC(91) Concurrent Scan Root Regions
[2021-05-06T13:30:33.365+0000][7][gc,marking  ] GC(91) Concurrent Scan Root Regions 5.590ms
[2021-05-06T13:30:33.365+0000][7][gc,marking  ] GC(91) Concurrent Mark (4885.677s)
[2021-05-06T13:30:33.365+0000][7][gc,marking  ] GC(91) Concurrent Mark From Roots
[2021-05-06T13:30:33.365+0000][7][gc,task     ] GC(91) Using 2 workers of 2 for marking
[2021-05-06T13:30:33.484+0000][7][gc,marking  ] GC(91) Concurrent Mark From Roots 119.300ms
[2021-05-06T13:30:33.484+0000][7][gc,marking  ] GC(91) Concurrent Preclean
[2021-05-06T13:30:33.485+0000][7][gc,marking  ] GC(91) Concurrent Preclean 0.253ms
[2021-05-06T13:30:33.485+0000][7][gc,marking  ] GC(91) Concurrent Mark (4885.677s, 4885.797s) 119.666ms
[2021-05-06T13:30:33.485+0000][7][gc,start    ] GC(91) Pause Remark
[2021-05-06T13:30:33.491+0000][7][gc          ] GC(91) Pause Remark 115M->115M(256M) 5.833ms
[2021-05-06T13:30:33.491+0000][7][gc,cpu      ] GC(91) User=0.03s Sys=0.00s Real=0.00s
[2021-05-06T13:30:33.491+0000][7][safepoint   ] Safepoint "G1Concurrent", Time since last: 125776947 ns, Reaching safepoint: 112191 ns, At safepoint: 5912328 ns, Total: 6024519 ns
[2021-05-06T13:30:33.491+0000][7][gc,marking  ] GC(91) Concurrent Rebuild Remembered Sets
[2021-05-06T13:30:33.555+0000][7][gc,marking  ] GC(91) Concurrent Rebuild Remembered Sets 64.083ms
[2021-05-06T13:30:33.555+0000][7][gc,start    ] GC(91) Pause Cleanup
[2021-05-06T13:30:33.555+0000][7][gc          ] GC(91) Pause Cleanup 115M->115M(256M) 0.074ms
[2021-05-06T13:30:33.555+0000][7][gc,cpu      ] GC(91) User=0.01s Sys=0.00s Real=0.00s
[2021-05-06T13:30:33.555+0000][7][safepoint   ] Safepoint "G1Concurrent", Time since last: 64224793 ns, Reaching safepoint: 151097 ns, At safepoint: 115934 ns, Total: 267031 ns
[2021-05-06T13:30:33.555+0000][7][gc,marking  ] GC(91) Concurrent Cleanup for Next Mark
[2021-05-06T13:30:33.555+0000][7][gc,marking  ] GC(91) Concurrent Cleanup for Next Mark 0.151ms
[2021-05-06T13:30:33.555+0000][7][gc          ] GC(91) Concurrent Cycle 196.517ms
[2021-05-06T13:30:37.556+0000][7][safepoint   ] Safepoint "Cleanup", Time since last: 4000565255 ns, Reaching safepoint: 347952 ns, At safepoint: 24236 ns, Total: 372188 ns
[2021-05-06T13:31:07.561+0000][7][safepoint   ] Safepoint "Cleanup", Time since last: 30004643587 ns, Reaching safepoint: 262347 ns, At safepoint: 8840 ns, Total: 271187 ns
[2021-05-06T13:31:33.565+0000][7][safepoint   ] Safepoint "Cleanup", Time since last: 26003398975 ns, Reaching safepoint: 325378 ns, At safepoint: 24242 ns, Total: 349620 ns
[2021-05-06T13:31:34.565+0000][7][safepoint   ] Safepoint "Cleanup", Time since last: 1000263172 ns, Reaching safepoint: 338660 ns, At safepoint: 31756 ns, Total: 370416 ns
[2021-05-06T13:31:37.566+0000][7][safepoint   ] Safepoint "Cleanup", Time since last: 3000448734 ns, Reaching safepoint: 382197 ns, At safepoint: 23615 ns, Total: 405812 ns
[2021-05-06T13:32:00.570+0000][7][safepoint   ] Safepoint "Cleanup", Time since last: 23003309652 ns, Reaching safepoint: 366465 ns, At safepoint: 21051 ns, Total: 387516 ns
[2021-05-06T13:32:07.571+0000][7][safepoint   ] Safepoint "Cleanup", Time since last: 7000920744 ns, Reaching safepoint: 117147 ns, At safepoint: 9016 ns, Total: 126163 ns
[2021-05-06T13:32:50.293+0000][7][gc,start    ] GC(92) Pause Young (Normal) (G1 Evacuation Pause)
[2021-05-06T13:32:50.293+0000][7][gc,task     ] GC(92) Using 6 workers of 8 for evacuation
[2021-05-06T13:32:50.293+0000][7][gc,age      ] GC(92) Desired survivor size 6291456 bytes, new threshold 15 (max threshold 15)
[2021-05-06T13:32:50.300+0000][7][gc,age      ] GC(92) Age table with threshold 15 (max threshold 15)
[2021-05-06T13:32:50.300+0000][7][gc,age      ] GC(92) - age   1:     514672 bytes,     514672 total
[2021-05-06T13:32:50.300+0000][7][gc,age      ] GC(92) - age   2:     282608 bytes,     797280 total
[2021-05-06T13:32:50.300+0000][7][gc,age      ] GC(92) - age   3:        576 bytes,     797856 total
[2021-05-06T13:32:50.300+0000][7][gc,age      ] GC(92) - age   4:       4512 bytes,     802368 total
[2021-05-06T13:32:50.300+0000][7][gc,age      ] GC(92) - age   5:     291080 bytes,    1093448 total
[2021-05-06T13:32:50.300+0000][7][gc,age      ] GC(92) - age   6:        752 bytes,    1094200 total
[2021-05-06T13:32:50.300+0000][7][gc,age      ] GC(92) - age   7:       6832 bytes,    1101032 total
[2021-05-06T13:32:50.300+0000][7][gc,age      ] GC(92) - age   8:       2720 bytes,    1103752 total
[2021-05-06T13:32:50.300+0000][7][gc,age      ] GC(92) - age   9:       2800 bytes,    1106552 total
[2021-05-06T13:32:50.300+0000][7][gc,age      ] GC(92) - age  10:       3800 bytes,    1110352 total
[2021-05-06T13:32:50.301+0000][7][gc,age      ] GC(92) - age  11:       2072 bytes,    1112424 total
[2021-05-06T13:32:50.301+0000][7][gc,age      ] GC(92) - age  12:       5448 bytes,    1117872 total
[2021-05-06T13:32:50.301+0000][7][gc,age      ] GC(92) - age  13:       3456 bytes,    1121328 total
[2021-05-06T13:32:50.301+0000][7][gc,age      ] GC(92) - age  14:       4296 bytes,    1125624 total
[2021-05-06T13:32:50.301+0000][7][gc,age      ] GC(92) - age  15:       1824 bytes,    1127448 total
[2021-05-06T13:32:50.301+0000][7][gc,phases   ] GC(92)   Pre Evacuate Collection Set: 0.2ms
[2021-05-06T13:32:50.301+0000][7][gc,phases   ] GC(92)   Merge Heap Roots: 0.2ms
[2021-05-06T13:32:50.301+0000][7][gc,phases   ] GC(92)   Evacuate Collection Set: 4.7ms
[2021-05-06T13:32:50.301+0000][7][gc,phases   ] GC(92)   Post Evacuate Collection Set: 2.0ms
[2021-05-06T13:32:50.301+0000][7][gc,phases   ] GC(92)   Other: 0.8ms
[2021-05-06T13:32:50.301+0000][7][gc,heap     ] GC(92) Eden regions: 22->0(22)
[2021-05-06T13:32:50.301+0000][7][gc,heap     ] GC(92) Survivor regions: 1->1(3)
[2021-05-06T13:32:50.301+0000][7][gc,heap     ] GC(92) Old regions: 26->26
[2021-05-06T13:32:50.301+0000][7][gc,heap     ] GC(92) Archive regions: 2->2
[2021-05-06T13:32:50.301+0000][7][gc,heap     ] GC(92) Humongous regions: 2->2
[2021-05-06T13:32:50.301+0000][7][gc,metaspace] GC(92) Metaspace: 107428K(112232K)->107428K(112232K) NonClass: 93555K(97000K)->93555K(97000K) Class: 13873K(15232K)->13873K(15232K)
[2021-05-06T13:32:50.301+0000][7][gc          ] GC(92) Pause Young (Normal) (G1 Evacuation Pause) 202M->114M(256M) 8.141ms
[2021-05-06T13:32:50.301+0000][7][gc,cpu      ] GC(92) User=0.04s Sys=0.00s Real=0.00s
[2021-05-06T13:32:50.301+0000][7][safepoint   ] Safepoint "G1CollectForAllocation", Time since last: 42721510343 ns, Reaching safepoint: 365065 ns, At safepoint: 8405032 ns, Total: 8770097 ns
[2021-05-06T13:33:31.307+0000][7][safepoint   ] Safepoint "Cleanup", Time since last: 41005342338 ns, Reaching safepoint: 376186 ns, At safepoint: 51479 ns, Total: 427665 ns
[2021-05-06T13:34:07.313+0000][7][safepoint   ] Safepoint "Cleanup", Time since last: 36005378377 ns, Reaching safepoint: 411910 ns, At safepoint: 31126 ns, Total: 443036 ns
[2021-05-06T13:34:34.317+0000][7][safepoint   ] Safepoint "Cleanup", Time since last: 27004374975 ns, Reaching safepoint: 219200 ns, At safepoint: 14481 ns, Total: 233681 ns
[2021-05-06T13:34:38.318+0000][7][safepoint   ] Safepoint "Cleanup", Time since last: 4000773382 ns, Reaching safepoint: 152582 ns, At safepoint: 15700 ns, Total: 168282 ns
[2021-05-06T13:35:00.499+0000][7][gc,start    ] GC(93) Pause Young (Concurrent Start) (G1 Evacuation Pause)
[2021-05-06T13:35:00.499+0000][7][gc,task     ] GC(93) Using 6 workers of 8 for evacuation
[2021-05-06T13:35:00.499+0000][7][gc,age      ] GC(93) Desired survivor size 6291456 bytes, new threshold 15 (max threshold 15)
[2021-05-06T13:35:00.506+0000][7][gc,age      ] GC(93) Age table with threshold 15 (max threshold 15)
[2021-05-06T13:35:00.506+0000][7][gc,age      ] GC(93) - age   1:     515576 bytes,     515576 total
[2021-05-06T13:35:00.506+0000][7][gc,age      ] GC(93) - age   2:       6616 bytes,     522192 total
[2021-05-06T13:35:00.506+0000][7][gc,age      ] GC(93) - age   3:     157984 bytes,     680176 total
[2021-05-06T13:35:00.506+0000][7][gc,age      ] GC(93) - age   4:        576 bytes,     680752 total
[2021-05-06T13:35:00.506+0000][7][gc,age      ] GC(93) - age   5:       4512 bytes,     685264 total
[2021-05-06T13:35:00.506+0000][7][gc,age      ] GC(93) - age   6:     291080 bytes,     976344 total
[2021-05-06T13:35:00.506+0000][7][gc,age      ] GC(93) - age   7:        632 bytes,     976976 total
[2021-05-06T13:35:00.506+0000][7][gc,age      ] GC(93) - age   8:       6832 bytes,     983808 total
[2021-05-06T13:35:00.506+0000][7][gc,age      ] GC(93) - age   9:       2720 bytes,     986528 total
[2021-05-06T13:35:00.506+0000][7][gc,age      ] GC(93) - age  10:       2800 bytes,     989328 total
[2021-05-06T13:35:00.506+0000][7][gc,age      ] GC(93) - age  11:       3800 bytes,     993128 total
[2021-05-06T13:35:00.506+0000][7][gc,age      ] GC(93) - age  12:       1960 bytes,     995088 total
[2021-05-06T13:35:00.506+0000][7][gc,age      ] GC(93) - age  13:       5448 bytes,    1000536 total
[2021-05-06T13:35:00.506+0000][7][gc,age      ] GC(93) - age  14:       3456 bytes,    1003992 total
[2021-05-06T13:35:00.506+0000][7][gc,age      ] GC(93) - age  15:       4296 bytes,    1008288 total
[2021-05-06T13:35:00.506+0000][7][gc,phases   ] GC(93)   Pre Evacuate Collection Set: 0.5ms
[2021-05-06T13:35:00.506+0000][7][gc,phases   ] GC(93)   Merge Heap Roots: 0.2ms
[2021-05-06T13:35:00.506+0000][7][gc,phases   ] GC(93)   Evacuate Collection Set: 3.9ms
[2021-05-06T13:35:00.506+0000][7][gc,phases   ] GC(93)   Post Evacuate Collection Set: 1.8ms
[2021-05-06T13:35:00.507+0000][7][gc,phases   ] GC(93)   Other: 0.9ms
[2021-05-06T13:35:00.507+0000][7][gc,heap     ] GC(93) Eden regions: 22->0(22)
[2021-05-06T13:35:00.507+0000][7][gc,heap     ] GC(93) Survivor regions: 1->1(3)
[2021-05-06T13:35:00.507+0000][7][gc,heap     ] GC(93) Old regions: 26->26
[2021-05-06T13:35:00.507+0000][7][gc,heap     ] GC(93) Archive regions: 2->2
[2021-05-06T13:35:00.507+0000][7][gc,heap     ] GC(93) Humongous regions: 2->2
[2021-05-06T13:35:00.507+0000][7][gc,metaspace] GC(93) Metaspace: 107461K(112232K)->107461K(112232K) NonClass: 93588K(97000K)->93588K(97000K) Class: 13873K(15232K)->13873K(15232K)
[2021-05-06T13:35:00.507+0000][7][gc          ] GC(93) Pause Young (Concurrent Start) (G1 Evacuation Pause) 202M->114M(256M) 7.599ms
[2021-05-06T13:35:00.507+0000][7][gc,cpu      ] GC(93) User=0.02s Sys=0.01s Real=0.01s
[2021-05-06T13:35:00.507+0000][7][safepoint   ] Safepoint "G1CollectForAllocation", Time since last: 22180414643 ns, Reaching safepoint: 304892 ns, At safepoint: 7903482 ns, Total: 8208374 ns
[2021-05-06T13:35:00.507+0000][7][gc          ] GC(94) Concurrent Cycle
[2021-05-06T13:35:00.507+0000][7][gc,marking  ] GC(94) Concurrent Clear Claimed Marks
[2021-05-06T13:35:00.507+0000][7][gc,marking  ] GC(94) Concurrent Clear Claimed Marks 0.215ms
[2021-05-06T13:35:00.507+0000][7][gc,marking  ] GC(94) Concurrent Scan Root Regions
[2021-05-06T13:35:00.510+0000][7][gc,marking  ] GC(94) Concurrent Scan Root Regions 2.772ms
[2021-05-06T13:35:00.510+0000][7][gc,marking  ] GC(94) Concurrent Mark (5152.823s)
[2021-05-06T13:35:00.510+0000][7][gc,marking  ] GC(94) Concurrent Mark From Roots
[2021-05-06T13:35:00.510+0000][7][gc,task     ] GC(94) Using 2 workers of 2 for marking
[2021-05-06T13:35:00.629+0000][7][gc,marking  ] GC(94) Concurrent Mark From Roots 118.322ms
[2021-05-06T13:35:00.629+0000][7][gc,marking  ] GC(94) Concurrent Preclean
[2021-05-06T13:35:00.629+0000][7][gc,marking  ] GC(94) Concurrent Preclean 0.306ms
[2021-05-06T13:35:00.629+0000][7][gc,marking  ] GC(94) Concurrent Mark (5152.823s, 5152.941s) 118.701ms
[2021-05-06T13:35:00.629+0000][7][gc,start    ] GC(94) Pause Remark
[2021-05-06T13:35:00.635+0000][7][gc          ] GC(94) Pause Remark 114M->114M(256M) 6.168ms
[2021-05-06T13:35:00.635+0000][7][gc,cpu      ] GC(94) User=0.03s Sys=0.00s Real=0.01s
[2021-05-06T13:35:00.635+0000][7][safepoint   ] Safepoint "G1Concurrent", Time since last: 122024825 ns, Reaching safepoint: 118542 ns, At safepoint: 6251893 ns, Total: 6370435 ns
[2021-05-06T13:35:00.635+0000][7][gc,marking  ] GC(94) Concurrent Rebuild Remembered Sets
[2021-05-06T13:35:00.699+0000][7][gc,marking  ] GC(94) Concurrent Rebuild Remembered Sets 63.858ms
[2021-05-06T13:35:00.699+0000][7][gc,start    ] GC(94) Pause Cleanup
[2021-05-06T13:35:00.700+0000][7][gc          ] GC(94) Pause Cleanup 115M->115M(256M) 0.079ms
[2021-05-06T13:35:00.700+0000][7][gc,cpu      ] GC(94) User=0.00s Sys=0.00s Real=0.00s
[2021-05-06T13:35:00.700+0000][7][safepoint   ] Safepoint "G1Concurrent", Time since last: 63986663 ns, Reaching safepoint: 98411 ns, At safepoint: 119211 ns, Total: 217622 ns
[2021-05-06T13:35:00.700+0000][7][gc,marking  ] GC(94) Concurrent Cleanup for Next Mark
[2021-05-06T13:35:00.700+0000][7][gc,marking  ] GC(94) Concurrent Cleanup for Next Mark 0.205ms
[2021-05-06T13:35:00.700+0000][7][gc          ] GC(94) Concurrent Cycle 192.850ms
[2021-05-06T13:35:54.708+0000][7][safepoint   ] Safepoint "Cleanup", Time since last: 54007522244 ns, Reaching safepoint: 351500 ns, At safepoint: 31140 ns, Total: 382640 ns
[2021-05-06T13:36:00.709+0000][7][safepoint   ] Safepoint "Cleanup", Time since last: 6001213662 ns, Reaching safepoint: 311915 ns, At safepoint: 22401 ns, Total: 334316 ns
[2021-05-06T13:36:33.715+0000][7][safepoint   ] Safepoint "Cleanup", Time since last: 33005036943 ns, Reaching safepoint: 479984 ns, At safepoint: 32666 ns, Total: 512650 ns
[2021-05-06T13:36:55.718+0000][7][safepoint   ] Safepoint "Cleanup", Time since last: 22003388675 ns, Reaching safepoint: 374767 ns, At safepoint: 23918 ns, Total: 398685 ns
[2021-05-06T13:37:07.721+0000][7][safepoint   ] Safepoint "Cleanup", Time since last: 12001888993 ns, Reaching safepoint: 356601 ns, At safepoint: 35428 ns, Total: 392029 ns
[2021-05-06T13:37:20.705+0000][7][gc,start    ] GC(95) Pause Young (Normal) (G1 Evacuation Pause)
[2021-05-06T13:37:20.705+0000][7][gc,task     ] GC(95) Using 6 workers of 8 for evacuation
[2021-05-06T13:37:20.705+0000][7][gc,age      ] GC(95) Desired survivor size 6291456 bytes, new threshold 15 (max threshold 15)
[2021-05-06T13:37:20.713+0000][7][gc,age      ] GC(95) Age table with threshold 15 (max threshold 15)
[2021-05-06T13:37:20.714+0000][7][gc,age      ] GC(95) - age   1:     523952 bytes,     523952 total
[2021-05-06T13:37:20.714+0000][7][gc,age      ] GC(95) - age   2:       2488 bytes,     526440 total
[2021-05-06T13:37:20.714+0000][7][gc,age      ] GC(95) - age   3:       4712 bytes,     531152 total
[2021-05-06T13:37:20.714+0000][7][gc,age      ] GC(95) - age   4:     157816 bytes,     688968 total
[2021-05-06T13:37:20.714+0000][7][gc,age      ] GC(95) - age   5:        576 bytes,     689544 total
[2021-05-06T13:37:20.714+0000][7][gc,age      ] GC(95) - age   6:       4416 bytes,     693960 total
[2021-05-06T13:37:20.714+0000][7][gc,age      ] GC(95) - age   7:     291080 bytes,     985040 total
[2021-05-06T13:37:20.714+0000][7][gc,age      ] GC(95) - age   8:        632 bytes,     985672 total
[2021-05-06T13:37:20.714+0000][7][gc,age      ] GC(95) - age   9:       6832 bytes,     992504 total
[2021-05-06T13:37:20.714+0000][7][gc,age      ] GC(95) - age  10:       2624 bytes,     995128 total
[2021-05-06T13:37:20.714+0000][7][gc,age      ] GC(95) - age  11:       2800 bytes,     997928 total
[2021-05-06T13:37:20.714+0000][7][gc,age      ] GC(95) - age  12:       3800 bytes,    1001728 total
[2021-05-06T13:37:20.714+0000][7][gc,age      ] GC(95) - age  13:       1960 bytes,    1003688 total
[2021-05-06T13:37:20.714+0000][7][gc,age      ] GC(95) - age  14:       5448 bytes,    1009136 total
[2021-05-06T13:37:20.714+0000][7][gc,age      ] GC(95) - age  15:       3456 bytes,    1012592 total
[2021-05-06T13:37:20.714+0000][7][gc,phases   ] GC(95)   Pre Evacuate Collection Set: 0.3ms
[2021-05-06T13:37:20.714+0000][7][gc,phases   ] GC(95)   Merge Heap Roots: 0.2ms
[2021-05-06T13:37:20.714+0000][7][gc,phases   ] GC(95)   Evacuate Collection Set: 5.6ms
[2021-05-06T13:37:20.714+0000][7][gc,phases   ] GC(95)   Post Evacuate Collection Set: 2.0ms
[2021-05-06T13:37:20.714+0000][7][gc,phases   ] GC(95)   Other: 0.9ms
[2021-05-06T13:37:20.714+0000][7][gc,heap     ] GC(95) Eden regions: 22->0(22)
[2021-05-06T13:37:20.714+0000][7][gc,heap     ] GC(95) Survivor regions: 1->1(3)
[2021-05-06T13:37:20.714+0000][7][gc,heap     ] GC(95) Old regions: 26->26
[2021-05-06T13:37:20.714+0000][7][gc,heap     ] GC(95) Archive regions: 2->2
[2021-05-06T13:37:20.714+0000][7][gc,heap     ] GC(95) Humongous regions: 2->2
[2021-05-06T13:37:20.714+0000][7][gc,metaspace] GC(95) Metaspace: 107475K(112232K)->107475K(112232K) NonClass: 93600K(97000K)->93600K(97000K) Class: 13874K(15232K)->13874K(15232K)
[2021-05-06T13:37:20.714+0000][7][gc          ] GC(95) Pause Young (Normal) (G1 Evacuation Pause) 202M->114M(256M) 9.261ms
[2021-05-06T13:37:20.714+0000][7][gc,cpu      ] GC(95) User=0.03s Sys=0.01s Real=0.01s
[2021-05-06T13:37:20.714+0000][7][safepoint   ] Safepoint "G1CollectForAllocation", Time since last: 12983857131 ns, Reaching safepoint: 421920 ns, At safepoint: 9516179 ns, Total: 9938099 ns
[2021-05-06T13:37:33.717+0000][7][safepoint   ] Safepoint "Cleanup", Time since last: 13002191712 ns, Reaching safepoint: 403675 ns, At safepoint: 28910 ns, Total: 432585 ns
[2021-05-06T13:37:37.718+0000][7][safepoint   ] Safepoint "Cleanup", Time since last: 4000564093 ns, Reaching safepoint: 501057 ns, At safepoint: 38094 ns, Total: 539151 ns
[2021-05-06T13:38:00.722+0000][7][safepoint   ] Safepoint "Cleanup", Time since last: 23003341328 ns, Reaching safepoint: 327674 ns, At safepoint: 33580 ns, Total: 361254 ns
[2021-05-06T13:38:19.725+0000][7][safepoint   ] Safepoint "Cleanup", Time since last: 19002714575 ns, Reaching safepoint: 389094 ns, At safepoint: 30839 ns, Total: 419933 ns
[2021-05-06T13:38:24.726+0000][7][safepoint   ] Safepoint "Cleanup", Time since last: 5000788785 ns, Reaching safepoint: 465481 ns, At safepoint: 32557 ns, Total: 498038 ns
[2021-05-06T13:38:30.728+0000][7][safepoint   ] Safepoint "Cleanup", Time since last: 6000887740 ns, Reaching safepoint: 412059 ns, At safepoint: 32226 ns, Total: 444285 ns
[2021-05-06T13:39:07.733+0000][7][safepoint   ] Safepoint "Cleanup", Time since last: 37005228709 ns, Reaching safepoint: 567686 ns, At safepoint: 24843 ns, Total: 592529 ns
[2021-05-06T13:39:30.738+0000][7][safepoint   ] Safepoint "Cleanup", Time since last: 23003843868 ns, Reaching safepoint: 442023 ns, At safepoint: 33279 ns, Total: 475302 ns
[2021-05-06T13:39:30.887+0000][7][gc,start    ] GC(96) Pause Young (Concurrent Start) (G1 Evacuation Pause)
[2021-05-06T13:39:30.887+0000][7][gc,task     ] GC(96) Using 6 workers of 8 for evacuation
[2021-05-06T13:39:30.887+0000][7][gc,age      ] GC(96) Desired survivor size 6291456 bytes, new threshold 15 (max threshold 15)
[2021-05-06T13:39:30.889+0000][7][gc,age      ] GC(96) Age table with threshold 15 (max threshold 15)
[2021-05-06T13:39:30.889+0000][7][gc,age      ] GC(96) - age   1:     806224 bytes,     806224 total
[2021-05-06T13:39:30.889+0000][7][gc,age      ] GC(96) - age   2:      12936 bytes,     819160 total
[2021-05-06T13:39:30.889+0000][7][gc,age      ] GC(96) - age   3:       2488 bytes,     821648 total
[2021-05-06T13:39:30.889+0000][7][gc,age      ] GC(96) - age   4:       4592 bytes,     826240 total
[2021-05-06T13:39:30.889+0000][7][gc,age      ] GC(96) - age   5:      51360 bytes,     877600 total
[2021-05-06T13:39:30.889+0000][7][gc,age      ] GC(96) - age   6:        336 bytes,     877936 total
[2021-05-06T13:39:30.889+0000][7][gc,age      ] GC(96) - age   7:       4208 bytes,     882144 total
[2021-05-06T13:39:30.889+0000][7][gc,age      ] GC(96) - age   8:     291080 bytes,    1173224 total
[2021-05-06T13:39:30.889+0000][7][gc,age      ] GC(96) - age   9:        632 bytes,    1173856 total
[2021-05-06T13:39:30.889+0000][7][gc,age      ] GC(96) - age  10:       4704 bytes,    1178560 total
[2021-05-06T13:39:30.889+0000][7][gc,age      ] GC(96) - age  11:       2584 bytes,    1181144 total
[2021-05-06T13:39:30.889+0000][7][gc,age      ] GC(96) - age  12:       2800 bytes,    1183944 total
[2021-05-06T13:39:30.889+0000][7][gc,age      ] GC(96) - age  13:       3800 bytes,    1187744 total
[2021-05-06T13:39:30.889+0000][7][gc,age      ] GC(96) - age  14:       1960 bytes,    1189704 total
[2021-05-06T13:39:30.889+0000][7][gc,age      ] GC(96) - age  15:       5448 bytes,    1195152 total
[2021-05-06T13:39:30.889+0000][7][gc,phases   ] GC(96)   Pre Evacuate Collection Set: 0.2ms
[2021-05-06T13:39:30.889+0000][7][gc,phases   ] GC(96)   Merge Heap Roots: 0.1ms
[2021-05-06T13:39:30.889+0000][7][gc,phases   ] GC(96)   Evacuate Collection Set: 1.4ms
[2021-05-06T13:39:30.889+0000][7][gc,phases   ] GC(96)   Post Evacuate Collection Set: 0.6ms
[2021-05-06T13:39:30.889+0000][7][gc,phases   ] GC(96)   Other: 0.3ms
[2021-05-06T13:39:30.889+0000][7][gc,heap     ] GC(96) Eden regions: 22->0(22)
[2021-05-06T13:39:30.889+0000][7][gc,heap     ] GC(96) Survivor regions: 1->1(3)
[2021-05-06T13:39:30.889+0000][7][gc,heap     ] GC(96) Old regions: 26->26
[2021-05-06T13:39:30.889+0000][7][gc,heap     ] GC(96) Archive regions: 2->2
[2021-05-06T13:39:30.889+0000][7][gc,heap     ] GC(96) Humongous regions: 2->2
[2021-05-06T13:39:30.889+0000][7][gc,metaspace] GC(96) Metaspace: 107493K(112232K)->107493K(112232K) NonClass: 93619K(97000K)->93619K(97000K) Class: 13874K(15232K)->13874K(15232K)
[2021-05-06T13:39:30.889+0000][7][gc          ] GC(96) Pause Young (Concurrent Start) (G1 Evacuation Pause) 202M->114M(256M) 2.730ms
[2021-05-06T13:39:30.889+0000][7][gc,cpu      ] GC(96) User=0.01s Sys=0.00s Real=0.00s
[2021-05-06T13:39:30.889+0000][7][safepoint   ] Safepoint "G1CollectForAllocation", Time since last: 148623202 ns, Reaching safepoint: 110234 ns, At safepoint: 2821257 ns, Total: 2931491 ns
[2021-05-06T13:39:30.889+0000][7][gc          ] GC(97) Concurrent Cycle
[2021-05-06T13:39:30.889+0000][7][gc,marking  ] GC(97) Concurrent Clear Claimed Marks
[2021-05-06T13:39:30.889+0000][7][gc,marking  ] GC(97) Concurrent Clear Claimed Marks 0.061ms
[2021-05-06T13:39:30.889+0000][7][gc,marking  ] GC(97) Concurrent Scan Root Regions
[2021-05-06T13:39:30.891+0000][7][gc,marking  ] GC(97) Concurrent Scan Root Regions 1.080ms
[2021-05-06T13:39:30.891+0000][7][gc,marking  ] GC(97) Concurrent Mark (5423.203s)
[2021-05-06T13:39:30.891+0000][7][gc,marking  ] GC(97) Concurrent Mark From Roots
[2021-05-06T13:39:30.891+0000][7][gc,task     ] GC(97) Using 2 workers of 2 for marking
[2021-05-06T13:39:30.996+0000][7][gc,marking  ] GC(97) Concurrent Mark From Roots 105.887ms
[2021-05-06T13:39:30.997+0000][7][gc,marking  ] GC(97) Concurrent Preclean
[2021-05-06T13:39:30.997+0000][7][gc,marking  ] GC(97) Concurrent Preclean 0.257ms
[2021-05-06T13:39:30.997+0000][7][gc,marking  ] GC(97) Concurrent Mark (5423.203s, 5423.309s) 106.205ms
[2021-05-06T13:39:30.997+0000][7][gc,start    ] GC(97) Pause Remark
[2021-05-06T13:39:31.003+0000][7][gc          ] GC(97) Pause Remark 130M->130M(256M) 6.274ms
[2021-05-06T13:39:31.003+0000][7][gc,cpu      ] GC(97) User=0.03s Sys=0.00s Real=0.00s
[2021-05-06T13:39:31.003+0000][7][safepoint   ] Safepoint "G1Concurrent", Time since last: 107502006 ns, Reaching safepoint: 148403 ns, At safepoint: 6394328 ns, Total: 6542731 ns
[2021-05-06T13:39:31.003+0000][7][gc,marking  ] GC(97) Concurrent Rebuild Remembered Sets
[2021-05-06T13:39:31.066+0000][7][gc,marking  ] GC(97) Concurrent Rebuild Remembered Sets 62.951ms
[2021-05-06T13:39:31.067+0000][7][gc,start    ] GC(97) Pause Cleanup
[2021-05-06T13:39:31.067+0000][7][gc          ] GC(97) Pause Cleanup 130M->130M(256M) 0.117ms
[2021-05-06T13:39:31.067+0000][7][gc,cpu      ] GC(97) User=0.00s Sys=0.00s Real=0.00s
[2021-05-06T13:39:31.067+0000][7][safepoint   ] Safepoint "G1Concurrent", Time since last: 63068591 ns, Reaching safepoint: 110392 ns, At safepoint: 169509 ns, Total: 279901 ns
[2021-05-06T13:39:31.067+0000][7][gc,marking  ] GC(97) Concurrent Cleanup for Next Mark
[2021-05-06T13:39:31.067+0000][7][gc,marking  ] GC(97) Concurrent Cleanup for Next Mark 0.201ms
[2021-05-06T13:39:31.067+0000][7][gc          ] GC(97) Concurrent Cycle 177.639ms
[2021-05-06T13:39:32.067+0000][7][safepoint   ] Safepoint "Cleanup", Time since last: 1000125211 ns, Reaching safepoint: 419852 ns, At safepoint: 42064 ns, Total: 461916 ns
[2021-05-06T13:39:33.068+0000][7][safepoint   ] Safepoint "Cleanup", Time since last: 1000272486 ns, Reaching safepoint: 327050 ns, At safepoint: 24436 ns, Total: 351486 ns
[2021-05-06T13:39:34.069+0000][7][safepoint   ] Safepoint "Cleanup", Time since last: 1000262353 ns, Reaching safepoint: 460752 ns, At safepoint: 37366 ns, Total: 498118 ns
[2021-05-06T13:39:35.069+0000][7][safepoint   ] Safepoint "Cleanup", Time since last: 1000249403 ns, Reaching safepoint: 326685 ns, At safepoint: 29617 ns, Total: 356302 ns
[2021-05-06T13:40:01.074+0000][7][safepoint   ] Safepoint "Cleanup", Time since last: 26003939121 ns, Reaching safepoint: 442022 ns, At safepoint: 35541 ns, Total: 477563 ns
[2021-05-06T13:40:08.076+0000][7][safepoint   ] Safepoint "Cleanup", Time since last: 7001406233 ns, Reaching safepoint: 351987 ns, At safepoint: 28642 ns, Total: 380629 ns
[2021-05-06T13:40:16.077+0000][7][safepoint   ] Safepoint "Cleanup", Time since last: 8001365790 ns, Reaching safepoint: 346229 ns, At safepoint: 24293 ns, Total: 370522 ns
[2021-05-06T13:40:26.079+0000][7][safepoint   ] Safepoint "Cleanup", Time since last: 10001391572 ns, Reaching safepoint: 159587 ns, At safepoint: 10383 ns, Total: 169970 ns
[2021-05-06T13:40:30.436+0000][7][safepoint   ] Safepoint "Cleanup", Time since last: 4357474072 ns, Reaching safepoint: 186727 ns, At safepoint: 6503 ns, Total: 193230 ns
[2021-05-06T13:40:31.437+0000][7][safepoint   ] Safepoint "Cleanup", Time since last: 1000291462 ns, Reaching safepoint: 404741 ns, At safepoint: 31356 ns, Total: 436097 ns
[2021-05-06T13:40:36.438+0000][7][safepoint   ] Safepoint "Cleanup", Time since last: 5000771527 ns, Reaching safepoint: 116781 ns, At safepoint: 9402 ns, Total: 126183 ns
[2021-05-06T13:40:38.446+0000][7][safepoint   ] Safepoint "Cleanup", Time since last: 2007038278 ns, Reaching safepoint: 426804 ns, At safepoint: 40581 ns, Total: 467385 ns
[2021-05-06T13:41:16.082+0000][7][gc,start    ] GC(98) Pause Young (Normal) (G1 Evacuation Pause)
[2021-05-06T13:41:16.082+0000][7][gc,task     ] GC(98) Using 6 workers of 8 for evacuation
[2021-05-06T13:41:16.082+0000][7][gc,age      ] GC(98) Desired survivor size 6291456 bytes, new threshold 15 (max threshold 15)
[2021-05-06T13:41:16.089+0000][7][gc,age      ] GC(98) Age table with threshold 15 (max threshold 15)
[2021-05-06T13:41:16.089+0000][7][gc,age      ] GC(98) - age   1:     612704 bytes,     612704 total
[2021-05-06T13:41:16.089+0000][7][gc,age      ] GC(98) - age   2:     209784 bytes,     822488 total
[2021-05-06T13:41:16.089+0000][7][gc,age      ] GC(98) - age   3:      10104 bytes,     832592 total
[2021-05-06T13:41:16.089+0000][7][gc,age      ] GC(98) - age   4:       2320 bytes,     834912 total
[2021-05-06T13:41:16.089+0000][7][gc,age      ] GC(98) - age   5:       4592 bytes,     839504 total
[2021-05-06T13:41:16.089+0000][7][gc,age      ] GC(98) - age   6:       5536 bytes,     845040 total
[2021-05-06T13:41:16.089+0000][7][gc,age      ] GC(98) - age   7:        336 bytes,     845376 total
[2021-05-06T13:41:16.089+0000][7][gc,age      ] GC(98) - age   8:       4208 bytes,     849584 total
[2021-05-06T13:41:16.089+0000][7][gc,age      ] GC(98) - age   9:     290976 bytes,    1140560 total
[2021-05-06T13:41:16.089+0000][7][gc,age      ] GC(98) - age  10:        632 bytes,    1141192 total
[2021-05-06T13:41:16.089+0000][7][gc,age      ] GC(98) - age  11:       2416 bytes,    1143608 total
[2021-05-06T13:41:16.089+0000][7][gc,age      ] GC(98) - age  12:       2584 bytes,    1146192 total
[2021-05-06T13:41:16.089+0000][7][gc,age      ] GC(98) - age  13:       2800 bytes,    1148992 total
[2021-05-06T13:41:16.089+0000][7][gc,age      ] GC(98) - age  14:       3800 bytes,    1152792 total
[2021-05-06T13:41:16.089+0000][7][gc,age      ] GC(98) - age  15:       1728 bytes,    1154520 total
[2021-05-06T13:41:16.089+0000][7][gc,phases   ] GC(98)   Pre Evacuate Collection Set: 0.2ms
[2021-05-06T13:41:16.089+0000][7][gc,phases   ] GC(98)   Merge Heap Roots: 0.2ms
[2021-05-06T13:41:16.089+0000][7][gc,phases   ] GC(98)   Evacuate Collection Set: 4.1ms
[2021-05-06T13:41:16.089+0000][7][gc,phases   ] GC(98)   Post Evacuate Collection Set: 1.8ms
[2021-05-06T13:41:16.089+0000][7][gc,phases   ] GC(98)   Other: 0.8ms
[2021-05-06T13:41:16.089+0000][7][gc,heap     ] GC(98) Eden regions: 22->0(22)
[2021-05-06T13:41:16.089+0000][7][gc,heap     ] GC(98) Survivor regions: 1->1(3)
[2021-05-06T13:41:16.090+0000][7][gc,heap     ] GC(98) Old regions: 26->26
[2021-05-06T13:41:16.090+0000][7][gc,heap     ] GC(98) Archive regions: 2->2
[2021-05-06T13:41:16.090+0000][7][gc,heap     ] GC(98) Humongous regions: 2->2
[2021-05-06T13:41:16.090+0000][7][gc,metaspace] GC(98) Metaspace: 107514K(112232K)->107514K(112232K) NonClass: 93639K(97000K)->93639K(97000K) Class: 13875K(15232K)->13875K(15232K)
[2021-05-06T13:41:16.090+0000][7][gc          ] GC(98) Pause Young (Normal) (G1 Evacuation Pause) 202M->114M(256M) 7.338ms
[2021-05-06T13:41:16.090+0000][7][gc,cpu      ] GC(98) User=0.03s Sys=0.00s Real=0.01s
[2021-05-06T13:41:16.090+0000][7][safepoint   ] Safepoint "G1CollectForAllocation", Time since last: 37636155834 ns, Reaching safepoint: 434589 ns, At safepoint: 7551476 ns, Total: 7986065 ns
[2021-05-06T13:41:34.093+0000][7][safepoint   ] Safepoint "Cleanup", Time since last: 18002602843 ns, Reaching safepoint: 405081 ns, At safepoint: 43479 ns, Total: 448560 ns
[2021-05-06T13:41:47.095+0000][7][safepoint   ] Safepoint "Cleanup", Time since last: 13002166780 ns, Reaching safepoint: 363521 ns, At safepoint: 28593 ns, Total: 392114 ns
[2021-05-06T13:42:36.103+0000][7][safepoint   ] Safepoint "Cleanup", Time since last: 49007536265 ns, Reaching safepoint: 368928 ns, At safepoint: 26405 ns, Total: 395333 ns
[2021-05-06T13:42:38.105+0000][7][safepoint   ] Safepoint "Cleanup", Time since last: 2000752832 ns, Reaching safepoint: 446587 ns, At safepoint: 39140 ns, Total: 485727 ns
[2021-05-06T13:42:45.106+0000][7][safepoint   ] Safepoint "Cleanup", Time since last: 7001658273 ns, Reaching safepoint: 136766 ns, At safepoint: 8750 ns, Total: 145516 ns
[2021-05-06T13:43:08.110+0000][7][safepoint   ] Safepoint "Cleanup", Time since last: 23003282979 ns, Reaching safepoint: 407330 ns, At safepoint: 31258 ns, Total: 438588 ns
[2021-05-06T13:43:31.114+0000][7][safepoint   ] Safepoint "Cleanup", Time since last: 23003518935 ns, Reaching safepoint: 479732 ns, At safepoint: 47622 ns, Total: 527354 ns
[2021-05-06T13:43:34.266+0000][7][safepoint   ] Safepoint "Cleanup", Time since last: 3151300179 ns, Reaching safepoint: 368010 ns, At safepoint: 26659 ns, Total: 394669 ns
[2021-05-06T13:43:35.273+0000][7][safepoint   ] Safepoint "Cleanup", Time since last: 1007059261 ns, Reaching safepoint: 310328 ns, At safepoint: 27011 ns, Total: 337339 ns
[2021-05-06T13:43:36.976+0000][7][gc,start    ] GC(99) Pause Young (Concurrent Start) (G1 Evacuation Pause)
[2021-05-06T13:43:36.976+0000][7][gc,task     ] GC(99) Using 6 workers of 8 for evacuation
[2021-05-06T13:43:36.976+0000][7][gc,age      ] GC(99) Desired survivor size 6291456 bytes, new threshold 15 (max threshold 15)
[2021-05-06T13:43:36.983+0000][7][gc,age      ] GC(99) Age table with threshold 15 (max threshold 15)
[2021-05-06T13:43:36.983+0000][7][gc,age      ] GC(99) - age   1:     467080 bytes,     467080 total
[2021-05-06T13:43:36.983+0000][7][gc,age      ] GC(99) - age   2:     100104 bytes,     567184 total
[2021-05-06T13:43:36.983+0000][7][gc,age      ] GC(99) - age   3:     178792 bytes,     745976 total
[2021-05-06T13:43:36.983+0000][7][gc,age      ] GC(99) - age   4:      10104 bytes,     756080 total
[2021-05-06T13:43:36.983+0000][7][gc,age      ] GC(99) - age   5:       2224 bytes,     758304 total
[2021-05-06T13:43:36.983+0000][7][gc,age      ] GC(99) - age   6:       4392 bytes,     762696 total
[2021-05-06T13:43:36.983+0000][7][gc,age      ] GC(99) - age   7:       5536 bytes,     768232 total
[2021-05-06T13:43:36.983+0000][7][gc,age      ] GC(99) - age   8:        336 bytes,     768568 total
[2021-05-06T13:43:36.983+0000][7][gc,age      ] GC(99) - age   9:       4048 bytes,     772616 total
[2021-05-06T13:43:36.983+0000][7][gc,age      ] GC(99) - age  10:     290976 bytes,    1063592 total
[2021-05-06T13:43:36.983+0000][7][gc,age      ] GC(99) - age  11:        632 bytes,    1064224 total
[2021-05-06T13:43:36.983+0000][7][gc,age      ] GC(99) - age  12:       2376 bytes,    1066600 total
[2021-05-06T13:43:36.983+0000][7][gc,age      ] GC(99) - age  13:       2584 bytes,    1069184 total
[2021-05-06T13:43:36.983+0000][7][gc,age      ] GC(99) - age  14:       2800 bytes,    1071984 total
[2021-05-06T13:43:36.983+0000][7][gc,age      ] GC(99) - age  15:       3800 bytes,    1075784 total
[2021-05-06T13:43:36.983+0000][7][gc,phases   ] GC(99)   Pre Evacuate Collection Set: 0.4ms
[2021-05-06T13:43:36.983+0000][7][gc,phases   ] GC(99)   Merge Heap Roots: 0.2ms
[2021-05-06T13:43:36.983+0000][7][gc,phases   ] GC(99)   Evacuate Collection Set: 4.0ms
[2021-05-06T13:43:36.983+0000][7][gc,phases   ] GC(99)   Post Evacuate Collection Set: 1.9ms
[2021-05-06T13:43:36.983+0000][7][gc,phases   ] GC(99)   Other: 0.9ms
[2021-05-06T13:43:36.983+0000][7][gc,heap     ] GC(99) Eden regions: 22->0(22)
[2021-05-06T13:43:36.983+0000][7][gc,heap     ] GC(99) Survivor regions: 1->1(3)
[2021-05-06T13:43:36.983+0000][7][gc,heap     ] GC(99) Old regions: 26->26
[2021-05-06T13:43:36.983+0000][7][gc,heap     ] GC(99) Archive regions: 2->2
[2021-05-06T13:43:36.983+0000][7][gc,heap     ] GC(99) Humongous regions: 2->2
[2021-05-06T13:43:36.983+0000][7][gc,metaspace] GC(99) Metaspace: 107524K(112232K)->107524K(112232K) NonClass: 93649K(97000K)->93649K(97000K) Class: 13875K(15232K)->13875K(15232K)
[2021-05-06T13:43:36.984+0000][7][gc          ] GC(99) Pause Young (Concurrent Start) (G1 Evacuation Pause) 202M->114M(256M) 7.576ms
[2021-05-06T13:43:36.984+0000][7][gc,cpu      ] GC(99) User=0.03s Sys=0.00s Real=0.00s
[2021-05-06T13:43:36.984+0000][7][safepoint   ] Safepoint "G1CollectForAllocation", Time since last: 1702339468 ns, Reaching safepoint: 326576 ns, At safepoint: 7809522 ns, Total: 8136098 ns
[2021-05-06T13:43:36.984+0000][7][gc          ] GC(100) Concurrent Cycle
[2021-05-06T13:43:36.984+0000][7][gc,marking  ] GC(100) Concurrent Clear Claimed Marks
[2021-05-06T13:43:36.984+0000][7][gc,marking  ] GC(100) Concurrent Clear Claimed Marks 0.199ms
[2021-05-06T13:43:36.984+0000][7][gc,marking  ] GC(100) Concurrent Scan Root Regions
[2021-05-06T13:43:36.988+0000][7][gc,marking  ] GC(100) Concurrent Scan Root Regions 3.841ms
[2021-05-06T13:43:36.988+0000][7][gc,marking  ] GC(100) Concurrent Mark (5669.300s)
[2021-05-06T13:43:36.988+0000][7][gc,marking  ] GC(100) Concurrent Mark From Roots
[2021-05-06T13:43:36.988+0000][7][gc,task     ] GC(100) Using 2 workers of 2 for marking
[2021-05-06T13:43:37.109+0000][7][gc,marking  ] GC(100) Concurrent Mark From Roots 120.584ms
[2021-05-06T13:43:37.109+0000][7][gc,marking  ] GC(100) Concurrent Preclean
[2021-05-06T13:43:37.109+0000][7][gc,marking  ] GC(100) Concurrent Preclean 0.260ms
[2021-05-06T13:43:37.109+0000][7][gc,marking  ] GC(100) Concurrent Mark (5669.300s, 5669.421s) 120.915ms
[2021-05-06T13:43:37.109+0000][7][gc,start    ] GC(100) Pause Remark
[2021-05-06T13:43:37.115+0000][7][gc          ] GC(100) Pause Remark 115M->115M(256M) 5.860ms
[2021-05-06T13:43:37.115+0000][7][gc,cpu      ] GC(100) User=0.04s Sys=0.00s Real=0.01s
[2021-05-06T13:43:37.115+0000][7][safepoint   ] Safepoint "G1Concurrent", Time since last: 125224814 ns, Reaching safepoint: 144009 ns, At safepoint: 5939961 ns, Total: 6083970 ns
[2021-05-06T13:43:37.115+0000][7][gc,marking  ] GC(100) Concurrent Rebuild Remembered Sets
[2021-05-06T13:43:37.179+0000][7][gc,marking  ] GC(100) Concurrent Rebuild Remembered Sets 63.579ms
[2021-05-06T13:43:37.179+0000][7][gc,start    ] GC(100) Pause Cleanup
[2021-05-06T13:43:37.179+0000][7][gc          ] GC(100) Pause Cleanup 115M->115M(256M) 0.155ms
[2021-05-06T13:43:37.179+0000][7][gc,cpu      ] GC(100) User=0.00s Sys=0.00s Real=0.00s
[2021-05-06T13:43:37.179+0000][7][safepoint   ] Safepoint "G1Concurrent", Time since last: 63675862 ns, Reaching safepoint: 230491 ns, At safepoint: 212925 ns, Total: 443416 ns
[2021-05-06T13:43:37.179+0000][7][gc,marking  ] GC(100) Concurrent Cleanup for Next Mark
[2021-05-06T13:43:37.179+0000][7][gc,marking  ] GC(100) Concurrent Cleanup for Next Mark 0.179ms
[2021-05-06T13:43:37.179+0000][7][gc          ] GC(100) Concurrent Cycle 195.637ms
[2021-05-06T13:43:38.180+0000][7][safepoint   ] Safepoint "Cleanup", Time since last: 1000138625 ns, Reaching safepoint: 329443 ns, At safepoint: 28382 ns, Total: 357825 ns
[2021-05-06T13:43:54.182+0000][7][safepoint   ] Safepoint "Cleanup", Time since last: 16002443082 ns, Reaching safepoint: 361794 ns, At safepoint: 31917 ns, Total: 393711 ns
[2021-05-06T13:44:08.185+0000][7][safepoint   ] Safepoint "Cleanup", Time since last: 14002216901 ns, Reaching safepoint: 332128 ns, At safepoint: 31368 ns, Total: 363496 ns
[2021-05-06T13:44:23.188+0000][7][safepoint   ] Safepoint "Cleanup", Time since last: 15002683126 ns, Reaching safepoint: 361892 ns, At safepoint: 23364 ns, Total: 385256 ns
[2021-05-06T13:44:55.193+0000][7][safepoint   ] Safepoint "Cleanup", Time since last: 32004539235 ns, Reaching safepoint: 381084 ns, At safepoint: 28085 ns, Total: 409169 ns
[2021-05-06T13:45:25.436+0000][7][safepoint   ] Safepoint "Cleanup", Time since last: 30242048306 ns, Reaching safepoint: 406139 ns, At safepoint: 22000 ns, Total: 428139 ns
[2021-05-06T13:45:33.438+0000][7][safepoint   ] Safepoint "Cleanup", Time since last: 8001879672 ns, Reaching safepoint: 231828 ns, At safepoint: 11550 ns, Total: 243378 ns
[2021-05-06T13:45:43.241+0000][7][gc,start    ] GC(101) Pause Young (Normal) (G1 Evacuation Pause)
[2021-05-06T13:45:43.241+0000][7][gc,task     ] GC(101) Using 6 workers of 8 for evacuation
[2021-05-06T13:45:43.241+0000][7][gc,age      ] GC(101) Desired survivor size 6291456 bytes, new threshold 15 (max threshold 15)
[2021-05-06T13:45:43.247+0000][7][gc,age      ] GC(101) Age table with threshold 15 (max threshold 15)
[2021-05-06T13:45:43.247+0000][7][gc,age      ] GC(101) - age   1:     533760 bytes,     533760 total
[2021-05-06T13:45:43.247+0000][7][gc,age      ] GC(101) - age   2:       1656 bytes,     535416 total
[2021-05-06T13:45:43.247+0000][7][gc,age      ] GC(101) - age   3:      98416 bytes,     633832 total
[2021-05-06T13:45:43.247+0000][7][gc,age      ] GC(101) - age   4:      89696 bytes,     723528 total
[2021-05-06T13:45:43.247+0000][7][gc,age      ] GC(101) - age   5:       3968 bytes,     727496 total
[2021-05-06T13:45:43.247+0000][7][gc,age      ] GC(101) - age   6:       2224 bytes,     729720 total
[2021-05-06T13:45:43.247+0000][7][gc,age      ] GC(101) - age   7:       4392 bytes,     734112 total
[2021-05-06T13:45:43.247+0000][7][gc,age      ] GC(101) - age   8:       5496 bytes,     739608 total
[2021-05-06T13:45:43.247+0000][7][gc,age      ] GC(101) - age   9:        336 bytes,     739944 total
[2021-05-06T13:45:43.247+0000][7][gc,age      ] GC(101) - age  10:       4024 bytes,     743968 total
[2021-05-06T13:45:43.247+0000][7][gc,age      ] GC(101) - age  11:     290976 bytes,    1034944 total
[2021-05-06T13:45:43.247+0000][7][gc,age      ] GC(101) - age  12:        536 bytes,    1035480 total
[2021-05-06T13:45:43.247+0000][7][gc,age      ] GC(101) - age  13:       2376 bytes,    1037856 total
[2021-05-06T13:45:43.247+0000][7][gc,age      ] GC(101) - age  14:       2584 bytes,    1040440 total
[2021-05-06T13:45:43.247+0000][7][gc,age      ] GC(101) - age  15:       2776 bytes,    1043216 total
[2021-05-06T13:45:43.247+0000][7][gc,phases   ] GC(101)   Pre Evacuate Collection Set: 0.2ms
[2021-05-06T13:45:43.247+0000][7][gc,phases   ] GC(101)   Merge Heap Roots: 0.2ms
[2021-05-06T13:45:43.247+0000][7][gc,phases   ] GC(101)   Evacuate Collection Set: 3.8ms
[2021-05-06T13:45:43.247+0000][7][gc,phases   ] GC(101)   Post Evacuate Collection Set: 1.5ms
[2021-05-06T13:45:43.247+0000][7][gc,phases   ] GC(101)   Other: 0.8ms
[2021-05-06T13:45:43.247+0000][7][gc,heap     ] GC(101) Eden regions: 22->0(22)
[2021-05-06T13:45:43.247+0000][7][gc,heap     ] GC(101) Survivor regions: 1->1(3)
[2021-05-06T13:45:43.247+0000][7][gc,heap     ] GC(101) Old regions: 26->26
[2021-05-06T13:45:43.247+0000][7][gc,heap     ] GC(101) Archive regions: 2->2
[2021-05-06T13:45:43.248+0000][7][gc,heap     ] GC(101) Humongous regions: 2->2
[2021-05-06T13:45:43.248+0000][7][gc,metaspace] GC(101) Metaspace: 107594K(112488K)->107594K(112488K) NonClass: 93719K(97256K)->93719K(97256K) Class: 13875K(15232K)->13875K(15232K)
[2021-05-06T13:45:43.248+0000][7][gc          ] GC(101) Pause Young (Normal) (G1 Evacuation Pause) 202M->114M(256M) 6.719ms
[2021-05-06T13:45:43.248+0000][7][gc,cpu      ] GC(101) User=0.03s Sys=0.00s Real=0.01s
[2021-05-06T13:45:43.248+0000][7][safepoint   ] Safepoint "G1CollectForAllocation", Time since last: 9802832005 ns, Reaching safepoint: 327461 ns, At safepoint: 6935472 ns, Total: 7262933 ns
[2021-05-06T13:46:08.252+0000][7][safepoint   ] Safepoint "Cleanup", Time since last: 25003594377 ns, Reaching safepoint: 331632 ns, At safepoint: 31174 ns, Total: 362806 ns
[2021-05-06T13:46:34.256+0000][7][safepoint   ] Safepoint "Cleanup", Time since last: 26004104771 ns, Reaching safepoint: 502559 ns, At safepoint: 36157 ns, Total: 538716 ns
[2021-05-06T13:46:38.257+0000][7][safepoint   ] Safepoint "Cleanup", Time since last: 4000587791 ns, Reaching safepoint: 138124 ns, At safepoint: 7880 ns, Total: 146004 ns
[2021-05-06T13:47:07.261+0000][7][safepoint   ] Safepoint "Cleanup", Time since last: 29003573386 ns, Reaching safepoint: 322623 ns, At safepoint: 18457 ns, Total: 341080 ns
[2021-05-06T13:47:31.265+0000][7][safepoint   ] Safepoint "Cleanup", Time since last: 24003317120 ns, Reaching safepoint: 484436 ns, At safepoint: 32743 ns, Total: 517179 ns
[2021-05-06T13:48:06.748+0000][7][gc,start    ] GC(102) Pause Young (Concurrent Start) (G1 Evacuation Pause)
[2021-05-06T13:48:06.748+0000][7][gc,task     ] GC(102) Using 6 workers of 8 for evacuation
[2021-05-06T13:48:06.748+0000][7][gc,age      ] GC(102) Desired survivor size 6291456 bytes, new threshold 15 (max threshold 15)
[2021-05-06T13:48:06.754+0000][7][gc,age      ] GC(102) Age table with threshold 15 (max threshold 15)
[2021-05-06T13:48:06.754+0000][7][gc,age      ] GC(102) - age   1:     509384 bytes,     509384 total
[2021-05-06T13:48:06.754+0000][7][gc,age      ] GC(102) - age   2:       3112 bytes,     512496 total
[2021-05-06T13:48:06.754+0000][7][gc,age      ] GC(102) - age   3:       1504 bytes,     514000 total
[2021-05-06T13:48:06.754+0000][7][gc,age      ] GC(102) - age   4:      98416 bytes,     612416 total
[2021-05-06T13:48:06.754+0000][7][gc,age      ] GC(102) - age   5:      89576 bytes,     701992 total
[2021-05-06T13:48:06.754+0000][7][gc,age      ] GC(102) - age   6:       3968 bytes,     705960 total
[2021-05-06T13:48:06.754+0000][7][gc,age      ] GC(102) - age   7:       2184 bytes,     708144 total
[2021-05-06T13:48:06.754+0000][7][gc,age      ] GC(102) - age   8:       4392 bytes,     712536 total
[2021-05-06T13:48:06.754+0000][7][gc,age      ] GC(102) - age   9:       5496 bytes,     718032 total
[2021-05-06T13:48:06.754+0000][7][gc,age      ] GC(102) - age  10:        312 bytes,     718344 total
[2021-05-06T13:48:06.754+0000][7][gc,age      ] GC(102) - age  11:       4000 bytes,     722344 total
[2021-05-06T13:48:06.754+0000][7][gc,age      ] GC(102) - age  12:     290976 bytes,    1013320 total
[2021-05-06T13:48:06.754+0000][7][gc,age      ] GC(102) - age  13:        496 bytes,    1013816 total
[2021-05-06T13:48:06.754+0000][7][gc,age      ] GC(102) - age  14:       2376 bytes,    1016192 total
[2021-05-06T13:48:06.754+0000][7][gc,age      ] GC(102) - age  15:       2584 bytes,    1018776 total
[2021-05-06T13:48:06.754+0000][7][gc,phases   ] GC(102)   Pre Evacuate Collection Set: 0.4ms
[2021-05-06T13:48:06.754+0000][7][gc,phases   ] GC(102)   Merge Heap Roots: 0.3ms
[2021-05-06T13:48:06.754+0000][7][gc,phases   ] GC(102)   Evacuate Collection Set: 3.5ms
[2021-05-06T13:48:06.754+0000][7][gc,phases   ] GC(102)   Post Evacuate Collection Set: 1.2ms
[2021-05-06T13:48:06.754+0000][7][gc,phases   ] GC(102)   Other: 0.9ms
[2021-05-06T13:48:06.754+0000][7][gc,heap     ] GC(102) Eden regions: 22->0(22)
[2021-05-06T13:48:06.754+0000][7][gc,heap     ] GC(102) Survivor regions: 1->1(3)
[2021-05-06T13:48:06.754+0000][7][gc,heap     ] GC(102) Old regions: 26->26
[2021-05-06T13:48:06.754+0000][7][gc,heap     ] GC(102) Archive regions: 2->2
[2021-05-06T13:48:06.754+0000][7][gc,heap     ] GC(102) Humongous regions: 2->2
[2021-05-06T13:48:06.754+0000][7][gc,metaspace] GC(102) Metaspace: 107596K(112488K)->107596K(112488K) NonClass: 93721K(97256K)->93721K(97256K) Class: 13875K(15232K)->13875K(15232K)
[2021-05-06T13:48:06.755+0000][7][gc          ] GC(102) Pause Young (Concurrent Start) (G1 Evacuation Pause) 202M->114M(256M) 6.515ms
[2021-05-06T13:48:06.755+0000][7][gc,cpu      ] GC(102) User=0.02s Sys=0.01s Real=0.01s
[2021-05-06T13:48:06.755+0000][7][safepoint   ] Safepoint "G1CollectForAllocation", Time since last: 35482821179 ns, Reaching safepoint: 322432 ns, At safepoint: 6732587 ns, Total: 7055019 ns
[2021-05-06T13:48:06.755+0000][7][gc          ] GC(103) Concurrent Cycle
[2021-05-06T13:48:06.755+0000][7][gc,marking  ] GC(103) Concurrent Clear Claimed Marks
[2021-05-06T13:48:06.755+0000][7][gc,marking  ] GC(103) Concurrent Clear Claimed Marks 0.174ms
[2021-05-06T13:48:06.755+0000][7][gc,marking  ] GC(103) Concurrent Scan Root Regions
[2021-05-06T13:48:06.758+0000][7][gc,marking  ] GC(103) Concurrent Scan Root Regions 2.727ms
[2021-05-06T13:48:06.758+0000][7][gc,marking  ] GC(103) Concurrent Mark (5939.070s)
[2021-05-06T13:48:06.758+0000][7][gc,marking  ] GC(103) Concurrent Mark From Roots
[2021-05-06T13:48:06.758+0000][7][gc,task     ] GC(103) Using 2 workers of 2 for marking
[2021-05-06T13:48:06.875+0000][7][gc,marking  ] GC(103) Concurrent Mark From Roots 117.068ms
[2021-05-06T13:48:06.875+0000][7][gc,marking  ] GC(103) Concurrent Preclean
[2021-05-06T13:48:06.875+0000][7][gc,marking  ] GC(103) Concurrent Preclean 0.347ms
[2021-05-06T13:48:06.875+0000][7][gc,marking  ] GC(103) Concurrent Mark (5939.070s, 5939.188s) 117.502ms
[2021-05-06T13:48:06.875+0000][7][gc,start    ] GC(103) Pause Remark
[2021-05-06T13:48:06.881+0000][7][gc          ] GC(103) Pause Remark 115M->115M(256M) 5.362ms
[2021-05-06T13:48:06.881+0000][7][gc,cpu      ] GC(103) User=0.03s Sys=0.00s Real=0.00s
[2021-05-06T13:48:06.881+0000][7][safepoint   ] Safepoint "G1Concurrent", Time since last: 120624433 ns, Reaching safepoint: 156282 ns, At safepoint: 5444333 ns, Total: 5600615 ns
[2021-05-06T13:48:06.881+0000][7][gc,marking  ] GC(103) Concurrent Rebuild Remembered Sets
[2021-05-06T13:48:06.944+0000][7][gc,marking  ] GC(103) Concurrent Rebuild Remembered Sets 63.197ms
[2021-05-06T13:48:06.944+0000][7][gc,start    ] GC(103) Pause Cleanup
[2021-05-06T13:48:06.944+0000][7][gc          ] GC(103) Pause Cleanup 115M->115M(256M) 0.070ms
[2021-05-06T13:48:06.944+0000][7][gc,cpu      ] GC(103) User=0.00s Sys=0.00s Real=0.00s
[2021-05-06T13:48:06.944+0000][7][safepoint   ] Safepoint "G1Concurrent", Time since last: 63347691 ns, Reaching safepoint: 87710 ns, At safepoint: 112106 ns, Total: 199816 ns
[2021-05-06T13:48:06.945+0000][7][gc,marking  ] GC(103) Concurrent Cleanup for Next Mark
[2021-05-06T13:48:06.945+0000][7][gc,marking  ] GC(103) Concurrent Cleanup for Next Mark 0.220ms
[2021-05-06T13:48:06.945+0000][7][gc          ] GC(103) Concurrent Cycle 190.086ms
[2021-05-06T13:48:18.947+0000][7][safepoint   ] Safepoint "Cleanup", Time since last: 12001779466 ns, Reaching safepoint: 474202 ns, At safepoint: 29130 ns, Total: 503332 ns
[2021-05-06T13:48:30.949+0000][7][safepoint   ] Safepoint "Cleanup", Time since last: 12001748186 ns, Reaching safepoint: 430114 ns, At safepoint: 33328 ns, Total: 463442 ns
[2021-05-06T13:49:30.957+0000][7][safepoint   ] Safepoint "Cleanup", Time since last: 60008303747 ns, Reaching safepoint: 117318 ns, At safepoint: 8778 ns, Total: 126096 ns
[2021-05-06T13:49:31.958+0000][7][safepoint   ] Safepoint "Cleanup", Time since last: 1000153367 ns, Reaching safepoint: 280994 ns, At safepoint: 17494 ns, Total: 298488 ns
[2021-05-06T13:49:33.959+0000][7][safepoint   ] Safepoint "Cleanup", Time since last: 2000431575 ns, Reaching safepoint: 385432 ns, At safepoint: 45030 ns, Total: 430462 ns
[2021-05-06T13:49:41.650+0000][7][gc,start    ] GC(104) Pause Young (Normal) (G1 Evacuation Pause)
[2021-05-06T13:49:41.650+0000][7][gc,task     ] GC(104) Using 6 workers of 8 for evacuation
[2021-05-06T13:49:41.650+0000][7][gc,age      ] GC(104) Desired survivor size 6291456 bytes, new threshold 15 (max threshold 15)
[2021-05-06T13:49:41.657+0000][7][gc,age      ] GC(104) Age table with threshold 15 (max threshold 15)
[2021-05-06T13:49:41.657+0000][7][gc,age      ] GC(104) - age   1:     898232 bytes,     898232 total
[2021-05-06T13:49:41.657+0000][7][gc,age      ] GC(104) - age   2:        904 bytes,     899136 total
[2021-05-06T13:49:41.657+0000][7][gc,age      ] GC(104) - age   3:       2944 bytes,     902080 total
[2021-05-06T13:49:41.657+0000][7][gc,age      ] GC(104) - age   4:       1264 bytes,     903344 total
[2021-05-06T13:49:41.657+0000][7][gc,age      ] GC(104) - age   5:       4704 bytes,     908048 total
[2021-05-06T13:49:41.657+0000][7][gc,age      ] GC(104) - age   6:       5368 bytes,     913416 total
[2021-05-06T13:49:41.657+0000][7][gc,age      ] GC(104) - age   7:       3968 bytes,     917384 total
[2021-05-06T13:49:41.657+0000][7][gc,age      ] GC(104) - age   8:       2128 bytes,     919512 total
[2021-05-06T13:49:41.657+0000][7][gc,age      ] GC(104) - age   9:       4392 bytes,     923904 total
[2021-05-06T13:49:41.657+0000][7][gc,age      ] GC(104) - age  10:       4248 bytes,     928152 total
[2021-05-06T13:49:41.657+0000][7][gc,age      ] GC(104) - age  11:        312 bytes,     928464 total
[2021-05-06T13:49:41.657+0000][7][gc,age      ] GC(104) - age  12:       4000 bytes,     932464 total
[2021-05-06T13:49:41.657+0000][7][gc,age      ] GC(104) - age  13:     290976 bytes,    1223440 total
[2021-05-06T13:49:41.657+0000][7][gc,age      ] GC(104) - age  14:        496 bytes,    1223936 total
[2021-05-06T13:49:41.657+0000][7][gc,age      ] GC(104) - age  15:       2104 bytes,    1226040 total
[2021-05-06T13:49:41.657+0000][7][gc,phases   ] GC(104)   Pre Evacuate Collection Set: 0.2ms
[2021-05-06T13:49:41.657+0000][7][gc,phases   ] GC(104)   Merge Heap Roots: 0.2ms
[2021-05-06T13:49:41.657+0000][7][gc,phases   ] GC(104)   Evacuate Collection Set: 4.0ms
[2021-05-06T13:49:41.657+0000][7][gc,phases   ] GC(104)   Post Evacuate Collection Set: 2.1ms
[2021-05-06T13:49:41.657+0000][7][gc,phases   ] GC(104)   Other: 0.9ms
[2021-05-06T13:49:41.657+0000][7][gc,heap     ] GC(104) Eden regions: 22->0(22)
[2021-05-06T13:49:41.657+0000][7][gc,heap     ] GC(104) Survivor regions: 1->1(3)
[2021-05-06T13:49:41.657+0000][7][gc,heap     ] GC(104) Old regions: 26->26
[2021-05-06T13:49:41.657+0000][7][gc,heap     ] GC(104) Archive regions: 2->2
[2021-05-06T13:49:41.657+0000][7][gc,heap     ] GC(104) Humongous regions: 2->2
[2021-05-06T13:49:41.657+0000][7][gc,metaspace] GC(104) Metaspace: 107637K(112488K)->107637K(112488K) NonClass: 93761K(97256K)->93761K(97256K) Class: 13875K(15232K)->13875K(15232K)
[2021-05-06T13:49:41.657+0000][7][gc          ] GC(104) Pause Young (Normal) (G1 Evacuation Pause) 202M->114M(256M) 7.639ms
[2021-05-06T13:49:41.658+0000][7][gc,cpu      ] GC(104) User=0.03s Sys=0.00s Real=0.01s
[2021-05-06T13:49:41.658+0000][7][safepoint   ] Safepoint "G1CollectForAllocation", Time since last: 7690662803 ns, Reaching safepoint: 360782 ns, At safepoint: 7868341 ns, Total: 8229123 ns
[2021-05-06T13:50:00.661+0000][7][safepoint   ] Safepoint "Cleanup", Time since last: 19003020760 ns, Reaching safepoint: 222346 ns, At safepoint: 24517 ns, Total: 246863 ns
[2021-05-06T13:50:07.662+0000][7][safepoint   ] Safepoint "Cleanup", Time since last: 7000968845 ns, Reaching safepoint: 387916 ns, At safepoint: 25350 ns, Total: 413266 ns
[2021-05-06T13:50:33.666+0000][7][safepoint   ] Safepoint "Cleanup", Time since last: 26003633048 ns, Reaching safepoint: 434609 ns, At safepoint: 37003 ns, Total: 471612 ns
[2021-05-06T13:51:05.672+0000][7][safepoint   ] Safepoint "Cleanup", Time since last: 32004829256 ns, Reaching safepoint: 490925 ns, At safepoint: 39051 ns, Total: 529976 ns
[2021-05-06T13:51:25.676+0000][7][safepoint   ] Safepoint "Cleanup", Time since last: 20003680171 ns, Reaching safepoint: 498409 ns, At safepoint: 37299 ns, Total: 535708 ns
[2021-05-06T13:52:05.135+0000][7][gc,start    ] GC(105) Pause Young (Concurrent Start) (G1 Evacuation Pause)
[2021-05-06T13:52:05.135+0000][7][gc,task     ] GC(105) Using 6 workers of 8 for evacuation
[2021-05-06T13:52:05.135+0000][7][gc,age      ] GC(105) Desired survivor size 6291456 bytes, new threshold 15 (max threshold 15)
[2021-05-06T13:52:05.141+0000][7][gc,age      ] GC(105) Age table with threshold 15 (max threshold 15)
[2021-05-06T13:52:05.141+0000][7][gc,age      ] GC(105) - age   1:     509304 bytes,     509304 total
[2021-05-06T13:52:05.141+0000][7][gc,age      ] GC(105) - age   2:     381328 bytes,     890632 total
[2021-05-06T13:52:05.141+0000][7][gc,age      ] GC(105) - age   3:        672 bytes,     891304 total
[2021-05-06T13:52:05.141+0000][7][gc,age      ] GC(105) - age   4:       2944 bytes,     894248 total
[2021-05-06T13:52:05.141+0000][7][gc,age      ] GC(105) - age   5:        944 bytes,     895192 total
[2021-05-06T13:52:05.141+0000][7][gc,age      ] GC(105) - age   6:       4640 bytes,     899832 total
[2021-05-06T13:52:05.141+0000][7][gc,age      ] GC(105) - age   7:       5328 bytes,     905160 total
[2021-05-06T13:52:05.141+0000][7][gc,age      ] GC(105) - age   8:       3968 bytes,     909128 total
[2021-05-06T13:52:05.141+0000][7][gc,age      ] GC(105) - age   9:       2128 bytes,     911256 total
[2021-05-06T13:52:05.141+0000][7][gc,age      ] GC(105) - age  10:       4392 bytes,     915648 total
[2021-05-06T13:52:05.141+0000][7][gc,age      ] GC(105) - age  11:       4248 bytes,     919896 total
[2021-05-06T13:52:05.141+0000][7][gc,age      ] GC(105) - age  12:        312 bytes,     920208 total
[2021-05-06T13:52:05.141+0000][7][gc,age      ] GC(105) - age  13:       4000 bytes,     924208 total
[2021-05-06T13:52:05.141+0000][7][gc,age      ] GC(105) - age  14:     290976 bytes,    1215184 total
[2021-05-06T13:52:05.142+0000][7][gc,age      ] GC(105) - age  15:        496 bytes,    1215680 total
[2021-05-06T13:52:05.142+0000][7][gc,phases   ] GC(105)   Pre Evacuate Collection Set: 0.4ms
[2021-05-06T13:52:05.142+0000][7][gc,phases   ] GC(105)   Merge Heap Roots: 0.2ms
[2021-05-06T13:52:05.142+0000][7][gc,phases   ] GC(105)   Evacuate Collection Set: 3.6ms
[2021-05-06T13:52:05.142+0000][7][gc,phases   ] GC(105)   Post Evacuate Collection Set: 1.4ms
[2021-05-06T13:52:05.142+0000][7][gc,phases   ] GC(105)   Other: 1.0ms
[2021-05-06T13:52:05.142+0000][7][gc,heap     ] GC(105) Eden regions: 22->0(22)
[2021-05-06T13:52:05.142+0000][7][gc,heap     ] GC(105) Survivor regions: 1->1(3)
[2021-05-06T13:52:05.142+0000][7][gc,heap     ] GC(105) Old regions: 26->26
[2021-05-06T13:52:05.142+0000][7][gc,heap     ] GC(105) Archive regions: 2->2
[2021-05-06T13:52:05.142+0000][7][gc,heap     ] GC(105) Humongous regions: 2->2
[2021-05-06T13:52:05.142+0000][7][gc,metaspace] GC(105) Metaspace: 107637K(112488K)->107637K(112488K) NonClass: 93762K(97256K)->93762K(97256K) Class: 13875K(15232K)->13875K(15232K)
[2021-05-06T13:52:05.142+0000][7][gc          ] GC(105) Pause Young (Concurrent Start) (G1 Evacuation Pause) 202M->114M(256M) 6.908ms
[2021-05-06T13:52:05.142+0000][7][gc,cpu      ] GC(105) User=0.01s Sys=0.01s Real=0.00s
[2021-05-06T13:52:05.142+0000][7][safepoint   ] Safepoint "G1CollectForAllocation", Time since last: 39458671813 ns, Reaching safepoint: 361643 ns, At safepoint: 7195923 ns, Total: 7557566 ns
[2021-05-06T13:52:05.142+0000][7][gc          ] GC(106) Concurrent Cycle
[2021-05-06T13:52:05.142+0000][7][gc,marking  ] GC(106) Concurrent Clear Claimed Marks
[2021-05-06T13:52:05.142+0000][7][gc,marking  ] GC(106) Concurrent Clear Claimed Marks 0.187ms
[2021-05-06T13:52:05.142+0000][7][gc,marking  ] GC(106) Concurrent Scan Root Regions
[2021-05-06T13:52:05.148+0000][7][gc,marking  ] GC(106) Concurrent Scan Root Regions 5.669ms
[2021-05-06T13:52:05.148+0000][7][gc,marking  ] GC(106) Concurrent Mark (6177.461s)
[2021-05-06T13:52:05.148+0000][7][gc,marking  ] GC(106) Concurrent Mark From Roots
[2021-05-06T13:52:05.148+0000][7][gc,task     ] GC(106) Using 2 workers of 2 for marking
[2021-05-06T13:52:05.266+0000][7][gc,marking  ] GC(106) Concurrent Mark From Roots 117.308ms
[2021-05-06T13:52:05.266+0000][7][gc,marking  ] GC(106) Concurrent Preclean
[2021-05-06T13:52:05.266+0000][7][gc,marking  ] GC(106) Concurrent Preclean 0.235ms
[2021-05-06T13:52:05.266+0000][7][gc,marking  ] GC(106) Concurrent Mark (6177.461s, 6177.578s) 117.630ms
[2021-05-06T13:52:05.266+0000][7][gc,start    ] GC(106) Pause Remark
[2021-05-06T13:52:05.272+0000][7][gc          ] GC(106) Pause Remark 114M->114M(256M) 5.457ms
[2021-05-06T13:52:05.272+0000][7][gc,cpu      ] GC(106) User=0.03s Sys=0.00s Real=0.00s
[2021-05-06T13:52:05.272+0000][7][safepoint   ] Safepoint "G1Concurrent", Time since last: 123847096 ns, Reaching safepoint: 98114 ns, At safepoint: 5535221 ns, Total: 5633335 ns
[2021-05-06T13:52:05.272+0000][7][gc,marking  ] GC(106) Concurrent Rebuild Remembered Sets
[2021-05-06T13:52:05.334+0000][7][gc,marking  ] GC(106) Concurrent Rebuild Remembered Sets 62.275ms
[2021-05-06T13:52:05.334+0000][7][gc,start    ] GC(106) Pause Cleanup
[2021-05-06T13:52:05.334+0000][7][gc          ] GC(106) Pause Cleanup 114M->114M(256M) 0.085ms
[2021-05-06T13:52:05.334+0000][7][gc,cpu      ] GC(106) User=0.00s Sys=0.00s Real=0.00s
[2021-05-06T13:52:05.334+0000][7][safepoint   ] Safepoint "G1Concurrent", Time since last: 62429327 ns, Reaching safepoint: 134386 ns, At safepoint: 133950 ns, Total: 268336 ns
[2021-05-06T13:52:05.334+0000][7][gc,marking  ] GC(106) Concurrent Cleanup for Next Mark
[2021-05-06T13:52:05.335+0000][7][gc,marking  ] GC(106) Concurrent Cleanup for Next Mark 0.203ms
[2021-05-06T13:52:05.335+0000][7][gc          ] GC(106) Concurrent Cycle 192.410ms
[2021-05-06T13:52:31.339+0000][7][safepoint   ] Safepoint "Cleanup", Time since last: 26004117753 ns, Reaching safepoint: 423949 ns, At safepoint: 30442 ns, Total: 454391 ns
[2021-05-06T13:52:34.340+0000][7][safepoint   ] Safepoint "Cleanup", Time since last: 3000863518 ns, Reaching safepoint: 499002 ns, At safepoint: 42402 ns, Total: 541404 ns
[2021-05-06T13:54:11.267+0000][7][gc,start    ] GC(107) Pause Young (Normal) (G1 Evacuation Pause)
[2021-05-06T13:54:11.267+0000][7][gc,task     ] GC(107) Using 6 workers of 8 for evacuation
[2021-05-06T13:54:11.267+0000][7][gc,age      ] GC(107) Desired survivor size 6291456 bytes, new threshold 15 (max threshold 15)
[2021-05-06T13:54:11.296+0000][7][gc,age      ] GC(107) Age table with threshold 15 (max threshold 15)
[2021-05-06T13:54:11.296+0000][7][gc,age      ] GC(107) - age   1:     754528 bytes,     754528 total
[2021-05-06T13:54:11.296+0000][7][gc,age      ] GC(107) - age   2:       1056 bytes,     755584 total
[2021-05-06T13:54:11.296+0000][7][gc,age      ] GC(107) - age   3:     226944 bytes,     982528 total
[2021-05-06T13:54:11.296+0000][7][gc,age      ] GC(107) - age   4:        648 bytes,     983176 total
[2021-05-06T13:54:11.296+0000][7][gc,age      ] GC(107) - age   5:       2848 bytes,     986024 total
[2021-05-06T13:54:11.296+0000][7][gc,age      ] GC(107) - age   6:        944 bytes,     986968 total
[2021-05-06T13:54:11.296+0000][7][gc,age      ] GC(107) - age   7:       4608 bytes,     991576 total
[2021-05-06T13:54:11.296+0000][7][gc,age      ] GC(107) - age   8:       5208 bytes,     996784 total
[2021-05-06T13:54:11.296+0000][7][gc,age      ] GC(107) - age   9:       3792 bytes,    1000576 total
[2021-05-06T13:54:11.296+0000][7][gc,age      ] GC(107) - age  10:       2128 bytes,    1002704 total
[2021-05-06T13:54:11.296+0000][7][gc,age      ] GC(107) - age  11:       4392 bytes,    1007096 total
[2021-05-06T13:54:11.296+0000][7][gc,age      ] GC(107) - age  12:       4248 bytes,    1011344 total
[2021-05-06T13:54:11.297+0000][7][gc,age      ] GC(107) - age  13:        216 bytes,    1011560 total
[2021-05-06T13:54:11.297+0000][7][gc,age      ] GC(107) - age  14:       4000 bytes,    1015560 total
[2021-05-06T13:54:11.297+0000][7][gc,age      ] GC(107) - age  15:     290976 bytes,    1306536 total
[2021-05-06T13:54:11.297+0000][7][gc,phases   ] GC(107)   Pre Evacuate Collection Set: 0.1ms
[2021-05-06T13:54:11.297+0000][7][gc,phases   ] GC(107)   Merge Heap Roots: 0.2ms
[2021-05-06T13:54:11.297+0000][7][gc,phases   ] GC(107)   Evacuate Collection Set: 26.1ms
[2021-05-06T13:54:11.297+0000][7][gc,phases   ] GC(107)   Post Evacuate Collection Set: 3.2ms
[2021-05-06T13:54:11.297+0000][7][gc,phases   ] GC(107)   Other: 0.3ms
[2021-05-06T13:54:11.297+0000][7][gc,heap     ] GC(107) Eden regions: 22->0(22)
[2021-05-06T13:54:11.297+0000][7][gc,heap     ] GC(107) Survivor regions: 1->1(3)
[2021-05-06T13:54:11.297+0000][7][gc,heap     ] GC(107) Old regions: 26->26
[2021-05-06T13:54:11.297+0000][7][gc,heap     ] GC(107) Archive regions: 2->2
[2021-05-06T13:54:11.297+0000][7][gc,heap     ] GC(107) Humongous regions: 2->2
[2021-05-06T13:54:11.297+0000][7][gc,metaspace] GC(107) Metaspace: 107801K(112744K)->107801K(112744K) NonClass: 93894K(97512K)->93894K(97512K) Class: 13906K(15232K)->13906K(15232K)
[2021-05-06T13:54:11.297+0000][7][gc          ] GC(107) Pause Young (Normal) (G1 Evacuation Pause) 202M->114M(256M) 30.051ms
[2021-05-06T13:54:11.297+0000][7][gc,cpu      ] GC(107) User=0.02s Sys=0.00s Real=0.03s
[2021-05-06T13:54:11.297+0000][7][safepoint   ] Safepoint "G1CollectForAllocation", Time since last: 96925375065 ns, Reaching safepoint: 967314 ns, At safepoint: 30161088 ns, Total: 31128402 ns
[2021-05-06T13:54:11.317+0000][7][gc,heap,exit] Heap
[2021-05-06T13:54:11.317+0000][7][gc,heap,exit]  garbage-first heap   total 262144K, used 117654K [0x00000000f0000000, 0x0000000100000000)
[2021-05-06T13:54:11.317+0000][7][gc,heap,exit]   region size 4096K, 2 young (8192K), 1 survivors (4096K)
[2021-05-06T13:54:11.317+0000][7][gc,heap,exit]  Metaspace       used 107810K, capacity 111398K, committed 112744K, reserved 1146880K
[2021-05-06T13:54:11.317+0000][7][gc,heap,exit]   class space    used 13908K, capacity 15152K, committed 15232K, reserved 1048576K
