[2021-05-07T01:01:37.919+0000][7][gc] Using G1
[2021-05-07T01:01:38.061+0000][7][gc,init] Version: 15.0.1+9 (release)
[2021-05-07T01:01:38.061+0000][7][gc,init] CPUs: 8 total, 8 available
[2021-05-07T01:01:38.061+0000][7][gc,init] Memory: 15907M
[2021-05-07T01:01:38.061+0000][7][gc,init] Large Page Support: Disabled
[2021-05-07T01:01:38.061+0000][7][gc,init] NUMA Support: Disabled
[2021-05-07T01:01:38.061+0000][7][gc,init] Compressed Oops: Enabled (32-bit)
[2021-05-07T01:01:38.061+0000][7][gc,init] Heap Region Size: 4M
[2021-05-07T01:01:38.061+0000][7][gc,init] Heap Min Capacity: 256M
[2021-05-07T01:01:38.061+0000][7][gc,init] Heap Initial Capacity: 256M
[2021-05-07T01:01:38.061+0000][7][gc,init] Heap Max Capacity: 256M
[2021-05-07T01:01:38.061+0000][7][gc,init] Pre-touch: Enabled
[2021-05-07T01:01:38.061+0000][7][gc,init] Parallel Workers: 8
[2021-05-07T01:01:38.061+0000][7][gc,init] Concurrent Workers: 2
[2021-05-07T01:01:38.061+0000][7][gc,init] Concurrent Refinement Workers: 8
[2021-05-07T01:01:38.061+0000][7][gc,init] Periodic GC: Disabled
[2021-05-07T01:01:38.061+0000][7][gc,cds ] Mark closed archive regions in map: [0x00000000ffc00000, 0x00000000ffc7bff8]
[2021-05-07T01:01:38.061+0000][7][gc,cds ] Mark open archive regions in map: [0x00000000ffb00000, 0x00000000ffb51ff8]
[2021-05-07T01:01:38.061+0000][7][gc,metaspace] CDS archive(s) mapped at: [0x0000000800000000-0x0000000800b2a000-0x0000000800b2a000), size 11706368, SharedBaseAddress: 0x0000000800000000, ArchiveRelocationMode: 0.
[2021-05-07T01:01:38.061+0000][7][gc,metaspace] Compressed class space mapped at: 0x0000000800b2c000-0x0000000840b2c000, size: 1073741824
[2021-05-07T01:01:38.061+0000][7][gc,metaspace] Narrow klass base: 0x0000000800000000, Narrow klass shift: 3, Narrow klass range: 0x100000000
[2021-05-07T01:01:38.855+0000][7][safepoint   ] Safepoint "ICBufferFull", Time since last: 775537869 ns, Reaching safepoint: 148475 ns, At safepoint: 5292 ns, Total: 153767 ns
[2021-05-07T01:01:39.020+0000][7][gc,start    ] GC(0) Pause Young (Normal) (G1 Evacuation Pause)
[2021-05-07T01:01:39.020+0000][7][gc,task     ] GC(0) Using 6 workers of 8 for evacuation
[2021-05-07T01:01:39.020+0000][7][gc,age      ] GC(0) Desired survivor size 2097152 bytes, new threshold 15 (max threshold 15)
[2021-05-07T01:01:39.023+0000][7][gc,age      ] GC(0) Age table with threshold 15 (max threshold 15)
[2021-05-07T01:01:39.023+0000][7][gc,age      ] GC(0) - age   1:    3682304 bytes,    3682304 total
[2021-05-07T01:01:39.023+0000][7][gc,phases   ] GC(0)   Pre Evacuate Collection Set: 0.1ms
[2021-05-07T01:01:39.023+0000][7][gc,phases   ] GC(0)   Merge Heap Roots: 0.0ms
[2021-05-07T01:01:39.023+0000][7][gc,phases   ] GC(0)   Evacuate Collection Set: 3.0ms
[2021-05-07T01:01:39.023+0000][7][gc,phases   ] GC(0)   Post Evacuate Collection Set: 0.2ms
[2021-05-07T01:01:39.023+0000][7][gc,phases   ] GC(0)   Other: 0.6ms
[2021-05-07T01:01:39.023+0000][7][gc,heap     ] GC(0) Eden regions: 5->0(5)
[2021-05-07T01:01:39.023+0000][7][gc,heap     ] GC(0) Survivor regions: 0->1(1)
[2021-05-07T01:01:39.023+0000][7][gc,heap     ] GC(0) Old regions: 0->0
[2021-05-07T01:01:39.023+0000][7][gc,heap     ] GC(0) Archive regions: 2->2
[2021-05-07T01:01:39.023+0000][7][gc,heap     ] GC(0) Humongous regions: 0->0
[2021-05-07T01:01:39.024+0000][7][gc,metaspace] GC(0) Metaspace: 6710K(8960K)->6710K(8960K) NonClass: 5977K(7936K)->5977K(7936K) Class: 732K(1024K)->732K(1024K)
[2021-05-07T01:01:39.024+0000][7][gc          ] GC(0) Pause Young (Normal) (G1 Evacuation Pause) 23M->7M(256M) 4.004ms
[2021-05-07T01:01:39.024+0000][7][gc,cpu      ] GC(0) User=0.01s Sys=0.00s Real=0.00s
[2021-05-07T01:01:39.024+0000][7][safepoint   ] Safepoint "G1CollectForAllocation", Time since last: 164130048 ns, Reaching safepoint: 96631 ns, At safepoint: 4066582 ns, Total: 4163213 ns
[2021-05-07T01:01:40.033+0000][7][safepoint   ] Safepoint "Cleanup", Time since last: 1009075660 ns, Reaching safepoint: 293144 ns, At safepoint: 4941 ns, Total: 298085 ns
[2021-05-07T01:01:40.689+0000][7][gc,start    ] GC(1) Pause Young (Normal) (G1 Evacuation Pause)
[2021-05-07T01:01:40.689+0000][7][gc,task     ] GC(1) Using 6 workers of 8 for evacuation
[2021-05-07T01:01:40.689+0000][7][gc,age      ] GC(1) Desired survivor size 2097152 bytes, new threshold 1 (max threshold 15)
[2021-05-07T01:01:40.701+0000][7][gc,age      ] GC(1) Age table with threshold 1 (max threshold 15)
[2021-05-07T01:01:40.701+0000][7][gc,age      ] GC(1) - age   1:    1940416 bytes,    1940416 total
[2021-05-07T01:01:40.701+0000][7][gc,phases   ] GC(1)   Pre Evacuate Collection Set: 0.1ms
[2021-05-07T01:01:40.701+0000][7][gc,phases   ] GC(1)   Merge Heap Roots: 0.0ms
[2021-05-07T01:01:40.701+0000][7][gc,phases   ] GC(1)   Evacuate Collection Set: 11.1ms
[2021-05-07T01:01:40.701+0000][7][gc,phases   ] GC(1)   Post Evacuate Collection Set: 0.6ms
[2021-05-07T01:01:40.701+0000][7][gc,phases   ] GC(1)   Other: 0.2ms
[2021-05-07T01:01:40.701+0000][7][gc,heap     ] GC(1) Eden regions: 5->0(12)
[2021-05-07T01:01:40.701+0000][7][gc,heap     ] GC(1) Survivor regions: 1->1(1)
[2021-05-07T01:01:40.701+0000][7][gc,heap     ] GC(1) Old regions: 0->1
[2021-05-07T01:01:40.701+0000][7][gc,heap     ] GC(1) Archive regions: 2->2
[2021-05-07T01:01:40.701+0000][7][gc,heap     ] GC(1) Humongous regions: 0->0
[2021-05-07T01:01:40.701+0000][7][gc,metaspace] GC(1) Metaspace: 11737K(12032K)->11737K(12032K) NonClass: 10333K(10496K)->10333K(10496K) Class: 1403K(1536K)->1403K(1536K)
[2021-05-07T01:01:40.701+0000][7][gc          ] GC(1) Pause Young (Normal) (G1 Evacuation Pause) 27M->9M(256M) 12.126ms
[2021-05-07T01:01:40.702+0000][7][gc,cpu      ] GC(1) User=0.02s Sys=0.00s Real=0.02s
[2021-05-07T01:01:40.704+0000][7][safepoint   ] Safepoint "G1CollectForAllocation", Time since last: 656245399 ns, Reaching safepoint: 129225 ns, At safepoint: 14184982 ns, Total: 14314207 ns
[2021-05-07T01:01:41.956+0000][7][safepoint   ] Safepoint "ICBufferFull", Time since last: 1251866839 ns, Reaching safepoint: 268189 ns, At safepoint: 6282 ns, Total: 274471 ns
[2021-05-07T01:01:42.224+0000][7][gc,start    ] GC(2) Pause Young (Normal) (G1 Evacuation Pause)
[2021-05-07T01:01:42.225+0000][7][gc,task     ] GC(2) Using 6 workers of 8 for evacuation
[2021-05-07T01:01:42.225+0000][7][gc,age      ] GC(2) Desired survivor size 4194304 bytes, new threshold 15 (max threshold 15)
[2021-05-07T01:01:42.233+0000][7][gc,age      ] GC(2) Age table with threshold 15 (max threshold 15)
[2021-05-07T01:01:42.233+0000][7][gc,age      ] GC(2) - age   1:    1825976 bytes,    1825976 total
[2021-05-07T01:01:42.233+0000][7][gc,age      ] GC(2) - age   2:    1839568 bytes,    3665544 total
[2021-05-07T01:01:42.233+0000][7][gc,phases   ] GC(2)   Pre Evacuate Collection Set: 0.1ms
[2021-05-07T01:01:42.233+0000][7][gc,phases   ] GC(2)   Merge Heap Roots: 0.1ms
[2021-05-07T01:01:42.233+0000][7][gc,phases   ] GC(2)   Evacuate Collection Set: 8.2ms
[2021-05-07T01:01:42.233+0000][7][gc,phases   ] GC(2)   Post Evacuate Collection Set: 0.5ms
[2021-05-07T01:01:42.234+0000][7][gc,phases   ] GC(2)   Other: 0.2ms
[2021-05-07T01:01:42.234+0000][7][gc,heap     ] GC(2) Eden regions: 12->0(36)
[2021-05-07T01:01:42.234+0000][7][gc,heap     ] GC(2) Survivor regions: 1->1(2)
[2021-05-07T01:01:42.234+0000][7][gc,heap     ] GC(2) Old regions: 1->1
[2021-05-07T01:01:42.234+0000][7][gc,heap     ] GC(2) Archive regions: 2->2
[2021-05-07T01:01:42.234+0000][7][gc,heap     ] GC(2) Humongous regions: 0->0
[2021-05-07T01:01:42.234+0000][7][gc,metaspace] GC(2) Metaspace: 14563K(15104K)->14563K(15104K) NonClass: 12885K(13312K)->12885K(13312K) Class: 1678K(1792K)->1678K(1792K)
[2021-05-07T01:01:42.234+0000][7][gc          ] GC(2) Pause Young (Normal) (G1 Evacuation Pause) 57M->10M(256M) 9.086ms
[2021-05-07T01:01:42.234+0000][7][gc,cpu      ] GC(2) User=0.04s Sys=0.00s Real=0.01s
[2021-05-07T01:01:42.234+0000][7][safepoint   ] Safepoint "G1CollectForAllocation", Time since last: 268552555 ns, Reaching safepoint: 224390 ns, At safepoint: 9164139 ns, Total: 9388529 ns
[2021-05-07T01:01:42.524+0000][7][safepoint   ] Safepoint "ICBufferFull", Time since last: 289811471 ns, Reaching safepoint: 108436 ns, At safepoint: 8594 ns, Total: 117030 ns
[2021-05-07T01:01:42.530+0000][7][safepoint   ] Safepoint "ICBufferFull", Time since last: 6318438 ns, Reaching safepoint: 409790 ns, At safepoint: 6179 ns, Total: 415969 ns
[2021-05-07T01:01:42.535+0000][7][safepoint   ] Safepoint "ICBufferFull", Time since last: 4760458 ns, Reaching safepoint: 58116 ns, At safepoint: 4544 ns, Total: 62660 ns
[2021-05-07T01:01:42.539+0000][7][safepoint   ] Safepoint "ICBufferFull", Time since last: 4028979 ns, Reaching safepoint: 61614 ns, At safepoint: 5290 ns, Total: 66904 ns
[2021-05-07T01:01:42.545+0000][7][safepoint   ] Safepoint "ICBufferFull", Time since last: 5588730 ns, Reaching safepoint: 75602 ns, At safepoint: 5478 ns, Total: 81080 ns
[2021-05-07T01:01:42.548+0000][7][safepoint   ] Safepoint "ICBufferFull", Time since last: 3456260 ns, Reaching safepoint: 64720 ns, At safepoint: 6026 ns, Total: 70746 ns
[2021-05-07T01:01:42.553+0000][7][safepoint   ] Safepoint "ICBufferFull", Time since last: 4575930 ns, Reaching safepoint: 61762 ns, At safepoint: 5419 ns, Total: 67181 ns
[2021-05-07T01:01:42.556+0000][7][safepoint   ] Safepoint "ICBufferFull", Time since last: 3304091 ns, Reaching safepoint: 54690 ns, At safepoint: 5196 ns, Total: 59886 ns
[2021-05-07T01:01:42.560+0000][7][safepoint   ] Safepoint "ICBufferFull", Time since last: 3898405 ns, Reaching safepoint: 142135 ns, At safepoint: 4422 ns, Total: 146557 ns
[2021-05-07T01:01:42.570+0000][7][safepoint   ] Safepoint "ICBufferFull", Time since last: 8950769 ns, Reaching safepoint: 140692 ns, At safepoint: 5288 ns, Total: 145980 ns
[2021-05-07T01:01:42.573+0000][7][safepoint   ] Safepoint "ICBufferFull", Time since last: 3792465 ns, Reaching safepoint: 158922 ns, At safepoint: 8351 ns, Total: 167273 ns
[2021-05-07T01:01:42.579+0000][7][safepoint   ] Safepoint "ICBufferFull", Time since last: 5329508 ns, Reaching safepoint: 60103 ns, At safepoint: 5417 ns, Total: 65520 ns
[2021-05-07T01:01:42.583+0000][7][safepoint   ] Safepoint "ICBufferFull", Time since last: 4127264 ns, Reaching safepoint: 126177 ns, At safepoint: 4133 ns, Total: 130310 ns
[2021-05-07T01:01:42.590+0000][7][safepoint   ] Safepoint "ICBufferFull", Time since last: 7119371 ns, Reaching safepoint: 145807 ns, At safepoint: 23265 ns, Total: 169072 ns
[2021-05-07T01:01:42.594+0000][7][safepoint   ] Safepoint "ICBufferFull", Time since last: 3748084 ns, Reaching safepoint: 170268 ns, At safepoint: 5950 ns, Total: 176218 ns
[2021-05-07T01:01:42.598+0000][7][safepoint   ] Safepoint "ICBufferFull", Time since last: 3764206 ns, Reaching safepoint: 156866 ns, At safepoint: 5084 ns, Total: 161950 ns
[2021-05-07T01:01:42.603+0000][7][safepoint   ] Safepoint "ICBufferFull", Time since last: 4267409 ns, Reaching safepoint: 149015 ns, At safepoint: 8716 ns, Total: 157731 ns
[2021-05-07T01:01:42.610+0000][7][safepoint   ] Safepoint "ICBufferFull", Time since last: 7182673 ns, Reaching safepoint: 75330 ns, At safepoint: 6758 ns, Total: 82088 ns
[2021-05-07T01:01:42.618+0000][7][safepoint   ] Safepoint "ICBufferFull", Time since last: 7913262 ns, Reaching safepoint: 305998 ns, At safepoint: 8762 ns, Total: 314760 ns
[2021-05-07T01:01:42.620+0000][7][safepoint   ] Safepoint "ICBufferFull", Time since last: 1195374 ns, Reaching safepoint: 143057 ns, At safepoint: 6473 ns, Total: 149530 ns
[2021-05-07T01:01:42.621+0000][7][safepoint   ] Safepoint "ICBufferFull", Time since last: 1129775 ns, Reaching safepoint: 273145 ns, At safepoint: 6604 ns, Total: 279749 ns
[2021-05-07T01:01:42.622+0000][7][safepoint   ] Safepoint "ICBufferFull", Time since last: 1113466 ns, Reaching safepoint: 157676 ns, At safepoint: 6956 ns, Total: 164632 ns
[2021-05-07T01:01:42.625+0000][7][safepoint   ] Safepoint "ICBufferFull", Time since last: 2847258 ns, Reaching safepoint: 304019 ns, At safepoint: 9158 ns, Total: 313177 ns
[2021-05-07T01:01:43.065+0000][7][safepoint   ] Safepoint "ICBufferFull", Time since last: 438864355 ns, Reaching safepoint: 318209 ns, At safepoint: 7822 ns, Total: 326031 ns
[2021-05-07T01:01:43.299+0000][7][gc,start    ] GC(3) Pause Young (Normal) (G1 Evacuation Pause)
[2021-05-07T01:01:43.299+0000][7][gc,task     ] GC(3) Using 6 workers of 8 for evacuation
[2021-05-07T01:01:43.299+0000][7][gc,age      ] GC(3) Desired survivor size 10485760 bytes, new threshold 15 (max threshold 15)
[2021-05-07T01:01:43.317+0000][7][gc,age      ] GC(3) Age table with threshold 15 (max threshold 15)
[2021-05-07T01:01:43.317+0000][7][gc,age      ] GC(3) - age   1:    3476208 bytes,    3476208 total
[2021-05-07T01:01:43.317+0000][7][gc,age      ] GC(3) - age   2:    1805600 bytes,    5281808 total
[2021-05-07T01:01:43.317+0000][7][gc,age      ] GC(3) - age   3:    1824752 bytes,    7106560 total
[2021-05-07T01:01:43.317+0000][7][gc,phases   ] GC(3)   Pre Evacuate Collection Set: 0.1ms
[2021-05-07T01:01:43.317+0000][7][gc,phases   ] GC(3)   Merge Heap Roots: 0.1ms
[2021-05-07T01:01:43.317+0000][7][gc,phases   ] GC(3)   Evacuate Collection Set: 16.6ms
[2021-05-07T01:01:43.317+0000][7][gc,phases   ] GC(3)   Post Evacuate Collection Set: 0.5ms
[2021-05-07T01:01:43.317+0000][7][gc,phases   ] GC(3)   Other: 0.2ms
[2021-05-07T01:01:43.317+0000][7][gc,heap     ] GC(3) Eden regions: 36->0(36)
[2021-05-07T01:01:43.317+0000][7][gc,heap     ] GC(3) Survivor regions: 1->2(5)
[2021-05-07T01:01:43.317+0000][7][gc,heap     ] GC(3) Old regions: 1->1
[2021-05-07T01:01:43.317+0000][7][gc,heap     ] GC(3) Archive regions: 2->2
[2021-05-07T01:01:43.317+0000][7][gc,heap     ] GC(3) Humongous regions: 0->0
[2021-05-07T01:01:43.317+0000][7][gc,metaspace] GC(3) Metaspace: 17751K(18432K)->17751K(18432K) NonClass: 15636K(16128K)->15636K(16128K) Class: 2114K(2304K)->2114K(2304K)
[2021-05-07T01:01:43.317+0000][7][gc          ] GC(3) Pause Young (Normal) (G1 Evacuation Pause) 154M->14M(256M) 17.550ms
[2021-05-07T01:01:43.317+0000][7][gc,cpu      ] GC(3) User=0.07s Sys=0.00s Real=0.02s
[2021-05-07T01:01:43.317+0000][7][safepoint   ] Safepoint "G1CollectForAllocation", Time since last: 234288451 ns, Reaching safepoint: 287747 ns, At safepoint: 17621794 ns, Total: 17909541 ns
[2021-05-07T01:01:43.774+0000][7][gc,start    ] GC(4) Pause Young (Normal) (G1 Evacuation Pause)
[2021-05-07T01:01:43.774+0000][7][gc,task     ] GC(4) Using 6 workers of 8 for evacuation
[2021-05-07T01:01:43.774+0000][7][gc,age      ] GC(4) Desired survivor size 10485760 bytes, new threshold 15 (max threshold 15)
[2021-05-07T01:01:43.782+0000][7][gc,age      ] GC(4) Age table with threshold 15 (max threshold 15)
[2021-05-07T01:01:43.782+0000][7][gc,age      ] GC(4) - age   1:    2332960 bytes,    2332960 total
[2021-05-07T01:01:43.782+0000][7][gc,age      ] GC(4) - age   2:    2878584 bytes,    5211544 total
[2021-05-07T01:01:43.782+0000][7][gc,age      ] GC(4) - age   3:    1805600 bytes,    7017144 total
[2021-05-07T01:01:43.782+0000][7][gc,age      ] GC(4) - age   4:    1824752 bytes,    8841896 total
[2021-05-07T01:01:43.782+0000][7][gc,phases   ] GC(4)   Pre Evacuate Collection Set: 0.1ms
[2021-05-07T01:01:43.782+0000][7][gc,phases   ] GC(4)   Merge Heap Roots: 0.0ms
[2021-05-07T01:01:43.782+0000][7][gc,phases   ] GC(4)   Evacuate Collection Set: 6.6ms
[2021-05-07T01:01:43.782+0000][7][gc,phases   ] GC(4)   Post Evacuate Collection Set: 0.5ms
[2021-05-07T01:01:43.782+0000][7][gc,phases   ] GC(4)   Other: 0.2ms
[2021-05-07T01:01:43.782+0000][7][gc,heap     ] GC(4) Eden regions: 36->0(35)
[2021-05-07T01:01:43.782+0000][7][gc,heap     ] GC(4) Survivor regions: 2->3(5)
[2021-05-07T01:01:43.782+0000][7][gc,heap     ] GC(4) Old regions: 1->1
[2021-05-07T01:01:43.782+0000][7][gc,heap     ] GC(4) Archive regions: 2->2
[2021-05-07T01:01:43.782+0000][7][gc,heap     ] GC(4) Humongous regions: 0->0
[2021-05-07T01:01:43.782+0000][7][gc,metaspace] GC(4) Metaspace: 18283K(19072K)->18283K(19072K) NonClass: 16105K(16640K)->16105K(16640K) Class: 2178K(2432K)->2178K(2432K)
[2021-05-07T01:01:43.782+0000][7][gc          ] GC(4) Pause Young (Normal) (G1 Evacuation Pause) 158M->16M(256M) 7.585ms
[2021-05-07T01:01:43.782+0000][7][gc,cpu      ] GC(4) User=0.04s Sys=0.00s Real=0.01s
[2021-05-07T01:01:43.782+0000][7][safepoint   ] Safepoint "G1CollectForAllocation", Time since last: 457391098 ns, Reaching safepoint: 201254 ns, At safepoint: 7676602 ns, Total: 7877856 ns
[2021-05-07T01:01:44.152+0000][7][gc,start    ] GC(5) Pause Young (Normal) (G1 Evacuation Pause)
[2021-05-07T01:01:44.152+0000][7][gc,task     ] GC(5) Using 6 workers of 8 for evacuation
[2021-05-07T01:01:44.152+0000][7][gc,age      ] GC(5) Desired survivor size 10485760 bytes, new threshold 15 (max threshold 15)
[2021-05-07T01:01:44.158+0000][7][gc,age      ] GC(5) Age table with threshold 15 (max threshold 15)
[2021-05-07T01:01:44.158+0000][7][gc,age      ] GC(5) - age   1:    1597632 bytes,    1597632 total
[2021-05-07T01:01:44.158+0000][7][gc,age      ] GC(5) - age   2:    1827712 bytes,    3425344 total
[2021-05-07T01:01:44.158+0000][7][gc,age      ] GC(5) - age   3:    2878328 bytes,    6303672 total
[2021-05-07T01:01:44.158+0000][7][gc,age      ] GC(5) - age   4:    1805600 bytes,    8109272 total
[2021-05-07T01:01:44.158+0000][7][gc,age      ] GC(5) - age   5:    1824752 bytes,    9934024 total
[2021-05-07T01:01:44.158+0000][7][gc,phases   ] GC(5)   Pre Evacuate Collection Set: 0.1ms
[2021-05-07T01:01:44.158+0000][7][gc,phases   ] GC(5)   Merge Heap Roots: 0.0ms
[2021-05-07T01:01:44.158+0000][7][gc,phases   ] GC(5)   Evacuate Collection Set: 6.2ms
[2021-05-07T01:01:44.158+0000][7][gc,phases   ] GC(5)   Post Evacuate Collection Set: 0.4ms
[2021-05-07T01:01:44.159+0000][7][gc,phases   ] GC(5)   Other: 0.2ms
[2021-05-07T01:01:44.159+0000][7][gc,heap     ] GC(5) Eden regions: 35->0(35)
[2021-05-07T01:01:44.159+0000][7][gc,heap     ] GC(5) Survivor regions: 3->3(5)
[2021-05-07T01:01:44.159+0000][7][gc,heap     ] GC(5) Old regions: 1->1
[2021-05-07T01:01:44.159+0000][7][gc,heap     ] GC(5) Archive regions: 2->2
[2021-05-07T01:01:44.159+0000][7][gc,heap     ] GC(5) Humongous regions: 0->0
[2021-05-07T01:01:44.159+0000][7][gc,metaspace] GC(5) Metaspace: 18708K(19712K)->18708K(19712K) NonClass: 16458K(17152K)->16458K(17152K) Class: 2250K(2560K)->2250K(2560K)
[2021-05-07T01:01:44.159+0000][7][gc          ] GC(5) Pause Young (Normal) (G1 Evacuation Pause) 156M->17M(256M) 7.055ms
[2021-05-07T01:01:44.159+0000][7][gc,cpu      ] GC(5) User=0.04s Sys=0.00s Real=0.00s
[2021-05-07T01:01:44.159+0000][7][safepoint   ] Safepoint "G1CollectForAllocation", Time since last: 369327997 ns, Reaching safepoint: 90961 ns, At safepoint: 7144774 ns, Total: 7235735 ns
[2021-05-07T01:01:44.474+0000][7][gc,start    ] GC(6) Pause Young (Normal) (G1 Evacuation Pause)
[2021-05-07T01:01:44.474+0000][7][gc,task     ] GC(6) Using 6 workers of 8 for evacuation
[2021-05-07T01:01:44.474+0000][7][gc,age      ] GC(6) Desired survivor size 10485760 bytes, new threshold 15 (max threshold 15)
[2021-05-07T01:01:44.492+0000][7][gc,age      ] GC(6) Age table with threshold 15 (max threshold 15)
[2021-05-07T01:01:44.493+0000][7][gc,age      ] GC(6) - age   1:    3052152 bytes,    3052152 total
[2021-05-07T01:01:44.493+0000][7][gc,age      ] GC(6) - age   2:    1074800 bytes,    4126952 total
[2021-05-07T01:01:44.493+0000][7][gc,age      ] GC(6) - age   3:    1827712 bytes,    5954664 total
[2021-05-07T01:01:44.493+0000][7][gc,age      ] GC(6) - age   4:    2877536 bytes,    8832200 total
[2021-05-07T01:01:44.493+0000][7][gc,age      ] GC(6) - age   5:    1805600 bytes,   10637800 total
[2021-05-07T01:01:44.493+0000][7][gc,age      ] GC(6) - age   6:    1824752 bytes,   12462552 total
[2021-05-07T01:01:44.493+0000][7][gc,phases   ] GC(6)   Pre Evacuate Collection Set: 0.1ms
[2021-05-07T01:01:44.493+0000][7][gc,phases   ] GC(6)   Merge Heap Roots: 0.1ms
[2021-05-07T01:01:44.493+0000][7][gc,phases   ] GC(6)   Evacuate Collection Set: 17.9ms
[2021-05-07T01:01:44.493+0000][7][gc,phases   ] GC(6)   Post Evacuate Collection Set: 0.6ms
[2021-05-07T01:01:44.493+0000][7][gc,phases   ] GC(6)   Other: 0.3ms
[2021-05-07T01:01:44.493+0000][7][gc,heap     ] GC(6) Eden regions: 35->0(34)
[2021-05-07T01:01:44.493+0000][7][gc,heap     ] GC(6) Survivor regions: 3->4(5)
[2021-05-07T01:01:44.493+0000][7][gc,heap     ] GC(6) Old regions: 1->1
[2021-05-07T01:01:44.493+0000][7][gc,heap     ] GC(6) Archive regions: 2->2
[2021-05-07T01:01:44.493+0000][7][gc,heap     ] GC(6) Humongous regions: 0->0
[2021-05-07T01:01:44.493+0000][7][gc,metaspace] GC(6) Metaspace: 18848K(19712K)->18848K(19712K) NonClass: 16581K(17152K)->16581K(17152K) Class: 2266K(2560K)->2266K(2560K)
[2021-05-07T01:01:44.493+0000][7][gc          ] GC(6) Pause Young (Normal) (G1 Evacuation Pause) 157M->19M(256M) 19.011ms
[2021-05-07T01:01:44.493+0000][7][gc,cpu      ] GC(6) User=0.08s Sys=0.00s Real=0.02s
[2021-05-07T01:01:44.493+0000][7][safepoint   ] Safepoint "G1CollectForAllocation", Time since last: 314954873 ns, Reaching safepoint: 175281 ns, At safepoint: 19097268 ns, Total: 19272549 ns
[2021-05-07T01:01:44.759+0000][7][gc,start    ] GC(7) Pause Young (Normal) (G1 Evacuation Pause)
[2021-05-07T01:01:44.759+0000][7][gc,task     ] GC(7) Using 6 workers of 8 for evacuation
[2021-05-07T01:01:44.759+0000][7][gc,age      ] GC(7) Desired survivor size 10485760 bytes, new threshold 5 (max threshold 15)
[2021-05-07T01:01:44.771+0000][7][gc,age      ] GC(7) Age table with threshold 5 (max threshold 15)
[2021-05-07T01:01:44.771+0000][7][gc,age      ] GC(7) - age   1:     435904 bytes,     435904 total
[2021-05-07T01:01:44.771+0000][7][gc,age      ] GC(7) - age   2:    1361824 bytes,    1797728 total
[2021-05-07T01:01:44.771+0000][7][gc,age      ] GC(7) - age   3:    1074680 bytes,    2872408 total
[2021-05-07T01:01:44.771+0000][7][gc,age      ] GC(7) - age   4:    1827712 bytes,    4700120 total
[2021-05-07T01:01:44.771+0000][7][gc,age      ] GC(7) - age   5:    2877536 bytes,    7577656 total
[2021-05-07T01:01:44.771+0000][7][gc,phases   ] GC(7)   Pre Evacuate Collection Set: 0.1ms
[2021-05-07T01:01:44.771+0000][7][gc,phases   ] GC(7)   Merge Heap Roots: 0.0ms
[2021-05-07T01:01:44.771+0000][7][gc,phases   ] GC(7)   Evacuate Collection Set: 11.0ms
[2021-05-07T01:01:44.771+0000][7][gc,phases   ] GC(7)   Post Evacuate Collection Set: 0.9ms
[2021-05-07T01:01:44.771+0000][7][gc,phases   ] GC(7)   Other: 0.3ms
[2021-05-07T01:01:44.771+0000][7][gc,heap     ] GC(7) Eden regions: 34->0(36)
[2021-05-07T01:01:44.771+0000][7][gc,heap     ] GC(7) Survivor regions: 4->2(5)
[2021-05-07T01:01:44.771+0000][7][gc,heap     ] GC(7) Old regions: 1->2
[2021-05-07T01:01:44.771+0000][7][gc,heap     ] GC(7) Archive regions: 2->2
[2021-05-07T01:01:44.771+0000][7][gc,heap     ] GC(7) Humongous regions: 0->0
[2021-05-07T01:01:44.771+0000][7][gc,metaspace] GC(7) Metaspace: 19094K(20224K)->19094K(20224K) NonClass: 16801K(17664K)->16801K(17664K) Class: 2293K(2560K)->2293K(2560K)
[2021-05-07T01:01:44.771+0000][7][gc          ] GC(7) Pause Young (Normal) (G1 Evacuation Pause) 155M->18M(256M) 12.436ms
[2021-05-07T01:01:44.771+0000][7][gc,cpu      ] GC(7) User=0.07s Sys=0.00s Real=0.01s
[2021-05-07T01:01:44.771+0000][7][safepoint   ] Safepoint "G1CollectForAllocation", Time since last: 265972021 ns, Reaching safepoint: 112599 ns, At safepoint: 12519841 ns, Total: 12632440 ns
[2021-05-07T01:01:45.066+0000][7][gc,start    ] GC(8) Pause Young (Normal) (G1 Evacuation Pause)
[2021-05-07T01:01:45.066+0000][7][gc,task     ] GC(8) Using 6 workers of 8 for evacuation
[2021-05-07T01:01:45.066+0000][7][gc,age      ] GC(8) Desired survivor size 10485760 bytes, new threshold 15 (max threshold 15)
[2021-05-07T01:01:45.079+0000][7][gc,age      ] GC(8) Age table with threshold 15 (max threshold 15)
[2021-05-07T01:01:45.079+0000][7][gc,age      ] GC(8) - age   1:     830000 bytes,     830000 total
[2021-05-07T01:01:45.079+0000][7][gc,age      ] GC(8) - age   2:     407232 bytes,    1237232 total
[2021-05-07T01:01:45.079+0000][7][gc,age      ] GC(8) - age   3:    1361624 bytes,    2598856 total
[2021-05-07T01:01:45.079+0000][7][gc,age      ] GC(8) - age   4:    1074040 bytes,    3672896 total
[2021-05-07T01:01:45.079+0000][7][gc,age      ] GC(8) - age   5:    1827648 bytes,    5500544 total
[2021-05-07T01:01:45.079+0000][7][gc,age      ] GC(8) - age   6:    2873584 bytes,    8374128 total
[2021-05-07T01:01:45.079+0000][7][gc,phases   ] GC(8)   Pre Evacuate Collection Set: 0.1ms
[2021-05-07T01:01:45.079+0000][7][gc,phases   ] GC(8)   Merge Heap Roots: 0.1ms
[2021-05-07T01:01:45.079+0000][7][gc,phases   ] GC(8)   Evacuate Collection Set: 12.4ms
[2021-05-07T01:01:45.079+0000][7][gc,phases   ] GC(8)   Post Evacuate Collection Set: 0.5ms
[2021-05-07T01:01:45.079+0000][7][gc,phases   ] GC(8)   Other: 0.3ms
[2021-05-07T01:01:45.079+0000][7][gc,heap     ] GC(8) Eden regions: 36->0(35)
[2021-05-07T01:01:45.079+0000][7][gc,heap     ] GC(8) Survivor regions: 2->3(5)
[2021-05-07T01:01:45.079+0000][7][gc,heap     ] GC(8) Old regions: 2->2
[2021-05-07T01:01:45.079+0000][7][gc,heap     ] GC(8) Archive regions: 2->2
[2021-05-07T01:01:45.079+0000][7][gc,heap     ] GC(8) Humongous regions: 0->0
[2021-05-07T01:01:45.079+0000][7][gc,metaspace] GC(8) Metaspace: 19253K(20480K)->19253K(20480K) NonClass: 16931K(17920K)->16931K(17920K) Class: 2322K(2560K)->2322K(2560K)
[2021-05-07T01:01:45.079+0000][7][gc          ] GC(8) Pause Young (Normal) (G1 Evacuation Pause) 162M->19M(256M) 13.402ms
[2021-05-07T01:01:45.079+0000][7][gc,cpu      ] GC(8) User=0.05s Sys=0.00s Real=0.01s
[2021-05-07T01:01:45.079+0000][7][safepoint   ] Safepoint "G1CollectForAllocation", Time since last: 294276606 ns, Reaching safepoint: 141777 ns, At safepoint: 13508287 ns, Total: 13650064 ns
[2021-05-07T01:01:45.311+0000][7][gc,start    ] GC(9) Pause Young (Normal) (G1 Evacuation Pause)
[2021-05-07T01:01:45.311+0000][7][gc,task     ] GC(9) Using 6 workers of 8 for evacuation
[2021-05-07T01:01:45.311+0000][7][gc,age      ] GC(9) Desired survivor size 10485760 bytes, new threshold 15 (max threshold 15)
[2021-05-07T01:01:45.318+0000][7][gc,age      ] GC(9) Age table with threshold 15 (max threshold 15)
[2021-05-07T01:01:45.318+0000][7][gc,age      ] GC(9) - age   1:     267472 bytes,     267472 total
[2021-05-07T01:01:45.318+0000][7][gc,age      ] GC(9) - age   2:     235104 bytes,     502576 total
[2021-05-07T01:01:45.318+0000][7][gc,age      ] GC(9) - age   3:     407232 bytes,     909808 total
[2021-05-07T01:01:45.318+0000][7][gc,age      ] GC(9) - age   4:    1361624 bytes,    2271432 total
[2021-05-07T01:01:45.318+0000][7][gc,age      ] GC(9) - age   5:    1074040 bytes,    3345472 total
[2021-05-07T01:01:45.318+0000][7][gc,age      ] GC(9) - age   6:    1827648 bytes,    5173120 total
[2021-05-07T01:01:45.318+0000][7][gc,age      ] GC(9) - age   7:    2873584 bytes,    8046704 total
[2021-05-07T01:01:45.318+0000][7][gc,phases   ] GC(9)   Pre Evacuate Collection Set: 0.0ms
[2021-05-07T01:01:45.318+0000][7][gc,phases   ] GC(9)   Merge Heap Roots: 0.0ms
[2021-05-07T01:01:45.318+0000][7][gc,phases   ] GC(9)   Evacuate Collection Set: 6.5ms
[2021-05-07T01:01:45.318+0000][7][gc,phases   ] GC(9)   Post Evacuate Collection Set: 0.4ms
[2021-05-07T01:01:45.318+0000][7][gc,phases   ] GC(9)   Other: 0.2ms
[2021-05-07T01:01:45.318+0000][7][gc,heap     ] GC(9) Eden regions: 35->0(35)
[2021-05-07T01:01:45.318+0000][7][gc,heap     ] GC(9) Survivor regions: 3->3(5)
[2021-05-07T01:01:45.318+0000][7][gc,heap     ] GC(9) Old regions: 2->2
[2021-05-07T01:01:45.318+0000][7][gc,heap     ] GC(9) Archive regions: 2->2
[2021-05-07T01:01:45.318+0000][7][gc,heap     ] GC(9) Humongous regions: 0->0
[2021-05-07T01:01:45.318+0000][7][gc,metaspace] GC(9) Metaspace: 19437K(20608K)->19437K(20608K) NonClass: 17079K(17920K)->17079K(17920K) Class: 2357K(2688K)->2357K(2688K)
[2021-05-07T01:01:45.318+0000][7][gc          ] GC(9) Pause Young (Normal) (G1 Evacuation Pause) 159M->18M(256M) 7.285ms
[2021-05-07T01:01:45.318+0000][7][gc,cpu      ] GC(9) User=0.02s Sys=0.00s Real=0.01s
[2021-05-07T01:01:45.318+0000][7][safepoint   ] Safepoint "G1CollectForAllocation", Time since last: 231041677 ns, Reaching safepoint: 159296 ns, At safepoint: 7376806 ns, Total: 7536102 ns
[2021-05-07T01:01:45.589+0000][7][gc,start    ] GC(10) Pause Young (Normal) (G1 Evacuation Pause)
[2021-05-07T01:01:45.589+0000][7][gc,task     ] GC(10) Using 6 workers of 8 for evacuation
[2021-05-07T01:01:45.589+0000][7][gc,age      ] GC(10) Desired survivor size 10485760 bytes, new threshold 15 (max threshold 15)
[2021-05-07T01:01:45.598+0000][7][gc,age      ] GC(10) Age table with threshold 15 (max threshold 15)
[2021-05-07T01:01:45.598+0000][7][gc,age      ] GC(10) - age   1:     404656 bytes,     404656 total
[2021-05-07T01:01:45.598+0000][7][gc,age      ] GC(10) - age   2:     243096 bytes,     647752 total
[2021-05-07T01:01:45.598+0000][7][gc,age      ] GC(10) - age   3:     234952 bytes,     882704 total
[2021-05-07T01:01:45.598+0000][7][gc,age      ] GC(10) - age   4:     407232 bytes,    1289936 total
[2021-05-07T01:01:45.598+0000][7][gc,age      ] GC(10) - age   5:    1361624 bytes,    2651560 total
[2021-05-07T01:01:45.598+0000][7][gc,age      ] GC(10) - age   6:    1073368 bytes,    3724928 total
[2021-05-07T01:01:45.598+0000][7][gc,age      ] GC(10) - age   7:    1827360 bytes,    5552288 total
[2021-05-07T01:01:45.598+0000][7][gc,age      ] GC(10) - age   8:    2873456 bytes,    8425744 total
[2021-05-07T01:01:45.598+0000][7][gc,phases   ] GC(10)   Pre Evacuate Collection Set: 0.1ms
[2021-05-07T01:01:45.598+0000][7][gc,phases   ] GC(10)   Merge Heap Roots: 0.1ms
[2021-05-07T01:01:45.598+0000][7][gc,phases   ] GC(10)   Evacuate Collection Set: 8.2ms
[2021-05-07T01:01:45.598+0000][7][gc,phases   ] GC(10)   Post Evacuate Collection Set: 0.6ms
[2021-05-07T01:01:45.598+0000][7][gc,phases   ] GC(10)   Other: 0.3ms
[2021-05-07T01:01:45.598+0000][7][gc,heap     ] GC(10) Eden regions: 35->0(35)
[2021-05-07T01:01:45.598+0000][7][gc,heap     ] GC(10) Survivor regions: 3->3(5)
[2021-05-07T01:01:45.598+0000][7][gc,heap     ] GC(10) Old regions: 2->2
[2021-05-07T01:01:45.598+0000][7][gc,heap     ] GC(10) Archive regions: 2->2
[2021-05-07T01:01:45.598+0000][7][gc,heap     ] GC(10) Humongous regions: 0->0
[2021-05-07T01:01:45.598+0000][7][gc,metaspace] GC(10) Metaspace: 19496K(20608K)->19496K(20608K) NonClass: 17127K(17920K)->17127K(17920K) Class: 2369K(2688K)->2369K(2688K)
[2021-05-07T01:01:45.598+0000][7][gc          ] GC(10) Pause Young (Normal) (G1 Evacuation Pause) 158M->19M(256M) 9.394ms
[2021-05-07T01:01:45.598+0000][7][gc,cpu      ] GC(10) User=0.04s Sys=0.00s Real=0.01s
[2021-05-07T01:01:45.599+0000][7][safepoint   ] Safepoint "G1CollectForAllocation", Time since last: 270613870 ns, Reaching safepoint: 107029 ns, At safepoint: 10286602 ns, Total: 10393631 ns
[2021-05-07T01:01:45.924+0000][7][gc,start    ] GC(11) Pause Young (Normal) (G1 Evacuation Pause)
[2021-05-07T01:01:45.924+0000][7][gc,task     ] GC(11) Using 6 workers of 8 for evacuation
[2021-05-07T01:01:45.924+0000][7][gc,age      ] GC(11) Desired survivor size 10485760 bytes, new threshold 15 (max threshold 15)
[2021-05-07T01:01:45.932+0000][7][gc,age      ] GC(11) Age table with threshold 15 (max threshold 15)
[2021-05-07T01:01:45.932+0000][7][gc,age      ] GC(11) - age   1:    3433848 bytes,    3433848 total
[2021-05-07T01:01:45.932+0000][7][gc,age      ] GC(11) - age   2:     375624 bytes,    3809472 total
[2021-05-07T01:01:45.932+0000][7][gc,age      ] GC(11) - age   3:     243032 bytes,    4052504 total
[2021-05-07T01:01:45.932+0000][7][gc,age      ] GC(11) - age   4:     234952 bytes,    4287456 total
[2021-05-07T01:01:45.932+0000][7][gc,age      ] GC(11) - age   5:     407232 bytes,    4694688 total
[2021-05-07T01:01:45.932+0000][7][gc,age      ] GC(11) - age   6:    1360584 bytes,    6055272 total
[2021-05-07T01:01:45.932+0000][7][gc,age      ] GC(11) - age   7:    1073368 bytes,    7128640 total
[2021-05-07T01:01:45.932+0000][7][gc,age      ] GC(11) - age   8:    1827360 bytes,    8956000 total
[2021-05-07T01:01:45.932+0000][7][gc,age      ] GC(11) - age   9:    2873336 bytes,   11829336 total
[2021-05-07T01:01:45.932+0000][7][gc,phases   ] GC(11)   Pre Evacuate Collection Set: 0.0ms
[2021-05-07T01:01:45.933+0000][7][gc,phases   ] GC(11)   Merge Heap Roots: 0.1ms
[2021-05-07T01:01:45.933+0000][7][gc,phases   ] GC(11)   Evacuate Collection Set: 8.0ms
[2021-05-07T01:01:45.933+0000][7][gc,phases   ] GC(11)   Post Evacuate Collection Set: 0.5ms
[2021-05-07T01:01:45.933+0000][7][gc,phases   ] GC(11)   Other: 0.3ms
[2021-05-07T01:01:45.933+0000][7][gc,heap     ] GC(11) Eden regions: 35->0(35)
[2021-05-07T01:01:45.933+0000][7][gc,heap     ] GC(11) Survivor regions: 3->3(5)
[2021-05-07T01:01:45.933+0000][7][gc,heap     ] GC(11) Old regions: 2->2
[2021-05-07T01:01:45.933+0000][7][gc,heap     ] GC(11) Archive regions: 2->2
[2021-05-07T01:01:45.933+0000][7][gc,heap     ] GC(11) Humongous regions: 0->0
[2021-05-07T01:01:45.933+0000][7][gc,metaspace] GC(11) Metaspace: 19854K(21120K)->19854K(21120K) NonClass: 17437K(18432K)->17437K(18432K) Class: 2417K(2688K)->2417K(2688K)
[2021-05-07T01:01:45.933+0000][7][gc          ] GC(11) Pause Young (Normal) (G1 Evacuation Pause) 159M->22M(256M) 9.093ms
[2021-05-07T01:01:45.933+0000][7][gc,cpu      ] GC(11) User=0.03s Sys=0.00s Real=0.01s
[2021-05-07T01:01:45.933+0000][7][safepoint   ] Safepoint "G1CollectForAllocation", Time since last: 324470263 ns, Reaching safepoint: 106466 ns, At safepoint: 9173597 ns, Total: 9280063 ns
[2021-05-07T01:01:46.175+0000][7][gc,start    ] GC(12) Pause Young (Normal) (G1 Evacuation Pause)
[2021-05-07T01:01:46.175+0000][7][gc,task     ] GC(12) Using 6 workers of 8 for evacuation
[2021-05-07T01:01:46.176+0000][7][gc,age      ] GC(12) Desired survivor size 10485760 bytes, new threshold 9 (max threshold 15)
[2021-05-07T01:01:46.182+0000][7][gc,age      ] GC(12) Age table with threshold 9 (max threshold 15)
[2021-05-07T01:01:46.182+0000][7][gc,age      ] GC(12) - age   1:    1060240 bytes,    1060240 total
[2021-05-07T01:01:46.182+0000][7][gc,age      ] GC(12) - age   2:    1300408 bytes,    2360648 total
[2021-05-07T01:01:46.182+0000][7][gc,age      ] GC(12) - age   3:     374024 bytes,    2734672 total
[2021-05-07T01:01:46.182+0000][7][gc,age      ] GC(12) - age   4:     243032 bytes,    2977704 total
[2021-05-07T01:01:46.182+0000][7][gc,age      ] GC(12) - age   5:     234888 bytes,    3212592 total
[2021-05-07T01:01:46.182+0000][7][gc,age      ] GC(12) - age   6:     407232 bytes,    3619824 total
[2021-05-07T01:01:46.182+0000][7][gc,age      ] GC(12) - age   7:    1360584 bytes,    4980408 total
[2021-05-07T01:01:46.182+0000][7][gc,age      ] GC(12) - age   8:    1073368 bytes,    6053776 total
[2021-05-07T01:01:46.182+0000][7][gc,age      ] GC(12) - age   9:    1827168 bytes,    7880944 total
[2021-05-07T01:01:46.183+0000][7][gc,phases   ] GC(12)   Pre Evacuate Collection Set: 0.1ms
[2021-05-07T01:01:46.183+0000][7][gc,phases   ] GC(12)   Merge Heap Roots: 0.1ms
[2021-05-07T01:01:46.183+0000][7][gc,phases   ] GC(12)   Evacuate Collection Set: 6.3ms
[2021-05-07T01:01:46.183+0000][7][gc,phases   ] GC(12)   Post Evacuate Collection Set: 0.4ms
[2021-05-07T01:01:46.183+0000][7][gc,phases   ] GC(12)   Other: 0.3ms
[2021-05-07T01:01:46.183+0000][7][gc,heap     ] GC(12) Eden regions: 35->0(35)
[2021-05-07T01:01:46.183+0000][7][gc,heap     ] GC(12) Survivor regions: 3->3(5)
[2021-05-07T01:01:46.183+0000][7][gc,heap     ] GC(12) Old regions: 2->3
[2021-05-07T01:01:46.183+0000][7][gc,heap     ] GC(12) Archive regions: 2->2
[2021-05-07T01:01:46.183+0000][7][gc,heap     ] GC(12) Humongous regions: 0->0
[2021-05-07T01:01:46.183+0000][7][gc,metaspace] GC(12) Metaspace: 20051K(21296K)->20051K(21296K) NonClass: 17602K(18608K)->17602K(18608K) Class: 2448K(2688K)->2448K(2688K)
[2021-05-07T01:01:46.183+0000][7][gc          ] GC(12) Pause Young (Normal) (G1 Evacuation Pause) 162M->22M(256M) 7.203ms
[2021-05-07T01:01:46.183+0000][7][gc,cpu      ] GC(12) User=0.03s Sys=0.00s Real=0.01s
[2021-05-07T01:01:46.183+0000][7][safepoint   ] Safepoint "G1CollectForAllocation", Time since last: 242628944 ns, Reaching safepoint: 64078 ns, At safepoint: 7289972 ns, Total: 7354050 ns
[2021-05-07T01:01:46.318+0000][7][gc,start    ] GC(13) Pause Young (Concurrent Start) (Metadata GC Threshold)
[2021-05-07T01:01:46.318+0000][7][gc,task     ] GC(13) Using 6 workers of 8 for evacuation
[2021-05-07T01:01:46.318+0000][7][gc,age      ] GC(13) Desired survivor size 10485760 bytes, new threshold 15 (max threshold 15)
[2021-05-07T01:01:46.323+0000][7][gc,age      ] GC(13) Age table with threshold 15 (max threshold 15)
[2021-05-07T01:01:46.323+0000][7][gc,age      ] GC(13) - age   1:     474336 bytes,     474336 total
[2021-05-07T01:01:46.323+0000][7][gc,age      ] GC(13) - age   2:     582368 bytes,    1056704 total
[2021-05-07T01:01:46.323+0000][7][gc,age      ] GC(13) - age   3:    1300408 bytes,    2357112 total
[2021-05-07T01:01:46.323+0000][7][gc,age      ] GC(13) - age   4:     374024 bytes,    2731136 total
[2021-05-07T01:01:46.323+0000][7][gc,age      ] GC(13) - age   5:     243032 bytes,    2974168 total
[2021-05-07T01:01:46.323+0000][7][gc,age      ] GC(13) - age   6:     234616 bytes,    3208784 total
[2021-05-07T01:01:46.323+0000][7][gc,age      ] GC(13) - age   7:     407232 bytes,    3616016 total
[2021-05-07T01:01:46.323+0000][7][gc,age      ] GC(13) - age   8:    1360584 bytes,    4976600 total
[2021-05-07T01:01:46.323+0000][7][gc,age      ] GC(13) - age   9:    1073368 bytes,    6049968 total
[2021-05-07T01:01:46.323+0000][7][gc,age      ] GC(13) - age  10:    1827168 bytes,    7877136 total
[2021-05-07T01:01:46.323+0000][7][gc,phases   ] GC(13)   Pre Evacuate Collection Set: 0.1ms
[2021-05-07T01:01:46.323+0000][7][gc,phases   ] GC(13)   Merge Heap Roots: 0.0ms
[2021-05-07T01:01:46.323+0000][7][gc,phases   ] GC(13)   Evacuate Collection Set: 3.7ms
[2021-05-07T01:01:46.323+0000][7][gc,phases   ] GC(13)   Post Evacuate Collection Set: 0.4ms
[2021-05-07T01:01:46.323+0000][7][gc,phases   ] GC(13)   Other: 0.3ms
[2021-05-07T01:01:46.323+0000][7][gc,heap     ] GC(13) Eden regions: 26->0(35)
[2021-05-07T01:01:46.323+0000][7][gc,heap     ] GC(13) Survivor regions: 3->3(5)
[2021-05-07T01:01:46.323+0000][7][gc,heap     ] GC(13) Old regions: 3->3
[2021-05-07T01:01:46.323+0000][7][gc,heap     ] GC(13) Archive regions: 2->2
[2021-05-07T01:01:46.323+0000][7][gc,heap     ] GC(13) Humongous regions: 0->0
[2021-05-07T01:01:46.323+0000][7][gc,metaspace] GC(13) Metaspace: 20073K(21296K)->20073K(21296K) NonClass: 17621K(18608K)->17621K(18608K) Class: 2451K(2688K)->2451K(2688K)
[2021-05-07T01:01:46.323+0000][7][gc          ] GC(13) Pause Young (Concurrent Start) (Metadata GC Threshold) 124M->21M(256M) 4.689ms
[2021-05-07T01:01:46.323+0000][7][gc,cpu      ] GC(13) User=0.02s Sys=0.00s Real=0.01s
[2021-05-07T01:01:46.323+0000][7][gc          ] GC(14) Concurrent Cycle
[2021-05-07T01:01:46.323+0000][7][gc,marking  ] GC(14) Concurrent Clear Claimed Marks
[2021-05-07T01:01:46.323+0000][7][gc,marking  ] GC(14) Concurrent Clear Claimed Marks 0.026ms
[2021-05-07T01:01:46.323+0000][7][gc,marking  ] GC(14) Concurrent Scan Root Regions
[2021-05-07T01:01:46.323+0000][7][safepoint   ] Safepoint "CollectForMetadataAllocation", Time since last: 135564763 ns, Reaching safepoint: 63205 ns, At safepoint: 4867806 ns, Total: 4931011 ns
[2021-05-07T01:01:46.326+0000][7][gc,marking  ] GC(14) Concurrent Scan Root Regions 2.952ms
[2021-05-07T01:01:46.326+0000][7][gc,marking  ] GC(14) Concurrent Mark (8.417s)
[2021-05-07T01:01:46.326+0000][7][gc,marking  ] GC(14) Concurrent Mark From Roots
[2021-05-07T01:01:46.326+0000][7][gc,task     ] GC(14) Using 2 workers of 2 for marking
[2021-05-07T01:01:46.336+0000][7][gc,marking  ] GC(14) Concurrent Mark From Roots 9.599ms
[2021-05-07T01:01:46.336+0000][7][gc,marking  ] GC(14) Concurrent Preclean
[2021-05-07T01:01:46.336+0000][7][gc,marking  ] GC(14) Concurrent Preclean 0.153ms
[2021-05-07T01:01:46.336+0000][7][gc,marking  ] GC(14) Concurrent Mark (8.417s, 8.427s) 9.808ms
[2021-05-07T01:01:46.336+0000][7][gc,start    ] GC(14) Pause Remark
[2021-05-07T01:01:46.339+0000][7][gc          ] GC(14) Pause Remark 31M->31M(256M) 2.400ms
[2021-05-07T01:01:46.339+0000][7][gc,cpu      ] GC(14) User=0.01s Sys=0.00s Real=0.00s
[2021-05-07T01:01:46.339+0000][7][safepoint   ] Safepoint "G1Concurrent", Time since last: 12806075 ns, Reaching safepoint: 186615 ns, At safepoint: 2483542 ns, Total: 2670157 ns
[2021-05-07T01:01:46.339+0000][7][gc,marking  ] GC(14) Concurrent Rebuild Remembered Sets
[2021-05-07T01:01:46.345+0000][7][gc,marking  ] GC(14) Concurrent Rebuild Remembered Sets 6.313ms
[2021-05-07T01:01:46.346+0000][7][gc,start    ] GC(14) Pause Cleanup
[2021-05-07T01:01:46.346+0000][7][gc          ] GC(14) Pause Cleanup 37M->37M(256M) 0.057ms
[2021-05-07T01:01:46.346+0000][7][gc,cpu      ] GC(14) User=0.00s Sys=0.00s Real=0.00s
[2021-05-07T01:01:46.346+0000][7][safepoint   ] Safepoint "G1Concurrent", Time since last: 6439168 ns, Reaching safepoint: 415499 ns, At safepoint: 113563 ns, Total: 529062 ns
[2021-05-07T01:01:46.346+0000][7][gc,marking  ] GC(14) Concurrent Cleanup for Next Mark
[2021-05-07T01:01:46.346+0000][7][gc,marking  ] GC(14) Concurrent Cleanup for Next Mark 0.169ms
[2021-05-07T01:01:46.346+0000][7][gc          ] GC(14) Concurrent Cycle 22.766ms
[2021-05-07T01:01:46.489+0000][7][gc,start    ] GC(15) Pause Young (Normal) (G1 Evacuation Pause)
[2021-05-07T01:01:46.489+0000][7][gc,task     ] GC(15) Using 6 workers of 8 for evacuation
[2021-05-07T01:01:46.489+0000][7][gc,age      ] GC(15) Desired survivor size 10485760 bytes, new threshold 15 (max threshold 15)
[2021-05-07T01:01:46.495+0000][7][gc,age      ] GC(15) Age table with threshold 15 (max threshold 15)
[2021-05-07T01:01:46.495+0000][7][gc,age      ] GC(15) - age   1:    1954408 bytes,    1954408 total
[2021-05-07T01:01:46.495+0000][7][gc,age      ] GC(15) - age   2:     454176 bytes,    2408584 total
[2021-05-07T01:01:46.495+0000][7][gc,age      ] GC(15) - age   3:     582368 bytes,    2990952 total
[2021-05-07T01:01:46.495+0000][7][gc,age      ] GC(15) - age   4:    1300376 bytes,    4291328 total
[2021-05-07T01:01:46.495+0000][7][gc,age      ] GC(15) - age   5:     373808 bytes,    4665136 total
[2021-05-07T01:01:46.495+0000][7][gc,age      ] GC(15) - age   6:     243032 bytes,    4908168 total
[2021-05-07T01:01:46.495+0000][7][gc,age      ] GC(15) - age   7:     234344 bytes,    5142512 total
[2021-05-07T01:01:46.495+0000][7][gc,age      ] GC(15) - age   8:     407232 bytes,    5549744 total
[2021-05-07T01:01:46.495+0000][7][gc,age      ] GC(15) - age   9:    1360584 bytes,    6910328 total
[2021-05-07T01:01:46.495+0000][7][gc,age      ] GC(15) - age  10:    1073368 bytes,    7983696 total
[2021-05-07T01:01:46.495+0000][7][gc,age      ] GC(15) - age  11:    1827168 bytes,    9810864 total
[2021-05-07T01:01:46.495+0000][7][gc,phases   ] GC(15)   Pre Evacuate Collection Set: 0.0ms
[2021-05-07T01:01:46.495+0000][7][gc,phases   ] GC(15)   Merge Heap Roots: 0.0ms
[2021-05-07T01:01:46.495+0000][7][gc,phases   ] GC(15)   Evacuate Collection Set: 5.4ms
[2021-05-07T01:01:46.495+0000][7][gc,phases   ] GC(15)   Post Evacuate Collection Set: 0.4ms
[2021-05-07T01:01:46.495+0000][7][gc,phases   ] GC(15)   Other: 0.2ms
[2021-05-07T01:01:46.495+0000][7][gc,heap     ] GC(15) Eden regions: 35->0(35)
[2021-05-07T01:01:46.495+0000][7][gc,heap     ] GC(15) Survivor regions: 3->3(5)
[2021-05-07T01:01:46.495+0000][7][gc,heap     ] GC(15) Old regions: 3->3
[2021-05-07T01:01:46.495+0000][7][gc,heap     ] GC(15) Archive regions: 2->2
[2021-05-07T01:01:46.495+0000][7][gc,heap     ] GC(15) Humongous regions: 0->0
[2021-05-07T01:01:46.495+0000][7][gc,metaspace] GC(15) Metaspace: 20101K(21680K)->20101K(21680K) NonClass: 17641K(18864K)->17641K(18864K) Class: 2459K(2816K)->2459K(2816K)
[2021-05-07T01:01:46.495+0000][7][gc          ] GC(15) Pause Young (Normal) (G1 Evacuation Pause) 161M->24M(256M) 6.243ms
[2021-05-07T01:01:46.495+0000][7][gc,cpu      ] GC(15) User=0.03s Sys=0.00s Real=0.01s
[2021-05-07T01:01:46.495+0000][7][safepoint   ] Safepoint "G1CollectForAllocation", Time since last: 143244011 ns, Reaching safepoint: 60978 ns, At safepoint: 6308458 ns, Total: 6369436 ns
[2021-05-07T01:01:47.496+0000][7][safepoint   ] Safepoint "Cleanup", Time since last: 1000275005 ns, Reaching safepoint: 589440 ns, At safepoint: 12493 ns, Total: 601933 ns
[2021-05-07T01:01:48.927+0000][7][safepoint   ] Safepoint "Cleanup", Time since last: 1429849705 ns, Reaching safepoint: 667901 ns, At safepoint: 8537 ns, Total: 676438 ns
[2021-05-07T01:01:49.478+0000][7][gc,start    ] GC(16) Pause Young (Normal) (G1 Evacuation Pause)
[2021-05-07T01:01:49.478+0000][7][gc,task     ] GC(16) Using 6 workers of 8 for evacuation
[2021-05-07T01:01:49.478+0000][7][gc,age      ] GC(16) Desired survivor size 10485760 bytes, new threshold 15 (max threshold 15)
[2021-05-07T01:01:49.531+0000][7][gc,age      ] GC(16) Age table with threshold 15 (max threshold 15)
[2021-05-07T01:01:49.531+0000][7][gc,age      ] GC(16) - age   1:    9186752 bytes,    9186752 total
[2021-05-07T01:01:49.531+0000][7][gc,age      ] GC(16) - age   2:     229264 bytes,    9416016 total
[2021-05-07T01:01:49.531+0000][7][gc,age      ] GC(16) - age   3:     454176 bytes,    9870192 total
[2021-05-07T01:01:49.531+0000][7][gc,age      ] GC(16) - age   4:     579136 bytes,   10449328 total
[2021-05-07T01:01:49.531+0000][7][gc,age      ] GC(16) - age   5:    1298680 bytes,   11748008 total
[2021-05-07T01:01:49.531+0000][7][gc,age      ] GC(16) - age   6:     373248 bytes,   12121256 total
[2021-05-07T01:01:49.531+0000][7][gc,age      ] GC(16) - age   7:     242600 bytes,   12363856 total
[2021-05-07T01:01:49.531+0000][7][gc,age      ] GC(16) - age   8:     227200 bytes,   12591056 total
[2021-05-07T01:01:49.531+0000][7][gc,age      ] GC(16) - age   9:     404688 bytes,   12995744 total
[2021-05-07T01:01:49.531+0000][7][gc,age      ] GC(16) - age  10:    1358056 bytes,   14353800 total
[2021-05-07T01:01:49.531+0000][7][gc,age      ] GC(16) - age  11:    1071800 bytes,   15425600 total
[2021-05-07T01:01:49.531+0000][7][gc,age      ] GC(16) - age  12:    1820040 bytes,   17245640 total
[2021-05-07T01:01:49.531+0000][7][gc,phases   ] GC(16)   Pre Evacuate Collection Set: 1.1ms
[2021-05-07T01:01:49.531+0000][7][gc,phases   ] GC(16)   Merge Heap Roots: 0.1ms
[2021-05-07T01:01:49.531+0000][7][gc,phases   ] GC(16)   Evacuate Collection Set: 48.3ms
[2021-05-07T01:01:49.531+0000][7][gc,phases   ] GC(16)   Post Evacuate Collection Set: 3.5ms
[2021-05-07T01:01:49.531+0000][7][gc,phases   ] GC(16)   Other: 0.3ms
[2021-05-07T01:01:49.531+0000][7][gc,heap     ] GC(16) Eden regions: 35->0(33)
[2021-05-07T01:01:49.531+0000][7][gc,heap     ] GC(16) Survivor regions: 3->5(5)
[2021-05-07T01:01:49.531+0000][7][gc,heap     ] GC(16) Old regions: 3->3
[2021-05-07T01:01:49.531+0000][7][gc,heap     ] GC(16) Archive regions: 2->2
[2021-05-07T01:01:49.531+0000][7][gc,heap     ] GC(16) Humongous regions: 0->0
[2021-05-07T01:01:49.531+0000][7][gc,metaspace] GC(16) Metaspace: 29662K(31536K)->29662K(31536K) NonClass: 25960K(27312K)->25960K(27312K) Class: 3701K(4224K)->3701K(4224K)
[2021-05-07T01:01:49.531+0000][7][gc          ] GC(16) Pause Young (Normal) (G1 Evacuation Pause) 164M->30M(256M) 53.473ms
[2021-05-07T01:01:49.531+0000][7][gc,cpu      ] GC(16) User=0.08s Sys=0.00s Real=0.05s
[2021-05-07T01:01:49.531+0000][7][safepoint   ] Safepoint "G1CollectForAllocation", Time since last: 547327162 ns, Reaching safepoint: 3900444 ns, At safepoint: 53580370 ns, Total: 57480814 ns
[2021-05-07T01:01:50.542+0000][7][safepoint   ] Safepoint "Cleanup", Time since last: 1000089686 ns, Reaching safepoint: 9983092 ns, At safepoint: 24773 ns, Total: 10007865 ns
[2021-05-07T01:01:51.550+0000][7][safepoint   ] Safepoint "Cleanup", Time since last: 1006401874 ns, Reaching safepoint: 2327505 ns, At safepoint: 19268 ns, Total: 2346773 ns
[2021-05-07T01:01:52.110+0000][7][gc,start    ] GC(17) Pause Young (Normal) (G1 Evacuation Pause)
[2021-05-07T01:01:52.110+0000][7][gc,task     ] GC(17) Using 6 workers of 8 for evacuation
[2021-05-07T01:01:52.110+0000][7][gc,age      ] GC(17) Desired survivor size 10485760 bytes, new threshold 5 (max threshold 15)
[2021-05-07T01:01:52.176+0000][7][gc,age      ] GC(17) Age table with threshold 5 (max threshold 15)
[2021-05-07T01:01:52.176+0000][7][gc,age      ] GC(17) - age   1:   11266280 bytes,   11266280 total
[2021-05-07T01:01:52.176+0000][7][gc,age      ] GC(17) - age   2:    8437336 bytes,   19703616 total
[2021-05-07T01:01:52.176+0000][7][gc,age      ] GC(17) - age   3:     227208 bytes,   19930824 total
[2021-05-07T01:01:52.176+0000][7][gc,age      ] GC(17) - age   4:     454176 bytes,   20385000 total
[2021-05-07T01:01:52.176+0000][7][gc,age      ] GC(17) - age   5:     579136 bytes,   20964136 total
[2021-05-07T01:01:52.176+0000][7][gc,phases   ] GC(17)   Pre Evacuate Collection Set: 0.1ms
[2021-05-07T01:01:52.176+0000][7][gc,phases   ] GC(17)   Merge Heap Roots: 0.1ms
[2021-05-07T01:01:52.176+0000][7][gc,phases   ] GC(17)   Evacuate Collection Set: 63.3ms
[2021-05-07T01:01:52.176+0000][7][gc,phases   ] GC(17)   Post Evacuate Collection Set: 3.1ms
[2021-05-07T01:01:52.177+0000][7][gc,phases   ] GC(17)   Other: 0.3ms
[2021-05-07T01:01:52.177+0000][7][gc,heap     ] GC(17) Eden regions: 33->0(33)
[2021-05-07T01:01:52.177+0000][7][gc,heap     ] GC(17) Survivor regions: 5->5(5)
[2021-05-07T01:01:52.177+0000][7][gc,heap     ] GC(17) Old regions: 3->6
[2021-05-07T01:01:52.177+0000][7][gc,heap     ] GC(17) Archive regions: 2->2
[2021-05-07T01:01:52.177+0000][7][gc,heap     ] GC(17) Humongous regions: 0->0
[2021-05-07T01:01:52.177+0000][7][gc,metaspace] GC(17) Metaspace: 29920K(31920K)->29920K(31920K) NonClass: 26189K(27568K)->26189K(27568K) Class: 3731K(4352K)->3731K(4352K)
[2021-05-07T01:01:52.177+0000][7][gc          ] GC(17) Pause Young (Normal) (G1 Evacuation Pause) 162M->46M(256M) 66.915ms
[2021-05-07T01:01:52.177+0000][7][gc,cpu      ] GC(17) User=0.17s Sys=0.00s Real=0.07s
[2021-05-07T01:01:52.179+0000][7][safepoint   ] Safepoint "G1CollectForAllocation", Time since last: 559250868 ns, Reaching safepoint: 129196 ns, At safepoint: 69313643 ns, Total: 69442839 ns
[2021-05-07T01:01:53.188+0000][7][safepoint   ] Safepoint "Cleanup", Time since last: 1007103412 ns, Reaching safepoint: 2240216 ns, At safepoint: 17778 ns, Total: 2257994 ns
[2021-05-07T01:01:53.245+0000][7][gc,start    ] GC(18) Pause Young (Concurrent Start) (Metadata GC Threshold)
[2021-05-07T01:01:53.245+0000][7][gc,task     ] GC(18) Using 6 workers of 8 for evacuation
[2021-05-07T01:01:53.245+0000][7][gc,age      ] GC(18) Desired survivor size 10485760 bytes, new threshold 1 (max threshold 15)
[2021-05-07T01:01:53.294+0000][7][gc,age      ] GC(18) Age table with threshold 1 (max threshold 15)
[2021-05-07T01:01:53.294+0000][7][gc,age      ] GC(18) - age   1:   12440952 bytes,   12440952 total
[2021-05-07T01:01:53.294+0000][7][gc,phases   ] GC(18)   Pre Evacuate Collection Set: 0.1ms
[2021-05-07T01:01:53.294+0000][7][gc,phases   ] GC(18)   Merge Heap Roots: 0.2ms
[2021-05-07T01:01:53.294+0000][7][gc,phases   ] GC(18)   Evacuate Collection Set: 47.3ms
[2021-05-07T01:01:53.294+0000][7][gc,phases   ] GC(18)   Post Evacuate Collection Set: 1.1ms
[2021-05-07T01:01:53.294+0000][7][gc,phases   ] GC(18)   Other: 0.3ms
[2021-05-07T01:01:53.294+0000][7][gc,heap     ] GC(18) Eden regions: 22->0(29)
[2021-05-07T01:01:53.294+0000][7][gc,heap     ] GC(18) Survivor regions: 5->4(5)
[2021-05-07T01:01:53.294+0000][7][gc,heap     ] GC(18) Old regions: 6->11
[2021-05-07T01:01:53.294+0000][7][gc,heap     ] GC(18) Archive regions: 2->2
[2021-05-07T01:01:53.294+0000][7][gc,heap     ] GC(18) Humongous regions: 0->0
[2021-05-07T01:01:53.294+0000][7][gc,metaspace] GC(18) Metaspace: 33505K(35632K)->33505K(35632K) NonClass: 29174K(30640K)->29174K(30640K) Class: 4331K(4992K)->4331K(4992K)
[2021-05-07T01:01:53.294+0000][7][gc          ] GC(18) Pause Young (Concurrent Start) (Metadata GC Threshold) 134M->60M(256M) 49.198ms
[2021-05-07T01:01:53.294+0000][7][gc,cpu      ] GC(18) User=0.18s Sys=0.00s Real=0.05s
[2021-05-07T01:01:53.294+0000][7][gc          ] GC(19) Concurrent Cycle
[2021-05-07T01:01:53.294+0000][7][gc,marking  ] GC(19) Concurrent Clear Claimed Marks
[2021-05-07T01:01:53.294+0000][7][gc,marking  ] GC(19) Concurrent Clear Claimed Marks 0.060ms
[2021-05-07T01:01:53.294+0000][7][gc,marking  ] GC(19) Concurrent Scan Root Regions
[2021-05-07T01:01:53.302+0000][7][safepoint   ] Safepoint "CollectForMetadataAllocation", Time since last: 499180263 ns, Reaching safepoint: 215735 ns, At safepoint: 57639754 ns, Total: 57855489 ns
[2021-05-07T01:01:53.324+0000][7][gc,marking  ] GC(19) Concurrent Scan Root Regions 29.346ms
[2021-05-07T01:01:53.324+0000][7][gc,marking  ] GC(19) Concurrent Mark (15.858s)
[2021-05-07T01:01:53.324+0000][7][gc,marking  ] GC(19) Concurrent Mark From Roots
[2021-05-07T01:01:53.324+0000][7][gc,task     ] GC(19) Using 2 workers of 2 for marking
[2021-05-07T01:01:53.358+0000][7][gc,marking  ] GC(19) Concurrent Mark From Roots 34.104ms
[2021-05-07T01:01:53.358+0000][7][gc,marking  ] GC(19) Concurrent Preclean
[2021-05-07T01:01:53.358+0000][7][gc,marking  ] GC(19) Concurrent Preclean 0.209ms
[2021-05-07T01:01:53.358+0000][7][gc,marking  ] GC(19) Concurrent Mark (15.858s, 15.892s) 34.378ms
[2021-05-07T01:01:53.360+0000][7][gc,start    ] GC(19) Pause Remark
[2021-05-07T01:01:53.363+0000][7][gc          ] GC(19) Pause Remark 62M->62M(256M) 2.982ms
[2021-05-07T01:01:53.363+0000][7][gc,cpu      ] GC(19) User=0.01s Sys=0.00s Real=0.00s
[2021-05-07T01:01:53.363+0000][7][safepoint   ] Safepoint "G1Concurrent", Time since last: 55562918 ns, Reaching safepoint: 2189489 ns, At safepoint: 3058071 ns, Total: 5247560 ns
[2021-05-07T01:01:53.363+0000][7][gc,marking  ] GC(19) Concurrent Rebuild Remembered Sets
[2021-05-07T01:01:53.414+0000][7][gc,marking  ] GC(19) Concurrent Rebuild Remembered Sets 50.846ms
[2021-05-07T01:01:53.415+0000][7][gc,start    ] GC(19) Pause Cleanup
[2021-05-07T01:01:53.415+0000][7][gc          ] GC(19) Pause Cleanup 64M->64M(256M) 0.097ms
[2021-05-07T01:01:53.415+0000][7][gc,cpu      ] GC(19) User=0.00s Sys=0.00s Real=0.00s
[2021-05-07T01:01:53.415+0000][7][safepoint   ] Safepoint "G1Concurrent", Time since last: 51043084 ns, Reaching safepoint: 364226 ns, At safepoint: 176526 ns, Total: 540752 ns
[2021-05-07T01:01:53.415+0000][7][gc,marking  ] GC(19) Concurrent Cleanup for Next Mark
[2021-05-07T01:01:53.415+0000][7][gc,marking  ] GC(19) Concurrent Cleanup for Next Mark 0.316ms
[2021-05-07T01:01:53.415+0000][7][gc          ] GC(19) Concurrent Cycle 121.114ms
[2021-05-07T01:01:53.876+0000][7][gc,start    ] GC(20) Pause Young (Normal) (G1 Evacuation Pause)
[2021-05-07T01:01:53.876+0000][7][gc,task     ] GC(20) Using 6 workers of 8 for evacuation
[2021-05-07T01:01:53.876+0000][7][gc,age      ] GC(20) Desired survivor size 10485760 bytes, new threshold 1 (max threshold 15)
[2021-05-07T01:01:53.896+0000][7][gc,age      ] GC(20) Age table with threshold 1 (max threshold 15)
[2021-05-07T01:01:53.896+0000][7][gc,age      ] GC(20) - age   1:    1351280 bytes,    1351280 total
[2021-05-07T01:01:53.896+0000][7][gc,phases   ] GC(20)   Pre Evacuate Collection Set: 0.1ms
[2021-05-07T01:01:53.896+0000][7][gc,phases   ] GC(20)   Merge Heap Roots: 0.1ms
[2021-05-07T01:01:53.896+0000][7][gc,phases   ] GC(20)   Evacuate Collection Set: 19.2ms
[2021-05-07T01:01:53.896+0000][7][gc,phases   ] GC(20)   Post Evacuate Collection Set: 0.5ms
[2021-05-07T01:01:53.896+0000][7][gc,phases   ] GC(20)   Other: 0.2ms
[2021-05-07T01:01:53.896+0000][7][gc,heap     ] GC(20) Eden regions: 29->0(31)
[2021-05-07T01:01:53.896+0000][7][gc,heap     ] GC(20) Survivor regions: 4->1(5)
[2021-05-07T01:01:53.896+0000][7][gc,heap     ] GC(20) Old regions: 11->14
[2021-05-07T01:01:53.896+0000][7][gc,heap     ] GC(20) Archive regions: 2->2
[2021-05-07T01:01:53.896+0000][7][gc,heap     ] GC(20) Humongous regions: 0->0
[2021-05-07T01:01:53.896+0000][7][gc,metaspace] GC(20) Metaspace: 35993K(38600K)->35993K(38600K) NonClass: 31421K(33352K)->31421K(33352K) Class: 4572K(5248K)->4572K(5248K)
[2021-05-07T01:01:53.896+0000][7][gc          ] GC(20) Pause Young (Normal) (G1 Evacuation Pause) 176M->62M(256M) 20.146ms
[2021-05-07T01:01:53.896+0000][7][gc,cpu      ] GC(20) User=0.09s Sys=0.00s Real=0.02s
[2021-05-07T01:01:53.896+0000][7][safepoint   ] Safepoint "G1CollectForAllocation", Time since last: 460947651 ns, Reaching safepoint: 212182 ns, At safepoint: 20239469 ns, Total: 20451651 ns
[2021-05-07T01:01:55.708+0000][7][safepoint   ] Safepoint "Cleanup", Time since last: 1811357724 ns, Reaching safepoint: 181854 ns, At safepoint: 8811 ns, Total: 190665 ns
[2021-05-07T01:01:56.111+0000][7][safepoint   ] Safepoint "ICBufferFull", Time since last: 403212637 ns, Reaching safepoint: 254411 ns, At safepoint: 12493 ns, Total: 266904 ns
[2021-05-07T01:01:56.140+0000][7][gc,start    ] GC(21) Pause Young (Normal) (G1 Evacuation Pause)
[2021-05-07T01:01:56.140+0000][7][gc,task     ] GC(21) Using 6 workers of 8 for evacuation
[2021-05-07T01:01:56.140+0000][7][gc,age      ] GC(21) Desired survivor size 8388608 bytes, new threshold 15 (max threshold 15)
[2021-05-07T01:01:56.163+0000][7][gc,age      ] GC(21) Age table with threshold 15 (max threshold 15)
[2021-05-07T01:01:56.163+0000][7][gc,age      ] GC(21) - age   1:    5302496 bytes,    5302496 total
[2021-05-07T01:01:56.163+0000][7][gc,age      ] GC(21) - age   2:    1274904 bytes,    6577400 total
[2021-05-07T01:01:56.163+0000][7][gc,phases   ] GC(21)   Pre Evacuate Collection Set: 0.1ms
[2021-05-07T01:01:56.163+0000][7][gc,phases   ] GC(21)   Merge Heap Roots: 0.1ms
[2021-05-07T01:01:56.163+0000][7][gc,phases   ] GC(21)   Evacuate Collection Set: 20.4ms
[2021-05-07T01:01:56.163+0000][7][gc,phases   ] GC(21)   Post Evacuate Collection Set: 1.8ms
[2021-05-07T01:01:56.163+0000][7][gc,phases   ] GC(21)   Other: 0.2ms
[2021-05-07T01:01:56.163+0000][7][gc,heap     ] GC(21) Eden regions: 31->0(30)
[2021-05-07T01:01:56.163+0000][7][gc,heap     ] GC(21) Survivor regions: 1->2(4)
[2021-05-07T01:01:56.163+0000][7][gc,heap     ] GC(21) Old regions: 14->14
[2021-05-07T01:01:56.163+0000][7][gc,heap     ] GC(21) Archive regions: 2->2
[2021-05-07T01:01:56.163+0000][7][gc,heap     ] GC(21) Humongous regions: 0->0
[2021-05-07T01:01:56.163+0000][7][gc,metaspace] GC(21) Metaspace: 51753K(54984K)->51753K(54984K) NonClass: 44836K(47176K)->44836K(47176K) Class: 6916K(7808K)->6916K(7808K)
[2021-05-07T01:01:56.163+0000][7][gc          ] GC(21) Pause Young (Normal) (G1 Evacuation Pause) 186M->66M(256M) 22.742ms
[2021-05-07T01:01:56.163+0000][7][gc,cpu      ] GC(21) User=0.09s Sys=0.00s Real=0.02s
[2021-05-07T01:01:56.167+0000][7][safepoint   ] Safepoint "G1CollectForAllocation", Time since last: 28818436 ns, Reaching safepoint: 226720 ns, At safepoint: 27074270 ns, Total: 27300990 ns
[2021-05-07T01:01:57.125+0000][7][gc,start    ] GC(22) Pause Young (Concurrent Start) (Metadata GC Threshold)
[2021-05-07T01:01:57.125+0000][7][gc,task     ] GC(22) Using 6 workers of 8 for evacuation
[2021-05-07T01:01:57.125+0000][7][gc,age      ] GC(22) Desired survivor size 8388608 bytes, new threshold 15 (max threshold 15)
[2021-05-07T01:01:57.132+0000][7][gc,age      ] GC(22) Age table with threshold 15 (max threshold 15)
[2021-05-07T01:01:57.132+0000][7][gc,age      ] GC(22) - age   1:    2466520 bytes,    2466520 total
[2021-05-07T01:01:57.132+0000][7][gc,age      ] GC(22) - age   2:    5102928 bytes,    7569448 total
[2021-05-07T01:01:57.132+0000][7][gc,age      ] GC(22) - age   3:    1274520 bytes,    8843968 total
[2021-05-07T01:01:57.132+0000][7][gc,phases   ] GC(22)   Pre Evacuate Collection Set: 0.1ms
[2021-05-07T01:01:57.132+0000][7][gc,phases   ] GC(22)   Merge Heap Roots: 0.1ms
[2021-05-07T01:01:57.132+0000][7][gc,phases   ] GC(22)   Evacuate Collection Set: 6.4ms
[2021-05-07T01:01:57.132+0000][7][gc,phases   ] GC(22)   Post Evacuate Collection Set: 0.8ms
[2021-05-07T01:01:57.132+0000][7][gc,phases   ] GC(22)   Other: 0.2ms
[2021-05-07T01:01:57.132+0000][7][gc,heap     ] GC(22) Eden regions: 21->0(30)
[2021-05-07T01:01:57.132+0000][7][gc,heap     ] GC(22) Survivor regions: 2->3(4)
[2021-05-07T01:01:57.132+0000][7][gc,heap     ] GC(22) Old regions: 14->14
[2021-05-07T01:01:57.132+0000][7][gc,heap     ] GC(22) Archive regions: 2->2
[2021-05-07T01:01:57.132+0000][7][gc,heap     ] GC(22) Humongous regions: 0->0
[2021-05-07T01:01:57.132+0000][7][gc,metaspace] GC(22) Metaspace: 56630K(59976K)->56630K(59976K) NonClass: 49188K(51528K)->49188K(51528K) Class: 7442K(8448K)->7442K(8448K)
[2021-05-07T01:01:57.132+0000][7][gc          ] GC(22) Pause Young (Concurrent Start) (Metadata GC Threshold) 150M->68M(256M) 7.629ms
[2021-05-07T01:01:57.132+0000][7][gc,cpu      ] GC(22) User=0.04s Sys=0.00s Real=0.01s
[2021-05-07T01:01:57.132+0000][7][gc          ] GC(23) Concurrent Cycle
[2021-05-07T01:01:57.132+0000][7][gc,marking  ] GC(23) Concurrent Clear Claimed Marks
[2021-05-07T01:01:57.133+0000][7][gc,marking  ] GC(23) Concurrent Clear Claimed Marks 0.066ms
[2021-05-07T01:01:57.133+0000][7][gc,marking  ] GC(23) Concurrent Scan Root Regions
[2021-05-07T01:01:57.133+0000][7][safepoint   ] Safepoint "CollectForMetadataAllocation", Time since last: 957209420 ns, Reaching safepoint: 189508 ns, At safepoint: 7884661 ns, Total: 8074169 ns
[2021-05-07T01:01:57.139+0000][7][gc,marking  ] GC(23) Concurrent Scan Root Regions 6.867ms
[2021-05-07T01:01:57.139+0000][7][gc,marking  ] GC(23) Concurrent Mark (19.673s)
[2021-05-07T01:01:57.139+0000][7][gc,marking  ] GC(23) Concurrent Mark From Roots
[2021-05-07T01:01:57.140+0000][7][gc,task     ] GC(23) Using 2 workers of 2 for marking
[2021-05-07T01:01:57.220+0000][7][gc,marking  ] GC(23) Concurrent Mark From Roots 80.874ms
[2021-05-07T01:01:57.220+0000][7][gc,marking  ] GC(23) Concurrent Preclean
[2021-05-07T01:01:57.221+0000][7][gc,marking  ] GC(23) Concurrent Preclean 0.334ms
[2021-05-07T01:01:57.221+0000][7][gc,marking  ] GC(23) Concurrent Mark (19.673s, 19.755s) 81.286ms
[2021-05-07T01:01:57.221+0000][7][gc,start    ] GC(23) Pause Remark
[2021-05-07T01:01:57.224+0000][7][gc          ] GC(23) Pause Remark 71M->71M(256M) 2.642ms
[2021-05-07T01:01:57.224+0000][7][gc,cpu      ] GC(23) User=0.02s Sys=0.00s Real=0.00s
[2021-05-07T01:01:57.224+0000][7][safepoint   ] Safepoint "G1Concurrent", Time since last: 88182533 ns, Reaching safepoint: 148754 ns, At safepoint: 2698424 ns, Total: 2847178 ns
[2021-05-07T01:01:57.224+0000][7][gc,marking  ] GC(23) Concurrent Rebuild Remembered Sets
[2021-05-07T01:01:57.269+0000][7][gc,marking  ] GC(23) Concurrent Rebuild Remembered Sets 44.996ms
[2021-05-07T01:01:57.269+0000][7][gc,start    ] GC(23) Pause Cleanup
[2021-05-07T01:01:57.269+0000][7][gc          ] GC(23) Pause Cleanup 71M->71M(256M) 0.070ms
[2021-05-07T01:01:57.269+0000][7][gc,cpu      ] GC(23) User=0.00s Sys=0.00s Real=0.00s
[2021-05-07T01:01:57.269+0000][7][safepoint   ] Safepoint "G1Concurrent", Time since last: 45075382 ns, Reaching safepoint: 571452 ns, At safepoint: 108713 ns, Total: 680165 ns
[2021-05-07T01:01:57.270+0000][7][gc,marking  ] GC(23) Concurrent Cleanup for Next Mark
[2021-05-07T01:01:57.270+0000][7][gc,marking  ] GC(23) Concurrent Cleanup for Next Mark 0.144ms
[2021-05-07T01:01:57.270+0000][7][gc          ] GC(23) Concurrent Cycle 137.217ms
[2021-05-07T01:01:58.270+0000][7][safepoint   ] Safepoint "Cleanup", Time since last: 1000103433 ns, Reaching safepoint: 816773 ns, At safepoint: 9476 ns, Total: 826249 ns
[2021-05-07T01:01:58.882+0000][7][gc,start    ] GC(24) Pause Young (Normal) (G1 Evacuation Pause)
[2021-05-07T01:01:58.882+0000][7][gc,task     ] GC(24) Using 6 workers of 8 for evacuation
[2021-05-07T01:01:58.882+0000][7][gc,age      ] GC(24) Desired survivor size 10485760 bytes, new threshold 15 (max threshold 15)
[2021-05-07T01:01:58.894+0000][7][gc,age      ] GC(24) Age table with threshold 15 (max threshold 15)
[2021-05-07T01:01:58.894+0000][7][gc,age      ] GC(24) - age   1:    7399320 bytes,    7399320 total
[2021-05-07T01:01:58.894+0000][7][gc,age      ] GC(24) - age   2:    2409360 bytes,    9808680 total
[2021-05-07T01:01:58.894+0000][7][gc,age      ] GC(24) - age   3:    5071824 bytes,   14880504 total
[2021-05-07T01:01:58.894+0000][7][gc,age      ] GC(24) - age   4:    1271440 bytes,   16151944 total
[2021-05-07T01:01:58.894+0000][7][gc,phases   ] GC(24)   Pre Evacuate Collection Set: 0.0ms
[2021-05-07T01:01:58.894+0000][7][gc,phases   ] GC(24)   Merge Heap Roots: 0.1ms
[2021-05-07T01:01:58.894+0000][7][gc,phases   ] GC(24)   Evacuate Collection Set: 11.2ms
[2021-05-07T01:01:58.894+0000][7][gc,phases   ] GC(24)   Post Evacuate Collection Set: 0.9ms
[2021-05-07T01:01:58.894+0000][7][gc,phases   ] GC(24)   Other: 0.2ms
[2021-05-07T01:01:58.894+0000][7][gc,heap     ] GC(24) Eden regions: 30->0(28)
[2021-05-07T01:01:58.894+0000][7][gc,heap     ] GC(24) Survivor regions: 3->5(5)
[2021-05-07T01:01:58.894+0000][7][gc,heap     ] GC(24) Old regions: 14->14
[2021-05-07T01:01:58.894+0000][7][gc,heap     ] GC(24) Archive regions: 2->2
[2021-05-07T01:01:58.894+0000][7][gc,heap     ] GC(24) Humongous regions: 0->0
[2021-05-07T01:01:58.894+0000][7][gc,metaspace] GC(24) Metaspace: 73988K(78024K)->73988K(78024K) NonClass: 64133K(67144K)->64133K(67144K) Class: 9854K(10880K)->9854K(10880K)
[2021-05-07T01:01:58.894+0000][7][gc          ] GC(24) Pause Young (Normal) (G1 Evacuation Pause) 188M->76M(256M) 12.425ms
[2021-05-07T01:01:58.894+0000][7][gc,cpu      ] GC(24) User=0.07s Sys=0.00s Real=0.01s
[2021-05-07T01:01:58.894+0000][7][safepoint   ] Safepoint "G1CollectForAllocation", Time since last: 611371394 ns, Reaching safepoint: 187179 ns, At safepoint: 12501802 ns, Total: 12688981 ns
[2021-05-07T01:01:59.901+0000][7][safepoint   ] Safepoint "Cleanup", Time since last: 1006195334 ns, Reaching safepoint: 198307 ns, At safepoint: 5674 ns, Total: 203981 ns
[2021-05-07T01:02:00.268+0000][7][safepoint   ] Safepoint "ICBufferFull", Time since last: 366633617 ns, Reaching safepoint: 186830 ns, At safepoint: 11374 ns, Total: 198204 ns
[2021-05-07T01:02:00.506+0000][7][safepoint   ] Safepoint "ICBufferFull", Time since last: 238207747 ns, Reaching safepoint: 282088 ns, At safepoint: 14072 ns, Total: 296160 ns
[2021-05-07T01:02:00.534+0000][7][gc,start    ] GC(25) Pause Young (Normal) (G1 Evacuation Pause)
[2021-05-07T01:02:00.534+0000][7][gc,task     ] GC(25) Using 6 workers of 8 for evacuation
[2021-05-07T01:02:00.534+0000][7][gc,age      ] GC(25) Desired survivor size 10485760 bytes, new threshold 3 (max threshold 15)
[2021-05-07T01:02:00.549+0000][7][gc,age      ] GC(25) Age table with threshold 3 (max threshold 15)
[2021-05-07T01:02:00.549+0000][7][gc,age      ] GC(25) - age   1:    5522280 bytes,    5522280 total
[2021-05-07T01:02:00.549+0000][7][gc,age      ] GC(25) - age   2:    6943272 bytes,   12465552 total
[2021-05-07T01:02:00.549+0000][7][gc,age      ] GC(25) - age   3:    2400400 bytes,   14865952 total
[2021-05-07T01:02:00.549+0000][7][gc,phases   ] GC(25)   Pre Evacuate Collection Set: 0.1ms
[2021-05-07T01:02:00.549+0000][7][gc,phases   ] GC(25)   Merge Heap Roots: 0.0ms
[2021-05-07T01:02:00.549+0000][7][gc,phases   ] GC(25)   Evacuate Collection Set: 14.5ms
[2021-05-07T01:02:00.549+0000][7][gc,phases   ] GC(25)   Post Evacuate Collection Set: 1.0ms
[2021-05-07T01:02:00.549+0000][7][gc,phases   ] GC(25)   Other: 0.2ms
[2021-05-07T01:02:00.549+0000][7][gc,heap     ] GC(25) Eden regions: 28->0(27)
[2021-05-07T01:02:00.549+0000][7][gc,heap     ] GC(25) Survivor regions: 5->4(5)
[2021-05-07T01:02:00.549+0000][7][gc,heap     ] GC(25) Old regions: 14->16
[2021-05-07T01:02:00.549+0000][7][gc,heap     ] GC(25) Archive regions: 2->2
[2021-05-07T01:02:00.549+0000][7][gc,heap     ] GC(25) Humongous regions: 0->0
[2021-05-07T01:02:00.550+0000][7][gc,metaspace] GC(25) Metaspace: 84533K(88776K)->84533K(88776K) NonClass: 73164K(76360K)->73164K(76360K) Class: 11368K(12416K)->11368K(12416K)
[2021-05-07T01:02:00.550+0000][7][gc          ] GC(25) Pause Young (Normal) (G1 Evacuation Pause) 188M->81M(256M) 15.934ms
[2021-05-07T01:02:00.550+0000][7][gc,cpu      ] GC(25) User=0.10s Sys=0.00s Real=0.02s
[2021-05-07T01:02:00.550+0000][7][safepoint   ] Safepoint "G1CollectForAllocation", Time since last: 27215046 ns, Reaching safepoint: 156689 ns, At safepoint: 16027698 ns, Total: 16184387 ns
[2021-05-07T01:02:00.970+0000][7][safepoint   ] Safepoint "ICBufferFull", Time since last: 420227967 ns, Reaching safepoint: 228385 ns, At safepoint: 11861 ns, Total: 240246 ns
[2021-05-07T01:02:01.319+0000][7][gc,start    ] GC(26) Pause Young (Concurrent Start) (G1 Humongous Allocation)
[2021-05-07T01:02:01.319+0000][7][gc,task     ] GC(26) Using 6 workers of 8 for evacuation
[2021-05-07T01:02:01.319+0000][7][gc,age      ] GC(26) Desired survivor size 8388608 bytes, new threshold 2 (max threshold 15)
[2021-05-07T01:02:01.334+0000][7][gc,age      ] GC(26) Age table with threshold 2 (max threshold 15)
[2021-05-07T01:02:01.334+0000][7][gc,age      ] GC(26) - age   1:    3784120 bytes,    3784120 total
[2021-05-07T01:02:01.334+0000][7][gc,age      ] GC(26) - age   2:    4966144 bytes,    8750264 total
[2021-05-07T01:02:01.334+0000][7][gc,phases   ] GC(26)   Pre Evacuate Collection Set: 0.1ms
[2021-05-07T01:02:01.334+0000][7][gc,phases   ] GC(26)   Merge Heap Roots: 0.1ms
[2021-05-07T01:02:01.334+0000][7][gc,phases   ] GC(26)   Evacuate Collection Set: 13.2ms
[2021-05-07T01:02:01.334+0000][7][gc,phases   ] GC(26)   Post Evacuate Collection Set: 0.9ms
[2021-05-07T01:02:01.334+0000][7][gc,phases   ] GC(26)   Other: 0.3ms
[2021-05-07T01:02:01.334+0000][7][gc,heap     ] GC(26) Eden regions: 15->0(25)
[2021-05-07T01:02:01.334+0000][7][gc,heap     ] GC(26) Survivor regions: 4->3(4)
[2021-05-07T01:02:01.334+0000][7][gc,heap     ] GC(26) Old regions: 16->18
[2021-05-07T01:02:01.334+0000][7][gc,heap     ] GC(26) Archive regions: 2->2
[2021-05-07T01:02:01.334+0000][7][gc,heap     ] GC(26) Humongous regions: 1->1
[2021-05-07T01:02:01.334+0000][7][gc,metaspace] GC(26) Metaspace: 90523K(94792K)->90523K(94792K) NonClass: 78281K(81480K)->78281K(81480K) Class: 12241K(13312K)->12241K(13312K)
[2021-05-07T01:02:01.334+0000][7][gc          ] GC(26) Pause Young (Concurrent Start) (G1 Humongous Allocation) 144M->88M(256M) 14.747ms
[2021-05-07T01:02:01.334+0000][7][gc,cpu      ] GC(26) User=0.11s Sys=0.01s Real=0.01s
[2021-05-07T01:02:01.334+0000][7][gc          ] GC(27) Concurrent Cycle
[2021-05-07T01:02:01.334+0000][7][gc,marking  ] GC(27) Concurrent Clear Claimed Marks
[2021-05-07T01:02:01.334+0000][7][gc,marking  ] GC(27) Concurrent Clear Claimed Marks 0.070ms
[2021-05-07T01:02:01.334+0000][7][gc,marking  ] GC(27) Concurrent Scan Root Regions
[2021-05-07T01:02:01.334+0000][7][safepoint   ] Safepoint "G1TryInitiateConcMark", Time since last: 348456231 ns, Reaching safepoint: 755062 ns, At safepoint: 14850484 ns, Total: 15605546 ns
[2021-05-07T01:02:01.347+0000][7][gc,marking  ] GC(27) Concurrent Scan Root Regions 13.191ms
[2021-05-07T01:02:01.347+0000][7][gc,marking  ] GC(27) Concurrent Mark (23.881s)
[2021-05-07T01:02:01.347+0000][7][gc,marking  ] GC(27) Concurrent Mark From Roots
[2021-05-07T01:02:01.347+0000][7][gc,task     ] GC(27) Using 2 workers of 2 for marking
[2021-05-07T01:02:01.442+0000][7][gc,marking  ] GC(27) Concurrent Mark From Roots 94.241ms
[2021-05-07T01:02:01.442+0000][7][gc,marking  ] GC(27) Concurrent Preclean
[2021-05-07T01:02:01.442+0000][7][gc,marking  ] GC(27) Concurrent Preclean 0.207ms
[2021-05-07T01:02:01.442+0000][7][gc,marking  ] GC(27) Concurrent Mark (23.881s, 23.976s) 94.504ms
[2021-05-07T01:02:01.442+0000][7][gc,start    ] GC(27) Pause Remark
[2021-05-07T01:02:01.447+0000][7][gc          ] GC(27) Pause Remark 99M->99M(256M) 4.408ms
[2021-05-07T01:02:01.447+0000][7][gc,cpu      ] GC(27) User=0.03s Sys=0.00s Real=0.00s
[2021-05-07T01:02:01.447+0000][7][safepoint   ] Safepoint "G1Concurrent", Time since last: 107862058 ns, Reaching safepoint: 175657 ns, At safepoint: 4517759 ns, Total: 4693416 ns
[2021-05-07T01:02:01.447+0000][7][gc,marking  ] GC(27) Concurrent Rebuild Remembered Sets
[2021-05-07T01:02:01.528+0000][7][gc,marking  ] GC(27) Concurrent Rebuild Remembered Sets 81.116ms
[2021-05-07T01:02:01.528+0000][7][gc,start    ] GC(27) Pause Cleanup
[2021-05-07T01:02:01.528+0000][7][gc          ] GC(27) Pause Cleanup 104M->104M(256M) 0.090ms
[2021-05-07T01:02:01.528+0000][7][gc,cpu      ] GC(27) User=0.00s Sys=0.00s Real=0.00s
[2021-05-07T01:02:01.529+0000][7][safepoint   ] Safepoint "G1Concurrent", Time since last: 81231195 ns, Reaching safepoint: 467753 ns, At safepoint: 156763 ns, Total: 624516 ns
[2021-05-07T01:02:01.529+0000][7][gc,marking  ] GC(27) Concurrent Cleanup for Next Mark
[2021-05-07T01:02:01.529+0000][7][gc,marking  ] GC(27) Concurrent Cleanup for Next Mark 0.296ms
[2021-05-07T01:02:01.529+0000][7][gc          ] GC(27) Concurrent Cycle 194.782ms
[2021-05-07T01:02:01.727+0000][7][safepoint   ] Safepoint "ICBufferFull", Time since last: 198416972 ns, Reaching safepoint: 278824 ns, At safepoint: 16925 ns, Total: 295749 ns
[2021-05-07T01:02:01.995+0000][7][safepoint   ] Safepoint "ICBufferFull", Time since last: 267167902 ns, Reaching safepoint: 214154 ns, At safepoint: 12525 ns, Total: 226679 ns
[2021-05-07T01:02:02.234+0000][7][gc,start    ] GC(28) Pause Young (Normal) (G1 Evacuation Pause)
[2021-05-07T01:02:02.234+0000][7][gc,task     ] GC(28) Using 6 workers of 8 for evacuation
[2021-05-07T01:02:02.234+0000][7][gc,age      ] GC(28) Desired survivor size 8388608 bytes, new threshold 2 (max threshold 15)
[2021-05-07T01:02:02.258+0000][7][gc,age      ] GC(28) Age table with threshold 2 (max threshold 15)
[2021-05-07T01:02:02.258+0000][7][gc,age      ] GC(28) - age   1:   13686864 bytes,   13686864 total
[2021-05-07T01:02:02.258+0000][7][gc,age      ] GC(28) - age   2:    3062272 bytes,   16749136 total
[2021-05-07T01:02:02.258+0000][7][gc,phases   ] GC(28)   Pre Evacuate Collection Set: 0.1ms
[2021-05-07T01:02:02.258+0000][7][gc,phases   ] GC(28)   Merge Heap Roots: 0.1ms
[2021-05-07T01:02:02.258+0000][7][gc,phases   ] GC(28)   Evacuate Collection Set: 22.3ms
[2021-05-07T01:02:02.258+0000][7][gc,phases   ] GC(28)   Post Evacuate Collection Set: 0.7ms
[2021-05-07T01:02:02.258+0000][7][gc,phases   ] GC(28)   Other: 0.2ms
[2021-05-07T01:02:02.258+0000][7][gc,heap     ] GC(28) Eden regions: 25->0(19)
[2021-05-07T01:02:02.258+0000][7][gc,heap     ] GC(28) Survivor regions: 3->4(4)
[2021-05-07T01:02:02.258+0000][7][gc,heap     ] GC(28) Old regions: 18->21
[2021-05-07T01:02:02.258+0000][7][gc,heap     ] GC(28) Archive regions: 2->2
[2021-05-07T01:02:02.258+0000][7][gc,heap     ] GC(28) Humongous regions: 2->2
[2021-05-07T01:02:02.258+0000][7][gc,metaspace] GC(28) Metaspace: 95723K(100296K)->95723K(100296K) NonClass: 82705K(86088K)->82705K(86088K) Class: 13017K(14208K)->13017K(14208K)
[2021-05-07T01:02:02.258+0000][7][gc          ] GC(28) Pause Young (Normal) (G1 Evacuation Pause) 192M->108M(256M) 23.452ms
[2021-05-07T01:02:02.258+0000][7][gc,cpu      ] GC(28) User=0.17s Sys=0.00s Real=0.03s
[2021-05-07T01:02:02.258+0000][7][safepoint   ] Safepoint "G1CollectForAllocation", Time since last: 239416168 ns, Reaching safepoint: 234972 ns, At safepoint: 23536666 ns, Total: 23771638 ns
[2021-05-07T01:02:02.419+0000][7][safepoint   ] Safepoint "ICBufferFull", Time since last: 160998136 ns, Reaching safepoint: 254569 ns, At safepoint: 17899 ns, Total: 272468 ns
[2021-05-07T01:02:02.739+0000][7][gc,start    ] GC(29) Pause Young (Concurrent Start) (G1 Evacuation Pause)
[2021-05-07T01:02:02.739+0000][7][gc,task     ] GC(29) Using 6 workers of 8 for evacuation
[2021-05-07T01:02:02.739+0000][7][gc,age      ] GC(29) Desired survivor size 6291456 bytes, new threshold 1 (max threshold 15)
[2021-05-07T01:02:02.761+0000][7][gc,age      ] GC(29) Age table with threshold 1 (max threshold 15)
[2021-05-07T01:02:02.761+0000][7][gc,age      ] GC(29) - age   1:   12575920 bytes,   12575920 total
[2021-05-07T01:02:02.761+0000][7][gc,phases   ] GC(29)   Pre Evacuate Collection Set: 0.1ms
[2021-05-07T01:02:02.761+0000][7][gc,phases   ] GC(29)   Merge Heap Roots: 0.1ms
[2021-05-07T01:02:02.761+0000][7][gc,phases   ] GC(29)   Evacuate Collection Set: 21.0ms
[2021-05-07T01:02:02.761+0000][7][gc,phases   ] GC(29)   Post Evacuate Collection Set: 0.5ms
[2021-05-07T01:02:02.761+0000][7][gc,phases   ] GC(29)   Other: 0.2ms
[2021-05-07T01:02:02.761+0000][7][gc,heap     ] GC(29) Eden regions: 19->0(16)
[2021-05-07T01:02:02.761+0000][7][gc,heap     ] GC(29) Survivor regions: 4->3(3)
[2021-05-07T01:02:02.761+0000][7][gc,heap     ] GC(29) Old regions: 21->24
[2021-05-07T01:02:02.761+0000][7][gc,heap     ] GC(29) Archive regions: 2->2
[2021-05-07T01:02:02.761+0000][7][gc,heap     ] GC(29) Humongous regions: 2->2
[2021-05-07T01:02:02.761+0000][7][gc,metaspace] GC(29) Metaspace: 96125K(100808K)->96125K(100808K) NonClass: 83106K(86600K)->83106K(86600K) Class: 13018K(14208K)->13018K(14208K)
[2021-05-07T01:02:02.761+0000][7][gc          ] GC(29) Pause Young (Concurrent Start) (G1 Evacuation Pause) 184M->119M(256M) 22.094ms
[2021-05-07T01:02:02.761+0000][7][gc,cpu      ] GC(29) User=0.15s Sys=0.00s Real=0.02s
[2021-05-07T01:02:02.761+0000][7][gc          ] GC(30) Concurrent Cycle
[2021-05-07T01:02:02.761+0000][7][safepoint   ] Safepoint "G1CollectForAllocation", Time since last: 319807675 ns, Reaching safepoint: 183643 ns, At safepoint: 22197271 ns, Total: 22380914 ns
[2021-05-07T01:02:02.761+0000][7][gc,marking  ] GC(30) Concurrent Clear Claimed Marks
[2021-05-07T01:02:02.761+0000][7][gc,marking  ] GC(30) Concurrent Clear Claimed Marks 0.120ms
[2021-05-07T01:02:02.761+0000][7][gc,marking  ] GC(30) Concurrent Scan Root Regions
[2021-05-07T01:02:02.781+0000][7][gc,marking  ] GC(30) Concurrent Scan Root Regions 19.440ms
[2021-05-07T01:02:02.781+0000][7][gc,marking  ] GC(30) Concurrent Mark (25.315s)
[2021-05-07T01:02:02.781+0000][7][gc,marking  ] GC(30) Concurrent Mark From Roots
[2021-05-07T01:02:02.781+0000][7][gc,task     ] GC(30) Using 2 workers of 2 for marking
[2021-05-07T01:02:02.903+0000][7][gc,marking  ] GC(30) Concurrent Mark From Roots 122.149ms
[2021-05-07T01:02:02.903+0000][7][gc,marking  ] GC(30) Concurrent Preclean
[2021-05-07T01:02:02.903+0000][7][gc,marking  ] GC(30) Concurrent Preclean 0.224ms
[2021-05-07T01:02:02.903+0000][7][gc,marking  ] GC(30) Concurrent Mark (25.315s, 25.437s) 122.442ms
[2021-05-07T01:02:02.904+0000][7][gc,start    ] GC(30) Pause Remark
[2021-05-07T01:02:02.908+0000][7][gc          ] GC(30) Pause Remark 147M->147M(256M) 4.554ms
[2021-05-07T01:02:02.908+0000][7][gc,cpu      ] GC(30) User=0.03s Sys=0.00s Real=0.00s
[2021-05-07T01:02:02.908+0000][7][safepoint   ] Safepoint "G1Concurrent", Time since last: 142093618 ns, Reaching safepoint: 192755 ns, At safepoint: 4646335 ns, Total: 4839090 ns
[2021-05-07T01:02:02.908+0000][7][gc,marking  ] GC(30) Concurrent Rebuild Remembered Sets
[2021-05-07T01:02:03.001+0000][7][gc,marking  ] GC(30) Concurrent Rebuild Remembered Sets 93.187ms
[2021-05-07T01:02:03.002+0000][7][gc,start    ] GC(30) Pause Cleanup
[2021-05-07T01:02:03.002+0000][7][gc          ] GC(30) Pause Cleanup 156M->156M(256M) 0.090ms
[2021-05-07T01:02:03.002+0000][7][gc,cpu      ] GC(30) User=0.00s Sys=0.00s Real=0.00s
[2021-05-07T01:02:03.002+0000][7][safepoint   ] Safepoint "G1Concurrent", Time since last: 93318061 ns, Reaching safepoint: 303720 ns, At safepoint: 146855 ns, Total: 450575 ns
[2021-05-07T01:02:03.002+0000][7][gc,marking  ] GC(30) Concurrent Cleanup for Next Mark
[2021-05-07T01:02:03.002+0000][7][gc,marking  ] GC(30) Concurrent Cleanup for Next Mark 0.200ms
[2021-05-07T01:02:03.002+0000][7][gc          ] GC(30) Concurrent Cycle 240.974ms
[2021-05-07T01:02:04.154+0000][7][safepoint   ] Safepoint "ICBufferFull", Time since last: 1152145002 ns, Reaching safepoint: 304552 ns, At safepoint: 13715 ns, Total: 318267 ns
[2021-05-07T01:02:04.699+0000][7][gc,start    ] GC(31) Pause Young (Normal) (G1 Evacuation Pause)
[2021-05-07T01:02:04.699+0000][7][gc,task     ] GC(31) Using 6 workers of 8 for evacuation
[2021-05-07T01:02:04.699+0000][7][gc,age      ] GC(31) Desired survivor size 6291456 bytes, new threshold 1 (max threshold 15)
[2021-05-07T01:02:04.721+0000][7][gc,age      ] GC(31) Age table with threshold 1 (max threshold 15)
[2021-05-07T01:02:04.721+0000][7][gc,age      ] GC(31) - age   1:    3713808 bytes,    3713808 total
[2021-05-07T01:02:04.721+0000][7][gc,phases   ] GC(31)   Pre Evacuate Collection Set: 0.1ms
[2021-05-07T01:02:04.721+0000][7][gc,phases   ] GC(31)   Merge Heap Roots: 0.1ms
[2021-05-07T01:02:04.721+0000][7][gc,phases   ] GC(31)   Evacuate Collection Set: 21.1ms
[2021-05-07T01:02:04.721+0000][7][gc,phases   ] GC(31)   Post Evacuate Collection Set: 0.6ms
[2021-05-07T01:02:04.721+0000][7][gc,phases   ] GC(31)   Other: 0.2ms
[2021-05-07T01:02:04.721+0000][7][gc,heap     ] GC(31) Eden regions: 16->0(16)
[2021-05-07T01:02:04.721+0000][7][gc,heap     ] GC(31) Survivor regions: 3->2(3)
[2021-05-07T01:02:04.721+0000][7][gc,heap     ] GC(31) Old regions: 24->26
[2021-05-07T01:02:04.721+0000][7][gc,heap     ] GC(31) Archive regions: 2->2
[2021-05-07T01:02:04.721+0000][7][gc,heap     ] GC(31) Humongous regions: 2->2
[2021-05-07T01:02:04.721+0000][7][gc,metaspace] GC(31) Metaspace: 97220K(101704K)->97220K(101704K) NonClass: 84082K(87368K)->84082K(87368K) Class: 13138K(14336K)->13138K(14336K)
[2021-05-07T01:02:04.721+0000][7][gc          ] GC(31) Pause Young (Normal) (G1 Evacuation Pause) 183M->120M(256M) 22.245ms
[2021-05-07T01:02:04.722+0000][7][gc,cpu      ] GC(31) User=0.09s Sys=0.00s Real=0.02s
[2021-05-07T01:02:04.722+0000][7][safepoint   ] Safepoint "G1CollectForAllocation", Time since last: 543861869 ns, Reaching safepoint: 913260 ns, At safepoint: 22362226 ns, Total: 23275486 ns
[2021-05-07T01:02:05.730+0000][7][safepoint   ] Safepoint "Cleanup", Time since last: 1007809510 ns, Reaching safepoint: 222521 ns, At safepoint: 6246 ns, Total: 228767 ns
[2021-05-07T01:02:06.730+0000][7][safepoint   ] Safepoint "Cleanup", Time since last: 1000208030 ns, Reaching safepoint: 130641 ns, At safepoint: 7507 ns, Total: 138148 ns
[2021-05-07T01:02:07.731+0000][7][safepoint   ] Safepoint "Cleanup", Time since last: 1000275765 ns, Reaching safepoint: 283906 ns, At safepoint: 10644 ns, Total: 294550 ns
[2021-05-07T01:02:08.731+0000][7][safepoint   ] Safepoint "Cleanup", Time since last: 1000110536 ns, Reaching safepoint: 190824 ns, At safepoint: 8910 ns, Total: 199734 ns
[2021-05-07T01:02:09.731+0000][7][safepoint   ] Safepoint "Cleanup", Time since last: 1000114166 ns, Reaching safepoint: 112453 ns, At safepoint: 5623 ns, Total: 118076 ns
[2021-05-07T01:02:10.732+0000][7][safepoint   ] Safepoint "Cleanup", Time since last: 1000230690 ns, Reaching safepoint: 205650 ns, At safepoint: 7104 ns, Total: 212754 ns
[2021-05-07T01:02:11.732+0000][7][safepoint   ] Safepoint "Cleanup", Time since last: 1000122566 ns, Reaching safepoint: 143306 ns, At safepoint: 7454 ns, Total: 150760 ns
[2021-05-07T01:02:13.732+0000][7][safepoint   ] Safepoint "Cleanup", Time since last: 2000362211 ns, Reaching safepoint: 103252 ns, At safepoint: 4753 ns, Total: 108005 ns
[2021-05-07T01:02:14.732+0000][7][safepoint   ] Safepoint "Cleanup", Time since last: 1000095984 ns, Reaching safepoint: 82960 ns, At safepoint: 5752 ns, Total: 88712 ns
[2021-05-07T01:02:15.733+0000][7][safepoint   ] Safepoint "Cleanup", Time since last: 1000227705 ns, Reaching safepoint: 70848 ns, At safepoint: 5552 ns, Total: 76400 ns
[2021-05-07T01:02:16.733+0000][7][safepoint   ] Safepoint "Cleanup", Time since last: 1000081002 ns, Reaching safepoint: 71571 ns, At safepoint: 7176 ns, Total: 78747 ns
[2021-05-07T01:02:17.733+0000][7][safepoint   ] Safepoint "Cleanup", Time since last: 1000127402 ns, Reaching safepoint: 102913 ns, At safepoint: 6535 ns, Total: 109448 ns
[2021-05-07T01:02:19.733+0000][7][safepoint   ] Safepoint "Cleanup", Time since last: 2000194609 ns, Reaching safepoint: 127341 ns, At safepoint: 6769 ns, Total: 134110 ns
[2021-05-07T01:02:20.734+0000][7][safepoint   ] Safepoint "Cleanup", Time since last: 1000268821 ns, Reaching safepoint: 103487 ns, At safepoint: 5876 ns, Total: 109363 ns
[2021-05-07T01:02:21.734+0000][7][safepoint   ] Safepoint "Cleanup", Time since last: 1000132669 ns, Reaching safepoint: 139208 ns, At safepoint: 7774 ns, Total: 146982 ns
[2021-05-07T01:02:22.735+0000][7][safepoint   ] Safepoint "Cleanup", Time since last: 1000235757 ns, Reaching safepoint: 173253 ns, At safepoint: 5822 ns, Total: 179075 ns
[2021-05-07T01:02:23.735+0000][7][safepoint   ] Safepoint "Cleanup", Time since last: 1000305758 ns, Reaching safepoint: 97510 ns, At safepoint: 6501 ns, Total: 104011 ns
[2021-05-07T01:02:24.735+0000][7][safepoint   ] Safepoint "Cleanup", Time since last: 1000159512 ns, Reaching safepoint: 139674 ns, At safepoint: 6633 ns, Total: 146307 ns
[2021-05-07T01:02:25.735+0000][7][safepoint   ] Safepoint "Cleanup", Time since last: 1000095586 ns, Reaching safepoint: 96331 ns, At safepoint: 7509 ns, Total: 103840 ns
[2021-05-07T01:02:26.736+0000][7][safepoint   ] Safepoint "Cleanup", Time since last: 1000101447 ns, Reaching safepoint: 152081 ns, At safepoint: 8023 ns, Total: 160104 ns
[2021-05-07T01:02:27.736+0000][7][safepoint   ] Safepoint "Cleanup", Time since last: 1000139112 ns, Reaching safepoint: 111210 ns, At safepoint: 6943 ns, Total: 118153 ns
[2021-05-07T01:02:28.736+0000][7][safepoint   ] Safepoint "Cleanup", Time since last: 1000284365 ns, Reaching safepoint: 95667 ns, At safepoint: 5370 ns, Total: 101037 ns
[2021-05-07T01:02:29.737+0000][7][safepoint   ] Safepoint "Cleanup", Time since last: 1000394171 ns, Reaching safepoint: 121604 ns, At safepoint: 6633 ns, Total: 128237 ns
[2021-05-07T01:02:30.763+0000][7][safepoint   ] Safepoint "Cleanup", Time since last: 1026179374 ns, Reaching safepoint: 96381 ns, At safepoint: 8375 ns, Total: 104756 ns
[2021-05-07T01:02:31.764+0000][7][safepoint   ] Safepoint "Cleanup", Time since last: 1000174150 ns, Reaching safepoint: 200029 ns, At safepoint: 6718 ns, Total: 206747 ns
[2021-05-07T01:02:32.764+0000][7][safepoint   ] Safepoint "Cleanup", Time since last: 1000407948 ns, Reaching safepoint: 99973 ns, At safepoint: 5169 ns, Total: 105142 ns
[2021-05-07T01:02:34.765+0000][7][safepoint   ] Safepoint "Cleanup", Time since last: 2000675610 ns, Reaching safepoint: 84223 ns, At safepoint: 5925 ns, Total: 90148 ns
[2021-05-07T01:02:35.765+0000][7][safepoint   ] Safepoint "Cleanup", Time since last: 1000096957 ns, Reaching safepoint: 131584 ns, At safepoint: 6981 ns, Total: 138565 ns
[2021-05-07T01:02:36.765+0000][7][safepoint   ] Safepoint "Cleanup", Time since last: 1000112786 ns, Reaching safepoint: 84295 ns, At safepoint: 5730 ns, Total: 90025 ns
[2021-05-07T01:02:37.766+0000][7][safepoint   ] Safepoint "Cleanup", Time since last: 1000277281 ns, Reaching safepoint: 139039 ns, At safepoint: 5287 ns, Total: 144326 ns
[2021-05-07T01:02:38.766+0000][7][safepoint   ] Safepoint "Cleanup", Time since last: 1000514844 ns, Reaching safepoint: 149995 ns, At safepoint: 6840 ns, Total: 156835 ns
[2021-05-07T01:02:39.767+0000][7][safepoint   ] Safepoint "Cleanup", Time since last: 1000399336 ns, Reaching safepoint: 106461 ns, At safepoint: 5641 ns, Total: 112102 ns
[2021-05-07T01:02:40.768+0000][7][safepoint   ] Safepoint "Cleanup", Time since last: 1000514383 ns, Reaching safepoint: 112028 ns, At safepoint: 5784 ns, Total: 117812 ns
[2021-05-07T01:02:45.769+0000][7][safepoint   ] Safepoint "Cleanup", Time since last: 5000983761 ns, Reaching safepoint: 133523 ns, At safepoint: 6315 ns, Total: 139838 ns
[2021-05-07T01:02:46.769+0000][7][safepoint   ] Safepoint "Cleanup", Time since last: 1000096765 ns, Reaching safepoint: 220560 ns, At safepoint: 7874 ns, Total: 228434 ns
[2021-05-07T01:02:49.770+0000][7][safepoint   ] Safepoint "Cleanup", Time since last: 3000466995 ns, Reaching safepoint: 108406 ns, At safepoint: 5465 ns, Total: 113871 ns
[2021-05-07T01:02:52.771+0000][7][safepoint   ] Safepoint "Cleanup", Time since last: 3000855952 ns, Reaching safepoint: 134987 ns, At safepoint: 6760 ns, Total: 141747 ns
[2021-05-07T01:02:53.771+0000][7][safepoint   ] Safepoint "Cleanup", Time since last: 1000473586 ns, Reaching safepoint: 163778 ns, At safepoint: 6728 ns, Total: 170506 ns
[2021-05-07T01:02:54.771+0000][7][safepoint   ] Safepoint "Cleanup", Time since last: 1000132879 ns, Reaching safepoint: 154696 ns, At safepoint: 5019 ns, Total: 159715 ns
[2021-05-07T01:02:55.772+0000][7][safepoint   ] Safepoint "Cleanup", Time since last: 1000100033 ns, Reaching safepoint: 144223 ns, At safepoint: 8100 ns, Total: 152323 ns
[2021-05-07T01:02:56.772+0000][7][safepoint   ] Safepoint "Cleanup", Time since last: 1000132171 ns, Reaching safepoint: 99542 ns, At safepoint: 7762 ns, Total: 107304 ns
[2021-05-07T01:02:58.773+0000][7][safepoint   ] Safepoint "Cleanup", Time since last: 2000602283 ns, Reaching safepoint: 140103 ns, At safepoint: 6916 ns, Total: 147019 ns
[2021-05-07T01:02:59.773+0000][7][safepoint   ] Safepoint "Cleanup", Time since last: 1000268213 ns, Reaching safepoint: 154385 ns, At safepoint: 6955 ns, Total: 161340 ns
[2021-05-07T01:03:01.774+0000][7][safepoint   ] Safepoint "Cleanup", Time since last: 2000352353 ns, Reaching safepoint: 87720 ns, At safepoint: 6606 ns, Total: 94326 ns
[2021-05-07T01:03:01.775+0000][7][gc,start    ] GC(32) Pause Young (Concurrent Start) (G1 Evacuation Pause)
[2021-05-07T01:03:01.775+0000][7][gc,task     ] GC(32) Using 6 workers of 8 for evacuation
[2021-05-07T01:03:01.775+0000][7][gc,age      ] GC(32) Desired survivor size 6291456 bytes, new threshold 15 (max threshold 15)
[2021-05-07T01:03:01.779+0000][7][gc,age      ] GC(32) Age table with threshold 15 (max threshold 15)
[2021-05-07T01:03:01.779+0000][7][gc,age      ] GC(32) - age   1:    2872872 bytes,    2872872 total
[2021-05-07T01:03:01.779+0000][7][gc,age      ] GC(32) - age   2:    2433088 bytes,    5305960 total
[2021-05-07T01:03:01.779+0000][7][gc,phases   ] GC(32)   Pre Evacuate Collection Set: 0.1ms
[2021-05-07T01:03:01.779+0000][7][gc,phases   ] GC(32)   Merge Heap Roots: 0.1ms
[2021-05-07T01:03:01.779+0000][7][gc,phases   ] GC(32)   Evacuate Collection Set: 3.6ms
[2021-05-07T01:03:01.779+0000][7][gc,phases   ] GC(32)   Post Evacuate Collection Set: 0.5ms
[2021-05-07T01:03:01.779+0000][7][gc,phases   ] GC(32)   Other: 0.2ms
[2021-05-07T01:03:01.779+0000][7][gc,heap     ] GC(32) Eden regions: 16->0(16)
[2021-05-07T01:03:01.779+0000][7][gc,heap     ] GC(32) Survivor regions: 2->2(3)
[2021-05-07T01:03:01.779+0000][7][gc,heap     ] GC(32) Old regions: 26->26
[2021-05-07T01:03:01.779+0000][7][gc,heap     ] GC(32) Archive regions: 2->2
[2021-05-07T01:03:01.779+0000][7][gc,heap     ] GC(32) Humongous regions: 2->2
[2021-05-07T01:03:01.779+0000][7][gc,metaspace] GC(32) Metaspace: 100671K(105288K)->100671K(105288K) NonClass: 87068K(90440K)->87068K(90440K) Class: 13602K(14848K)->13602K(14848K)
[2021-05-07T01:03:01.779+0000][7][gc          ] GC(32) Pause Young (Concurrent Start) (G1 Evacuation Pause) 184M->121M(256M) 4.535ms
[2021-05-07T01:03:01.779+0000][7][gc,cpu      ] GC(32) User=0.03s Sys=0.00s Real=0.01s
[2021-05-07T01:03:01.779+0000][7][safepoint   ] Safepoint "G1CollectForAllocation", Time since last: 1169634 ns, Reaching safepoint: 74208 ns, At safepoint: 4614675 ns, Total: 4688883 ns
[2021-05-07T01:03:01.779+0000][7][gc          ] GC(33) Concurrent Cycle
[2021-05-07T01:03:01.779+0000][7][gc,marking  ] GC(33) Concurrent Clear Claimed Marks
[2021-05-07T01:03:01.780+0000][7][gc,marking  ] GC(33) Concurrent Clear Claimed Marks 0.077ms
[2021-05-07T01:03:01.780+0000][7][gc,marking  ] GC(33) Concurrent Scan Root Regions
[2021-05-07T01:03:01.783+0000][7][gc,marking  ] GC(33) Concurrent Scan Root Regions 3.283ms
[2021-05-07T01:03:01.783+0000][7][gc,marking  ] GC(33) Concurrent Mark (84.317s)
[2021-05-07T01:03:01.783+0000][7][gc,marking  ] GC(33) Concurrent Mark From Roots
[2021-05-07T01:03:01.783+0000][7][gc,task     ] GC(33) Using 2 workers of 2 for marking
[2021-05-07T01:03:01.862+0000][7][gc,marking  ] GC(33) Concurrent Mark From Roots 79.445ms
[2021-05-07T01:03:01.862+0000][7][gc,marking  ] GC(33) Concurrent Preclean
[2021-05-07T01:03:01.863+0000][7][gc,marking  ] GC(33) Concurrent Preclean 0.159ms
[2021-05-07T01:03:01.863+0000][7][gc,marking  ] GC(33) Concurrent Mark (84.317s, 84.397s) 79.647ms
[2021-05-07T01:03:01.863+0000][7][gc,start    ] GC(33) Pause Remark
[2021-05-07T01:03:01.870+0000][7][gc          ] GC(33) Pause Remark 122M->122M(256M) 6.809ms
[2021-05-07T01:03:01.870+0000][7][gc,cpu      ] GC(33) User=0.04s Sys=0.00s Real=0.01s
[2021-05-07T01:03:01.870+0000][7][safepoint   ] Safepoint "G1Concurrent", Time since last: 83146623 ns, Reaching safepoint: 96356 ns, At safepoint: 6883571 ns, Total: 6979927 ns
[2021-05-07T01:03:01.870+0000][7][gc,marking  ] GC(33) Concurrent Rebuild Remembered Sets
[2021-05-07T01:03:01.924+0000][7][gc,marking  ] GC(33) Concurrent Rebuild Remembered Sets 54.172ms
[2021-05-07T01:03:01.924+0000][7][gc,start    ] GC(33) Pause Cleanup
[2021-05-07T01:03:01.924+0000][7][gc          ] GC(33) Pause Cleanup 122M->122M(256M) 0.068ms
[2021-05-07T01:03:01.924+0000][7][gc,cpu      ] GC(33) User=0.00s Sys=0.00s Real=0.00s
[2021-05-07T01:03:01.924+0000][7][safepoint   ] Safepoint "G1Concurrent", Time since last: 54282423 ns, Reaching safepoint: 268449 ns, At safepoint: 110577 ns, Total: 379026 ns
[2021-05-07T01:03:01.924+0000][7][gc,marking  ] GC(33) Concurrent Cleanup for Next Mark
[2021-05-07T01:03:01.924+0000][7][gc,marking  ] GC(33) Concurrent Cleanup for Next Mark 0.132ms
[2021-05-07T01:03:01.924+0000][7][gc          ] GC(33) Concurrent Cycle 144.957ms
[2021-05-07T01:03:02.925+0000][7][safepoint   ] Safepoint "Cleanup", Time since last: 1000220850 ns, Reaching safepoint: 144141 ns, At safepoint: 7423 ns, Total: 151564 ns
[2021-05-07T01:03:04.925+0000][7][safepoint   ] Safepoint "Cleanup", Time since last: 2000626117 ns, Reaching safepoint: 207321 ns, At safepoint: 6524 ns, Total: 213845 ns
[2021-05-07T01:03:06.926+0000][7][safepoint   ] Safepoint "Cleanup", Time since last: 2000531500 ns, Reaching safepoint: 157355 ns, At safepoint: 7423 ns, Total: 164778 ns
[2021-05-07T01:03:07.927+0000][7][safepoint   ] Safepoint "Cleanup", Time since last: 1000187693 ns, Reaching safepoint: 201560 ns, At safepoint: 5606 ns, Total: 207166 ns
[2021-05-07T01:03:08.927+0000][7][safepoint   ] Safepoint "Cleanup", Time since last: 1000224314 ns, Reaching safepoint: 136981 ns, At safepoint: 9930 ns, Total: 146911 ns
[2021-05-07T01:03:09.928+0000][7][safepoint   ] Safepoint "Cleanup", Time since last: 1000535677 ns, Reaching safepoint: 128472 ns, At safepoint: 6105 ns, Total: 134577 ns
[2021-05-07T01:03:10.928+0000][7][safepoint   ] Safepoint "Cleanup", Time since last: 1000417566 ns, Reaching safepoint: 115578 ns, At safepoint: 5978 ns, Total: 121556 ns
[2021-05-07T01:03:11.929+0000][7][safepoint   ] Safepoint "Cleanup", Time since last: 1000426157 ns, Reaching safepoint: 115604 ns, At safepoint: 5399 ns, Total: 121003 ns
[2021-05-07T01:03:12.929+0000][7][safepoint   ] Safepoint "Cleanup", Time since last: 1000142896 ns, Reaching safepoint: 120989 ns, At safepoint: 6455 ns, Total: 127444 ns
[2021-05-07T01:03:13.929+0000][7][safepoint   ] Safepoint "Cleanup", Time since last: 1000140879 ns, Reaching safepoint: 86615 ns, At safepoint: 5817 ns, Total: 92432 ns
[2021-05-07T01:03:14.930+0000][7][safepoint   ] Safepoint "Cleanup", Time since last: 1000284001 ns, Reaching safepoint: 161389 ns, At safepoint: 7039 ns, Total: 168428 ns
[2021-05-07T01:03:15.930+0000][7][safepoint   ] Safepoint "Cleanup", Time since last: 1000233538 ns, Reaching safepoint: 105150 ns, At safepoint: 5704 ns, Total: 110854 ns
[2021-05-07T01:03:16.930+0000][7][safepoint   ] Safepoint "Cleanup", Time since last: 1000135532 ns, Reaching safepoint: 91803 ns, At safepoint: 5661 ns, Total: 97464 ns
[2021-05-07T01:03:19.931+0000][7][safepoint   ] Safepoint "Cleanup", Time since last: 3000864944 ns, Reaching safepoint: 107871 ns, At safepoint: 6351 ns, Total: 114222 ns
[2021-05-07T01:03:21.932+0000][7][safepoint   ] Safepoint "Cleanup", Time since last: 2000522555 ns, Reaching safepoint: 124021 ns, At safepoint: 7247 ns, Total: 131268 ns
[2021-05-07T01:03:22.932+0000][7][safepoint   ] Safepoint "Cleanup", Time since last: 1000121743 ns, Reaching safepoint: 110242 ns, At safepoint: 8487 ns, Total: 118729 ns
[2021-05-07T01:03:24.933+0000][7][safepoint   ] Safepoint "Cleanup", Time since last: 2000372939 ns, Reaching safepoint: 79077 ns, At safepoint: 4478 ns, Total: 83555 ns
[2021-05-07T01:03:25.933+0000][7][safepoint   ] Safepoint "Cleanup", Time since last: 1000110110 ns, Reaching safepoint: 71934 ns, At safepoint: 5661 ns, Total: 77595 ns
[2021-05-07T01:03:26.933+0000][7][safepoint   ] Safepoint "Cleanup", Time since last: 1000110753 ns, Reaching safepoint: 90552 ns, At safepoint: 6811 ns, Total: 97363 ns
[2021-05-07T01:03:28.934+0000][7][safepoint   ] Safepoint "Cleanup", Time since last: 2000517309 ns, Reaching safepoint: 111431 ns, At safepoint: 6640 ns, Total: 118071 ns
[2021-05-07T01:03:30.934+0000][7][safepoint   ] Safepoint "Cleanup", Time since last: 2000585469 ns, Reaching safepoint: 170463 ns, At safepoint: 7680 ns, Total: 178143 ns
[2021-05-07T01:03:31.935+0000][7][safepoint   ] Safepoint "Cleanup", Time since last: 1000303897 ns, Reaching safepoint: 102671 ns, At safepoint: 6055 ns, Total: 108726 ns
[2021-05-07T01:03:34.936+0000][7][safepoint   ] Safepoint "Cleanup", Time since last: 3001294058 ns, Reaching safepoint: 107838 ns, At safepoint: 5151 ns, Total: 112989 ns
[2021-05-07T01:03:36.937+0000][7][safepoint   ] Safepoint "Cleanup", Time since last: 2000779590 ns, Reaching safepoint: 109963 ns, At safepoint: 6155 ns, Total: 116118 ns
[2021-05-07T01:03:37.938+0000][7][safepoint   ] Safepoint "Cleanup", Time since last: 1000306811 ns, Reaching safepoint: 167136 ns, At safepoint: 5920 ns, Total: 173056 ns
[2021-05-07T01:03:38.938+0000][7][safepoint   ] Safepoint "Cleanup", Time since last: 1000396861 ns, Reaching safepoint: 107224 ns, At safepoint: 6426 ns, Total: 113650 ns
[2021-05-07T01:03:39.939+0000][7][safepoint   ] Safepoint "Cleanup", Time since last: 1000403985 ns, Reaching safepoint: 161846 ns, At safepoint: 7365 ns, Total: 169211 ns
[2021-05-07T01:03:40.939+0000][7][safepoint   ] Safepoint "Cleanup", Time since last: 1000142478 ns, Reaching safepoint: 160062 ns, At safepoint: 9195 ns, Total: 169257 ns
[2021-05-07T01:03:41.939+0000][7][safepoint   ] Safepoint "Cleanup", Time since last: 1000397761 ns, Reaching safepoint: 111407 ns, At safepoint: 5598 ns, Total: 117005 ns
[2021-05-07T01:03:46.941+0000][7][safepoint   ] Safepoint "Cleanup", Time since last: 5001207934 ns, Reaching safepoint: 87614 ns, At safepoint: 6836 ns, Total: 94450 ns
[2021-05-07T01:03:49.942+0000][7][safepoint   ] Safepoint "Cleanup", Time since last: 3000664622 ns, Reaching safepoint: 106086 ns, At safepoint: 5966 ns, Total: 112052 ns
[2021-05-07T01:03:52.942+0000][7][safepoint   ] Safepoint "Cleanup", Time since last: 3000744206 ns, Reaching safepoint: 94342 ns, At safepoint: 6242 ns, Total: 100584 ns
[2021-05-07T01:03:55.943+0000][7][safepoint   ] Safepoint "Cleanup", Time since last: 3000872332 ns, Reaching safepoint: 104847 ns, At safepoint: 6418 ns, Total: 111265 ns
[2021-05-07T01:03:56.944+0000][7][safepoint   ] Safepoint "Cleanup", Time since last: 1000505336 ns, Reaching safepoint: 100038 ns, At safepoint: 5505 ns, Total: 105543 ns
[2021-05-07T01:03:58.945+0000][7][safepoint   ] Safepoint "Cleanup", Time since last: 2000903472 ns, Reaching safepoint: 100457 ns, At safepoint: 7397 ns, Total: 107854 ns
[2021-05-07T01:03:59.945+0000][7][safepoint   ] Safepoint "Cleanup", Time since last: 1000183296 ns, Reaching safepoint: 111920 ns, At safepoint: 5843 ns, Total: 117763 ns
[2021-05-07T01:04:00.946+0000][7][safepoint   ] Safepoint "Cleanup", Time since last: 1000284128 ns, Reaching safepoint: 111102 ns, At safepoint: 6932 ns, Total: 118034 ns
[2021-05-07T01:04:01.946+0000][7][safepoint   ] Safepoint "Cleanup", Time since last: 1000095794 ns, Reaching safepoint: 99660 ns, At safepoint: 5152 ns, Total: 104812 ns
[2021-05-07T01:04:04.947+0000][7][safepoint   ] Safepoint "Cleanup", Time since last: 3001295438 ns, Reaching safepoint: 167792 ns, At safepoint: 7209 ns, Total: 175001 ns
[2021-05-07T01:04:06.948+0000][7][safepoint   ] Safepoint "Cleanup", Time since last: 2000743512 ns, Reaching safepoint: 96911 ns, At safepoint: 5905 ns, Total: 102816 ns
[2021-05-07T01:04:07.949+0000][7][safepoint   ] Safepoint "Cleanup", Time since last: 1000492659 ns, Reaching safepoint: 134581 ns, At safepoint: 7441 ns, Total: 142022 ns
[2021-05-07T01:04:08.949+0000][7][safepoint   ] Safepoint "Cleanup", Time since last: 1000504502 ns, Reaching safepoint: 106803 ns, At safepoint: 5925 ns, Total: 112728 ns
[2021-05-07T01:04:09.950+0000][7][safepoint   ] Safepoint "Cleanup", Time since last: 1000102955 ns, Reaching safepoint: 88344 ns, At safepoint: 6450 ns, Total: 94794 ns
[2021-05-07T01:04:10.950+0000][7][safepoint   ] Safepoint "Cleanup", Time since last: 1000274249 ns, Reaching safepoint: 84284 ns, At safepoint: 6364 ns, Total: 90648 ns
[2021-05-07T01:04:13.951+0000][7][safepoint   ] Safepoint "Cleanup", Time since last: 3001021723 ns, Reaching safepoint: 96462 ns, At safepoint: 6415 ns, Total: 102877 ns
[2021-05-07T01:04:14.951+0000][7][safepoint   ] Safepoint "Cleanup", Time since last: 1000139890 ns, Reaching safepoint: 192050 ns, At safepoint: 7517 ns, Total: 199567 ns
[2021-05-07T01:04:16.952+0000][7][safepoint   ] Safepoint "Cleanup", Time since last: 2000893810 ns, Reaching safepoint: 92785 ns, At safepoint: 6849 ns, Total: 99634 ns
[2021-05-07T01:04:19.954+0000][7][safepoint   ] Safepoint "Cleanup", Time since last: 3001028371 ns, Reaching safepoint: 129616 ns, At safepoint: 7505 ns, Total: 137121 ns
[2021-05-07T01:04:25.956+0000][7][safepoint   ] Safepoint "Cleanup", Time since last: 6001966906 ns, Reaching safepoint: 173518 ns, At safepoint: 7250 ns, Total: 180768 ns
[2021-05-07T01:04:26.956+0000][7][safepoint   ] Safepoint "Cleanup", Time since last: 1000517434 ns, Reaching safepoint: 114317 ns, At safepoint: 5997 ns, Total: 120314 ns
[2021-05-07T01:04:29.958+0000][7][safepoint   ] Safepoint "Cleanup", Time since last: 3000981332 ns, Reaching safepoint: 117682 ns, At safepoint: 6189 ns, Total: 123871 ns
[2021-05-07T01:04:30.958+0000][7][safepoint   ] Safepoint "Cleanup", Time since last: 1000093470 ns, Reaching safepoint: 92273 ns, At safepoint: 6100 ns, Total: 98373 ns
[2021-05-07T01:04:31.958+0000][7][safepoint   ] Safepoint "Cleanup", Time since last: 1000097682 ns, Reaching safepoint: 156732 ns, At safepoint: 7317 ns, Total: 164049 ns
[2021-05-07T01:04:34.959+0000][7][safepoint   ] Safepoint "Cleanup", Time since last: 3001122826 ns, Reaching safepoint: 189363 ns, At safepoint: 7028 ns, Total: 196391 ns
[2021-05-07T01:04:36.960+0000][7][safepoint   ] Safepoint "Cleanup", Time since last: 2000606215 ns, Reaching safepoint: 153317 ns, At safepoint: 7452 ns, Total: 160769 ns
[2021-05-07T01:04:37.706+0000][7][gc,start    ] GC(34) Pause Young (Normal) (G1 Evacuation Pause)
[2021-05-07T01:04:37.706+0000][7][gc,task     ] GC(34) Using 6 workers of 8 for evacuation
[2021-05-07T01:04:37.706+0000][7][gc,age      ] GC(34) Desired survivor size 6291456 bytes, new threshold 15 (max threshold 15)
[2021-05-07T01:04:37.712+0000][7][gc,age      ] GC(34) Age table with threshold 15 (max threshold 15)
[2021-05-07T01:04:37.712+0000][7][gc,age      ] GC(34) - age   1:     635416 bytes,     635416 total
[2021-05-07T01:04:37.712+0000][7][gc,age      ] GC(34) - age   2:    2617112 bytes,    3252528 total
[2021-05-07T01:04:37.712+0000][7][gc,age      ] GC(34) - age   3:    2419448 bytes,    5671976 total
[2021-05-07T01:04:37.712+0000][7][gc,phases   ] GC(34)   Pre Evacuate Collection Set: 0.1ms
[2021-05-07T01:04:37.712+0000][7][gc,phases   ] GC(34)   Merge Heap Roots: 0.1ms
[2021-05-07T01:04:37.712+0000][7][gc,phases   ] GC(34)   Evacuate Collection Set: 5.7ms
[2021-05-07T01:04:37.713+0000][7][gc,phases   ] GC(34)   Post Evacuate Collection Set: 0.5ms
[2021-05-07T01:04:37.713+0000][7][gc,phases   ] GC(34)   Other: 0.2ms
[2021-05-07T01:04:37.713+0000][7][gc,heap     ] GC(34) Eden regions: 16->0(17)
[2021-05-07T01:04:37.713+0000][7][gc,heap     ] GC(34) Survivor regions: 2->2(3)
[2021-05-07T01:04:37.713+0000][7][gc,heap     ] GC(34) Old regions: 26->26
[2021-05-07T01:04:37.713+0000][7][gc,heap     ] GC(34) Archive regions: 2->2
[2021-05-07T01:04:37.713+0000][7][gc,heap     ] GC(34) Humongous regions: 2->2
[2021-05-07T01:04:37.713+0000][7][gc,metaspace] GC(34) Metaspace: 101400K(106184K)->101400K(106184K) NonClass: 87793K(91208K)->87793K(91208K) Class: 13606K(14976K)->13606K(14976K)
[2021-05-07T01:04:37.713+0000][7][gc          ] GC(34) Pause Young (Normal) (G1 Evacuation Pause) 185M->121M(256M) 6.661ms
[2021-05-07T01:04:37.713+0000][7][gc,cpu      ] GC(34) User=0.02s Sys=0.00s Real=0.01s
[2021-05-07T01:04:37.713+0000][7][safepoint   ] Safepoint "G1CollectForAllocation", Time since last: 745803903 ns, Reaching safepoint: 107068 ns, At safepoint: 6768313 ns, Total: 6875381 ns
[2021-05-07T01:04:38.713+0000][7][safepoint   ] Safepoint "Cleanup", Time since last: 1000085690 ns, Reaching safepoint: 135838 ns, At safepoint: 6248 ns, Total: 142086 ns
[2021-05-07T01:04:39.713+0000][7][safepoint   ] Safepoint "Cleanup", Time since last: 1000201368 ns, Reaching safepoint: 77602 ns, At safepoint: 5919 ns, Total: 83521 ns
[2021-05-07T01:04:40.713+0000][7][safepoint   ] Safepoint "Cleanup", Time since last: 1000105658 ns, Reaching safepoint: 149038 ns, At safepoint: 9067 ns, Total: 158105 ns
[2021-05-07T01:04:41.714+0000][7][safepoint   ] Safepoint "Cleanup", Time since last: 1000091398 ns, Reaching safepoint: 104661 ns, At safepoint: 7131 ns, Total: 111792 ns
[2021-05-07T01:04:44.714+0000][7][safepoint   ] Safepoint "Cleanup", Time since last: 3000450517 ns, Reaching safepoint: 103983 ns, At safepoint: 6186 ns, Total: 110169 ns
[2021-05-07T01:04:46.715+0000][7][safepoint   ] Safepoint "Cleanup", Time since last: 2000188169 ns, Reaching safepoint: 100096 ns, At safepoint: 5971 ns, Total: 106067 ns
[2021-05-07T01:04:47.715+0000][7][safepoint   ] Safepoint "Cleanup", Time since last: 1000113529 ns, Reaching safepoint: 141802 ns, At safepoint: 4287 ns, Total: 146089 ns
[2021-05-07T01:04:49.715+0000][7][safepoint   ] Safepoint "Cleanup", Time since last: 2000228655 ns, Reaching safepoint: 106641 ns, At safepoint: 7091 ns, Total: 113732 ns
[2021-05-07T01:04:52.716+0000][7][safepoint   ] Safepoint "Cleanup", Time since last: 3000268157 ns, Reaching safepoint: 111773 ns, At safepoint: 6188 ns, Total: 117961 ns
[2021-05-07T01:04:56.717+0000][7][safepoint   ] Safepoint "Cleanup", Time since last: 4000885377 ns, Reaching safepoint: 180695 ns, At safepoint: 7660 ns, Total: 188355 ns
[2021-05-07T01:04:57.717+0000][7][safepoint   ] Safepoint "Cleanup", Time since last: 1000232138 ns, Reaching safepoint: 251307 ns, At safepoint: 8086 ns, Total: 259393 ns
[2021-05-07T01:04:59.717+0000][7][safepoint   ] Safepoint "Cleanup", Time since last: 2000207551 ns, Reaching safepoint: 110471 ns, At safepoint: 6993 ns, Total: 117464 ns
[2021-05-07T01:05:01.718+0000][7][safepoint   ] Safepoint "Cleanup", Time since last: 2000235258 ns, Reaching safepoint: 140174 ns, At safepoint: 5731 ns, Total: 145905 ns
[2021-05-07T01:05:02.718+0000][7][safepoint   ] Safepoint "Cleanup", Time since last: 1000375215 ns, Reaching safepoint: 106033 ns, At safepoint: 5578 ns, Total: 111611 ns
[2021-05-07T01:05:04.719+0000][7][safepoint   ] Safepoint "Cleanup", Time since last: 2000821651 ns, Reaching safepoint: 104649 ns, At safepoint: 7041 ns, Total: 111690 ns
[2021-05-07T01:05:05.720+0000][7][safepoint   ] Safepoint "Cleanup", Time since last: 1000247389 ns, Reaching safepoint: 81683 ns, At safepoint: 7469 ns, Total: 89152 ns
[2021-05-07T01:05:07.720+0000][7][safepoint   ] Safepoint "Cleanup", Time since last: 2000494667 ns, Reaching safepoint: 146791 ns, At safepoint: 14555 ns, Total: 161346 ns
[2021-05-07T01:05:09.721+0000][7][safepoint   ] Safepoint "Cleanup", Time since last: 2000859159 ns, Reaching safepoint: 145042 ns, At safepoint: 7914 ns, Total: 152956 ns
[2021-05-07T01:05:10.722+0000][7][safepoint   ] Safepoint "Cleanup", Time since last: 1000130632 ns, Reaching safepoint: 179575 ns, At safepoint: 6596 ns, Total: 186171 ns
[2021-05-07T01:05:11.722+0000][7][safepoint   ] Safepoint "Cleanup", Time since last: 1000319857 ns, Reaching safepoint: 163965 ns, At safepoint: 7762 ns, Total: 171727 ns
[2021-05-07T01:05:16.723+0000][7][safepoint   ] Safepoint "Cleanup", Time since last: 5001270406 ns, Reaching safepoint: 68611 ns, At safepoint: 5813 ns, Total: 74424 ns
[2021-05-07T01:05:17.724+0000][7][safepoint   ] Safepoint "Cleanup", Time since last: 1000483446 ns, Reaching safepoint: 101366 ns, At safepoint: 8303 ns, Total: 109669 ns
[2021-05-07T01:05:18.725+0000][7][safepoint   ] Safepoint "Cleanup", Time since last: 1000435333 ns, Reaching safepoint: 173970 ns, At safepoint: 8062 ns, Total: 182032 ns
[2021-05-07T01:05:26.727+0000][7][safepoint   ] Safepoint "Cleanup", Time since last: 8001835533 ns, Reaching safepoint: 66881 ns, At safepoint: 5022 ns, Total: 71903 ns
[2021-05-07T01:05:28.727+0000][7][safepoint   ] Safepoint "Cleanup", Time since last: 2000749729 ns, Reaching safepoint: 172407 ns, At safepoint: 8648 ns, Total: 181055 ns
[2021-05-07T01:05:31.728+0000][7][safepoint   ] Safepoint "Cleanup", Time since last: 3000372598 ns, Reaching safepoint: 120741 ns, At safepoint: 5682 ns, Total: 126423 ns
[2021-05-07T01:05:32.728+0000][7][safepoint   ] Safepoint "Cleanup", Time since last: 1000351729 ns, Reaching safepoint: 148500 ns, At safepoint: 7772 ns, Total: 156272 ns
[2021-05-07T01:05:35.729+0000][7][safepoint   ] Safepoint "Cleanup", Time since last: 3000815602 ns, Reaching safepoint: 108107 ns, At safepoint: 9533 ns, Total: 117640 ns
[2021-05-07T01:05:36.730+0000][7][safepoint   ] Safepoint "Cleanup", Time since last: 1000103020 ns, Reaching safepoint: 90124 ns, At safepoint: 10354 ns, Total: 100478 ns
[2021-05-07T01:05:37.730+0000][7][safepoint   ] Safepoint "Cleanup", Time since last: 1000151554 ns, Reaching safepoint: 198884 ns, At safepoint: 7859 ns, Total: 206743 ns
[2021-05-07T01:05:39.730+0000][7][safepoint   ] Safepoint "Cleanup", Time since last: 2000337906 ns, Reaching safepoint: 174432 ns, At safepoint: 11844 ns, Total: 186276 ns
[2021-05-07T01:05:40.731+0000][7][safepoint   ] Safepoint "Cleanup", Time since last: 1000159032 ns, Reaching safepoint: 104006 ns, At safepoint: 8685 ns, Total: 112691 ns
[2021-05-07T01:05:42.731+0000][7][safepoint   ] Safepoint "Cleanup", Time since last: 2000252075 ns, Reaching safepoint: 131842 ns, At safepoint: 7926 ns, Total: 139768 ns
[2021-05-07T01:05:44.731+0000][7][safepoint   ] Safepoint "Cleanup", Time since last: 2000158504 ns, Reaching safepoint: 104923 ns, At safepoint: 5984 ns, Total: 110907 ns
[2021-05-07T01:05:47.732+0000][7][safepoint   ] Safepoint "Cleanup", Time since last: 3000496347 ns, Reaching safepoint: 91384 ns, At safepoint: 5195 ns, Total: 96579 ns
[2021-05-07T01:05:48.732+0000][7][safepoint   ] Safepoint "Cleanup", Time since last: 1000132479 ns, Reaching safepoint: 86333 ns, At safepoint: 5814 ns, Total: 92147 ns
[2021-05-07T01:05:49.733+0000][7][safepoint   ] Safepoint "Cleanup", Time since last: 1000165317 ns, Reaching safepoint: 154804 ns, At safepoint: 14888 ns, Total: 169692 ns
[2021-05-07T01:05:53.733+0000][7][safepoint   ] Safepoint "Cleanup", Time since last: 4000410388 ns, Reaching safepoint: 98351 ns, At safepoint: 6145 ns, Total: 104496 ns
[2021-05-07T01:05:54.733+0000][7][safepoint   ] Safepoint "Cleanup", Time since last: 1000157414 ns, Reaching safepoint: 186530 ns, At safepoint: 7721 ns, Total: 194251 ns
[2021-05-07T01:05:55.734+0000][7][safepoint   ] Safepoint "Cleanup", Time since last: 1000335081 ns, Reaching safepoint: 92294 ns, At safepoint: 8001 ns, Total: 100295 ns
[2021-05-07T01:05:59.735+0000][7][safepoint   ] Safepoint "Cleanup", Time since last: 4001060939 ns, Reaching safepoint: 174270 ns, At safepoint: 6940 ns, Total: 181210 ns
[2021-05-07T01:06:00.736+0000][7][safepoint   ] Safepoint "Cleanup", Time since last: 1000489390 ns, Reaching safepoint: 168436 ns, At safepoint: 7466 ns, Total: 175902 ns
[2021-05-07T01:06:01.736+0000][7][safepoint   ] Safepoint "Cleanup", Time since last: 1000484936 ns, Reaching safepoint: 173081 ns, At safepoint: 6087 ns, Total: 179168 ns
[2021-05-07T01:06:02.737+0000][7][safepoint   ] Safepoint "Cleanup", Time since last: 1000252699 ns, Reaching safepoint: 160928 ns, At safepoint: 6700 ns, Total: 167628 ns
[2021-05-07T01:06:03.737+0000][7][safepoint   ] Safepoint "Cleanup", Time since last: 1000215578 ns, Reaching safepoint: 187846 ns, At safepoint: 6701 ns, Total: 194547 ns
[2021-05-07T01:06:04.738+0000][7][safepoint   ] Safepoint "Cleanup", Time since last: 1000280216 ns, Reaching safepoint: 237771 ns, At safepoint: 8006 ns, Total: 245777 ns
[2021-05-07T01:06:05.738+0000][7][safepoint   ] Safepoint "Cleanup", Time since last: 1000280099 ns, Reaching safepoint: 130615 ns, At safepoint: 8057 ns, Total: 138672 ns
[2021-05-07T01:06:06.738+0000][7][safepoint   ] Safepoint "Cleanup", Time since last: 1000104186 ns, Reaching safepoint: 149889 ns, At safepoint: 8481 ns, Total: 158370 ns
[2021-05-07T01:06:07.739+0000][7][safepoint   ] Safepoint "Cleanup", Time since last: 1000269246 ns, Reaching safepoint: 144668 ns, At safepoint: 6656 ns, Total: 151324 ns
[2021-05-07T01:06:08.739+0000][7][safepoint   ] Safepoint "Cleanup", Time since last: 1000330728 ns, Reaching safepoint: 95571 ns, At safepoint: 8224 ns, Total: 103795 ns
[2021-05-07T01:06:10.740+0000][7][safepoint   ] Safepoint "Cleanup", Time since last: 2000525500 ns, Reaching safepoint: 92326 ns, At safepoint: 6848 ns, Total: 99174 ns
[2021-05-07T01:06:11.740+0000][7][safepoint   ] Safepoint "Cleanup", Time since last: 1000129456 ns, Reaching safepoint: 149848 ns, At safepoint: 8911 ns, Total: 158759 ns
[2021-05-07T01:06:12.741+0000][7][safepoint   ] Safepoint "Cleanup", Time since last: 1000406969 ns, Reaching safepoint: 159618 ns, At safepoint: 6844 ns, Total: 166462 ns
[2021-05-07T01:06:13.741+0000][7][safepoint   ] Safepoint "Cleanup", Time since last: 1000146286 ns, Reaching safepoint: 94984 ns, At safepoint: 8272 ns, Total: 103256 ns
[2021-05-07T01:06:14.741+0000][7][safepoint   ] Safepoint "Cleanup", Time since last: 1000295743 ns, Reaching safepoint: 103201 ns, At safepoint: 6515 ns, Total: 109716 ns
[2021-05-07T01:06:16.742+0000][7][safepoint   ] Safepoint "Cleanup", Time since last: 2000234392 ns, Reaching safepoint: 132008 ns, At safepoint: 7400 ns, Total: 139408 ns
[2021-05-07T01:06:19.742+0000][7][safepoint   ] Safepoint "Cleanup", Time since last: 3000531022 ns, Reaching safepoint: 115526 ns, At safepoint: 8191 ns, Total: 123717 ns
[2021-05-07T01:06:21.573+0000][7][gc,start    ] GC(35) Pause Young (Concurrent Start) (G1 Evacuation Pause)
[2021-05-07T01:06:21.573+0000][7][gc,task     ] GC(35) Using 6 workers of 8 for evacuation
[2021-05-07T01:06:21.573+0000][7][gc,age      ] GC(35) Desired survivor size 6291456 bytes, new threshold 15 (max threshold 15)
[2021-05-07T01:06:21.577+0000][7][gc,age      ] GC(35) Age table with threshold 15 (max threshold 15)
[2021-05-07T01:06:21.577+0000][7][gc,age      ] GC(35) - age   1:     526744 bytes,     526744 total
[2021-05-07T01:06:21.577+0000][7][gc,age      ] GC(35) - age   2:     333696 bytes,     860440 total
[2021-05-07T01:06:21.577+0000][7][gc,age      ] GC(35) - age   3:    2542952 bytes,    3403392 total
[2021-05-07T01:06:21.577+0000][7][gc,age      ] GC(35) - age   4:    2409968 bytes,    5813360 total
[2021-05-07T01:06:21.577+0000][7][gc,phases   ] GC(35)   Pre Evacuate Collection Set: 0.1ms
[2021-05-07T01:06:21.577+0000][7][gc,phases   ] GC(35)   Merge Heap Roots: 0.1ms
[2021-05-07T01:06:21.577+0000][7][gc,phases   ] GC(35)   Evacuate Collection Set: 3.0ms
[2021-05-07T01:06:21.577+0000][7][gc,phases   ] GC(35)   Post Evacuate Collection Set: 0.6ms
[2021-05-07T01:06:21.577+0000][7][gc,phases   ] GC(35)   Other: 0.2ms
[2021-05-07T01:06:21.577+0000][7][gc,heap     ] GC(35) Eden regions: 17->0(18)
[2021-05-07T01:06:21.577+0000][7][gc,heap     ] GC(35) Survivor regions: 2->2(3)
[2021-05-07T01:06:21.577+0000][7][gc,heap     ] GC(35) Old regions: 26->26
[2021-05-07T01:06:21.577+0000][7][gc,heap     ] GC(35) Archive regions: 2->2
[2021-05-07T01:06:21.577+0000][7][gc,heap     ] GC(35) Humongous regions: 2->2
[2021-05-07T01:06:21.577+0000][7][gc,metaspace] GC(35) Metaspace: 101919K(106696K)->101919K(106696K) NonClass: 88310K(91720K)->88310K(91720K) Class: 13608K(14976K)->13608K(14976K)
[2021-05-07T01:06:21.577+0000][7][gc          ] GC(35) Pause Young (Concurrent Start) (G1 Evacuation Pause) 189M->121M(256M) 4.070ms
[2021-05-07T01:06:21.577+0000][7][gc,cpu      ] GC(35) User=0.02s Sys=0.00s Real=0.01s
[2021-05-07T01:06:21.577+0000][7][gc          ] GC(36) Concurrent Cycle
[2021-05-07T01:06:21.577+0000][7][safepoint   ] Safepoint "G1CollectForAllocation", Time since last: 1830209099 ns, Reaching safepoint: 117844 ns, At safepoint: 4145183 ns, Total: 4263027 ns
[2021-05-07T01:06:21.577+0000][7][gc,marking  ] GC(36) Concurrent Clear Claimed Marks
[2021-05-07T01:06:21.577+0000][7][gc,marking  ] GC(36) Concurrent Clear Claimed Marks 0.071ms
[2021-05-07T01:06:21.577+0000][7][gc,marking  ] GC(36) Concurrent Scan Root Regions
[2021-05-07T01:06:21.580+0000][7][gc,marking  ] GC(36) Concurrent Scan Root Regions 3.000ms
[2021-05-07T01:06:21.580+0000][7][gc,marking  ] GC(36) Concurrent Mark (284.114s)
[2021-05-07T01:06:21.580+0000][7][gc,marking  ] GC(36) Concurrent Mark From Roots
[2021-05-07T01:06:21.580+0000][7][gc,task     ] GC(36) Using 2 workers of 2 for marking
[2021-05-07T01:06:21.657+0000][7][gc,marking  ] GC(36) Concurrent Mark From Roots 77.217ms
[2021-05-07T01:06:21.657+0000][7][gc,marking  ] GC(36) Concurrent Preclean
[2021-05-07T01:06:21.658+0000][7][gc,marking  ] GC(36) Concurrent Preclean 0.641ms
[2021-05-07T01:06:21.658+0000][7][gc,marking  ] GC(36) Concurrent Mark (284.114s, 284.192s) 77.907ms
[2021-05-07T01:06:21.658+0000][7][gc,start    ] GC(36) Pause Remark
[2021-05-07T01:06:21.667+0000][7][gc          ] GC(36) Pause Remark 122M->122M(256M) 8.637ms
[2021-05-07T01:06:21.667+0000][7][gc,cpu      ] GC(36) User=0.04s Sys=0.00s Real=0.00s
[2021-05-07T01:06:21.667+0000][7][safepoint   ] Safepoint "G1Concurrent", Time since last: 81032665 ns, Reaching safepoint: 84963 ns, At safepoint: 8727890 ns, Total: 8812853 ns
[2021-05-07T01:06:21.667+0000][7][gc,marking  ] GC(36) Concurrent Rebuild Remembered Sets
[2021-05-07T01:06:21.718+0000][7][gc,marking  ] GC(36) Concurrent Rebuild Remembered Sets 50.943ms
[2021-05-07T01:06:21.718+0000][7][gc,start    ] GC(36) Pause Cleanup
[2021-05-07T01:06:21.718+0000][7][gc          ] GC(36) Pause Cleanup 122M->122M(256M) 0.063ms
[2021-05-07T01:06:21.718+0000][7][gc,cpu      ] GC(36) User=0.00s Sys=0.00s Real=0.00s
[2021-05-07T01:06:21.718+0000][7][safepoint   ] Safepoint "G1Concurrent", Time since last: 51081679 ns, Reaching safepoint: 104360 ns, At safepoint: 107749 ns, Total: 212109 ns
[2021-05-07T01:06:21.718+0000][7][gc,marking  ] GC(36) Concurrent Cleanup for Next Mark
[2021-05-07T01:06:21.718+0000][7][gc,marking  ] GC(36) Concurrent Cleanup for Next Mark 0.231ms
[2021-05-07T01:06:21.718+0000][7][gc          ] GC(36) Concurrent Cycle 141.469ms
[2021-05-07T01:06:22.719+0000][7][safepoint   ] Safepoint "Cleanup", Time since last: 1000293099 ns, Reaching safepoint: 239277 ns, At safepoint: 7941 ns, Total: 247218 ns
[2021-05-07T01:06:23.719+0000][7][safepoint   ] Safepoint "Cleanup", Time since last: 1000296996 ns, Reaching safepoint: 131175 ns, At safepoint: 7914 ns, Total: 139089 ns
[2021-05-07T01:06:26.720+0000][7][safepoint   ] Safepoint "Cleanup", Time since last: 3001212314 ns, Reaching safepoint: 121870 ns, At safepoint: 5279 ns, Total: 127149 ns
[2021-05-07T01:06:27.721+0000][7][safepoint   ] Safepoint "Cleanup", Time since last: 1000402819 ns, Reaching safepoint: 157259 ns, At safepoint: 9913 ns, Total: 167172 ns
[2021-05-07T01:06:29.721+0000][7][safepoint   ] Safepoint "Cleanup", Time since last: 2000383716 ns, Reaching safepoint: 98538 ns, At safepoint: 6156 ns, Total: 104694 ns
[2021-05-07T01:06:31.722+0000][7][safepoint   ] Safepoint "Cleanup", Time since last: 2000711710 ns, Reaching safepoint: 130657 ns, At safepoint: 5603 ns, Total: 136260 ns
[2021-05-07T01:06:34.724+0000][7][safepoint   ] Safepoint "Cleanup", Time since last: 3001796850 ns, Reaching safepoint: 114495 ns, At safepoint: 6777 ns, Total: 121272 ns
[2021-05-07T01:06:35.725+0000][7][safepoint   ] Safepoint "Cleanup", Time since last: 1000227266 ns, Reaching safepoint: 164145 ns, At safepoint: 9039 ns, Total: 173184 ns
[2021-05-07T01:06:37.725+0000][7][safepoint   ] Safepoint "Cleanup", Time since last: 2000429434 ns, Reaching safepoint: 201279 ns, At safepoint: 18246 ns, Total: 219525 ns
[2021-05-07T01:06:38.726+0000][7][safepoint   ] Safepoint "Cleanup", Time since last: 1000261795 ns, Reaching safepoint: 118196 ns, At safepoint: 8547 ns, Total: 126743 ns
[2021-05-07T01:06:39.726+0000][7][safepoint   ] Safepoint "Cleanup", Time since last: 1000377854 ns, Reaching safepoint: 133100 ns, At safepoint: 8105 ns, Total: 141205 ns
[2021-05-07T01:06:40.727+0000][7][safepoint   ] Safepoint "Cleanup", Time since last: 1000211204 ns, Reaching safepoint: 85069 ns, At safepoint: 6556 ns, Total: 91625 ns
[2021-05-07T01:06:42.727+0000][7][safepoint   ] Safepoint "Cleanup", Time since last: 2000801925 ns, Reaching safepoint: 94278 ns, At safepoint: 9105 ns, Total: 103383 ns
[2021-05-07T01:06:43.728+0000][7][safepoint   ] Safepoint "Cleanup", Time since last: 1000131795 ns, Reaching safepoint: 126215 ns, At safepoint: 7378 ns, Total: 133593 ns
[2021-05-07T01:06:54.730+0000][7][safepoint   ] Safepoint "Cleanup", Time since last: 11001949367 ns, Reaching safepoint: 89019 ns, At safepoint: 7034 ns, Total: 96053 ns
[2021-05-07T01:06:55.730+0000][7][safepoint   ] Safepoint "Cleanup", Time since last: 1000104517 ns, Reaching safepoint: 89173 ns, At safepoint: 10812 ns, Total: 99985 ns
[2021-05-07T01:06:56.730+0000][7][safepoint   ] Safepoint "Cleanup", Time since last: 1000304064 ns, Reaching safepoint: 95850 ns, At safepoint: 6901 ns, Total: 102751 ns
[2021-05-07T01:06:57.731+0000][7][safepoint   ] Safepoint "Cleanup", Time since last: 1000147342 ns, Reaching safepoint: 102742 ns, At safepoint: 10744 ns, Total: 113486 ns
[2021-05-07T01:07:01.731+0000][7][safepoint   ] Safepoint "Cleanup", Time since last: 4000328304 ns, Reaching safepoint: 176861 ns, At safepoint: 7119 ns, Total: 183980 ns
[2021-05-07T01:07:02.731+0000][7][safepoint   ] Safepoint "Cleanup", Time since last: 1000223664 ns, Reaching safepoint: 106869 ns, At safepoint: 5894 ns, Total: 112763 ns
[2021-05-07T01:07:04.732+0000][7][safepoint   ] Safepoint "Cleanup", Time since last: 2000331474 ns, Reaching safepoint: 155553 ns, At safepoint: 6945 ns, Total: 162498 ns
[2021-05-07T01:07:05.002+0000][7][safepoint   ] Safepoint "ICBufferFull", Time since last: 270120274 ns, Reaching safepoint: 271744 ns, At safepoint: 16023 ns, Total: 287767 ns
[2021-05-07T01:07:05.019+0000][7][gc,start    ] GC(37) Pause Young (Prepare Mixed) (G1 Evacuation Pause)
[2021-05-07T01:07:05.019+0000][7][gc,task     ] GC(37) Using 6 workers of 8 for evacuation
[2021-05-07T01:07:05.019+0000][7][gc,age      ] GC(37) Desired survivor size 6291456 bytes, new threshold 15 (max threshold 15)
[2021-05-07T01:07:05.030+0000][7][gc,age      ] GC(37) Age table with threshold 15 (max threshold 15)
[2021-05-07T01:07:05.030+0000][7][gc,age      ] GC(37) - age   1:    2378944 bytes,    2378944 total
[2021-05-07T01:07:05.030+0000][7][gc,age      ] GC(37) - age   2:     253528 bytes,    2632472 total
[2021-05-07T01:07:05.030+0000][7][gc,age      ] GC(37) - age   3:     330544 bytes,    2963016 total
[2021-05-07T01:07:05.030+0000][7][gc,age      ] GC(37) - age   4:    2160736 bytes,    5123752 total
[2021-05-07T01:07:05.030+0000][7][gc,age      ] GC(37) - age   5:    2408704 bytes,    7532456 total
[2021-05-07T01:07:05.030+0000][7][gc,phases   ] GC(37)   Pre Evacuate Collection Set: 0.1ms
[2021-05-07T01:07:05.030+0000][7][gc,phases   ] GC(37)   Merge Heap Roots: 0.1ms
[2021-05-07T01:07:05.030+0000][7][gc,phases   ] GC(37)   Evacuate Collection Set: 10.2ms
[2021-05-07T01:07:05.030+0000][7][gc,phases   ] GC(37)   Post Evacuate Collection Set: 1.1ms
[2021-05-07T01:07:05.030+0000][7][gc,phases   ] GC(37)   Other: 0.2ms
[2021-05-07T01:07:05.030+0000][7][gc,heap     ] GC(37) Eden regions: 18->0(1)
[2021-05-07T01:07:05.030+0000][7][gc,heap     ] GC(37) Survivor regions: 2->2(3)
[2021-05-07T01:07:05.030+0000][7][gc,heap     ] GC(37) Old regions: 26->26
[2021-05-07T01:07:05.030+0000][7][gc,heap     ] GC(37) Archive regions: 2->2
[2021-05-07T01:07:05.030+0000][7][gc,heap     ] GC(37) Humongous regions: 2->2
[2021-05-07T01:07:05.030+0000][7][gc,metaspace] GC(37) Metaspace: 102790K(107464K)->102790K(107464K) NonClass: 89088K(92488K)->89088K(92488K) Class: 13702K(14976K)->13702K(14976K)
[2021-05-07T01:07:05.030+0000][7][gc          ] GC(37) Pause Young (Prepare Mixed) (G1 Evacuation Pause) 193M->123M(256M) 11.721ms
[2021-05-07T01:07:05.030+0000][7][gc,cpu      ] GC(37) User=0.07s Sys=0.00s Real=0.01s
[2021-05-07T01:07:05.036+0000][7][safepoint   ] Safepoint "G1CollectForAllocation", Time since last: 15990005 ns, Reaching safepoint: 234336 ns, At safepoint: 17078176 ns, Total: 17312512 ns
[2021-05-07T01:07:05.044+0000][7][gc,start    ] GC(38) Pause Young (Mixed) (G1 Evacuation Pause)
[2021-05-07T01:07:05.044+0000][7][gc,task     ] GC(38) Using 6 workers of 8 for evacuation
[2021-05-07T01:07:05.044+0000][7][gc,age      ] GC(38) Desired survivor size 2097152 bytes, new threshold 1 (max threshold 15)
[2021-05-07T01:07:05.071+0000][7][gc,age      ] GC(38) Age table with threshold 1 (max threshold 15)
[2021-05-07T01:07:05.071+0000][7][gc,age      ] GC(38) - age   1:     606896 bytes,     606896 total
[2021-05-07T01:07:05.071+0000][7][gc,phases   ] GC(38)   Pre Evacuate Collection Set: 0.1ms
[2021-05-07T01:07:05.071+0000][7][gc,phases   ] GC(38)   Merge Heap Roots: 0.1ms
[2021-05-07T01:07:05.071+0000][7][gc,phases   ] GC(38)   Evacuate Collection Set: 26.0ms
[2021-05-07T01:07:05.071+0000][7][gc,phases   ] GC(38)   Post Evacuate Collection Set: 0.7ms
[2021-05-07T01:07:05.071+0000][7][gc,phases   ] GC(38)   Other: 0.2ms
[2021-05-07T01:07:05.071+0000][7][gc,heap     ] GC(38) Eden regions: 1->0(20)
[2021-05-07T01:07:05.071+0000][7][gc,heap     ] GC(38) Survivor regions: 2->1(1)
[2021-05-07T01:07:05.071+0000][7][gc,heap     ] GC(38) Old regions: 26->25
[2021-05-07T01:07:05.071+0000][7][gc,heap     ] GC(38) Archive regions: 2->2
[2021-05-07T01:07:05.071+0000][7][gc,heap     ] GC(38) Humongous regions: 2->2
[2021-05-07T01:07:05.071+0000][7][gc,metaspace] GC(38) Metaspace: 102895K(107720K)->102895K(107720K) NonClass: 89175K(92744K)->89175K(92744K) Class: 13719K(14976K)->13719K(14976K)
[2021-05-07T01:07:05.071+0000][7][gc          ] GC(38) Pause Young (Mixed) (G1 Evacuation Pause) 127M->111M(256M) 27.143ms
[2021-05-07T01:07:05.071+0000][7][gc,cpu      ] GC(38) User=0.14s Sys=0.00s Real=0.03s
[2021-05-07T01:07:05.071+0000][7][safepoint   ] Safepoint "G1CollectForAllocation", Time since last: 8171390 ns, Reaching safepoint: 221258 ns, At safepoint: 27267669 ns, Total: 27488927 ns
[2021-05-07T01:07:06.097+0000][7][safepoint   ] Safepoint "Cleanup", Time since last: 1025664250 ns, Reaching safepoint: 237045 ns, At safepoint: 7277 ns, Total: 244322 ns
[2021-05-07T01:07:07.098+0000][7][safepoint   ] Safepoint "Cleanup", Time since last: 1000466161 ns, Reaching safepoint: 188031 ns, At safepoint: 6734 ns, Total: 194765 ns
[2021-05-07T01:07:08.098+0000][7][safepoint   ] Safepoint "Cleanup", Time since last: 1000293222 ns, Reaching safepoint: 102423 ns, At safepoint: 6905 ns, Total: 109328 ns
[2021-05-07T01:07:10.099+0000][7][safepoint   ] Safepoint "Cleanup", Time since last: 2000650506 ns, Reaching safepoint: 124841 ns, At safepoint: 7124 ns, Total: 131965 ns
[2021-05-07T01:07:11.100+0000][7][safepoint   ] Safepoint "Cleanup", Time since last: 1000306866 ns, Reaching safepoint: 165628 ns, At safepoint: 6578 ns, Total: 172206 ns
[2021-05-07T01:07:12.100+0000][7][safepoint   ] Safepoint "Cleanup", Time since last: 1000139437 ns, Reaching safepoint: 163716 ns, At safepoint: 7912 ns, Total: 171628 ns
[2021-05-07T01:07:15.100+0000][7][safepoint   ] Safepoint "Cleanup", Time since last: 3000512138 ns, Reaching safepoint: 90881 ns, At safepoint: 4389 ns, Total: 95270 ns
[2021-05-07T01:07:16.101+0000][7][safepoint   ] Safepoint "Cleanup", Time since last: 1000107571 ns, Reaching safepoint: 91944 ns, At safepoint: 5267 ns, Total: 97211 ns
[2021-05-07T01:07:27.102+0000][7][safepoint   ] Safepoint "Cleanup", Time since last: 11001491578 ns, Reaching safepoint: 106493 ns, At safepoint: 6641 ns, Total: 113134 ns
[2021-05-07T01:07:29.103+0000][7][safepoint   ] Safepoint "Cleanup", Time since last: 2000195180 ns, Reaching safepoint: 73530 ns, At safepoint: 5111 ns, Total: 78641 ns
[2021-05-07T01:07:30.103+0000][7][safepoint   ] Safepoint "Cleanup", Time since last: 1000094655 ns, Reaching safepoint: 108181 ns, At safepoint: 5017 ns, Total: 113198 ns
[2021-05-07T01:07:31.103+0000][7][safepoint   ] Safepoint "Cleanup", Time since last: 1000106260 ns, Reaching safepoint: 119862 ns, At safepoint: 6410 ns, Total: 126272 ns
[2021-05-07T01:07:32.103+0000][7][safepoint   ] Safepoint "Cleanup", Time since last: 1000198530 ns, Reaching safepoint: 141842 ns, At safepoint: 7365 ns, Total: 149207 ns
[2021-05-07T01:07:33.104+0000][7][safepoint   ] Safepoint "Cleanup", Time since last: 1000218078 ns, Reaching safepoint: 115402 ns, At safepoint: 6871 ns, Total: 122273 ns
[2021-05-07T01:07:35.105+0000][7][safepoint   ] Safepoint "Cleanup", Time since last: 2000810708 ns, Reaching safepoint: 171734 ns, At safepoint: 7680 ns, Total: 179414 ns
[2021-05-07T01:07:38.105+0000][7][safepoint   ] Safepoint "Cleanup", Time since last: 3000453421 ns, Reaching safepoint: 155479 ns, At safepoint: 5654 ns, Total: 161133 ns
[2021-05-07T01:07:41.106+0000][7][safepoint   ] Safepoint "Cleanup", Time since last: 3000933141 ns, Reaching safepoint: 156545 ns, At safepoint: 6386 ns, Total: 162931 ns
[2021-05-07T01:07:46.904+0000][7][gc,start    ] GC(39) Pause Young (Concurrent Start) (G1 Evacuation Pause)
[2021-05-07T01:07:46.904+0000][7][gc,task     ] GC(39) Using 6 workers of 8 for evacuation
[2021-05-07T01:07:46.904+0000][7][gc,age      ] GC(39) Desired survivor size 6291456 bytes, new threshold 15 (max threshold 15)
[2021-05-07T01:07:46.907+0000][7][gc,age      ] GC(39) Age table with threshold 15 (max threshold 15)
[2021-05-07T01:07:46.907+0000][7][gc,age      ] GC(39) - age   1:    1372584 bytes,    1372584 total
[2021-05-07T01:07:46.907+0000][7][gc,age      ] GC(39) - age   2:      75688 bytes,    1448272 total
[2021-05-07T01:07:46.907+0000][7][gc,phases   ] GC(39)   Pre Evacuate Collection Set: 0.2ms
[2021-05-07T01:07:46.907+0000][7][gc,phases   ] GC(39)   Merge Heap Roots: 0.1ms
[2021-05-07T01:07:46.907+0000][7][gc,phases   ] GC(39)   Evacuate Collection Set: 1.8ms
[2021-05-07T01:07:46.907+0000][7][gc,phases   ] GC(39)   Post Evacuate Collection Set: 0.5ms
[2021-05-07T01:07:46.907+0000][7][gc,phases   ] GC(39)   Other: 0.2ms
[2021-05-07T01:07:46.907+0000][7][gc,heap     ] GC(39) Eden regions: 20->0(21)
[2021-05-07T01:07:46.907+0000][7][gc,heap     ] GC(39) Survivor regions: 1->1(3)
[2021-05-07T01:07:46.907+0000][7][gc,heap     ] GC(39) Old regions: 25->25
[2021-05-07T01:07:46.907+0000][7][gc,heap     ] GC(39) Archive regions: 2->2
[2021-05-07T01:07:46.907+0000][7][gc,heap     ] GC(39) Humongous regions: 2->2
[2021-05-07T01:07:46.907+0000][7][gc,metaspace] GC(39) Metaspace: 104099K(108744K)->104099K(108744K) NonClass: 90224K(93512K)->90224K(93512K) Class: 13874K(15232K)->13874K(15232K)
[2021-05-07T01:07:46.907+0000][7][gc          ] GC(39) Pause Young (Concurrent Start) (G1 Evacuation Pause) 191M->111M(256M) 2.803ms
[2021-05-07T01:07:46.907+0000][7][gc,cpu      ] GC(39) User=0.01s Sys=0.00s Real=0.00s
[2021-05-07T01:07:46.907+0000][7][safepoint   ] Safepoint "G1CollectForAllocation", Time since last: 5797424830 ns, Reaching safepoint: 150273 ns, At safepoint: 2872156 ns, Total: 3022429 ns
[2021-05-07T01:07:46.907+0000][7][gc          ] GC(40) Concurrent Cycle
[2021-05-07T01:07:46.907+0000][7][gc,marking  ] GC(40) Concurrent Clear Claimed Marks
[2021-05-07T01:07:46.907+0000][7][gc,marking  ] GC(40) Concurrent Clear Claimed Marks 0.049ms
[2021-05-07T01:07:46.907+0000][7][gc,marking  ] GC(40) Concurrent Scan Root Regions
[2021-05-07T01:07:46.909+0000][7][gc,marking  ] GC(40) Concurrent Scan Root Regions 1.992ms
[2021-05-07T01:07:46.909+0000][7][gc,marking  ] GC(40) Concurrent Mark (369.443s)
[2021-05-07T01:07:46.909+0000][7][gc,marking  ] GC(40) Concurrent Mark From Roots
[2021-05-07T01:07:46.909+0000][7][gc,task     ] GC(40) Using 2 workers of 2 for marking
[2021-05-07T01:07:47.001+0000][7][gc,marking  ] GC(40) Concurrent Mark From Roots 91.761ms
[2021-05-07T01:07:47.001+0000][7][gc,marking  ] GC(40) Concurrent Preclean
[2021-05-07T01:07:47.001+0000][7][gc,marking  ] GC(40) Concurrent Preclean 0.241ms
[2021-05-07T01:07:47.001+0000][7][gc,marking  ] GC(40) Concurrent Mark (369.443s, 369.535s) 92.049ms
[2021-05-07T01:07:47.001+0000][7][gc,start    ] GC(40) Pause Remark
[2021-05-07T01:07:47.009+0000][7][gc          ] GC(40) Pause Remark 112M->112M(256M) 8.242ms
[2021-05-07T01:07:47.009+0000][7][gc,cpu      ] GC(40) User=0.05s Sys=0.00s Real=0.01s
[2021-05-07T01:07:47.009+0000][7][safepoint   ] Safepoint "G1Concurrent", Time since last: 94216740 ns, Reaching safepoint: 106316 ns, At safepoint: 8316256 ns, Total: 8422572 ns
[2021-05-07T01:07:47.010+0000][7][gc,marking  ] GC(40) Concurrent Rebuild Remembered Sets
[2021-05-07T01:07:47.065+0000][7][gc,marking  ] GC(40) Concurrent Rebuild Remembered Sets 55.075ms
[2021-05-07T01:07:47.065+0000][7][gc,start    ] GC(40) Pause Cleanup
[2021-05-07T01:07:47.065+0000][7][gc          ] GC(40) Pause Cleanup 112M->112M(256M) 0.071ms
[2021-05-07T01:07:47.065+0000][7][gc,cpu      ] GC(40) User=0.00s Sys=0.00s Real=0.00s
[2021-05-07T01:07:47.065+0000][7][safepoint   ] Safepoint "G1Concurrent", Time since last: 55221543 ns, Reaching safepoint: 188103 ns, At safepoint: 108911 ns, Total: 297014 ns
[2021-05-07T01:07:47.065+0000][7][gc,marking  ] GC(40) Concurrent Cleanup for Next Mark
[2021-05-07T01:07:47.065+0000][7][gc,marking  ] GC(40) Concurrent Cleanup for Next Mark 0.150ms
[2021-05-07T01:07:47.065+0000][7][gc          ] GC(40) Concurrent Cycle 158.328ms
[2021-05-07T01:07:48.065+0000][7][safepoint   ] Safepoint "Cleanup", Time since last: 1000080053 ns, Reaching safepoint: 80891 ns, At safepoint: 9621 ns, Total: 90512 ns
[2021-05-07T01:07:50.066+0000][7][safepoint   ] Safepoint "Cleanup", Time since last: 2000555854 ns, Reaching safepoint: 193488 ns, At safepoint: 6170 ns, Total: 199658 ns
[2021-05-07T01:07:52.067+0000][7][safepoint   ] Safepoint "Cleanup", Time since last: 2000644289 ns, Reaching safepoint: 103808 ns, At safepoint: 5855 ns, Total: 109663 ns
[2021-05-07T01:07:53.067+0000][7][safepoint   ] Safepoint "Cleanup", Time since last: 1000442512 ns, Reaching safepoint: 99949 ns, At safepoint: 5322 ns, Total: 105271 ns
[2021-05-07T01:07:55.068+0000][7][safepoint   ] Safepoint "Cleanup", Time since last: 2000954330 ns, Reaching safepoint: 168979 ns, At safepoint: 5577 ns, Total: 174556 ns
[2021-05-07T01:07:57.069+0000][7][safepoint   ] Safepoint "Cleanup", Time since last: 2000585865 ns, Reaching safepoint: 131756 ns, At safepoint: 7080 ns, Total: 138836 ns
[2021-05-07T01:07:59.765+0000][7][safepoint   ] Safepoint "Cleanup", Time since last: 2695979287 ns, Reaching safepoint: 105223 ns, At safepoint: 7373 ns, Total: 112596 ns
[2021-05-07T01:08:00.766+0000][7][safepoint   ] Safepoint "Cleanup", Time since last: 1000319449 ns, Reaching safepoint: 73186 ns, At safepoint: 36481 ns, Total: 109667 ns
[2021-05-07T01:08:01.766+0000][7][safepoint   ] Safepoint "Cleanup", Time since last: 1000071691 ns, Reaching safepoint: 100639 ns, At safepoint: 5986 ns, Total: 106625 ns
[2021-05-07T01:08:02.766+0000][7][safepoint   ] Safepoint "Cleanup", Time since last: 1000370679 ns, Reaching safepoint: 149991 ns, At safepoint: 7217 ns, Total: 157208 ns
[2021-05-07T01:08:04.767+0000][7][safepoint   ] Safepoint "Cleanup", Time since last: 2000830616 ns, Reaching safepoint: 181322 ns, At safepoint: 6711 ns, Total: 188033 ns
[2021-05-07T01:08:05.768+0000][7][safepoint   ] Safepoint "Cleanup", Time since last: 1000667338 ns, Reaching safepoint: 153784 ns, At safepoint: 6682 ns, Total: 160466 ns
[2021-05-07T01:08:07.769+0000][7][safepoint   ] Safepoint "Cleanup", Time since last: 2000841438 ns, Reaching safepoint: 194470 ns, At safepoint: 6651 ns, Total: 201121 ns
[2021-05-07T01:08:08.770+0000][7][safepoint   ] Safepoint "Cleanup", Time since last: 1000500004 ns, Reaching safepoint: 110961 ns, At safepoint: 5823 ns, Total: 116784 ns
[2021-05-07T01:08:09.770+0000][7][safepoint   ] Safepoint "Cleanup", Time since last: 1000267314 ns, Reaching safepoint: 142187 ns, At safepoint: 6655 ns, Total: 148842 ns
[2021-05-07T01:08:10.771+0000][7][safepoint   ] Safepoint "Cleanup", Time since last: 1000300294 ns, Reaching safepoint: 168534 ns, At safepoint: 5937 ns, Total: 174471 ns
[2021-05-07T01:08:16.780+0000][7][safepoint   ] Safepoint "Cleanup", Time since last: 6009176930 ns, Reaching safepoint: 115644 ns, At safepoint: 5207 ns, Total: 120851 ns
[2021-05-07T01:08:19.781+0000][7][safepoint   ] Safepoint "Cleanup", Time since last: 3000670903 ns, Reaching safepoint: 174517 ns, At safepoint: 7095 ns, Total: 181612 ns
[2021-05-07T01:08:21.781+0000][7][safepoint   ] Safepoint "Cleanup", Time since last: 2000290181 ns, Reaching safepoint: 90823 ns, At safepoint: 6616 ns, Total: 97439 ns
[2021-05-07T01:08:25.783+0000][7][safepoint   ] Safepoint "Cleanup", Time since last: 4001120818 ns, Reaching safepoint: 182487 ns, At safepoint: 7715 ns, Total: 190202 ns
[2021-05-07T01:08:26.783+0000][7][safepoint   ] Safepoint "Cleanup", Time since last: 1000313004 ns, Reaching safepoint: 125981 ns, At safepoint: 8149 ns, Total: 134130 ns
[2021-05-07T01:08:31.785+0000][7][safepoint   ] Safepoint "Cleanup", Time since last: 5001581244 ns, Reaching safepoint: 89386 ns, At safepoint: 5227 ns, Total: 94613 ns
[2021-05-07T01:08:34.785+0000][7][safepoint   ] Safepoint "Cleanup", Time since last: 3000701530 ns, Reaching safepoint: 133187 ns, At safepoint: 7042 ns, Total: 140229 ns
[2021-05-07T01:08:35.786+0000][7][safepoint   ] Safepoint "Cleanup", Time since last: 1000447714 ns, Reaching safepoint: 169950 ns, At safepoint: 6671 ns, Total: 176621 ns
[2021-05-07T01:08:36.787+0000][7][safepoint   ] Safepoint "Cleanup", Time since last: 1000302185 ns, Reaching safepoint: 106827 ns, At safepoint: 6060 ns, Total: 112887 ns
[2021-05-07T01:08:37.787+0000][7][safepoint   ] Safepoint "Cleanup", Time since last: 1000263547 ns, Reaching safepoint: 142158 ns, At safepoint: 6743 ns, Total: 148901 ns
[2021-05-07T01:08:44.789+0000][7][safepoint   ] Safepoint "Cleanup", Time since last: 7002122311 ns, Reaching safepoint: 105116 ns, At safepoint: 4987 ns, Total: 110103 ns
[2021-05-07T01:08:46.790+0000][7][safepoint   ] Safepoint "Cleanup", Time since last: 2000429946 ns, Reaching safepoint: 202712 ns, At safepoint: 4512 ns, Total: 207224 ns
[2021-05-07T01:08:47.790+0000][7][safepoint   ] Safepoint "Cleanup", Time since last: 1000407326 ns, Reaching safepoint: 105125 ns, At safepoint: 6501 ns, Total: 111626 ns
[2021-05-07T01:08:54.792+0000][7][safepoint   ] Safepoint "Cleanup", Time since last: 7001647156 ns, Reaching safepoint: 90229 ns, At safepoint: 6363 ns, Total: 96592 ns
[2021-05-07T01:08:56.793+0000][7][safepoint   ] Safepoint "Cleanup", Time since last: 2000676872 ns, Reaching safepoint: 107641 ns, At safepoint: 5652 ns, Total: 113293 ns
[2021-05-07T01:08:59.794+0000][7][safepoint   ] Safepoint "Cleanup", Time since last: 3000653323 ns, Reaching safepoint: 107680 ns, At safepoint: 5943 ns, Total: 113623 ns
[2021-05-07T01:09:00.794+0000][7][safepoint   ] Safepoint "Cleanup", Time since last: 1000285825 ns, Reaching safepoint: 76999 ns, At safepoint: 5421 ns, Total: 82420 ns
[2021-05-07T01:09:01.795+0000][7][safepoint   ] Safepoint "Cleanup", Time since last: 1000386303 ns, Reaching safepoint: 140804 ns, At safepoint: 5615 ns, Total: 146419 ns
[2021-05-07T01:09:02.795+0000][7][safepoint   ] Safepoint "Cleanup", Time since last: 1000260372 ns, Reaching safepoint: 134269 ns, At safepoint: 10396 ns, Total: 144665 ns
[2021-05-07T01:09:04.796+0000][7][safepoint   ] Safepoint "Cleanup", Time since last: 2000754049 ns, Reaching safepoint: 89330 ns, At safepoint: 39544 ns, Total: 128874 ns
[2021-05-07T01:09:05.796+0000][7][safepoint   ] Safepoint "Cleanup", Time since last: 1000509511 ns, Reaching safepoint: 108925 ns, At safepoint: 6208 ns, Total: 115133 ns
[2021-05-07T01:09:07.797+0000][7][safepoint   ] Safepoint "Cleanup", Time since last: 2000564906 ns, Reaching safepoint: 149710 ns, At safepoint: 10447 ns, Total: 160157 ns
[2021-05-07T01:09:10.798+0000][7][safepoint   ] Safepoint "Cleanup", Time since last: 3000560998 ns, Reaching safepoint: 82945 ns, At safepoint: 5593 ns, Total: 88538 ns
[2021-05-07T01:09:14.799+0000][7][safepoint   ] Safepoint "Cleanup", Time since last: 4000693214 ns, Reaching safepoint: 106722 ns, At safepoint: 5607 ns, Total: 112329 ns
[2021-05-07T01:09:16.799+0000][7][safepoint   ] Safepoint "Cleanup", Time since last: 2000368788 ns, Reaching safepoint: 111139 ns, At safepoint: 5778 ns, Total: 116917 ns
[2021-05-07T01:09:17.799+0000][7][safepoint   ] Safepoint "Cleanup", Time since last: 1000085444 ns, Reaching safepoint: 68913 ns, At safepoint: 5342 ns, Total: 74255 ns
[2021-05-07T01:09:19.800+0000][7][safepoint   ] Safepoint "Cleanup", Time since last: 2000803411 ns, Reaching safepoint: 105379 ns, At safepoint: 9104 ns, Total: 114483 ns
[2021-05-07T01:09:21.801+0000][7][safepoint   ] Safepoint "Cleanup", Time since last: 2000547962 ns, Reaching safepoint: 103949 ns, At safepoint: 5356 ns, Total: 109305 ns
[2021-05-07T01:09:23.801+0000][7][safepoint   ] Safepoint "Cleanup", Time since last: 2000345920 ns, Reaching safepoint: 93449 ns, At safepoint: 5775 ns, Total: 99224 ns
[2021-05-07T01:09:24.802+0000][7][safepoint   ] Safepoint "Cleanup", Time since last: 1000291479 ns, Reaching safepoint: 103683 ns, At safepoint: 6123 ns, Total: 109806 ns
[2021-05-07T01:09:26.802+0000][7][safepoint   ] Safepoint "Cleanup", Time since last: 2000660694 ns, Reaching safepoint: 109462 ns, At safepoint: 5525 ns, Total: 114987 ns
[2021-05-07T01:09:28.803+0000][7][safepoint   ] Safepoint "Cleanup", Time since last: 2000626575 ns, Reaching safepoint: 91875 ns, At safepoint: 5508 ns, Total: 97383 ns
[2021-05-07T01:09:29.804+0000][7][safepoint   ] Safepoint "Cleanup", Time since last: 1000498957 ns, Reaching safepoint: 114877 ns, At safepoint: 5956 ns, Total: 120833 ns
[2021-05-07T01:09:30.804+0000][7][safepoint   ] Safepoint "Cleanup", Time since last: 1000460578 ns, Reaching safepoint: 103854 ns, At safepoint: 5638 ns, Total: 109492 ns
[2021-05-07T01:09:31.805+0000][7][safepoint   ] Safepoint "Cleanup", Time since last: 1000172500 ns, Reaching safepoint: 84391 ns, At safepoint: 7452 ns, Total: 91843 ns
[2021-05-07T01:09:32.805+0000][7][safepoint   ] Safepoint "Cleanup", Time since last: 1000334258 ns, Reaching safepoint: 105554 ns, At safepoint: 4943 ns, Total: 110497 ns
[2021-05-07T01:09:34.806+0000][7][safepoint   ] Safepoint "Cleanup", Time since last: 2000820757 ns, Reaching safepoint: 103922 ns, At safepoint: 6034 ns, Total: 109956 ns
[2021-05-07T01:09:35.807+0000][7][safepoint   ] Safepoint "Cleanup", Time since last: 1000406813 ns, Reaching safepoint: 152364 ns, At safepoint: 6726 ns, Total: 159090 ns
[2021-05-07T01:09:37.808+0000][7][safepoint   ] Safepoint "Cleanup", Time since last: 2000967362 ns, Reaching safepoint: 161827 ns, At safepoint: 5334 ns, Total: 167161 ns
[2021-05-07T01:09:38.808+0000][7][safepoint   ] Safepoint "Cleanup", Time since last: 1000545507 ns, Reaching safepoint: 101510 ns, At safepoint: 6847 ns, Total: 108357 ns
[2021-05-07T01:09:41.809+0000][7][safepoint   ] Safepoint "Cleanup", Time since last: 3000822074 ns, Reaching safepoint: 103662 ns, At safepoint: 6126 ns, Total: 109788 ns
[2021-05-07T01:09:44.810+0000][7][safepoint   ] Safepoint "Cleanup", Time since last: 3000924066 ns, Reaching safepoint: 97599 ns, At safepoint: 5856 ns, Total: 103455 ns
[2021-05-07T01:09:46.811+0000][7][safepoint   ] Safepoint "Cleanup", Time since last: 2000711719 ns, Reaching safepoint: 102140 ns, At safepoint: 5679 ns, Total: 107819 ns
[2021-05-07T01:09:50.813+0000][7][safepoint   ] Safepoint "Cleanup", Time since last: 4001435507 ns, Reaching safepoint: 82058 ns, At safepoint: 5947 ns, Total: 88005 ns
[2021-05-07T01:09:51.813+0000][7][safepoint   ] Safepoint "Cleanup", Time since last: 1000289927 ns, Reaching safepoint: 161501 ns, At safepoint: 7043 ns, Total: 168544 ns
[2021-05-07T01:09:56.815+0000][7][safepoint   ] Safepoint "Cleanup", Time since last: 5001797066 ns, Reaching safepoint: 108694 ns, At safepoint: 5276 ns, Total: 113970 ns
[2021-05-07T01:09:59.274+0000][7][gc,start    ] GC(41) Pause Young (Normal) (G1 Evacuation Pause)
[2021-05-07T01:09:59.274+0000][7][gc,task     ] GC(41) Using 6 workers of 8 for evacuation
[2021-05-07T01:09:59.274+0000][7][gc,age      ] GC(41) Desired survivor size 6291456 bytes, new threshold 15 (max threshold 15)
[2021-05-07T01:09:59.276+0000][7][gc,age      ] GC(41) Age table with threshold 15 (max threshold 15)
[2021-05-07T01:09:59.276+0000][7][gc,age      ] GC(41) - age   1:     548624 bytes,     548624 total
[2021-05-07T01:09:59.276+0000][7][gc,age      ] GC(41) - age   2:     803360 bytes,    1351984 total
[2021-05-07T01:09:59.276+0000][7][gc,age      ] GC(41) - age   3:      73448 bytes,    1425432 total
[2021-05-07T01:09:59.276+0000][7][gc,phases   ] GC(41)   Pre Evacuate Collection Set: 0.0ms
[2021-05-07T01:09:59.276+0000][7][gc,phases   ] GC(41)   Merge Heap Roots: 0.1ms
[2021-05-07T01:09:59.276+0000][7][gc,phases   ] GC(41)   Evacuate Collection Set: 1.3ms
[2021-05-07T01:09:59.276+0000][7][gc,phases   ] GC(41)   Post Evacuate Collection Set: 0.4ms
[2021-05-07T01:09:59.276+0000][7][gc,phases   ] GC(41)   Other: 0.1ms
[2021-05-07T01:09:59.276+0000][7][gc,heap     ] GC(41) Eden regions: 21->0(21)
[2021-05-07T01:09:59.276+0000][7][gc,heap     ] GC(41) Survivor regions: 1->1(3)
[2021-05-07T01:09:59.276+0000][7][gc,heap     ] GC(41) Old regions: 25->25
[2021-05-07T01:09:59.276+0000][7][gc,heap     ] GC(41) Archive regions: 2->2
[2021-05-07T01:09:59.276+0000][7][gc,heap     ] GC(41) Humongous regions: 2->2
[2021-05-07T01:09:59.276+0000][7][gc,metaspace] GC(41) Metaspace: 104450K(109256K)->104450K(109256K) NonClass: 90588K(94024K)->90588K(94024K) Class: 13862K(15232K)->13862K(15232K)
[2021-05-07T01:09:59.276+0000][7][gc          ] GC(41) Pause Young (Normal) (G1 Evacuation Pause) 195M->111M(256M) 2.018ms
[2021-05-07T01:09:59.276+0000][7][gc,cpu      ] GC(41) User=0.00s Sys=0.00s Real=0.00s
[2021-05-07T01:09:59.276+0000][7][safepoint   ] Safepoint "G1CollectForAllocation", Time since last: 2458827129 ns, Reaching safepoint: 95315 ns, At safepoint: 2075484 ns, Total: 2170799 ns
[2021-05-07T01:10:02.277+0000][7][safepoint   ] Safepoint "Cleanup", Time since last: 3000922814 ns, Reaching safepoint: 104920 ns, At safepoint: 4514 ns, Total: 109434 ns
[2021-05-07T01:10:05.278+0000][7][safepoint   ] Safepoint "Cleanup", Time since last: 3001138661 ns, Reaching safepoint: 110943 ns, At safepoint: 5360 ns, Total: 116303 ns
[2021-05-07T01:10:07.279+0000][7][safepoint   ] Safepoint "Cleanup", Time since last: 2000299701 ns, Reaching safepoint: 103496 ns, At safepoint: 5248 ns, Total: 108744 ns
[2021-05-07T01:10:08.279+0000][7][safepoint   ] Safepoint "Cleanup", Time since last: 1000116727 ns, Reaching safepoint: 166425 ns, At safepoint: 10290 ns, Total: 176715 ns
[2021-05-07T01:10:11.280+0000][7][safepoint   ] Safepoint "Cleanup", Time since last: 3001167498 ns, Reaching safepoint: 100267 ns, At safepoint: 5298 ns, Total: 105565 ns
[2021-05-07T01:10:12.281+0000][7][safepoint   ] Safepoint "Cleanup", Time since last: 1000300406 ns, Reaching safepoint: 103699 ns, At safepoint: 6073 ns, Total: 109772 ns
[2021-05-07T01:10:14.281+0000][7][safepoint   ] Safepoint "Cleanup", Time since last: 2000161752 ns, Reaching safepoint: 130078 ns, At safepoint: 8501 ns, Total: 138579 ns
[2021-05-07T01:10:17.281+0000][7][safepoint   ] Safepoint "Cleanup", Time since last: 3000305350 ns, Reaching safepoint: 83959 ns, At safepoint: 6298 ns, Total: 90257 ns
[2021-05-07T01:10:20.282+0000][7][safepoint   ] Safepoint "Cleanup", Time since last: 3000299507 ns, Reaching safepoint: 77779 ns, At safepoint: 6213 ns, Total: 83992 ns
[2021-05-07T01:10:23.282+0000][7][safepoint   ] Safepoint "Cleanup", Time since last: 3000305000 ns, Reaching safepoint: 72289 ns, At safepoint: 5814 ns, Total: 78103 ns
[2021-05-07T01:10:27.283+0000][7][safepoint   ] Safepoint "Cleanup", Time since last: 4000555316 ns, Reaching safepoint: 91301 ns, At safepoint: 4692 ns, Total: 95993 ns
[2021-05-07T01:10:29.283+0000][7][safepoint   ] Safepoint "Cleanup", Time since last: 2000276372 ns, Reaching safepoint: 136155 ns, At safepoint: 9863 ns, Total: 146018 ns
[2021-05-07T01:10:33.285+0000][7][safepoint   ] Safepoint "Cleanup", Time since last: 4001276074 ns, Reaching safepoint: 102050 ns, At safepoint: 5738 ns, Total: 107788 ns
[2021-05-07T01:10:35.285+0000][7][safepoint   ] Safepoint "Cleanup", Time since last: 2000434282 ns, Reaching safepoint: 125029 ns, At safepoint: 6034 ns, Total: 131063 ns
[2021-05-07T01:10:37.286+0000][7][safepoint   ] Safepoint "Cleanup", Time since last: 2000561618 ns, Reaching safepoint: 115761 ns, At safepoint: 6243 ns, Total: 122004 ns
[2021-05-07T01:10:38.286+0000][7][safepoint   ] Safepoint "Cleanup", Time since last: 1000312763 ns, Reaching safepoint: 172500 ns, At safepoint: 6891 ns, Total: 179391 ns
[2021-05-07T01:10:47.289+0000][7][safepoint   ] Safepoint "Cleanup", Time since last: 9002404366 ns, Reaching safepoint: 136119 ns, At safepoint: 6488 ns, Total: 142607 ns
[2021-05-07T01:10:49.289+0000][7][safepoint   ] Safepoint "Cleanup", Time since last: 2000358890 ns, Reaching safepoint: 128283 ns, At safepoint: 6446 ns, Total: 134729 ns
[2021-05-07T01:10:56.290+0000][7][safepoint   ] Safepoint "Cleanup", Time since last: 7000741353 ns, Reaching safepoint: 84515 ns, At safepoint: 5685 ns, Total: 90200 ns
[2021-05-07T01:11:01.291+0000][7][safepoint   ] Safepoint "Cleanup", Time since last: 5001100854 ns, Reaching safepoint: 109585 ns, At safepoint: 6324 ns, Total: 115909 ns
[2021-05-07T01:11:02.292+0000][7][safepoint   ] Safepoint "Cleanup", Time since last: 1000142585 ns, Reaching safepoint: 69117 ns, At safepoint: 4639 ns, Total: 73756 ns
[2021-05-07T01:11:03.292+0000][7][safepoint   ] Safepoint "Cleanup", Time since last: 1000219051 ns, Reaching safepoint: 148712 ns, At safepoint: 7069 ns, Total: 155781 ns
[2021-05-07T01:11:05.293+0000][7][safepoint   ] Safepoint "Cleanup", Time since last: 2000571450 ns, Reaching safepoint: 178956 ns, At safepoint: 7117 ns, Total: 186073 ns
[2021-05-07T01:11:08.293+0000][7][safepoint   ] Safepoint "Cleanup", Time since last: 3000436967 ns, Reaching safepoint: 109721 ns, At safepoint: 5603 ns, Total: 115324 ns
[2021-05-07T01:11:09.294+0000][7][safepoint   ] Safepoint "Cleanup", Time since last: 1000468692 ns, Reaching safepoint: 114767 ns, At safepoint: 5850 ns, Total: 120617 ns
[2021-05-07T01:11:14.295+0000][7][safepoint   ] Safepoint "Cleanup", Time since last: 5001173316 ns, Reaching safepoint: 139813 ns, At safepoint: 6604 ns, Total: 146417 ns
[2021-05-07T01:11:17.296+0000][7][safepoint   ] Safepoint "Cleanup", Time since last: 3000846206 ns, Reaching safepoint: 95978 ns, At safepoint: 5994 ns, Total: 101972 ns
[2021-05-07T01:11:26.297+0000][7][safepoint   ] Safepoint "Cleanup", Time since last: 9001136046 ns, Reaching safepoint: 82441 ns, At safepoint: 6454 ns, Total: 88895 ns
[2021-05-07T01:11:27.298+0000][7][safepoint   ] Safepoint "Cleanup", Time since last: 1000094059 ns, Reaching safepoint: 80188 ns, At safepoint: 5855 ns, Total: 86043 ns
[2021-05-07T01:11:35.298+0000][7][safepoint   ] Safepoint "Cleanup", Time since last: 8000692815 ns, Reaching safepoint: 149218 ns, At safepoint: 11318 ns, Total: 160536 ns
[2021-05-07T01:11:38.299+0000][7][safepoint   ] Safepoint "Cleanup", Time since last: 3000574806 ns, Reaching safepoint: 96855 ns, At safepoint: 6709 ns, Total: 103564 ns
[2021-05-07T01:11:47.301+0000][7][safepoint   ] Safepoint "Cleanup", Time since last: 9001710196 ns, Reaching safepoint: 126256 ns, At safepoint: 7301 ns, Total: 133557 ns
[2021-05-07T01:11:57.302+0000][7][safepoint   ] Safepoint "Cleanup", Time since last: 10001026179 ns, Reaching safepoint: 81960 ns, At safepoint: 5834 ns, Total: 87794 ns
[2021-05-07T01:12:01.089+0000][7][safepoint   ] Safepoint "Cleanup", Time since last: 3786909685 ns, Reaching safepoint: 202635 ns, At safepoint: 17202 ns, Total: 219837 ns
[2021-05-07T01:12:01.121+0000][7][gc,start    ] GC(42) Pause Young (Concurrent Start) (G1 Evacuation Pause)
[2021-05-07T01:12:01.121+0000][7][gc,task     ] GC(42) Using 6 workers of 8 for evacuation
[2021-05-07T01:12:01.121+0000][7][gc,age      ] GC(42) Desired survivor size 6291456 bytes, new threshold 15 (max threshold 15)
[2021-05-07T01:12:01.125+0000][7][gc,age      ] GC(42) Age table with threshold 15 (max threshold 15)
[2021-05-07T01:12:01.125+0000][7][gc,age      ] GC(42) - age   1:    1854320 bytes,    1854320 total
[2021-05-07T01:12:01.125+0000][7][gc,age      ] GC(42) - age   2:      24288 bytes,    1878608 total
[2021-05-07T01:12:01.125+0000][7][gc,age      ] GC(42) - age   3:     774376 bytes,    2652984 total
[2021-05-07T01:12:01.125+0000][7][gc,age      ] GC(42) - age   4:      71008 bytes,    2723992 total
[2021-05-07T01:12:01.125+0000][7][gc,phases   ] GC(42)   Pre Evacuate Collection Set: 0.1ms
[2021-05-07T01:12:01.125+0000][7][gc,phases   ] GC(42)   Merge Heap Roots: 0.1ms
[2021-05-07T01:12:01.125+0000][7][gc,phases   ] GC(42)   Evacuate Collection Set: 3.1ms
[2021-05-07T01:12:01.125+0000][7][gc,phases   ] GC(42)   Post Evacuate Collection Set: 0.4ms
[2021-05-07T01:12:01.125+0000][7][gc,phases   ] GC(42)   Other: 0.2ms
[2021-05-07T01:12:01.125+0000][7][gc,heap     ] GC(42) Eden regions: 21->0(21)
[2021-05-07T01:12:01.125+0000][7][gc,heap     ] GC(42) Survivor regions: 1->1(3)
[2021-05-07T01:12:01.125+0000][7][gc,heap     ] GC(42) Old regions: 25->25
[2021-05-07T01:12:01.125+0000][7][gc,heap     ] GC(42) Archive regions: 2->2
[2021-05-07T01:12:01.125+0000][7][gc,heap     ] GC(42) Humongous regions: 2->2
[2021-05-07T01:12:01.125+0000][7][gc,metaspace] GC(42) Metaspace: 104846K(109512K)->104846K(109512K) NonClass: 90974K(94280K)->90974K(94280K) Class: 13871K(15232K)->13871K(15232K)
[2021-05-07T01:12:01.125+0000][7][gc          ] GC(42) Pause Young (Concurrent Start) (G1 Evacuation Pause) 195M->113M(256M) 3.983ms
[2021-05-07T01:12:01.125+0000][7][gc,cpu      ] GC(42) User=0.02s Sys=0.00s Real=0.00s
[2021-05-07T01:12:01.125+0000][7][gc          ] GC(43) Concurrent Cycle
[2021-05-07T01:12:01.125+0000][7][gc,marking  ] GC(43) Concurrent Clear Claimed Marks
[2021-05-07T01:12:01.125+0000][7][gc,marking  ] GC(43) Concurrent Clear Claimed Marks 0.085ms
[2021-05-07T01:12:01.125+0000][7][gc,marking  ] GC(43) Concurrent Scan Root Regions
[2021-05-07T01:12:01.125+0000][7][safepoint   ] Safepoint "G1CollectForAllocation", Time since last: 31707539 ns, Reaching safepoint: 263647 ns, At safepoint: 4065491 ns, Total: 4329138 ns
[2021-05-07T01:12:01.130+0000][7][gc,marking  ] GC(43) Concurrent Scan Root Regions 4.283ms
[2021-05-07T01:12:01.130+0000][7][gc,marking  ] GC(43) Concurrent Mark (623.664s)
[2021-05-07T01:12:01.130+0000][7][gc,marking  ] GC(43) Concurrent Mark From Roots
[2021-05-07T01:12:01.130+0000][7][gc,task     ] GC(43) Using 2 workers of 2 for marking
[2021-05-07T01:12:01.275+0000][7][gc,marking  ] GC(43) Concurrent Mark From Roots 144.890ms
[2021-05-07T01:12:01.275+0000][7][gc,marking  ] GC(43) Concurrent Preclean
[2021-05-07T01:12:01.275+0000][7][gc,marking  ] GC(43) Concurrent Preclean 0.326ms
[2021-05-07T01:12:01.275+0000][7][gc,marking  ] GC(43) Concurrent Mark (623.664s, 623.809s) 145.274ms
[2021-05-07T01:12:01.275+0000][7][gc,start    ] GC(43) Pause Remark
[2021-05-07T01:12:01.283+0000][7][gc          ] GC(43) Pause Remark 123M->123M(256M) 7.446ms
[2021-05-07T01:12:01.283+0000][7][gc,cpu      ] GC(43) User=0.03s Sys=0.00s Real=0.01s
[2021-05-07T01:12:01.283+0000][7][safepoint   ] Safepoint "G1Concurrent", Time since last: 149756571 ns, Reaching safepoint: 170133 ns, At safepoint: 7551497 ns, Total: 7721630 ns
[2021-05-07T01:12:01.283+0000][7][gc,marking  ] GC(43) Concurrent Rebuild Remembered Sets
[2021-05-07T01:12:01.357+0000][7][gc,marking  ] GC(43) Concurrent Rebuild Remembered Sets 74.561ms
[2021-05-07T01:12:01.358+0000][7][gc,start    ] GC(43) Pause Cleanup
[2021-05-07T01:12:01.358+0000][7][gc          ] GC(43) Pause Cleanup 134M->134M(256M) 0.076ms
[2021-05-07T01:12:01.358+0000][7][gc,cpu      ] GC(43) User=0.00s Sys=0.00s Real=0.00s
[2021-05-07T01:12:01.358+0000][7][safepoint   ] Safepoint "G1Concurrent", Time since last: 74647520 ns, Reaching safepoint: 122266 ns, At safepoint: 122740 ns, Total: 245006 ns
[2021-05-07T01:12:01.358+0000][7][gc,marking  ] GC(43) Concurrent Cleanup for Next Mark
[2021-05-07T01:12:01.358+0000][7][gc,marking  ] GC(43) Concurrent Cleanup for Next Mark 0.155ms
[2021-05-07T01:12:01.358+0000][7][gc          ] GC(43) Concurrent Cycle 232.616ms
[2021-05-07T01:12:02.358+0000][7][safepoint   ] Safepoint "Cleanup", Time since last: 1000170598 ns, Reaching safepoint: 94189 ns, At safepoint: 7210 ns, Total: 101399 ns
[2021-05-07T01:12:03.358+0000][7][safepoint   ] Safepoint "Cleanup", Time since last: 1000179355 ns, Reaching safepoint: 88112 ns, At safepoint: 5549 ns, Total: 93661 ns
[2021-05-07T01:12:04.359+0000][7][safepoint   ] Safepoint "Cleanup", Time since last: 1000517088 ns, Reaching safepoint: 161000 ns, At safepoint: 6738 ns, Total: 167738 ns
[2021-05-07T01:12:05.359+0000][7][safepoint   ] Safepoint "Cleanup", Time since last: 1000097569 ns, Reaching safepoint: 174375 ns, At safepoint: 8849 ns, Total: 183224 ns
[2021-05-07T01:12:06.359+0000][7][safepoint   ] Safepoint "Cleanup", Time since last: 1000132586 ns, Reaching safepoint: 114088 ns, At safepoint: 4654 ns, Total: 118742 ns
[2021-05-07T01:12:07.360+0000][7][safepoint   ] Safepoint "Cleanup", Time since last: 1000051769 ns, Reaching safepoint: 79304 ns, At safepoint: 6409 ns, Total: 85713 ns
[2021-05-07T01:12:08.360+0000][7][safepoint   ] Safepoint "Cleanup", Time since last: 1000501709 ns, Reaching safepoint: 124154 ns, At safepoint: 5044 ns, Total: 129198 ns
[2021-05-07T01:12:10.361+0000][7][safepoint   ] Safepoint "Cleanup", Time since last: 2001158324 ns, Reaching safepoint: 113797 ns, At safepoint: 5440 ns, Total: 119237 ns
[2021-05-07T01:12:17.365+0000][7][safepoint   ] Safepoint "Cleanup", Time since last: 7003020987 ns, Reaching safepoint: 111659 ns, At safepoint: 5564 ns, Total: 117223 ns
[2021-05-07T01:12:20.366+0000][7][safepoint   ] Safepoint "Cleanup", Time since last: 3001008129 ns, Reaching safepoint: 113231 ns, At safepoint: 5566 ns, Total: 118797 ns
[2021-05-07T01:12:26.368+0000][7][safepoint   ] Safepoint "Cleanup", Time since last: 6001808026 ns, Reaching safepoint: 121010 ns, At safepoint: 5568 ns, Total: 126578 ns
[2021-05-07T01:12:27.368+0000][7][safepoint   ] Safepoint "Cleanup", Time since last: 1000507808 ns, Reaching safepoint: 114922 ns, At safepoint: 5576 ns, Total: 120498 ns
[2021-05-07T01:12:31.369+0000][7][safepoint   ] Safepoint "Cleanup", Time since last: 4000864980 ns, Reaching safepoint: 112168 ns, At safepoint: 5748 ns, Total: 117916 ns
[2021-05-07T01:12:34.370+0000][7][safepoint   ] Safepoint "Cleanup", Time since last: 3000900783 ns, Reaching safepoint: 148404 ns, At safepoint: 6691 ns, Total: 155095 ns
[2021-05-07T01:12:37.372+0000][7][safepoint   ] Safepoint "Cleanup", Time since last: 3001169474 ns, Reaching safepoint: 132657 ns, At safepoint: 5585 ns, Total: 138242 ns
[2021-05-07T01:12:38.372+0000][7][safepoint   ] Safepoint "Cleanup", Time since last: 1000377945 ns, Reaching safepoint: 167102 ns, At safepoint: 7067 ns, Total: 174169 ns
[2021-05-07T01:12:41.373+0000][7][safepoint   ] Safepoint "Cleanup", Time since last: 3000662386 ns, Reaching safepoint: 97123 ns, At safepoint: 5351 ns, Total: 102474 ns
[2021-05-07T01:12:53.375+0000][7][safepoint   ] Safepoint "Cleanup", Time since last: 12002343036 ns, Reaching safepoint: 118847 ns, At safepoint: 4503 ns, Total: 123350 ns
[2021-05-07T01:13:01.378+0000][7][safepoint   ] Safepoint "Cleanup", Time since last: 8002290905 ns, Reaching safepoint: 113498 ns, At safepoint: 5521 ns, Total: 119019 ns
[2021-05-07T01:13:02.378+0000][7][safepoint   ] Safepoint "Cleanup", Time since last: 1000267699 ns, Reaching safepoint: 78597 ns, At safepoint: 5188 ns, Total: 83785 ns
[2021-05-07T01:13:05.379+0000][7][safepoint   ] Safepoint "Cleanup", Time since last: 3001076571 ns, Reaching safepoint: 102476 ns, At safepoint: 5218 ns, Total: 107694 ns
[2021-05-07T01:13:07.380+0000][7][safepoint   ] Safepoint "Cleanup", Time since last: 2000719737 ns, Reaching safepoint: 111751 ns, At safepoint: 7548 ns, Total: 119299 ns
[2021-05-07T01:13:08.380+0000][7][safepoint   ] Safepoint "Cleanup", Time since last: 1000106737 ns, Reaching safepoint: 129629 ns, At safepoint: 7879 ns, Total: 137508 ns
[2021-05-07T01:13:09.381+0000][7][safepoint   ] Safepoint "Cleanup", Time since last: 1000253739 ns, Reaching safepoint: 92665 ns, At safepoint: 3679 ns, Total: 96344 ns
[2021-05-07T01:13:17.382+0000][7][safepoint   ] Safepoint "Cleanup", Time since last: 8001435608 ns, Reaching safepoint: 127364 ns, At safepoint: 8821 ns, Total: 136185 ns
[2021-05-07T01:13:26.385+0000][7][safepoint   ] Safepoint "Cleanup", Time since last: 9002708531 ns, Reaching safepoint: 124016 ns, At safepoint: 4936 ns, Total: 128952 ns
[2021-05-07T01:13:27.637+0000][7][gc,start    ] GC(44) Pause Young (Normal) (G1 Evacuation Pause)
[2021-05-07T01:13:27.637+0000][7][gc,task     ] GC(44) Using 6 workers of 8 for evacuation
[2021-05-07T01:13:27.637+0000][7][gc,age      ] GC(44) Desired survivor size 6291456 bytes, new threshold 15 (max threshold 15)
[2021-05-07T01:13:27.640+0000][7][gc,age      ] GC(44) Age table with threshold 15 (max threshold 15)
[2021-05-07T01:13:27.640+0000][7][gc,age      ] GC(44) - age   1:     732144 bytes,     732144 total
[2021-05-07T01:13:27.640+0000][7][gc,age      ] GC(44) - age   2:     196680 bytes,     928824 total
[2021-05-07T01:13:27.640+0000][7][gc,age      ] GC(44) - age   3:      23936 bytes,     952760 total
[2021-05-07T01:13:27.640+0000][7][gc,age      ] GC(44) - age   4:     771472 bytes,    1724232 total
[2021-05-07T01:13:27.640+0000][7][gc,age      ] GC(44) - age   5:      71008 bytes,    1795240 total
[2021-05-07T01:13:27.640+0000][7][gc,phases   ] GC(44)   Pre Evacuate Collection Set: 0.0ms
[2021-05-07T01:13:27.640+0000][7][gc,phases   ] GC(44)   Merge Heap Roots: 0.1ms
[2021-05-07T01:13:27.640+0000][7][gc,phases   ] GC(44)   Evacuate Collection Set: 1.7ms
[2021-05-07T01:13:27.640+0000][7][gc,phases   ] GC(44)   Post Evacuate Collection Set: 0.7ms
[2021-05-07T01:13:27.640+0000][7][gc,phases   ] GC(44)   Other: 0.2ms
[2021-05-07T01:13:27.640+0000][7][gc,heap     ] GC(44) Eden regions: 21->0(22)
[2021-05-07T01:13:27.640+0000][7][gc,heap     ] GC(44) Survivor regions: 1->1(3)
[2021-05-07T01:13:27.640+0000][7][gc,heap     ] GC(44) Old regions: 25->25
[2021-05-07T01:13:27.640+0000][7][gc,heap     ] GC(44) Archive regions: 2->2
[2021-05-07T01:13:27.640+0000][7][gc,heap     ] GC(44) Humongous regions: 2->2
[2021-05-07T01:13:27.640+0000][7][gc,metaspace] GC(44) Metaspace: 105078K(109768K)->105078K(109768K) NonClass: 91203K(94536K)->91203K(94536K) Class: 13874K(15232K)->13874K(15232K)
[2021-05-07T01:13:27.640+0000][7][gc          ] GC(44) Pause Young (Normal) (G1 Evacuation Pause) 197M->112M(256M) 2.774ms
[2021-05-07T01:13:27.640+0000][7][gc,cpu      ] GC(44) User=0.01s Sys=0.00s Real=0.00s
[2021-05-07T01:13:27.640+0000][7][safepoint   ] Safepoint "G1CollectForAllocation", Time since last: 1251932833 ns, Reaching safepoint: 91205 ns, At safepoint: 2839432 ns, Total: 2930637 ns
[2021-05-07T01:13:31.641+0000][7][safepoint   ] Safepoint "Cleanup", Time since last: 4000709827 ns, Reaching safepoint: 79704 ns, At safepoint: 8231 ns, Total: 87935 ns
[2021-05-07T01:13:35.642+0000][7][safepoint   ] Safepoint "Cleanup", Time since last: 4000843769 ns, Reaching safepoint: 221892 ns, At safepoint: 7254 ns, Total: 229146 ns
[2021-05-07T01:13:38.643+0000][7][safepoint   ] Safepoint "Cleanup", Time since last: 3000550350 ns, Reaching safepoint: 145061 ns, At safepoint: 9898 ns, Total: 154959 ns
[2021-05-07T01:13:44.644+0000][7][safepoint   ] Safepoint "Cleanup", Time since last: 6001068893 ns, Reaching safepoint: 172442 ns, At safepoint: 6687 ns, Total: 179129 ns
[2021-05-07T01:13:47.645+0000][7][safepoint   ] Safepoint "Cleanup", Time since last: 3000695569 ns, Reaching safepoint: 87521 ns, At safepoint: 8442 ns, Total: 95963 ns
[2021-05-07T01:13:57.647+0000][7][safepoint   ] Safepoint "Cleanup", Time since last: 10002052690 ns, Reaching safepoint: 126126 ns, At safepoint: 6917 ns, Total: 133043 ns
[2021-05-07T01:13:59.647+0000][7][safepoint   ] Safepoint "Cleanup", Time since last: 2000430599 ns, Reaching safepoint: 109710 ns, At safepoint: 7306 ns, Total: 117016 ns
[2021-05-07T01:14:01.648+0000][7][safepoint   ] Safepoint "Cleanup", Time since last: 2000502197 ns, Reaching safepoint: 74192 ns, At safepoint: 5050 ns, Total: 79242 ns
[2021-05-07T01:14:02.648+0000][7][safepoint   ] Safepoint "Cleanup", Time since last: 1000365559 ns, Reaching safepoint: 72809 ns, At safepoint: 5699 ns, Total: 78508 ns
[2021-05-07T01:14:05.649+0000][7][safepoint   ] Safepoint "Cleanup", Time since last: 3000668289 ns, Reaching safepoint: 208947 ns, At safepoint: 9345 ns, Total: 218292 ns
[2021-05-07T01:14:08.650+0000][7][safepoint   ] Safepoint "Cleanup", Time since last: 3000617545 ns, Reaching safepoint: 148138 ns, At safepoint: 6507 ns, Total: 154645 ns
[2021-05-07T01:14:17.652+0000][7][safepoint   ] Safepoint "Cleanup", Time since last: 9001880160 ns, Reaching safepoint: 95902 ns, At safepoint: 6921 ns, Total: 102823 ns
[2021-05-07T01:14:21.653+0000][7][safepoint   ] Safepoint "Cleanup", Time since last: 4000674465 ns, Reaching safepoint: 160785 ns, At safepoint: 7297 ns, Total: 168082 ns
[2021-05-07T01:14:26.654+0000][7][safepoint   ] Safepoint "Cleanup", Time since last: 5000785969 ns, Reaching safepoint: 132525 ns, At safepoint: 8218 ns, Total: 140743 ns
[2021-05-07T01:14:31.656+0000][7][safepoint   ] Safepoint "Cleanup", Time since last: 5002172104 ns, Reaching safepoint: 233828 ns, At safepoint: 6802 ns, Total: 240630 ns
[2021-05-07T01:14:33.657+0000][7][safepoint   ] Safepoint "Cleanup", Time since last: 2000764736 ns, Reaching safepoint: 89586 ns, At safepoint: 7279 ns, Total: 96865 ns
[2021-05-07T01:14:35.658+0000][7][safepoint   ] Safepoint "Cleanup", Time since last: 2000431193 ns, Reaching safepoint: 216061 ns, At safepoint: 7203 ns, Total: 223264 ns
[2021-05-07T01:14:36.658+0000][7][safepoint   ] Safepoint "Cleanup", Time since last: 1000314615 ns, Reaching safepoint: 166880 ns, At safepoint: 4998 ns, Total: 171878 ns
[2021-05-07T01:14:37.659+0000][7][safepoint   ] Safepoint "Cleanup", Time since last: 1000423647 ns, Reaching safepoint: 173861 ns, At safepoint: 4671 ns, Total: 178532 ns
[2021-05-07T01:14:38.660+0000][7][safepoint   ] Safepoint "Cleanup", Time since last: 1000500707 ns, Reaching safepoint: 234604 ns, At safepoint: 8737 ns, Total: 243341 ns
[2021-05-07T01:14:42.040+0000][7][safepoint   ] Safepoint "Cleanup", Time since last: 3380211901 ns, Reaching safepoint: 124808 ns, At safepoint: 5667 ns, Total: 130475 ns
[2021-05-07T01:14:45.041+0000][7][safepoint   ] Safepoint "Cleanup", Time since last: 3001047850 ns, Reaching safepoint: 118596 ns, At safepoint: 5933 ns, Total: 124529 ns
[2021-05-07T01:14:47.042+0000][7][safepoint   ] Safepoint "Cleanup", Time since last: 2000626937 ns, Reaching safepoint: 105790 ns, At safepoint: 6769 ns, Total: 112559 ns
[2021-05-07T01:14:52.044+0000][7][safepoint   ] Safepoint "Cleanup", Time since last: 5001662753 ns, Reaching safepoint: 153360 ns, At safepoint: 6784 ns, Total: 160144 ns
[2021-05-07T01:15:05.048+0000][7][safepoint   ] Safepoint "Cleanup", Time since last: 13003904340 ns, Reaching safepoint: 140696 ns, At safepoint: 5918 ns, Total: 146614 ns
[2021-05-07T01:15:08.049+0000][7][safepoint   ] Safepoint "Cleanup", Time since last: 3001216452 ns, Reaching safepoint: 104206 ns, At safepoint: 4513 ns, Total: 108719 ns
[2021-05-07T01:15:17.051+0000][7][safepoint   ] Safepoint "Cleanup", Time since last: 9001883059 ns, Reaching safepoint: 158779 ns, At safepoint: 10436 ns, Total: 169215 ns
[2021-05-07T01:15:18.051+0000][7][safepoint   ] Safepoint "Cleanup", Time since last: 1000098992 ns, Reaching safepoint: 66873 ns, At safepoint: 5137 ns, Total: 72010 ns
[2021-05-07T01:15:22.052+0000][7][safepoint   ] Safepoint "Cleanup", Time since last: 4000873613 ns, Reaching safepoint: 88130 ns, At safepoint: 7267 ns, Total: 95397 ns
[2021-05-07T01:15:38.056+0000][7][safepoint   ] Safepoint "Cleanup", Time since last: 16003392051 ns, Reaching safepoint: 108081 ns, At safepoint: 5176 ns, Total: 113257 ns
[2021-05-07T01:15:39.056+0000][7][safepoint   ] Safepoint "Cleanup", Time since last: 1000371724 ns, Reaching safepoint: 74256 ns, At safepoint: 5191 ns, Total: 79447 ns
[2021-05-07T01:15:40.056+0000][7][safepoint   ] Safepoint "Cleanup", Time since last: 1000126220 ns, Reaching safepoint: 76900 ns, At safepoint: 4616 ns, Total: 81516 ns
[2021-05-07T01:15:42.057+0000][7][safepoint   ] Safepoint "Cleanup", Time since last: 2000402275 ns, Reaching safepoint: 136214 ns, At safepoint: 7801 ns, Total: 144015 ns
[2021-05-07T01:15:44.058+0000][7][safepoint   ] Safepoint "Cleanup", Time since last: 2000478946 ns, Reaching safepoint: 79141 ns, At safepoint: 5091 ns, Total: 84232 ns
[2021-05-07T01:15:46.823+0000][7][gc,start    ] GC(45) Pause Young (Concurrent Start) (G1 Evacuation Pause)
[2021-05-07T01:15:46.823+0000][7][gc,task     ] GC(45) Using 6 workers of 8 for evacuation
[2021-05-07T01:15:46.823+0000][7][gc,age      ] GC(45) Desired survivor size 6291456 bytes, new threshold 15 (max threshold 15)
[2021-05-07T01:15:46.826+0000][7][gc,age      ] GC(45) Age table with threshold 15 (max threshold 15)
[2021-05-07T01:15:46.826+0000][7][gc,age      ] GC(45) - age   1:     528936 bytes,     528936 total
[2021-05-07T01:15:46.826+0000][7][gc,age      ] GC(45) - age   2:     222096 bytes,     751032 total
[2021-05-07T01:15:46.826+0000][7][gc,age      ] GC(45) - age   3:     157520 bytes,     908552 total
[2021-05-07T01:15:46.826+0000][7][gc,age      ] GC(45) - age   4:      23936 bytes,     932488 total
[2021-05-07T01:15:46.826+0000][7][gc,age      ] GC(45) - age   5:     771376 bytes,    1703864 total
[2021-05-07T01:15:46.826+0000][7][gc,age      ] GC(45) - age   6:      71008 bytes,    1774872 total
[2021-05-07T01:15:46.826+0000][7][gc,phases   ] GC(45)   Pre Evacuate Collection Set: 0.2ms
[2021-05-07T01:15:46.826+0000][7][gc,phases   ] GC(45)   Merge Heap Roots: 0.1ms
[2021-05-07T01:15:46.826+0000][7][gc,phases   ] GC(45)   Evacuate Collection Set: 1.8ms
[2021-05-07T01:15:46.826+0000][7][gc,phases   ] GC(45)   Post Evacuate Collection Set: 0.7ms
[2021-05-07T01:15:46.826+0000][7][gc,phases   ] GC(45)   Other: 0.2ms
[2021-05-07T01:15:46.826+0000][7][gc,heap     ] GC(45) Eden regions: 22->0(22)
[2021-05-07T01:15:46.826+0000][7][gc,heap     ] GC(45) Survivor regions: 1->1(3)
[2021-05-07T01:15:46.826+0000][7][gc,heap     ] GC(45) Old regions: 25->25
[2021-05-07T01:15:46.826+0000][7][gc,heap     ] GC(45) Archive regions: 2->2
[2021-05-07T01:15:46.826+0000][7][gc,heap     ] GC(45) Humongous regions: 2->2
[2021-05-07T01:15:46.826+0000][7][gc,metaspace] GC(45) Metaspace: 105199K(110024K)->105199K(110024K) NonClass: 91323K(94792K)->91323K(94792K) Class: 13875K(15232K)->13875K(15232K)
[2021-05-07T01:15:46.826+0000][7][gc          ] GC(45) Pause Young (Concurrent Start) (G1 Evacuation Pause) 200M->112M(256M) 2.983ms
[2021-05-07T01:15:46.826+0000][7][gc,cpu      ] GC(45) User=0.01s Sys=0.00s Real=0.00s
[2021-05-07T01:15:46.826+0000][7][safepoint   ] Safepoint "G1CollectForAllocation", Time since last: 2765450073 ns, Reaching safepoint: 127904 ns, At safepoint: 3054210 ns, Total: 3182114 ns
[2021-05-07T01:15:46.826+0000][7][gc          ] GC(46) Concurrent Cycle
[2021-05-07T01:15:46.826+0000][7][gc,marking  ] GC(46) Concurrent Clear Claimed Marks
[2021-05-07T01:15:46.826+0000][7][gc,marking  ] GC(46) Concurrent Clear Claimed Marks 0.063ms
[2021-05-07T01:15:46.826+0000][7][gc,marking  ] GC(46) Concurrent Scan Root Regions
[2021-05-07T01:15:46.828+0000][7][gc,marking  ] GC(46) Concurrent Scan Root Regions 2.137ms
[2021-05-07T01:15:46.828+0000][7][gc,marking  ] GC(46) Concurrent Mark (849.362s)
[2021-05-07T01:15:46.828+0000][7][gc,marking  ] GC(46) Concurrent Mark From Roots
[2021-05-07T01:15:46.828+0000][7][gc,task     ] GC(46) Using 2 workers of 2 for marking
[2021-05-07T01:15:46.915+0000][7][gc,marking  ] GC(46) Concurrent Mark From Roots 86.739ms
[2021-05-07T01:15:46.915+0000][7][gc,marking  ] GC(46) Concurrent Preclean
[2021-05-07T01:15:46.915+0000][7][gc,marking  ] GC(46) Concurrent Preclean 0.235ms
[2021-05-07T01:15:46.915+0000][7][gc,marking  ] GC(46) Concurrent Mark (849.362s, 849.449s) 87.023ms
[2021-05-07T01:15:46.916+0000][7][gc,start    ] GC(46) Pause Remark
[2021-05-07T01:15:46.920+0000][7][gc          ] GC(46) Pause Remark 112M->112M(256M) 4.583ms
[2021-05-07T01:15:46.920+0000][7][gc,cpu      ] GC(46) User=0.02s Sys=0.00s Real=0.01s
[2021-05-07T01:15:46.920+0000][7][safepoint   ] Safepoint "G1Concurrent", Time since last: 89376386 ns, Reaching safepoint: 161215 ns, At safepoint: 4656555 ns, Total: 4817770 ns
[2021-05-07T01:15:46.920+0000][7][gc,marking  ] GC(46) Concurrent Rebuild Remembered Sets
[2021-05-07T01:15:46.975+0000][7][gc,marking  ] GC(46) Concurrent Rebuild Remembered Sets 54.800ms
[2021-05-07T01:15:46.975+0000][7][gc,start    ] GC(46) Pause Cleanup
[2021-05-07T01:15:46.975+0000][7][gc          ] GC(46) Pause Cleanup 113M->113M(256M) 0.066ms
[2021-05-07T01:15:46.975+0000][7][gc,cpu      ] GC(46) User=0.00s Sys=0.00s Real=0.00s
[2021-05-07T01:15:46.975+0000][7][safepoint   ] Safepoint "G1Concurrent", Time since last: 54902848 ns, Reaching safepoint: 97331 ns, At safepoint: 102289 ns, Total: 199620 ns
[2021-05-07T01:15:46.975+0000][7][gc,marking  ] GC(46) Concurrent Cleanup for Next Mark
[2021-05-07T01:15:46.976+0000][7][gc,marking  ] GC(46) Concurrent Cleanup for Next Mark 0.122ms
[2021-05-07T01:15:46.976+0000][7][gc          ] GC(46) Concurrent Cycle 149.420ms
[2021-05-07T01:15:56.977+0000][7][safepoint   ] Safepoint "Cleanup", Time since last: 10001689512 ns, Reaching safepoint: 98434 ns, At safepoint: 5934 ns, Total: 104368 ns
[2021-05-07T01:15:59.985+0000][7][safepoint   ] Safepoint "Cleanup", Time since last: 3007524189 ns, Reaching safepoint: 161565 ns, At safepoint: 6986 ns, Total: 168551 ns
[2021-05-07T01:16:00.985+0000][7][safepoint   ] Safepoint "Cleanup", Time since last: 1000112662 ns, Reaching safepoint: 102515 ns, At safepoint: 5723 ns, Total: 108238 ns
[2021-05-07T01:16:04.986+0000][7][safepoint   ] Safepoint "Cleanup", Time since last: 4001042862 ns, Reaching safepoint: 118170 ns, At safepoint: 6465 ns, Total: 124635 ns
[2021-05-07T01:16:06.987+0000][7][safepoint   ] Safepoint "Cleanup", Time since last: 2000697141 ns, Reaching safepoint: 106957 ns, At safepoint: 5270 ns, Total: 112227 ns
[2021-05-07T01:16:07.988+0000][7][safepoint   ] Safepoint "Cleanup", Time since last: 1000516047 ns, Reaching safepoint: 93393 ns, At safepoint: 6495 ns, Total: 99888 ns
[2021-05-07T01:16:32.991+0000][7][safepoint   ] Safepoint "Cleanup", Time since last: 25003501533 ns, Reaching safepoint: 104778 ns, At safepoint: 5787 ns, Total: 110565 ns
[2021-05-07T01:16:37.993+0000][7][safepoint   ] Safepoint "Cleanup", Time since last: 5001357210 ns, Reaching safepoint: 109346 ns, At safepoint: 4329 ns, Total: 113675 ns
[2021-05-07T01:16:38.993+0000][7][safepoint   ] Safepoint "Cleanup", Time since last: 1000182999 ns, Reaching safepoint: 83473 ns, At safepoint: 5070 ns, Total: 88543 ns
[2021-05-07T01:16:44.995+0000][7][safepoint   ] Safepoint "Cleanup", Time since last: 6001891170 ns, Reaching safepoint: 102083 ns, At safepoint: 5533 ns, Total: 107616 ns
[2021-05-07T01:16:46.996+0000][7][safepoint   ] Safepoint "Cleanup", Time since last: 2000960306 ns, Reaching safepoint: 160608 ns, At safepoint: 7140 ns, Total: 167748 ns
[2021-05-07T01:16:47.997+0000][7][safepoint   ] Safepoint "Cleanup", Time since last: 1000199435 ns, Reaching safepoint: 139621 ns, At safepoint: 6372 ns, Total: 145993 ns
[2021-05-07T01:16:56.998+0000][7][safepoint   ] Safepoint "Cleanup", Time since last: 9001680413 ns, Reaching safepoint: 91932 ns, At safepoint: 5846 ns, Total: 97778 ns
[2021-05-07T01:17:05.001+0000][7][safepoint   ] Safepoint "Cleanup", Time since last: 8002399737 ns, Reaching safepoint: 154548 ns, At safepoint: 6829 ns, Total: 161377 ns
[2021-05-07T01:17:06.001+0000][7][safepoint   ] Safepoint "Cleanup", Time since last: 1000128589 ns, Reaching safepoint: 109683 ns, At safepoint: 3669 ns, Total: 113352 ns
[2021-05-07T01:17:08.002+0000][7][safepoint   ] Safepoint "Cleanup", Time since last: 2000312259 ns, Reaching safepoint: 141010 ns, At safepoint: 7059 ns, Total: 148069 ns
[2021-05-07T01:17:10.003+0000][7][safepoint   ] Safepoint "Cleanup", Time since last: 2000850645 ns, Reaching safepoint: 101900 ns, At safepoint: 5971 ns, Total: 107871 ns
[2021-05-07T01:17:12.003+0000][7][safepoint   ] Safepoint "Cleanup", Time since last: 2000621709 ns, Reaching safepoint: 102006 ns, At safepoint: 5517 ns, Total: 107523 ns
[2021-05-07T01:17:17.005+0000][7][safepoint   ] Safepoint "Cleanup", Time since last: 5001571185 ns, Reaching safepoint: 90375 ns, At safepoint: 7307 ns, Total: 97682 ns
[2021-05-07T01:17:27.007+0000][7][safepoint   ] Safepoint "Cleanup", Time since last: 10002282549 ns, Reaching safepoint: 100038 ns, At safepoint: 6235 ns, Total: 106273 ns
[2021-05-07T01:17:30.008+0000][7][safepoint   ] Safepoint "Cleanup", Time since last: 3000878503 ns, Reaching safepoint: 105838 ns, At safepoint: 5550 ns, Total: 111388 ns
[2021-05-07T01:17:33.009+0000][7][safepoint   ] Safepoint "Cleanup", Time since last: 3000629687 ns, Reaching safepoint: 100951 ns, At safepoint: 5462 ns, Total: 106413 ns
[2021-05-07T01:17:35.010+0000][7][safepoint   ] Safepoint "Cleanup", Time since last: 2000707801 ns, Reaching safepoint: 96712 ns, At safepoint: 5347 ns, Total: 102059 ns
[2021-05-07T01:17:38.010+0000][7][safepoint   ] Safepoint "Cleanup", Time since last: 3000480079 ns, Reaching safepoint: 69095 ns, At safepoint: 3475 ns, Total: 72570 ns
[2021-05-07T01:17:39.011+0000][7][safepoint   ] Safepoint "Cleanup", Time since last: 1000163893 ns, Reaching safepoint: 107435 ns, At safepoint: 5778 ns, Total: 113213 ns
[2021-05-07T01:17:47.013+0000][7][safepoint   ] Safepoint "Cleanup", Time since last: 8002210610 ns, Reaching safepoint: 75598 ns, At safepoint: 5955 ns, Total: 81553 ns
[2021-05-07T01:17:56.836+0000][7][gc,start    ] GC(47) Pause Young (Normal) (G1 Evacuation Pause)
[2021-05-07T01:17:56.836+0000][7][gc,task     ] GC(47) Using 6 workers of 8 for evacuation
[2021-05-07T01:17:56.836+0000][7][gc,age      ] GC(47) Desired survivor size 6291456 bytes, new threshold 15 (max threshold 15)
[2021-05-07T01:17:56.839+0000][7][gc,age      ] GC(47) Age table with threshold 15 (max threshold 15)
[2021-05-07T01:17:56.839+0000][7][gc,age      ] GC(47) - age   1:     565616 bytes,     565616 total
[2021-05-07T01:17:56.839+0000][7][gc,age      ] GC(47) - age   2:      10280 bytes,     575896 total
[2021-05-07T01:17:56.839+0000][7][gc,age      ] GC(47) - age   3:     125128 bytes,     701024 total
[2021-05-07T01:17:56.839+0000][7][gc,age      ] GC(47) - age   4:     128008 bytes,     829032 total
[2021-05-07T01:17:56.839+0000][7][gc,age      ] GC(47) - age   5:      23840 bytes,     852872 total
[2021-05-07T01:17:56.839+0000][7][gc,age      ] GC(47) - age   6:     771352 bytes,    1624224 total
[2021-05-07T01:17:56.839+0000][7][gc,age      ] GC(47) - age   7:      71008 bytes,    1695232 total
[2021-05-07T01:17:56.839+0000][7][gc,phases   ] GC(47)   Pre Evacuate Collection Set: 0.0ms
[2021-05-07T01:17:56.839+0000][7][gc,phases   ] GC(47)   Merge Heap Roots: 0.1ms
[2021-05-07T01:17:56.839+0000][7][gc,phases   ] GC(47)   Evacuate Collection Set: 1.8ms
[2021-05-07T01:17:56.839+0000][7][gc,phases   ] GC(47)   Post Evacuate Collection Set: 0.5ms
[2021-05-07T01:17:56.839+0000][7][gc,phases   ] GC(47)   Other: 0.2ms
[2021-05-07T01:17:56.839+0000][7][gc,heap     ] GC(47) Eden regions: 22->0(22)
[2021-05-07T01:17:56.839+0000][7][gc,heap     ] GC(47) Survivor regions: 1->1(3)
[2021-05-07T01:17:56.839+0000][7][gc,heap     ] GC(47) Old regions: 25->25
[2021-05-07T01:17:56.839+0000][7][gc,heap     ] GC(47) Archive regions: 2->2
[2021-05-07T01:17:56.839+0000][7][gc,heap     ] GC(47) Humongous regions: 2->2
[2021-05-07T01:17:56.839+0000][7][gc,metaspace] GC(47) Metaspace: 105375K(110024K)->105375K(110024K) NonClass: 91498K(94792K)->91498K(94792K) Class: 13877K(15232K)->13877K(15232K)
[2021-05-07T01:17:56.839+0000][7][gc          ] GC(47) Pause Young (Normal) (G1 Evacuation Pause) 200M->112M(256M) 2.674ms
[2021-05-07T01:17:56.839+0000][7][gc,cpu      ] GC(47) User=0.02s Sys=0.00s Real=0.01s
[2021-05-07T01:17:56.839+0000][7][safepoint   ] Safepoint "G1CollectForAllocation", Time since last: 9822972281 ns, Reaching safepoint: 135073 ns, At safepoint: 2736475 ns, Total: 2871548 ns
[2021-05-07T01:18:01.840+0000][7][safepoint   ] Safepoint "Cleanup", Time since last: 5001499886 ns, Reaching safepoint: 75537 ns, At safepoint: 6427 ns, Total: 81964 ns
[2021-05-07T01:18:04.841+0000][7][safepoint   ] Safepoint "Cleanup", Time since last: 3000665273 ns, Reaching safepoint: 142490 ns, At safepoint: 9994 ns, Total: 152484 ns
[2021-05-07T01:18:05.842+0000][7][safepoint   ] Safepoint "Cleanup", Time since last: 1000156840 ns, Reaching safepoint: 80757 ns, At safepoint: 6288 ns, Total: 87045 ns
[2021-05-07T01:18:06.842+0000][7][safepoint   ] Safepoint "Cleanup", Time since last: 1000130168 ns, Reaching safepoint: 73044 ns, At safepoint: 4565 ns, Total: 77609 ns
[2021-05-07T01:18:07.842+0000][7][safepoint   ] Safepoint "Cleanup", Time since last: 1000092581 ns, Reaching safepoint: 95351 ns, At safepoint: 5134 ns, Total: 100485 ns
[2021-05-07T01:18:16.844+0000][7][safepoint   ] Safepoint "Cleanup", Time since last: 9001981077 ns, Reaching safepoint: 69536 ns, At safepoint: 3848 ns, Total: 73384 ns
[2021-05-07T01:18:26.846+0000][7][safepoint   ] Safepoint "Cleanup", Time since last: 10001472356 ns, Reaching safepoint: 87000 ns, At safepoint: 3150 ns, Total: 90150 ns
[2021-05-07T01:18:30.846+0000][7][safepoint   ] Safepoint "Cleanup", Time since last: 4000771733 ns, Reaching safepoint: 69128 ns, At safepoint: 5814 ns, Total: 74942 ns
[2021-05-07T01:18:35.848+0000][7][safepoint   ] Safepoint "Cleanup", Time since last: 5001316915 ns, Reaching safepoint: 79003 ns, At safepoint: 5060 ns, Total: 84063 ns
[2021-05-07T01:18:37.848+0000][7][safepoint   ] Safepoint "Cleanup", Time since last: 2000180038 ns, Reaching safepoint: 102448 ns, At safepoint: 8134 ns, Total: 110582 ns
[2021-05-07T01:18:41.849+0000][7][safepoint   ] Safepoint "Cleanup", Time since last: 4000476913 ns, Reaching safepoint: 86117 ns, At safepoint: 7669 ns, Total: 93786 ns
[2021-05-07T01:18:49.850+0000][7][safepoint   ] Safepoint "Cleanup", Time since last: 8000947559 ns, Reaching safepoint: 95592 ns, At safepoint: 7341 ns, Total: 102933 ns
[2021-05-07T01:18:51.850+0000][7][safepoint   ] Safepoint "Cleanup", Time since last: 2000468093 ns, Reaching safepoint: 160814 ns, At safepoint: 5757 ns, Total: 166571 ns
[2021-05-07T01:18:56.851+0000][7][safepoint   ] Safepoint "Cleanup", Time since last: 5000862455 ns, Reaching safepoint: 128800 ns, At safepoint: 7250 ns, Total: 136050 ns
[2021-05-07T01:19:04.853+0000][7][safepoint   ] Safepoint "Cleanup", Time since last: 8001459789 ns, Reaching safepoint: 105622 ns, At safepoint: 7479 ns, Total: 113101 ns
[2021-05-07T01:19:05.853+0000][7][safepoint   ] Safepoint "Cleanup", Time since last: 1000446248 ns, Reaching safepoint: 124444 ns, At safepoint: 6242 ns, Total: 130686 ns
[2021-05-07T01:19:06.854+0000][7][safepoint   ] Safepoint "Cleanup", Time since last: 1000128432 ns, Reaching safepoint: 155364 ns, At safepoint: 7973 ns, Total: 163337 ns
[2021-05-07T01:19:07.854+0000][7][safepoint   ] Safepoint "Cleanup", Time since last: 1000308733 ns, Reaching safepoint: 107548 ns, At safepoint: 4432 ns, Total: 111980 ns
[2021-05-07T01:19:11.856+0000][7][safepoint   ] Safepoint "Cleanup", Time since last: 4001236226 ns, Reaching safepoint: 157025 ns, At safepoint: 10202 ns, Total: 167227 ns
[2021-05-07T01:19:14.856+0000][7][safepoint   ] Safepoint "Cleanup", Time since last: 3000295286 ns, Reaching safepoint: 104061 ns, At safepoint: 7305 ns, Total: 111366 ns
[2021-05-07T01:19:26.858+0000][7][safepoint   ] Safepoint "Cleanup", Time since last: 12001540973 ns, Reaching safepoint: 96253 ns, At safepoint: 8211 ns, Total: 104464 ns
[2021-05-07T01:19:35.861+0000][7][safepoint   ] Safepoint "Cleanup", Time since last: 9003000728 ns, Reaching safepoint: 113704 ns, At safepoint: 5579 ns, Total: 119283 ns
[2021-05-07T01:19:37.861+0000][7][safepoint   ] Safepoint "Cleanup", Time since last: 2000167070 ns, Reaching safepoint: 105640 ns, At safepoint: 6617 ns, Total: 112257 ns
[2021-05-07T01:19:46.863+0000][7][safepoint   ] Safepoint "Cleanup", Time since last: 9002086623 ns, Reaching safepoint: 104482 ns, At safepoint: 5782 ns, Total: 110264 ns
[2021-05-07T01:20:01.867+0000][7][safepoint   ] Safepoint "Cleanup", Time since last: 15003699759 ns, Reaching safepoint: 170388 ns, At safepoint: 5506 ns, Total: 175894 ns
[2021-05-07T01:20:02.868+0000][7][safepoint   ] Safepoint "Cleanup", Time since last: 1000596731 ns, Reaching safepoint: 78467 ns, At safepoint: 5370 ns, Total: 83837 ns
[2021-05-07T01:20:04.868+0000][7][safepoint   ] Safepoint "Cleanup", Time since last: 2000379366 ns, Reaching safepoint: 86400 ns, At safepoint: 7759 ns, Total: 94159 ns
[2021-05-07T01:20:05.869+0000][7][safepoint   ] Safepoint "Cleanup", Time since last: 1000145649 ns, Reaching safepoint: 81174 ns, At safepoint: 4354 ns, Total: 85528 ns
[2021-05-07T01:20:06.869+0000][7][safepoint   ] Safepoint "Cleanup", Time since last: 1000273814 ns, Reaching safepoint: 101936 ns, At safepoint: 6083 ns, Total: 108019 ns
[2021-05-07T01:20:07.869+0000][7][safepoint   ] Safepoint "Cleanup", Time since last: 1000290529 ns, Reaching safepoint: 148678 ns, At safepoint: 5307 ns, Total: 153985 ns
[2021-05-07T01:20:11.851+0000][7][gc,start    ] GC(48) Pause Young (Concurrent Start) (G1 Evacuation Pause)
[2021-05-07T01:20:11.851+0000][7][gc,task     ] GC(48) Using 6 workers of 8 for evacuation
[2021-05-07T01:20:11.851+0000][7][gc,age      ] GC(48) Desired survivor size 6291456 bytes, new threshold 15 (max threshold 15)
[2021-05-07T01:20:11.853+0000][7][gc,age      ] GC(48) Age table with threshold 15 (max threshold 15)
[2021-05-07T01:20:11.853+0000][7][gc,age      ] GC(48) - age   1:     527128 bytes,     527128 total
[2021-05-07T01:20:11.853+0000][7][gc,age      ] GC(48) - age   2:      15288 bytes,     542416 total
[2021-05-07T01:20:11.853+0000][7][gc,age      ] GC(48) - age   3:       6960 bytes,     549376 total
[2021-05-07T01:20:11.853+0000][7][gc,age      ] GC(48) - age   4:     124672 bytes,     674048 total
[2021-05-07T01:20:11.853+0000][7][gc,age      ] GC(48) - age   5:     127912 bytes,     801960 total
[2021-05-07T01:20:11.853+0000][7][gc,age      ] GC(48) - age   6:      23800 bytes,     825760 total
[2021-05-07T01:20:11.853+0000][7][gc,age      ] GC(48) - age   7:     771352 bytes,    1597112 total
[2021-05-07T01:20:11.853+0000][7][gc,age      ] GC(48) - age   8:      71008 bytes,    1668120 total
[2021-05-07T01:20:11.853+0000][7][gc,phases   ] GC(48)   Pre Evacuate Collection Set: 0.1ms
[2021-05-07T01:20:11.853+0000][7][gc,phases   ] GC(48)   Merge Heap Roots: 0.1ms
[2021-05-07T01:20:11.853+0000][7][gc,phases   ] GC(48)   Evacuate Collection Set: 1.7ms
[2021-05-07T01:20:11.853+0000][7][gc,phases   ] GC(48)   Post Evacuate Collection Set: 0.6ms
[2021-05-07T01:20:11.853+0000][7][gc,phases   ] GC(48)   Other: 0.2ms
[2021-05-07T01:20:11.853+0000][7][gc,heap     ] GC(48) Eden regions: 22->0(22)
[2021-05-07T01:20:11.853+0000][7][gc,heap     ] GC(48) Survivor regions: 1->1(3)
[2021-05-07T01:20:11.853+0000][7][gc,heap     ] GC(48) Old regions: 25->25
[2021-05-07T01:20:11.853+0000][7][gc,heap     ] GC(48) Archive regions: 2->2
[2021-05-07T01:20:11.853+0000][7][gc,heap     ] GC(48) Humongous regions: 2->2
[2021-05-07T01:20:11.853+0000][7][gc,metaspace] GC(48) Metaspace: 105519K(110280K)->105519K(110280K) NonClass: 91641K(95048K)->91641K(95048K) Class: 13877K(15232K)->13877K(15232K)
[2021-05-07T01:20:11.853+0000][7][gc          ] GC(48) Pause Young (Concurrent Start) (G1 Evacuation Pause) 200M->112M(256M) 2.753ms
[2021-05-07T01:20:11.853+0000][7][gc,cpu      ] GC(48) User=0.01s Sys=0.00s Real=0.00s
[2021-05-07T01:20:11.853+0000][7][safepoint   ] Safepoint "G1CollectForAllocation", Time since last: 3981073406 ns, Reaching safepoint: 112409 ns, At safepoint: 2817598 ns, Total: 2930007 ns
[2021-05-07T01:20:11.853+0000][7][gc          ] GC(49) Concurrent Cycle
[2021-05-07T01:20:11.853+0000][7][gc,marking  ] GC(49) Concurrent Clear Claimed Marks
[2021-05-07T01:20:11.853+0000][7][gc,marking  ] GC(49) Concurrent Clear Claimed Marks 0.052ms
[2021-05-07T01:20:11.853+0000][7][gc,marking  ] GC(49) Concurrent Scan Root Regions
[2021-05-07T01:20:11.856+0000][7][gc,marking  ] GC(49) Concurrent Scan Root Regions 2.076ms
[2021-05-07T01:20:11.856+0000][7][gc,marking  ] GC(49) Concurrent Mark (1114.390s)
[2021-05-07T01:20:11.856+0000][7][gc,marking  ] GC(49) Concurrent Mark From Roots
[2021-05-07T01:20:11.856+0000][7][gc,task     ] GC(49) Using 2 workers of 2 for marking
[2021-05-07T01:20:11.935+0000][7][gc,marking  ] GC(49) Concurrent Mark From Roots 79.233ms
[2021-05-07T01:20:11.935+0000][7][gc,marking  ] GC(49) Concurrent Preclean
[2021-05-07T01:20:11.935+0000][7][gc,marking  ] GC(49) Concurrent Preclean 0.231ms
[2021-05-07T01:20:11.935+0000][7][gc,marking  ] GC(49) Concurrent Mark (1114.390s, 1114.469s) 79.510ms
[2021-05-07T01:20:11.935+0000][7][gc,start    ] GC(49) Pause Remark
[2021-05-07T01:20:11.940+0000][7][gc          ] GC(49) Pause Remark 112M->112M(256M) 4.437ms
[2021-05-07T01:20:11.940+0000][7][gc,cpu      ] GC(49) User=0.02s Sys=0.00s Real=0.01s
[2021-05-07T01:20:11.940+0000][7][safepoint   ] Safepoint "G1Concurrent", Time since last: 81748837 ns, Reaching safepoint: 134722 ns, At safepoint: 4516266 ns, Total: 4650988 ns
[2021-05-07T01:20:11.940+0000][7][gc,marking  ] GC(49) Concurrent Rebuild Remembered Sets
[2021-05-07T01:20:11.994+0000][7][gc,marking  ] GC(49) Concurrent Rebuild Remembered Sets 54.441ms
[2021-05-07T01:20:11.994+0000][7][gc,start    ] GC(49) Pause Cleanup
[2021-05-07T01:20:11.995+0000][7][gc          ] GC(49) Pause Cleanup 112M->112M(256M) 0.065ms
[2021-05-07T01:20:11.995+0000][7][gc,cpu      ] GC(49) User=0.00s Sys=0.00s Real=0.00s
[2021-05-07T01:20:11.995+0000][7][safepoint   ] Safepoint "G1Concurrent", Time since last: 54572599 ns, Reaching safepoint: 135856 ns, At safepoint: 115335 ns, Total: 251191 ns
[2021-05-07T01:20:11.995+0000][7][gc,marking  ] GC(49) Concurrent Cleanup for Next Mark
[2021-05-07T01:20:11.995+0000][7][gc,marking  ] GC(49) Concurrent Cleanup for Next Mark 0.134ms
[2021-05-07T01:20:11.995+0000][7][gc          ] GC(49) Concurrent Cycle 141.393ms
[2021-05-07T01:20:19.997+0000][7][safepoint   ] Safepoint "Cleanup", Time since last: 8002473325 ns, Reaching safepoint: 109181 ns, At safepoint: 5606 ns, Total: 114787 ns
[2021-05-07T01:20:38.000+0000][7][safepoint   ] Safepoint "Cleanup", Time since last: 18002463180 ns, Reaching safepoint: 85957 ns, At safepoint: 5880 ns, Total: 91837 ns
[2021-05-07T01:21:01.004+0000][7][safepoint   ] Safepoint "Cleanup", Time since last: 23003851604 ns, Reaching safepoint: 123803 ns, At safepoint: 7653 ns, Total: 131456 ns
[2021-05-07T01:21:05.005+0000][7][safepoint   ] Safepoint "Cleanup", Time since last: 4000930638 ns, Reaching safepoint: 106106 ns, At safepoint: 7644 ns, Total: 113750 ns
[2021-05-07T01:21:07.005+0000][7][safepoint   ] Safepoint "Cleanup", Time since last: 2000304973 ns, Reaching safepoint: 88421 ns, At safepoint: 6026 ns, Total: 94447 ns
[2021-05-07T01:21:12.006+0000][7][safepoint   ] Safepoint "Cleanup", Time since last: 5000759131 ns, Reaching safepoint: 69909 ns, At safepoint: 6487 ns, Total: 76396 ns
[2021-05-07T01:21:31.010+0000][7][safepoint   ] Safepoint "Cleanup", Time since last: 19004165358 ns, Reaching safepoint: 138860 ns, At safepoint: 4506 ns, Total: 143366 ns
[2021-05-07T01:21:33.011+0000][7][safepoint   ] Safepoint "Cleanup", Time since last: 2000568918 ns, Reaching safepoint: 152600 ns, At safepoint: 5379 ns, Total: 157979 ns
[2021-05-07T01:21:35.012+0000][7][safepoint   ] Safepoint "Cleanup", Time since last: 2000478678 ns, Reaching safepoint: 166841 ns, At safepoint: 7021 ns, Total: 173862 ns
[2021-05-07T01:21:38.013+0000][7][safepoint   ] Safepoint "Cleanup", Time since last: 3001062978 ns, Reaching safepoint: 117763 ns, At safepoint: 5957 ns, Total: 123720 ns
[2021-05-07T01:21:39.013+0000][7][safepoint   ] Safepoint "Cleanup", Time since last: 1000183239 ns, Reaching safepoint: 144463 ns, At safepoint: 5421 ns, Total: 149884 ns
[2021-05-07T01:21:45.014+0000][7][safepoint   ] Safepoint "Cleanup", Time since last: 6001094923 ns, Reaching safepoint: 176574 ns, At safepoint: 8162 ns, Total: 184736 ns
[2021-05-07T01:21:57.018+0000][7][safepoint   ] Safepoint "Cleanup", Time since last: 12002976573 ns, Reaching safepoint: 164220 ns, At safepoint: 7551 ns, Total: 171771 ns
[2021-05-07T01:22:02.019+0000][7][safepoint   ] Safepoint "Cleanup", Time since last: 5001429491 ns, Reaching safepoint: 206937 ns, At safepoint: 5336 ns, Total: 212273 ns
[2021-05-07T01:22:04.688+0000][7][gc,start    ] GC(50) Pause Young (Normal) (G1 Evacuation Pause)
[2021-05-07T01:22:04.688+0000][7][gc,task     ] GC(50) Using 6 workers of 8 for evacuation
[2021-05-07T01:22:04.688+0000][7][gc,age      ] GC(50) Desired survivor size 6291456 bytes, new threshold 15 (max threshold 15)
[2021-05-07T01:22:04.691+0000][7][gc,age      ] GC(50) Age table with threshold 15 (max threshold 15)
[2021-05-07T01:22:04.691+0000][7][gc,age      ] GC(50) - age   1:     793504 bytes,     793504 total
[2021-05-07T01:22:04.691+0000][7][gc,age      ] GC(50) - age   2:       4584 bytes,     798088 total
[2021-05-07T01:22:04.691+0000][7][gc,age      ] GC(50) - age   3:      12240 bytes,     810328 total
[2021-05-07T01:22:04.691+0000][7][gc,age      ] GC(50) - age   4:       6760 bytes,     817088 total
[2021-05-07T01:22:04.691+0000][7][gc,age      ] GC(50) - age   5:      44520 bytes,     861608 total
[2021-05-07T01:22:04.691+0000][7][gc,age      ] GC(50) - age   6:      46544 bytes,     908152 total
[2021-05-07T01:22:04.691+0000][7][gc,age      ] GC(50) - age   7:      23800 bytes,     931952 total
[2021-05-07T01:22:04.691+0000][7][gc,age      ] GC(50) - age   8:     771352 bytes,    1703304 total
[2021-05-07T01:22:04.691+0000][7][gc,age      ] GC(50) - age   9:      71008 bytes,    1774312 total
[2021-05-07T01:22:04.691+0000][7][gc,phases   ] GC(50)   Pre Evacuate Collection Set: 0.1ms
[2021-05-07T01:22:04.691+0000][7][gc,phases   ] GC(50)   Merge Heap Roots: 0.1ms
[2021-05-07T01:22:04.691+0000][7][gc,phases   ] GC(50)   Evacuate Collection Set: 2.0ms
[2021-05-07T01:22:04.691+0000][7][gc,phases   ] GC(50)   Post Evacuate Collection Set: 0.6ms
[2021-05-07T01:22:04.691+0000][7][gc,phases   ] GC(50)   Other: 0.2ms
[2021-05-07T01:22:04.691+0000][7][gc,heap     ] GC(50) Eden regions: 22->0(23)
[2021-05-07T01:22:04.691+0000][7][gc,heap     ] GC(50) Survivor regions: 1->1(3)
[2021-05-07T01:22:04.691+0000][7][gc,heap     ] GC(50) Old regions: 25->25
[2021-05-07T01:22:04.691+0000][7][gc,heap     ] GC(50) Archive regions: 2->2
[2021-05-07T01:22:04.691+0000][7][gc,heap     ] GC(50) Humongous regions: 2->2
[2021-05-07T01:22:04.691+0000][7][gc,metaspace] GC(50) Metaspace: 105712K(110536K)->105712K(110536K) NonClass: 91834K(95304K)->91834K(95304K) Class: 13878K(15232K)->13878K(15232K)
[2021-05-07T01:22:04.691+0000][7][gc          ] GC(50) Pause Young (Normal) (G1 Evacuation Pause) 199M->112M(256M) 2.973ms
[2021-05-07T01:22:04.691+0000][7][gc,cpu      ] GC(50) User=0.01s Sys=0.00s Real=0.01s
[2021-05-07T01:22:04.691+0000][7][safepoint   ] Safepoint "G1CollectForAllocation", Time since last: 2668795311 ns, Reaching safepoint: 158082 ns, At safepoint: 3037080 ns, Total: 3195162 ns
[2021-05-07T01:22:05.692+0000][7][safepoint   ] Safepoint "Cleanup", Time since last: 1000282653 ns, Reaching safepoint: 108386 ns, At safepoint: 5949 ns, Total: 114335 ns
[2021-05-07T01:22:08.693+0000][7][safepoint   ] Safepoint "Cleanup", Time since last: 3001245082 ns, Reaching safepoint: 106540 ns, At safepoint: 4585 ns, Total: 111125 ns
[2021-05-07T01:22:11.694+0000][7][safepoint   ] Safepoint "Cleanup", Time since last: 3000856090 ns, Reaching safepoint: 103405 ns, At safepoint: 6094 ns, Total: 109499 ns
[2021-05-07T01:22:31.701+0000][7][safepoint   ] Safepoint "Cleanup", Time since last: 20006856516 ns, Reaching safepoint: 109177 ns, At safepoint: 4992 ns, Total: 114169 ns
[2021-05-07T01:22:37.703+0000][7][safepoint   ] Safepoint "Cleanup", Time since last: 6002357968 ns, Reaching safepoint: 112529 ns, At safepoint: 5919 ns, Total: 118448 ns
[2021-05-07T01:22:38.704+0000][7][safepoint   ] Safepoint "Cleanup", Time since last: 1000210897 ns, Reaching safepoint: 131790 ns, At safepoint: 5519 ns, Total: 137309 ns
[2021-05-07T01:22:40.705+0000][7][safepoint   ] Safepoint "Cleanup", Time since last: 2000886399 ns, Reaching safepoint: 165961 ns, At safepoint: 6529 ns, Total: 172490 ns
[2021-05-07T01:23:01.711+0000][7][safepoint   ] Safepoint "Cleanup", Time since last: 21005648021 ns, Reaching safepoint: 163380 ns, At safepoint: 6778 ns, Total: 170158 ns
[2021-05-07T01:23:04.712+0000][7][safepoint   ] Safepoint "Cleanup", Time since last: 3000803951 ns, Reaching safepoint: 159408 ns, At safepoint: 6782 ns, Total: 166190 ns
[2021-05-07T01:23:05.712+0000][7][safepoint   ] Safepoint "Cleanup", Time since last: 1000253165 ns, Reaching safepoint: 147585 ns, At safepoint: 8262 ns, Total: 155847 ns
[2021-05-07T01:23:07.713+0000][7][safepoint   ] Safepoint "Cleanup", Time since last: 2000950137 ns, Reaching safepoint: 171670 ns, At safepoint: 6045 ns, Total: 177715 ns
[2021-05-07T01:23:08.713+0000][7][safepoint   ] Safepoint "Cleanup", Time since last: 1000093839 ns, Reaching safepoint: 83972 ns, At safepoint: 5806 ns, Total: 89778 ns
[2021-05-07T01:23:09.714+0000][7][safepoint   ] Safepoint "Cleanup", Time since last: 1000353655 ns, Reaching safepoint: 170755 ns, At safepoint: 6437 ns, Total: 177192 ns
[2021-05-07T01:23:11.715+0000][7][safepoint   ] Safepoint "Cleanup", Time since last: 2000840474 ns, Reaching safepoint: 164649 ns, At safepoint: 5891 ns, Total: 170540 ns
[2021-05-07T01:23:21.718+0000][7][safepoint   ] Safepoint "Cleanup", Time since last: 10002581665 ns, Reaching safepoint: 170438 ns, At safepoint: 6243 ns, Total: 176681 ns
[2021-05-07T01:23:27.720+0000][7][safepoint   ] Safepoint "Cleanup", Time since last: 6002582214 ns, Reaching safepoint: 168665 ns, At safepoint: 6296 ns, Total: 174961 ns
[2021-05-07T01:23:35.724+0000][7][safepoint   ] Safepoint "Cleanup", Time since last: 8003691714 ns, Reaching safepoint: 172906 ns, At safepoint: 6226 ns, Total: 179132 ns
[2021-05-07T01:23:38.725+0000][7][safepoint   ] Safepoint "Cleanup", Time since last: 3000994844 ns, Reaching safepoint: 225693 ns, At safepoint: 6710 ns, Total: 232403 ns
[2021-05-07T01:23:54.732+0000][7][safepoint   ] Safepoint "Cleanup", Time since last: 16006492893 ns, Reaching safepoint: 93974 ns, At safepoint: 9428 ns, Total: 103402 ns
[2021-05-07T01:23:57.733+0000][7][safepoint   ] Safepoint "Cleanup", Time since last: 3000888766 ns, Reaching safepoint: 167610 ns, At safepoint: 6488 ns, Total: 174098 ns
[2021-05-07T01:24:04.736+0000][7][safepoint   ] Safepoint "Cleanup", Time since last: 7002751250 ns, Reaching safepoint: 147561 ns, At safepoint: 9043 ns, Total: 156604 ns
[2021-05-07T01:24:08.737+0000][7][safepoint   ] Safepoint "Cleanup", Time since last: 4001221669 ns, Reaching safepoint: 166169 ns, At safepoint: 5509 ns, Total: 171678 ns
[2021-05-07T01:24:09.738+0000][7][safepoint   ] Safepoint "Cleanup", Time since last: 1000354065 ns, Reaching safepoint: 163079 ns, At safepoint: 6156 ns, Total: 169235 ns
[2021-05-07T01:24:17.315+0000][7][gc,start    ] GC(51) Pause Young (Concurrent Start) (G1 Evacuation Pause)
[2021-05-07T01:24:17.315+0000][7][gc,task     ] GC(51) Using 6 workers of 8 for evacuation
[2021-05-07T01:24:17.315+0000][7][gc,age      ] GC(51) Desired survivor size 6291456 bytes, new threshold 15 (max threshold 15)
[2021-05-07T01:24:17.318+0000][7][gc,age      ] GC(51) Age table with threshold 15 (max threshold 15)
[2021-05-07T01:24:17.318+0000][7][gc,age      ] GC(51) - age   1:     524776 bytes,     524776 total
[2021-05-07T01:24:17.318+0000][7][gc,age      ] GC(51) - age   2:     287240 bytes,     812016 total
[2021-05-07T01:24:17.318+0000][7][gc,age      ] GC(51) - age   3:       4464 bytes,     816480 total
[2021-05-07T01:24:17.318+0000][7][gc,age      ] GC(51) - age   4:      12072 bytes,     828552 total
[2021-05-07T01:24:17.318+0000][7][gc,age      ] GC(51) - age   5:       6760 bytes,     835312 total
[2021-05-07T01:24:17.318+0000][7][gc,age      ] GC(51) - age   6:      44520 bytes,     879832 total
[2021-05-07T01:24:17.318+0000][7][gc,age      ] GC(51) - age   7:      46544 bytes,     926376 total
[2021-05-07T01:24:17.318+0000][7][gc,age      ] GC(51) - age   8:      23800 bytes,     950176 total
[2021-05-07T01:24:17.318+0000][7][gc,age      ] GC(51) - age   9:     769240 bytes,    1719416 total
[2021-05-07T01:24:17.318+0000][7][gc,age      ] GC(51) - age  10:      71008 bytes,    1790424 total
[2021-05-07T01:24:17.318+0000][7][gc,phases   ] GC(51)   Pre Evacuate Collection Set: 0.1ms
[2021-05-07T01:24:17.318+0000][7][gc,phases   ] GC(51)   Merge Heap Roots: 0.1ms
[2021-05-07T01:24:17.318+0000][7][gc,phases   ] GC(51)   Evacuate Collection Set: 1.8ms
[2021-05-07T01:24:17.318+0000][7][gc,phases   ] GC(51)   Post Evacuate Collection Set: 0.6ms
[2021-05-07T01:24:17.318+0000][7][gc,phases   ] GC(51)   Other: 0.2ms
[2021-05-07T01:24:17.318+0000][7][gc,heap     ] GC(51) Eden regions: 23->0(23)
[2021-05-07T01:24:17.318+0000][7][gc,heap     ] GC(51) Survivor regions: 1->1(3)
[2021-05-07T01:24:17.318+0000][7][gc,heap     ] GC(51) Old regions: 25->25
[2021-05-07T01:24:17.318+0000][7][gc,heap     ] GC(51) Archive regions: 2->2
[2021-05-07T01:24:17.318+0000][7][gc,heap     ] GC(51) Humongous regions: 2->2
[2021-05-07T01:24:17.318+0000][7][gc,metaspace] GC(51) Metaspace: 105879K(110536K)->105879K(110536K) NonClass: 91999K(95304K)->91999K(95304K) Class: 13880K(15232K)->13880K(15232K)
[2021-05-07T01:24:17.318+0000][7][gc          ] GC(51) Pause Young (Concurrent Start) (G1 Evacuation Pause) 204M->112M(256M) 2.836ms
[2021-05-07T01:24:17.318+0000][7][gc,cpu      ] GC(51) User=0.01s Sys=0.00s Real=0.01s
[2021-05-07T01:24:17.318+0000][7][safepoint   ] Safepoint "G1CollectForAllocation", Time since last: 7577286207 ns, Reaching safepoint: 148670 ns, At safepoint: 2902892 ns, Total: 3051562 ns
[2021-05-07T01:24:17.318+0000][7][gc          ] GC(52) Concurrent Cycle
[2021-05-07T01:24:17.318+0000][7][gc,marking  ] GC(52) Concurrent Clear Claimed Marks
[2021-05-07T01:24:17.318+0000][7][gc,marking  ] GC(52) Concurrent Clear Claimed Marks 0.044ms
[2021-05-07T01:24:17.318+0000][7][gc,marking  ] GC(52) Concurrent Scan Root Regions
[2021-05-07T01:24:17.321+0000][7][gc,marking  ] GC(52) Concurrent Scan Root Regions 2.135ms
[2021-05-07T01:24:17.321+0000][7][gc,marking  ] GC(52) Concurrent Mark (1359.855s)
[2021-05-07T01:24:17.321+0000][7][gc,marking  ] GC(52) Concurrent Mark From Roots
[2021-05-07T01:24:17.321+0000][7][gc,task     ] GC(52) Using 2 workers of 2 for marking
[2021-05-07T01:24:17.400+0000][7][gc,marking  ] GC(52) Concurrent Mark From Roots 79.510ms
[2021-05-07T01:24:17.400+0000][7][gc,marking  ] GC(52) Concurrent Preclean
[2021-05-07T01:24:17.400+0000][7][gc,marking  ] GC(52) Concurrent Preclean 0.229ms
[2021-05-07T01:24:17.400+0000][7][gc,marking  ] GC(52) Concurrent Mark (1359.855s, 1359.934s) 79.787ms
[2021-05-07T01:24:17.401+0000][7][gc,start    ] GC(52) Pause Remark
[2021-05-07T01:24:17.405+0000][7][gc          ] GC(52) Pause Remark 112M->112M(256M) 4.436ms
[2021-05-07T01:24:17.405+0000][7][gc,cpu      ] GC(52) User=0.02s Sys=0.00s Real=0.00s
[2021-05-07T01:24:17.405+0000][7][safepoint   ] Safepoint "G1Concurrent", Time since last: 82113662 ns, Reaching safepoint: 91795 ns, At safepoint: 4508930 ns, Total: 4600725 ns
[2021-05-07T01:24:17.405+0000][7][gc,marking  ] GC(52) Concurrent Rebuild Remembered Sets
[2021-05-07T01:24:17.459+0000][7][gc,marking  ] GC(52) Concurrent Rebuild Remembered Sets 54.172ms
[2021-05-07T01:24:17.459+0000][7][gc,start    ] GC(52) Pause Cleanup
[2021-05-07T01:24:17.459+0000][7][gc          ] GC(52) Pause Cleanup 113M->113M(256M) 0.065ms
[2021-05-07T01:24:17.459+0000][7][gc,cpu      ] GC(52) User=0.00s Sys=0.00s Real=0.00s
[2021-05-07T01:24:17.459+0000][7][safepoint   ] Safepoint "G1Concurrent", Time since last: 54278718 ns, Reaching safepoint: 77831 ns, At safepoint: 104805 ns, Total: 182636 ns
[2021-05-07T01:24:17.460+0000][7][gc,marking  ] GC(52) Concurrent Cleanup for Next Mark
[2021-05-07T01:24:17.460+0000][7][gc,marking  ] GC(52) Concurrent Cleanup for Next Mark 0.135ms
[2021-05-07T01:24:17.460+0000][7][gc          ] GC(52) Concurrent Cycle 141.347ms
[2021-05-07T01:24:22.461+0000][7][safepoint   ] Safepoint "Cleanup", Time since last: 5001763466 ns, Reaching safepoint: 105196 ns, At safepoint: 5789 ns, Total: 110985 ns
[2021-05-07T01:24:31.464+0000][7][safepoint   ] Safepoint "Cleanup", Time since last: 9002867977 ns, Reaching safepoint: 106661 ns, At safepoint: 4876 ns, Total: 111537 ns
[2021-05-07T01:24:32.465+0000][7][safepoint   ] Safepoint "Cleanup", Time since last: 1000566415 ns, Reaching safepoint: 97486 ns, At safepoint: 4694 ns, Total: 102180 ns
[2021-05-07T01:24:35.466+0000][7][safepoint   ] Safepoint "Cleanup", Time since last: 3001245384 ns, Reaching safepoint: 153693 ns, At safepoint: 6946 ns, Total: 160639 ns
[2021-05-07T01:24:37.468+0000][7][safepoint   ] Safepoint "Cleanup", Time since last: 2000982044 ns, Reaching safepoint: 159966 ns, At safepoint: 6752 ns, Total: 166718 ns
[2021-05-07T01:24:38.468+0000][7][safepoint   ] Safepoint "Cleanup", Time since last: 1000140688 ns, Reaching safepoint: 189032 ns, At safepoint: 5254 ns, Total: 194286 ns
[2021-05-07T01:24:47.474+0000][7][safepoint   ] Safepoint "Cleanup", Time since last: 9006217628 ns, Reaching safepoint: 161188 ns, At safepoint: 6735 ns, Total: 167923 ns
[2021-05-07T01:24:54.477+0000][7][safepoint   ] Safepoint "Cleanup", Time since last: 7002305382 ns, Reaching safepoint: 177930 ns, At safepoint: 5585 ns, Total: 183515 ns
[2021-05-07T01:24:59.478+0000][7][safepoint   ] Safepoint "Cleanup", Time since last: 5001158972 ns, Reaching safepoint: 91033 ns, At safepoint: 5480 ns, Total: 96513 ns
[2021-05-07T01:25:05.481+0000][7][safepoint   ] Safepoint "Cleanup", Time since last: 6002960295 ns, Reaching safepoint: 109283 ns, At safepoint: 5651 ns, Total: 114934 ns
[2021-05-07T01:25:07.482+0000][7][safepoint   ] Safepoint "Cleanup", Time since last: 2000344574 ns, Reaching safepoint: 156103 ns, At safepoint: 7695 ns, Total: 163798 ns
[2021-05-07T01:25:08.482+0000][7][safepoint   ] Safepoint "Cleanup", Time since last: 1000285514 ns, Reaching safepoint: 98912 ns, At safepoint: 5474 ns, Total: 104386 ns
[2021-05-07T01:25:38.492+0000][7][safepoint   ] Safepoint "Cleanup", Time since last: 30009379599 ns, Reaching safepoint: 149825 ns, At safepoint: 5149 ns, Total: 154974 ns
[2021-05-07T01:25:44.493+0000][7][safepoint   ] Safepoint "Cleanup", Time since last: 6001507596 ns, Reaching safepoint: 146728 ns, At safepoint: 6774 ns, Total: 153502 ns
[2021-05-07T01:25:47.494+0000][7][safepoint   ] Safepoint "Cleanup", Time since last: 3000883222 ns, Reaching safepoint: 91725 ns, At safepoint: 5669 ns, Total: 97394 ns
[2021-05-07T01:26:05.500+0000][7][safepoint   ] Safepoint "Cleanup", Time since last: 18006108993 ns, Reaching safepoint: 108535 ns, At safepoint: 5704 ns, Total: 114239 ns
[2021-05-07T01:26:07.501+0000][7][safepoint   ] Safepoint "Cleanup", Time since last: 2000539844 ns, Reaching safepoint: 90103 ns, At safepoint: 6568 ns, Total: 96671 ns
[2021-05-07T01:26:08.501+0000][7][safepoint   ] Safepoint "Cleanup", Time since last: 1000101394 ns, Reaching safepoint: 94148 ns, At safepoint: 6163 ns, Total: 100311 ns
[2021-05-07T01:26:17.504+0000][7][safepoint   ] Safepoint "Cleanup", Time since last: 9002472001 ns, Reaching safepoint: 103171 ns, At safepoint: 5666 ns, Total: 108837 ns
[2021-05-07T01:26:18.504+0000][7][safepoint   ] Safepoint "Cleanup", Time since last: 1000509301 ns, Reaching safepoint: 106577 ns, At safepoint: 5881 ns, Total: 112458 ns
[2021-05-07T01:26:26.507+0000][7][safepoint   ] Safepoint "Cleanup", Time since last: 8002395958 ns, Reaching safepoint: 104701 ns, At safepoint: 5347 ns, Total: 110048 ns
[2021-05-07T01:26:32.509+0000][7][safepoint   ] Safepoint "Cleanup", Time since last: 6002112799 ns, Reaching safepoint: 140094 ns, At safepoint: 6911 ns, Total: 147005 ns
[2021-05-07T01:26:35.510+0000][7][safepoint   ] Safepoint "Cleanup", Time since last: 3001119263 ns, Reaching safepoint: 114222 ns, At safepoint: 5436 ns, Total: 119658 ns
[2021-05-07T01:26:38.511+0000][7][safepoint   ] Safepoint "Cleanup", Time since last: 3000754632 ns, Reaching safepoint: 104685 ns, At safepoint: 5490 ns, Total: 110175 ns
[2021-05-07T01:26:42.378+0000][7][gc,start    ] GC(53) Pause Young (Normal) (G1 Evacuation Pause)
[2021-05-07T01:26:42.378+0000][7][gc,task     ] GC(53) Using 6 workers of 8 for evacuation
[2021-05-07T01:26:42.378+0000][7][gc,age      ] GC(53) Desired survivor size 6291456 bytes, new threshold 15 (max threshold 15)
[2021-05-07T01:26:42.381+0000][7][gc,age      ] GC(53) Age table with threshold 15 (max threshold 15)
[2021-05-07T01:26:42.381+0000][7][gc,age      ] GC(53) - age   1:     511880 bytes,     511880 total
[2021-05-07T01:26:42.381+0000][7][gc,age      ] GC(53) - age   2:       7984 bytes,     519864 total
[2021-05-07T01:26:42.381+0000][7][gc,age      ] GC(53) - age   3:     163528 bytes,     683392 total
[2021-05-07T01:26:42.381+0000][7][gc,age      ] GC(53) - age   4:       4368 bytes,     687760 total
[2021-05-07T01:26:42.381+0000][7][gc,age      ] GC(53) - age   5:      11832 bytes,     699592 total
[2021-05-07T01:26:42.381+0000][7][gc,age      ] GC(53) - age   6:       6760 bytes,     706352 total
[2021-05-07T01:26:42.381+0000][7][gc,age      ] GC(53) - age   7:      44520 bytes,     750872 total
[2021-05-07T01:26:42.381+0000][7][gc,age      ] GC(53) - age   8:      46520 bytes,     797392 total
[2021-05-07T01:26:42.381+0000][7][gc,age      ] GC(53) - age   9:      23800 bytes,     821192 total
[2021-05-07T01:26:42.381+0000][7][gc,age      ] GC(53) - age  10:     769240 bytes,    1590432 total
[2021-05-07T01:26:42.381+0000][7][gc,age      ] GC(53) - age  11:      71008 bytes,    1661440 total
[2021-05-07T01:26:42.381+0000][7][gc,phases   ] GC(53)   Pre Evacuate Collection Set: 0.1ms
[2021-05-07T01:26:42.381+0000][7][gc,phases   ] GC(53)   Merge Heap Roots: 0.1ms
[2021-05-07T01:26:42.381+0000][7][gc,phases   ] GC(53)   Evacuate Collection Set: 2.0ms
[2021-05-07T01:26:42.381+0000][7][gc,phases   ] GC(53)   Post Evacuate Collection Set: 0.6ms
[2021-05-07T01:26:42.381+0000][7][gc,phases   ] GC(53)   Other: 0.2ms
[2021-05-07T01:26:42.381+0000][7][gc,heap     ] GC(53) Eden regions: 23->0(23)
[2021-05-07T01:26:42.381+0000][7][gc,heap     ] GC(53) Survivor regions: 1->1(3)
[2021-05-07T01:26:42.381+0000][7][gc,heap     ] GC(53) Old regions: 25->25
[2021-05-07T01:26:42.381+0000][7][gc,heap     ] GC(53) Archive regions: 2->2
[2021-05-07T01:26:42.381+0000][7][gc,heap     ] GC(53) Humongous regions: 2->2
[2021-05-07T01:26:42.381+0000][7][gc,metaspace] GC(53) Metaspace: 105944K(110536K)->105944K(110536K) NonClass: 92064K(95304K)->92064K(95304K) Class: 13880K(15232K)->13880K(15232K)
[2021-05-07T01:26:42.381+0000][7][gc          ] GC(53) Pause Young (Normal) (G1 Evacuation Pause) 204M->112M(256M) 3.010ms
[2021-05-07T01:26:42.381+0000][7][gc,cpu      ] GC(53) User=0.02s Sys=0.00s Real=0.00s
[2021-05-07T01:26:42.381+0000][7][safepoint   ] Safepoint "G1CollectForAllocation", Time since last: 3866390423 ns, Reaching safepoint: 132446 ns, At safepoint: 3071556 ns, Total: 3204002 ns
[2021-05-07T01:27:05.387+0000][7][safepoint   ] Safepoint "Cleanup", Time since last: 23005997920 ns, Reaching safepoint: 94868 ns, At safepoint: 4607 ns, Total: 99475 ns
[2021-05-07T01:27:08.388+0000][7][safepoint   ] Safepoint "Cleanup", Time since last: 3000829469 ns, Reaching safepoint: 199996 ns, At safepoint: 6774 ns, Total: 206770 ns
[2021-05-07T01:27:10.389+0000][7][safepoint   ] Safepoint "Cleanup", Time since last: 2000942807 ns, Reaching safepoint: 107283 ns, At safepoint: 4918 ns, Total: 112201 ns
[2021-05-07T01:27:17.391+0000][7][safepoint   ] Safepoint "Cleanup", Time since last: 7001889737 ns, Reaching safepoint: 128868 ns, At safepoint: 6817 ns, Total: 135685 ns
[2021-05-07T01:27:26.393+0000][7][safepoint   ] Safepoint "Cleanup", Time since last: 9002169934 ns, Reaching safepoint: 124456 ns, At safepoint: 5680 ns, Total: 130136 ns
[2021-05-07T01:27:27.394+0000][7][safepoint   ] Safepoint "Cleanup", Time since last: 1000482222 ns, Reaching safepoint: 111148 ns, At safepoint: 4661 ns, Total: 115809 ns
[2021-05-07T01:27:35.397+0000][7][safepoint   ] Safepoint "Cleanup", Time since last: 8003065260 ns, Reaching safepoint: 99156 ns, At safepoint: 6593 ns, Total: 105749 ns
[2021-05-07T01:27:37.398+0000][7][safepoint   ] Safepoint "Cleanup", Time since last: 2000635136 ns, Reaching safepoint: 102491 ns, At safepoint: 5879 ns, Total: 108370 ns
[2021-05-07T01:27:38.398+0000][7][safepoint   ] Safepoint "Cleanup", Time since last: 1000092625 ns, Reaching safepoint: 73310 ns, At safepoint: 4953 ns, Total: 78263 ns
[2021-05-07T01:28:01.404+0000][7][safepoint   ] Safepoint "Cleanup", Time since last: 23005722922 ns, Reaching safepoint: 135374 ns, At safepoint: 6029 ns, Total: 141403 ns
[2021-05-07T01:28:05.406+0000][7][safepoint   ] Safepoint "Cleanup", Time since last: 4001492003 ns, Reaching safepoint: 138445 ns, At safepoint: 8148 ns, Total: 146593 ns
[2021-05-07T01:28:08.407+0000][7][safepoint   ] Safepoint "Cleanup", Time since last: 3000924439 ns, Reaching safepoint: 91165 ns, At safepoint: 4970 ns, Total: 96135 ns
[2021-05-07T01:28:09.407+0000][7][safepoint   ] Safepoint "Cleanup", Time since last: 1000556492 ns, Reaching safepoint: 109833 ns, At safepoint: 5683 ns, Total: 115516 ns
[2021-05-07T01:28:20.410+0000][7][safepoint   ] Safepoint "Cleanup", Time since last: 11002933280 ns, Reaching safepoint: 89940 ns, At safepoint: 5764 ns, Total: 95704 ns
[2021-05-07T01:28:38.416+0000][7][safepoint   ] Safepoint "Cleanup", Time since last: 18005876769 ns, Reaching safepoint: 108211 ns, At safepoint: 5531 ns, Total: 113742 ns
[2021-05-07T01:29:02.439+0000][7][gc,start    ] GC(54) Pause Young (Concurrent Start) (G1 Evacuation Pause)
[2021-05-07T01:29:02.439+0000][7][gc,task     ] GC(54) Using 6 workers of 8 for evacuation
[2021-05-07T01:29:02.439+0000][7][gc,age      ] GC(54) Desired survivor size 6291456 bytes, new threshold 15 (max threshold 15)
[2021-05-07T01:29:02.442+0000][7][gc,age      ] GC(54) Age table with threshold 15 (max threshold 15)
[2021-05-07T01:29:02.442+0000][7][gc,age      ] GC(54) - age   1:     518832 bytes,     518832 total
[2021-05-07T01:29:02.442+0000][7][gc,age      ] GC(54) - age   2:       2944 bytes,     521776 total
[2021-05-07T01:29:02.442+0000][7][gc,age      ] GC(54) - age   3:       7816 bytes,     529592 total
[2021-05-07T01:29:02.442+0000][7][gc,age      ] GC(54) - age   4:     163328 bytes,     692920 total
[2021-05-07T01:29:02.442+0000][7][gc,age      ] GC(54) - age   5:       4176 bytes,     697096 total
[2021-05-07T01:29:02.442+0000][7][gc,age      ] GC(54) - age   6:      11832 bytes,     708928 total
[2021-05-07T01:29:02.442+0000][7][gc,age      ] GC(54) - age   7:       6760 bytes,     715688 total
[2021-05-07T01:29:02.442+0000][7][gc,age      ] GC(54) - age   8:      44520 bytes,     760208 total
[2021-05-07T01:29:02.442+0000][7][gc,age      ] GC(54) - age   9:      46520 bytes,     806728 total
[2021-05-07T01:29:02.442+0000][7][gc,age      ] GC(54) - age  10:      23800 bytes,     830528 total
[2021-05-07T01:29:02.442+0000][7][gc,age      ] GC(54) - age  11:     769240 bytes,    1599768 total
[2021-05-07T01:29:02.442+0000][7][gc,age      ] GC(54) - age  12:      71008 bytes,    1670776 total
[2021-05-07T01:29:02.442+0000][7][gc,phases   ] GC(54)   Pre Evacuate Collection Set: 0.1ms
[2021-05-07T01:29:02.442+0000][7][gc,phases   ] GC(54)   Merge Heap Roots: 0.1ms
[2021-05-07T01:29:02.442+0000][7][gc,phases   ] GC(54)   Evacuate Collection Set: 2.0ms
[2021-05-07T01:29:02.442+0000][7][gc,phases   ] GC(54)   Post Evacuate Collection Set: 0.5ms
[2021-05-07T01:29:02.442+0000][7][gc,phases   ] GC(54)   Other: 0.2ms
[2021-05-07T01:29:02.442+0000][7][gc,heap     ] GC(54) Eden regions: 23->0(23)
[2021-05-07T01:29:02.442+0000][7][gc,heap     ] GC(54) Survivor regions: 1->1(3)
[2021-05-07T01:29:02.442+0000][7][gc,heap     ] GC(54) Old regions: 25->25
[2021-05-07T01:29:02.442+0000][7][gc,heap     ] GC(54) Archive regions: 2->2
[2021-05-07T01:29:02.442+0000][7][gc,heap     ] GC(54) Humongous regions: 2->2
[2021-05-07T01:29:02.442+0000][7][gc,metaspace] GC(54) Metaspace: 106019K(110792K)->106019K(110792K) NonClass: 92139K(95560K)->92139K(95560K) Class: 13880K(15232K)->13880K(15232K)
[2021-05-07T01:29:02.442+0000][7][gc          ] GC(54) Pause Young (Concurrent Start) (G1 Evacuation Pause) 204M->112M(256M) 2.970ms
[2021-05-07T01:29:02.442+0000][7][gc,cpu      ] GC(54) User=0.01s Sys=0.00s Real=0.00s
[2021-05-07T01:29:02.442+0000][7][safepoint   ] Safepoint "G1CollectForAllocation", Time since last: 24022355260 ns, Reaching safepoint: 162423 ns, At safepoint: 3035859 ns, Total: 3198282 ns
[2021-05-07T01:29:02.442+0000][7][gc          ] GC(55) Concurrent Cycle
[2021-05-07T01:29:02.442+0000][7][gc,marking  ] GC(55) Concurrent Clear Claimed Marks
[2021-05-07T01:29:02.442+0000][7][gc,marking  ] GC(55) Concurrent Clear Claimed Marks 0.047ms
[2021-05-07T01:29:02.442+0000][7][gc,marking  ] GC(55) Concurrent Scan Root Regions
[2021-05-07T01:29:02.444+0000][7][gc,marking  ] GC(55) Concurrent Scan Root Regions 2.386ms
[2021-05-07T01:29:02.444+0000][7][gc,marking  ] GC(55) Concurrent Mark (1644.978s)
[2021-05-07T01:29:02.444+0000][7][gc,marking  ] GC(55) Concurrent Mark From Roots
[2021-05-07T01:29:02.444+0000][7][gc,task     ] GC(55) Using 2 workers of 2 for marking
[2021-05-07T01:29:02.524+0000][7][gc,marking  ] GC(55) Concurrent Mark From Roots 79.475ms
[2021-05-07T01:29:02.524+0000][7][gc,marking  ] GC(55) Concurrent Preclean
[2021-05-07T01:29:02.524+0000][7][gc,marking  ] GC(55) Concurrent Preclean 0.227ms
[2021-05-07T01:29:02.524+0000][7][gc,marking  ] GC(55) Concurrent Mark (1644.978s, 1645.058s) 79.750ms
[2021-05-07T01:29:02.524+0000][7][gc,start    ] GC(55) Pause Remark
[2021-05-07T01:29:02.529+0000][7][gc          ] GC(55) Pause Remark 112M->112M(256M) 4.462ms
[2021-05-07T01:29:02.529+0000][7][gc,cpu      ] GC(55) User=0.02s Sys=0.01s Real=0.01s
[2021-05-07T01:29:02.529+0000][7][safepoint   ] Safepoint "G1Concurrent", Time since last: 82321360 ns, Reaching safepoint: 113494 ns, At safepoint: 4547591 ns, Total: 4661085 ns
[2021-05-07T01:29:02.529+0000][7][gc,marking  ] GC(55) Concurrent Rebuild Remembered Sets
[2021-05-07T01:29:02.583+0000][7][gc,marking  ] GC(55) Concurrent Rebuild Remembered Sets 54.437ms
[2021-05-07T01:29:02.584+0000][7][gc,start    ] GC(55) Pause Cleanup
[2021-05-07T01:29:02.584+0000][7][gc          ] GC(55) Pause Cleanup 112M->112M(256M) 0.067ms
[2021-05-07T01:29:02.584+0000][7][gc,cpu      ] GC(55) User=0.00s Sys=0.00s Real=0.00s
[2021-05-07T01:29:02.584+0000][7][safepoint   ] Safepoint "G1Concurrent", Time since last: 54579050 ns, Reaching safepoint: 103499 ns, At safepoint: 108547 ns, Total: 212046 ns
[2021-05-07T01:29:02.584+0000][7][gc,marking  ] GC(55) Concurrent Cleanup for Next Mark
[2021-05-07T01:29:02.584+0000][7][gc,marking  ] GC(55) Concurrent Cleanup for Next Mark 0.134ms
[2021-05-07T01:29:02.584+0000][7][gc          ] GC(55) Concurrent Cycle 141.942ms
[2021-05-07T01:29:05.585+0000][7][safepoint   ] Safepoint "Cleanup", Time since last: 3001100159 ns, Reaching safepoint: 108042 ns, At safepoint: 5861 ns, Total: 113903 ns
[2021-05-07T01:29:08.585+0000][7][safepoint   ] Safepoint "Cleanup", Time since last: 3000274114 ns, Reaching safepoint: 96271 ns, At safepoint: 6358 ns, Total: 102629 ns
[2021-05-07T01:29:31.591+0000][7][safepoint   ] Safepoint "Cleanup", Time since last: 23006023739 ns, Reaching safepoint: 107511 ns, At safepoint: 5247 ns, Total: 112758 ns
[2021-05-07T01:30:00.602+0000][7][safepoint   ] Safepoint "Cleanup", Time since last: 29010937192 ns, Reaching safepoint: 103745 ns, At safepoint: 5802 ns, Total: 109547 ns
[2021-05-07T01:30:05.605+0000][7][safepoint   ] Safepoint "Cleanup", Time since last: 5002107064 ns, Reaching safepoint: 164403 ns, At safepoint: 8175 ns, Total: 172578 ns
[2021-05-07T01:30:08.606+0000][7][safepoint   ] Safepoint "Cleanup", Time since last: 3000763821 ns, Reaching safepoint: 102667 ns, At safepoint: 5370 ns, Total: 108037 ns
[2021-05-07T01:30:09.606+0000][7][safepoint   ] Safepoint "Cleanup", Time since last: 1000339730 ns, Reaching safepoint: 187770 ns, At safepoint: 7223 ns, Total: 194993 ns
[2021-05-07T01:30:27.612+0000][7][safepoint   ] Safepoint "Cleanup", Time since last: 18005390462 ns, Reaching safepoint: 103952 ns, At safepoint: 6221 ns, Total: 110173 ns
[2021-05-07T01:30:31.612+0000][7][safepoint   ] Safepoint "Cleanup", Time since last: 4000581201 ns, Reaching safepoint: 88490 ns, At safepoint: 5011 ns, Total: 93501 ns
[2021-05-07T01:30:32.613+0000][7][safepoint   ] Safepoint "Cleanup", Time since last: 1000366734 ns, Reaching safepoint: 88928 ns, At safepoint: 4567 ns, Total: 93495 ns
[2021-05-07T01:30:33.613+0000][7][safepoint   ] Safepoint "Cleanup", Time since last: 1000163508 ns, Reaching safepoint: 86248 ns, At safepoint: 4443 ns, Total: 90691 ns
[2021-05-07T01:30:35.614+0000][7][safepoint   ] Safepoint "Cleanup", Time since last: 2000445676 ns, Reaching safepoint: 114218 ns, At safepoint: 6200 ns, Total: 120418 ns
[2021-05-07T01:30:38.615+0000][7][safepoint   ] Safepoint "Cleanup", Time since last: 3000973352 ns, Reaching safepoint: 111687 ns, At safepoint: 4410 ns, Total: 116097 ns
[2021-05-07T01:30:39.615+0000][7][safepoint   ] Safepoint "Cleanup", Time since last: 1000585179 ns, Reaching safepoint: 118898 ns, At safepoint: 7839 ns, Total: 126737 ns
[2021-05-07T01:31:05.625+0000][7][safepoint   ] Safepoint "Cleanup", Time since last: 26009827013 ns, Reaching safepoint: 115107 ns, At safepoint: 6044 ns, Total: 121151 ns
[2021-05-07T01:31:07.626+0000][7][safepoint   ] Safepoint "Cleanup", Time since last: 2000614986 ns, Reaching safepoint: 128846 ns, At safepoint: 6152 ns, Total: 134998 ns
[2021-05-07T01:31:08.626+0000][7][safepoint   ] Safepoint "Cleanup", Time since last: 1000142884 ns, Reaching safepoint: 87950 ns, At safepoint: 4880 ns, Total: 92830 ns
[2021-05-07T01:31:26.311+0000][7][gc,start    ] GC(56) Pause Young (Normal) (G1 Evacuation Pause)
[2021-05-07T01:31:26.311+0000][7][gc,task     ] GC(56) Using 6 workers of 8 for evacuation
[2021-05-07T01:31:26.311+0000][7][gc,age      ] GC(56) Desired survivor size 6291456 bytes, new threshold 15 (max threshold 15)
[2021-05-07T01:31:26.316+0000][7][gc,age      ] GC(56) Age table with threshold 15 (max threshold 15)
[2021-05-07T01:31:26.316+0000][7][gc,age      ] GC(56) - age   1:     549760 bytes,     549760 total
[2021-05-07T01:31:26.316+0000][7][gc,age      ] GC(56) - age   2:       4328 bytes,     554088 total
[2021-05-07T01:31:26.316+0000][7][gc,age      ] GC(56) - age   3:       2704 bytes,     556792 total
[2021-05-07T01:31:26.316+0000][7][gc,age      ] GC(56) - age   4:       7816 bytes,     564608 total
[2021-05-07T01:31:26.316+0000][7][gc,age      ] GC(56) - age   5:     163264 bytes,     727872 total
[2021-05-07T01:31:26.316+0000][7][gc,age      ] GC(56) - age   6:       4176 bytes,     732048 total
[2021-05-07T01:31:26.316+0000][7][gc,age      ] GC(56) - age   7:      11600 bytes,     743648 total
[2021-05-07T01:31:26.316+0000][7][gc,age      ] GC(56) - age   8:       6760 bytes,     750408 total
[2021-05-07T01:31:26.316+0000][7][gc,age      ] GC(56) - age   9:      44520 bytes,     794928 total
[2021-05-07T01:31:26.316+0000][7][gc,age      ] GC(56) - age  10:      46520 bytes,     841448 total
[2021-05-07T01:31:26.316+0000][7][gc,age      ] GC(56) - age  11:      23800 bytes,     865248 total
[2021-05-07T01:31:26.316+0000][7][gc,age      ] GC(56) - age  12:     769240 bytes,    1634488 total
[2021-05-07T01:31:26.316+0000][7][gc,age      ] GC(56) - age  13:      71008 bytes,    1705496 total
[2021-05-07T01:31:26.316+0000][7][gc,phases   ] GC(56)   Pre Evacuate Collection Set: 0.1ms
[2021-05-07T01:31:26.316+0000][7][gc,phases   ] GC(56)   Merge Heap Roots: 0.2ms
[2021-05-07T01:31:26.316+0000][7][gc,phases   ] GC(56)   Evacuate Collection Set: 3.7ms
[2021-05-07T01:31:26.316+0000][7][gc,phases   ] GC(56)   Post Evacuate Collection Set: 0.6ms
[2021-05-07T01:31:26.316+0000][7][gc,phases   ] GC(56)   Other: 0.3ms
[2021-05-07T01:31:26.316+0000][7][gc,heap     ] GC(56) Eden regions: 23->0(23)
[2021-05-07T01:31:26.316+0000][7][gc,heap     ] GC(56) Survivor regions: 1->1(3)
[2021-05-07T01:31:26.316+0000][7][gc,heap     ] GC(56) Old regions: 25->25
[2021-05-07T01:31:26.316+0000][7][gc,heap     ] GC(56) Archive regions: 2->2
[2021-05-07T01:31:26.316+0000][7][gc,heap     ] GC(56) Humongous regions: 2->2
[2021-05-07T01:31:26.316+0000][7][gc,metaspace] GC(56) Metaspace: 106111K(110792K)->106111K(110792K) NonClass: 92227K(95560K)->92227K(95560K) Class: 13883K(15232K)->13883K(15232K)
[2021-05-07T01:31:26.316+0000][7][gc          ] GC(56) Pause Young (Normal) (G1 Evacuation Pause) 204M->112M(256M) 4.837ms
[2021-05-07T01:31:26.316+0000][7][gc,cpu      ] GC(56) User=0.01s Sys=0.00s Real=0.00s
[2021-05-07T01:31:26.316+0000][7][safepoint   ] Safepoint "G1CollectForAllocation", Time since last: 17684597867 ns, Reaching safepoint: 112131 ns, At safepoint: 4911606 ns, Total: 5023737 ns
[2021-05-07T01:31:27.316+0000][7][safepoint   ] Safepoint "Cleanup", Time since last: 1000281054 ns, Reaching safepoint: 99271 ns, At safepoint: 5954 ns, Total: 105225 ns
[2021-05-07T01:31:32.318+0000][7][safepoint   ] Safepoint "Cleanup", Time since last: 5001297363 ns, Reaching safepoint: 107174 ns, At safepoint: 5103 ns, Total: 112277 ns
[2021-05-07T01:31:52.324+0000][7][safepoint   ] Safepoint "Cleanup", Time since last: 20005937903 ns, Reaching safepoint: 86717 ns, At safepoint: 4816 ns, Total: 91533 ns
[2021-05-07T01:31:55.325+0000][7][safepoint   ] Safepoint "Cleanup", Time since last: 3001469631 ns, Reaching safepoint: 101192 ns, At safepoint: 8408 ns, Total: 109600 ns
[2021-05-07T01:32:01.327+0000][7][safepoint   ] Safepoint "Cleanup", Time since last: 6001809860 ns, Reaching safepoint: 132476 ns, At safepoint: 5886 ns, Total: 138362 ns
[2021-05-07T01:32:02.328+0000][7][safepoint   ] Safepoint "Cleanup", Time since last: 1000506042 ns, Reaching safepoint: 164499 ns, At safepoint: 5207 ns, Total: 169706 ns
[2021-05-07T01:32:03.329+0000][7][safepoint   ] Safepoint "Cleanup", Time since last: 1000583608 ns, Reaching safepoint: 182729 ns, At safepoint: 5678 ns, Total: 188407 ns
[2021-05-07T01:32:05.330+0000][7][safepoint   ] Safepoint "Cleanup", Time since last: 2000720073 ns, Reaching safepoint: 102941 ns, At safepoint: 6102 ns, Total: 109043 ns
[2021-05-07T01:32:08.331+0000][7][safepoint   ] Safepoint "Cleanup", Time since last: 3001342868 ns, Reaching safepoint: 88179 ns, At safepoint: 4839 ns, Total: 93018 ns
[2021-05-07T01:32:34.340+0000][7][safepoint   ] Safepoint "Cleanup", Time since last: 26008565143 ns, Reaching safepoint: 158728 ns, At safepoint: 7192 ns, Total: 165920 ns
[2021-05-07T01:32:38.340+0000][7][safepoint   ] Safepoint "Cleanup", Time since last: 4000680825 ns, Reaching safepoint: 74240 ns, At safepoint: 5213 ns, Total: 79453 ns
[2021-05-07T01:32:39.341+0000][7][safepoint   ] Safepoint "Cleanup", Time since last: 1000169421 ns, Reaching safepoint: 101324 ns, At safepoint: 6517 ns, Total: 107841 ns
[2021-05-07T01:32:56.345+0000][7][safepoint   ] Safepoint "Cleanup", Time since last: 17004502769 ns, Reaching safepoint: 106399 ns, At safepoint: 5659 ns, Total: 112058 ns
[2021-05-07T01:33:05.349+0000][7][safepoint   ] Safepoint "Cleanup", Time since last: 9003108758 ns, Reaching safepoint: 102335 ns, At safepoint: 6181 ns, Total: 108516 ns
[2021-05-07T01:33:07.832+0000][7][gc,start    ] GC(57) Pause Young (Concurrent Start) (G1 Evacuation Pause)
[2021-05-07T01:33:07.832+0000][7][gc,task     ] GC(57) Using 6 workers of 8 for evacuation
[2021-05-07T01:33:07.832+0000][7][gc,age      ] GC(57) Desired survivor size 6291456 bytes, new threshold 15 (max threshold 15)
[2021-05-07T01:33:07.835+0000][7][gc,age      ] GC(57) Age table with threshold 15 (max threshold 15)
[2021-05-07T01:33:07.835+0000][7][gc,age      ] GC(57) - age   1:     752160 bytes,     752160 total
[2021-05-07T01:33:07.835+0000][7][gc,age      ] GC(57) - age   2:      26336 bytes,     778496 total
[2021-05-07T01:33:07.835+0000][7][gc,age      ] GC(57) - age   3:       3816 bytes,     782312 total
[2021-05-07T01:33:07.835+0000][7][gc,age      ] GC(57) - age   4:       2704 bytes,     785016 total
[2021-05-07T01:33:07.835+0000][7][gc,age      ] GC(57) - age   5:       7520 bytes,     792536 total
[2021-05-07T01:33:07.835+0000][7][gc,age      ] GC(57) - age   6:      10976 bytes,     803512 total
[2021-05-07T01:33:07.835+0000][7][gc,age      ] GC(57) - age   7:       4136 bytes,     807648 total
[2021-05-07T01:33:07.835+0000][7][gc,age      ] GC(57) - age   8:      11256 bytes,     818904 total
[2021-05-07T01:33:07.835+0000][7][gc,age      ] GC(57) - age   9:       6760 bytes,     825664 total
[2021-05-07T01:33:07.835+0000][7][gc,age      ] GC(57) - age  10:      42232 bytes,     867896 total
[2021-05-07T01:33:07.835+0000][7][gc,age      ] GC(57) - age  11:      44432 bytes,     912328 total
[2021-05-07T01:33:07.835+0000][7][gc,age      ] GC(57) - age  12:      23800 bytes,     936128 total
[2021-05-07T01:33:07.835+0000][7][gc,age      ] GC(57) - age  13:     769240 bytes,    1705368 total
[2021-05-07T01:33:07.835+0000][7][gc,age      ] GC(57) - age  14:      71008 bytes,    1776376 total
[2021-05-07T01:33:07.835+0000][7][gc,phases   ] GC(57)   Pre Evacuate Collection Set: 0.1ms
[2021-05-07T01:33:07.835+0000][7][gc,phases   ] GC(57)   Merge Heap Roots: 0.1ms
[2021-05-07T01:33:07.835+0000][7][gc,phases   ] GC(57)   Evacuate Collection Set: 2.2ms
[2021-05-07T01:33:07.835+0000][7][gc,phases   ] GC(57)   Post Evacuate Collection Set: 0.5ms
[2021-05-07T01:33:07.835+0000][7][gc,phases   ] GC(57)   Other: 0.2ms
[2021-05-07T01:33:07.835+0000][7][gc,heap     ] GC(57) Eden regions: 23->0(23)
[2021-05-07T01:33:07.835+0000][7][gc,heap     ] GC(57) Survivor regions: 1->1(3)
[2021-05-07T01:33:07.835+0000][7][gc,heap     ] GC(57) Old regions: 25->25
[2021-05-07T01:33:07.835+0000][7][gc,heap     ] GC(57) Archive regions: 2->2
[2021-05-07T01:33:07.835+0000][7][gc,heap     ] GC(57) Humongous regions: 2->2
[2021-05-07T01:33:07.835+0000][7][gc,metaspace] GC(57) Metaspace: 106210K(111048K)->106210K(111048K) NonClass: 92326K(95816K)->92326K(95816K) Class: 13883K(15232K)->13883K(15232K)
[2021-05-07T01:33:07.835+0000][7][gc          ] GC(57) Pause Young (Concurrent Start) (G1 Evacuation Pause) 204M->112M(256M) 3.182ms
[2021-05-07T01:33:07.835+0000][7][gc,cpu      ] GC(57) User=0.02s Sys=0.00s Real=0.00s
[2021-05-07T01:33:07.835+0000][7][safepoint   ] Safepoint "G1CollectForAllocation", Time since last: 2483244003 ns, Reaching safepoint: 207723 ns, At safepoint: 3256018 ns, Total: 3463741 ns
[2021-05-07T01:33:07.835+0000][7][gc          ] GC(58) Concurrent Cycle
[2021-05-07T01:33:07.835+0000][7][gc,marking  ] GC(58) Concurrent Clear Claimed Marks
[2021-05-07T01:33:07.835+0000][7][gc,marking  ] GC(58) Concurrent Clear Claimed Marks 0.079ms
[2021-05-07T01:33:07.835+0000][7][gc,marking  ] GC(58) Concurrent Scan Root Regions
[2021-05-07T01:33:07.838+0000][7][gc,marking  ] GC(58) Concurrent Scan Root Regions 2.933ms
[2021-05-07T01:33:07.838+0000][7][gc,marking  ] GC(58) Concurrent Mark (1890.372s)
[2021-05-07T01:33:07.838+0000][7][gc,marking  ] GC(58) Concurrent Mark From Roots
[2021-05-07T01:33:07.838+0000][7][gc,task     ] GC(58) Using 2 workers of 2 for marking
[2021-05-07T01:33:07.938+0000][7][gc,marking  ] GC(58) Concurrent Mark From Roots 99.663ms
[2021-05-07T01:33:07.938+0000][7][gc,marking  ] GC(58) Concurrent Preclean
[2021-05-07T01:33:07.938+0000][7][gc,marking  ] GC(58) Concurrent Preclean 0.253ms
[2021-05-07T01:33:07.938+0000][7][gc,marking  ] GC(58) Concurrent Mark (1890.372s, 1890.472s) 99.974ms
[2021-05-07T01:33:07.939+0000][7][gc,start    ] GC(58) Pause Remark
[2021-05-07T01:33:07.944+0000][7][gc          ] GC(58) Pause Remark 116M->116M(256M) 5.335ms
[2021-05-07T01:33:07.944+0000][7][gc,cpu      ] GC(58) User=0.04s Sys=0.00s Real=0.00s
[2021-05-07T01:33:07.944+0000][7][safepoint   ] Safepoint "G1Concurrent", Time since last: 103143948 ns, Reaching safepoint: 146076 ns, At safepoint: 5410564 ns, Total: 5556640 ns
[2021-05-07T01:33:07.944+0000][7][gc,marking  ] GC(58) Concurrent Rebuild Remembered Sets
[2021-05-07T01:33:08.006+0000][7][gc,marking  ] GC(58) Concurrent Rebuild Remembered Sets 61.576ms
[2021-05-07T01:33:08.006+0000][7][gc,start    ] GC(58) Pause Cleanup
[2021-05-07T01:33:08.006+0000][7][gc          ] GC(58) Pause Cleanup 116M->116M(256M) 0.062ms
[2021-05-07T01:33:08.006+0000][7][gc,cpu      ] GC(58) User=0.00s Sys=0.00s Real=0.00s
[2021-05-07T01:33:08.006+0000][7][safepoint   ] Safepoint "G1Concurrent", Time since last: 61816111 ns, Reaching safepoint: 90584 ns, At safepoint: 101314 ns, Total: 191898 ns
[2021-05-07T01:33:08.006+0000][7][gc,marking  ] GC(58) Concurrent Cleanup for Next Mark
[2021-05-07T01:33:08.006+0000][7][gc,marking  ] GC(58) Concurrent Cleanup for Next Mark 0.219ms
[2021-05-07T01:33:08.006+0000][7][gc          ] GC(58) Concurrent Cycle 170.983ms
[2021-05-07T01:33:27.273+0000][7][safepoint   ] Safepoint "Cleanup", Time since last: 19266741789 ns, Reaching safepoint: 109038 ns, At safepoint: 4570 ns, Total: 113608 ns
[2021-05-07T01:33:31.274+0000][7][safepoint   ] Safepoint "Cleanup", Time since last: 4001128891 ns, Reaching safepoint: 104992 ns, At safepoint: 5449 ns, Total: 110441 ns
[2021-05-07T01:33:38.277+0000][7][safepoint   ] Safepoint "Cleanup", Time since last: 7003058831 ns, Reaching safepoint: 108809 ns, At safepoint: 5347 ns, Total: 114156 ns
[2021-05-07T01:33:45.279+0000][7][safepoint   ] Safepoint "Cleanup", Time since last: 7001383736 ns, Reaching safepoint: 125609 ns, At safepoint: 6318 ns, Total: 131927 ns
[2021-05-07T01:33:47.279+0000][7][safepoint   ] Safepoint "Cleanup", Time since last: 2000350738 ns, Reaching safepoint: 146610 ns, At safepoint: 7310 ns, Total: 153920 ns
[2021-05-07T01:33:48.280+0000][7][safepoint   ] Safepoint "Cleanup", Time since last: 1000168485 ns, Reaching safepoint: 82523 ns, At safepoint: 4184 ns, Total: 86707 ns
[2021-05-07T01:34:00.283+0000][7][safepoint   ] Safepoint "Cleanup", Time since last: 12003658832 ns, Reaching safepoint: 183746 ns, At safepoint: 6401 ns, Total: 190147 ns
[2021-05-07T01:34:01.284+0000][7][safepoint   ] Safepoint "Cleanup", Time since last: 1000507540 ns, Reaching safepoint: 110607 ns, At safepoint: 5304 ns, Total: 115911 ns
[2021-05-07T01:34:03.285+0000][7][safepoint   ] Safepoint "Cleanup", Time since last: 2000758558 ns, Reaching safepoint: 113967 ns, At safepoint: 5153 ns, Total: 119120 ns
[2021-05-07T01:34:05.286+0000][7][safepoint   ] Safepoint "Cleanup", Time since last: 2001038348 ns, Reaching safepoint: 169016 ns, At safepoint: 6584 ns, Total: 175600 ns
[2021-05-07T01:34:07.287+0000][7][safepoint   ] Safepoint "Cleanup", Time since last: 2000909436 ns, Reaching safepoint: 188803 ns, At safepoint: 6414 ns, Total: 195217 ns
[2021-05-07T01:34:08.288+0000][7][safepoint   ] Safepoint "Cleanup", Time since last: 1000365839 ns, Reaching safepoint: 106118 ns, At safepoint: 5535 ns, Total: 111653 ns
[2021-05-07T01:34:17.290+0000][7][safepoint   ] Safepoint "Cleanup", Time since last: 9002333481 ns, Reaching safepoint: 160750 ns, At safepoint: 6879 ns, Total: 167629 ns
[2021-05-07T01:34:20.292+0000][7][safepoint   ] Safepoint "Cleanup", Time since last: 3001274729 ns, Reaching safepoint: 109967 ns, At safepoint: 4674 ns, Total: 114641 ns
[2021-05-07T01:34:27.293+0000][7][safepoint   ] Safepoint "Cleanup", Time since last: 7001396089 ns, Reaching safepoint: 126732 ns, At safepoint: 6638 ns, Total: 133370 ns
[2021-05-07T01:34:32.295+0000][7][safepoint   ] Safepoint "Cleanup", Time since last: 5001834034 ns, Reaching safepoint: 135451 ns, At safepoint: 4901 ns, Total: 140352 ns
[2021-05-07T01:34:35.297+0000][7][safepoint   ] Safepoint "Cleanup", Time since last: 3001530210 ns, Reaching safepoint: 110130 ns, At safepoint: 5043 ns, Total: 115173 ns
[2021-05-07T01:34:38.298+0000][7][safepoint   ] Safepoint "Cleanup", Time since last: 3001123039 ns, Reaching safepoint: 113002 ns, At safepoint: 6017 ns, Total: 119019 ns
[2021-05-07T01:34:39.299+0000][7][safepoint   ] Safepoint "Cleanup", Time since last: 1000596558 ns, Reaching safepoint: 109692 ns, At safepoint: 5516 ns, Total: 115208 ns
[2021-05-07T01:34:52.303+0000][7][safepoint   ] Safepoint "Cleanup", Time since last: 13004003864 ns, Reaching safepoint: 111686 ns, At safepoint: 5426 ns, Total: 117112 ns
[2021-05-07T01:34:57.304+0000][7][safepoint   ] Safepoint "Cleanup", Time since last: 5001298575 ns, Reaching safepoint: 99179 ns, At safepoint: 5727 ns, Total: 104906 ns
[2021-05-07T01:35:02.305+0000][7][safepoint   ] Safepoint "Cleanup", Time since last: 5000641517 ns, Reaching safepoint: 103670 ns, At safepoint: 7464 ns, Total: 111134 ns
[2021-05-07T01:35:03.306+0000][7][safepoint   ] Safepoint "Cleanup", Time since last: 1000448088 ns, Reaching safepoint: 109917 ns, At safepoint: 4750 ns, Total: 114667 ns
[2021-05-07T01:35:05.306+0000][7][safepoint   ] Safepoint "Cleanup", Time since last: 2000659330 ns, Reaching safepoint: 101640 ns, At safepoint: 5325 ns, Total: 106965 ns
[2021-05-07T01:35:07.307+0000][7][safepoint   ] Safepoint "Cleanup", Time since last: 2000153758 ns, Reaching safepoint: 83308 ns, At safepoint: 6705 ns, Total: 90013 ns
[2021-05-07T01:35:08.307+0000][7][safepoint   ] Safepoint "Cleanup", Time since last: 1000451919 ns, Reaching safepoint: 108006 ns, At safepoint: 5968 ns, Total: 113974 ns
[2021-05-07T01:35:18.310+0000][7][safepoint   ] Safepoint "Cleanup", Time since last: 10002853742 ns, Reaching safepoint: 117427 ns, At safepoint: 7133 ns, Total: 124560 ns
[2021-05-07T01:35:24.312+0000][7][safepoint   ] Safepoint "Cleanup", Time since last: 6002263397 ns, Reaching safepoint: 132352 ns, At safepoint: 5739 ns, Total: 138091 ns
[2021-05-07T01:35:27.313+0000][7][safepoint   ] Safepoint "Cleanup", Time since last: 3000772634 ns, Reaching safepoint: 110904 ns, At safepoint: 5050 ns, Total: 115954 ns
[2021-05-07T01:35:31.315+0000][7][safepoint   ] Safepoint "Cleanup", Time since last: 4001730455 ns, Reaching safepoint: 165421 ns, At safepoint: 5392 ns, Total: 170813 ns
[2021-05-07T01:35:35.317+0000][7][safepoint   ] Safepoint "Cleanup", Time since last: 4001957631 ns, Reaching safepoint: 172192 ns, At safepoint: 7287 ns, Total: 179479 ns
[2021-05-07T01:35:36.318+0000][7][safepoint   ] Safepoint "Cleanup", Time since last: 1000140875 ns, Reaching safepoint: 163868 ns, At safepoint: 7521 ns, Total: 171389 ns
[2021-05-07T01:35:37.031+0000][7][gc,start    ] GC(59) Pause Young (Normal) (G1 Evacuation Pause)
[2021-05-07T01:35:37.031+0000][7][gc,task     ] GC(59) Using 6 workers of 8 for evacuation
[2021-05-07T01:35:37.031+0000][7][gc,age      ] GC(59) Desired survivor size 6291456 bytes, new threshold 15 (max threshold 15)
[2021-05-07T01:35:37.035+0000][7][gc,age      ] GC(59) Age table with threshold 15 (max threshold 15)
[2021-05-07T01:35:37.035+0000][7][gc,age      ] GC(59) - age   1:     529176 bytes,     529176 total
[2021-05-07T01:35:37.035+0000][7][gc,age      ] GC(59) - age   2:     314024 bytes,     843200 total
[2021-05-07T01:35:37.035+0000][7][gc,age      ] GC(59) - age   3:      25664 bytes,     868864 total
[2021-05-07T01:35:37.035+0000][7][gc,age      ] GC(59) - age   4:       3816 bytes,     872680 total
[2021-05-07T01:35:37.035+0000][7][gc,age      ] GC(59) - age   5:       2704 bytes,     875384 total
[2021-05-07T01:35:37.035+0000][7][gc,age      ] GC(59) - age   6:       7520 bytes,     882904 total
[2021-05-07T01:35:37.035+0000][7][gc,age      ] GC(59) - age   7:      10976 bytes,     893880 total
[2021-05-07T01:35:37.035+0000][7][gc,age      ] GC(59) - age   8:       4136 bytes,     898016 total
[2021-05-07T01:35:37.035+0000][7][gc,age      ] GC(59) - age   9:      11256 bytes,     909272 total
[2021-05-07T01:35:37.035+0000][7][gc,age      ] GC(59) - age  10:       6760 bytes,     916032 total
[2021-05-07T01:35:37.035+0000][7][gc,age      ] GC(59) - age  11:      42232 bytes,     958264 total
[2021-05-07T01:35:37.035+0000][7][gc,age      ] GC(59) - age  12:      44256 bytes,    1002520 total
[2021-05-07T01:35:37.035+0000][7][gc,age      ] GC(59) - age  13:      23800 bytes,    1026320 total
[2021-05-07T01:35:37.035+0000][7][gc,age      ] GC(59) - age  14:     769240 bytes,    1795560 total
[2021-05-07T01:35:37.035+0000][7][gc,age      ] GC(59) - age  15:      71008 bytes,    1866568 total
[2021-05-07T01:35:37.035+0000][7][gc,phases   ] GC(59)   Pre Evacuate Collection Set: 0.1ms
[2021-05-07T01:35:37.035+0000][7][gc,phases   ] GC(59)   Merge Heap Roots: 0.1ms
[2021-05-07T01:35:37.035+0000][7][gc,phases   ] GC(59)   Evacuate Collection Set: 2.3ms
[2021-05-07T01:35:37.035+0000][7][gc,phases   ] GC(59)   Post Evacuate Collection Set: 0.7ms
[2021-05-07T01:35:37.035+0000][7][gc,phases   ] GC(59)   Other: 0.2ms
[2021-05-07T01:35:37.035+0000][7][gc,heap     ] GC(59) Eden regions: 23->0(23)
[2021-05-07T01:35:37.035+0000][7][gc,heap     ] GC(59) Survivor regions: 1->1(3)
[2021-05-07T01:35:37.035+0000][7][gc,heap     ] GC(59) Old regions: 25->25
[2021-05-07T01:35:37.035+0000][7][gc,heap     ] GC(59) Archive regions: 2->2
[2021-05-07T01:35:37.035+0000][7][gc,heap     ] GC(59) Humongous regions: 2->2
[2021-05-07T01:35:37.035+0000][7][gc,metaspace] GC(59) Metaspace: 106399K(111048K)->106399K(111048K) NonClass: 92513K(95816K)->92513K(95816K) Class: 13885K(15232K)->13885K(15232K)
[2021-05-07T01:35:37.035+0000][7][gc          ] GC(59) Pause Young (Normal) (G1 Evacuation Pause) 204M->112M(256M) 3.578ms
[2021-05-07T01:35:37.035+0000][7][gc,cpu      ] GC(59) User=0.01s Sys=0.00s Real=0.00s
[2021-05-07T01:35:37.035+0000][7][safepoint   ] Safepoint "G1CollectForAllocation", Time since last: 713513516 ns, Reaching safepoint: 155890 ns, At safepoint: 3645453 ns, Total: 3801343 ns
[2021-05-07T01:35:38.036+0000][7][safepoint   ] Safepoint "Cleanup", Time since last: 1000487615 ns, Reaching safepoint: 170393 ns, At safepoint: 5260 ns, Total: 175653 ns
[2021-05-07T01:35:40.037+0000][7][safepoint   ] Safepoint "Cleanup", Time since last: 2001029077 ns, Reaching safepoint: 162689 ns, At safepoint: 7344 ns, Total: 170033 ns
[2021-05-07T01:35:47.039+0000][7][safepoint   ] Safepoint "Cleanup", Time since last: 7001780330 ns, Reaching safepoint: 109158 ns, At safepoint: 6813 ns, Total: 115971 ns
[2021-05-07T01:35:51.040+0000][7][safepoint   ] Safepoint "Cleanup", Time since last: 4001329246 ns, Reaching safepoint: 105558 ns, At safepoint: 5707 ns, Total: 111265 ns
[2021-05-07T01:35:52.041+0000][7][safepoint   ] Safepoint "Cleanup", Time since last: 1000326513 ns, Reaching safepoint: 74849 ns, At safepoint: 5776 ns, Total: 80625 ns
[2021-05-07T01:36:00.042+0000][7][safepoint   ] Safepoint "Cleanup", Time since last: 8001678050 ns, Reaching safepoint: 153642 ns, At safepoint: 6795 ns, Total: 160437 ns
[2021-05-07T01:36:05.044+0000][7][safepoint   ] Safepoint "Cleanup", Time since last: 5001803424 ns, Reaching safepoint: 168978 ns, At safepoint: 7768 ns, Total: 176746 ns
[2021-05-07T01:36:08.046+0000][7][safepoint   ] Safepoint "Cleanup", Time since last: 3001115498 ns, Reaching safepoint: 100465 ns, At safepoint: 4839 ns, Total: 105304 ns
[2021-05-07T01:36:25.051+0000][7][safepoint   ] Safepoint "Cleanup", Time since last: 17005621558 ns, Reaching safepoint: 110531 ns, At safepoint: 5770 ns, Total: 116301 ns
[2021-05-07T01:36:27.052+0000][7][safepoint   ] Safepoint "Cleanup", Time since last: 2000526075 ns, Reaching safepoint: 100698 ns, At safepoint: 7333 ns, Total: 108031 ns
[2021-05-07T01:36:35.055+0000][7][safepoint   ] Safepoint "Cleanup", Time since last: 8002746982 ns, Reaching safepoint: 106694 ns, At safepoint: 5092 ns, Total: 111786 ns
[2021-05-07T01:36:37.056+0000][7][safepoint   ] Safepoint "Cleanup", Time since last: 2000876015 ns, Reaching safepoint: 106814 ns, At safepoint: 5530 ns, Total: 112344 ns
[2021-05-07T01:36:38.056+0000][7][safepoint   ] Safepoint "Cleanup", Time since last: 1000512275 ns, Reaching safepoint: 90384 ns, At safepoint: 4519 ns, Total: 94903 ns
[2021-05-07T01:36:47.060+0000][7][safepoint   ] Safepoint "Cleanup", Time since last: 9003251275 ns, Reaching safepoint: 98241 ns, At safepoint: 5471 ns, Total: 103712 ns
[2021-05-07T01:36:55.061+0000][7][safepoint   ] Safepoint "Cleanup", Time since last: 8001486611 ns, Reaching safepoint: 100955 ns, At safepoint: 7415 ns, Total: 108370 ns
[2021-05-07T01:36:57.062+0000][7][safepoint   ] Safepoint "Cleanup", Time since last: 2000931760 ns, Reaching safepoint: 100888 ns, At safepoint: 4297 ns, Total: 105185 ns
[2021-05-07T01:37:05.065+0000][7][safepoint   ] Safepoint "Cleanup", Time since last: 8002484265 ns, Reaching safepoint: 107542 ns, At safepoint: 5351 ns, Total: 112893 ns
[2021-05-07T01:37:08.066+0000][7][safepoint   ] Safepoint "Cleanup", Time since last: 3000549531 ns, Reaching safepoint: 84381 ns, At safepoint: 5733 ns, Total: 90114 ns
[2021-05-07T01:37:09.066+0000][7][safepoint   ] Safepoint "Cleanup", Time since last: 1000315537 ns, Reaching safepoint: 144063 ns, At safepoint: 6082 ns, Total: 150145 ns
[2021-05-07T01:37:27.070+0000][7][safepoint   ] Safepoint "Cleanup", Time since last: 18003977978 ns, Reaching safepoint: 92237 ns, At safepoint: 5702 ns, Total: 97939 ns
[2021-05-07T01:37:31.072+0000][7][safepoint   ] Safepoint "Cleanup", Time since last: 4001462030 ns, Reaching safepoint: 108625 ns, At safepoint: 5778 ns, Total: 114403 ns
[2021-05-07T01:37:38.074+0000][7][safepoint   ] Safepoint "Cleanup", Time since last: 7002014369 ns, Reaching safepoint: 100317 ns, At safepoint: 5886 ns, Total: 106203 ns
[2021-05-07T01:37:45.077+0000][7][safepoint   ] Safepoint "Cleanup", Time since last: 7003049758 ns, Reaching safepoint: 88337 ns, At safepoint: 6375 ns, Total: 94712 ns
[2021-05-07T01:37:49.557+0000][7][gc,start    ] GC(60) Pause Young (Concurrent Start) (G1 Evacuation Pause)
[2021-05-07T01:37:49.558+0000][7][gc,task     ] GC(60) Using 6 workers of 8 for evacuation
[2021-05-07T01:37:49.558+0000][7][gc,age      ] GC(60) Desired survivor size 6291456 bytes, new threshold 15 (max threshold 15)
[2021-05-07T01:37:49.560+0000][7][gc,age      ] GC(60) Age table with threshold 15 (max threshold 15)
[2021-05-07T01:37:49.560+0000][7][gc,age      ] GC(60) - age   1:     522144 bytes,     522144 total
[2021-05-07T01:37:49.560+0000][7][gc,age      ] GC(60) - age   2:      11008 bytes,     533152 total
[2021-05-07T01:37:49.560+0000][7][gc,age      ] GC(60) - age   3:     192104 bytes,     725256 total
[2021-05-07T01:37:49.560+0000][7][gc,age      ] GC(60) - age   4:      25664 bytes,     750920 total
[2021-05-07T01:37:49.560+0000][7][gc,age      ] GC(60) - age   5:       3720 bytes,     754640 total
[2021-05-07T01:37:49.560+0000][7][gc,age      ] GC(60) - age   6:       2704 bytes,     757344 total
[2021-05-07T01:37:49.560+0000][7][gc,age      ] GC(60) - age   7:       7520 bytes,     764864 total
[2021-05-07T01:37:49.560+0000][7][gc,age      ] GC(60) - age   8:      10976 bytes,     775840 total
[2021-05-07T01:37:49.560+0000][7][gc,age      ] GC(60) - age   9:       4136 bytes,     779976 total
[2021-05-07T01:37:49.560+0000][7][gc,age      ] GC(60) - age  10:      11256 bytes,     791232 total
[2021-05-07T01:37:49.560+0000][7][gc,age      ] GC(60) - age  11:       6760 bytes,     797992 total
[2021-05-07T01:37:49.561+0000][7][gc,age      ] GC(60) - age  12:      42232 bytes,     840224 total
[2021-05-07T01:37:49.561+0000][7][gc,age      ] GC(60) - age  13:      44256 bytes,     884480 total
[2021-05-07T01:37:49.561+0000][7][gc,age      ] GC(60) - age  14:      23704 bytes,     908184 total
[2021-05-07T01:37:49.561+0000][7][gc,age      ] GC(60) - age  15:     769240 bytes,    1677424 total
[2021-05-07T01:37:49.561+0000][7][gc,phases   ] GC(60)   Pre Evacuate Collection Set: 0.1ms
[2021-05-07T01:37:49.561+0000][7][gc,phases   ] GC(60)   Merge Heap Roots: 0.1ms
[2021-05-07T01:37:49.561+0000][7][gc,phases   ] GC(60)   Evacuate Collection Set: 2.1ms
[2021-05-07T01:37:49.561+0000][7][gc,phases   ] GC(60)   Post Evacuate Collection Set: 0.5ms
[2021-05-07T01:37:49.561+0000][7][gc,phases   ] GC(60)   Other: 0.3ms
[2021-05-07T01:37:49.561+0000][7][gc,heap     ] GC(60) Eden regions: 23->0(23)
[2021-05-07T01:37:49.561+0000][7][gc,heap     ] GC(60) Survivor regions: 1->1(3)
[2021-05-07T01:37:49.561+0000][7][gc,heap     ] GC(60) Old regions: 25->25
[2021-05-07T01:37:49.561+0000][7][gc,heap     ] GC(60) Archive regions: 2->2
[2021-05-07T01:37:49.561+0000][7][gc,heap     ] GC(60) Humongous regions: 2->2
[2021-05-07T01:37:49.561+0000][7][gc,metaspace] GC(60) Metaspace: 106549K(111304K)->106549K(111304K) NonClass: 92664K(96072K)->92664K(96072K) Class: 13885K(15232K)->13885K(15232K)
[2021-05-07T01:37:49.561+0000][7][gc          ] GC(60) Pause Young (Concurrent Start) (G1 Evacuation Pause) 204M->112M(256M) 3.152ms
[2021-05-07T01:37:49.561+0000][7][gc,cpu      ] GC(60) User=0.01s Sys=0.00s Real=0.00s
[2021-05-07T01:37:49.561+0000][7][safepoint   ] Safepoint "G1CollectForAllocation", Time since last: 4480241349 ns, Reaching safepoint: 109458 ns, At safepoint: 3223225 ns, Total: 3332683 ns
[2021-05-07T01:37:49.561+0000][7][gc          ] GC(61) Concurrent Cycle
[2021-05-07T01:37:49.561+0000][7][gc,marking  ] GC(61) Concurrent Clear Claimed Marks
[2021-05-07T01:37:49.561+0000][7][gc,marking  ] GC(61) Concurrent Clear Claimed Marks 0.065ms
[2021-05-07T01:37:49.561+0000][7][gc,marking  ] GC(61) Concurrent Scan Root Regions
[2021-05-07T01:37:49.563+0000][7][gc,marking  ] GC(61) Concurrent Scan Root Regions 1.932ms
[2021-05-07T01:37:49.563+0000][7][gc,marking  ] GC(61) Concurrent Mark (2172.097s)
[2021-05-07T01:37:49.563+0000][7][gc,marking  ] GC(61) Concurrent Mark From Roots
[2021-05-07T01:37:49.563+0000][7][gc,task     ] GC(61) Using 2 workers of 2 for marking
[2021-05-07T01:37:49.643+0000][7][gc,marking  ] GC(61) Concurrent Mark From Roots 80.222ms
[2021-05-07T01:37:49.643+0000][7][gc,marking  ] GC(61) Concurrent Preclean
[2021-05-07T01:37:49.643+0000][7][gc,marking  ] GC(61) Concurrent Preclean 0.244ms
[2021-05-07T01:37:49.643+0000][7][gc,marking  ] GC(61) Concurrent Mark (2172.097s, 2172.177s) 80.518ms
[2021-05-07T01:37:49.643+0000][7][gc,start    ] GC(61) Pause Remark
[2021-05-07T01:37:49.648+0000][7][gc          ] GC(61) Pause Remark 112M->112M(256M) 4.705ms
[2021-05-07T01:37:49.648+0000][7][gc,cpu      ] GC(61) User=0.03s Sys=0.00s Real=0.00s
[2021-05-07T01:37:49.648+0000][7][safepoint   ] Safepoint "G1Concurrent", Time since last: 82657284 ns, Reaching safepoint: 104664 ns, At safepoint: 4782995 ns, Total: 4887659 ns
[2021-05-07T01:37:49.648+0000][7][gc,marking  ] GC(61) Concurrent Rebuild Remembered Sets
[2021-05-07T01:37:49.703+0000][7][gc,marking  ] GC(61) Concurrent Rebuild Remembered Sets 54.642ms
[2021-05-07T01:37:49.703+0000][7][gc,start    ] GC(61) Pause Cleanup
[2021-05-07T01:37:49.703+0000][7][gc          ] GC(61) Pause Cleanup 113M->113M(256M) 0.066ms
[2021-05-07T01:37:49.703+0000][7][gc,cpu      ] GC(61) User=0.00s Sys=0.00s Real=0.00s
[2021-05-07T01:37:49.703+0000][7][safepoint   ] Safepoint "G1Concurrent", Time since last: 54746374 ns, Reaching safepoint: 104281 ns, At safepoint: 106040 ns, Total: 210321 ns
[2021-05-07T01:37:49.703+0000][7][gc,marking  ] GC(61) Concurrent Cleanup for Next Mark
[2021-05-07T01:37:49.703+0000][7][gc,marking  ] GC(61) Concurrent Cleanup for Next Mark 0.161ms
[2021-05-07T01:37:49.703+0000][7][gc          ] GC(61) Concurrent Cycle 142.705ms
[2021-05-07T01:37:57.705+0000][7][safepoint   ] Safepoint "Cleanup", Time since last: 8002062570 ns, Reaching safepoint: 104197 ns, At safepoint: 4850 ns, Total: 109047 ns
[2021-05-07T01:38:04.707+0000][7][safepoint   ] Safepoint "Cleanup", Time since last: 7001522523 ns, Reaching safepoint: 74263 ns, At safepoint: 6830 ns, Total: 81093 ns
[2021-05-07T01:38:07.708+0000][7][safepoint   ] Safepoint "Cleanup", Time since last: 3000935845 ns, Reaching safepoint: 96912 ns, At safepoint: 5426 ns, Total: 102338 ns
[2021-05-07T01:38:08.709+0000][7][safepoint   ] Safepoint "Cleanup", Time since last: 1000490189 ns, Reaching safepoint: 113918 ns, At safepoint: 5470 ns, Total: 119388 ns
[2021-05-07T01:38:14.710+0000][7][safepoint   ] Safepoint "Cleanup", Time since last: 6001263108 ns, Reaching safepoint: 103180 ns, At safepoint: 5217 ns, Total: 108397 ns
[2021-05-07T01:38:16.711+0000][7][safepoint   ] Safepoint "Cleanup", Time since last: 2000902854 ns, Reaching safepoint: 100729 ns, At safepoint: 6127 ns, Total: 106856 ns
[2021-05-07T01:38:22.713+0000][7][safepoint   ] Safepoint "Cleanup", Time since last: 6001773660 ns, Reaching safepoint: 182358 ns, At safepoint: 6142 ns, Total: 188500 ns
[2021-05-07T01:38:38.717+0000][7][safepoint   ] Safepoint "Cleanup", Time since last: 16004180410 ns, Reaching safepoint: 153825 ns, At safepoint: 5437 ns, Total: 159262 ns
[2021-05-07T01:38:42.719+0000][7][safepoint   ] Safepoint "Cleanup", Time since last: 4001343172 ns, Reaching safepoint: 105573 ns, At safepoint: 5639 ns, Total: 111212 ns
[2021-05-07T01:39:05.724+0000][7][safepoint   ] Safepoint "Cleanup", Time since last: 23004859143 ns, Reaching safepoint: 80288 ns, At safepoint: 7414 ns, Total: 87702 ns
[2021-05-07T01:39:07.724+0000][7][safepoint   ] Safepoint "Cleanup", Time since last: 2000377095 ns, Reaching safepoint: 96339 ns, At safepoint: 5554 ns, Total: 101893 ns
[2021-05-07T01:39:08.724+0000][7][safepoint   ] Safepoint "Cleanup", Time since last: 1000092344 ns, Reaching safepoint: 67824 ns, At safepoint: 5073 ns, Total: 72897 ns
[2021-05-07T01:39:37.728+0000][7][safepoint   ] Safepoint "Cleanup", Time since last: 29004078502 ns, Reaching safepoint: 60081 ns, At safepoint: 4722 ns, Total: 64803 ns
[2021-05-07T01:39:38.729+0000][7][safepoint   ] Safepoint "Cleanup", Time since last: 1000088312 ns, Reaching safepoint: 81522 ns, At safepoint: 6360 ns, Total: 87882 ns
[2021-05-07T01:40:04.731+0000][7][safepoint   ] Safepoint "Cleanup", Time since last: 26002735757 ns, Reaching safepoint: 88123 ns, At safepoint: 5270 ns, Total: 93393 ns
[2021-05-07T01:40:12.713+0000][7][gc,start    ] GC(62) Pause Young (Normal) (G1 Evacuation Pause)
[2021-05-07T01:40:12.713+0000][7][gc,task     ] GC(62) Using 6 workers of 8 for evacuation
[2021-05-07T01:40:12.713+0000][7][gc,age      ] GC(62) Desired survivor size 6291456 bytes, new threshold 15 (max threshold 15)
[2021-05-07T01:40:12.715+0000][7][gc,age      ] GC(62) Age table with threshold 15 (max threshold 15)
[2021-05-07T01:40:12.715+0000][7][gc,age      ] GC(62) - age   1:     511104 bytes,     511104 total
[2021-05-07T01:40:12.715+0000][7][gc,age      ] GC(62) - age   2:       7488 bytes,     518592 total
[2021-05-07T01:40:12.715+0000][7][gc,age      ] GC(62) - age   3:      10888 bytes,     529480 total
[2021-05-07T01:40:12.715+0000][7][gc,age      ] GC(62) - age   4:     191880 bytes,     721360 total
[2021-05-07T01:40:12.715+0000][7][gc,age      ] GC(62) - age   5:      25664 bytes,     747024 total
[2021-05-07T01:40:12.715+0000][7][gc,age      ] GC(62) - age   6:       3648 bytes,     750672 total
[2021-05-07T01:40:12.715+0000][7][gc,age      ] GC(62) - age   7:       2704 bytes,     753376 total
[2021-05-07T01:40:12.715+0000][7][gc,age      ] GC(62) - age   8:       7520 bytes,     760896 total
[2021-05-07T01:40:12.715+0000][7][gc,age      ] GC(62) - age   9:      10976 bytes,     771872 total
[2021-05-07T01:40:12.715+0000][7][gc,age      ] GC(62) - age  10:       4136 bytes,     776008 total
[2021-05-07T01:40:12.715+0000][7][gc,age      ] GC(62) - age  11:      11256 bytes,     787264 total
[2021-05-07T01:40:12.715+0000][7][gc,age      ] GC(62) - age  12:       6712 bytes,     793976 total
[2021-05-07T01:40:12.715+0000][7][gc,age      ] GC(62) - age  13:      42232 bytes,     836208 total
[2021-05-07T01:40:12.715+0000][7][gc,age      ] GC(62) - age  14:      44256 bytes,     880464 total
[2021-05-07T01:40:12.715+0000][7][gc,age      ] GC(62) - age  15:      23664 bytes,     904128 total
[2021-05-07T01:40:12.715+0000][7][gc,phases   ] GC(62)   Pre Evacuate Collection Set: 0.0ms
[2021-05-07T01:40:12.715+0000][7][gc,phases   ] GC(62)   Merge Heap Roots: 0.1ms
[2021-05-07T01:40:12.715+0000][7][gc,phases   ] GC(62)   Evacuate Collection Set: 2.3ms
[2021-05-07T01:40:12.715+0000][7][gc,phases   ] GC(62)   Post Evacuate Collection Set: 0.3ms
[2021-05-07T01:40:12.715+0000][7][gc,phases   ] GC(62)   Other: 0.2ms
[2021-05-07T01:40:12.715+0000][7][gc,heap     ] GC(62) Eden regions: 23->0(23)
[2021-05-07T01:40:12.715+0000][7][gc,heap     ] GC(62) Survivor regions: 1->1(3)
[2021-05-07T01:40:12.715+0000][7][gc,heap     ] GC(62) Old regions: 25->25
[2021-05-07T01:40:12.716+0000][7][gc,heap     ] GC(62) Archive regions: 2->2
[2021-05-07T01:40:12.716+0000][7][gc,heap     ] GC(62) Humongous regions: 2->2
[2021-05-07T01:40:12.716+0000][7][gc,metaspace] GC(62) Metaspace: 106594K(111304K)->106594K(111304K) NonClass: 92708K(96072K)->92708K(96072K) Class: 13885K(15232K)->13885K(15232K)
[2021-05-07T01:40:12.716+0000][7][gc          ] GC(62) Pause Young (Normal) (G1 Evacuation Pause) 204M->112M(256M) 3.002ms
[2021-05-07T01:40:12.716+0000][7][gc,cpu      ] GC(62) User=0.01s Sys=0.00s Real=0.00s
[2021-05-07T01:40:12.716+0000][7][safepoint   ] Safepoint "G1CollectForAllocation", Time since last: 7980947662 ns, Reaching safepoint: 69966 ns, At safepoint: 3065042 ns, Total: 3135008 ns
[2021-05-07T01:40:21.716+0000][7][safepoint   ] Safepoint "Cleanup", Time since last: 9000693309 ns, Reaching safepoint: 90257 ns, At safepoint: 6424 ns, Total: 96681 ns
[2021-05-07T01:40:38.719+0000][7][safepoint   ] Safepoint "Cleanup", Time since last: 17002760364 ns, Reaching safepoint: 87404 ns, At safepoint: 5241 ns, Total: 92645 ns
[2021-05-07T01:40:39.719+0000][7][safepoint   ] Safepoint "Cleanup", Time since last: 1000191993 ns, Reaching safepoint: 85053 ns, At safepoint: 6297 ns, Total: 91350 ns
[2021-05-07T01:41:01.721+0000][7][safepoint   ] Safepoint "Cleanup", Time since last: 22001841902 ns, Reaching safepoint: 74243 ns, At safepoint: 6063 ns, Total: 80306 ns
[2021-05-07T01:41:04.722+0000][7][safepoint   ] Safepoint "Cleanup", Time since last: 3000461981 ns, Reaching safepoint: 82541 ns, At safepoint: 8230 ns, Total: 90771 ns
[2021-05-07T01:41:08.723+0000][7][safepoint   ] Safepoint "Cleanup", Time since last: 4000577484 ns, Reaching safepoint: 121428 ns, At safepoint: 4864 ns, Total: 126292 ns
[2021-05-07T01:41:14.724+0000][7][safepoint   ] Safepoint "Cleanup", Time since last: 6000827058 ns, Reaching safepoint: 115894 ns, At safepoint: 6244 ns, Total: 122138 ns
[2021-05-07T01:41:38.727+0000][7][safepoint   ] Safepoint "Cleanup", Time since last: 24003177141 ns, Reaching safepoint: 102108 ns, At safepoint: 3840 ns, Total: 105948 ns
[2021-05-07T01:42:01.729+0000][7][safepoint   ] Safepoint "Cleanup", Time since last: 23002317377 ns, Reaching safepoint: 111768 ns, At safepoint: 5837 ns, Total: 117605 ns
[2021-05-07T01:42:04.730+0000][7][safepoint   ] Safepoint "Cleanup", Time since last: 3000623410 ns, Reaching safepoint: 119530 ns, At safepoint: 6958 ns, Total: 126488 ns
[2021-05-07T01:42:05.363+0000][7][gc,start    ] GC(63) Pause Young (Concurrent Start) (G1 Evacuation Pause)
[2021-05-07T01:42:05.363+0000][7][gc,task     ] GC(63) Using 6 workers of 8 for evacuation
[2021-05-07T01:42:05.363+0000][7][gc,age      ] GC(63) Desired survivor size 6291456 bytes, new threshold 15 (max threshold 15)
[2021-05-07T01:42:05.366+0000][7][gc,age      ] GC(63) Age table with threshold 15 (max threshold 15)
[2021-05-07T01:42:05.366+0000][7][gc,age      ] GC(63) - age   1:     789144 bytes,     789144 total
[2021-05-07T01:42:05.366+0000][7][gc,age      ] GC(63) - age   2:       1000 bytes,     790144 total
[2021-05-07T01:42:05.366+0000][7][gc,age      ] GC(63) - age   3:       7264 bytes,     797408 total
[2021-05-07T01:42:05.366+0000][7][gc,age      ] GC(63) - age   4:      10600 bytes,     808008 total
[2021-05-07T01:42:05.366+0000][7][gc,age      ] GC(63) - age   5:      14240 bytes,     822248 total
[2021-05-07T01:42:05.366+0000][7][gc,age      ] GC(63) - age   6:      25664 bytes,     847912 total
[2021-05-07T01:42:05.366+0000][7][gc,age      ] GC(63) - age   7:       3648 bytes,     851560 total
[2021-05-07T01:42:05.366+0000][7][gc,age      ] GC(63) - age   8:       2680 bytes,     854240 total
[2021-05-07T01:42:05.366+0000][7][gc,age      ] GC(63) - age   9:       7520 bytes,     861760 total
[2021-05-07T01:42:05.366+0000][7][gc,age      ] GC(63) - age  10:      10000 bytes,     871760 total
[2021-05-07T01:42:05.366+0000][7][gc,age      ] GC(63) - age  11:       4136 bytes,     875896 total
[2021-05-07T01:42:05.366+0000][7][gc,age      ] GC(63) - age  12:      11232 bytes,     887128 total
[2021-05-07T01:42:05.366+0000][7][gc,age      ] GC(63) - age  13:       6712 bytes,     893840 total
[2021-05-07T01:42:05.366+0000][7][gc,age      ] GC(63) - age  14:      42232 bytes,     936072 total
[2021-05-07T01:42:05.366+0000][7][gc,age      ] GC(63) - age  15:      44016 bytes,     980088 total
[2021-05-07T01:42:05.366+0000][7][gc,phases   ] GC(63)   Pre Evacuate Collection Set: 0.1ms
[2021-05-07T01:42:05.366+0000][7][gc,phases   ] GC(63)   Merge Heap Roots: 0.1ms
[2021-05-07T01:42:05.366+0000][7][gc,phases   ] GC(63)   Evacuate Collection Set: 1.8ms
[2021-05-07T01:42:05.366+0000][7][gc,phases   ] GC(63)   Post Evacuate Collection Set: 0.4ms
[2021-05-07T01:42:05.366+0000][7][gc,phases   ] GC(63)   Other: 0.3ms
[2021-05-07T01:42:05.366+0000][7][gc,heap     ] GC(63) Eden regions: 23->0(23)
[2021-05-07T01:42:05.366+0000][7][gc,heap     ] GC(63) Survivor regions: 1->1(3)
[2021-05-07T01:42:05.366+0000][7][gc,heap     ] GC(63) Old regions: 25->25
[2021-05-07T01:42:05.366+0000][7][gc,heap     ] GC(63) Archive regions: 2->2
[2021-05-07T01:42:05.366+0000][7][gc,heap     ] GC(63) Humongous regions: 2->2
[2021-05-07T01:42:05.366+0000][7][gc,metaspace] GC(63) Metaspace: 106652K(111304K)->106652K(111304K) NonClass: 92765K(96072K)->92765K(96072K) Class: 13886K(15232K)->13886K(15232K)
[2021-05-07T01:42:05.366+0000][7][gc          ] GC(63) Pause Young (Concurrent Start) (G1 Evacuation Pause) 204M->112M(256M) 2.874ms
[2021-05-07T01:42:05.366+0000][7][gc,cpu      ] GC(63) User=0.01s Sys=0.00s Real=0.00s
[2021-05-07T01:42:05.366+0000][7][gc          ] GC(64) Concurrent Cycle
[2021-05-07T01:42:05.366+0000][7][safepoint   ] Safepoint "G1CollectForAllocation", Time since last: 632867494 ns, Reaching safepoint: 81878 ns, At safepoint: 2958876 ns, Total: 3040754 ns
[2021-05-07T01:42:05.366+0000][7][gc,marking  ] GC(64) Concurrent Clear Claimed Marks
[2021-05-07T01:42:05.366+0000][7][gc,marking  ] GC(64) Concurrent Clear Claimed Marks 0.089ms
[2021-05-07T01:42:05.366+0000][7][gc,marking  ] GC(64) Concurrent Scan Root Regions
[2021-05-07T01:42:05.367+0000][7][gc,marking  ] GC(64) Concurrent Scan Root Regions 1.093ms
[2021-05-07T01:42:05.367+0000][7][gc,marking  ] GC(64) Concurrent Mark (2427.901s)
[2021-05-07T01:42:05.367+0000][7][gc,marking  ] GC(64) Concurrent Mark From Roots
[2021-05-07T01:42:05.367+0000][7][gc,task     ] GC(64) Using 2 workers of 2 for marking
[2021-05-07T01:42:05.449+0000][7][gc,marking  ] GC(64) Concurrent Mark From Roots 82.094ms
[2021-05-07T01:42:05.449+0000][7][gc,marking  ] GC(64) Concurrent Preclean
[2021-05-07T01:42:05.450+0000][7][gc,marking  ] GC(64) Concurrent Preclean 0.245ms
[2021-05-07T01:42:05.450+0000][7][gc,marking  ] GC(64) Concurrent Mark (2427.901s, 2427.984s) 82.404ms
[2021-05-07T01:42:05.450+0000][7][gc,start    ] GC(64) Pause Remark
[2021-05-07T01:42:05.455+0000][7][gc          ] GC(64) Pause Remark 115M->115M(256M) 4.807ms
[2021-05-07T01:42:05.455+0000][7][gc,cpu      ] GC(64) User=0.03s Sys=0.00s Real=0.00s
[2021-05-07T01:42:05.455+0000][7][safepoint   ] Safepoint "G1Concurrent", Time since last: 83663445 ns, Reaching safepoint: 74849 ns, At safepoint: 4885611 ns, Total: 4960460 ns
[2021-05-07T01:42:05.455+0000][7][gc,marking  ] GC(64) Concurrent Rebuild Remembered Sets
[2021-05-07T01:42:05.516+0000][7][gc,marking  ] GC(64) Concurrent Rebuild Remembered Sets 61.679ms
[2021-05-07T01:42:05.517+0000][7][gc,start    ] GC(64) Pause Cleanup
[2021-05-07T01:42:05.517+0000][7][gc          ] GC(64) Pause Cleanup 115M->115M(256M) 0.084ms
[2021-05-07T01:42:05.517+0000][7][gc,cpu      ] GC(64) User=0.00s Sys=0.00s Real=0.01s
[2021-05-07T01:42:05.517+0000][7][safepoint   ] Safepoint "G1Concurrent", Time since last: 61793034 ns, Reaching safepoint: 88419 ns, At safepoint: 140009 ns, Total: 228428 ns
[2021-05-07T01:42:05.517+0000][7][gc,marking  ] GC(64) Concurrent Cleanup for Next Mark
[2021-05-07T01:42:05.517+0000][7][gc,marking  ] GC(64) Concurrent Cleanup for Next Mark 0.153ms
[2021-05-07T01:42:05.517+0000][7][gc          ] GC(64) Concurrent Cycle 150.888ms
[2021-05-07T01:42:06.517+0000][7][safepoint   ] Safepoint "Cleanup", Time since last: 1000074962 ns, Reaching safepoint: 82888 ns, At safepoint: 5058 ns, Total: 87946 ns
[2021-05-07T01:42:07.517+0000][7][safepoint   ] Safepoint "Cleanup", Time since last: 1000091295 ns, Reaching safepoint: 67136 ns, At safepoint: 5050 ns, Total: 72186 ns
[2021-05-07T01:42:08.517+0000][7][safepoint   ] Safepoint "Cleanup", Time since last: 1000091648 ns, Reaching safepoint: 71094 ns, At safepoint: 4578 ns, Total: 75672 ns
[2021-05-07T01:42:37.520+0000][7][safepoint   ] Safepoint "Cleanup", Time since last: 29002790212 ns, Reaching safepoint: 71227 ns, At safepoint: 5709 ns, Total: 76936 ns
[2021-05-07T01:43:38.526+0000][7][safepoint   ] Safepoint "Cleanup", Time since last: 61006206460 ns, Reaching safepoint: 66586 ns, At safepoint: 5387 ns, Total: 71973 ns
[2021-05-07T01:43:40.527+0000][7][safepoint   ] Safepoint "Cleanup", Time since last: 2000256437 ns, Reaching safepoint: 104574 ns, At safepoint: 10148 ns, Total: 114722 ns
[2021-05-07T01:43:57.597+0000][7][safepoint   ] Safepoint "Cleanup", Time since last: 17070139727 ns, Reaching safepoint: 131512 ns, At safepoint: 7386 ns, Total: 138898 ns
[2021-05-07T01:44:05.598+0000][7][safepoint   ] Safepoint "Cleanup", Time since last: 8000934373 ns, Reaching safepoint: 122260 ns, At safepoint: 5522 ns, Total: 127782 ns
[2021-05-07T01:44:13.853+0000][7][safepoint   ] Safepoint "Cleanup", Time since last: 8254932864 ns, Reaching safepoint: 84228 ns, At safepoint: 5383 ns, Total: 89611 ns
[2021-05-07T01:44:27.113+0000][7][gc,start    ] GC(65) Pause Young (Normal) (G1 Evacuation Pause)
[2021-05-07T01:44:27.113+0000][7][gc,task     ] GC(65) Using 6 workers of 8 for evacuation
[2021-05-07T01:44:27.113+0000][7][gc,age      ] GC(65) Desired survivor size 6291456 bytes, new threshold 15 (max threshold 15)
[2021-05-07T01:44:27.115+0000][7][gc,age      ] GC(65) Age table with threshold 15 (max threshold 15)
[2021-05-07T01:44:27.115+0000][7][gc,age      ] GC(65) - age   1:     514240 bytes,     514240 total
[2021-05-07T01:44:27.115+0000][7][gc,age      ] GC(65) - age   2:     277152 bytes,     791392 total
[2021-05-07T01:44:27.115+0000][7][gc,age      ] GC(65) - age   3:        856 bytes,     792248 total
[2021-05-07T01:44:27.116+0000][7][gc,age      ] GC(65) - age   4:       7240 bytes,     799488 total
[2021-05-07T01:44:27.116+0000][7][gc,age      ] GC(65) - age   5:      10600 bytes,     810088 total
[2021-05-07T01:44:27.116+0000][7][gc,age      ] GC(65) - age   6:      13944 bytes,     824032 total
[2021-05-07T01:44:27.116+0000][7][gc,age      ] GC(65) - age   7:      25664 bytes,     849696 total
[2021-05-07T01:44:27.116+0000][7][gc,age      ] GC(65) - age   8:       3648 bytes,     853344 total
[2021-05-07T01:44:27.116+0000][7][gc,age      ] GC(65) - age   9:       2656 bytes,     856000 total
[2021-05-07T01:44:27.116+0000][7][gc,age      ] GC(65) - age  10:       7520 bytes,     863520 total
[2021-05-07T01:44:27.116+0000][7][gc,age      ] GC(65) - age  11:      10000 bytes,     873520 total
[2021-05-07T01:44:27.116+0000][7][gc,age      ] GC(65) - age  12:       4112 bytes,     877632 total
[2021-05-07T01:44:27.116+0000][7][gc,age      ] GC(65) - age  13:      11176 bytes,     888808 total
[2021-05-07T01:44:27.116+0000][7][gc,age      ] GC(65) - age  14:       6712 bytes,     895520 total
[2021-05-07T01:44:27.116+0000][7][gc,age      ] GC(65) - age  15:      42232 bytes,     937752 total
[2021-05-07T01:44:27.116+0000][7][gc,phases   ] GC(65)   Pre Evacuate Collection Set: 0.0ms
[2021-05-07T01:44:27.116+0000][7][gc,phases   ] GC(65)   Merge Heap Roots: 0.0ms
[2021-05-07T01:44:27.116+0000][7][gc,phases   ] GC(65)   Evacuate Collection Set: 1.7ms
[2021-05-07T01:44:27.116+0000][7][gc,phases   ] GC(65)   Post Evacuate Collection Set: 0.4ms
[2021-05-07T01:44:27.116+0000][7][gc,phases   ] GC(65)   Other: 0.2ms
[2021-05-07T01:44:27.116+0000][7][gc,heap     ] GC(65) Eden regions: 23->0(23)
[2021-05-07T01:44:27.116+0000][7][gc,heap     ] GC(65) Survivor regions: 1->1(3)
[2021-05-07T01:44:27.116+0000][7][gc,heap     ] GC(65) Old regions: 25->25
[2021-05-07T01:44:27.116+0000][7][gc,heap     ] GC(65) Archive regions: 2->2
[2021-05-07T01:44:27.116+0000][7][gc,heap     ] GC(65) Humongous regions: 2->2
[2021-05-07T01:44:27.116+0000][7][gc,metaspace] GC(65) Metaspace: 106696K(111304K)->106696K(111304K) NonClass: 92809K(96072K)->92809K(96072K) Class: 13886K(15232K)->13886K(15232K)
[2021-05-07T01:44:27.116+0000][7][gc          ] GC(65) Pause Young (Normal) (G1 Evacuation Pause) 204M->112M(256M) 2.444ms
[2021-05-07T01:44:27.116+0000][7][gc,cpu      ] GC(65) User=0.01s Sys=0.00s Real=0.00s
[2021-05-07T01:44:27.116+0000][7][safepoint   ] Safepoint "G1CollectForAllocation", Time since last: 13260084339 ns, Reaching safepoint: 77254 ns, At safepoint: 2505802 ns, Total: 2583056 ns
[2021-05-07T01:44:31.116+0000][7][safepoint   ] Safepoint "Cleanup", Time since last: 4000261130 ns, Reaching safepoint: 74292 ns, At safepoint: 6090 ns, Total: 80382 ns
[2021-05-07T01:44:38.117+0000][7][safepoint   ] Safepoint "Cleanup", Time since last: 7000760853 ns, Reaching safepoint: 61443 ns, At safepoint: 4158 ns, Total: 65601 ns
[2021-05-07T01:44:48.118+0000][7][safepoint   ] Safepoint "Cleanup", Time since last: 10000892424 ns, Reaching safepoint: 76003 ns, At safepoint: 6675 ns, Total: 82678 ns
[2021-05-07T01:45:01.119+0000][7][safepoint   ] Safepoint "Cleanup", Time since last: 13001066472 ns, Reaching safepoint: 79968 ns, At safepoint: 6611 ns, Total: 86579 ns
[2021-05-07T01:45:05.120+0000][7][safepoint   ] Safepoint "Cleanup", Time since last: 4000644099 ns, Reaching safepoint: 118951 ns, At safepoint: 5387 ns, Total: 124338 ns
[2021-05-07T01:45:07.120+0000][7][safepoint   ] Safepoint "Cleanup", Time since last: 2000156849 ns, Reaching safepoint: 78324 ns, At safepoint: 5653 ns, Total: 83977 ns
[2021-05-07T01:45:08.120+0000][7][safepoint   ] Safepoint "Cleanup", Time since last: 1000090464 ns, Reaching safepoint: 64606 ns, At safepoint: 4491 ns, Total: 69097 ns
[2021-05-07T01:45:28.122+0000][7][safepoint   ] Safepoint "Cleanup", Time since last: 20002140180 ns, Reaching safepoint: 93733 ns, At safepoint: 4989 ns, Total: 98722 ns
[2021-05-07T01:45:31.123+0000][7][safepoint   ] Safepoint "Cleanup", Time since last: 3000307951 ns, Reaching safepoint: 83530 ns, At safepoint: 8352 ns, Total: 91882 ns
[2021-05-07T01:45:34.123+0000][7][safepoint   ] Safepoint "Cleanup", Time since last: 3000408487 ns, Reaching safepoint: 86379 ns, At safepoint: 5254 ns, Total: 91633 ns
[2021-05-07T01:45:35.124+0000][7][safepoint   ] Safepoint "Cleanup", Time since last: 1000272154 ns, Reaching safepoint: 82504 ns, At safepoint: 6558 ns, Total: 89062 ns
[2021-05-07T01:45:38.124+0000][7][safepoint   ] Safepoint "Cleanup", Time since last: 3000271093 ns, Reaching safepoint: 86805 ns, At safepoint: 6143 ns, Total: 92948 ns
[2021-05-07T01:45:47.125+0000][7][safepoint   ] Safepoint "Cleanup", Time since last: 9000675478 ns, Reaching safepoint: 74983 ns, At safepoint: 4763 ns, Total: 79746 ns
[2021-05-07T01:45:55.125+0000][7][safepoint   ] Safepoint "Cleanup", Time since last: 8000535110 ns, Reaching safepoint: 87572 ns, At safepoint: 4990 ns, Total: 92562 ns
[2021-05-07T01:46:05.127+0000][7][safepoint   ] Safepoint "Cleanup", Time since last: 10001047650 ns, Reaching safepoint: 129586 ns, At safepoint: 7058 ns, Total: 136644 ns
[2021-05-07T01:46:08.127+0000][7][safepoint   ] Safepoint "Cleanup", Time since last: 3000237555 ns, Reaching safepoint: 117619 ns, At safepoint: 5078 ns, Total: 122697 ns
[2021-05-07T01:46:35.131+0000][7][safepoint   ] Safepoint "Cleanup", Time since last: 27004178053 ns, Reaching safepoint: 90258 ns, At safepoint: 10270 ns, Total: 100528 ns
[2021-05-07T01:46:36.131+0000][7][safepoint   ] Safepoint "Cleanup", Time since last: 1000113042 ns, Reaching safepoint: 102135 ns, At safepoint: 7041 ns, Total: 109176 ns
[2021-05-07T01:46:45.132+0000][7][safepoint   ] Safepoint "Cleanup", Time since last: 9000744040 ns, Reaching safepoint: 92992 ns, At safepoint: 8454 ns, Total: 101446 ns
[2021-05-07T01:46:54.225+0000][7][gc,start    ] GC(66) Pause Young (Concurrent Start) (G1 Evacuation Pause)
[2021-05-07T01:46:54.225+0000][7][gc,task     ] GC(66) Using 6 workers of 8 for evacuation
[2021-05-07T01:46:54.225+0000][7][gc,age      ] GC(66) Desired survivor size 6291456 bytes, new threshold 15 (max threshold 15)
[2021-05-07T01:46:54.228+0000][7][gc,age      ] GC(66) Age table with threshold 15 (max threshold 15)
[2021-05-07T01:46:54.228+0000][7][gc,age      ] GC(66) - age   1:     510088 bytes,     510088 total
[2021-05-07T01:46:54.228+0000][7][gc,age      ] GC(66) - age   2:       4200 bytes,     514288 total
[2021-05-07T01:46:54.228+0000][7][gc,age      ] GC(66) - age   3:     155400 bytes,     669688 total
[2021-05-07T01:46:54.228+0000][7][gc,age      ] GC(66) - age   4:        760 bytes,     670448 total
[2021-05-07T01:46:54.228+0000][7][gc,age      ] GC(66) - age   5:       7240 bytes,     677688 total
[2021-05-07T01:46:54.228+0000][7][gc,age      ] GC(66) - age   6:      10600 bytes,     688288 total
[2021-05-07T01:46:54.228+0000][7][gc,age      ] GC(66) - age   7:      13824 bytes,     702112 total
[2021-05-07T01:46:54.228+0000][7][gc,age      ] GC(66) - age   8:      25664 bytes,     727776 total
[2021-05-07T01:46:54.228+0000][7][gc,age      ] GC(66) - age   9:       3648 bytes,     731424 total
[2021-05-07T01:46:54.228+0000][7][gc,age      ] GC(66) - age  10:       2656 bytes,     734080 total
[2021-05-07T01:46:54.228+0000][7][gc,age      ] GC(66) - age  11:       7520 bytes,     741600 total
[2021-05-07T01:46:54.228+0000][7][gc,age      ] GC(66) - age  12:      10000 bytes,     751600 total
[2021-05-07T01:46:54.228+0000][7][gc,age      ] GC(66) - age  13:       4112 bytes,     755712 total
[2021-05-07T01:46:54.228+0000][7][gc,age      ] GC(66) - age  14:      11176 bytes,     766888 total
[2021-05-07T01:46:54.228+0000][7][gc,age      ] GC(66) - age  15:       6712 bytes,     773600 total
[2021-05-07T01:46:54.228+0000][7][gc,phases   ] GC(66)   Pre Evacuate Collection Set: 0.1ms
[2021-05-07T01:46:54.228+0000][7][gc,phases   ] GC(66)   Merge Heap Roots: 0.1ms
[2021-05-07T01:46:54.228+0000][7][gc,phases   ] GC(66)   Evacuate Collection Set: 2.0ms
[2021-05-07T01:46:54.228+0000][7][gc,phases   ] GC(66)   Post Evacuate Collection Set: 0.5ms
[2021-05-07T01:46:54.228+0000][7][gc,phases   ] GC(66)   Other: 0.3ms
[2021-05-07T01:46:54.228+0000][7][gc,heap     ] GC(66) Eden regions: 23->0(23)
[2021-05-07T01:46:54.228+0000][7][gc,heap     ] GC(66) Survivor regions: 1->1(3)
[2021-05-07T01:46:54.228+0000][7][gc,heap     ] GC(66) Old regions: 25->25
[2021-05-07T01:46:54.228+0000][7][gc,heap     ] GC(66) Archive regions: 2->2
[2021-05-07T01:46:54.228+0000][7][gc,heap     ] GC(66) Humongous regions: 2->2
[2021-05-07T01:46:54.228+0000][7][gc,metaspace] GC(66) Metaspace: 106776K(111560K)->106776K(111560K) NonClass: 92890K(96328K)->92890K(96328K) Class: 13886K(15232K)->13886K(15232K)
[2021-05-07T01:46:54.228+0000][7][gc          ] GC(66) Pause Young (Concurrent Start) (G1 Evacuation Pause) 204M->112M(256M) 3.205ms
[2021-05-07T01:46:54.228+0000][7][gc,cpu      ] GC(66) User=0.01s Sys=0.00s Real=0.00s
[2021-05-07T01:46:54.228+0000][7][gc          ] GC(67) Concurrent Cycle
[2021-05-07T01:46:54.228+0000][7][safepoint   ] Safepoint "G1CollectForAllocation", Time since last: 9092802089 ns, Reaching safepoint: 102005 ns, At safepoint: 3295651 ns, Total: 3397656 ns
[2021-05-07T01:46:54.228+0000][7][gc,marking  ] GC(67) Concurrent Clear Claimed Marks
[2021-05-07T01:46:54.229+0000][7][gc,marking  ] GC(67) Concurrent Clear Claimed Marks 0.099ms
[2021-05-07T01:46:54.229+0000][7][gc,marking  ] GC(67) Concurrent Scan Root Regions
[2021-05-07T01:46:54.230+0000][7][gc,marking  ] GC(67) Concurrent Scan Root Regions 1.001ms
[2021-05-07T01:46:54.230+0000][7][gc,marking  ] GC(67) Concurrent Mark (2716.764s)
[2021-05-07T01:46:54.230+0000][7][gc,marking  ] GC(67) Concurrent Mark From Roots
[2021-05-07T01:46:54.230+0000][7][gc,task     ] GC(67) Using 2 workers of 2 for marking
[2021-05-07T01:46:54.342+0000][7][gc,marking  ] GC(67) Concurrent Mark From Roots 112.761ms
[2021-05-07T01:46:54.342+0000][7][gc,marking  ] GC(67) Concurrent Preclean
[2021-05-07T01:46:54.343+0000][7][gc,marking  ] GC(67) Concurrent Preclean 0.303ms
[2021-05-07T01:46:54.343+0000][7][gc,marking  ] GC(67) Concurrent Mark (2716.764s, 2716.877s) 113.122ms
[2021-05-07T01:46:54.343+0000][7][gc,start    ] GC(67) Pause Remark
[2021-05-07T01:46:54.354+0000][7][gc          ] GC(67) Pause Remark 113M->113M(256M) 11.181ms
[2021-05-07T01:46:54.354+0000][7][gc,cpu      ] GC(67) User=0.06s Sys=0.01s Real=0.01s
[2021-05-07T01:46:54.354+0000][7][safepoint   ] Safepoint "G1Concurrent", Time since last: 114294195 ns, Reaching safepoint: 89753 ns, At safepoint: 11285608 ns, Total: 11375361 ns
[2021-05-07T01:46:54.354+0000][7][gc,marking  ] GC(67) Concurrent Rebuild Remembered Sets
[2021-05-07T01:46:54.443+0000][7][gc,marking  ] GC(67) Concurrent Rebuild Remembered Sets 88.838ms
[2021-05-07T01:46:54.443+0000][7][gc,start    ] GC(67) Pause Cleanup
[2021-05-07T01:46:54.443+0000][7][gc          ] GC(67) Pause Cleanup 113M->113M(256M) 0.103ms
[2021-05-07T01:46:54.443+0000][7][gc,cpu      ] GC(67) User=0.00s Sys=0.00s Real=0.00s
[2021-05-07T01:46:54.443+0000][7][safepoint   ] Safepoint "G1Concurrent", Time since last: 88928758 ns, Reaching safepoint: 89513 ns, At safepoint: 163853 ns, Total: 253366 ns
[2021-05-07T01:46:54.443+0000][7][gc,marking  ] GC(67) Concurrent Cleanup for Next Mark
[2021-05-07T01:46:54.444+0000][7][gc,marking  ] GC(67) Concurrent Cleanup for Next Mark 0.219ms
[2021-05-07T01:46:54.444+0000][7][gc          ] GC(67) Concurrent Cycle 215.128ms
[2021-05-07T01:46:55.444+0000][7][safepoint   ] Safepoint "Cleanup", Time since last: 1000084703 ns, Reaching safepoint: 142122 ns, At safepoint: 6479 ns, Total: 148601 ns
[2021-05-07T01:46:56.444+0000][7][safepoint   ] Safepoint "Cleanup", Time since last: 1000094447 ns, Reaching safepoint: 116614 ns, At safepoint: 4336 ns, Total: 120950 ns
[2021-05-07T01:46:57.444+0000][7][safepoint   ] Safepoint "Cleanup", Time since last: 1000126966 ns, Reaching safepoint: 110964 ns, At safepoint: 5259 ns, Total: 116223 ns
[2021-05-07T01:46:58.444+0000][7][safepoint   ] Safepoint "Cleanup", Time since last: 1000110994 ns, Reaching safepoint: 128318 ns, At safepoint: 10298 ns, Total: 138616 ns
[2021-05-07T01:47:00.445+0000][7][safepoint   ] Safepoint "Cleanup", Time since last: 2000216300 ns, Reaching safepoint: 85483 ns, At safepoint: 6711 ns, Total: 92194 ns
[2021-05-07T01:47:01.445+0000][7][safepoint   ] Safepoint "Cleanup", Time since last: 1000106196 ns, Reaching safepoint: 88904 ns, At safepoint: 5566 ns, Total: 94470 ns
[2021-05-07T01:47:02.445+0000][7][safepoint   ] Safepoint "Cleanup", Time since last: 1000089308 ns, Reaching safepoint: 96950 ns, At safepoint: 5828 ns, Total: 102778 ns
[2021-05-07T01:47:05.446+0000][7][safepoint   ] Safepoint "Cleanup", Time since last: 3000367272 ns, Reaching safepoint: 209408 ns, At safepoint: 7405 ns, Total: 216813 ns
[2021-05-07T01:47:07.446+0000][7][safepoint   ] Safepoint "Cleanup", Time since last: 2000427705 ns, Reaching safepoint: 132005 ns, At safepoint: 8971 ns, Total: 140976 ns
[2021-05-07T01:47:08.446+0000][7][safepoint   ] Safepoint "Cleanup", Time since last: 1000105694 ns, Reaching safepoint: 227543 ns, At safepoint: 9662 ns, Total: 237205 ns
[2021-05-07T01:47:24.448+0000][7][safepoint   ] Safepoint "Cleanup", Time since last: 16001416973 ns, Reaching safepoint: 85630 ns, At safepoint: 13636 ns, Total: 99266 ns
[2021-05-07T01:47:27.448+0000][7][safepoint   ] Safepoint "Cleanup", Time since last: 3000262190 ns, Reaching safepoint: 75666 ns, At safepoint: 3679 ns, Total: 79345 ns
[2021-05-07T01:47:35.449+0000][7][safepoint   ] Safepoint "Cleanup", Time since last: 8000809495 ns, Reaching safepoint: 186453 ns, At safepoint: 9064 ns, Total: 195517 ns
[2021-05-07T01:47:38.450+0000][7][safepoint   ] Safepoint "Cleanup", Time since last: 3000291144 ns, Reaching safepoint: 119975 ns, At safepoint: 8157 ns, Total: 128132 ns
[2021-05-07T01:48:00.452+0000][7][safepoint   ] Safepoint "Cleanup", Time since last: 22002207794 ns, Reaching safepoint: 93276 ns, At safepoint: 4270 ns, Total: 97546 ns
[2021-05-07T01:48:05.453+0000][7][safepoint   ] Safepoint "Cleanup", Time since last: 5000620915 ns, Reaching safepoint: 84286 ns, At safepoint: 6031 ns, Total: 90317 ns
[2021-05-07T01:48:10.453+0000][7][safepoint   ] Safepoint "Cleanup", Time since last: 5000352604 ns, Reaching safepoint: 81166 ns, At safepoint: 7499 ns, Total: 88665 ns
[2021-05-07T01:48:17.454+0000][7][safepoint   ] Safepoint "Cleanup", Time since last: 7000483772 ns, Reaching safepoint: 95911 ns, At safepoint: 5306 ns, Total: 101217 ns
[2021-05-07T01:48:38.455+0000][7][safepoint   ] Safepoint "Cleanup", Time since last: 21001533910 ns, Reaching safepoint: 109890 ns, At safepoint: 6448 ns, Total: 116338 ns
[2021-05-07T01:48:56.457+0000][7][safepoint   ] Safepoint "Cleanup", Time since last: 18001517401 ns, Reaching safepoint: 78982 ns, At safepoint: 5762 ns, Total: 84744 ns
[2021-05-07T01:49:05.458+0000][7][safepoint   ] Safepoint "Cleanup", Time since last: 9000663297 ns, Reaching safepoint: 88993 ns, At safepoint: 4631 ns, Total: 93624 ns
[2021-05-07T01:49:07.906+0000][7][gc,start    ] GC(68) Pause Young (Normal) (G1 Evacuation Pause)
[2021-05-07T01:49:07.906+0000][7][gc,task     ] GC(68) Using 6 workers of 8 for evacuation
[2021-05-07T01:49:07.906+0000][7][gc,age      ] GC(68) Desired survivor size 6291456 bytes, new threshold 15 (max threshold 15)
[2021-05-07T01:49:07.908+0000][7][gc,age      ] GC(68) Age table with threshold 15 (max threshold 15)
[2021-05-07T01:49:07.908+0000][7][gc,age      ] GC(68) - age   1:     856080 bytes,     856080 total
[2021-05-07T01:49:07.908+0000][7][gc,age      ] GC(68) - age   2:       2912 bytes,     858992 total
[2021-05-07T01:49:07.908+0000][7][gc,age      ] GC(68) - age   3:       3736 bytes,     862728 total
[2021-05-07T01:49:07.908+0000][7][gc,age      ] GC(68) - age   4:     155400 bytes,    1018128 total
[2021-05-07T01:49:07.908+0000][7][gc,age      ] GC(68) - age   5:        760 bytes,    1018888 total
[2021-05-07T01:49:07.908+0000][7][gc,age      ] GC(68) - age   6:       7240 bytes,    1026128 total
[2021-05-07T01:49:07.908+0000][7][gc,age      ] GC(68) - age   7:      10600 bytes,    1036728 total
[2021-05-07T01:49:07.908+0000][7][gc,age      ] GC(68) - age   8:      13616 bytes,    1050344 total
[2021-05-07T01:49:07.908+0000][7][gc,age      ] GC(68) - age   9:      25664 bytes,    1076008 total
[2021-05-07T01:49:07.908+0000][7][gc,age      ] GC(68) - age  10:       3648 bytes,    1079656 total
[2021-05-07T01:49:07.908+0000][7][gc,age      ] GC(68) - age  11:       2656 bytes,    1082312 total
[2021-05-07T01:49:07.908+0000][7][gc,age      ] GC(68) - age  12:       7520 bytes,    1089832 total
[2021-05-07T01:49:07.908+0000][7][gc,age      ] GC(68) - age  13:      10000 bytes,    1099832 total
[2021-05-07T01:49:07.908+0000][7][gc,age      ] GC(68) - age  14:       4112 bytes,    1103944 total
[2021-05-07T01:49:07.908+0000][7][gc,age      ] GC(68) - age  15:      11176 bytes,    1115120 total
[2021-05-07T01:49:07.908+0000][7][gc,phases   ] GC(68)   Pre Evacuate Collection Set: 0.0ms
[2021-05-07T01:49:07.908+0000][7][gc,phases   ] GC(68)   Merge Heap Roots: 0.0ms
[2021-05-07T01:49:07.908+0000][7][gc,phases   ] GC(68)   Evacuate Collection Set: 1.7ms
[2021-05-07T01:49:07.908+0000][7][gc,phases   ] GC(68)   Post Evacuate Collection Set: 0.4ms
[2021-05-07T01:49:07.908+0000][7][gc,phases   ] GC(68)   Other: 0.2ms
[2021-05-07T01:49:07.908+0000][7][gc,heap     ] GC(68) Eden regions: 23->0(23)
[2021-05-07T01:49:07.908+0000][7][gc,heap     ] GC(68) Survivor regions: 1->1(3)
[2021-05-07T01:49:07.908+0000][7][gc,heap     ] GC(68) Old regions: 25->25
[2021-05-07T01:49:07.908+0000][7][gc,heap     ] GC(68) Archive regions: 2->2
[2021-05-07T01:49:07.908+0000][7][gc,heap     ] GC(68) Humongous regions: 2->2
[2021-05-07T01:49:07.908+0000][7][gc,metaspace] GC(68) Metaspace: 106833K(111560K)->106833K(111560K) NonClass: 92947K(96328K)->92947K(96328K) Class: 13886K(15232K)->13886K(15232K)
[2021-05-07T01:49:07.908+0000][7][gc          ] GC(68) Pause Young (Normal) (G1 Evacuation Pause) 204M->112M(256M) 2.509ms
[2021-05-07T01:49:07.908+0000][7][gc,cpu      ] GC(68) User=0.01s Sys=0.00s Real=0.00s
[2021-05-07T01:49:07.908+0000][7][safepoint   ] Safepoint "G1CollectForAllocation", Time since last: 2447638508 ns, Reaching safepoint: 68248 ns, At safepoint: 2572250 ns, Total: 2640498 ns
[2021-05-07T01:49:14.909+0000][7][safepoint   ] Safepoint "Cleanup", Time since last: 7000526785 ns, Reaching safepoint: 91097 ns, At safepoint: 4069 ns, Total: 95166 ns
[2021-05-07T01:49:48.912+0000][7][safepoint   ] Safepoint "Cleanup", Time since last: 34003354662 ns, Reaching safepoint: 105440 ns, At safepoint: 4909 ns, Total: 110349 ns
[2021-05-07T01:50:04.914+0000][7][safepoint   ] Safepoint "Cleanup", Time since last: 16001703559 ns, Reaching safepoint: 103066 ns, At safepoint: 8189 ns, Total: 111255 ns
[2021-05-07T01:50:07.914+0000][7][safepoint   ] Safepoint "Cleanup", Time since last: 3000259884 ns, Reaching safepoint: 75208 ns, At safepoint: 5738 ns, Total: 80946 ns
[2021-05-07T01:50:30.916+0000][7][safepoint   ] Safepoint "Cleanup", Time since last: 23001691724 ns, Reaching safepoint: 69832 ns, At safepoint: 4910 ns, Total: 74742 ns
[2021-05-07T01:50:32.916+0000][7][safepoint   ] Safepoint "Cleanup", Time since last: 2000153999 ns, Reaching safepoint: 104442 ns, At safepoint: 5663 ns, Total: 110105 ns
[2021-05-07T01:50:51.918+0000][7][safepoint   ] Safepoint "Cleanup", Time since last: 19001365255 ns, Reaching safepoint: 88087 ns, At safepoint: 5869 ns, Total: 93956 ns
[2021-05-07T01:51:04.919+0000][7][safepoint   ] Safepoint "Cleanup", Time since last: 13000986931 ns, Reaching safepoint: 72885 ns, At safepoint: 7306 ns, Total: 80191 ns
[2021-05-07T01:51:07.919+0000][7][safepoint   ] Safepoint "Cleanup", Time since last: 3000231495 ns, Reaching safepoint: 140472 ns, At safepoint: 10550 ns, Total: 151022 ns
[2021-05-07T01:51:35.922+0000][7][safepoint   ] Safepoint "Cleanup", Time since last: 28002584299 ns, Reaching safepoint: 78779 ns, At safepoint: 6158 ns, Total: 84937 ns
[2021-05-07T01:51:36.994+0000][7][gc,start    ] GC(69) Pause Young (Concurrent Start) (G1 Evacuation Pause)
[2021-05-07T01:51:36.994+0000][7][gc,task     ] GC(69) Using 6 workers of 8 for evacuation
[2021-05-07T01:51:36.994+0000][7][gc,age      ] GC(69) Desired survivor size 6291456 bytes, new threshold 15 (max threshold 15)
[2021-05-07T01:51:36.998+0000][7][gc,age      ] GC(69) Age table with threshold 15 (max threshold 15)
[2021-05-07T01:51:36.998+0000][7][gc,age      ] GC(69) - age   1:     513128 bytes,     513128 total
[2021-05-07T01:51:36.998+0000][7][gc,age      ] GC(69) - age   2:     385160 bytes,     898288 total
[2021-05-07T01:51:36.998+0000][7][gc,age      ] GC(69) - age   3:       2912 bytes,     901200 total
[2021-05-07T01:51:36.998+0000][7][gc,age      ] GC(69) - age   4:       3736 bytes,     904936 total
[2021-05-07T01:51:36.998+0000][7][gc,age      ] GC(69) - age   5:     155200 bytes,    1060136 total
[2021-05-07T01:51:36.998+0000][7][gc,age      ] GC(69) - age   6:        720 bytes,    1060856 total
[2021-05-07T01:51:36.998+0000][7][gc,age      ] GC(69) - age   7:       7240 bytes,    1068096 total
[2021-05-07T01:51:36.998+0000][7][gc,age      ] GC(69) - age   8:      10600 bytes,    1078696 total
[2021-05-07T01:51:36.998+0000][7][gc,age      ] GC(69) - age   9:      13616 bytes,    1092312 total
[2021-05-07T01:51:36.998+0000][7][gc,age      ] GC(69) - age  10:      25664 bytes,    1117976 total
[2021-05-07T01:51:36.998+0000][7][gc,age      ] GC(69) - age  11:       3648 bytes,    1121624 total
[2021-05-07T01:51:36.998+0000][7][gc,age      ] GC(69) - age  12:       2656 bytes,    1124280 total
[2021-05-07T01:51:36.998+0000][7][gc,age      ] GC(69) - age  13:       7520 bytes,    1131800 total
[2021-05-07T01:51:36.998+0000][7][gc,age      ] GC(69) - age  14:      10000 bytes,    1141800 total
[2021-05-07T01:51:36.998+0000][7][gc,age      ] GC(69) - age  15:       4112 bytes,    1145912 total
[2021-05-07T01:51:36.998+0000][7][gc,phases   ] GC(69)   Pre Evacuate Collection Set: 0.2ms
[2021-05-07T01:51:36.998+0000][7][gc,phases   ] GC(69)   Merge Heap Roots: 0.2ms
[2021-05-07T01:51:36.998+0000][7][gc,phases   ] GC(69)   Evacuate Collection Set: 2.8ms
[2021-05-07T01:51:36.998+0000][7][gc,phases   ] GC(69)   Post Evacuate Collection Set: 0.4ms
[2021-05-07T01:51:36.998+0000][7][gc,phases   ] GC(69)   Other: 0.3ms
[2021-05-07T01:51:36.998+0000][7][gc,heap     ] GC(69) Eden regions: 23->0(23)
[2021-05-07T01:51:36.998+0000][7][gc,heap     ] GC(69) Survivor regions: 1->1(3)
[2021-05-07T01:51:36.998+0000][7][gc,heap     ] GC(69) Old regions: 25->25
[2021-05-07T01:51:36.998+0000][7][gc,heap     ] GC(69) Archive regions: 2->2
[2021-05-07T01:51:36.998+0000][7][gc,heap     ] GC(69) Humongous regions: 2->2
[2021-05-07T01:51:36.998+0000][7][gc,metaspace] GC(69) Metaspace: 106877K(111560K)->106877K(111560K) NonClass: 92988K(96328K)->92988K(96328K) Class: 13888K(15232K)->13888K(15232K)
[2021-05-07T01:51:36.998+0000][7][gc          ] GC(69) Pause Young (Concurrent Start) (G1 Evacuation Pause) 204M->112M(256M) 3.926ms
[2021-05-07T01:51:36.998+0000][7][gc,cpu      ] GC(69) User=0.01s Sys=0.00s Real=0.01s
[2021-05-07T01:51:36.998+0000][7][gc          ] GC(70) Concurrent Cycle
[2021-05-07T01:51:36.998+0000][7][safepoint   ] Safepoint "G1CollectForAllocation", Time since last: 1072289050 ns, Reaching safepoint: 92835 ns, At safepoint: 4015745 ns, Total: 4108580 ns
[2021-05-07T01:51:36.998+0000][7][gc,marking  ] GC(70) Concurrent Clear Claimed Marks
[2021-05-07T01:51:36.998+0000][7][gc,marking  ] GC(70) Concurrent Clear Claimed Marks 0.065ms
[2021-05-07T01:51:36.998+0000][7][gc,marking  ] GC(70) Concurrent Scan Root Regions
[2021-05-07T01:51:36.999+0000][7][gc,marking  ] GC(70) Concurrent Scan Root Regions 0.861ms
[2021-05-07T01:51:36.999+0000][7][gc,marking  ] GC(70) Concurrent Mark (2999.533s)
[2021-05-07T01:51:36.999+0000][7][gc,marking  ] GC(70) Concurrent Mark From Roots
[2021-05-07T01:51:36.999+0000][7][gc,task     ] GC(70) Using 2 workers of 2 for marking
[2021-05-07T01:51:37.082+0000][7][gc,marking  ] GC(70) Concurrent Mark From Roots 82.884ms
[2021-05-07T01:51:37.082+0000][7][gc,marking  ] GC(70) Concurrent Preclean
[2021-05-07T01:51:37.082+0000][7][gc,marking  ] GC(70) Concurrent Preclean 0.247ms
[2021-05-07T01:51:37.082+0000][7][gc,marking  ] GC(70) Concurrent Mark (2999.533s, 2999.616s) 83.180ms
[2021-05-07T01:51:37.083+0000][7][gc,start    ] GC(70) Pause Remark
[2021-05-07T01:51:37.087+0000][7][gc          ] GC(70) Pause Remark 112M->112M(256M) 4.709ms
[2021-05-07T01:51:37.087+0000][7][gc,cpu      ] GC(70) User=0.03s Sys=0.00s Real=0.00s
[2021-05-07T01:51:37.087+0000][7][safepoint   ] Safepoint "G1Concurrent", Time since last: 84213742 ns, Reaching safepoint: 71606 ns, At safepoint: 4784095 ns, Total: 4855701 ns
[2021-05-07T01:51:37.087+0000][7][gc,marking  ] GC(70) Concurrent Rebuild Remembered Sets
[2021-05-07T01:51:37.144+0000][7][gc,marking  ] GC(70) Concurrent Rebuild Remembered Sets 56.691ms
[2021-05-07T01:51:37.144+0000][7][gc,start    ] GC(70) Pause Cleanup
[2021-05-07T01:51:37.144+0000][7][gc          ] GC(70) Pause Cleanup 113M->113M(256M) 0.069ms
[2021-05-07T01:51:37.144+0000][7][gc,cpu      ] GC(70) User=0.00s Sys=0.00s Real=0.00s
[2021-05-07T01:51:37.144+0000][7][safepoint   ] Safepoint "G1Concurrent", Time since last: 56790804 ns, Reaching safepoint: 76633 ns, At safepoint: 114854 ns, Total: 191487 ns
[2021-05-07T01:51:37.144+0000][7][gc,marking  ] GC(70) Concurrent Cleanup for Next Mark
[2021-05-07T01:51:37.145+0000][7][gc,marking  ] GC(70) Concurrent Cleanup for Next Mark 0.428ms
[2021-05-07T01:51:37.145+0000][7][gc          ] GC(70) Concurrent Cycle 146.597ms
[2021-05-07T01:51:38.145+0000][7][safepoint   ] Safepoint "Cleanup", Time since last: 1000106094 ns, Reaching safepoint: 103664 ns, At safepoint: 7221 ns, Total: 110885 ns
[2021-05-07T01:52:01.147+0000][7][safepoint   ] Safepoint "Cleanup", Time since last: 23001781460 ns, Reaching safepoint: 196763 ns, At safepoint: 5450 ns, Total: 202213 ns
[2021-05-07T01:52:02.147+0000][7][safepoint   ] Safepoint "Cleanup", Time since last: 1000097243 ns, Reaching safepoint: 73528 ns, At safepoint: 5305 ns, Total: 78833 ns
[2021-05-07T01:52:03.147+0000][7][safepoint   ] Safepoint "Cleanup", Time since last: 1000092237 ns, Reaching safepoint: 80222 ns, At safepoint: 4765 ns, Total: 84987 ns
[2021-05-07T01:52:04.147+0000][7][safepoint   ] Safepoint "Cleanup", Time since last: 1000087844 ns, Reaching safepoint: 112627 ns, At safepoint: 7063 ns, Total: 119690 ns
[2021-05-07T01:52:08.148+0000][7][safepoint   ] Safepoint "Cleanup", Time since last: 4000311718 ns, Reaching safepoint: 99816 ns, At safepoint: 6873 ns, Total: 106689 ns
[2021-05-07T01:52:38.150+0000][7][safepoint   ] Safepoint "Cleanup", Time since last: 30002342790 ns, Reaching safepoint: 126479 ns, At safepoint: 7312 ns, Total: 133791 ns
[2021-05-07T01:52:43.151+0000][7][safepoint   ] Safepoint "Cleanup", Time since last: 5000528649 ns, Reaching safepoint: 111473 ns, At safepoint: 7011 ns, Total: 118484 ns
[2021-05-07T01:53:01.153+0000][7][safepoint   ] Safepoint "Cleanup", Time since last: 18001777370 ns, Reaching safepoint: 135530 ns, At safepoint: 6931 ns, Total: 142461 ns
[2021-05-07T01:53:05.153+0000][7][safepoint   ] Safepoint "Cleanup", Time since last: 4000389407 ns, Reaching safepoint: 97195 ns, At safepoint: 5008 ns, Total: 102203 ns
[2021-05-07T01:53:08.153+0000][7][safepoint   ] Safepoint "Cleanup", Time since last: 3000282245 ns, Reaching safepoint: 81168 ns, At safepoint: 5612 ns, Total: 86780 ns
[2021-05-07T01:53:14.274+0000][7][gc,start    ] GC(71) Pause Young (Normal) (G1 Evacuation Pause)
[2021-05-07T01:53:14.274+0000][7][gc,task     ] GC(71) Using 6 workers of 8 for evacuation
[2021-05-07T01:53:14.274+0000][7][gc,age      ] GC(71) Desired survivor size 6291456 bytes, new threshold 15 (max threshold 15)
[2021-05-07T01:53:14.276+0000][7][gc,age      ] GC(71) Age table with threshold 15 (max threshold 15)
[2021-05-07T01:53:14.276+0000][7][gc,age      ] GC(71) - age   1:     841456 bytes,     841456 total
[2021-05-07T01:53:14.276+0000][7][gc,age      ] GC(71) - age   2:       5160 bytes,     846616 total
[2021-05-07T01:53:14.276+0000][7][gc,age      ] GC(71) - age   3:     382896 bytes,    1229512 total
[2021-05-07T01:53:14.276+0000][7][gc,age      ] GC(71) - age   4:       2912 bytes,    1232424 total
[2021-05-07T01:53:14.276+0000][7][gc,age      ] GC(71) - age   5:       3280 bytes,    1235704 total
[2021-05-07T01:53:14.276+0000][7][gc,age      ] GC(71) - age   6:       3088 bytes,    1238792 total
[2021-05-07T01:53:14.276+0000][7][gc,age      ] GC(71) - age   7:        720 bytes,    1239512 total
[2021-05-07T01:53:14.276+0000][7][gc,age      ] GC(71) - age   8:       7240 bytes,    1246752 total
[2021-05-07T01:53:14.276+0000][7][gc,age      ] GC(71) - age   9:      10504 bytes,    1257256 total
[2021-05-07T01:53:14.276+0000][7][gc,age      ] GC(71) - age  10:       8888 bytes,    1266144 total
[2021-05-07T01:53:14.276+0000][7][gc,age      ] GC(71) - age  11:      25664 bytes,    1291808 total
[2021-05-07T01:53:14.276+0000][7][gc,age      ] GC(71) - age  12:       3648 bytes,    1295456 total
[2021-05-07T01:53:14.276+0000][7][gc,age      ] GC(71) - age  13:       2656 bytes,    1298112 total
[2021-05-07T01:53:14.276+0000][7][gc,age      ] GC(71) - age  14:       7520 bytes,    1305632 total
[2021-05-07T01:53:14.276+0000][7][gc,age      ] GC(71) - age  15:      10000 bytes,    1315632 total
[2021-05-07T01:53:14.276+0000][7][gc,phases   ] GC(71)   Pre Evacuate Collection Set: 0.1ms
[2021-05-07T01:53:14.276+0000][7][gc,phases   ] GC(71)   Merge Heap Roots: 0.1ms
[2021-05-07T01:53:14.276+0000][7][gc,phases   ] GC(71)   Evacuate Collection Set: 1.7ms
[2021-05-07T01:53:14.276+0000][7][gc,phases   ] GC(71)   Post Evacuate Collection Set: 0.6ms
[2021-05-07T01:53:14.277+0000][7][gc,phases   ] GC(71)   Other: 0.3ms
[2021-05-07T01:53:14.277+0000][7][gc,heap     ] GC(71) Eden regions: 23->0(23)
[2021-05-07T01:53:14.277+0000][7][gc,heap     ] GC(71) Survivor regions: 1->1(3)
[2021-05-07T01:53:14.277+0000][7][gc,heap     ] GC(71) Old regions: 25->25
[2021-05-07T01:53:14.277+0000][7][gc,heap     ] GC(71) Archive regions: 2->2
[2021-05-07T01:53:14.277+0000][7][gc,heap     ] GC(71) Humongous regions: 2->2
[2021-05-07T01:53:14.277+0000][7][gc,metaspace] GC(71) Metaspace: 106987K(111816K)->106987K(111816K) NonClass: 93098K(96584K)->93098K(96584K) Class: 13888K(15232K)->13888K(15232K)
[2021-05-07T01:53:14.277+0000][7][gc          ] GC(71) Pause Young (Normal) (G1 Evacuation Pause) 204M->112M(256M) 2.841ms
[2021-05-07T01:53:14.277+0000][7][gc,cpu      ] GC(71) User=0.01s Sys=0.00s Real=0.01s
[2021-05-07T01:53:14.277+0000][7][safepoint   ] Safepoint "G1CollectForAllocation", Time since last: 6120165115 ns, Reaching safepoint: 79269 ns, At safepoint: 2914725 ns, Total: 2993994 ns
[2021-05-07T01:54:05.281+0000][7][safepoint   ] Safepoint "Cleanup", Time since last: 51004324863 ns, Reaching safepoint: 70604 ns, At safepoint: 5886 ns, Total: 76490 ns
[2021-05-07T01:54:27.283+0000][7][safepoint   ] Safepoint "Cleanup", Time since last: 22002191736 ns, Reaching safepoint: 99044 ns, At safepoint: 8677 ns, Total: 107721 ns
[2021-05-07T01:54:38.285+0000][7][safepoint   ] Safepoint "Cleanup", Time since last: 11001281129 ns, Reaching safepoint: 73956 ns, At safepoint: 4564 ns, Total: 78520 ns
[2021-05-07T01:55:08.287+0000][7][safepoint   ] Safepoint "Cleanup", Time since last: 30002368188 ns, Reaching safepoint: 69270 ns, At safepoint: 4318 ns, Total: 73588 ns
[2021-05-07T01:55:38.198+0000][7][gc,start    ] GC(72) Pause Young (Concurrent Start) (G1 Evacuation Pause)
[2021-05-07T01:55:38.198+0000][7][gc,task     ] GC(72) Using 6 workers of 8 for evacuation
[2021-05-07T01:55:38.198+0000][7][gc,age      ] GC(72) Desired survivor size 6291456 bytes, new threshold 15 (max threshold 15)
[2021-05-07T01:55:38.201+0000][7][gc,age      ] GC(72) Age table with threshold 15 (max threshold 15)
[2021-05-07T01:55:38.201+0000][7][gc,age      ] GC(72) - age   1:     508896 bytes,     508896 total
[2021-05-07T01:55:38.201+0000][7][gc,age      ] GC(72) - age   2:     330784 bytes,     839680 total
[2021-05-07T01:55:38.201+0000][7][gc,age      ] GC(72) - age   3:       4920 bytes,     844600 total
[2021-05-07T01:55:38.201+0000][7][gc,age      ] GC(72) - age   4:     382824 bytes,    1227424 total
[2021-05-07T01:55:38.201+0000][7][gc,age      ] GC(72) - age   5:       2912 bytes,    1230336 total
[2021-05-07T01:55:38.201+0000][7][gc,age      ] GC(72) - age   6:       3240 bytes,    1233576 total
[2021-05-07T01:55:38.201+0000][7][gc,age      ] GC(72) - age   7:       3088 bytes,    1236664 total
[2021-05-07T01:55:38.201+0000][7][gc,age      ] GC(72) - age   8:        720 bytes,    1237384 total
[2021-05-07T01:55:38.201+0000][7][gc,age      ] GC(72) - age   9:       7240 bytes,    1244624 total
[2021-05-07T01:55:38.201+0000][7][gc,age      ] GC(72) - age  10:      10464 bytes,    1255088 total
[2021-05-07T01:55:38.201+0000][7][gc,age      ] GC(72) - age  11:       8888 bytes,    1263976 total
[2021-05-07T01:55:38.201+0000][7][gc,age      ] GC(72) - age  12:      25664 bytes,    1289640 total
[2021-05-07T01:55:38.201+0000][7][gc,age      ] GC(72) - age  13:       3648 bytes,    1293288 total
[2021-05-07T01:55:38.201+0000][7][gc,age      ] GC(72) - age  14:       2656 bytes,    1295944 total
[2021-05-07T01:55:38.201+0000][7][gc,age      ] GC(72) - age  15:       7520 bytes,    1303464 total
[2021-05-07T01:55:38.201+0000][7][gc,phases   ] GC(72)   Pre Evacuate Collection Set: 0.1ms
[2021-05-07T01:55:38.201+0000][7][gc,phases   ] GC(72)   Merge Heap Roots: 0.0ms
[2021-05-07T01:55:38.201+0000][7][gc,phases   ] GC(72)   Evacuate Collection Set: 1.7ms
[2021-05-07T01:55:38.201+0000][7][gc,phases   ] GC(72)   Post Evacuate Collection Set: 0.6ms
[2021-05-07T01:55:38.201+0000][7][gc,phases   ] GC(72)   Other: 0.4ms
[2021-05-07T01:55:38.201+0000][7][gc,heap     ] GC(72) Eden regions: 23->0(23)
[2021-05-07T01:55:38.201+0000][7][gc,heap     ] GC(72) Survivor regions: 1->1(3)
[2021-05-07T01:55:38.201+0000][7][gc,heap     ] GC(72) Old regions: 25->25
[2021-05-07T01:55:38.201+0000][7][gc,heap     ] GC(72) Archive regions: 2->2
[2021-05-07T01:55:38.201+0000][7][gc,heap     ] GC(72) Humongous regions: 2->2
[2021-05-07T01:55:38.201+0000][7][gc,metaspace] GC(72) Metaspace: 107035K(111816K)->107035K(111816K) NonClass: 93146K(96584K)->93146K(96584K) Class: 13888K(15232K)->13888K(15232K)
[2021-05-07T01:55:38.201+0000][7][gc          ] GC(72) Pause Young (Concurrent Start) (G1 Evacuation Pause) 204M->112M(256M) 2.935ms
[2021-05-07T01:55:38.201+0000][7][gc,cpu      ] GC(72) User=0.01s Sys=0.01s Real=0.00s
[2021-05-07T01:55:38.201+0000][7][gc          ] GC(73) Concurrent Cycle
[2021-05-07T01:55:38.201+0000][7][safepoint   ] Safepoint "G1CollectForAllocation", Time since last: 29910935022 ns, Reaching safepoint: 110843 ns, At safepoint: 3049860 ns, Total: 3160703 ns
[2021-05-07T01:55:38.201+0000][7][gc,marking  ] GC(73) Concurrent Clear Claimed Marks
[2021-05-07T01:55:38.201+0000][7][gc,marking  ] GC(73) Concurrent Clear Claimed Marks 0.171ms
[2021-05-07T01:55:38.201+0000][7][gc,marking  ] GC(73) Concurrent Scan Root Regions
[2021-05-07T01:55:38.203+0000][7][gc,marking  ] GC(73) Concurrent Scan Root Regions 1.592ms
[2021-05-07T01:55:38.203+0000][7][gc,marking  ] GC(73) Concurrent Mark (3240.737s)
[2021-05-07T01:55:38.203+0000][7][gc,marking  ] GC(73) Concurrent Mark From Roots
[2021-05-07T01:55:38.203+0000][7][gc,task     ] GC(73) Using 2 workers of 2 for marking
[2021-05-07T01:55:38.317+0000][7][gc,marking  ] GC(73) Concurrent Mark From Roots 113.680ms
[2021-05-07T01:55:38.317+0000][7][gc,marking  ] GC(73) Concurrent Preclean
[2021-05-07T01:55:38.317+0000][7][gc,marking  ] GC(73) Concurrent Preclean 0.387ms
[2021-05-07T01:55:38.317+0000][7][gc,marking  ] GC(73) Concurrent Mark (3240.737s, 3240.851s) 114.148ms
[2021-05-07T01:55:38.317+0000][7][gc,start    ] GC(73) Pause Remark
[2021-05-07T01:55:38.330+0000][7][gc          ] GC(73) Pause Remark 113M->113M(256M) 12.721ms
[2021-05-07T01:55:38.330+0000][7][gc,cpu      ] GC(73) User=0.03s Sys=0.00s Real=0.01s
[2021-05-07T01:55:38.330+0000][7][safepoint   ] Safepoint "G1Concurrent", Time since last: 116026163 ns, Reaching safepoint: 184849 ns, At safepoint: 12812110 ns, Total: 12996959 ns
[2021-05-07T01:55:38.330+0000][7][gc,marking  ] GC(73) Concurrent Rebuild Remembered Sets
[2021-05-07T01:55:38.397+0000][7][gc,marking  ] GC(73) Concurrent Rebuild Remembered Sets 66.368ms
[2021-05-07T01:55:38.397+0000][7][gc,start    ] GC(73) Pause Cleanup
[2021-05-07T01:55:38.397+0000][7][gc          ] GC(73) Pause Cleanup 113M->113M(256M) 0.070ms
[2021-05-07T01:55:38.397+0000][7][gc,cpu      ] GC(73) User=0.00s Sys=0.00s Real=0.00s
[2021-05-07T01:55:38.397+0000][7][safepoint   ] Safepoint "G1Concurrent", Time since last: 66436227 ns, Reaching safepoint: 85355 ns, At safepoint: 108550 ns, Total: 193905 ns
[2021-05-07T01:55:38.397+0000][7][gc,marking  ] GC(73) Concurrent Cleanup for Next Mark
[2021-05-07T01:55:38.397+0000][7][gc,marking  ] GC(73) Concurrent Cleanup for Next Mark 0.148ms
[2021-05-07T01:55:38.397+0000][7][gc          ] GC(73) Concurrent Cycle 195.846ms
[2021-05-07T01:56:38.402+0000][7][safepoint   ] Safepoint "Cleanup", Time since last: 60004970900 ns, Reaching safepoint: 64895 ns, At safepoint: 4461 ns, Total: 69356 ns
[2021-05-07T01:56:47.403+0000][7][safepoint   ] Safepoint "Cleanup", Time since last: 9000661861 ns, Reaching safepoint: 71034 ns, At safepoint: 5359 ns, Total: 76393 ns
[2021-05-07T01:56:56.403+0000][7][safepoint   ] Safepoint "Cleanup", Time since last: 9000610486 ns, Reaching safepoint: 70456 ns, At safepoint: 5841 ns, Total: 76297 ns
[2021-05-07T01:57:05.404+0000][7][safepoint   ] Safepoint "Cleanup", Time since last: 9001035605 ns, Reaching safepoint: 75383 ns, At safepoint: 6146 ns, Total: 81529 ns
[2021-05-07T01:57:08.405+0000][7][safepoint   ] Safepoint "Cleanup", Time since last: 3000239315 ns, Reaching safepoint: 76204 ns, At safepoint: 4964 ns, Total: 81168 ns
[2021-05-07T01:57:12.405+0000][7][safepoint   ] Safepoint "Cleanup", Time since last: 4000553312 ns, Reaching safepoint: 74992 ns, At safepoint: 7093 ns, Total: 82085 ns
[2021-05-07T01:57:31.407+0000][7][safepoint   ] Safepoint "Cleanup", Time since last: 19001314694 ns, Reaching safepoint: 122898 ns, At safepoint: 7218 ns, Total: 130116 ns
[2021-05-07T01:57:35.408+0000][7][safepoint   ] Safepoint "Cleanup", Time since last: 4000671686 ns, Reaching safepoint: 95147 ns, At safepoint: 5994 ns, Total: 101141 ns
[2021-05-07T01:57:38.408+0000][7][safepoint   ] Safepoint "Cleanup", Time since last: 3000334346 ns, Reaching safepoint: 80994 ns, At safepoint: 6229 ns, Total: 87223 ns
[2021-05-07T01:57:56.409+0000][7][safepoint   ] Safepoint "Cleanup", Time since last: 18001280786 ns, Reaching safepoint: 94373 ns, At safepoint: 5374 ns, Total: 99747 ns
[2021-05-07T01:57:59.714+0000][7][gc,start    ] GC(74) Pause Young (Normal) (G1 Evacuation Pause)
[2021-05-07T01:57:59.714+0000][7][gc,task     ] GC(74) Using 6 workers of 8 for evacuation
[2021-05-07T01:57:59.714+0000][7][gc,age      ] GC(74) Desired survivor size 6291456 bytes, new threshold 15 (max threshold 15)
[2021-05-07T01:57:59.716+0000][7][gc,age      ] GC(74) Age table with threshold 15 (max threshold 15)
[2021-05-07T01:57:59.716+0000][7][gc,age      ] GC(74) - age   1:     515064 bytes,     515064 total
[2021-05-07T01:57:59.716+0000][7][gc,age      ] GC(74) - age   2:       2560 bytes,     517624 total
[2021-05-07T01:57:59.716+0000][7][gc,age      ] GC(74) - age   3:     209208 bytes,     726832 total
[2021-05-07T01:57:59.716+0000][7][gc,age      ] GC(74) - age   4:       4824 bytes,     731656 total
[2021-05-07T01:57:59.716+0000][7][gc,age      ] GC(74) - age   5:     379808 bytes,    1111464 total
[2021-05-07T01:57:59.716+0000][7][gc,age      ] GC(74) - age   6:       2912 bytes,    1114376 total
[2021-05-07T01:57:59.716+0000][7][gc,age      ] GC(74) - age   7:       3240 bytes,    1117616 total
[2021-05-07T01:57:59.716+0000][7][gc,age      ] GC(74) - age   8:       3016 bytes,    1120632 total
[2021-05-07T01:57:59.716+0000][7][gc,age      ] GC(74) - age   9:        624 bytes,    1121256 total
[2021-05-07T01:57:59.716+0000][7][gc,age      ] GC(74) - age  10:       7240 bytes,    1128496 total
[2021-05-07T01:57:59.716+0000][7][gc,age      ] GC(74) - age  11:      10464 bytes,    1138960 total
[2021-05-07T01:57:59.716+0000][7][gc,age      ] GC(74) - age  12:       8888 bytes,    1147848 total
[2021-05-07T01:57:59.716+0000][7][gc,age      ] GC(74) - age  13:      25664 bytes,    1173512 total
[2021-05-07T01:57:59.716+0000][7][gc,age      ] GC(74) - age  14:       3648 bytes,    1177160 total
[2021-05-07T01:57:59.716+0000][7][gc,age      ] GC(74) - age  15:       2656 bytes,    1179816 total
[2021-05-07T01:57:59.716+0000][7][gc,phases   ] GC(74)   Pre Evacuate Collection Set: 0.0ms
[2021-05-07T01:57:59.716+0000][7][gc,phases   ] GC(74)   Merge Heap Roots: 0.1ms
[2021-05-07T01:57:59.716+0000][7][gc,phases   ] GC(74)   Evacuate Collection Set: 1.5ms
[2021-05-07T01:57:59.716+0000][7][gc,phases   ] GC(74)   Post Evacuate Collection Set: 0.5ms
[2021-05-07T01:57:59.716+0000][7][gc,phases   ] GC(74)   Other: 0.3ms
[2021-05-07T01:57:59.716+0000][7][gc,heap     ] GC(74) Eden regions: 23->0(23)
[2021-05-07T01:57:59.716+0000][7][gc,heap     ] GC(74) Survivor regions: 1->1(3)
[2021-05-07T01:57:59.716+0000][7][gc,heap     ] GC(74) Old regions: 25->25
[2021-05-07T01:57:59.716+0000][7][gc,heap     ] GC(74) Archive regions: 2->2
[2021-05-07T01:57:59.716+0000][7][gc,heap     ] GC(74) Humongous regions: 2->2
[2021-05-07T01:57:59.716+0000][7][gc,metaspace] GC(74) Metaspace: 107122K(111816K)->107122K(111816K) NonClass: 93234K(96584K)->93234K(96584K) Class: 13888K(15232K)->13888K(15232K)
[2021-05-07T01:57:59.716+0000][7][gc          ] GC(74) Pause Young (Normal) (G1 Evacuation Pause) 204M->112M(256M) 2.473ms
[2021-05-07T01:57:59.716+0000][7][gc,cpu      ] GC(74) User=0.01s Sys=0.00s Real=0.00s
[2021-05-07T01:57:59.716+0000][7][safepoint   ] Safepoint "G1CollectForAllocation", Time since last: 3304303919 ns, Reaching safepoint: 95539 ns, At safepoint: 2549127 ns, Total: 2644666 ns
[2021-05-07T01:58:05.717+0000][7][safepoint   ] Safepoint "Cleanup", Time since last: 6000359722 ns, Reaching safepoint: 95892 ns, At safepoint: 6595 ns, Total: 102487 ns
[2021-05-07T01:58:08.717+0000][7][safepoint   ] Safepoint "Cleanup", Time since last: 3000288802 ns, Reaching safepoint: 75055 ns, At safepoint: 5339 ns, Total: 80394 ns
[2021-05-07T01:58:37.719+0000][7][safepoint   ] Safepoint "Cleanup", Time since last: 29002106250 ns, Reaching safepoint: 106895 ns, At safepoint: 7795 ns, Total: 114690 ns
[2021-05-07T01:58:38.720+0000][7][safepoint   ] Safepoint "Cleanup", Time since last: 1000352662 ns, Reaching safepoint: 112502 ns, At safepoint: 7923 ns, Total: 120425 ns
[2021-05-07T01:58:56.722+0000][7][safepoint   ] Safepoint "Cleanup", Time since last: 18001678227 ns, Reaching safepoint: 98806 ns, At safepoint: 7446 ns, Total: 106252 ns
[2021-05-07T01:59:00.722+0000][7][safepoint   ] Safepoint "Cleanup", Time since last: 4000397994 ns, Reaching safepoint: 91470 ns, At safepoint: 4629 ns, Total: 96099 ns
[2021-05-07T01:59:04.723+0000][7][safepoint   ] Safepoint "Cleanup", Time since last: 4000316589 ns, Reaching safepoint: 88945 ns, At safepoint: 5611 ns, Total: 94556 ns
[2021-05-07T01:59:08.723+0000][7][safepoint   ] Safepoint "Cleanup", Time since last: 4000381564 ns, Reaching safepoint: 82003 ns, At safepoint: 5084 ns, Total: 87087 ns
[2021-05-07T02:00:04.728+0000][7][safepoint   ] Safepoint "Cleanup", Time since last: 56005182510 ns, Reaching safepoint: 75820 ns, At safepoint: 5361 ns, Total: 81181 ns
[2021-05-07T02:00:08.729+0000][7][safepoint   ] Safepoint "Cleanup", Time since last: 4000348249 ns, Reaching safepoint: 65892 ns, At safepoint: 4883 ns, Total: 70775 ns
[2021-05-07T02:00:26.305+0000][7][gc,start    ] GC(75) Pause Young (Concurrent Start) (G1 Evacuation Pause)
[2021-05-07T02:00:26.305+0000][7][gc,task     ] GC(75) Using 6 workers of 8 for evacuation
[2021-05-07T02:00:26.305+0000][7][gc,age      ] GC(75) Desired survivor size 6291456 bytes, new threshold 15 (max threshold 15)
[2021-05-07T02:00:26.307+0000][7][gc,age      ] GC(75) Age table with threshold 15 (max threshold 15)
[2021-05-07T02:00:26.307+0000][7][gc,age      ] GC(75) - age   1:     517720 bytes,     517720 total
[2021-05-07T02:00:26.307+0000][7][gc,age      ] GC(75) - age   2:       1856 bytes,     519576 total
[2021-05-07T02:00:26.307+0000][7][gc,age      ] GC(75) - age   3:       2264 bytes,     521840 total
[2021-05-07T02:00:26.307+0000][7][gc,age      ] GC(75) - age   4:     209208 bytes,     731048 total
[2021-05-07T02:00:26.307+0000][7][gc,age      ] GC(75) - age   5:       4824 bytes,     735872 total
[2021-05-07T02:00:26.307+0000][7][gc,age      ] GC(75) - age   6:     379768 bytes,    1115640 total
[2021-05-07T02:00:26.307+0000][7][gc,age      ] GC(75) - age   7:       2912 bytes,    1118552 total
[2021-05-07T02:00:26.307+0000][7][gc,age      ] GC(75) - age   8:       3240 bytes,    1121792 total
[2021-05-07T02:00:26.307+0000][7][gc,age      ] GC(75) - age   9:       3016 bytes,    1124808 total
[2021-05-07T02:00:26.307+0000][7][gc,age      ] GC(75) - age  10:        584 bytes,    1125392 total
[2021-05-07T02:00:26.307+0000][7][gc,age      ] GC(75) - age  11:       7240 bytes,    1132632 total
[2021-05-07T02:00:26.307+0000][7][gc,age      ] GC(75) - age  12:      10464 bytes,    1143096 total
[2021-05-07T02:00:26.307+0000][7][gc,age      ] GC(75) - age  13:       8888 bytes,    1151984 total
[2021-05-07T02:00:26.307+0000][7][gc,age      ] GC(75) - age  14:      25664 bytes,    1177648 total
[2021-05-07T02:00:26.307+0000][7][gc,age      ] GC(75) - age  15:       3648 bytes,    1181296 total
[2021-05-07T02:00:26.307+0000][7][gc,phases   ] GC(75)   Pre Evacuate Collection Set: 0.2ms
[2021-05-07T02:00:26.307+0000][7][gc,phases   ] GC(75)   Merge Heap Roots: 0.1ms
[2021-05-07T02:00:26.307+0000][7][gc,phases   ] GC(75)   Evacuate Collection Set: 1.9ms
[2021-05-07T02:00:26.307+0000][7][gc,phases   ] GC(75)   Post Evacuate Collection Set: 0.4ms
[2021-05-07T02:00:26.307+0000][7][gc,phases   ] GC(75)   Other: 0.3ms
[2021-05-07T02:00:26.307+0000][7][gc,heap     ] GC(75) Eden regions: 23->0(23)
[2021-05-07T02:00:26.307+0000][7][gc,heap     ] GC(75) Survivor regions: 1->1(3)
[2021-05-07T02:00:26.308+0000][7][gc,heap     ] GC(75) Old regions: 25->25
[2021-05-07T02:00:26.308+0000][7][gc,heap     ] GC(75) Archive regions: 2->2
[2021-05-07T02:00:26.308+0000][7][gc,heap     ] GC(75) Humongous regions: 2->2
[2021-05-07T02:00:26.308+0000][7][gc,metaspace] GC(75) Metaspace: 107145K(111816K)->107145K(111816K) NonClass: 93257K(96584K)->93257K(96584K) Class: 13888K(15232K)->13888K(15232K)
[2021-05-07T02:00:26.308+0000][7][gc          ] GC(75) Pause Young (Concurrent Start) (G1 Evacuation Pause) 204M->112M(256M) 2.941ms
[2021-05-07T02:00:26.308+0000][7][gc,cpu      ] GC(75) User=0.01s Sys=0.00s Real=0.00s
[2021-05-07T02:00:26.308+0000][7][gc          ] GC(76) Concurrent Cycle
[2021-05-07T02:00:26.308+0000][7][safepoint   ] Safepoint "G1CollectForAllocation", Time since last: 17575604560 ns, Reaching safepoint: 201246 ns, At safepoint: 3021863 ns, Total: 3223109 ns
[2021-05-07T02:00:26.308+0000][7][gc,marking  ] GC(76) Concurrent Clear Claimed Marks
[2021-05-07T02:00:26.309+0000][7][gc,marking  ] GC(76) Concurrent Clear Claimed Marks 1.040ms
[2021-05-07T02:00:26.309+0000][7][gc,marking  ] GC(76) Concurrent Scan Root Regions
[2021-05-07T02:00:26.310+0000][7][gc,marking  ] GC(76) Concurrent Scan Root Regions 1.564ms
[2021-05-07T02:00:26.310+0000][7][gc,marking  ] GC(76) Concurrent Mark (3528.844s)
[2021-05-07T02:00:26.310+0000][7][gc,marking  ] GC(76) Concurrent Mark From Roots
[2021-05-07T02:00:26.310+0000][7][gc,task     ] GC(76) Using 2 workers of 2 for marking
[2021-05-07T02:00:26.410+0000][7][gc,marking  ] GC(76) Concurrent Mark From Roots 99.941ms
[2021-05-07T02:00:26.410+0000][7][gc,marking  ] GC(76) Concurrent Preclean
[2021-05-07T02:00:26.411+0000][7][gc,marking  ] GC(76) Concurrent Preclean 0.300ms
[2021-05-07T02:00:26.411+0000][7][gc,marking  ] GC(76) Concurrent Mark (3528.844s, 3528.945s) 100.301ms
[2021-05-07T02:00:26.411+0000][7][gc,start    ] GC(76) Pause Remark
[2021-05-07T02:00:26.418+0000][7][gc          ] GC(76) Pause Remark 115M->115M(256M) 7.788ms
[2021-05-07T02:00:26.418+0000][7][gc,cpu      ] GC(76) User=0.04s Sys=0.00s Real=0.01s
[2021-05-07T02:00:26.418+0000][7][safepoint   ] Safepoint "G1Concurrent", Time since last: 102969932 ns, Reaching safepoint: 71019 ns, At safepoint: 7864396 ns, Total: 7935415 ns
[2021-05-07T02:00:26.419+0000][7][gc,marking  ] GC(76) Concurrent Rebuild Remembered Sets
[2021-05-07T02:00:26.482+0000][7][gc,marking  ] GC(76) Concurrent Rebuild Remembered Sets 63.238ms
[2021-05-07T02:00:26.482+0000][7][gc,start    ] GC(76) Pause Cleanup
[2021-05-07T02:00:26.482+0000][7][gc          ] GC(76) Pause Cleanup 115M->115M(256M) 0.081ms
[2021-05-07T02:00:26.482+0000][7][gc,cpu      ] GC(76) User=0.00s Sys=0.00s Real=0.00s
[2021-05-07T02:00:26.482+0000][7][safepoint   ] Safepoint "G1Concurrent", Time since last: 63370494 ns, Reaching safepoint: 197765 ns, At safepoint: 128937 ns, Total: 326702 ns
[2021-05-07T02:00:26.482+0000][7][gc,marking  ] GC(76) Concurrent Cleanup for Next Mark
[2021-05-07T02:00:26.482+0000][7][gc,marking  ] GC(76) Concurrent Cleanup for Next Mark 0.161ms
[2021-05-07T02:00:26.482+0000][7][gc          ] GC(76) Concurrent Cycle 174.804ms
[2021-05-07T02:00:35.483+0000][7][safepoint   ] Safepoint "Cleanup", Time since last: 9000817844 ns, Reaching safepoint: 116613 ns, At safepoint: 6590 ns, Total: 123203 ns
[2021-05-07T02:00:42.484+0000][7][safepoint   ] Safepoint "Cleanup", Time since last: 7000844402 ns, Reaching safepoint: 64881 ns, At safepoint: 6196 ns, Total: 71077 ns
[2021-05-07T02:01:01.774+0000][7][safepoint   ] Safepoint "Cleanup", Time since last: 19289560246 ns, Reaching safepoint: 179991 ns, At safepoint: 10314 ns, Total: 190305 ns
[2021-05-07T02:01:04.774+0000][7][safepoint   ] Safepoint "Cleanup", Time since last: 3000449055 ns, Reaching safepoint: 77285 ns, At safepoint: 5490 ns, Total: 82775 ns
[2021-05-07T02:01:08.775+0000][7][safepoint   ] Safepoint "Cleanup", Time since last: 4000487023 ns, Reaching safepoint: 76864 ns, At safepoint: 6366 ns, Total: 83230 ns
[2021-05-07T02:01:39.777+0000][7][safepoint   ] Safepoint "Cleanup", Time since last: 31002514872 ns, Reaching safepoint: 67433 ns, At safepoint: 5146 ns, Total: 72579 ns
[2021-05-07T02:02:01.779+0000][7][safepoint   ] Safepoint "Cleanup", Time since last: 22001650060 ns, Reaching safepoint: 117646 ns, At safepoint: 8150 ns, Total: 125796 ns
[2021-05-07T02:02:02.780+0000][7][safepoint   ] Safepoint "Cleanup", Time since last: 1000120368 ns, Reaching safepoint: 137728 ns, At safepoint: 10498 ns, Total: 148226 ns
[2021-05-07T02:02:04.780+0000][7][safepoint   ] Safepoint "Cleanup", Time since last: 2000330074 ns, Reaching safepoint: 73614 ns, At safepoint: 4730 ns, Total: 78344 ns
[2021-05-07T02:02:05.780+0000][7][safepoint   ] Safepoint "Cleanup", Time since last: 1000091788 ns, Reaching safepoint: 65524 ns, At safepoint: 5984 ns, Total: 71508 ns
[2021-05-07T02:02:07.958+0000][7][gc,start    ] GC(77) Pause Young (Normal) (G1 Evacuation Pause)
[2021-05-07T02:02:07.958+0000][7][gc,task     ] GC(77) Using 6 workers of 8 for evacuation
[2021-05-07T02:02:07.958+0000][7][gc,age      ] GC(77) Desired survivor size 6291456 bytes, new threshold 15 (max threshold 15)
[2021-05-07T02:02:07.960+0000][7][gc,age      ] GC(77) Age table with threshold 15 (max threshold 15)
[2021-05-07T02:02:07.960+0000][7][gc,age      ] GC(77) - age   1:     920408 bytes,     920408 total
[2021-05-07T02:02:07.961+0000][7][gc,age      ] GC(77) - age   2:       4480 bytes,     924888 total
[2021-05-07T02:02:07.961+0000][7][gc,age      ] GC(77) - age   3:       1512 bytes,     926400 total
[2021-05-07T02:02:07.961+0000][7][gc,age      ] GC(77) - age   4:       1968 bytes,     928368 total
[2021-05-07T02:02:07.961+0000][7][gc,age      ] GC(77) - age   5:      32024 bytes,     960392 total
[2021-05-07T02:02:07.961+0000][7][gc,age      ] GC(77) - age   6:       4824 bytes,     965216 total
[2021-05-07T02:02:07.961+0000][7][gc,age      ] GC(77) - age   7:     379536 bytes,    1344752 total
[2021-05-07T02:02:07.961+0000][7][gc,age      ] GC(77) - age   8:       2912 bytes,    1347664 total
[2021-05-07T02:02:07.961+0000][7][gc,age      ] GC(77) - age   9:       3184 bytes,    1350848 total
[2021-05-07T02:02:07.961+0000][7][gc,age      ] GC(77) - age  10:       1528 bytes,    1352376 total
[2021-05-07T02:02:07.961+0000][7][gc,age      ] GC(77) - age  11:        584 bytes,    1352960 total
[2021-05-07T02:02:07.961+0000][7][gc,age      ] GC(77) - age  12:       7240 bytes,    1360200 total
[2021-05-07T02:02:07.961+0000][7][gc,age      ] GC(77) - age  13:      10368 bytes,    1370568 total
[2021-05-07T02:02:07.961+0000][7][gc,age      ] GC(77) - age  14:       8888 bytes,    1379456 total
[2021-05-07T02:02:07.961+0000][7][gc,age      ] GC(77) - age  15:      25664 bytes,    1405120 total
[2021-05-07T02:02:07.961+0000][7][gc,phases   ] GC(77)   Pre Evacuate Collection Set: 0.0ms
[2021-05-07T02:02:07.961+0000][7][gc,phases   ] GC(77)   Merge Heap Roots: 0.0ms
[2021-05-07T02:02:07.961+0000][7][gc,phases   ] GC(77)   Evacuate Collection Set: 1.2ms
[2021-05-07T02:02:07.961+0000][7][gc,phases   ] GC(77)   Post Evacuate Collection Set: 0.7ms
[2021-05-07T02:02:07.961+0000][7][gc,phases   ] GC(77)   Other: 0.3ms
[2021-05-07T02:02:07.961+0000][7][gc,heap     ] GC(77) Eden regions: 23->0(23)
[2021-05-07T02:02:07.961+0000][7][gc,heap     ] GC(77) Survivor regions: 1->1(3)
[2021-05-07T02:02:07.961+0000][7][gc,heap     ] GC(77) Old regions: 25->25
[2021-05-07T02:02:07.961+0000][7][gc,heap     ] GC(77) Archive regions: 2->2
[2021-05-07T02:02:07.961+0000][7][gc,heap     ] GC(77) Humongous regions: 2->2
[2021-05-07T02:02:07.961+0000][7][gc,metaspace] GC(77) Metaspace: 107222K(111816K)->107222K(111816K) NonClass: 93333K(96584K)->93333K(96584K) Class: 13888K(15232K)->13888K(15232K)
[2021-05-07T02:02:07.961+0000][7][gc          ] GC(77) Pause Young (Normal) (G1 Evacuation Pause) 204M->112M(256M) 2.397ms
[2021-05-07T02:02:07.961+0000][7][gc,cpu      ] GC(77) User=0.01s Sys=0.00s Real=0.00s
[2021-05-07T02:02:07.961+0000][7][safepoint   ] Safepoint "G1CollectForAllocation", Time since last: 2178057065 ns, Reaching safepoint: 181127 ns, At safepoint: 2484798 ns, Total: 2665925 ns
[2021-05-07T02:02:18.962+0000][7][safepoint   ] Safepoint "Cleanup", Time since last: 11001341291 ns, Reaching safepoint: 112034 ns, At safepoint: 6202 ns, Total: 118236 ns
[2021-05-07T02:02:30.964+0000][7][safepoint   ] Safepoint "Cleanup", Time since last: 12001236964 ns, Reaching safepoint: 74219 ns, At safepoint: 4435 ns, Total: 78654 ns
[2021-05-07T02:02:37.964+0000][7][safepoint   ] Safepoint "Cleanup", Time since last: 7000592735 ns, Reaching safepoint: 68386 ns, At safepoint: 4261 ns, Total: 72647 ns
[2021-05-07T02:02:45.965+0000][7][safepoint   ] Safepoint "Cleanup", Time since last: 8001101282 ns, Reaching safepoint: 100102 ns, At safepoint: 5182 ns, Total: 105284 ns
[2021-05-07T02:02:46.966+0000][7][safepoint   ] Safepoint "Cleanup", Time since last: 1000135831 ns, Reaching safepoint: 74700 ns, At safepoint: 6481 ns, Total: 81181 ns
[2021-05-07T02:02:56.967+0000][7][safepoint   ] Safepoint "Cleanup", Time since last: 10000976571 ns, Reaching safepoint: 67567 ns, At safepoint: 5794 ns, Total: 73361 ns
[2021-05-07T02:02:59.967+0000][7][safepoint   ] Safepoint "Cleanup", Time since last: 3000202257 ns, Reaching safepoint: 85896 ns, At safepoint: 4381 ns, Total: 90277 ns
[2021-05-07T02:03:27.970+0000][7][safepoint   ] Safepoint "Cleanup", Time since last: 28002558620 ns, Reaching safepoint: 115594 ns, At safepoint: 5782 ns, Total: 121376 ns
[2021-05-07T02:03:34.971+0000][7][safepoint   ] Safepoint "Cleanup", Time since last: 7000955700 ns, Reaching safepoint: 74780 ns, At safepoint: 5160 ns, Total: 79940 ns
[2021-05-07T02:03:56.972+0000][7][safepoint   ] Safepoint "Cleanup", Time since last: 22001660544 ns, Reaching safepoint: 64932 ns, At safepoint: 4827 ns, Total: 69759 ns
[2021-05-07T02:04:04.973+0000][7][safepoint   ] Safepoint "Cleanup", Time since last: 8000592158 ns, Reaching safepoint: 152079 ns, At safepoint: 10951 ns, Total: 163030 ns
[2021-05-07T02:04:06.974+0000][7][safepoint   ] Safepoint "Cleanup", Time since last: 2000195847 ns, Reaching safepoint: 113610 ns, At safepoint: 5888 ns, Total: 119498 ns
[2021-05-07T02:04:07.974+0000][7][safepoint   ] Safepoint "Cleanup", Time since last: 1000094930 ns, Reaching safepoint: 159933 ns, At safepoint: 6880 ns, Total: 166813 ns
[2021-05-07T02:04:09.974+0000][7][safepoint   ] Safepoint "Cleanup", Time since last: 2000320593 ns, Reaching safepoint: 131577 ns, At safepoint: 6736 ns, Total: 138313 ns
[2021-05-07T02:04:16.975+0000][7][safepoint   ] Safepoint "Cleanup", Time since last: 7000619433 ns, Reaching safepoint: 124890 ns, At safepoint: 5137 ns, Total: 130027 ns
[2021-05-07T02:04:17.975+0000][7][safepoint   ] Safepoint "Cleanup", Time since last: 1000114165 ns, Reaching safepoint: 86728 ns, At safepoint: 3817 ns, Total: 90545 ns
[2021-05-07T02:04:30.977+0000][7][safepoint   ] Safepoint "Cleanup", Time since last: 13001269755 ns, Reaching safepoint: 102763 ns, At safepoint: 5149 ns, Total: 107912 ns
[2021-05-07T02:04:37.963+0000][7][gc,start    ] GC(78) Pause Young (Concurrent Start) (G1 Evacuation Pause)
[2021-05-07T02:04:37.963+0000][7][gc,task     ] GC(78) Using 6 workers of 8 for evacuation
[2021-05-07T02:04:37.963+0000][7][gc,age      ] GC(78) Desired survivor size 6291456 bytes, new threshold 15 (max threshold 15)
[2021-05-07T02:04:37.965+0000][7][gc,age      ] GC(78) Age table with threshold 15 (max threshold 15)
[2021-05-07T02:04:37.965+0000][7][gc,age      ] GC(78) - age   1:     345824 bytes,     345824 total
[2021-05-07T02:04:37.965+0000][7][gc,age      ] GC(78) - age   2:     280056 bytes,     625880 total
[2021-05-07T02:04:37.965+0000][7][gc,age      ] GC(78) - age   3:       3984 bytes,     629864 total
[2021-05-07T02:04:37.965+0000][7][gc,age      ] GC(78) - age   4:       1512 bytes,     631376 total
[2021-05-07T02:04:37.965+0000][7][gc,age      ] GC(78) - age   5:       1928 bytes,     633304 total
[2021-05-07T02:04:37.965+0000][7][gc,age      ] GC(78) - age   6:      31800 bytes,     665104 total
[2021-05-07T02:04:37.965+0000][7][gc,age      ] GC(78) - age   7:       4784 bytes,     669888 total
[2021-05-07T02:04:37.965+0000][7][gc,age      ] GC(78) - age   8:     379536 bytes,    1049424 total
[2021-05-07T02:04:37.965+0000][7][gc,age      ] GC(78) - age   9:       2912 bytes,    1052336 total
[2021-05-07T02:04:37.965+0000][7][gc,age      ] GC(78) - age  10:       3184 bytes,    1055520 total
[2021-05-07T02:04:37.965+0000][7][gc,age      ] GC(78) - age  11:       1528 bytes,    1057048 total
[2021-05-07T02:04:37.965+0000][7][gc,age      ] GC(78) - age  12:        584 bytes,    1057632 total
[2021-05-07T02:04:37.965+0000][7][gc,age      ] GC(78) - age  13:       7240 bytes,    1064872 total
[2021-05-07T02:04:37.965+0000][7][gc,age      ] GC(78) - age  14:      10328 bytes,    1075200 total
[2021-05-07T02:04:37.965+0000][7][gc,age      ] GC(78) - age  15:       8888 bytes,    1084088 total
[2021-05-07T02:04:37.965+0000][7][gc,phases   ] GC(78)   Pre Evacuate Collection Set: 0.1ms
[2021-05-07T02:04:37.965+0000][7][gc,phases   ] GC(78)   Merge Heap Roots: 0.0ms
[2021-05-07T02:04:37.965+0000][7][gc,phases   ] GC(78)   Evacuate Collection Set: 1.2ms
[2021-05-07T02:04:37.965+0000][7][gc,phases   ] GC(78)   Post Evacuate Collection Set: 0.5ms
[2021-05-07T02:04:37.965+0000][7][gc,phases   ] GC(78)   Other: 0.3ms
[2021-05-07T02:04:37.965+0000][7][gc,heap     ] GC(78) Eden regions: 23->0(23)
[2021-05-07T02:04:37.965+0000][7][gc,heap     ] GC(78) Survivor regions: 1->1(3)
[2021-05-07T02:04:37.965+0000][7][gc,heap     ] GC(78) Old regions: 25->25
[2021-05-07T02:04:37.965+0000][7][gc,heap     ] GC(78) Archive regions: 2->2
[2021-05-07T02:04:37.965+0000][7][gc,heap     ] GC(78) Humongous regions: 2->2
[2021-05-07T02:04:37.965+0000][7][gc,metaspace] GC(78) Metaspace: 107262K(112072K)->107262K(112072K) NonClass: 93373K(96840K)->93373K(96840K) Class: 13888K(15232K)->13888K(15232K)
[2021-05-07T02:04:37.965+0000][7][gc          ] GC(78) Pause Young (Concurrent Start) (G1 Evacuation Pause) 204M->112M(256M) 2.253ms
[2021-05-07T02:04:37.965+0000][7][gc,cpu      ] GC(78) User=0.01s Sys=0.00s Real=0.00s
[2021-05-07T02:04:37.965+0000][7][gc          ] GC(79) Concurrent Cycle
[2021-05-07T02:04:37.965+0000][7][gc,marking  ] GC(79) Concurrent Clear Claimed Marks
[2021-05-07T02:04:37.965+0000][7][safepoint   ] Safepoint "G1CollectForAllocation", Time since last: 6986304094 ns, Reaching safepoint: 81952 ns, At safepoint: 2344279 ns, Total: 2426231 ns
[2021-05-07T02:04:37.965+0000][7][gc,marking  ] GC(79) Concurrent Clear Claimed Marks 0.094ms
[2021-05-07T02:04:37.965+0000][7][gc,marking  ] GC(79) Concurrent Scan Root Regions
[2021-05-07T02:04:37.968+0000][7][gc,marking  ] GC(79) Concurrent Scan Root Regions 2.380ms
[2021-05-07T02:04:37.968+0000][7][gc,marking  ] GC(79) Concurrent Mark (3780.502s)
[2021-05-07T02:04:37.968+0000][7][gc,marking  ] GC(79) Concurrent Mark From Roots
[2021-05-07T02:04:37.968+0000][7][gc,task     ] GC(79) Using 2 workers of 2 for marking
[2021-05-07T02:04:38.052+0000][7][gc,marking  ] GC(79) Concurrent Mark From Roots 83.974ms
[2021-05-07T02:04:38.052+0000][7][gc,marking  ] GC(79) Concurrent Preclean
[2021-05-07T02:04:38.052+0000][7][gc,marking  ] GC(79) Concurrent Preclean 0.250ms
[2021-05-07T02:04:38.052+0000][7][gc,marking  ] GC(79) Concurrent Mark (3780.502s, 3780.586s) 84.281ms
[2021-05-07T02:04:38.052+0000][7][gc,start    ] GC(79) Pause Remark
[2021-05-07T02:04:38.057+0000][7][gc          ] GC(79) Pause Remark 116M->116M(256M) 5.137ms
[2021-05-07T02:04:38.058+0000][7][gc,cpu      ] GC(79) User=0.03s Sys=0.00s Real=0.01s
[2021-05-07T02:04:38.058+0000][7][safepoint   ] Safepoint "G1Concurrent", Time since last: 86904161 ns, Reaching safepoint: 68519 ns, At safepoint: 5230342 ns, Total: 5298861 ns
[2021-05-07T02:04:38.058+0000][7][gc,marking  ] GC(79) Concurrent Rebuild Remembered Sets
[2021-05-07T02:04:38.115+0000][7][gc,marking  ] GC(79) Concurrent Rebuild Remembered Sets 57.239ms
[2021-05-07T02:04:38.115+0000][7][gc,start    ] GC(79) Pause Cleanup
[2021-05-07T02:04:38.115+0000][7][gc          ] GC(79) Pause Cleanup 116M->116M(256M) 0.057ms
[2021-05-07T02:04:38.115+0000][7][gc,cpu      ] GC(79) User=0.00s Sys=0.00s Real=0.00s
[2021-05-07T02:04:38.115+0000][7][safepoint   ] Safepoint "G1Concurrent", Time since last: 57303617 ns, Reaching safepoint: 73905 ns, At safepoint: 96059 ns, Total: 169964 ns
[2021-05-07T02:04:38.115+0000][7][gc,marking  ] GC(79) Concurrent Cleanup for Next Mark
[2021-05-07T02:04:38.115+0000][7][gc,marking  ] GC(79) Concurrent Cleanup for Next Mark 0.110ms
[2021-05-07T02:04:38.115+0000][7][gc          ] GC(79) Concurrent Cycle 149.828ms
[2021-05-07T02:05:05.117+0000][7][safepoint   ] Safepoint "Cleanup", Time since last: 27001879964 ns, Reaching safepoint: 78197 ns, At safepoint: 5500 ns, Total: 83697 ns
[2021-05-07T02:05:08.117+0000][7][safepoint   ] Safepoint "Cleanup", Time since last: 3000350892 ns, Reaching safepoint: 73059 ns, At safepoint: 6579 ns, Total: 79638 ns
[2021-05-07T02:05:38.120+0000][7][safepoint   ] Safepoint "Cleanup", Time since last: 30002297518 ns, Reaching safepoint: 76661 ns, At safepoint: 6001 ns, Total: 82662 ns
[2021-05-07T02:05:57.122+0000][7][safepoint   ] Safepoint "Cleanup", Time since last: 19001919906 ns, Reaching safepoint: 67659 ns, At safepoint: 4054 ns, Total: 71713 ns
[2021-05-07T02:06:05.123+0000][7][safepoint   ] Safepoint "Cleanup", Time since last: 8000753485 ns, Reaching safepoint: 84707 ns, At safepoint: 5246 ns, Total: 89953 ns
[2021-05-07T02:06:06.123+0000][7][safepoint   ] Safepoint "Cleanup", Time since last: 1000136659 ns, Reaching safepoint: 94674 ns, At safepoint: 5083 ns, Total: 99757 ns
[2021-05-07T02:06:07.123+0000][7][safepoint   ] Safepoint "Cleanup", Time since last: 1000090448 ns, Reaching safepoint: 90756 ns, At safepoint: 4338 ns, Total: 95094 ns
[2021-05-07T02:06:08.123+0000][7][safepoint   ] Safepoint "Cleanup", Time since last: 1000252959 ns, Reaching safepoint: 84859 ns, At safepoint: 4454 ns, Total: 89313 ns
[2021-05-07T02:06:27.125+0000][7][safepoint   ] Safepoint "Cleanup", Time since last: 19001662356 ns, Reaching safepoint: 85652 ns, At safepoint: 8407 ns, Total: 94059 ns
[2021-05-07T02:06:31.126+0000][7][safepoint   ] Safepoint "Cleanup", Time since last: 4000449150 ns, Reaching safepoint: 72229 ns, At safepoint: 5793 ns, Total: 78022 ns
[2021-05-07T02:06:35.126+0000][7][safepoint   ] Safepoint "Cleanup", Time since last: 4000567159 ns, Reaching safepoint: 80371 ns, At safepoint: 5353 ns, Total: 85724 ns
[2021-05-07T02:06:38.127+0000][7][safepoint   ] Safepoint "Cleanup", Time since last: 3000285260 ns, Reaching safepoint: 81530 ns, At safepoint: 3319 ns, Total: 84849 ns
[2021-05-07T02:06:40.127+0000][7][safepoint   ] Safepoint "Cleanup", Time since last: 2000273061 ns, Reaching safepoint: 69116 ns, At safepoint: 5273 ns, Total: 74389 ns
[2021-05-07T02:06:47.128+0000][7][safepoint   ] Safepoint "Cleanup", Time since last: 7000565744 ns, Reaching safepoint: 91897 ns, At safepoint: 4593 ns, Total: 96490 ns
[2021-05-07T02:06:55.128+0000][7][safepoint   ] Safepoint "Cleanup", Time since last: 8000634074 ns, Reaching safepoint: 64300 ns, At safepoint: 5199 ns, Total: 69499 ns
[2021-05-07T02:06:57.129+0000][7][safepoint   ] Safepoint "Cleanup", Time since last: 2000159152 ns, Reaching safepoint: 74031 ns, At safepoint: 4883 ns, Total: 78914 ns
[2021-05-07T02:07:03.358+0000][7][gc,start    ] GC(80) Pause Young (Normal) (G1 Evacuation Pause)
[2021-05-07T02:07:03.358+0000][7][gc,task     ] GC(80) Using 6 workers of 8 for evacuation
[2021-05-07T02:07:03.358+0000][7][gc,age      ] GC(80) Desired survivor size 6291456 bytes, new threshold 15 (max threshold 15)
[2021-05-07T02:07:03.360+0000][7][gc,age      ] GC(80) Age table with threshold 15 (max threshold 15)
[2021-05-07T02:07:03.360+0000][7][gc,age      ] GC(80) - age   1:     509856 bytes,     509856 total
[2021-05-07T02:07:03.360+0000][7][gc,age      ] GC(80) - age   2:       4408 bytes,     514264 total
[2021-05-07T02:07:03.360+0000][7][gc,age      ] GC(80) - age   3:     158264 bytes,     672528 total
[2021-05-07T02:07:03.360+0000][7][gc,age      ] GC(80) - age   4:       3856 bytes,     676384 total
[2021-05-07T02:07:03.360+0000][7][gc,age      ] GC(80) - age   5:       1488 bytes,     677872 total
[2021-05-07T02:07:03.360+0000][7][gc,age      ] GC(80) - age   6:       1832 bytes,     679704 total
[2021-05-07T02:07:03.360+0000][7][gc,age      ] GC(80) - age   7:      31800 bytes,     711504 total
[2021-05-07T02:07:03.360+0000][7][gc,age      ] GC(80) - age   8:       4784 bytes,     716288 total
[2021-05-07T02:07:03.360+0000][7][gc,age      ] GC(80) - age   9:     379536 bytes,    1095824 total
[2021-05-07T02:07:03.360+0000][7][gc,age      ] GC(80) - age  10:       2912 bytes,    1098736 total
[2021-05-07T02:07:03.360+0000][7][gc,age      ] GC(80) - age  11:       3184 bytes,    1101920 total
[2021-05-07T02:07:03.360+0000][7][gc,age      ] GC(80) - age  12:       1504 bytes,    1103424 total
[2021-05-07T02:07:03.360+0000][7][gc,age      ] GC(80) - age  13:        584 bytes,    1104008 total
[2021-05-07T02:07:03.360+0000][7][gc,age      ] GC(80) - age  14:       7240 bytes,    1111248 total
[2021-05-07T02:07:03.360+0000][7][gc,age      ] GC(80) - age  15:      10328 bytes,    1121576 total
[2021-05-07T02:07:03.360+0000][7][gc,phases   ] GC(80)   Pre Evacuate Collection Set: 0.0ms
[2021-05-07T02:07:03.360+0000][7][gc,phases   ] GC(80)   Merge Heap Roots: 0.0ms
[2021-05-07T02:07:03.360+0000][7][gc,phases   ] GC(80)   Evacuate Collection Set: 1.2ms
[2021-05-07T02:07:03.360+0000][7][gc,phases   ] GC(80)   Post Evacuate Collection Set: 0.6ms
[2021-05-07T02:07:03.360+0000][7][gc,phases   ] GC(80)   Other: 0.3ms
[2021-05-07T02:07:03.360+0000][7][gc,heap     ] GC(80) Eden regions: 23->0(23)
[2021-05-07T02:07:03.360+0000][7][gc,heap     ] GC(80) Survivor regions: 1->1(3)
[2021-05-07T02:07:03.360+0000][7][gc,heap     ] GC(80) Old regions: 25->25
[2021-05-07T02:07:03.360+0000][7][gc,heap     ] GC(80) Archive regions: 2->2
[2021-05-07T02:07:03.360+0000][7][gc,heap     ] GC(80) Humongous regions: 2->2
[2021-05-07T02:07:03.360+0000][7][gc,metaspace] GC(80) Metaspace: 107359K(112072K)->107359K(112072K) NonClass: 93470K(96840K)->93470K(96840K) Class: 13888K(15232K)->13888K(15232K)
[2021-05-07T02:07:03.360+0000][7][gc          ] GC(80) Pause Young (Normal) (G1 Evacuation Pause) 204M->112M(256M) 2.256ms
[2021-05-07T02:07:03.360+0000][7][gc,cpu      ] GC(80) User=0.01s Sys=0.00s Real=0.00s
[2021-05-07T02:07:03.360+0000][7][safepoint   ] Safepoint "G1CollectForAllocation", Time since last: 6228752890 ns, Reaching safepoint: 90195 ns, At safepoint: 2339638 ns, Total: 2429833 ns
[2021-05-07T02:07:05.360+0000][7][safepoint   ] Safepoint "Cleanup", Time since last: 2000206061 ns, Reaching safepoint: 142947 ns, At safepoint: 5965 ns, Total: 148912 ns
[2021-05-07T02:07:06.360+0000][7][safepoint   ] Safepoint "Cleanup", Time since last: 1000103155 ns, Reaching safepoint: 84051 ns, At safepoint: 3823 ns, Total: 87874 ns
[2021-05-07T02:07:07.361+0000][7][safepoint   ] Safepoint "Cleanup", Time since last: 1000139432 ns, Reaching safepoint: 122205 ns, At safepoint: 4945 ns, Total: 127150 ns
[2021-05-07T02:07:08.361+0000][7][safepoint   ] Safepoint "Cleanup", Time since last: 1000084847 ns, Reaching safepoint: 136823 ns, At safepoint: 5363 ns, Total: 142186 ns
[2021-05-07T02:07:10.361+0000][7][safepoint   ] Safepoint "Cleanup", Time since last: 2000397758 ns, Reaching safepoint: 82201 ns, At safepoint: 6250 ns, Total: 88451 ns
[2021-05-07T02:07:34.363+0000][7][safepoint   ] Safepoint "Cleanup", Time since last: 24001831601 ns, Reaching safepoint: 64013 ns, At safepoint: 5652 ns, Total: 69665 ns
[2021-05-07T02:07:35.363+0000][7][safepoint   ] Safepoint "Cleanup", Time since last: 1000094502 ns, Reaching safepoint: 94036 ns, At safepoint: 5224 ns, Total: 99260 ns
[2021-05-07T02:07:37.364+0000][7][safepoint   ] Safepoint "Cleanup", Time since last: 2000154115 ns, Reaching safepoint: 71624 ns, At safepoint: 5265 ns, Total: 76889 ns
[2021-05-07T02:07:40.364+0000][7][safepoint   ] Safepoint "Cleanup", Time since last: 3000304437 ns, Reaching safepoint: 66938 ns, At safepoint: 5687 ns, Total: 72625 ns
[2021-05-07T02:08:04.366+0000][7][safepoint   ] Safepoint "Cleanup", Time since last: 24002244153 ns, Reaching safepoint: 100962 ns, At safepoint: 6890 ns, Total: 107852 ns
[2021-05-07T02:08:05.367+0000][7][safepoint   ] Safepoint "Cleanup", Time since last: 1000100320 ns, Reaching safepoint: 102071 ns, At safepoint: 6498 ns, Total: 108569 ns
[2021-05-07T02:08:08.367+0000][7][safepoint   ] Safepoint "Cleanup", Time since last: 3000254945 ns, Reaching safepoint: 75911 ns, At safepoint: 4401 ns, Total: 80312 ns
[2021-05-07T02:08:31.369+0000][7][safepoint   ] Safepoint "Cleanup", Time since last: 23002366060 ns, Reaching safepoint: 80397 ns, At safepoint: 6481 ns, Total: 86878 ns
[2021-05-07T02:08:37.370+0000][7][safepoint   ] Safepoint "Cleanup", Time since last: 6000916051 ns, Reaching safepoint: 83995 ns, At safepoint: 5060 ns, Total: 89055 ns
[2021-05-07T02:08:49.372+0000][7][safepoint   ] Safepoint "Cleanup", Time since last: 12001172951 ns, Reaching safepoint: 96274 ns, At safepoint: 5345 ns, Total: 101619 ns
[2021-05-07T02:08:53.022+0000][7][safepoint   ] Safepoint "Cleanup", Time since last: 3650040600 ns, Reaching safepoint: 101161 ns, At safepoint: 6092 ns, Total: 107253 ns
[2021-05-07T02:08:55.022+0000][7][safepoint   ] Safepoint "Cleanup", Time since last: 2000212376 ns, Reaching safepoint: 66947 ns, At safepoint: 4088 ns, Total: 71035 ns
[2021-05-07T02:08:56.022+0000][7][safepoint   ] Safepoint "Cleanup", Time since last: 1000090693 ns, Reaching safepoint: 77312 ns, At safepoint: 4388 ns, Total: 81700 ns
[2021-05-07T02:09:05.023+0000][7][safepoint   ] Safepoint "Cleanup", Time since last: 9000757965 ns, Reaching safepoint: 129017 ns, At safepoint: 8211 ns, Total: 137228 ns
[2021-05-07T02:09:07.023+0000][7][safepoint   ] Safepoint "Cleanup", Time since last: 2000156896 ns, Reaching safepoint: 79600 ns, At safepoint: 4435 ns, Total: 84035 ns
[2021-05-07T02:09:08.024+0000][7][safepoint   ] Safepoint "Cleanup", Time since last: 1000091398 ns, Reaching safepoint: 64238 ns, At safepoint: 4398 ns, Total: 68636 ns
[2021-05-07T02:09:10.024+0000][7][safepoint   ] Safepoint "Cleanup", Time since last: 2000233592 ns, Reaching safepoint: 68844 ns, At safepoint: 6364 ns, Total: 75208 ns
[2021-05-07T02:09:18.410+0000][7][gc,start    ] GC(81) Pause Young (Concurrent Start) (G1 Evacuation Pause)
[2021-05-07T02:09:18.410+0000][7][gc,task     ] GC(81) Using 6 workers of 8 for evacuation
[2021-05-07T02:09:18.410+0000][7][gc,age      ] GC(81) Desired survivor size 6291456 bytes, new threshold 15 (max threshold 15)
[2021-05-07T02:09:18.411+0000][7][gc,age      ] GC(81) Age table with threshold 15 (max threshold 15)
[2021-05-07T02:09:18.411+0000][7][gc,age      ] GC(81) - age   1:     536648 bytes,     536648 total
[2021-05-07T02:09:18.411+0000][7][gc,age      ] GC(81) - age   2:       2424 bytes,     539072 total
[2021-05-07T02:09:18.411+0000][7][gc,age      ] GC(81) - age   3:       3928 bytes,     543000 total
[2021-05-07T02:09:18.411+0000][7][gc,age      ] GC(81) - age   4:     158040 bytes,     701040 total
[2021-05-07T02:09:18.411+0000][7][gc,age      ] GC(81) - age   5:       3816 bytes,     704856 total
[2021-05-07T02:09:18.411+0000][7][gc,age      ] GC(81) - age   6:       1392 bytes,     706248 total
[2021-05-07T02:09:18.411+0000][7][gc,age      ] GC(81) - age   7:       1832 bytes,     708080 total
[2021-05-07T02:09:18.411+0000][7][gc,age      ] GC(81) - age   8:      31800 bytes,     739880 total
[2021-05-07T02:09:18.411+0000][7][gc,age      ] GC(81) - age   9:       4784 bytes,     744664 total
[2021-05-07T02:09:18.411+0000][7][gc,age      ] GC(81) - age  10:     379536 bytes,    1124200 total
[2021-05-07T02:09:18.411+0000][7][gc,age      ] GC(81) - age  11:       2912 bytes,    1127112 total
[2021-05-07T02:09:18.411+0000][7][gc,age      ] GC(81) - age  12:       3184 bytes,    1130296 total
[2021-05-07T02:09:18.411+0000][7][gc,age      ] GC(81) - age  13:       1504 bytes,    1131800 total
[2021-05-07T02:09:18.412+0000][7][gc,age      ] GC(81) - age  14:        584 bytes,    1132384 total
[2021-05-07T02:09:18.412+0000][7][gc,age      ] GC(81) - age  15:       7240 bytes,    1139624 total
[2021-05-07T02:09:18.412+0000][7][gc,phases   ] GC(81)   Pre Evacuate Collection Set: 0.1ms
[2021-05-07T02:09:18.412+0000][7][gc,phases   ] GC(81)   Merge Heap Roots: 0.1ms
[2021-05-07T02:09:18.412+0000][7][gc,phases   ] GC(81)   Evacuate Collection Set: 1.1ms
[2021-05-07T02:09:18.412+0000][7][gc,phases   ] GC(81)   Post Evacuate Collection Set: 0.5ms
[2021-05-07T02:09:18.412+0000][7][gc,phases   ] GC(81)   Other: 0.2ms
[2021-05-07T02:09:18.412+0000][7][gc,heap     ] GC(81) Eden regions: 23->0(23)
[2021-05-07T02:09:18.412+0000][7][gc,heap     ] GC(81) Survivor regions: 1->1(3)
[2021-05-07T02:09:18.412+0000][7][gc,heap     ] GC(81) Old regions: 25->25
[2021-05-07T02:09:18.412+0000][7][gc,heap     ] GC(81) Archive regions: 2->2
[2021-05-07T02:09:18.412+0000][7][gc,heap     ] GC(81) Humongous regions: 2->2
[2021-05-07T02:09:18.412+0000][7][gc,metaspace] GC(81) Metaspace: 107452K(112072K)->107452K(112072K) NonClass: 93560K(96840K)->93560K(96840K) Class: 13891K(15232K)->13891K(15232K)
[2021-05-07T02:09:18.412+0000][7][gc          ] GC(81) Pause Young (Concurrent Start) (G1 Evacuation Pause) 204M->112M(256M) 1.989ms
[2021-05-07T02:09:18.412+0000][7][gc,cpu      ] GC(81) User=0.01s Sys=0.00s Real=0.00s
[2021-05-07T02:09:18.412+0000][7][safepoint   ] Safepoint "G1CollectForAllocation", Time since last: 8385637492 ns, Reaching safepoint: 66360 ns, At safepoint: 2057444 ns, Total: 2123804 ns
[2021-05-07T02:09:18.412+0000][7][gc          ] GC(82) Concurrent Cycle
[2021-05-07T02:09:18.412+0000][7][gc,marking  ] GC(82) Concurrent Clear Claimed Marks
[2021-05-07T02:09:18.412+0000][7][gc,marking  ] GC(82) Concurrent Clear Claimed Marks 0.045ms
[2021-05-07T02:09:18.412+0000][7][gc,marking  ] GC(82) Concurrent Scan Root Regions
[2021-05-07T02:09:18.413+0000][7][gc,marking  ] GC(82) Concurrent Scan Root Regions 0.837ms
[2021-05-07T02:09:18.413+0000][7][gc,marking  ] GC(82) Concurrent Mark (4060.947s)
[2021-05-07T02:09:18.413+0000][7][gc,marking  ] GC(82) Concurrent Mark From Roots
[2021-05-07T02:09:18.413+0000][7][gc,task     ] GC(82) Using 2 workers of 2 for marking
[2021-05-07T02:09:18.495+0000][7][gc,marking  ] GC(82) Concurrent Mark From Roots 82.433ms
[2021-05-07T02:09:18.495+0000][7][gc,marking  ] GC(82) Concurrent Preclean
[2021-05-07T02:09:18.495+0000][7][gc,marking  ] GC(82) Concurrent Preclean 0.237ms
[2021-05-07T02:09:18.495+0000][7][gc,marking  ] GC(82) Concurrent Mark (4060.947s, 4061.029s) 82.715ms
[2021-05-07T02:09:18.495+0000][7][gc,start    ] GC(82) Pause Remark
[2021-05-07T02:09:18.500+0000][7][gc          ] GC(82) Pause Remark 114M->114M(256M) 5.020ms
[2021-05-07T02:09:18.500+0000][7][gc,cpu      ] GC(82) User=0.03s Sys=0.00s Real=0.01s
[2021-05-07T02:09:18.500+0000][7][safepoint   ] Safepoint "G1Concurrent", Time since last: 83663184 ns, Reaching safepoint: 64568 ns, At safepoint: 5095215 ns, Total: 5159783 ns
[2021-05-07T02:09:18.500+0000][7][gc,marking  ] GC(82) Concurrent Rebuild Remembered Sets
[2021-05-07T02:09:18.556+0000][7][gc,marking  ] GC(82) Concurrent Rebuild Remembered Sets 55.643ms
[2021-05-07T02:09:18.556+0000][7][gc,start    ] GC(82) Pause Cleanup
[2021-05-07T02:09:18.556+0000][7][gc          ] GC(82) Pause Cleanup 114M->114M(256M) 0.055ms
[2021-05-07T02:09:18.556+0000][7][gc,cpu      ] GC(82) User=0.00s Sys=0.00s Real=0.00s
[2021-05-07T02:09:18.556+0000][7][safepoint   ] Safepoint "G1Concurrent", Time since last: 55710236 ns, Reaching safepoint: 69454 ns, At safepoint: 93273 ns, Total: 162727 ns
[2021-05-07T02:09:18.556+0000][7][gc,marking  ] GC(82) Concurrent Cleanup for Next Mark
[2021-05-07T02:09:18.556+0000][7][gc,marking  ] GC(82) Concurrent Cleanup for Next Mark 0.109ms
[2021-05-07T02:09:18.556+0000][7][gc          ] GC(82) Concurrent Cycle 144.834ms
[2021-05-07T02:09:38.558+0000][7][safepoint   ] Safepoint "Cleanup", Time since last: 20001811211 ns, Reaching safepoint: 61275 ns, At safepoint: 4193 ns, Total: 65468 ns
[2021-05-07T02:10:07.561+0000][7][safepoint   ] Safepoint "Cleanup", Time since last: 29002294264 ns, Reaching safepoint: 77311 ns, At safepoint: 5201 ns, Total: 82512 ns
[2021-05-07T02:10:31.563+0000][7][safepoint   ] Safepoint "Cleanup", Time since last: 24001934964 ns, Reaching safepoint: 80000 ns, At safepoint: 7671 ns, Total: 87671 ns
[2021-05-07T02:10:37.564+0000][7][safepoint   ] Safepoint "Cleanup", Time since last: 6000972817 ns, Reaching safepoint: 70064 ns, At safepoint: 6146 ns, Total: 76210 ns
[2021-05-07T02:10:42.565+0000][7][safepoint   ] Safepoint "Cleanup", Time since last: 5000872951 ns, Reaching safepoint: 218483 ns, At safepoint: 21975 ns, Total: 240458 ns
[2021-05-07T02:10:46.565+0000][7][safepoint   ] Safepoint "Cleanup", Time since last: 4000396914 ns, Reaching safepoint: 159999 ns, At safepoint: 7072 ns, Total: 167071 ns
[2021-05-07T02:10:49.566+0000][7][safepoint   ] Safepoint "Cleanup", Time since last: 3000436262 ns, Reaching safepoint: 90011 ns, At safepoint: 5438 ns, Total: 95449 ns
[2021-05-07T02:10:55.566+0000][7][safepoint   ] Safepoint "Cleanup", Time since last: 6000418541 ns, Reaching safepoint: 78455 ns, At safepoint: 5510 ns, Total: 83965 ns
[2021-05-07T02:11:02.567+0000][7][safepoint   ] Safepoint "Cleanup", Time since last: 7000634604 ns, Reaching safepoint: 76125 ns, At safepoint: 4738 ns, Total: 80863 ns
[2021-05-07T02:11:05.568+0000][7][safepoint   ] Safepoint "Cleanup", Time since last: 3000439264 ns, Reaching safepoint: 64133 ns, At safepoint: 4129 ns, Total: 68262 ns
[2021-05-07T02:11:08.568+0000][7][safepoint   ] Safepoint "Cleanup", Time since last: 3000217223 ns, Reaching safepoint: 101977 ns, At safepoint: 4832 ns, Total: 106809 ns
[2021-05-07T02:11:17.569+0000][7][safepoint   ] Safepoint "Cleanup", Time since last: 9000752628 ns, Reaching safepoint: 83667 ns, At safepoint: 5435 ns, Total: 89102 ns
[2021-05-07T02:11:34.571+0000][7][safepoint   ] Safepoint "Cleanup", Time since last: 17001718911 ns, Reaching safepoint: 113245 ns, At safepoint: 6557 ns, Total: 119802 ns
[2021-05-07T02:11:38.571+0000][7][safepoint   ] Safepoint "Cleanup", Time since last: 4000277990 ns, Reaching safepoint: 112868 ns, At safepoint: 6824 ns, Total: 119692 ns
[2021-05-07T02:11:43.466+0000][7][gc,start    ] GC(83) Pause Young (Normal) (G1 Evacuation Pause)
[2021-05-07T02:11:43.466+0000][7][gc,task     ] GC(83) Using 6 workers of 8 for evacuation
[2021-05-07T02:11:43.466+0000][7][gc,age      ] GC(83) Desired survivor size 6291456 bytes, new threshold 15 (max threshold 15)
[2021-05-07T02:11:43.468+0000][7][gc,age      ] GC(83) Age table with threshold 15 (max threshold 15)
[2021-05-07T02:11:43.468+0000][7][gc,age      ] GC(83) - age   1:     511688 bytes,     511688 total
[2021-05-07T02:11:43.468+0000][7][gc,age      ] GC(83) - age   2:      15200 bytes,     526888 total
[2021-05-07T02:11:43.468+0000][7][gc,age      ] GC(83) - age   3:       2248 bytes,     529136 total
[2021-05-07T02:11:43.468+0000][7][gc,age      ] GC(83) - age   4:       3888 bytes,     533024 total
[2021-05-07T02:11:43.468+0000][7][gc,age      ] GC(83) - age   5:     157680 bytes,     690704 total
[2021-05-07T02:11:43.468+0000][7][gc,age      ] GC(83) - age   6:       3816 bytes,     694520 total
[2021-05-07T02:11:43.468+0000][7][gc,age      ] GC(83) - age   7:       1368 bytes,     695888 total
[2021-05-07T02:11:43.468+0000][7][gc,age      ] GC(83) - age   8:       1792 bytes,     697680 total
[2021-05-07T02:11:43.468+0000][7][gc,age      ] GC(83) - age   9:      31800 bytes,     729480 total
[2021-05-07T02:11:43.468+0000][7][gc,age      ] GC(83) - age  10:       4784 bytes,     734264 total
[2021-05-07T02:11:43.468+0000][7][gc,age      ] GC(83) - age  11:     379536 bytes,    1113800 total
[2021-05-07T02:11:43.468+0000][7][gc,age      ] GC(83) - age  12:       2912 bytes,    1116712 total
[2021-05-07T02:11:43.468+0000][7][gc,age      ] GC(83) - age  13:       3184 bytes,    1119896 total
[2021-05-07T02:11:43.468+0000][7][gc,age      ] GC(83) - age  14:       1504 bytes,    1121400 total
[2021-05-07T02:11:43.468+0000][7][gc,age      ] GC(83) - age  15:        584 bytes,    1121984 total
[2021-05-07T02:11:43.468+0000][7][gc,phases   ] GC(83)   Pre Evacuate Collection Set: 0.0ms
[2021-05-07T02:11:43.468+0000][7][gc,phases   ] GC(83)   Merge Heap Roots: 0.0ms
[2021-05-07T02:11:43.468+0000][7][gc,phases   ] GC(83)   Evacuate Collection Set: 1.2ms
[2021-05-07T02:11:43.468+0000][7][gc,phases   ] GC(83)   Post Evacuate Collection Set: 0.3ms
[2021-05-07T02:11:43.468+0000][7][gc,phases   ] GC(83)   Other: 0.2ms
[2021-05-07T02:11:43.468+0000][7][gc,heap     ] GC(83) Eden regions: 23->0(23)
[2021-05-07T02:11:43.468+0000][7][gc,heap     ] GC(83) Survivor regions: 1->1(3)
[2021-05-07T02:11:43.468+0000][7][gc,heap     ] GC(83) Old regions: 25->25
[2021-05-07T02:11:43.468+0000][7][gc,heap     ] GC(83) Archive regions: 2->2
[2021-05-07T02:11:43.468+0000][7][gc,heap     ] GC(83) Humongous regions: 2->2
[2021-05-07T02:11:43.468+0000][7][gc,metaspace] GC(83) Metaspace: 107467K(112072K)->107467K(112072K) NonClass: 93575K(96840K)->93575K(96840K) Class: 13891K(15232K)->13891K(15232K)
[2021-05-07T02:11:43.468+0000][7][gc          ] GC(83) Pause Young (Normal) (G1 Evacuation Pause) 204M->112M(256M) 1.856ms
[2021-05-07T02:11:43.468+0000][7][gc,cpu      ] GC(83) User=0.01s Sys=0.00s Real=0.00s
[2021-05-07T02:11:43.468+0000][7][safepoint   ] Safepoint "G1CollectForAllocation", Time since last: 4895054637 ns, Reaching safepoint: 84119 ns, At safepoint: 1915743 ns, Total: 1999862 ns
[2021-05-07T02:12:01.469+0000][7][safepoint   ] Safepoint "Cleanup", Time since last: 18001304574 ns, Reaching safepoint: 110263 ns, At safepoint: 7035 ns, Total: 117298 ns
[2021-05-07T02:12:04.470+0000][7][safepoint   ] Safepoint "Cleanup", Time since last: 3000412165 ns, Reaching safepoint: 70798 ns, At safepoint: 5320 ns, Total: 76118 ns
[2021-05-07T02:12:07.470+0000][7][safepoint   ] Safepoint "Cleanup", Time since last: 3000304449 ns, Reaching safepoint: 110585 ns, At safepoint: 6535 ns, Total: 117120 ns
[2021-05-07T02:12:32.472+0000][7][safepoint   ] Safepoint "Cleanup", Time since last: 25001904560 ns, Reaching safepoint: 85855 ns, At safepoint: 6486 ns, Total: 92341 ns
[2021-05-07T02:13:08.477+0000][7][safepoint   ] Safepoint "Cleanup", Time since last: 36004330353 ns, Reaching safepoint: 71033 ns, At safepoint: 6025 ns, Total: 77058 ns
[2021-05-07T02:13:28.506+0000][7][gc,start    ] GC(84) Pause Young (Concurrent Start) (G1 Evacuation Pause)
[2021-05-07T02:13:28.506+0000][7][gc,task     ] GC(84) Using 6 workers of 8 for evacuation
[2021-05-07T02:13:28.506+0000][7][gc,age      ] GC(84) Desired survivor size 6291456 bytes, new threshold 15 (max threshold 15)
[2021-05-07T02:13:28.509+0000][7][gc,age      ] GC(84) Age table with threshold 15 (max threshold 15)
[2021-05-07T02:13:28.509+0000][7][gc,age      ] GC(84) - age   1:     817960 bytes,     817960 total
[2021-05-07T02:13:28.509+0000][7][gc,age      ] GC(84) - age   2:       2976 bytes,     820936 total
[2021-05-07T02:13:28.509+0000][7][gc,age      ] GC(84) - age   3:       3920 bytes,     824856 total
[2021-05-07T02:13:28.509+0000][7][gc,age      ] GC(84) - age   4:       2248 bytes,     827104 total
[2021-05-07T02:13:28.509+0000][7][gc,age      ] GC(84) - age   5:       3792 bytes,     830896 total
[2021-05-07T02:13:28.509+0000][7][gc,age      ] GC(84) - age   6:       6112 bytes,     837008 total
[2021-05-07T02:13:28.509+0000][7][gc,age      ] GC(84) - age   7:       3816 bytes,     840824 total
[2021-05-07T02:13:28.509+0000][7][gc,age      ] GC(84) - age   8:       1368 bytes,     842192 total
[2021-05-07T02:13:28.509+0000][7][gc,age      ] GC(84) - age   9:       1792 bytes,     843984 total
[2021-05-07T02:13:28.509+0000][7][gc,age      ] GC(84) - age  10:      26600 bytes,     870584 total
[2021-05-07T02:13:28.509+0000][7][gc,age      ] GC(84) - age  11:       4784 bytes,     875368 total
[2021-05-07T02:13:28.509+0000][7][gc,age      ] GC(84) - age  12:     379536 bytes,    1254904 total
[2021-05-07T02:13:28.509+0000][7][gc,age      ] GC(84) - age  13:       2912 bytes,    1257816 total
[2021-05-07T02:13:28.509+0000][7][gc,age      ] GC(84) - age  14:       3184 bytes,    1261000 total
[2021-05-07T02:13:28.509+0000][7][gc,age      ] GC(84) - age  15:       1504 bytes,    1262504 total
[2021-05-07T02:13:28.510+0000][7][gc,phases   ] GC(84)   Pre Evacuate Collection Set: 0.2ms
[2021-05-07T02:13:28.510+0000][7][gc,phases   ] GC(84)   Merge Heap Roots: 0.0ms
[2021-05-07T02:13:28.510+0000][7][gc,phases   ] GC(84)   Evacuate Collection Set: 1.5ms
[2021-05-07T02:13:28.510+0000][7][gc,phases   ] GC(84)   Post Evacuate Collection Set: 1.2ms
[2021-05-07T02:13:28.510+0000][7][gc,phases   ] GC(84)   Other: 0.3ms
[2021-05-07T02:13:28.510+0000][7][gc,heap     ] GC(84) Eden regions: 23->0(23)
[2021-05-07T02:13:28.510+0000][7][gc,heap     ] GC(84) Survivor regions: 1->1(3)
[2021-05-07T02:13:28.510+0000][7][gc,heap     ] GC(84) Old regions: 25->25
[2021-05-07T02:13:28.510+0000][7][gc,heap     ] GC(84) Archive regions: 2->2
[2021-05-07T02:13:28.510+0000][7][gc,heap     ] GC(84) Humongous regions: 2->2
[2021-05-07T02:13:28.510+0000][7][gc,metaspace] GC(84) Metaspace: 107512K(112072K)->107512K(112072K) NonClass: 93621K(96840K)->93621K(96840K) Class: 13891K(15232K)->13891K(15232K)
[2021-05-07T02:13:28.510+0000][7][gc          ] GC(84) Pause Young (Concurrent Start) (G1 Evacuation Pause) 204M->112M(256M) 3.323ms
[2021-05-07T02:13:28.510+0000][7][gc,cpu      ] GC(84) User=0.01s Sys=0.00s Real=0.01s
[2021-05-07T02:13:28.510+0000][7][safepoint   ] Safepoint "G1CollectForAllocation", Time since last: 20029354147 ns, Reaching safepoint: 109430 ns, At safepoint: 3412544 ns, Total: 3521974 ns
[2021-05-07T02:13:28.510+0000][7][gc          ] GC(85) Concurrent Cycle
[2021-05-07T02:13:28.510+0000][7][gc,marking  ] GC(85) Concurrent Clear Claimed Marks
[2021-05-07T02:13:28.510+0000][7][gc,marking  ] GC(85) Concurrent Clear Claimed Marks 0.103ms
[2021-05-07T02:13:28.510+0000][7][gc,marking  ] GC(85) Concurrent Scan Root Regions
[2021-05-07T02:13:28.511+0000][7][gc,marking  ] GC(85) Concurrent Scan Root Regions 0.999ms
[2021-05-07T02:13:28.511+0000][7][gc,marking  ] GC(85) Concurrent Mark (4311.045s)
[2021-05-07T02:13:28.511+0000][7][gc,marking  ] GC(85) Concurrent Mark From Roots
[2021-05-07T02:13:28.511+0000][7][gc,task     ] GC(85) Using 2 workers of 2 for marking
[2021-05-07T02:13:28.598+0000][7][gc,marking  ] GC(85) Concurrent Mark From Roots 87.587ms
[2021-05-07T02:13:28.598+0000][7][gc,marking  ] GC(85) Concurrent Preclean
[2021-05-07T02:13:28.599+0000][7][gc,marking  ] GC(85) Concurrent Preclean 0.233ms
[2021-05-07T02:13:28.599+0000][7][gc,marking  ] GC(85) Concurrent Mark (4311.045s, 4311.133s) 87.864ms
[2021-05-07T02:13:28.599+0000][7][gc,start    ] GC(85) Pause Remark
[2021-05-07T02:13:28.604+0000][7][gc          ] GC(85) Pause Remark 113M->113M(256M) 5.604ms
[2021-05-07T02:13:28.604+0000][7][gc,cpu      ] GC(85) User=0.04s Sys=0.00s Real=0.00s
[2021-05-07T02:13:28.605+0000][7][safepoint   ] Safepoint "G1Concurrent", Time since last: 89080818 ns, Reaching safepoint: 63768 ns, At safepoint: 5694090 ns, Total: 5757858 ns
[2021-05-07T02:13:28.605+0000][7][gc,marking  ] GC(85) Concurrent Rebuild Remembered Sets
[2021-05-07T02:13:28.662+0000][7][gc,marking  ] GC(85) Concurrent Rebuild Remembered Sets 57.334ms
[2021-05-07T02:13:28.662+0000][7][gc,start    ] GC(85) Pause Cleanup
[2021-05-07T02:13:28.662+0000][7][gc          ] GC(85) Pause Cleanup 113M->113M(256M) 0.059ms
[2021-05-07T02:13:28.662+0000][7][gc,cpu      ] GC(85) User=0.00s Sys=0.00s Real=0.00s
[2021-05-07T02:13:28.662+0000][7][safepoint   ] Safepoint "G1Concurrent", Time since last: 57401315 ns, Reaching safepoint: 69352 ns, At safepoint: 94750 ns, Total: 164102 ns
[2021-05-07T02:13:28.662+0000][7][gc,marking  ] GC(85) Concurrent Cleanup for Next Mark
[2021-05-07T02:13:28.662+0000][7][gc,marking  ] GC(85) Concurrent Cleanup for Next Mark 0.143ms
[2021-05-07T02:13:28.662+0000][7][gc          ] GC(85) Concurrent Cycle 152.557ms
[2021-05-07T02:13:38.663+0000][7][safepoint   ] Safepoint "Cleanup", Time since last: 10000912445 ns, Reaching safepoint: 76791 ns, At safepoint: 4126 ns, Total: 80917 ns
[2021-05-07T02:13:57.665+0000][7][safepoint   ] Safepoint "Cleanup", Time since last: 19001649373 ns, Reaching safepoint: 134765 ns, At safepoint: 4358 ns, Total: 139123 ns
[2021-05-07T02:14:01.665+0000][7][safepoint   ] Safepoint "Cleanup", Time since last: 4000302362 ns, Reaching safepoint: 100976 ns, At safepoint: 7472 ns, Total: 108448 ns
[2021-05-07T02:14:02.665+0000][7][safepoint   ] Safepoint "Cleanup", Time since last: 1000101386 ns, Reaching safepoint: 68820 ns, At safepoint: 6117 ns, Total: 74937 ns
[2021-05-07T02:14:05.666+0000][7][safepoint   ] Safepoint "Cleanup", Time since last: 3000259486 ns, Reaching safepoint: 110980 ns, At safepoint: 7183 ns, Total: 118163 ns
[2021-05-07T02:14:22.667+0000][7][safepoint   ] Safepoint "Cleanup", Time since last: 17001261328 ns, Reaching safepoint: 79970 ns, At safepoint: 5659 ns, Total: 85629 ns
[2021-05-07T02:14:26.668+0000][7][safepoint   ] Safepoint "Cleanup", Time since last: 4000318139 ns, Reaching safepoint: 87539 ns, At safepoint: 5594 ns, Total: 93133 ns
[2021-05-07T02:14:37.668+0000][7][safepoint   ] Safepoint "Cleanup", Time since last: 11000756915 ns, Reaching safepoint: 71536 ns, At safepoint: 4349 ns, Total: 75885 ns
[2021-05-07T02:14:49.670+0000][7][safepoint   ] Safepoint "Cleanup", Time since last: 12000942298 ns, Reaching safepoint: 148718 ns, At safepoint: 7413 ns, Total: 156131 ns
[2021-05-07T02:15:08.671+0000][7][safepoint   ] Safepoint "Cleanup", Time since last: 19001602599 ns, Reaching safepoint: 99773 ns, At safepoint: 5362 ns, Total: 105135 ns
[2021-05-07T02:15:35.674+0000][7][safepoint   ] Safepoint "Cleanup", Time since last: 27002766939 ns, Reaching safepoint: 89620 ns, At safepoint: 5818 ns, Total: 95438 ns
[2021-05-07T02:15:56.327+0000][7][gc,start    ] GC(86) Pause Young (Normal) (G1 Evacuation Pause)
[2021-05-07T02:15:56.327+0000][7][gc,task     ] GC(86) Using 6 workers of 8 for evacuation
[2021-05-07T02:15:56.327+0000][7][gc,age      ] GC(86) Desired survivor size 6291456 bytes, new threshold 15 (max threshold 15)
[2021-05-07T02:15:56.329+0000][7][gc,age      ] GC(86) Age table with threshold 15 (max threshold 15)
[2021-05-07T02:15:56.329+0000][7][gc,age      ] GC(86) - age   1:     539216 bytes,     539216 total
[2021-05-07T02:15:56.329+0000][7][gc,age      ] GC(86) - age   2:     307352 bytes,     846568 total
[2021-05-07T02:15:56.329+0000][7][gc,age      ] GC(86) - age   3:       2768 bytes,     849336 total
[2021-05-07T02:15:56.329+0000][7][gc,age      ] GC(86) - age   4:       3920 bytes,     853256 total
[2021-05-07T02:15:56.329+0000][7][gc,age      ] GC(86) - age   5:       2248 bytes,     855504 total
[2021-05-07T02:15:56.329+0000][7][gc,age      ] GC(86) - age   6:       3792 bytes,     859296 total
[2021-05-07T02:15:56.329+0000][7][gc,age      ] GC(86) - age   7:       6112 bytes,     865408 total
[2021-05-07T02:15:56.329+0000][7][gc,age      ] GC(86) - age   8:       3816 bytes,     869224 total
[2021-05-07T02:15:56.329+0000][7][gc,age      ] GC(86) - age   9:       1368 bytes,     870592 total
[2021-05-07T02:15:56.329+0000][7][gc,age      ] GC(86) - age  10:       1792 bytes,     872384 total
[2021-05-07T02:15:56.329+0000][7][gc,age      ] GC(86) - age  11:      26600 bytes,     898984 total
[2021-05-07T02:15:56.329+0000][7][gc,age      ] GC(86) - age  12:       4784 bytes,     903768 total
[2021-05-07T02:15:56.329+0000][7][gc,age      ] GC(86) - age  13:     379536 bytes,    1283304 total
[2021-05-07T02:15:56.329+0000][7][gc,age      ] GC(86) - age  14:       2912 bytes,    1286216 total
[2021-05-07T02:15:56.329+0000][7][gc,age      ] GC(86) - age  15:       3184 bytes,    1289400 total
[2021-05-07T02:15:56.330+0000][7][gc,phases   ] GC(86)   Pre Evacuate Collection Set: 0.1ms
[2021-05-07T02:15:56.330+0000][7][gc,phases   ] GC(86)   Merge Heap Roots: 0.0ms
[2021-05-07T02:15:56.330+0000][7][gc,phases   ] GC(86)   Evacuate Collection Set: 1.4ms
[2021-05-07T02:15:56.330+0000][7][gc,phases   ] GC(86)   Post Evacuate Collection Set: 0.4ms
[2021-05-07T02:15:56.330+0000][7][gc,phases   ] GC(86)   Other: 0.3ms
[2021-05-07T02:15:56.330+0000][7][gc,heap     ] GC(86) Eden regions: 23->0(23)
[2021-05-07T02:15:56.330+0000][7][gc,heap     ] GC(86) Survivor regions: 1->1(3)
[2021-05-07T02:15:56.330+0000][7][gc,heap     ] GC(86) Old regions: 25->25
[2021-05-07T02:15:56.330+0000][7][gc,heap     ] GC(86) Archive regions: 2->2
[2021-05-07T02:15:56.330+0000][7][gc,heap     ] GC(86) Humongous regions: 2->2
[2021-05-07T02:15:56.330+0000][7][gc,metaspace] GC(86) Metaspace: 107540K(112328K)->107540K(112328K) NonClass: 93647K(97096K)->93647K(97096K) Class: 13892K(15232K)->13892K(15232K)
[2021-05-07T02:15:56.330+0000][7][gc          ] GC(86) Pause Young (Normal) (G1 Evacuation Pause) 204M->112M(256M) 2.207ms
[2021-05-07T02:15:56.330+0000][7][gc,cpu      ] GC(86) User=0.01s Sys=0.00s Real=0.01s
[2021-05-07T02:15:56.330+0000][7][safepoint   ] Safepoint "G1CollectForAllocation", Time since last: 20653142525 ns, Reaching safepoint: 158798 ns, At safepoint: 2285146 ns, Total: 2443944 ns
[2021-05-07T02:16:01.330+0000][7][safepoint   ] Safepoint "Cleanup", Time since last: 5000361934 ns, Reaching safepoint: 77556 ns, At safepoint: 6905 ns, Total: 84461 ns
[2021-05-07T02:16:27.332+0000][7][safepoint   ] Safepoint "Cleanup", Time since last: 26002025152 ns, Reaching safepoint: 116988 ns, At safepoint: 6742 ns, Total: 123730 ns
[2021-05-07T02:16:28.333+0000][7][safepoint   ] Safepoint "Cleanup", Time since last: 1000200934 ns, Reaching safepoint: 74201 ns, At safepoint: 12720 ns, Total: 86921 ns
[2021-05-07T02:17:01.336+0000][7][safepoint   ] Safepoint "Cleanup", Time since last: 33002980049 ns, Reaching safepoint: 85964 ns, At safepoint: 4274 ns, Total: 90238 ns
[2021-05-07T02:17:43.339+0000][7][safepoint   ] Safepoint "Cleanup", Time since last: 42003062931 ns, Reaching safepoint: 73235 ns, At safepoint: 4272 ns, Total: 77507 ns
[2021-05-07T02:17:46.339+0000][7][safepoint   ] Safepoint "Cleanup", Time since last: 3000295424 ns, Reaching safepoint: 72930 ns, At safepoint: 3603 ns, Total: 76533 ns
[2021-05-07T02:17:48.339+0000][7][safepoint   ] Safepoint "Cleanup", Time since last: 2000155348 ns, Reaching safepoint: 72258 ns, At safepoint: 4882 ns, Total: 77140 ns
[2021-05-07T02:18:01.340+0000][7][safepoint   ] Safepoint "Cleanup", Time since last: 13000894487 ns, Reaching safepoint: 76932 ns, At safepoint: 5478 ns, Total: 82410 ns
[2021-05-07T02:18:08.341+0000][7][safepoint   ] Safepoint "Cleanup", Time since last: 7000458937 ns, Reaching safepoint: 109098 ns, At safepoint: 7086 ns, Total: 116184 ns
[2021-05-07T02:18:08.616+0000][7][gc,start    ] GC(87) Pause Young (Concurrent Start) (G1 Evacuation Pause)
[2021-05-07T02:18:08.616+0000][7][gc,task     ] GC(87) Using 6 workers of 8 for evacuation
[2021-05-07T02:18:08.616+0000][7][gc,age      ] GC(87) Desired survivor size 6291456 bytes, new threshold 15 (max threshold 15)
[2021-05-07T02:18:08.619+0000][7][gc,age      ] GC(87) Age table with threshold 15 (max threshold 15)
[2021-05-07T02:18:08.619+0000][7][gc,age      ] GC(87) - age   1:     517584 bytes,     517584 total
[2021-05-07T02:18:08.619+0000][7][gc,age      ] GC(87) - age   2:       4000 bytes,     521584 total
[2021-05-07T02:18:08.619+0000][7][gc,age      ] GC(87) - age   3:     185848 bytes,     707432 total
[2021-05-07T02:18:08.619+0000][7][gc,age      ] GC(87) - age   4:       2576 bytes,     710008 total
[2021-05-07T02:18:08.619+0000][7][gc,age      ] GC(87) - age   5:       3920 bytes,     713928 total
[2021-05-07T02:18:08.619+0000][7][gc,age      ] GC(87) - age   6:       2248 bytes,     716176 total
[2021-05-07T02:18:08.619+0000][7][gc,age      ] GC(87) - age   7:       3792 bytes,     719968 total
[2021-05-07T02:18:08.619+0000][7][gc,age      ] GC(87) - age   8:       5904 bytes,     725872 total
[2021-05-07T02:18:08.619+0000][7][gc,age      ] GC(87) - age   9:       3816 bytes,     729688 total
[2021-05-07T02:18:08.619+0000][7][gc,age      ] GC(87) - age  10:       1368 bytes,     731056 total
[2021-05-07T02:18:08.619+0000][7][gc,age      ] GC(87) - age  11:       1792 bytes,     732848 total
[2021-05-07T02:18:08.619+0000][7][gc,age      ] GC(87) - age  12:      26600 bytes,     759448 total
[2021-05-07T02:18:08.619+0000][7][gc,age      ] GC(87) - age  13:       4784 bytes,     764232 total
[2021-05-07T02:18:08.619+0000][7][gc,age      ] GC(87) - age  14:     379536 bytes,    1143768 total
[2021-05-07T02:18:08.619+0000][7][gc,age      ] GC(87) - age  15:       2912 bytes,    1146680 total
[2021-05-07T02:18:08.619+0000][7][gc,phases   ] GC(87)   Pre Evacuate Collection Set: 0.2ms
[2021-05-07T02:18:08.619+0000][7][gc,phases   ] GC(87)   Merge Heap Roots: 0.1ms
[2021-05-07T02:18:08.619+0000][7][gc,phases   ] GC(87)   Evacuate Collection Set: 1.7ms
[2021-05-07T02:18:08.619+0000][7][gc,phases   ] GC(87)   Post Evacuate Collection Set: 0.6ms
[2021-05-07T02:18:08.619+0000][7][gc,phases   ] GC(87)   Other: 0.4ms
[2021-05-07T02:18:08.619+0000][7][gc,heap     ] GC(87) Eden regions: 23->0(23)
[2021-05-07T02:18:08.619+0000][7][gc,heap     ] GC(87) Survivor regions: 1->1(3)
[2021-05-07T02:18:08.619+0000][7][gc,heap     ] GC(87) Old regions: 25->25
[2021-05-07T02:18:08.619+0000][7][gc,heap     ] GC(87) Archive regions: 2->2
[2021-05-07T02:18:08.619+0000][7][gc,heap     ] GC(87) Humongous regions: 2->2
[2021-05-07T02:18:08.619+0000][7][gc,metaspace] GC(87) Metaspace: 107540K(112328K)->107540K(112328K) NonClass: 93647K(97096K)->93647K(97096K) Class: 13892K(15232K)->13892K(15232K)
[2021-05-07T02:18:08.619+0000][7][gc          ] GC(87) Pause Young (Concurrent Start) (G1 Evacuation Pause) 204M->112M(256M) 2.936ms
[2021-05-07T02:18:08.619+0000][7][gc,cpu      ] GC(87) User=0.01s Sys=0.00s Real=0.01s
[2021-05-07T02:18:08.619+0000][7][gc          ] GC(88) Concurrent Cycle
[2021-05-07T02:18:08.619+0000][7][gc,marking  ] GC(88) Concurrent Clear Claimed Marks
[2021-05-07T02:18:08.619+0000][7][safepoint   ] Safepoint "G1CollectForAllocation", Time since last: 274950696 ns, Reaching safepoint: 78763 ns, At safepoint: 3013217 ns, Total: 3091980 ns
[2021-05-07T02:18:08.619+0000][7][gc,marking  ] GC(88) Concurrent Clear Claimed Marks 0.075ms
[2021-05-07T02:18:08.619+0000][7][gc,marking  ] GC(88) Concurrent Scan Root Regions
[2021-05-07T02:18:08.621+0000][7][gc,marking  ] GC(88) Concurrent Scan Root Regions 1.703ms
[2021-05-07T02:18:08.621+0000][7][gc,marking  ] GC(88) Concurrent Mark (4591.155s)
[2021-05-07T02:18:08.621+0000][7][gc,marking  ] GC(88) Concurrent Mark From Roots
[2021-05-07T02:18:08.621+0000][7][gc,task     ] GC(88) Using 2 workers of 2 for marking
[2021-05-07T02:18:08.705+0000][7][gc,marking  ] GC(88) Concurrent Mark From Roots 84.120ms
[2021-05-07T02:18:08.705+0000][7][gc,marking  ] GC(88) Concurrent Preclean
[2021-05-07T02:18:08.705+0000][7][gc,marking  ] GC(88) Concurrent Preclean 0.264ms
[2021-05-07T02:18:08.705+0000][7][gc,marking  ] GC(88) Concurrent Mark (4591.155s, 4591.239s) 84.434ms
[2021-05-07T02:18:08.705+0000][7][gc,start    ] GC(88) Pause Remark
[2021-05-07T02:18:08.711+0000][7][gc          ] GC(88) Pause Remark 114M->114M(256M) 5.207ms
[2021-05-07T02:18:08.711+0000][7][gc,cpu      ] GC(88) User=0.02s Sys=0.00s Real=0.01s
[2021-05-07T02:18:08.711+0000][7][safepoint   ] Safepoint "G1Concurrent", Time since last: 86329255 ns, Reaching safepoint: 85061 ns, At safepoint: 5284638 ns, Total: 5369699 ns
[2021-05-07T02:18:08.711+0000][7][gc,marking  ] GC(88) Concurrent Rebuild Remembered Sets
[2021-05-07T02:18:08.780+0000][7][gc,marking  ] GC(88) Concurrent Rebuild Remembered Sets 69.274ms
[2021-05-07T02:18:08.780+0000][7][gc,start    ] GC(88) Pause Cleanup
[2021-05-07T02:18:08.780+0000][7][gc          ] GC(88) Pause Cleanup 114M->114M(256M) 0.068ms
[2021-05-07T02:18:08.780+0000][7][gc,cpu      ] GC(88) User=0.00s Sys=0.00s Real=0.00s
[2021-05-07T02:18:08.780+0000][7][safepoint   ] Safepoint "G1Concurrent", Time since last: 69363502 ns, Reaching safepoint: 75554 ns, At safepoint: 121805 ns, Total: 197359 ns
[2021-05-07T02:18:08.780+0000][7][gc,marking  ] GC(88) Concurrent Cleanup for Next Mark
[2021-05-07T02:18:08.780+0000][7][gc,marking  ] GC(88) Concurrent Cleanup for Next Mark 0.111ms
[2021-05-07T02:18:08.780+0000][7][gc          ] GC(88) Concurrent Cycle 161.406ms
[2021-05-07T02:18:12.569+0000][7][gc,heap,exit] Heap
[2021-05-07T02:18:12.569+0000][7][gc,heap,exit]  garbage-first heap   total 262144K, used 127698K [0x00000000f0000000, 0x0000000100000000)
[2021-05-07T02:18:12.569+0000][7][gc,heap,exit]   region size 4096K, 5 young (20480K), 1 survivors (4096K)
[2021-05-07T02:18:12.569+0000][7][gc,heap,exit]  Metaspace       used 107726K, capacity 111244K, committed 112456K, reserved 1146880K
[2021-05-07T02:18:12.569+0000][7][gc,heap,exit]   class space    used 13926K, capacity 15185K, committed 15360K, reserved 1048576K
