[2021-05-02T13:15:20.085+0000][7][gc] Using G1
[2021-05-02T13:15:20.213+0000][7][gc,init] Version: 15.0.1+9 (release)
[2021-05-02T13:15:20.213+0000][7][gc,init] CPUs: 8 total, 8 available
[2021-05-02T13:15:20.213+0000][7][gc,init] Memory: 15907M
[2021-05-02T13:15:20.213+0000][7][gc,init] Large Page Support: Disabled
[2021-05-02T13:15:20.213+0000][7][gc,init] NUMA Support: Disabled
[2021-05-02T13:15:20.213+0000][7][gc,init] Compressed Oops: Enabled (32-bit)
[2021-05-02T13:15:20.213+0000][7][gc,init] Heap Region Size: 4M
[2021-05-02T13:15:20.213+0000][7][gc,init] Heap Min Capacity: 256M
[2021-05-02T13:15:20.213+0000][7][gc,init] Heap Initial Capacity: 256M
[2021-05-02T13:15:20.213+0000][7][gc,init] Heap Max Capacity: 256M
[2021-05-02T13:15:20.213+0000][7][gc,init] Pre-touch: Enabled
[2021-05-02T13:15:20.213+0000][7][gc,init] Parallel Workers: 8
[2021-05-02T13:15:20.213+0000][7][gc,init] Concurrent Workers: 2
[2021-05-02T13:15:20.213+0000][7][gc,init] Concurrent Refinement Workers: 8
[2021-05-02T13:15:20.213+0000][7][gc,init] Periodic GC: Disabled
[2021-05-02T13:15:20.213+0000][7][gc,cds ] Mark closed archive regions in map: [0x00000000ffc00000, 0x00000000ffc7bff8]
[2021-05-02T13:15:20.213+0000][7][gc,cds ] Mark open archive regions in map: [0x00000000ffb00000, 0x00000000ffb51ff8]
[2021-05-02T13:15:20.213+0000][7][gc,metaspace] CDS archive(s) mapped at: [0x0000000800000000-0x0000000800b2a000-0x0000000800b2a000), size 11706368, SharedBaseAddress: 0x0000000800000000, ArchiveRelocationMode: 0.
[2021-05-02T13:15:20.213+0000][7][gc,metaspace] Compressed class space mapped at: 0x0000000800b2c000-0x0000000840b2c000, size: 1073741824
[2021-05-02T13:15:20.213+0000][7][gc,metaspace] Narrow klass base: 0x0000000800000000, Narrow klass shift: 3, Narrow klass range: 0x100000000
[2021-05-02T13:15:20.862+0000][7][safepoint   ] Safepoint "ICBufferFull", Time since last: 640749366 ns, Reaching safepoint: 226663 ns, At safepoint: 5617 ns, Total: 232280 ns
[2021-05-02T13:15:21.039+0000][7][gc,start    ] GC(0) Pause Young (Normal) (G1 Evacuation Pause)
[2021-05-02T13:15:21.040+0000][7][gc,task     ] GC(0) Using 6 workers of 8 for evacuation
[2021-05-02T13:15:21.040+0000][7][gc,age      ] GC(0) Desired survivor size 2097152 bytes, new threshold 15 (max threshold 15)
[2021-05-02T13:15:21.046+0000][7][gc,age      ] GC(0) Age table with threshold 15 (max threshold 15)
[2021-05-02T13:15:21.046+0000][7][gc,age      ] GC(0) - age   1:    3618944 bytes,    3618944 total
[2021-05-02T13:15:21.046+0000][7][gc,phases   ] GC(0)   Pre Evacuate Collection Set: 0.0ms
[2021-05-02T13:15:21.046+0000][7][gc,phases   ] GC(0)   Merge Heap Roots: 0.0ms
[2021-05-02T13:15:21.046+0000][7][gc,phases   ] GC(0)   Evacuate Collection Set: 5.1ms
[2021-05-02T13:15:21.046+0000][7][gc,phases   ] GC(0)   Post Evacuate Collection Set: 0.4ms
[2021-05-02T13:15:21.046+0000][7][gc,phases   ] GC(0)   Other: 0.7ms
[2021-05-02T13:15:21.046+0000][7][gc,heap     ] GC(0) Eden regions: 5->0(5)
[2021-05-02T13:15:21.046+0000][7][gc,heap     ] GC(0) Survivor regions: 0->1(1)
[2021-05-02T13:15:21.046+0000][7][gc,heap     ] GC(0) Old regions: 0->0
[2021-05-02T13:15:21.046+0000][7][gc,heap     ] GC(0) Archive regions: 2->2
[2021-05-02T13:15:21.046+0000][7][gc,heap     ] GC(0) Humongous regions: 0->0
[2021-05-02T13:15:21.046+0000][7][gc,metaspace] GC(0) Metaspace: 6461K(8960K)->6461K(8960K) NonClass: 5756K(7936K)->5756K(7936K) Class: 704K(1024K)->704K(1024K)
[2021-05-02T13:15:21.046+0000][7][gc          ] GC(0) Pause Young (Normal) (G1 Evacuation Pause) 23M->7M(256M) 6.329ms
[2021-05-02T13:15:21.046+0000][7][gc,cpu      ] GC(0) User=0.01s Sys=0.00s Real=0.01s
[2021-05-02T13:15:21.046+0000][7][safepoint   ] Safepoint "G1CollectForAllocation", Time since last: 177690580 ns, Reaching safepoint: 61659 ns, At safepoint: 6400231 ns, Total: 6461890 ns
[2021-05-02T13:15:22.330+0000][7][safepoint   ] Safepoint "Cleanup", Time since last: 1284226430 ns, Reaching safepoint: 161812 ns, At safepoint: 5806 ns, Total: 167618 ns
[2021-05-02T13:15:22.519+0000][7][gc,start    ] GC(1) Pause Young (Normal) (G1 Evacuation Pause)
[2021-05-02T13:15:22.519+0000][7][gc,task     ] GC(1) Using 6 workers of 8 for evacuation
[2021-05-02T13:15:22.519+0000][7][gc,age      ] GC(1) Desired survivor size 2097152 bytes, new threshold 1 (max threshold 15)
[2021-05-02T13:15:22.524+0000][7][gc,age      ] GC(1) Age table with threshold 1 (max threshold 15)
[2021-05-02T13:15:22.524+0000][7][gc,age      ] GC(1) - age   1:    2036760 bytes,    2036760 total
[2021-05-02T13:15:22.524+0000][7][gc,phases   ] GC(1)   Pre Evacuate Collection Set: 0.1ms
[2021-05-02T13:15:22.524+0000][7][gc,phases   ] GC(1)   Merge Heap Roots: 0.0ms
[2021-05-02T13:15:22.524+0000][7][gc,phases   ] GC(1)   Evacuate Collection Set: 4.0ms
[2021-05-02T13:15:22.524+0000][7][gc,phases   ] GC(1)   Post Evacuate Collection Set: 0.5ms
[2021-05-02T13:15:22.524+0000][7][gc,phases   ] GC(1)   Other: 0.2ms
[2021-05-02T13:15:22.524+0000][7][gc,heap     ] GC(1) Eden regions: 5->0(12)
[2021-05-02T13:15:22.524+0000][7][gc,heap     ] GC(1) Survivor regions: 1->1(1)
[2021-05-02T13:15:22.524+0000][7][gc,heap     ] GC(1) Old regions: 0->1
[2021-05-02T13:15:22.524+0000][7][gc,heap     ] GC(1) Archive regions: 2->2
[2021-05-02T13:15:22.524+0000][7][gc,heap     ] GC(1) Humongous regions: 0->0
[2021-05-02T13:15:22.524+0000][7][gc,metaspace] GC(1) Metaspace: 11852K(12288K)->11852K(12288K) NonClass: 10433K(10752K)->10433K(10752K) Class: 1418K(1536K)->1418K(1536K)
[2021-05-02T13:15:22.524+0000][7][gc          ] GC(1) Pause Young (Normal) (G1 Evacuation Pause) 27M->9M(256M) 4.916ms
[2021-05-02T13:15:22.524+0000][7][gc,cpu      ] GC(1) User=0.03s Sys=0.00s Real=0.01s
[2021-05-02T13:15:22.526+0000][7][safepoint   ] Safepoint "G1CollectForAllocation", Time since last: 188716808 ns, Reaching safepoint: 83512 ns, At safepoint: 6594202 ns, Total: 6677714 ns
[2021-05-02T13:15:23.236+0000][7][safepoint   ] Safepoint "ICBufferFull", Time since last: 710158085 ns, Reaching safepoint: 557277 ns, At safepoint: 9490 ns, Total: 566767 ns
[2021-05-02T13:15:23.687+0000][7][gc,start    ] GC(2) Pause Young (Normal) (G1 Evacuation Pause)
[2021-05-02T13:15:23.687+0000][7][gc,task     ] GC(2) Using 6 workers of 8 for evacuation
[2021-05-02T13:15:23.687+0000][7][gc,age      ] GC(2) Desired survivor size 4194304 bytes, new threshold 15 (max threshold 15)
[2021-05-02T13:15:23.706+0000][7][gc,age      ] GC(2) Age table with threshold 15 (max threshold 15)
[2021-05-02T13:15:23.706+0000][7][gc,age      ] GC(2) - age   1:    1864720 bytes,    1864720 total
[2021-05-02T13:15:23.706+0000][7][gc,age      ] GC(2) - age   2:    1938152 bytes,    3802872 total
[2021-05-02T13:15:23.706+0000][7][gc,phases   ] GC(2)   Pre Evacuate Collection Set: 0.0ms
[2021-05-02T13:15:23.706+0000][7][gc,phases   ] GC(2)   Merge Heap Roots: 0.0ms
[2021-05-02T13:15:23.706+0000][7][gc,phases   ] GC(2)   Evacuate Collection Set: 11.4ms
[2021-05-02T13:15:23.706+0000][7][gc,phases   ] GC(2)   Post Evacuate Collection Set: 7.3ms
[2021-05-02T13:15:23.706+0000][7][gc,phases   ] GC(2)   Other: 0.2ms
[2021-05-02T13:15:23.706+0000][7][gc,heap     ] GC(2) Eden regions: 12->0(36)
[2021-05-02T13:15:23.706+0000][7][gc,heap     ] GC(2) Survivor regions: 1->1(2)
[2021-05-02T13:15:23.706+0000][7][gc,heap     ] GC(2) Old regions: 1->1
[2021-05-02T13:15:23.706+0000][7][gc,heap     ] GC(2) Archive regions: 2->2
[2021-05-02T13:15:23.706+0000][7][gc,heap     ] GC(2) Humongous regions: 0->0
[2021-05-02T13:15:23.706+0000][7][gc,metaspace] GC(2) Metaspace: 14769K(15232K)->14769K(15232K) NonClass: 13071K(13312K)->13071K(13312K) Class: 1698K(1920K)->1698K(1920K)
[2021-05-02T13:15:23.706+0000][7][gc          ] GC(2) Pause Young (Normal) (G1 Evacuation Pause) 57M->11M(256M) 19.182ms
[2021-05-02T13:15:23.706+0000][7][gc,cpu      ] GC(2) User=0.04s Sys=0.00s Real=0.02s
[2021-05-02T13:15:23.707+0000][7][safepoint   ] Safepoint "G1CollectForAllocation", Time since last: 450458934 ns, Reaching safepoint: 147407 ns, At safepoint: 20609700 ns, Total: 20757107 ns
[2021-05-02T13:15:24.182+0000][7][safepoint   ] Safepoint "ICBufferFull", Time since last: 474669655 ns, Reaching safepoint: 130963 ns, At safepoint: 7709 ns, Total: 138672 ns
[2021-05-02T13:15:24.189+0000][7][safepoint   ] Safepoint "ICBufferFull", Time since last: 6553445 ns, Reaching safepoint: 137138 ns, At safepoint: 9264 ns, Total: 146402 ns
[2021-05-02T13:15:24.194+0000][7][safepoint   ] Safepoint "ICBufferFull", Time since last: 4385722 ns, Reaching safepoint: 138397 ns, At safepoint: 11804 ns, Total: 150201 ns
[2021-05-02T13:15:24.198+0000][7][safepoint   ] Safepoint "ICBufferFull", Time since last: 3935661 ns, Reaching safepoint: 152635 ns, At safepoint: 9750 ns, Total: 162385 ns
[2021-05-02T13:15:24.204+0000][7][safepoint   ] Safepoint "ICBufferFull", Time since last: 5945322 ns, Reaching safepoint: 154424 ns, At safepoint: 6377 ns, Total: 160801 ns
[2021-05-02T13:15:24.208+0000][7][safepoint   ] Safepoint "ICBufferFull", Time since last: 4148951 ns, Reaching safepoint: 354376 ns, At safepoint: 10399 ns, Total: 364775 ns
[2021-05-02T13:15:24.214+0000][7][safepoint   ] Safepoint "ICBufferFull", Time since last: 5973607 ns, Reaching safepoint: 153579 ns, At safepoint: 7476 ns, Total: 161055 ns
[2021-05-02T13:15:24.219+0000][7][safepoint   ] Safepoint "ICBufferFull", Time since last: 4924478 ns, Reaching safepoint: 145966 ns, At safepoint: 5610 ns, Total: 151576 ns
[2021-05-02T13:15:24.223+0000][7][safepoint   ] Safepoint "ICBufferFull", Time since last: 3811646 ns, Reaching safepoint: 144584 ns, At safepoint: 5843 ns, Total: 150427 ns
[2021-05-02T13:15:24.229+0000][7][safepoint   ] Safepoint "ICBufferFull", Time since last: 5386625 ns, Reaching safepoint: 98477 ns, At safepoint: 6475 ns, Total: 104952 ns
[2021-05-02T13:15:24.232+0000][7][safepoint   ] Safepoint "ICBufferFull", Time since last: 3048515 ns, Reaching safepoint: 331058 ns, At safepoint: 9298 ns, Total: 340356 ns
[2021-05-02T13:15:24.236+0000][7][safepoint   ] Safepoint "ICBufferFull", Time since last: 3931538 ns, Reaching safepoint: 73750 ns, At safepoint: 6900 ns, Total: 80650 ns
[2021-05-02T13:15:24.241+0000][7][safepoint   ] Safepoint "ICBufferFull", Time since last: 4791659 ns, Reaching safepoint: 57777 ns, At safepoint: 5314 ns, Total: 63091 ns
[2021-05-02T13:15:24.246+0000][7][safepoint   ] Safepoint "ICBufferFull", Time since last: 5145430 ns, Reaching safepoint: 73943 ns, At safepoint: 4810 ns, Total: 78753 ns
[2021-05-02T13:15:24.251+0000][7][safepoint   ] Safepoint "ICBufferFull", Time since last: 4307127 ns, Reaching safepoint: 76365 ns, At safepoint: 9028 ns, Total: 85393 ns
[2021-05-02T13:15:24.942+0000][7][safepoint   ] Safepoint "ICBufferFull", Time since last: 691147922 ns, Reaching safepoint: 230022 ns, At safepoint: 10136 ns, Total: 240158 ns
[2021-05-02T13:15:25.040+0000][7][gc,start    ] GC(3) Pause Young (Normal) (G1 Evacuation Pause)
[2021-05-02T13:15:25.040+0000][7][gc,task     ] GC(3) Using 6 workers of 8 for evacuation
[2021-05-02T13:15:25.040+0000][7][gc,age      ] GC(3) Desired survivor size 10485760 bytes, new threshold 15 (max threshold 15)
[2021-05-02T13:15:25.050+0000][7][gc,age      ] GC(3) Age table with threshold 15 (max threshold 15)
[2021-05-02T13:15:25.050+0000][7][gc,age      ] GC(3) - age   1:    3125008 bytes,    3125008 total
[2021-05-02T13:15:25.050+0000][7][gc,age      ] GC(3) - age   2:    1844328 bytes,    4969336 total
[2021-05-02T13:15:25.050+0000][7][gc,age      ] GC(3) - age   3:    1922832 bytes,    6892168 total
[2021-05-02T13:15:25.050+0000][7][gc,phases   ] GC(3)   Pre Evacuate Collection Set: 0.0ms
[2021-05-02T13:15:25.050+0000][7][gc,phases   ] GC(3)   Merge Heap Roots: 0.0ms
[2021-05-02T13:15:25.050+0000][7][gc,phases   ] GC(3)   Evacuate Collection Set: 9.6ms
[2021-05-02T13:15:25.050+0000][7][gc,phases   ] GC(3)   Post Evacuate Collection Set: 0.5ms
[2021-05-02T13:15:25.050+0000][7][gc,phases   ] GC(3)   Other: 0.2ms
[2021-05-02T13:15:25.050+0000][7][gc,heap     ] GC(3) Eden regions: 36->0(36)
[2021-05-02T13:15:25.050+0000][7][gc,heap     ] GC(3) Survivor regions: 1->2(5)
[2021-05-02T13:15:25.050+0000][7][gc,heap     ] GC(3) Old regions: 1->1
[2021-05-02T13:15:25.050+0000][7][gc,heap     ] GC(3) Archive regions: 2->2
[2021-05-02T13:15:25.050+0000][7][gc,heap     ] GC(3) Humongous regions: 0->0
[2021-05-02T13:15:25.050+0000][7][gc,metaspace] GC(3) Metaspace: 18049K(18688K)->18049K(18688K) NonClass: 15910K(16384K)->15910K(16384K) Class: 2138K(2304K)->2138K(2304K)
[2021-05-02T13:15:25.050+0000][7][gc          ] GC(3) Pause Young (Normal) (G1 Evacuation Pause) 155M->14M(256M) 10.379ms
[2021-05-02T13:15:25.050+0000][7][gc,cpu      ] GC(3) User=0.04s Sys=0.00s Real=0.01s
[2021-05-02T13:15:25.056+0000][7][safepoint   ] Safepoint "G1CollectForAllocation", Time since last: 97818566 ns, Reaching safepoint: 65345 ns, At safepoint: 15711406 ns, Total: 15776751 ns
[2021-05-02T13:15:25.741+0000][7][gc,start    ] GC(4) Pause Young (Normal) (G1 Evacuation Pause)
[2021-05-02T13:15:25.741+0000][7][gc,task     ] GC(4) Using 6 workers of 8 for evacuation
[2021-05-02T13:15:25.741+0000][7][gc,age      ] GC(4) Desired survivor size 10485760 bytes, new threshold 15 (max threshold 15)
[2021-05-02T13:15:25.772+0000][7][gc,age      ] GC(4) Age table with threshold 15 (max threshold 15)
[2021-05-02T13:15:25.772+0000][7][gc,age      ] GC(4) - age   1:    2977944 bytes,    2977944 total
[2021-05-02T13:15:25.772+0000][7][gc,age      ] GC(4) - age   2:    2932568 bytes,    5910512 total
[2021-05-02T13:15:25.772+0000][7][gc,age      ] GC(4) - age   3:    1844328 bytes,    7754840 total
[2021-05-02T13:15:25.772+0000][7][gc,age      ] GC(4) - age   4:    1922832 bytes,    9677672 total
[2021-05-02T13:15:25.772+0000][7][gc,phases   ] GC(4)   Pre Evacuate Collection Set: 0.0ms
[2021-05-02T13:15:25.772+0000][7][gc,phases   ] GC(4)   Merge Heap Roots: 0.1ms
[2021-05-02T13:15:25.772+0000][7][gc,phases   ] GC(4)   Evacuate Collection Set: 30.1ms
[2021-05-02T13:15:25.772+0000][7][gc,phases   ] GC(4)   Post Evacuate Collection Set: 0.7ms
[2021-05-02T13:15:25.772+0000][7][gc,phases   ] GC(4)   Other: 0.3ms
[2021-05-02T13:15:25.772+0000][7][gc,heap     ] GC(4) Eden regions: 36->0(35)
[2021-05-02T13:15:25.772+0000][7][gc,heap     ] GC(4) Survivor regions: 2->3(5)
[2021-05-02T13:15:25.772+0000][7][gc,heap     ] GC(4) Old regions: 1->1
[2021-05-02T13:15:25.772+0000][7][gc,heap     ] GC(4) Archive regions: 2->2
[2021-05-02T13:15:25.772+0000][7][gc,heap     ] GC(4) Humongous regions: 0->0
[2021-05-02T13:15:25.772+0000][7][gc,metaspace] GC(4) Metaspace: 18516K(19328K)->18516K(19328K) NonClass: 16313K(16896K)->16313K(16896K) Class: 2203K(2432K)->2203K(2432K)
[2021-05-02T13:15:25.772+0000][7][gc          ] GC(4) Pause Young (Normal) (G1 Evacuation Pause) 158M->17M(256M) 31.341ms
[2021-05-02T13:15:25.772+0000][7][gc,cpu      ] GC(4) User=0.10s Sys=0.00s Real=0.03s
[2021-05-02T13:15:25.772+0000][7][safepoint   ] Safepoint "G1CollectForAllocation", Time since last: 684719816 ns, Reaching safepoint: 127088 ns, At safepoint: 31427711 ns, Total: 31554799 ns
[2021-05-02T13:15:26.299+0000][7][gc,start    ] GC(5) Pause Young (Normal) (G1 Evacuation Pause)
[2021-05-02T13:15:26.299+0000][7][gc,task     ] GC(5) Using 6 workers of 8 for evacuation
[2021-05-02T13:15:26.299+0000][7][gc,age      ] GC(5) Desired survivor size 10485760 bytes, new threshold 15 (max threshold 15)
[2021-05-02T13:15:26.317+0000][7][gc,age      ] GC(5) Age table with threshold 15 (max threshold 15)
[2021-05-02T13:15:26.317+0000][7][gc,age      ] GC(5) - age   1:    1709848 bytes,    1709848 total
[2021-05-02T13:15:26.317+0000][7][gc,age      ] GC(5) - age   2:    1815752 bytes,    3525600 total
[2021-05-02T13:15:26.317+0000][7][gc,age      ] GC(5) - age   3:    2931208 bytes,    6456808 total
[2021-05-02T13:15:26.317+0000][7][gc,age      ] GC(5) - age   4:    1844328 bytes,    8301136 total
[2021-05-02T13:15:26.317+0000][7][gc,age      ] GC(5) - age   5:    1922832 bytes,   10223968 total
[2021-05-02T13:15:26.317+0000][7][gc,phases   ] GC(5)   Pre Evacuate Collection Set: 0.1ms
[2021-05-02T13:15:26.317+0000][7][gc,phases   ] GC(5)   Merge Heap Roots: 0.1ms
[2021-05-02T13:15:26.317+0000][7][gc,phases   ] GC(5)   Evacuate Collection Set: 17.1ms
[2021-05-02T13:15:26.317+0000][7][gc,phases   ] GC(5)   Post Evacuate Collection Set: 0.5ms
[2021-05-02T13:15:26.317+0000][7][gc,phases   ] GC(5)   Other: 0.2ms
[2021-05-02T13:15:26.317+0000][7][gc,heap     ] GC(5) Eden regions: 35->0(35)
[2021-05-02T13:15:26.317+0000][7][gc,heap     ] GC(5) Survivor regions: 3->3(5)
[2021-05-02T13:15:26.317+0000][7][gc,heap     ] GC(5) Old regions: 1->1
[2021-05-02T13:15:26.317+0000][7][gc,heap     ] GC(5) Archive regions: 2->2
[2021-05-02T13:15:26.317+0000][7][gc,heap     ] GC(5) Humongous regions: 0->0
[2021-05-02T13:15:26.317+0000][7][gc,metaspace] GC(5) Metaspace: 18994K(19968K)->18994K(19968K) NonClass: 16716K(17408K)->16716K(17408K) Class: 2278K(2560K)->2278K(2560K)
[2021-05-02T13:15:26.317+0000][7][gc          ] GC(5) Pause Young (Normal) (G1 Evacuation Pause) 157M->17M(256M) 18.110ms
[2021-05-02T13:15:26.317+0000][7][gc,cpu      ] GC(5) User=0.05s Sys=0.00s Real=0.02s
[2021-05-02T13:15:26.317+0000][7][safepoint   ] Safepoint "G1CollectForAllocation", Time since last: 526559649 ns, Reaching safepoint: 140227 ns, At safepoint: 18193743 ns, Total: 18333970 ns
[2021-05-02T13:15:26.719+0000][7][gc,start    ] GC(6) Pause Young (Normal) (G1 Evacuation Pause)
[2021-05-02T13:15:26.719+0000][7][gc,task     ] GC(6) Using 6 workers of 8 for evacuation
[2021-05-02T13:15:26.719+0000][7][gc,age      ] GC(6) Desired survivor size 10485760 bytes, new threshold 15 (max threshold 15)
[2021-05-02T13:15:26.735+0000][7][gc,age      ] GC(6) Age table with threshold 15 (max threshold 15)
[2021-05-02T13:15:26.735+0000][7][gc,age      ] GC(6) - age   1:    1232040 bytes,    1232040 total
[2021-05-02T13:15:26.735+0000][7][gc,age      ] GC(6) - age   2:    1511544 bytes,    2743584 total
[2021-05-02T13:15:26.735+0000][7][gc,age      ] GC(6) - age   3:    1815752 bytes,    4559336 total
[2021-05-02T13:15:26.735+0000][7][gc,age      ] GC(6) - age   4:    2931208 bytes,    7490544 total
[2021-05-02T13:15:26.735+0000][7][gc,age      ] GC(6) - age   5:    1844328 bytes,    9334872 total
[2021-05-02T13:15:26.735+0000][7][gc,age      ] GC(6) - age   6:    1922832 bytes,   11257704 total
[2021-05-02T13:15:26.735+0000][7][gc,phases   ] GC(6)   Pre Evacuate Collection Set: 0.1ms
[2021-05-02T13:15:26.735+0000][7][gc,phases   ] GC(6)   Merge Heap Roots: 0.0ms
[2021-05-02T13:15:26.735+0000][7][gc,phases   ] GC(6)   Evacuate Collection Set: 15.4ms
[2021-05-02T13:15:26.735+0000][7][gc,phases   ] GC(6)   Post Evacuate Collection Set: 0.7ms
[2021-05-02T13:15:26.735+0000][7][gc,phases   ] GC(6)   Other: 0.2ms
[2021-05-02T13:15:26.735+0000][7][gc,heap     ] GC(6) Eden regions: 35->0(35)
[2021-05-02T13:15:26.735+0000][7][gc,heap     ] GC(6) Survivor regions: 3->3(5)
[2021-05-02T13:15:26.736+0000][7][gc,heap     ] GC(6) Old regions: 1->1
[2021-05-02T13:15:26.736+0000][7][gc,heap     ] GC(6) Archive regions: 2->2
[2021-05-02T13:15:26.736+0000][7][gc,heap     ] GC(6) Humongous regions: 0->0
[2021-05-02T13:15:26.736+0000][7][gc,metaspace] GC(6) Metaspace: 19275K(20224K)->19275K(20224K) NonClass: 16966K(17664K)->16966K(17664K) Class: 2308K(2560K)->2308K(2560K)
[2021-05-02T13:15:26.736+0000][7][gc          ] GC(6) Pause Young (Normal) (G1 Evacuation Pause) 157M->18M(256M) 16.520ms
[2021-05-02T13:15:26.736+0000][7][gc,cpu      ] GC(6) User=0.07s Sys=0.00s Real=0.01s
[2021-05-02T13:15:26.737+0000][7][safepoint   ] Safepoint "G1CollectForAllocation", Time since last: 401952636 ns, Reaching safepoint: 149310 ns, At safepoint: 17641641 ns, Total: 17790951 ns
[2021-05-02T13:15:27.130+0000][7][gc,start    ] GC(7) Pause Young (Normal) (G1 Evacuation Pause)
[2021-05-02T13:15:27.130+0000][7][gc,task     ] GC(7) Using 6 workers of 8 for evacuation
[2021-05-02T13:15:27.130+0000][7][gc,age      ] GC(7) Desired survivor size 10485760 bytes, new threshold 6 (max threshold 15)
[2021-05-02T13:15:27.146+0000][7][gc,age      ] GC(7) Age table with threshold 6 (max threshold 15)
[2021-05-02T13:15:27.146+0000][7][gc,age      ] GC(7) - age   1:     864464 bytes,     864464 total
[2021-05-02T13:15:27.146+0000][7][gc,age      ] GC(7) - age   2:    1210208 bytes,    2074672 total
[2021-05-02T13:15:27.146+0000][7][gc,age      ] GC(7) - age   3:    1510768 bytes,    3585440 total
[2021-05-02T13:15:27.146+0000][7][gc,age      ] GC(7) - age   4:    1815752 bytes,    5401192 total
[2021-05-02T13:15:27.146+0000][7][gc,age      ] GC(7) - age   5:    2927192 bytes,    8328384 total
[2021-05-02T13:15:27.146+0000][7][gc,age      ] GC(7) - age   6:    1844328 bytes,   10172712 total
[2021-05-02T13:15:27.146+0000][7][gc,phases   ] GC(7)   Pre Evacuate Collection Set: 0.0ms
[2021-05-02T13:15:27.146+0000][7][gc,phases   ] GC(7)   Merge Heap Roots: 0.0ms
[2021-05-02T13:15:27.146+0000][7][gc,phases   ] GC(7)   Evacuate Collection Set: 15.9ms
[2021-05-02T13:15:27.146+0000][7][gc,phases   ] GC(7)   Post Evacuate Collection Set: 0.6ms
[2021-05-02T13:15:27.147+0000][7][gc,phases   ] GC(7)   Other: 0.3ms
[2021-05-02T13:15:27.147+0000][7][gc,heap     ] GC(7) Eden regions: 35->0(35)
[2021-05-02T13:15:27.147+0000][7][gc,heap     ] GC(7) Survivor regions: 3->3(5)
[2021-05-02T13:15:27.147+0000][7][gc,heap     ] GC(7) Old regions: 1->2
[2021-05-02T13:15:27.147+0000][7][gc,heap     ] GC(7) Archive regions: 2->2
[2021-05-02T13:15:27.147+0000][7][gc,heap     ] GC(7) Humongous regions: 0->0
[2021-05-02T13:15:27.147+0000][7][gc,metaspace] GC(7) Metaspace: 19446K(20480K)->19446K(20480K) NonClass: 17105K(17920K)->17105K(17920K) Class: 2340K(2560K)->2340K(2560K)
[2021-05-02T13:15:27.147+0000][7][gc          ] GC(7) Pause Young (Normal) (G1 Evacuation Pause) 158M->19M(256M) 17.035ms
[2021-05-02T13:15:27.147+0000][7][gc,cpu      ] GC(7) User=0.06s Sys=0.00s Real=0.02s
[2021-05-02T13:15:27.151+0000][7][safepoint   ] Safepoint "G1CollectForAllocation", Time since last: 392818302 ns, Reaching safepoint: 73066 ns, At safepoint: 21151572 ns, Total: 21224638 ns
[2021-05-02T13:15:27.435+0000][7][gc,start    ] GC(8) Pause Young (Normal) (G1 Evacuation Pause)
[2021-05-02T13:15:27.435+0000][7][gc,task     ] GC(8) Using 6 workers of 8 for evacuation
[2021-05-02T13:15:27.435+0000][7][gc,age      ] GC(8) Desired survivor size 10485760 bytes, new threshold 15 (max threshold 15)
[2021-05-02T13:15:27.443+0000][7][gc,age      ] GC(8) Age table with threshold 15 (max threshold 15)
[2021-05-02T13:15:27.443+0000][7][gc,age      ] GC(8) - age   1:     496472 bytes,     496472 total
[2021-05-02T13:15:27.443+0000][7][gc,age      ] GC(8) - age   2:     302464 bytes,     798936 total
[2021-05-02T13:15:27.443+0000][7][gc,age      ] GC(8) - age   3:    1210208 bytes,    2009144 total
[2021-05-02T13:15:27.443+0000][7][gc,age      ] GC(8) - age   4:    1510768 bytes,    3519912 total
[2021-05-02T13:15:27.443+0000][7][gc,age      ] GC(8) - age   5:    1815752 bytes,    5335664 total
[2021-05-02T13:15:27.443+0000][7][gc,age      ] GC(8) - age   6:    2927192 bytes,    8262856 total
[2021-05-02T13:15:27.443+0000][7][gc,age      ] GC(8) - age   7:    1844328 bytes,   10107184 total
[2021-05-02T13:15:27.443+0000][7][gc,phases   ] GC(8)   Pre Evacuate Collection Set: 0.0ms
[2021-05-02T13:15:27.443+0000][7][gc,phases   ] GC(8)   Merge Heap Roots: 0.0ms
[2021-05-02T13:15:27.443+0000][7][gc,phases   ] GC(8)   Evacuate Collection Set: 7.1ms
[2021-05-02T13:15:27.443+0000][7][gc,phases   ] GC(8)   Post Evacuate Collection Set: 0.5ms
[2021-05-02T13:15:27.443+0000][7][gc,phases   ] GC(8)   Other: 0.3ms
[2021-05-02T13:15:27.443+0000][7][gc,heap     ] GC(8) Eden regions: 35->0(35)
[2021-05-02T13:15:27.443+0000][7][gc,heap     ] GC(8) Survivor regions: 3->3(5)
[2021-05-02T13:15:27.443+0000][7][gc,heap     ] GC(8) Old regions: 2->2
[2021-05-02T13:15:27.443+0000][7][gc,heap     ] GC(8) Archive regions: 2->2
[2021-05-02T13:15:27.443+0000][7][gc,heap     ] GC(8) Humongous regions: 0->0
[2021-05-02T13:15:27.443+0000][7][gc,metaspace] GC(8) Metaspace: 19630K(20864K)->19630K(20864K) NonClass: 17254K(18176K)->17254K(18176K) Class: 2375K(2688K)->2375K(2688K)
[2021-05-02T13:15:27.443+0000][7][gc          ] GC(8) Pause Young (Normal) (G1 Evacuation Pause) 159M->19M(256M) 8.135ms
[2021-05-02T13:15:27.443+0000][7][gc,cpu      ] GC(8) User=0.03s Sys=0.00s Real=0.01s
[2021-05-02T13:15:27.443+0000][7][safepoint   ] Safepoint "G1CollectForAllocation", Time since last: 282279242 ns, Reaching safepoint: 1645442 ns, At safepoint: 8224506 ns, Total: 9869948 ns
[2021-05-02T13:15:27.826+0000][7][gc,start    ] GC(9) Pause Young (Normal) (G1 Evacuation Pause)
[2021-05-02T13:15:27.826+0000][7][gc,task     ] GC(9) Using 6 workers of 8 for evacuation
[2021-05-02T13:15:27.826+0000][7][gc,age      ] GC(9) Desired survivor size 10485760 bytes, new threshold 15 (max threshold 15)
[2021-05-02T13:15:27.844+0000][7][gc,age      ] GC(9) Age table with threshold 15 (max threshold 15)
[2021-05-02T13:15:27.844+0000][7][gc,age      ] GC(9) - age   1:    1281384 bytes,    1281384 total
[2021-05-02T13:15:27.844+0000][7][gc,age      ] GC(9) - age   2:     243416 bytes,    1524800 total
[2021-05-02T13:15:27.844+0000][7][gc,age      ] GC(9) - age   3:     302312 bytes,    1827112 total
[2021-05-02T13:15:27.844+0000][7][gc,age      ] GC(9) - age   4:    1210208 bytes,    3037320 total
[2021-05-02T13:15:27.844+0000][7][gc,age      ] GC(9) - age   5:    1510096 bytes,    4547416 total
[2021-05-02T13:15:27.844+0000][7][gc,age      ] GC(9) - age   6:    1815752 bytes,    6363168 total
[2021-05-02T13:15:27.844+0000][7][gc,age      ] GC(9) - age   7:    2926776 bytes,    9289944 total
[2021-05-02T13:15:27.844+0000][7][gc,age      ] GC(9) - age   8:    1844328 bytes,   11134272 total
[2021-05-02T13:15:27.844+0000][7][gc,phases   ] GC(9)   Pre Evacuate Collection Set: 0.0ms
[2021-05-02T13:15:27.844+0000][7][gc,phases   ] GC(9)   Merge Heap Roots: 0.0ms
[2021-05-02T13:15:27.844+0000][7][gc,phases   ] GC(9)   Evacuate Collection Set: 17.0ms
[2021-05-02T13:15:27.844+0000][7][gc,phases   ] GC(9)   Post Evacuate Collection Set: 0.7ms
[2021-05-02T13:15:27.844+0000][7][gc,phases   ] GC(9)   Other: 0.3ms
[2021-05-02T13:15:27.844+0000][7][gc,heap     ] GC(9) Eden regions: 35->0(35)
[2021-05-02T13:15:27.844+0000][7][gc,heap     ] GC(9) Survivor regions: 3->3(5)
[2021-05-02T13:15:27.844+0000][7][gc,heap     ] GC(9) Old regions: 2->2
[2021-05-02T13:15:27.844+0000][7][gc,heap     ] GC(9) Archive regions: 2->2
[2021-05-02T13:15:27.844+0000][7][gc,heap     ] GC(9) Humongous regions: 0->0
[2021-05-02T13:15:27.844+0000][7][gc,metaspace] GC(9) Metaspace: 19699K(20864K)->19699K(20864K) NonClass: 17310K(18176K)->17310K(18176K) Class: 2388K(2688K)->2388K(2688K)
[2021-05-02T13:15:27.844+0000][7][gc          ] GC(9) Pause Young (Normal) (G1 Evacuation Pause) 159M->20M(256M) 18.356ms
[2021-05-02T13:15:27.844+0000][7][gc,cpu      ] GC(9) User=0.06s Sys=0.00s Real=0.02s
[2021-05-02T13:15:27.848+0000][7][safepoint   ] Safepoint "G1CollectForAllocation", Time since last: 382736843 ns, Reaching safepoint: 142899 ns, At safepoint: 22039192 ns, Total: 22182091 ns
[2021-05-02T13:15:28.071+0000][7][gc,start    ] GC(10) Pause Young (Concurrent Start) (Metadata GC Threshold)
[2021-05-02T13:15:28.071+0000][7][gc,task     ] GC(10) Using 6 workers of 8 for evacuation
[2021-05-02T13:15:28.071+0000][7][gc,age      ] GC(10) Desired survivor size 10485760 bytes, new threshold 8 (max threshold 15)
[2021-05-02T13:15:28.085+0000][7][gc,age      ] GC(10) Age table with threshold 8 (max threshold 15)
[2021-05-02T13:15:28.085+0000][7][gc,age      ] GC(10) - age   1:    1672312 bytes,    1672312 total
[2021-05-02T13:15:28.085+0000][7][gc,age      ] GC(10) - age   2:     413112 bytes,    2085424 total
[2021-05-02T13:15:28.085+0000][7][gc,age      ] GC(10) - age   3:     243352 bytes,    2328776 total
[2021-05-02T13:15:28.085+0000][7][gc,age      ] GC(10) - age   4:     302312 bytes,    2631088 total
[2021-05-02T13:15:28.085+0000][7][gc,age      ] GC(10) - age   5:    1210208 bytes,    3841296 total
[2021-05-02T13:15:28.085+0000][7][gc,age      ] GC(10) - age   6:    1509056 bytes,    5350352 total
[2021-05-02T13:15:28.085+0000][7][gc,age      ] GC(10) - age   7:    1815752 bytes,    7166104 total
[2021-05-02T13:15:28.085+0000][7][gc,age      ] GC(10) - age   8:    2926656 bytes,   10092760 total
[2021-05-02T13:15:28.085+0000][7][gc,phases   ] GC(10)   Pre Evacuate Collection Set: 0.0ms
[2021-05-02T13:15:28.085+0000][7][gc,phases   ] GC(10)   Merge Heap Roots: 0.0ms
[2021-05-02T13:15:28.085+0000][7][gc,phases   ] GC(10)   Evacuate Collection Set: 12.6ms
[2021-05-02T13:15:28.085+0000][7][gc,phases   ] GC(10)   Post Evacuate Collection Set: 0.5ms
[2021-05-02T13:15:28.085+0000][7][gc,phases   ] GC(10)   Other: 0.3ms
[2021-05-02T13:15:28.085+0000][7][gc,heap     ] GC(10) Eden regions: 22->0(35)
[2021-05-02T13:15:28.085+0000][7][gc,heap     ] GC(10) Survivor regions: 3->3(5)
[2021-05-02T13:15:28.085+0000][7][gc,heap     ] GC(10) Old regions: 2->2
[2021-05-02T13:15:28.085+0000][7][gc,heap     ] GC(10) Archive regions: 2->2
[2021-05-02T13:15:28.085+0000][7][gc,heap     ] GC(10) Humongous regions: 0->0
[2021-05-02T13:15:28.085+0000][7][gc,metaspace] GC(10) Metaspace: 20081K(21296K)->20081K(21296K) NonClass: 17644K(18608K)->17644K(18608K) Class: 2437K(2688K)->2437K(2688K)
[2021-05-02T13:15:28.085+0000][7][gc          ] GC(10) Pause Young (Concurrent Start) (Metadata GC Threshold) 106M->21M(256M) 13.620ms
[2021-05-02T13:15:28.085+0000][7][gc,cpu      ] GC(10) User=0.04s Sys=0.00s Real=0.02s
[2021-05-02T13:15:28.085+0000][7][gc          ] GC(11) Concurrent Cycle
[2021-05-02T13:15:28.085+0000][7][gc,marking  ] GC(11) Concurrent Clear Claimed Marks
[2021-05-02T13:15:28.085+0000][7][gc,marking  ] GC(11) Concurrent Clear Claimed Marks 0.026ms
[2021-05-02T13:15:28.085+0000][7][gc,marking  ] GC(11) Concurrent Scan Root Regions
[2021-05-02T13:15:28.085+0000][7][safepoint   ] Safepoint "CollectForMetadataAllocation", Time since last: 223407764 ns, Reaching safepoint: 62716 ns, At safepoint: 13803575 ns, Total: 13866291 ns
[2021-05-02T13:15:28.089+0000][7][gc,marking  ] GC(11) Concurrent Scan Root Regions 4.369ms
[2021-05-02T13:15:28.089+0000][7][gc,marking  ] GC(11) Concurrent Mark (8.013s)
[2021-05-02T13:15:28.089+0000][7][gc,marking  ] GC(11) Concurrent Mark From Roots
[2021-05-02T13:15:28.089+0000][7][gc,task     ] GC(11) Using 2 workers of 2 for marking
[2021-05-02T13:15:28.103+0000][7][gc,marking  ] GC(11) Concurrent Mark From Roots 13.884ms
[2021-05-02T13:15:28.103+0000][7][gc,marking  ] GC(11) Concurrent Preclean
[2021-05-02T13:15:28.104+0000][7][gc,marking  ] GC(11) Concurrent Preclean 0.159ms
[2021-05-02T13:15:28.104+0000][7][gc,marking  ] GC(11) Concurrent Mark (8.013s, 8.027s) 14.100ms
[2021-05-02T13:15:28.104+0000][7][gc,start    ] GC(11) Pause Remark
[2021-05-02T13:15:28.106+0000][7][gc          ] GC(11) Pause Remark 29M->29M(256M) 2.433ms
[2021-05-02T13:15:28.106+0000][7][gc,cpu      ] GC(11) User=0.01s Sys=0.00s Real=0.01s
[2021-05-02T13:15:28.106+0000][7][safepoint   ] Safepoint "G1Concurrent", Time since last: 18506982 ns, Reaching safepoint: 147388 ns, At safepoint: 2502039 ns, Total: 2649427 ns
[2021-05-02T13:15:28.106+0000][7][gc,marking  ] GC(11) Concurrent Rebuild Remembered Sets
[2021-05-02T13:15:28.113+0000][7][gc,marking  ] GC(11) Concurrent Rebuild Remembered Sets 7.149ms
[2021-05-02T13:15:28.114+0000][7][gc,start    ] GC(11) Pause Cleanup
[2021-05-02T13:15:28.114+0000][7][gc          ] GC(11) Pause Cleanup 33M->33M(256M) 0.076ms
[2021-05-02T13:15:28.114+0000][7][gc,cpu      ] GC(11) User=0.00s Sys=0.00s Real=0.00s
[2021-05-02T13:15:28.114+0000][7][safepoint   ] Safepoint "G1Concurrent", Time since last: 7244396 ns, Reaching safepoint: 629791 ns, At safepoint: 136783 ns, Total: 766574 ns
[2021-05-02T13:15:28.114+0000][7][gc,marking  ] GC(11) Concurrent Cleanup for Next Mark
[2021-05-02T13:15:28.114+0000][7][gc,marking  ] GC(11) Concurrent Cleanup for Next Mark 0.186ms
[2021-05-02T13:15:28.114+0000][7][gc          ] GC(11) Concurrent Cycle 29.507ms
[2021-05-02T13:15:28.455+0000][7][gc,start    ] GC(12) Pause Young (Normal) (G1 Evacuation Pause)
[2021-05-02T13:15:28.455+0000][7][gc,task     ] GC(12) Using 6 workers of 8 for evacuation
[2021-05-02T13:15:28.455+0000][7][gc,age      ] GC(12) Desired survivor size 10485760 bytes, new threshold 15 (max threshold 15)
[2021-05-02T13:15:28.474+0000][7][gc,age      ] GC(12) Age table with threshold 15 (max threshold 15)
[2021-05-02T13:15:28.475+0000][7][gc,age      ] GC(12) - age   1:    2082320 bytes,    2082320 total
[2021-05-02T13:15:28.475+0000][7][gc,age      ] GC(12) - age   2:    1651464 bytes,    3733784 total
[2021-05-02T13:15:28.475+0000][7][gc,age      ] GC(12) - age   3:     411512 bytes,    4145296 total
[2021-05-02T13:15:28.475+0000][7][gc,age      ] GC(12) - age   4:     243352 bytes,    4388648 total
[2021-05-02T13:15:28.475+0000][7][gc,age      ] GC(12) - age   5:     302248 bytes,    4690896 total
[2021-05-02T13:15:28.475+0000][7][gc,age      ] GC(12) - age   6:    1210208 bytes,    5901104 total
[2021-05-02T13:15:28.475+0000][7][gc,age      ] GC(12) - age   7:    1509056 bytes,    7410160 total
[2021-05-02T13:15:28.475+0000][7][gc,age      ] GC(12) - age   8:    1815688 bytes,    9225848 total
[2021-05-02T13:15:28.475+0000][7][gc,age      ] GC(12) - age   9:    2926272 bytes,   12152120 total
[2021-05-02T13:15:28.475+0000][7][gc,phases   ] GC(12)   Pre Evacuate Collection Set: 0.1ms
[2021-05-02T13:15:28.475+0000][7][gc,phases   ] GC(12)   Merge Heap Roots: 0.1ms
[2021-05-02T13:15:28.475+0000][7][gc,phases   ] GC(12)   Evacuate Collection Set: 18.2ms
[2021-05-02T13:15:28.475+0000][7][gc,phases   ] GC(12)   Post Evacuate Collection Set: 0.9ms
[2021-05-02T13:15:28.475+0000][7][gc,phases   ] GC(12)   Other: 0.3ms
[2021-05-02T13:15:28.475+0000][7][gc,heap     ] GC(12) Eden regions: 35->0(34)
[2021-05-02T13:15:28.475+0000][7][gc,heap     ] GC(12) Survivor regions: 3->4(5)
[2021-05-02T13:15:28.475+0000][7][gc,heap     ] GC(12) Old regions: 2->2
[2021-05-02T13:15:28.475+0000][7][gc,heap     ] GC(12) Archive regions: 2->2
[2021-05-02T13:15:28.475+0000][7][gc,heap     ] GC(12) Humongous regions: 0->0
[2021-05-02T13:15:28.475+0000][7][gc,metaspace] GC(12) Metaspace: 20220K(21628K)->20220K(21628K) NonClass: 17751K(18812K)->17751K(18812K) Class: 2468K(2816K)->2468K(2816K)
[2021-05-02T13:15:28.475+0000][7][gc          ] GC(12) Pause Young (Normal) (G1 Evacuation Pause) 161M->23M(256M) 19.562ms
[2021-05-02T13:15:28.475+0000][7][gc,cpu      ] GC(12) User=0.06s Sys=0.00s Real=0.02s
[2021-05-02T13:15:28.477+0000][7][safepoint   ] Safepoint "G1CollectForAllocation", Time since last: 340789657 ns, Reaching safepoint: 170337 ns, At safepoint: 21382451 ns, Total: 21552788 ns
[2021-05-02T13:15:28.733+0000][7][gc,start    ] GC(13) Pause Young (Normal) (G1 Evacuation Pause)
[2021-05-02T13:15:28.733+0000][7][gc,task     ] GC(13) Using 6 workers of 8 for evacuation
[2021-05-02T13:15:28.733+0000][7][gc,age      ] GC(13) Desired survivor size 10485760 bytes, new threshold 9 (max threshold 15)
[2021-05-02T13:15:28.744+0000][7][gc,age      ] GC(13) Age table with threshold 9 (max threshold 15)
[2021-05-02T13:15:28.744+0000][7][gc,age      ] GC(13) - age   1:     743904 bytes,     743904 total
[2021-05-02T13:15:28.744+0000][7][gc,age      ] GC(13) - age   2:     419504 bytes,    1163408 total
[2021-05-02T13:15:28.744+0000][7][gc,age      ] GC(13) - age   3:    1651464 bytes,    2814872 total
[2021-05-02T13:15:28.744+0000][7][gc,age      ] GC(13) - age   4:     411296 bytes,    3226168 total
[2021-05-02T13:15:28.744+0000][7][gc,age      ] GC(13) - age   5:     243352 bytes,    3469520 total
[2021-05-02T13:15:28.744+0000][7][gc,age      ] GC(13) - age   6:     301704 bytes,    3771224 total
[2021-05-02T13:15:28.744+0000][7][gc,age      ] GC(13) - age   7:    1210208 bytes,    4981432 total
[2021-05-02T13:15:28.744+0000][7][gc,age      ] GC(13) - age   8:    1509056 bytes,    6490488 total
[2021-05-02T13:15:28.744+0000][7][gc,age      ] GC(13) - age   9:    1815688 bytes,    8306176 total
[2021-05-02T13:15:28.745+0000][7][gc,phases   ] GC(13)   Pre Evacuate Collection Set: 0.0ms
[2021-05-02T13:15:28.745+0000][7][gc,phases   ] GC(13)   Merge Heap Roots: 0.0ms
[2021-05-02T13:15:28.745+0000][7][gc,phases   ] GC(13)   Evacuate Collection Set: 10.5ms
[2021-05-02T13:15:28.745+0000][7][gc,phases   ] GC(13)   Post Evacuate Collection Set: 0.9ms
[2021-05-02T13:15:28.745+0000][7][gc,phases   ] GC(13)   Other: 0.2ms
[2021-05-02T13:15:28.745+0000][7][gc,heap     ] GC(13) Eden regions: 34->0(35)
[2021-05-02T13:15:28.745+0000][7][gc,heap     ] GC(13) Survivor regions: 4->3(5)
[2021-05-02T13:15:28.745+0000][7][gc,heap     ] GC(13) Old regions: 2->3
[2021-05-02T13:15:28.745+0000][7][gc,heap     ] GC(13) Archive regions: 2->2
[2021-05-02T13:15:28.745+0000][7][gc,heap     ] GC(13) Humongous regions: 0->0
[2021-05-02T13:15:28.745+0000][7][gc,metaspace] GC(13) Metaspace: 20267K(21628K)->20267K(21628K) NonClass: 17789K(18812K)->17789K(18812K) Class: 2477K(2816K)->2477K(2816K)
[2021-05-02T13:15:28.745+0000][7][gc          ] GC(13) Pause Young (Normal) (G1 Evacuation Pause) 159M->22M(256M) 11.969ms
[2021-05-02T13:15:28.745+0000][7][gc,cpu      ] GC(13) User=0.04s Sys=0.00s Real=0.02s
[2021-05-02T13:15:28.745+0000][7][safepoint   ] Safepoint "G1CollectForAllocation", Time since last: 256110499 ns, Reaching safepoint: 138257 ns, At safepoint: 12049514 ns, Total: 12187771 ns
[2021-05-02T13:15:29.692+0000][7][safepoint   ] Safepoint "ICBufferFull", Time since last: 946454322 ns, Reaching safepoint: 270967 ns, At safepoint: 16201 ns, Total: 287168 ns
[2021-05-02T13:15:30.181+0000][7][gc,start    ] GC(14) Pause Young (Normal) (G1 Evacuation Pause)
[2021-05-02T13:15:30.181+0000][7][gc,task     ] GC(14) Using 6 workers of 8 for evacuation
[2021-05-02T13:15:30.181+0000][7][gc,age      ] GC(14) Desired survivor size 10485760 bytes, new threshold 15 (max threshold 15)
[2021-05-02T13:15:30.195+0000][7][gc,age      ] GC(14) Age table with threshold 15 (max threshold 15)
[2021-05-02T13:15:30.195+0000][7][gc,age      ] GC(14) - age   1:    5064456 bytes,    5064456 total
[2021-05-02T13:15:30.195+0000][7][gc,age      ] GC(14) - age   2:     422632 bytes,    5487088 total
[2021-05-02T13:15:30.195+0000][7][gc,age      ] GC(14) - age   3:     418528 bytes,    5905616 total
[2021-05-02T13:15:30.195+0000][7][gc,age      ] GC(14) - age   4:    1647616 bytes,    7553232 total
[2021-05-02T13:15:30.195+0000][7][gc,age      ] GC(14) - age   5:     410736 bytes,    7963968 total
[2021-05-02T13:15:30.195+0000][7][gc,age      ] GC(14) - age   6:     242920 bytes,    8206888 total
[2021-05-02T13:15:30.195+0000][7][gc,age      ] GC(14) - age   7:     294560 bytes,    8501448 total
[2021-05-02T13:15:30.195+0000][7][gc,age      ] GC(14) - age   8:    1207360 bytes,    9708808 total
[2021-05-02T13:15:30.195+0000][7][gc,age      ] GC(14) - age   9:    1505392 bytes,   11214200 total
[2021-05-02T13:15:30.195+0000][7][gc,age      ] GC(14) - age  10:    1810880 bytes,   13025080 total
[2021-05-02T13:15:30.195+0000][7][gc,phases   ] GC(14)   Pre Evacuate Collection Set: 0.1ms
[2021-05-02T13:15:30.195+0000][7][gc,phases   ] GC(14)   Merge Heap Roots: 0.0ms
[2021-05-02T13:15:30.195+0000][7][gc,phases   ] GC(14)   Evacuate Collection Set: 12.2ms
[2021-05-02T13:15:30.195+0000][7][gc,phases   ] GC(14)   Post Evacuate Collection Set: 1.0ms
[2021-05-02T13:15:30.195+0000][7][gc,phases   ] GC(14)   Other: 0.3ms
[2021-05-02T13:15:30.195+0000][7][gc,heap     ] GC(14) Eden regions: 35->0(34)
[2021-05-02T13:15:30.195+0000][7][gc,heap     ] GC(14) Survivor regions: 3->4(5)
[2021-05-02T13:15:30.195+0000][7][gc,heap     ] GC(14) Old regions: 3->3
[2021-05-02T13:15:30.195+0000][7][gc,heap     ] GC(14) Archive regions: 2->2
[2021-05-02T13:15:30.195+0000][7][gc,heap     ] GC(14) Humongous regions: 0->0
[2021-05-02T13:15:30.195+0000][7][gc,metaspace] GC(14) Metaspace: 29283K(31104K)->29283K(31104K) NonClass: 25619K(26880K)->25619K(26880K) Class: 3663K(4224K)->3663K(4224K)
[2021-05-02T13:15:30.195+0000][7][gc          ] GC(14) Pause Young (Normal) (G1 Evacuation Pause) 162M->26M(256M) 13.784ms
[2021-05-02T13:15:30.195+0000][7][gc,cpu      ] GC(14) User=0.06s Sys=0.00s Real=0.01s
[2021-05-02T13:15:30.195+0000][7][safepoint   ] Safepoint "G1CollectForAllocation", Time since last: 489466466 ns, Reaching safepoint: 251082 ns, At safepoint: 13874842 ns, Total: 14125924 ns
[2021-05-02T13:15:31.208+0000][7][safepoint   ] Safepoint "Cleanup", Time since last: 1012801238 ns, Reaching safepoint: 220538 ns, At safepoint: 10437 ns, Total: 230975 ns
[2021-05-02T13:15:32.244+0000][7][gc,start    ] GC(15) Pause Young (Normal) (G1 Evacuation Pause)
[2021-05-02T13:15:32.244+0000][7][gc,task     ] GC(15) Using 6 workers of 8 for evacuation
[2021-05-02T13:15:32.244+0000][7][gc,age      ] GC(15) Desired survivor size 10485760 bytes, new threshold 9 (max threshold 15)
[2021-05-02T13:15:32.271+0000][7][gc,age      ] GC(15) Age table with threshold 9 (max threshold 15)
[2021-05-02T13:15:32.271+0000][7][gc,age      ] GC(15) - age   1:   11622968 bytes,   11622968 total
[2021-05-02T13:15:32.271+0000][7][gc,age      ] GC(15) - age   2:    4673688 bytes,   16296656 total
[2021-05-02T13:15:32.271+0000][7][gc,age      ] GC(15) - age   3:     420632 bytes,   16717288 total
[2021-05-02T13:15:32.271+0000][7][gc,age      ] GC(15) - age   4:     418528 bytes,   17135816 total
[2021-05-02T13:15:32.271+0000][7][gc,age      ] GC(15) - age   5:    1647616 bytes,   18783432 total
[2021-05-02T13:15:32.271+0000][7][gc,age      ] GC(15) - age   6:     410736 bytes,   19194168 total
[2021-05-02T13:15:32.271+0000][7][gc,age      ] GC(15) - age   7:     242920 bytes,   19437088 total
[2021-05-02T13:15:32.271+0000][7][gc,age      ] GC(15) - age   8:     294528 bytes,   19731616 total
[2021-05-02T13:15:32.271+0000][7][gc,age      ] GC(15) - age   9:    1207360 bytes,   20938976 total
[2021-05-02T13:15:32.271+0000][7][gc,phases   ] GC(15)   Pre Evacuate Collection Set: 0.0ms
[2021-05-02T13:15:32.271+0000][7][gc,phases   ] GC(15)   Merge Heap Roots: 0.1ms
[2021-05-02T13:15:32.271+0000][7][gc,phases   ] GC(15)   Evacuate Collection Set: 26.1ms
[2021-05-02T13:15:32.271+0000][7][gc,phases   ] GC(15)   Post Evacuate Collection Set: 0.9ms
[2021-05-02T13:15:32.271+0000][7][gc,phases   ] GC(15)   Other: 0.3ms
[2021-05-02T13:15:32.271+0000][7][gc,heap     ] GC(15) Eden regions: 34->0(33)
[2021-05-02T13:15:32.271+0000][7][gc,heap     ] GC(15) Survivor regions: 4->5(5)
[2021-05-02T13:15:32.271+0000][7][gc,heap     ] GC(15) Old regions: 3->5
[2021-05-02T13:15:32.271+0000][7][gc,heap     ] GC(15) Archive regions: 2->2
[2021-05-02T13:15:32.271+0000][7][gc,heap     ] GC(15) Humongous regions: 0->0
[2021-05-02T13:15:32.271+0000][7][gc,metaspace] GC(15) Metaspace: 30179K(32256K)->30179K(32256K) NonClass: 26407K(27904K)->26407K(27904K) Class: 3772K(4352K)->3772K(4352K)
[2021-05-02T13:15:32.271+0000][7][gc          ] GC(15) Pause Young (Normal) (G1 Evacuation Pause) 162M->43M(256M) 27.525ms
[2021-05-02T13:15:32.271+0000][7][gc,cpu      ] GC(15) User=0.13s Sys=0.00s Real=0.02s
[2021-05-02T13:15:32.272+0000][7][safepoint   ] Safepoint "G1CollectForAllocation", Time since last: 1033541479 ns, Reaching safepoint: 2103414 ns, At safepoint: 27739203 ns, Total: 29842617 ns
[2021-05-02T13:15:33.275+0000][7][safepoint   ] Safepoint "Cleanup", Time since last: 1002782819 ns, Reaching safepoint: 211838 ns, At safepoint: 6711 ns, Total: 218549 ns
[2021-05-02T13:15:33.461+0000][7][gc,start    ] GC(16) Pause Young (Concurrent Start) (Metadata GC Threshold)
[2021-05-02T13:15:33.461+0000][7][gc,task     ] GC(16) Using 6 workers of 8 for evacuation
[2021-05-02T13:15:33.461+0000][7][gc,age      ] GC(16) Desired survivor size 10485760 bytes, new threshold 1 (max threshold 15)
[2021-05-02T13:15:33.496+0000][7][gc,age      ] GC(16) Age table with threshold 1 (max threshold 15)
[2021-05-02T13:15:33.496+0000][7][gc,age      ] GC(16) - age   1:   15478096 bytes,   15478096 total
[2021-05-02T13:15:33.496+0000][7][gc,phases   ] GC(16)   Pre Evacuate Collection Set: 0.1ms
[2021-05-02T13:15:33.496+0000][7][gc,phases   ] GC(16)   Merge Heap Roots: 0.1ms
[2021-05-02T13:15:33.496+0000][7][gc,phases   ] GC(16)   Evacuate Collection Set: 34.7ms
[2021-05-02T13:15:33.496+0000][7][gc,phases   ] GC(16)   Post Evacuate Collection Set: 0.6ms
[2021-05-02T13:15:33.496+0000][7][gc,phases   ] GC(16)   Other: 0.3ms
[2021-05-02T13:15:33.496+0000][7][gc,heap     ] GC(16) Eden regions: 28->0(29)
[2021-05-02T13:15:33.496+0000][7][gc,heap     ] GC(16) Survivor regions: 5->5(5)
[2021-05-02T13:15:33.496+0000][7][gc,heap     ] GC(16) Old regions: 5->10
[2021-05-02T13:15:33.496+0000][7][gc,heap     ] GC(16) Archive regions: 2->2
[2021-05-02T13:15:33.496+0000][7][gc,heap     ] GC(16) Humongous regions: 0->0
[2021-05-02T13:15:33.496+0000][7][gc,metaspace] GC(16) Metaspace: 33701K(35968K)->33701K(35968K) NonClass: 29348K(30976K)->29348K(30976K) Class: 4353K(4992K)->4353K(4992K)
[2021-05-02T13:15:33.496+0000][7][gc          ] GC(16) Pause Young (Concurrent Start) (Metadata GC Threshold) 155M->60M(256M) 35.862ms
[2021-05-02T13:15:33.496+0000][7][gc,cpu      ] GC(16) User=0.22s Sys=0.00s Real=0.04s
[2021-05-02T13:15:33.497+0000][7][gc          ] GC(17) Concurrent Cycle
[2021-05-02T13:15:33.497+0000][7][gc,marking  ] GC(17) Concurrent Clear Claimed Marks
[2021-05-02T13:15:33.497+0000][7][gc,marking  ] GC(17) Concurrent Clear Claimed Marks 0.057ms
[2021-05-02T13:15:33.497+0000][7][gc,marking  ] GC(17) Concurrent Scan Root Regions
[2021-05-02T13:15:33.497+0000][7][safepoint   ] Safepoint "CollectForMetadataAllocation", Time since last: 185904509 ns, Reaching safepoint: 79885 ns, At safepoint: 36100367 ns, Total: 36180252 ns
[2021-05-02T13:15:33.522+0000][7][gc,marking  ] GC(17) Concurrent Scan Root Regions 25.166ms
[2021-05-02T13:15:33.522+0000][7][gc,marking  ] GC(17) Concurrent Mark (13.446s)
[2021-05-02T13:15:33.522+0000][7][gc,marking  ] GC(17) Concurrent Mark From Roots
[2021-05-02T13:15:33.522+0000][7][gc,task     ] GC(17) Using 2 workers of 2 for marking
[2021-05-02T13:15:33.534+0000][7][safepoint   ] Safepoint "CollectForMetadataAllocation", Time since last: 37374275 ns, Reaching safepoint: 143632 ns, At safepoint: 198812 ns, Total: 342444 ns
[2021-05-02T13:15:33.553+0000][7][safepoint   ] Safepoint "CollectForMetadataAllocation", Time since last: 18078499 ns, Reaching safepoint: 227954 ns, At safepoint: 155449 ns, Total: 383403 ns
[2021-05-02T13:15:33.554+0000][7][gc,marking  ] GC(17) Concurrent Mark From Roots 32.582ms
[2021-05-02T13:15:33.554+0000][7][gc,marking  ] GC(17) Concurrent Preclean
[2021-05-02T13:15:33.555+0000][7][gc,marking  ] GC(17) Concurrent Preclean 0.238ms
[2021-05-02T13:15:33.555+0000][7][gc,marking  ] GC(17) Concurrent Mark (13.446s, 13.478s) 32.889ms
[2021-05-02T13:15:33.555+0000][7][gc,start    ] GC(17) Pause Remark
[2021-05-02T13:15:33.559+0000][7][gc          ] GC(17) Pause Remark 64M->64M(256M) 4.544ms
[2021-05-02T13:15:33.559+0000][7][gc,cpu      ] GC(17) User=0.03s Sys=0.00s Real=0.01s
[2021-05-02T13:15:33.559+0000][7][safepoint   ] Safepoint "G1Concurrent", Time since last: 1894869 ns, Reaching safepoint: 75691 ns, At safepoint: 4617388 ns, Total: 4693079 ns
[2021-05-02T13:15:33.559+0000][7][gc,marking  ] GC(17) Concurrent Rebuild Remembered Sets
[2021-05-02T13:15:33.598+0000][7][gc,marking  ] GC(17) Concurrent Rebuild Remembered Sets 38.588ms
[2021-05-02T13:15:33.599+0000][7][gc,start    ] GC(17) Pause Cleanup
[2021-05-02T13:15:33.599+0000][7][gc          ] GC(17) Pause Cleanup 66M->66M(256M) 0.068ms
[2021-05-02T13:15:33.599+0000][7][gc,cpu      ] GC(17) User=0.00s Sys=0.00s Real=0.00s
[2021-05-02T13:15:33.599+0000][7][safepoint   ] Safepoint "G1Concurrent", Time since last: 38681688 ns, Reaching safepoint: 400703 ns, At safepoint: 118958 ns, Total: 519661 ns
[2021-05-02T13:15:33.599+0000][7][gc,marking  ] GC(17) Concurrent Cleanup for Next Mark
[2021-05-02T13:15:33.599+0000][7][gc,marking  ] GC(17) Concurrent Cleanup for Next Mark 0.518ms
[2021-05-02T13:15:33.599+0000][7][gc          ] GC(17) Concurrent Cycle 102.716ms
[2021-05-02T13:15:33.953+0000][7][gc,start    ] GC(18) Pause Young (Concurrent Start) (G1 Evacuation Pause)
[2021-05-02T13:15:33.953+0000][7][gc,task     ] GC(18) Using 6 workers of 8 for evacuation
[2021-05-02T13:15:33.953+0000][7][gc,age      ] GC(18) Desired survivor size 10485760 bytes, new threshold 1 (max threshold 15)
[2021-05-02T13:15:33.972+0000][7][gc,age      ] GC(18) Age table with threshold 1 (max threshold 15)
[2021-05-02T13:15:33.972+0000][7][gc,age      ] GC(18) - age   1:    1351536 bytes,    1351536 total
[2021-05-02T13:15:33.972+0000][7][gc,phases   ] GC(18)   Pre Evacuate Collection Set: 0.1ms
[2021-05-02T13:15:33.972+0000][7][gc,phases   ] GC(18)   Merge Heap Roots: 0.0ms
[2021-05-02T13:15:33.972+0000][7][gc,phases   ] GC(18)   Evacuate Collection Set: 18.1ms
[2021-05-02T13:15:33.972+0000][7][gc,phases   ] GC(18)   Post Evacuate Collection Set: 0.5ms
[2021-05-02T13:15:33.972+0000][7][gc,phases   ] GC(18)   Other: 0.2ms
[2021-05-02T13:15:33.972+0000][7][gc,heap     ] GC(18) Eden regions: 29->0(30)
[2021-05-02T13:15:33.972+0000][7][gc,heap     ] GC(18) Survivor regions: 5->1(5)
[2021-05-02T13:15:33.972+0000][7][gc,heap     ] GC(18) Old regions: 10->14
[2021-05-02T13:15:33.972+0000][7][gc,heap     ] GC(18) Archive regions: 2->2
[2021-05-02T13:15:33.972+0000][7][gc,heap     ] GC(18) Humongous regions: 0->0
[2021-05-02T13:15:33.972+0000][7][gc,metaspace] GC(18) Metaspace: 36105K(38632K)->36105K(38632K) NonClass: 31523K(33436K)->31523K(33436K) Class: 4581K(5196K)->4581K(5196K)
[2021-05-02T13:15:33.972+0000][7][gc          ] GC(18) Pause Young (Concurrent Start) (G1 Evacuation Pause) 176M->63M(256M) 19.144ms
[2021-05-02T13:15:33.972+0000][7][gc,cpu      ] GC(18) User=0.12s Sys=0.00s Real=0.02s
[2021-05-02T13:15:33.972+0000][7][gc          ] GC(19) Concurrent Cycle
[2021-05-02T13:15:33.972+0000][7][safepoint   ] Safepoint "G1CollectForAllocation", Time since last: 354254732 ns, Reaching safepoint: 131056 ns, At safepoint: 19235266 ns, Total: 19366322 ns
[2021-05-02T13:15:33.972+0000][7][gc,marking  ] GC(19) Concurrent Clear Claimed Marks
[2021-05-02T13:15:33.972+0000][7][gc,marking  ] GC(19) Concurrent Clear Claimed Marks 0.058ms
[2021-05-02T13:15:33.972+0000][7][gc,marking  ] GC(19) Concurrent Scan Root Regions
[2021-05-02T13:15:33.987+0000][7][gc,marking  ] GC(19) Concurrent Scan Root Regions 14.826ms
[2021-05-02T13:15:33.987+0000][7][gc,marking  ] GC(19) Concurrent Mark (13.911s)
[2021-05-02T13:15:33.987+0000][7][gc,marking  ] GC(19) Concurrent Mark From Roots
[2021-05-02T13:15:33.987+0000][7][gc,task     ] GC(19) Using 2 workers of 2 for marking
[2021-05-02T13:15:34.068+0000][7][gc,marking  ] GC(19) Concurrent Mark From Roots 80.806ms
[2021-05-02T13:15:34.068+0000][7][gc,marking  ] GC(19) Concurrent Preclean
[2021-05-02T13:15:34.068+0000][7][gc,marking  ] GC(19) Concurrent Preclean 0.266ms
[2021-05-02T13:15:34.068+0000][7][gc,marking  ] GC(19) Concurrent Mark (13.911s, 13.992s) 81.146ms
[2021-05-02T13:15:34.069+0000][7][gc,start    ] GC(19) Pause Remark
[2021-05-02T13:15:34.073+0000][7][gc          ] GC(19) Pause Remark 71M->71M(256M) 4.424ms
[2021-05-02T13:15:34.073+0000][7][gc,cpu      ] GC(19) User=0.02s Sys=0.00s Real=0.00s
[2021-05-02T13:15:34.073+0000][7][safepoint   ] Safepoint "G1Concurrent", Time since last: 96142263 ns, Reaching safepoint: 81110 ns, At safepoint: 4514777 ns, Total: 4595887 ns
[2021-05-02T13:15:34.074+0000][7][gc,marking  ] GC(19) Concurrent Rebuild Remembered Sets
[2021-05-02T13:15:34.139+0000][7][gc,marking  ] GC(19) Concurrent Rebuild Remembered Sets 64.694ms
[2021-05-02T13:15:34.139+0000][7][gc,start    ] GC(19) Pause Cleanup
[2021-05-02T13:15:34.139+0000][7][gc          ] GC(19) Pause Cleanup 71M->71M(256M) 0.060ms
[2021-05-02T13:15:34.139+0000][7][gc,cpu      ] GC(19) User=0.00s Sys=0.00s Real=0.00s
[2021-05-02T13:15:34.139+0000][7][safepoint   ] Safepoint "G1Concurrent", Time since last: 65737036 ns, Reaching safepoint: 336109 ns, At safepoint: 109622 ns, Total: 445731 ns
[2021-05-02T13:15:34.139+0000][7][gc,marking  ] GC(19) Concurrent Cleanup for Next Mark
[2021-05-02T13:15:34.140+0000][7][gc,marking  ] GC(19) Concurrent Cleanup for Next Mark 0.314ms
[2021-05-02T13:15:34.140+0000][7][gc          ] GC(19) Concurrent Cycle 167.326ms
[2021-05-02T13:15:35.692+0000][7][safepoint   ] Safepoint "Cleanup", Time since last: 1546667143 ns, Reaching safepoint: 5880758 ns, At safepoint: 23184 ns, Total: 5903942 ns
[2021-05-02T13:15:35.810+0000][7][gc,start    ] GC(20) Pause Young (Normal) (G1 Evacuation Pause)
[2021-05-02T13:15:35.810+0000][7][gc,task     ] GC(20) Using 6 workers of 8 for evacuation
[2021-05-02T13:15:35.810+0000][7][gc,age      ] GC(20) Desired survivor size 8388608 bytes, new threshold 15 (max threshold 15)
[2021-05-02T13:15:35.821+0000][7][gc,age      ] GC(20) Age table with threshold 15 (max threshold 15)
[2021-05-02T13:15:35.821+0000][7][gc,age      ] GC(20) - age   1:    5254432 bytes,    5254432 total
[2021-05-02T13:15:35.821+0000][7][gc,age      ] GC(20) - age   2:    1255216 bytes,    6509648 total
[2021-05-02T13:15:35.821+0000][7][gc,phases   ] GC(20)   Pre Evacuate Collection Set: 0.1ms
[2021-05-02T13:15:35.821+0000][7][gc,phases   ] GC(20)   Merge Heap Roots: 0.1ms
[2021-05-02T13:15:35.821+0000][7][gc,phases   ] GC(20)   Evacuate Collection Set: 9.6ms
[2021-05-02T13:15:35.821+0000][7][gc,phases   ] GC(20)   Post Evacuate Collection Set: 0.6ms
[2021-05-02T13:15:35.821+0000][7][gc,phases   ] GC(20)   Other: 0.2ms
[2021-05-02T13:15:35.821+0000][7][gc,heap     ] GC(20) Eden regions: 30->0(30)
[2021-05-02T13:15:35.821+0000][7][gc,heap     ] GC(20) Survivor regions: 1->2(4)
[2021-05-02T13:15:35.821+0000][7][gc,heap     ] GC(20) Old regions: 14->14
[2021-05-02T13:15:35.821+0000][7][gc,heap     ] GC(20) Archive regions: 2->2
[2021-05-02T13:15:35.821+0000][7][gc,heap     ] GC(20) Humongous regions: 0->0
[2021-05-02T13:15:35.821+0000][7][gc,metaspace] GC(20) Metaspace: 51854K(55272K)->51854K(55272K) NonClass: 44925K(47516K)->44925K(47516K) Class: 6929K(7756K)->6929K(7756K)
[2021-05-02T13:15:35.821+0000][7][gc          ] GC(20) Pause Young (Normal) (G1 Evacuation Pause) 183M->66M(256M) 10.758ms
[2021-05-02T13:15:35.821+0000][7][gc,cpu      ] GC(20) User=0.05s Sys=0.01s Real=0.01s
[2021-05-02T13:15:35.821+0000][7][safepoint   ] Safepoint "G1CollectForAllocation", Time since last: 117729409 ns, Reaching safepoint: 489762 ns, At safepoint: 10845147 ns, Total: 11334909 ns
[2021-05-02T13:15:36.821+0000][7][safepoint   ] Safepoint "Cleanup", Time since last: 1000113164 ns, Reaching safepoint: 197380 ns, At safepoint: 7013 ns, Total: 204393 ns
[2021-05-02T13:15:37.440+0000][7][safepoint   ] Safepoint "ICBufferFull", Time since last: 618295637 ns, Reaching safepoint: 207421 ns, At safepoint: 9386 ns, Total: 216807 ns
[2021-05-02T13:15:37.568+0000][7][gc,start    ] GC(21) Pause Young (Normal) (G1 Evacuation Pause)
[2021-05-02T13:15:37.568+0000][7][gc,task     ] GC(21) Using 6 workers of 8 for evacuation
[2021-05-02T13:15:37.568+0000][7][gc,age      ] GC(21) Desired survivor size 8388608 bytes, new threshold 15 (max threshold 15)
[2021-05-02T13:15:37.583+0000][7][gc,age      ] GC(21) Age table with threshold 15 (max threshold 15)
[2021-05-02T13:15:37.583+0000][7][gc,age      ] GC(21) - age   1:    5517880 bytes,    5517880 total
[2021-05-02T13:15:37.583+0000][7][gc,age      ] GC(21) - age   2:    5092712 bytes,   10610592 total
[2021-05-02T13:15:37.583+0000][7][gc,age      ] GC(21) - age   3:    1253712 bytes,   11864304 total
[2021-05-02T13:15:37.583+0000][7][gc,phases   ] GC(21)   Pre Evacuate Collection Set: 0.1ms
[2021-05-02T13:15:37.583+0000][7][gc,phases   ] GC(21)   Merge Heap Roots: 0.1ms
[2021-05-02T13:15:37.583+0000][7][gc,phases   ] GC(21)   Evacuate Collection Set: 13.7ms
[2021-05-02T13:15:37.583+0000][7][gc,phases   ] GC(21)   Post Evacuate Collection Set: 0.8ms
[2021-05-02T13:15:37.583+0000][7][gc,phases   ] GC(21)   Other: 0.3ms
[2021-05-02T13:15:37.583+0000][7][gc,heap     ] GC(21) Eden regions: 30->0(29)
[2021-05-02T13:15:37.583+0000][7][gc,heap     ] GC(21) Survivor regions: 2->3(4)
[2021-05-02T13:15:37.583+0000][7][gc,heap     ] GC(21) Old regions: 14->14
[2021-05-02T13:15:37.583+0000][7][gc,heap     ] GC(21) Archive regions: 2->2
[2021-05-02T13:15:37.583+0000][7][gc,heap     ] GC(21) Humongous regions: 0->0
[2021-05-02T13:15:37.583+0000][7][gc,metaspace] GC(21) Metaspace: 59244K(62952K)->59244K(62952K) NonClass: 51444K(54172K)->51444K(54172K) Class: 7799K(8780K)->7799K(8780K)
[2021-05-02T13:15:37.583+0000][7][gc          ] GC(21) Pause Young (Normal) (G1 Evacuation Pause) 186M->71M(256M) 14.998ms
[2021-05-02T13:15:37.583+0000][7][gc,cpu      ] GC(21) User=0.07s Sys=0.00s Real=0.01s
[2021-05-02T13:15:37.583+0000][7][safepoint   ] Safepoint "G1CollectForAllocation", Time since last: 127921747 ns, Reaching safepoint: 318213 ns, At safepoint: 15091724 ns, Total: 15409937 ns
[2021-05-02T13:15:37.731+0000][7][gc,start    ] GC(22) Pause Young (Concurrent Start) (Metadata GC Threshold)
[2021-05-02T13:15:37.731+0000][7][gc,task     ] GC(22) Using 6 workers of 8 for evacuation
[2021-05-02T13:15:37.731+0000][7][gc,age      ] GC(22) Desired survivor size 8388608 bytes, new threshold 2 (max threshold 15)
[2021-05-02T13:15:37.740+0000][7][gc,age      ] GC(22) Age table with threshold 2 (max threshold 15)
[2021-05-02T13:15:37.740+0000][7][gc,age      ] GC(22) - age   1:     345056 bytes,     345056 total
[2021-05-02T13:15:37.740+0000][7][gc,age      ] GC(22) - age   2:    5453992 bytes,    5799048 total
[2021-05-02T13:15:37.740+0000][7][gc,phases   ] GC(22)   Pre Evacuate Collection Set: 0.1ms
[2021-05-02T13:15:37.740+0000][7][gc,phases   ] GC(22)   Merge Heap Roots: 0.1ms
[2021-05-02T13:15:37.740+0000][7][gc,phases   ] GC(22)   Evacuate Collection Set: 8.3ms
[2021-05-02T13:15:37.740+0000][7][gc,phases   ] GC(22)   Post Evacuate Collection Set: 0.5ms
[2021-05-02T13:15:37.740+0000][7][gc,phases   ] GC(22)   Other: 0.2ms
[2021-05-02T13:15:37.740+0000][7][gc,heap     ] GC(22) Eden regions: 3->0(29)
[2021-05-02T13:15:37.740+0000][7][gc,heap     ] GC(22) Survivor regions: 3->2(4)
[2021-05-02T13:15:37.740+0000][7][gc,heap     ] GC(22) Old regions: 14->16
[2021-05-02T13:15:37.740+0000][7][gc,heap     ] GC(22) Archive regions: 2->2
[2021-05-02T13:15:37.740+0000][7][gc,heap     ] GC(22) Humongous regions: 0->0
[2021-05-02T13:15:37.740+0000][7][gc,metaspace] GC(22) Metaspace: 60778K(64360K)->60778K(64360K) NonClass: 52788K(55452K)->52788K(55452K) Class: 7990K(8908K)->7990K(8908K)
[2021-05-02T13:15:37.740+0000][7][gc          ] GC(22) Pause Young (Concurrent Start) (Metadata GC Threshold) 83M->72M(256M) 9.244ms
[2021-05-02T13:15:37.740+0000][7][gc,cpu      ] GC(22) User=0.06s Sys=0.00s Real=0.01s
[2021-05-02T13:15:37.740+0000][7][gc          ] GC(23) Concurrent Cycle
[2021-05-02T13:15:37.740+0000][7][gc,marking  ] GC(23) Concurrent Clear Claimed Marks
[2021-05-02T13:15:37.740+0000][7][gc,marking  ] GC(23) Concurrent Clear Claimed Marks 0.054ms
[2021-05-02T13:15:37.740+0000][7][gc,marking  ] GC(23) Concurrent Scan Root Regions
[2021-05-02T13:15:37.740+0000][7][safepoint   ] Safepoint "CollectForMetadataAllocation", Time since last: 147385236 ns, Reaching safepoint: 200858 ns, At safepoint: 9462285 ns, Total: 9663143 ns
[2021-05-02T13:15:37.747+0000][7][gc,marking  ] GC(23) Concurrent Scan Root Regions 6.639ms
[2021-05-02T13:15:37.747+0000][7][gc,marking  ] GC(23) Concurrent Mark (17.670s)
[2021-05-02T13:15:37.747+0000][7][gc,marking  ] GC(23) Concurrent Mark From Roots
[2021-05-02T13:15:37.747+0000][7][gc,task     ] GC(23) Using 2 workers of 2 for marking
[2021-05-02T13:15:37.779+0000][7][safepoint   ] Safepoint "CollectForMetadataAllocation", Time since last: 39137947 ns, Reaching safepoint: 93427 ns, At safepoint: 146585 ns, Total: 240012 ns
[2021-05-02T13:15:37.818+0000][7][gc,marking  ] GC(23) Concurrent Mark From Roots 71.475ms
[2021-05-02T13:15:37.818+0000][7][gc,marking  ] GC(23) Concurrent Preclean
[2021-05-02T13:15:37.818+0000][7][gc,marking  ] GC(23) Concurrent Preclean 0.231ms
[2021-05-02T13:15:37.818+0000][7][gc,marking  ] GC(23) Concurrent Mark (17.670s, 17.742s) 71.768ms
[2021-05-02T13:15:37.819+0000][7][gc,start    ] GC(23) Pause Remark
[2021-05-02T13:15:37.821+0000][7][gc          ] GC(23) Pause Remark 80M->80M(256M) 2.233ms
[2021-05-02T13:15:37.821+0000][7][gc,cpu      ] GC(23) User=0.02s Sys=0.00s Real=0.00s
[2021-05-02T13:15:37.821+0000][7][safepoint   ] Safepoint "G1Concurrent", Time since last: 39081275 ns, Reaching safepoint: 144973 ns, At safepoint: 2301783 ns, Total: 2446756 ns
[2021-05-02T13:15:37.821+0000][7][gc,marking  ] GC(23) Concurrent Rebuild Remembered Sets
[2021-05-02T13:15:37.875+0000][7][gc,marking  ] GC(23) Concurrent Rebuild Remembered Sets 54.045ms
[2021-05-02T13:15:37.876+0000][7][gc,start    ] GC(23) Pause Cleanup
[2021-05-02T13:15:37.876+0000][7][gc          ] GC(23) Pause Cleanup 84M->84M(256M) 0.115ms
[2021-05-02T13:15:37.876+0000][7][gc,cpu      ] GC(23) User=0.00s Sys=0.00s Real=0.00s
[2021-05-02T13:15:37.876+0000][7][safepoint   ] Safepoint "G1Concurrent", Time since last: 54158456 ns, Reaching safepoint: 710217 ns, At safepoint: 166924 ns, Total: 877141 ns
[2021-05-02T13:15:37.876+0000][7][gc,marking  ] GC(23) Concurrent Cleanup for Next Mark
[2021-05-02T13:15:37.876+0000][7][gc,marking  ] GC(23) Concurrent Cleanup for Next Mark 0.191ms
[2021-05-02T13:15:37.876+0000][7][gc          ] GC(23) Concurrent Cycle 136.379ms
[2021-05-02T13:15:38.877+0000][7][safepoint   ] Safepoint "Cleanup", Time since last: 1000186000 ns, Reaching safepoint: 966869 ns, At safepoint: 8454 ns, Total: 975323 ns
[2021-05-02T13:15:39.270+0000][7][gc,start    ] GC(24) Pause Young (Concurrent Start) (G1 Evacuation Pause)
[2021-05-02T13:15:39.270+0000][7][gc,task     ] GC(24) Using 6 workers of 8 for evacuation
[2021-05-02T13:15:39.270+0000][7][gc,age      ] GC(24) Desired survivor size 8388608 bytes, new threshold 15 (max threshold 15)
[2021-05-02T13:15:39.281+0000][7][gc,age      ] GC(24) Age table with threshold 15 (max threshold 15)
[2021-05-02T13:15:39.281+0000][7][gc,age      ] GC(24) - age   1:    5936880 bytes,    5936880 total
[2021-05-02T13:15:39.281+0000][7][gc,age      ] GC(24) - age   2:     325824 bytes,    6262704 total
[2021-05-02T13:15:39.281+0000][7][gc,age      ] GC(24) - age   3:    5419640 bytes,   11682344 total
[2021-05-02T13:15:39.281+0000][7][gc,phases   ] GC(24)   Pre Evacuate Collection Set: 0.1ms
[2021-05-02T13:15:39.281+0000][7][gc,phases   ] GC(24)   Merge Heap Roots: 0.1ms
[2021-05-02T13:15:39.281+0000][7][gc,phases   ] GC(24)   Evacuate Collection Set: 9.8ms
[2021-05-02T13:15:39.281+0000][7][gc,phases   ] GC(24)   Post Evacuate Collection Set: 0.7ms
[2021-05-02T13:15:39.281+0000][7][gc,phases   ] GC(24)   Other: 0.2ms
[2021-05-02T13:15:39.281+0000][7][gc,heap     ] GC(24) Eden regions: 29->0(28)
[2021-05-02T13:15:39.281+0000][7][gc,heap     ] GC(24) Survivor regions: 2->3(4)
[2021-05-02T13:15:39.281+0000][7][gc,heap     ] GC(24) Old regions: 16->16
[2021-05-02T13:15:39.281+0000][7][gc,heap     ] GC(24) Archive regions: 2->2
[2021-05-02T13:15:39.281+0000][7][gc,heap     ] GC(24) Humongous regions: 0->0
[2021-05-02T13:15:39.281+0000][7][gc,metaspace] GC(24) Metaspace: 77467K(81488K)->77467K(81488K) NonClass: 67023K(70044K)->67023K(70044K) Class: 10443K(11444K)->10443K(11444K)
[2021-05-02T13:15:39.281+0000][7][gc          ] GC(24) Pause Young (Concurrent Start) (G1 Evacuation Pause) 188M->77M(256M) 10.939ms
[2021-05-02T13:15:39.281+0000][7][gc,cpu      ] GC(24) User=0.08s Sys=0.00s Real=0.01s
[2021-05-02T13:15:39.281+0000][7][gc          ] GC(25) Concurrent Cycle
[2021-05-02T13:15:39.281+0000][7][safepoint   ] Safepoint "G1CollectForAllocation", Time since last: 392560014 ns, Reaching safepoint: 140687 ns, At safepoint: 11007852 ns, Total: 11148539 ns
[2021-05-02T13:15:39.281+0000][7][gc,marking  ] GC(25) Concurrent Clear Claimed Marks
[2021-05-02T13:15:39.281+0000][7][gc,marking  ] GC(25) Concurrent Clear Claimed Marks 0.070ms
[2021-05-02T13:15:39.281+0000][7][gc,marking  ] GC(25) Concurrent Scan Root Regions
[2021-05-02T13:15:39.291+0000][7][gc,marking  ] GC(25) Concurrent Scan Root Regions 9.816ms
[2021-05-02T13:15:39.291+0000][7][gc,marking  ] GC(25) Concurrent Mark (19.214s)
[2021-05-02T13:15:39.291+0000][7][gc,marking  ] GC(25) Concurrent Mark From Roots
[2021-05-02T13:15:39.291+0000][7][gc,task     ] GC(25) Using 2 workers of 2 for marking
[2021-05-02T13:15:39.369+0000][7][gc,marking  ] GC(25) Concurrent Mark From Roots 77.732ms
[2021-05-02T13:15:39.369+0000][7][gc,marking  ] GC(25) Concurrent Preclean
[2021-05-02T13:15:39.369+0000][7][gc,marking  ] GC(25) Concurrent Preclean 0.254ms
[2021-05-02T13:15:39.369+0000][7][gc,marking  ] GC(25) Concurrent Mark (19.214s, 19.293s) 78.063ms
[2021-05-02T13:15:39.369+0000][7][gc,start    ] GC(25) Pause Remark
[2021-05-02T13:15:39.372+0000][7][gc          ] GC(25) Pause Remark 83M->83M(256M) 2.933ms
[2021-05-02T13:15:39.372+0000][7][gc,cpu      ] GC(25) User=0.02s Sys=0.00s Real=0.00s
[2021-05-02T13:15:39.372+0000][7][safepoint   ] Safepoint "G1Concurrent", Time since last: 88044393 ns, Reaching safepoint: 110605 ns, At safepoint: 3037966 ns, Total: 3148571 ns
[2021-05-02T13:15:39.372+0000][7][gc,marking  ] GC(25) Concurrent Rebuild Remembered Sets
[2021-05-02T13:15:39.429+0000][7][gc,marking  ] GC(25) Concurrent Rebuild Remembered Sets 56.523ms
[2021-05-02T13:15:39.429+0000][7][gc,start    ] GC(25) Pause Cleanup
[2021-05-02T13:15:39.429+0000][7][gc          ] GC(25) Pause Cleanup 87M->87M(256M) 0.061ms
[2021-05-02T13:15:39.429+0000][7][gc,cpu      ] GC(25) User=0.00s Sys=0.00s Real=0.00s
[2021-05-02T13:15:39.429+0000][7][safepoint   ] Safepoint "G1Concurrent", Time since last: 56663605 ns, Reaching safepoint: 328020 ns, At safepoint: 102020 ns, Total: 430040 ns
[2021-05-02T13:15:39.429+0000][7][gc,marking  ] GC(25) Concurrent Cleanup for Next Mark
[2021-05-02T13:15:39.429+0000][7][gc,marking  ] GC(25) Concurrent Cleanup for Next Mark 0.146ms
[2021-05-02T13:15:39.429+0000][7][gc          ] GC(25) Concurrent Cycle 148.478ms
[2021-05-02T13:15:39.895+0000][7][safepoint   ] Safepoint "ICBufferFull", Time since last: 465201093 ns, Reaching safepoint: 180753 ns, At safepoint: 10506 ns, Total: 191259 ns
[2021-05-02T13:15:40.229+0000][7][safepoint   ] Safepoint "ICBufferFull", Time since last: 334410319 ns, Reaching safepoint: 176491 ns, At safepoint: 8609 ns, Total: 185100 ns
[2021-05-02T13:15:40.599+0000][7][safepoint   ] Safepoint "ICBufferFull", Time since last: 369505843 ns, Reaching safepoint: 229813 ns, At safepoint: 14823 ns, Total: 244636 ns
[2021-05-02T13:15:40.650+0000][7][gc,start    ] GC(26) Pause Young (Normal) (G1 Evacuation Pause)
[2021-05-02T13:15:40.650+0000][7][gc,task     ] GC(26) Using 6 workers of 8 for evacuation
[2021-05-02T13:15:40.651+0000][7][gc,age      ] GC(26) Desired survivor size 8388608 bytes, new threshold 3 (max threshold 15)
[2021-05-02T13:15:40.663+0000][7][gc,age      ] GC(26) Age table with threshold 3 (max threshold 15)
[2021-05-02T13:15:40.663+0000][7][gc,age      ] GC(26) - age   1:    5278624 bytes,    5278624 total
[2021-05-02T13:15:40.663+0000][7][gc,age      ] GC(26) - age   2:    5746840 bytes,   11025464 total
[2021-05-02T13:15:40.663+0000][7][gc,age      ] GC(26) - age   3:     324448 bytes,   11349912 total
[2021-05-02T13:15:40.663+0000][7][gc,phases   ] GC(26)   Pre Evacuate Collection Set: 0.1ms
[2021-05-02T13:15:40.663+0000][7][gc,phases   ] GC(26)   Merge Heap Roots: 0.1ms
[2021-05-02T13:15:40.663+0000][7][gc,phases   ] GC(26)   Evacuate Collection Set: 11.1ms
[2021-05-02T13:15:40.663+0000][7][gc,phases   ] GC(26)   Post Evacuate Collection Set: 0.8ms
[2021-05-02T13:15:40.663+0000][7][gc,phases   ] GC(26)   Other: 0.2ms
[2021-05-02T13:15:40.663+0000][7][gc,heap     ] GC(26) Eden regions: 28->0(27)
[2021-05-02T13:15:40.663+0000][7][gc,heap     ] GC(26) Survivor regions: 3->3(4)
[2021-05-02T13:15:40.663+0000][7][gc,heap     ] GC(26) Old regions: 16->17
[2021-05-02T13:15:40.663+0000][7][gc,heap     ] GC(26) Archive regions: 2->2
[2021-05-02T13:15:40.663+0000][7][gc,heap     ] GC(26) Humongous regions: 0->0
[2021-05-02T13:15:40.663+0000][7][gc,metaspace] GC(26) Metaspace: 88505K(93136K)->88505K(93136K) NonClass: 76506K(80028K)->76506K(80028K) Class: 11998K(13108K)->11998K(13108K)
[2021-05-02T13:15:40.663+0000][7][gc          ] GC(26) Pause Young (Normal) (G1 Evacuation Pause) 189M->83M(256M) 12.277ms
[2021-05-02T13:15:40.663+0000][7][gc,cpu      ] GC(26) User=0.08s Sys=0.00s Real=0.01s
[2021-05-02T13:15:40.663+0000][7][safepoint   ] Safepoint "G1CollectForAllocation", Time since last: 51464577 ns, Reaching safepoint: 88470 ns, At safepoint: 12352177 ns, Total: 12440647 ns
[2021-05-02T13:15:40.864+0000][7][gc,start    ] GC(27) Pause Young (Concurrent Start) (G1 Humongous Allocation)
[2021-05-02T13:15:40.864+0000][7][gc,task     ] GC(27) Using 6 workers of 8 for evacuation
[2021-05-02T13:15:40.864+0000][7][gc,age      ] GC(27) Desired survivor size 8388608 bytes, new threshold 2 (max threshold 15)
[2021-05-02T13:15:40.878+0000][7][gc,age      ] GC(27) Age table with threshold 2 (max threshold 15)
[2021-05-02T13:15:40.878+0000][7][gc,age      ] GC(27) - age   1:     957384 bytes,     957384 total
[2021-05-02T13:15:40.878+0000][7][gc,age      ] GC(27) - age   2:    4535000 bytes,    5492384 total
[2021-05-02T13:15:40.878+0000][7][gc,phases   ] GC(27)   Pre Evacuate Collection Set: 0.1ms
[2021-05-02T13:15:40.878+0000][7][gc,phases   ] GC(27)   Merge Heap Roots: 0.1ms
[2021-05-02T13:15:40.878+0000][7][gc,phases   ] GC(27)   Evacuate Collection Set: 13.2ms
[2021-05-02T13:15:40.878+0000][7][gc,phases   ] GC(27)   Post Evacuate Collection Set: 0.6ms
[2021-05-02T13:15:40.878+0000][7][gc,phases   ] GC(27)   Other: 0.3ms
[2021-05-02T13:15:40.878+0000][7][gc,heap     ] GC(27) Eden regions: 5->0(27)
[2021-05-02T13:15:40.878+0000][7][gc,heap     ] GC(27) Survivor regions: 3->2(4)
[2021-05-02T13:15:40.878+0000][7][gc,heap     ] GC(27) Old regions: 17->19
[2021-05-02T13:15:40.878+0000][7][gc,heap     ] GC(27) Archive regions: 2->2
[2021-05-02T13:15:40.878+0000][7][gc,heap     ] GC(27) Humongous regions: 0->0
[2021-05-02T13:15:40.878+0000][7][gc,metaspace] GC(27) Metaspace: 89331K(94032K)->89331K(94032K) NonClass: 77220K(80796K)->77220K(80796K) Class: 12111K(13236K)->12111K(13236K)
[2021-05-02T13:15:40.878+0000][7][gc          ] GC(27) Pause Young (Concurrent Start) (G1 Humongous Allocation) 102M->83M(256M) 14.383ms
[2021-05-02T13:15:40.878+0000][7][gc,cpu      ] GC(27) User=0.08s Sys=0.00s Real=0.01s
[2021-05-02T13:15:40.878+0000][7][gc          ] GC(28) Concurrent Cycle
[2021-05-02T13:15:40.878+0000][7][safepoint   ] Safepoint "G1TryInitiateConcMark", Time since last: 201080048 ns, Reaching safepoint: 153265 ns, At safepoint: 14482332 ns, Total: 14635597 ns
[2021-05-02T13:15:40.879+0000][7][gc,marking  ] GC(28) Concurrent Clear Claimed Marks
[2021-05-02T13:15:40.879+0000][7][gc,marking  ] GC(28) Concurrent Clear Claimed Marks 0.094ms
[2021-05-02T13:15:40.879+0000][7][gc,marking  ] GC(28) Concurrent Scan Root Regions
[2021-05-02T13:15:40.889+0000][7][gc,marking  ] GC(28) Concurrent Scan Root Regions 10.861ms
[2021-05-02T13:15:40.890+0000][7][gc,marking  ] GC(28) Concurrent Mark (20.813s)
[2021-05-02T13:15:40.890+0000][7][gc,marking  ] GC(28) Concurrent Mark From Roots
[2021-05-02T13:15:40.890+0000][7][gc,task     ] GC(28) Using 2 workers of 2 for marking
[2021-05-02T13:15:40.981+0000][7][gc,marking  ] GC(28) Concurrent Mark From Roots 91.872ms
[2021-05-02T13:15:40.981+0000][7][gc,marking  ] GC(28) Concurrent Preclean
[2021-05-02T13:15:40.982+0000][7][gc,marking  ] GC(28) Concurrent Preclean 0.253ms
[2021-05-02T13:15:40.982+0000][7][gc,marking  ] GC(28) Concurrent Mark (20.813s, 20.905s) 92.192ms
[2021-05-02T13:15:40.982+0000][7][gc,start    ] GC(28) Pause Remark
[2021-05-02T13:15:40.985+0000][7][gc          ] GC(28) Pause Remark 94M->94M(256M) 3.068ms
[2021-05-02T13:15:40.985+0000][7][gc,cpu      ] GC(28) User=0.02s Sys=0.00s Real=0.01s
[2021-05-02T13:15:40.985+0000][7][safepoint   ] Safepoint "G1Concurrent", Time since last: 103256548 ns, Reaching safepoint: 78245 ns, At safepoint: 3150510 ns, Total: 3228755 ns
[2021-05-02T13:15:40.985+0000][7][gc,marking  ] GC(28) Concurrent Rebuild Remembered Sets
[2021-05-02T13:15:41.060+0000][7][gc,marking  ] GC(28) Concurrent Rebuild Remembered Sets 74.567ms
[2021-05-02T13:15:41.060+0000][7][gc,start    ] GC(28) Pause Cleanup
[2021-05-02T13:15:41.060+0000][7][gc          ] GC(28) Pause Cleanup 97M->97M(256M) 0.074ms
[2021-05-02T13:15:41.060+0000][7][gc,cpu      ] GC(28) User=0.00s Sys=0.00s Real=0.00s
[2021-05-02T13:15:41.060+0000][7][safepoint   ] Safepoint "G1Concurrent", Time since last: 74648596 ns, Reaching safepoint: 269377 ns, At safepoint: 123858 ns, Total: 393235 ns
[2021-05-02T13:15:41.060+0000][7][gc,marking  ] GC(28) Concurrent Cleanup for Next Mark
[2021-05-02T13:15:41.060+0000][7][gc,marking  ] GC(28) Concurrent Cleanup for Next Mark 0.165ms
[2021-05-02T13:15:41.060+0000][7][gc          ] GC(28) Concurrent Cycle 181.747ms
[2021-05-02T13:15:41.295+0000][7][safepoint   ] Safepoint "ICBufferFull", Time since last: 234751432 ns, Reaching safepoint: 167526 ns, At safepoint: 12272 ns, Total: 179798 ns
[2021-05-02T13:15:41.674+0000][7][safepoint   ] Safepoint "ICBufferFull", Time since last: 378453260 ns, Reaching safepoint: 219771 ns, At safepoint: 10515 ns, Total: 230286 ns
[2021-05-02T13:15:41.950+0000][7][gc,start    ] GC(29) Pause Young (Normal) (G1 Evacuation Pause)
[2021-05-02T13:15:41.950+0000][7][gc,task     ] GC(29) Using 6 workers of 8 for evacuation
[2021-05-02T13:15:41.950+0000][7][gc,age      ] GC(29) Desired survivor size 8388608 bytes, new threshold 15 (max threshold 15)
[2021-05-02T13:15:41.966+0000][7][gc,age      ] GC(29) Age table with threshold 15 (max threshold 15)
[2021-05-02T13:15:41.966+0000][7][gc,age      ] GC(29) - age   1:    9738384 bytes,    9738384 total
[2021-05-02T13:15:41.966+0000][7][gc,age      ] GC(29) - age   2:     818872 bytes,   10557256 total
[2021-05-02T13:15:41.966+0000][7][gc,age      ] GC(29) - age   3:    4401720 bytes,   14958976 total
[2021-05-02T13:15:41.966+0000][7][gc,phases   ] GC(29)   Pre Evacuate Collection Set: 0.0ms
[2021-05-02T13:15:41.966+0000][7][gc,phases   ] GC(29)   Merge Heap Roots: 0.1ms
[2021-05-02T13:15:41.966+0000][7][gc,phases   ] GC(29)   Evacuate Collection Set: 14.7ms
[2021-05-02T13:15:41.966+0000][7][gc,phases   ] GC(29)   Post Evacuate Collection Set: 0.7ms
[2021-05-02T13:15:41.966+0000][7][gc,phases   ] GC(29)   Other: 0.2ms
[2021-05-02T13:15:41.966+0000][7][gc,heap     ] GC(29) Eden regions: 27->0(23)
[2021-05-02T13:15:41.966+0000][7][gc,heap     ] GC(29) Survivor regions: 2->4(4)
[2021-05-02T13:15:41.966+0000][7][gc,heap     ] GC(29) Old regions: 19->19
[2021-05-02T13:15:41.966+0000][7][gc,heap     ] GC(29) Archive regions: 2->2
[2021-05-02T13:15:41.966+0000][7][gc,heap     ] GC(29) Humongous regions: 2->2
[2021-05-02T13:15:41.966+0000][7][gc,metaspace] GC(29) Metaspace: 94170K(98896K)->94170K(98896K) NonClass: 81383K(84892K)->81383K(84892K) Class: 12786K(14004K)->12786K(14004K)
[2021-05-02T13:15:41.966+0000][7][gc          ] GC(29) Pause Young (Normal) (G1 Evacuation Pause) 199M->100M(256M) 15.810ms
[2021-05-02T13:15:41.966+0000][7][gc,cpu      ] GC(29) User=0.10s Sys=0.00s Real=0.02s
[2021-05-02T13:15:41.972+0000][7][safepoint   ] Safepoint "G1CollectForAllocation", Time since last: 276074098 ns, Reaching safepoint: 229709 ns, At safepoint: 21802376 ns, Total: 22032085 ns
[2021-05-02T13:15:42.346+0000][7][safepoint   ] Safepoint "ICBufferFull", Time since last: 373605871 ns, Reaching safepoint: 206675 ns, At safepoint: 10531 ns, Total: 217206 ns
[2021-05-02T13:15:42.569+0000][7][gc,start    ] GC(30) Pause Young (Concurrent Start) (G1 Evacuation Pause)
[2021-05-02T13:15:42.569+0000][7][gc,task     ] GC(30) Using 6 workers of 8 for evacuation
[2021-05-02T13:15:42.569+0000][7][gc,age      ] GC(30) Desired survivor size 8388608 bytes, new threshold 1 (max threshold 15)
[2021-05-02T13:15:42.599+0000][7][gc,age      ] GC(30) Age table with threshold 1 (max threshold 15)
[2021-05-02T13:15:42.599+0000][7][gc,age      ] GC(30) - age   1:    7804672 bytes,    7804672 total
[2021-05-02T13:15:42.599+0000][7][gc,phases   ] GC(30)   Pre Evacuate Collection Set: 0.1ms
[2021-05-02T13:15:42.599+0000][7][gc,phases   ] GC(30)   Merge Heap Roots: 0.1ms
[2021-05-02T13:15:42.599+0000][7][gc,phases   ] GC(30)   Evacuate Collection Set: 28.6ms
[2021-05-02T13:15:42.599+0000][7][gc,phases   ] GC(30)   Post Evacuate Collection Set: 0.7ms
[2021-05-02T13:15:42.599+0000][7][gc,phases   ] GC(30)   Other: 0.2ms
[2021-05-02T13:15:42.599+0000][7][gc,heap     ] GC(30) Eden regions: 23->0(20)
[2021-05-02T13:15:42.599+0000][7][gc,heap     ] GC(30) Survivor regions: 4->3(4)
[2021-05-02T13:15:42.599+0000][7][gc,heap     ] GC(30) Old regions: 19->22
[2021-05-02T13:15:42.599+0000][7][gc,heap     ] GC(30) Archive regions: 2->2
[2021-05-02T13:15:42.599+0000][7][gc,heap     ] GC(30) Humongous regions: 2->2
[2021-05-02T13:15:42.599+0000][7][gc,metaspace] GC(30) Metaspace: 94719K(99408K)->94719K(99408K) NonClass: 81910K(85404K)->81910K(85404K) Class: 12809K(14004K)->12809K(14004K)
[2021-05-02T13:15:42.599+0000][7][gc          ] GC(30) Pause Young (Concurrent Start) (G1 Evacuation Pause) 192M->108M(256M) 29.731ms
[2021-05-02T13:15:42.599+0000][7][gc,cpu      ] GC(30) User=0.19s Sys=0.00s Real=0.03s
[2021-05-02T13:15:42.599+0000][7][gc          ] GC(31) Concurrent Cycle
[2021-05-02T13:15:42.599+0000][7][gc,marking  ] GC(31) Concurrent Clear Claimed Marks
[2021-05-02T13:15:42.599+0000][7][safepoint   ] Safepoint "G1CollectForAllocation", Time since last: 223621504 ns, Reaching safepoint: 178194 ns, At safepoint: 29832834 ns, Total: 30011028 ns
[2021-05-02T13:15:42.599+0000][7][gc,marking  ] GC(31) Concurrent Clear Claimed Marks 0.076ms
[2021-05-02T13:15:42.599+0000][7][gc,marking  ] GC(31) Concurrent Scan Root Regions
[2021-05-02T13:15:42.616+0000][7][gc,marking  ] GC(31) Concurrent Scan Root Regions 16.862ms
[2021-05-02T13:15:42.616+0000][7][gc,marking  ] GC(31) Concurrent Mark (22.540s)
[2021-05-02T13:15:42.616+0000][7][gc,marking  ] GC(31) Concurrent Mark From Roots
[2021-05-02T13:15:42.616+0000][7][gc,task     ] GC(31) Using 2 workers of 2 for marking
[2021-05-02T13:15:42.731+0000][7][gc,marking  ] GC(31) Concurrent Mark From Roots 115.110ms
[2021-05-02T13:15:42.731+0000][7][gc,marking  ] GC(31) Concurrent Preclean
[2021-05-02T13:15:42.732+0000][7][gc,marking  ] GC(31) Concurrent Preclean 0.265ms
[2021-05-02T13:15:42.732+0000][7][gc,marking  ] GC(31) Concurrent Mark (22.540s, 22.655s) 115.449ms
[2021-05-02T13:15:42.732+0000][7][gc,start    ] GC(31) Pause Remark
[2021-05-02T13:15:42.737+0000][7][gc          ] GC(31) Pause Remark 121M->121M(256M) 5.062ms
[2021-05-02T13:15:42.737+0000][7][gc,cpu      ] GC(31) User=0.03s Sys=0.00s Real=0.01s
[2021-05-02T13:15:42.737+0000][7][safepoint   ] Safepoint "G1Concurrent", Time since last: 132496917 ns, Reaching safepoint: 201871 ns, At safepoint: 5154321 ns, Total: 5356192 ns
[2021-05-02T13:15:42.740+0000][7][gc,marking  ] GC(31) Concurrent Rebuild Remembered Sets
[2021-05-02T13:15:42.843+0000][7][gc,marking  ] GC(31) Concurrent Rebuild Remembered Sets 102.875ms
[2021-05-02T13:15:42.843+0000][7][gc,start    ] GC(31) Pause Cleanup
[2021-05-02T13:15:42.843+0000][7][gc          ] GC(31) Pause Cleanup 131M->131M(256M) 0.099ms
[2021-05-02T13:15:42.843+0000][7][gc,cpu      ] GC(31) User=0.00s Sys=0.00s Real=0.00s
[2021-05-02T13:15:42.843+0000][7][safepoint   ] Safepoint "G1Concurrent", Time since last: 105877086 ns, Reaching safepoint: 234602 ns, At safepoint: 162298 ns, Total: 396900 ns
[2021-05-02T13:15:42.843+0000][7][gc,marking  ] GC(31) Concurrent Cleanup for Next Mark
[2021-05-02T13:15:42.844+0000][7][gc,marking  ] GC(31) Concurrent Cleanup for Next Mark 0.187ms
[2021-05-02T13:15:42.844+0000][7][gc          ] GC(31) Concurrent Cycle 244.377ms
[2021-05-02T13:15:42.947+0000][7][safepoint   ] Safepoint "Cleanup", Time since last: 1000156121 ns, Reaching safepoint: 168855 ns, At safepoint: 7191 ns, Total: 176046 ns
[2021-05-02T13:15:44.173+0000][7][safepoint   ] Safepoint "Cleanup", Time since last: 1225767803 ns, Reaching safepoint: 185232 ns, At safepoint: 9314 ns, Total: 194546 ns
[2021-05-02T13:15:45.174+0000][7][safepoint   ] Safepoint "Cleanup", Time since last: 1000250320 ns, Reaching safepoint: 140936 ns, At safepoint: 7653 ns, Total: 148589 ns
[2021-05-02T13:15:46.174+0000][7][safepoint   ] Safepoint "Cleanup", Time since last: 1000235618 ns, Reaching safepoint: 174020 ns, At safepoint: 8675 ns, Total: 182695 ns
[2021-05-02T13:15:48.175+0000][7][safepoint   ] Safepoint "Cleanup", Time since last: 2000670870 ns, Reaching safepoint: 136536 ns, At safepoint: 4156 ns, Total: 140692 ns
[2021-05-02T13:15:49.175+0000][7][safepoint   ] Safepoint "Cleanup", Time since last: 1000407027 ns, Reaching safepoint: 95045 ns, At safepoint: 8755 ns, Total: 103800 ns
[2021-05-02T13:15:50.176+0000][7][safepoint   ] Safepoint "Cleanup", Time since last: 1000097038 ns, Reaching safepoint: 72268 ns, At safepoint: 6178 ns, Total: 78446 ns
[2021-05-02T13:15:51.176+0000][7][safepoint   ] Safepoint "Cleanup", Time since last: 1000237562 ns, Reaching safepoint: 86131 ns, At safepoint: 7260 ns, Total: 93391 ns
[2021-05-02T13:15:52.176+0000][7][safepoint   ] Safepoint "Cleanup", Time since last: 1000112338 ns, Reaching safepoint: 128496 ns, At safepoint: 10808 ns, Total: 139304 ns
[2021-05-02T13:15:53.176+0000][7][safepoint   ] Safepoint "Cleanup", Time since last: 1000132616 ns, Reaching safepoint: 80610 ns, At safepoint: 5805 ns, Total: 86415 ns
[2021-05-02T13:15:54.177+0000][7][safepoint   ] Safepoint "Cleanup", Time since last: 1000100983 ns, Reaching safepoint: 82449 ns, At safepoint: 6452 ns, Total: 88901 ns
[2021-05-02T13:15:55.177+0000][7][safepoint   ] Safepoint "Cleanup", Time since last: 1000284384 ns, Reaching safepoint: 113046 ns, At safepoint: 6320 ns, Total: 119366 ns
[2021-05-02T13:15:56.177+0000][7][safepoint   ] Safepoint "Cleanup", Time since last: 1000140148 ns, Reaching safepoint: 77104 ns, At safepoint: 5592 ns, Total: 82696 ns
[2021-05-02T13:15:59.178+0000][7][safepoint   ] Safepoint "Cleanup", Time since last: 3001029273 ns, Reaching safepoint: 92740 ns, At safepoint: 7524 ns, Total: 100264 ns
[2021-05-02T13:16:00.179+0000][7][safepoint   ] Safepoint "Cleanup", Time since last: 1000505492 ns, Reaching safepoint: 147939 ns, At safepoint: 7837 ns, Total: 155776 ns
[2021-05-02T13:16:01.179+0000][7][safepoint   ] Safepoint "Cleanup", Time since last: 1000132870 ns, Reaching safepoint: 72834 ns, At safepoint: 5045 ns, Total: 77879 ns
[2021-05-02T13:16:03.179+0000][7][safepoint   ] Safepoint "Cleanup", Time since last: 2000159886 ns, Reaching safepoint: 106448 ns, At safepoint: 6911 ns, Total: 113359 ns
[2021-05-02T13:16:04.180+0000][7][safepoint   ] Safepoint "Cleanup", Time since last: 1000111104 ns, Reaching safepoint: 133190 ns, At safepoint: 8847 ns, Total: 142037 ns
[2021-05-02T13:16:05.180+0000][7][safepoint   ] Safepoint "Cleanup", Time since last: 1000110325 ns, Reaching safepoint: 94622 ns, At safepoint: 7013 ns, Total: 101635 ns
[2021-05-02T13:16:06.180+0000][7][safepoint   ] Safepoint "Cleanup", Time since last: 1000105568 ns, Reaching safepoint: 85646 ns, At safepoint: 5127 ns, Total: 90773 ns
[2021-05-02T13:16:07.180+0000][7][safepoint   ] Safepoint "Cleanup", Time since last: 1000116787 ns, Reaching safepoint: 102215 ns, At safepoint: 8715 ns, Total: 110930 ns
[2021-05-02T13:16:09.181+0000][7][safepoint   ] Safepoint "Cleanup", Time since last: 2000355426 ns, Reaching safepoint: 88272 ns, At safepoint: 5304 ns, Total: 93576 ns
[2021-05-02T13:16:09.462+0000][7][gc,start    ] GC(32) Pause Young (Normal) (G1 Evacuation Pause)
[2021-05-02T13:16:09.462+0000][7][gc,task     ] GC(32) Using 6 workers of 8 for evacuation
[2021-05-02T13:16:09.462+0000][7][gc,age      ] GC(32) Desired survivor size 6291456 bytes, new threshold 1 (max threshold 15)
[2021-05-02T13:16:09.470+0000][7][gc,age      ] GC(32) Age table with threshold 1 (max threshold 15)
[2021-05-02T13:16:09.470+0000][7][gc,age      ] GC(32) - age   1:    4174024 bytes,    4174024 total
[2021-05-02T13:16:09.470+0000][7][gc,phases   ] GC(32)   Pre Evacuate Collection Set: 0.0ms
[2021-05-02T13:16:09.470+0000][7][gc,phases   ] GC(32)   Merge Heap Roots: 0.0ms
[2021-05-02T13:16:09.470+0000][7][gc,phases   ] GC(32)   Evacuate Collection Set: 7.5ms
[2021-05-02T13:16:09.470+0000][7][gc,phases   ] GC(32)   Post Evacuate Collection Set: 0.4ms
[2021-05-02T13:16:09.470+0000][7][gc,phases   ] GC(32)   Other: 0.2ms
[2021-05-02T13:16:09.470+0000][7][gc,heap     ] GC(32) Eden regions: 20->0(20)
[2021-05-02T13:16:09.470+0000][7][gc,heap     ] GC(32) Survivor regions: 3->2(3)
[2021-05-02T13:16:09.470+0000][7][gc,heap     ] GC(32) Old regions: 22->24
[2021-05-02T13:16:09.470+0000][7][gc,heap     ] GC(32) Archive regions: 2->2
[2021-05-02T13:16:09.470+0000][7][gc,heap     ] GC(32) Humongous regions: 2->2
[2021-05-02T13:16:09.470+0000][7][gc,metaspace] GC(32) Metaspace: 99960K(104528K)->99960K(104528K) NonClass: 86428K(89756K)->86428K(89756K) Class: 13532K(14772K)->13532K(14772K)
[2021-05-02T13:16:09.470+0000][7][gc          ] GC(32) Pause Young (Normal) (G1 Evacuation Pause) 188M->112M(256M) 8.301ms
[2021-05-02T13:16:09.470+0000][7][gc,cpu      ] GC(32) User=0.05s Sys=0.00s Real=0.01s
[2021-05-02T13:16:09.470+0000][7][safepoint   ] Safepoint "G1CollectForAllocation", Time since last: 280988659 ns, Reaching safepoint: 202816 ns, At safepoint: 8370781 ns, Total: 8573597 ns
[2021-05-02T13:16:10.471+0000][7][safepoint   ] Safepoint "Cleanup", Time since last: 1000092482 ns, Reaching safepoint: 149427 ns, At safepoint: 4965 ns, Total: 154392 ns
[2021-05-02T13:16:11.471+0000][7][safepoint   ] Safepoint "Cleanup", Time since last: 1000161536 ns, Reaching safepoint: 123366 ns, At safepoint: 6818 ns, Total: 130184 ns
[2021-05-02T13:16:12.471+0000][7][safepoint   ] Safepoint "Cleanup", Time since last: 1000328883 ns, Reaching safepoint: 101719 ns, At safepoint: 4910 ns, Total: 106629 ns
[2021-05-02T13:16:13.472+0000][7][safepoint   ] Safepoint "Cleanup", Time since last: 1000443186 ns, Reaching safepoint: 112858 ns, At safepoint: 7789 ns, Total: 120647 ns
[2021-05-02T13:16:15.472+0000][7][safepoint   ] Safepoint "Cleanup", Time since last: 2000163146 ns, Reaching safepoint: 108645 ns, At safepoint: 11063 ns, Total: 119708 ns
[2021-05-02T13:16:16.472+0000][7][safepoint   ] Safepoint "Cleanup", Time since last: 1000110986 ns, Reaching safepoint: 139252 ns, At safepoint: 4235 ns, Total: 143487 ns
[2021-05-02T13:16:18.473+0000][7][safepoint   ] Safepoint "Cleanup", Time since last: 2000301129 ns, Reaching safepoint: 92148 ns, At safepoint: 5155 ns, Total: 97303 ns
[2021-05-02T13:16:19.473+0000][7][safepoint   ] Safepoint "Cleanup", Time since last: 1000098677 ns, Reaching safepoint: 97107 ns, At safepoint: 9590 ns, Total: 106697 ns
[2021-05-02T13:16:22.473+0000][7][safepoint   ] Safepoint "Cleanup", Time since last: 3000306392 ns, Reaching safepoint: 139149 ns, At safepoint: 7321 ns, Total: 146470 ns
[2021-05-02T13:16:25.474+0000][7][safepoint   ] Safepoint "Cleanup", Time since last: 3000225912 ns, Reaching safepoint: 102126 ns, At safepoint: 7341 ns, Total: 109467 ns
[2021-05-02T13:16:26.474+0000][7][safepoint   ] Safepoint "Cleanup", Time since last: 1000122616 ns, Reaching safepoint: 83255 ns, At safepoint: 8931 ns, Total: 92186 ns
[2021-05-02T13:16:28.474+0000][7][safepoint   ] Safepoint "Cleanup", Time since last: 2000301337 ns, Reaching safepoint: 112133 ns, At safepoint: 5496 ns, Total: 117629 ns
[2021-05-02T13:16:30.475+0000][7][safepoint   ] Safepoint "Cleanup", Time since last: 2000127957 ns, Reaching safepoint: 80158 ns, At safepoint: 6580 ns, Total: 86738 ns
[2021-05-02T13:16:31.475+0000][7][safepoint   ] Safepoint "Cleanup", Time since last: 1000258746 ns, Reaching safepoint: 87943 ns, At safepoint: 6271 ns, Total: 94214 ns
[2021-05-02T13:16:34.476+0000][7][safepoint   ] Safepoint "Cleanup", Time since last: 3000531863 ns, Reaching safepoint: 82286 ns, At safepoint: 5602 ns, Total: 87888 ns
[2021-05-02T13:16:35.476+0000][7][safepoint   ] Safepoint "Cleanup", Time since last: 1000120530 ns, Reaching safepoint: 80052 ns, At safepoint: 6038 ns, Total: 86090 ns
[2021-05-02T13:16:37.476+0000][7][safepoint   ] Safepoint "Cleanup", Time since last: 2000474272 ns, Reaching safepoint: 101378 ns, At safepoint: 5910 ns, Total: 107288 ns
[2021-05-02T13:16:39.477+0000][7][safepoint   ] Safepoint "Cleanup", Time since last: 2000352611 ns, Reaching safepoint: 92675 ns, At safepoint: 5766 ns, Total: 98441 ns
[2021-05-02T13:16:40.477+0000][7][safepoint   ] Safepoint "Cleanup", Time since last: 1000127823 ns, Reaching safepoint: 234617 ns, At safepoint: 12389 ns, Total: 247006 ns
[2021-05-02T13:16:41.478+0000][7][safepoint   ] Safepoint "Cleanup", Time since last: 1000484460 ns, Reaching safepoint: 185077 ns, At safepoint: 6091 ns, Total: 191168 ns
[2021-05-02T13:16:43.479+0000][7][safepoint   ] Safepoint "Cleanup", Time since last: 2000632866 ns, Reaching safepoint: 109249 ns, At safepoint: 6829 ns, Total: 116078 ns
[2021-05-02T13:16:45.479+0000][7][safepoint   ] Safepoint "Cleanup", Time since last: 2000343640 ns, Reaching safepoint: 165595 ns, At safepoint: 6294 ns, Total: 171889 ns
[2021-05-02T13:16:46.479+0000][7][safepoint   ] Safepoint "Cleanup", Time since last: 1000096622 ns, Reaching safepoint: 119720 ns, At safepoint: 9299 ns, Total: 129019 ns
[2021-05-02T13:16:47.480+0000][7][safepoint   ] Safepoint "Cleanup", Time since last: 1000130860 ns, Reaching safepoint: 93125 ns, At safepoint: 5952 ns, Total: 99077 ns
[2021-05-02T13:16:48.480+0000][7][safepoint   ] Safepoint "Cleanup", Time since last: 1000105038 ns, Reaching safepoint: 121490 ns, At safepoint: 6525 ns, Total: 128015 ns
[2021-05-02T13:16:49.480+0000][7][safepoint   ] Safepoint "Cleanup", Time since last: 1000124914 ns, Reaching safepoint: 86052 ns, At safepoint: 7622 ns, Total: 93674 ns
[2021-05-02T13:16:50.480+0000][7][safepoint   ] Safepoint "Cleanup", Time since last: 1000116447 ns, Reaching safepoint: 119594 ns, At safepoint: 5934 ns, Total: 125528 ns
[2021-05-02T13:16:52.481+0000][7][safepoint   ] Safepoint "Cleanup", Time since last: 2000200872 ns, Reaching safepoint: 167798 ns, At safepoint: 8471 ns, Total: 176269 ns
[2021-05-02T13:16:55.481+0000][7][safepoint   ] Safepoint "Cleanup", Time since last: 3000429884 ns, Reaching safepoint: 126996 ns, At safepoint: 9655 ns, Total: 136651 ns
[2021-05-02T13:16:56.482+0000][7][safepoint   ] Safepoint "Cleanup", Time since last: 1000127847 ns, Reaching safepoint: 89624 ns, At safepoint: 6408 ns, Total: 96032 ns
[2021-05-02T13:16:57.482+0000][7][safepoint   ] Safepoint "Cleanup", Time since last: 1000125737 ns, Reaching safepoint: 83616 ns, At safepoint: 7068 ns, Total: 90684 ns
[2021-05-02T13:16:58.482+0000][7][safepoint   ] Safepoint "Cleanup", Time since last: 1000098028 ns, Reaching safepoint: 85258 ns, At safepoint: 5939 ns, Total: 91197 ns
[2021-05-02T13:17:00.482+0000][7][safepoint   ] Safepoint "Cleanup", Time since last: 2000163229 ns, Reaching safepoint: 157417 ns, At safepoint: 9673 ns, Total: 167090 ns
[2021-05-02T13:17:02.483+0000][7][safepoint   ] Safepoint "Cleanup", Time since last: 2000197417 ns, Reaching safepoint: 84504 ns, At safepoint: 7421 ns, Total: 91925 ns
[2021-05-02T13:17:05.483+0000][7][safepoint   ] Safepoint "Cleanup", Time since last: 3000306336 ns, Reaching safepoint: 151577 ns, At safepoint: 8241 ns, Total: 159818 ns
[2021-05-02T13:17:07.483+0000][7][safepoint   ] Safepoint "Cleanup", Time since last: 2000194912 ns, Reaching safepoint: 183439 ns, At safepoint: 16421 ns, Total: 199860 ns
[2021-05-02T13:17:08.484+0000][7][safepoint   ] Safepoint "Cleanup", Time since last: 1000131672 ns, Reaching safepoint: 135025 ns, At safepoint: 7215 ns, Total: 142240 ns
[2021-05-02T13:17:10.484+0000][7][safepoint   ] Safepoint "Cleanup", Time since last: 2000182710 ns, Reaching safepoint: 97122 ns, At safepoint: 4404 ns, Total: 101526 ns
[2021-05-02T13:17:11.484+0000][7][safepoint   ] Safepoint "Cleanup", Time since last: 1000191461 ns, Reaching safepoint: 70101 ns, At safepoint: 4746 ns, Total: 74847 ns
[2021-05-02T13:17:12.485+0000][7][safepoint   ] Safepoint "Cleanup", Time since last: 1000211789 ns, Reaching safepoint: 79121 ns, At safepoint: 6251 ns, Total: 85372 ns
[2021-05-02T13:17:13.485+0000][7][safepoint   ] Safepoint "Cleanup", Time since last: 1000217951 ns, Reaching safepoint: 77272 ns, At safepoint: 6496 ns, Total: 83768 ns
[2021-05-02T13:17:14.485+0000][7][safepoint   ] Safepoint "Cleanup", Time since last: 1000093504 ns, Reaching safepoint: 81670 ns, At safepoint: 7053 ns, Total: 88723 ns
[2021-05-02T13:17:15.485+0000][7][safepoint   ] Safepoint "Cleanup", Time since last: 1000096343 ns, Reaching safepoint: 93188 ns, At safepoint: 5080 ns, Total: 98268 ns
[2021-05-02T13:17:16.485+0000][7][safepoint   ] Safepoint "Cleanup", Time since last: 1000095528 ns, Reaching safepoint: 108917 ns, At safepoint: 7788 ns, Total: 116705 ns
[2021-05-02T13:17:17.486+0000][7][safepoint   ] Safepoint "Cleanup", Time since last: 1000225788 ns, Reaching safepoint: 88592 ns, At safepoint: 6013 ns, Total: 94605 ns
[2021-05-02T13:17:20.486+0000][7][safepoint   ] Safepoint "Cleanup", Time since last: 3000386090 ns, Reaching safepoint: 90493 ns, At safepoint: 6033 ns, Total: 96526 ns
[2021-05-02T13:17:22.487+0000][7][safepoint   ] Safepoint "Cleanup", Time since last: 2000298495 ns, Reaching safepoint: 103461 ns, At safepoint: 5828 ns, Total: 109289 ns
[2021-05-02T13:17:25.487+0000][7][safepoint   ] Safepoint "Cleanup", Time since last: 3000312102 ns, Reaching safepoint: 118677 ns, At safepoint: 9411 ns, Total: 128088 ns
[2021-05-02T13:17:27.487+0000][7][safepoint   ] Safepoint "Cleanup", Time since last: 2000335258 ns, Reaching safepoint: 76650 ns, At safepoint: 5985 ns, Total: 82635 ns
[2021-05-02T13:17:28.488+0000][7][safepoint   ] Safepoint "Cleanup", Time since last: 1000096280 ns, Reaching safepoint: 70336 ns, At safepoint: 4881 ns, Total: 75217 ns
[2021-05-02T13:17:32.488+0000][7][safepoint   ] Safepoint "Cleanup", Time since last: 4000311736 ns, Reaching safepoint: 93618 ns, At safepoint: 4590 ns, Total: 98208 ns
[2021-05-02T13:17:34.488+0000][7][safepoint   ] Safepoint "Cleanup", Time since last: 2000243532 ns, Reaching safepoint: 96005 ns, At safepoint: 4885 ns, Total: 100890 ns
[2021-05-02T13:17:35.489+0000][7][safepoint   ] Safepoint "Cleanup", Time since last: 1000246758 ns, Reaching safepoint: 134954 ns, At safepoint: 7453 ns, Total: 142407 ns
[2021-05-02T13:17:37.489+0000][7][safepoint   ] Safepoint "Cleanup", Time since last: 2000308334 ns, Reaching safepoint: 82654 ns, At safepoint: 7016 ns, Total: 89670 ns
[2021-05-02T13:17:40.490+0000][7][safepoint   ] Safepoint "Cleanup", Time since last: 3000616686 ns, Reaching safepoint: 138030 ns, At safepoint: 7465 ns, Total: 145495 ns
[2021-05-02T13:17:42.491+0000][7][safepoint   ] Safepoint "Cleanup", Time since last: 2000672967 ns, Reaching safepoint: 168042 ns, At safepoint: 8042 ns, Total: 176084 ns
[2021-05-02T13:17:43.491+0000][7][safepoint   ] Safepoint "Cleanup", Time since last: 1000097935 ns, Reaching safepoint: 115909 ns, At safepoint: 4889 ns, Total: 120798 ns
[2021-05-02T13:17:45.491+0000][7][safepoint   ] Safepoint "Cleanup", Time since last: 2000132479 ns, Reaching safepoint: 104373 ns, At safepoint: 6947 ns, Total: 111320 ns
[2021-05-02T13:17:46.492+0000][7][safepoint   ] Safepoint "Cleanup", Time since last: 1000104194 ns, Reaching safepoint: 128873 ns, At safepoint: 5911 ns, Total: 134784 ns
[2021-05-02T13:17:47.492+0000][7][safepoint   ] Safepoint "Cleanup", Time since last: 1000203412 ns, Reaching safepoint: 78735 ns, At safepoint: 6921 ns, Total: 85656 ns
[2021-05-02T13:17:49.492+0000][7][safepoint   ] Safepoint "Cleanup", Time since last: 2000197157 ns, Reaching safepoint: 148162 ns, At safepoint: 12007 ns, Total: 160169 ns
[2021-05-02T13:17:50.492+0000][7][safepoint   ] Safepoint "Cleanup", Time since last: 1000127473 ns, Reaching safepoint: 90044 ns, At safepoint: 3904 ns, Total: 93948 ns
[2021-05-02T13:17:52.493+0000][7][safepoint   ] Safepoint "Cleanup", Time since last: 2000363668 ns, Reaching safepoint: 139358 ns, At safepoint: 6829 ns, Total: 146187 ns
[2021-05-02T13:17:54.493+0000][7][safepoint   ] Safepoint "Cleanup", Time since last: 2000186615 ns, Reaching safepoint: 103903 ns, At safepoint: 6168 ns, Total: 110071 ns
[2021-05-02T13:17:55.493+0000][7][safepoint   ] Safepoint "Cleanup", Time since last: 1000109538 ns, Reaching safepoint: 88108 ns, At safepoint: 8384 ns, Total: 96492 ns
[2021-05-02T13:17:59.494+0000][7][safepoint   ] Safepoint "Cleanup", Time since last: 4000514923 ns, Reaching safepoint: 92905 ns, At safepoint: 7235 ns, Total: 100140 ns
[2021-05-02T13:18:00.494+0000][7][safepoint   ] Safepoint "Cleanup", Time since last: 1000262136 ns, Reaching safepoint: 102176 ns, At safepoint: 5992 ns, Total: 108168 ns
[2021-05-02T13:18:01.495+0000][7][safepoint   ] Safepoint "Cleanup", Time since last: 1000102092 ns, Reaching safepoint: 105063 ns, At safepoint: 6253 ns, Total: 111316 ns
[2021-05-02T13:18:03.556+0000][7][gc,start    ] GC(33) Pause Young (Concurrent Start) (G1 Evacuation Pause)
[2021-05-02T13:18:03.556+0000][7][gc,task     ] GC(33) Using 6 workers of 8 for evacuation
[2021-05-02T13:18:03.556+0000][7][gc,age      ] GC(33) Desired survivor size 6291456 bytes, new threshold 15 (max threshold 15)
[2021-05-02T13:18:03.560+0000][7][gc,age      ] GC(33) Age table with threshold 15 (max threshold 15)
[2021-05-02T13:18:03.560+0000][7][gc,age      ] GC(33) - age   1:    1582440 bytes,    1582440 total
[2021-05-02T13:18:03.560+0000][7][gc,age      ] GC(33) - age   2:    3620664 bytes,    5203104 total
[2021-05-02T13:18:03.560+0000][7][gc,phases   ] GC(33)   Pre Evacuate Collection Set: 0.1ms
[2021-05-02T13:18:03.561+0000][7][gc,phases   ] GC(33)   Merge Heap Roots: 0.0ms
[2021-05-02T13:18:03.561+0000][7][gc,phases   ] GC(33)   Evacuate Collection Set: 3.7ms
[2021-05-02T13:18:03.561+0000][7][gc,phases   ] GC(33)   Post Evacuate Collection Set: 0.5ms
[2021-05-02T13:18:03.561+0000][7][gc,phases   ] GC(33)   Other: 0.2ms
[2021-05-02T13:18:03.561+0000][7][gc,heap     ] GC(33) Eden regions: 20->0(20)
[2021-05-02T13:18:03.561+0000][7][gc,heap     ] GC(33) Survivor regions: 2->2(3)
[2021-05-02T13:18:03.561+0000][7][gc,heap     ] GC(33) Old regions: 24->24
[2021-05-02T13:18:03.561+0000][7][gc,heap     ] GC(33) Archive regions: 2->2
[2021-05-02T13:18:03.561+0000][7][gc,heap     ] GC(33) Humongous regions: 2->2
[2021-05-02T13:18:03.561+0000][7][gc,metaspace] GC(33) Metaspace: 101135K(105680K)->101135K(105680K) NonClass: 87543K(90780K)->87543K(90780K) Class: 13591K(14900K)->13591K(14900K)
[2021-05-02T13:18:03.561+0000][7][gc          ] GC(33) Pause Young (Concurrent Start) (G1 Evacuation Pause) 192M->113M(256M) 4.644ms
[2021-05-02T13:18:03.561+0000][7][gc,cpu      ] GC(33) User=0.02s Sys=0.01s Real=0.01s
[2021-05-02T13:18:03.561+0000][7][gc          ] GC(34) Concurrent Cycle
[2021-05-02T13:18:03.561+0000][7][safepoint   ] Safepoint "G1CollectForAllocation", Time since last: 2061234934 ns, Reaching safepoint: 93926 ns, At safepoint: 4719053 ns, Total: 4812979 ns
[2021-05-02T13:18:03.561+0000][7][gc,marking  ] GC(34) Concurrent Clear Claimed Marks
[2021-05-02T13:18:03.561+0000][7][gc,marking  ] GC(34) Concurrent Clear Claimed Marks 0.076ms
[2021-05-02T13:18:03.561+0000][7][gc,marking  ] GC(34) Concurrent Scan Root Regions
[2021-05-02T13:18:03.565+0000][7][gc,marking  ] GC(34) Concurrent Scan Root Regions 4.071ms
[2021-05-02T13:18:03.565+0000][7][gc,marking  ] GC(34) Concurrent Mark (164.385s)
[2021-05-02T13:18:03.565+0000][7][gc,marking  ] GC(34) Concurrent Mark From Roots
[2021-05-02T13:18:03.565+0000][7][gc,task     ] GC(34) Using 2 workers of 2 for marking
[2021-05-02T13:18:03.652+0000][7][gc,marking  ] GC(34) Concurrent Mark From Roots 87.272ms
[2021-05-02T13:18:03.652+0000][7][gc,marking  ] GC(34) Concurrent Preclean
[2021-05-02T13:18:03.653+0000][7][gc,marking  ] GC(34) Concurrent Preclean 0.670ms
[2021-05-02T13:18:03.653+0000][7][gc,marking  ] GC(34) Concurrent Mark (164.385s, 164.473s) 87.991ms
[2021-05-02T13:18:03.653+0000][7][gc,start    ] GC(34) Pause Remark
[2021-05-02T13:18:03.662+0000][7][gc          ] GC(34) Pause Remark 114M->114M(256M) 9.016ms
[2021-05-02T13:18:03.662+0000][7][gc,cpu      ] GC(34) User=0.05s Sys=0.00s Real=0.01s
[2021-05-02T13:18:03.662+0000][7][safepoint   ] Safepoint "G1Concurrent", Time since last: 92225357 ns, Reaching safepoint: 131610 ns, At safepoint: 9089263 ns, Total: 9220873 ns
[2021-05-02T13:18:03.662+0000][7][gc,marking  ] GC(34) Concurrent Rebuild Remembered Sets
[2021-05-02T13:18:03.718+0000][7][gc,marking  ] GC(34) Concurrent Rebuild Remembered Sets 56.195ms
[2021-05-02T13:18:03.719+0000][7][gc,start    ] GC(34) Pause Cleanup
[2021-05-02T13:18:03.719+0000][7][gc          ] GC(34) Pause Cleanup 114M->114M(256M) 0.069ms
[2021-05-02T13:18:03.719+0000][7][gc,cpu      ] GC(34) User=0.00s Sys=0.00s Real=0.00s
[2021-05-02T13:18:03.719+0000][7][safepoint   ] Safepoint "G1Concurrent", Time since last: 56295755 ns, Reaching safepoint: 187021 ns, At safepoint: 109121 ns, Total: 296142 ns
[2021-05-02T13:18:03.719+0000][7][gc,marking  ] GC(34) Concurrent Cleanup for Next Mark
[2021-05-02T13:18:03.719+0000][7][gc,marking  ] GC(34) Concurrent Cleanup for Next Mark 0.206ms
[2021-05-02T13:18:03.719+0000][7][gc          ] GC(34) Concurrent Cycle 158.348ms
[2021-05-02T13:18:04.719+0000][7][safepoint   ] Safepoint "Cleanup", Time since last: 1000219034 ns, Reaching safepoint: 120563 ns, At safepoint: 4927 ns, Total: 125490 ns
[2021-05-02T13:18:05.719+0000][7][safepoint   ] Safepoint "Cleanup", Time since last: 1000100466 ns, Reaching safepoint: 129772 ns, At safepoint: 5978 ns, Total: 135750 ns
[2021-05-02T13:18:06.719+0000][7][safepoint   ] Safepoint "Cleanup", Time since last: 1000104038 ns, Reaching safepoint: 98011 ns, At safepoint: 7769 ns, Total: 105780 ns
[2021-05-02T13:18:07.720+0000][7][safepoint   ] Safepoint "Cleanup", Time since last: 1000195167 ns, Reaching safepoint: 113479 ns, At safepoint: 3955 ns, Total: 117434 ns
[2021-05-02T13:18:08.720+0000][7][safepoint   ] Safepoint "Cleanup", Time since last: 1000128483 ns, Reaching safepoint: 118829 ns, At safepoint: 4873 ns, Total: 123702 ns
[2021-05-02T13:18:09.720+0000][7][safepoint   ] Safepoint "Cleanup", Time since last: 1000137812 ns, Reaching safepoint: 184598 ns, At safepoint: 12080 ns, Total: 196678 ns
[2021-05-02T13:18:10.721+0000][7][safepoint   ] Safepoint "Cleanup", Time since last: 1000103855 ns, Reaching safepoint: 99309 ns, At safepoint: 6698 ns, Total: 106007 ns
[2021-05-02T13:18:11.721+0000][7][safepoint   ] Safepoint "Cleanup", Time since last: 1000133649 ns, Reaching safepoint: 123709 ns, At safepoint: 5577 ns, Total: 129286 ns
[2021-05-02T13:18:12.721+0000][7][safepoint   ] Safepoint "Cleanup", Time since last: 1000322401 ns, Reaching safepoint: 203110 ns, At safepoint: 8125 ns, Total: 211235 ns
[2021-05-02T13:18:14.399+0000][7][safepoint   ] Safepoint "Cleanup", Time since last: 1677491010 ns, Reaching safepoint: 131811 ns, At safepoint: 7251 ns, Total: 139062 ns
[2021-05-02T13:18:15.399+0000][7][safepoint   ] Safepoint "Cleanup", Time since last: 1000108431 ns, Reaching safepoint: 79577 ns, At safepoint: 5802 ns, Total: 85379 ns
[2021-05-02T13:18:16.400+0000][7][safepoint   ] Safepoint "Cleanup", Time since last: 1000277559 ns, Reaching safepoint: 158692 ns, At safepoint: 5706 ns, Total: 164398 ns
[2021-05-02T13:18:17.400+0000][7][safepoint   ] Safepoint "Cleanup", Time since last: 1000254497 ns, Reaching safepoint: 72943 ns, At safepoint: 6414 ns, Total: 79357 ns
[2021-05-02T13:18:19.401+0000][7][safepoint   ] Safepoint "Cleanup", Time since last: 2000450186 ns, Reaching safepoint: 87358 ns, At safepoint: 5463 ns, Total: 92821 ns
[2021-05-02T13:18:20.401+0000][7][safepoint   ] Safepoint "Cleanup", Time since last: 1000101042 ns, Reaching safepoint: 73916 ns, At safepoint: 4169 ns, Total: 78085 ns
[2021-05-02T13:18:23.401+0000][7][safepoint   ] Safepoint "Cleanup", Time since last: 3000447130 ns, Reaching safepoint: 176337 ns, At safepoint: 18496 ns, Total: 194833 ns
[2021-05-02T13:18:25.402+0000][7][safepoint   ] Safepoint "Cleanup", Time since last: 2000227770 ns, Reaching safepoint: 105176 ns, At safepoint: 7700 ns, Total: 112876 ns
[2021-05-02T13:18:28.402+0000][7][safepoint   ] Safepoint "Cleanup", Time since last: 3000321872 ns, Reaching safepoint: 140418 ns, At safepoint: 5742 ns, Total: 146160 ns
[2021-05-02T13:18:30.403+0000][7][safepoint   ] Safepoint "Cleanup", Time since last: 2000257338 ns, Reaching safepoint: 142552 ns, At safepoint: 7219 ns, Total: 149771 ns
[2021-05-02T13:18:33.403+0000][7][safepoint   ] Safepoint "Cleanup", Time since last: 3000289238 ns, Reaching safepoint: 86315 ns, At safepoint: 8465 ns, Total: 94780 ns
[2021-05-02T13:18:34.403+0000][7][safepoint   ] Safepoint "Cleanup", Time since last: 1000132804 ns, Reaching safepoint: 92941 ns, At safepoint: 5773 ns, Total: 98714 ns
[2021-05-02T13:18:35.403+0000][7][safepoint   ] Safepoint "Cleanup", Time since last: 1000096474 ns, Reaching safepoint: 75119 ns, At safepoint: 4995 ns, Total: 80114 ns
[2021-05-02T13:18:36.404+0000][7][safepoint   ] Safepoint "Cleanup", Time since last: 1000137592 ns, Reaching safepoint: 91579 ns, At safepoint: 4339 ns, Total: 95918 ns
[2021-05-02T13:18:37.404+0000][7][safepoint   ] Safepoint "Cleanup", Time since last: 1000124735 ns, Reaching safepoint: 156230 ns, At safepoint: 8873 ns, Total: 165103 ns
[2021-05-02T13:18:38.404+0000][7][safepoint   ] Safepoint "Cleanup", Time since last: 1000106668 ns, Reaching safepoint: 93431 ns, At safepoint: 8620 ns, Total: 102051 ns
[2021-05-02T13:18:40.404+0000][7][safepoint   ] Safepoint "Cleanup", Time since last: 2000234021 ns, Reaching safepoint: 125524 ns, At safepoint: 5217 ns, Total: 130741 ns
[2021-05-02T13:18:41.405+0000][7][safepoint   ] Safepoint "Cleanup", Time since last: 1000205552 ns, Reaching safepoint: 89518 ns, At safepoint: 3391 ns, Total: 92909 ns
[2021-05-02T13:18:43.405+0000][7][safepoint   ] Safepoint "Cleanup", Time since last: 2000285596 ns, Reaching safepoint: 153990 ns, At safepoint: 7958 ns, Total: 161948 ns
[2021-05-02T13:18:45.406+0000][7][safepoint   ] Safepoint "Cleanup", Time since last: 2000208529 ns, Reaching safepoint: 142446 ns, At safepoint: 12350 ns, Total: 154796 ns
[2021-05-02T13:18:46.406+0000][7][safepoint   ] Safepoint "Cleanup", Time since last: 1000096198 ns, Reaching safepoint: 100394 ns, At safepoint: 5807 ns, Total: 106201 ns
[2021-05-02T13:18:48.406+0000][7][safepoint   ] Safepoint "Cleanup", Time since last: 2000287480 ns, Reaching safepoint: 158622 ns, At safepoint: 12195 ns, Total: 170817 ns
[2021-05-02T13:18:49.407+0000][7][safepoint   ] Safepoint "Cleanup", Time since last: 1000140387 ns, Reaching safepoint: 143803 ns, At safepoint: 8584 ns, Total: 152387 ns
[2021-05-02T13:18:50.407+0000][7][safepoint   ] Safepoint "Cleanup", Time since last: 1000100033 ns, Reaching safepoint: 82563 ns, At safepoint: 4765 ns, Total: 87328 ns
[2021-05-02T13:18:55.407+0000][7][safepoint   ] Safepoint "Cleanup", Time since last: 5000478178 ns, Reaching safepoint: 74408 ns, At safepoint: 5912 ns, Total: 80320 ns
[2021-05-02T13:19:01.408+0000][7][safepoint   ] Safepoint "Cleanup", Time since last: 6000494885 ns, Reaching safepoint: 81545 ns, At safepoint: 6847 ns, Total: 88392 ns
[2021-05-02T13:19:05.408+0000][7][safepoint   ] Safepoint "Cleanup", Time since last: 4000375629 ns, Reaching safepoint: 78744 ns, At safepoint: 6427 ns, Total: 85171 ns
[2021-05-02T13:19:07.409+0000][7][safepoint   ] Safepoint "Cleanup", Time since last: 2000191049 ns, Reaching safepoint: 143858 ns, At safepoint: 5180 ns, Total: 149038 ns
[2021-05-02T13:19:09.409+0000][7][safepoint   ] Safepoint "Cleanup", Time since last: 2000168255 ns, Reaching safepoint: 112357 ns, At safepoint: 7826 ns, Total: 120183 ns
[2021-05-02T13:19:10.409+0000][7][safepoint   ] Safepoint "Cleanup", Time since last: 1000105001 ns, Reaching safepoint: 130542 ns, At safepoint: 5455 ns, Total: 135997 ns
[2021-05-02T13:19:11.409+0000][7][safepoint   ] Safepoint "Cleanup", Time since last: 1000205352 ns, Reaching safepoint: 94518 ns, At safepoint: 7864 ns, Total: 102382 ns
[2021-05-02T13:19:12.410+0000][7][safepoint   ] Safepoint "Cleanup", Time since last: 1000230113 ns, Reaching safepoint: 75004 ns, At safepoint: 5836 ns, Total: 80840 ns
[2021-05-02T13:19:13.410+0000][7][safepoint   ] Safepoint "Cleanup", Time since last: 1000133135 ns, Reaching safepoint: 90876 ns, At safepoint: 6387 ns, Total: 97263 ns
[2021-05-02T13:19:15.410+0000][7][safepoint   ] Safepoint "Cleanup", Time since last: 2000244591 ns, Reaching safepoint: 111669 ns, At safepoint: 6494 ns, Total: 118163 ns
[2021-05-02T13:19:16.411+0000][7][safepoint   ] Safepoint "Cleanup", Time since last: 1000161021 ns, Reaching safepoint: 102117 ns, At safepoint: 4612 ns, Total: 106729 ns
[2021-05-02T13:19:17.411+0000][7][safepoint   ] Safepoint "Cleanup", Time since last: 1000162584 ns, Reaching safepoint: 72851 ns, At safepoint: 14123 ns, Total: 86974 ns
[2021-05-02T13:19:18.411+0000][7][safepoint   ] Safepoint "Cleanup", Time since last: 1000108108 ns, Reaching safepoint: 114299 ns, At safepoint: 9245 ns, Total: 123544 ns
[2021-05-02T13:19:19.411+0000][7][safepoint   ] Safepoint "Cleanup", Time since last: 1000127880 ns, Reaching safepoint: 90638 ns, At safepoint: 21777 ns, Total: 112415 ns
[2021-05-02T13:19:22.412+0000][7][safepoint   ] Safepoint "Cleanup", Time since last: 3000250372 ns, Reaching safepoint: 162336 ns, At safepoint: 6303 ns, Total: 168639 ns
[2021-05-02T13:19:23.412+0000][7][safepoint   ] Safepoint "Cleanup", Time since last: 1000118994 ns, Reaching safepoint: 78985 ns, At safepoint: 5703 ns, Total: 84688 ns
[2021-05-02T13:19:25.412+0000][7][safepoint   ] Safepoint "Cleanup", Time since last: 2000162254 ns, Reaching safepoint: 92409 ns, At safepoint: 7429 ns, Total: 99838 ns
[2021-05-02T13:19:31.413+0000][7][safepoint   ] Safepoint "Cleanup", Time since last: 6000550000 ns, Reaching safepoint: 98171 ns, At safepoint: 6991 ns, Total: 105162 ns
[2021-05-02T13:19:32.413+0000][7][safepoint   ] Safepoint "Cleanup", Time since last: 1000161957 ns, Reaching safepoint: 203713 ns, At safepoint: 13069 ns, Total: 216782 ns
[2021-05-02T13:19:34.414+0000][7][safepoint   ] Safepoint "Cleanup", Time since last: 2000187976 ns, Reaching safepoint: 90270 ns, At safepoint: 8749 ns, Total: 99019 ns
[2021-05-02T13:19:39.414+0000][7][safepoint   ] Safepoint "Cleanup", Time since last: 5000549934 ns, Reaching safepoint: 146120 ns, At safepoint: 11427 ns, Total: 157547 ns
[2021-05-02T13:19:40.415+0000][7][safepoint   ] Safepoint "Cleanup", Time since last: 1000120965 ns, Reaching safepoint: 109748 ns, At safepoint: 6222 ns, Total: 115970 ns
[2021-05-02T13:19:43.416+0000][7][safepoint   ] Safepoint "Cleanup", Time since last: 3000864078 ns, Reaching safepoint: 163075 ns, At safepoint: 7054 ns, Total: 170129 ns
[2021-05-02T13:19:45.416+0000][7][safepoint   ] Safepoint "Cleanup", Time since last: 2000163123 ns, Reaching safepoint: 137570 ns, At safepoint: 6612 ns, Total: 144182 ns
[2021-05-02T13:19:46.416+0000][7][safepoint   ] Safepoint "Cleanup", Time since last: 1000122356 ns, Reaching safepoint: 81651 ns, At safepoint: 5685 ns, Total: 87336 ns
[2021-05-02T13:19:48.417+0000][7][safepoint   ] Safepoint "Cleanup", Time since last: 2000310090 ns, Reaching safepoint: 150215 ns, At safepoint: 9632 ns, Total: 159847 ns
[2021-05-02T13:19:49.417+0000][7][safepoint   ] Safepoint "Cleanup", Time since last: 1000188984 ns, Reaching safepoint: 231203 ns, At safepoint: 5656 ns, Total: 236859 ns
[2021-05-02T13:19:50.417+0000][7][safepoint   ] Safepoint "Cleanup", Time since last: 1000134655 ns, Reaching safepoint: 87065 ns, At safepoint: 5956 ns, Total: 93021 ns
[2021-05-02T13:19:52.418+0000][7][safepoint   ] Safepoint "Cleanup", Time since last: 2000431893 ns, Reaching safepoint: 93705 ns, At safepoint: 9508 ns, Total: 103213 ns
[2021-05-02T13:19:55.418+0000][7][safepoint   ] Safepoint "Cleanup", Time since last: 3000286759 ns, Reaching safepoint: 214110 ns, At safepoint: 13346 ns, Total: 227456 ns
[2021-05-02T13:19:56.419+0000][7][safepoint   ] Safepoint "Cleanup", Time since last: 1000154327 ns, Reaching safepoint: 95458 ns, At safepoint: 5346 ns, Total: 100804 ns
[2021-05-02T13:19:57.419+0000][7][safepoint   ] Safepoint "Cleanup", Time since last: 1000140266 ns, Reaching safepoint: 152612 ns, At safepoint: 5774 ns, Total: 158386 ns
[2021-05-02T13:20:00.419+0000][7][safepoint   ] Safepoint "Cleanup", Time since last: 3000346227 ns, Reaching safepoint: 103799 ns, At safepoint: 6342 ns, Total: 110141 ns
[2021-05-02T13:20:02.420+0000][7][safepoint   ] Safepoint "Cleanup", Time since last: 2000179305 ns, Reaching safepoint: 152275 ns, At safepoint: 5998 ns, Total: 158273 ns
[2021-05-02T13:20:04.912+0000][7][gc,start    ] GC(35) Pause Young (Normal) (G1 Evacuation Pause)
[2021-05-02T13:20:04.912+0000][7][gc,task     ] GC(35) Using 6 workers of 8 for evacuation
[2021-05-02T13:20:04.912+0000][7][gc,age      ] GC(35) Desired survivor size 6291456 bytes, new threshold 15 (max threshold 15)
[2021-05-02T13:20:04.919+0000][7][gc,age      ] GC(35) Age table with threshold 15 (max threshold 15)
[2021-05-02T13:20:04.919+0000][7][gc,age      ] GC(35) - age   1:     530848 bytes,     530848 total
[2021-05-02T13:20:04.919+0000][7][gc,age      ] GC(35) - age   2:    1069056 bytes,    1599904 total
[2021-05-02T13:20:04.919+0000][7][gc,age      ] GC(35) - age   3:    3619112 bytes,    5219016 total
[2021-05-02T13:20:04.919+0000][7][gc,phases   ] GC(35)   Pre Evacuate Collection Set: 0.0ms
[2021-05-02T13:20:04.919+0000][7][gc,phases   ] GC(35)   Merge Heap Roots: 0.1ms
[2021-05-02T13:20:04.919+0000][7][gc,phases   ] GC(35)   Evacuate Collection Set: 5.7ms
[2021-05-02T13:20:04.919+0000][7][gc,phases   ] GC(35)   Post Evacuate Collection Set: 0.5ms
[2021-05-02T13:20:04.919+0000][7][gc,phases   ] GC(35)   Other: 0.2ms
[2021-05-02T13:20:04.919+0000][7][gc,heap     ] GC(35) Eden regions: 20->0(21)
[2021-05-02T13:20:04.919+0000][7][gc,heap     ] GC(35) Survivor regions: 2->2(3)
[2021-05-02T13:20:04.919+0000][7][gc,heap     ] GC(35) Old regions: 24->24
[2021-05-02T13:20:04.919+0000][7][gc,heap     ] GC(35) Archive regions: 2->2
[2021-05-02T13:20:04.919+0000][7][gc,heap     ] GC(35) Humongous regions: 2->2
[2021-05-02T13:20:04.919+0000][7][gc,metaspace] GC(35) Metaspace: 101688K(106448K)->101688K(106448K) NonClass: 88115K(91548K)->88115K(91548K) Class: 13573K(14900K)->13573K(14900K)
[2021-05-02T13:20:04.919+0000][7][gc          ] GC(35) Pause Young (Normal) (G1 Evacuation Pause) 193M->112M(256M) 6.539ms
[2021-05-02T13:20:04.919+0000][7][gc,cpu      ] GC(35) User=0.02s Sys=0.01s Real=0.00s
[2021-05-02T13:20:04.919+0000][7][safepoint   ] Safepoint "G1CollectForAllocation", Time since last: 2492405184 ns, Reaching safepoint: 120429 ns, At safepoint: 6629171 ns, Total: 6749600 ns
[2021-05-02T13:20:06.919+0000][7][safepoint   ] Safepoint "Cleanup", Time since last: 2000328083 ns, Reaching safepoint: 132027 ns, At safepoint: 6515 ns, Total: 138542 ns
[2021-05-02T13:20:09.920+0000][7][safepoint   ] Safepoint "Cleanup", Time since last: 3000278528 ns, Reaching safepoint: 128145 ns, At safepoint: 9080 ns, Total: 137225 ns
[2021-05-02T13:20:11.920+0000][7][safepoint   ] Safepoint "Cleanup", Time since last: 2000330434 ns, Reaching safepoint: 72984 ns, At safepoint: 4348 ns, Total: 77332 ns
[2021-05-02T13:20:12.920+0000][7][safepoint   ] Safepoint "Cleanup", Time since last: 1000349658 ns, Reaching safepoint: 100247 ns, At safepoint: 5810 ns, Total: 106057 ns
[2021-05-02T13:20:13.921+0000][7][safepoint   ] Safepoint "Cleanup", Time since last: 1000095215 ns, Reaching safepoint: 133270 ns, At safepoint: 6956 ns, Total: 140226 ns
[2021-05-02T13:20:14.921+0000][7][safepoint   ] Safepoint "Cleanup", Time since last: 1000132304 ns, Reaching safepoint: 86097 ns, At safepoint: 5697 ns, Total: 91794 ns
[2021-05-02T13:20:16.921+0000][7][safepoint   ] Safepoint "Cleanup", Time since last: 2000156668 ns, Reaching safepoint: 125227 ns, At safepoint: 6735 ns, Total: 131962 ns
[2021-05-02T13:20:17.922+0000][7][safepoint   ] Safepoint "Cleanup", Time since last: 1000298907 ns, Reaching safepoint: 177909 ns, At safepoint: 6806 ns, Total: 184715 ns
[2021-05-02T13:20:18.922+0000][7][safepoint   ] Safepoint "Cleanup", Time since last: 1000095659 ns, Reaching safepoint: 170415 ns, At safepoint: 8487 ns, Total: 178902 ns
[2021-05-02T13:20:19.922+0000][7][safepoint   ] Safepoint "Cleanup", Time since last: 1000105502 ns, Reaching safepoint: 227882 ns, At safepoint: 10945 ns, Total: 238827 ns
[2021-05-02T13:20:21.923+0000][7][safepoint   ] Safepoint "Cleanup", Time since last: 2000184613 ns, Reaching safepoint: 106872 ns, At safepoint: 6885 ns, Total: 113757 ns
[2021-05-02T13:20:24.923+0000][7][safepoint   ] Safepoint "Cleanup", Time since last: 3000237270 ns, Reaching safepoint: 67521 ns, At safepoint: 6145 ns, Total: 73666 ns
[2021-05-02T13:20:33.924+0000][7][safepoint   ] Safepoint "Cleanup", Time since last: 9001073183 ns, Reaching safepoint: 169514 ns, At safepoint: 7047 ns, Total: 176561 ns
[2021-05-02T13:20:35.925+0000][7][safepoint   ] Safepoint "Cleanup", Time since last: 2000371442 ns, Reaching safepoint: 161769 ns, At safepoint: 7171 ns, Total: 168940 ns
[2021-05-02T13:20:36.925+0000][7][safepoint   ] Safepoint "Cleanup", Time since last: 1000387594 ns, Reaching safepoint: 168898 ns, At safepoint: 7356 ns, Total: 176254 ns
[2021-05-02T13:20:37.926+0000][7][safepoint   ] Safepoint "Cleanup", Time since last: 1000408572 ns, Reaching safepoint: 151981 ns, At safepoint: 8767 ns, Total: 160748 ns
[2021-05-02T13:20:39.926+0000][7][safepoint   ] Safepoint "Cleanup", Time since last: 2000231218 ns, Reaching safepoint: 109561 ns, At safepoint: 7863 ns, Total: 117424 ns
[2021-05-02T13:20:41.927+0000][7][safepoint   ] Safepoint "Cleanup", Time since last: 2000204582 ns, Reaching safepoint: 162603 ns, At safepoint: 8916 ns, Total: 171519 ns
[2021-05-02T13:20:43.292+0000][7][safepoint   ] Safepoint "ICBufferFull", Time since last: 1365678978 ns, Reaching safepoint: 196896 ns, At safepoint: 18878 ns, Total: 215774 ns
[2021-05-02T13:20:43.378+0000][7][gc,start    ] GC(36) Pause Young (Concurrent Start) (G1 Evacuation Pause)
[2021-05-02T13:20:43.378+0000][7][gc,task     ] GC(36) Using 6 workers of 8 for evacuation
[2021-05-02T13:20:43.378+0000][7][gc,age      ] GC(36) Desired survivor size 6291456 bytes, new threshold 15 (max threshold 15)
[2021-05-02T13:20:43.390+0000][7][gc,age      ] GC(36) Age table with threshold 15 (max threshold 15)
[2021-05-02T13:20:43.390+0000][7][gc,age      ] GC(36) - age   1:    3905464 bytes,    3905464 total
[2021-05-02T13:20:43.390+0000][7][gc,age      ] GC(36) - age   2:     256912 bytes,    4162376 total
[2021-05-02T13:20:43.390+0000][7][gc,age      ] GC(36) - age   3:     683728 bytes,    4846104 total
[2021-05-02T13:20:43.390+0000][7][gc,age      ] GC(36) - age   4:    3512584 bytes,    8358688 total
[2021-05-02T13:20:43.390+0000][7][gc,phases   ] GC(36)   Pre Evacuate Collection Set: 0.1ms
[2021-05-02T13:20:43.390+0000][7][gc,phases   ] GC(36)   Merge Heap Roots: 0.1ms
[2021-05-02T13:20:43.390+0000][7][gc,phases   ] GC(36)   Evacuate Collection Set: 11.4ms
[2021-05-02T13:20:43.390+0000][7][gc,phases   ] GC(36)   Post Evacuate Collection Set: 0.7ms
[2021-05-02T13:20:43.390+0000][7][gc,phases   ] GC(36)   Other: 0.2ms
[2021-05-02T13:20:43.390+0000][7][gc,heap     ] GC(36) Eden regions: 21->0(20)
[2021-05-02T13:20:43.390+0000][7][gc,heap     ] GC(36) Survivor regions: 2->3(3)
[2021-05-02T13:20:43.390+0000][7][gc,heap     ] GC(36) Old regions: 24->24
[2021-05-02T13:20:43.390+0000][7][gc,heap     ] GC(36) Archive regions: 2->2
[2021-05-02T13:20:43.390+0000][7][gc,heap     ] GC(36) Humongous regions: 2->2
[2021-05-02T13:20:43.390+0000][7][gc,metaspace] GC(36) Metaspace: 103078K(107856K)->103078K(107856K) NonClass: 89339K(92828K)->89339K(92828K) Class: 13739K(15028K)->13739K(15028K)
[2021-05-02T13:20:43.390+0000][7][gc          ] GC(36) Pause Young (Concurrent Start) (G1 Evacuation Pause) 196M->115M(256M) 12.710ms
[2021-05-02T13:20:43.390+0000][7][gc,cpu      ] GC(36) User=0.06s Sys=0.01s Real=0.02s
[2021-05-02T13:20:43.390+0000][7][gc          ] GC(37) Concurrent Cycle
[2021-05-02T13:20:43.390+0000][7][gc,marking  ] GC(37) Concurrent Clear Claimed Marks
[2021-05-02T13:20:43.390+0000][7][gc,marking  ] GC(37) Concurrent Clear Claimed Marks 0.097ms
[2021-05-02T13:20:43.390+0000][7][gc,marking  ] GC(37) Concurrent Scan Root Regions
[2021-05-02T13:20:43.391+0000][7][safepoint   ] Safepoint "G1CollectForAllocation", Time since last: 84737790 ns, Reaching safepoint: 278127 ns, At safepoint: 13894654 ns, Total: 14172781 ns
[2021-05-02T13:20:43.403+0000][7][gc,marking  ] GC(37) Concurrent Scan Root Regions 12.130ms
[2021-05-02T13:20:43.403+0000][7][gc,marking  ] GC(37) Concurrent Mark (324.223s)
[2021-05-02T13:20:43.403+0000][7][gc,marking  ] GC(37) Concurrent Mark From Roots
[2021-05-02T13:20:43.403+0000][7][gc,task     ] GC(37) Using 2 workers of 2 for marking
[2021-05-02T13:20:43.580+0000][7][gc,marking  ] GC(37) Concurrent Mark From Roots 177.608ms
[2021-05-02T13:20:43.580+0000][7][gc,marking  ] GC(37) Concurrent Preclean
[2021-05-02T13:20:43.581+0000][7][gc,marking  ] GC(37) Concurrent Preclean 0.333ms
[2021-05-02T13:20:43.581+0000][7][gc,marking  ] GC(37) Concurrent Mark (324.223s, 324.401s) 178.016ms
[2021-05-02T13:20:43.581+0000][7][gc,start    ] GC(37) Pause Remark
[2021-05-02T13:20:43.594+0000][7][gc          ] GC(37) Pause Remark 148M->148M(256M) 12.952ms
[2021-05-02T13:20:43.594+0000][7][gc,cpu      ] GC(37) User=0.05s Sys=0.00s Real=0.01s
[2021-05-02T13:20:43.594+0000][7][safepoint   ] Safepoint "G1Concurrent", Time since last: 189327555 ns, Reaching safepoint: 144795 ns, At safepoint: 13057285 ns, Total: 13202080 ns
[2021-05-02T13:20:43.595+0000][7][gc,marking  ] GC(37) Concurrent Rebuild Remembered Sets
[2021-05-02T13:20:43.693+0000][7][gc,marking  ] GC(37) Concurrent Rebuild Remembered Sets 98.013ms
[2021-05-02T13:20:43.693+0000][7][gc,start    ] GC(37) Pause Cleanup
[2021-05-02T13:20:43.693+0000][7][gc          ] GC(37) Pause Cleanup 152M->152M(256M) 0.130ms
[2021-05-02T13:20:43.693+0000][7][gc,cpu      ] GC(37) User=0.00s Sys=0.00s Real=0.00s
[2021-05-02T13:20:43.693+0000][7][safepoint   ] Safepoint "G1Concurrent", Time since last: 98896179 ns, Reaching safepoint: 274970 ns, At safepoint: 195432 ns, Total: 470402 ns
[2021-05-02T13:20:43.693+0000][7][gc,marking  ] GC(37) Concurrent Cleanup for Next Mark
[2021-05-02T13:20:43.694+0000][7][gc,marking  ] GC(37) Concurrent Cleanup for Next Mark 0.205ms
[2021-05-02T13:20:43.694+0000][7][gc          ] GC(37) Concurrent Cycle 303.218ms
[2021-05-02T13:20:44.694+0000][7][safepoint   ] Safepoint "Cleanup", Time since last: 1000166308 ns, Reaching safepoint: 149499 ns, At safepoint: 6249 ns, Total: 155748 ns
[2021-05-02T13:20:45.694+0000][7][safepoint   ] Safepoint "Cleanup", Time since last: 1000293790 ns, Reaching safepoint: 137016 ns, At safepoint: 7152 ns, Total: 144168 ns
[2021-05-02T13:20:46.695+0000][7][safepoint   ] Safepoint "Cleanup", Time since last: 1000285828 ns, Reaching safepoint: 170878 ns, At safepoint: 7443 ns, Total: 178321 ns
[2021-05-02T13:20:47.695+0000][7][safepoint   ] Safepoint "Cleanup", Time since last: 1000313992 ns, Reaching safepoint: 176967 ns, At safepoint: 6901 ns, Total: 183868 ns
[2021-05-02T13:20:49.695+0000][7][safepoint   ] Safepoint "Cleanup", Time since last: 2000172297 ns, Reaching safepoint: 98667 ns, At safepoint: 4403 ns, Total: 103070 ns
[2021-05-02T13:20:50.696+0000][7][safepoint   ] Safepoint "Cleanup", Time since last: 1000286023 ns, Reaching safepoint: 94587 ns, At safepoint: 4921 ns, Total: 99508 ns
[2021-05-02T13:20:52.696+0000][7][safepoint   ] Safepoint "Cleanup", Time since last: 2000312984 ns, Reaching safepoint: 171334 ns, At safepoint: 7729 ns, Total: 179063 ns
[2021-05-02T13:20:53.696+0000][7][safepoint   ] Safepoint "Cleanup", Time since last: 1000129189 ns, Reaching safepoint: 98001 ns, At safepoint: 5972 ns, Total: 103973 ns
[2021-05-02T13:20:55.697+0000][7][safepoint   ] Safepoint "Cleanup", Time since last: 2000351529 ns, Reaching safepoint: 107459 ns, At safepoint: 4281 ns, Total: 111740 ns
[2021-05-02T13:20:57.697+0000][7][safepoint   ] Safepoint "Cleanup", Time since last: 2000342556 ns, Reaching safepoint: 102605 ns, At safepoint: 5604 ns, Total: 108209 ns
[2021-05-02T13:21:01.698+0000][7][safepoint   ] Safepoint "Cleanup", Time since last: 4000558569 ns, Reaching safepoint: 115257 ns, At safepoint: 6403 ns, Total: 121660 ns
[2021-05-02T13:21:07.699+0000][7][safepoint   ] Safepoint "Cleanup", Time since last: 6001084620 ns, Reaching safepoint: 111965 ns, At safepoint: 5794 ns, Total: 117759 ns
[2021-05-02T13:21:09.700+0000][7][safepoint   ] Safepoint "Cleanup", Time since last: 2000369333 ns, Reaching safepoint: 83916 ns, At safepoint: 4808 ns, Total: 88724 ns
[2021-05-02T13:21:10.700+0000][7][safepoint   ] Safepoint "Cleanup", Time since last: 1000137702 ns, Reaching safepoint: 106676 ns, At safepoint: 5778 ns, Total: 112454 ns
[2021-05-02T13:21:11.700+0000][7][safepoint   ] Safepoint "Cleanup", Time since last: 1000388192 ns, Reaching safepoint: 146077 ns, At safepoint: 4521 ns, Total: 150598 ns
[2021-05-02T13:21:12.701+0000][7][safepoint   ] Safepoint "Cleanup", Time since last: 1000341333 ns, Reaching safepoint: 158982 ns, At safepoint: 6798 ns, Total: 165780 ns
[2021-05-02T13:21:13.702+0000][7][safepoint   ] Safepoint "Cleanup", Time since last: 1000374560 ns, Reaching safepoint: 158238 ns, At safepoint: 6337 ns, Total: 164575 ns
[2021-05-02T13:21:16.702+0000][7][safepoint   ] Safepoint "Cleanup", Time since last: 3000646424 ns, Reaching safepoint: 206500 ns, At safepoint: 13189 ns, Total: 219689 ns
[2021-05-02T13:21:17.703+0000][7][safepoint   ] Safepoint "Cleanup", Time since last: 1000336201 ns, Reaching safepoint: 107715 ns, At safepoint: 8044 ns, Total: 115759 ns
[2021-05-02T13:21:19.703+0000][7][safepoint   ] Safepoint "Cleanup", Time since last: 2000248235 ns, Reaching safepoint: 106467 ns, At safepoint: 5691 ns, Total: 112158 ns
[2021-05-02T13:21:22.704+0000][7][safepoint   ] Safepoint "Cleanup", Time since last: 3000253661 ns, Reaching safepoint: 110436 ns, At safepoint: 7657 ns, Total: 118093 ns
[2021-05-02T13:21:25.704+0000][7][safepoint   ] Safepoint "Cleanup", Time since last: 3000225675 ns, Reaching safepoint: 80402 ns, At safepoint: 5365 ns, Total: 85767 ns
[2021-05-02T13:21:28.704+0000][7][safepoint   ] Safepoint "Cleanup", Time since last: 3000255909 ns, Reaching safepoint: 75590 ns, At safepoint: 5605 ns, Total: 81195 ns
[2021-05-02T13:21:32.705+0000][7][safepoint   ] Safepoint "Cleanup", Time since last: 4000493752 ns, Reaching safepoint: 96916 ns, At safepoint: 5546 ns, Total: 102462 ns
[2021-05-02T13:21:35.705+0000][7][safepoint   ] Safepoint "Cleanup", Time since last: 3000427812 ns, Reaching safepoint: 74691 ns, At safepoint: 4861 ns, Total: 79552 ns
[2021-05-02T13:21:37.706+0000][7][safepoint   ] Safepoint "Cleanup", Time since last: 2000361107 ns, Reaching safepoint: 78510 ns, At safepoint: 5627 ns, Total: 84137 ns
[2021-05-02T13:21:38.706+0000][7][safepoint   ] Safepoint "Cleanup", Time since last: 1000125129 ns, Reaching safepoint: 81175 ns, At safepoint: 3944 ns, Total: 85119 ns
[2021-05-02T13:21:39.706+0000][7][safepoint   ] Safepoint "Cleanup", Time since last: 1000096020 ns, Reaching safepoint: 107979 ns, At safepoint: 6444 ns, Total: 114423 ns
[2021-05-02T13:21:40.706+0000][7][safepoint   ] Safepoint "Cleanup", Time since last: 1000130533 ns, Reaching safepoint: 111128 ns, At safepoint: 6750 ns, Total: 117878 ns
[2021-05-02T13:21:41.707+0000][7][safepoint   ] Safepoint "Cleanup", Time since last: 1000389312 ns, Reaching safepoint: 148082 ns, At safepoint: 5848 ns, Total: 153930 ns
[2021-05-02T13:21:43.040+0000][7][gc,start    ] GC(38) Pause Young (Normal) (G1 Evacuation Pause)
[2021-05-02T13:21:43.040+0000][7][gc,task     ] GC(38) Using 6 workers of 8 for evacuation
[2021-05-02T13:21:43.040+0000][7][gc,age      ] GC(38) Desired survivor size 6291456 bytes, new threshold 4 (max threshold 15)
[2021-05-02T13:21:43.046+0000][7][gc,age      ] GC(38) Age table with threshold 4 (max threshold 15)
[2021-05-02T13:21:43.046+0000][7][gc,age      ] GC(38) - age   1:    1290744 bytes,    1290744 total
[2021-05-02T13:21:43.046+0000][7][gc,age      ] GC(38) - age   2:     848416 bytes,    2139160 total
[2021-05-02T13:21:43.046+0000][7][gc,age      ] GC(38) - age   3:      25608 bytes,    2164768 total
[2021-05-02T13:21:43.046+0000][7][gc,age      ] GC(38) - age   4:     681424 bytes,    2846192 total
[2021-05-02T13:21:43.046+0000][7][gc,phases   ] GC(38)   Pre Evacuate Collection Set: 0.1ms
[2021-05-02T13:21:43.046+0000][7][gc,phases   ] GC(38)   Merge Heap Roots: 0.1ms
[2021-05-02T13:21:43.046+0000][7][gc,phases   ] GC(38)   Evacuate Collection Set: 4.8ms
[2021-05-02T13:21:43.046+0000][7][gc,phases   ] GC(38)   Post Evacuate Collection Set: 0.7ms
[2021-05-02T13:21:43.046+0000][7][gc,phases   ] GC(38)   Other: 0.2ms
[2021-05-02T13:21:43.046+0000][7][gc,heap     ] GC(38) Eden regions: 20->0(21)
[2021-05-02T13:21:43.046+0000][7][gc,heap     ] GC(38) Survivor regions: 3->1(3)
[2021-05-02T13:21:43.046+0000][7][gc,heap     ] GC(38) Old regions: 24->25
[2021-05-02T13:21:43.046+0000][7][gc,heap     ] GC(38) Archive regions: 2->2
[2021-05-02T13:21:43.046+0000][7][gc,heap     ] GC(38) Humongous regions: 2->2
[2021-05-02T13:21:43.046+0000][7][gc,metaspace] GC(38) Metaspace: 104025K(108752K)->104025K(108752K) NonClass: 90166K(93596K)->90166K(93596K) Class: 13858K(15156K)->13858K(15156K)
[2021-05-02T13:21:43.046+0000][7][gc          ] GC(38) Pause Young (Normal) (G1 Evacuation Pause) 195M->114M(256M) 5.912ms
[2021-05-02T13:21:43.046+0000][7][gc,cpu      ] GC(38) User=0.03s Sys=0.00s Real=0.00s
[2021-05-02T13:21:43.046+0000][7][safepoint   ] Safepoint "G1CollectForAllocation", Time since last: 1332756967 ns, Reaching safepoint: 119131 ns, At safepoint: 5985479 ns, Total: 6104610 ns
[2021-05-02T13:21:44.046+0000][7][safepoint   ] Safepoint "Cleanup", Time since last: 1000112315 ns, Reaching safepoint: 98025 ns, At safepoint: 8410 ns, Total: 106435 ns
[2021-05-02T13:21:47.047+0000][7][safepoint   ] Safepoint "Cleanup", Time since last: 3000588287 ns, Reaching safepoint: 82256 ns, At safepoint: 3485 ns, Total: 85741 ns
[2021-05-02T13:21:48.047+0000][7][safepoint   ] Safepoint "Cleanup", Time since last: 1000197726 ns, Reaching safepoint: 125038 ns, At safepoint: 7302 ns, Total: 132340 ns
[2021-05-02T13:21:53.048+0000][7][safepoint   ] Safepoint "Cleanup", Time since last: 5000391971 ns, Reaching safepoint: 116949 ns, At safepoint: 9534 ns, Total: 126483 ns
[2021-05-02T13:21:55.048+0000][7][safepoint   ] Safepoint "Cleanup", Time since last: 2000178944 ns, Reaching safepoint: 75997 ns, At safepoint: 5401 ns, Total: 81398 ns
[2021-05-02T13:22:00.048+0000][7][safepoint   ] Safepoint "Cleanup", Time since last: 5000449767 ns, Reaching safepoint: 129652 ns, At safepoint: 7120 ns, Total: 136772 ns
[2021-05-02T13:22:04.049+0000][7][safepoint   ] Safepoint "Cleanup", Time since last: 4000381165 ns, Reaching safepoint: 107152 ns, At safepoint: 7530 ns, Total: 114682 ns
[2021-05-02T13:22:05.049+0000][7][safepoint   ] Safepoint "Cleanup", Time since last: 1000110063 ns, Reaching safepoint: 167999 ns, At safepoint: 6106 ns, Total: 174105 ns
[2021-05-02T13:22:07.049+0000][7][safepoint   ] Safepoint "Cleanup", Time since last: 2000161840 ns, Reaching safepoint: 80963 ns, At safepoint: 5135 ns, Total: 86098 ns
[2021-05-02T13:22:08.050+0000][7][safepoint   ] Safepoint "Cleanup", Time since last: 1000101830 ns, Reaching safepoint: 111669 ns, At safepoint: 8082 ns, Total: 119751 ns
[2021-05-02T13:22:09.050+0000][7][safepoint   ] Safepoint "Cleanup", Time since last: 1000110525 ns, Reaching safepoint: 87173 ns, At safepoint: 5995 ns, Total: 93168 ns
[2021-05-02T13:22:10.050+0000][7][safepoint   ] Safepoint "Cleanup", Time since last: 1000095171 ns, Reaching safepoint: 100511 ns, At safepoint: 4761 ns, Total: 105272 ns
[2021-05-02T13:22:11.050+0000][7][safepoint   ] Safepoint "Cleanup", Time since last: 1000101854 ns, Reaching safepoint: 75472 ns, At safepoint: 4607 ns, Total: 80079 ns
[2021-05-02T13:22:13.051+0000][7][safepoint   ] Safepoint "Cleanup", Time since last: 2000266382 ns, Reaching safepoint: 83057 ns, At safepoint: 5574 ns, Total: 88631 ns
[2021-05-02T13:22:14.051+0000][7][safepoint   ] Safepoint "Cleanup", Time since last: 1000386886 ns, Reaching safepoint: 83548 ns, At safepoint: 5635 ns, Total: 89183 ns
[2021-05-02T13:22:15.051+0000][7][safepoint   ] Safepoint "Cleanup", Time since last: 1000126613 ns, Reaching safepoint: 67278 ns, At safepoint: 5544 ns, Total: 72822 ns
[2021-05-02T13:22:16.052+0000][7][safepoint   ] Safepoint "Cleanup", Time since last: 1000221763 ns, Reaching safepoint: 142566 ns, At safepoint: 5128 ns, Total: 147694 ns
[2021-05-02T13:22:17.052+0000][7][safepoint   ] Safepoint "Cleanup", Time since last: 1000091927 ns, Reaching safepoint: 151413 ns, At safepoint: 7054 ns, Total: 158467 ns
[2021-05-02T13:22:21.053+0000][7][safepoint   ] Safepoint "Cleanup", Time since last: 4000681199 ns, Reaching safepoint: 112666 ns, At safepoint: 6573 ns, Total: 119239 ns
[2021-05-02T13:22:25.053+0000][7][safepoint   ] Safepoint "Cleanup", Time since last: 4000583853 ns, Reaching safepoint: 97143 ns, At safepoint: 5966 ns, Total: 103109 ns
[2021-05-02T13:22:28.054+0000][7][safepoint   ] Safepoint "Cleanup", Time since last: 3000707800 ns, Reaching safepoint: 124412 ns, At safepoint: 4985 ns, Total: 129397 ns
[2021-05-02T13:22:33.055+0000][7][safepoint   ] Safepoint "Cleanup", Time since last: 5000790805 ns, Reaching safepoint: 118082 ns, At safepoint: 8039 ns, Total: 126121 ns
[2021-05-02T13:22:37.056+0000][7][safepoint   ] Safepoint "Cleanup", Time since last: 4000409227 ns, Reaching safepoint: 266073 ns, At safepoint: 13277 ns, Total: 279350 ns
[2021-05-02T13:22:38.056+0000][7][safepoint   ] Safepoint "Cleanup", Time since last: 1000167062 ns, Reaching safepoint: 95055 ns, At safepoint: 5384 ns, Total: 100439 ns
[2021-05-02T13:22:40.057+0000][7][safepoint   ] Safepoint "Cleanup", Time since last: 2000225226 ns, Reaching safepoint: 180382 ns, At safepoint: 8444 ns, Total: 188826 ns
[2021-05-02T13:22:41.057+0000][7][safepoint   ] Safepoint "Cleanup", Time since last: 1000149931 ns, Reaching safepoint: 102373 ns, At safepoint: 6546 ns, Total: 108919 ns
[2021-05-02T13:22:43.057+0000][7][safepoint   ] Safepoint "Cleanup", Time since last: 2000325561 ns, Reaching safepoint: 128852 ns, At safepoint: 5937 ns, Total: 134789 ns
[2021-05-02T13:22:44.058+0000][7][safepoint   ] Safepoint "Cleanup", Time since last: 1000218611 ns, Reaching safepoint: 93602 ns, At safepoint: 5382 ns, Total: 98984 ns
[2021-05-02T13:22:45.058+0000][7][safepoint   ] Safepoint "Cleanup", Time since last: 1000094348 ns, Reaching safepoint: 126124 ns, At safepoint: 5042 ns, Total: 131166 ns
[2021-05-02T13:22:46.058+0000][7][safepoint   ] Safepoint "Cleanup", Time since last: 1000209701 ns, Reaching safepoint: 117745 ns, At safepoint: 9104 ns, Total: 126849 ns
[2021-05-02T13:22:47.059+0000][7][safepoint   ] Safepoint "Cleanup", Time since last: 1000298695 ns, Reaching safepoint: 132774 ns, At safepoint: 7916 ns, Total: 140690 ns
[2021-05-02T13:22:48.059+0000][7][safepoint   ] Safepoint "Cleanup", Time since last: 1000207710 ns, Reaching safepoint: 104912 ns, At safepoint: 6264 ns, Total: 111176 ns
[2021-05-02T13:22:55.059+0000][7][safepoint   ] Safepoint "Cleanup", Time since last: 7000514784 ns, Reaching safepoint: 97188 ns, At safepoint: 7719 ns, Total: 104907 ns
[2021-05-02T13:22:58.060+0000][7][safepoint   ] Safepoint "Cleanup", Time since last: 3000247383 ns, Reaching safepoint: 112520 ns, At safepoint: 8314 ns, Total: 120834 ns
[2021-05-02T13:22:59.060+0000][7][safepoint   ] Safepoint "Cleanup", Time since last: 1000137449 ns, Reaching safepoint: 98996 ns, At safepoint: 5871 ns, Total: 104867 ns
[2021-05-02T13:23:00.060+0000][7][safepoint   ] Safepoint "Cleanup", Time since last: 1000098993 ns, Reaching safepoint: 80799 ns, At safepoint: 5447 ns, Total: 86246 ns
[2021-05-02T13:23:01.060+0000][7][safepoint   ] Safepoint "Cleanup", Time since last: 1000106252 ns, Reaching safepoint: 85648 ns, At safepoint: 7486 ns, Total: 93134 ns
[2021-05-02T13:23:05.061+0000][7][safepoint   ] Safepoint "Cleanup", Time since last: 4000752967 ns, Reaching safepoint: 91943 ns, At safepoint: 5116 ns, Total: 97059 ns
[2021-05-02T13:23:07.062+0000][7][safepoint   ] Safepoint "Cleanup", Time since last: 2000169788 ns, Reaching safepoint: 148046 ns, At safepoint: 7863 ns, Total: 155909 ns
[2021-05-02T13:23:10.062+0000][7][safepoint   ] Safepoint "Cleanup", Time since last: 3000436345 ns, Reaching safepoint: 81515 ns, At safepoint: 6141 ns, Total: 87656 ns
[2021-05-02T13:23:11.063+0000][7][safepoint   ] Safepoint "Cleanup", Time since last: 1000322875 ns, Reaching safepoint: 95270 ns, At safepoint: 5532 ns, Total: 100802 ns
[2021-05-02T13:23:12.063+0000][7][safepoint   ] Safepoint "Cleanup", Time since last: 1000177301 ns, Reaching safepoint: 109219 ns, At safepoint: 5786 ns, Total: 115005 ns
[2021-05-02T13:23:13.063+0000][7][safepoint   ] Safepoint "Cleanup", Time since last: 1000224597 ns, Reaching safepoint: 94462 ns, At safepoint: 3688 ns, Total: 98150 ns
[2021-05-02T13:23:14.063+0000][7][safepoint   ] Safepoint "Cleanup", Time since last: 1000092008 ns, Reaching safepoint: 85441 ns, At safepoint: 5185 ns, Total: 90626 ns
[2021-05-02T13:23:15.064+0000][7][safepoint   ] Safepoint "Cleanup", Time since last: 1000094014 ns, Reaching safepoint: 146397 ns, At safepoint: 6951 ns, Total: 153348 ns
[2021-05-02T13:23:17.064+0000][7][safepoint   ] Safepoint "Cleanup", Time since last: 2000171198 ns, Reaching safepoint: 140611 ns, At safepoint: 12099 ns, Total: 152710 ns
[2021-05-02T13:23:18.064+0000][7][safepoint   ] Safepoint "Cleanup", Time since last: 1000299665 ns, Reaching safepoint: 168683 ns, At safepoint: 11843 ns, Total: 180526 ns
[2021-05-02T13:23:25.065+0000][7][safepoint   ] Safepoint "Cleanup", Time since last: 7000664623 ns, Reaching safepoint: 221290 ns, At safepoint: 11077 ns, Total: 232367 ns
[2021-05-02T13:23:28.066+0000][7][safepoint   ] Safepoint "Cleanup", Time since last: 3000368382 ns, Reaching safepoint: 124989 ns, At safepoint: 8118 ns, Total: 133107 ns
[2021-05-02T13:23:37.067+0000][7][safepoint   ] Safepoint "Cleanup", Time since last: 9000932807 ns, Reaching safepoint: 168217 ns, At safepoint: 5259 ns, Total: 173476 ns
[2021-05-02T13:23:38.067+0000][7][safepoint   ] Safepoint "Cleanup", Time since last: 1000111941 ns, Reaching safepoint: 87444 ns, At safepoint: 5049 ns, Total: 92493 ns
[2021-05-02T13:23:40.067+0000][7][safepoint   ] Safepoint "Cleanup", Time since last: 2000191662 ns, Reaching safepoint: 131133 ns, At safepoint: 6221 ns, Total: 137354 ns
[2021-05-02T13:23:42.068+0000][7][safepoint   ] Safepoint "Cleanup", Time since last: 2000468454 ns, Reaching safepoint: 110057 ns, At safepoint: 56978 ns, Total: 167035 ns
[2021-05-02T13:23:44.057+0000][7][safepoint   ] Safepoint "Cleanup", Time since last: 1988950001 ns, Reaching safepoint: 203509 ns, At safepoint: 8480 ns, Total: 211989 ns
[2021-05-02T13:23:46.058+0000][7][safepoint   ] Safepoint "Cleanup", Time since last: 2000349949 ns, Reaching safepoint: 91972 ns, At safepoint: 6896 ns, Total: 98868 ns
[2021-05-02T13:23:47.058+0000][7][safepoint   ] Safepoint "Cleanup", Time since last: 1000102149 ns, Reaching safepoint: 91186 ns, At safepoint: 7877 ns, Total: 99063 ns
[2021-05-02T13:23:48.076+0000][7][gc,start    ] GC(39) Pause Young (Concurrent Start) (G1 Evacuation Pause)
[2021-05-02T13:23:48.076+0000][7][gc,task     ] GC(39) Using 6 workers of 8 for evacuation
[2021-05-02T13:23:48.076+0000][7][gc,age      ] GC(39) Desired survivor size 6291456 bytes, new threshold 15 (max threshold 15)
[2021-05-02T13:23:48.080+0000][7][gc,age      ] GC(39) Age table with threshold 15 (max threshold 15)
[2021-05-02T13:23:48.080+0000][7][gc,age      ] GC(39) - age   1:     533840 bytes,     533840 total
[2021-05-02T13:23:48.080+0000][7][gc,age      ] GC(39) - age   2:     724096 bytes,    1257936 total
[2021-05-02T13:23:48.080+0000][7][gc,age      ] GC(39) - age   3:     816272 bytes,    2074208 total
[2021-05-02T13:23:48.080+0000][7][gc,age      ] GC(39) - age   4:      25584 bytes,    2099792 total
[2021-05-02T13:23:48.080+0000][7][gc,age      ] GC(39) - age   5:     681424 bytes,    2781216 total
[2021-05-02T13:23:48.080+0000][7][gc,phases   ] GC(39)   Pre Evacuate Collection Set: 0.1ms
[2021-05-02T13:23:48.080+0000][7][gc,phases   ] GC(39)   Merge Heap Roots: 0.0ms
[2021-05-02T13:23:48.080+0000][7][gc,phases   ] GC(39)   Evacuate Collection Set: 3.3ms
[2021-05-02T13:23:48.080+0000][7][gc,phases   ] GC(39)   Post Evacuate Collection Set: 0.6ms
[2021-05-02T13:23:48.080+0000][7][gc,phases   ] GC(39)   Other: 0.3ms
[2021-05-02T13:23:48.080+0000][7][gc,heap     ] GC(39) Eden regions: 21->0(22)
[2021-05-02T13:23:48.080+0000][7][gc,heap     ] GC(39) Survivor regions: 1->1(3)
[2021-05-02T13:23:48.080+0000][7][gc,heap     ] GC(39) Old regions: 25->25
[2021-05-02T13:23:48.080+0000][7][gc,heap     ] GC(39) Archive regions: 2->2
[2021-05-02T13:23:48.080+0000][7][gc,heap     ] GC(39) Humongous regions: 2->2
[2021-05-02T13:23:48.080+0000][7][gc,metaspace] GC(39) Metaspace: 104412K(109008K)->104412K(109008K) NonClass: 90553K(93852K)->90553K(93852K) Class: 13859K(15156K)->13859K(15156K)
[2021-05-02T13:23:48.080+0000][7][gc          ] GC(39) Pause Young (Concurrent Start) (G1 Evacuation Pause) 198M->113M(256M) 4.506ms
[2021-05-02T13:23:48.080+0000][7][gc,cpu      ] GC(39) User=0.02s Sys=0.00s Real=0.01s
[2021-05-02T13:23:48.080+0000][7][gc          ] GC(40) Concurrent Cycle
[2021-05-02T13:23:48.080+0000][7][safepoint   ] Safepoint "G1CollectForAllocation", Time since last: 1017249458 ns, Reaching safepoint: 355856 ns, At safepoint: 4604687 ns, Total: 4960543 ns
[2021-05-02T13:23:48.080+0000][7][gc,marking  ] GC(40) Concurrent Clear Claimed Marks
[2021-05-02T13:23:48.080+0000][7][gc,marking  ] GC(40) Concurrent Clear Claimed Marks 0.086ms
[2021-05-02T13:23:48.080+0000][7][gc,marking  ] GC(40) Concurrent Scan Root Regions
[2021-05-02T13:23:48.083+0000][7][gc,marking  ] GC(40) Concurrent Scan Root Regions 2.490ms
[2021-05-02T13:23:48.083+0000][7][gc,marking  ] GC(40) Concurrent Mark (508.903s)
[2021-05-02T13:23:48.083+0000][7][gc,marking  ] GC(40) Concurrent Mark From Roots
[2021-05-02T13:23:48.083+0000][7][gc,task     ] GC(40) Using 2 workers of 2 for marking
[2021-05-02T13:23:48.215+0000][7][gc,marking  ] GC(40) Concurrent Mark From Roots 132.681ms
[2021-05-02T13:23:48.216+0000][7][gc,marking  ] GC(40) Concurrent Preclean
[2021-05-02T13:23:48.216+0000][7][gc,marking  ] GC(40) Concurrent Preclean 0.238ms
[2021-05-02T13:23:48.216+0000][7][gc,marking  ] GC(40) Concurrent Mark (508.903s, 509.036s) 132.978ms
[2021-05-02T13:23:48.216+0000][7][gc,start    ] GC(40) Pause Remark
[2021-05-02T13:23:48.226+0000][7][gc          ] GC(40) Pause Remark 114M->114M(256M) 10.295ms
[2021-05-02T13:23:48.226+0000][7][gc,cpu      ] GC(40) User=0.06s Sys=0.00s Real=0.01s
[2021-05-02T13:23:48.226+0000][7][safepoint   ] Safepoint "G1Concurrent", Time since last: 135627714 ns, Reaching safepoint: 77035 ns, At safepoint: 10400791 ns, Total: 10477826 ns
[2021-05-02T13:23:48.226+0000][7][gc,marking  ] GC(40) Concurrent Rebuild Remembered Sets
[2021-05-02T13:23:48.318+0000][7][gc,marking  ] GC(40) Concurrent Rebuild Remembered Sets 91.203ms
[2021-05-02T13:23:48.318+0000][7][gc,start    ] GC(40) Pause Cleanup
[2021-05-02T13:23:48.318+0000][7][gc          ] GC(40) Pause Cleanup 114M->114M(256M) 0.165ms
[2021-05-02T13:23:48.318+0000][7][gc,cpu      ] GC(40) User=0.00s Sys=0.00s Real=0.00s
[2021-05-02T13:23:48.318+0000][7][safepoint   ] Safepoint "G1Concurrent", Time since last: 91355623 ns, Reaching safepoint: 118787 ns, At safepoint: 230128 ns, Total: 348915 ns
[2021-05-02T13:23:48.318+0000][7][gc,marking  ] GC(40) Concurrent Cleanup for Next Mark
[2021-05-02T13:23:48.318+0000][7][gc,marking  ] GC(40) Concurrent Cleanup for Next Mark 0.225ms
[2021-05-02T13:23:48.318+0000][7][gc          ] GC(40) Concurrent Cycle 238.096ms
[2021-05-02T13:23:49.318+0000][7][safepoint   ] Safepoint "Cleanup", Time since last: 1000083239 ns, Reaching safepoint: 129183 ns, At safepoint: 7693 ns, Total: 136876 ns
[2021-05-02T13:23:50.318+0000][7][safepoint   ] Safepoint "Cleanup", Time since last: 1000120998 ns, Reaching safepoint: 146254 ns, At safepoint: 8993 ns, Total: 155247 ns
[2021-05-02T13:23:52.319+0000][7][safepoint   ] Safepoint "Cleanup", Time since last: 2000173817 ns, Reaching safepoint: 97377 ns, At safepoint: 6655 ns, Total: 104032 ns
[2021-05-02T13:23:55.319+0000][7][safepoint   ] Safepoint "Cleanup", Time since last: 3000510234 ns, Reaching safepoint: 100867 ns, At safepoint: 4582 ns, Total: 105449 ns
[2021-05-02T13:24:00.320+0000][7][safepoint   ] Safepoint "Cleanup", Time since last: 5000449488 ns, Reaching safepoint: 86637 ns, At safepoint: 3605 ns, Total: 90242 ns
[2021-05-02T13:24:03.320+0000][7][safepoint   ] Safepoint "Cleanup", Time since last: 3000222537 ns, Reaching safepoint: 90815 ns, At safepoint: 7314 ns, Total: 98129 ns
[2021-05-02T13:24:07.321+0000][7][safepoint   ] Safepoint "Cleanup", Time since last: 4000468486 ns, Reaching safepoint: 218954 ns, At safepoint: 15550 ns, Total: 234504 ns
[2021-05-02T13:24:08.485+0000][7][safepoint   ] Safepoint "Cleanup", Time since last: 1163646935 ns, Reaching safepoint: 98270 ns, At safepoint: 6838 ns, Total: 105108 ns
[2021-05-02T13:24:10.485+0000][7][safepoint   ] Safepoint "Cleanup", Time since last: 2000216844 ns, Reaching safepoint: 114506 ns, At safepoint: 5062 ns, Total: 119568 ns
[2021-05-02T13:24:11.485+0000][7][safepoint   ] Safepoint "Cleanup", Time since last: 1000143627 ns, Reaching safepoint: 80181 ns, At safepoint: 6223 ns, Total: 86404 ns
[2021-05-02T13:24:13.486+0000][7][safepoint   ] Safepoint "Cleanup", Time since last: 2000252856 ns, Reaching safepoint: 105941 ns, At safepoint: 5951 ns, Total: 111892 ns
[2021-05-02T13:24:15.965+0000][7][safepoint   ] Safepoint "Cleanup", Time since last: 2479052946 ns, Reaching safepoint: 132597 ns, At safepoint: 10221 ns, Total: 142818 ns
[2021-05-02T13:24:16.965+0000][7][safepoint   ] Safepoint "Cleanup", Time since last: 1000266384 ns, Reaching safepoint: 242118 ns, At safepoint: 10118 ns, Total: 252236 ns
[2021-05-02T13:24:17.966+0000][7][safepoint   ] Safepoint "Cleanup", Time since last: 1000233795 ns, Reaching safepoint: 123456 ns, At safepoint: 8202 ns, Total: 131658 ns
[2021-05-02T13:24:20.966+0000][7][safepoint   ] Safepoint "Cleanup", Time since last: 3000401515 ns, Reaching safepoint: 121386 ns, At safepoint: 7643 ns, Total: 129029 ns
[2021-05-02T13:24:25.967+0000][7][safepoint   ] Safepoint "Cleanup", Time since last: 5000381123 ns, Reaching safepoint: 121356 ns, At safepoint: 7278 ns, Total: 128634 ns
[2021-05-02T13:24:29.967+0000][7][safepoint   ] Safepoint "Cleanup", Time since last: 4000371871 ns, Reaching safepoint: 135219 ns, At safepoint: 8194 ns, Total: 143413 ns
[2021-05-02T13:24:39.968+0000][7][safepoint   ] Safepoint "Cleanup", Time since last: 10000809362 ns, Reaching safepoint: 105246 ns, At safepoint: 5264 ns, Total: 110510 ns
[2021-05-02T13:24:40.968+0000][7][safepoint   ] Safepoint "Cleanup", Time since last: 1000101715 ns, Reaching safepoint: 145485 ns, At safepoint: 8194 ns, Total: 153679 ns
[2021-05-02T13:24:43.969+0000][7][safepoint   ] Safepoint "Cleanup", Time since last: 3000240014 ns, Reaching safepoint: 105296 ns, At safepoint: 5805 ns, Total: 111101 ns
[2021-05-02T13:24:45.969+0000][7][safepoint   ] Safepoint "Cleanup", Time since last: 2000278881 ns, Reaching safepoint: 91888 ns, At safepoint: 8758 ns, Total: 100646 ns
[2021-05-02T13:24:46.969+0000][7][safepoint   ] Safepoint "Cleanup", Time since last: 1000100578 ns, Reaching safepoint: 95953 ns, At safepoint: 5639 ns, Total: 101592 ns
[2021-05-02T13:24:47.970+0000][7][safepoint   ] Safepoint "Cleanup", Time since last: 1000249579 ns, Reaching safepoint: 101918 ns, At safepoint: 6634 ns, Total: 108552 ns
[2021-05-02T13:24:54.971+0000][7][safepoint   ] Safepoint "Cleanup", Time since last: 7001240745 ns, Reaching safepoint: 73753 ns, At safepoint: 6454 ns, Total: 80207 ns
[2021-05-02T13:24:57.971+0000][7][safepoint   ] Safepoint "Cleanup", Time since last: 3000329932 ns, Reaching safepoint: 131628 ns, At safepoint: 5536 ns, Total: 137164 ns
[2021-05-02T13:25:04.972+0000][7][safepoint   ] Safepoint "Cleanup", Time since last: 7000589147 ns, Reaching safepoint: 86358 ns, At safepoint: 6294 ns, Total: 92652 ns
[2021-05-02T13:25:09.973+0000][7][safepoint   ] Safepoint "Cleanup", Time since last: 5000611019 ns, Reaching safepoint: 165579 ns, At safepoint: 7580 ns, Total: 173159 ns
[2021-05-02T13:25:10.973+0000][7][safepoint   ] Safepoint "Cleanup", Time since last: 1000138639 ns, Reaching safepoint: 116031 ns, At safepoint: 6487 ns, Total: 122518 ns
[2021-05-02T13:25:12.974+0000][7][safepoint   ] Safepoint "Cleanup", Time since last: 2000338674 ns, Reaching safepoint: 113687 ns, At safepoint: 6118 ns, Total: 119805 ns
[2021-05-02T13:25:13.974+0000][7][safepoint   ] Safepoint "Cleanup", Time since last: 1000189522 ns, Reaching safepoint: 75696 ns, At safepoint: 6776 ns, Total: 82472 ns
[2021-05-02T13:25:16.975+0000][7][safepoint   ] Safepoint "Cleanup", Time since last: 3000390517 ns, Reaching safepoint: 152771 ns, At safepoint: 11098 ns, Total: 163869 ns
[2021-05-02T13:25:19.975+0000][7][safepoint   ] Safepoint "Cleanup", Time since last: 3000462395 ns, Reaching safepoint: 179370 ns, At safepoint: 4814 ns, Total: 184184 ns
[2021-05-02T13:25:36.977+0000][7][safepoint   ] Safepoint "Cleanup", Time since last: 17001684933 ns, Reaching safepoint: 92011 ns, At safepoint: 7353 ns, Total: 99364 ns
[2021-05-02T13:25:38.977+0000][7][safepoint   ] Safepoint "Cleanup", Time since last: 2000148859 ns, Reaching safepoint: 132379 ns, At safepoint: 6837 ns, Total: 139216 ns
[2021-05-02T13:25:39.829+0000][7][safepoint   ] Safepoint "ICBufferFull", Time since last: 851329881 ns, Reaching safepoint: 215293 ns, At safepoint: 26142 ns, Total: 241435 ns
[2021-05-02T13:25:39.964+0000][7][gc,start    ] GC(41) Pause Young (Normal) (G1 Evacuation Pause)
[2021-05-02T13:25:39.964+0000][7][gc,task     ] GC(41) Using 6 workers of 8 for evacuation
[2021-05-02T13:25:39.964+0000][7][gc,age      ] GC(41) Desired survivor size 6291456 bytes, new threshold 15 (max threshold 15)
[2021-05-02T13:25:39.970+0000][7][gc,age      ] GC(41) Age table with threshold 15 (max threshold 15)
[2021-05-02T13:25:39.970+0000][7][gc,age      ] GC(41) - age   1:     860632 bytes,     860632 total
[2021-05-02T13:25:39.971+0000][7][gc,age      ] GC(41) - age   2:      26664 bytes,     887296 total
[2021-05-02T13:25:39.971+0000][7][gc,age      ] GC(41) - age   3:     701472 bytes,    1588768 total
[2021-05-02T13:25:39.971+0000][7][gc,age      ] GC(41) - age   4:     790720 bytes,    2379488 total
[2021-05-02T13:25:39.971+0000][7][gc,age      ] GC(41) - age   5:      25360 bytes,    2404848 total
[2021-05-02T13:25:39.971+0000][7][gc,age      ] GC(41) - age   6:     681424 bytes,    3086272 total
[2021-05-02T13:25:39.971+0000][7][gc,phases   ] GC(41)   Pre Evacuate Collection Set: 0.0ms
[2021-05-02T13:25:39.971+0000][7][gc,phases   ] GC(41)   Merge Heap Roots: 0.1ms
[2021-05-02T13:25:39.971+0000][7][gc,phases   ] GC(41)   Evacuate Collection Set: 5.3ms
[2021-05-02T13:25:39.971+0000][7][gc,phases   ] GC(41)   Post Evacuate Collection Set: 1.0ms
[2021-05-02T13:25:39.971+0000][7][gc,phases   ] GC(41)   Other: 0.4ms
[2021-05-02T13:25:39.971+0000][7][gc,heap     ] GC(41) Eden regions: 22->0(22)
[2021-05-02T13:25:39.971+0000][7][gc,heap     ] GC(41) Survivor regions: 1->1(3)
[2021-05-02T13:25:39.971+0000][7][gc,heap     ] GC(41) Old regions: 25->25
[2021-05-02T13:25:39.971+0000][7][gc,heap     ] GC(41) Archive regions: 2->2
[2021-05-02T13:25:39.971+0000][7][gc,heap     ] GC(41) Humongous regions: 2->2
[2021-05-02T13:25:39.971+0000][7][gc,metaspace] GC(41) Metaspace: 104761K(109264K)->104761K(109264K) NonClass: 90896K(94108K)->90896K(94108K) Class: 13864K(15156K)->13864K(15156K)
[2021-05-02T13:25:39.971+0000][7][gc          ] GC(41) Pause Young (Normal) (G1 Evacuation Pause) 201M->114M(256M) 7.009ms
[2021-05-02T13:25:39.971+0000][7][gc,cpu      ] GC(41) User=0.04s Sys=0.00s Real=0.01s
[2021-05-02T13:25:39.971+0000][7][safepoint   ] Safepoint "G1CollectForAllocation", Time since last: 134829707 ns, Reaching safepoint: 255921 ns, At safepoint: 7163564 ns, Total: 7419485 ns
[2021-05-02T13:25:40.974+0000][7][safepoint   ] Safepoint "Cleanup", Time since last: 1002708222 ns, Reaching safepoint: 133903 ns, At safepoint: 6994 ns, Total: 140897 ns
[2021-05-02T13:25:41.974+0000][7][safepoint   ] Safepoint "Cleanup", Time since last: 1000134497 ns, Reaching safepoint: 112828 ns, At safepoint: 5434 ns, Total: 118262 ns
[2021-05-02T13:25:42.974+0000][7][safepoint   ] Safepoint "Cleanup", Time since last: 1000224012 ns, Reaching safepoint: 85969 ns, At safepoint: 4261 ns, Total: 90230 ns
[2021-05-02T13:25:43.975+0000][7][safepoint   ] Safepoint "Cleanup", Time since last: 1000107644 ns, Reaching safepoint: 110824 ns, At safepoint: 5898 ns, Total: 116722 ns
[2021-05-02T13:25:45.975+0000][7][safepoint   ] Safepoint "Cleanup", Time since last: 2000314587 ns, Reaching safepoint: 142565 ns, At safepoint: 5689 ns, Total: 148254 ns
[2021-05-02T13:25:46.976+0000][7][safepoint   ] Safepoint "Cleanup", Time since last: 1000342089 ns, Reaching safepoint: 118403 ns, At safepoint: 4981 ns, Total: 123384 ns
[2021-05-02T13:25:47.976+0000][7][safepoint   ] Safepoint "Cleanup", Time since last: 1000158870 ns, Reaching safepoint: 95158 ns, At safepoint: 4471 ns, Total: 99629 ns
[2021-05-02T13:25:48.976+0000][7][safepoint   ] Safepoint "Cleanup", Time since last: 1000122071 ns, Reaching safepoint: 119139 ns, At safepoint: 5147 ns, Total: 124286 ns
[2021-05-02T13:25:49.976+0000][7][safepoint   ] Safepoint "Cleanup", Time since last: 1000145923 ns, Reaching safepoint: 132246 ns, At safepoint: 7504 ns, Total: 139750 ns
[2021-05-02T13:25:54.977+0000][7][safepoint   ] Safepoint "Cleanup", Time since last: 5000491177 ns, Reaching safepoint: 107243 ns, At safepoint: 6296 ns, Total: 113539 ns
[2021-05-02T13:25:57.977+0000][7][safepoint   ] Safepoint "Cleanup", Time since last: 3000279116 ns, Reaching safepoint: 122449 ns, At safepoint: 7488 ns, Total: 129937 ns
[2021-05-02T13:26:04.979+0000][7][safepoint   ] Safepoint "Cleanup", Time since last: 7001244346 ns, Reaching safepoint: 90778 ns, At safepoint: 6125 ns, Total: 96903 ns
[2021-05-02T13:26:06.979+0000][7][safepoint   ] Safepoint "Cleanup", Time since last: 2000227329 ns, Reaching safepoint: 129971 ns, At safepoint: 7789 ns, Total: 137760 ns
[2021-05-02T13:26:07.979+0000][7][safepoint   ] Safepoint "Cleanup", Time since last: 1000199057 ns, Reaching safepoint: 88901 ns, At safepoint: 5967 ns, Total: 94868 ns
[2021-05-02T13:26:09.980+0000][7][safepoint   ] Safepoint "Cleanup", Time since last: 2000286668 ns, Reaching safepoint: 86235 ns, At safepoint: 5643 ns, Total: 91878 ns
[2021-05-02T13:26:13.980+0000][7][safepoint   ] Safepoint "Cleanup", Time since last: 4000368800 ns, Reaching safepoint: 121892 ns, At safepoint: 5661 ns, Total: 127553 ns
[2021-05-02T13:26:14.981+0000][7][safepoint   ] Safepoint "Cleanup", Time since last: 1000239055 ns, Reaching safepoint: 78871 ns, At safepoint: 6202 ns, Total: 85073 ns
[2021-05-02T13:26:16.981+0000][7][safepoint   ] Safepoint "Cleanup", Time since last: 2000173994 ns, Reaching safepoint: 100848 ns, At safepoint: 7401 ns, Total: 108249 ns
[2021-05-02T13:26:19.982+0000][7][safepoint   ] Safepoint "Cleanup", Time since last: 3000538753 ns, Reaching safepoint: 102619 ns, At safepoint: 6090 ns, Total: 108709 ns
[2021-05-02T13:26:22.982+0000][7][safepoint   ] Safepoint "Cleanup", Time since last: 3000242332 ns, Reaching safepoint: 82948 ns, At safepoint: 4973 ns, Total: 87921 ns
[2021-05-02T13:26:24.982+0000][7][safepoint   ] Safepoint "Cleanup", Time since last: 2000301674 ns, Reaching safepoint: 143774 ns, At safepoint: 4998 ns, Total: 148772 ns
[2021-05-02T13:26:25.983+0000][7][safepoint   ] Safepoint "Cleanup", Time since last: 1000127109 ns, Reaching safepoint: 97984 ns, At safepoint: 4391 ns, Total: 102375 ns
[2021-05-02T13:26:28.983+0000][7][safepoint   ] Safepoint "Cleanup", Time since last: 3000407922 ns, Reaching safepoint: 121620 ns, At safepoint: 6534 ns, Total: 128154 ns
[2021-05-02T13:26:34.984+0000][7][safepoint   ] Safepoint "Cleanup", Time since last: 6000605987 ns, Reaching safepoint: 93425 ns, At safepoint: 4641 ns, Total: 98066 ns
[2021-05-02T13:26:37.984+0000][7][safepoint   ] Safepoint "Cleanup", Time since last: 3000588517 ns, Reaching safepoint: 96912 ns, At safepoint: 5765 ns, Total: 102677 ns
[2021-05-02T13:26:39.985+0000][7][safepoint   ] Safepoint "Cleanup", Time since last: 2000406728 ns, Reaching safepoint: 161834 ns, At safepoint: 6508 ns, Total: 168342 ns
[2021-05-02T13:26:43.986+0000][7][safepoint   ] Safepoint "Cleanup", Time since last: 4000516662 ns, Reaching safepoint: 118737 ns, At safepoint: 8014 ns, Total: 126751 ns
[2021-05-02T13:26:44.986+0000][7][safepoint   ] Safepoint "Cleanup", Time since last: 1000261682 ns, Reaching safepoint: 101283 ns, At safepoint: 5749 ns, Total: 107032 ns
[2021-05-02T13:26:46.987+0000][7][safepoint   ] Safepoint "Cleanup", Time since last: 2000416469 ns, Reaching safepoint: 208035 ns, At safepoint: 7389 ns, Total: 215424 ns
[2021-05-02T13:27:04.989+0000][7][safepoint   ] Safepoint "Cleanup", Time since last: 18001989428 ns, Reaching safepoint: 159569 ns, At safepoint: 9089 ns, Total: 168658 ns
[2021-05-02T13:27:06.989+0000][7][safepoint   ] Safepoint "Cleanup", Time since last: 2000163074 ns, Reaching safepoint: 133603 ns, At safepoint: 5973 ns, Total: 139576 ns
[2021-05-02T13:27:07.989+0000][7][safepoint   ] Safepoint "Cleanup", Time since last: 1000103099 ns, Reaching safepoint: 78128 ns, At safepoint: 4466 ns, Total: 82594 ns
[2021-05-02T13:27:10.990+0000][7][safepoint   ] Safepoint "Cleanup", Time since last: 3000403831 ns, Reaching safepoint: 83821 ns, At safepoint: 5088 ns, Total: 88909 ns
[2021-05-02T13:27:13.990+0000][7][safepoint   ] Safepoint "Cleanup", Time since last: 3000498476 ns, Reaching safepoint: 105283 ns, At safepoint: 6695 ns, Total: 111978 ns
[2021-05-02T13:27:14.991+0000][7][safepoint   ] Safepoint "Cleanup", Time since last: 1000241416 ns, Reaching safepoint: 90880 ns, At safepoint: 7435 ns, Total: 98315 ns
[2021-05-02T13:27:16.991+0000][7][safepoint   ] Safepoint "Cleanup", Time since last: 2000167580 ns, Reaching safepoint: 90623 ns, At safepoint: 3865 ns, Total: 94488 ns
[2021-05-02T13:27:19.991+0000][7][safepoint   ] Safepoint "Cleanup", Time since last: 3000291804 ns, Reaching safepoint: 114449 ns, At safepoint: 5650 ns, Total: 120099 ns
[2021-05-02T13:27:22.992+0000][7][safepoint   ] Safepoint "Cleanup", Time since last: 3000241314 ns, Reaching safepoint: 160760 ns, At safepoint: 6741 ns, Total: 167501 ns
[2021-05-02T13:27:24.992+0000][7][safepoint   ] Safepoint "Cleanup", Time since last: 2000428841 ns, Reaching safepoint: 176193 ns, At safepoint: 7642 ns, Total: 183835 ns
[2021-05-02T13:27:36.482+0000][7][gc,start    ] GC(42) Pause Young (Concurrent Start) (G1 Evacuation Pause)
[2021-05-02T13:27:36.482+0000][7][gc,task     ] GC(42) Using 6 workers of 8 for evacuation
[2021-05-02T13:27:36.482+0000][7][gc,age      ] GC(42) Desired survivor size 6291456 bytes, new threshold 15 (max threshold 15)
[2021-05-02T13:27:36.486+0000][7][gc,age      ] GC(42) Age table with threshold 15 (max threshold 15)
[2021-05-02T13:27:36.486+0000][7][gc,age      ] GC(42) - age   1:     682384 bytes,     682384 total
[2021-05-02T13:27:36.486+0000][7][gc,age      ] GC(42) - age   2:     267976 bytes,     950360 total
[2021-05-02T13:27:36.486+0000][7][gc,age      ] GC(42) - age   3:      26416 bytes,     976776 total
[2021-05-02T13:27:36.486+0000][7][gc,age      ] GC(42) - age   4:     699056 bytes,    1675832 total
[2021-05-02T13:27:36.486+0000][7][gc,age      ] GC(42) - age   5:     790720 bytes,    2466552 total
[2021-05-02T13:27:36.486+0000][7][gc,age      ] GC(42) - age   6:      25360 bytes,    2491912 total
[2021-05-02T13:27:36.486+0000][7][gc,age      ] GC(42) - age   7:     681424 bytes,    3173336 total
[2021-05-02T13:27:36.486+0000][7][gc,phases   ] GC(42)   Pre Evacuate Collection Set: 0.1ms
[2021-05-02T13:27:36.486+0000][7][gc,phases   ] GC(42)   Merge Heap Roots: 0.0ms
[2021-05-02T13:27:36.486+0000][7][gc,phases   ] GC(42)   Evacuate Collection Set: 3.1ms
[2021-05-02T13:27:36.486+0000][7][gc,phases   ] GC(42)   Post Evacuate Collection Set: 0.6ms
[2021-05-02T13:27:36.486+0000][7][gc,phases   ] GC(42)   Other: 0.2ms
[2021-05-02T13:27:36.486+0000][7][gc,heap     ] GC(42) Eden regions: 22->0(22)
[2021-05-02T13:27:36.486+0000][7][gc,heap     ] GC(42) Survivor regions: 1->1(3)
[2021-05-02T13:27:36.486+0000][7][gc,heap     ] GC(42) Old regions: 25->25
[2021-05-02T13:27:36.486+0000][7][gc,heap     ] GC(42) Archive regions: 2->2
[2021-05-02T13:27:36.486+0000][7][gc,heap     ] GC(42) Humongous regions: 2->2
[2021-05-02T13:27:36.486+0000][7][gc,metaspace] GC(42) Metaspace: 104972K(109520K)->104972K(109520K) NonClass: 91105K(94364K)->91105K(94364K) Class: 13867K(15156K)->13867K(15156K)
[2021-05-02T13:27:36.486+0000][7][gc          ] GC(42) Pause Young (Concurrent Start) (G1 Evacuation Pause) 202M->114M(256M) 4.135ms
[2021-05-02T13:27:36.486+0000][7][gc,cpu      ] GC(42) User=0.02s Sys=0.00s Real=0.00s
[2021-05-02T13:27:36.486+0000][7][gc          ] GC(43) Concurrent Cycle
[2021-05-02T13:27:36.486+0000][7][gc,marking  ] GC(43) Concurrent Clear Claimed Marks
[2021-05-02T13:27:36.486+0000][7][safepoint   ] Safepoint "G1CollectForAllocation", Time since last: 11489179181 ns, Reaching safepoint: 122986 ns, At safepoint: 4205538 ns, Total: 4328524 ns
[2021-05-02T13:27:36.486+0000][7][gc,marking  ] GC(43) Concurrent Clear Claimed Marks 0.075ms
[2021-05-02T13:27:36.486+0000][7][gc,marking  ] GC(43) Concurrent Scan Root Regions
[2021-05-02T13:27:36.489+0000][7][gc,marking  ] GC(43) Concurrent Scan Root Regions 2.818ms
[2021-05-02T13:27:36.489+0000][7][gc,marking  ] GC(43) Concurrent Mark (737.309s)
[2021-05-02T13:27:36.489+0000][7][gc,marking  ] GC(43) Concurrent Mark From Roots
[2021-05-02T13:27:36.489+0000][7][gc,task     ] GC(43) Using 2 workers of 2 for marking
[2021-05-02T13:27:36.576+0000][7][gc,marking  ] GC(43) Concurrent Mark From Roots 87.018ms
[2021-05-02T13:27:36.576+0000][7][gc,marking  ] GC(43) Concurrent Preclean
[2021-05-02T13:27:36.576+0000][7][gc,marking  ] GC(43) Concurrent Preclean 0.274ms
[2021-05-02T13:27:36.576+0000][7][gc,marking  ] GC(43) Concurrent Mark (737.309s, 737.396s) 87.353ms
[2021-05-02T13:27:36.577+0000][7][gc,start    ] GC(43) Pause Remark
[2021-05-02T13:27:36.600+0000][7][gc          ] GC(43) Pause Remark 114M->114M(256M) 23.128ms
[2021-05-02T13:27:36.600+0000][7][gc,cpu      ] GC(43) User=0.02s Sys=0.01s Real=0.03s
[2021-05-02T13:27:36.600+0000][7][safepoint   ] Safepoint "G1Concurrent", Time since last: 90358973 ns, Reaching safepoint: 171715 ns, At safepoint: 23221211 ns, Total: 23392926 ns
[2021-05-02T13:27:36.601+0000][7][gc,marking  ] GC(43) Concurrent Rebuild Remembered Sets
[2021-05-02T13:27:36.661+0000][7][gc,marking  ] GC(43) Concurrent Rebuild Remembered Sets 59.434ms
[2021-05-02T13:27:36.661+0000][7][gc,start    ] GC(43) Pause Cleanup
[2021-05-02T13:27:36.661+0000][7][gc          ] GC(43) Pause Cleanup 114M->114M(256M) 0.127ms
[2021-05-02T13:27:36.661+0000][7][gc,cpu      ] GC(43) User=0.00s Sys=0.00s Real=0.00s
[2021-05-02T13:27:36.661+0000][7][safepoint   ] Safepoint "G1Concurrent", Time since last: 60989744 ns, Reaching safepoint: 134497 ns, At safepoint: 169186 ns, Total: 303683 ns
[2021-05-02T13:27:36.661+0000][7][gc,marking  ] GC(43) Concurrent Cleanup for Next Mark
[2021-05-02T13:27:36.661+0000][7][gc,marking  ] GC(43) Concurrent Cleanup for Next Mark 0.180ms
[2021-05-02T13:27:36.661+0000][7][gc          ] GC(43) Concurrent Cycle 175.298ms
[2021-05-02T13:27:37.661+0000][7][safepoint   ] Safepoint "Cleanup", Time since last: 1000249639 ns, Reaching safepoint: 150209 ns, At safepoint: 6497 ns, Total: 156706 ns
[2021-05-02T13:27:38.662+0000][7][safepoint   ] Safepoint "Cleanup", Time since last: 1000129397 ns, Reaching safepoint: 76538 ns, At safepoint: 5646 ns, Total: 82184 ns
[2021-05-02T13:27:43.662+0000][7][safepoint   ] Safepoint "Cleanup", Time since last: 5000430842 ns, Reaching safepoint: 156870 ns, At safepoint: 7863 ns, Total: 164733 ns
[2021-05-02T13:27:46.663+0000][7][safepoint   ] Safepoint "Cleanup", Time since last: 3000408915 ns, Reaching safepoint: 135050 ns, At safepoint: 9287 ns, Total: 144337 ns
[2021-05-02T13:27:55.664+0000][7][safepoint   ] Safepoint "Cleanup", Time since last: 9000887374 ns, Reaching safepoint: 197388 ns, At safepoint: 10850 ns, Total: 208238 ns
[2021-05-02T13:28:01.664+0000][7][safepoint   ] Safepoint "Cleanup", Time since last: 6000443787 ns, Reaching safepoint: 113238 ns, At safepoint: 6404 ns, Total: 119642 ns
[2021-05-02T13:28:05.665+0000][7][safepoint   ] Safepoint "Cleanup", Time since last: 4000367227 ns, Reaching safepoint: 97270 ns, At safepoint: 7213 ns, Total: 104483 ns
[2021-05-02T13:28:07.665+0000][7][safepoint   ] Safepoint "Cleanup", Time since last: 2000161077 ns, Reaching safepoint: 74854 ns, At safepoint: 6551 ns, Total: 81405 ns
[2021-05-02T13:28:09.665+0000][7][safepoint   ] Safepoint "Cleanup", Time since last: 2000171572 ns, Reaching safepoint: 80202 ns, At safepoint: 4063 ns, Total: 84265 ns
[2021-05-02T13:28:13.666+0000][7][safepoint   ] Safepoint "Cleanup", Time since last: 4000312947 ns, Reaching safepoint: 83630 ns, At safepoint: 5828 ns, Total: 89458 ns
[2021-05-02T13:28:15.667+0000][7][safepoint   ] Safepoint "Cleanup", Time since last: 2000589372 ns, Reaching safepoint: 127176 ns, At safepoint: 6538 ns, Total: 133714 ns
[2021-05-02T13:28:16.667+0000][7][safepoint   ] Safepoint "Cleanup", Time since last: 1000095930 ns, Reaching safepoint: 108644 ns, At safepoint: 8092 ns, Total: 116736 ns
[2021-05-02T13:28:20.667+0000][7][safepoint   ] Safepoint "Cleanup", Time since last: 4000429607 ns, Reaching safepoint: 70799 ns, At safepoint: 3738 ns, Total: 74537 ns
[2021-05-02T13:28:22.668+0000][7][safepoint   ] Safepoint "Cleanup", Time since last: 2000182345 ns, Reaching safepoint: 108090 ns, At safepoint: 6764 ns, Total: 114854 ns
[2021-05-02T13:28:27.668+0000][7][safepoint   ] Safepoint "Cleanup", Time since last: 5000629793 ns, Reaching safepoint: 151450 ns, At safepoint: 5520 ns, Total: 156970 ns
[2021-05-02T13:28:30.669+0000][7][safepoint   ] Safepoint "Cleanup", Time since last: 3000499314 ns, Reaching safepoint: 128200 ns, At safepoint: 9163 ns, Total: 137363 ns
[2021-05-02T13:28:40.670+0000][7][safepoint   ] Safepoint "Cleanup", Time since last: 10000881536 ns, Reaching safepoint: 108372 ns, At safepoint: 5931 ns, Total: 114303 ns
[2021-05-02T13:28:42.670+0000][7][safepoint   ] Safepoint "Cleanup", Time since last: 2000166566 ns, Reaching safepoint: 88359 ns, At safepoint: 5068 ns, Total: 93427 ns
[2021-05-02T13:28:43.670+0000][7][safepoint   ] Safepoint "Cleanup", Time since last: 1000137353 ns, Reaching safepoint: 98807 ns, At safepoint: 6528 ns, Total: 105335 ns
[2021-05-02T13:28:46.671+0000][7][safepoint   ] Safepoint "Cleanup", Time since last: 3000352306 ns, Reaching safepoint: 175857 ns, At safepoint: 4115 ns, Total: 179972 ns
[2021-05-02T13:28:54.672+0000][7][safepoint   ] Safepoint "Cleanup", Time since last: 8000999000 ns, Reaching safepoint: 81872 ns, At safepoint: 3870 ns, Total: 85742 ns
[2021-05-02T13:28:55.672+0000][7][safepoint   ] Safepoint "Cleanup", Time since last: 1000118697 ns, Reaching safepoint: 80826 ns, At safepoint: 5231 ns, Total: 86057 ns
[2021-05-02T13:29:05.674+0000][7][safepoint   ] Safepoint "Cleanup", Time since last: 10001982494 ns, Reaching safepoint: 133104 ns, At safepoint: 5502 ns, Total: 138606 ns
[2021-05-02T13:29:13.676+0000][7][safepoint   ] Safepoint "Cleanup", Time since last: 8001102122 ns, Reaching safepoint: 140375 ns, At safepoint: 9286 ns, Total: 149661 ns
[2021-05-02T13:29:15.676+0000][7][safepoint   ] Safepoint "Cleanup", Time since last: 2000386745 ns, Reaching safepoint: 71839 ns, At safepoint: 5039 ns, Total: 76878 ns
[2021-05-02T13:29:16.676+0000][7][safepoint   ] Safepoint "Cleanup", Time since last: 1000092737 ns, Reaching safepoint: 85195 ns, At safepoint: 5143 ns, Total: 90338 ns
[2021-05-02T13:29:19.677+0000][7][safepoint   ] Safepoint "Cleanup", Time since last: 3000556030 ns, Reaching safepoint: 94117 ns, At safepoint: 6388 ns, Total: 100505 ns
[2021-05-02T13:29:35.678+0000][7][safepoint   ] Safepoint "Cleanup", Time since last: 16001275475 ns, Reaching safepoint: 152723 ns, At safepoint: 7132 ns, Total: 159855 ns
[2021-05-02T13:29:36.679+0000][7][safepoint   ] Safepoint "Cleanup", Time since last: 1000107209 ns, Reaching safepoint: 198091 ns, At safepoint: 9905 ns, Total: 207996 ns
[2021-05-02T13:29:37.679+0000][7][safepoint   ] Safepoint "Cleanup", Time since last: 1000106699 ns, Reaching safepoint: 101177 ns, At safepoint: 4482 ns, Total: 105659 ns
[2021-05-02T13:29:39.679+0000][7][safepoint   ] Safepoint "Cleanup", Time since last: 2000264203 ns, Reaching safepoint: 77702 ns, At safepoint: 5143 ns, Total: 82845 ns
[2021-05-02T13:29:40.679+0000][7][safepoint   ] Safepoint "Cleanup", Time since last: 1000086240 ns, Reaching safepoint: 92543 ns, At safepoint: 6508 ns, Total: 99051 ns
[2021-05-02T13:29:43.680+0000][7][safepoint   ] Safepoint "Cleanup", Time since last: 3000235795 ns, Reaching safepoint: 125251 ns, At safepoint: 9451 ns, Total: 134702 ns
[2021-05-02T13:29:46.680+0000][7][safepoint   ] Safepoint "Cleanup", Time since last: 3000303461 ns, Reaching safepoint: 92523 ns, At safepoint: 4604 ns, Total: 97127 ns
[2021-05-02T13:29:48.873+0000][7][gc,start    ] GC(44) Pause Young (Normal) (G1 Evacuation Pause)
[2021-05-02T13:29:48.873+0000][7][gc,task     ] GC(44) Using 6 workers of 8 for evacuation
[2021-05-02T13:29:48.873+0000][7][gc,age      ] GC(44) Desired survivor size 6291456 bytes, new threshold 15 (max threshold 15)
[2021-05-02T13:29:48.878+0000][7][gc,age      ] GC(44) Age table with threshold 15 (max threshold 15)
[2021-05-02T13:29:48.878+0000][7][gc,age      ] GC(44) - age   1:     519888 bytes,     519888 total
[2021-05-02T13:29:48.878+0000][7][gc,age      ] GC(44) - age   2:     151984 bytes,     671872 total
[2021-05-02T13:29:48.878+0000][7][gc,age      ] GC(44) - age   3:     181976 bytes,     853848 total
[2021-05-02T13:29:48.878+0000][7][gc,age      ] GC(44) - age   4:      26320 bytes,     880168 total
[2021-05-02T13:29:48.878+0000][7][gc,age      ] GC(44) - age   5:     698816 bytes,    1578984 total
[2021-05-02T13:29:48.878+0000][7][gc,age      ] GC(44) - age   6:     790720 bytes,    2369704 total
[2021-05-02T13:29:48.878+0000][7][gc,age      ] GC(44) - age   7:      25360 bytes,    2395064 total
[2021-05-02T13:29:48.878+0000][7][gc,age      ] GC(44) - age   8:     681408 bytes,    3076472 total
[2021-05-02T13:29:48.878+0000][7][gc,phases   ] GC(44)   Pre Evacuate Collection Set: 0.1ms
[2021-05-02T13:29:48.878+0000][7][gc,phases   ] GC(44)   Merge Heap Roots: 0.1ms
[2021-05-02T13:29:48.878+0000][7][gc,phases   ] GC(44)   Evacuate Collection Set: 3.9ms
[2021-05-02T13:29:48.878+0000][7][gc,phases   ] GC(44)   Post Evacuate Collection Set: 0.7ms
[2021-05-02T13:29:48.878+0000][7][gc,phases   ] GC(44)   Other: 0.2ms
[2021-05-02T13:29:48.878+0000][7][gc,heap     ] GC(44) Eden regions: 22->0(22)
[2021-05-02T13:29:48.878+0000][7][gc,heap     ] GC(44) Survivor regions: 1->1(3)
[2021-05-02T13:29:48.878+0000][7][gc,heap     ] GC(44) Old regions: 25->25
[2021-05-02T13:29:48.878+0000][7][gc,heap     ] GC(44) Archive regions: 2->2
[2021-05-02T13:29:48.878+0000][7][gc,heap     ] GC(44) Humongous regions: 2->2
[2021-05-02T13:29:48.878+0000][7][gc,metaspace] GC(44) Metaspace: 105117K(109776K)->105117K(109776K) NonClass: 91250K(94620K)->91250K(94620K) Class: 13867K(15156K)->13867K(15156K)
[2021-05-02T13:29:48.878+0000][7][gc          ] GC(44) Pause Young (Normal) (G1 Evacuation Pause) 202M->114M(256M) 4.940ms
[2021-05-02T13:29:48.878+0000][7][gc,cpu      ] GC(44) User=0.01s Sys=0.00s Real=0.00s
[2021-05-02T13:29:48.878+0000][7][safepoint   ] Safepoint "G1CollectForAllocation", Time since last: 2192351343 ns, Reaching safepoint: 134222 ns, At safepoint: 5023351 ns, Total: 5157573 ns
[2021-05-02T13:29:55.879+0000][7][safepoint   ] Safepoint "Cleanup", Time since last: 7000875321 ns, Reaching safepoint: 105403 ns, At safepoint: 5504 ns, Total: 110907 ns
[2021-05-02T13:30:07.880+0000][7][safepoint   ] Safepoint "Cleanup", Time since last: 12001632032 ns, Reaching safepoint: 100808 ns, At safepoint: 5508 ns, Total: 106316 ns
[2021-05-02T13:30:09.881+0000][7][safepoint   ] Safepoint "Cleanup", Time since last: 2000321910 ns, Reaching safepoint: 136359 ns, At safepoint: 7377 ns, Total: 143736 ns
[2021-05-02T13:30:11.881+0000][7][safepoint   ] Safepoint "Cleanup", Time since last: 2000170341 ns, Reaching safepoint: 111652 ns, At safepoint: 6734 ns, Total: 118386 ns
[2021-05-02T13:30:13.882+0000][7][safepoint   ] Safepoint "Cleanup", Time since last: 2000230518 ns, Reaching safepoint: 121254 ns, At safepoint: 6411 ns, Total: 127665 ns
[2021-05-02T13:30:15.882+0000][7][safepoint   ] Safepoint "Cleanup", Time since last: 2000281429 ns, Reaching safepoint: 118507 ns, At safepoint: 6456 ns, Total: 124963 ns
[2021-05-02T13:30:16.882+0000][7][safepoint   ] Safepoint "Cleanup", Time since last: 1000300336 ns, Reaching safepoint: 102833 ns, At safepoint: 6509 ns, Total: 109342 ns
[2021-05-02T13:30:25.883+0000][7][safepoint   ] Safepoint "Cleanup", Time since last: 9000904941 ns, Reaching safepoint: 101627 ns, At safepoint: 7526 ns, Total: 109153 ns
[2021-05-02T13:30:36.885+0000][7][safepoint   ] Safepoint "Cleanup", Time since last: 11001198759 ns, Reaching safepoint: 100451 ns, At safepoint: 7713 ns, Total: 108164 ns
[2021-05-02T13:30:39.885+0000][7][safepoint   ] Safepoint "Cleanup", Time since last: 3000397128 ns, Reaching safepoint: 103002 ns, At safepoint: 5307 ns, Total: 108309 ns
[2021-05-02T13:30:40.885+0000][7][safepoint   ] Safepoint "Cleanup", Time since last: 1000112676 ns, Reaching safepoint: 104579 ns, At safepoint: 6450 ns, Total: 111029 ns
[2021-05-02T13:30:43.886+0000][7][safepoint   ] Safepoint "Cleanup", Time since last: 3000224822 ns, Reaching safepoint: 173501 ns, At safepoint: 6445 ns, Total: 179946 ns
[2021-05-02T13:30:46.887+0000][7][safepoint   ] Safepoint "Cleanup", Time since last: 3000680300 ns, Reaching safepoint: 85079 ns, At safepoint: 6297 ns, Total: 91376 ns
[2021-05-02T13:30:50.887+0000][7][safepoint   ] Safepoint "Cleanup", Time since last: 4000724626 ns, Reaching safepoint: 77695 ns, At safepoint: 5903 ns, Total: 83598 ns
[2021-05-02T13:30:52.888+0000][7][safepoint   ] Safepoint "Cleanup", Time since last: 2000192254 ns, Reaching safepoint: 100952 ns, At safepoint: 5853 ns, Total: 106805 ns
[2021-05-02T13:30:55.888+0000][7][safepoint   ] Safepoint "Cleanup", Time since last: 3000290378 ns, Reaching safepoint: 81754 ns, At safepoint: 3595 ns, Total: 85349 ns
[2021-05-02T13:31:04.889+0000][7][safepoint   ] Safepoint "Cleanup", Time since last: 9001111837 ns, Reaching safepoint: 167752 ns, At safepoint: 6159 ns, Total: 173911 ns
[2021-05-02T13:31:05.890+0000][7][safepoint   ] Safepoint "Cleanup", Time since last: 1000140223 ns, Reaching safepoint: 131256 ns, At safepoint: 9003 ns, Total: 140259 ns
[2021-05-02T13:31:13.891+0000][7][safepoint   ] Safepoint "Cleanup", Time since last: 8000868728 ns, Reaching safepoint: 75640 ns, At safepoint: 5440 ns, Total: 81080 ns
[2021-05-02T13:31:16.891+0000][7][safepoint   ] Safepoint "Cleanup", Time since last: 3000438881 ns, Reaching safepoint: 77280 ns, At safepoint: 6140 ns, Total: 83420 ns
[2021-05-02T13:31:37.893+0000][7][safepoint   ] Safepoint "Cleanup", Time since last: 21001954147 ns, Reaching safepoint: 100102 ns, At safepoint: 6298 ns, Total: 106400 ns
[2021-05-02T13:31:39.894+0000][7][safepoint   ] Safepoint "Cleanup", Time since last: 2000363677 ns, Reaching safepoint: 161284 ns, At safepoint: 6882 ns, Total: 168166 ns
[2021-05-02T13:31:42.894+0000][7][safepoint   ] Safepoint "Cleanup", Time since last: 3000410304 ns, Reaching safepoint: 97057 ns, At safepoint: 6551 ns, Total: 103608 ns
[2021-05-02T13:31:43.895+0000][7][safepoint   ] Safepoint "Cleanup", Time since last: 1000359322 ns, Reaching safepoint: 100082 ns, At safepoint: 5810 ns, Total: 105892 ns
[2021-05-02T13:31:45.895+0000][7][safepoint   ] Safepoint "Cleanup", Time since last: 2000479141 ns, Reaching safepoint: 99132 ns, At safepoint: 4587 ns, Total: 103719 ns
[2021-05-02T13:31:46.896+0000][7][safepoint   ] Safepoint "Cleanup", Time since last: 1000247104 ns, Reaching safepoint: 118457 ns, At safepoint: 6279 ns, Total: 124736 ns
[2021-05-02T13:31:55.897+0000][7][safepoint   ] Safepoint "Cleanup", Time since last: 9001637791 ns, Reaching safepoint: 99627 ns, At safepoint: 7584 ns, Total: 107211 ns
[2021-05-02T13:32:00.003+0000][7][gc,start    ] GC(45) Pause Young (Concurrent Start) (G1 Evacuation Pause)
[2021-05-02T13:32:00.003+0000][7][gc,task     ] GC(45) Using 6 workers of 8 for evacuation
[2021-05-02T13:32:00.003+0000][7][gc,age      ] GC(45) Desired survivor size 6291456 bytes, new threshold 15 (max threshold 15)
[2021-05-02T13:32:00.007+0000][7][gc,age      ] GC(45) Age table with threshold 15 (max threshold 15)
[2021-05-02T13:32:00.007+0000][7][gc,age      ] GC(45) - age   1:     543008 bytes,     543008 total
[2021-05-02T13:32:00.007+0000][7][gc,age      ] GC(45) - age   2:      10616 bytes,     553624 total
[2021-05-02T13:32:00.007+0000][7][gc,age      ] GC(45) - age   3:     150512 bytes,     704136 total
[2021-05-02T13:32:00.007+0000][7][gc,age      ] GC(45) - age   4:      91984 bytes,     796120 total
[2021-05-02T13:32:00.007+0000][7][gc,age      ] GC(45) - age   5:      26320 bytes,     822440 total
[2021-05-02T13:32:00.007+0000][7][gc,age      ] GC(45) - age   6:     698816 bytes,    1521256 total
[2021-05-02T13:32:00.007+0000][7][gc,age      ] GC(45) - age   7:     790720 bytes,    2311976 total
[2021-05-02T13:32:00.007+0000][7][gc,age      ] GC(45) - age   8:      25360 bytes,    2337336 total
[2021-05-02T13:32:00.007+0000][7][gc,age      ] GC(45) - age   9:     681408 bytes,    3018744 total
[2021-05-02T13:32:00.007+0000][7][gc,phases   ] GC(45)   Pre Evacuate Collection Set: 0.1ms
[2021-05-02T13:32:00.007+0000][7][gc,phases   ] GC(45)   Merge Heap Roots: 0.0ms
[2021-05-02T13:32:00.007+0000][7][gc,phases   ] GC(45)   Evacuate Collection Set: 3.3ms
[2021-05-02T13:32:00.007+0000][7][gc,phases   ] GC(45)   Post Evacuate Collection Set: 0.6ms
[2021-05-02T13:32:00.007+0000][7][gc,phases   ] GC(45)   Other: 0.3ms
[2021-05-02T13:32:00.007+0000][7][gc,heap     ] GC(45) Eden regions: 22->0(22)
[2021-05-02T13:32:00.007+0000][7][gc,heap     ] GC(45) Survivor regions: 1->1(3)
[2021-05-02T13:32:00.007+0000][7][gc,heap     ] GC(45) Old regions: 25->25
[2021-05-02T13:32:00.007+0000][7][gc,heap     ] GC(45) Archive regions: 2->2
[2021-05-02T13:32:00.007+0000][7][gc,heap     ] GC(45) Humongous regions: 2->2
[2021-05-02T13:32:00.007+0000][7][gc,metaspace] GC(45) Metaspace: 105322K(110032K)->105322K(110032K) NonClass: 91452K(94876K)->91452K(94876K) Class: 13869K(15156K)->13869K(15156K)
[2021-05-02T13:32:00.007+0000][7][gc          ] GC(45) Pause Young (Concurrent Start) (G1 Evacuation Pause) 202M->114M(256M) 4.340ms
[2021-05-02T13:32:00.007+0000][7][gc,cpu      ] GC(45) User=0.01s Sys=0.00s Real=0.00s
[2021-05-02T13:32:00.007+0000][7][gc          ] GC(46) Concurrent Cycle
[2021-05-02T13:32:00.007+0000][7][safepoint   ] Safepoint "G1CollectForAllocation", Time since last: 4104988818 ns, Reaching safepoint: 94346 ns, At safepoint: 4417499 ns, Total: 4511845 ns
[2021-05-02T13:32:00.007+0000][7][gc,marking  ] GC(46) Concurrent Clear Claimed Marks
[2021-05-02T13:32:00.007+0000][7][gc,marking  ] GC(46) Concurrent Clear Claimed Marks 0.091ms
[2021-05-02T13:32:00.007+0000][7][gc,marking  ] GC(46) Concurrent Scan Root Regions
[2021-05-02T13:32:00.010+0000][7][gc,marking  ] GC(46) Concurrent Scan Root Regions 3.074ms
[2021-05-02T13:32:00.010+0000][7][gc,marking  ] GC(46) Concurrent Mark (1000.830s)
[2021-05-02T13:32:00.010+0000][7][gc,marking  ] GC(46) Concurrent Mark From Roots
[2021-05-02T13:32:00.010+0000][7][gc,task     ] GC(46) Using 2 workers of 2 for marking
[2021-05-02T13:32:00.094+0000][7][gc,marking  ] GC(46) Concurrent Mark From Roots 83.678ms
[2021-05-02T13:32:00.094+0000][7][gc,marking  ] GC(46) Concurrent Preclean
[2021-05-02T13:32:00.094+0000][7][gc,marking  ] GC(46) Concurrent Preclean 0.192ms
[2021-05-02T13:32:00.094+0000][7][gc,marking  ] GC(46) Concurrent Mark (1000.830s, 1000.914s) 83.919ms
[2021-05-02T13:32:00.094+0000][7][gc,start    ] GC(46) Pause Remark
[2021-05-02T13:32:00.100+0000][7][gc          ] GC(46) Pause Remark 114M->114M(256M) 5.390ms
[2021-05-02T13:32:00.100+0000][7][gc,cpu      ] GC(46) User=0.03s Sys=0.00s Real=0.01s
[2021-05-02T13:32:00.100+0000][7][safepoint   ] Safepoint "G1Concurrent", Time since last: 87169302 ns, Reaching safepoint: 74397 ns, At safepoint: 5466479 ns, Total: 5540876 ns
[2021-05-02T13:32:00.100+0000][7][gc,marking  ] GC(46) Concurrent Rebuild Remembered Sets
[2021-05-02T13:32:00.156+0000][7][gc,marking  ] GC(46) Concurrent Rebuild Remembered Sets 56.582ms
[2021-05-02T13:32:00.156+0000][7][gc,start    ] GC(46) Pause Cleanup
[2021-05-02T13:32:00.156+0000][7][gc          ] GC(46) Pause Cleanup 114M->114M(256M) 0.070ms
[2021-05-02T13:32:00.156+0000][7][gc,cpu      ] GC(46) User=0.00s Sys=0.00s Real=0.00s
[2021-05-02T13:32:00.157+0000][7][safepoint   ] Safepoint "G1Concurrent", Time since last: 56672153 ns, Reaching safepoint: 77192 ns, At safepoint: 112195 ns, Total: 189387 ns
[2021-05-02T13:32:00.157+0000][7][gc,marking  ] GC(46) Concurrent Cleanup for Next Mark
[2021-05-02T13:32:00.157+0000][7][gc,marking  ] GC(46) Concurrent Cleanup for Next Mark 0.213ms
[2021-05-02T13:32:00.157+0000][7][gc          ] GC(46) Concurrent Cycle 149.890ms
[2021-05-02T13:32:05.157+0000][7][safepoint   ] Safepoint "Cleanup", Time since last: 5000728913 ns, Reaching safepoint: 95862 ns, At safepoint: 5511 ns, Total: 101373 ns
[2021-05-02T13:32:10.158+0000][7][safepoint   ] Safepoint "Cleanup", Time since last: 5000741263 ns, Reaching safepoint: 143839 ns, At safepoint: 4472 ns, Total: 148311 ns
[2021-05-02T13:32:12.159+0000][7][safepoint   ] Safepoint "Cleanup", Time since last: 2000398338 ns, Reaching safepoint: 128470 ns, At safepoint: 5140 ns, Total: 133610 ns
[2021-05-02T13:32:16.981+0000][7][safepoint   ] Safepoint "Cleanup", Time since last: 4821833246 ns, Reaching safepoint: 120690 ns, At safepoint: 9255 ns, Total: 129945 ns
[2021-05-02T13:32:17.981+0000][7][safepoint   ] Safepoint "Cleanup", Time since last: 1000174550 ns, Reaching safepoint: 95351 ns, At safepoint: 6837 ns, Total: 102188 ns
[2021-05-02T13:32:20.982+0000][7][safepoint   ] Safepoint "Cleanup", Time since last: 3000409166 ns, Reaching safepoint: 109581 ns, At safepoint: 6567 ns, Total: 116148 ns
[2021-05-02T13:32:36.984+0000][7][safepoint   ] Safepoint "Cleanup", Time since last: 16002099910 ns, Reaching safepoint: 92353 ns, At safepoint: 5309 ns, Total: 97662 ns
[2021-05-02T13:32:43.985+0000][7][safepoint   ] Safepoint "Cleanup", Time since last: 7000915108 ns, Reaching safepoint: 79578 ns, At safepoint: 5261 ns, Total: 84839 ns
[2021-05-02T13:32:45.985+0000][7][safepoint   ] Safepoint "Cleanup", Time since last: 2000479649 ns, Reaching safepoint: 134345 ns, At safepoint: 4091 ns, Total: 138436 ns
[2021-05-02T13:32:46.986+0000][7][safepoint   ] Safepoint "Cleanup", Time since last: 1000247172 ns, Reaching safepoint: 111782 ns, At safepoint: 5179 ns, Total: 116961 ns
[2021-05-02T13:32:48.986+0000][7][safepoint   ] Safepoint "Cleanup", Time since last: 2000652685 ns, Reaching safepoint: 93947 ns, At safepoint: 3890 ns, Total: 97837 ns
[2021-05-02T13:32:52.987+0000][7][safepoint   ] Safepoint "Cleanup", Time since last: 4000566941 ns, Reaching safepoint: 76114 ns, At safepoint: 6181 ns, Total: 82295 ns
[2021-05-02T13:33:05.989+0000][7][safepoint   ] Safepoint "Cleanup", Time since last: 13001318243 ns, Reaching safepoint: 71771 ns, At safepoint: 6280 ns, Total: 78051 ns
[2021-05-02T13:33:13.989+0000][7][safepoint   ] Safepoint "Cleanup", Time since last: 8000717314 ns, Reaching safepoint: 68711 ns, At safepoint: 5916 ns, Total: 74627 ns
[2021-05-02T13:33:15.990+0000][7][safepoint   ] Safepoint "Cleanup", Time since last: 2000200032 ns, Reaching safepoint: 77005 ns, At safepoint: 5340 ns, Total: 82345 ns
[2021-05-02T13:33:16.990+0000][7][safepoint   ] Safepoint "Cleanup", Time since last: 1000097262 ns, Reaching safepoint: 80421 ns, At safepoint: 5349 ns, Total: 85770 ns
[2021-05-02T13:33:40.993+0000][7][safepoint   ] Safepoint "Cleanup", Time since last: 24002807346 ns, Reaching safepoint: 95784 ns, At safepoint: 6755 ns, Total: 102539 ns
[2021-05-02T13:33:43.993+0000][7][safepoint   ] Safepoint "Cleanup", Time since last: 3000634138 ns, Reaching safepoint: 143648 ns, At safepoint: 4619 ns, Total: 148267 ns
[2021-05-02T13:33:46.994+0000][7][safepoint   ] Safepoint "Cleanup", Time since last: 3000391042 ns, Reaching safepoint: 138091 ns, At safepoint: 11363 ns, Total: 149454 ns
[2021-05-02T13:34:00.996+0000][7][safepoint   ] Safepoint "Cleanup", Time since last: 14001745376 ns, Reaching safepoint: 128110 ns, At safepoint: 19347 ns, Total: 147457 ns
[2021-05-02T13:34:13.997+0000][7][safepoint   ] Safepoint "Cleanup", Time since last: 13001180678 ns, Reaching safepoint: 98234 ns, At safepoint: 4779 ns, Total: 103013 ns
[2021-05-02T13:34:15.998+0000][7][safepoint   ] Safepoint "Cleanup", Time since last: 2000396447 ns, Reaching safepoint: 152578 ns, At safepoint: 4503 ns, Total: 157081 ns
[2021-05-02T13:34:16.153+0000][7][gc,start    ] GC(47) Pause Young (Normal) (G1 Evacuation Pause)
[2021-05-02T13:34:16.153+0000][7][gc,task     ] GC(47) Using 6 workers of 8 for evacuation
[2021-05-02T13:34:16.153+0000][7][gc,age      ] GC(47) Desired survivor size 6291456 bytes, new threshold 15 (max threshold 15)
[2021-05-02T13:34:16.157+0000][7][gc,age      ] GC(47) Age table with threshold 15 (max threshold 15)
[2021-05-02T13:34:16.157+0000][7][gc,age      ] GC(47) - age   1:     563448 bytes,     563448 total
[2021-05-02T13:34:16.157+0000][7][gc,age      ] GC(47) - age   2:      13328 bytes,     576776 total
[2021-05-02T13:34:16.157+0000][7][gc,age      ] GC(47) - age   3:      10464 bytes,     587240 total
[2021-05-02T13:34:16.157+0000][7][gc,age      ] GC(47) - age   4:     150488 bytes,     737728 total
[2021-05-02T13:34:16.157+0000][7][gc,age      ] GC(47) - age   5:      91792 bytes,     829520 total
[2021-05-02T13:34:16.157+0000][7][gc,age      ] GC(47) - age   6:      26320 bytes,     855840 total
[2021-05-02T13:34:16.157+0000][7][gc,age      ] GC(47) - age   7:     698816 bytes,    1554656 total
[2021-05-02T13:34:16.157+0000][7][gc,age      ] GC(47) - age   8:     790720 bytes,    2345376 total
[2021-05-02T13:34:16.157+0000][7][gc,age      ] GC(47) - age   9:      25360 bytes,    2370736 total
[2021-05-02T13:34:16.157+0000][7][gc,age      ] GC(47) - age  10:     681408 bytes,    3052144 total
[2021-05-02T13:34:16.157+0000][7][gc,phases   ] GC(47)   Pre Evacuate Collection Set: 0.0ms
[2021-05-02T13:34:16.157+0000][7][gc,phases   ] GC(47)   Merge Heap Roots: 0.1ms
[2021-05-02T13:34:16.157+0000][7][gc,phases   ] GC(47)   Evacuate Collection Set: 3.2ms
[2021-05-02T13:34:16.157+0000][7][gc,phases   ] GC(47)   Post Evacuate Collection Set: 0.6ms
[2021-05-02T13:34:16.157+0000][7][gc,phases   ] GC(47)   Other: 0.2ms
[2021-05-02T13:34:16.157+0000][7][gc,heap     ] GC(47) Eden regions: 22->0(23)
[2021-05-02T13:34:16.157+0000][7][gc,heap     ] GC(47) Survivor regions: 1->1(3)
[2021-05-02T13:34:16.157+0000][7][gc,heap     ] GC(47) Old regions: 25->25
[2021-05-02T13:34:16.157+0000][7][gc,heap     ] GC(47) Archive regions: 2->2
[2021-05-02T13:34:16.157+0000][7][gc,heap     ] GC(47) Humongous regions: 2->2
[2021-05-02T13:34:16.157+0000][7][gc,metaspace] GC(47) Metaspace: 105418K(110032K)->105418K(110032K) NonClass: 91548K(94876K)->91548K(94876K) Class: 13869K(15156K)->13869K(15156K)
[2021-05-02T13:34:16.157+0000][7][gc          ] GC(47) Pause Young (Normal) (G1 Evacuation Pause) 202M->114M(256M) 4.280ms
[2021-05-02T13:34:16.157+0000][7][gc,cpu      ] GC(47) User=0.02s Sys=0.00s Real=0.00s
[2021-05-02T13:34:16.157+0000][7][safepoint   ] Safepoint "G1CollectForAllocation", Time since last: 154729607 ns, Reaching safepoint: 198899 ns, At safepoint: 4347941 ns, Total: 4546840 ns
[2021-05-02T13:34:18.157+0000][7][safepoint   ] Safepoint "Cleanup", Time since last: 2000333620 ns, Reaching safepoint: 82808 ns, At safepoint: 7284 ns, Total: 90092 ns
[2021-05-02T13:34:23.158+0000][7][safepoint   ] Safepoint "Cleanup", Time since last: 5000668720 ns, Reaching safepoint: 100232 ns, At safepoint: 5389 ns, Total: 105621 ns
[2021-05-02T13:34:25.158+0000][7][safepoint   ] Safepoint "Cleanup", Time since last: 2000179900 ns, Reaching safepoint: 78073 ns, At safepoint: 5415 ns, Total: 83488 ns
[2021-05-02T13:34:38.160+0000][7][safepoint   ] Safepoint "Cleanup", Time since last: 13001283464 ns, Reaching safepoint: 79606 ns, At safepoint: 10352 ns, Total: 89958 ns
[2021-05-02T13:34:40.160+0000][7][safepoint   ] Safepoint "Cleanup", Time since last: 2000298439 ns, Reaching safepoint: 211993 ns, At safepoint: 10311 ns, Total: 222304 ns
[2021-05-02T13:34:41.161+0000][7][safepoint   ] Safepoint "Cleanup", Time since last: 1000109313 ns, Reaching safepoint: 99130 ns, At safepoint: 4211 ns, Total: 103341 ns
[2021-05-02T13:34:43.161+0000][7][safepoint   ] Safepoint "Cleanup", Time since last: 2000313070 ns, Reaching safepoint: 104319 ns, At safepoint: 7241 ns, Total: 111560 ns
[2021-05-02T13:35:08.164+0000][7][safepoint   ] Safepoint "Cleanup", Time since last: 25002778996 ns, Reaching safepoint: 92539 ns, At safepoint: 5738 ns, Total: 98277 ns
[2021-05-02T13:35:11.164+0000][7][safepoint   ] Safepoint "Cleanup", Time since last: 3000359973 ns, Reaching safepoint: 80628 ns, At safepoint: 6648 ns, Total: 87276 ns
[2021-05-02T13:35:15.165+0000][7][safepoint   ] Safepoint "Cleanup", Time since last: 4000446501 ns, Reaching safepoint: 80126 ns, At safepoint: 6430 ns, Total: 86556 ns
[2021-05-02T13:35:16.165+0000][7][safepoint   ] Safepoint "Cleanup", Time since last: 1000239721 ns, Reaching safepoint: 100577 ns, At safepoint: 5711 ns, Total: 106288 ns
[2021-05-02T13:35:26.167+0000][7][safepoint   ] Safepoint "Cleanup", Time since last: 10001480613 ns, Reaching safepoint: 173968 ns, At safepoint: 5521 ns, Total: 179489 ns
[2021-05-02T13:35:35.168+0000][7][safepoint   ] Safepoint "Cleanup", Time since last: 9000924266 ns, Reaching safepoint: 91373 ns, At safepoint: 5876 ns, Total: 97249 ns
[2021-05-02T13:35:37.168+0000][7][safepoint   ] Safepoint "Cleanup", Time since last: 2000245246 ns, Reaching safepoint: 94239 ns, At safepoint: 5444 ns, Total: 99683 ns
[2021-05-02T13:35:41.169+0000][7][safepoint   ] Safepoint "Cleanup", Time since last: 4000623417 ns, Reaching safepoint: 194521 ns, At safepoint: 9054 ns, Total: 203575 ns
[2021-05-02T13:35:43.170+0000][7][safepoint   ] Safepoint "Cleanup", Time since last: 2000626476 ns, Reaching safepoint: 137817 ns, At safepoint: 6337 ns, Total: 144154 ns
[2021-05-02T13:35:44.170+0000][7][safepoint   ] Safepoint "Cleanup", Time since last: 1000273423 ns, Reaching safepoint: 123572 ns, At safepoint: 6742 ns, Total: 130314 ns
[2021-05-02T13:35:46.171+0000][7][safepoint   ] Safepoint "Cleanup", Time since last: 2000488084 ns, Reaching safepoint: 120786 ns, At safepoint: 5803 ns, Total: 126589 ns
[2021-05-02T13:36:04.145+0000][7][gc,start    ] GC(48) Pause Young (Concurrent Start) (G1 Evacuation Pause)
[2021-05-02T13:36:04.145+0000][7][gc,task     ] GC(48) Using 6 workers of 8 for evacuation
[2021-05-02T13:36:04.145+0000][7][gc,age      ] GC(48) Desired survivor size 6291456 bytes, new threshold 15 (max threshold 15)
[2021-05-02T13:36:04.149+0000][7][gc,age      ] GC(48) Age table with threshold 15 (max threshold 15)
[2021-05-02T13:36:04.149+0000][7][gc,age      ] GC(48) - age   1:     798888 bytes,     798888 total
[2021-05-02T13:36:04.149+0000][7][gc,age      ] GC(48) - age   2:       3872 bytes,     802760 total
[2021-05-02T13:36:04.149+0000][7][gc,age      ] GC(48) - age   3:      10440 bytes,     813200 total
[2021-05-02T13:36:04.149+0000][7][gc,age      ] GC(48) - age   4:      10264 bytes,     823464 total
[2021-05-02T13:36:04.149+0000][7][gc,age      ] GC(48) - age   5:      38024 bytes,     861488 total
[2021-05-02T13:36:04.149+0000][7][gc,age      ] GC(48) - age   6:      59416 bytes,     920904 total
[2021-05-02T13:36:04.149+0000][7][gc,age      ] GC(48) - age   7:      26280 bytes,     947184 total
[2021-05-02T13:36:04.149+0000][7][gc,age      ] GC(48) - age   8:     698816 bytes,    1646000 total
[2021-05-02T13:36:04.149+0000][7][gc,age      ] GC(48) - age   9:     790720 bytes,    2436720 total
[2021-05-02T13:36:04.149+0000][7][gc,age      ] GC(48) - age  10:      25360 bytes,    2462080 total
[2021-05-02T13:36:04.149+0000][7][gc,age      ] GC(48) - age  11:     681408 bytes,    3143488 total
[2021-05-02T13:36:04.149+0000][7][gc,phases   ] GC(48)   Pre Evacuate Collection Set: 0.1ms
[2021-05-02T13:36:04.149+0000][7][gc,phases   ] GC(48)   Merge Heap Roots: 0.0ms
[2021-05-02T13:36:04.149+0000][7][gc,phases   ] GC(48)   Evacuate Collection Set: 3.4ms
[2021-05-02T13:36:04.149+0000][7][gc,phases   ] GC(48)   Post Evacuate Collection Set: 0.5ms
[2021-05-02T13:36:04.149+0000][7][gc,phases   ] GC(48)   Other: 0.2ms
[2021-05-02T13:36:04.149+0000][7][gc,heap     ] GC(48) Eden regions: 23->0(23)
[2021-05-02T13:36:04.149+0000][7][gc,heap     ] GC(48) Survivor regions: 1->1(3)
[2021-05-02T13:36:04.149+0000][7][gc,heap     ] GC(48) Old regions: 25->25
[2021-05-02T13:36:04.149+0000][7][gc,heap     ] GC(48) Archive regions: 2->2
[2021-05-02T13:36:04.149+0000][7][gc,heap     ] GC(48) Humongous regions: 2->2
[2021-05-02T13:36:04.149+0000][7][gc,metaspace] GC(48) Metaspace: 105660K(110288K)->105660K(110288K) NonClass: 91789K(95132K)->91789K(95132K) Class: 13870K(15156K)->13870K(15156K)
[2021-05-02T13:36:04.149+0000][7][gc          ] GC(48) Pause Young (Concurrent Start) (G1 Evacuation Pause) 206M->114M(256M) 4.396ms
[2021-05-02T13:36:04.149+0000][7][gc,cpu      ] GC(48) User=0.02s Sys=0.00s Real=0.01s
[2021-05-02T13:36:04.149+0000][7][gc          ] GC(49) Concurrent Cycle
[2021-05-02T13:36:04.149+0000][7][safepoint   ] Safepoint "G1CollectForAllocation", Time since last: 17973539565 ns, Reaching safepoint: 136347 ns, At safepoint: 4471901 ns, Total: 4608248 ns
[2021-05-02T13:36:04.149+0000][7][gc,marking  ] GC(49) Concurrent Clear Claimed Marks
[2021-05-02T13:36:04.149+0000][7][gc,marking  ] GC(49) Concurrent Clear Claimed Marks 0.068ms
[2021-05-02T13:36:04.149+0000][7][gc,marking  ] GC(49) Concurrent Scan Root Regions
[2021-05-02T13:36:04.152+0000][7][gc,marking  ] GC(49) Concurrent Scan Root Regions 2.753ms
[2021-05-02T13:36:04.152+0000][7][gc,marking  ] GC(49) Concurrent Mark (1244.972s)
[2021-05-02T13:36:04.152+0000][7][gc,marking  ] GC(49) Concurrent Mark From Roots
[2021-05-02T13:36:04.152+0000][7][gc,task     ] GC(49) Using 2 workers of 2 for marking
[2021-05-02T13:36:04.253+0000][7][gc,marking  ] GC(49) Concurrent Mark From Roots 101.534ms
[2021-05-02T13:36:04.253+0000][7][gc,marking  ] GC(49) Concurrent Preclean
[2021-05-02T13:36:04.254+0000][7][gc,marking  ] GC(49) Concurrent Preclean 0.360ms
[2021-05-02T13:36:04.254+0000][7][gc,marking  ] GC(49) Concurrent Mark (1244.972s, 1245.074s) 101.973ms
[2021-05-02T13:36:04.254+0000][7][gc,start    ] GC(49) Pause Remark
[2021-05-02T13:36:04.261+0000][7][gc          ] GC(49) Pause Remark 114M->114M(256M) 6.800ms
[2021-05-02T13:36:04.261+0000][7][gc,cpu      ] GC(49) User=0.03s Sys=0.00s Real=0.01s
[2021-05-02T13:36:04.261+0000][7][safepoint   ] Safepoint "G1Concurrent", Time since last: 104894893 ns, Reaching safepoint: 95837 ns, At safepoint: 6878344 ns, Total: 6974181 ns
[2021-05-02T13:36:04.261+0000][7][gc,marking  ] GC(49) Concurrent Rebuild Remembered Sets
[2021-05-02T13:36:04.329+0000][7][gc,marking  ] GC(49) Concurrent Rebuild Remembered Sets 68.132ms
[2021-05-02T13:36:04.329+0000][7][gc,start    ] GC(49) Pause Cleanup
[2021-05-02T13:36:04.329+0000][7][gc          ] GC(49) Pause Cleanup 114M->114M(256M) 0.066ms
[2021-05-02T13:36:04.329+0000][7][gc,cpu      ] GC(49) User=0.00s Sys=0.00s Real=0.00s
[2021-05-02T13:36:04.329+0000][7][safepoint   ] Safepoint "G1Concurrent", Time since last: 68235807 ns, Reaching safepoint: 71633 ns, At safepoint: 106320 ns, Total: 177953 ns
[2021-05-02T13:36:04.329+0000][7][gc,marking  ] GC(49) Concurrent Cleanup for Next Mark
[2021-05-02T13:36:04.329+0000][7][gc,marking  ] GC(49) Concurrent Cleanup for Next Mark 0.132ms
[2021-05-02T13:36:04.329+0000][7][gc          ] GC(49) Concurrent Cycle 180.508ms
[2021-05-02T13:36:13.331+0000][7][safepoint   ] Safepoint "Cleanup", Time since last: 9001214254 ns, Reaching safepoint: 111385 ns, At safepoint: 5949 ns, Total: 117334 ns
[2021-05-02T13:36:14.331+0000][7][safepoint   ] Safepoint "Cleanup", Time since last: 1000515846 ns, Reaching safepoint: 95324 ns, At safepoint: 6075 ns, Total: 101399 ns
[2021-05-02T13:36:15.331+0000][7][safepoint   ] Safepoint "Cleanup", Time since last: 1000093686 ns, Reaching safepoint: 78763 ns, At safepoint: 6628 ns, Total: 85391 ns
[2021-05-02T13:36:16.332+0000][7][safepoint   ] Safepoint "Cleanup", Time since last: 1000091690 ns, Reaching safepoint: 89401 ns, At safepoint: 5056 ns, Total: 94457 ns
[2021-05-02T13:36:17.332+0000][7][safepoint   ] Safepoint "Cleanup", Time since last: 1000167188 ns, Reaching safepoint: 92050 ns, At safepoint: 4729 ns, Total: 96779 ns
[2021-05-02T13:36:18.332+0000][7][safepoint   ] Safepoint "Cleanup", Time since last: 1000101632 ns, Reaching safepoint: 100598 ns, At safepoint: 5638 ns, Total: 106236 ns
[2021-05-02T13:36:40.335+0000][7][safepoint   ] Safepoint "Cleanup", Time since last: 22002780231 ns, Reaching safepoint: 125359 ns, At safepoint: 4847 ns, Total: 130206 ns
[2021-05-02T13:36:41.335+0000][7][safepoint   ] Safepoint "Cleanup", Time since last: 1000094479 ns, Reaching safepoint: 83413 ns, At safepoint: 3486 ns, Total: 86899 ns
[2021-05-02T13:36:43.336+0000][7][safepoint   ] Safepoint "Cleanup", Time since last: 2000335588 ns, Reaching safepoint: 82329 ns, At safepoint: 6168 ns, Total: 88497 ns
[2021-05-02T13:36:45.336+0000][7][safepoint   ] Safepoint "Cleanup", Time since last: 2000313737 ns, Reaching safepoint: 97186 ns, At safepoint: 5219 ns, Total: 102405 ns
[2021-05-02T13:36:46.336+0000][7][safepoint   ] Safepoint "Cleanup", Time since last: 1000266513 ns, Reaching safepoint: 151669 ns, At safepoint: 8457 ns, Total: 160126 ns
[2021-05-02T13:36:47.337+0000][7][safepoint   ] Safepoint "Cleanup", Time since last: 1000205742 ns, Reaching safepoint: 97461 ns, At safepoint: 5271 ns, Total: 102732 ns
[2021-05-02T13:36:58.339+0000][7][safepoint   ] Safepoint "Cleanup", Time since last: 11002081188 ns, Reaching safepoint: 84586 ns, At safepoint: 5951 ns, Total: 90537 ns
[2021-05-02T13:37:00.340+0000][7][safepoint   ] Safepoint "Cleanup", Time since last: 2000624467 ns, Reaching safepoint: 143656 ns, At safepoint: 6054 ns, Total: 149710 ns
[2021-05-02T13:37:10.341+0000][7][safepoint   ] Safepoint "Cleanup", Time since last: 10000928926 ns, Reaching safepoint: 95796 ns, At safepoint: 6020 ns, Total: 101816 ns
[2021-05-02T13:37:15.342+0000][7][safepoint   ] Safepoint "Cleanup", Time since last: 5000578325 ns, Reaching safepoint: 250299 ns, At safepoint: 7125 ns, Total: 257424 ns
[2021-05-02T13:37:16.342+0000][7][safepoint   ] Safepoint "Cleanup", Time since last: 1000102071 ns, Reaching safepoint: 102743 ns, At safepoint: 7007 ns, Total: 109750 ns
[2021-05-02T13:37:25.343+0000][7][safepoint   ] Safepoint "Cleanup", Time since last: 9001225127 ns, Reaching safepoint: 141178 ns, At safepoint: 7994 ns, Total: 149172 ns
[2021-05-02T13:37:43.345+0000][7][safepoint   ] Safepoint "Cleanup", Time since last: 18002244669 ns, Reaching safepoint: 96649 ns, At safepoint: 5368 ns, Total: 102017 ns
[2021-05-02T13:37:45.346+0000][7][safepoint   ] Safepoint "Cleanup", Time since last: 2000348659 ns, Reaching safepoint: 76129 ns, At safepoint: 8523 ns, Total: 84652 ns
[2021-05-02T13:37:46.346+0000][7][safepoint   ] Safepoint "Cleanup", Time since last: 1000383638 ns, Reaching safepoint: 95202 ns, At safepoint: 6827 ns, Total: 102029 ns
[2021-05-02T13:37:47.347+0000][7][safepoint   ] Safepoint "Cleanup", Time since last: 1000133776 ns, Reaching safepoint: 91611 ns, At safepoint: 5666 ns, Total: 97277 ns
[2021-05-02T13:37:55.348+0000][7][safepoint   ] Safepoint "Cleanup", Time since last: 8000873755 ns, Reaching safepoint: 140888 ns, At safepoint: 10110 ns, Total: 150998 ns
[2021-05-02T13:38:11.350+0000][7][safepoint   ] Safepoint "Cleanup", Time since last: 16002171018 ns, Reaching safepoint: 148845 ns, At safepoint: 6110 ns, Total: 154955 ns
[2021-05-02T13:38:13.350+0000][7][safepoint   ] Safepoint "Cleanup", Time since last: 2000336402 ns, Reaching safepoint: 136497 ns, At safepoint: 4930 ns, Total: 141427 ns
[2021-05-02T13:38:15.351+0000][7][safepoint   ] Safepoint "Cleanup", Time since last: 2000156618 ns, Reaching safepoint: 73335 ns, At safepoint: 4838 ns, Total: 78173 ns
[2021-05-02T13:38:16.351+0000][7][safepoint   ] Safepoint "Cleanup", Time since last: 1000101771 ns, Reaching safepoint: 103199 ns, At safepoint: 6630 ns, Total: 109829 ns
[2021-05-02T13:38:25.352+0000][7][safepoint   ] Safepoint "Cleanup", Time since last: 9001407340 ns, Reaching safepoint: 115229 ns, At safepoint: 4916 ns, Total: 120145 ns
[2021-05-02T13:38:29.090+0000][7][gc,start    ] GC(50) Pause Young (Normal) (G1 Evacuation Pause)
[2021-05-02T13:38:29.090+0000][7][gc,task     ] GC(50) Using 6 workers of 8 for evacuation
[2021-05-02T13:38:29.090+0000][7][gc,age      ] GC(50) Desired survivor size 6291456 bytes, new threshold 15 (max threshold 15)
[2021-05-02T13:38:29.095+0000][7][gc,age      ] GC(50) Age table with threshold 15 (max threshold 15)
[2021-05-02T13:38:29.095+0000][7][gc,age      ] GC(50) - age   1:     513336 bytes,     513336 total
[2021-05-02T13:38:29.095+0000][7][gc,age      ] GC(50) - age   2:     287648 bytes,     800984 total
[2021-05-02T13:38:29.095+0000][7][gc,age      ] GC(50) - age   3:       3264 bytes,     804248 total
[2021-05-02T13:38:29.095+0000][7][gc,age      ] GC(50) - age   4:      10440 bytes,     814688 total
[2021-05-02T13:38:29.095+0000][7][gc,age      ] GC(50) - age   5:      10168 bytes,     824856 total
[2021-05-02T13:38:29.095+0000][7][gc,age      ] GC(50) - age   6:      38024 bytes,     862880 total
[2021-05-02T13:38:29.095+0000][7][gc,age      ] GC(50) - age   7:      59416 bytes,     922296 total
[2021-05-02T13:38:29.095+0000][7][gc,age      ] GC(50) - age   8:      26248 bytes,     948544 total
[2021-05-02T13:38:29.095+0000][7][gc,age      ] GC(50) - age   9:     698816 bytes,    1647360 total
[2021-05-02T13:38:29.095+0000][7][gc,age      ] GC(50) - age  10:     790720 bytes,    2438080 total
[2021-05-02T13:38:29.095+0000][7][gc,age      ] GC(50) - age  11:      25360 bytes,    2463440 total
[2021-05-02T13:38:29.095+0000][7][gc,age      ] GC(50) - age  12:     681408 bytes,    3144848 total
[2021-05-02T13:38:29.095+0000][7][gc,phases   ] GC(50)   Pre Evacuate Collection Set: 0.1ms
[2021-05-02T13:38:29.095+0000][7][gc,phases   ] GC(50)   Merge Heap Roots: 0.1ms
[2021-05-02T13:38:29.095+0000][7][gc,phases   ] GC(50)   Evacuate Collection Set: 4.2ms
[2021-05-02T13:38:29.095+0000][7][gc,phases   ] GC(50)   Post Evacuate Collection Set: 0.6ms
[2021-05-02T13:38:29.095+0000][7][gc,phases   ] GC(50)   Other: 0.2ms
[2021-05-02T13:38:29.095+0000][7][gc,heap     ] GC(50) Eden regions: 23->0(23)
[2021-05-02T13:38:29.095+0000][7][gc,heap     ] GC(50) Survivor regions: 1->1(3)
[2021-05-02T13:38:29.095+0000][7][gc,heap     ] GC(50) Old regions: 25->25
[2021-05-02T13:38:29.095+0000][7][gc,heap     ] GC(50) Archive regions: 2->2
[2021-05-02T13:38:29.095+0000][7][gc,heap     ] GC(50) Humongous regions: 2->2
[2021-05-02T13:38:29.095+0000][7][gc,metaspace] GC(50) Metaspace: 105742K(110288K)->105742K(110288K) NonClass: 91872K(95132K)->91872K(95132K) Class: 13870K(15156K)->13870K(15156K)
[2021-05-02T13:38:29.095+0000][7][gc          ] GC(50) Pause Young (Normal) (G1 Evacuation Pause) 206M->114M(256M) 5.121ms
[2021-05-02T13:38:29.095+0000][7][gc,cpu      ] GC(50) User=0.02s Sys=0.00s Real=0.00s
[2021-05-02T13:38:29.095+0000][7][safepoint   ] Safepoint "G1CollectForAllocation", Time since last: 3737643080 ns, Reaching safepoint: 99596 ns, At safepoint: 5215459 ns, Total: 5315055 ns
[2021-05-02T13:38:35.096+0000][7][safepoint   ] Safepoint "Cleanup", Time since last: 6000508093 ns, Reaching safepoint: 87932 ns, At safepoint: 7165 ns, Total: 95097 ns
[2021-05-02T13:38:40.097+0000][7][safepoint   ] Safepoint "Cleanup", Time since last: 5000564715 ns, Reaching safepoint: 117570 ns, At safepoint: 7472 ns, Total: 125042 ns
[2021-05-02T13:38:41.097+0000][7][safepoint   ] Safepoint "Cleanup", Time since last: 1000175371 ns, Reaching safepoint: 125850 ns, At safepoint: 6105 ns, Total: 131955 ns
[2021-05-02T13:38:43.098+0000][7][safepoint   ] Safepoint "Cleanup", Time since last: 2000533698 ns, Reaching safepoint: 163062 ns, At safepoint: 5091 ns, Total: 168153 ns
[2021-05-02T13:38:44.098+0000][7][safepoint   ] Safepoint "Cleanup", Time since last: 1000103062 ns, Reaching safepoint: 91578 ns, At safepoint: 4631 ns, Total: 96209 ns
[2021-05-02T13:38:46.099+0000][7][safepoint   ] Safepoint "Cleanup", Time since last: 2000486069 ns, Reaching safepoint: 207082 ns, At safepoint: 6567 ns, Total: 213649 ns
[2021-05-02T13:39:07.101+0000][7][safepoint   ] Safepoint "Cleanup", Time since last: 21002670187 ns, Reaching safepoint: 118294 ns, At safepoint: 7351 ns, Total: 125645 ns
[2021-05-02T13:39:17.103+0000][7][safepoint   ] Safepoint "Cleanup", Time since last: 10001380238 ns, Reaching safepoint: 82784 ns, At safepoint: 6352 ns, Total: 89136 ns
[2021-05-02T13:39:25.104+0000][7][safepoint   ] Safepoint "Cleanup", Time since last: 8001450276 ns, Reaching safepoint: 87245 ns, At safepoint: 7378 ns, Total: 94623 ns
[2021-05-02T13:39:26.105+0000][7][safepoint   ] Safepoint "Cleanup", Time since last: 1000108828 ns, Reaching safepoint: 114179 ns, At safepoint: 5416 ns, Total: 119595 ns
[2021-05-02T13:39:28.105+0000][7][safepoint   ] Safepoint "Cleanup", Time since last: 2000358737 ns, Reaching safepoint: 106239 ns, At safepoint: 5953 ns, Total: 112192 ns
[2021-05-02T13:39:38.106+0000][7][safepoint   ] Safepoint "Cleanup", Time since last: 10001182565 ns, Reaching safepoint: 156249 ns, At safepoint: 6158 ns, Total: 162407 ns
[2021-05-02T13:39:43.107+0000][7][safepoint   ] Safepoint "Cleanup", Time since last: 5000777982 ns, Reaching safepoint: 139675 ns, At safepoint: 10406 ns, Total: 150081 ns
[2021-05-02T13:39:44.108+0000][7][safepoint   ] Safepoint "Cleanup", Time since last: 1000173774 ns, Reaching safepoint: 104328 ns, At safepoint: 6894 ns, Total: 111222 ns
[2021-05-02T13:39:45.108+0000][7][safepoint   ] Safepoint "Cleanup", Time since last: 1000163923 ns, Reaching safepoint: 153502 ns, At safepoint: 6912 ns, Total: 160414 ns
[2021-05-02T13:39:46.108+0000][7][safepoint   ] Safepoint "Cleanup", Time since last: 1000130822 ns, Reaching safepoint: 69523 ns, At safepoint: 5211 ns, Total: 74734 ns
[2021-05-02T13:39:47.108+0000][7][safepoint   ] Safepoint "Cleanup", Time since last: 1000155501 ns, Reaching safepoint: 128835 ns, At safepoint: 6456 ns, Total: 135291 ns
[2021-05-02T13:39:50.109+0000][7][safepoint   ] Safepoint "Cleanup", Time since last: 3000412464 ns, Reaching safepoint: 79375 ns, At safepoint: 5435 ns, Total: 84810 ns
[2021-05-02T13:40:10.111+0000][7][safepoint   ] Safepoint "Cleanup", Time since last: 20002180909 ns, Reaching safepoint: 123010 ns, At safepoint: 6665 ns, Total: 129675 ns
[2021-05-02T13:40:11.112+0000][7][safepoint   ] Safepoint "Cleanup", Time since last: 1000279727 ns, Reaching safepoint: 76238 ns, At safepoint: 6152 ns, Total: 82390 ns
[2021-05-02T13:40:14.112+0000][7][safepoint   ] Safepoint "Cleanup", Time since last: 3000307363 ns, Reaching safepoint: 72568 ns, At safepoint: 6672 ns, Total: 79240 ns
[2021-05-02T13:40:17.113+0000][7][safepoint   ] Safepoint "Cleanup", Time since last: 3000349448 ns, Reaching safepoint: 133565 ns, At safepoint: 7228 ns, Total: 140793 ns
[2021-05-02T13:40:37.115+0000][7][safepoint   ] Safepoint "Cleanup", Time since last: 20002313282 ns, Reaching safepoint: 90458 ns, At safepoint: 5576 ns, Total: 96034 ns
[2021-05-02T13:40:44.116+0000][7][safepoint   ] Safepoint "Cleanup", Time since last: 7000900195 ns, Reaching safepoint: 106605 ns, At safepoint: 4982 ns, Total: 111587 ns
[2021-05-02T13:40:46.176+0000][7][gc,start    ] GC(51) Pause Young (Concurrent Start) (G1 Evacuation Pause)
[2021-05-02T13:40:46.176+0000][7][gc,task     ] GC(51) Using 6 workers of 8 for evacuation
[2021-05-02T13:40:46.176+0000][7][gc,age      ] GC(51) Desired survivor size 6291456 bytes, new threshold 15 (max threshold 15)
[2021-05-02T13:40:46.181+0000][7][gc,age      ] GC(51) Age table with threshold 15 (max threshold 15)
[2021-05-02T13:40:46.181+0000][7][gc,age      ] GC(51) - age   1:     366744 bytes,     366744 total
[2021-05-02T13:40:46.181+0000][7][gc,age      ] GC(51) - age   2:       4184 bytes,     370928 total
[2021-05-02T13:40:46.181+0000][7][gc,age      ] GC(51) - age   3:     161648 bytes,     532576 total
[2021-05-02T13:40:46.181+0000][7][gc,age      ] GC(51) - age   4:       3264 bytes,     535840 total
[2021-05-02T13:40:46.181+0000][7][gc,age      ] GC(51) - age   5:      10440 bytes,     546280 total
[2021-05-02T13:40:46.181+0000][7][gc,age      ] GC(51) - age   6:      10168 bytes,     556448 total
[2021-05-02T13:40:46.181+0000][7][gc,age      ] GC(51) - age   7:      38024 bytes,     594472 total
[2021-05-02T13:40:46.181+0000][7][gc,age      ] GC(51) - age   8:      59416 bytes,     653888 total
[2021-05-02T13:40:46.181+0000][7][gc,age      ] GC(51) - age   9:      26248 bytes,     680136 total
[2021-05-02T13:40:46.181+0000][7][gc,age      ] GC(51) - age  10:     698816 bytes,    1378952 total
[2021-05-02T13:40:46.181+0000][7][gc,age      ] GC(51) - age  11:     790720 bytes,    2169672 total
[2021-05-02T13:40:46.181+0000][7][gc,age      ] GC(51) - age  12:      25360 bytes,    2195032 total
[2021-05-02T13:40:46.181+0000][7][gc,age      ] GC(51) - age  13:     681408 bytes,    2876440 total
[2021-05-02T13:40:46.181+0000][7][gc,phases   ] GC(51)   Pre Evacuate Collection Set: 0.1ms
[2021-05-02T13:40:46.181+0000][7][gc,phases   ] GC(51)   Merge Heap Roots: 0.0ms
[2021-05-02T13:40:46.181+0000][7][gc,phases   ] GC(51)   Evacuate Collection Set: 3.6ms
[2021-05-02T13:40:46.181+0000][7][gc,phases   ] GC(51)   Post Evacuate Collection Set: 0.6ms
[2021-05-02T13:40:46.181+0000][7][gc,phases   ] GC(51)   Other: 0.2ms
[2021-05-02T13:40:46.181+0000][7][gc,heap     ] GC(51) Eden regions: 23->0(23)
[2021-05-02T13:40:46.181+0000][7][gc,heap     ] GC(51) Survivor regions: 1->1(3)
[2021-05-02T13:40:46.181+0000][7][gc,heap     ] GC(51) Old regions: 25->25
[2021-05-02T13:40:46.181+0000][7][gc,heap     ] GC(51) Archive regions: 2->2
[2021-05-02T13:40:46.181+0000][7][gc,heap     ] GC(51) Humongous regions: 2->2
[2021-05-02T13:40:46.181+0000][7][gc,metaspace] GC(51) Metaspace: 105849K(110544K)->105849K(110544K) NonClass: 91978K(95388K)->91978K(95388K) Class: 13871K(15156K)->13871K(15156K)
[2021-05-02T13:40:46.181+0000][7][gc          ] GC(51) Pause Young (Concurrent Start) (G1 Evacuation Pause) 206M->113M(256M) 4.595ms
[2021-05-02T13:40:46.181+0000][7][gc,cpu      ] GC(51) User=0.02s Sys=0.00s Real=0.01s
[2021-05-02T13:40:46.181+0000][7][safepoint   ] Safepoint "G1CollectForAllocation", Time since last: 2060283521 ns, Reaching safepoint: 81582 ns, At safepoint: 4668711 ns, Total: 4750293 ns
[2021-05-02T13:40:46.181+0000][7][gc          ] GC(52) Concurrent Cycle
[2021-05-02T13:40:46.181+0000][7][gc,marking  ] GC(52) Concurrent Clear Claimed Marks
[2021-05-02T13:40:46.181+0000][7][gc,marking  ] GC(52) Concurrent Clear Claimed Marks 0.088ms
[2021-05-02T13:40:46.181+0000][7][gc,marking  ] GC(52) Concurrent Scan Root Regions
[2021-05-02T13:40:46.186+0000][7][gc,marking  ] GC(52) Concurrent Scan Root Regions 4.498ms
[2021-05-02T13:40:46.186+0000][7][gc,marking  ] GC(52) Concurrent Mark (1527.006s)
[2021-05-02T13:40:46.186+0000][7][gc,marking  ] GC(52) Concurrent Mark From Roots
[2021-05-02T13:40:46.186+0000][7][gc,task     ] GC(52) Using 2 workers of 2 for marking
[2021-05-02T13:40:46.286+0000][7][gc,marking  ] GC(52) Concurrent Mark From Roots 100.420ms
[2021-05-02T13:40:46.286+0000][7][gc,marking  ] GC(52) Concurrent Preclean
[2021-05-02T13:40:46.286+0000][7][gc,marking  ] GC(52) Concurrent Preclean 0.224ms
[2021-05-02T13:40:46.286+0000][7][gc,marking  ] GC(52) Concurrent Mark (1527.006s, 1527.106s) 100.695ms
[2021-05-02T13:40:46.286+0000][7][gc,start    ] GC(52) Pause Remark
[2021-05-02T13:40:46.291+0000][7][gc          ] GC(52) Pause Remark 118M->118M(256M) 4.310ms
[2021-05-02T13:40:46.291+0000][7][gc,cpu      ] GC(52) User=0.02s Sys=0.00s Real=0.01s
[2021-05-02T13:40:46.291+0000][7][safepoint   ] Safepoint "G1Concurrent", Time since last: 105404939 ns, Reaching safepoint: 76930 ns, At safepoint: 4382904 ns, Total: 4459834 ns
[2021-05-02T13:40:46.291+0000][7][gc,marking  ] GC(52) Concurrent Rebuild Remembered Sets
[2021-05-02T13:40:46.344+0000][7][gc,marking  ] GC(52) Concurrent Rebuild Remembered Sets 53.579ms
[2021-05-02T13:40:46.345+0000][7][gc,start    ] GC(52) Pause Cleanup
[2021-05-02T13:40:46.345+0000][7][gc          ] GC(52) Pause Cleanup 118M->118M(256M) 0.071ms
[2021-05-02T13:40:46.345+0000][7][gc,cpu      ] GC(52) User=0.00s Sys=0.00s Real=0.00s
[2021-05-02T13:40:46.345+0000][7][safepoint   ] Safepoint "G1Concurrent", Time since last: 53686292 ns, Reaching safepoint: 104358 ns, At safepoint: 111652 ns, Total: 216010 ns
[2021-05-02T13:40:46.345+0000][7][gc,marking  ] GC(52) Concurrent Cleanup for Next Mark
[2021-05-02T13:40:46.345+0000][7][gc,marking  ] GC(52) Concurrent Cleanup for Next Mark 0.162ms
[2021-05-02T13:40:46.345+0000][7][gc          ] GC(52) Concurrent Cycle 164.003ms
[2021-05-02T13:40:48.345+0000][7][safepoint   ] Safepoint "Cleanup", Time since last: 2000494999 ns, Reaching safepoint: 89108 ns, At safepoint: 5006 ns, Total: 94114 ns
[2021-05-02T13:41:07.348+0000][7][safepoint   ] Safepoint "Cleanup", Time since last: 19002268257 ns, Reaching safepoint: 151562 ns, At safepoint: 6550 ns, Total: 158112 ns
[2021-05-02T13:41:15.349+0000][7][safepoint   ] Safepoint "Cleanup", Time since last: 8001163292 ns, Reaching safepoint: 92042 ns, At safepoint: 4947 ns, Total: 96989 ns
[2021-05-02T13:41:16.349+0000][7][safepoint   ] Safepoint "Cleanup", Time since last: 1000187925 ns, Reaching safepoint: 98886 ns, At safepoint: 4984 ns, Total: 103870 ns
[2021-05-02T13:41:23.351+0000][7][safepoint   ] Safepoint "Cleanup", Time since last: 7001657237 ns, Reaching safepoint: 120645 ns, At safepoint: 7251 ns, Total: 127896 ns
[2021-05-02T13:41:40.354+0000][7][safepoint   ] Safepoint "Cleanup", Time since last: 17002687438 ns, Reaching safepoint: 116616 ns, At safepoint: 6542 ns, Total: 123158 ns
[2021-05-02T13:41:43.354+0000][7][safepoint   ] Safepoint "Cleanup", Time since last: 3000411847 ns, Reaching safepoint: 82113 ns, At safepoint: 6861 ns, Total: 88974 ns
[2021-05-02T13:41:46.355+0000][7][safepoint   ] Safepoint "Cleanup", Time since last: 3000364627 ns, Reaching safepoint: 115968 ns, At safepoint: 6571 ns, Total: 122539 ns
[2021-05-02T13:41:48.355+0000][7][safepoint   ] Safepoint "Cleanup", Time since last: 2000361478 ns, Reaching safepoint: 92769 ns, At safepoint: 4981 ns, Total: 97750 ns
[2021-05-02T13:41:56.356+0000][7][safepoint   ] Safepoint "Cleanup", Time since last: 8000755109 ns, Reaching safepoint: 110230 ns, At safepoint: 5046 ns, Total: 115276 ns
[2021-05-02T13:42:16.359+0000][7][safepoint   ] Safepoint "Cleanup", Time since last: 20002789134 ns, Reaching safepoint: 189338 ns, At safepoint: 7531 ns, Total: 196869 ns
[2021-05-02T13:42:43.362+0000][7][safepoint   ] Safepoint "Cleanup", Time since last: 27003171584 ns, Reaching safepoint: 96935 ns, At safepoint: 6499 ns, Total: 103434 ns
[2021-05-02T13:42:46.363+0000][7][safepoint   ] Safepoint "Cleanup", Time since last: 3000689976 ns, Reaching safepoint: 84787 ns, At safepoint: 4498 ns, Total: 89285 ns
[2021-05-02T13:42:58.364+0000][7][safepoint   ] Safepoint "Cleanup", Time since last: 12000903376 ns, Reaching safepoint: 71294 ns, At safepoint: 3731 ns, Total: 75025 ns
[2021-05-02T13:43:11.349+0000][7][gc,start    ] GC(53) Pause Young (Normal) (G1 Evacuation Pause)
[2021-05-02T13:43:11.349+0000][7][gc,task     ] GC(53) Using 6 workers of 8 for evacuation
[2021-05-02T13:43:11.349+0000][7][gc,age      ] GC(53) Desired survivor size 6291456 bytes, new threshold 15 (max threshold 15)
[2021-05-02T13:43:11.354+0000][7][gc,age      ] GC(53) Age table with threshold 15 (max threshold 15)
[2021-05-02T13:43:11.354+0000][7][gc,age      ] GC(53) - age   1:     510040 bytes,     510040 total
[2021-05-02T13:43:11.354+0000][7][gc,age      ] GC(53) - age   2:       6624 bytes,     516664 total
[2021-05-02T13:43:11.354+0000][7][gc,age      ] GC(53) - age   3:       3984 bytes,     520648 total
[2021-05-02T13:43:11.354+0000][7][gc,age      ] GC(53) - age   4:     161608 bytes,     682256 total
[2021-05-02T13:43:11.354+0000][7][gc,age      ] GC(53) - age   5:       3232 bytes,     685488 total
[2021-05-02T13:43:11.354+0000][7][gc,age      ] GC(53) - age   6:      10440 bytes,     695928 total
[2021-05-02T13:43:11.354+0000][7][gc,age      ] GC(53) - age   7:      10168 bytes,     706096 total
[2021-05-02T13:43:11.354+0000][7][gc,age      ] GC(53) - age   8:      38024 bytes,     744120 total
[2021-05-02T13:43:11.354+0000][7][gc,age      ] GC(53) - age   9:      59368 bytes,     803488 total
[2021-05-02T13:43:11.354+0000][7][gc,age      ] GC(53) - age  10:      26248 bytes,     829736 total
[2021-05-02T13:43:11.354+0000][7][gc,age      ] GC(53) - age  11:     698816 bytes,    1528552 total
[2021-05-02T13:43:11.354+0000][7][gc,age      ] GC(53) - age  12:     790720 bytes,    2319272 total
[2021-05-02T13:43:11.354+0000][7][gc,age      ] GC(53) - age  13:      25360 bytes,    2344632 total
[2021-05-02T13:43:11.354+0000][7][gc,age      ] GC(53) - age  14:     681408 bytes,    3026040 total
[2021-05-02T13:43:11.354+0000][7][gc,phases   ] GC(53)   Pre Evacuate Collection Set: 0.0ms
[2021-05-02T13:43:11.354+0000][7][gc,phases   ] GC(53)   Merge Heap Roots: 0.1ms
[2021-05-02T13:43:11.354+0000][7][gc,phases   ] GC(53)   Evacuate Collection Set: 3.8ms
[2021-05-02T13:43:11.354+0000][7][gc,phases   ] GC(53)   Post Evacuate Collection Set: 0.7ms
[2021-05-02T13:43:11.354+0000][7][gc,phases   ] GC(53)   Other: 0.2ms
[2021-05-02T13:43:11.354+0000][7][gc,heap     ] GC(53) Eden regions: 23->0(23)
[2021-05-02T13:43:11.354+0000][7][gc,heap     ] GC(53) Survivor regions: 1->1(3)
[2021-05-02T13:43:11.354+0000][7][gc,heap     ] GC(53) Old regions: 25->25
[2021-05-02T13:43:11.354+0000][7][gc,heap     ] GC(53) Archive regions: 2->2
[2021-05-02T13:43:11.354+0000][7][gc,heap     ] GC(53) Humongous regions: 2->2
[2021-05-02T13:43:11.354+0000][7][gc,metaspace] GC(53) Metaspace: 105909K(110544K)->105909K(110544K) NonClass: 92038K(95388K)->92038K(95388K) Class: 13871K(15156K)->13871K(15156K)
[2021-05-02T13:43:11.354+0000][7][gc          ] GC(53) Pause Young (Normal) (G1 Evacuation Pause) 205M->114M(256M) 4.878ms
[2021-05-02T13:43:11.354+0000][7][gc,cpu      ] GC(53) User=0.02s Sys=0.00s Real=0.00s
[2021-05-02T13:43:11.354+0000][7][safepoint   ] Safepoint "G1CollectForAllocation", Time since last: 12984574279 ns, Reaching safepoint: 116342 ns, At safepoint: 4950582 ns, Total: 5066924 ns
[2021-05-02T13:43:13.354+0000][7][safepoint   ] Safepoint "Cleanup", Time since last: 2000228872 ns, Reaching safepoint: 134098 ns, At safepoint: 9988 ns, Total: 144086 ns
[2021-05-02T13:43:16.355+0000][7][safepoint   ] Safepoint "Cleanup", Time since last: 3000580815 ns, Reaching safepoint: 118254 ns, At safepoint: 6104 ns, Total: 124358 ns
[2021-05-02T13:43:18.355+0000][7][safepoint   ] Safepoint "Cleanup", Time since last: 2000206969 ns, Reaching safepoint: 78521 ns, At safepoint: 4231 ns, Total: 82752 ns
[2021-05-02T13:43:43.357+0000][7][safepoint   ] Safepoint "Cleanup", Time since last: 25001964606 ns, Reaching safepoint: 127988 ns, At safepoint: 7375 ns, Total: 135363 ns
[2021-05-02T13:43:46.358+0000][7][safepoint   ] Safepoint "Cleanup", Time since last: 3000648709 ns, Reaching safepoint: 85924 ns, At safepoint: 4692 ns, Total: 90616 ns
[2021-05-02T13:43:48.359+0000][7][safepoint   ] Safepoint "Cleanup", Time since last: 2000337229 ns, Reaching safepoint: 103738 ns, At safepoint: 5259 ns, Total: 108997 ns
[2021-05-02T13:43:50.359+0000][7][safepoint   ] Safepoint "Cleanup", Time since last: 2000166501 ns, Reaching safepoint: 122584 ns, At safepoint: 5568 ns, Total: 128152 ns
[2021-05-02T13:43:55.359+0000][7][safepoint   ] Safepoint "Cleanup", Time since last: 5000448695 ns, Reaching safepoint: 102121 ns, At safepoint: 5819 ns, Total: 107940 ns
[2021-05-02T13:43:59.360+0000][7][safepoint   ] Safepoint "Cleanup", Time since last: 4000327828 ns, Reaching safepoint: 123038 ns, At safepoint: 8157 ns, Total: 131195 ns
[2021-05-02T13:44:00.360+0000][7][safepoint   ] Safepoint "Cleanup", Time since last: 1000219204 ns, Reaching safepoint: 160892 ns, At safepoint: 7843 ns, Total: 168735 ns
[2021-05-02T13:44:13.362+0000][7][safepoint   ] Safepoint "Cleanup", Time since last: 13001201847 ns, Reaching safepoint: 182808 ns, At safepoint: 13438 ns, Total: 196246 ns
[2021-05-02T13:44:16.362+0000][7][safepoint   ] Safepoint "Cleanup", Time since last: 3000493573 ns, Reaching safepoint: 106849 ns, At safepoint: 7073 ns, Total: 113922 ns
[2021-05-02T13:44:37.364+0000][7][safepoint   ] Safepoint "Cleanup", Time since last: 21001665768 ns, Reaching safepoint: 102794 ns, At safepoint: 5769 ns, Total: 108563 ns
[2021-05-02T13:44:41.364+0000][7][safepoint   ] Safepoint "Cleanup", Time since last: 4000295536 ns, Reaching safepoint: 113363 ns, At safepoint: 6448 ns, Total: 119811 ns
[2021-05-02T13:44:43.365+0000][7][safepoint   ] Safepoint "Cleanup", Time since last: 2000326589 ns, Reaching safepoint: 137350 ns, At safepoint: 9146 ns, Total: 146496 ns
[2021-05-02T13:44:45.365+0000][7][safepoint   ] Safepoint "Cleanup", Time since last: 2000191213 ns, Reaching safepoint: 161565 ns, At safepoint: 8453 ns, Total: 170018 ns
[2021-05-02T13:44:46.366+0000][7][safepoint   ] Safepoint "Cleanup", Time since last: 1000288963 ns, Reaching safepoint: 159902 ns, At safepoint: 5553 ns, Total: 165455 ns
[2021-05-02T13:44:47.366+0000][7][safepoint   ] Safepoint "Cleanup", Time since last: 1000197195 ns, Reaching safepoint: 131665 ns, At safepoint: 6750 ns, Total: 138415 ns
[2021-05-02T13:44:55.367+0000][7][safepoint   ] Safepoint "Cleanup", Time since last: 8001185111 ns, Reaching safepoint: 98506 ns, At safepoint: 4186 ns, Total: 102692 ns
[2021-05-02T13:45:05.368+0000][7][safepoint   ] Safepoint "Cleanup", Time since last: 10000788357 ns, Reaching safepoint: 138786 ns, At safepoint: 8204 ns, Total: 146990 ns
[2021-05-02T13:45:16.370+0000][7][safepoint   ] Safepoint "Cleanup", Time since last: 11001150235 ns, Reaching safepoint: 96035 ns, At safepoint: 6520 ns, Total: 102555 ns
[2021-05-02T13:45:37.536+0000][7][gc,start    ] GC(54) Pause Young (Concurrent Start) (G1 Evacuation Pause)
[2021-05-02T13:45:37.536+0000][7][gc,task     ] GC(54) Using 6 workers of 8 for evacuation
[2021-05-02T13:45:37.536+0000][7][gc,age      ] GC(54) Desired survivor size 6291456 bytes, new threshold 15 (max threshold 15)
[2021-05-02T13:45:37.542+0000][7][gc,age      ] GC(54) Age table with threshold 15 (max threshold 15)
[2021-05-02T13:45:37.542+0000][7][gc,age      ] GC(54) - age   1:     509288 bytes,     509288 total
[2021-05-02T13:45:37.542+0000][7][gc,age      ] GC(54) - age   2:       3200 bytes,     512488 total
[2021-05-02T13:45:37.542+0000][7][gc,age      ] GC(54) - age   3:       6440 bytes,     518928 total
[2021-05-02T13:45:37.542+0000][7][gc,age      ] GC(54) - age   4:       3984 bytes,     522912 total
[2021-05-02T13:45:37.542+0000][7][gc,age      ] GC(54) - age   5:     161512 bytes,     684424 total
[2021-05-02T13:45:37.542+0000][7][gc,age      ] GC(54) - age   6:       3232 bytes,     687656 total
[2021-05-02T13:45:37.542+0000][7][gc,age      ] GC(54) - age   7:      10440 bytes,     698096 total
[2021-05-02T13:45:37.542+0000][7][gc,age      ] GC(54) - age   8:      10168 bytes,     708264 total
[2021-05-02T13:45:37.542+0000][7][gc,age      ] GC(54) - age   9:      38024 bytes,     746288 total
[2021-05-02T13:45:37.542+0000][7][gc,age      ] GC(54) - age  10:      59368 bytes,     805656 total
[2021-05-02T13:45:37.542+0000][7][gc,age      ] GC(54) - age  11:      26248 bytes,     831904 total
[2021-05-02T13:45:37.542+0000][7][gc,age      ] GC(54) - age  12:     698816 bytes,    1530720 total
[2021-05-02T13:45:37.542+0000][7][gc,age      ] GC(54) - age  13:     790720 bytes,    2321440 total
[2021-05-02T13:45:37.542+0000][7][gc,age      ] GC(54) - age  14:      25360 bytes,    2346800 total
[2021-05-02T13:45:37.542+0000][7][gc,age      ] GC(54) - age  15:     681312 bytes,    3028112 total
[2021-05-02T13:45:37.542+0000][7][gc,phases   ] GC(54)   Pre Evacuate Collection Set: 0.2ms
[2021-05-02T13:45:37.542+0000][7][gc,phases   ] GC(54)   Merge Heap Roots: 0.2ms
[2021-05-02T13:45:37.542+0000][7][gc,phases   ] GC(54)   Evacuate Collection Set: 4.8ms
[2021-05-02T13:45:37.542+0000][7][gc,phases   ] GC(54)   Post Evacuate Collection Set: 0.6ms
[2021-05-02T13:45:37.542+0000][7][gc,phases   ] GC(54)   Other: 0.4ms
[2021-05-02T13:45:37.542+0000][7][gc,heap     ] GC(54) Eden regions: 23->0(23)
[2021-05-02T13:45:37.542+0000][7][gc,heap     ] GC(54) Survivor regions: 1->1(3)
[2021-05-02T13:45:37.542+0000][7][gc,heap     ] GC(54) Old regions: 25->25
[2021-05-02T13:45:37.542+0000][7][gc,heap     ] GC(54) Archive regions: 2->2
[2021-05-02T13:45:37.542+0000][7][gc,heap     ] GC(54) Humongous regions: 2->2
[2021-05-02T13:45:37.542+0000][7][gc,metaspace] GC(54) Metaspace: 105950K(110544K)->105950K(110544K) NonClass: 92079K(95388K)->92079K(95388K) Class: 13871K(15156K)->13871K(15156K)
[2021-05-02T13:45:37.542+0000][7][gc          ] GC(54) Pause Young (Concurrent Start) (G1 Evacuation Pause) 206M->114M(256M) 6.062ms
[2021-05-02T13:45:37.542+0000][7][gc,cpu      ] GC(54) User=0.02s Sys=0.00s Real=0.01s
[2021-05-02T13:45:37.542+0000][7][safepoint   ] Safepoint "G1CollectForAllocation", Time since last: 21166183863 ns, Reaching safepoint: 161017 ns, At safepoint: 6192792 ns, Total: 6353809 ns
[2021-05-02T13:45:37.542+0000][7][gc          ] GC(55) Concurrent Cycle
[2021-05-02T13:45:37.542+0000][7][gc,marking  ] GC(55) Concurrent Clear Claimed Marks
[2021-05-02T13:45:37.542+0000][7][gc,marking  ] GC(55) Concurrent Clear Claimed Marks 0.062ms
[2021-05-02T13:45:37.542+0000][7][gc,marking  ] GC(55) Concurrent Scan Root Regions
[2021-05-02T13:45:37.546+0000][7][gc,marking  ] GC(55) Concurrent Scan Root Regions 3.490ms
[2021-05-02T13:45:37.546+0000][7][gc,marking  ] GC(55) Concurrent Mark (1818.366s)
[2021-05-02T13:45:37.546+0000][7][gc,marking  ] GC(55) Concurrent Mark From Roots
[2021-05-02T13:45:37.546+0000][7][gc,task     ] GC(55) Using 2 workers of 2 for marking
[2021-05-02T13:45:37.657+0000][7][gc,marking  ] GC(55) Concurrent Mark From Roots 111.357ms
[2021-05-02T13:45:37.657+0000][7][gc,marking  ] GC(55) Concurrent Preclean
[2021-05-02T13:45:37.657+0000][7][gc,marking  ] GC(55) Concurrent Preclean 0.188ms
[2021-05-02T13:45:37.657+0000][7][gc,marking  ] GC(55) Concurrent Mark (1818.366s, 1818.477s) 111.589ms
[2021-05-02T13:45:37.657+0000][7][gc,start    ] GC(55) Pause Remark
[2021-05-02T13:45:37.667+0000][7][gc          ] GC(55) Pause Remark 115M->115M(256M) 9.634ms
[2021-05-02T13:45:37.667+0000][7][gc,cpu      ] GC(55) User=0.05s Sys=0.00s Real=0.01s
[2021-05-02T13:45:37.667+0000][7][safepoint   ] Safepoint "G1Concurrent", Time since last: 115266242 ns, Reaching safepoint: 139925 ns, At safepoint: 9728314 ns, Total: 9868239 ns
[2021-05-02T13:45:37.667+0000][7][gc,marking  ] GC(55) Concurrent Rebuild Remembered Sets
[2021-05-02T13:45:37.732+0000][7][gc,marking  ] GC(55) Concurrent Rebuild Remembered Sets 64.317ms
[2021-05-02T13:45:37.732+0000][7][gc,start    ] GC(55) Pause Cleanup
[2021-05-02T13:45:37.732+0000][7][gc          ] GC(55) Pause Cleanup 115M->115M(256M) 0.074ms
[2021-05-02T13:45:37.732+0000][7][gc,cpu      ] GC(55) User=0.00s Sys=0.00s Real=0.00s
[2021-05-02T13:45:37.732+0000][7][safepoint   ] Safepoint "G1Concurrent", Time since last: 64395473 ns, Reaching safepoint: 115959 ns, At safepoint: 119860 ns, Total: 235819 ns
[2021-05-02T13:45:37.732+0000][7][gc,marking  ] GC(55) Concurrent Cleanup for Next Mark
[2021-05-02T13:45:37.732+0000][7][gc,marking  ] GC(55) Concurrent Cleanup for Next Mark 0.237ms
[2021-05-02T13:45:37.732+0000][7][gc          ] GC(55) Concurrent Cycle 190.068ms
[2021-05-02T13:45:38.732+0000][7][safepoint   ] Safepoint "Cleanup", Time since last: 1000231464 ns, Reaching safepoint: 164239 ns, At safepoint: 5408 ns, Total: 169647 ns
[2021-05-02T13:45:39.732+0000][7][safepoint   ] Safepoint "Cleanup", Time since last: 1000090373 ns, Reaching safepoint: 134362 ns, At safepoint: 4265 ns, Total: 138627 ns
[2021-05-02T13:45:40.733+0000][7][safepoint   ] Safepoint "Cleanup", Time since last: 1000087507 ns, Reaching safepoint: 251454 ns, At safepoint: 7986 ns, Total: 259440 ns
[2021-05-02T13:45:41.733+0000][7][safepoint   ] Safepoint "Cleanup", Time since last: 1000098319 ns, Reaching safepoint: 187984 ns, At safepoint: 10803 ns, Total: 198787 ns
[2021-05-02T13:45:42.733+0000][7][safepoint   ] Safepoint "Cleanup", Time since last: 1000106959 ns, Reaching safepoint: 99370 ns, At safepoint: 5369 ns, Total: 104739 ns
[2021-05-02T13:45:43.734+0000][7][safepoint   ] Safepoint "Cleanup", Time since last: 1000127391 ns, Reaching safepoint: 215711 ns, At safepoint: 8492 ns, Total: 224203 ns
[2021-05-02T13:45:45.734+0000][7][safepoint   ] Safepoint "Cleanup", Time since last: 2000185474 ns, Reaching safepoint: 87026 ns, At safepoint: 4214 ns, Total: 91240 ns
[2021-05-02T13:45:46.734+0000][7][safepoint   ] Safepoint "Cleanup", Time since last: 1000103097 ns, Reaching safepoint: 193368 ns, At safepoint: 8747 ns, Total: 202115 ns
[2021-05-02T13:45:50.735+0000][7][safepoint   ] Safepoint "Cleanup", Time since last: 4000564208 ns, Reaching safepoint: 112343 ns, At safepoint: 5988 ns, Total: 118331 ns
[2021-05-02T13:45:55.736+0000][7][safepoint   ] Safepoint "Cleanup", Time since last: 5000654360 ns, Reaching safepoint: 100065 ns, At safepoint: 5254 ns, Total: 105319 ns
[2021-05-02T13:46:05.737+0000][7][safepoint   ] Safepoint "Cleanup", Time since last: 10001511441 ns, Reaching safepoint: 160005 ns, At safepoint: 4341 ns, Total: 164346 ns
[2021-05-02T13:46:06.738+0000][7][safepoint   ] Safepoint "Cleanup", Time since last: 1000097283 ns, Reaching safepoint: 127416 ns, At safepoint: 9415 ns, Total: 136831 ns
[2021-05-02T13:46:12.738+0000][7][safepoint   ] Safepoint "Cleanup", Time since last: 6000596610 ns, Reaching safepoint: 106737 ns, At safepoint: 6415 ns, Total: 113152 ns
[2021-05-02T13:46:13.739+0000][7][safepoint   ] Safepoint "Cleanup", Time since last: 1000233178 ns, Reaching safepoint: 90026 ns, At safepoint: 5592 ns, Total: 95618 ns
[2021-05-02T13:46:16.739+0000][7][safepoint   ] Safepoint "Cleanup", Time since last: 3000264949 ns, Reaching safepoint: 78760 ns, At safepoint: 4703 ns, Total: 83463 ns
[2021-05-02T13:46:17.739+0000][7][safepoint   ] Safepoint "Cleanup", Time since last: 1000106821 ns, Reaching safepoint: 91438 ns, At safepoint: 8991 ns, Total: 100429 ns
[2021-05-02T13:46:26.740+0000][7][safepoint   ] Safepoint "Cleanup", Time since last: 9000710457 ns, Reaching safepoint: 135741 ns, At safepoint: 5838 ns, Total: 141579 ns
[2021-05-02T13:46:36.742+0000][7][safepoint   ] Safepoint "Cleanup", Time since last: 10001430371 ns, Reaching safepoint: 84779 ns, At safepoint: 5478 ns, Total: 90257 ns
[2021-05-02T13:46:39.742+0000][7][safepoint   ] Safepoint "Cleanup", Time since last: 3000219359 ns, Reaching safepoint: 102252 ns, At safepoint: 7397 ns, Total: 109649 ns
[2021-05-02T13:46:43.743+0000][7][safepoint   ] Safepoint "Cleanup", Time since last: 4000567506 ns, Reaching safepoint: 139013 ns, At safepoint: 7929 ns, Total: 146942 ns
[2021-05-02T13:46:46.743+0000][7][safepoint   ] Safepoint "Cleanup", Time since last: 3000561518 ns, Reaching safepoint: 79597 ns, At safepoint: 3289 ns, Total: 82886 ns
[2021-05-02T13:46:47.744+0000][7][safepoint   ] Safepoint "Cleanup", Time since last: 1000188390 ns, Reaching safepoint: 122723 ns, At safepoint: 6969 ns, Total: 129692 ns
[2021-05-02T13:47:05.746+0000][7][safepoint   ] Safepoint "Cleanup", Time since last: 18002066174 ns, Reaching safepoint: 105898 ns, At safepoint: 5136 ns, Total: 111034 ns
[2021-05-02T13:47:16.210+0000][7][gc,start    ] GC(56) Pause Young (Normal) (G1 Evacuation Pause)
[2021-05-02T13:47:16.210+0000][7][gc,task     ] GC(56) Using 6 workers of 8 for evacuation
[2021-05-02T13:47:16.210+0000][7][gc,age      ] GC(56) Desired survivor size 6291456 bytes, new threshold 15 (max threshold 15)
[2021-05-02T13:47:16.215+0000][7][gc,age      ] GC(56) Age table with threshold 15 (max threshold 15)
[2021-05-02T13:47:16.215+0000][7][gc,age      ] GC(56) - age   1:    1220104 bytes,    1220104 total
[2021-05-02T13:47:16.215+0000][7][gc,age      ] GC(56) - age   2:       1624 bytes,    1221728 total
[2021-05-02T13:47:16.215+0000][7][gc,age      ] GC(56) - age   3:       2760 bytes,    1224488 total
[2021-05-02T13:47:16.215+0000][7][gc,age      ] GC(56) - age   4:       6328 bytes,    1230816 total
[2021-05-02T13:47:16.215+0000][7][gc,age      ] GC(56) - age   5:       3808 bytes,    1234624 total
[2021-05-02T13:47:16.215+0000][7][gc,age      ] GC(56) - age   6:      10000 bytes,    1244624 total
[2021-05-02T13:47:16.215+0000][7][gc,age      ] GC(56) - age   7:       3032 bytes,    1247656 total
[2021-05-02T13:47:16.215+0000][7][gc,age      ] GC(56) - age   8:      10232 bytes,    1257888 total
[2021-05-02T13:47:16.215+0000][7][gc,age      ] GC(56) - age   9:      10128 bytes,    1268016 total
[2021-05-02T13:47:16.215+0000][7][gc,age      ] GC(56) - age  10:      35464 bytes,    1303480 total
[2021-05-02T13:47:16.215+0000][7][gc,age      ] GC(56) - age  11:      57304 bytes,    1360784 total
[2021-05-02T13:47:16.215+0000][7][gc,age      ] GC(56) - age  12:      26248 bytes,    1387032 total
[2021-05-02T13:47:16.215+0000][7][gc,age      ] GC(56) - age  13:     690384 bytes,    2077416 total
[2021-05-02T13:47:16.215+0000][7][gc,age      ] GC(56) - age  14:     790304 bytes,    2867720 total
[2021-05-02T13:47:16.215+0000][7][gc,age      ] GC(56) - age  15:      25312 bytes,    2893032 total
[2021-05-02T13:47:16.215+0000][7][gc,phases   ] GC(56)   Pre Evacuate Collection Set: 0.0ms
[2021-05-02T13:47:16.215+0000][7][gc,phases   ] GC(56)   Merge Heap Roots: 0.1ms
[2021-05-02T13:47:16.215+0000][7][gc,phases   ] GC(56)   Evacuate Collection Set: 3.8ms
[2021-05-02T13:47:16.215+0000][7][gc,phases   ] GC(56)   Post Evacuate Collection Set: 0.5ms
[2021-05-02T13:47:16.215+0000][7][gc,phases   ] GC(56)   Other: 0.2ms
[2021-05-02T13:47:16.215+0000][7][gc,heap     ] GC(56) Eden regions: 23->0(23)
[2021-05-02T13:47:16.215+0000][7][gc,heap     ] GC(56) Survivor regions: 1->1(3)
[2021-05-02T13:47:16.215+0000][7][gc,heap     ] GC(56) Old regions: 25->25
[2021-05-02T13:47:16.215+0000][7][gc,heap     ] GC(56) Archive regions: 2->2
[2021-05-02T13:47:16.215+0000][7][gc,heap     ] GC(56) Humongous regions: 2->2
[2021-05-02T13:47:16.215+0000][7][gc,metaspace] GC(56) Metaspace: 106042K(110800K)->106042K(110800K) NonClass: 92171K(95644K)->92171K(95644K) Class: 13870K(15156K)->13870K(15156K)
[2021-05-02T13:47:16.215+0000][7][gc          ] GC(56) Pause Young (Normal) (G1 Evacuation Pause) 206M->114M(256M) 4.773ms
[2021-05-02T13:47:16.215+0000][7][gc,cpu      ] GC(56) User=0.02s Sys=0.00s Real=0.00s
[2021-05-02T13:47:16.215+0000][7][safepoint   ] Safepoint "G1CollectForAllocation", Time since last: 10464480742 ns, Reaching safepoint: 78514 ns, At safepoint: 4838191 ns, Total: 4916705 ns
[2021-05-02T13:47:17.215+0000][7][safepoint   ] Safepoint "Cleanup", Time since last: 1000098336 ns, Reaching safepoint: 135532 ns, At safepoint: 12599 ns, Total: 148131 ns
[2021-05-02T13:47:28.218+0000][7][safepoint   ] Safepoint "Cleanup", Time since last: 11002397243 ns, Reaching safepoint: 76535 ns, At safepoint: 8396 ns, Total: 84931 ns
[2021-05-02T13:47:29.218+0000][7][safepoint   ] Safepoint "Cleanup", Time since last: 1000129054 ns, Reaching safepoint: 105532 ns, At safepoint: 4749 ns, Total: 110281 ns
[2021-05-02T13:47:30.218+0000][7][safepoint   ] Safepoint "Cleanup", Time since last: 1000267048 ns, Reaching safepoint: 85214 ns, At safepoint: 5429 ns, Total: 90643 ns
[2021-05-02T13:47:38.220+0000][7][safepoint   ] Safepoint "Cleanup", Time since last: 8001145952 ns, Reaching safepoint: 72975 ns, At safepoint: 6126 ns, Total: 79101 ns
[2021-05-02T13:47:40.220+0000][7][safepoint   ] Safepoint "Cleanup", Time since last: 2000171160 ns, Reaching safepoint: 121510 ns, At safepoint: 6284 ns, Total: 127794 ns
[2021-05-02T13:47:43.220+0000][7][safepoint   ] Safepoint "Cleanup", Time since last: 3000238702 ns, Reaching safepoint: 113708 ns, At safepoint: 4615 ns, Total: 118323 ns
[2021-05-02T13:47:44.221+0000][7][safepoint   ] Safepoint "Cleanup", Time since last: 1000210228 ns, Reaching safepoint: 108467 ns, At safepoint: 6420 ns, Total: 114887 ns
[2021-05-02T13:47:46.221+0000][7][safepoint   ] Safepoint "Cleanup", Time since last: 2000200149 ns, Reaching safepoint: 129225 ns, At safepoint: 6155 ns, Total: 135380 ns
[2021-05-02T13:47:58.222+0000][7][safepoint   ] Safepoint "Cleanup", Time since last: 12001150409 ns, Reaching safepoint: 91222 ns, At safepoint: 5384 ns, Total: 96606 ns
[2021-05-02T13:48:05.223+0000][7][safepoint   ] Safepoint "Cleanup", Time since last: 7000589724 ns, Reaching safepoint: 131564 ns, At safepoint: 7245 ns, Total: 138809 ns
[2021-05-02T13:48:07.223+0000][7][safepoint   ] Safepoint "Cleanup", Time since last: 2000176538 ns, Reaching safepoint: 79221 ns, At safepoint: 6106 ns, Total: 85327 ns
[2021-05-02T13:48:14.224+0000][7][safepoint   ] Safepoint "Cleanup", Time since last: 7000450999 ns, Reaching safepoint: 105960 ns, At safepoint: 6773 ns, Total: 112733 ns
[2021-05-02T13:48:16.224+0000][7][safepoint   ] Safepoint "Cleanup", Time since last: 2000451137 ns, Reaching safepoint: 94603 ns, At safepoint: 5487 ns, Total: 100090 ns
[2021-05-02T13:48:20.225+0000][7][safepoint   ] Safepoint "Cleanup", Time since last: 4000417782 ns, Reaching safepoint: 132799 ns, At safepoint: 8109 ns, Total: 140908 ns
[2021-05-02T13:48:25.226+0000][7][safepoint   ] Safepoint "Cleanup", Time since last: 5000626293 ns, Reaching safepoint: 85137 ns, At safepoint: 5617 ns, Total: 90754 ns
[2021-05-02T13:48:34.227+0000][7][safepoint   ] Safepoint "Cleanup", Time since last: 9001187276 ns, Reaching safepoint: 116274 ns, At safepoint: 7215 ns, Total: 123489 ns
[2021-05-02T13:48:35.227+0000][7][safepoint   ] Safepoint "Cleanup", Time since last: 1000113503 ns, Reaching safepoint: 81742 ns, At safepoint: 7916 ns, Total: 89658 ns
[2021-05-02T13:48:38.228+0000][7][safepoint   ] Safepoint "Cleanup", Time since last: 3000231268 ns, Reaching safepoint: 161368 ns, At safepoint: 9491 ns, Total: 170859 ns
[2021-05-02T13:48:40.228+0000][7][safepoint   ] Safepoint "Cleanup", Time since last: 2000194434 ns, Reaching safepoint: 88026 ns, At safepoint: 5502 ns, Total: 93528 ns
[2021-05-02T13:48:43.228+0000][7][safepoint   ] Safepoint "Cleanup", Time since last: 3000241081 ns, Reaching safepoint: 110477 ns, At safepoint: 5389 ns, Total: 115866 ns
[2021-05-02T13:48:44.229+0000][7][safepoint   ] Safepoint "Cleanup", Time since last: 1000261491 ns, Reaching safepoint: 163285 ns, At safepoint: 8803 ns, Total: 172088 ns
[2021-05-02T13:48:46.229+0000][7][safepoint   ] Safepoint "Cleanup", Time since last: 2000208698 ns, Reaching safepoint: 133431 ns, At safepoint: 5813 ns, Total: 139244 ns
[2021-05-02T13:49:16.232+0000][7][safepoint   ] Safepoint "Cleanup", Time since last: 30002917439 ns, Reaching safepoint: 85063 ns, At safepoint: 5279 ns, Total: 90342 ns
[2021-05-02T13:49:18.233+0000][7][safepoint   ] Safepoint "Cleanup", Time since last: 2000584987 ns, Reaching safepoint: 83395 ns, At safepoint: 4227 ns, Total: 87622 ns
[2021-05-02T13:49:25.234+0000][7][safepoint   ] Safepoint "Cleanup", Time since last: 7001140660 ns, Reaching safepoint: 164351 ns, At safepoint: 7431 ns, Total: 171782 ns
[2021-05-02T13:49:43.237+0000][7][safepoint   ] Safepoint "Cleanup", Time since last: 18002436690 ns, Reaching safepoint: 92956 ns, At safepoint: 4998 ns, Total: 97954 ns
[2021-05-02T13:49:44.237+0000][7][safepoint   ] Safepoint "Cleanup", Time since last: 1000225349 ns, Reaching safepoint: 103707 ns, At safepoint: 3788 ns, Total: 107495 ns
[2021-05-02T13:49:44.377+0000][7][gc,start    ] GC(57) Pause Young (Concurrent Start) (G1 Evacuation Pause)
[2021-05-02T13:49:44.377+0000][7][gc,task     ] GC(57) Using 6 workers of 8 for evacuation
[2021-05-02T13:49:44.377+0000][7][gc,age      ] GC(57) Desired survivor size 6291456 bytes, new threshold 15 (max threshold 15)
[2021-05-02T13:49:44.381+0000][7][gc,age      ] GC(57) Age table with threshold 15 (max threshold 15)
[2021-05-02T13:49:44.381+0000][7][gc,age      ] GC(57) - age   1:     537920 bytes,     537920 total
[2021-05-02T13:49:44.381+0000][7][gc,age      ] GC(57) - age   2:     600832 bytes,    1138752 total
[2021-05-02T13:49:44.381+0000][7][gc,age      ] GC(57) - age   3:       1472 bytes,    1140224 total
[2021-05-02T13:49:44.381+0000][7][gc,age      ] GC(57) - age   4:       2760 bytes,    1142984 total
[2021-05-02T13:49:44.381+0000][7][gc,age      ] GC(57) - age   5:       6328 bytes,    1149312 total
[2021-05-02T13:49:44.381+0000][7][gc,age      ] GC(57) - age   6:       3808 bytes,    1153120 total
[2021-05-02T13:49:44.381+0000][7][gc,age      ] GC(57) - age   7:      10000 bytes,    1163120 total
[2021-05-02T13:49:44.381+0000][7][gc,age      ] GC(57) - age   8:       3032 bytes,    1166152 total
[2021-05-02T13:49:44.381+0000][7][gc,age      ] GC(57) - age   9:      10176 bytes,    1176328 total
[2021-05-02T13:49:44.381+0000][7][gc,age      ] GC(57) - age  10:      10128 bytes,    1186456 total
[2021-05-02T13:49:44.381+0000][7][gc,age      ] GC(57) - age  11:      35464 bytes,    1221920 total
[2021-05-02T13:49:44.381+0000][7][gc,age      ] GC(57) - age  12:      57128 bytes,    1279048 total
[2021-05-02T13:49:44.381+0000][7][gc,age      ] GC(57) - age  13:      26248 bytes,    1305296 total
[2021-05-02T13:49:44.381+0000][7][gc,age      ] GC(57) - age  14:     690384 bytes,    1995680 total
[2021-05-02T13:49:44.381+0000][7][gc,age      ] GC(57) - age  15:     790304 bytes,    2785984 total
[2021-05-02T13:49:44.381+0000][7][gc,phases   ] GC(57)   Pre Evacuate Collection Set: 0.1ms
[2021-05-02T13:49:44.381+0000][7][gc,phases   ] GC(57)   Merge Heap Roots: 0.1ms
[2021-05-02T13:49:44.381+0000][7][gc,phases   ] GC(57)   Evacuate Collection Set: 3.4ms
[2021-05-02T13:49:44.381+0000][7][gc,phases   ] GC(57)   Post Evacuate Collection Set: 0.7ms
[2021-05-02T13:49:44.381+0000][7][gc,phases   ] GC(57)   Other: 0.3ms
[2021-05-02T13:49:44.381+0000][7][gc,heap     ] GC(57) Eden regions: 23->0(23)
[2021-05-02T13:49:44.381+0000][7][gc,heap     ] GC(57) Survivor regions: 1->1(3)
[2021-05-02T13:49:44.381+0000][7][gc,heap     ] GC(57) Old regions: 25->25
[2021-05-02T13:49:44.381+0000][7][gc,heap     ] GC(57) Archive regions: 2->2
[2021-05-02T13:49:44.381+0000][7][gc,heap     ] GC(57) Humongous regions: 2->2
[2021-05-02T13:49:44.381+0000][7][gc,metaspace] GC(57) Metaspace: 106277K(110800K)->106277K(110800K) NonClass: 92403K(95644K)->92403K(95644K) Class: 13873K(15156K)->13873K(15156K)
[2021-05-02T13:49:44.381+0000][7][gc          ] GC(57) Pause Young (Concurrent Start) (G1 Evacuation Pause) 206M->114M(256M) 4.611ms
[2021-05-02T13:49:44.381+0000][7][gc,cpu      ] GC(57) User=0.02s Sys=0.00s Real=0.01s
[2021-05-02T13:49:44.381+0000][7][gc          ] GC(58) Concurrent Cycle
[2021-05-02T13:49:44.381+0000][7][safepoint   ] Safepoint "G1CollectForAllocation", Time since last: 139549096 ns, Reaching safepoint: 133285 ns, At safepoint: 4708066 ns, Total: 4841351 ns
[2021-05-02T13:49:44.381+0000][7][gc,marking  ] GC(58) Concurrent Clear Claimed Marks
[2021-05-02T13:49:44.381+0000][7][gc,marking  ] GC(58) Concurrent Clear Claimed Marks 0.109ms
[2021-05-02T13:49:44.381+0000][7][gc,marking  ] GC(58) Concurrent Scan Root Regions
[2021-05-02T13:49:44.383+0000][7][gc,marking  ] GC(58) Concurrent Scan Root Regions 2.075ms
[2021-05-02T13:49:44.383+0000][7][gc,marking  ] GC(58) Concurrent Mark (2065.204s)
[2021-05-02T13:49:44.383+0000][7][gc,marking  ] GC(58) Concurrent Mark From Roots
[2021-05-02T13:49:44.383+0000][7][gc,task     ] GC(58) Using 2 workers of 2 for marking
[2021-05-02T13:49:44.474+0000][7][gc,marking  ] GC(58) Concurrent Mark From Roots 90.196ms
[2021-05-02T13:49:44.474+0000][7][gc,marking  ] GC(58) Concurrent Preclean
[2021-05-02T13:49:44.474+0000][7][gc,marking  ] GC(58) Concurrent Preclean 0.200ms
[2021-05-02T13:49:44.474+0000][7][gc,marking  ] GC(58) Concurrent Mark (2065.204s, 2065.294s) 90.441ms
[2021-05-02T13:49:44.474+0000][7][gc,start    ] GC(58) Pause Remark
[2021-05-02T13:49:44.479+0000][7][gc          ] GC(58) Pause Remark 114M->114M(256M) 5.026ms
[2021-05-02T13:49:44.479+0000][7][gc,cpu      ] GC(58) User=0.02s Sys=0.00s Real=0.00s
[2021-05-02T13:49:44.479+0000][7][safepoint   ] Safepoint "G1Concurrent", Time since last: 92744355 ns, Reaching safepoint: 96230 ns, At safepoint: 5093482 ns, Total: 5189712 ns
[2021-05-02T13:49:44.479+0000][7][gc,marking  ] GC(58) Concurrent Rebuild Remembered Sets
[2021-05-02T13:49:44.535+0000][7][gc,marking  ] GC(58) Concurrent Rebuild Remembered Sets 56.158ms
[2021-05-02T13:49:44.536+0000][7][gc,start    ] GC(58) Pause Cleanup
[2021-05-02T13:49:44.536+0000][7][gc          ] GC(58) Pause Cleanup 115M->115M(256M) 0.070ms
[2021-05-02T13:49:44.536+0000][7][gc,cpu      ] GC(58) User=0.00s Sys=0.00s Real=0.00s
[2021-05-02T13:49:44.536+0000][7][safepoint   ] Safepoint "G1Concurrent", Time since last: 56267421 ns, Reaching safepoint: 122625 ns, At safepoint: 108248 ns, Total: 230873 ns
[2021-05-02T13:49:44.536+0000][7][gc,marking  ] GC(58) Concurrent Cleanup for Next Mark
[2021-05-02T13:49:44.536+0000][7][gc,marking  ] GC(58) Concurrent Cleanup for Next Mark 0.164ms
[2021-05-02T13:49:44.536+0000][7][gc          ] GC(58) Concurrent Cycle 154.693ms
[2021-05-02T13:49:46.536+0000][7][safepoint   ] Safepoint "Cleanup", Time since last: 2000465541 ns, Reaching safepoint: 96731 ns, At safepoint: 5774 ns, Total: 102505 ns
[2021-05-02T13:49:55.538+0000][7][safepoint   ] Safepoint "Cleanup", Time since last: 9001171728 ns, Reaching safepoint: 139215 ns, At safepoint: 5365 ns, Total: 144580 ns
[2021-05-02T13:50:02.538+0000][7][safepoint   ] Safepoint "Cleanup", Time since last: 7000632371 ns, Reaching safepoint: 106879 ns, At safepoint: 7179 ns, Total: 114058 ns
[2021-05-02T13:50:15.540+0000][7][safepoint   ] Safepoint "Cleanup", Time since last: 13001658667 ns, Reaching safepoint: 106163 ns, At safepoint: 6523 ns, Total: 112686 ns
[2021-05-02T13:50:16.540+0000][7][safepoint   ] Safepoint "Cleanup", Time since last: 1000228941 ns, Reaching safepoint: 116122 ns, At safepoint: 7085 ns, Total: 123207 ns
[2021-05-02T13:50:24.052+0000][7][safepoint   ] Safepoint "Cleanup", Time since last: 7511376315 ns, Reaching safepoint: 83628 ns, At safepoint: 5288 ns, Total: 88916 ns
[2021-05-02T13:50:25.052+0000][7][safepoint   ] Safepoint "Cleanup", Time since last: 1000137348 ns, Reaching safepoint: 115980 ns, At safepoint: 6492 ns, Total: 122472 ns
[2021-05-02T13:50:41.054+0000][7][safepoint   ] Safepoint "Cleanup", Time since last: 16002181784 ns, Reaching safepoint: 89136 ns, At safepoint: 4176 ns, Total: 93312 ns
[2021-05-02T13:50:43.055+0000][7][safepoint   ] Safepoint "Cleanup", Time since last: 2000186299 ns, Reaching safepoint: 139164 ns, At safepoint: 10988 ns, Total: 150152 ns
[2021-05-02T13:51:00.057+0000][7][safepoint   ] Safepoint "Cleanup", Time since last: 17001810077 ns, Reaching safepoint: 94760 ns, At safepoint: 6524 ns, Total: 101284 ns
[2021-05-02T13:51:06.057+0000][7][safepoint   ] Safepoint "Cleanup", Time since last: 6000473351 ns, Reaching safepoint: 138426 ns, At safepoint: 4553 ns, Total: 142979 ns
[2021-05-02T13:51:07.058+0000][7][safepoint   ] Safepoint "Cleanup", Time since last: 1000105049 ns, Reaching safepoint: 107935 ns, At safepoint: 4542 ns, Total: 112477 ns
[2021-05-02T13:51:16.059+0000][7][safepoint   ] Safepoint "Cleanup", Time since last: 9001051843 ns, Reaching safepoint: 111748 ns, At safepoint: 6024 ns, Total: 117772 ns
[2021-05-02T13:51:17.059+0000][7][safepoint   ] Safepoint "Cleanup", Time since last: 1000209330 ns, Reaching safepoint: 85557 ns, At safepoint: 6061 ns, Total: 91618 ns
[2021-05-02T13:51:18.059+0000][7][safepoint   ] Safepoint "Cleanup", Time since last: 1000219891 ns, Reaching safepoint: 73056 ns, At safepoint: 4418 ns, Total: 77474 ns
[2021-05-02T13:51:33.061+0000][7][safepoint   ] Safepoint "Cleanup", Time since last: 15002049223 ns, Reaching safepoint: 156266 ns, At safepoint: 11721 ns, Total: 167987 ns
[2021-05-02T13:51:39.062+0000][7][safepoint   ] Safepoint "Cleanup", Time since last: 6000524743 ns, Reaching safepoint: 136831 ns, At safepoint: 11195 ns, Total: 148026 ns
[2021-05-02T13:51:42.063+0000][7][safepoint   ] Safepoint "Cleanup", Time since last: 3000288292 ns, Reaching safepoint: 74319 ns, At safepoint: 5726 ns, Total: 80045 ns
[2021-05-02T13:51:43.063+0000][7][safepoint   ] Safepoint "Cleanup", Time since last: 1000191509 ns, Reaching safepoint: 90529 ns, At safepoint: 4129 ns, Total: 94658 ns
[2021-05-02T13:51:47.063+0000][7][safepoint   ] Safepoint "Cleanup", Time since last: 4000390411 ns, Reaching safepoint: 71669 ns, At safepoint: 4781 ns, Total: 76450 ns
[2021-05-02T13:51:54.064+0000][7][safepoint   ] Safepoint "Cleanup", Time since last: 7000801170 ns, Reaching safepoint: 121495 ns, At safepoint: 6498 ns, Total: 127993 ns
[2021-05-02T13:51:56.065+0000][7][safepoint   ] Safepoint "Cleanup", Time since last: 2000500600 ns, Reaching safepoint: 96810 ns, At safepoint: 5151 ns, Total: 101961 ns
[2021-05-02T13:51:59.432+0000][7][gc,start    ] GC(59) Pause Young (Normal) (G1 Evacuation Pause)
[2021-05-02T13:51:59.432+0000][7][gc,task     ] GC(59) Using 6 workers of 8 for evacuation
[2021-05-02T13:51:59.432+0000][7][gc,age      ] GC(59) Desired survivor size 6291456 bytes, new threshold 15 (max threshold 15)
[2021-05-02T13:51:59.436+0000][7][gc,age      ] GC(59) Age table with threshold 15 (max threshold 15)
[2021-05-02T13:51:59.436+0000][7][gc,age      ] GC(59) - age   1:     601008 bytes,     601008 total
[2021-05-02T13:51:59.436+0000][7][gc,age      ] GC(59) - age   2:      16832 bytes,     617840 total
[2021-05-02T13:51:59.436+0000][7][gc,age      ] GC(59) - age   3:     478712 bytes,    1096552 total
[2021-05-02T13:51:59.436+0000][7][gc,age      ] GC(59) - age   4:       1352 bytes,    1097904 total
[2021-05-02T13:51:59.436+0000][7][gc,age      ] GC(59) - age   5:       2760 bytes,    1100664 total
[2021-05-02T13:51:59.436+0000][7][gc,age      ] GC(59) - age   6:       6128 bytes,    1106792 total
[2021-05-02T13:51:59.436+0000][7][gc,age      ] GC(59) - age   7:       3808 bytes,    1110600 total
[2021-05-02T13:51:59.436+0000][7][gc,age      ] GC(59) - age   8:       9960 bytes,    1120560 total
[2021-05-02T13:51:59.436+0000][7][gc,age      ] GC(59) - age   9:       3032 bytes,    1123592 total
[2021-05-02T13:51:59.436+0000][7][gc,age      ] GC(59) - age  10:      10176 bytes,    1133768 total
[2021-05-02T13:51:59.436+0000][7][gc,age      ] GC(59) - age  11:      10128 bytes,    1143896 total
[2021-05-02T13:51:59.436+0000][7][gc,age      ] GC(59) - age  12:      35464 bytes,    1179360 total
[2021-05-02T13:51:59.436+0000][7][gc,age      ] GC(59) - age  13:      57128 bytes,    1236488 total
[2021-05-02T13:51:59.436+0000][7][gc,age      ] GC(59) - age  14:      26248 bytes,    1262736 total
[2021-05-02T13:51:59.436+0000][7][gc,age      ] GC(59) - age  15:     682344 bytes,    1945080 total
[2021-05-02T13:51:59.436+0000][7][gc,phases   ] GC(59)   Pre Evacuate Collection Set: 0.0ms
[2021-05-02T13:51:59.436+0000][7][gc,phases   ] GC(59)   Merge Heap Roots: 0.0ms
[2021-05-02T13:51:59.436+0000][7][gc,phases   ] GC(59)   Evacuate Collection Set: 3.5ms
[2021-05-02T13:51:59.436+0000][7][gc,phases   ] GC(59)   Post Evacuate Collection Set: 0.7ms
[2021-05-02T13:51:59.436+0000][7][gc,phases   ] GC(59)   Other: 0.2ms
[2021-05-02T13:51:59.436+0000][7][gc,heap     ] GC(59) Eden regions: 23->0(22)
[2021-05-02T13:51:59.436+0000][7][gc,heap     ] GC(59) Survivor regions: 1->1(3)
[2021-05-02T13:51:59.436+0000][7][gc,heap     ] GC(59) Old regions: 25->26
[2021-05-02T13:51:59.436+0000][7][gc,heap     ] GC(59) Archive regions: 2->2
[2021-05-02T13:51:59.436+0000][7][gc,heap     ] GC(59) Humongous regions: 2->2
[2021-05-02T13:51:59.436+0000][7][gc,metaspace] GC(59) Metaspace: 106379K(111056K)->106379K(111056K) NonClass: 92505K(95900K)->92505K(95900K) Class: 13873K(15156K)->13873K(15156K)
[2021-05-02T13:51:59.436+0000][7][gc          ] GC(59) Pause Young (Normal) (G1 Evacuation Pause) 206M->114M(256M) 4.499ms
[2021-05-02T13:51:59.436+0000][7][gc,cpu      ] GC(59) User=0.02s Sys=0.00s Real=0.00s
[2021-05-02T13:51:59.436+0000][7][safepoint   ] Safepoint "G1CollectForAllocation", Time since last: 3366738694 ns, Reaching safepoint: 138041 ns, At safepoint: 4568219 ns, Total: 4706260 ns
[2021-05-02T13:52:03.437+0000][7][safepoint   ] Safepoint "Cleanup", Time since last: 4000638341 ns, Reaching safepoint: 219534 ns, At safepoint: 8837 ns, Total: 228371 ns
[2021-05-02T13:52:08.438+0000][7][safepoint   ] Safepoint "Cleanup", Time since last: 5000632328 ns, Reaching safepoint: 128811 ns, At safepoint: 8122 ns, Total: 136933 ns
[2021-05-02T13:52:46.442+0000][7][safepoint   ] Safepoint "Cleanup", Time since last: 38004033878 ns, Reaching safepoint: 114832 ns, At safepoint: 7102 ns, Total: 121934 ns
[2021-05-02T13:53:10.445+0000][7][safepoint   ] Safepoint "Cleanup", Time since last: 24002620833 ns, Reaching safepoint: 101378 ns, At safepoint: 4829 ns, Total: 106207 ns
[2021-05-02T13:53:13.445+0000][7][safepoint   ] Safepoint "Cleanup", Time since last: 3000524203 ns, Reaching safepoint: 154643 ns, At safepoint: 7951 ns, Total: 162594 ns
[2021-05-02T13:53:16.015+0000][7][safepoint   ] Safepoint "Cleanup", Time since last: 2569416367 ns, Reaching safepoint: 93437 ns, At safepoint: 4924 ns, Total: 98361 ns
[2021-05-02T13:53:17.287+0000][7][safepoint   ] Safepoint "Cleanup", Time since last: 1271681671 ns, Reaching safepoint: 95303 ns, At safepoint: 5846 ns, Total: 101149 ns
[2021-05-02T13:53:20.287+0000][7][safepoint   ] Safepoint "Cleanup", Time since last: 3000545664 ns, Reaching safepoint: 101100 ns, At safepoint: 7967 ns, Total: 109067 ns
[2021-05-02T13:53:44.290+0000][7][safepoint   ] Safepoint "Cleanup", Time since last: 24002694879 ns, Reaching safepoint: 108924 ns, At safepoint: 6251 ns, Total: 115175 ns
[2021-05-02T13:53:46.291+0000][7][safepoint   ] Safepoint "Cleanup", Time since last: 2000545295 ns, Reaching safepoint: 129181 ns, At safepoint: 5883 ns, Total: 135064 ns
[2021-05-02T13:54:08.294+0000][7][safepoint   ] Safepoint "Cleanup", Time since last: 22002594225 ns, Reaching safepoint: 119095 ns, At safepoint: 5982 ns, Total: 125077 ns
[2021-05-02T13:54:10.294+0000][7][safepoint   ] Safepoint "Cleanup", Time since last: 2000235582 ns, Reaching safepoint: 85039 ns, At safepoint: 6462 ns, Total: 91501 ns
[2021-05-02T13:54:16.238+0000][7][gc,start    ] GC(60) Pause Young (Concurrent Start) (G1 Evacuation Pause)
[2021-05-02T13:54:16.238+0000][7][gc,task     ] GC(60) Using 6 workers of 8 for evacuation
[2021-05-02T13:54:16.238+0000][7][gc,age      ] GC(60) Desired survivor size 6291456 bytes, new threshold 15 (max threshold 15)
[2021-05-02T13:54:16.241+0000][7][gc,age      ] GC(60) Age table with threshold 15 (max threshold 15)
[2021-05-02T13:54:16.241+0000][7][gc,age      ] GC(60) - age   1:     618120 bytes,     618120 total
[2021-05-02T13:54:16.241+0000][7][gc,age      ] GC(60) - age   2:      85792 bytes,     703912 total
[2021-05-02T13:54:16.241+0000][7][gc,age      ] GC(60) - age   3:      16480 bytes,     720392 total
[2021-05-02T13:54:16.241+0000][7][gc,age      ] GC(60) - age   4:     478712 bytes,    1199104 total
[2021-05-02T13:54:16.241+0000][7][gc,age      ] GC(60) - age   5:       1312 bytes,    1200416 total
[2021-05-02T13:54:16.241+0000][7][gc,age      ] GC(60) - age   6:       2760 bytes,    1203176 total
[2021-05-02T13:54:16.241+0000][7][gc,age      ] GC(60) - age   7:       6128 bytes,    1209304 total
[2021-05-02T13:54:16.242+0000][7][gc,age      ] GC(60) - age   8:       3808 bytes,    1213112 total
[2021-05-02T13:54:16.242+0000][7][gc,age      ] GC(60) - age   9:       9960 bytes,    1223072 total
[2021-05-02T13:54:16.242+0000][7][gc,age      ] GC(60) - age  10:       3032 bytes,    1226104 total
[2021-05-02T13:54:16.242+0000][7][gc,age      ] GC(60) - age  11:      10176 bytes,    1236280 total
[2021-05-02T13:54:16.242+0000][7][gc,age      ] GC(60) - age  12:      10128 bytes,    1246408 total
[2021-05-02T13:54:16.242+0000][7][gc,age      ] GC(60) - age  13:      35464 bytes,    1281872 total
[2021-05-02T13:54:16.242+0000][7][gc,age      ] GC(60) - age  14:      57128 bytes,    1339000 total
[2021-05-02T13:54:16.242+0000][7][gc,age      ] GC(60) - age  15:      26248 bytes,    1365248 total
[2021-05-02T13:54:16.242+0000][7][gc,phases   ] GC(60)   Pre Evacuate Collection Set: 0.1ms
[2021-05-02T13:54:16.242+0000][7][gc,phases   ] GC(60)   Merge Heap Roots: 0.1ms
[2021-05-02T13:54:16.242+0000][7][gc,phases   ] GC(60)   Evacuate Collection Set: 3.1ms
[2021-05-02T13:54:16.242+0000][7][gc,phases   ] GC(60)   Post Evacuate Collection Set: 0.5ms
[2021-05-02T13:54:16.242+0000][7][gc,phases   ] GC(60)   Other: 0.3ms
[2021-05-02T13:54:16.242+0000][7][gc,heap     ] GC(60) Eden regions: 22->0(22)
[2021-05-02T13:54:16.242+0000][7][gc,heap     ] GC(60) Survivor regions: 1->1(3)
[2021-05-02T13:54:16.242+0000][7][gc,heap     ] GC(60) Old regions: 26->26
[2021-05-02T13:54:16.242+0000][7][gc,heap     ] GC(60) Archive regions: 2->2
[2021-05-02T13:54:16.242+0000][7][gc,heap     ] GC(60) Humongous regions: 2->2
[2021-05-02T13:54:16.242+0000][7][gc,metaspace] GC(60) Metaspace: 106418K(111056K)->106418K(111056K) NonClass: 92544K(95900K)->92544K(95900K) Class: 13873K(15156K)->13873K(15156K)
[2021-05-02T13:54:16.242+0000][7][gc          ] GC(60) Pause Young (Concurrent Start) (G1 Evacuation Pause) 202M->114M(256M) 4.062ms
[2021-05-02T13:54:16.242+0000][7][gc,cpu      ] GC(60) User=0.02s Sys=0.00s Real=0.01s
[2021-05-02T13:54:16.242+0000][7][safepoint   ] Safepoint "G1CollectForAllocation", Time since last: 5943423264 ns, Reaching safepoint: 175915 ns, At safepoint: 4139006 ns, Total: 4314921 ns
[2021-05-02T13:54:16.242+0000][7][gc          ] GC(61) Concurrent Cycle
[2021-05-02T13:54:16.242+0000][7][gc,marking  ] GC(61) Concurrent Clear Claimed Marks
[2021-05-02T13:54:16.242+0000][7][gc,marking  ] GC(61) Concurrent Clear Claimed Marks 0.081ms
[2021-05-02T13:54:16.242+0000][7][gc,marking  ] GC(61) Concurrent Scan Root Regions
[2021-05-02T13:54:16.243+0000][7][gc,marking  ] GC(61) Concurrent Scan Root Regions 1.555ms
[2021-05-02T13:54:16.243+0000][7][gc,marking  ] GC(61) Concurrent Mark (2337.064s)
[2021-05-02T13:54:16.243+0000][7][gc,marking  ] GC(61) Concurrent Mark From Roots
[2021-05-02T13:54:16.243+0000][7][gc,task     ] GC(61) Using 2 workers of 2 for marking
[2021-05-02T13:54:16.334+0000][7][gc,marking  ] GC(61) Concurrent Mark From Roots 90.226ms
[2021-05-02T13:54:16.334+0000][7][gc,marking  ] GC(61) Concurrent Preclean
[2021-05-02T13:54:16.334+0000][7][gc,marking  ] GC(61) Concurrent Preclean 0.212ms
[2021-05-02T13:54:16.334+0000][7][gc,marking  ] GC(61) Concurrent Mark (2337.064s, 2337.154s) 90.486ms
[2021-05-02T13:54:16.334+0000][7][gc,start    ] GC(61) Pause Remark
[2021-05-02T13:54:16.344+0000][7][gc          ] GC(61) Pause Remark 116M->116M(256M) 10.236ms
[2021-05-02T13:54:16.344+0000][7][gc,cpu      ] GC(61) User=0.07s Sys=0.00s Real=0.01s
[2021-05-02T13:54:16.344+0000][7][safepoint   ] Safepoint "G1Concurrent", Time since last: 92300964 ns, Reaching safepoint: 87373 ns, At safepoint: 10325330 ns, Total: 10412703 ns
[2021-05-02T13:54:16.344+0000][7][gc,marking  ] GC(61) Concurrent Rebuild Remembered Sets
[2021-05-02T13:54:16.403+0000][7][gc,marking  ] GC(61) Concurrent Rebuild Remembered Sets 58.864ms
[2021-05-02T13:54:16.403+0000][7][gc,start    ] GC(61) Pause Cleanup
[2021-05-02T13:54:16.404+0000][7][gc          ] GC(61) Pause Cleanup 116M->116M(256M) 0.073ms
[2021-05-02T13:54:16.404+0000][7][gc,cpu      ] GC(61) User=0.00s Sys=0.00s Real=0.00s
[2021-05-02T13:54:16.404+0000][7][safepoint   ] Safepoint "G1Concurrent", Time since last: 58935267 ns, Reaching safepoint: 89609 ns, At safepoint: 116866 ns, Total: 206475 ns
[2021-05-02T13:54:16.404+0000][7][gc,marking  ] GC(61) Concurrent Cleanup for Next Mark
[2021-05-02T13:54:16.404+0000][7][gc,marking  ] GC(61) Concurrent Cleanup for Next Mark 0.141ms
[2021-05-02T13:54:16.404+0000][7][gc          ] GC(61) Concurrent Cycle 162.007ms
[2021-05-02T13:54:17.404+0000][7][safepoint   ] Safepoint "Cleanup", Time since last: 1000077844 ns, Reaching safepoint: 93907 ns, At safepoint: 6096 ns, Total: 100003 ns
[2021-05-02T13:54:18.404+0000][7][safepoint   ] Safepoint "Cleanup", Time since last: 1000090062 ns, Reaching safepoint: 95621 ns, At safepoint: 5838 ns, Total: 101459 ns
[2021-05-02T13:54:19.404+0000][7][safepoint   ] Safepoint "Cleanup", Time since last: 1000091760 ns, Reaching safepoint: 69868 ns, At safepoint: 8352 ns, Total: 78220 ns
[2021-05-02T13:54:20.404+0000][7][safepoint   ] Safepoint "Cleanup", Time since last: 1000135361 ns, Reaching safepoint: 86253 ns, At safepoint: 4582 ns, Total: 90835 ns
[2021-05-02T13:54:25.405+0000][7][safepoint   ] Safepoint "Cleanup", Time since last: 5000457883 ns, Reaching safepoint: 110911 ns, At safepoint: 6941 ns, Total: 117852 ns
[2021-05-02T13:54:33.406+0000][7][safepoint   ] Safepoint "Cleanup", Time since last: 8000651800 ns, Reaching safepoint: 117718 ns, At safepoint: 7046 ns, Total: 124764 ns
[2021-05-02T13:54:37.406+0000][7][safepoint   ] Safepoint "Cleanup", Time since last: 4000340413 ns, Reaching safepoint: 95805 ns, At safepoint: 8007 ns, Total: 103812 ns
[2021-05-02T13:54:39.406+0000][7][safepoint   ] Safepoint "Cleanup", Time since last: 2000195910 ns, Reaching safepoint: 81478 ns, At safepoint: 5271 ns, Total: 86749 ns
[2021-05-02T13:54:40.407+0000][7][safepoint   ] Safepoint "Cleanup", Time since last: 1000106301 ns, Reaching safepoint: 214734 ns, At safepoint: 6417 ns, Total: 221151 ns
[2021-05-02T13:54:43.407+0000][7][safepoint   ] Safepoint "Cleanup", Time since last: 3000363738 ns, Reaching safepoint: 137035 ns, At safepoint: 4914 ns, Total: 141949 ns
[2021-05-02T13:54:44.407+0000][7][safepoint   ] Safepoint "Cleanup", Time since last: 1000191761 ns, Reaching safepoint: 70830 ns, At safepoint: 5282 ns, Total: 76112 ns
[2021-05-02T13:54:45.408+0000][7][safepoint   ] Safepoint "Cleanup", Time since last: 1000104012 ns, Reaching safepoint: 109296 ns, At safepoint: 6468 ns, Total: 115764 ns
[2021-05-02T13:54:46.408+0000][7][safepoint   ] Safepoint "Cleanup", Time since last: 1000126972 ns, Reaching safepoint: 169649 ns, At safepoint: 4716 ns, Total: 174365 ns
[2021-05-02T13:54:55.409+0000][7][safepoint   ] Safepoint "Cleanup", Time since last: 9001061803 ns, Reaching safepoint: 150721 ns, At safepoint: 7075 ns, Total: 157796 ns
[2021-05-02T13:55:10.411+0000][7][safepoint   ] Safepoint "Cleanup", Time since last: 15001861038 ns, Reaching safepoint: 90423 ns, At safepoint: 4762 ns, Total: 95185 ns
[2021-05-02T13:55:13.412+0000][7][safepoint   ] Safepoint "Cleanup", Time since last: 3000255039 ns, Reaching safepoint: 97713 ns, At safepoint: 5195 ns, Total: 102908 ns
[2021-05-02T13:55:14.412+0000][7][safepoint   ] Safepoint "Cleanup", Time since last: 1000198349 ns, Reaching safepoint: 91450 ns, At safepoint: 5309 ns, Total: 96759 ns
[2021-05-02T13:55:15.412+0000][7][safepoint   ] Safepoint "Cleanup", Time since last: 1000105721 ns, Reaching safepoint: 76025 ns, At safepoint: 5648 ns, Total: 81673 ns
[2021-05-02T13:55:39.415+0000][7][safepoint   ] Safepoint "Cleanup", Time since last: 24002820494 ns, Reaching safepoint: 95163 ns, At safepoint: 7661 ns, Total: 102824 ns
[2021-05-02T13:55:40.740+0000][7][safepoint   ] Safepoint "ICBufferFull", Time since last: 1324640243 ns, Reaching safepoint: 234514 ns, At safepoint: 9090 ns, Total: 243604 ns
[2021-05-02T13:55:41.740+0000][7][safepoint   ] Safepoint "Cleanup", Time since last: 1000149114 ns, Reaching safepoint: 154413 ns, At safepoint: 6945 ns, Total: 161358 ns
[2021-05-02T13:55:43.741+0000][7][safepoint   ] Safepoint "Cleanup", Time since last: 2000319506 ns, Reaching safepoint: 83459 ns, At safepoint: 4866 ns, Total: 88325 ns
[2021-05-02T13:55:44.741+0000][7][safepoint   ] Safepoint "Cleanup", Time since last: 1000233620 ns, Reaching safepoint: 174232 ns, At safepoint: 6649 ns, Total: 180881 ns
[2021-05-02T13:55:45.741+0000][7][safepoint   ] Safepoint "Cleanup", Time since last: 1000198369 ns, Reaching safepoint: 141986 ns, At safepoint: 4328 ns, Total: 146314 ns
[2021-05-02T13:55:46.742+0000][7][safepoint   ] Safepoint "Cleanup", Time since last: 1000185597 ns, Reaching safepoint: 182484 ns, At safepoint: 5886 ns, Total: 188370 ns
[2021-05-02T13:55:56.256+0000][7][gc,start    ] GC(62) Pause Young (Normal) (G1 Evacuation Pause)
[2021-05-02T13:55:56.256+0000][7][gc,task     ] GC(62) Using 6 workers of 8 for evacuation
[2021-05-02T13:55:56.256+0000][7][gc,age      ] GC(62) Desired survivor size 6291456 bytes, new threshold 15 (max threshold 15)
[2021-05-02T13:55:56.259+0000][7][gc,age      ] GC(62) Age table with threshold 15 (max threshold 15)
[2021-05-02T13:55:56.259+0000][7][gc,age      ] GC(62) - age   1:     788880 bytes,     788880 total
[2021-05-02T13:55:56.259+0000][7][gc,age      ] GC(62) - age   2:       2960 bytes,     791840 total
[2021-05-02T13:55:56.259+0000][7][gc,age      ] GC(62) - age   3:      85448 bytes,     877288 total
[2021-05-02T13:55:56.259+0000][7][gc,age      ] GC(62) - age   4:      16280 bytes,     893568 total
[2021-05-02T13:55:56.259+0000][7][gc,age      ] GC(62) - age   5:     300504 bytes,    1194072 total
[2021-05-02T13:55:56.259+0000][7][gc,age      ] GC(62) - age   6:       1312 bytes,    1195384 total
[2021-05-02T13:55:56.259+0000][7][gc,age      ] GC(62) - age   7:       2760 bytes,    1198144 total
[2021-05-02T13:55:56.259+0000][7][gc,age      ] GC(62) - age   8:       6128 bytes,    1204272 total
[2021-05-02T13:55:56.259+0000][7][gc,age      ] GC(62) - age   9:       3808 bytes,    1208080 total
[2021-05-02T13:55:56.259+0000][7][gc,age      ] GC(62) - age  10:       8712 bytes,    1216792 total
[2021-05-02T13:55:56.259+0000][7][gc,age      ] GC(62) - age  11:       3032 bytes,    1219824 total
[2021-05-02T13:55:56.259+0000][7][gc,age      ] GC(62) - age  12:      10176 bytes,    1230000 total
[2021-05-02T13:55:56.259+0000][7][gc,age      ] GC(62) - age  13:      10128 bytes,    1240128 total
[2021-05-02T13:55:56.259+0000][7][gc,age      ] GC(62) - age  14:      35464 bytes,    1275592 total
[2021-05-02T13:55:56.259+0000][7][gc,age      ] GC(62) - age  15:      57128 bytes,    1332720 total
[2021-05-02T13:55:56.259+0000][7][gc,phases   ] GC(62)   Pre Evacuate Collection Set: 0.1ms
[2021-05-02T13:55:56.259+0000][7][gc,phases   ] GC(62)   Merge Heap Roots: 0.1ms
[2021-05-02T13:55:56.259+0000][7][gc,phases   ] GC(62)   Evacuate Collection Set: 1.9ms
[2021-05-02T13:55:56.259+0000][7][gc,phases   ] GC(62)   Post Evacuate Collection Set: 0.5ms
[2021-05-02T13:55:56.259+0000][7][gc,phases   ] GC(62)   Other: 0.2ms
[2021-05-02T13:55:56.259+0000][7][gc,heap     ] GC(62) Eden regions: 22->0(22)
[2021-05-02T13:55:56.259+0000][7][gc,heap     ] GC(62) Survivor regions: 1->1(3)
[2021-05-02T13:55:56.259+0000][7][gc,heap     ] GC(62) Old regions: 26->26
[2021-05-02T13:55:56.259+0000][7][gc,heap     ] GC(62) Archive regions: 2->2
[2021-05-02T13:55:56.259+0000][7][gc,heap     ] GC(62) Humongous regions: 2->2
[2021-05-02T13:55:56.259+0000][7][gc,metaspace] GC(62) Metaspace: 106467K(111056K)->106467K(111056K) NonClass: 92595K(95900K)->92595K(95900K) Class: 13871K(15156K)->13871K(15156K)
[2021-05-02T13:55:56.259+0000][7][gc          ] GC(62) Pause Young (Normal) (G1 Evacuation Pause) 202M->114M(256M) 2.797ms
[2021-05-02T13:55:56.259+0000][7][gc,cpu      ] GC(62) User=0.01s Sys=0.00s Real=0.00s
[2021-05-02T13:55:56.259+0000][7][safepoint   ] Safepoint "G1CollectForAllocation", Time since last: 9514109954 ns, Reaching safepoint: 124683 ns, At safepoint: 2867208 ns, Total: 2991891 ns
[2021-05-02T13:56:03.260+0000][7][safepoint   ] Safepoint "Cleanup", Time since last: 7001319077 ns, Reaching safepoint: 136764 ns, At safepoint: 6807 ns, Total: 143571 ns
[2021-05-02T13:56:16.262+0000][7][safepoint   ] Safepoint "Cleanup", Time since last: 13001701294 ns, Reaching safepoint: 97965 ns, At safepoint: 6469 ns, Total: 104434 ns
[2021-05-02T13:56:55.268+0000][7][safepoint   ] Safepoint "Cleanup", Time since last: 39005887409 ns, Reaching safepoint: 92532 ns, At safepoint: 5892 ns, Total: 98424 ns
[2021-05-02T13:57:16.271+0000][7][safepoint   ] Safepoint "Cleanup", Time since last: 21002975046 ns, Reaching safepoint: 94511 ns, At safepoint: 7108 ns, Total: 101619 ns
[2021-05-02T13:57:33.273+0000][7][safepoint   ] Safepoint "Cleanup", Time since last: 17002047336 ns, Reaching safepoint: 104596 ns, At safepoint: 4072 ns, Total: 108668 ns
[2021-05-02T13:57:35.274+0000][7][safepoint   ] Safepoint "Cleanup", Time since last: 2000265304 ns, Reaching safepoint: 166088 ns, At safepoint: 4837 ns, Total: 170925 ns
[2021-05-02T13:57:43.275+0000][7][safepoint   ] Safepoint "Cleanup", Time since last: 8001449922 ns, Reaching safepoint: 95674 ns, At safepoint: 5525 ns, Total: 101199 ns
[2021-05-02T13:57:46.276+0000][7][safepoint   ] Safepoint "Cleanup", Time since last: 3000292092 ns, Reaching safepoint: 117120 ns, At safepoint: 8254 ns, Total: 125374 ns
[2021-05-02T13:57:55.277+0000][7][safepoint   ] Safepoint "Cleanup", Time since last: 9001208106 ns, Reaching safepoint: 102567 ns, At safepoint: 8552 ns, Total: 111119 ns
[2021-05-02T13:58:10.279+0000][7][safepoint   ] Safepoint "Cleanup", Time since last: 15002167042 ns, Reaching safepoint: 127253 ns, At safepoint: 5445 ns, Total: 132698 ns
[2021-05-02T13:58:16.254+0000][7][gc,start    ] GC(63) Pause Young (Concurrent Start) (G1 Evacuation Pause)
[2021-05-02T13:58:16.254+0000][7][gc,task     ] GC(63) Using 6 workers of 8 for evacuation
[2021-05-02T13:58:16.254+0000][7][gc,age      ] GC(63) Desired survivor size 6291456 bytes, new threshold 15 (max threshold 15)
[2021-05-02T13:58:16.257+0000][7][gc,age      ] GC(63) Age table with threshold 15 (max threshold 15)
[2021-05-02T13:58:16.257+0000][7][gc,age      ] GC(63) - age   1:     659376 bytes,     659376 total
[2021-05-02T13:58:16.257+0000][7][gc,age      ] GC(63) - age   2:     279008 bytes,     938384 total
[2021-05-02T13:58:16.257+0000][7][gc,age      ] GC(63) - age   3:       2144 bytes,     940528 total
[2021-05-02T13:58:16.257+0000][7][gc,age      ] GC(63) - age   4:      85448 bytes,    1025976 total
[2021-05-02T13:58:16.257+0000][7][gc,age      ] GC(63) - age   5:      16280 bytes,    1042256 total
[2021-05-02T13:58:16.257+0000][7][gc,age      ] GC(63) - age   6:     300504 bytes,    1342760 total
[2021-05-02T13:58:16.257+0000][7][gc,age      ] GC(63) - age   7:       1312 bytes,    1344072 total
[2021-05-02T13:58:16.257+0000][7][gc,age      ] GC(63) - age   8:       2736 bytes,    1346808 total
[2021-05-02T13:58:16.257+0000][7][gc,age      ] GC(63) - age   9:       6128 bytes,    1352936 total
[2021-05-02T13:58:16.257+0000][7][gc,age      ] GC(63) - age  10:       3784 bytes,    1356720 total
[2021-05-02T13:58:16.257+0000][7][gc,age      ] GC(63) - age  11:       8712 bytes,    1365432 total
[2021-05-02T13:58:16.257+0000][7][gc,age      ] GC(63) - age  12:       3032 bytes,    1368464 total
[2021-05-02T13:58:16.257+0000][7][gc,age      ] GC(63) - age  13:      10176 bytes,    1378640 total
[2021-05-02T13:58:16.257+0000][7][gc,age      ] GC(63) - age  14:      10128 bytes,    1388768 total
[2021-05-02T13:58:16.257+0000][7][gc,age      ] GC(63) - age  15:      35464 bytes,    1424232 total
[2021-05-02T13:58:16.257+0000][7][gc,phases   ] GC(63)   Pre Evacuate Collection Set: 0.1ms
[2021-05-02T13:58:16.257+0000][7][gc,phases   ] GC(63)   Merge Heap Roots: 0.0ms
[2021-05-02T13:58:16.257+0000][7][gc,phases   ] GC(63)   Evacuate Collection Set: 2.0ms
[2021-05-02T13:58:16.257+0000][7][gc,phases   ] GC(63)   Post Evacuate Collection Set: 0.6ms
[2021-05-02T13:58:16.257+0000][7][gc,phases   ] GC(63)   Other: 0.3ms
[2021-05-02T13:58:16.257+0000][7][gc,heap     ] GC(63) Eden regions: 22->0(22)
[2021-05-02T13:58:16.257+0000][7][gc,heap     ] GC(63) Survivor regions: 1->1(3)
[2021-05-02T13:58:16.257+0000][7][gc,heap     ] GC(63) Old regions: 26->26
[2021-05-02T13:58:16.257+0000][7][gc,heap     ] GC(63) Archive regions: 2->2
[2021-05-02T13:58:16.257+0000][7][gc,heap     ] GC(63) Humongous regions: 2->2
[2021-05-02T13:58:16.257+0000][7][gc,metaspace] GC(63) Metaspace: 106515K(111056K)->106515K(111056K) NonClass: 92643K(95900K)->92643K(95900K) Class: 13871K(15156K)->13871K(15156K)
[2021-05-02T13:58:16.257+0000][7][gc          ] GC(63) Pause Young (Concurrent Start) (G1 Evacuation Pause) 202M->114M(256M) 3.085ms
[2021-05-02T13:58:16.257+0000][7][gc,cpu      ] GC(63) User=0.02s Sys=0.00s Real=0.00s
[2021-05-02T13:58:16.257+0000][7][gc          ] GC(64) Concurrent Cycle
[2021-05-02T13:58:16.257+0000][7][safepoint   ] Safepoint "G1CollectForAllocation", Time since last: 5974329022 ns, Reaching safepoint: 161818 ns, At safepoint: 3168565 ns, Total: 3330383 ns
[2021-05-02T13:58:16.257+0000][7][gc,marking  ] GC(64) Concurrent Clear Claimed Marks
[2021-05-02T13:58:16.257+0000][7][gc,marking  ] GC(64) Concurrent Clear Claimed Marks 0.121ms
[2021-05-02T13:58:16.257+0000][7][gc,marking  ] GC(64) Concurrent Scan Root Regions
[2021-05-02T13:58:16.258+0000][7][gc,marking  ] GC(64) Concurrent Scan Root Regions 1.214ms
[2021-05-02T13:58:16.258+0000][7][gc,marking  ] GC(64) Concurrent Mark (2577.078s)
[2021-05-02T13:58:16.258+0000][7][gc,marking  ] GC(64) Concurrent Mark From Roots
[2021-05-02T13:58:16.258+0000][7][gc,task     ] GC(64) Using 2 workers of 2 for marking
[2021-05-02T13:58:16.346+0000][7][gc,marking  ] GC(64) Concurrent Mark From Roots 87.800ms
[2021-05-02T13:58:16.346+0000][7][gc,marking  ] GC(64) Concurrent Preclean
[2021-05-02T13:58:16.347+0000][7][gc,marking  ] GC(64) Concurrent Preclean 0.284ms
[2021-05-02T13:58:16.347+0000][7][gc,marking  ] GC(64) Concurrent Mark (2577.078s, 2577.167s) 88.163ms
[2021-05-02T13:58:16.347+0000][7][gc,start    ] GC(64) Pause Remark
[2021-05-02T13:58:16.351+0000][7][gc          ] GC(64) Pause Remark 117M->117M(256M) 4.812ms
[2021-05-02T13:58:16.352+0000][7][gc,cpu      ] GC(64) User=0.03s Sys=0.01s Real=0.01s
[2021-05-02T13:58:16.352+0000][7][safepoint   ] Safepoint "G1Concurrent", Time since last: 89613828 ns, Reaching safepoint: 80260 ns, At safepoint: 4883297 ns, Total: 4963557 ns
[2021-05-02T13:58:16.352+0000][7][gc,marking  ] GC(64) Concurrent Rebuild Remembered Sets
[2021-05-02T13:58:16.412+0000][7][gc,marking  ] GC(64) Concurrent Rebuild Remembered Sets 60.070ms
[2021-05-02T13:58:16.412+0000][7][gc,start    ] GC(64) Pause Cleanup
[2021-05-02T13:58:16.412+0000][7][gc          ] GC(64) Pause Cleanup 117M->117M(256M) 0.070ms
[2021-05-02T13:58:16.412+0000][7][gc,cpu      ] GC(64) User=0.00s Sys=0.00s Real=0.00s
[2021-05-02T13:58:16.412+0000][7][safepoint   ] Safepoint "G1Concurrent", Time since last: 60183245 ns, Reaching safepoint: 77384 ns, At safepoint: 111193 ns, Total: 188577 ns
[2021-05-02T13:58:16.412+0000][7][gc,marking  ] GC(64) Concurrent Cleanup for Next Mark
[2021-05-02T13:58:16.412+0000][7][gc,marking  ] GC(64) Concurrent Cleanup for Next Mark 0.314ms
[2021-05-02T13:58:16.412+0000][7][gc          ] GC(64) Concurrent Cycle 155.323ms
[2021-05-02T13:58:40.415+0000][7][safepoint   ] Safepoint "Cleanup", Time since last: 24002677440 ns, Reaching safepoint: 94469 ns, At safepoint: 6548 ns, Total: 101017 ns
[2021-05-02T13:58:43.415+0000][7][safepoint   ] Safepoint "Cleanup", Time since last: 3000379990 ns, Reaching safepoint: 207518 ns, At safepoint: 16741 ns, Total: 224259 ns
[2021-05-02T13:58:56.417+0000][7][safepoint   ] Safepoint "Cleanup", Time since last: 13001951443 ns, Reaching safepoint: 127329 ns, At safepoint: 5374 ns, Total: 132703 ns
[2021-05-02T13:59:08.419+0000][7][safepoint   ] Safepoint "Cleanup", Time since last: 12001668809 ns, Reaching safepoint: 192092 ns, At safepoint: 7473 ns, Total: 199565 ns
[2021-05-02T13:59:10.420+0000][7][safepoint   ] Safepoint "Cleanup", Time since last: 2000305463 ns, Reaching safepoint: 105700 ns, At safepoint: 5385 ns, Total: 111085 ns
[2021-05-02T13:59:13.420+0000][7][safepoint   ] Safepoint "Cleanup", Time since last: 3000356277 ns, Reaching safepoint: 88047 ns, At safepoint: 6772 ns, Total: 94819 ns
[2021-05-02T13:59:15.421+0000][7][safepoint   ] Safepoint "Cleanup", Time since last: 2000417613 ns, Reaching safepoint: 150658 ns, At safepoint: 4707 ns, Total: 155365 ns
[2021-05-02T13:59:16.421+0000][7][safepoint   ] Safepoint "Cleanup", Time since last: 1000104726 ns, Reaching safepoint: 94266 ns, At safepoint: 4686 ns, Total: 98952 ns
[2021-05-02T13:59:35.424+0000][7][safepoint   ] Safepoint "Cleanup", Time since last: 19002734375 ns, Reaching safepoint: 100570 ns, At safepoint: 5458 ns, Total: 106028 ns
[2021-05-02T13:59:43.425+0000][7][safepoint   ] Safepoint "Cleanup", Time since last: 8001174716 ns, Reaching safepoint: 89438 ns, At safepoint: 4683 ns, Total: 94121 ns
[2021-05-02T13:59:46.426+0000][7][safepoint   ] Safepoint "Cleanup", Time since last: 3000512688 ns, Reaching safepoint: 91952 ns, At safepoint: 5054 ns, Total: 97006 ns
[2021-05-02T14:00:13.430+0000][7][safepoint   ] Safepoint "Cleanup", Time since last: 27004242970 ns, Reaching safepoint: 148254 ns, At safepoint: 6538 ns, Total: 154792 ns
[2021-05-02T14:00:15.431+0000][7][safepoint   ] Safepoint "Cleanup", Time since last: 2000427307 ns, Reaching safepoint: 101869 ns, At safepoint: 6623 ns, Total: 108492 ns
[2021-05-02T14:00:16.431+0000][7][safepoint   ] Safepoint "Cleanup", Time since last: 1000098353 ns, Reaching safepoint: 77365 ns, At safepoint: 5941 ns, Total: 83306 ns
[2021-05-02T14:00:24.432+0000][7][safepoint   ] Safepoint "Cleanup", Time since last: 8000851817 ns, Reaching safepoint: 85865 ns, At safepoint: 5124 ns, Total: 90989 ns
[2021-05-02T14:00:37.673+0000][7][gc,start    ] GC(65) Pause Young (Normal) (G1 Evacuation Pause)
[2021-05-02T14:00:37.673+0000][7][gc,task     ] GC(65) Using 6 workers of 8 for evacuation
[2021-05-02T14:00:37.673+0000][7][gc,age      ] GC(65) Desired survivor size 6291456 bytes, new threshold 15 (max threshold 15)
[2021-05-02T14:00:37.675+0000][7][gc,age      ] GC(65) Age table with threshold 15 (max threshold 15)
[2021-05-02T14:00:37.675+0000][7][gc,age      ] GC(65) - age   1:     522648 bytes,     522648 total
[2021-05-02T14:00:37.675+0000][7][gc,age      ] GC(65) - age   2:       9872 bytes,     532520 total
[2021-05-02T14:00:37.675+0000][7][gc,age      ] GC(65) - age   3:     157568 bytes,     690088 total
[2021-05-02T14:00:37.675+0000][7][gc,age      ] GC(65) - age   4:       1880 bytes,     691968 total
[2021-05-02T14:00:37.675+0000][7][gc,age      ] GC(65) - age   5:      85328 bytes,     777296 total
[2021-05-02T14:00:37.675+0000][7][gc,age      ] GC(65) - age   6:      16280 bytes,     793576 total
[2021-05-02T14:00:37.675+0000][7][gc,age      ] GC(65) - age   7:     300504 bytes,    1094080 total
[2021-05-02T14:00:37.675+0000][7][gc,age      ] GC(65) - age   8:       1288 bytes,    1095368 total
[2021-05-02T14:00:37.675+0000][7][gc,age      ] GC(65) - age   9:       2736 bytes,    1098104 total
[2021-05-02T14:00:37.675+0000][7][gc,age      ] GC(65) - age  10:       6128 bytes,    1104232 total
[2021-05-02T14:00:37.675+0000][7][gc,age      ] GC(65) - age  11:       3760 bytes,    1107992 total
[2021-05-02T14:00:37.675+0000][7][gc,age      ] GC(65) - age  12:       8480 bytes,    1116472 total
[2021-05-02T14:00:37.675+0000][7][gc,age      ] GC(65) - age  13:       3032 bytes,    1119504 total
[2021-05-02T14:00:37.675+0000][7][gc,age      ] GC(65) - age  14:      10176 bytes,    1129680 total
[2021-05-02T14:00:37.675+0000][7][gc,age      ] GC(65) - age  15:      10128 bytes,    1139808 total
[2021-05-02T14:00:37.675+0000][7][gc,phases   ] GC(65)   Pre Evacuate Collection Set: 0.0ms
[2021-05-02T14:00:37.675+0000][7][gc,phases   ] GC(65)   Merge Heap Roots: 0.1ms
[2021-05-02T14:00:37.675+0000][7][gc,phases   ] GC(65)   Evacuate Collection Set: 1.5ms
[2021-05-02T14:00:37.675+0000][7][gc,phases   ] GC(65)   Post Evacuate Collection Set: 0.5ms
[2021-05-02T14:00:37.675+0000][7][gc,phases   ] GC(65)   Other: 0.2ms
[2021-05-02T14:00:37.675+0000][7][gc,heap     ] GC(65) Eden regions: 22->0(22)
[2021-05-02T14:00:37.675+0000][7][gc,heap     ] GC(65) Survivor regions: 1->1(3)
[2021-05-02T14:00:37.675+0000][7][gc,heap     ] GC(65) Old regions: 26->26
[2021-05-02T14:00:37.675+0000][7][gc,heap     ] GC(65) Archive regions: 2->2
[2021-05-02T14:00:37.675+0000][7][gc,heap     ] GC(65) Humongous regions: 2->2
[2021-05-02T14:00:37.675+0000][7][gc,metaspace] GC(65) Metaspace: 106644K(111312K)->106644K(111312K) NonClass: 92772K(96156K)->92772K(96156K) Class: 13872K(15156K)->13872K(15156K)
[2021-05-02T14:00:37.675+0000][7][gc          ] GC(65) Pause Young (Normal) (G1 Evacuation Pause) 202M->114M(256M) 2.333ms
[2021-05-02T14:00:37.675+0000][7][gc,cpu      ] GC(65) User=0.01s Sys=0.00s Real=0.00s
[2021-05-02T14:00:37.675+0000][7][safepoint   ] Safepoint "G1CollectForAllocation", Time since last: 13240954617 ns, Reaching safepoint: 131116 ns, At safepoint: 2393308 ns, Total: 2524424 ns
[2021-05-02T14:00:39.676+0000][7][safepoint   ] Safepoint "Cleanup", Time since last: 2000321228 ns, Reaching safepoint: 199116 ns, At safepoint: 7177 ns, Total: 206293 ns
[2021-05-02T14:00:43.676+0000][7][safepoint   ] Safepoint "Cleanup", Time since last: 4000330138 ns, Reaching safepoint: 119099 ns, At safepoint: 7507 ns, Total: 126606 ns
[2021-05-02T14:00:44.677+0000][7][safepoint   ] Safepoint "Cleanup", Time since last: 1000318513 ns, Reaching safepoint: 78159 ns, At safepoint: 5241 ns, Total: 83400 ns
[2021-05-02T14:00:45.677+0000][7][safepoint   ] Safepoint "Cleanup", Time since last: 1000129262 ns, Reaching safepoint: 121514 ns, At safepoint: 6390 ns, Total: 127904 ns
[2021-05-02T14:00:46.677+0000][7][safepoint   ] Safepoint "Cleanup", Time since last: 1000142441 ns, Reaching safepoint: 123332 ns, At safepoint: 6404 ns, Total: 129736 ns
[2021-05-02T14:01:10.681+0000][7][safepoint   ] Safepoint "Cleanup", Time since last: 24003302977 ns, Reaching safepoint: 124770 ns, At safepoint: 7816 ns, Total: 132586 ns
[2021-05-02T14:01:14.682+0000][7][safepoint   ] Safepoint "Cleanup", Time since last: 4000940535 ns, Reaching safepoint: 80006 ns, At safepoint: 6516 ns, Total: 86522 ns
[2021-05-02T14:01:16.682+0000][7][safepoint   ] Safepoint "Cleanup", Time since last: 2000305285 ns, Reaching safepoint: 160897 ns, At safepoint: 7372 ns, Total: 168269 ns
[2021-05-02T14:01:43.687+0000][7][safepoint   ] Safepoint "Cleanup", Time since last: 27004371766 ns, Reaching safepoint: 150129 ns, At safepoint: 7320 ns, Total: 157449 ns
[2021-05-02T14:01:55.688+0000][7][safepoint   ] Safepoint "Cleanup", Time since last: 12001056360 ns, Reaching safepoint: 68201 ns, At safepoint: 4394 ns, Total: 72595 ns
[2021-05-02T14:02:08.689+0000][7][safepoint   ] Safepoint "Cleanup", Time since last: 13001455402 ns, Reaching safepoint: 98189 ns, At safepoint: 6368 ns, Total: 104557 ns
[2021-05-02T14:02:09.690+0000][7][safepoint   ] Safepoint "Cleanup", Time since last: 1000135963 ns, Reaching safepoint: 139353 ns, At safepoint: 6555 ns, Total: 145908 ns
[2021-05-02T14:02:13.690+0000][7][safepoint   ] Safepoint "Cleanup", Time since last: 4000709777 ns, Reaching safepoint: 107620 ns, At safepoint: 5881 ns, Total: 113501 ns
[2021-05-02T14:02:16.691+0000][7][safepoint   ] Safepoint "Cleanup", Time since last: 3000614553 ns, Reaching safepoint: 122390 ns, At safepoint: 7535 ns, Total: 129925 ns
[2021-05-02T14:02:43.695+0000][7][safepoint   ] Safepoint "Cleanup", Time since last: 27004151626 ns, Reaching safepoint: 101253 ns, At safepoint: 6662 ns, Total: 107915 ns
[2021-05-02T14:02:46.271+0000][7][gc,start    ] GC(66) Pause Young (Concurrent Start) (G1 Evacuation Pause)
[2021-05-02T14:02:46.271+0000][7][gc,task     ] GC(66) Using 6 workers of 8 for evacuation
[2021-05-02T14:02:46.271+0000][7][gc,age      ] GC(66) Desired survivor size 6291456 bytes, new threshold 15 (max threshold 15)
[2021-05-02T14:02:46.273+0000][7][gc,age      ] GC(66) Age table with threshold 15 (max threshold 15)
[2021-05-02T14:02:46.273+0000][7][gc,age      ] GC(66) - age   1:     440512 bytes,     440512 total
[2021-05-02T14:02:46.273+0000][7][gc,age      ] GC(66) - age   2:       5312 bytes,     445824 total
[2021-05-02T14:02:46.273+0000][7][gc,age      ] GC(66) - age   3:       8912 bytes,     454736 total
[2021-05-02T14:02:46.273+0000][7][gc,age      ] GC(66) - age   4:     157456 bytes,     612192 total
[2021-05-02T14:02:46.273+0000][7][gc,age      ] GC(66) - age   5:       1880 bytes,     614072 total
[2021-05-02T14:02:46.273+0000][7][gc,age      ] GC(66) - age   6:      85328 bytes,     699400 total
[2021-05-02T14:02:46.273+0000][7][gc,age      ] GC(66) - age   7:      16280 bytes,     715680 total
[2021-05-02T14:02:46.273+0000][7][gc,age      ] GC(66) - age   8:     300296 bytes,    1015976 total
[2021-05-02T14:02:46.273+0000][7][gc,age      ] GC(66) - age   9:       1288 bytes,    1017264 total
[2021-05-02T14:02:46.273+0000][7][gc,age      ] GC(66) - age  10:       2736 bytes,    1020000 total
[2021-05-02T14:02:46.273+0000][7][gc,age      ] GC(66) - age  11:       6128 bytes,    1026128 total
[2021-05-02T14:02:46.273+0000][7][gc,age      ] GC(66) - age  12:       3760 bytes,    1029888 total
[2021-05-02T14:02:46.273+0000][7][gc,age      ] GC(66) - age  13:       8480 bytes,    1038368 total
[2021-05-02T14:02:46.273+0000][7][gc,age      ] GC(66) - age  14:       3032 bytes,    1041400 total
[2021-05-02T14:02:46.273+0000][7][gc,age      ] GC(66) - age  15:      10176 bytes,    1051576 total
[2021-05-02T14:02:46.273+0000][7][gc,phases   ] GC(66)   Pre Evacuate Collection Set: 0.1ms
[2021-05-02T14:02:46.273+0000][7][gc,phases   ] GC(66)   Merge Heap Roots: 0.0ms
[2021-05-02T14:02:46.273+0000][7][gc,phases   ] GC(66)   Evacuate Collection Set: 1.5ms
[2021-05-02T14:02:46.273+0000][7][gc,phases   ] GC(66)   Post Evacuate Collection Set: 0.5ms
[2021-05-02T14:02:46.273+0000][7][gc,phases   ] GC(66)   Other: 0.2ms
[2021-05-02T14:02:46.273+0000][7][gc,heap     ] GC(66) Eden regions: 22->0(22)
[2021-05-02T14:02:46.273+0000][7][gc,heap     ] GC(66) Survivor regions: 1->1(3)
[2021-05-02T14:02:46.273+0000][7][gc,heap     ] GC(66) Old regions: 26->26
[2021-05-02T14:02:46.273+0000][7][gc,heap     ] GC(66) Archive regions: 2->2
[2021-05-02T14:02:46.273+0000][7][gc,heap     ] GC(66) Humongous regions: 2->2
[2021-05-02T14:02:46.273+0000][7][gc,metaspace] GC(66) Metaspace: 106685K(111312K)->106685K(111312K) NonClass: 92812K(96156K)->92812K(96156K) Class: 13873K(15156K)->13873K(15156K)
[2021-05-02T14:02:46.273+0000][7][gc          ] GC(66) Pause Young (Concurrent Start) (G1 Evacuation Pause) 202M->114M(256M) 2.442ms
[2021-05-02T14:02:46.273+0000][7][gc,cpu      ] GC(66) User=0.01s Sys=0.00s Real=0.00s
[2021-05-02T14:02:46.274+0000][7][gc          ] GC(67) Concurrent Cycle
[2021-05-02T14:02:46.274+0000][7][safepoint   ] Safepoint "G1CollectForAllocation", Time since last: 2575482020 ns, Reaching safepoint: 197153 ns, At safepoint: 2512908 ns, Total: 2710061 ns
[2021-05-02T14:02:46.274+0000][7][gc,marking  ] GC(67) Concurrent Clear Claimed Marks
[2021-05-02T14:02:46.274+0000][7][gc,marking  ] GC(67) Concurrent Clear Claimed Marks 0.075ms
[2021-05-02T14:02:46.274+0000][7][gc,marking  ] GC(67) Concurrent Scan Root Regions
[2021-05-02T14:02:46.276+0000][7][gc,marking  ] GC(67) Concurrent Scan Root Regions 1.948ms
[2021-05-02T14:02:46.276+0000][7][gc,marking  ] GC(67) Concurrent Mark (2847.096s)
[2021-05-02T14:02:46.276+0000][7][gc,marking  ] GC(67) Concurrent Mark From Roots
[2021-05-02T14:02:46.276+0000][7][gc,task     ] GC(67) Using 2 workers of 2 for marking
[2021-05-02T14:02:46.367+0000][7][gc,marking  ] GC(67) Concurrent Mark From Roots 91.040ms
[2021-05-02T14:02:46.367+0000][7][gc,marking  ] GC(67) Concurrent Preclean
[2021-05-02T14:02:46.367+0000][7][gc,marking  ] GC(67) Concurrent Preclean 0.222ms
[2021-05-02T14:02:46.367+0000][7][gc,marking  ] GC(67) Concurrent Mark (2847.096s, 2847.187s) 91.308ms
[2021-05-02T14:02:46.367+0000][7][gc,start    ] GC(67) Pause Remark
[2021-05-02T14:02:46.372+0000][7][gc          ] GC(67) Pause Remark 117M->117M(256M) 4.949ms
[2021-05-02T14:02:46.372+0000][7][gc,cpu      ] GC(67) User=0.03s Sys=0.00s Real=0.01s
[2021-05-02T14:02:46.372+0000][7][safepoint   ] Safepoint "G1Concurrent", Time since last: 93441522 ns, Reaching safepoint: 112283 ns, At safepoint: 5020715 ns, Total: 5132998 ns
[2021-05-02T14:02:46.372+0000][7][gc,marking  ] GC(67) Concurrent Rebuild Remembered Sets
[2021-05-02T14:02:46.427+0000][7][gc,marking  ] GC(67) Concurrent Rebuild Remembered Sets 55.175ms
[2021-05-02T14:02:46.427+0000][7][gc,start    ] GC(67) Pause Cleanup
[2021-05-02T14:02:46.428+0000][7][gc          ] GC(67) Pause Cleanup 117M->117M(256M) 0.061ms
[2021-05-02T14:02:46.428+0000][7][gc,cpu      ] GC(67) User=0.00s Sys=0.00s Real=0.00s
[2021-05-02T14:02:46.428+0000][7][safepoint   ] Safepoint "G1Concurrent", Time since last: 55281246 ns, Reaching safepoint: 65909 ns, At safepoint: 98294 ns, Total: 164203 ns
[2021-05-02T14:02:46.428+0000][7][gc,marking  ] GC(67) Concurrent Cleanup for Next Mark
[2021-05-02T14:02:46.428+0000][7][gc,marking  ] GC(67) Concurrent Cleanup for Next Mark 0.112ms
[2021-05-02T14:02:46.428+0000][7][gc          ] GC(67) Concurrent Cycle 154.170ms
[2021-05-02T14:03:15.432+0000][7][safepoint   ] Safepoint "Cleanup", Time since last: 29003981174 ns, Reaching safepoint: 189516 ns, At safepoint: 8063 ns, Total: 197579 ns
[2021-05-02T14:03:16.432+0000][7][safepoint   ] Safepoint "Cleanup", Time since last: 1000432840 ns, Reaching safepoint: 94205 ns, At safepoint: 5091 ns, Total: 99296 ns
[2021-05-02T14:03:25.434+0000][7][safepoint   ] Safepoint "Cleanup", Time since last: 9001898058 ns, Reaching safepoint: 106634 ns, At safepoint: 5960 ns, Total: 112594 ns
[2021-05-02T14:03:43.437+0000][7][safepoint   ] Safepoint "Cleanup", Time since last: 18002297372 ns, Reaching safepoint: 98188 ns, At safepoint: 5259 ns, Total: 103447 ns
[2021-05-02T14:03:46.438+0000][7][safepoint   ] Safepoint "Cleanup", Time since last: 3000804752 ns, Reaching safepoint: 96561 ns, At safepoint: 4181 ns, Total: 100742 ns
[2021-05-02T14:04:10.442+0000][7][safepoint   ] Safepoint "Cleanup", Time since last: 24003854921 ns, Reaching safepoint: 102745 ns, At safepoint: 4878 ns, Total: 107623 ns
[2021-05-02T14:04:16.443+0000][7][safepoint   ] Safepoint "Cleanup", Time since last: 6001142057 ns, Reaching safepoint: 103360 ns, At safepoint: 7263 ns, Total: 110623 ns
[2021-05-02T14:04:27.445+0000][7][safepoint   ] Safepoint "Cleanup", Time since last: 11001781640 ns, Reaching safepoint: 133498 ns, At safepoint: 6625 ns, Total: 140123 ns
[2021-05-02T14:04:46.449+0000][7][safepoint   ] Safepoint "Cleanup", Time since last: 19003824314 ns, Reaching safepoint: 129325 ns, At safepoint: 5899 ns, Total: 135224 ns
[2021-05-02T14:05:06.696+0000][7][gc,start    ] GC(68) Pause Young (Normal) (G1 Evacuation Pause)
[2021-05-02T14:05:06.696+0000][7][gc,task     ] GC(68) Using 6 workers of 8 for evacuation
[2021-05-02T14:05:06.696+0000][7][gc,age      ] GC(68) Desired survivor size 6291456 bytes, new threshold 15 (max threshold 15)
[2021-05-02T14:05:06.698+0000][7][gc,age      ] GC(68) Age table with threshold 15 (max threshold 15)
[2021-05-02T14:05:06.698+0000][7][gc,age      ] GC(68) - age   1:     519160 bytes,     519160 total
[2021-05-02T14:05:06.698+0000][7][gc,age      ] GC(68) - age   2:       3992 bytes,     523152 total
[2021-05-02T14:05:06.698+0000][7][gc,age      ] GC(68) - age   3:       5280 bytes,     528432 total
[2021-05-02T14:05:06.698+0000][7][gc,age      ] GC(68) - age   4:       8912 bytes,     537344 total
[2021-05-02T14:05:06.698+0000][7][gc,age      ] GC(68) - age   5:     157256 bytes,     694600 total
[2021-05-02T14:05:06.698+0000][7][gc,age      ] GC(68) - age   6:       1880 bytes,     696480 total
[2021-05-02T14:05:06.698+0000][7][gc,age      ] GC(68) - age   7:      85288 bytes,     781768 total
[2021-05-02T14:05:06.698+0000][7][gc,age      ] GC(68) - age   8:      16280 bytes,     798048 total
[2021-05-02T14:05:06.698+0000][7][gc,age      ] GC(68) - age   9:     300296 bytes,    1098344 total
[2021-05-02T14:05:06.698+0000][7][gc,age      ] GC(68) - age  10:       1288 bytes,    1099632 total
[2021-05-02T14:05:06.698+0000][7][gc,age      ] GC(68) - age  11:       2736 bytes,    1102368 total
[2021-05-02T14:05:06.698+0000][7][gc,age      ] GC(68) - age  12:       6128 bytes,    1108496 total
[2021-05-02T14:05:06.698+0000][7][gc,age      ] GC(68) - age  13:       3760 bytes,    1112256 total
[2021-05-02T14:05:06.698+0000][7][gc,age      ] GC(68) - age  14:       8480 bytes,    1120736 total
[2021-05-02T14:05:06.698+0000][7][gc,age      ] GC(68) - age  15:       3032 bytes,    1123768 total
[2021-05-02T14:05:06.698+0000][7][gc,phases   ] GC(68)   Pre Evacuate Collection Set: 0.0ms
[2021-05-02T14:05:06.698+0000][7][gc,phases   ] GC(68)   Merge Heap Roots: 0.1ms
[2021-05-02T14:05:06.698+0000][7][gc,phases   ] GC(68)   Evacuate Collection Set: 1.6ms
[2021-05-02T14:05:06.698+0000][7][gc,phases   ] GC(68)   Post Evacuate Collection Set: 0.5ms
[2021-05-02T14:05:06.698+0000][7][gc,phases   ] GC(68)   Other: 0.3ms
[2021-05-02T14:05:06.698+0000][7][gc,heap     ] GC(68) Eden regions: 22->0(22)
[2021-05-02T14:05:06.698+0000][7][gc,heap     ] GC(68) Survivor regions: 1->1(3)
[2021-05-02T14:05:06.698+0000][7][gc,heap     ] GC(68) Old regions: 26->26
[2021-05-02T14:05:06.698+0000][7][gc,heap     ] GC(68) Archive regions: 2->2
[2021-05-02T14:05:06.698+0000][7][gc,heap     ] GC(68) Humongous regions: 2->2
[2021-05-02T14:05:06.698+0000][7][gc,metaspace] GC(68) Metaspace: 106715K(111312K)->106715K(111312K) NonClass: 92842K(96156K)->92842K(96156K) Class: 13873K(15156K)->13873K(15156K)
[2021-05-02T14:05:06.698+0000][7][gc          ] GC(68) Pause Young (Normal) (G1 Evacuation Pause) 202M->114M(256M) 2.514ms
[2021-05-02T14:05:06.698+0000][7][gc,cpu      ] GC(68) User=0.01s Sys=0.00s Real=0.00s
[2021-05-02T14:05:06.698+0000][7][safepoint   ] Safepoint "G1CollectForAllocation", Time since last: 20247045627 ns, Reaching safepoint: 164534 ns, At safepoint: 2588550 ns, Total: 2753084 ns
[2021-05-02T14:05:16.700+0000][7][safepoint   ] Safepoint "Cleanup", Time since last: 10001106124 ns, Reaching safepoint: 134810 ns, At safepoint: 7704 ns, Total: 142514 ns
[2021-05-02T14:05:17.700+0000][7][safepoint   ] Safepoint "Cleanup", Time since last: 1000377464 ns, Reaching safepoint: 117853 ns, At safepoint: 5160 ns, Total: 123013 ns
[2021-05-02T14:05:40.703+0000][7][safepoint   ] Safepoint "Cleanup", Time since last: 23003034805 ns, Reaching safepoint: 130323 ns, At safepoint: 10122 ns, Total: 140445 ns
[2021-05-02T14:05:41.704+0000][7][safepoint   ] Safepoint "Cleanup", Time since last: 1000103035 ns, Reaching safepoint: 147483 ns, At safepoint: 13088 ns, Total: 160571 ns
[2021-05-02T14:05:42.704+0000][7][safepoint   ] Safepoint "Cleanup", Time since last: 1000375232 ns, Reaching safepoint: 106532 ns, At safepoint: 8652 ns, Total: 115184 ns
[2021-05-02T14:05:43.704+0000][7][safepoint   ] Safepoint "Cleanup", Time since last: 1000115352 ns, Reaching safepoint: 129487 ns, At safepoint: 8685 ns, Total: 138172 ns
[2021-05-02T14:05:46.705+0000][7][safepoint   ] Safepoint "Cleanup", Time since last: 3000278200 ns, Reaching safepoint: 90352 ns, At safepoint: 7341 ns, Total: 97693 ns
[2021-05-02T14:05:48.705+0000][7][safepoint   ] Safepoint "Cleanup", Time since last: 2000179938 ns, Reaching safepoint: 77529 ns, At safepoint: 5293 ns, Total: 82822 ns
[2021-05-02T14:06:09.708+0000][7][safepoint   ] Safepoint "Cleanup", Time since last: 21002516038 ns, Reaching safepoint: 106095 ns, At safepoint: 7228 ns, Total: 113323 ns
[2021-05-02T14:06:10.708+0000][7][safepoint   ] Safepoint "Cleanup", Time since last: 1000286995 ns, Reaching safepoint: 104567 ns, At safepoint: 5337 ns, Total: 109904 ns
[2021-05-02T14:06:13.709+0000][7][safepoint   ] Safepoint "Cleanup", Time since last: 3000420444 ns, Reaching safepoint: 151369 ns, At safepoint: 6877 ns, Total: 158246 ns
[2021-05-02T14:06:16.709+0000][7][safepoint   ] Safepoint "Cleanup", Time since last: 3000631813 ns, Reaching safepoint: 112091 ns, At safepoint: 6145 ns, Total: 118236 ns
[2021-05-02T14:06:23.711+0000][7][safepoint   ] Safepoint "Cleanup", Time since last: 7001198034 ns, Reaching safepoint: 88630 ns, At safepoint: 4318 ns, Total: 92948 ns
[2021-05-02T14:06:39.712+0000][7][safepoint   ] Safepoint "Cleanup", Time since last: 16001605594 ns, Reaching safepoint: 110284 ns, At safepoint: 5310 ns, Total: 115594 ns
[2021-05-02T14:06:43.774+0000][7][gc,start    ] GC(69) Pause Young (Concurrent Start) (G1 Evacuation Pause)
[2021-05-02T14:06:43.774+0000][7][gc,task     ] GC(69) Using 6 workers of 8 for evacuation
[2021-05-02T14:06:43.774+0000][7][gc,age      ] GC(69) Desired survivor size 6291456 bytes, new threshold 15 (max threshold 15)
[2021-05-02T14:06:43.776+0000][7][gc,age      ] GC(69) Age table with threshold 15 (max threshold 15)
[2021-05-02T14:06:43.776+0000][7][gc,age      ] GC(69) - age   1:     826024 bytes,     826024 total
[2021-05-02T14:06:43.776+0000][7][gc,age      ] GC(69) - age   2:       2336 bytes,     828360 total
[2021-05-02T14:06:43.776+0000][7][gc,age      ] GC(69) - age   3:       3176 bytes,     831536 total
[2021-05-02T14:06:43.776+0000][7][gc,age      ] GC(69) - age   4:       2592 bytes,     834128 total
[2021-05-02T14:06:43.776+0000][7][gc,age      ] GC(69) - age   5:       8736 bytes,     842864 total
[2021-05-02T14:06:43.776+0000][7][gc,age      ] GC(69) - age   6:       5280 bytes,     848144 total
[2021-05-02T14:06:43.776+0000][7][gc,age      ] GC(69) - age   7:       1880 bytes,     850024 total
[2021-05-02T14:06:43.776+0000][7][gc,age      ] GC(69) - age   8:      85288 bytes,     935312 total
[2021-05-02T14:06:43.776+0000][7][gc,age      ] GC(69) - age   9:      16280 bytes,     951592 total
[2021-05-02T14:06:43.776+0000][7][gc,age      ] GC(69) - age  10:     295880 bytes,    1247472 total
[2021-05-02T14:06:43.776+0000][7][gc,age      ] GC(69) - age  11:       1288 bytes,    1248760 total
[2021-05-02T14:06:43.776+0000][7][gc,age      ] GC(69) - age  12:       2736 bytes,    1251496 total
[2021-05-02T14:06:43.776+0000][7][gc,age      ] GC(69) - age  13:       6128 bytes,    1257624 total
[2021-05-02T14:06:43.776+0000][7][gc,age      ] GC(69) - age  14:       3760 bytes,    1261384 total
[2021-05-02T14:06:43.776+0000][7][gc,age      ] GC(69) - age  15:       8480 bytes,    1269864 total
[2021-05-02T14:06:43.776+0000][7][gc,phases   ] GC(69)   Pre Evacuate Collection Set: 0.1ms
[2021-05-02T14:06:43.776+0000][7][gc,phases   ] GC(69)   Merge Heap Roots: 0.0ms
[2021-05-02T14:06:43.776+0000][7][gc,phases   ] GC(69)   Evacuate Collection Set: 1.2ms
[2021-05-02T14:06:43.776+0000][7][gc,phases   ] GC(69)   Post Evacuate Collection Set: 0.4ms
[2021-05-02T14:06:43.776+0000][7][gc,phases   ] GC(69)   Other: 0.2ms
[2021-05-02T14:06:43.776+0000][7][gc,heap     ] GC(69) Eden regions: 22->0(22)
[2021-05-02T14:06:43.776+0000][7][gc,heap     ] GC(69) Survivor regions: 1->1(3)
[2021-05-02T14:06:43.776+0000][7][gc,heap     ] GC(69) Old regions: 26->26
[2021-05-02T14:06:43.776+0000][7][gc,heap     ] GC(69) Archive regions: 2->2
[2021-05-02T14:06:43.776+0000][7][gc,heap     ] GC(69) Humongous regions: 2->2
[2021-05-02T14:06:43.776+0000][7][gc,metaspace] GC(69) Metaspace: 106858K(111312K)->106858K(111312K) NonClass: 92985K(96156K)->92985K(96156K) Class: 13873K(15156K)->13873K(15156K)
[2021-05-02T14:06:43.776+0000][7][gc          ] GC(69) Pause Young (Concurrent Start) (G1 Evacuation Pause) 202M->114M(256M) 2.064ms
[2021-05-02T14:06:43.776+0000][7][gc,cpu      ] GC(69) User=0.00s Sys=0.00s Real=0.00s
[2021-05-02T14:06:43.776+0000][7][safepoint   ] Safepoint "G1CollectForAllocation", Time since last: 4061029366 ns, Reaching safepoint: 226817 ns, At safepoint: 2129581 ns, Total: 2356398 ns
[2021-05-02T14:06:43.776+0000][7][gc          ] GC(70) Concurrent Cycle
[2021-05-02T14:06:43.776+0000][7][gc,marking  ] GC(70) Concurrent Clear Claimed Marks
[2021-05-02T14:06:43.776+0000][7][gc,marking  ] GC(70) Concurrent Clear Claimed Marks 0.059ms
[2021-05-02T14:06:43.776+0000][7][gc,marking  ] GC(70) Concurrent Scan Root Regions
[2021-05-02T14:06:43.777+0000][7][gc,marking  ] GC(70) Concurrent Scan Root Regions 1.520ms
[2021-05-02T14:06:43.777+0000][7][gc,marking  ] GC(70) Concurrent Mark (3084.597s)
[2021-05-02T14:06:43.777+0000][7][gc,marking  ] GC(70) Concurrent Mark From Roots
[2021-05-02T14:06:43.777+0000][7][gc,task     ] GC(70) Using 2 workers of 2 for marking
[2021-05-02T14:06:43.878+0000][7][gc,marking  ] GC(70) Concurrent Mark From Roots 100.241ms
[2021-05-02T14:06:43.878+0000][7][gc,marking  ] GC(70) Concurrent Preclean
[2021-05-02T14:06:43.878+0000][7][gc,marking  ] GC(70) Concurrent Preclean 0.210ms
[2021-05-02T14:06:43.878+0000][7][gc,marking  ] GC(70) Concurrent Mark (3084.597s, 3084.698s) 100.496ms
[2021-05-02T14:06:43.878+0000][7][gc,start    ] GC(70) Pause Remark
[2021-05-02T14:06:43.883+0000][7][gc          ] GC(70) Pause Remark 115M->115M(256M) 5.133ms
[2021-05-02T14:06:43.883+0000][7][gc,cpu      ] GC(70) User=0.03s Sys=0.00s Real=0.01s
[2021-05-02T14:06:43.883+0000][7][safepoint   ] Safepoint "G1Concurrent", Time since last: 102206426 ns, Reaching safepoint: 89422 ns, At safepoint: 5236897 ns, Total: 5326319 ns
[2021-05-02T14:06:43.883+0000][7][gc,marking  ] GC(70) Concurrent Rebuild Remembered Sets
[2021-05-02T14:06:43.939+0000][7][gc,marking  ] GC(70) Concurrent Rebuild Remembered Sets 55.786ms
[2021-05-02T14:06:43.939+0000][7][gc,start    ] GC(70) Pause Cleanup
[2021-05-02T14:06:43.939+0000][7][gc          ] GC(70) Pause Cleanup 115M->115M(256M) 0.067ms
[2021-05-02T14:06:43.939+0000][7][gc,cpu      ] GC(70) User=0.00s Sys=0.00s Real=0.01s
[2021-05-02T14:06:43.939+0000][7][safepoint   ] Safepoint "G1Concurrent", Time since last: 55893012 ns, Reaching safepoint: 90985 ns, At safepoint: 110833 ns, Total: 201818 ns
[2021-05-02T14:06:43.939+0000][7][gc,marking  ] GC(70) Concurrent Cleanup for Next Mark
[2021-05-02T14:06:43.940+0000][7][gc,marking  ] GC(70) Concurrent Cleanup for Next Mark 0.196ms
[2021-05-02T14:06:43.940+0000][7][gc          ] GC(70) Concurrent Cycle 163.876ms
[2021-05-02T14:06:46.940+0000][7][safepoint   ] Safepoint "Cleanup", Time since last: 3000305038 ns, Reaching safepoint: 99879 ns, At safepoint: 5660 ns, Total: 105539 ns
[2021-05-02T14:07:16.945+0000][7][safepoint   ] Safepoint "Cleanup", Time since last: 30004802991 ns, Reaching safepoint: 120344 ns, At safepoint: 6185 ns, Total: 126529 ns
[2021-05-02T14:07:35.948+0000][7][safepoint   ] Safepoint "Cleanup", Time since last: 19003241626 ns, Reaching safepoint: 117442 ns, At safepoint: 6436 ns, Total: 123878 ns
[2021-05-02T14:07:43.950+0000][7][safepoint   ] Safepoint "Cleanup", Time since last: 8001407675 ns, Reaching safepoint: 95815 ns, At safepoint: 7239 ns, Total: 103054 ns
[2021-05-02T14:07:46.950+0000][7][safepoint   ] Safepoint "Cleanup", Time since last: 3000546101 ns, Reaching safepoint: 148900 ns, At safepoint: 6030 ns, Total: 154930 ns
[2021-05-02T14:08:36.957+0000][7][safepoint   ] Safepoint "Cleanup", Time since last: 50006334326 ns, Reaching safepoint: 124331 ns, At safepoint: 5302 ns, Total: 129633 ns
[2021-05-02T14:09:02.726+0000][7][gc,start    ] GC(71) Pause Young (Normal) (G1 Evacuation Pause)
[2021-05-02T14:09:02.726+0000][7][gc,task     ] GC(71) Using 6 workers of 8 for evacuation
[2021-05-02T14:09:02.726+0000][7][gc,age      ] GC(71) Desired survivor size 6291456 bytes, new threshold 15 (max threshold 15)
[2021-05-02T14:09:02.728+0000][7][gc,age      ] GC(71) Age table with threshold 15 (max threshold 15)
[2021-05-02T14:09:02.728+0000][7][gc,age      ] GC(71) - age   1:     524056 bytes,     524056 total
[2021-05-02T14:09:02.728+0000][7][gc,age      ] GC(71) - age   2:     312400 bytes,     836456 total
[2021-05-02T14:09:02.728+0000][7][gc,age      ] GC(71) - age   3:       1904 bytes,     838360 total
[2021-05-02T14:09:02.728+0000][7][gc,age      ] GC(71) - age   4:       3176 bytes,     841536 total
[2021-05-02T14:09:02.728+0000][7][gc,age      ] GC(71) - age   5:       2568 bytes,     844104 total
[2021-05-02T14:09:02.728+0000][7][gc,age      ] GC(71) - age   6:       8736 bytes,     852840 total
[2021-05-02T14:09:02.728+0000][7][gc,age      ] GC(71) - age   7:       5040 bytes,     857880 total
[2021-05-02T14:09:02.728+0000][7][gc,age      ] GC(71) - age   8:       1880 bytes,     859760 total
[2021-05-02T14:09:02.728+0000][7][gc,age      ] GC(71) - age   9:      85288 bytes,     945048 total
[2021-05-02T14:09:02.728+0000][7][gc,age      ] GC(71) - age  10:      16280 bytes,     961328 total
[2021-05-02T14:09:02.728+0000][7][gc,age      ] GC(71) - age  11:     295880 bytes,    1257208 total
[2021-05-02T14:09:02.728+0000][7][gc,age      ] GC(71) - age  12:       1288 bytes,    1258496 total
[2021-05-02T14:09:02.728+0000][7][gc,age      ] GC(71) - age  13:       2736 bytes,    1261232 total
[2021-05-02T14:09:02.728+0000][7][gc,age      ] GC(71) - age  14:       6128 bytes,    1267360 total
[2021-05-02T14:09:02.728+0000][7][gc,age      ] GC(71) - age  15:       3760 bytes,    1271120 total
[2021-05-02T14:09:02.728+0000][7][gc,phases   ] GC(71)   Pre Evacuate Collection Set: 0.0ms
[2021-05-02T14:09:02.728+0000][7][gc,phases   ] GC(71)   Merge Heap Roots: 0.1ms
[2021-05-02T14:09:02.728+0000][7][gc,phases   ] GC(71)   Evacuate Collection Set: 1.3ms
[2021-05-02T14:09:02.728+0000][7][gc,phases   ] GC(71)   Post Evacuate Collection Set: 0.5ms
[2021-05-02T14:09:02.728+0000][7][gc,phases   ] GC(71)   Other: 0.2ms
[2021-05-02T14:09:02.728+0000][7][gc,heap     ] GC(71) Eden regions: 22->0(22)
[2021-05-02T14:09:02.728+0000][7][gc,heap     ] GC(71) Survivor regions: 1->1(3)
[2021-05-02T14:09:02.728+0000][7][gc,heap     ] GC(71) Old regions: 26->26
[2021-05-02T14:09:02.728+0000][7][gc,heap     ] GC(71) Archive regions: 2->2
[2021-05-02T14:09:02.728+0000][7][gc,heap     ] GC(71) Humongous regions: 2->2
[2021-05-02T14:09:02.728+0000][7][gc,metaspace] GC(71) Metaspace: 106898K(111568K)->106898K(111568K) NonClass: 93025K(96412K)->93025K(96412K) Class: 13873K(15156K)->13873K(15156K)
[2021-05-02T14:09:02.728+0000][7][gc          ] GC(71) Pause Young (Normal) (G1 Evacuation Pause) 202M->114M(256M) 2.162ms
[2021-05-02T14:09:02.728+0000][7][gc,cpu      ] GC(71) User=0.01s Sys=0.00s Real=0.01s
[2021-05-02T14:09:02.728+0000][7][safepoint   ] Safepoint "G1CollectForAllocation", Time since last: 25768744605 ns, Reaching safepoint: 96861 ns, At safepoint: 2221952 ns, Total: 2318813 ns
[2021-05-02T14:09:43.734+0000][7][safepoint   ] Safepoint "Cleanup", Time since last: 41005693130 ns, Reaching safepoint: 137316 ns, At safepoint: 6448 ns, Total: 143764 ns
[2021-05-02T14:09:47.735+0000][7][safepoint   ] Safepoint "Cleanup", Time since last: 4000813651 ns, Reaching safepoint: 81334 ns, At safepoint: 4661 ns, Total: 85995 ns
[2021-05-02T14:10:06.737+0000][7][safepoint   ] Safepoint "Cleanup", Time since last: 19002508233 ns, Reaching safepoint: 117857 ns, At safepoint: 6113 ns, Total: 123970 ns
[2021-05-02T14:10:12.738+0000][7][safepoint   ] Safepoint "Cleanup", Time since last: 6000676877 ns, Reaching safepoint: 95874 ns, At safepoint: 5886 ns, Total: 101760 ns
[2021-05-02T14:10:15.739+0000][7][safepoint   ] Safepoint "Cleanup", Time since last: 3000633028 ns, Reaching safepoint: 127506 ns, At safepoint: 7258 ns, Total: 134764 ns
[2021-05-02T14:10:16.746+0000][7][safepoint   ] Safepoint "Cleanup", Time since last: 1007349857 ns, Reaching safepoint: 149624 ns, At safepoint: 7054 ns, Total: 156678 ns
[2021-05-02T14:10:17.747+0000][7][safepoint   ] Safepoint "Cleanup", Time since last: 1000240458 ns, Reaching safepoint: 80326 ns, At safepoint: 5707 ns, Total: 86033 ns
[2021-05-02T14:10:43.750+0000][7][safepoint   ] Safepoint "Cleanup", Time since last: 26003180636 ns, Reaching safepoint: 107947 ns, At safepoint: 6557 ns, Total: 114504 ns
[2021-05-02T14:11:09.754+0000][7][safepoint   ] Safepoint "Cleanup", Time since last: 26003524553 ns, Reaching safepoint: 111298 ns, At safepoint: 6728 ns, Total: 118026 ns
[2021-05-02T14:11:13.404+0000][7][gc,start    ] GC(72) Pause Young (Concurrent Start) (G1 Evacuation Pause)
[2021-05-02T14:11:13.404+0000][7][gc,task     ] GC(72) Using 6 workers of 8 for evacuation
[2021-05-02T14:11:13.404+0000][7][gc,age      ] GC(72) Desired survivor size 6291456 bytes, new threshold 15 (max threshold 15)
[2021-05-02T14:11:13.406+0000][7][gc,age      ] GC(72) Age table with threshold 15 (max threshold 15)
[2021-05-02T14:11:13.406+0000][7][gc,age      ] GC(72) - age   1:     513976 bytes,     513976 total
[2021-05-02T14:11:13.406+0000][7][gc,age      ] GC(72) - age   2:       2352 bytes,     516328 total
[2021-05-02T14:11:13.406+0000][7][gc,age      ] GC(72) - age   3:     191152 bytes,     707480 total
[2021-05-02T14:11:13.406+0000][7][gc,age      ] GC(72) - age   4:       1664 bytes,     709144 total
[2021-05-02T14:11:13.406+0000][7][gc,age      ] GC(72) - age   5:       3176 bytes,     712320 total
[2021-05-02T14:11:13.406+0000][7][gc,age      ] GC(72) - age   6:       2568 bytes,     714888 total
[2021-05-02T14:11:13.406+0000][7][gc,age      ] GC(72) - age   7:       8736 bytes,     723624 total
[2021-05-02T14:11:13.406+0000][7][gc,age      ] GC(72) - age   8:       4944 bytes,     728568 total
[2021-05-02T14:11:13.406+0000][7][gc,age      ] GC(72) - age   9:       1880 bytes,     730448 total
[2021-05-02T14:11:13.406+0000][7][gc,age      ] GC(72) - age  10:      85288 bytes,     815736 total
[2021-05-02T14:11:13.406+0000][7][gc,age      ] GC(72) - age  11:      16280 bytes,     832016 total
[2021-05-02T14:11:13.406+0000][7][gc,age      ] GC(72) - age  12:     295880 bytes,    1127896 total
[2021-05-02T14:11:13.406+0000][7][gc,age      ] GC(72) - age  13:       1288 bytes,    1129184 total
[2021-05-02T14:11:13.406+0000][7][gc,age      ] GC(72) - age  14:       2736 bytes,    1131920 total
[2021-05-02T14:11:13.406+0000][7][gc,age      ] GC(72) - age  15:       6128 bytes,    1138048 total
[2021-05-02T14:11:13.406+0000][7][gc,phases   ] GC(72)   Pre Evacuate Collection Set: 0.1ms
[2021-05-02T14:11:13.406+0000][7][gc,phases   ] GC(72)   Merge Heap Roots: 0.0ms
[2021-05-02T14:11:13.406+0000][7][gc,phases   ] GC(72)   Evacuate Collection Set: 1.1ms
[2021-05-02T14:11:13.406+0000][7][gc,phases   ] GC(72)   Post Evacuate Collection Set: 0.8ms
[2021-05-02T14:11:13.406+0000][7][gc,phases   ] GC(72)   Other: 0.2ms
[2021-05-02T14:11:13.406+0000][7][gc,heap     ] GC(72) Eden regions: 22->0(22)
[2021-05-02T14:11:13.406+0000][7][gc,heap     ] GC(72) Survivor regions: 1->1(3)
[2021-05-02T14:11:13.406+0000][7][gc,heap     ] GC(72) Old regions: 26->26
[2021-05-02T14:11:13.406+0000][7][gc,heap     ] GC(72) Archive regions: 2->2
[2021-05-02T14:11:13.406+0000][7][gc,heap     ] GC(72) Humongous regions: 2->2
[2021-05-02T14:11:13.406+0000][7][gc,metaspace] GC(72) Metaspace: 106905K(111568K)->106905K(111568K) NonClass: 93032K(96412K)->93032K(96412K) Class: 13873K(15156K)->13873K(15156K)
[2021-05-02T14:11:13.406+0000][7][gc          ] GC(72) Pause Young (Concurrent Start) (G1 Evacuation Pause) 202M->114M(256M) 2.229ms
[2021-05-02T14:11:13.406+0000][7][gc,cpu      ] GC(72) User=0.01s Sys=0.00s Real=0.00s
[2021-05-02T14:11:13.406+0000][7][safepoint   ] Safepoint "G1CollectForAllocation", Time since last: 3650342814 ns, Reaching safepoint: 82911 ns, At safepoint: 2291114 ns, Total: 2374025 ns
[2021-05-02T14:11:13.406+0000][7][gc          ] GC(73) Concurrent Cycle
[2021-05-02T14:11:13.406+0000][7][gc,marking  ] GC(73) Concurrent Clear Claimed Marks
[2021-05-02T14:11:13.406+0000][7][gc,marking  ] GC(73) Concurrent Clear Claimed Marks 0.051ms
[2021-05-02T14:11:13.406+0000][7][gc,marking  ] GC(73) Concurrent Scan Root Regions
[2021-05-02T14:11:13.408+0000][7][gc,marking  ] GC(73) Concurrent Scan Root Regions 1.867ms
[2021-05-02T14:11:13.408+0000][7][gc,marking  ] GC(73) Concurrent Mark (3354.228s)
[2021-05-02T14:11:13.408+0000][7][gc,marking  ] GC(73) Concurrent Mark From Roots
[2021-05-02T14:11:13.408+0000][7][gc,task     ] GC(73) Using 2 workers of 2 for marking
[2021-05-02T14:11:13.491+0000][7][gc,marking  ] GC(73) Concurrent Mark From Roots 82.887ms
[2021-05-02T14:11:13.491+0000][7][gc,marking  ] GC(73) Concurrent Preclean
[2021-05-02T14:11:13.491+0000][7][gc,marking  ] GC(73) Concurrent Preclean 0.294ms
[2021-05-02T14:11:13.491+0000][7][gc,marking  ] GC(73) Concurrent Mark (3354.228s, 3354.312s) 83.255ms
[2021-05-02T14:11:13.492+0000][7][gc,start    ] GC(73) Pause Remark
[2021-05-02T14:11:13.497+0000][7][gc          ] GC(73) Pause Remark 114M->114M(256M) 5.343ms
[2021-05-02T14:11:13.497+0000][7][gc,cpu      ] GC(73) User=0.03s Sys=0.00s Real=0.00s
[2021-05-02T14:11:13.497+0000][7][safepoint   ] Safepoint "G1Concurrent", Time since last: 85268302 ns, Reaching safepoint: 217705 ns, At safepoint: 5443646 ns, Total: 5661351 ns
[2021-05-02T14:11:13.497+0000][7][gc,marking  ] GC(73) Concurrent Rebuild Remembered Sets
[2021-05-02T14:11:13.552+0000][7][gc,marking  ] GC(73) Concurrent Rebuild Remembered Sets 54.846ms
[2021-05-02T14:11:13.552+0000][7][gc,start    ] GC(73) Pause Cleanup
[2021-05-02T14:11:13.552+0000][7][gc          ] GC(73) Pause Cleanup 114M->114M(256M) 0.079ms
[2021-05-02T14:11:13.552+0000][7][gc,cpu      ] GC(73) User=0.00s Sys=0.00s Real=0.00s
[2021-05-02T14:11:13.552+0000][7][safepoint   ] Safepoint "G1Concurrent", Time since last: 54925483 ns, Reaching safepoint: 124778 ns, At safepoint: 121439 ns, Total: 246217 ns
[2021-05-02T14:11:13.552+0000][7][gc,marking  ] GC(73) Concurrent Cleanup for Next Mark
[2021-05-02T14:11:13.553+0000][7][gc,marking  ] GC(73) Concurrent Cleanup for Next Mark 0.213ms
[2021-05-02T14:11:13.553+0000][7][gc          ] GC(73) Concurrent Cycle 146.364ms
[2021-05-02T14:11:37.556+0000][7][safepoint   ] Safepoint "Cleanup", Time since last: 24003870955 ns, Reaching safepoint: 96481 ns, At safepoint: 5826 ns, Total: 102307 ns
[2021-05-02T14:11:43.557+0000][7][safepoint   ] Safepoint "Cleanup", Time since last: 6001009900 ns, Reaching safepoint: 133453 ns, At safepoint: 6893 ns, Total: 140346 ns
[2021-05-02T14:11:46.558+0000][7][safepoint   ] Safepoint "Cleanup", Time since last: 3000682891 ns, Reaching safepoint: 109930 ns, At safepoint: 5771 ns, Total: 115701 ns
[2021-05-02T14:12:13.562+0000][7][safepoint   ] Safepoint "Cleanup", Time since last: 27004059519 ns, Reaching safepoint: 86498 ns, At safepoint: 5479 ns, Total: 91977 ns
[2021-05-02T14:12:16.563+0000][7][safepoint   ] Safepoint "Cleanup", Time since last: 3000579662 ns, Reaching safepoint: 133648 ns, At safepoint: 5792 ns, Total: 139440 ns
[2021-05-02T14:12:43.567+0000][7][safepoint   ] Safepoint "Cleanup", Time since last: 27003585371 ns, Reaching safepoint: 157230 ns, At safepoint: 6995 ns, Total: 164225 ns
[2021-05-02T14:12:46.568+0000][7][safepoint   ] Safepoint "Cleanup", Time since last: 3000535031 ns, Reaching safepoint: 96271 ns, At safepoint: 6044 ns, Total: 102315 ns
[2021-05-02T14:12:58.570+0000][7][safepoint   ] Safepoint "Cleanup", Time since last: 12002310737 ns, Reaching safepoint: 235750 ns, At safepoint: 6775 ns, Total: 242525 ns
[2021-05-02T14:13:10.572+0000][7][safepoint   ] Safepoint "Cleanup", Time since last: 12001287747 ns, Reaching safepoint: 133847 ns, At safepoint: 6939 ns, Total: 140786 ns
[2021-05-02T14:13:13.572+0000][7][safepoint   ] Safepoint "Cleanup", Time since last: 3000598842 ns, Reaching safepoint: 100135 ns, At safepoint: 5428 ns, Total: 105563 ns
[2021-05-02T14:13:30.925+0000][7][gc,start    ] GC(74) Pause Young (Normal) (G1 Evacuation Pause)
[2021-05-02T14:13:30.925+0000][7][gc,task     ] GC(74) Using 6 workers of 8 for evacuation
[2021-05-02T14:13:30.925+0000][7][gc,age      ] GC(74) Desired survivor size 6291456 bytes, new threshold 15 (max threshold 15)
[2021-05-02T14:13:30.927+0000][7][gc,age      ] GC(74) Age table with threshold 15 (max threshold 15)
[2021-05-02T14:13:30.927+0000][7][gc,age      ] GC(74) - age   1:     509736 bytes,     509736 total
[2021-05-02T14:13:30.927+0000][7][gc,age      ] GC(74) - age   2:        776 bytes,     510512 total
[2021-05-02T14:13:30.927+0000][7][gc,age      ] GC(74) - age   3:       2176 bytes,     512688 total
[2021-05-02T14:13:30.927+0000][7][gc,age      ] GC(74) - age   4:     190912 bytes,     703600 total
[2021-05-02T14:13:30.927+0000][7][gc,age      ] GC(74) - age   5:       1640 bytes,     705240 total
[2021-05-02T14:13:30.927+0000][7][gc,age      ] GC(74) - age   6:       3176 bytes,     708416 total
[2021-05-02T14:13:30.927+0000][7][gc,age      ] GC(74) - age   7:       2568 bytes,     710984 total
[2021-05-02T14:13:30.927+0000][7][gc,age      ] GC(74) - age   8:       8712 bytes,     719696 total
[2021-05-02T14:13:30.927+0000][7][gc,age      ] GC(74) - age   9:       4944 bytes,     724640 total
[2021-05-02T14:13:30.927+0000][7][gc,age      ] GC(74) - age  10:       1880 bytes,     726520 total
[2021-05-02T14:13:30.927+0000][7][gc,age      ] GC(74) - age  11:      85288 bytes,     811808 total
[2021-05-02T14:13:30.927+0000][7][gc,age      ] GC(74) - age  12:      16280 bytes,     828088 total
[2021-05-02T14:13:30.927+0000][7][gc,age      ] GC(74) - age  13:     295784 bytes,    1123872 total
[2021-05-02T14:13:30.927+0000][7][gc,age      ] GC(74) - age  14:       1288 bytes,    1125160 total
[2021-05-02T14:13:30.927+0000][7][gc,age      ] GC(74) - age  15:       2736 bytes,    1127896 total
[2021-05-02T14:13:30.927+0000][7][gc,phases   ] GC(74)   Pre Evacuate Collection Set: 0.0ms
[2021-05-02T14:13:30.927+0000][7][gc,phases   ] GC(74)   Merge Heap Roots: 0.0ms
[2021-05-02T14:13:30.927+0000][7][gc,phases   ] GC(74)   Evacuate Collection Set: 1.2ms
[2021-05-02T14:13:30.927+0000][7][gc,phases   ] GC(74)   Post Evacuate Collection Set: 0.5ms
[2021-05-02T14:13:30.927+0000][7][gc,phases   ] GC(74)   Other: 0.2ms
[2021-05-02T14:13:30.927+0000][7][gc,heap     ] GC(74) Eden regions: 22->0(22)
[2021-05-02T14:13:30.927+0000][7][gc,heap     ] GC(74) Survivor regions: 1->1(3)
[2021-05-02T14:13:30.927+0000][7][gc,heap     ] GC(74) Old regions: 26->26
[2021-05-02T14:13:30.927+0000][7][gc,heap     ] GC(74) Archive regions: 2->2
[2021-05-02T14:13:30.927+0000][7][gc,heap     ] GC(74) Humongous regions: 2->2
[2021-05-02T14:13:30.927+0000][7][gc,metaspace] GC(74) Metaspace: 107016K(111568K)->107016K(111568K) NonClass: 93141K(96412K)->93141K(96412K) Class: 13875K(15156K)->13875K(15156K)
[2021-05-02T14:13:30.927+0000][7][gc          ] GC(74) Pause Young (Normal) (G1 Evacuation Pause) 202M->114M(256M) 2.043ms
[2021-05-02T14:13:30.927+0000][7][gc,cpu      ] GC(74) User=0.00s Sys=0.00s Real=0.00s
[2021-05-02T14:13:30.927+0000][7][safepoint   ] Safepoint "G1CollectForAllocation", Time since last: 17352333823 ns, Reaching safepoint: 97565 ns, At safepoint: 2098606 ns, Total: 2196171 ns
[2021-05-02T14:13:43.929+0000][7][safepoint   ] Safepoint "Cleanup", Time since last: 13002411586 ns, Reaching safepoint: 68961 ns, At safepoint: 7959 ns, Total: 76920 ns
[2021-05-02T14:14:22.936+0000][7][safepoint   ] Safepoint "Cleanup", Time since last: 39006298214 ns, Reaching safepoint: 122592 ns, At safepoint: 6962 ns, Total: 129554 ns
[2021-05-02T14:14:38.938+0000][7][safepoint   ] Safepoint "Cleanup", Time since last: 16002254043 ns, Reaching safepoint: 116273 ns, At safepoint: 5620 ns, Total: 121893 ns
[2021-05-02T14:14:39.938+0000][7][safepoint   ] Safepoint "Cleanup", Time since last: 1000094885 ns, Reaching safepoint: 135325 ns, At safepoint: 4851 ns, Total: 140176 ns
[2021-05-02T14:14:41.939+0000][7][safepoint   ] Safepoint "Cleanup", Time since last: 2000154391 ns, Reaching safepoint: 115298 ns, At safepoint: 4646 ns, Total: 119944 ns
[2021-05-02T14:14:43.939+0000][7][safepoint   ] Safepoint "Cleanup", Time since last: 2000636304 ns, Reaching safepoint: 129354 ns, At safepoint: 5022 ns, Total: 134376 ns
[2021-05-02T14:15:12.944+0000][7][safepoint   ] Safepoint "Cleanup", Time since last: 29004209386 ns, Reaching safepoint: 86633 ns, At safepoint: 5806 ns, Total: 92439 ns
[2021-05-02T14:15:40.737+0000][7][gc,start    ] GC(75) Pause Young (Concurrent Start) (G1 Evacuation Pause)
[2021-05-02T14:15:40.737+0000][7][gc,task     ] GC(75) Using 6 workers of 8 for evacuation
[2021-05-02T14:15:40.737+0000][7][gc,age      ] GC(75) Desired survivor size 6291456 bytes, new threshold 15 (max threshold 15)
[2021-05-02T14:15:40.739+0000][7][gc,age      ] GC(75) Age table with threshold 15 (max threshold 15)
[2021-05-02T14:15:40.739+0000][7][gc,age      ] GC(75) - age   1:     696840 bytes,     696840 total
[2021-05-02T14:15:40.739+0000][7][gc,age      ] GC(75) - age   2:       2904 bytes,     699744 total
[2021-05-02T14:15:40.739+0000][7][gc,age      ] GC(75) - age   3:        536 bytes,     700280 total
[2021-05-02T14:15:40.739+0000][7][gc,age      ] GC(75) - age   4:       1792 bytes,     702072 total
[2021-05-02T14:15:40.739+0000][7][gc,age      ] GC(75) - age   5:     145472 bytes,     847544 total
[2021-05-02T14:15:40.739+0000][7][gc,age      ] GC(75) - age   6:       1640 bytes,     849184 total
[2021-05-02T14:15:40.739+0000][7][gc,age      ] GC(75) - age   7:       2968 bytes,     852152 total
[2021-05-02T14:15:40.739+0000][7][gc,age      ] GC(75) - age   8:       2328 bytes,     854480 total
[2021-05-02T14:15:40.739+0000][7][gc,age      ] GC(75) - age   9:       8712 bytes,     863192 total
[2021-05-02T14:15:40.739+0000][7][gc,age      ] GC(75) - age  10:       4800 bytes,     867992 total
[2021-05-02T14:15:40.739+0000][7][gc,age      ] GC(75) - age  11:       1880 bytes,     869872 total
[2021-05-02T14:15:40.739+0000][7][gc,age      ] GC(75) - age  12:      85288 bytes,     955160 total
[2021-05-02T14:15:40.739+0000][7][gc,age      ] GC(75) - age  13:      16280 bytes,     971440 total
[2021-05-02T14:15:40.739+0000][7][gc,age      ] GC(75) - age  14:     295744 bytes,    1267184 total
[2021-05-02T14:15:40.739+0000][7][gc,age      ] GC(75) - age  15:       1288 bytes,    1268472 total
[2021-05-02T14:15:40.739+0000][7][gc,phases   ] GC(75)   Pre Evacuate Collection Set: 0.1ms
[2021-05-02T14:15:40.739+0000][7][gc,phases   ] GC(75)   Merge Heap Roots: 0.0ms
[2021-05-02T14:15:40.739+0000][7][gc,phases   ] GC(75)   Evacuate Collection Set: 1.3ms
[2021-05-02T14:15:40.739+0000][7][gc,phases   ] GC(75)   Post Evacuate Collection Set: 0.6ms
[2021-05-02T14:15:40.739+0000][7][gc,phases   ] GC(75)   Other: 0.3ms
[2021-05-02T14:15:40.739+0000][7][gc,heap     ] GC(75) Eden regions: 22->0(22)
[2021-05-02T14:15:40.739+0000][7][gc,heap     ] GC(75) Survivor regions: 1->1(3)
[2021-05-02T14:15:40.739+0000][7][gc,heap     ] GC(75) Old regions: 26->26
[2021-05-02T14:15:40.739+0000][7][gc,heap     ] GC(75) Archive regions: 2->2
[2021-05-02T14:15:40.739+0000][7][gc,heap     ] GC(75) Humongous regions: 2->2
[2021-05-02T14:15:40.739+0000][7][gc,metaspace] GC(75) Metaspace: 107049K(111568K)->107049K(111568K) NonClass: 93174K(96412K)->93174K(96412K) Class: 13875K(15156K)->13875K(15156K)
[2021-05-02T14:15:40.739+0000][7][gc          ] GC(75) Pause Young (Concurrent Start) (G1 Evacuation Pause) 202M->114M(256M) 2.357ms
[2021-05-02T14:15:40.739+0000][7][gc,cpu      ] GC(75) User=0.01s Sys=0.00s Real=0.00s
[2021-05-02T14:15:40.739+0000][7][safepoint   ] Safepoint "G1CollectForAllocation", Time since last: 27792946751 ns, Reaching safepoint: 212881 ns, At safepoint: 2424022 ns, Total: 2636903 ns
[2021-05-02T14:15:40.739+0000][7][gc          ] GC(76) Concurrent Cycle
[2021-05-02T14:15:40.739+0000][7][gc,marking  ] GC(76) Concurrent Clear Claimed Marks
[2021-05-02T14:15:40.739+0000][7][gc,marking  ] GC(76) Concurrent Clear Claimed Marks 0.085ms
[2021-05-02T14:15:40.739+0000][7][gc,marking  ] GC(76) Concurrent Scan Root Regions
[2021-05-02T14:15:40.741+0000][7][gc,marking  ] GC(76) Concurrent Scan Root Regions 1.603ms
[2021-05-02T14:15:40.741+0000][7][gc,marking  ] GC(76) Concurrent Mark (3621.561s)
[2021-05-02T14:15:40.741+0000][7][gc,marking  ] GC(76) Concurrent Mark From Roots
[2021-05-02T14:15:40.741+0000][7][gc,task     ] GC(76) Using 2 workers of 2 for marking
[2021-05-02T14:15:40.836+0000][7][gc,marking  ] GC(76) Concurrent Mark From Roots 94.890ms
[2021-05-02T14:15:40.836+0000][7][gc,marking  ] GC(76) Concurrent Preclean
[2021-05-02T14:15:40.836+0000][7][gc,marking  ] GC(76) Concurrent Preclean 0.198ms
[2021-05-02T14:15:40.836+0000][7][gc,marking  ] GC(76) Concurrent Mark (3621.561s, 3621.656s) 95.141ms
[2021-05-02T14:15:40.836+0000][7][gc,start    ] GC(76) Pause Remark
[2021-05-02T14:15:40.841+0000][7][gc          ] GC(76) Pause Remark 128M->128M(256M) 4.975ms
[2021-05-02T14:15:40.841+0000][7][gc,cpu      ] GC(76) User=0.02s Sys=0.00s Real=0.01s
[2021-05-02T14:15:40.841+0000][7][safepoint   ] Safepoint "G1Concurrent", Time since last: 96931826 ns, Reaching safepoint: 81486 ns, At safepoint: 5063846 ns, Total: 5145332 ns
[2021-05-02T14:15:40.841+0000][7][gc,marking  ] GC(76) Concurrent Rebuild Remembered Sets
[2021-05-02T14:15:40.896+0000][7][gc,marking  ] GC(76) Concurrent Rebuild Remembered Sets 54.726ms
[2021-05-02T14:15:40.896+0000][7][gc,start    ] GC(76) Pause Cleanup
[2021-05-02T14:15:40.896+0000][7][gc          ] GC(76) Pause Cleanup 128M->128M(256M) 0.073ms
[2021-05-02T14:15:40.896+0000][7][gc,cpu      ] GC(76) User=0.00s Sys=0.00s Real=0.00s
[2021-05-02T14:15:40.896+0000][7][safepoint   ] Safepoint "G1Concurrent", Time since last: 54861272 ns, Reaching safepoint: 87154 ns, At safepoint: 113333 ns, Total: 200487 ns
[2021-05-02T14:15:40.896+0000][7][gc,marking  ] GC(76) Concurrent Cleanup for Next Mark
[2021-05-02T14:15:40.897+0000][7][gc,marking  ] GC(76) Concurrent Cleanup for Next Mark 0.157ms
[2021-05-02T14:15:40.897+0000][7][gc          ] GC(76) Concurrent Cycle 157.375ms
[2021-05-02T14:15:43.897+0000][7][safepoint   ] Safepoint "Cleanup", Time since last: 3000254975 ns, Reaching safepoint: 126700 ns, At safepoint: 6505 ns, Total: 133205 ns
[2021-05-02T14:15:46.897+0000][7][safepoint   ] Safepoint "Cleanup", Time since last: 3000436841 ns, Reaching safepoint: 88377 ns, At safepoint: 7933 ns, Total: 96310 ns
[2021-05-02T14:16:09.900+0000][7][safepoint   ] Safepoint "Cleanup", Time since last: 23002999855 ns, Reaching safepoint: 164653 ns, At safepoint: 6831 ns, Total: 171484 ns
[2021-05-02T14:16:11.901+0000][7][safepoint   ] Safepoint "Cleanup", Time since last: 2000355788 ns, Reaching safepoint: 106803 ns, At safepoint: 5264 ns, Total: 112067 ns
[2021-05-02T14:16:12.901+0000][7][safepoint   ] Safepoint "Cleanup", Time since last: 1000232551 ns, Reaching safepoint: 110412 ns, At safepoint: 4172 ns, Total: 114584 ns
[2021-05-02T14:16:15.902+0000][7][safepoint   ] Safepoint "Cleanup", Time since last: 3000263778 ns, Reaching safepoint: 167902 ns, At safepoint: 13408 ns, Total: 181310 ns
[2021-05-02T14:16:17.902+0000][7][safepoint   ] Safepoint "Cleanup", Time since last: 2000319740 ns, Reaching safepoint: 110386 ns, At safepoint: 4125 ns, Total: 114511 ns
[2021-05-02T14:16:25.904+0000][7][safepoint   ] Safepoint "Cleanup", Time since last: 8001507376 ns, Reaching safepoint: 179717 ns, At safepoint: 8049 ns, Total: 187766 ns
[2021-05-02T14:16:35.905+0000][7][safepoint   ] Safepoint "Cleanup", Time since last: 10001418858 ns, Reaching safepoint: 114185 ns, At safepoint: 5279 ns, Total: 119464 ns
[2021-05-02T14:16:36.906+0000][7][safepoint   ] Safepoint "Cleanup", Time since last: 1000185206 ns, Reaching safepoint: 133663 ns, At safepoint: 6858 ns, Total: 140521 ns
[2021-05-02T14:16:45.907+0000][7][safepoint   ] Safepoint "Cleanup", Time since last: 9001361707 ns, Reaching safepoint: 108386 ns, At safepoint: 4438 ns, Total: 112824 ns
[2021-05-02T14:16:46.907+0000][7][safepoint   ] Safepoint "Cleanup", Time since last: 1000170748 ns, Reaching safepoint: 96329 ns, At safepoint: 7061 ns, Total: 103390 ns
[2021-05-02T14:17:06.911+0000][7][safepoint   ] Safepoint "Cleanup", Time since last: 20003322163 ns, Reaching safepoint: 126377 ns, At safepoint: 5791 ns, Total: 132168 ns
[2021-05-02T14:17:07.911+0000][7][safepoint   ] Safepoint "Cleanup", Time since last: 1000236709 ns, Reaching safepoint: 131649 ns, At safepoint: 5777 ns, Total: 137426 ns
[2021-05-02T14:17:09.912+0000][7][safepoint   ] Safepoint "Cleanup", Time since last: 2000366861 ns, Reaching safepoint: 171876 ns, At safepoint: 7257 ns, Total: 179133 ns
[2021-05-02T14:17:16.913+0000][7][safepoint   ] Safepoint "Cleanup", Time since last: 7001132618 ns, Reaching safepoint: 153668 ns, At safepoint: 4923 ns, Total: 158591 ns
[2021-05-02T14:17:30.012+0000][7][gc,start    ] GC(77) Pause Young (Normal) (G1 Evacuation Pause)
[2021-05-02T14:17:30.012+0000][7][gc,task     ] GC(77) Using 6 workers of 8 for evacuation
[2021-05-02T14:17:30.012+0000][7][gc,age      ] GC(77) Desired survivor size 6291456 bytes, new threshold 15 (max threshold 15)
[2021-05-02T14:17:30.014+0000][7][gc,age      ] GC(77) Age table with threshold 15 (max threshold 15)
[2021-05-02T14:17:30.014+0000][7][gc,age      ] GC(77) - age   1:     665968 bytes,     665968 total
[2021-05-02T14:17:30.014+0000][7][gc,age      ] GC(77) - age   2:     130800 bytes,     796768 total
[2021-05-02T14:17:30.014+0000][7][gc,age      ] GC(77) - age   3:       2688 bytes,     799456 total
[2021-05-02T14:17:30.014+0000][7][gc,age      ] GC(77) - age   4:        240 bytes,     799696 total
[2021-05-02T14:17:30.014+0000][7][gc,age      ] GC(77) - age   5:       1792 bytes,     801488 total
[2021-05-02T14:17:30.014+0000][7][gc,age      ] GC(77) - age   6:      13568 bytes,     815056 total
[2021-05-02T14:17:30.014+0000][7][gc,age      ] GC(77) - age   7:       1640 bytes,     816696 total
[2021-05-02T14:17:30.014+0000][7][gc,age      ] GC(77) - age   8:       2968 bytes,     819664 total
[2021-05-02T14:17:30.014+0000][7][gc,age      ] GC(77) - age   9:       2328 bytes,     821992 total
[2021-05-02T14:17:30.014+0000][7][gc,age      ] GC(77) - age  10:       8712 bytes,     830704 total
[2021-05-02T14:17:30.014+0000][7][gc,age      ] GC(77) - age  11:       3656 bytes,     834360 total
[2021-05-02T14:17:30.014+0000][7][gc,age      ] GC(77) - age  12:       1880 bytes,     836240 total
[2021-05-02T14:17:30.014+0000][7][gc,age      ] GC(77) - age  13:      85288 bytes,     921528 total
[2021-05-02T14:17:30.014+0000][7][gc,age      ] GC(77) - age  14:      16280 bytes,     937808 total
[2021-05-02T14:17:30.014+0000][7][gc,age      ] GC(77) - age  15:     295472 bytes,    1233280 total
[2021-05-02T14:17:30.014+0000][7][gc,phases   ] GC(77)   Pre Evacuate Collection Set: 0.0ms
[2021-05-02T14:17:30.014+0000][7][gc,phases   ] GC(77)   Merge Heap Roots: 0.1ms
[2021-05-02T14:17:30.014+0000][7][gc,phases   ] GC(77)   Evacuate Collection Set: 1.3ms
[2021-05-02T14:17:30.014+0000][7][gc,phases   ] GC(77)   Post Evacuate Collection Set: 0.6ms
[2021-05-02T14:17:30.014+0000][7][gc,phases   ] GC(77)   Other: 0.2ms
[2021-05-02T14:17:30.014+0000][7][gc,heap     ] GC(77) Eden regions: 22->0(22)
[2021-05-02T14:17:30.014+0000][7][gc,heap     ] GC(77) Survivor regions: 1->1(3)
[2021-05-02T14:17:30.014+0000][7][gc,heap     ] GC(77) Old regions: 26->26
[2021-05-02T14:17:30.014+0000][7][gc,heap     ] GC(77) Archive regions: 2->2
[2021-05-02T14:17:30.014+0000][7][gc,heap     ] GC(77) Humongous regions: 2->2
[2021-05-02T14:17:30.014+0000][7][gc,metaspace] GC(77) Metaspace: 107089K(111824K)->107089K(111824K) NonClass: 93214K(96668K)->93214K(96668K) Class: 13875K(15156K)->13875K(15156K)
[2021-05-02T14:17:30.015+0000][7][gc          ] GC(77) Pause Young (Normal) (G1 Evacuation Pause) 202M->114M(256M) 2.244ms
[2021-05-02T14:17:30.015+0000][7][gc,cpu      ] GC(77) User=0.01s Sys=0.00s Real=0.00s
[2021-05-02T14:17:30.015+0000][7][safepoint   ] Safepoint "G1CollectForAllocation", Time since last: 13099018427 ns, Reaching safepoint: 103230 ns, At safepoint: 2305102 ns, Total: 2408332 ns
[2021-05-02T14:17:44.017+0000][7][safepoint   ] Safepoint "Cleanup", Time since last: 14002173249 ns, Reaching safepoint: 110519 ns, At safepoint: 6599 ns, Total: 117118 ns
[2021-05-02T14:18:07.020+0000][7][safepoint   ] Safepoint "Cleanup", Time since last: 23002950795 ns, Reaching safepoint: 153609 ns, At safepoint: 5494 ns, Total: 159103 ns
[2021-05-02T14:18:44.025+0000][7][safepoint   ] Safepoint "Cleanup", Time since last: 37004899030 ns, Reaching safepoint: 134898 ns, At safepoint: 12431 ns, Total: 147329 ns
[2021-05-02T14:18:47.026+0000][7][safepoint   ] Safepoint "Cleanup", Time since last: 3000681520 ns, Reaching safepoint: 107607 ns, At safepoint: 6275 ns, Total: 113882 ns
[2021-05-02T14:19:07.029+0000][7][safepoint   ] Safepoint "Cleanup", Time since last: 20002838286 ns, Reaching safepoint: 180562 ns, At safepoint: 6582 ns, Total: 187144 ns
[2021-05-02T14:19:37.033+0000][7][safepoint   ] Safepoint "Cleanup", Time since last: 30004146911 ns, Reaching safepoint: 106675 ns, At safepoint: 5459 ns, Total: 112134 ns
[2021-05-02T14:19:44.034+0000][7][safepoint   ] Safepoint "Cleanup", Time since last: 7001226419 ns, Reaching safepoint: 132464 ns, At safepoint: 6475 ns, Total: 138939 ns
[2021-05-02T14:19:46.332+0000][7][gc,start    ] GC(78) Pause Young (Concurrent Start) (G1 Evacuation Pause)
[2021-05-02T14:19:46.332+0000][7][gc,task     ] GC(78) Using 6 workers of 8 for evacuation
[2021-05-02T14:19:46.332+0000][7][gc,age      ] GC(78) Desired survivor size 6291456 bytes, new threshold 15 (max threshold 15)
[2021-05-02T14:19:46.335+0000][7][gc,age      ] GC(78) Age table with threshold 15 (max threshold 15)
[2021-05-02T14:19:46.335+0000][7][gc,age      ] GC(78) - age   1:     559112 bytes,     559112 total
[2021-05-02T14:19:46.335+0000][7][gc,age      ] GC(78) - age   2:     154232 bytes,     713344 total
[2021-05-02T14:19:46.335+0000][7][gc,age      ] GC(78) - age   3:      99288 bytes,     812632 total
[2021-05-02T14:19:46.335+0000][7][gc,age      ] GC(78) - age   4:       2664 bytes,     815296 total
[2021-05-02T14:19:46.335+0000][7][gc,age      ] GC(78) - age   5:        240 bytes,     815536 total
[2021-05-02T14:19:46.335+0000][7][gc,age      ] GC(78) - age   6:       1792 bytes,     817328 total
[2021-05-02T14:19:46.335+0000][7][gc,age      ] GC(78) - age   7:      13568 bytes,     830896 total
[2021-05-02T14:19:46.335+0000][7][gc,age      ] GC(78) - age   8:       1640 bytes,     832536 total
[2021-05-02T14:19:46.335+0000][7][gc,age      ] GC(78) - age   9:       2968 bytes,     835504 total
[2021-05-02T14:19:46.335+0000][7][gc,age      ] GC(78) - age  10:       2304 bytes,     837808 total
[2021-05-02T14:19:46.335+0000][7][gc,age      ] GC(78) - age  11:       8712 bytes,     846520 total
[2021-05-02T14:19:46.335+0000][7][gc,age      ] GC(78) - age  12:       3656 bytes,     850176 total
[2021-05-02T14:19:46.335+0000][7][gc,age      ] GC(78) - age  13:       1880 bytes,     852056 total
[2021-05-02T14:19:46.335+0000][7][gc,age      ] GC(78) - age  14:      85192 bytes,     937248 total
[2021-05-02T14:19:46.335+0000][7][gc,age      ] GC(78) - age  15:      16280 bytes,     953528 total
[2021-05-02T14:19:46.335+0000][7][gc,phases   ] GC(78)   Pre Evacuate Collection Set: 0.1ms
[2021-05-02T14:19:46.335+0000][7][gc,phases   ] GC(78)   Merge Heap Roots: 0.0ms
[2021-05-02T14:19:46.335+0000][7][gc,phases   ] GC(78)   Evacuate Collection Set: 1.4ms
[2021-05-02T14:19:46.335+0000][7][gc,phases   ] GC(78)   Post Evacuate Collection Set: 0.5ms
[2021-05-02T14:19:46.335+0000][7][gc,phases   ] GC(78)   Other: 0.3ms
[2021-05-02T14:19:46.335+0000][7][gc,heap     ] GC(78) Eden regions: 22->0(22)
[2021-05-02T14:19:46.335+0000][7][gc,heap     ] GC(78) Survivor regions: 1->1(3)
[2021-05-02T14:19:46.335+0000][7][gc,heap     ] GC(78) Old regions: 26->26
[2021-05-02T14:19:46.335+0000][7][gc,heap     ] GC(78) Archive regions: 2->2
[2021-05-02T14:19:46.335+0000][7][gc,heap     ] GC(78) Humongous regions: 2->2
[2021-05-02T14:19:46.335+0000][7][gc,metaspace] GC(78) Metaspace: 107209K(111824K)->107209K(111824K) NonClass: 93334K(96668K)->93334K(96668K) Class: 13875K(15156K)->13875K(15156K)
[2021-05-02T14:19:46.335+0000][7][gc          ] GC(78) Pause Young (Concurrent Start) (G1 Evacuation Pause) 202M->114M(256M) 2.393ms
[2021-05-02T14:19:46.335+0000][7][gc,cpu      ] GC(78) User=0.01s Sys=0.00s Real=0.00s
[2021-05-02T14:19:46.335+0000][7][gc          ] GC(79) Concurrent Cycle
[2021-05-02T14:19:46.335+0000][7][safepoint   ] Safepoint "G1CollectForAllocation", Time since last: 2297706442 ns, Reaching safepoint: 185975 ns, At safepoint: 2484959 ns, Total: 2670934 ns
[2021-05-02T14:19:46.335+0000][7][gc,marking  ] GC(79) Concurrent Clear Claimed Marks
[2021-05-02T14:19:46.335+0000][7][gc,marking  ] GC(79) Concurrent Clear Claimed Marks 0.244ms
[2021-05-02T14:19:46.335+0000][7][gc,marking  ] GC(79) Concurrent Scan Root Regions
[2021-05-02T14:19:46.337+0000][7][gc,marking  ] GC(79) Concurrent Scan Root Regions 1.488ms
[2021-05-02T14:19:46.337+0000][7][gc,marking  ] GC(79) Concurrent Mark (3867.157s)
[2021-05-02T14:19:46.337+0000][7][gc,marking  ] GC(79) Concurrent Mark From Roots
[2021-05-02T14:19:46.337+0000][7][gc,task     ] GC(79) Using 2 workers of 2 for marking
[2021-05-02T14:19:46.424+0000][7][gc,marking  ] GC(79) Concurrent Mark From Roots 87.490ms
[2021-05-02T14:19:46.424+0000][7][gc,marking  ] GC(79) Concurrent Preclean
[2021-05-02T14:19:46.424+0000][7][gc,marking  ] GC(79) Concurrent Preclean 0.227ms
[2021-05-02T14:19:46.424+0000][7][gc,marking  ] GC(79) Concurrent Mark (3867.157s, 3867.244s) 87.768ms
[2021-05-02T14:19:46.425+0000][7][gc,start    ] GC(79) Pause Remark
[2021-05-02T14:19:46.430+0000][7][gc          ] GC(79) Pause Remark 116M->116M(256M) 5.593ms
[2021-05-02T14:19:46.430+0000][7][gc,cpu      ] GC(79) User=0.03s Sys=0.00s Real=0.01s
[2021-05-02T14:19:46.430+0000][7][safepoint   ] Safepoint "G1Concurrent", Time since last: 89635235 ns, Reaching safepoint: 99087 ns, At safepoint: 5666225 ns, Total: 5765312 ns
[2021-05-02T14:19:46.430+0000][7][gc,marking  ] GC(79) Concurrent Rebuild Remembered Sets
[2021-05-02T14:19:46.486+0000][7][gc,marking  ] GC(79) Concurrent Rebuild Remembered Sets 55.530ms
[2021-05-02T14:19:46.486+0000][7][gc,start    ] GC(79) Pause Cleanup
[2021-05-02T14:19:46.486+0000][7][gc          ] GC(79) Pause Cleanup 116M->116M(256M) 0.072ms
[2021-05-02T14:19:46.486+0000][7][gc,cpu      ] GC(79) User=0.00s Sys=0.00s Real=0.00s
[2021-05-02T14:19:46.486+0000][7][safepoint   ] Safepoint "G1Concurrent", Time since last: 55697707 ns, Reaching safepoint: 90034 ns, At safepoint: 113212 ns, Total: 203246 ns
[2021-05-02T14:19:46.486+0000][7][gc,marking  ] GC(79) Concurrent Cleanup for Next Mark
[2021-05-02T14:19:46.486+0000][7][gc,marking  ] GC(79) Concurrent Cleanup for Next Mark 0.243ms
[2021-05-02T14:19:46.486+0000][7][gc          ] GC(79) Concurrent Cycle 151.638ms
[2021-05-02T14:19:57.488+0000][7][safepoint   ] Safepoint "Cleanup", Time since last: 11001610331 ns, Reaching safepoint: 104414 ns, At safepoint: 6240 ns, Total: 110654 ns
[2021-05-02T14:20:09.490+0000][7][safepoint   ] Safepoint "Cleanup", Time since last: 12002194969 ns, Reaching safepoint: 130393 ns, At safepoint: 7913 ns, Total: 138306 ns
[2021-05-02T14:20:10.490+0000][7][safepoint   ] Safepoint "Cleanup", Time since last: 1000093404 ns, Reaching safepoint: 84596 ns, At safepoint: 5849 ns, Total: 90445 ns
[2021-05-02T14:20:13.491+0000][7][safepoint   ] Safepoint "Cleanup", Time since last: 3000438801 ns, Reaching safepoint: 102910 ns, At safepoint: 8736 ns, Total: 111646 ns
[2021-05-02T14:20:16.492+0000][7][safepoint   ] Safepoint "Cleanup", Time since last: 3000804504 ns, Reaching safepoint: 97228 ns, At safepoint: 8302 ns, Total: 105530 ns
[2021-05-02T14:20:20.493+0000][7][safepoint   ] Safepoint "Cleanup", Time since last: 4000702097 ns, Reaching safepoint: 131945 ns, At safepoint: 7157 ns, Total: 139102 ns
[2021-05-02T14:20:35.495+0000][7][safepoint   ] Safepoint "Cleanup", Time since last: 15002470736 ns, Reaching safepoint: 166846 ns, At safepoint: 7050 ns, Total: 173896 ns
[2021-05-02T14:20:37.496+0000][7][safepoint   ] Safepoint "Cleanup", Time since last: 2000324417 ns, Reaching safepoint: 100732 ns, At safepoint: 6051 ns, Total: 106783 ns
[2021-05-02T14:20:40.496+0000][7][safepoint   ] Safepoint "Cleanup", Time since last: 3000416916 ns, Reaching safepoint: 100602 ns, At safepoint: 6652 ns, Total: 107254 ns
[2021-05-02T14:20:44.863+0000][7][safepoint   ] Safepoint "Cleanup", Time since last: 4366294389 ns, Reaching safepoint: 124595 ns, At safepoint: 6671 ns, Total: 131266 ns
[2021-05-02T14:20:46.863+0000][7][safepoint   ] Safepoint "Cleanup", Time since last: 2000656794 ns, Reaching safepoint: 118131 ns, At safepoint: 9322 ns, Total: 127453 ns
[2021-05-02T14:20:51.865+0000][7][safepoint   ] Safepoint "Cleanup", Time since last: 5000801594 ns, Reaching safepoint: 398725 ns, At safepoint: 6633 ns, Total: 405358 ns
[2021-05-02T14:21:00.866+0000][7][safepoint   ] Safepoint "Cleanup", Time since last: 9000902953 ns, Reaching safepoint: 98629 ns, At safepoint: 7986 ns, Total: 106615 ns
[2021-05-02T14:21:06.867+0000][7][safepoint   ] Safepoint "Cleanup", Time since last: 6001018905 ns, Reaching safepoint: 84038 ns, At safepoint: 4574 ns, Total: 88612 ns
[2021-05-02T14:21:09.867+0000][7][safepoint   ] Safepoint "Cleanup", Time since last: 3000444449 ns, Reaching safepoint: 91381 ns, At safepoint: 5152 ns, Total: 96533 ns
[2021-05-02T14:21:15.869+0000][7][safepoint   ] Safepoint "Cleanup", Time since last: 6001159629 ns, Reaching safepoint: 109139 ns, At safepoint: 5969 ns, Total: 115108 ns
[2021-05-02T14:21:16.869+0000][7][safepoint   ] Safepoint "Cleanup", Time since last: 1000361374 ns, Reaching safepoint: 160994 ns, At safepoint: 9858 ns, Total: 170852 ns
[2021-05-02T14:21:35.873+0000][7][safepoint   ] Safepoint "Cleanup", Time since last: 19003443857 ns, Reaching safepoint: 160214 ns, At safepoint: 7520 ns, Total: 167734 ns
[2021-05-02T14:21:43.875+0000][7][safepoint   ] Safepoint "Cleanup", Time since last: 8002296913 ns, Reaching safepoint: 98383 ns, At safepoint: 6660 ns, Total: 105043 ns
[2021-05-02T14:21:45.876+0000][7][safepoint   ] Safepoint "Cleanup", Time since last: 2000584391 ns, Reaching safepoint: 95473 ns, At safepoint: 8015 ns, Total: 103488 ns
[2021-05-02T14:21:58.120+0000][7][gc,start    ] GC(80) Pause Young (Normal) (G1 Evacuation Pause)
[2021-05-02T14:21:58.120+0000][7][gc,task     ] GC(80) Using 6 workers of 8 for evacuation
[2021-05-02T14:21:58.120+0000][7][gc,age      ] GC(80) Desired survivor size 6291456 bytes, new threshold 15 (max threshold 15)
[2021-05-02T14:21:58.122+0000][7][gc,age      ] GC(80) Age table with threshold 15 (max threshold 15)
[2021-05-02T14:21:58.122+0000][7][gc,age      ] GC(80) - age   1:     519056 bytes,     519056 total
[2021-05-02T14:21:58.123+0000][7][gc,age      ] GC(80) - age   2:       3664 bytes,     522720 total
[2021-05-02T14:21:58.123+0000][7][gc,age      ] GC(80) - age   3:     144760 bytes,     667480 total
[2021-05-02T14:21:58.123+0000][7][gc,age      ] GC(80) - age   4:      18280 bytes,     685760 total
[2021-05-02T14:21:58.123+0000][7][gc,age      ] GC(80) - age   5:       2424 bytes,     688184 total
[2021-05-02T14:21:58.123+0000][7][gc,age      ] GC(80) - age   6:        240 bytes,     688424 total
[2021-05-02T14:21:58.123+0000][7][gc,age      ] GC(80) - age   7:       1792 bytes,     690216 total
[2021-05-02T14:21:58.123+0000][7][gc,age      ] GC(80) - age   8:      13568 bytes,     703784 total
[2021-05-02T14:21:58.123+0000][7][gc,age      ] GC(80) - age   9:       1640 bytes,     705424 total
[2021-05-02T14:21:58.123+0000][7][gc,age      ] GC(80) - age  10:       2912 bytes,     708336 total
[2021-05-02T14:21:58.123+0000][7][gc,age      ] GC(80) - age  11:       2304 bytes,     710640 total
[2021-05-02T14:21:58.123+0000][7][gc,age      ] GC(80) - age  12:       8712 bytes,     719352 total
[2021-05-02T14:21:58.123+0000][7][gc,age      ] GC(80) - age  13:       3656 bytes,     723008 total
[2021-05-02T14:21:58.123+0000][7][gc,age      ] GC(80) - age  14:       1880 bytes,     724888 total
[2021-05-02T14:21:58.123+0000][7][gc,age      ] GC(80) - age  15:      85168 bytes,     810056 total
[2021-05-02T14:21:58.123+0000][7][gc,phases   ] GC(80)   Pre Evacuate Collection Set: 0.1ms
[2021-05-02T14:21:58.123+0000][7][gc,phases   ] GC(80)   Merge Heap Roots: 0.0ms
[2021-05-02T14:21:58.123+0000][7][gc,phases   ] GC(80)   Evacuate Collection Set: 1.3ms
[2021-05-02T14:21:58.123+0000][7][gc,phases   ] GC(80)   Post Evacuate Collection Set: 0.6ms
[2021-05-02T14:21:58.123+0000][7][gc,phases   ] GC(80)   Other: 0.2ms
[2021-05-02T14:21:58.123+0000][7][gc,heap     ] GC(80) Eden regions: 22->0(22)
[2021-05-02T14:21:58.123+0000][7][gc,heap     ] GC(80) Survivor regions: 1->1(3)
[2021-05-02T14:21:58.123+0000][7][gc,heap     ] GC(80) Old regions: 26->26
[2021-05-02T14:21:58.123+0000][7][gc,heap     ] GC(80) Archive regions: 2->2
[2021-05-02T14:21:58.123+0000][7][gc,heap     ] GC(80) Humongous regions: 2->2
[2021-05-02T14:21:58.123+0000][7][gc,metaspace] GC(80) Metaspace: 107294K(111824K)->107294K(111824K) NonClass: 93418K(96668K)->93418K(96668K) Class: 13875K(15156K)->13875K(15156K)
[2021-05-02T14:21:58.123+0000][7][gc          ] GC(80) Pause Young (Normal) (G1 Evacuation Pause) 202M->114M(256M) 2.308ms
[2021-05-02T14:21:58.123+0000][7][gc,cpu      ] GC(80) User=0.01s Sys=0.00s Real=0.00s
[2021-05-02T14:21:58.123+0000][7][safepoint   ] Safepoint "G1CollectForAllocation", Time since last: 12244407030 ns, Reaching safepoint: 112200 ns, At safepoint: 2377928 ns, Total: 2490128 ns
[2021-05-02T14:22:28.129+0000][7][safepoint   ] Safepoint "Cleanup", Time since last: 30006595493 ns, Reaching safepoint: 121108 ns, At safepoint: 4876 ns, Total: 125984 ns
[2021-05-02T14:22:35.132+0000][7][safepoint   ] Safepoint "Cleanup", Time since last: 7001923467 ns, Reaching safepoint: 124022 ns, At safepoint: 5879 ns, Total: 129901 ns
[2021-05-02T14:22:36.132+0000][7][safepoint   ] Safepoint "Cleanup", Time since last: 1000075334 ns, Reaching safepoint: 84660 ns, At safepoint: 5164 ns, Total: 89824 ns
[2021-05-02T14:22:38.132+0000][7][safepoint   ] Safepoint "Cleanup", Time since last: 2000132975 ns, Reaching safepoint: 108939 ns, At safepoint: 5382 ns, Total: 114321 ns
[2021-05-02T14:22:43.133+0000][7][safepoint   ] Safepoint "Cleanup", Time since last: 5001363862 ns, Reaching safepoint: 196161 ns, At safepoint: 7107 ns, Total: 203268 ns
[2021-05-02T14:22:46.135+0000][7][safepoint   ] Safepoint "Cleanup", Time since last: 3001018532 ns, Reaching safepoint: 79839 ns, At safepoint: 4964 ns, Total: 84803 ns
[2021-05-02T14:22:47.135+0000][7][safepoint   ] Safepoint "Cleanup", Time since last: 1000284270 ns, Reaching safepoint: 101969 ns, At safepoint: 6298 ns, Total: 108267 ns
[2021-05-02T14:22:58.137+0000][7][safepoint   ] Safepoint "Cleanup", Time since last: 11001724675 ns, Reaching safepoint: 109027 ns, At safepoint: 6622 ns, Total: 115649 ns
[2021-05-02T14:23:01.138+0000][7][safepoint   ] Safepoint "Cleanup", Time since last: 3000645706 ns, Reaching safepoint: 101581 ns, At safepoint: 5348 ns, Total: 106929 ns
[2021-05-02T14:23:58.150+0000][7][safepoint   ] Safepoint "Cleanup", Time since last: 57012134367 ns, Reaching safepoint: 153352 ns, At safepoint: 5130 ns, Total: 158482 ns
[2021-05-02T14:24:05.152+0000][7][safepoint   ] Safepoint "Cleanup", Time since last: 7001623198 ns, Reaching safepoint: 156757 ns, At safepoint: 6072 ns, Total: 162829 ns
[2021-05-02T14:24:14.153+0000][7][safepoint   ] Safepoint "Cleanup", Time since last: 9001201787 ns, Reaching safepoint: 170902 ns, At safepoint: 5344 ns, Total: 176246 ns
[2021-05-02T14:24:16.089+0000][7][safepoint   ] Safepoint "Cleanup", Time since last: 1935985865 ns, Reaching safepoint: 107564 ns, At safepoint: 7462 ns, Total: 115026 ns
[2021-05-02T14:24:16.353+0000][7][gc,start    ] GC(81) Pause Young (Concurrent Start) (G1 Evacuation Pause)
[2021-05-02T14:24:16.353+0000][7][gc,task     ] GC(81) Using 6 workers of 8 for evacuation
[2021-05-02T14:24:16.353+0000][7][gc,age      ] GC(81) Desired survivor size 6291456 bytes, new threshold 15 (max threshold 15)
[2021-05-02T14:24:16.355+0000][7][gc,age      ] GC(81) Age table with threshold 15 (max threshold 15)
[2021-05-02T14:24:16.355+0000][7][gc,age      ] GC(81) - age   1:     682544 bytes,     682544 total
[2021-05-02T14:24:16.355+0000][7][gc,age      ] GC(81) - age   2:       5040 bytes,     687584 total
[2021-05-02T14:24:16.355+0000][7][gc,age      ] GC(81) - age   3:       3000 bytes,     690584 total
[2021-05-02T14:24:16.355+0000][7][gc,age      ] GC(81) - age   4:     144760 bytes,     835344 total
[2021-05-02T14:24:16.355+0000][7][gc,age      ] GC(81) - age   5:      18136 bytes,     853480 total
[2021-05-02T14:24:16.355+0000][7][gc,age      ] GC(81) - age   6:       2424 bytes,     855904 total
[2021-05-02T14:24:16.355+0000][7][gc,age      ] GC(81) - age   7:        240 bytes,     856144 total
[2021-05-02T14:24:16.355+0000][7][gc,age      ] GC(81) - age   8:       1792 bytes,     857936 total
[2021-05-02T14:24:16.355+0000][7][gc,age      ] GC(81) - age   9:      13568 bytes,     871504 total
[2021-05-02T14:24:16.355+0000][7][gc,age      ] GC(81) - age  10:       1640 bytes,     873144 total
[2021-05-02T14:24:16.355+0000][7][gc,age      ] GC(81) - age  11:       2888 bytes,     876032 total
[2021-05-02T14:24:16.355+0000][7][gc,age      ] GC(81) - age  12:       2304 bytes,     878336 total
[2021-05-02T14:24:16.355+0000][7][gc,age      ] GC(81) - age  13:       8712 bytes,     887048 total
[2021-05-02T14:24:16.355+0000][7][gc,age      ] GC(81) - age  14:       3656 bytes,     890704 total
[2021-05-02T14:24:16.355+0000][7][gc,age      ] GC(81) - age  15:       1784 bytes,     892488 total
[2021-05-02T14:24:16.355+0000][7][gc,phases   ] GC(81)   Pre Evacuate Collection Set: 0.1ms
[2021-05-02T14:24:16.355+0000][7][gc,phases   ] GC(81)   Merge Heap Roots: 0.0ms
[2021-05-02T14:24:16.355+0000][7][gc,phases   ] GC(81)   Evacuate Collection Set: 1.2ms
[2021-05-02T14:24:16.355+0000][7][gc,phases   ] GC(81)   Post Evacuate Collection Set: 0.4ms
[2021-05-02T14:24:16.355+0000][7][gc,phases   ] GC(81)   Other: 0.2ms
[2021-05-02T14:24:16.355+0000][7][gc,heap     ] GC(81) Eden regions: 22->0(22)
[2021-05-02T14:24:16.355+0000][7][gc,heap     ] GC(81) Survivor regions: 1->1(3)
[2021-05-02T14:24:16.355+0000][7][gc,heap     ] GC(81) Old regions: 26->26
[2021-05-02T14:24:16.355+0000][7][gc,heap     ] GC(81) Archive regions: 2->2
[2021-05-02T14:24:16.355+0000][7][gc,heap     ] GC(81) Humongous regions: 2->2
[2021-05-02T14:24:16.355+0000][7][gc,metaspace] GC(81) Metaspace: 107336K(112080K)->107336K(112080K) NonClass: 93459K(96924K)->93459K(96924K) Class: 13877K(15156K)->13877K(15156K)
[2021-05-02T14:24:16.355+0000][7][gc          ] GC(81) Pause Young (Concurrent Start) (G1 Evacuation Pause) 202M->114M(256M) 2.041ms
[2021-05-02T14:24:16.355+0000][7][gc,cpu      ] GC(81) User=0.01s Sys=0.00s Real=0.00s
[2021-05-02T14:24:16.355+0000][7][gc          ] GC(82) Concurrent Cycle
[2021-05-02T14:24:16.355+0000][7][gc,marking  ] GC(82) Concurrent Clear Claimed Marks
[2021-05-02T14:24:16.355+0000][7][safepoint   ] Safepoint "G1CollectForAllocation", Time since last: 263648538 ns, Reaching safepoint: 187174 ns, At safepoint: 2112363 ns, Total: 2299537 ns
[2021-05-02T14:24:16.355+0000][7][gc,marking  ] GC(82) Concurrent Clear Claimed Marks 0.066ms
[2021-05-02T14:24:16.355+0000][7][gc,marking  ] GC(82) Concurrent Scan Root Regions
[2021-05-02T14:24:16.357+0000][7][gc,marking  ] GC(82) Concurrent Scan Root Regions 2.265ms
[2021-05-02T14:24:16.357+0000][7][gc,marking  ] GC(82) Concurrent Mark (4137.178s)
[2021-05-02T14:24:16.357+0000][7][gc,marking  ] GC(82) Concurrent Mark From Roots
[2021-05-02T14:24:16.358+0000][7][gc,task     ] GC(82) Using 2 workers of 2 for marking
[2021-05-02T14:24:16.443+0000][7][gc,marking  ] GC(82) Concurrent Mark From Roots 85.716ms
[2021-05-02T14:24:16.443+0000][7][gc,marking  ] GC(82) Concurrent Preclean
[2021-05-02T14:24:16.443+0000][7][gc,marking  ] GC(82) Concurrent Preclean 0.219ms
[2021-05-02T14:24:16.443+0000][7][gc,marking  ] GC(82) Concurrent Mark (4137.178s, 4137.264s) 85.996ms
[2021-05-02T14:24:16.444+0000][7][gc,start    ] GC(82) Pause Remark
[2021-05-02T14:24:16.449+0000][7][gc          ] GC(82) Pause Remark 117M->117M(256M) 5.520ms
[2021-05-02T14:24:16.449+0000][7][gc,cpu      ] GC(82) User=0.03s Sys=0.00s Real=0.01s
[2021-05-02T14:24:16.449+0000][7][safepoint   ] Safepoint "G1Concurrent", Time since last: 88436308 ns, Reaching safepoint: 96023 ns, At safepoint: 5591016 ns, Total: 5687039 ns
[2021-05-02T14:24:16.449+0000][7][gc,marking  ] GC(82) Concurrent Rebuild Remembered Sets
[2021-05-02T14:24:16.502+0000][7][gc,marking  ] GC(82) Concurrent Rebuild Remembered Sets 52.785ms
[2021-05-02T14:24:16.502+0000][7][gc,start    ] GC(82) Pause Cleanup
[2021-05-02T14:24:16.502+0000][7][gc          ] GC(82) Pause Cleanup 117M->117M(256M) 0.062ms
[2021-05-02T14:24:16.502+0000][7][gc,cpu      ] GC(82) User=0.00s Sys=0.00s Real=0.00s
[2021-05-02T14:24:16.502+0000][7][safepoint   ] Safepoint "G1Concurrent", Time since last: 52900299 ns, Reaching safepoint: 86932 ns, At safepoint: 101640 ns, Total: 188572 ns
[2021-05-02T14:24:16.502+0000][7][gc,marking  ] GC(82) Concurrent Cleanup for Next Mark
[2021-05-02T14:24:16.502+0000][7][gc,marking  ] GC(82) Concurrent Cleanup for Next Mark 0.143ms
[2021-05-02T14:24:16.502+0000][7][gc          ] GC(82) Concurrent Cycle 147.409ms
[2021-05-02T14:24:18.503+0000][7][safepoint   ] Safepoint "Cleanup", Time since last: 2000680970 ns, Reaching safepoint: 129849 ns, At safepoint: 7238 ns, Total: 137087 ns
[2021-05-02T14:24:23.504+0000][7][safepoint   ] Safepoint "Cleanup", Time since last: 5000978711 ns, Reaching safepoint: 108995 ns, At safepoint: 6086 ns, Total: 115081 ns
[2021-05-02T14:24:24.505+0000][7][safepoint   ] Safepoint "Cleanup", Time since last: 1000293571 ns, Reaching safepoint: 116194 ns, At safepoint: 5833 ns, Total: 122027 ns
[2021-05-02T14:24:25.505+0000][7][safepoint   ] Safepoint "Cleanup", Time since last: 1000306813 ns, Reaching safepoint: 186819 ns, At safepoint: 7038 ns, Total: 193857 ns
[2021-05-02T14:24:51.510+0000][7][safepoint   ] Safepoint "Cleanup", Time since last: 26005029592 ns, Reaching safepoint: 109221 ns, At safepoint: 4777 ns, Total: 113998 ns
[2021-05-02T14:24:55.512+0000][7][safepoint   ] Safepoint "Cleanup", Time since last: 4001328925 ns, Reaching safepoint: 114899 ns, At safepoint: 6371 ns, Total: 121270 ns
[2021-05-02T14:25:10.515+0000][7][safepoint   ] Safepoint "Cleanup", Time since last: 15003622444 ns, Reaching safepoint: 116651 ns, At safepoint: 8013 ns, Total: 124664 ns
[2021-05-02T14:25:16.516+0000][7][safepoint   ] Safepoint "Cleanup", Time since last: 6000765634 ns, Reaching safepoint: 93659 ns, At safepoint: 6120 ns, Total: 99779 ns
[2021-05-02T14:25:30.520+0000][7][safepoint   ] Safepoint "Cleanup", Time since last: 14003564830 ns, Reaching safepoint: 106899 ns, At safepoint: 6218 ns, Total: 113117 ns
[2021-05-02T14:25:40.523+0000][7][safepoint   ] Safepoint "Cleanup", Time since last: 10002465288 ns, Reaching safepoint: 169558 ns, At safepoint: 7275 ns, Total: 176833 ns
[2021-05-02T14:25:41.523+0000][7][safepoint   ] Safepoint "Cleanup", Time since last: 1000134223 ns, Reaching safepoint: 213261 ns, At safepoint: 7745 ns, Total: 221006 ns
[2021-05-02T14:25:42.524+0000][7][safepoint   ] Safepoint "Cleanup", Time since last: 1000367841 ns, Reaching safepoint: 159748 ns, At safepoint: 8054 ns, Total: 167802 ns
[2021-05-02T14:25:43.524+0000][7][safepoint   ] Safepoint "Cleanup", Time since last: 1000101013 ns, Reaching safepoint: 96383 ns, At safepoint: 5596 ns, Total: 101979 ns
[2021-05-02T14:25:45.524+0000][7][safepoint   ] Safepoint "Cleanup", Time since last: 2000573507 ns, Reaching safepoint: 101755 ns, At safepoint: 6344 ns, Total: 108099 ns
[2021-05-02T14:25:52.851+0000][7][gc,start    ] GC(83) Pause Young (Normal) (G1 Evacuation Pause)
[2021-05-02T14:25:52.851+0000][7][gc,task     ] GC(83) Using 6 workers of 8 for evacuation
[2021-05-02T14:25:52.851+0000][7][gc,age      ] GC(83) Desired survivor size 6291456 bytes, new threshold 15 (max threshold 15)
[2021-05-02T14:25:52.853+0000][7][gc,age      ] GC(83) Age table with threshold 15 (max threshold 15)
[2021-05-02T14:25:52.853+0000][7][gc,age      ] GC(83) - age   1:     831368 bytes,     831368 total
[2021-05-02T14:25:52.853+0000][7][gc,age      ] GC(83) - age   2:      10728 bytes,     842096 total
[2021-05-02T14:25:52.853+0000][7][gc,age      ] GC(83) - age   3:       3104 bytes,     845200 total
[2021-05-02T14:25:52.853+0000][7][gc,age      ] GC(83) - age   4:       2680 bytes,     847880 total
[2021-05-02T14:25:52.853+0000][7][gc,age      ] GC(83) - age   5:       2928 bytes,     850808 total
[2021-05-02T14:25:52.853+0000][7][gc,age      ] GC(83) - age   6:       7896 bytes,     858704 total
[2021-05-02T14:25:52.853+0000][7][gc,age      ] GC(83) - age   7:       2424 bytes,     861128 total
[2021-05-02T14:25:52.853+0000][7][gc,age      ] GC(83) - age   8:        240 bytes,     861368 total
[2021-05-02T14:25:52.853+0000][7][gc,age      ] GC(83) - age   9:       1768 bytes,     863136 total
[2021-05-02T14:25:52.853+0000][7][gc,age      ] GC(83) - age  10:       9152 bytes,     872288 total
[2021-05-02T14:25:52.853+0000][7][gc,age      ] GC(83) - age  11:       1640 bytes,     873928 total
[2021-05-02T14:25:52.853+0000][7][gc,age      ] GC(83) - age  12:       2888 bytes,     876816 total
[2021-05-02T14:25:52.853+0000][7][gc,age      ] GC(83) - age  13:       2304 bytes,     879120 total
[2021-05-02T14:25:52.853+0000][7][gc,age      ] GC(83) - age  14:       8712 bytes,     887832 total
[2021-05-02T14:25:52.853+0000][7][gc,age      ] GC(83) - age  15:       3656 bytes,     891488 total
[2021-05-02T14:25:52.853+0000][7][gc,phases   ] GC(83)   Pre Evacuate Collection Set: 0.0ms
[2021-05-02T14:25:52.853+0000][7][gc,phases   ] GC(83)   Merge Heap Roots: 0.0ms
[2021-05-02T14:25:52.853+0000][7][gc,phases   ] GC(83)   Evacuate Collection Set: 1.3ms
[2021-05-02T14:25:52.853+0000][7][gc,phases   ] GC(83)   Post Evacuate Collection Set: 0.6ms
[2021-05-02T14:25:52.853+0000][7][gc,phases   ] GC(83)   Other: 0.2ms
[2021-05-02T14:25:52.853+0000][7][gc,heap     ] GC(83) Eden regions: 22->0(22)
[2021-05-02T14:25:52.853+0000][7][gc,heap     ] GC(83) Survivor regions: 1->1(3)
[2021-05-02T14:25:52.853+0000][7][gc,heap     ] GC(83) Old regions: 26->26
[2021-05-02T14:25:52.853+0000][7][gc,heap     ] GC(83) Archive regions: 2->2
[2021-05-02T14:25:52.853+0000][7][gc,heap     ] GC(83) Humongous regions: 2->2
[2021-05-02T14:25:52.853+0000][7][gc,metaspace] GC(83) Metaspace: 107381K(112080K)->107381K(112080K) NonClass: 93503K(96924K)->93503K(96924K) Class: 13877K(15156K)->13877K(15156K)
[2021-05-02T14:25:52.853+0000][7][gc          ] GC(83) Pause Young (Normal) (G1 Evacuation Pause) 202M->114M(256M) 2.268ms
[2021-05-02T14:25:52.853+0000][7][gc,cpu      ] GC(83) User=0.01s Sys=0.00s Real=0.00s
[2021-05-02T14:25:52.853+0000][7][safepoint   ] Safepoint "G1CollectForAllocation", Time since last: 7326319287 ns, Reaching safepoint: 212952 ns, At safepoint: 2337517 ns, Total: 2550469 ns
[2021-05-02T14:25:57.855+0000][7][safepoint   ] Safepoint "Cleanup", Time since last: 5001574381 ns, Reaching safepoint: 109174 ns, At safepoint: 5276 ns, Total: 114450 ns
[2021-05-02T14:26:00.856+0000][7][safepoint   ] Safepoint "Cleanup", Time since last: 3000392204 ns, Reaching safepoint: 136134 ns, At safepoint: 7199 ns, Total: 143333 ns
[2021-05-02T14:26:02.856+0000][7][safepoint   ] Safepoint "Cleanup", Time since last: 2000157989 ns, Reaching safepoint: 94074 ns, At safepoint: 5274 ns, Total: 99348 ns
[2021-05-02T14:26:06.857+0000][7][safepoint   ] Safepoint "Cleanup", Time since last: 4001022716 ns, Reaching safepoint: 148658 ns, At safepoint: 6961 ns, Total: 155619 ns
[2021-05-02T14:26:07.857+0000][7][safepoint   ] Safepoint "Cleanup", Time since last: 1000167846 ns, Reaching safepoint: 149185 ns, At safepoint: 7215 ns, Total: 156400 ns
[2021-05-02T14:26:09.858+0000][7][safepoint   ] Safepoint "Cleanup", Time since last: 2000422379 ns, Reaching safepoint: 102360 ns, At safepoint: 6474 ns, Total: 108834 ns
[2021-05-02T14:26:15.859+0000][7][safepoint   ] Safepoint "Cleanup", Time since last: 6001249098 ns, Reaching safepoint: 102320 ns, At safepoint: 6859 ns, Total: 109179 ns
[2021-05-02T14:26:39.864+0000][7][safepoint   ] Safepoint "Cleanup", Time since last: 24004702632 ns, Reaching safepoint: 98708 ns, At safepoint: 4177 ns, Total: 102885 ns
[2021-05-02T14:27:46.877+0000][7][safepoint   ] Safepoint "Cleanup", Time since last: 67012842681 ns, Reaching safepoint: 177319 ns, At safepoint: 7112 ns, Total: 184431 ns
[2021-05-02T14:28:00.881+0000][7][safepoint   ] Safepoint "Cleanup", Time since last: 14003474538 ns, Reaching safepoint: 127558 ns, At safepoint: 5610 ns, Total: 133168 ns
[2021-05-02T14:28:07.882+0000][7][safepoint   ] Safepoint "Cleanup", Time since last: 7001354717 ns, Reaching safepoint: 109072 ns, At safepoint: 5676 ns, Total: 114748 ns
[2021-05-02T14:28:09.883+0000][7][safepoint   ] Safepoint "Cleanup", Time since last: 2000439426 ns, Reaching safepoint: 96696 ns, At safepoint: 5814 ns, Total: 102510 ns
[2021-05-02T14:28:10.883+0000][7][safepoint   ] Safepoint "Cleanup", Time since last: 1000320890 ns, Reaching safepoint: 112242 ns, At safepoint: 5532 ns, Total: 117774 ns
[2021-05-02T14:28:11.883+0000][7][safepoint   ] Safepoint "Cleanup", Time since last: 1000114589 ns, Reaching safepoint: 93750 ns, At safepoint: 6514 ns, Total: 100264 ns
[2021-05-02T14:28:16.266+0000][7][gc,start    ] GC(84) Pause Young (Concurrent Start) (G1 Evacuation Pause)
[2021-05-02T14:28:16.266+0000][7][gc,task     ] GC(84) Using 6 workers of 8 for evacuation
[2021-05-02T14:28:16.266+0000][7][gc,age      ] GC(84) Desired survivor size 6291456 bytes, new threshold 15 (max threshold 15)
[2021-05-02T14:28:16.267+0000][7][gc,age      ] GC(84) Age table with threshold 15 (max threshold 15)
[2021-05-02T14:28:16.268+0000][7][gc,age      ] GC(84) - age   1:     306552 bytes,     306552 total
[2021-05-02T14:28:16.268+0000][7][gc,age      ] GC(84) - age   2:     310624 bytes,     617176 total
[2021-05-02T14:28:16.268+0000][7][gc,age      ] GC(84) - age   3:       4680 bytes,     621856 total
[2021-05-02T14:28:16.268+0000][7][gc,age      ] GC(84) - age   4:       2984 bytes,     624840 total
[2021-05-02T14:28:16.268+0000][7][gc,age      ] GC(84) - age   5:       2656 bytes,     627496 total
[2021-05-02T14:28:16.268+0000][7][gc,age      ] GC(84) - age   6:       2728 bytes,     630224 total
[2021-05-02T14:28:16.268+0000][7][gc,age      ] GC(84) - age   7:       7856 bytes,     638080 total
[2021-05-02T14:28:16.268+0000][7][gc,age      ] GC(84) - age   8:       2424 bytes,     640504 total
[2021-05-02T14:28:16.268+0000][7][gc,age      ] GC(84) - age   9:        240 bytes,     640744 total
[2021-05-02T14:28:16.268+0000][7][gc,age      ] GC(84) - age  10:       1768 bytes,     642512 total
[2021-05-02T14:28:16.268+0000][7][gc,age      ] GC(84) - age  11:       9152 bytes,     651664 total
[2021-05-02T14:28:16.268+0000][7][gc,age      ] GC(84) - age  12:       1640 bytes,     653304 total
[2021-05-02T14:28:16.268+0000][7][gc,age      ] GC(84) - age  13:       2888 bytes,     656192 total
[2021-05-02T14:28:16.268+0000][7][gc,age      ] GC(84) - age  14:       2304 bytes,     658496 total
[2021-05-02T14:28:16.268+0000][7][gc,age      ] GC(84) - age  15:       8712 bytes,     667208 total
[2021-05-02T14:28:16.268+0000][7][gc,phases   ] GC(84)   Pre Evacuate Collection Set: 0.1ms
[2021-05-02T14:28:16.268+0000][7][gc,phases   ] GC(84)   Merge Heap Roots: 0.1ms
[2021-05-02T14:28:16.268+0000][7][gc,phases   ] GC(84)   Evacuate Collection Set: 1.1ms
[2021-05-02T14:28:16.268+0000][7][gc,phases   ] GC(84)   Post Evacuate Collection Set: 0.5ms
[2021-05-02T14:28:16.268+0000][7][gc,phases   ] GC(84)   Other: 0.2ms
[2021-05-02T14:28:16.268+0000][7][gc,heap     ] GC(84) Eden regions: 22->0(22)
[2021-05-02T14:28:16.268+0000][7][gc,heap     ] GC(84) Survivor regions: 1->1(3)
[2021-05-02T14:28:16.268+0000][7][gc,heap     ] GC(84) Old regions: 26->26
[2021-05-02T14:28:16.268+0000][7][gc,heap     ] GC(84) Archive regions: 2->2
[2021-05-02T14:28:16.268+0000][7][gc,heap     ] GC(84) Humongous regions: 2->2
[2021-05-02T14:28:16.268+0000][7][gc,metaspace] GC(84) Metaspace: 107385K(112080K)->107385K(112080K) NonClass: 93507K(96924K)->93507K(96924K) Class: 13877K(15156K)->13877K(15156K)
[2021-05-02T14:28:16.268+0000][7][gc          ] GC(84) Pause Young (Concurrent Start) (G1 Evacuation Pause) 202M->114M(256M) 2.039ms
[2021-05-02T14:28:16.268+0000][7][gc,cpu      ] GC(84) User=0.01s Sys=0.00s Real=0.01s
[2021-05-02T14:28:16.268+0000][7][gc          ] GC(85) Concurrent Cycle
[2021-05-02T14:28:16.268+0000][7][safepoint   ] Safepoint "G1CollectForAllocation", Time since last: 4382166336 ns, Reaching safepoint: 186269 ns, At safepoint: 2110829 ns, Total: 2297098 ns
[2021-05-02T14:28:16.268+0000][7][gc,marking  ] GC(85) Concurrent Clear Claimed Marks
[2021-05-02T14:28:16.268+0000][7][gc,marking  ] GC(85) Concurrent Clear Claimed Marks 0.067ms
[2021-05-02T14:28:16.268+0000][7][gc,marking  ] GC(85) Concurrent Scan Root Regions
[2021-05-02T14:28:16.269+0000][7][gc,marking  ] GC(85) Concurrent Scan Root Regions 1.223ms
[2021-05-02T14:28:16.269+0000][7][gc,marking  ] GC(85) Concurrent Mark (4377.089s)
[2021-05-02T14:28:16.269+0000][7][gc,marking  ] GC(85) Concurrent Mark From Roots
[2021-05-02T14:28:16.269+0000][7][gc,task     ] GC(85) Using 2 workers of 2 for marking
[2021-05-02T14:28:16.349+0000][7][gc,marking  ] GC(85) Concurrent Mark From Roots 80.025ms
[2021-05-02T14:28:16.349+0000][7][gc,marking  ] GC(85) Concurrent Preclean
[2021-05-02T14:28:16.349+0000][7][gc,marking  ] GC(85) Concurrent Preclean 0.215ms
[2021-05-02T14:28:16.349+0000][7][gc,marking  ] GC(85) Concurrent Mark (4377.089s, 4377.169s) 80.287ms
[2021-05-02T14:28:16.350+0000][7][gc,start    ] GC(85) Pause Remark
[2021-05-02T14:28:16.359+0000][7][gc          ] GC(85) Pause Remark 114M->114M(256M) 9.708ms
[2021-05-02T14:28:16.359+0000][7][gc,cpu      ] GC(85) User=0.06s Sys=0.00s Real=0.00s
[2021-05-02T14:28:16.359+0000][7][safepoint   ] Safepoint "G1Concurrent", Time since last: 81687278 ns, Reaching safepoint: 76066 ns, At safepoint: 9781527 ns, Total: 9857593 ns
[2021-05-02T14:28:16.359+0000][7][gc,marking  ] GC(85) Concurrent Rebuild Remembered Sets
[2021-05-02T14:28:16.420+0000][7][gc,marking  ] GC(85) Concurrent Rebuild Remembered Sets 60.449ms
[2021-05-02T14:28:16.420+0000][7][gc,start    ] GC(85) Pause Cleanup
[2021-05-02T14:28:16.420+0000][7][gc          ] GC(85) Pause Cleanup 119M->119M(256M) 0.070ms
[2021-05-02T14:28:16.420+0000][7][gc,cpu      ] GC(85) User=0.00s Sys=0.00s Real=0.00s
[2021-05-02T14:28:16.420+0000][7][safepoint   ] Safepoint "G1Concurrent", Time since last: 60549111 ns, Reaching safepoint: 183612 ns, At safepoint: 109264 ns, Total: 292876 ns
[2021-05-02T14:28:16.420+0000][7][gc,marking  ] GC(85) Concurrent Cleanup for Next Mark
[2021-05-02T14:28:16.420+0000][7][gc,marking  ] GC(85) Concurrent Cleanup for Next Mark 0.187ms
[2021-05-02T14:28:16.420+0000][7][gc          ] GC(85) Concurrent Cycle 152.647ms
[2021-05-02T14:28:17.420+0000][7][safepoint   ] Safepoint "Cleanup", Time since last: 1000130434 ns, Reaching safepoint: 90488 ns, At safepoint: 5919 ns, Total: 96407 ns
[2021-05-02T14:28:18.421+0000][7][safepoint   ] Safepoint "Cleanup", Time since last: 1000091395 ns, Reaching safepoint: 144698 ns, At safepoint: 6110 ns, Total: 150808 ns
[2021-05-02T14:28:19.421+0000][7][safepoint   ] Safepoint "Cleanup", Time since last: 1000129826 ns, Reaching safepoint: 80793 ns, At safepoint: 5298 ns, Total: 86091 ns
[2021-05-02T14:28:20.421+0000][7][safepoint   ] Safepoint "Cleanup", Time since last: 1000084624 ns, Reaching safepoint: 74076 ns, At safepoint: 4982 ns, Total: 79058 ns
[2021-05-02T14:28:25.422+0000][7][safepoint   ] Safepoint "Cleanup", Time since last: 5000953812 ns, Reaching safepoint: 100272 ns, At safepoint: 6224 ns, Total: 106496 ns
[2021-05-02T14:28:28.423+0000][7][safepoint   ] Safepoint "Cleanup", Time since last: 3000646725 ns, Reaching safepoint: 108305 ns, At safepoint: 6606 ns, Total: 114911 ns
[2021-05-02T14:28:37.424+0000][7][safepoint   ] Safepoint "Cleanup", Time since last: 9001550700 ns, Reaching safepoint: 123013 ns, At safepoint: 6586 ns, Total: 129599 ns
[2021-05-02T14:28:39.425+0000][7][safepoint   ] Safepoint "Cleanup", Time since last: 2000314618 ns, Reaching safepoint: 92832 ns, At safepoint: 5864 ns, Total: 98696 ns
[2021-05-02T14:28:40.425+0000][7][safepoint   ] Safepoint "Cleanup", Time since last: 1000272057 ns, Reaching safepoint: 144906 ns, At safepoint: 8734 ns, Total: 153640 ns
[2021-05-02T14:28:43.426+0000][7][safepoint   ] Safepoint "Cleanup", Time since last: 3000409332 ns, Reaching safepoint: 194979 ns, At safepoint: 6214 ns, Total: 201193 ns
[2021-05-02T14:28:44.426+0000][7][safepoint   ] Safepoint "Cleanup", Time since last: 1000434911 ns, Reaching safepoint: 92032 ns, At safepoint: 5154 ns, Total: 97186 ns
[2021-05-02T14:28:46.427+0000][7][safepoint   ] Safepoint "Cleanup", Time since last: 2000198259 ns, Reaching safepoint: 182437 ns, At safepoint: 6492 ns, Total: 188929 ns
[2021-05-02T14:29:28.435+0000][7][safepoint   ] Safepoint "Cleanup", Time since last: 42008170934 ns, Reaching safepoint: 121289 ns, At safepoint: 5794 ns, Total: 127083 ns
[2021-05-02T14:29:40.438+0000][7][safepoint   ] Safepoint "Cleanup", Time since last: 12002279774 ns, Reaching safepoint: 87629 ns, At safepoint: 5296 ns, Total: 92925 ns
[2021-05-02T14:30:15.445+0000][7][safepoint   ] Safepoint "Cleanup", Time since last: 35007048988 ns, Reaching safepoint: 99332 ns, At safepoint: 6386 ns, Total: 105718 ns
[2021-05-02T14:30:35.379+0000][7][gc,start    ] GC(86) Pause Young (Normal) (G1 Evacuation Pause)
[2021-05-02T14:30:35.379+0000][7][gc,task     ] GC(86) Using 6 workers of 8 for evacuation
[2021-05-02T14:30:35.379+0000][7][gc,age      ] GC(86) Desired survivor size 6291456 bytes, new threshold 15 (max threshold 15)
[2021-05-02T14:30:35.380+0000][7][gc,age      ] GC(86) Age table with threshold 15 (max threshold 15)
[2021-05-02T14:30:35.380+0000][7][gc,age      ] GC(86) - age   1:     911384 bytes,     911384 total
[2021-05-02T14:30:35.380+0000][7][gc,age      ] GC(86) - age   2:        880 bytes,     912264 total
[2021-05-02T14:30:35.380+0000][7][gc,age      ] GC(86) - age   3:     186592 bytes,    1098856 total
[2021-05-02T14:30:35.380+0000][7][gc,age      ] GC(86) - age   4:       4680 bytes,    1103536 total
[2021-05-02T14:30:35.380+0000][7][gc,age      ] GC(86) - age   5:       2864 bytes,    1106400 total
[2021-05-02T14:30:35.380+0000][7][gc,age      ] GC(86) - age   6:       2656 bytes,    1109056 total
[2021-05-02T14:30:35.381+0000][7][gc,age      ] GC(86) - age   7:       2728 bytes,    1111784 total
[2021-05-02T14:30:35.381+0000][7][gc,age      ] GC(86) - age   8:       7856 bytes,    1119640 total
[2021-05-02T14:30:35.381+0000][7][gc,age      ] GC(86) - age   9:       2424 bytes,    1122064 total
[2021-05-02T14:30:35.381+0000][7][gc,age      ] GC(86) - age  10:        240 bytes,    1122304 total
[2021-05-02T14:30:35.381+0000][7][gc,age      ] GC(86) - age  11:       1768 bytes,    1124072 total
[2021-05-02T14:30:35.381+0000][7][gc,age      ] GC(86) - age  12:       9152 bytes,    1133224 total
[2021-05-02T14:30:35.381+0000][7][gc,age      ] GC(86) - age  13:       1640 bytes,    1134864 total
[2021-05-02T14:30:35.381+0000][7][gc,age      ] GC(86) - age  14:       2888 bytes,    1137752 total
[2021-05-02T14:30:35.381+0000][7][gc,age      ] GC(86) - age  15:       2304 bytes,    1140056 total
[2021-05-02T14:30:35.381+0000][7][gc,phases   ] GC(86)   Pre Evacuate Collection Set: 0.0ms
[2021-05-02T14:30:35.381+0000][7][gc,phases   ] GC(86)   Merge Heap Roots: 0.0ms
[2021-05-02T14:30:35.381+0000][7][gc,phases   ] GC(86)   Evacuate Collection Set: 1.2ms
[2021-05-02T14:30:35.381+0000][7][gc,phases   ] GC(86)   Post Evacuate Collection Set: 0.5ms
[2021-05-02T14:30:35.381+0000][7][gc,phases   ] GC(86)   Other: 0.2ms
[2021-05-02T14:30:35.381+0000][7][gc,heap     ] GC(86) Eden regions: 22->0(22)
[2021-05-02T14:30:35.381+0000][7][gc,heap     ] GC(86) Survivor regions: 1->1(3)
[2021-05-02T14:30:35.381+0000][7][gc,heap     ] GC(86) Old regions: 26->26
[2021-05-02T14:30:35.381+0000][7][gc,heap     ] GC(86) Archive regions: 2->2
[2021-05-02T14:30:35.381+0000][7][gc,heap     ] GC(86) Humongous regions: 2->2
[2021-05-02T14:30:35.381+0000][7][gc,metaspace] GC(86) Metaspace: 107399K(112080K)->107399K(112080K) NonClass: 93522K(96924K)->93522K(96924K) Class: 13876K(15156K)->13876K(15156K)
[2021-05-02T14:30:35.381+0000][7][gc          ] GC(86) Pause Young (Normal) (G1 Evacuation Pause) 202M->114M(256M) 2.072ms
[2021-05-02T14:30:35.381+0000][7][gc,cpu      ] GC(86) User=0.00s Sys=0.00s Real=0.01s
[2021-05-02T14:30:35.381+0000][7][safepoint   ] Safepoint "G1CollectForAllocation", Time since last: 19933760455 ns, Reaching safepoint: 118827 ns, At safepoint: 2131640 ns, Total: 2250467 ns
[2021-05-02T14:30:37.381+0000][7][safepoint   ] Safepoint "Cleanup", Time since last: 2000167504 ns, Reaching safepoint: 75550 ns, At safepoint: 5426 ns, Total: 80976 ns
[2021-05-02T14:30:43.382+0000][7][safepoint   ] Safepoint "Cleanup", Time since last: 6001170709 ns, Reaching safepoint: 114928 ns, At safepoint: 5600 ns, Total: 120528 ns
[2021-05-02T14:30:44.383+0000][7][safepoint   ] Safepoint "Cleanup", Time since last: 1000315227 ns, Reaching safepoint: 104640 ns, At safepoint: 4054 ns, Total: 108694 ns
[2021-05-02T14:30:49.384+0000][7][safepoint   ] Safepoint "Cleanup", Time since last: 5000922415 ns, Reaching safepoint: 153563 ns, At safepoint: 5589 ns, Total: 159152 ns
[2021-05-02T14:31:16.391+0000][7][safepoint   ] Safepoint "Cleanup", Time since last: 27007071125 ns, Reaching safepoint: 96992 ns, At safepoint: 6041 ns, Total: 103033 ns
[2021-05-02T14:31:25.393+0000][7][safepoint   ] Safepoint "Cleanup", Time since last: 9001828212 ns, Reaching safepoint: 147599 ns, At safepoint: 7144 ns, Total: 154743 ns
[2021-05-02T14:31:43.397+0000][7][safepoint   ] Safepoint "Cleanup", Time since last: 18004310137 ns, Reaching safepoint: 111051 ns, At safepoint: 6115 ns, Total: 117166 ns
[2021-05-02T14:32:38.404+0000][7][safepoint   ] Safepoint "Cleanup", Time since last: 55006585952 ns, Reaching safepoint: 298245 ns, At safepoint: 23179 ns, Total: 321424 ns
[2021-05-02T14:32:43.405+0000][7][safepoint   ] Safepoint "Cleanup", Time since last: 5000656333 ns, Reaching safepoint: 218927 ns, At safepoint: 13803 ns, Total: 232730 ns
[2021-05-02T14:32:44.406+0000][7][safepoint   ] Safepoint "Cleanup", Time since last: 1000340569 ns, Reaching safepoint: 78459 ns, At safepoint: 5891 ns, Total: 84350 ns
[2021-05-02T14:32:45.369+0000][7][gc,start    ] GC(87) Pause Young (Concurrent Start) (G1 Evacuation Pause)
[2021-05-02T14:32:45.369+0000][7][gc,task     ] GC(87) Using 6 workers of 8 for evacuation
[2021-05-02T14:32:45.369+0000][7][gc,age      ] GC(87) Desired survivor size 6291456 bytes, new threshold 15 (max threshold 15)
[2021-05-02T14:32:45.371+0000][7][gc,age      ] GC(87) Age table with threshold 15 (max threshold 15)
[2021-05-02T14:32:45.371+0000][7][gc,age      ] GC(87) - age   1:     532880 bytes,     532880 total
[2021-05-02T14:32:45.371+0000][7][gc,age      ] GC(87) - age   2:     401792 bytes,     934672 total
[2021-05-02T14:32:45.371+0000][7][gc,age      ] GC(87) - age   3:        464 bytes,     935136 total
[2021-05-02T14:32:45.371+0000][7][gc,age      ] GC(87) - age   4:     186512 bytes,    1121648 total
[2021-05-02T14:32:45.371+0000][7][gc,age      ] GC(87) - age   5:       4656 bytes,    1126304 total
[2021-05-02T14:32:45.371+0000][7][gc,age      ] GC(87) - age   6:       2840 bytes,    1129144 total
[2021-05-02T14:32:45.371+0000][7][gc,age      ] GC(87) - age   7:       2656 bytes,    1131800 total
[2021-05-02T14:32:45.371+0000][7][gc,age      ] GC(87) - age   8:       2728 bytes,    1134528 total
[2021-05-02T14:32:45.371+0000][7][gc,age      ] GC(87) - age   9:       7648 bytes,    1142176 total
[2021-05-02T14:32:45.371+0000][7][gc,age      ] GC(87) - age  10:       2424 bytes,    1144600 total
[2021-05-02T14:32:45.371+0000][7][gc,age      ] GC(87) - age  11:        240 bytes,    1144840 total
[2021-05-02T14:32:45.371+0000][7][gc,age      ] GC(87) - age  12:       1768 bytes,    1146608 total
[2021-05-02T14:32:45.371+0000][7][gc,age      ] GC(87) - age  13:       9152 bytes,    1155760 total
[2021-05-02T14:32:45.371+0000][7][gc,age      ] GC(87) - age  14:       1640 bytes,    1157400 total
[2021-05-02T14:32:45.371+0000][7][gc,age      ] GC(87) - age  15:       2888 bytes,    1160288 total
[2021-05-02T14:32:45.371+0000][7][gc,phases   ] GC(87)   Pre Evacuate Collection Set: 0.1ms
[2021-05-02T14:32:45.371+0000][7][gc,phases   ] GC(87)   Merge Heap Roots: 0.0ms
[2021-05-02T14:32:45.371+0000][7][gc,phases   ] GC(87)   Evacuate Collection Set: 1.1ms
[2021-05-02T14:32:45.371+0000][7][gc,phases   ] GC(87)   Post Evacuate Collection Set: 0.4ms
[2021-05-02T14:32:45.371+0000][7][gc,phases   ] GC(87)   Other: 0.2ms
[2021-05-02T14:32:45.371+0000][7][gc,heap     ] GC(87) Eden regions: 22->0(22)
[2021-05-02T14:32:45.371+0000][7][gc,heap     ] GC(87) Survivor regions: 1->1(3)
[2021-05-02T14:32:45.371+0000][7][gc,heap     ] GC(87) Old regions: 26->26
[2021-05-02T14:32:45.371+0000][7][gc,heap     ] GC(87) Archive regions: 2->2
[2021-05-02T14:32:45.371+0000][7][gc,heap     ] GC(87) Humongous regions: 2->2
[2021-05-02T14:32:45.371+0000][7][gc,metaspace] GC(87) Metaspace: 107412K(112080K)->107412K(112080K) NonClass: 93533K(96924K)->93533K(96924K) Class: 13878K(15156K)->13878K(15156K)
[2021-05-02T14:32:45.371+0000][7][gc          ] GC(87) Pause Young (Concurrent Start) (G1 Evacuation Pause) 202M->115M(256M) 1.969ms
[2021-05-02T14:32:45.371+0000][7][gc,cpu      ] GC(87) User=0.01s Sys=0.00s Real=0.00s
[2021-05-02T14:32:45.371+0000][7][safepoint   ] Safepoint "G1CollectForAllocation", Time since last: 963475943 ns, Reaching safepoint: 134643 ns, At safepoint: 2030679 ns, Total: 2165322 ns
[2021-05-02T14:32:45.371+0000][7][gc          ] GC(88) Concurrent Cycle
[2021-05-02T14:32:45.371+0000][7][gc,marking  ] GC(88) Concurrent Clear Claimed Marks
[2021-05-02T14:32:45.371+0000][7][gc,marking  ] GC(88) Concurrent Clear Claimed Marks 0.047ms
[2021-05-02T14:32:45.371+0000][7][gc,marking  ] GC(88) Concurrent Scan Root Regions
[2021-05-02T14:32:45.372+0000][7][gc,marking  ] GC(88) Concurrent Scan Root Regions 0.817ms
[2021-05-02T14:32:45.372+0000][7][gc,marking  ] GC(88) Concurrent Mark (4646.192s)
[2021-05-02T14:32:45.372+0000][7][gc,marking  ] GC(88) Concurrent Mark From Roots
[2021-05-02T14:32:45.372+0000][7][gc,task     ] GC(88) Using 2 workers of 2 for marking
[2021-05-02T14:32:45.463+0000][7][gc,marking  ] GC(88) Concurrent Mark From Roots 91.345ms
[2021-05-02T14:32:45.463+0000][7][gc,marking  ] GC(88) Concurrent Preclean
[2021-05-02T14:32:45.464+0000][7][gc,marking  ] GC(88) Concurrent Preclean 0.210ms
[2021-05-02T14:32:45.464+0000][7][gc,marking  ] GC(88) Concurrent Mark (4646.192s, 4646.284s) 91.604ms
[2021-05-02T14:32:45.464+0000][7][gc,start    ] GC(88) Pause Remark
[2021-05-02T14:32:45.469+0000][7][gc          ] GC(88) Pause Remark 116M->116M(256M) 5.194ms
[2021-05-02T14:32:45.469+0000][7][gc,cpu      ] GC(88) User=0.03s Sys=0.00s Real=0.01s
[2021-05-02T14:32:45.469+0000][7][safepoint   ] Safepoint "G1Concurrent", Time since last: 92599445 ns, Reaching safepoint: 109087 ns, At safepoint: 5267192 ns, Total: 5376279 ns
[2021-05-02T14:32:45.469+0000][7][gc,marking  ] GC(88) Concurrent Rebuild Remembered Sets
[2021-05-02T14:32:45.522+0000][7][gc,marking  ] GC(88) Concurrent Rebuild Remembered Sets 53.128ms
[2021-05-02T14:32:45.522+0000][7][gc,start    ] GC(88) Pause Cleanup
[2021-05-02T14:32:45.523+0000][7][gc          ] GC(88) Pause Cleanup 116M->116M(256M) 0.065ms
[2021-05-02T14:32:45.523+0000][7][gc,cpu      ] GC(88) User=0.00s Sys=0.00s Real=0.00s
[2021-05-02T14:32:45.523+0000][7][safepoint   ] Safepoint "G1Concurrent", Time since last: 53229302 ns, Reaching safepoint: 89506 ns, At safepoint: 104300 ns, Total: 193806 ns
[2021-05-02T14:32:45.523+0000][7][gc,marking  ] GC(88) Concurrent Cleanup for Next Mark
[2021-05-02T14:32:45.523+0000][7][gc,marking  ] GC(88) Concurrent Cleanup for Next Mark 0.155ms
[2021-05-02T14:32:45.523+0000][7][gc          ] GC(88) Concurrent Cycle 151.580ms
[2021-05-02T14:33:13.529+0000][7][safepoint   ] Safepoint "Cleanup", Time since last: 28006612473 ns, Reaching safepoint: 87625 ns, At safepoint: 3885 ns, Total: 91510 ns
[2021-05-02T14:34:43.546+0000][7][safepoint   ] Safepoint "Cleanup", Time since last: 90016207529 ns, Reaching safepoint: 216104 ns, At safepoint: 9091 ns, Total: 225195 ns
[2021-05-02T14:35:05.427+0000][7][gc,start    ] GC(89) Pause Young (Normal) (G1 Evacuation Pause)
[2021-05-02T14:35:05.427+0000][7][gc,task     ] GC(89) Using 6 workers of 8 for evacuation
[2021-05-02T14:35:05.427+0000][7][gc,age      ] GC(89) Desired survivor size 6291456 bytes, new threshold 15 (max threshold 15)
[2021-05-02T14:35:05.429+0000][7][gc,age      ] GC(89) Age table with threshold 15 (max threshold 15)
[2021-05-02T14:35:05.429+0000][7][gc,age      ] GC(89) - age   1:     509040 bytes,     509040 total
[2021-05-02T14:35:05.429+0000][7][gc,age      ] GC(89) - age   2:      10624 bytes,     519664 total
[2021-05-02T14:35:05.429+0000][7][gc,age      ] GC(89) - age   3:     396424 bytes,     916088 total
[2021-05-02T14:35:05.429+0000][7][gc,age      ] GC(89) - age   4:        464 bytes,     916552 total
[2021-05-02T14:35:05.429+0000][7][gc,age      ] GC(89) - age   5:     186488 bytes,    1103040 total
[2021-05-02T14:35:05.429+0000][7][gc,age      ] GC(89) - age   6:       4656 bytes,    1107696 total
[2021-05-02T14:35:05.429+0000][7][gc,age      ] GC(89) - age   7:       2600 bytes,    1110296 total
[2021-05-02T14:35:05.429+0000][7][gc,age      ] GC(89) - age   8:       2656 bytes,    1112952 total
[2021-05-02T14:35:05.429+0000][7][gc,age      ] GC(89) - age   9:       2632 bytes,    1115584 total
[2021-05-02T14:35:05.429+0000][7][gc,age      ] GC(89) - age  10:       7648 bytes,    1123232 total
[2021-05-02T14:35:05.429+0000][7][gc,age      ] GC(89) - age  11:       2424 bytes,    1125656 total
[2021-05-02T14:35:05.429+0000][7][gc,age      ] GC(89) - age  12:        240 bytes,    1125896 total
[2021-05-02T14:35:05.429+0000][7][gc,age      ] GC(89) - age  13:       1768 bytes,    1127664 total
[2021-05-02T14:35:05.429+0000][7][gc,age      ] GC(89) - age  14:       9152 bytes,    1136816 total
[2021-05-02T14:35:05.429+0000][7][gc,age      ] GC(89) - age  15:       1640 bytes,    1138456 total
[2021-05-02T14:35:05.429+0000][7][gc,phases   ] GC(89)   Pre Evacuate Collection Set: 0.0ms
[2021-05-02T14:35:05.429+0000][7][gc,phases   ] GC(89)   Merge Heap Roots: 0.0ms
[2021-05-02T14:35:05.429+0000][7][gc,phases   ] GC(89)   Evacuate Collection Set: 1.3ms
[2021-05-02T14:35:05.429+0000][7][gc,phases   ] GC(89)   Post Evacuate Collection Set: 0.5ms
[2021-05-02T14:35:05.429+0000][7][gc,phases   ] GC(89)   Other: 0.2ms
[2021-05-02T14:35:05.429+0000][7][gc,heap     ] GC(89) Eden regions: 22->0(22)
[2021-05-02T14:35:05.429+0000][7][gc,heap     ] GC(89) Survivor regions: 1->1(3)
[2021-05-02T14:35:05.429+0000][7][gc,heap     ] GC(89) Old regions: 26->26
[2021-05-02T14:35:05.429+0000][7][gc,heap     ] GC(89) Archive regions: 2->2
[2021-05-02T14:35:05.429+0000][7][gc,heap     ] GC(89) Humongous regions: 2->2
[2021-05-02T14:35:05.429+0000][7][gc,metaspace] GC(89) Metaspace: 107416K(112080K)->107416K(112080K) NonClass: 93537K(96924K)->93537K(96924K) Class: 13878K(15156K)->13878K(15156K)
[2021-05-02T14:35:05.429+0000][7][gc          ] GC(89) Pause Young (Normal) (G1 Evacuation Pause) 203M->114M(256M) 2.162ms
[2021-05-02T14:35:05.429+0000][7][gc,cpu      ] GC(89) User=0.01s Sys=0.00s Real=0.01s
[2021-05-02T14:35:05.429+0000][7][safepoint   ] Safepoint "G1CollectForAllocation", Time since last: 21880735398 ns, Reaching safepoint: 152020 ns, At safepoint: 2226696 ns, Total: 2378716 ns
[2021-05-02T14:35:40.436+0000][7][safepoint   ] Safepoint "Cleanup", Time since last: 35006771809 ns, Reaching safepoint: 151643 ns, At safepoint: 7170 ns, Total: 158813 ns
[2021-05-02T14:35:41.436+0000][7][safepoint   ] Safepoint "Cleanup", Time since last: 1000385648 ns, Reaching safepoint: 245369 ns, At safepoint: 7757 ns, Total: 253126 ns
[2021-05-02T14:35:43.437+0000][7][safepoint   ] Safepoint "Cleanup", Time since last: 2000706282 ns, Reaching safepoint: 119634 ns, At safepoint: 5408 ns, Total: 125042 ns
[2021-05-02T14:35:52.439+0000][7][safepoint   ] Safepoint "Cleanup", Time since last: 9001791978 ns, Reaching safepoint: 125510 ns, At safepoint: 6177 ns, Total: 131687 ns
[2021-05-02T14:36:10.444+0000][7][safepoint   ] Safepoint "Cleanup", Time since last: 18004284779 ns, Reaching safepoint: 180211 ns, At safepoint: 7180 ns, Total: 187391 ns
[2021-05-02T14:36:15.445+0000][7][safepoint   ] Safepoint "Cleanup", Time since last: 5001253294 ns, Reaching safepoint: 151894 ns, At safepoint: 7135 ns, Total: 159029 ns
[2021-05-03T03:35:39.337+0000][7][safepoint   ] Safepoint "Cleanup", Time since last: 24581049061 ns, Reaching safepoint: 418583 ns, At safepoint: 33765 ns, Total: 452348 ns
[2021-05-03T03:35:40.338+0000][7][safepoint   ] Safepoint "Cleanup", Time since last: 1000575997 ns, Reaching safepoint: 77671 ns, At safepoint: 5060 ns, Total: 82731 ns
[2021-05-03T03:35:41.339+0000][7][safepoint   ] Safepoint "Cleanup", Time since last: 1000263570 ns, Reaching safepoint: 449394 ns, At safepoint: 51943 ns, Total: 501337 ns
[2021-05-03T03:35:42.370+0000][7][gc,start    ] GC(90) Pause Young (Concurrent Start) (G1 Evacuation Pause)
[2021-05-03T03:35:42.370+0000][7][gc,task     ] GC(90) Using 6 workers of 8 for evacuation
[2021-05-03T03:35:42.370+0000][7][gc,age      ] GC(90) Desired survivor size 6291456 bytes, new threshold 15 (max threshold 15)
[2021-05-03T03:35:42.372+0000][7][gc,age      ] GC(90) Age table with threshold 15 (max threshold 15)
[2021-05-03T03:35:42.372+0000][7][gc,age      ] GC(90) - age   1:     825488 bytes,     825488 total
[2021-05-03T03:35:42.372+0000][7][gc,age      ] GC(90) - age   2:        760 bytes,     826248 total
[2021-05-03T03:35:42.372+0000][7][gc,age      ] GC(90) - age   3:       4696 bytes,     830944 total
[2021-05-03T03:35:42.372+0000][7][gc,age      ] GC(90) - age   4:     395256 bytes,    1226200 total
[2021-05-03T03:35:42.372+0000][7][gc,age      ] GC(90) - age   5:        160 bytes,    1226360 total
[2021-05-03T03:35:42.372+0000][7][gc,age      ] GC(90) - age   6:       9192 bytes,    1235552 total
[2021-05-03T03:35:42.372+0000][7][gc,age      ] GC(90) - age   7:       4608 bytes,    1240160 total
[2021-05-03T03:35:42.372+0000][7][gc,age      ] GC(90) - age   8:       2600 bytes,    1242760 total
[2021-05-03T03:35:42.372+0000][7][gc,age      ] GC(90) - age   9:       2656 bytes,    1245416 total
[2021-05-03T03:35:42.372+0000][7][gc,age      ] GC(90) - age  10:       1944 bytes,    1247360 total
[2021-05-03T03:35:42.372+0000][7][gc,age      ] GC(90) - age  11:       7320 bytes,    1254680 total
[2021-05-03T03:35:42.372+0000][7][gc,age      ] GC(90) - age  12:       2424 bytes,    1257104 total
[2021-05-03T03:35:42.372+0000][7][gc,age      ] GC(90) - age  13:        240 bytes,    1257344 total
[2021-05-03T03:35:42.372+0000][7][gc,age      ] GC(90) - age  14:       1768 bytes,    1259112 total
[2021-05-03T03:35:42.372+0000][7][gc,age      ] GC(90) - age  15:       8880 bytes,    1267992 total
[2021-05-03T03:35:42.372+0000][7][gc,phases   ] GC(90)   Pre Evacuate Collection Set: 0.1ms
[2021-05-03T03:35:42.372+0000][7][gc,phases   ] GC(90)   Merge Heap Roots: 0.0ms
[2021-05-03T03:35:42.372+0000][7][gc,phases   ] GC(90)   Evacuate Collection Set: 1.5ms
[2021-05-03T03:35:42.372+0000][7][gc,phases   ] GC(90)   Post Evacuate Collection Set: 0.5ms
[2021-05-03T03:35:42.372+0000][7][gc,phases   ] GC(90)   Other: 0.3ms
[2021-05-03T03:35:42.372+0000][7][gc,heap     ] GC(90) Eden regions: 22->0(22)
[2021-05-03T03:35:42.373+0000][7][gc,heap     ] GC(90) Survivor regions: 1->1(3)
[2021-05-03T03:35:42.373+0000][7][gc,heap     ] GC(90) Old regions: 26->26
[2021-05-03T03:35:42.373+0000][7][gc,heap     ] GC(90) Archive regions: 2->2
[2021-05-03T03:35:42.373+0000][7][gc,heap     ] GC(90) Humongous regions: 2->2
[2021-05-03T03:35:42.373+0000][7][gc,metaspace] GC(90) Metaspace: 107457K(112080K)->107457K(112080K) NonClass: 93577K(96924K)->93577K(96924K) Class: 13879K(15156K)->13879K(15156K)
[2021-05-03T03:35:42.373+0000][7][gc          ] GC(90) Pause Young (Concurrent Start) (G1 Evacuation Pause) 202M->115M(256M) 2.463ms
[2021-05-03T03:35:42.373+0000][7][gc,cpu      ] GC(90) User=0.01s Sys=0.00s Real=0.00s
[2021-05-03T03:35:42.373+0000][7][gc          ] GC(91) Concurrent Cycle
[2021-05-03T03:35:42.373+0000][7][safepoint   ] Safepoint "G1CollectForAllocation", Time since last: 1031474542 ns, Reaching safepoint: 70697 ns, At safepoint: 2558130 ns, Total: 2628827 ns
[2021-05-03T03:35:42.373+0000][7][gc,marking  ] GC(91) Concurrent Clear Claimed Marks
[2021-05-03T03:35:42.373+0000][7][gc,marking  ] GC(91) Concurrent Clear Claimed Marks 0.210ms
[2021-05-03T03:35:42.373+0000][7][gc,marking  ] GC(91) Concurrent Scan Root Regions
[2021-05-03T03:35:42.377+0000][7][gc,marking  ] GC(91) Concurrent Scan Root Regions 3.545ms
[2021-05-03T03:35:42.377+0000][7][gc,marking  ] GC(91) Concurrent Mark (4883.886s)
[2021-05-03T03:35:42.377+0000][7][gc,marking  ] GC(91) Concurrent Mark From Roots
[2021-05-03T03:35:42.377+0000][7][gc,task     ] GC(91) Using 2 workers of 2 for marking
[2021-05-03T03:35:42.479+0000][7][gc,marking  ] GC(91) Concurrent Mark From Roots 102.063ms
[2021-05-03T03:35:42.479+0000][7][gc,marking  ] GC(91) Concurrent Preclean
[2021-05-03T03:35:42.479+0000][7][gc,marking  ] GC(91) Concurrent Preclean 0.243ms
[2021-05-03T03:35:42.479+0000][7][gc,marking  ] GC(91) Concurrent Mark (4883.886s, 4883.989s) 102.373ms
[2021-05-03T03:35:42.479+0000][7][gc,start    ] GC(91) Pause Remark
[2021-05-03T03:35:42.485+0000][7][gc          ] GC(91) Pause Remark 115M->115M(256M) 5.676ms
[2021-05-03T03:35:42.485+0000][7][gc,cpu      ] GC(91) User=0.03s Sys=0.00s Real=0.00s
[2021-05-03T03:35:42.485+0000][7][safepoint   ] Safepoint "G1Concurrent", Time since last: 106692854 ns, Reaching safepoint: 128011 ns, At safepoint: 5775061 ns, Total: 5903072 ns
[2021-05-03T03:35:42.485+0000][7][gc,marking  ] GC(91) Concurrent Rebuild Remembered Sets
[2021-05-03T03:35:42.560+0000][7][gc,marking  ] GC(91) Concurrent Rebuild Remembered Sets 74.273ms
[2021-05-03T03:35:42.560+0000][7][gc,start    ] GC(91) Pause Cleanup
[2021-05-03T03:35:42.560+0000][7][gc          ] GC(91) Pause Cleanup 115M->115M(256M) 0.081ms
[2021-05-03T03:35:42.560+0000][7][gc,cpu      ] GC(91) User=0.00s Sys=0.00s Real=0.00s
[2021-05-03T03:35:42.560+0000][7][safepoint   ] Safepoint "G1Concurrent", Time since last: 74378460 ns, Reaching safepoint: 90311 ns, At safepoint: 133794 ns, Total: 224105 ns
[2021-05-03T03:35:42.560+0000][7][gc,marking  ] GC(91) Concurrent Cleanup for Next Mark
[2021-05-03T03:35:42.560+0000][7][gc,marking  ] GC(91) Concurrent Cleanup for Next Mark 0.234ms
[2021-05-03T03:35:42.560+0000][7][gc          ] GC(91) Concurrent Cycle 187.512ms
[2021-05-03T03:35:43.560+0000][7][safepoint   ] Safepoint "Cleanup", Time since last: 1000103430 ns, Reaching safepoint: 210518 ns, At safepoint: 16299 ns, Total: 226817 ns
[2021-05-03T03:35:44.561+0000][7][safepoint   ] Safepoint "Cleanup", Time since last: 1000181491 ns, Reaching safepoint: 283381 ns, At safepoint: 21309 ns, Total: 304690 ns
[2021-05-03T03:35:46.561+0000][7][safepoint   ] Safepoint "Cleanup", Time since last: 2000361765 ns, Reaching safepoint: 342755 ns, At safepoint: 35571 ns, Total: 378326 ns
[2021-05-03T03:36:14.148+0000][7][safepoint   ] Safepoint "Cleanup", Time since last: 28004065284 ns, Reaching safepoint: 459668 ns, At safepoint: 62679 ns, Total: 522347 ns
[2021-05-03T03:36:15.149+0000][7][safepoint   ] Safepoint "Cleanup", Time since last: 1000752138 ns, Reaching safepoint: 328900 ns, At safepoint: 29978 ns, Total: 358878 ns
[2021-05-03T03:36:36.152+0000][7][safepoint   ] Safepoint "Cleanup", Time since last: 21002657373 ns, Reaching safepoint: 327596 ns, At safepoint: 28128 ns, Total: 355724 ns
[2021-05-03T03:36:41.154+0000][7][safepoint   ] Safepoint "Cleanup", Time since last: 5001399208 ns, Reaching safepoint: 375557 ns, At safepoint: 28569 ns, Total: 404126 ns
[2021-05-03T03:36:42.154+0000][7][safepoint   ] Safepoint "Cleanup", Time since last: 1000232468 ns, Reaching safepoint: 228498 ns, At safepoint: 28136 ns, Total: 256634 ns
[2021-05-03T03:36:45.155+0000][7][safepoint   ] Safepoint "Cleanup", Time since last: 3000540585 ns, Reaching safepoint: 271242 ns, At safepoint: 25487 ns, Total: 296729 ns
[2021-05-03T03:37:16.160+0000][7][safepoint   ] Safepoint "Cleanup", Time since last: 31004759337 ns, Reaching safepoint: 328263 ns, At safepoint: 34008 ns, Total: 362271 ns
[2021-05-03T03:37:46.165+0000][7][safepoint   ] Safepoint "Cleanup", Time since last: 30004993422 ns, Reaching safepoint: 261407 ns, At safepoint: 25075 ns, Total: 286482 ns
[2021-05-03T03:38:01.172+0000][7][gc,start    ] GC(92) Pause Young (Normal) (G1 Evacuation Pause)
[2021-05-03T03:38:01.172+0000][7][gc,task     ] GC(92) Using 6 workers of 8 for evacuation
[2021-05-03T03:38:01.172+0000][7][gc,age      ] GC(92) Desired survivor size 6291456 bytes, new threshold 15 (max threshold 15)
[2021-05-03T03:38:01.190+0000][7][gc,age      ] GC(92) Age table with threshold 15 (max threshold 15)
[2021-05-03T03:38:01.190+0000][7][gc,age      ] GC(92) - age   1:     513192 bytes,     513192 total
[2021-05-03T03:38:01.190+0000][7][gc,age      ] GC(92) - age   2:     287752 bytes,     800944 total
[2021-05-03T03:38:01.190+0000][7][gc,age      ] GC(92) - age   3:        760 bytes,     801704 total
[2021-05-03T03:38:01.190+0000][7][gc,age      ] GC(92) - age   4:       4696 bytes,     806400 total
[2021-05-03T03:38:01.190+0000][7][gc,age      ] GC(92) - age   5:     395256 bytes,    1201656 total
[2021-05-03T03:38:01.190+0000][7][gc,age      ] GC(92) - age   6:        160 bytes,    1201816 total
[2021-05-03T03:38:01.190+0000][7][gc,age      ] GC(92) - age   7:       9192 bytes,    1211008 total
[2021-05-03T03:38:01.190+0000][7][gc,age      ] GC(92) - age   8:       4608 bytes,    1215616 total
[2021-05-03T03:38:01.190+0000][7][gc,age      ] GC(92) - age   9:       2600 bytes,    1218216 total
[2021-05-03T03:38:01.190+0000][7][gc,age      ] GC(92) - age  10:       2656 bytes,    1220872 total
[2021-05-03T03:38:01.190+0000][7][gc,age      ] GC(92) - age  11:       1944 bytes,    1222816 total
[2021-05-03T03:38:01.190+0000][7][gc,age      ] GC(92) - age  12:       7320 bytes,    1230136 total
[2021-05-03T03:38:01.190+0000][7][gc,age      ] GC(92) - age  13:       2424 bytes,    1232560 total
[2021-05-03T03:38:01.191+0000][7][gc,age      ] GC(92) - age  14:        240 bytes,    1232800 total
[2021-05-03T03:38:01.191+0000][7][gc,age      ] GC(92) - age  15:       1768 bytes,    1234568 total
[2021-05-03T03:38:01.191+0000][7][gc,phases   ] GC(92)   Pre Evacuate Collection Set: 0.2ms
[2021-05-03T03:38:01.191+0000][7][gc,phases   ] GC(92)   Merge Heap Roots: 0.5ms
[2021-05-03T03:38:01.191+0000][7][gc,phases   ] GC(92)   Evacuate Collection Set: 15.3ms
[2021-05-03T03:38:01.191+0000][7][gc,phases   ] GC(92)   Post Evacuate Collection Set: 1.6ms
[2021-05-03T03:38:01.191+0000][7][gc,phases   ] GC(92)   Other: 0.9ms
[2021-05-03T03:38:01.191+0000][7][gc,heap     ] GC(92) Eden regions: 22->0(22)
[2021-05-03T03:38:01.191+0000][7][gc,heap     ] GC(92) Survivor regions: 1->1(3)
[2021-05-03T03:38:01.191+0000][7][gc,heap     ] GC(92) Old regions: 26->26
[2021-05-03T03:38:01.191+0000][7][gc,heap     ] GC(92) Archive regions: 2->2
[2021-05-03T03:38:01.191+0000][7][gc,heap     ] GC(92) Humongous regions: 2->2
[2021-05-03T03:38:01.191+0000][7][gc,metaspace] GC(92) Metaspace: 107463K(112080K)->107463K(112080K) NonClass: 93583K(96924K)->93583K(96924K) Class: 13879K(15156K)->13879K(15156K)
[2021-05-03T03:38:01.191+0000][7][gc          ] GC(92) Pause Young (Normal) (G1 Evacuation Pause) 203M->115M(256M) 18.853ms
[2021-05-03T03:38:01.191+0000][7][gc,cpu      ] GC(92) User=0.03s Sys=0.00s Real=0.01s
[2021-05-03T03:38:01.191+0000][7][safepoint   ] Safepoint "G1CollectForAllocation", Time since last: 15006348177 ns, Reaching safepoint: 301734 ns, At safepoint: 19181146 ns, Total: 19482880 ns
[2021-05-03T03:39:42.208+0000][7][safepoint   ] Safepoint "Cleanup", Time since last: 101016891688 ns, Reaching safepoint: 264412 ns, At safepoint: 25198 ns, Total: 289610 ns
[2021-05-03T03:40:06.213+0000][7][safepoint   ] Safepoint "Cleanup", Time since last: 24004434656 ns, Reaching safepoint: 264956 ns, At safepoint: 24152 ns, Total: 289108 ns
[2021-05-03T03:40:11.439+0000][7][gc,start    ] GC(93) Pause Young (Concurrent Start) (G1 Evacuation Pause)
[2021-05-03T03:40:11.439+0000][7][gc,task     ] GC(93) Using 6 workers of 8 for evacuation
[2021-05-03T03:40:11.439+0000][7][gc,age      ] GC(93) Desired survivor size 6291456 bytes, new threshold 15 (max threshold 15)
[2021-05-03T03:40:11.445+0000][7][gc,age      ] GC(93) Age table with threshold 15 (max threshold 15)
[2021-05-03T03:40:11.445+0000][7][gc,age      ] GC(93) - age   1:     519408 bytes,     519408 total
[2021-05-03T03:40:11.445+0000][7][gc,age      ] GC(93) - age   2:       3552 bytes,     522960 total
[2021-05-03T03:40:11.445+0000][7][gc,age      ] GC(93) - age   3:     164560 bytes,     687520 total
[2021-05-03T03:40:11.445+0000][7][gc,age      ] GC(93) - age   4:        760 bytes,     688280 total
[2021-05-03T03:40:11.445+0000][7][gc,age      ] GC(93) - age   5:       4600 bytes,     692880 total
[2021-05-03T03:40:11.445+0000][7][gc,age      ] GC(93) - age   6:     395256 bytes,    1088136 total
[2021-05-03T03:40:11.445+0000][7][gc,age      ] GC(93) - age   7:        160 bytes,    1088296 total
[2021-05-03T03:40:11.445+0000][7][gc,age      ] GC(93) - age   8:       9192 bytes,    1097488 total
[2021-05-03T03:40:11.445+0000][7][gc,age      ] GC(93) - age   9:       4608 bytes,    1102096 total
[2021-05-03T03:40:11.445+0000][7][gc,age      ] GC(93) - age  10:       2576 bytes,    1104672 total
[2021-05-03T03:40:11.445+0000][7][gc,age      ] GC(93) - age  11:       2656 bytes,    1107328 total
[2021-05-03T03:40:11.446+0000][7][gc,age      ] GC(93) - age  12:       1944 bytes,    1109272 total
[2021-05-03T03:40:11.446+0000][7][gc,age      ] GC(93) - age  13:       7320 bytes,    1116592 total
[2021-05-03T03:40:11.446+0000][7][gc,age      ] GC(93) - age  14:       2424 bytes,    1119016 total
[2021-05-03T03:40:11.446+0000][7][gc,age      ] GC(93) - age  15:        240 bytes,    1119256 total
[2021-05-03T03:40:11.446+0000][7][gc,phases   ] GC(93)   Pre Evacuate Collection Set: 0.3ms
[2021-05-03T03:40:11.446+0000][7][gc,phases   ] GC(93)   Merge Heap Roots: 0.2ms
[2021-05-03T03:40:11.446+0000][7][gc,phases   ] GC(93)   Evacuate Collection Set: 3.4ms
[2021-05-03T03:40:11.446+0000][7][gc,phases   ] GC(93)   Post Evacuate Collection Set: 2.1ms
[2021-05-03T03:40:11.446+0000][7][gc,phases   ] GC(93)   Other: 0.9ms
[2021-05-03T03:40:11.446+0000][7][gc,heap     ] GC(93) Eden regions: 22->0(22)
[2021-05-03T03:40:11.446+0000][7][gc,heap     ] GC(93) Survivor regions: 1->1(3)
[2021-05-03T03:40:11.446+0000][7][gc,heap     ] GC(93) Old regions: 26->26
[2021-05-03T03:40:11.446+0000][7][gc,heap     ] GC(93) Archive regions: 2->2
[2021-05-03T03:40:11.446+0000][7][gc,heap     ] GC(93) Humongous regions: 2->2
[2021-05-03T03:40:11.446+0000][7][gc,metaspace] GC(93) Metaspace: 107486K(112080K)->107486K(112080K) NonClass: 93607K(96924K)->93607K(96924K) Class: 13879K(15156K)->13879K(15156K)
[2021-05-03T03:40:11.446+0000][7][gc          ] GC(93) Pause Young (Concurrent Start) (G1 Evacuation Pause) 203M->115M(256M) 7.167ms
[2021-05-03T03:40:11.446+0000][7][gc,cpu      ] GC(93) User=0.01s Sys=0.01s Real=0.01s
[2021-05-03T03:40:11.446+0000][7][safepoint   ] Safepoint "G1CollectForAllocation", Time since last: 5225270979 ns, Reaching safepoint: 352013 ns, At safepoint: 7405467 ns, Total: 7757480 ns
[2021-05-03T03:40:11.446+0000][7][gc          ] GC(94) Concurrent Cycle
[2021-05-03T03:40:11.446+0000][7][gc,marking  ] GC(94) Concurrent Clear Claimed Marks
[2021-05-03T03:40:11.447+0000][7][gc,marking  ] GC(94) Concurrent Clear Claimed Marks 0.191ms
[2021-05-03T03:40:11.447+0000][7][gc,marking  ] GC(94) Concurrent Scan Root Regions
[2021-05-03T03:40:11.452+0000][7][gc,marking  ] GC(94) Concurrent Scan Root Regions 5.795ms
[2021-05-03T03:40:11.452+0000][7][gc,marking  ] GC(94) Concurrent Mark (5153.380s)
[2021-05-03T03:40:11.453+0000][7][gc,marking  ] GC(94) Concurrent Mark From Roots
[2021-05-03T03:40:11.453+0000][7][gc,task     ] GC(94) Using 2 workers of 2 for marking
[2021-05-03T03:40:11.568+0000][7][gc,marking  ] GC(94) Concurrent Mark From Roots 115.287ms
[2021-05-03T03:40:11.568+0000][7][gc,marking  ] GC(94) Concurrent Preclean
[2021-05-03T03:40:11.568+0000][7][gc,marking  ] GC(94) Concurrent Preclean 0.226ms
[2021-05-03T03:40:11.568+0000][7][gc,marking  ] GC(94) Concurrent Mark (5153.380s, 5153.496s) 115.583ms
[2021-05-03T03:40:11.568+0000][7][gc,start    ] GC(94) Pause Remark
[2021-05-03T03:40:11.574+0000][7][gc          ] GC(94) Pause Remark 115M->115M(256M) 5.644ms
[2021-05-03T03:40:11.574+0000][7][gc,cpu      ] GC(94) User=0.03s Sys=0.00s Real=0.01s
[2021-05-03T03:40:11.574+0000][7][safepoint   ] Safepoint "G1Concurrent", Time since last: 121930344 ns, Reaching safepoint: 82873 ns, At safepoint: 5718349 ns, Total: 5801222 ns
[2021-05-03T03:40:11.574+0000][7][gc,marking  ] GC(94) Concurrent Rebuild Remembered Sets
[2021-05-03T03:40:11.636+0000][7][gc,marking  ] GC(94) Concurrent Rebuild Remembered Sets 61.820ms
[2021-05-03T03:40:11.636+0000][7][gc,start    ] GC(94) Pause Cleanup
[2021-05-03T03:40:11.636+0000][7][gc          ] GC(94) Pause Cleanup 115M->115M(256M) 0.079ms
[2021-05-03T03:40:11.636+0000][7][gc,cpu      ] GC(94) User=0.00s Sys=0.00s Real=0.00s
[2021-05-03T03:40:11.636+0000][7][safepoint   ] Safepoint "G1Concurrent", Time since last: 61973511 ns, Reaching safepoint: 111794 ns, At safepoint: 134579 ns, Total: 246373 ns
[2021-05-03T03:40:11.636+0000][7][gc,marking  ] GC(94) Concurrent Cleanup for Next Mark
[2021-05-03T03:40:11.636+0000][7][gc,marking  ] GC(94) Concurrent Cleanup for Next Mark 0.152ms
[2021-05-03T03:40:11.636+0000][7][gc          ] GC(94) Concurrent Cycle 190.125ms
[2021-05-03T03:40:38.641+0000][7][safepoint   ] Safepoint "Cleanup", Time since last: 27004680985 ns, Reaching safepoint: 213173 ns, At safepoint: 23455 ns, Total: 236628 ns
[2021-05-03T03:40:41.642+0000][7][safepoint   ] Safepoint "Cleanup", Time since last: 3000482615 ns, Reaching safepoint: 275623 ns, At safepoint: 29161 ns, Total: 304784 ns
[2021-05-03T03:40:42.642+0000][7][safepoint   ] Safepoint "Cleanup", Time since last: 1000280924 ns, Reaching safepoint: 324713 ns, At safepoint: 23280 ns, Total: 347993 ns
[2021-05-03T03:41:05.647+0000][7][safepoint   ] Safepoint "Cleanup", Time since last: 23004677127 ns, Reaching safepoint: 199197 ns, At safepoint: 9475 ns, Total: 208672 ns
[2021-05-03T03:42:01.657+0000][7][safepoint   ] Safepoint "Cleanup", Time since last: 56009386701 ns, Reaching safepoint: 140132 ns, At safepoint: 9448 ns, Total: 149580 ns
[2021-05-03T03:42:31.671+0000][7][gc,start    ] GC(95) Pause Young (Normal) (G1 Evacuation Pause)
[2021-05-03T03:42:31.671+0000][7][gc,task     ] GC(95) Using 6 workers of 8 for evacuation
[2021-05-03T03:42:31.672+0000][7][gc,age      ] GC(95) Desired survivor size 6291456 bytes, new threshold 15 (max threshold 15)
[2021-05-03T03:42:31.678+0000][7][gc,age      ] GC(95) Age table with threshold 15 (max threshold 15)
[2021-05-03T03:42:31.678+0000][7][gc,age      ] GC(95) - age   1:     521192 bytes,     521192 total
[2021-05-03T03:42:31.678+0000][7][gc,age      ] GC(95) - age   2:       5000 bytes,     526192 total
[2021-05-03T03:42:31.678+0000][7][gc,age      ] GC(95) - age   3:        816 bytes,     527008 total
[2021-05-03T03:42:31.678+0000][7][gc,age      ] GC(95) - age   4:     164464 bytes,     691472 total
[2021-05-03T03:42:31.678+0000][7][gc,age      ] GC(95) - age   5:        760 bytes,     692232 total
[2021-05-03T03:42:31.678+0000][7][gc,age      ] GC(95) - age   6:       4384 bytes,     696616 total
[2021-05-03T03:42:31.678+0000][7][gc,age      ] GC(95) - age   7:     395256 bytes,    1091872 total
[2021-05-03T03:42:31.678+0000][7][gc,age      ] GC(95) - age   8:        160 bytes,    1092032 total
[2021-05-03T03:42:31.678+0000][7][gc,age      ] GC(95) - age   9:       8952 bytes,    1100984 total
[2021-05-03T03:42:31.678+0000][7][gc,age      ] GC(95) - age  10:       4608 bytes,    1105592 total
[2021-05-03T03:42:31.678+0000][7][gc,age      ] GC(95) - age  11:       2576 bytes,    1108168 total
[2021-05-03T03:42:31.678+0000][7][gc,age      ] GC(95) - age  12:       2656 bytes,    1110824 total
[2021-05-03T03:42:31.678+0000][7][gc,age      ] GC(95) - age  13:       1944 bytes,    1112768 total
[2021-05-03T03:42:31.678+0000][7][gc,age      ] GC(95) - age  14:       7320 bytes,    1120088 total
[2021-05-03T03:42:31.678+0000][7][gc,age      ] GC(95) - age  15:       2424 bytes,    1122512 total
[2021-05-03T03:42:31.678+0000][7][gc,phases   ] GC(95)   Pre Evacuate Collection Set: 0.2ms
[2021-05-03T03:42:31.678+0000][7][gc,phases   ] GC(95)   Merge Heap Roots: 0.2ms
[2021-05-03T03:42:31.679+0000][7][gc,phases   ] GC(95)   Evacuate Collection Set: 4.5ms
[2021-05-03T03:42:31.679+0000][7][gc,phases   ] GC(95)   Post Evacuate Collection Set: 1.6ms
[2021-05-03T03:42:31.679+0000][7][gc,phases   ] GC(95)   Other: 0.8ms
[2021-05-03T03:42:31.679+0000][7][gc,heap     ] GC(95) Eden regions: 22->0(22)
[2021-05-03T03:42:31.679+0000][7][gc,heap     ] GC(95) Survivor regions: 1->1(3)
[2021-05-03T03:42:31.679+0000][7][gc,heap     ] GC(95) Old regions: 26->26
[2021-05-03T03:42:31.679+0000][7][gc,heap     ] GC(95) Archive regions: 2->2
[2021-05-03T03:42:31.679+0000][7][gc,heap     ] GC(95) Humongous regions: 2->2
[2021-05-03T03:42:31.679+0000][7][gc,metaspace] GC(95) Metaspace: 107489K(112080K)->107489K(112080K) NonClass: 93609K(96924K)->93609K(96924K) Class: 13880K(15156K)->13880K(15156K)
[2021-05-03T03:42:31.679+0000][7][gc          ] GC(95) Pause Young (Normal) (G1 Evacuation Pause) 203M->115M(256M) 7.536ms
[2021-05-03T03:42:31.679+0000][7][gc,cpu      ] GC(95) User=0.02s Sys=0.00s Real=0.01s
[2021-05-03T03:42:31.679+0000][7][safepoint   ] Safepoint "G1CollectForAllocation", Time since last: 30013924147 ns, Reaching safepoint: 365937 ns, At safepoint: 7778206 ns, Total: 8144143 ns
[2021-05-03T03:42:37.680+0000][7][safepoint   ] Safepoint "Cleanup", Time since last: 6000820158 ns, Reaching safepoint: 250497 ns, At safepoint: 27379 ns, Total: 277876 ns
[2021-05-03T03:42:42.681+0000][7][safepoint   ] Safepoint "Cleanup", Time since last: 5000856175 ns, Reaching safepoint: 350991 ns, At safepoint: 28830 ns, Total: 379821 ns
[2021-05-03T03:43:16.688+0000][7][safepoint   ] Safepoint "Cleanup", Time since last: 34006261057 ns, Reaching safepoint: 185480 ns, At safepoint: 9209 ns, Total: 194689 ns
[2021-05-03T03:43:38.692+0000][7][safepoint   ] Safepoint "Cleanup", Time since last: 22004348722 ns, Reaching safepoint: 266477 ns, At safepoint: 31308 ns, Total: 297785 ns
[2021-05-03T03:43:42.693+0000][7][safepoint   ] Safepoint "Cleanup", Time since last: 4000625206 ns, Reaching safepoint: 320836 ns, At safepoint: 30060 ns, Total: 350896 ns
[2021-05-03T03:43:46.695+0000][7][safepoint   ] Safepoint "Cleanup", Time since last: 4000898562 ns, Reaching safepoint: 282734 ns, At safepoint: 28739 ns, Total: 311473 ns
[2021-05-03T03:44:05.698+0000][7][safepoint   ] Safepoint "Cleanup", Time since last: 19003417678 ns, Reaching safepoint: 262476 ns, At safepoint: 25067 ns, Total: 287543 ns
[2021-05-03T03:44:38.705+0000][7][safepoint   ] Safepoint "Cleanup", Time since last: 33006330647 ns, Reaching safepoint: 311790 ns, At safepoint: 24307 ns, Total: 336097 ns
[2021-05-03T03:44:39.661+0000][7][gc,start    ] GC(96) Pause Young (Concurrent Start) (G1 Evacuation Pause)
[2021-05-03T03:44:39.661+0000][7][gc,task     ] GC(96) Using 6 workers of 8 for evacuation
[2021-05-03T03:44:39.661+0000][7][gc,age      ] GC(96) Desired survivor size 6291456 bytes, new threshold 15 (max threshold 15)
[2021-05-03T03:44:39.664+0000][7][gc,age      ] GC(96) Age table with threshold 15 (max threshold 15)
[2021-05-03T03:44:39.664+0000][7][gc,age      ] GC(96) - age   1:     906664 bytes,     906664 total
[2021-05-03T03:44:39.664+0000][7][gc,age      ] GC(96) - age   2:       4944 bytes,     911608 total
[2021-05-03T03:44:39.664+0000][7][gc,age      ] GC(96) - age   3:       4880 bytes,     916488 total
[2021-05-03T03:44:39.664+0000][7][gc,age      ] GC(96) - age   4:        648 bytes,     917136 total
[2021-05-03T03:44:39.664+0000][7][gc,age      ] GC(96) - age   5:     110928 bytes,    1028064 total
[2021-05-03T03:44:39.664+0000][7][gc,age      ] GC(96) - age   6:        664 bytes,    1028728 total
[2021-05-03T03:44:39.664+0000][7][gc,age      ] GC(96) - age   7:       4128 bytes,    1032856 total
[2021-05-03T03:44:39.664+0000][7][gc,age      ] GC(96) - age   8:     395256 bytes,    1428112 total
[2021-05-03T03:44:39.664+0000][7][gc,age      ] GC(96) - age   9:        136 bytes,    1428248 total
[2021-05-03T03:44:39.664+0000][7][gc,age      ] GC(96) - age  10:       6824 bytes,    1435072 total
[2021-05-03T03:44:39.664+0000][7][gc,age      ] GC(96) - age  11:       4608 bytes,    1439680 total
[2021-05-03T03:44:39.664+0000][7][gc,age      ] GC(96) - age  12:       2552 bytes,    1442232 total
[2021-05-03T03:44:39.664+0000][7][gc,age      ] GC(96) - age  13:       2656 bytes,    1444888 total
[2021-05-03T03:44:39.664+0000][7][gc,age      ] GC(96) - age  14:       1944 bytes,    1446832 total
[2021-05-03T03:44:39.664+0000][7][gc,age      ] GC(96) - age  15:       7080 bytes,    1453912 total
[2021-05-03T03:44:39.664+0000][7][gc,phases   ] GC(96)   Pre Evacuate Collection Set: 0.1ms
[2021-05-03T03:44:39.664+0000][7][gc,phases   ] GC(96)   Merge Heap Roots: 0.1ms
[2021-05-03T03:44:39.664+0000][7][gc,phases   ] GC(96)   Evacuate Collection Set: 1.4ms
[2021-05-03T03:44:39.664+0000][7][gc,phases   ] GC(96)   Post Evacuate Collection Set: 0.9ms
[2021-05-03T03:44:39.664+0000][7][gc,phases   ] GC(96)   Other: 0.3ms
[2021-05-03T03:44:39.664+0000][7][gc,heap     ] GC(96) Eden regions: 22->0(22)
[2021-05-03T03:44:39.664+0000][7][gc,heap     ] GC(96) Survivor regions: 1->1(3)
[2021-05-03T03:44:39.664+0000][7][gc,heap     ] GC(96) Old regions: 26->26
[2021-05-03T03:44:39.664+0000][7][gc,heap     ] GC(96) Archive regions: 2->2
[2021-05-03T03:44:39.664+0000][7][gc,heap     ] GC(96) Humongous regions: 2->2
[2021-05-03T03:44:39.664+0000][7][gc,metaspace] GC(96) Metaspace: 107513K(112080K)->107513K(112080K) NonClass: 93633K(96924K)->93633K(96924K) Class: 13880K(15156K)->13880K(15156K)
[2021-05-03T03:44:39.664+0000][7][gc          ] GC(96) Pause Young (Concurrent Start) (G1 Evacuation Pause) 203M->115M(256M) 3.027ms
[2021-05-03T03:44:39.664+0000][7][gc,cpu      ] GC(96) User=0.01s Sys=0.00s Real=0.00s
[2021-05-03T03:44:39.664+0000][7][safepoint   ] Safepoint "G1CollectForAllocation", Time since last: 955691987 ns, Reaching safepoint: 146626 ns, At safepoint: 3151221 ns, Total: 3297847 ns
[2021-05-03T03:44:39.664+0000][7][gc          ] GC(97) Concurrent Cycle
[2021-05-03T03:44:39.664+0000][7][gc,marking  ] GC(97) Concurrent Clear Claimed Marks
[2021-05-03T03:44:39.664+0000][7][gc,marking  ] GC(97) Concurrent Clear Claimed Marks 0.096ms
[2021-05-03T03:44:39.664+0000][7][gc,marking  ] GC(97) Concurrent Scan Root Regions
[2021-05-03T03:44:39.666+0000][7][gc,marking  ] GC(97) Concurrent Scan Root Regions 1.710ms
[2021-05-03T03:44:39.666+0000][7][gc,marking  ] GC(97) Concurrent Mark (5421.594s)
[2021-05-03T03:44:39.666+0000][7][gc,marking  ] GC(97) Concurrent Mark From Roots
[2021-05-03T03:44:39.666+0000][7][gc,task     ] GC(97) Using 2 workers of 2 for marking
[2021-05-03T03:44:39.769+0000][7][gc,marking  ] GC(97) Concurrent Mark From Roots 103.216ms
[2021-05-03T03:44:39.769+0000][7][gc,marking  ] GC(97) Concurrent Preclean
[2021-05-03T03:44:39.769+0000][7][gc,marking  ] GC(97) Concurrent Preclean 0.268ms
[2021-05-03T03:44:39.769+0000][7][gc,marking  ] GC(97) Concurrent Mark (5421.594s, 5421.697s) 103.543ms
[2021-05-03T03:44:39.770+0000][7][gc,start    ] GC(97) Pause Remark
[2021-05-03T03:44:39.775+0000][7][gc          ] GC(97) Pause Remark 128M->128M(256M) 5.829ms
[2021-05-03T03:44:39.775+0000][7][gc,cpu      ] GC(97) User=0.04s Sys=0.00s Real=0.01s
[2021-05-03T03:44:39.775+0000][7][safepoint   ] Safepoint "G1Concurrent", Time since last: 105460704 ns, Reaching safepoint: 97844 ns, At safepoint: 5907234 ns, Total: 6005078 ns
[2021-05-03T03:44:39.775+0000][7][gc,marking  ] GC(97) Concurrent Rebuild Remembered Sets
[2021-05-03T03:44:39.839+0000][7][gc,marking  ] GC(97) Concurrent Rebuild Remembered Sets 63.056ms
[2021-05-03T03:44:39.839+0000][7][gc,start    ] GC(97) Pause Cleanup
[2021-05-03T03:44:39.839+0000][7][gc          ] GC(97) Pause Cleanup 128M->128M(256M) 0.070ms
[2021-05-03T03:44:39.839+0000][7][gc,cpu      ] GC(97) User=0.00s Sys=0.00s Real=0.00s
[2021-05-03T03:44:39.839+0000][7][safepoint   ] Safepoint "G1Concurrent", Time since last: 63165148 ns, Reaching safepoint: 85972 ns, At safepoint: 115105 ns, Total: 201077 ns
[2021-05-03T03:44:39.839+0000][7][gc,marking  ] GC(97) Concurrent Cleanup for Next Mark
[2021-05-03T03:44:39.839+0000][7][gc,marking  ] GC(97) Concurrent Cleanup for Next Mark 0.119ms
[2021-05-03T03:44:39.839+0000][7][gc          ] GC(97) Concurrent Cycle 174.983ms
[2021-05-03T03:44:41.840+0000][7][safepoint   ] Safepoint "Cleanup", Time since last: 2000318321 ns, Reaching safepoint: 398861 ns, At safepoint: 32079 ns, Total: 430940 ns
[2021-05-03T03:44:42.840+0000][7][safepoint   ] Safepoint "Cleanup", Time since last: 1000271978 ns, Reaching safepoint: 347501 ns, At safepoint: 25173 ns, Total: 372674 ns
[2021-05-03T03:44:45.841+0000][7][safepoint   ] Safepoint "Cleanup", Time since last: 3000944357 ns, Reaching safepoint: 263489 ns, At safepoint: 16683 ns, Total: 280172 ns
[2021-05-03T03:44:55.844+0000][7][safepoint   ] Safepoint "Cleanup", Time since last: 10002394508 ns, Reaching safepoint: 290994 ns, At safepoint: 28344 ns, Total: 319338 ns
[2021-05-03T03:44:57.845+0000][7][safepoint   ] Safepoint "Cleanup", Time since last: 2000386077 ns, Reaching safepoint: 272036 ns, At safepoint: 23541 ns, Total: 295577 ns
[2021-05-03T03:45:08.847+0000][7][safepoint   ] Safepoint "Cleanup", Time since last: 11001801253 ns, Reaching safepoint: 312580 ns, At safepoint: 47944 ns, Total: 360524 ns
[2021-05-03T03:45:38.851+0000][7][safepoint   ] Safepoint "Cleanup", Time since last: 30003566617 ns, Reaching safepoint: 246750 ns, At safepoint: 11339 ns, Total: 258089 ns
[2021-05-03T03:45:40.851+0000][7][safepoint   ] Safepoint "Cleanup", Time since last: 2000230480 ns, Reaching safepoint: 156029 ns, At safepoint: 13300 ns, Total: 169329 ns
[2021-05-03T03:45:41.852+0000][7][safepoint   ] Safepoint "Cleanup", Time since last: 1000267617 ns, Reaching safepoint: 375813 ns, At safepoint: 18575 ns, Total: 394388 ns
[2021-05-03T03:45:56.976+0000][7][gc,start    ] GC(98) Pause Young (Normal) (G1 Evacuation Pause)
[2021-05-03T03:45:56.976+0000][7][gc,task     ] GC(98) Using 6 workers of 8 for evacuation
[2021-05-03T03:45:56.976+0000][7][gc,age      ] GC(98) Desired survivor size 6291456 bytes, new threshold 15 (max threshold 15)
[2021-05-03T03:45:56.978+0000][7][gc,age      ] GC(98) Age table with threshold 15 (max threshold 15)
[2021-05-03T03:45:56.979+0000][7][gc,age      ] GC(98) - age   1:     668360 bytes,     668360 total
[2021-05-03T03:45:56.979+0000][7][gc,age      ] GC(98) - age   2:     126496 bytes,     794856 total
[2021-05-03T03:45:56.979+0000][7][gc,age      ] GC(98) - age   3:       4944 bytes,     799800 total
[2021-05-03T03:45:56.979+0000][7][gc,age      ] GC(98) - age   4:       4600 bytes,     804400 total
[2021-05-03T03:45:56.979+0000][7][gc,age      ] GC(98) - age   5:        648 bytes,     805048 total
[2021-05-03T03:45:56.979+0000][7][gc,age      ] GC(98) - age   6:      11296 bytes,     816344 total
[2021-05-03T03:45:56.979+0000][7][gc,age      ] GC(98) - age   7:        664 bytes,     817008 total
[2021-05-03T03:45:56.979+0000][7][gc,age      ] GC(98) - age   8:       4088 bytes,     821096 total
[2021-05-03T03:45:56.979+0000][7][gc,age      ] GC(98) - age   9:     395256 bytes,    1216352 total
[2021-05-03T03:45:56.979+0000][7][gc,age      ] GC(98) - age  10:        136 bytes,    1216488 total
[2021-05-03T03:45:56.979+0000][7][gc,age      ] GC(98) - age  11:       4264 bytes,    1220752 total
[2021-05-03T03:45:56.979+0000][7][gc,age      ] GC(98) - age  12:       4608 bytes,    1225360 total
[2021-05-03T03:45:56.979+0000][7][gc,age      ] GC(98) - age  13:       2552 bytes,    1227912 total
[2021-05-03T03:45:56.979+0000][7][gc,age      ] GC(98) - age  14:       2656 bytes,    1230568 total
[2021-05-03T03:45:56.979+0000][7][gc,age      ] GC(98) - age  15:       1672 bytes,    1232240 total
[2021-05-03T03:45:56.979+0000][7][gc,phases   ] GC(98)   Pre Evacuate Collection Set: 0.1ms
[2021-05-03T03:45:56.979+0000][7][gc,phases   ] GC(98)   Merge Heap Roots: 0.1ms
[2021-05-03T03:45:56.979+0000][7][gc,phases   ] GC(98)   Evacuate Collection Set: 1.8ms
[2021-05-03T03:45:56.979+0000][7][gc,phases   ] GC(98)   Post Evacuate Collection Set: 0.5ms
[2021-05-03T03:45:56.979+0000][7][gc,phases   ] GC(98)   Other: 0.3ms
[2021-05-03T03:45:56.979+0000][7][gc,heap     ] GC(98) Eden regions: 22->0(22)
[2021-05-03T03:45:56.979+0000][7][gc,heap     ] GC(98) Survivor regions: 1->1(3)
[2021-05-03T03:45:56.979+0000][7][gc,heap     ] GC(98) Old regions: 26->26
[2021-05-03T03:45:56.979+0000][7][gc,heap     ] GC(98) Archive regions: 2->2
[2021-05-03T03:45:56.979+0000][7][gc,heap     ] GC(98) Humongous regions: 2->2
[2021-05-03T03:45:56.979+0000][7][gc,metaspace] GC(98) Metaspace: 107587K(112336K)->107587K(112336K) NonClass: 93706K(97180K)->93706K(97180K) Class: 13880K(15156K)->13880K(15156K)
[2021-05-03T03:45:56.979+0000][7][gc          ] GC(98) Pause Young (Normal) (G1 Evacuation Pause) 203M->115M(256M) 2.885ms
[2021-05-03T03:45:56.979+0000][7][gc,cpu      ] GC(98) User=0.01s Sys=0.00s Real=0.00s
[2021-05-03T03:45:56.979+0000][7][safepoint   ] Safepoint "G1CollectForAllocation", Time since last: 15123863665 ns, Reaching safepoint: 150103 ns, At safepoint: 2991605 ns, Total: 3141708 ns
[2021-05-03T03:45:59.979+0000][7][safepoint   ] Safepoint "Cleanup", Time since last: 3000277752 ns, Reaching safepoint: 106726 ns, At safepoint: 6748 ns, Total: 113474 ns
[2021-05-03T03:46:15.981+0000][7][safepoint   ] Safepoint "Cleanup", Time since last: 16001838826 ns, Reaching safepoint: 118567 ns, At safepoint: 8240 ns, Total: 126807 ns
[2021-05-03T03:46:27.984+0000][7][safepoint   ] Safepoint "Cleanup", Time since last: 12002086846 ns, Reaching safepoint: 399111 ns, At safepoint: 23177 ns, Total: 422288 ns
[2021-05-03T03:46:45.986+0000][7][safepoint   ] Safepoint "Cleanup", Time since last: 18002249505 ns, Reaching safepoint: 242981 ns, At safepoint: 23033 ns, Total: 266014 ns
[2021-05-03T03:47:45.994+0000][7][safepoint   ] Safepoint "Cleanup", Time since last: 60007685553 ns, Reaching safepoint: 202008 ns, At safepoint: 17099 ns, Total: 219107 ns
[2021-05-03T03:48:15.987+0000][7][gc,start    ] GC(99) Pause Young (Concurrent Start) (G1 Evacuation Pause)
[2021-05-03T03:48:15.987+0000][7][gc,task     ] GC(99) Using 6 workers of 8 for evacuation
[2021-05-03T03:48:15.987+0000][7][gc,age      ] GC(99) Desired survivor size 6291456 bytes, new threshold 15 (max threshold 15)
[2021-05-03T03:48:15.993+0000][7][gc,age      ] GC(99) Age table with threshold 15 (max threshold 15)
[2021-05-03T03:48:15.993+0000][7][gc,age      ] GC(99) - age   1:     510144 bytes,     510144 total
[2021-05-03T03:48:15.993+0000][7][gc,age      ] GC(99) - age   2:     159680 bytes,     669824 total
[2021-05-03T03:48:15.993+0000][7][gc,age      ] GC(99) - age   3:     119328 bytes,     789152 total
[2021-05-03T03:48:15.993+0000][7][gc,age      ] GC(99) - age   4:       4944 bytes,     794096 total
[2021-05-03T03:48:15.993+0000][7][gc,age      ] GC(99) - age   5:       4600 bytes,     798696 total
[2021-05-03T03:48:15.993+0000][7][gc,age      ] GC(99) - age   6:        648 bytes,     799344 total
[2021-05-03T03:48:15.993+0000][7][gc,age      ] GC(99) - age   7:      10960 bytes,     810304 total
[2021-05-03T03:48:15.993+0000][7][gc,age      ] GC(99) - age   8:        664 bytes,     810968 total
[2021-05-03T03:48:15.993+0000][7][gc,age      ] GC(99) - age   9:       4088 bytes,     815056 total
[2021-05-03T03:48:15.993+0000][7][gc,age      ] GC(99) - age  10:     395256 bytes,    1210312 total
[2021-05-03T03:48:15.993+0000][7][gc,age      ] GC(99) - age  11:        136 bytes,    1210448 total
[2021-05-03T03:48:15.993+0000][7][gc,age      ] GC(99) - age  12:       4264 bytes,    1214712 total
[2021-05-03T03:48:15.994+0000][7][gc,age      ] GC(99) - age  13:       4608 bytes,    1219320 total
[2021-05-03T03:48:15.994+0000][7][gc,age      ] GC(99) - age  14:       2552 bytes,    1221872 total
[2021-05-03T03:48:15.994+0000][7][gc,age      ] GC(99) - age  15:       2656 bytes,    1224528 total
[2021-05-03T03:48:15.994+0000][7][gc,phases   ] GC(99)   Pre Evacuate Collection Set: 0.5ms
[2021-05-03T03:48:15.994+0000][7][gc,phases   ] GC(99)   Merge Heap Roots: 0.2ms
[2021-05-03T03:48:15.994+0000][7][gc,phases   ] GC(99)   Evacuate Collection Set: 3.5ms
[2021-05-03T03:48:15.994+0000][7][gc,phases   ] GC(99)   Post Evacuate Collection Set: 1.5ms
[2021-05-03T03:48:15.994+0000][7][gc,phases   ] GC(99)   Other: 1.0ms
[2021-05-03T03:48:15.994+0000][7][gc,heap     ] GC(99) Eden regions: 22->0(22)
[2021-05-03T03:48:15.994+0000][7][gc,heap     ] GC(99) Survivor regions: 1->1(3)
[2021-05-03T03:48:15.994+0000][7][gc,heap     ] GC(99) Old regions: 26->26
[2021-05-03T03:48:15.994+0000][7][gc,heap     ] GC(99) Archive regions: 2->2
[2021-05-03T03:48:15.994+0000][7][gc,heap     ] GC(99) Humongous regions: 2->2
[2021-05-03T03:48:15.994+0000][7][gc,metaspace] GC(99) Metaspace: 107596K(112336K)->107596K(112336K) NonClass: 93715K(97180K)->93715K(97180K) Class: 13880K(15156K)->13880K(15156K)
[2021-05-03T03:48:15.994+0000][7][gc          ] GC(99) Pause Young (Concurrent Start) (G1 Evacuation Pause) 203M->115M(256M) 6.899ms
[2021-05-03T03:48:15.994+0000][7][gc,cpu      ] GC(99) User=0.03s Sys=0.00s Real=0.01s
[2021-05-03T03:48:15.994+0000][7][safepoint   ] Safepoint "G1CollectForAllocation", Time since last: 29992527422 ns, Reaching safepoint: 378048 ns, At safepoint: 7169441 ns, Total: 7547489 ns
[2021-05-03T03:48:15.994+0000][7][gc          ] GC(100) Concurrent Cycle
[2021-05-03T03:48:15.994+0000][7][gc,marking  ] GC(100) Concurrent Clear Claimed Marks
[2021-05-03T03:48:15.995+0000][7][gc,marking  ] GC(100) Concurrent Clear Claimed Marks 0.219ms
[2021-05-03T03:48:15.995+0000][7][gc,marking  ] GC(100) Concurrent Scan Root Regions
[2021-05-03T03:48:16.000+0000][7][gc,marking  ] GC(100) Concurrent Scan Root Regions 5.509ms
[2021-05-03T03:48:16.000+0000][7][gc,marking  ] GC(100) Concurrent Mark (5637.928s)
[2021-05-03T03:48:16.000+0000][7][gc,marking  ] GC(100) Concurrent Mark From Roots
[2021-05-03T03:48:16.000+0000][7][gc,task     ] GC(100) Using 2 workers of 2 for marking
[2021-05-03T03:48:16.165+0000][7][gc,marking  ] GC(100) Concurrent Mark From Roots 165.044ms
[2021-05-03T03:48:16.165+0000][7][gc,marking  ] GC(100) Concurrent Preclean
[2021-05-03T03:48:16.166+0000][7][gc,marking  ] GC(100) Concurrent Preclean 0.296ms
[2021-05-03T03:48:16.166+0000][7][gc,marking  ] GC(100) Concurrent Mark (5637.928s, 5638.093s) 165.422ms
[2021-05-03T03:48:16.166+0000][7][gc,start    ] GC(100) Pause Remark
[2021-05-03T03:48:16.172+0000][7][gc          ] GC(100) Pause Remark 116M->116M(256M) 6.127ms
[2021-05-03T03:48:16.172+0000][7][gc,cpu      ] GC(100) User=0.03s Sys=0.00s Real=0.01s
[2021-05-03T03:48:16.172+0000][7][safepoint   ] Safepoint "G1Concurrent", Time since last: 171488546 ns, Reaching safepoint: 123911 ns, At safepoint: 6205001 ns, Total: 6328912 ns
[2021-05-03T03:48:16.172+0000][7][gc,marking  ] GC(100) Concurrent Rebuild Remembered Sets
[2021-05-03T03:48:16.244+0000][7][gc,marking  ] GC(100) Concurrent Rebuild Remembered Sets 72.159ms
[2021-05-03T03:48:16.244+0000][7][gc,start    ] GC(100) Pause Cleanup
[2021-05-03T03:48:16.251+0000][7][gc          ] GC(100) Pause Cleanup 116M->116M(256M) 6.990ms
[2021-05-03T03:48:16.251+0000][7][gc,cpu      ] GC(100) User=0.00s Sys=0.00s Real=0.00s
[2021-05-03T03:48:16.251+0000][7][safepoint   ] Safepoint "G1Concurrent", Time since last: 72322919 ns, Reaching safepoint: 100879 ns, At safepoint: 7040184 ns, Total: 7141063 ns
[2021-05-03T03:48:16.252+0000][7][gc,marking  ] GC(100) Concurrent Cleanup for Next Mark
[2021-05-03T03:48:16.252+0000][7][gc,marking  ] GC(100) Concurrent Cleanup for Next Mark 0.136ms
[2021-05-03T03:48:16.252+0000][7][gc          ] GC(100) Concurrent Cycle 257.407ms
[2021-05-03T03:48:26.253+0000][7][safepoint   ] Safepoint "Cleanup", Time since last: 10001253733 ns, Reaching safepoint: 632600 ns, At safepoint: 30417 ns, Total: 663017 ns
[2021-05-03T03:48:34.255+0000][7][safepoint   ] Safepoint "Cleanup", Time since last: 8001201328 ns, Reaching safepoint: 286628 ns, At safepoint: 26744 ns, Total: 313372 ns
[2021-05-03T03:48:42.257+0000][7][safepoint   ] Safepoint "Cleanup", Time since last: 8001531869 ns, Reaching safepoint: 307375 ns, At safepoint: 25043 ns, Total: 332418 ns
[2021-05-03T03:48:46.258+0000][7][safepoint   ] Safepoint "Cleanup", Time since last: 4000575899 ns, Reaching safepoint: 258869 ns, At safepoint: 30068 ns, Total: 288937 ns
[2021-05-03T03:49:14.263+0000][7][safepoint   ] Safepoint "Cleanup", Time since last: 28004640710 ns, Reaching safepoint: 393776 ns, At safepoint: 29033 ns, Total: 422809 ns
[2021-05-03T03:49:35.266+0000][7][safepoint   ] Safepoint "Cleanup", Time since last: 21002649843 ns, Reaching safepoint: 379702 ns, At safepoint: 22881 ns, Total: 402583 ns
[2021-05-03T03:49:36.267+0000][7][safepoint   ] Safepoint "Cleanup", Time since last: 1000271970 ns, Reaching safepoint: 425835 ns, At safepoint: 21524 ns, Total: 447359 ns
[2021-05-03T03:49:39.268+0000][7][safepoint   ] Safepoint "Cleanup", Time since last: 3001298969 ns, Reaching safepoint: 289216 ns, At safepoint: 24172 ns, Total: 313388 ns
[2021-05-03T03:49:42.269+0000][7][safepoint   ] Safepoint "Cleanup", Time since last: 3000505983 ns, Reaching safepoint: 498684 ns, At safepoint: 33750 ns, Total: 532434 ns
[2021-05-03T03:50:06.274+0000][7][safepoint   ] Safepoint "Cleanup", Time since last: 24004765599 ns, Reaching safepoint: 282076 ns, At safepoint: 24841 ns, Total: 306917 ns
[2021-05-03T03:50:09.275+0000][7][safepoint   ] Safepoint "Cleanup", Time since last: 3000526589 ns, Reaching safepoint: 301146 ns, At safepoint: 25429 ns, Total: 326575 ns
[2021-05-03T03:50:16.276+0000][7][safepoint   ] Safepoint "Cleanup", Time since last: 7000963091 ns, Reaching safepoint: 282572 ns, At safepoint: 23500 ns, Total: 306072 ns
[2021-05-03T03:50:31.386+0000][7][gc,start    ] GC(101) Pause Young (Normal) (G1 Evacuation Pause)
[2021-05-03T03:50:31.386+0000][7][gc,task     ] GC(101) Using 6 workers of 8 for evacuation
[2021-05-03T03:50:31.386+0000][7][gc,age      ] GC(101) Desired survivor size 6291456 bytes, new threshold 15 (max threshold 15)
[2021-05-03T03:50:31.393+0000][7][gc,age      ] GC(101) Age table with threshold 15 (max threshold 15)
[2021-05-03T03:50:31.393+0000][7][gc,age      ] GC(101) - age   1:     518144 bytes,     518144 total
[2021-05-03T03:50:31.393+0000][7][gc,age      ] GC(101) - age   2:       4504 bytes,     522648 total
[2021-05-03T03:50:31.393+0000][7][gc,age      ] GC(101) - age   3:     158096 bytes,     680744 total
[2021-05-03T03:50:31.393+0000][7][gc,age      ] GC(101) - age   4:       5192 bytes,     685936 total
[2021-05-03T03:50:31.393+0000][7][gc,age      ] GC(101) - age   5:       4944 bytes,     690880 total
[2021-05-03T03:50:31.393+0000][7][gc,age      ] GC(101) - age   6:       4544 bytes,     695424 total
[2021-05-03T03:50:31.393+0000][7][gc,age      ] GC(101) - age   7:        648 bytes,     696072 total
[2021-05-03T03:50:31.393+0000][7][gc,age      ] GC(101) - age   8:      10960 bytes,     707032 total
[2021-05-03T03:50:31.393+0000][7][gc,age      ] GC(101) - age   9:        664 bytes,     707696 total
[2021-05-03T03:50:31.394+0000][7][gc,age      ] GC(101) - age  10:       4088 bytes,     711784 total
[2021-05-03T03:50:31.394+0000][7][gc,age      ] GC(101) - age  11:     395256 bytes,    1107040 total
[2021-05-03T03:50:31.394+0000][7][gc,age      ] GC(101) - age  12:        112 bytes,    1107152 total
[2021-05-03T03:50:31.394+0000][7][gc,age      ] GC(101) - age  13:       4264 bytes,    1111416 total
[2021-05-03T03:50:31.394+0000][7][gc,age      ] GC(101) - age  14:       4608 bytes,    1116024 total
[2021-05-03T03:50:31.394+0000][7][gc,age      ] GC(101) - age  15:       2552 bytes,    1118576 total
[2021-05-03T03:50:31.394+0000][7][gc,phases   ] GC(101)   Pre Evacuate Collection Set: 0.2ms
[2021-05-03T03:50:31.394+0000][7][gc,phases   ] GC(101)   Merge Heap Roots: 0.3ms
[2021-05-03T03:50:31.394+0000][7][gc,phases   ] GC(101)   Evacuate Collection Set: 4.4ms
[2021-05-03T03:50:31.394+0000][7][gc,phases   ] GC(101)   Post Evacuate Collection Set: 2.1ms
[2021-05-03T03:50:31.394+0000][7][gc,phases   ] GC(101)   Other: 1.1ms
[2021-05-03T03:50:31.394+0000][7][gc,heap     ] GC(101) Eden regions: 22->0(22)
[2021-05-03T03:50:31.394+0000][7][gc,heap     ] GC(101) Survivor regions: 1->1(3)
[2021-05-03T03:50:31.394+0000][7][gc,heap     ] GC(101) Old regions: 26->26
[2021-05-03T03:50:31.394+0000][7][gc,heap     ] GC(101) Archive regions: 2->2
[2021-05-03T03:50:31.394+0000][7][gc,heap     ] GC(101) Humongous regions: 2->2
[2021-05-03T03:50:31.394+0000][7][gc,metaspace] GC(101) Metaspace: 107657K(112336K)->107657K(112336K) NonClass: 93776K(97180K)->93776K(97180K) Class: 13880K(15156K)->13880K(15156K)
[2021-05-03T03:50:31.394+0000][7][gc          ] GC(101) Pause Young (Normal) (G1 Evacuation Pause) 203M->115M(256M) 8.579ms
[2021-05-03T03:50:31.395+0000][7][gc,cpu      ] GC(101) User=0.03s Sys=0.01s Real=0.01s
[2021-05-03T03:50:31.395+0000][7][safepoint   ] Safepoint "G1CollectForAllocation", Time since last: 15109032191 ns, Reaching safepoint: 357386 ns, At safepoint: 8866730 ns, Total: 9224116 ns
[2021-05-03T03:50:36.396+0000][7][safepoint   ] Safepoint "Cleanup", Time since last: 5000652754 ns, Reaching safepoint: 292259 ns, At safepoint: 20406 ns, Total: 312665 ns
[2021-05-03T03:50:42.397+0000][7][safepoint   ] Safepoint "Cleanup", Time since last: 6000807357 ns, Reaching safepoint: 391324 ns, At safepoint: 34145 ns, Total: 425469 ns
[2021-05-03T03:50:43.397+0000][7][safepoint   ] Safepoint "Cleanup", Time since last: 1000280719 ns, Reaching safepoint: 285760 ns, At safepoint: 22222 ns, Total: 307982 ns
[2021-05-03T03:51:42.408+0000][7][safepoint   ] Safepoint "Cleanup", Time since last: 59010015192 ns, Reaching safepoint: 415216 ns, At safepoint: 31112 ns, Total: 446328 ns
[2021-05-03T03:51:46.409+0000][7][safepoint   ] Safepoint "Cleanup", Time since last: 4000701098 ns, Reaching safepoint: 318169 ns, At safepoint: 30970 ns, Total: 349139 ns
[2021-05-03T03:52:46.196+0000][7][gc,start    ] GC(102) Pause Young (Concurrent Start) (G1 Evacuation Pause)
[2021-05-03T03:52:46.196+0000][7][gc,task     ] GC(102) Using 6 workers of 8 for evacuation
[2021-05-03T03:52:46.196+0000][7][gc,age      ] GC(102) Desired survivor size 6291456 bytes, new threshold 15 (max threshold 15)
[2021-05-03T03:52:46.198+0000][7][gc,age      ] GC(102) Age table with threshold 15 (max threshold 15)
[2021-05-03T03:52:46.198+0000][7][gc,age      ] GC(102) - age   1:     498584 bytes,     498584 total
[2021-05-03T03:52:46.198+0000][7][gc,age      ] GC(102) - age   2:       2864 bytes,     501448 total
[2021-05-03T03:52:46.198+0000][7][gc,age      ] GC(102) - age   3:       4184 bytes,     505632 total
[2021-05-03T03:52:46.198+0000][7][gc,age      ] GC(102) - age   4:     157824 bytes,     663456 total
[2021-05-03T03:52:46.198+0000][7][gc,age      ] GC(102) - age   5:       5168 bytes,     668624 total
[2021-05-03T03:52:46.198+0000][7][gc,age      ] GC(102) - age   6:       4944 bytes,     673568 total
[2021-05-03T03:52:46.198+0000][7][gc,age      ] GC(102) - age   7:       4544 bytes,     678112 total
[2021-05-03T03:52:46.198+0000][7][gc,age      ] GC(102) - age   8:        648 bytes,     678760 total
[2021-05-03T03:52:46.198+0000][7][gc,age      ] GC(102) - age   9:      10960 bytes,     689720 total
[2021-05-03T03:52:46.198+0000][7][gc,age      ] GC(102) - age  10:        664 bytes,     690384 total
[2021-05-03T03:52:46.198+0000][7][gc,age      ] GC(102) - age  11:       4088 bytes,     694472 total
[2021-05-03T03:52:46.198+0000][7][gc,age      ] GC(102) - age  12:     395256 bytes,    1089728 total
[2021-05-03T03:52:46.198+0000][7][gc,age      ] GC(102) - age  13:        112 bytes,    1089840 total
[2021-05-03T03:52:46.198+0000][7][gc,age      ] GC(102) - age  14:       4264 bytes,    1094104 total
[2021-05-03T03:52:46.198+0000][7][gc,age      ] GC(102) - age  15:       4608 bytes,    1098712 total
[2021-05-03T03:52:46.198+0000][7][gc,phases   ] GC(102)   Pre Evacuate Collection Set: 0.2ms
[2021-05-03T03:52:46.198+0000][7][gc,phases   ] GC(102)   Merge Heap Roots: 0.1ms
[2021-05-03T03:52:46.198+0000][7][gc,phases   ] GC(102)   Evacuate Collection Set: 1.3ms
[2021-05-03T03:52:46.198+0000][7][gc,phases   ] GC(102)   Post Evacuate Collection Set: 0.5ms
[2021-05-03T03:52:46.198+0000][7][gc,phases   ] GC(102)   Other: 0.3ms
[2021-05-03T03:52:46.198+0000][7][gc,heap     ] GC(102) Eden regions: 22->0(22)
[2021-05-03T03:52:46.198+0000][7][gc,heap     ] GC(102) Survivor regions: 1->1(3)
[2021-05-03T03:52:46.198+0000][7][gc,heap     ] GC(102) Old regions: 26->26
[2021-05-03T03:52:46.198+0000][7][gc,heap     ] GC(102) Archive regions: 2->2
[2021-05-03T03:52:46.198+0000][7][gc,heap     ] GC(102) Humongous regions: 2->2
[2021-05-03T03:52:46.198+0000][7][gc,metaspace] GC(102) Metaspace: 107682K(112336K)->107682K(112336K) NonClass: 93802K(97180K)->93802K(97180K) Class: 13880K(15156K)->13880K(15156K)
[2021-05-03T03:52:46.198+0000][7][gc          ] GC(102) Pause Young (Concurrent Start) (G1 Evacuation Pause) 203M->115M(256M) 2.412ms
[2021-05-03T03:52:46.198+0000][7][gc,cpu      ] GC(102) User=0.01s Sys=0.00s Real=0.00s
[2021-05-03T03:52:46.198+0000][7][gc          ] GC(103) Concurrent Cycle
[2021-05-03T03:52:46.198+0000][7][safepoint   ] Safepoint "G1CollectForAllocation", Time since last: 59786564147 ns, Reaching safepoint: 155399 ns, At safepoint: 2515502 ns, Total: 2670901 ns
[2021-05-03T03:52:46.198+0000][7][gc,marking  ] GC(103) Concurrent Clear Claimed Marks
[2021-05-03T03:52:46.198+0000][7][gc,marking  ] GC(103) Concurrent Clear Claimed Marks 0.077ms
[2021-05-03T03:52:46.198+0000][7][gc,marking  ] GC(103) Concurrent Scan Root Regions
[2021-05-03T03:52:46.199+0000][7][gc,marking  ] GC(103) Concurrent Scan Root Regions 1.063ms
[2021-05-03T03:52:46.199+0000][7][gc,marking  ] GC(103) Concurrent Mark (5908.127s)
[2021-05-03T03:52:46.199+0000][7][gc,marking  ] GC(103) Concurrent Mark From Roots
[2021-05-03T03:52:46.199+0000][7][gc,task     ] GC(103) Using 2 workers of 2 for marking
[2021-05-03T03:52:46.303+0000][7][gc,marking  ] GC(103) Concurrent Mark From Roots 104.142ms
[2021-05-03T03:52:46.304+0000][7][gc,marking  ] GC(103) Concurrent Preclean
[2021-05-03T03:52:46.304+0000][7][gc,marking  ] GC(103) Concurrent Preclean 0.224ms
[2021-05-03T03:52:46.304+0000][7][gc,marking  ] GC(103) Concurrent Mark (5908.127s, 5908.231s) 104.425ms
[2021-05-03T03:52:46.304+0000][7][gc,start    ] GC(103) Pause Remark
[2021-05-03T03:52:46.309+0000][7][gc          ] GC(103) Pause Remark 115M->115M(256M) 5.439ms
[2021-05-03T03:52:46.309+0000][7][gc,cpu      ] GC(103) User=0.04s Sys=0.00s Real=0.00s
[2021-05-03T03:52:46.309+0000][7][safepoint   ] Safepoint "G1Concurrent", Time since last: 105672100 ns, Reaching safepoint: 107170 ns, At safepoint: 5515752 ns, Total: 5622922 ns
[2021-05-03T03:52:46.309+0000][7][gc,marking  ] GC(103) Concurrent Rebuild Remembered Sets
[2021-05-03T03:52:46.373+0000][7][gc,marking  ] GC(103) Concurrent Rebuild Remembered Sets 63.057ms
[2021-05-03T03:52:46.373+0000][7][gc,start    ] GC(103) Pause Cleanup
[2021-05-03T03:52:46.373+0000][7][gc          ] GC(103) Pause Cleanup 115M->115M(256M) 0.076ms
[2021-05-03T03:52:46.373+0000][7][gc,cpu      ] GC(103) User=0.00s Sys=0.00s Real=0.00s
[2021-05-03T03:52:46.373+0000][7][safepoint   ] Safepoint "G1Concurrent", Time since last: 63201223 ns, Reaching safepoint: 100568 ns, At safepoint: 117412 ns, Total: 217980 ns
[2021-05-03T03:52:46.373+0000][7][gc,marking  ] GC(103) Concurrent Cleanup for Next Mark
[2021-05-03T03:52:46.373+0000][7][gc,marking  ] GC(103) Concurrent Cleanup for Next Mark 0.172ms
[2021-05-03T03:52:46.373+0000][7][gc          ] GC(103) Concurrent Cycle 174.968ms
[2021-05-03T03:54:59.745+0000][7][gc,start    ] GC(104) Pause Young (Normal) (G1 Evacuation Pause)
[2021-05-03T03:54:59.745+0000][7][gc,task     ] GC(104) Using 6 workers of 8 for evacuation
[2021-05-03T03:54:59.745+0000][7][gc,age      ] GC(104) Desired survivor size 6291456 bytes, new threshold 15 (max threshold 15)
[2021-05-03T03:54:59.752+0000][7][gc,age      ] GC(104) Age table with threshold 15 (max threshold 15)
[2021-05-03T03:54:59.752+0000][7][gc,age      ] GC(104) - age   1:     516864 bytes,     516864 total
[2021-05-03T03:54:59.752+0000][7][gc,age      ] GC(104) - age   2:       1688 bytes,     518552 total
[2021-05-03T03:54:59.752+0000][7][gc,age      ] GC(104) - age   3:       2672 bytes,     521224 total
[2021-05-03T03:54:59.752+0000][7][gc,age      ] GC(104) - age   4:       4184 bytes,     525408 total
[2021-05-03T03:54:59.752+0000][7][gc,age      ] GC(104) - age   5:     156096 bytes,     681504 total
[2021-05-03T03:54:59.752+0000][7][gc,age      ] GC(104) - age   6:       4400 bytes,     685904 total
[2021-05-03T03:54:59.753+0000][7][gc,age      ] GC(104) - age   7:       4848 bytes,     690752 total
[2021-05-03T03:54:59.753+0000][7][gc,age      ] GC(104) - age   8:       4344 bytes,     695096 total
[2021-05-03T03:54:59.753+0000][7][gc,age      ] GC(104) - age   9:        648 bytes,     695744 total
[2021-05-03T03:54:59.753+0000][7][gc,age      ] GC(104) - age  10:      10960 bytes,     706704 total
[2021-05-03T03:54:59.753+0000][7][gc,age      ] GC(104) - age  11:        624 bytes,     707328 total
[2021-05-03T03:54:59.753+0000][7][gc,age      ] GC(104) - age  12:       4088 bytes,     711416 total
[2021-05-03T03:54:59.753+0000][7][gc,age      ] GC(104) - age  13:     395256 bytes,    1106672 total
[2021-05-03T03:54:59.753+0000][7][gc,age      ] GC(104) - age  14:        112 bytes,    1106784 total
[2021-05-03T03:54:59.753+0000][7][gc,age      ] GC(104) - age  15:       4264 bytes,    1111048 total
[2021-05-03T03:54:59.753+0000][7][gc,phases   ] GC(104)   Pre Evacuate Collection Set: 0.2ms
[2021-05-03T03:54:59.753+0000][7][gc,phases   ] GC(104)   Merge Heap Roots: 0.3ms
[2021-05-03T03:54:59.753+0000][7][gc,phases   ] GC(104)   Evacuate Collection Set: 4.1ms
[2021-05-03T03:54:59.753+0000][7][gc,phases   ] GC(104)   Post Evacuate Collection Set: 2.3ms
[2021-05-03T03:54:59.753+0000][7][gc,phases   ] GC(104)   Other: 1.2ms
[2021-05-03T03:54:59.753+0000][7][gc,heap     ] GC(104) Eden regions: 22->0(22)
[2021-05-03T03:54:59.753+0000][7][gc,heap     ] GC(104) Survivor regions: 1->1(3)
[2021-05-03T03:54:59.753+0000][7][gc,heap     ] GC(104) Old regions: 26->26
[2021-05-03T03:54:59.753+0000][7][gc,heap     ] GC(104) Archive regions: 2->2
[2021-05-03T03:54:59.753+0000][7][gc,heap     ] GC(104) Humongous regions: 2->2
[2021-05-03T03:54:59.753+0000][7][gc,metaspace] GC(104) Metaspace: 107683K(112336K)->107683K(112336K) NonClass: 93803K(97180K)->93803K(97180K) Class: 13880K(15156K)->13880K(15156K)
[2021-05-03T03:54:59.753+0000][7][gc          ] GC(104) Pause Young (Normal) (G1 Evacuation Pause) 203M->115M(256M) 8.545ms
[2021-05-03T03:54:59.754+0000][7][gc,cpu      ] GC(104) User=0.03s Sys=0.01s Real=0.01s
[2021-05-03T03:54:59.754+0000][7][safepoint   ] Safepoint "G1CollectForAllocation", Time since last: 133371575628 ns, Reaching safepoint: 361606 ns, At safepoint: 8820550 ns, Total: 9182156 ns
[2021-05-03T03:55:05.756+0000][7][safepoint   ] Safepoint "Cleanup", Time since last: 6001637747 ns, Reaching safepoint: 431995 ns, At safepoint: 41110 ns, Total: 473105 ns
[2021-05-03T03:55:08.757+0000][7][safepoint   ] Safepoint "Cleanup", Time since last: 3000599061 ns, Reaching safepoint: 239646 ns, At safepoint: 21922 ns, Total: 261568 ns
[2021-05-03T03:55:16.758+0000][7][safepoint   ] Safepoint "Cleanup", Time since last: 8001161702 ns, Reaching safepoint: 315259 ns, At safepoint: 26406 ns, Total: 341665 ns
[2021-05-03T03:55:24.760+0000][7][safepoint   ] Safepoint "Cleanup", Time since last: 8002085597 ns, Reaching safepoint: 268096 ns, At safepoint: 23649 ns, Total: 291745 ns
[2021-05-03T03:55:38.763+0000][7][safepoint   ] Safepoint "Cleanup", Time since last: 14002180131 ns, Reaching safepoint: 480231 ns, At safepoint: 37148 ns, Total: 517379 ns
[2021-05-03T03:55:40.723+0000][7][safepoint   ] Safepoint "Cleanup", Time since last: 1959668740 ns, Reaching safepoint: 184273 ns, At safepoint: 14675 ns, Total: 198948 ns
[2021-05-03T03:55:41.803+0000][7][safepoint   ] Safepoint "Cleanup", Time since last: 1079506415 ns, Reaching safepoint: 386675 ns, At safepoint: 39706 ns, Total: 426381 ns
[2021-05-03T03:56:38.812+0000][7][safepoint   ] Safepoint "Cleanup", Time since last: 57008712426 ns, Reaching safepoint: 406365 ns, At safepoint: 31444 ns, Total: 437809 ns
[2021-05-03T03:56:46.380+0000][7][gc,start    ] GC(105) Pause Young (Concurrent Start) (G1 Evacuation Pause)
[2021-05-03T03:56:46.380+0000][7][gc,task     ] GC(105) Using 6 workers of 8 for evacuation
[2021-05-03T03:56:46.380+0000][7][gc,age      ] GC(105) Desired survivor size 6291456 bytes, new threshold 15 (max threshold 15)
[2021-05-03T03:56:46.383+0000][7][gc,age      ] GC(105) Age table with threshold 15 (max threshold 15)
[2021-05-03T03:56:46.383+0000][7][gc,age      ] GC(105) - age   1:     676768 bytes,     676768 total
[2021-05-03T03:56:46.383+0000][7][gc,age      ] GC(105) - age   2:       4120 bytes,     680888 total
[2021-05-03T03:56:46.383+0000][7][gc,age      ] GC(105) - age   3:       1368 bytes,     682256 total
[2021-05-03T03:56:46.383+0000][7][gc,age      ] GC(105) - age   4:       2472 bytes,     684728 total
[2021-05-03T03:56:46.383+0000][7][gc,age      ] GC(105) - age   5:       3720 bytes,     688448 total
[2021-05-03T03:56:46.384+0000][7][gc,age      ] GC(105) - age   6:       5776 bytes,     694224 total
[2021-05-03T03:56:46.384+0000][7][gc,age      ] GC(105) - age   7:       1192 bytes,     695416 total
[2021-05-03T03:56:46.384+0000][7][gc,age      ] GC(105) - age   8:       4808 bytes,     700224 total
[2021-05-03T03:56:46.384+0000][7][gc,age      ] GC(105) - age   9:       4344 bytes,     704568 total
[2021-05-03T03:56:46.384+0000][7][gc,age      ] GC(105) - age  10:        648 bytes,     705216 total
[2021-05-03T03:56:46.384+0000][7][gc,age      ] GC(105) - age  11:      10960 bytes,     716176 total
[2021-05-03T03:56:46.384+0000][7][gc,age      ] GC(105) - age  12:        624 bytes,     716800 total
[2021-05-03T03:56:46.384+0000][7][gc,age      ] GC(105) - age  13:       4088 bytes,     720888 total
[2021-05-03T03:56:46.384+0000][7][gc,age      ] GC(105) - age  14:     395256 bytes,    1116144 total
[2021-05-03T03:56:46.384+0000][7][gc,age      ] GC(105) - age  15:        112 bytes,    1116256 total
[2021-05-03T03:56:46.384+0000][7][gc,phases   ] GC(105)   Pre Evacuate Collection Set: 0.2ms
[2021-05-03T03:56:46.384+0000][7][gc,phases   ] GC(105)   Merge Heap Roots: 0.1ms
[2021-05-03T03:56:46.384+0000][7][gc,phases   ] GC(105)   Evacuate Collection Set: 1.8ms
[2021-05-03T03:56:46.384+0000][7][gc,phases   ] GC(105)   Post Evacuate Collection Set: 0.7ms
[2021-05-03T03:56:46.384+0000][7][gc,phases   ] GC(105)   Other: 0.5ms
[2021-05-03T03:56:46.384+0000][7][gc,heap     ] GC(105) Eden regions: 22->0(22)
[2021-05-03T03:56:46.384+0000][7][gc,heap     ] GC(105) Survivor regions: 1->1(3)
[2021-05-03T03:56:46.384+0000][7][gc,heap     ] GC(105) Old regions: 26->26
[2021-05-03T03:56:46.384+0000][7][gc,heap     ] GC(105) Archive regions: 2->2
[2021-05-03T03:56:46.384+0000][7][gc,heap     ] GC(105) Humongous regions: 2->2
[2021-05-03T03:56:46.384+0000][7][gc,metaspace] GC(105) Metaspace: 107726K(112336K)->107726K(112336K) NonClass: 93846K(97180K)->93846K(97180K) Class: 13880K(15156K)->13880K(15156K)
[2021-05-03T03:56:46.384+0000][7][gc          ] GC(105) Pause Young (Concurrent Start) (G1 Evacuation Pause) 203M->115M(256M) 3.373ms
[2021-05-03T03:56:46.384+0000][7][gc,cpu      ] GC(105) User=0.01s Sys=0.00s Real=0.00s
[2021-05-03T03:56:46.384+0000][7][safepoint   ] Safepoint "G1CollectForAllocation", Time since last: 7568071896 ns, Reaching safepoint: 166249 ns, At safepoint: 3487682 ns, Total: 3653931 ns
[2021-05-03T03:56:46.384+0000][7][gc          ] GC(106) Concurrent Cycle
[2021-05-03T03:56:46.384+0000][7][gc,marking  ] GC(106) Concurrent Clear Claimed Marks
[2021-05-03T03:56:46.384+0000][7][gc,marking  ] GC(106) Concurrent Clear Claimed Marks 0.096ms
[2021-05-03T03:56:46.384+0000][7][gc,marking  ] GC(106) Concurrent Scan Root Regions
[2021-05-03T03:56:46.386+0000][7][gc,marking  ] GC(106) Concurrent Scan Root Regions 1.977ms
[2021-05-03T03:56:46.386+0000][7][gc,marking  ] GC(106) Concurrent Mark (6148.314s)
[2021-05-03T03:56:46.386+0000][7][gc,marking  ] GC(106) Concurrent Mark From Roots
[2021-05-03T03:56:46.386+0000][7][gc,task     ] GC(106) Using 2 workers of 2 for marking
[2021-05-03T03:56:46.505+0000][7][gc,marking  ] GC(106) Concurrent Mark From Roots 118.879ms
[2021-05-03T03:56:46.505+0000][7][gc,marking  ] GC(106) Concurrent Preclean
[2021-05-03T03:56:46.505+0000][7][gc,marking  ] GC(106) Concurrent Preclean 0.267ms
[2021-05-03T03:56:46.505+0000][7][gc,marking  ] GC(106) Concurrent Mark (6148.314s, 6148.433s) 119.210ms
[2021-05-03T03:56:46.505+0000][7][gc,start    ] GC(106) Pause Remark
[2021-05-03T03:56:46.512+0000][7][gc          ] GC(106) Pause Remark 118M->118M(256M) 6.606ms
[2021-05-03T03:56:46.512+0000][7][gc,cpu      ] GC(106) User=0.03s Sys=0.00s Real=0.01s
[2021-05-03T03:56:46.512+0000][7][safepoint   ] Safepoint "G1Concurrent", Time since last: 121460557 ns, Reaching safepoint: 88867 ns, At safepoint: 6687152 ns, Total: 6776019 ns
[2021-05-03T03:56:46.512+0000][7][gc,marking  ] GC(106) Concurrent Rebuild Remembered Sets
[2021-05-03T03:56:46.578+0000][7][gc,marking  ] GC(106) Concurrent Rebuild Remembered Sets 65.638ms
[2021-05-03T03:56:46.578+0000][7][gc,start    ] GC(106) Pause Cleanup
[2021-05-03T03:56:46.578+0000][7][gc          ] GC(106) Pause Cleanup 118M->118M(256M) 0.084ms
[2021-05-03T03:56:46.578+0000][7][gc,cpu      ] GC(106) User=0.00s Sys=0.00s Real=0.00s
[2021-05-03T03:56:46.578+0000][7][safepoint   ] Safepoint "G1Concurrent", Time since last: 65715296 ns, Reaching safepoint: 74814 ns, At safepoint: 128085 ns, Total: 202899 ns
[2021-05-03T03:56:46.578+0000][7][gc,marking  ] GC(106) Concurrent Cleanup for Next Mark
[2021-05-03T03:56:46.578+0000][7][gc,marking  ] GC(106) Concurrent Cleanup for Next Mark 0.208ms
[2021-05-03T03:56:46.578+0000][7][gc          ] GC(106) Concurrent Cycle 194.394ms
[2021-05-03T03:57:39.586+0000][7][safepoint   ] Safepoint "Cleanup", Time since last: 53007646336 ns, Reaching safepoint: 500662 ns, At safepoint: 31123 ns, Total: 531785 ns
[2021-05-03T03:57:46.588+0000][7][safepoint   ] Safepoint "Cleanup", Time since last: 7001161352 ns, Reaching safepoint: 298016 ns, At safepoint: 35211 ns, Total: 333227 ns
[2021-05-03T03:57:51.589+0000][7][safepoint   ] Safepoint "Cleanup", Time since last: 5001336315 ns, Reaching safepoint: 333541 ns, At safepoint: 26465 ns, Total: 360006 ns
[2021-05-03T03:58:40.597+0000][7][safepoint   ] Safepoint "Cleanup", Time since last: 49007598343 ns, Reaching safepoint: 348442 ns, At safepoint: 26333 ns, Total: 374775 ns
[2021-05-03T03:58:42.598+0000][7][safepoint   ] Safepoint "Cleanup", Time since last: 2000322480 ns, Reaching safepoint: 387634 ns, At safepoint: 25662 ns, Total: 413296 ns
[2021-05-03T03:59:06.492+0000][7][gc,start    ] GC(107) Pause Young (Normal) (G1 Evacuation Pause)
[2021-05-03T03:59:06.492+0000][7][gc,task     ] GC(107) Using 6 workers of 8 for evacuation
[2021-05-03T03:59:06.493+0000][7][gc,age      ] GC(107) Desired survivor size 6291456 bytes, new threshold 15 (max threshold 15)
[2021-05-03T03:59:06.499+0000][7][gc,age      ] GC(107) Age table with threshold 15 (max threshold 15)
[2021-05-03T03:59:06.499+0000][7][gc,age      ] GC(107) - age   1:     528912 bytes,     528912 total
[2021-05-03T03:59:06.499+0000][7][gc,age      ] GC(107) - age   2:     319512 bytes,     848424 total
[2021-05-03T03:59:06.499+0000][7][gc,age      ] GC(107) - age   3:       3848 bytes,     852272 total
[2021-05-03T03:59:06.499+0000][7][gc,age      ] GC(107) - age   4:       1296 bytes,     853568 total
[2021-05-03T03:59:06.499+0000][7][gc,age      ] GC(107) - age   5:       2376 bytes,     855944 total
[2021-05-03T03:59:06.499+0000][7][gc,age      ] GC(107) - age   6:       3720 bytes,     859664 total
[2021-05-03T03:59:06.499+0000][7][gc,age      ] GC(107) - age   7:       5776 bytes,     865440 total
[2021-05-03T03:59:06.499+0000][7][gc,age      ] GC(107) - age   8:       1168 bytes,     866608 total
[2021-05-03T03:59:06.499+0000][7][gc,age      ] GC(107) - age   9:       4808 bytes,     871416 total
[2021-05-03T03:59:06.499+0000][7][gc,age      ] GC(107) - age  10:       4344 bytes,     875760 total
[2021-05-03T03:59:06.499+0000][7][gc,age      ] GC(107) - age  11:        648 bytes,     876408 total
[2021-05-03T03:59:06.499+0000][7][gc,age      ] GC(107) - age  12:      10960 bytes,     887368 total
[2021-05-03T03:59:06.499+0000][7][gc,age      ] GC(107) - age  13:        624 bytes,     887992 total
[2021-05-03T03:59:06.499+0000][7][gc,age      ] GC(107) - age  14:       4088 bytes,     892080 total
[2021-05-03T03:59:06.499+0000][7][gc,age      ] GC(107) - age  15:     395256 bytes,    1287336 total
[2021-05-03T03:59:06.499+0000][7][gc,phases   ] GC(107)   Pre Evacuate Collection Set: 0.2ms
[2021-05-03T03:59:06.499+0000][7][gc,phases   ] GC(107)   Merge Heap Roots: 0.2ms
[2021-05-03T03:59:06.499+0000][7][gc,phases   ] GC(107)   Evacuate Collection Set: 3.9ms
[2021-05-03T03:59:06.499+0000][7][gc,phases   ] GC(107)   Post Evacuate Collection Set: 1.8ms
[2021-05-03T03:59:06.499+0000][7][gc,phases   ] GC(107)   Other: 0.8ms
[2021-05-03T03:59:06.499+0000][7][gc,heap     ] GC(107) Eden regions: 22->0(22)
[2021-05-03T03:59:06.499+0000][7][gc,heap     ] GC(107) Survivor regions: 1->1(3)
[2021-05-03T03:59:06.499+0000][7][gc,heap     ] GC(107) Old regions: 26->26
[2021-05-03T03:59:06.499+0000][7][gc,heap     ] GC(107) Archive regions: 2->2
[2021-05-03T03:59:06.499+0000][7][gc,heap     ] GC(107) Humongous regions: 2->2
[2021-05-03T03:59:06.499+0000][7][gc,metaspace] GC(107) Metaspace: 107728K(112336K)->107728K(112336K) NonClass: 93848K(97180K)->93848K(97180K) Class: 13880K(15156K)->13880K(15156K)
[2021-05-03T03:59:06.499+0000][7][gc          ] GC(107) Pause Young (Normal) (G1 Evacuation Pause) 203M->115M(256M) 7.143ms
[2021-05-03T03:59:06.500+0000][7][gc,cpu      ] GC(107) User=0.03s Sys=0.00s Real=0.00s
[2021-05-03T03:59:06.500+0000][7][safepoint   ] Safepoint "G1CollectForAllocation", Time since last: 23893826998 ns, Reaching safepoint: 356253 ns, At safepoint: 7365037 ns, Total: 7721290 ns
[2021-05-03T03:59:17.504+0000][7][safepoint   ] Safepoint "Cleanup", Time since last: 11004205508 ns, Reaching safepoint: 293462 ns, At safepoint: 17254 ns, Total: 310716 ns
[2021-05-03T03:59:42.510+0000][7][safepoint   ] Safepoint "Cleanup", Time since last: 25005732382 ns, Reaching safepoint: 127702 ns, At safepoint: 7200 ns, Total: 134902 ns
[2021-05-03T03:59:43.511+0000][7][safepoint   ] Safepoint "Cleanup", Time since last: 1000472080 ns, Reaching safepoint: 367170 ns, At safepoint: 35053 ns, Total: 402223 ns
[2021-05-03T03:59:48.513+0000][7][safepoint   ] Safepoint "Cleanup", Time since last: 5001866342 ns, Reaching safepoint: 324988 ns, At safepoint: 27602 ns, Total: 352590 ns
[2021-05-03T03:59:51.514+0000][7][safepoint   ] Safepoint "Cleanup", Time since last: 3000738317 ns, Reaching safepoint: 298054 ns, At safepoint: 24228 ns, Total: 322282 ns
[2021-05-03T04:00:09.519+0000][7][safepoint   ] Safepoint "Cleanup", Time since last: 18004401252 ns, Reaching safepoint: 444684 ns, At safepoint: 41497 ns, Total: 486181 ns
[2021-05-03T04:00:39.526+0000][7][safepoint   ] Safepoint "Cleanup", Time since last: 30006264950 ns, Reaching safepoint: 355519 ns, At safepoint: 27870 ns, Total: 383389 ns
[2021-05-03T04:00:42.527+0000][7][safepoint   ] Safepoint "Cleanup", Time since last: 3000930197 ns, Reaching safepoint: 482746 ns, At safepoint: 37287 ns, Total: 520033 ns
[2021-05-03T04:00:43.528+0000][7][safepoint   ] Safepoint "Cleanup", Time since last: 1000552887 ns, Reaching safepoint: 384589 ns, At safepoint: 29739 ns, Total: 414328 ns
[2021-05-03T04:00:47.530+0000][7][safepoint   ] Safepoint "Cleanup", Time since last: 4001007051 ns, Reaching safepoint: 409823 ns, At safepoint: 19649 ns, Total: 429472 ns
[2021-05-03T04:01:13.537+0000][7][safepoint   ] Safepoint "Cleanup", Time since last: 26006581298 ns, Reaching safepoint: 343835 ns, At safepoint: 30241 ns, Total: 374076 ns
[2021-05-03T04:01:16.586+0000][7][gc,start    ] GC(108) Pause Young (Concurrent Start) (G1 Evacuation Pause)
[2021-05-03T04:01:16.586+0000][7][gc,task     ] GC(108) Using 6 workers of 8 for evacuation
[2021-05-03T04:01:16.586+0000][7][gc,age      ] GC(108) Desired survivor size 6291456 bytes, new threshold 15 (max threshold 15)
[2021-05-03T04:01:16.588+0000][7][gc,age      ] GC(108) Age table with threshold 15 (max threshold 15)
[2021-05-03T04:01:16.588+0000][7][gc,age      ] GC(108) - age   1:     689680 bytes,     689680 total
[2021-05-03T04:01:16.588+0000][7][gc,age      ] GC(108) - age   2:       1528 bytes,     691208 total
[2021-05-03T04:01:16.588+0000][7][gc,age      ] GC(108) - age   3:     198384 bytes,     889592 total
[2021-05-03T04:01:16.588+0000][7][gc,age      ] GC(108) - age   4:       3656 bytes,     893248 total
[2021-05-03T04:01:16.588+0000][7][gc,age      ] GC(108) - age   5:        936 bytes,     894184 total
[2021-05-03T04:01:16.588+0000][7][gc,age      ] GC(108) - age   6:       2376 bytes,     896560 total
[2021-05-03T04:01:16.588+0000][7][gc,age      ] GC(108) - age   7:       3720 bytes,     900280 total
[2021-05-03T04:01:16.588+0000][7][gc,age      ] GC(108) - age   8:       5776 bytes,     906056 total
[2021-05-03T04:01:16.588+0000][7][gc,age      ] GC(108) - age   9:        864 bytes,     906920 total
[2021-05-03T04:01:16.588+0000][7][gc,age      ] GC(108) - age  10:       4808 bytes,     911728 total
[2021-05-03T04:01:16.588+0000][7][gc,age      ] GC(108) - age  11:       4344 bytes,     916072 total
[2021-05-03T04:01:16.588+0000][7][gc,age      ] GC(108) - age  12:        480 bytes,     916552 total
[2021-05-03T04:01:16.588+0000][7][gc,age      ] GC(108) - age  13:      10960 bytes,     927512 total
[2021-05-03T04:01:16.588+0000][7][gc,age      ] GC(108) - age  14:        624 bytes,     928136 total
[2021-05-03T04:01:16.588+0000][7][gc,age      ] GC(108) - age  15:       4088 bytes,     932224 total
[2021-05-03T04:01:16.588+0000][7][gc,phases   ] GC(108)   Pre Evacuate Collection Set: 0.1ms
[2021-05-03T04:01:16.588+0000][7][gc,phases   ] GC(108)   Merge Heap Roots: 0.1ms
[2021-05-03T04:01:16.588+0000][7][gc,phases   ] GC(108)   Evacuate Collection Set: 1.1ms
[2021-05-03T04:01:16.588+0000][7][gc,phases   ] GC(108)   Post Evacuate Collection Set: 0.6ms
[2021-05-03T04:01:16.588+0000][7][gc,phases   ] GC(108)   Other: 0.3ms
[2021-05-03T04:01:16.588+0000][7][gc,heap     ] GC(108) Eden regions: 22->0(22)
[2021-05-03T04:01:16.588+0000][7][gc,heap     ] GC(108) Survivor regions: 1->1(3)
[2021-05-03T04:01:16.588+0000][7][gc,heap     ] GC(108) Old regions: 26->26
[2021-05-03T04:01:16.588+0000][7][gc,heap     ] GC(108) Archive regions: 2->2
[2021-05-03T04:01:16.588+0000][7][gc,heap     ] GC(108) Humongous regions: 2->2
[2021-05-03T04:01:16.588+0000][7][gc,metaspace] GC(108) Metaspace: 107733K(112336K)->107733K(112336K) NonClass: 93853K(97180K)->93853K(97180K) Class: 13880K(15156K)->13880K(15156K)
[2021-05-03T04:01:16.588+0000][7][gc          ] GC(108) Pause Young (Concurrent Start) (G1 Evacuation Pause) 203M->115M(256M) 2.243ms
[2021-05-03T04:01:16.588+0000][7][gc,cpu      ] GC(108) User=0.01s Sys=0.00s Real=0.00s
[2021-05-03T04:01:16.588+0000][7][gc          ] GC(109) Concurrent Cycle
[2021-05-03T04:01:16.588+0000][7][safepoint   ] Safepoint "G1CollectForAllocation", Time since last: 3049388298 ns, Reaching safepoint: 203671 ns, At safepoint: 2337186 ns, Total: 2540857 ns
[2021-05-03T04:01:16.588+0000][7][gc,marking  ] GC(109) Concurrent Clear Claimed Marks
[2021-05-03T04:01:16.589+0000][7][gc,marking  ] GC(109) Concurrent Clear Claimed Marks 0.082ms
[2021-05-03T04:01:16.589+0000][7][gc,marking  ] GC(109) Concurrent Scan Root Regions
[2021-05-03T04:01:16.591+0000][7][gc,marking  ] GC(109) Concurrent Scan Root Regions 2.568ms
[2021-05-03T04:01:16.591+0000][7][gc,marking  ] GC(109) Concurrent Mark (6418.519s)
[2021-05-03T04:01:16.591+0000][7][gc,marking  ] GC(109) Concurrent Mark From Roots
[2021-05-03T04:01:16.591+0000][7][gc,task     ] GC(109) Using 2 workers of 2 for marking
[2021-05-03T04:01:16.692+0000][7][gc,marking  ] GC(109) Concurrent Mark From Roots 100.840ms
[2021-05-03T04:01:16.692+0000][7][gc,marking  ] GC(109) Concurrent Preclean
[2021-05-03T04:01:16.692+0000][7][gc,marking  ] GC(109) Concurrent Preclean 0.235ms
[2021-05-03T04:01:16.692+0000][7][gc,marking  ] GC(109) Concurrent Mark (6418.519s, 6418.620s) 101.137ms
[2021-05-03T04:01:16.692+0000][7][gc,start    ] GC(109) Pause Remark
[2021-05-03T04:01:16.698+0000][7][gc          ] GC(109) Pause Remark 117M->117M(256M) 5.477ms
[2021-05-03T04:01:16.698+0000][7][gc,cpu      ] GC(109) User=0.03s Sys=0.00s Real=0.00s
[2021-05-03T04:01:16.698+0000][7][safepoint   ] Safepoint "G1Concurrent", Time since last: 103885893 ns, Reaching safepoint: 120090 ns, At safepoint: 5555552 ns, Total: 5675642 ns
[2021-05-03T04:01:16.698+0000][7][gc,marking  ] GC(109) Concurrent Rebuild Remembered Sets
[2021-05-03T04:01:16.758+0000][7][gc,marking  ] GC(109) Concurrent Rebuild Remembered Sets 60.012ms
[2021-05-03T04:01:16.758+0000][7][gc,start    ] GC(109) Pause Cleanup
[2021-05-03T04:01:16.758+0000][7][gc          ] GC(109) Pause Cleanup 117M->117M(256M) 0.081ms
[2021-05-03T04:01:16.758+0000][7][gc,cpu      ] GC(109) User=0.00s Sys=0.00s Real=0.00s
[2021-05-03T04:01:16.758+0000][7][safepoint   ] Safepoint "G1Concurrent", Time since last: 60147602 ns, Reaching safepoint: 121125 ns, At safepoint: 129655 ns, Total: 250780 ns
[2021-05-03T04:01:16.758+0000][7][gc,marking  ] GC(109) Concurrent Cleanup for Next Mark
[2021-05-03T04:01:16.759+0000][7][gc,marking  ] GC(109) Concurrent Cleanup for Next Mark 0.148ms
[2021-05-03T04:01:16.759+0000][7][gc          ] GC(109) Concurrent Cycle 170.172ms
[2021-05-03T04:01:38.764+0000][7][safepoint   ] Safepoint "Cleanup", Time since last: 22005180182 ns, Reaching safepoint: 310953 ns, At safepoint: 23351 ns, Total: 334304 ns
[2021-05-03T04:01:42.765+0000][7][safepoint   ] Safepoint "Cleanup", Time since last: 4000795796 ns, Reaching safepoint: 366003 ns, At safepoint: 32617 ns, Total: 398620 ns
[2021-05-03T04:02:10.773+0000][7][safepoint   ] Safepoint "Cleanup", Time since last: 28007662455 ns, Reaching safepoint: 281242 ns, At safepoint: 24226 ns, Total: 305468 ns
[2021-05-03T04:02:13.774+0000][7][safepoint   ] Safepoint "Cleanup", Time since last: 3000621243 ns, Reaching safepoint: 345029 ns, At safepoint: 29775 ns, Total: 374804 ns
[2021-05-03T04:02:16.778+0000][7][safepoint   ] Safepoint "Cleanup", Time since last: 3003576992 ns, Reaching safepoint: 104581 ns, At safepoint: 6492 ns, Total: 111073 ns
[2021-05-03T04:02:38.784+0000][7][safepoint   ] Safepoint "Cleanup", Time since last: 22005479876 ns, Reaching safepoint: 341029 ns, At safepoint: 28378 ns, Total: 369407 ns
[2021-05-03T04:02:46.786+0000][7][safepoint   ] Safepoint "Cleanup", Time since last: 8002233439 ns, Reaching safepoint: 302194 ns, At safepoint: 27057 ns, Total: 329251 ns
[2021-05-03T04:02:57.790+0000][7][safepoint   ] Safepoint "Cleanup", Time since last: 11003375785 ns, Reaching safepoint: 459467 ns, At safepoint: 33603 ns, Total: 493070 ns
[2021-05-03T04:03:04.792+0000][7][safepoint   ] Safepoint "Cleanup", Time since last: 7001949984 ns, Reaching safepoint: 318359 ns, At safepoint: 24150 ns, Total: 342509 ns
[2021-05-03T04:03:16.795+0000][7][safepoint   ] Safepoint "Cleanup", Time since last: 12002705765 ns, Reaching safepoint: 375385 ns, At safepoint: 35765 ns, Total: 411150 ns
[2021-05-03T04:03:38.535+0000][7][gc,start    ] GC(110) Pause Young (Normal) (G1 Evacuation Pause)
[2021-05-03T04:03:38.535+0000][7][gc,task     ] GC(110) Using 6 workers of 8 for evacuation
[2021-05-03T04:03:38.536+0000][7][gc,age      ] GC(110) Desired survivor size 6291456 bytes, new threshold 15 (max threshold 15)
[2021-05-03T04:03:38.543+0000][7][gc,age      ] GC(110) Age table with threshold 15 (max threshold 15)
[2021-05-03T04:03:38.543+0000][7][gc,age      ] GC(110) - age   1:     508296 bytes,     508296 total
[2021-05-03T04:03:38.543+0000][7][gc,age      ] GC(110) - age   2:       5920 bytes,     514216 total
[2021-05-03T04:03:38.543+0000][7][gc,age      ] GC(110) - age   3:       1456 bytes,     515672 total
[2021-05-03T04:03:38.543+0000][7][gc,age      ] GC(110) - age   4:     198088 bytes,     713760 total
[2021-05-03T04:03:38.543+0000][7][gc,age      ] GC(110) - age   5:       3656 bytes,     717416 total
[2021-05-03T04:03:38.543+0000][7][gc,age      ] GC(110) - age   6:        936 bytes,     718352 total
[2021-05-03T04:03:38.543+0000][7][gc,age      ] GC(110) - age   7:       2352 bytes,     720704 total
[2021-05-03T04:03:38.543+0000][7][gc,age      ] GC(110) - age   8:       3720 bytes,     724424 total
[2021-05-03T04:03:38.543+0000][7][gc,age      ] GC(110) - age   9:       5776 bytes,     730200 total
[2021-05-03T04:03:38.543+0000][7][gc,age      ] GC(110) - age  10:        824 bytes,     731024 total
[2021-05-03T04:03:38.543+0000][7][gc,age      ] GC(110) - age  11:       4808 bytes,     735832 total
[2021-05-03T04:03:38.543+0000][7][gc,age      ] GC(110) - age  12:       4344 bytes,     740176 total
[2021-05-03T04:03:38.543+0000][7][gc,age      ] GC(110) - age  13:        480 bytes,     740656 total
[2021-05-03T04:03:38.543+0000][7][gc,age      ] GC(110) - age  14:      10960 bytes,     751616 total
[2021-05-03T04:03:38.543+0000][7][gc,age      ] GC(110) - age  15:        624 bytes,     752240 total
[2021-05-03T04:03:38.543+0000][7][gc,phases   ] GC(110)   Pre Evacuate Collection Set: 0.2ms
[2021-05-03T04:03:38.543+0000][7][gc,phases   ] GC(110)   Merge Heap Roots: 0.2ms
[2021-05-03T04:03:38.543+0000][7][gc,phases   ] GC(110)   Evacuate Collection Set: 5.3ms
[2021-05-03T04:03:38.544+0000][7][gc,phases   ] GC(110)   Post Evacuate Collection Set: 1.7ms
[2021-05-03T04:03:38.544+0000][7][gc,phases   ] GC(110)   Other: 0.7ms
[2021-05-03T04:03:38.544+0000][7][gc,heap     ] GC(110) Eden regions: 22->0(22)
[2021-05-03T04:03:38.544+0000][7][gc,heap     ] GC(110) Survivor regions: 1->1(3)
[2021-05-03T04:03:38.544+0000][7][gc,heap     ] GC(110) Old regions: 26->26
[2021-05-03T04:03:38.544+0000][7][gc,heap     ] GC(110) Archive regions: 2->2
[2021-05-03T04:03:38.544+0000][7][gc,heap     ] GC(110) Humongous regions: 2->2
[2021-05-03T04:03:38.544+0000][7][gc,metaspace] GC(110) Metaspace: 107736K(112336K)->107736K(112336K) NonClass: 93855K(97180K)->93855K(97180K) Class: 13880K(15156K)->13880K(15156K)
[2021-05-03T04:03:38.544+0000][7][gc          ] GC(110) Pause Young (Normal) (G1 Evacuation Pause) 203M->115M(256M) 8.325ms
[2021-05-03T04:03:38.544+0000][7][gc,cpu      ] GC(110) User=0.01s Sys=0.01s Real=0.01s
[2021-05-03T04:03:38.544+0000][7][safepoint   ] Safepoint "G1CollectForAllocation", Time since last: 21739515223 ns, Reaching safepoint: 311147 ns, At safepoint: 8541616 ns, Total: 8852763 ns
[2021-05-03T04:04:47.561+0000][7][safepoint   ] Safepoint "Cleanup", Time since last: 69016880011 ns, Reaching safepoint: 299377 ns, At safepoint: 17945 ns, Total: 317322 ns
[2021-05-03T04:04:48.562+0000][7][safepoint   ] Safepoint "Cleanup", Time since last: 1000768444 ns, Reaching safepoint: 319892 ns, At safepoint: 33053 ns, Total: 352945 ns
[2021-05-03T04:04:49.563+0000][7][safepoint   ] Safepoint "Cleanup", Time since last: 1000239653 ns, Reaching safepoint: 324112 ns, At safepoint: 29528 ns, Total: 353640 ns
[2021-05-03T04:05:26.573+0000][7][safepoint   ] Safepoint "Cleanup", Time since last: 37009557241 ns, Reaching safepoint: 325368 ns, At safepoint: 30857 ns, Total: 356225 ns
[2021-05-03T04:05:39.575+0000][7][safepoint   ] Safepoint "Cleanup", Time since last: 13002737276 ns, Reaching safepoint: 109228 ns, At safepoint: 5530 ns, Total: 114758 ns
[2021-05-03T04:05:40.730+0000][7][gc,start    ] GC(111) Pause Young (Concurrent Start) (G1 Evacuation Pause)
[2021-05-03T04:05:40.730+0000][7][gc,task     ] GC(111) Using 6 workers of 8 for evacuation
[2021-05-03T04:05:40.730+0000][7][gc,age      ] GC(111) Desired survivor size 6291456 bytes, new threshold 15 (max threshold 15)
[2021-05-03T04:05:40.732+0000][7][gc,age      ] GC(111) Age table with threshold 15 (max threshold 15)
[2021-05-03T04:05:40.732+0000][7][gc,age      ] GC(111) - age   1:     696600 bytes,     696600 total
[2021-05-03T04:05:40.732+0000][7][gc,age      ] GC(111) - age   2:       2528 bytes,     699128 total
[2021-05-03T04:05:40.732+0000][7][gc,age      ] GC(111) - age   3:       2088 bytes,     701216 total
[2021-05-03T04:05:40.732+0000][7][gc,age      ] GC(111) - age   4:       1256 bytes,     702472 total
[2021-05-03T04:05:40.732+0000][7][gc,age      ] GC(111) - age   5:     153344 bytes,     855816 total
[2021-05-03T04:05:40.732+0000][7][gc,age      ] GC(111) - age   6:        800 bytes,     856616 total
[2021-05-03T04:05:40.732+0000][7][gc,age      ] GC(111) - age   7:        936 bytes,     857552 total
[2021-05-03T04:05:40.732+0000][7][gc,age      ] GC(111) - age   8:       2312 bytes,     859864 total
[2021-05-03T04:05:40.732+0000][7][gc,age      ] GC(111) - age   9:       3720 bytes,     863584 total
[2021-05-03T04:05:40.732+0000][7][gc,age      ] GC(111) - age  10:       5672 bytes,     869256 total
[2021-05-03T04:05:40.732+0000][7][gc,age      ] GC(111) - age  11:        824 bytes,     870080 total
[2021-05-03T04:05:40.732+0000][7][gc,age      ] GC(111) - age  12:       4808 bytes,     874888 total
[2021-05-03T04:05:40.732+0000][7][gc,age      ] GC(111) - age  13:       4344 bytes,     879232 total
[2021-05-03T04:05:40.732+0000][7][gc,age      ] GC(111) - age  14:        480 bytes,     879712 total
[2021-05-03T04:05:40.732+0000][7][gc,age      ] GC(111) - age  15:      10960 bytes,     890672 total
[2021-05-03T04:05:40.732+0000][7][gc,phases   ] GC(111)   Pre Evacuate Collection Set: 0.2ms
[2021-05-03T04:05:40.732+0000][7][gc,phases   ] GC(111)   Merge Heap Roots: 0.1ms
[2021-05-03T04:05:40.732+0000][7][gc,phases   ] GC(111)   Evacuate Collection Set: 1.0ms
[2021-05-03T04:05:40.732+0000][7][gc,phases   ] GC(111)   Post Evacuate Collection Set: 0.6ms
[2021-05-03T04:05:40.732+0000][7][gc,phases   ] GC(111)   Other: 0.4ms
[2021-05-03T04:05:40.732+0000][7][gc,heap     ] GC(111) Eden regions: 22->0(22)
[2021-05-03T04:05:40.732+0000][7][gc,heap     ] GC(111) Survivor regions: 1->1(3)
[2021-05-03T04:05:40.732+0000][7][gc,heap     ] GC(111) Old regions: 26->26
[2021-05-03T04:05:40.732+0000][7][gc,heap     ] GC(111) Archive regions: 2->2
[2021-05-03T04:05:40.732+0000][7][gc,heap     ] GC(111) Humongous regions: 2->2
[2021-05-03T04:05:40.732+0000][7][gc,metaspace] GC(111) Metaspace: 107740K(112336K)->107740K(112336K) NonClass: 93859K(97180K)->93859K(97180K) Class: 13880K(15156K)->13880K(15156K)
[2021-05-03T04:05:40.732+0000][7][gc          ] GC(111) Pause Young (Concurrent Start) (G1 Evacuation Pause) 203M->115M(256M) 2.360ms
[2021-05-03T04:05:40.732+0000][7][gc,cpu      ] GC(111) User=0.00s Sys=0.00s Real=0.01s
[2021-05-03T04:05:40.732+0000][7][gc          ] GC(112) Concurrent Cycle
[2021-05-03T04:05:40.732+0000][7][safepoint   ] Safepoint "G1CollectForAllocation", Time since last: 1153889340 ns, Reaching safepoint: 100537 ns, At safepoint: 2431719 ns, Total: 2532256 ns
[2021-05-03T04:05:40.732+0000][7][gc,marking  ] GC(112) Concurrent Clear Claimed Marks
[2021-05-03T04:05:40.732+0000][7][gc,marking  ] GC(112) Concurrent Clear Claimed Marks 0.047ms
[2021-05-03T04:05:40.732+0000][7][gc,marking  ] GC(112) Concurrent Scan Root Regions
[2021-05-03T04:05:40.734+0000][7][gc,marking  ] GC(112) Concurrent Scan Root Regions 1.546ms
[2021-05-03T04:05:40.734+0000][7][gc,marking  ] GC(112) Concurrent Mark (6682.661s)
[2021-05-03T04:05:40.734+0000][7][gc,marking  ] GC(112) Concurrent Mark From Roots
[2021-05-03T04:05:40.734+0000][7][gc,task     ] GC(112) Using 2 workers of 2 for marking
[2021-05-03T04:05:40.829+0000][7][gc,marking  ] GC(112) Concurrent Mark From Roots 95.490ms
[2021-05-03T04:05:40.829+0000][7][gc,marking  ] GC(112) Concurrent Preclean
[2021-05-03T04:05:40.829+0000][7][gc,marking  ] GC(112) Concurrent Preclean 0.250ms
[2021-05-03T04:05:40.829+0000][7][gc,marking  ] GC(112) Concurrent Mark (6682.661s, 6682.757s) 95.807ms
[2021-05-03T04:05:40.830+0000][7][gc,start    ] GC(112) Pause Remark
[2021-05-03T04:05:40.835+0000][7][gc          ] GC(112) Pause Remark 129M->129M(256M) 5.831ms
[2021-05-03T04:05:40.835+0000][7][gc,cpu      ] GC(112) User=0.03s Sys=0.00s Real=0.01s
[2021-05-03T04:05:40.835+0000][7][safepoint   ] Safepoint "G1Concurrent", Time since last: 97513279 ns, Reaching safepoint: 150896 ns, At safepoint: 5915444 ns, Total: 6066340 ns
[2021-05-03T04:05:40.835+0000][7][gc,marking  ] GC(112) Concurrent Rebuild Remembered Sets
[2021-05-03T04:05:40.891+0000][7][gc,marking  ] GC(112) Concurrent Rebuild Remembered Sets 55.981ms
[2021-05-03T04:05:40.892+0000][7][gc,start    ] GC(112) Pause Cleanup
[2021-05-03T04:05:40.892+0000][7][gc          ] GC(112) Pause Cleanup 129M->129M(256M) 0.055ms
[2021-05-03T04:05:40.892+0000][7][gc,cpu      ] GC(112) User=0.00s Sys=0.00s Real=0.00s
[2021-05-03T04:05:40.892+0000][7][safepoint   ] Safepoint "G1Concurrent", Time since last: 56051431 ns, Reaching safepoint: 89374 ns, At safepoint: 89547 ns, Total: 178921 ns
[2021-05-03T04:05:40.892+0000][7][gc,marking  ] GC(112) Concurrent Cleanup for Next Mark
[2021-05-03T04:05:40.892+0000][7][gc,marking  ] GC(112) Concurrent Cleanup for Next Mark 0.178ms
[2021-05-03T04:05:40.892+0000][7][gc          ] GC(112) Concurrent Cycle 160.030ms
[2021-05-03T04:05:46.894+0000][7][safepoint   ] Safepoint "Cleanup", Time since last: 6001794821 ns, Reaching safepoint: 135956 ns, At safepoint: 6275 ns, Total: 142231 ns
[2021-05-03T04:06:16.901+0000][7][safepoint   ] Safepoint "Cleanup", Time since last: 30007334504 ns, Reaching safepoint: 161960 ns, At safepoint: 8478 ns, Total: 170438 ns
[2021-05-03T04:07:38.752+0000][7][gc,start    ] GC(113) Pause Young (Normal) (G1 Evacuation Pause)
[2021-05-03T04:07:38.752+0000][7][gc,task     ] GC(113) Using 6 workers of 8 for evacuation
[2021-05-03T04:07:38.752+0000][7][gc,age      ] GC(113) Desired survivor size 6291456 bytes, new threshold 15 (max threshold 15)
[2021-05-03T04:07:38.754+0000][7][gc,age      ] GC(113) Age table with threshold 15 (max threshold 15)
[2021-05-03T04:07:38.754+0000][7][gc,age      ] GC(113) - age   1:     721216 bytes,     721216 total
[2021-05-03T04:07:38.754+0000][7][gc,age      ] GC(113) - age   2:     123680 bytes,     844896 total
[2021-05-03T04:07:38.754+0000][7][gc,age      ] GC(113) - age   3:       2528 bytes,     847424 total
[2021-05-03T04:07:38.754+0000][7][gc,age      ] GC(113) - age   4:       1800 bytes,     849224 total
[2021-05-03T04:07:38.754+0000][7][gc,age      ] GC(113) - age   5:       1256 bytes,     850480 total
[2021-05-03T04:07:38.754+0000][7][gc,age      ] GC(113) - age   6:      23128 bytes,     873608 total
[2021-05-03T04:07:38.754+0000][7][gc,age      ] GC(113) - age   7:        800 bytes,     874408 total
[2021-05-03T04:07:38.754+0000][7][gc,age      ] GC(113) - age   8:        936 bytes,     875344 total
[2021-05-03T04:07:38.754+0000][7][gc,age      ] GC(113) - age   9:       2312 bytes,     877656 total
[2021-05-03T04:07:38.754+0000][7][gc,age      ] GC(113) - age  10:       3720 bytes,     881376 total
[2021-05-03T04:07:38.754+0000][7][gc,age      ] GC(113) - age  11:       4368 bytes,     885744 total
[2021-05-03T04:07:38.754+0000][7][gc,age      ] GC(113) - age  12:        744 bytes,     886488 total
[2021-05-03T04:07:38.754+0000][7][gc,age      ] GC(113) - age  13:       4808 bytes,     891296 total
[2021-05-03T04:07:38.754+0000][7][gc,age      ] GC(113) - age  14:       4344 bytes,     895640 total
[2021-05-03T04:07:38.754+0000][7][gc,age      ] GC(113) - age  15:        480 bytes,     896120 total
[2021-05-03T04:07:38.754+0000][7][gc,phases   ] GC(113)   Pre Evacuate Collection Set: 0.1ms
[2021-05-03T04:07:38.754+0000][7][gc,phases   ] GC(113)   Merge Heap Roots: 0.1ms
[2021-05-03T04:07:38.754+0000][7][gc,phases   ] GC(113)   Evacuate Collection Set: 0.9ms
[2021-05-03T04:07:38.754+0000][7][gc,phases   ] GC(113)   Post Evacuate Collection Set: 0.4ms
[2021-05-03T04:07:38.754+0000][7][gc,phases   ] GC(113)   Other: 0.2ms
[2021-05-03T04:07:38.754+0000][7][gc,heap     ] GC(113) Eden regions: 22->0(22)
[2021-05-03T04:07:38.754+0000][7][gc,heap     ] GC(113) Survivor regions: 1->1(3)
[2021-05-03T04:07:38.754+0000][7][gc,heap     ] GC(113) Old regions: 26->26
[2021-05-03T04:07:38.754+0000][7][gc,heap     ] GC(113) Archive regions: 2->2
[2021-05-03T04:07:38.754+0000][7][gc,heap     ] GC(113) Humongous regions: 2->2
[2021-05-03T04:07:38.754+0000][7][gc,metaspace] GC(113) Metaspace: 107765K(112592K)->107765K(112592K) NonClass: 93885K(97436K)->93885K(97436K) Class: 13880K(15156K)->13880K(15156K)
[2021-05-03T04:07:38.754+0000][7][gc          ] GC(113) Pause Young (Normal) (G1 Evacuation Pause) 203M->115M(256M) 1.807ms
[2021-05-03T04:07:38.754+0000][7][gc,cpu      ] GC(113) User=0.01s Sys=0.00s Real=0.00s
[2021-05-03T04:07:38.754+0000][7][safepoint   ] Safepoint "G1CollectForAllocation", Time since last: 81850665116 ns, Reaching safepoint: 113199 ns, At safepoint: 1873621 ns, Total: 1986820 ns
[2021-05-03T04:07:42.755+0000][7][safepoint   ] Safepoint "Cleanup", Time since last: 4001264564 ns, Reaching safepoint: 104187 ns, At safepoint: 5855 ns, Total: 110042 ns
[2021-05-03T04:08:13.764+0000][7][safepoint   ] Safepoint "Cleanup", Time since last: 31008540923 ns, Reaching safepoint: 96868 ns, At safepoint: 5721 ns, Total: 102589 ns
[2021-05-03T04:08:17.765+0000][7][safepoint   ] Safepoint "Cleanup", Time since last: 4000696044 ns, Reaching safepoint: 96053 ns, At safepoint: 11128 ns, Total: 107181 ns
[2021-05-03T04:08:39.772+0000][7][safepoint   ] Safepoint "Cleanup", Time since last: 22007566430 ns, Reaching safepoint: 82370 ns, At safepoint: 5294 ns, Total: 87664 ns
[2021-05-03T04:09:42.788+0000][7][safepoint   ] Safepoint "Cleanup", Time since last: 63015993225 ns, Reaching safepoint: 161109 ns, At safepoint: 6384 ns, Total: 167493 ns
[2021-05-03T04:09:46.850+0000][7][gc,start    ] GC(114) Pause Young (Concurrent Start) (G1 Evacuation Pause)
[2021-05-03T04:09:46.850+0000][7][gc,task     ] GC(114) Using 6 workers of 8 for evacuation
[2021-05-03T04:09:46.850+0000][7][gc,age      ] GC(114) Desired survivor size 6291456 bytes, new threshold 15 (max threshold 15)
[2021-05-03T04:09:46.851+0000][7][gc,age      ] GC(114) Age table with threshold 15 (max threshold 15)
[2021-05-03T04:09:46.851+0000][7][gc,age      ] GC(114) - age   1:     466296 bytes,     466296 total
[2021-05-03T04:09:46.851+0000][7][gc,age      ] GC(114) - age   2:     171064 bytes,     637360 total
[2021-05-03T04:09:46.851+0000][7][gc,age      ] GC(114) - age   3:      92712 bytes,     730072 total
[2021-05-03T04:09:46.851+0000][7][gc,age      ] GC(114) - age   4:       2504 bytes,     732576 total
[2021-05-03T04:09:46.851+0000][7][gc,age      ] GC(114) - age   5:       1800 bytes,     734376 total
[2021-05-03T04:09:46.851+0000][7][gc,age      ] GC(114) - age   6:       1232 bytes,     735608 total
[2021-05-03T04:09:46.851+0000][7][gc,age      ] GC(114) - age   7:      23128 bytes,     758736 total
[2021-05-03T04:09:46.851+0000][7][gc,age      ] GC(114) - age   8:        800 bytes,     759536 total
[2021-05-03T04:09:46.851+0000][7][gc,age      ] GC(114) - age   9:        936 bytes,     760472 total
[2021-05-03T04:09:46.851+0000][7][gc,age      ] GC(114) - age  10:       2312 bytes,     762784 total
[2021-05-03T04:09:46.851+0000][7][gc,age      ] GC(114) - age  11:       3720 bytes,     766504 total
[2021-05-03T04:09:46.851+0000][7][gc,age      ] GC(114) - age  12:       4368 bytes,     770872 total
[2021-05-03T04:09:46.851+0000][7][gc,age      ] GC(114) - age  13:        744 bytes,     771616 total
[2021-05-03T04:09:46.851+0000][7][gc,age      ] GC(114) - age  14:       4808 bytes,     776424 total
[2021-05-03T04:09:46.851+0000][7][gc,age      ] GC(114) - age  15:       4344 bytes,     780768 total
[2021-05-03T04:09:46.851+0000][7][gc,phases   ] GC(114)   Pre Evacuate Collection Set: 0.1ms
[2021-05-03T04:09:46.851+0000][7][gc,phases   ] GC(114)   Merge Heap Roots: 0.0ms
[2021-05-03T04:09:46.851+0000][7][gc,phases   ] GC(114)   Evacuate Collection Set: 0.8ms
[2021-05-03T04:09:46.851+0000][7][gc,phases   ] GC(114)   Post Evacuate Collection Set: 0.4ms
[2021-05-03T04:09:46.851+0000][7][gc,phases   ] GC(114)   Other: 0.2ms
[2021-05-03T04:09:46.851+0000][7][gc,heap     ] GC(114) Eden regions: 22->0(22)
[2021-05-03T04:09:46.851+0000][7][gc,heap     ] GC(114) Survivor regions: 1->1(3)
[2021-05-03T04:09:46.851+0000][7][gc,heap     ] GC(114) Old regions: 26->26
[2021-05-03T04:09:46.851+0000][7][gc,heap     ] GC(114) Archive regions: 2->2
[2021-05-03T04:09:46.851+0000][7][gc,heap     ] GC(114) Humongous regions: 2->2
[2021-05-03T04:09:46.851+0000][7][gc,metaspace] GC(114) Metaspace: 107773K(112592K)->107773K(112592K) NonClass: 93892K(97436K)->93892K(97436K) Class: 13880K(15156K)->13880K(15156K)
[2021-05-03T04:09:46.851+0000][7][gc          ] GC(114) Pause Young (Concurrent Start) (G1 Evacuation Pause) 203M->115M(256M) 1.662ms
[2021-05-03T04:09:46.851+0000][7][gc,cpu      ] GC(114) User=0.01s Sys=0.00s Real=0.00s
[2021-05-03T04:09:46.852+0000][7][safepoint   ] Safepoint "G1CollectForAllocation", Time since last: 4061155894 ns, Reaching safepoint: 196880 ns, At safepoint: 1729504 ns, Total: 1926384 ns
[2021-05-03T04:09:46.852+0000][7][gc          ] GC(115) Concurrent Cycle
[2021-05-03T04:09:46.852+0000][7][gc,marking  ] GC(115) Concurrent Clear Claimed Marks
[2021-05-03T04:09:46.852+0000][7][gc,marking  ] GC(115) Concurrent Clear Claimed Marks 0.062ms
[2021-05-03T04:09:46.852+0000][7][gc,marking  ] GC(115) Concurrent Scan Root Regions
[2021-05-03T04:09:46.853+0000][7][gc,marking  ] GC(115) Concurrent Scan Root Regions 0.959ms
[2021-05-03T04:09:46.853+0000][7][gc,marking  ] GC(115) Concurrent Mark (6928.780s)
[2021-05-03T04:09:46.853+0000][7][gc,marking  ] GC(115) Concurrent Mark From Roots
[2021-05-03T04:09:46.853+0000][7][gc,task     ] GC(115) Using 2 workers of 2 for marking
[2021-05-03T04:09:46.948+0000][7][gc,marking  ] GC(115) Concurrent Mark From Roots 95.688ms
[2021-05-03T04:09:46.948+0000][7][gc,marking  ] GC(115) Concurrent Preclean
[2021-05-03T04:09:46.949+0000][7][gc,marking  ] GC(115) Concurrent Preclean 0.227ms
[2021-05-03T04:09:46.949+0000][7][gc,marking  ] GC(115) Concurrent Mark (6928.780s, 6928.876s) 95.971ms
[2021-05-03T04:09:46.949+0000][7][gc,start    ] GC(115) Pause Remark
[2021-05-03T04:09:46.955+0000][7][gc          ] GC(115) Pause Remark 118M->118M(256M) 6.675ms
[2021-05-03T04:09:46.956+0000][7][gc,cpu      ] GC(115) User=0.03s Sys=0.00s Real=0.01s
[2021-05-03T04:09:46.956+0000][7][safepoint   ] Safepoint "G1Concurrent", Time since last: 97139629 ns, Reaching safepoint: 119164 ns, At safepoint: 6752854 ns, Total: 6872018 ns
[2021-05-03T04:09:46.956+0000][7][gc,marking  ] GC(115) Concurrent Rebuild Remembered Sets
[2021-05-03T04:09:47.013+0000][7][gc,marking  ] GC(115) Concurrent Rebuild Remembered Sets 57.888ms
[2021-05-03T04:09:47.014+0000][7][gc,start    ] GC(115) Pause Cleanup
[2021-05-03T04:09:47.014+0000][7][gc          ] GC(115) Pause Cleanup 118M->118M(256M) 0.068ms
[2021-05-03T04:09:47.014+0000][7][gc,cpu      ] GC(115) User=0.00s Sys=0.00s Real=0.00s
[2021-05-03T04:09:47.014+0000][7][safepoint   ] Safepoint "G1Concurrent", Time since last: 57972802 ns, Reaching safepoint: 106406 ns, At safepoint: 107929 ns, Total: 214335 ns
[2021-05-03T04:09:47.014+0000][7][gc,marking  ] GC(115) Concurrent Cleanup for Next Mark
[2021-05-03T04:09:47.014+0000][7][gc,marking  ] GC(115) Concurrent Cleanup for Next Mark 0.174ms
[2021-05-03T04:09:47.014+0000][7][gc          ] GC(115) Concurrent Cycle 162.382ms
[2021-05-03T04:10:17.023+0000][7][safepoint   ] Safepoint "Cleanup", Time since last: 30009279967 ns, Reaching safepoint: 108168 ns, At safepoint: 4659 ns, Total: 112827 ns
[2021-05-03T04:10:37.030+0000][7][safepoint   ] Safepoint "Cleanup", Time since last: 20007195101 ns, Reaching safepoint: 106284 ns, At safepoint: 5418 ns, Total: 111702 ns
[2021-05-03T04:10:40.032+0000][7][safepoint   ] Safepoint "Cleanup", Time since last: 3001155044 ns, Reaching safepoint: 105674 ns, At safepoint: 5097 ns, Total: 110771 ns
[2021-05-03T04:10:42.032+0000][7][safepoint   ] Safepoint "Cleanup", Time since last: 2000531969 ns, Reaching safepoint: 101384 ns, At safepoint: 5293 ns, Total: 106677 ns
[2021-05-03T04:11:47.050+0000][7][safepoint   ] Safepoint "Cleanup", Time since last: 65017119658 ns, Reaching safepoint: 106311 ns, At safepoint: 5192 ns, Total: 111503 ns
[2021-05-03T04:12:08.763+0000][7][gc,start    ] GC(116) Pause Young (Normal) (G1 Evacuation Pause)
[2021-05-03T04:12:08.763+0000][7][gc,task     ] GC(116) Using 6 workers of 8 for evacuation
[2021-05-03T04:12:08.763+0000][7][gc,age      ] GC(116) Desired survivor size 6291456 bytes, new threshold 15 (max threshold 15)
[2021-05-03T04:12:08.765+0000][7][gc,age      ] GC(116) Age table with threshold 15 (max threshold 15)
[2021-05-03T04:12:08.765+0000][7][gc,age      ] GC(116) - age   1:     514104 bytes,     514104 total
[2021-05-03T04:12:08.765+0000][7][gc,age      ] GC(116) - age   2:        640 bytes,     514744 total
[2021-05-03T04:12:08.765+0000][7][gc,age      ] GC(116) - age   3:     160208 bytes,     674952 total
[2021-05-03T04:12:08.765+0000][7][gc,age      ] GC(116) - age   4:      12824 bytes,     687776 total
[2021-05-03T04:12:08.765+0000][7][gc,age      ] GC(116) - age   5:       2504 bytes,     690280 total
[2021-05-03T04:12:08.765+0000][7][gc,age      ] GC(116) - age   6:       1800 bytes,     692080 total
[2021-05-03T04:12:08.765+0000][7][gc,age      ] GC(116) - age   7:       1208 bytes,     693288 total
[2021-05-03T04:12:08.765+0000][7][gc,age      ] GC(116) - age   8:      23128 bytes,     716416 total
[2021-05-03T04:12:08.765+0000][7][gc,age      ] GC(116) - age   9:        800 bytes,     717216 total
[2021-05-03T04:12:08.765+0000][7][gc,age      ] GC(116) - age  10:        936 bytes,     718152 total
[2021-05-03T04:12:08.765+0000][7][gc,age      ] GC(116) - age  11:       2312 bytes,     720464 total
[2021-05-03T04:12:08.765+0000][7][gc,age      ] GC(116) - age  12:       3720 bytes,     724184 total
[2021-05-03T04:12:08.765+0000][7][gc,age      ] GC(116) - age  13:       4368 bytes,     728552 total
[2021-05-03T04:12:08.765+0000][7][gc,age      ] GC(116) - age  14:        744 bytes,     729296 total
[2021-05-03T04:12:08.765+0000][7][gc,age      ] GC(116) - age  15:       4808 bytes,     734104 total
[2021-05-03T04:12:08.765+0000][7][gc,phases   ] GC(116)   Pre Evacuate Collection Set: 0.1ms
[2021-05-03T04:12:08.765+0000][7][gc,phases   ] GC(116)   Merge Heap Roots: 0.1ms
[2021-05-03T04:12:08.765+0000][7][gc,phases   ] GC(116)   Evacuate Collection Set: 1.0ms
[2021-05-03T04:12:08.765+0000][7][gc,phases   ] GC(116)   Post Evacuate Collection Set: 0.7ms
[2021-05-03T04:12:08.765+0000][7][gc,phases   ] GC(116)   Other: 0.2ms
[2021-05-03T04:12:08.765+0000][7][gc,heap     ] GC(116) Eden regions: 22->0(22)
[2021-05-03T04:12:08.765+0000][7][gc,heap     ] GC(116) Survivor regions: 1->1(3)
[2021-05-03T04:12:08.765+0000][7][gc,heap     ] GC(116) Old regions: 26->26
[2021-05-03T04:12:08.765+0000][7][gc,heap     ] GC(116) Archive regions: 2->2
[2021-05-03T04:12:08.765+0000][7][gc,heap     ] GC(116) Humongous regions: 2->2
[2021-05-03T04:12:08.765+0000][7][gc,metaspace] GC(116) Metaspace: 107775K(112592K)->107775K(112592K) NonClass: 93894K(97436K)->93894K(97436K) Class: 13880K(15156K)->13880K(15156K)
[2021-05-03T04:12:08.765+0000][7][gc          ] GC(116) Pause Young (Normal) (G1 Evacuation Pause) 203M->115M(256M) 2.117ms
[2021-05-03T04:12:08.765+0000][7][gc,cpu      ] GC(116) User=0.01s Sys=0.00s Real=0.00s
[2021-05-03T04:12:08.765+0000][7][safepoint   ] Safepoint "G1CollectForAllocation", Time since last: 21713480328 ns, Reaching safepoint: 133008 ns, At safepoint: 2180236 ns, Total: 2313244 ns
[2021-05-03T04:13:38.792+0000][7][safepoint   ] Safepoint "Cleanup", Time since last: 90026946649 ns, Reaching safepoint: 107474 ns, At safepoint: 5506 ns, Total: 112980 ns
[2021-05-03T04:14:14.798+0000][7][safepoint   ] Safepoint "Cleanup", Time since last: 36004914778 ns, Reaching safepoint: 173171 ns, At safepoint: 6793 ns, Total: 179964 ns
[2021-05-03T04:14:17.798+0000][7][safepoint   ] Safepoint "Cleanup", Time since last: 3000614511 ns, Reaching safepoint: 210715 ns, At safepoint: 5056 ns, Total: 215771 ns
[2021-05-03T04:14:28.923+0000][7][gc,start    ] GC(117) Pause Young (Concurrent Start) (G1 Evacuation Pause)
[2021-05-03T04:14:28.923+0000][7][gc,task     ] GC(117) Using 6 workers of 8 for evacuation
[2021-05-03T04:14:28.923+0000][7][gc,age      ] GC(117) Desired survivor size 6291456 bytes, new threshold 15 (max threshold 15)
[2021-05-03T04:14:28.925+0000][7][gc,age      ] GC(117) Age table with threshold 15 (max threshold 15)
[2021-05-03T04:14:28.925+0000][7][gc,age      ] GC(117) - age   1:     508056 bytes,     508056 total
[2021-05-03T04:14:28.925+0000][7][gc,age      ] GC(117) - age   2:        368 bytes,     508424 total
[2021-05-03T04:14:28.925+0000][7][gc,age      ] GC(117) - age   3:        616 bytes,     509040 total
[2021-05-03T04:14:28.925+0000][7][gc,age      ] GC(117) - age   4:     160088 bytes,     669128 total
[2021-05-03T04:14:28.925+0000][7][gc,age      ] GC(117) - age   5:      12344 bytes,     681472 total
[2021-05-03T04:14:28.925+0000][7][gc,age      ] GC(117) - age   6:       2504 bytes,     683976 total
[2021-05-03T04:14:28.925+0000][7][gc,age      ] GC(117) - age   7:       1800 bytes,     685776 total
[2021-05-03T04:14:28.925+0000][7][gc,age      ] GC(117) - age   8:       1208 bytes,     686984 total
[2021-05-03T04:14:28.925+0000][7][gc,age      ] GC(117) - age   9:      23128 bytes,     710112 total
[2021-05-03T04:14:28.925+0000][7][gc,age      ] GC(117) - age  10:        800 bytes,     710912 total
[2021-05-03T04:14:28.925+0000][7][gc,age      ] GC(117) - age  11:        936 bytes,     711848 total
[2021-05-03T04:14:28.925+0000][7][gc,age      ] GC(117) - age  12:       2312 bytes,     714160 total
[2021-05-03T04:14:28.925+0000][7][gc,age      ] GC(117) - age  13:       3720 bytes,     717880 total
[2021-05-03T04:14:28.925+0000][7][gc,age      ] GC(117) - age  14:       4368 bytes,     722248 total
[2021-05-03T04:14:28.925+0000][7][gc,age      ] GC(117) - age  15:        744 bytes,     722992 total
[2021-05-03T04:14:28.925+0000][7][gc,phases   ] GC(117)   Pre Evacuate Collection Set: 0.1ms
[2021-05-03T04:14:28.925+0000][7][gc,phases   ] GC(117)   Merge Heap Roots: 0.0ms
[2021-05-03T04:14:28.925+0000][7][gc,phases   ] GC(117)   Evacuate Collection Set: 1.1ms
[2021-05-03T04:14:28.925+0000][7][gc,phases   ] GC(117)   Post Evacuate Collection Set: 0.6ms
[2021-05-03T04:14:28.925+0000][7][gc,phases   ] GC(117)   Other: 0.2ms
[2021-05-03T04:14:28.925+0000][7][gc,heap     ] GC(117) Eden regions: 22->0(22)
[2021-05-03T04:14:28.925+0000][7][gc,heap     ] GC(117) Survivor regions: 1->1(3)
[2021-05-03T04:14:28.925+0000][7][gc,heap     ] GC(117) Old regions: 26->26
[2021-05-03T04:14:28.925+0000][7][gc,heap     ] GC(117) Archive regions: 2->2
[2021-05-03T04:14:28.925+0000][7][gc,heap     ] GC(117) Humongous regions: 2->2
[2021-05-03T04:14:28.925+0000][7][gc,metaspace] GC(117) Metaspace: 107775K(112592K)->107775K(112592K) NonClass: 93894K(97436K)->93894K(97436K) Class: 13880K(15156K)->13880K(15156K)
[2021-05-03T04:14:28.925+0000][7][gc          ] GC(117) Pause Young (Concurrent Start) (G1 Evacuation Pause) 203M->115M(256M) 2.154ms
[2021-05-03T04:14:28.925+0000][7][gc,cpu      ] GC(117) User=0.01s Sys=0.00s Real=0.00s
[2021-05-03T04:14:28.925+0000][7][safepoint   ] Safepoint "G1CollectForAllocation", Time since last: 11124605213 ns, Reaching safepoint: 105251 ns, At safepoint: 2225435 ns, Total: 2330686 ns
[2021-05-03T04:14:28.925+0000][7][gc          ] GC(118) Concurrent Cycle
[2021-05-03T04:14:28.925+0000][7][gc,marking  ] GC(118) Concurrent Clear Claimed Marks
[2021-05-03T04:14:28.925+0000][7][gc,marking  ] GC(118) Concurrent Clear Claimed Marks 0.092ms
[2021-05-03T04:14:28.925+0000][7][gc,marking  ] GC(118) Concurrent Scan Root Regions
[2021-05-03T04:14:28.927+0000][7][gc,marking  ] GC(118) Concurrent Scan Root Regions 1.365ms
[2021-05-03T04:14:28.927+0000][7][gc,marking  ] GC(118) Concurrent Mark (7210.854s)
[2021-05-03T04:14:28.927+0000][7][gc,marking  ] GC(118) Concurrent Mark From Roots
[2021-05-03T04:14:28.927+0000][7][gc,task     ] GC(118) Using 2 workers of 2 for marking
[2021-05-03T04:14:29.013+0000][7][gc,marking  ] GC(118) Concurrent Mark From Roots 86.149ms
[2021-05-03T04:14:29.013+0000][7][gc,marking  ] GC(118) Concurrent Preclean
[2021-05-03T04:14:29.013+0000][7][gc,marking  ] GC(118) Concurrent Preclean 0.209ms
[2021-05-03T04:14:29.013+0000][7][gc,marking  ] GC(118) Concurrent Mark (7210.854s, 7210.941s) 86.407ms
[2021-05-03T04:14:29.013+0000][7][gc,start    ] GC(118) Pause Remark
[2021-05-03T04:14:29.023+0000][7][gc          ] GC(118) Pause Remark 116M->116M(256M) 9.532ms
[2021-05-03T04:14:29.023+0000][7][gc,cpu      ] GC(118) User=0.06s Sys=0.00s Real=0.01s
[2021-05-03T04:14:29.023+0000][7][safepoint   ] Safepoint "G1Concurrent", Time since last: 88006855 ns, Reaching safepoint: 112476 ns, At safepoint: 9607736 ns, Total: 9720212 ns
[2021-05-03T04:14:29.023+0000][7][gc,marking  ] GC(118) Concurrent Rebuild Remembered Sets
[2021-05-03T04:14:29.076+0000][7][gc,marking  ] GC(118) Concurrent Rebuild Remembered Sets 52.692ms
[2021-05-03T04:14:29.076+0000][7][gc,start    ] GC(118) Pause Cleanup
[2021-05-03T04:14:29.076+0000][7][gc          ] GC(118) Pause Cleanup 116M->116M(256M) 0.070ms
[2021-05-03T04:14:29.076+0000][7][gc,cpu      ] GC(118) User=0.00s Sys=0.00s Real=0.00s
[2021-05-03T04:14:29.076+0000][7][safepoint   ] Safepoint "G1Concurrent", Time since last: 52802102 ns, Reaching safepoint: 100709 ns, At safepoint: 109240 ns, Total: 209949 ns
[2021-05-03T04:14:29.076+0000][7][gc,marking  ] GC(118) Concurrent Cleanup for Next Mark
[2021-05-03T04:14:29.076+0000][7][gc,marking  ] GC(118) Concurrent Cleanup for Next Mark 0.215ms
[2021-05-03T04:14:29.076+0000][7][gc          ] GC(118) Concurrent Cycle 150.955ms
[2021-05-03T04:14:30.076+0000][7][safepoint   ] Safepoint "Cleanup", Time since last: 1000135799 ns, Reaching safepoint: 134824 ns, At safepoint: 5676 ns, Total: 140500 ns
[2021-05-03T04:14:31.077+0000][7][safepoint   ] Safepoint "Cleanup", Time since last: 1000312086 ns, Reaching safepoint: 160290 ns, At safepoint: 7809 ns, Total: 168099 ns
[2021-05-03T04:14:33.077+0000][7][safepoint   ] Safepoint "Cleanup", Time since last: 2000612882 ns, Reaching safepoint: 88948 ns, At safepoint: 7372 ns, Total: 96320 ns
[2021-05-03T04:14:34.078+0000][7][safepoint   ] Safepoint "Cleanup", Time since last: 1000353739 ns, Reaching safepoint: 101296 ns, At safepoint: 4273 ns, Total: 105569 ns
[2021-05-03T04:14:35.078+0000][7][safepoint   ] Safepoint "Cleanup", Time since last: 1000209029 ns, Reaching safepoint: 162582 ns, At safepoint: 6935 ns, Total: 169517 ns
[2021-05-03T04:14:36.079+0000][7][safepoint   ] Safepoint "Cleanup", Time since last: 1000363712 ns, Reaching safepoint: 98015 ns, At safepoint: 8168 ns, Total: 106183 ns
[2021-05-03T04:14:38.080+0000][7][safepoint   ] Safepoint "Cleanup", Time since last: 2000694112 ns, Reaching safepoint: 113718 ns, At safepoint: 5843 ns, Total: 119561 ns
[2021-05-03T04:14:39.080+0000][7][safepoint   ] Safepoint "Cleanup", Time since last: 1000290294 ns, Reaching safepoint: 184158 ns, At safepoint: 7282 ns, Total: 191440 ns
[2021-05-03T04:14:40.080+0000][7][safepoint   ] Safepoint "Cleanup", Time since last: 1000092734 ns, Reaching safepoint: 96437 ns, At safepoint: 5420 ns, Total: 101857 ns
[2021-05-03T04:14:42.081+0000][7][safepoint   ] Safepoint "Cleanup", Time since last: 2000331248 ns, Reaching safepoint: 171436 ns, At safepoint: 6467 ns, Total: 177903 ns
[2021-05-03T04:14:43.081+0000][7][safepoint   ] Safepoint "Cleanup", Time since last: 1000308076 ns, Reaching safepoint: 123511 ns, At safepoint: 5747 ns, Total: 129258 ns
[2021-05-03T04:14:47.083+0000][7][safepoint   ] Safepoint "Cleanup", Time since last: 4001098726 ns, Reaching safepoint: 207528 ns, At safepoint: 6882 ns, Total: 214410 ns
[2021-05-03T04:15:09.089+0000][7][safepoint   ] Safepoint "Cleanup", Time since last: 22006469146 ns, Reaching safepoint: 166228 ns, At safepoint: 6967 ns, Total: 173195 ns
[2021-05-03T04:15:10.090+0000][7][safepoint   ] Safepoint "Cleanup", Time since last: 1000411536 ns, Reaching safepoint: 108960 ns, At safepoint: 5638 ns, Total: 114598 ns
[2021-05-03T04:15:17.092+0000][7][safepoint   ] Safepoint "Cleanup", Time since last: 7002454826 ns, Reaching safepoint: 103235 ns, At safepoint: 4310 ns, Total: 107545 ns
[2021-05-03T04:15:41.025+0000][7][safepoint   ] Safepoint "ICBufferFull", Time since last: 23932114270 ns, Reaching safepoint: 210631 ns, At safepoint: 7590 ns, Total: 218221 ns
[2021-05-03T04:15:42.025+0000][7][safepoint   ] Safepoint "Cleanup", Time since last: 1000376304 ns, Reaching safepoint: 181050 ns, At safepoint: 6123 ns, Total: 187173 ns
[2021-05-03T04:15:43.026+0000][7][safepoint   ] Safepoint "Cleanup", Time since last: 1000283319 ns, Reaching safepoint: 83574 ns, At safepoint: 6313 ns, Total: 89887 ns
[2021-05-03T04:16:05.646+0000][7][gc,start    ] GC(119) Pause Young (Normal) (G1 Evacuation Pause)
[2021-05-03T04:16:05.646+0000][7][gc,task     ] GC(119) Using 6 workers of 8 for evacuation
[2021-05-03T04:16:05.646+0000][7][gc,age      ] GC(119) Desired survivor size 6291456 bytes, new threshold 15 (max threshold 15)
[2021-05-03T04:16:05.648+0000][7][gc,age      ] GC(119) Age table with threshold 15 (max threshold 15)
[2021-05-03T04:16:05.648+0000][7][gc,age      ] GC(119) - age   1:    1197664 bytes,    1197664 total
[2021-05-03T04:16:05.648+0000][7][gc,age      ] GC(119) - age   2:        632 bytes,    1198296 total
[2021-05-03T04:16:05.648+0000][7][gc,age      ] GC(119) - age   3:        368 bytes,    1198664 total
[2021-05-03T04:16:05.648+0000][7][gc,age      ] GC(119) - age   4:        560 bytes,    1199224 total
[2021-05-03T04:16:05.648+0000][7][gc,age      ] GC(119) - age   5:      20096 bytes,    1219320 total
[2021-05-03T04:16:05.648+0000][7][gc,age      ] GC(119) - age   6:        848 bytes,    1220168 total
[2021-05-03T04:16:05.648+0000][7][gc,age      ] GC(119) - age   7:       2264 bytes,    1222432 total
[2021-05-03T04:16:05.648+0000][7][gc,age      ] GC(119) - age   8:       1496 bytes,    1223928 total
[2021-05-03T04:16:05.648+0000][7][gc,age      ] GC(119) - age   9:       1208 bytes,    1225136 total
[2021-05-03T04:16:05.648+0000][7][gc,age      ] GC(119) - age  10:      18440 bytes,    1243576 total
[2021-05-03T04:16:05.648+0000][7][gc,age      ] GC(119) - age  11:        800 bytes,    1244376 total
[2021-05-03T04:16:05.648+0000][7][gc,age      ] GC(119) - age  12:        936 bytes,    1245312 total
[2021-05-03T04:16:05.648+0000][7][gc,age      ] GC(119) - age  13:       2312 bytes,    1247624 total
[2021-05-03T04:16:05.648+0000][7][gc,age      ] GC(119) - age  14:       3720 bytes,    1251344 total
[2021-05-03T04:16:05.648+0000][7][gc,age      ] GC(119) - age  15:       4336 bytes,    1255680 total
[2021-05-03T04:16:05.648+0000][7][gc,phases   ] GC(119)   Pre Evacuate Collection Set: 0.1ms
[2021-05-03T04:16:05.648+0000][7][gc,phases   ] GC(119)   Merge Heap Roots: 0.1ms
[2021-05-03T04:16:05.648+0000][7][gc,phases   ] GC(119)   Evacuate Collection Set: 1.0ms
[2021-05-03T04:16:05.648+0000][7][gc,phases   ] GC(119)   Post Evacuate Collection Set: 0.5ms
[2021-05-03T04:16:05.648+0000][7][gc,phases   ] GC(119)   Other: 0.2ms
[2021-05-03T04:16:05.648+0000][7][gc,heap     ] GC(119) Eden regions: 22->0(22)
[2021-05-03T04:16:05.648+0000][7][gc,heap     ] GC(119) Survivor regions: 1->1(3)
[2021-05-03T04:16:05.648+0000][7][gc,heap     ] GC(119) Old regions: 26->26
[2021-05-03T04:16:05.648+0000][7][gc,heap     ] GC(119) Archive regions: 2->2
[2021-05-03T04:16:05.648+0000][7][gc,heap     ] GC(119) Humongous regions: 2->2
[2021-05-03T04:16:05.648+0000][7][gc,metaspace] GC(119) Metaspace: 107792K(112592K)->107792K(112592K) NonClass: 93914K(97436K)->93914K(97436K) Class: 13878K(15156K)->13878K(15156K)
[2021-05-03T04:16:05.648+0000][7][gc          ] GC(119) Pause Young (Normal) (G1 Evacuation Pause) 203M->115M(256M) 1.905ms
[2021-05-03T04:16:05.648+0000][7][gc,cpu      ] GC(119) User=0.01s Sys=0.00s Real=0.00s
[2021-05-03T04:16:05.648+0000][7][safepoint   ] Safepoint "G1CollectForAllocation", Time since last: 22620380649 ns, Reaching safepoint: 173479 ns, At safepoint: 1962852 ns, Total: 2136331 ns
[2021-05-03T04:16:19.652+0000][7][safepoint   ] Safepoint "Cleanup", Time since last: 14003860649 ns, Reaching safepoint: 100167 ns, At safepoint: 5022 ns, Total: 105189 ns
[2021-05-03T04:16:36.657+0000][7][safepoint   ] Safepoint "Cleanup", Time since last: 17004601983 ns, Reaching safepoint: 98853 ns, At safepoint: 6130 ns, Total: 104983 ns
[2021-05-03T04:17:05.664+0000][7][safepoint   ] Safepoint "Cleanup", Time since last: 29007613795 ns, Reaching safepoint: 151113 ns, At safepoint: 7041 ns, Total: 158154 ns
[2021-05-03T04:17:10.666+0000][7][safepoint   ] Safepoint "Cleanup", Time since last: 5001620497 ns, Reaching safepoint: 104081 ns, At safepoint: 5674 ns, Total: 109755 ns
[2021-05-03T04:17:39.676+0000][7][safepoint   ] Safepoint "Cleanup", Time since last: 29009379064 ns, Reaching safepoint: 90929 ns, At safepoint: 5361 ns, Total: 96290 ns
[2021-05-03T04:17:42.677+0000][7][safepoint   ] Safepoint "Cleanup", Time since last: 3000815787 ns, Reaching safepoint: 79912 ns, At safepoint: 6209 ns, Total: 86121 ns
[2021-05-03T04:17:43.677+0000][7][safepoint   ] Safepoint "Cleanup", Time since last: 1000241334 ns, Reaching safepoint: 122307 ns, At safepoint: 5178 ns, Total: 127485 ns
[2021-05-03T04:18:05.681+0000][7][safepoint   ] Safepoint "Cleanup", Time since last: 22003848660 ns, Reaching safepoint: 98233 ns, At safepoint: 5924 ns, Total: 104157 ns
[2021-05-03T04:18:24.019+0000][7][gc,start    ] GC(120) Pause Young (Concurrent Start) (G1 Evacuation Pause)
[2021-05-03T04:18:24.019+0000][7][gc,task     ] GC(120) Using 6 workers of 8 for evacuation
[2021-05-03T04:18:24.019+0000][7][gc,age      ] GC(120) Desired survivor size 6291456 bytes, new threshold 15 (max threshold 15)
[2021-05-03T04:18:24.021+0000][7][gc,age      ] GC(120) Age table with threshold 15 (max threshold 15)
[2021-05-03T04:18:24.021+0000][7][gc,age      ] GC(120) - age   1:     513536 bytes,     513536 total
[2021-05-03T04:18:24.021+0000][7][gc,age      ] GC(120) - age   2:     678472 bytes,    1192008 total
[2021-05-03T04:18:24.021+0000][7][gc,age      ] GC(120) - age   3:        488 bytes,    1192496 total
[2021-05-03T04:18:24.021+0000][7][gc,age      ] GC(120) - age   4:        168 bytes,    1192664 total
[2021-05-03T04:18:24.021+0000][7][gc,age      ] GC(120) - age   5:        536 bytes,    1193200 total
[2021-05-03T04:18:24.021+0000][7][gc,age      ] GC(120) - age   6:      20056 bytes,    1213256 total
[2021-05-03T04:18:24.021+0000][7][gc,age      ] GC(120) - age   7:        848 bytes,    1214104 total
[2021-05-03T04:18:24.021+0000][7][gc,age      ] GC(120) - age   8:       2264 bytes,    1216368 total
[2021-05-03T04:18:24.021+0000][7][gc,age      ] GC(120) - age   9:       1456 bytes,    1217824 total
[2021-05-03T04:18:24.021+0000][7][gc,age      ] GC(120) - age  10:       1208 bytes,    1219032 total
[2021-05-03T04:18:24.021+0000][7][gc,age      ] GC(120) - age  11:      18440 bytes,    1237472 total
[2021-05-03T04:18:24.021+0000][7][gc,age      ] GC(120) - age  12:        800 bytes,    1238272 total
[2021-05-03T04:18:24.021+0000][7][gc,age      ] GC(120) - age  13:        936 bytes,    1239208 total
[2021-05-03T04:18:24.021+0000][7][gc,age      ] GC(120) - age  14:       2312 bytes,    1241520 total
[2021-05-03T04:18:24.021+0000][7][gc,age      ] GC(120) - age  15:       3720 bytes,    1245240 total
[2021-05-03T04:18:24.021+0000][7][gc,phases   ] GC(120)   Pre Evacuate Collection Set: 0.2ms
[2021-05-03T04:18:24.021+0000][7][gc,phases   ] GC(120)   Merge Heap Roots: 0.1ms
[2021-05-03T04:18:24.021+0000][7][gc,phases   ] GC(120)   Evacuate Collection Set: 1.0ms
[2021-05-03T04:18:24.021+0000][7][gc,phases   ] GC(120)   Post Evacuate Collection Set: 0.4ms
[2021-05-03T04:18:24.021+0000][7][gc,phases   ] GC(120)   Other: 0.2ms
[2021-05-03T04:18:24.021+0000][7][gc,heap     ] GC(120) Eden regions: 22->0(22)
[2021-05-03T04:18:24.021+0000][7][gc,heap     ] GC(120) Survivor regions: 1->1(3)
[2021-05-03T04:18:24.021+0000][7][gc,heap     ] GC(120) Old regions: 26->26
[2021-05-03T04:18:24.021+0000][7][gc,heap     ] GC(120) Archive regions: 2->2
[2021-05-03T04:18:24.021+0000][7][gc,heap     ] GC(120) Humongous regions: 2->2
[2021-05-03T04:18:24.021+0000][7][gc,metaspace] GC(120) Metaspace: 107820K(112592K)->107820K(112592K) NonClass: 93939K(97436K)->93939K(97436K) Class: 13880K(15156K)->13880K(15156K)
[2021-05-03T04:18:24.021+0000][7][gc          ] GC(120) Pause Young (Concurrent Start) (G1 Evacuation Pause) 203M->115M(256M) 1.989ms
[2021-05-03T04:18:24.021+0000][7][gc,cpu      ] GC(120) User=0.01s Sys=0.00s Real=0.01s
[2021-05-03T04:18:24.021+0000][7][gc          ] GC(121) Concurrent Cycle
[2021-05-03T04:18:24.021+0000][7][safepoint   ] Safepoint "G1CollectForAllocation", Time since last: 18337748154 ns, Reaching safepoint: 165461 ns, At safepoint: 2052532 ns, Total: 2217993 ns
[2021-05-03T04:18:24.021+0000][7][gc,marking  ] GC(121) Concurrent Clear Claimed Marks
[2021-05-03T04:18:24.021+0000][7][gc,marking  ] GC(121) Concurrent Clear Claimed Marks 0.045ms
[2021-05-03T04:18:24.021+0000][7][gc,marking  ] GC(121) Concurrent Scan Root Regions
[2021-05-03T04:18:24.022+0000][7][gc,marking  ] GC(121) Concurrent Scan Root Regions 0.940ms
[2021-05-03T04:18:24.022+0000][7][gc,marking  ] GC(121) Concurrent Mark (7445.950s)
[2021-05-03T04:18:24.022+0000][7][gc,marking  ] GC(121) Concurrent Mark From Roots
[2021-05-03T04:18:24.022+0000][7][gc,task     ] GC(121) Using 2 workers of 2 for marking
[2021-05-03T04:18:24.101+0000][7][gc,marking  ] GC(121) Concurrent Mark From Roots 79.019ms
[2021-05-03T04:18:24.101+0000][7][gc,marking  ] GC(121) Concurrent Preclean
[2021-05-03T04:18:24.101+0000][7][gc,marking  ] GC(121) Concurrent Preclean 0.216ms
[2021-05-03T04:18:24.101+0000][7][gc,marking  ] GC(121) Concurrent Mark (7445.950s, 7446.029s) 79.295ms
[2021-05-03T04:18:24.101+0000][7][gc,start    ] GC(121) Pause Remark
[2021-05-03T04:18:24.107+0000][7][gc          ] GC(121) Pause Remark 116M->116M(256M) 5.237ms
[2021-05-03T04:18:24.107+0000][7][gc,cpu      ] GC(121) User=0.03s Sys=0.00s Real=0.00s
[2021-05-03T04:18:24.107+0000][7][safepoint   ] Safepoint "G1Concurrent", Time since last: 80337570 ns, Reaching safepoint: 105960 ns, At safepoint: 5313760 ns, Total: 5419720 ns
[2021-05-03T04:18:24.107+0000][7][gc,marking  ] GC(121) Concurrent Rebuild Remembered Sets
[2021-05-03T04:18:24.160+0000][7][gc,marking  ] GC(121) Concurrent Rebuild Remembered Sets 53.382ms
[2021-05-03T04:18:24.160+0000][7][gc,start    ] GC(121) Pause Cleanup
[2021-05-03T04:18:24.160+0000][7][gc          ] GC(121) Pause Cleanup 116M->116M(256M) 0.062ms
[2021-05-03T04:18:24.160+0000][7][gc,cpu      ] GC(121) User=0.00s Sys=0.00s Real=0.00s
[2021-05-03T04:18:24.160+0000][7][safepoint   ] Safepoint "G1Concurrent", Time since last: 53490079 ns, Reaching safepoint: 82438 ns, At safepoint: 101082 ns, Total: 183520 ns
[2021-05-03T04:18:24.160+0000][7][gc,marking  ] GC(121) Concurrent Cleanup for Next Mark
[2021-05-03T04:18:24.160+0000][7][gc,marking  ] GC(121) Concurrent Cleanup for Next Mark 0.149ms
[2021-05-03T04:18:24.161+0000][7][gc          ] GC(121) Concurrent Cycle 139.622ms
[2021-05-03T04:18:47.164+0000][7][safepoint   ] Safepoint "Cleanup", Time since last: 23003504774 ns, Reaching safepoint: 80010 ns, At safepoint: 4273 ns, Total: 84283 ns
[2021-05-03T04:18:55.165+0000][7][safepoint   ] Safepoint "Cleanup", Time since last: 8001376855 ns, Reaching safepoint: 144163 ns, At safepoint: 7498 ns, Total: 151661 ns
[2021-05-03T04:19:09.169+0000][7][safepoint   ] Safepoint "Cleanup", Time since last: 14003451136 ns, Reaching safepoint: 162746 ns, At safepoint: 4114 ns, Total: 166860 ns
[2021-05-03T04:19:35.177+0000][7][safepoint   ] Safepoint "Cleanup", Time since last: 26007374205 ns, Reaching safepoint: 110644 ns, At safepoint: 6078 ns, Total: 116722 ns
[2021-05-03T04:19:42.178+0000][7][safepoint   ] Safepoint "Cleanup", Time since last: 7001740475 ns, Reaching safepoint: 138528 ns, At safepoint: 6794 ns, Total: 145322 ns
[2021-05-03T04:19:43.179+0000][7][safepoint   ] Safepoint "Cleanup", Time since last: 1000133878 ns, Reaching safepoint: 102602 ns, At safepoint: 6063 ns, Total: 108665 ns
[2021-05-03T04:20:13.187+0000][7][safepoint   ] Safepoint "Cleanup", Time since last: 30008378514 ns, Reaching safepoint: 180881 ns, At safepoint: 6518 ns, Total: 187399 ns
[2021-05-03T04:20:35.657+0000][7][gc,start    ] GC(122) Pause Young (Normal) (G1 Evacuation Pause)
[2021-05-03T04:20:35.657+0000][7][gc,task     ] GC(122) Using 6 workers of 8 for evacuation
[2021-05-03T04:20:35.657+0000][7][gc,age      ] GC(122) Desired survivor size 6291456 bytes, new threshold 15 (max threshold 15)
[2021-05-03T04:20:35.659+0000][7][gc,age      ] GC(122) Age table with threshold 15 (max threshold 15)
[2021-05-03T04:20:35.659+0000][7][gc,age      ] GC(122) - age   1:     532792 bytes,     532792 total
[2021-05-03T04:20:35.659+0000][7][gc,age      ] GC(122) - age   2:       5600 bytes,     538392 total
[2021-05-03T04:20:35.659+0000][7][gc,age      ] GC(122) - age   3:     557088 bytes,    1095480 total
[2021-05-03T04:20:35.659+0000][7][gc,age      ] GC(122) - age   4:        184 bytes,    1095664 total
[2021-05-03T04:20:35.659+0000][7][gc,age      ] GC(122) - age   5:        168 bytes,    1095832 total
[2021-05-03T04:20:35.659+0000][7][gc,age      ] GC(122) - age   6:        336 bytes,    1096168 total
[2021-05-03T04:20:35.659+0000][7][gc,age      ] GC(122) - age   7:      20056 bytes,    1116224 total
[2021-05-03T04:20:35.659+0000][7][gc,age      ] GC(122) - age   8:        776 bytes,    1117000 total
[2021-05-03T04:20:35.659+0000][7][gc,age      ] GC(122) - age   9:       2264 bytes,    1119264 total
[2021-05-03T04:20:35.659+0000][7][gc,age      ] GC(122) - age  10:       1456 bytes,    1120720 total
[2021-05-03T04:20:35.659+0000][7][gc,age      ] GC(122) - age  11:       1208 bytes,    1121928 total
[2021-05-03T04:20:35.659+0000][7][gc,age      ] GC(122) - age  12:      18440 bytes,    1140368 total
[2021-05-03T04:20:35.659+0000][7][gc,age      ] GC(122) - age  13:        800 bytes,    1141168 total
[2021-05-03T04:20:35.659+0000][7][gc,age      ] GC(122) - age  14:        936 bytes,    1142104 total
[2021-05-03T04:20:35.659+0000][7][gc,age      ] GC(122) - age  15:       2312 bytes,    1144416 total
[2021-05-03T04:20:35.659+0000][7][gc,phases   ] GC(122)   Pre Evacuate Collection Set: 0.1ms
[2021-05-03T04:20:35.659+0000][7][gc,phases   ] GC(122)   Merge Heap Roots: 0.0ms
[2021-05-03T04:20:35.659+0000][7][gc,phases   ] GC(122)   Evacuate Collection Set: 1.0ms
[2021-05-03T04:20:35.659+0000][7][gc,phases   ] GC(122)   Post Evacuate Collection Set: 0.6ms
[2021-05-03T04:20:35.659+0000][7][gc,phases   ] GC(122)   Other: 0.2ms
[2021-05-03T04:20:35.659+0000][7][gc,heap     ] GC(122) Eden regions: 22->0(22)
[2021-05-03T04:20:35.659+0000][7][gc,heap     ] GC(122) Survivor regions: 1->1(3)
[2021-05-03T04:20:35.659+0000][7][gc,heap     ] GC(122) Old regions: 26->26
[2021-05-03T04:20:35.659+0000][7][gc,heap     ] GC(122) Archive regions: 2->2
[2021-05-03T04:20:35.659+0000][7][gc,heap     ] GC(122) Humongous regions: 2->2
[2021-05-03T04:20:35.659+0000][7][gc,metaspace] GC(122) Metaspace: 107825K(112592K)->107825K(112592K) NonClass: 93943K(97436K)->93943K(97436K) Class: 13881K(15156K)->13881K(15156K)
[2021-05-03T04:20:35.659+0000][7][gc          ] GC(122) Pause Young (Normal) (G1 Evacuation Pause) 203M->115M(256M) 2.060ms
[2021-05-03T04:20:35.659+0000][7][gc,cpu      ] GC(122) User=0.01s Sys=0.00s Real=0.00s
[2021-05-03T04:20:35.659+0000][7][safepoint   ] Safepoint "G1CollectForAllocation", Time since last: 22469419784 ns, Reaching safepoint: 225197 ns, At safepoint: 2121586 ns, Total: 2346783 ns
[2021-05-03T04:20:42.661+0000][7][safepoint   ] Safepoint "Cleanup", Time since last: 7001524187 ns, Reaching safepoint: 109270 ns, At safepoint: 5824 ns, Total: 115094 ns
[2021-05-03T04:20:47.662+0000][7][safepoint   ] Safepoint "Cleanup", Time since last: 5001019049 ns, Reaching safepoint: 95713 ns, At safepoint: 4741 ns, Total: 100454 ns
[2021-05-03T04:20:54.664+0000][7][safepoint   ] Safepoint "Cleanup", Time since last: 7001631700 ns, Reaching safepoint: 106976 ns, At safepoint: 5692 ns, Total: 112668 ns
[2021-05-03T04:21:09.668+0000][7][safepoint   ] Safepoint "Cleanup", Time since last: 15004824113 ns, Reaching safepoint: 99566 ns, At safepoint: 5206 ns, Total: 104772 ns
[2021-05-03T04:21:42.677+0000][7][safepoint   ] Safepoint "Cleanup", Time since last: 33008362906 ns, Reaching safepoint: 107836 ns, At safepoint: 3717 ns, Total: 111553 ns
[2021-05-03T04:22:05.683+0000][7][safepoint   ] Safepoint "Cleanup", Time since last: 23005580478 ns, Reaching safepoint: 111526 ns, At safepoint: 5559 ns, Total: 117085 ns
[2021-05-03T04:22:07.684+0000][7][safepoint   ] Safepoint "Cleanup", Time since last: 2000784989 ns, Reaching safepoint: 107897 ns, At safepoint: 6138 ns, Total: 114035 ns
[2021-05-03T04:22:42.693+0000][7][safepoint   ] Safepoint "Cleanup", Time since last: 35009333369 ns, Reaching safepoint: 106411 ns, At safepoint: 5551 ns, Total: 111962 ns
[2021-05-03T04:22:54.129+0000][7][gc,start    ] GC(123) Pause Young (Concurrent Start) (G1 Evacuation Pause)
[2021-05-03T04:22:54.129+0000][7][gc,task     ] GC(123) Using 6 workers of 8 for evacuation
[2021-05-03T04:22:54.129+0000][7][gc,age      ] GC(123) Desired survivor size 6291456 bytes, new threshold 15 (max threshold 15)
[2021-05-03T04:22:54.130+0000][7][gc,age      ] GC(123) Age table with threshold 15 (max threshold 15)
[2021-05-03T04:22:54.130+0000][7][gc,age      ] GC(123) - age   1:     513232 bytes,     513232 total
[2021-05-03T04:22:54.130+0000][7][gc,age      ] GC(123) - age   2:       7128 bytes,     520360 total
[2021-05-03T04:22:54.130+0000][7][gc,age      ] GC(123) - age   3:       4808 bytes,     525168 total
[2021-05-03T04:22:54.130+0000][7][gc,age      ] GC(123) - age   4:     557088 bytes,    1082256 total
[2021-05-03T04:22:54.130+0000][7][gc,age      ] GC(123) - age   5:        136 bytes,    1082392 total
[2021-05-03T04:22:54.130+0000][7][gc,age      ] GC(123) - age   6:        144 bytes,    1082536 total
[2021-05-03T04:22:54.130+0000][7][gc,age      ] GC(123) - age   7:        336 bytes,    1082872 total
[2021-05-03T04:22:54.130+0000][7][gc,age      ] GC(123) - age   8:      20056 bytes,    1102928 total
[2021-05-03T04:22:54.130+0000][7][gc,age      ] GC(123) - age   9:        776 bytes,    1103704 total
[2021-05-03T04:22:54.130+0000][7][gc,age      ] GC(123) - age  10:       2264 bytes,    1105968 total
[2021-05-03T04:22:54.130+0000][7][gc,age      ] GC(123) - age  11:       1456 bytes,    1107424 total
[2021-05-03T04:22:54.130+0000][7][gc,age      ] GC(123) - age  12:       1208 bytes,    1108632 total
[2021-05-03T04:22:54.130+0000][7][gc,age      ] GC(123) - age  13:      18440 bytes,    1127072 total
[2021-05-03T04:22:54.130+0000][7][gc,age      ] GC(123) - age  14:        800 bytes,    1127872 total
[2021-05-03T04:22:54.130+0000][7][gc,age      ] GC(123) - age  15:        936 bytes,    1128808 total
[2021-05-03T04:22:54.130+0000][7][gc,phases   ] GC(123)   Pre Evacuate Collection Set: 0.1ms
[2021-05-03T04:22:54.130+0000][7][gc,phases   ] GC(123)   Merge Heap Roots: 0.0ms
[2021-05-03T04:22:54.130+0000][7][gc,phases   ] GC(123)   Evacuate Collection Set: 0.8ms
[2021-05-03T04:22:54.131+0000][7][gc,phases   ] GC(123)   Post Evacuate Collection Set: 0.5ms
[2021-05-03T04:22:54.131+0000][7][gc,phases   ] GC(123)   Other: 0.2ms
[2021-05-03T04:22:54.131+0000][7][gc,heap     ] GC(123) Eden regions: 22->0(22)
[2021-05-03T04:22:54.131+0000][7][gc,heap     ] GC(123) Survivor regions: 1->1(3)
[2021-05-03T04:22:54.131+0000][7][gc,heap     ] GC(123) Old regions: 26->26
[2021-05-03T04:22:54.131+0000][7][gc,heap     ] GC(123) Archive regions: 2->2
[2021-05-03T04:22:54.131+0000][7][gc,heap     ] GC(123) Humongous regions: 2->2
[2021-05-03T04:22:54.131+0000][7][gc,metaspace] GC(123) Metaspace: 107946K(112848K)->107946K(112848K) NonClass: 94065K(97692K)->94065K(97692K) Class: 13881K(15156K)->13881K(15156K)
[2021-05-03T04:22:54.131+0000][7][gc          ] GC(123) Pause Young (Concurrent Start) (G1 Evacuation Pause) 203M->115M(256M) 1.826ms
[2021-05-03T04:22:54.131+0000][7][gc,cpu      ] GC(123) User=0.01s Sys=0.00s Real=0.00s
[2021-05-03T04:22:54.131+0000][7][safepoint   ] Safepoint "G1CollectForAllocation", Time since last: 11435596011 ns, Reaching safepoint: 158994 ns, At safepoint: 1892167 ns, Total: 2051161 ns
[2021-05-03T04:22:54.131+0000][7][gc          ] GC(124) Concurrent Cycle
[2021-05-03T04:22:54.131+0000][7][gc,marking  ] GC(124) Concurrent Clear Claimed Marks
[2021-05-03T04:22:54.131+0000][7][gc,marking  ] GC(124) Concurrent Clear Claimed Marks 0.056ms
[2021-05-03T04:22:54.131+0000][7][gc,marking  ] GC(124) Concurrent Scan Root Regions
[2021-05-03T04:22:54.132+0000][7][gc,marking  ] GC(124) Concurrent Scan Root Regions 1.395ms
[2021-05-03T04:22:54.132+0000][7][gc,marking  ] GC(124) Concurrent Mark (7716.060s)
[2021-05-03T04:22:54.132+0000][7][gc,marking  ] GC(124) Concurrent Mark From Roots
[2021-05-03T04:22:54.132+0000][7][gc,task     ] GC(124) Using 2 workers of 2 for marking
[2021-05-03T04:22:54.211+0000][7][gc,marking  ] GC(124) Concurrent Mark From Roots 78.819ms
[2021-05-03T04:22:54.211+0000][7][gc,marking  ] GC(124) Concurrent Preclean
[2021-05-03T04:22:54.211+0000][7][gc,marking  ] GC(124) Concurrent Preclean 0.226ms
[2021-05-03T04:22:54.211+0000][7][gc,marking  ] GC(124) Concurrent Mark (7716.060s, 7716.139s) 79.099ms
[2021-05-03T04:22:54.211+0000][7][gc,start    ] GC(124) Pause Remark
[2021-05-03T04:22:54.217+0000][7][gc          ] GC(124) Pause Remark 116M->116M(256M) 5.432ms
[2021-05-03T04:22:54.217+0000][7][gc,cpu      ] GC(124) User=0.02s Sys=0.00s Real=0.01s
[2021-05-03T04:22:54.217+0000][7][safepoint   ] Safepoint "G1Concurrent", Time since last: 80699751 ns, Reaching safepoint: 142737 ns, At safepoint: 5512391 ns, Total: 5655128 ns
[2021-05-03T04:22:54.217+0000][7][gc,marking  ] GC(124) Concurrent Rebuild Remembered Sets
[2021-05-03T04:22:54.270+0000][7][gc,marking  ] GC(124) Concurrent Rebuild Remembered Sets 52.613ms
[2021-05-03T04:22:54.270+0000][7][gc,start    ] GC(124) Pause Cleanup
[2021-05-03T04:22:54.270+0000][7][gc          ] GC(124) Pause Cleanup 116M->116M(256M) 0.062ms
[2021-05-03T04:22:54.270+0000][7][gc,cpu      ] GC(124) User=0.00s Sys=0.00s Real=0.00s
[2021-05-03T04:22:54.270+0000][7][safepoint   ] Safepoint "G1Concurrent", Time since last: 52746501 ns, Reaching safepoint: 101204 ns, At safepoint: 103015 ns, Total: 204219 ns
[2021-05-03T04:22:54.270+0000][7][gc,marking  ] GC(124) Concurrent Cleanup for Next Mark
[2021-05-03T04:22:54.270+0000][7][gc,marking  ] GC(124) Concurrent Cleanup for Next Mark 0.210ms
[2021-05-03T04:22:54.270+0000][7][gc          ] GC(124) Concurrent Cycle 139.508ms
[2021-05-03T04:23:47.285+0000][7][safepoint   ] Safepoint "Cleanup", Time since last: 53015086726 ns, Reaching safepoint: 108328 ns, At safepoint: 4451 ns, Total: 112779 ns
[2021-05-03T04:24:13.293+0000][7][safepoint   ] Safepoint "Cleanup", Time since last: 26008079020 ns, Reaching safepoint: 113817 ns, At safepoint: 7333 ns, Total: 121150 ns
[2021-05-03T04:24:39.296+0000][7][safepoint   ] Safepoint "Cleanup", Time since last: 26003038954 ns, Reaching safepoint: 97443 ns, At safepoint: 6818 ns, Total: 104261 ns
[2021-05-03T04:25:05.665+0000][7][gc,start    ] GC(125) Pause Young (Normal) (G1 Evacuation Pause)
[2021-05-03T04:25:05.665+0000][7][gc,task     ] GC(125) Using 6 workers of 8 for evacuation
[2021-05-03T04:25:05.665+0000][7][gc,age      ] GC(125) Desired survivor size 6291456 bytes, new threshold 15 (max threshold 15)
[2021-05-03T04:25:05.667+0000][7][gc,age      ] GC(125) Age table with threshold 15 (max threshold 15)
[2021-05-03T04:25:05.667+0000][7][gc,age      ] GC(125) - age   1:     524640 bytes,     524640 total
[2021-05-03T04:25:05.667+0000][7][gc,age      ] GC(125) - age   2:       4376 bytes,     529016 total
[2021-05-03T04:25:05.667+0000][7][gc,age      ] GC(125) - age   3:       1208 bytes,     530224 total
[2021-05-03T04:25:05.667+0000][7][gc,age      ] GC(125) - age   4:       4784 bytes,     535008 total
[2021-05-03T04:25:05.667+0000][7][gc,age      ] GC(125) - age   5:     554592 bytes,    1089600 total
[2021-05-03T04:25:05.667+0000][7][gc,age      ] GC(125) - age   6:        136 bytes,    1089736 total
[2021-05-03T04:25:05.667+0000][7][gc,age      ] GC(125) - age   7:        144 bytes,    1089880 total
[2021-05-03T04:25:05.667+0000][7][gc,age      ] GC(125) - age   8:        336 bytes,    1090216 total
[2021-05-03T04:25:05.667+0000][7][gc,age      ] GC(125) - age   9:      20056 bytes,    1110272 total
[2021-05-03T04:25:05.667+0000][7][gc,age      ] GC(125) - age  10:        776 bytes,    1111048 total
[2021-05-03T04:25:05.667+0000][7][gc,age      ] GC(125) - age  11:       2264 bytes,    1113312 total
[2021-05-03T04:25:05.667+0000][7][gc,age      ] GC(125) - age  12:       1456 bytes,    1114768 total
[2021-05-03T04:25:05.667+0000][7][gc,age      ] GC(125) - age  13:       1208 bytes,    1115976 total
[2021-05-03T04:25:05.667+0000][7][gc,age      ] GC(125) - age  14:      18440 bytes,    1134416 total
[2021-05-03T04:25:05.667+0000][7][gc,age      ] GC(125) - age  15:        800 bytes,    1135216 total
[2021-05-03T04:25:05.667+0000][7][gc,phases   ] GC(125)   Pre Evacuate Collection Set: 0.1ms
[2021-05-03T04:25:05.667+0000][7][gc,phases   ] GC(125)   Merge Heap Roots: 0.1ms
[2021-05-03T04:25:05.667+0000][7][gc,phases   ] GC(125)   Evacuate Collection Set: 1.1ms
[2021-05-03T04:25:05.667+0000][7][gc,phases   ] GC(125)   Post Evacuate Collection Set: 0.6ms
[2021-05-03T04:25:05.667+0000][7][gc,phases   ] GC(125)   Other: 0.2ms
[2021-05-03T04:25:05.667+0000][7][gc,heap     ] GC(125) Eden regions: 22->0(22)
[2021-05-03T04:25:05.667+0000][7][gc,heap     ] GC(125) Survivor regions: 1->1(3)
[2021-05-03T04:25:05.667+0000][7][gc,heap     ] GC(125) Old regions: 26->26
[2021-05-03T04:25:05.667+0000][7][gc,heap     ] GC(125) Archive regions: 2->2
[2021-05-03T04:25:05.667+0000][7][gc,heap     ] GC(125) Humongous regions: 2->2
[2021-05-03T04:25:05.667+0000][7][gc,metaspace] GC(125) Metaspace: 107951K(112848K)->107951K(112848K) NonClass: 94070K(97692K)->94070K(97692K) Class: 13881K(15156K)->13881K(15156K)
[2021-05-03T04:25:05.667+0000][7][gc          ] GC(125) Pause Young (Normal) (G1 Evacuation Pause) 203M->115M(256M) 2.097ms
[2021-05-03T04:25:05.667+0000][7][gc,cpu      ] GC(125) User=0.01s Sys=0.00s Real=0.00s
[2021-05-03T04:25:05.667+0000][7][safepoint   ] Safepoint "G1CollectForAllocation", Time since last: 26368633128 ns, Reaching safepoint: 224233 ns, At safepoint: 2161369 ns, Total: 2385602 ns
[2021-05-03T04:25:41.676+0000][7][safepoint   ] Safepoint "Cleanup", Time since last: 36008702017 ns, Reaching safepoint: 158649 ns, At safepoint: 6680 ns, Total: 165329 ns
[2021-05-03T04:26:42.695+0000][7][safepoint   ] Safepoint "Cleanup", Time since last: 61018362231 ns, Reaching safepoint: 100372 ns, At safepoint: 5951 ns, Total: 106323 ns
[2021-05-03T04:26:54.225+0000][7][gc,start    ] GC(126) Pause Young (Concurrent Start) (G1 Evacuation Pause)
[2021-05-03T04:26:54.225+0000][7][gc,task     ] GC(126) Using 6 workers of 8 for evacuation
[2021-05-03T04:26:54.225+0000][7][gc,age      ] GC(126) Desired survivor size 6291456 bytes, new threshold 15 (max threshold 15)
[2021-05-03T04:26:54.227+0000][7][gc,age      ] GC(126) Age table with threshold 15 (max threshold 15)
[2021-05-03T04:26:54.227+0000][7][gc,age      ] GC(126) - age   1:     778264 bytes,     778264 total
[2021-05-03T04:26:54.227+0000][7][gc,age      ] GC(126) - age   2:       3152 bytes,     781416 total
[2021-05-03T04:26:54.227+0000][7][gc,age      ] GC(126) - age   3:       4216 bytes,     785632 total
[2021-05-03T04:26:54.227+0000][7][gc,age      ] GC(126) - age   4:       1208 bytes,     786840 total
[2021-05-03T04:26:54.227+0000][7][gc,age      ] GC(126) - age   5:       4288 bytes,     791128 total
[2021-05-03T04:26:54.227+0000][7][gc,age      ] GC(126) - age   6:     379736 bytes,    1170864 total
[2021-05-03T04:26:54.227+0000][7][gc,age      ] GC(126) - age   7:        136 bytes,    1171000 total
[2021-05-03T04:26:54.227+0000][7][gc,age      ] GC(126) - age   8:        144 bytes,    1171144 total
[2021-05-03T04:26:54.227+0000][7][gc,age      ] GC(126) - age   9:        336 bytes,    1171480 total
[2021-05-03T04:26:54.227+0000][7][gc,age      ] GC(126) - age  10:      18664 bytes,    1190144 total
[2021-05-03T04:26:54.227+0000][7][gc,age      ] GC(126) - age  11:        408 bytes,    1190552 total
[2021-05-03T04:26:54.227+0000][7][gc,age      ] GC(126) - age  12:       2264 bytes,    1192816 total
[2021-05-03T04:26:54.227+0000][7][gc,age      ] GC(126) - age  13:       1456 bytes,    1194272 total
[2021-05-03T04:26:54.227+0000][7][gc,age      ] GC(126) - age  14:       1208 bytes,    1195480 total
[2021-05-03T04:26:54.227+0000][7][gc,age      ] GC(126) - age  15:      18440 bytes,    1213920 total
[2021-05-03T04:26:54.227+0000][7][gc,phases   ] GC(126)   Pre Evacuate Collection Set: 0.1ms
[2021-05-03T04:26:54.227+0000][7][gc,phases   ] GC(126)   Merge Heap Roots: 0.0ms
[2021-05-03T04:26:54.227+0000][7][gc,phases   ] GC(126)   Evacuate Collection Set: 0.9ms
[2021-05-03T04:26:54.227+0000][7][gc,phases   ] GC(126)   Post Evacuate Collection Set: 0.5ms
[2021-05-03T04:26:54.227+0000][7][gc,phases   ] GC(126)   Other: 0.2ms
[2021-05-03T04:26:54.227+0000][7][gc,heap     ] GC(126) Eden regions: 22->0(22)
[2021-05-03T04:26:54.227+0000][7][gc,heap     ] GC(126) Survivor regions: 1->1(3)
[2021-05-03T04:26:54.227+0000][7][gc,heap     ] GC(126) Old regions: 26->26
[2021-05-03T04:26:54.227+0000][7][gc,heap     ] GC(126) Archive regions: 2->2
[2021-05-03T04:26:54.227+0000][7][gc,heap     ] GC(126) Humongous regions: 2->2
[2021-05-03T04:26:54.227+0000][7][gc,metaspace] GC(126) Metaspace: 107967K(112848K)->107967K(112848K) NonClass: 94086K(97692K)->94086K(97692K) Class: 13881K(15156K)->13881K(15156K)
[2021-05-03T04:26:54.227+0000][7][gc          ] GC(126) Pause Young (Concurrent Start) (G1 Evacuation Pause) 203M->115M(256M) 1.885ms
[2021-05-03T04:26:54.227+0000][7][gc,cpu      ] GC(126) User=0.01s Sys=0.00s Real=0.00s
[2021-05-03T04:26:54.227+0000][7][safepoint   ] Safepoint "G1CollectForAllocation", Time since last: 11530150613 ns, Reaching safepoint: 110027 ns, At safepoint: 1959516 ns, Total: 2069543 ns
[2021-05-03T04:26:54.227+0000][7][gc          ] GC(127) Concurrent Cycle
[2021-05-03T04:26:54.227+0000][7][gc,marking  ] GC(127) Concurrent Clear Claimed Marks
[2021-05-03T04:26:54.227+0000][7][gc,marking  ] GC(127) Concurrent Clear Claimed Marks 0.047ms
[2021-05-03T04:26:54.227+0000][7][gc,marking  ] GC(127) Concurrent Scan Root Regions
[2021-05-03T04:26:54.229+0000][7][gc,marking  ] GC(127) Concurrent Scan Root Regions 1.739ms
[2021-05-03T04:26:54.229+0000][7][gc,marking  ] GC(127) Concurrent Mark (7956.157s)
[2021-05-03T04:26:54.229+0000][7][gc,marking  ] GC(127) Concurrent Mark From Roots
[2021-05-03T04:26:54.229+0000][7][gc,task     ] GC(127) Using 2 workers of 2 for marking
[2021-05-03T04:26:54.312+0000][7][gc,marking  ] GC(127) Concurrent Mark From Roots 83.179ms
[2021-05-03T04:26:54.312+0000][7][gc,marking  ] GC(127) Concurrent Preclean
[2021-05-03T04:26:54.312+0000][7][gc,marking  ] GC(127) Concurrent Preclean 0.201ms
[2021-05-03T04:26:54.319+0000][7][gc,marking  ] GC(127) Concurrent Mark (7956.157s, 7956.247s) 90.280ms
[2021-05-03T04:26:54.319+0000][7][gc,start    ] GC(127) Pause Remark
[2021-05-03T04:26:54.325+0000][7][gc          ] GC(127) Pause Remark 116M->116M(256M) 5.163ms
[2021-05-03T04:26:54.325+0000][7][gc,cpu      ] GC(127) User=0.03s Sys=0.00s Real=0.01s
[2021-05-03T04:26:54.325+0000][7][safepoint   ] Safepoint "G1Concurrent", Time since last: 92220890 ns, Reaching safepoint: 102462 ns, At safepoint: 5240816 ns, Total: 5343278 ns
[2021-05-03T04:26:54.325+0000][7][gc,marking  ] GC(127) Concurrent Rebuild Remembered Sets
[2021-05-03T04:26:54.378+0000][7][gc,marking  ] GC(127) Concurrent Rebuild Remembered Sets 53.701ms
[2021-05-03T04:26:54.379+0000][7][gc,start    ] GC(127) Pause Cleanup
[2021-05-03T04:26:54.379+0000][7][gc          ] GC(127) Pause Cleanup 116M->116M(256M) 0.067ms
[2021-05-03T04:26:54.379+0000][7][gc,cpu      ] GC(127) User=0.00s Sys=0.00s Real=0.00s
[2021-05-03T04:26:54.379+0000][7][safepoint   ] Safepoint "G1Concurrent", Time since last: 53853634 ns, Reaching safepoint: 96631 ns, At safepoint: 106005 ns, Total: 202636 ns
[2021-05-03T04:26:54.379+0000][7][gc,marking  ] GC(127) Concurrent Cleanup for Next Mark
[2021-05-03T04:26:54.379+0000][7][gc,marking  ] GC(127) Concurrent Cleanup for Next Mark 0.197ms
[2021-05-03T04:26:54.379+0000][7][gc          ] GC(127) Concurrent Cycle 151.856ms
[2021-05-03T04:27:13.384+0000][7][safepoint   ] Safepoint "Cleanup", Time since last: 19005597552 ns, Reaching safepoint: 94792 ns, At safepoint: 5745 ns, Total: 100537 ns
[2021-05-03T04:27:42.392+0000][7][safepoint   ] Safepoint "Cleanup", Time since last: 29007551078 ns, Reaching safepoint: 136664 ns, At safepoint: 6735 ns, Total: 143399 ns
[2021-05-03T04:29:09.416+0000][7][safepoint   ] Safepoint "Cleanup", Time since last: 87023867479 ns, Reaching safepoint: 115546 ns, At safepoint: 5471 ns, Total: 121017 ns
[2021-05-03T04:29:14.418+0000][7][safepoint   ] Safepoint "Cleanup", Time since last: 5001663380 ns, Reaching safepoint: 143778 ns, At safepoint: 7302 ns, Total: 151080 ns
[2021-05-03T04:29:17.113+0000][7][gc,start    ] GC(128) Pause Young (Normal) (G1 Evacuation Pause)
[2021-05-03T04:29:17.113+0000][7][gc,task     ] GC(128) Using 6 workers of 8 for evacuation
[2021-05-03T04:29:17.114+0000][7][gc,age      ] GC(128) Desired survivor size 6291456 bytes, new threshold 15 (max threshold 15)
[2021-05-03T04:29:17.115+0000][7][gc,age      ] GC(128) Age table with threshold 15 (max threshold 15)
[2021-05-03T04:29:17.115+0000][7][gc,age      ] GC(128) - age   1:     443608 bytes,     443608 total
[2021-05-03T04:29:17.115+0000][7][gc,age      ] GC(128) - age   2:     273032 bytes,     716640 total
[2021-05-03T04:29:17.115+0000][7][gc,age      ] GC(128) - age   3:       3032 bytes,     719672 total
[2021-05-03T04:29:17.115+0000][7][gc,age      ] GC(128) - age   4:       3968 bytes,     723640 total
[2021-05-03T04:29:17.115+0000][7][gc,age      ] GC(128) - age   5:       1208 bytes,     724848 total
[2021-05-03T04:29:17.115+0000][7][gc,age      ] GC(128) - age   6:       4248 bytes,     729096 total
[2021-05-03T04:29:17.115+0000][7][gc,age      ] GC(128) - age   7:     379736 bytes,    1108832 total
[2021-05-03T04:29:17.115+0000][7][gc,age      ] GC(128) - age   8:        136 bytes,    1108968 total
[2021-05-03T04:29:17.115+0000][7][gc,age      ] GC(128) - age   9:        144 bytes,    1109112 total
[2021-05-03T04:29:17.115+0000][7][gc,age      ] GC(128) - age  10:        336 bytes,    1109448 total
[2021-05-03T04:29:17.115+0000][7][gc,age      ] GC(128) - age  11:      18664 bytes,    1128112 total
[2021-05-03T04:29:17.115+0000][7][gc,age      ] GC(128) - age  12:        408 bytes,    1128520 total
[2021-05-03T04:29:17.115+0000][7][gc,age      ] GC(128) - age  13:       2264 bytes,    1130784 total
[2021-05-03T04:29:17.115+0000][7][gc,age      ] GC(128) - age  14:       1456 bytes,    1132240 total
[2021-05-03T04:29:17.115+0000][7][gc,age      ] GC(128) - age  15:       1208 bytes,    1133448 total
[2021-05-03T04:29:17.115+0000][7][gc,phases   ] GC(128)   Pre Evacuate Collection Set: 0.0ms
[2021-05-03T04:29:17.115+0000][7][gc,phases   ] GC(128)   Merge Heap Roots: 0.0ms
[2021-05-03T04:29:17.115+0000][7][gc,phases   ] GC(128)   Evacuate Collection Set: 0.9ms
[2021-05-03T04:29:17.115+0000][7][gc,phases   ] GC(128)   Post Evacuate Collection Set: 0.4ms
[2021-05-03T04:29:17.115+0000][7][gc,phases   ] GC(128)   Other: 0.2ms
[2021-05-03T04:29:17.115+0000][7][gc,heap     ] GC(128) Eden regions: 22->0(22)
[2021-05-03T04:29:17.115+0000][7][gc,heap     ] GC(128) Survivor regions: 1->1(3)
[2021-05-03T04:29:17.115+0000][7][gc,heap     ] GC(128) Old regions: 26->26
[2021-05-03T04:29:17.115+0000][7][gc,heap     ] GC(128) Archive regions: 2->2
[2021-05-03T04:29:17.115+0000][7][gc,heap     ] GC(128) Humongous regions: 2->2
[2021-05-03T04:29:17.115+0000][7][gc,metaspace] GC(128) Metaspace: 107973K(112848K)->107973K(112848K) NonClass: 94092K(97692K)->94092K(97692K) Class: 13881K(15156K)->13881K(15156K)
[2021-05-03T04:29:17.115+0000][7][gc          ] GC(128) Pause Young (Normal) (G1 Evacuation Pause) 203M->115M(256M) 1.683ms
[2021-05-03T04:29:17.115+0000][7][gc,cpu      ] GC(128) User=0.01s Sys=0.00s Real=0.00s
[2021-05-03T04:29:17.115+0000][7][safepoint   ] Safepoint "G1CollectForAllocation", Time since last: 2695364291 ns, Reaching safepoint: 216353 ns, At safepoint: 1752424 ns, Total: 1968777 ns
[2021-05-03T04:29:39.119+0000][7][safepoint   ] Safepoint "Cleanup", Time since last: 22003563505 ns, Reaching safepoint: 121301 ns, At safepoint: 7064 ns, Total: 128365 ns
[2021-05-03T04:29:50.121+0000][7][safepoint   ] Safepoint "Cleanup", Time since last: 11001944684 ns, Reaching safepoint: 113498 ns, At safepoint: 5354 ns, Total: 118852 ns
[2021-05-03T04:30:17.127+0000][7][safepoint   ] Safepoint "Cleanup", Time since last: 27005919712 ns, Reaching safepoint: 143193 ns, At safepoint: 14422 ns, Total: 157615 ns
[2021-05-03T04:30:55.135+0000][7][safepoint   ] Safepoint "Cleanup", Time since last: 38007737310 ns, Reaching safepoint: 89766 ns, At safepoint: 9137 ns, Total: 98903 ns
[2021-05-03T04:31:24.340+0000][7][gc,start    ] GC(129) Pause Young (Concurrent Start) (G1 Evacuation Pause)
[2021-05-03T04:31:24.340+0000][7][gc,task     ] GC(129) Using 6 workers of 8 for evacuation
[2021-05-03T04:31:24.340+0000][7][gc,age      ] GC(129) Desired survivor size 6291456 bytes, new threshold 15 (max threshold 15)
[2021-05-03T04:31:24.341+0000][7][gc,age      ] GC(129) Age table with threshold 15 (max threshold 15)
[2021-05-03T04:31:24.341+0000][7][gc,age      ] GC(129) - age   1:     513568 bytes,     513568 total
[2021-05-03T04:31:24.341+0000][7][gc,age      ] GC(129) - age   2:        784 bytes,     514352 total
[2021-05-03T04:31:24.341+0000][7][gc,age      ] GC(129) - age   3:     151600 bytes,     665952 total
[2021-05-03T04:31:24.341+0000][7][gc,age      ] GC(129) - age   4:       2976 bytes,     668928 total
[2021-05-03T04:31:24.341+0000][7][gc,age      ] GC(129) - age   5:       3944 bytes,     672872 total
[2021-05-03T04:31:24.341+0000][7][gc,age      ] GC(129) - age   6:       1112 bytes,     673984 total
[2021-05-03T04:31:24.341+0000][7][gc,age      ] GC(129) - age   7:       4224 bytes,     678208 total
[2021-05-03T04:31:24.341+0000][7][gc,age      ] GC(129) - age   8:     379528 bytes,    1057736 total
[2021-05-03T04:31:24.341+0000][7][gc,age      ] GC(129) - age   9:        136 bytes,    1057872 total
[2021-05-03T04:31:24.341+0000][7][gc,age      ] GC(129) - age  10:        144 bytes,    1058016 total
[2021-05-03T04:31:24.341+0000][7][gc,age      ] GC(129) - age  11:        336 bytes,    1058352 total
[2021-05-03T04:31:24.341+0000][7][gc,age      ] GC(129) - age  12:      18664 bytes,    1077016 total
[2021-05-03T04:31:24.341+0000][7][gc,age      ] GC(129) - age  13:        408 bytes,    1077424 total
[2021-05-03T04:31:24.341+0000][7][gc,age      ] GC(129) - age  14:       2264 bytes,    1079688 total
[2021-05-03T04:31:24.341+0000][7][gc,age      ] GC(129) - age  15:       1456 bytes,    1081144 total
[2021-05-03T04:31:24.341+0000][7][gc,phases   ] GC(129)   Pre Evacuate Collection Set: 0.1ms
[2021-05-03T04:31:24.342+0000][7][gc,phases   ] GC(129)   Merge Heap Roots: 0.0ms
[2021-05-03T04:31:24.342+0000][7][gc,phases   ] GC(129)   Evacuate Collection Set: 1.1ms
[2021-05-03T04:31:24.342+0000][7][gc,phases   ] GC(129)   Post Evacuate Collection Set: 0.5ms
[2021-05-03T04:31:24.342+0000][7][gc,phases   ] GC(129)   Other: 0.2ms
[2021-05-03T04:31:24.342+0000][7][gc,heap     ] GC(129) Eden regions: 22->0(22)
[2021-05-03T04:31:24.342+0000][7][gc,heap     ] GC(129) Survivor regions: 1->1(3)
[2021-05-03T04:31:24.342+0000][7][gc,heap     ] GC(129) Old regions: 26->26
[2021-05-03T04:31:24.342+0000][7][gc,heap     ] GC(129) Archive regions: 2->2
[2021-05-03T04:31:24.342+0000][7][gc,heap     ] GC(129) Humongous regions: 2->2
[2021-05-03T04:31:24.342+0000][7][gc,metaspace] GC(129) Metaspace: 107980K(112848K)->107980K(112848K) NonClass: 94099K(97692K)->94099K(97692K) Class: 13881K(15156K)->13881K(15156K)
[2021-05-03T04:31:24.342+0000][7][gc          ] GC(129) Pause Young (Concurrent Start) (G1 Evacuation Pause) 203M->115M(256M) 1.966ms
[2021-05-03T04:31:24.342+0000][7][gc,cpu      ] GC(129) User=0.00s Sys=0.00s Real=0.01s
[2021-05-03T04:31:24.342+0000][7][safepoint   ] Safepoint "G1CollectForAllocation", Time since last: 29204574221 ns, Reaching safepoint: 162556 ns, At safepoint: 2029806 ns, Total: 2192362 ns
[2021-05-03T04:31:24.342+0000][7][gc          ] GC(130) Concurrent Cycle
[2021-05-03T04:31:24.342+0000][7][gc,marking  ] GC(130) Concurrent Clear Claimed Marks
[2021-05-03T04:31:24.342+0000][7][gc,marking  ] GC(130) Concurrent Clear Claimed Marks 0.046ms
[2021-05-03T04:31:24.342+0000][7][gc,marking  ] GC(130) Concurrent Scan Root Regions
[2021-05-03T04:31:24.343+0000][7][gc,marking  ] GC(130) Concurrent Scan Root Regions 1.285ms
[2021-05-03T04:31:24.343+0000][7][gc,marking  ] GC(130) Concurrent Mark (8226.271s)
[2021-05-03T04:31:24.343+0000][7][gc,marking  ] GC(130) Concurrent Mark From Roots
[2021-05-03T04:31:24.343+0000][7][gc,task     ] GC(130) Using 2 workers of 2 for marking
[2021-05-03T04:31:24.423+0000][7][gc,marking  ] GC(130) Concurrent Mark From Roots 79.864ms
[2021-05-03T04:31:24.423+0000][7][gc,marking  ] GC(130) Concurrent Preclean
[2021-05-03T04:31:24.423+0000][7][gc,marking  ] GC(130) Concurrent Preclean 0.208ms
[2021-05-03T04:31:24.423+0000][7][gc,marking  ] GC(130) Concurrent Mark (8226.271s, 8226.351s) 80.122ms
[2021-05-03T04:31:24.423+0000][7][gc,start    ] GC(130) Pause Remark
[2021-05-03T04:31:24.429+0000][7][gc          ] GC(130) Pause Remark 115M->115M(256M) 5.358ms
[2021-05-03T04:31:24.429+0000][7][gc,cpu      ] GC(130) User=0.03s Sys=0.00s Real=0.00s
[2021-05-03T04:31:24.429+0000][7][safepoint   ] Safepoint "G1Concurrent", Time since last: 81588276 ns, Reaching safepoint: 108359 ns, At safepoint: 5430353 ns, Total: 5538712 ns
[2021-05-03T04:31:24.429+0000][7][gc,marking  ] GC(130) Concurrent Rebuild Remembered Sets
[2021-05-03T04:31:24.483+0000][7][gc,marking  ] GC(130) Concurrent Rebuild Remembered Sets 54.073ms
[2021-05-03T04:31:24.483+0000][7][gc,start    ] GC(130) Pause Cleanup
[2021-05-03T04:31:24.483+0000][7][gc          ] GC(130) Pause Cleanup 115M->115M(256M) 0.067ms
[2021-05-03T04:31:24.483+0000][7][gc,cpu      ] GC(130) User=0.00s Sys=0.00s Real=0.00s
[2021-05-03T04:31:24.483+0000][7][safepoint   ] Safepoint "G1Concurrent", Time since last: 54176013 ns, Reaching safepoint: 102334 ns, At safepoint: 105675 ns, Total: 208009 ns
[2021-05-03T04:31:24.483+0000][7][gc,marking  ] GC(130) Concurrent Cleanup for Next Mark
[2021-05-03T04:31:24.483+0000][7][gc,marking  ] GC(130) Concurrent Cleanup for Next Mark 0.195ms
[2021-05-03T04:31:24.483+0000][7][gc          ] GC(130) Concurrent Cycle 141.745ms
[2021-05-03T04:31:39.488+0000][7][safepoint   ] Safepoint "Cleanup", Time since last: 15005129412 ns, Reaching safepoint: 106123 ns, At safepoint: 6444 ns, Total: 112567 ns
[2021-05-03T04:31:42.489+0000][7][safepoint   ] Safepoint "Cleanup", Time since last: 3000597362 ns, Reaching safepoint: 109448 ns, At safepoint: 5773 ns, Total: 115221 ns
[2021-05-03T04:31:47.491+0000][7][safepoint   ] Safepoint "Cleanup", Time since last: 5001464299 ns, Reaching safepoint: 107697 ns, At safepoint: 6101 ns, Total: 113798 ns
[2021-05-03T04:32:39.504+0000][7][safepoint   ] Safepoint "Cleanup", Time since last: 52012854921 ns, Reaching safepoint: 104555 ns, At safepoint: 5447 ns, Total: 110002 ns
[2021-05-03T04:32:42.504+0000][7][safepoint   ] Safepoint "Cleanup", Time since last: 3000620395 ns, Reaching safepoint: 139222 ns, At safepoint: 6633 ns, Total: 145855 ns
[2021-05-03T04:33:47.172+0000][7][gc,start    ] GC(131) Pause Young (Normal) (G1 Evacuation Pause)
[2021-05-03T04:33:47.172+0000][7][gc,task     ] GC(131) Using 6 workers of 8 for evacuation
[2021-05-03T04:33:47.173+0000][7][gc,age      ] GC(131) Desired survivor size 6291456 bytes, new threshold 15 (max threshold 15)
[2021-05-03T04:33:47.174+0000][7][gc,age      ] GC(131) Age table with threshold 15 (max threshold 15)
[2021-05-03T04:33:47.174+0000][7][gc,age      ] GC(131) - age   1:     385984 bytes,     385984 total
[2021-05-03T04:33:47.174+0000][7][gc,age      ] GC(131) - age   2:        560 bytes,     386544 total
[2021-05-03T04:33:47.174+0000][7][gc,age      ] GC(131) - age   3:        704 bytes,     387248 total
[2021-05-03T04:33:47.174+0000][7][gc,age      ] GC(131) - age   4:     151360 bytes,     538608 total
[2021-05-03T04:33:47.174+0000][7][gc,age      ] GC(131) - age   5:       2976 bytes,     541584 total
[2021-05-03T04:33:47.174+0000][7][gc,age      ] GC(131) - age   6:       3824 bytes,     545408 total
[2021-05-03T04:33:47.174+0000][7][gc,age      ] GC(131) - age   7:       1112 bytes,     546520 total
[2021-05-03T04:33:47.174+0000][7][gc,age      ] GC(131) - age   8:       4184 bytes,     550704 total
[2021-05-03T04:33:47.174+0000][7][gc,age      ] GC(131) - age   9:     379528 bytes,     930232 total
[2021-05-03T04:33:47.174+0000][7][gc,age      ] GC(131) - age  10:        136 bytes,     930368 total
[2021-05-03T04:33:47.174+0000][7][gc,age      ] GC(131) - age  11:        144 bytes,     930512 total
[2021-05-03T04:33:47.174+0000][7][gc,age      ] GC(131) - age  12:        336 bytes,     930848 total
[2021-05-03T04:33:47.174+0000][7][gc,age      ] GC(131) - age  13:      18664 bytes,     949512 total
[2021-05-03T04:33:47.174+0000][7][gc,age      ] GC(131) - age  14:        408 bytes,     949920 total
[2021-05-03T04:33:47.174+0000][7][gc,age      ] GC(131) - age  15:       2264 bytes,     952184 total
[2021-05-03T04:33:47.174+0000][7][gc,phases   ] GC(131)   Pre Evacuate Collection Set: 0.0ms
[2021-05-03T04:33:47.174+0000][7][gc,phases   ] GC(131)   Merge Heap Roots: 0.0ms
[2021-05-03T04:33:47.174+0000][7][gc,phases   ] GC(131)   Evacuate Collection Set: 0.9ms
[2021-05-03T04:33:47.174+0000][7][gc,phases   ] GC(131)   Post Evacuate Collection Set: 0.3ms
[2021-05-03T04:33:47.174+0000][7][gc,phases   ] GC(131)   Other: 0.2ms
[2021-05-03T04:33:47.174+0000][7][gc,heap     ] GC(131) Eden regions: 22->0(22)
[2021-05-03T04:33:47.174+0000][7][gc,heap     ] GC(131) Survivor regions: 1->1(3)
[2021-05-03T04:33:47.174+0000][7][gc,heap     ] GC(131) Old regions: 26->26
[2021-05-03T04:33:47.174+0000][7][gc,heap     ] GC(131) Archive regions: 2->2
[2021-05-03T04:33:47.174+0000][7][gc,heap     ] GC(131) Humongous regions: 2->2
[2021-05-03T04:33:47.174+0000][7][gc,metaspace] GC(131) Metaspace: 107985K(112848K)->107985K(112848K) NonClass: 94103K(97692K)->94103K(97692K) Class: 13881K(15156K)->13881K(15156K)
[2021-05-03T04:33:47.174+0000][7][gc          ] GC(131) Pause Young (Normal) (G1 Evacuation Pause) 203M->115M(256M) 1.642ms
[2021-05-03T04:33:47.174+0000][7][gc,cpu      ] GC(131) User=0.01s Sys=0.00s Real=0.00s
[2021-05-03T04:33:47.174+0000][7][safepoint   ] Safepoint "G1CollectForAllocation", Time since last: 64667876296 ns, Reaching safepoint: 163121 ns, At safepoint: 1723510 ns, Total: 1886631 ns
[2021-05-03T04:34:47.188+0000][7][safepoint   ] Safepoint "Cleanup", Time since last: 60013971856 ns, Reaching safepoint: 127076 ns, At safepoint: 8210 ns, Total: 135286 ns
[2021-05-03T04:35:39.203+0000][7][safepoint   ] Safepoint "Cleanup", Time since last: 52014503635 ns, Reaching safepoint: 102568 ns, At safepoint: 5457 ns, Total: 108025 ns
[2021-05-03T04:35:40.764+0000][7][gc,start    ] GC(132) Pause Young (Concurrent Start) (G1 Evacuation Pause)
[2021-05-03T04:35:40.764+0000][7][gc,task     ] GC(132) Using 6 workers of 8 for evacuation
[2021-05-03T04:35:40.764+0000][7][gc,age      ] GC(132) Desired survivor size 6291456 bytes, new threshold 15 (max threshold 15)
[2021-05-03T04:35:40.766+0000][7][gc,age      ] GC(132) Age table with threshold 15 (max threshold 15)
[2021-05-03T04:35:40.766+0000][7][gc,age      ] GC(132) - age   1:     786344 bytes,     786344 total
[2021-05-03T04:35:40.766+0000][7][gc,age      ] GC(132) - age   2:        832 bytes,     787176 total
[2021-05-03T04:35:40.766+0000][7][gc,age      ] GC(132) - age   3:        432 bytes,     787608 total
[2021-05-03T04:35:40.766+0000][7][gc,age      ] GC(132) - age   4:        608 bytes,     788216 total
[2021-05-03T04:35:40.766+0000][7][gc,age      ] GC(132) - age   5:      77752 bytes,     865968 total
[2021-05-03T04:35:40.766+0000][7][gc,age      ] GC(132) - age   6:        480 bytes,     866448 total
[2021-05-03T04:35:40.766+0000][7][gc,age      ] GC(132) - age   7:       3824 bytes,     870272 total
[2021-05-03T04:35:40.766+0000][7][gc,age      ] GC(132) - age   8:        912 bytes,     871184 total
[2021-05-03T04:35:40.766+0000][7][gc,age      ] GC(132) - age   9:       4184 bytes,     875368 total
[2021-05-03T04:35:40.766+0000][7][gc,age      ] GC(132) - age  10:     376928 bytes,    1252296 total
[2021-05-03T04:35:40.766+0000][7][gc,age      ] GC(132) - age  11:         96 bytes,    1252392 total
[2021-05-03T04:35:40.766+0000][7][gc,age      ] GC(132) - age  12:        144 bytes,    1252536 total
[2021-05-03T04:35:40.766+0000][7][gc,age      ] GC(132) - age  13:        280 bytes,    1252816 total
[2021-05-03T04:35:40.766+0000][7][gc,age      ] GC(132) - age  14:      18664 bytes,    1271480 total
[2021-05-03T04:35:40.766+0000][7][gc,age      ] GC(132) - age  15:        312 bytes,    1271792 total
[2021-05-03T04:35:40.766+0000][7][gc,phases   ] GC(132)   Pre Evacuate Collection Set: 0.1ms
[2021-05-03T04:35:40.766+0000][7][gc,phases   ] GC(132)   Merge Heap Roots: 0.0ms
[2021-05-03T04:35:40.766+0000][7][gc,phases   ] GC(132)   Evacuate Collection Set: 0.8ms
[2021-05-03T04:35:40.766+0000][7][gc,phases   ] GC(132)   Post Evacuate Collection Set: 0.4ms
[2021-05-03T04:35:40.766+0000][7][gc,phases   ] GC(132)   Other: 0.2ms
[2021-05-03T04:35:40.766+0000][7][gc,heap     ] GC(132) Eden regions: 22->0(22)
[2021-05-03T04:35:40.766+0000][7][gc,heap     ] GC(132) Survivor regions: 1->1(3)
[2021-05-03T04:35:40.766+0000][7][gc,heap     ] GC(132) Old regions: 26->26
[2021-05-03T04:35:40.766+0000][7][gc,heap     ] GC(132) Archive regions: 2->2
[2021-05-03T04:35:40.766+0000][7][gc,heap     ] GC(132) Humongous regions: 2->2
[2021-05-03T04:35:40.766+0000][7][gc,metaspace] GC(132) Metaspace: 108032K(112848K)->108032K(112848K) NonClass: 94150K(97692K)->94150K(97692K) Class: 13881K(15156K)->13881K(15156K)
[2021-05-03T04:35:40.766+0000][7][gc          ] GC(132) Pause Young (Concurrent Start) (G1 Evacuation Pause) 203M->115M(256M) 1.728ms
[2021-05-03T04:35:40.766+0000][7][gc,cpu      ] GC(132) User=0.01s Sys=0.00s Real=0.00s
[2021-05-03T04:35:40.766+0000][7][safepoint   ] Safepoint "G1CollectForAllocation", Time since last: 1561280572 ns, Reaching safepoint: 96007 ns, At safepoint: 1794922 ns, Total: 1890929 ns
[2021-05-03T04:35:40.766+0000][7][gc          ] GC(133) Concurrent Cycle
[2021-05-03T04:35:40.766+0000][7][gc,marking  ] GC(133) Concurrent Clear Claimed Marks
[2021-05-03T04:35:40.766+0000][7][gc,marking  ] GC(133) Concurrent Clear Claimed Marks 0.080ms
[2021-05-03T04:35:40.766+0000][7][gc,marking  ] GC(133) Concurrent Scan Root Regions
[2021-05-03T04:35:40.768+0000][7][gc,marking  ] GC(133) Concurrent Scan Root Regions 1.588ms
[2021-05-03T04:35:40.768+0000][7][gc,marking  ] GC(133) Concurrent Mark (8482.695s)
[2021-05-03T04:35:40.768+0000][7][gc,marking  ] GC(133) Concurrent Mark From Roots
[2021-05-03T04:35:40.768+0000][7][gc,task     ] GC(133) Using 2 workers of 2 for marking
[2021-05-03T04:35:40.849+0000][7][gc,marking  ] GC(133) Concurrent Mark From Roots 81.338ms
[2021-05-03T04:35:40.849+0000][7][gc,marking  ] GC(133) Concurrent Preclean
[2021-05-03T04:35:40.849+0000][7][gc,marking  ] GC(133) Concurrent Preclean 0.209ms
[2021-05-03T04:35:40.849+0000][7][gc,marking  ] GC(133) Concurrent Mark (8482.695s, 8482.777s) 81.602ms
[2021-05-03T04:35:40.850+0000][7][gc,start    ] GC(133) Pause Remark
[2021-05-03T04:35:40.855+0000][7][gc          ] GC(133) Pause Remark 127M->127M(256M) 5.555ms
[2021-05-03T04:35:40.855+0000][7][gc,cpu      ] GC(133) User=0.03s Sys=0.00s Real=0.01s
[2021-05-03T04:35:40.855+0000][7][safepoint   ] Safepoint "G1Concurrent", Time since last: 83416087 ns, Reaching safepoint: 96787 ns, At safepoint: 5630399 ns, Total: 5727186 ns
[2021-05-03T04:35:40.855+0000][7][gc,marking  ] GC(133) Concurrent Rebuild Remembered Sets
[2021-05-03T04:35:40.908+0000][7][gc,marking  ] GC(133) Concurrent Rebuild Remembered Sets 52.754ms
[2021-05-03T04:35:40.908+0000][7][gc,start    ] GC(133) Pause Cleanup
[2021-05-03T04:35:40.908+0000][7][gc          ] GC(133) Pause Cleanup 127M->127M(256M) 0.134ms
[2021-05-03T04:35:40.908+0000][7][gc,cpu      ] GC(133) User=0.00s Sys=0.00s Real=0.00s
[2021-05-03T04:35:40.908+0000][7][safepoint   ] Safepoint "G1Concurrent", Time since last: 52903479 ns, Reaching safepoint: 143797 ns, At safepoint: 181353 ns, Total: 325150 ns
[2021-05-03T04:35:40.908+0000][7][gc,marking  ] GC(133) Concurrent Cleanup for Next Mark
[2021-05-03T04:35:40.909+0000][7][gc,marking  ] GC(133) Concurrent Cleanup for Next Mark 0.195ms
[2021-05-03T04:35:40.909+0000][7][gc          ] GC(133) Concurrent Cycle 142.618ms
[2021-05-03T04:35:42.909+0000][7][safepoint   ] Safepoint "Cleanup", Time since last: 2000604751 ns, Reaching safepoint: 186323 ns, At safepoint: 7716 ns, Total: 194039 ns
[2021-05-03T04:36:08.918+0000][7][safepoint   ] Safepoint "Cleanup", Time since last: 26008794951 ns, Reaching safepoint: 179771 ns, At safepoint: 7745 ns, Total: 187516 ns
[2021-05-03T04:36:14.920+0000][7][safepoint   ] Safepoint "Cleanup", Time since last: 6001898865 ns, Reaching safepoint: 145574 ns, At safepoint: 6988 ns, Total: 152562 ns
[2021-05-03T04:36:17.922+0000][7][safepoint   ] Safepoint "Cleanup", Time since last: 3001271241 ns, Reaching safepoint: 132194 ns, At safepoint: 5344 ns, Total: 137538 ns
[2021-05-03T04:36:38.928+0000][7][safepoint   ] Safepoint "Cleanup", Time since last: 21006576194 ns, Reaching safepoint: 162162 ns, At safepoint: 7973 ns, Total: 170135 ns
[2021-05-03T04:36:43.930+0000][7][safepoint   ] Safepoint "Cleanup", Time since last: 5001047587 ns, Reaching safepoint: 130909 ns, At safepoint: 8544 ns, Total: 139453 ns
[2021-05-03T04:37:42.944+0000][7][safepoint   ] Safepoint "Cleanup", Time since last: 59014560241 ns, Reaching safepoint: 166134 ns, At safepoint: 8663 ns, Total: 174797 ns
[2021-05-03T04:37:44.289+0000][7][gc,start    ] GC(134) Pause Young (Normal) (G1 Evacuation Pause)
[2021-05-03T04:37:44.289+0000][7][gc,task     ] GC(134) Using 6 workers of 8 for evacuation
[2021-05-03T04:37:44.289+0000][7][gc,age      ] GC(134) Desired survivor size 6291456 bytes, new threshold 15 (max threshold 15)
[2021-05-03T04:37:44.290+0000][7][gc,age      ] GC(134) Age table with threshold 15 (max threshold 15)
[2021-05-03T04:37:44.290+0000][7][gc,age      ] GC(134) - age   1:     639104 bytes,     639104 total
[2021-05-03T04:37:44.290+0000][7][gc,age      ] GC(134) - age   2:     180400 bytes,     819504 total
[2021-05-03T04:37:44.290+0000][7][gc,age      ] GC(134) - age   3:        208 bytes,     819712 total
[2021-05-03T04:37:44.290+0000][7][gc,age      ] GC(134) - age   4:        408 bytes,     820120 total
[2021-05-03T04:37:44.290+0000][7][gc,age      ] GC(134) - age   5:        608 bytes,     820728 total
[2021-05-03T04:37:44.290+0000][7][gc,age      ] GC(134) - age   6:       2016 bytes,     822744 total
[2021-05-03T04:37:44.290+0000][7][gc,age      ] GC(134) - age   7:        480 bytes,     823224 total
[2021-05-03T04:37:44.290+0000][7][gc,age      ] GC(134) - age   8:       3824 bytes,     827048 total
[2021-05-03T04:37:44.290+0000][7][gc,age      ] GC(134) - age   9:        912 bytes,     827960 total
[2021-05-03T04:37:44.290+0000][7][gc,age      ] GC(134) - age  10:       4184 bytes,     832144 total
[2021-05-03T04:37:44.290+0000][7][gc,age      ] GC(134) - age  11:     374640 bytes,    1206784 total
[2021-05-03T04:37:44.290+0000][7][gc,age      ] GC(134) - age  12:         96 bytes,    1206880 total
[2021-05-03T04:37:44.290+0000][7][gc,age      ] GC(134) - age  13:        144 bytes,    1207024 total
[2021-05-03T04:37:44.290+0000][7][gc,age      ] GC(134) - age  14:        280 bytes,    1207304 total
[2021-05-03T04:37:44.290+0000][7][gc,age      ] GC(134) - age  15:      18664 bytes,    1225968 total
[2021-05-03T04:37:44.290+0000][7][gc,phases   ] GC(134)   Pre Evacuate Collection Set: 0.0ms
[2021-05-03T04:37:44.290+0000][7][gc,phases   ] GC(134)   Merge Heap Roots: 0.0ms
[2021-05-03T04:37:44.290+0000][7][gc,phases   ] GC(134)   Evacuate Collection Set: 0.9ms
[2021-05-03T04:37:44.290+0000][7][gc,phases   ] GC(134)   Post Evacuate Collection Set: 0.4ms
[2021-05-03T04:37:44.290+0000][7][gc,phases   ] GC(134)   Other: 0.2ms
[2021-05-03T04:37:44.290+0000][7][gc,heap     ] GC(134) Eden regions: 22->0(22)
[2021-05-03T04:37:44.290+0000][7][gc,heap     ] GC(134) Survivor regions: 1->1(3)
[2021-05-03T04:37:44.290+0000][7][gc,heap     ] GC(134) Old regions: 26->26
[2021-05-03T04:37:44.290+0000][7][gc,heap     ] GC(134) Archive regions: 2->2
[2021-05-03T04:37:44.290+0000][7][gc,heap     ] GC(134) Humongous regions: 2->2
[2021-05-03T04:37:44.290+0000][7][gc,metaspace] GC(134) Metaspace: 108041K(112848K)->108041K(112848K) NonClass: 94160K(97692K)->94160K(97692K) Class: 13881K(15156K)->13881K(15156K)
[2021-05-03T04:37:44.290+0000][7][gc          ] GC(134) Pause Young (Normal) (G1 Evacuation Pause) 203M->115M(256M) 1.569ms
[2021-05-03T04:37:44.290+0000][7][gc,cpu      ] GC(134) User=0.00s Sys=0.00s Real=0.00s
[2021-05-03T04:37:44.290+0000][7][safepoint   ] Safepoint "G1CollectForAllocation", Time since last: 1344228232 ns, Reaching safepoint: 99570 ns, At safepoint: 1630995 ns, Total: 1730565 ns
[2021-05-03T04:38:24.297+0000][7][safepoint   ] Safepoint "Cleanup", Time since last: 40006540572 ns, Reaching safepoint: 109896 ns, At safepoint: 6783 ns, Total: 116679 ns
[2021-05-03T04:38:26.297+0000][7][safepoint   ] Safepoint "Cleanup", Time since last: 2000157169 ns, Reaching safepoint: 89732 ns, At safepoint: 6600 ns, Total: 96332 ns
[2021-05-03T04:38:47.300+0000][7][safepoint   ] Safepoint "Cleanup", Time since last: 21002449417 ns, Reaching safepoint: 161282 ns, At safepoint: 10021 ns, Total: 171303 ns
[2021-05-03T04:39:49.542+0000][7][gc,start    ] GC(135) Pause Young (Concurrent Start) (G1 Evacuation Pause)
[2021-05-03T04:39:49.542+0000][7][gc,task     ] GC(135) Using 6 workers of 8 for evacuation
[2021-05-03T04:39:49.542+0000][7][gc,age      ] GC(135) Desired survivor size 6291456 bytes, new threshold 15 (max threshold 15)
[2021-05-03T04:39:49.543+0000][7][gc,age      ] GC(135) Age table with threshold 15 (max threshold 15)
[2021-05-03T04:39:49.543+0000][7][gc,age      ] GC(135) - age   1:     518424 bytes,     518424 total
[2021-05-03T04:39:49.543+0000][7][gc,age      ] GC(135) - age   2:     129496 bytes,     647920 total
[2021-05-03T04:39:49.543+0000][7][gc,age      ] GC(135) - age   3:     149160 bytes,     797080 total
[2021-05-03T04:39:49.543+0000][7][gc,age      ] GC(135) - age   4:        208 bytes,     797288 total
[2021-05-03T04:39:49.543+0000][7][gc,age      ] GC(135) - age   5:        208 bytes,     797496 total
[2021-05-03T04:39:49.543+0000][7][gc,age      ] GC(135) - age   6:        568 bytes,     798064 total
[2021-05-03T04:39:49.543+0000][7][gc,age      ] GC(135) - age   7:       2016 bytes,     800080 total
[2021-05-03T04:39:49.543+0000][7][gc,age      ] GC(135) - age   8:        480 bytes,     800560 total
[2021-05-03T04:39:49.543+0000][7][gc,age      ] GC(135) - age   9:       3800 bytes,     804360 total
[2021-05-03T04:39:49.543+0000][7][gc,age      ] GC(135) - age  10:        912 bytes,     805272 total
[2021-05-03T04:39:49.543+0000][7][gc,age      ] GC(135) - age  11:       4184 bytes,     809456 total
[2021-05-03T04:39:49.543+0000][7][gc,age      ] GC(135) - age  12:     374640 bytes,    1184096 total
[2021-05-03T04:39:49.543+0000][7][gc,age      ] GC(135) - age  13:         96 bytes,    1184192 total
[2021-05-03T04:39:49.543+0000][7][gc,age      ] GC(135) - age  14:        144 bytes,    1184336 total
[2021-05-03T04:39:49.543+0000][7][gc,age      ] GC(135) - age  15:        280 bytes,    1184616 total
[2021-05-03T04:39:49.543+0000][7][gc,phases   ] GC(135)   Pre Evacuate Collection Set: 0.1ms
[2021-05-03T04:39:49.543+0000][7][gc,phases   ] GC(135)   Merge Heap Roots: 0.0ms
[2021-05-03T04:39:49.543+0000][7][gc,phases   ] GC(135)   Evacuate Collection Set: 0.9ms
[2021-05-03T04:39:49.543+0000][7][gc,phases   ] GC(135)   Post Evacuate Collection Set: 0.5ms
[2021-05-03T04:39:49.543+0000][7][gc,phases   ] GC(135)   Other: 0.3ms
[2021-05-03T04:39:49.543+0000][7][gc,heap     ] GC(135) Eden regions: 22->0(22)
[2021-05-03T04:39:49.543+0000][7][gc,heap     ] GC(135) Survivor regions: 1->1(3)
[2021-05-03T04:39:49.543+0000][7][gc,heap     ] GC(135) Old regions: 26->26
[2021-05-03T04:39:49.543+0000][7][gc,heap     ] GC(135) Archive regions: 2->2
[2021-05-03T04:39:49.543+0000][7][gc,heap     ] GC(135) Humongous regions: 2->2
[2021-05-03T04:39:49.544+0000][7][gc,metaspace] GC(135) Metaspace: 108041K(112848K)->108041K(112848K) NonClass: 94160K(97692K)->94160K(97692K) Class: 13881K(15156K)->13881K(15156K)
[2021-05-03T04:39:49.544+0000][7][gc          ] GC(135) Pause Young (Concurrent Start) (G1 Evacuation Pause) 203M->115M(256M) 1.901ms
[2021-05-03T04:39:49.544+0000][7][gc,cpu      ] GC(135) User=0.01s Sys=0.00s Real=0.00s
[2021-05-03T04:39:49.544+0000][7][safepoint   ] Safepoint "G1CollectForAllocation", Time since last: 62241625217 ns, Reaching safepoint: 147586 ns, At safepoint: 1965605 ns, Total: 2113191 ns
[2021-05-03T04:39:49.544+0000][7][gc          ] GC(136) Concurrent Cycle
[2021-05-03T04:39:49.544+0000][7][gc,marking  ] GC(136) Concurrent Clear Claimed Marks
[2021-05-03T04:39:49.544+0000][7][gc,marking  ] GC(136) Concurrent Clear Claimed Marks 0.047ms
[2021-05-03T04:39:49.544+0000][7][gc,marking  ] GC(136) Concurrent Scan Root Regions
[2021-05-03T04:39:49.545+0000][7][gc,marking  ] GC(136) Concurrent Scan Root Regions 0.977ms
[2021-05-03T04:39:49.545+0000][7][gc,marking  ] GC(136) Concurrent Mark (8731.472s)
[2021-05-03T04:39:49.545+0000][7][gc,marking  ] GC(136) Concurrent Mark From Roots
[2021-05-03T04:39:49.545+0000][7][gc,task     ] GC(136) Using 2 workers of 2 for marking
[2021-05-03T04:39:49.625+0000][7][gc,marking  ] GC(136) Concurrent Mark From Roots 80.318ms
[2021-05-03T04:39:49.625+0000][7][gc,marking  ] GC(136) Concurrent Preclean
[2021-05-03T04:39:49.625+0000][7][gc,marking  ] GC(136) Concurrent Preclean 0.222ms
[2021-05-03T04:39:49.625+0000][7][gc,marking  ] GC(136) Concurrent Mark (8731.472s, 8731.553s) 80.590ms
[2021-05-03T04:39:49.625+0000][7][gc,start    ] GC(136) Pause Remark
[2021-05-03T04:39:49.631+0000][7][gc          ] GC(136) Pause Remark 116M->116M(256M) 5.246ms
[2021-05-03T04:39:49.631+0000][7][gc,cpu      ] GC(136) User=0.03s Sys=0.01s Real=0.00s
[2021-05-03T04:39:49.631+0000][7][safepoint   ] Safepoint "G1Concurrent", Time since last: 81754008 ns, Reaching safepoint: 152970 ns, At safepoint: 5320593 ns, Total: 5473563 ns
[2021-05-03T04:39:49.631+0000][7][gc,marking  ] GC(136) Concurrent Rebuild Remembered Sets
[2021-05-03T04:39:49.684+0000][7][gc,marking  ] GC(136) Concurrent Rebuild Remembered Sets 52.794ms
[2021-05-03T04:39:49.684+0000][7][gc,start    ] GC(136) Pause Cleanup
[2021-05-03T04:39:49.684+0000][7][gc          ] GC(136) Pause Cleanup 116M->116M(256M) 0.067ms
[2021-05-03T04:39:49.684+0000][7][gc,cpu      ] GC(136) User=0.00s Sys=0.00s Real=0.00s
[2021-05-03T04:39:49.684+0000][7][safepoint   ] Safepoint "G1Concurrent", Time since last: 52905177 ns, Reaching safepoint: 81431 ns, At safepoint: 105845 ns, Total: 187276 ns
[2021-05-03T04:39:49.684+0000][7][gc,marking  ] GC(136) Concurrent Cleanup for Next Mark
[2021-05-03T04:39:49.684+0000][7][gc,marking  ] GC(136) Concurrent Cleanup for Next Mark 0.171ms
[2021-05-03T04:39:49.684+0000][7][gc          ] GC(136) Concurrent Cycle 140.535ms
[2021-05-03T04:40:09.688+0000][7][safepoint   ] Safepoint "Cleanup", Time since last: 20004363842 ns, Reaching safepoint: 101335 ns, At safepoint: 6744 ns, Total: 108079 ns
[2021-05-03T04:40:56.699+0000][7][safepoint   ] Safepoint "Cleanup", Time since last: 47010761452 ns, Reaching safepoint: 113459 ns, At safepoint: 5722 ns, Total: 119181 ns
[2021-05-03T04:41:42.712+0000][7][safepoint   ] Safepoint "Cleanup", Time since last: 46012130625 ns, Reaching safepoint: 179274 ns, At safepoint: 6926 ns, Total: 186200 ns
[2021-05-03T04:42:14.602+0000][7][gc,start    ] GC(137) Pause Young (Normal) (G1 Evacuation Pause)
[2021-05-03T04:42:14.602+0000][7][gc,task     ] GC(137) Using 6 workers of 8 for evacuation
[2021-05-03T04:42:14.602+0000][7][gc,age      ] GC(137) Desired survivor size 6291456 bytes, new threshold 15 (max threshold 15)
[2021-05-03T04:42:14.604+0000][7][gc,age      ] GC(137) Age table with threshold 15 (max threshold 15)
[2021-05-03T04:42:14.604+0000][7][gc,age      ] GC(137) - age   1:     510880 bytes,     510880 total
[2021-05-03T04:42:14.604+0000][7][gc,age      ] GC(137) - age   2:       3248 bytes,     514128 total
[2021-05-03T04:42:14.604+0000][7][gc,age      ] GC(137) - age   3:     128672 bytes,     642800 total
[2021-05-03T04:42:14.604+0000][7][gc,age      ] GC(137) - age   4:      59520 bytes,     702320 total
[2021-05-03T04:42:14.604+0000][7][gc,age      ] GC(137) - age   5:         48 bytes,     702368 total
[2021-05-03T04:42:14.604+0000][7][gc,age      ] GC(137) - age   6:        208 bytes,     702576 total
[2021-05-03T04:42:14.604+0000][7][gc,age      ] GC(137) - age   7:        568 bytes,     703144 total
[2021-05-03T04:42:14.604+0000][7][gc,age      ] GC(137) - age   8:       2016 bytes,     705160 total
[2021-05-03T04:42:14.604+0000][7][gc,age      ] GC(137) - age   9:        480 bytes,     705640 total
[2021-05-03T04:42:14.604+0000][7][gc,age      ] GC(137) - age  10:       3800 bytes,     709440 total
[2021-05-03T04:42:14.604+0000][7][gc,age      ] GC(137) - age  11:        912 bytes,     710352 total
[2021-05-03T04:42:14.604+0000][7][gc,age      ] GC(137) - age  12:       4184 bytes,     714536 total
[2021-05-03T04:42:14.604+0000][7][gc,age      ] GC(137) - age  13:     374640 bytes,    1089176 total
[2021-05-03T04:42:14.604+0000][7][gc,age      ] GC(137) - age  14:         96 bytes,    1089272 total
[2021-05-03T04:42:14.604+0000][7][gc,age      ] GC(137) - age  15:        144 bytes,    1089416 total
[2021-05-03T04:42:14.604+0000][7][gc,phases   ] GC(137)   Pre Evacuate Collection Set: 0.1ms
[2021-05-03T04:42:14.604+0000][7][gc,phases   ] GC(137)   Merge Heap Roots: 0.1ms
[2021-05-03T04:42:14.604+0000][7][gc,phases   ] GC(137)   Evacuate Collection Set: 0.9ms
[2021-05-03T04:42:14.604+0000][7][gc,phases   ] GC(137)   Post Evacuate Collection Set: 0.5ms
[2021-05-03T04:42:14.604+0000][7][gc,phases   ] GC(137)   Other: 0.2ms
[2021-05-03T04:42:14.604+0000][7][gc,heap     ] GC(137) Eden regions: 22->0(22)
[2021-05-03T04:42:14.604+0000][7][gc,heap     ] GC(137) Survivor regions: 1->1(3)
[2021-05-03T04:42:14.604+0000][7][gc,heap     ] GC(137) Old regions: 26->26
[2021-05-03T04:42:14.604+0000][7][gc,heap     ] GC(137) Archive regions: 2->2
[2021-05-03T04:42:14.604+0000][7][gc,heap     ] GC(137) Humongous regions: 2->2
[2021-05-03T04:42:14.604+0000][7][gc,metaspace] GC(137) Metaspace: 108048K(112848K)->108048K(112848K) NonClass: 94166K(97692K)->94166K(97692K) Class: 13881K(15156K)->13881K(15156K)
[2021-05-03T04:42:14.604+0000][7][gc          ] GC(137) Pause Young (Normal) (G1 Evacuation Pause) 203M->115M(256M) 1.718ms
[2021-05-03T04:42:14.604+0000][7][gc,cpu      ] GC(137) User=0.01s Sys=0.00s Real=0.00s
[2021-05-03T04:42:14.604+0000][7][safepoint   ] Safepoint "G1CollectForAllocation", Time since last: 31890621441 ns, Reaching safepoint: 184025 ns, At safepoint: 1785107 ns, Total: 1969132 ns
[2021-05-03T04:43:42.620+0000][7][safepoint   ] Safepoint "Cleanup", Time since last: 88015918884 ns, Reaching safepoint: 121242 ns, At safepoint: 6238 ns, Total: 127480 ns
[2021-05-03T04:43:47.621+0000][7][safepoint   ] Safepoint "Cleanup", Time since last: 5001035084 ns, Reaching safepoint: 159226 ns, At safepoint: 6255 ns, Total: 165481 ns
[2021-05-03T04:44:05.625+0000][7][safepoint   ] Safepoint "Cleanup", Time since last: 18003497683 ns, Reaching safepoint: 121442 ns, At safepoint: 8864 ns, Total: 130306 ns
[2021-05-03T04:44:09.626+0000][7][safepoint   ] Safepoint "Cleanup", Time since last: 4000663891 ns, Reaching safepoint: 102118 ns, At safepoint: 7029 ns, Total: 109147 ns
[2021-05-03T04:44:35.672+0000][7][gc,start    ] GC(138) Pause Young (Concurrent Start) (G1 Evacuation Pause)
[2021-05-03T04:44:35.672+0000][7][gc,task     ] GC(138) Using 6 workers of 8 for evacuation
[2021-05-03T04:44:35.672+0000][7][gc,age      ] GC(138) Desired survivor size 6291456 bytes, new threshold 15 (max threshold 15)
[2021-05-03T04:44:35.674+0000][7][gc,age      ] GC(138) Age table with threshold 15 (max threshold 15)
[2021-05-03T04:44:35.674+0000][7][gc,age      ] GC(138) - age   1:     518424 bytes,     518424 total
[2021-05-03T04:44:35.674+0000][7][gc,age      ] GC(138) - age   2:       1024 bytes,     519448 total
[2021-05-03T04:44:35.674+0000][7][gc,age      ] GC(138) - age   3:       3032 bytes,     522480 total
[2021-05-03T04:44:35.674+0000][7][gc,age      ] GC(138) - age   4:     128672 bytes,     651152 total
[2021-05-03T04:44:35.674+0000][7][gc,age      ] GC(138) - age   5:      59424 bytes,     710576 total
[2021-05-03T04:44:35.674+0000][7][gc,age      ] GC(138) - age   6:         48 bytes,     710624 total
[2021-05-03T04:44:35.674+0000][7][gc,age      ] GC(138) - age   7:        208 bytes,     710832 total
[2021-05-03T04:44:35.674+0000][7][gc,age      ] GC(138) - age   8:        568 bytes,     711400 total
[2021-05-03T04:44:35.674+0000][7][gc,age      ] GC(138) - age   9:       1776 bytes,     713176 total
[2021-05-03T04:44:35.674+0000][7][gc,age      ] GC(138) - age  10:        480 bytes,     713656 total
[2021-05-03T04:44:35.674+0000][7][gc,age      ] GC(138) - age  11:       3800 bytes,     717456 total
[2021-05-03T04:44:35.674+0000][7][gc,age      ] GC(138) - age  12:        880 bytes,     718336 total
[2021-05-03T04:44:35.674+0000][7][gc,age      ] GC(138) - age  13:       4184 bytes,     722520 total
[2021-05-03T04:44:35.674+0000][7][gc,age      ] GC(138) - age  14:     374640 bytes,    1097160 total
[2021-05-03T04:44:35.674+0000][7][gc,age      ] GC(138) - age  15:         96 bytes,    1097256 total
[2021-05-03T04:44:35.674+0000][7][gc,phases   ] GC(138)   Pre Evacuate Collection Set: 0.1ms
[2021-05-03T04:44:35.674+0000][7][gc,phases   ] GC(138)   Merge Heap Roots: 0.0ms
[2021-05-03T04:44:35.674+0000][7][gc,phases   ] GC(138)   Evacuate Collection Set: 0.7ms
[2021-05-03T04:44:35.674+0000][7][gc,phases   ] GC(138)   Post Evacuate Collection Set: 0.5ms
[2021-05-03T04:44:35.674+0000][7][gc,phases   ] GC(138)   Other: 0.2ms
[2021-05-03T04:44:35.674+0000][7][gc,heap     ] GC(138) Eden regions: 22->0(22)
[2021-05-03T04:44:35.674+0000][7][gc,heap     ] GC(138) Survivor regions: 1->1(3)
[2021-05-03T04:44:35.674+0000][7][gc,heap     ] GC(138) Old regions: 26->26
[2021-05-03T04:44:35.674+0000][7][gc,heap     ] GC(138) Archive regions: 2->2
[2021-05-03T04:44:35.674+0000][7][gc,heap     ] GC(138) Humongous regions: 2->2
[2021-05-03T04:44:35.674+0000][7][gc,metaspace] GC(138) Metaspace: 108048K(112848K)->108048K(112848K) NonClass: 94166K(97692K)->94166K(97692K) Class: 13881K(15156K)->13881K(15156K)
[2021-05-03T04:44:35.674+0000][7][gc          ] GC(138) Pause Young (Concurrent Start) (G1 Evacuation Pause) 203M->115M(256M) 1.646ms
[2021-05-03T04:44:35.674+0000][7][gc,cpu      ] GC(138) User=0.00s Sys=0.01s Real=0.00s
[2021-05-03T04:44:35.674+0000][7][safepoint   ] Safepoint "G1CollectForAllocation", Time since last: 26046447031 ns, Reaching safepoint: 170226 ns, At safepoint: 1708260 ns, Total: 1878486 ns
[2021-05-03T04:44:35.674+0000][7][gc          ] GC(139) Concurrent Cycle
[2021-05-03T04:44:35.674+0000][7][gc,marking  ] GC(139) Concurrent Clear Claimed Marks
[2021-05-03T04:44:35.674+0000][7][gc,marking  ] GC(139) Concurrent Clear Claimed Marks 0.047ms
[2021-05-03T04:44:35.674+0000][7][gc,marking  ] GC(139) Concurrent Scan Root Regions
[2021-05-03T04:44:35.676+0000][7][gc,marking  ] GC(139) Concurrent Scan Root Regions 1.827ms
[2021-05-03T04:44:35.676+0000][7][gc,marking  ] GC(139) Concurrent Mark (9017.604s)
[2021-05-03T04:44:35.676+0000][7][gc,marking  ] GC(139) Concurrent Mark From Roots
[2021-05-03T04:44:35.676+0000][7][gc,task     ] GC(139) Using 2 workers of 2 for marking
[2021-05-03T04:44:35.758+0000][7][gc,marking  ] GC(139) Concurrent Mark From Roots 82.132ms
[2021-05-03T04:44:35.758+0000][7][gc,marking  ] GC(139) Concurrent Preclean
[2021-05-03T04:44:35.758+0000][7][gc,marking  ] GC(139) Concurrent Preclean 0.228ms
[2021-05-03T04:44:35.758+0000][7][gc,marking  ] GC(139) Concurrent Mark (9017.604s, 9017.686s) 82.407ms
[2021-05-03T04:44:35.759+0000][7][gc,start    ] GC(139) Pause Remark
[2021-05-03T04:44:35.764+0000][7][gc          ] GC(139) Pause Remark 117M->117M(256M) 5.418ms
[2021-05-03T04:44:35.764+0000][7][gc,cpu      ] GC(139) User=0.03s Sys=0.00s Real=0.01s
[2021-05-03T04:44:35.764+0000][7][safepoint   ] Safepoint "G1Concurrent", Time since last: 84420961 ns, Reaching safepoint: 89276 ns, At safepoint: 5490985 ns, Total: 5580261 ns
[2021-05-03T04:44:35.764+0000][7][gc,marking  ] GC(139) Concurrent Rebuild Remembered Sets
[2021-05-03T04:44:35.817+0000][7][gc,marking  ] GC(139) Concurrent Rebuild Remembered Sets 52.777ms
[2021-05-03T04:44:35.817+0000][7][gc,start    ] GC(139) Pause Cleanup
[2021-05-03T04:44:35.817+0000][7][gc          ] GC(139) Pause Cleanup 117M->117M(256M) 0.068ms
[2021-05-03T04:44:35.817+0000][7][gc,cpu      ] GC(139) User=0.00s Sys=0.00s Real=0.00s
[2021-05-03T04:44:35.817+0000][7][safepoint   ] Safepoint "G1Concurrent", Time since last: 52920715 ns, Reaching safepoint: 84083 ns, At safepoint: 109182 ns, Total: 193265 ns
[2021-05-03T04:44:35.817+0000][7][gc,marking  ] GC(139) Concurrent Cleanup for Next Mark
[2021-05-03T04:44:35.817+0000][7][gc,marking  ] GC(139) Concurrent Cleanup for Next Mark 0.136ms
[2021-05-03T04:44:35.817+0000][7][gc          ] GC(139) Concurrent Cycle 143.315ms
[2021-05-03T04:45:40.836+0000][7][safepoint   ] Safepoint "Cleanup", Time since last: 65018209955 ns, Reaching safepoint: 157259 ns, At safepoint: 6708 ns, Total: 163967 ns
[2021-05-03T04:46:14.697+0000][7][gc,start    ] GC(140) Pause Young (Normal) (G1 Evacuation Pause)
[2021-05-03T04:46:14.697+0000][7][gc,task     ] GC(140) Using 6 workers of 8 for evacuation
[2021-05-03T04:46:14.697+0000][7][gc,age      ] GC(140) Desired survivor size 6291456 bytes, new threshold 15 (max threshold 15)
[2021-05-03T04:46:14.699+0000][7][gc,age      ] GC(140) Age table with threshold 15 (max threshold 15)
[2021-05-03T04:46:14.699+0000][7][gc,age      ] GC(140) - age   1:     804032 bytes,     804032 total
[2021-05-03T04:46:14.699+0000][7][gc,age      ] GC(140) - age   2:       2424 bytes,     806456 total
[2021-05-03T04:46:14.699+0000][7][gc,age      ] GC(140) - age   3:        680 bytes,     807136 total
[2021-05-03T04:46:14.699+0000][7][gc,age      ] GC(140) - age   4:       2656 bytes,     809792 total
[2021-05-03T04:46:14.699+0000][7][gc,age      ] GC(140) - age   5:       3288 bytes,     813080 total
[2021-05-03T04:46:14.699+0000][7][gc,age      ] GC(140) - age   6:       7352 bytes,     820432 total
[2021-05-03T04:46:14.699+0000][7][gc,age      ] GC(140) - age   7:         48 bytes,     820480 total
[2021-05-03T04:46:14.699+0000][7][gc,age      ] GC(140) - age   9:        568 bytes,     821048 total
[2021-05-03T04:46:14.699+0000][7][gc,age      ] GC(140) - age  10:        528 bytes,     821576 total
[2021-05-03T04:46:14.699+0000][7][gc,age      ] GC(140) - age  11:        480 bytes,     822056 total
[2021-05-03T04:46:14.699+0000][7][gc,age      ] GC(140) - age  12:       3800 bytes,     825856 total
[2021-05-03T04:46:14.699+0000][7][gc,age      ] GC(140) - age  13:        880 bytes,     826736 total
[2021-05-03T04:46:14.699+0000][7][gc,age      ] GC(140) - age  14:       4184 bytes,     830920 total
[2021-05-03T04:46:14.699+0000][7][gc,age      ] GC(140) - age  15:     374640 bytes,    1205560 total
[2021-05-03T04:46:14.699+0000][7][gc,phases   ] GC(140)   Pre Evacuate Collection Set: 0.1ms
[2021-05-03T04:46:14.699+0000][7][gc,phases   ] GC(140)   Merge Heap Roots: 0.1ms
[2021-05-03T04:46:14.699+0000][7][gc,phases   ] GC(140)   Evacuate Collection Set: 0.9ms
[2021-05-03T04:46:14.699+0000][7][gc,phases   ] GC(140)   Post Evacuate Collection Set: 0.5ms
[2021-05-03T04:46:14.699+0000][7][gc,phases   ] GC(140)   Other: 0.2ms
[2021-05-03T04:46:14.699+0000][7][gc,heap     ] GC(140) Eden regions: 22->0(22)
[2021-05-03T04:46:14.699+0000][7][gc,heap     ] GC(140) Survivor regions: 1->1(3)
[2021-05-03T04:46:14.699+0000][7][gc,heap     ] GC(140) Old regions: 26->26
[2021-05-03T04:46:14.699+0000][7][gc,heap     ] GC(140) Archive regions: 2->2
[2021-05-03T04:46:14.699+0000][7][gc,heap     ] GC(140) Humongous regions: 2->2
[2021-05-03T04:46:14.699+0000][7][gc,metaspace] GC(140) Metaspace: 108081K(112848K)->108081K(112848K) NonClass: 94199K(97692K)->94199K(97692K) Class: 13881K(15156K)->13881K(15156K)
[2021-05-03T04:46:14.699+0000][7][gc          ] GC(140) Pause Young (Normal) (G1 Evacuation Pause) 203M->115M(256M) 1.820ms
[2021-05-03T04:46:14.699+0000][7][gc,cpu      ] GC(140) User=0.00s Sys=0.00s Real=0.00s
[2021-05-03T04:46:14.699+0000][7][safepoint   ] Safepoint "G1CollectForAllocation", Time since last: 33861261076 ns, Reaching safepoint: 180387 ns, At safepoint: 1883331 ns, Total: 2063718 ns
[2021-05-03T04:46:39.705+0000][7][safepoint   ] Safepoint "Cleanup", Time since last: 25006153824 ns, Reaching safepoint: 103291 ns, At safepoint: 6209 ns, Total: 109500 ns
[2021-05-03T04:46:42.706+0000][7][safepoint   ] Safepoint "Cleanup", Time since last: 3001092842 ns, Reaching safepoint: 103777 ns, At safepoint: 6328 ns, Total: 110105 ns
[2021-05-03T04:47:39.721+0000][7][safepoint   ] Safepoint "Cleanup", Time since last: 57014688987 ns, Reaching safepoint: 90286 ns, At safepoint: 5146 ns, Total: 95432 ns
[2021-05-03T04:48:34.871+0000][7][gc,start    ] GC(141) Pause Young (Concurrent Start) (G1 Evacuation Pause)
[2021-05-03T04:48:34.871+0000][7][gc,task     ] GC(141) Using 6 workers of 8 for evacuation
[2021-05-03T04:48:34.871+0000][7][gc,age      ] GC(141) Desired survivor size 6291456 bytes, new threshold 15 (max threshold 15)
[2021-05-03T04:48:34.873+0000][7][gc,age      ] GC(141) Age table with threshold 15 (max threshold 15)
[2021-05-03T04:48:34.873+0000][7][gc,age      ] GC(141) - age   1:     517984 bytes,     517984 total
[2021-05-03T04:48:34.873+0000][7][gc,age      ] GC(141) - age   2:     293792 bytes,     811776 total
[2021-05-03T04:48:34.873+0000][7][gc,age      ] GC(141) - age   3:       2176 bytes,     813952 total
[2021-05-03T04:48:34.873+0000][7][gc,age      ] GC(141) - age   4:        680 bytes,     814632 total
[2021-05-03T04:48:34.873+0000][7][gc,age      ] GC(141) - age   5:       2656 bytes,     817288 total
[2021-05-03T04:48:34.873+0000][7][gc,age      ] GC(141) - age   6:       3264 bytes,     820552 total
[2021-05-03T04:48:34.873+0000][7][gc,age      ] GC(141) - age   7:       7352 bytes,     827904 total
[2021-05-03T04:48:34.873+0000][7][gc,age      ] GC(141) - age   8:         48 bytes,     827952 total
[2021-05-03T04:48:34.873+0000][7][gc,age      ] GC(141) - age  10:        568 bytes,     828520 total
[2021-05-03T04:48:34.873+0000][7][gc,age      ] GC(141) - age  11:        528 bytes,     829048 total
[2021-05-03T04:48:34.873+0000][7][gc,age      ] GC(141) - age  12:        480 bytes,     829528 total
[2021-05-03T04:48:34.873+0000][7][gc,age      ] GC(141) - age  13:       3800 bytes,     833328 total
[2021-05-03T04:48:34.873+0000][7][gc,age      ] GC(141) - age  14:        880 bytes,     834208 total
[2021-05-03T04:48:34.873+0000][7][gc,age      ] GC(141) - age  15:       4184 bytes,     838392 total
[2021-05-03T04:48:34.873+0000][7][gc,phases   ] GC(141)   Pre Evacuate Collection Set: 0.1ms
[2021-05-03T04:48:34.873+0000][7][gc,phases   ] GC(141)   Merge Heap Roots: 0.0ms
[2021-05-03T04:48:34.873+0000][7][gc,phases   ] GC(141)   Evacuate Collection Set: 0.8ms
[2021-05-03T04:48:34.873+0000][7][gc,phases   ] GC(141)   Post Evacuate Collection Set: 0.4ms
[2021-05-03T04:48:34.873+0000][7][gc,phases   ] GC(141)   Other: 0.2ms
[2021-05-03T04:48:34.873+0000][7][gc,heap     ] GC(141) Eden regions: 22->0(22)
[2021-05-03T04:48:34.873+0000][7][gc,heap     ] GC(141) Survivor regions: 1->1(3)
[2021-05-03T04:48:34.873+0000][7][gc,heap     ] GC(141) Old regions: 26->26
[2021-05-03T04:48:34.873+0000][7][gc,heap     ] GC(141) Archive regions: 2->2
[2021-05-03T04:48:34.873+0000][7][gc,heap     ] GC(141) Humongous regions: 2->2
[2021-05-03T04:48:34.873+0000][7][gc,metaspace] GC(141) Metaspace: 108081K(112848K)->108081K(112848K) NonClass: 94199K(97692K)->94199K(97692K) Class: 13881K(15156K)->13881K(15156K)
[2021-05-03T04:48:34.873+0000][7][gc          ] GC(141) Pause Young (Concurrent Start) (G1 Evacuation Pause) 203M->115M(256M) 1.733ms
[2021-05-03T04:48:34.873+0000][7][gc,cpu      ] GC(141) User=0.00s Sys=0.00s Real=0.01s
[2021-05-03T04:48:34.873+0000][7][safepoint   ] Safepoint "G1CollectForAllocation", Time since last: 55149736437 ns, Reaching safepoint: 99594 ns, At safepoint: 1796233 ns, Total: 1895827 ns
[2021-05-03T04:48:34.873+0000][7][gc          ] GC(142) Concurrent Cycle
[2021-05-03T04:48:34.873+0000][7][gc,marking  ] GC(142) Concurrent Clear Claimed Marks
[2021-05-03T04:48:34.873+0000][7][gc,marking  ] GC(142) Concurrent Clear Claimed Marks 0.048ms
[2021-05-03T04:48:34.873+0000][7][gc,marking  ] GC(142) Concurrent Scan Root Regions
[2021-05-03T04:48:34.874+0000][7][gc,marking  ] GC(142) Concurrent Scan Root Regions 0.770ms
[2021-05-03T04:48:34.874+0000][7][gc,marking  ] GC(142) Concurrent Mark (9256.801s)
[2021-05-03T04:48:34.874+0000][7][gc,marking  ] GC(142) Concurrent Mark From Roots
[2021-05-03T04:48:34.874+0000][7][gc,task     ] GC(142) Using 2 workers of 2 for marking
[2021-05-03T04:48:34.954+0000][7][gc,marking  ] GC(142) Concurrent Mark From Roots 80.465ms
[2021-05-03T04:48:34.954+0000][7][gc,marking  ] GC(142) Concurrent Preclean
[2021-05-03T04:48:34.954+0000][7][gc,marking  ] GC(142) Concurrent Preclean 0.205ms
[2021-05-03T04:48:34.954+0000][7][gc,marking  ] GC(142) Concurrent Mark (9256.801s, 9256.882s) 80.718ms
[2021-05-03T04:48:34.955+0000][7][gc,start    ] GC(142) Pause Remark
[2021-05-03T04:48:34.960+0000][7][gc          ] GC(142) Pause Remark 115M->115M(256M) 5.070ms
[2021-05-03T04:48:34.960+0000][7][gc,cpu      ] GC(142) User=0.03s Sys=0.00s Real=0.00s
[2021-05-03T04:48:34.960+0000][7][safepoint   ] Safepoint "G1Concurrent", Time since last: 81676376 ns, Reaching safepoint: 106101 ns, At safepoint: 5145066 ns, Total: 5251167 ns
[2021-05-03T04:48:34.960+0000][7][gc,marking  ] GC(142) Concurrent Rebuild Remembered Sets
[2021-05-03T04:48:35.014+0000][7][gc,marking  ] GC(142) Concurrent Rebuild Remembered Sets 53.794ms
[2021-05-03T04:48:35.014+0000][7][gc,start    ] GC(142) Pause Cleanup
[2021-05-03T04:48:35.014+0000][7][gc          ] GC(142) Pause Cleanup 115M->115M(256M) 0.068ms
[2021-05-03T04:48:35.014+0000][7][gc,cpu      ] GC(142) User=0.00s Sys=0.00s Real=0.00s
[2021-05-03T04:48:35.014+0000][7][safepoint   ] Safepoint "G1Concurrent", Time since last: 53953249 ns, Reaching safepoint: 96258 ns, At safepoint: 108102 ns, Total: 204360 ns
[2021-05-03T04:48:35.014+0000][7][gc,marking  ] GC(142) Concurrent Cleanup for Next Mark
[2021-05-03T04:48:35.014+0000][7][gc,marking  ] GC(142) Concurrent Cleanup for Next Mark 0.115ms
[2021-05-03T04:48:35.014+0000][7][gc          ] GC(142) Concurrent Cycle 141.196ms
[2021-05-03T04:49:35.032+0000][7][safepoint   ] Safepoint "Cleanup", Time since last: 60017522805 ns, Reaching safepoint: 95628 ns, At safepoint: 6410 ns, Total: 102038 ns
[2021-05-03T04:50:42.050+0000][7][safepoint   ] Safepoint "Cleanup", Time since last: 67018169714 ns, Reaching safepoint: 108878 ns, At safepoint: 5706 ns, Total: 114584 ns
[2021-05-03T04:50:44.801+0000][7][gc,start    ] GC(143) Pause Young (Normal) (G1 Evacuation Pause)
[2021-05-03T04:50:44.801+0000][7][gc,task     ] GC(143) Using 6 workers of 8 for evacuation
[2021-05-03T04:50:44.801+0000][7][gc,age      ] GC(143) Desired survivor size 6291456 bytes, new threshold 15 (max threshold 15)
[2021-05-03T04:50:44.802+0000][7][gc,age      ] GC(143) Age table with threshold 15 (max threshold 15)
[2021-05-03T04:50:44.802+0000][7][gc,age      ] GC(143) - age   1:     520000 bytes,     520000 total
[2021-05-03T04:50:44.802+0000][7][gc,age      ] GC(143) - age   2:       1304 bytes,     521304 total
[2021-05-03T04:50:44.802+0000][7][gc,age      ] GC(143) - age   3:     172344 bytes,     693648 total
[2021-05-03T04:50:44.802+0000][7][gc,age      ] GC(143) - age   4:       2080 bytes,     695728 total
[2021-05-03T04:50:44.802+0000][7][gc,age      ] GC(143) - age   5:        680 bytes,     696408 total
[2021-05-03T04:50:44.802+0000][7][gc,age      ] GC(143) - age   6:       2656 bytes,     699064 total
[2021-05-03T04:50:44.802+0000][7][gc,age      ] GC(143) - age   7:       3264 bytes,     702328 total
[2021-05-03T04:50:44.802+0000][7][gc,age      ] GC(143) - age   8:       7352 bytes,     709680 total
[2021-05-03T04:50:44.803+0000][7][gc,age      ] GC(143) - age   9:         48 bytes,     709728 total
[2021-05-03T04:50:44.803+0000][7][gc,age      ] GC(143) - age  11:        568 bytes,     710296 total
[2021-05-03T04:50:44.803+0000][7][gc,age      ] GC(143) - age  12:        528 bytes,     710824 total
[2021-05-03T04:50:44.803+0000][7][gc,age      ] GC(143) - age  13:        480 bytes,     711304 total
[2021-05-03T04:50:44.803+0000][7][gc,age      ] GC(143) - age  14:       3800 bytes,     715104 total
[2021-05-03T04:50:44.803+0000][7][gc,age      ] GC(143) - age  15:        880 bytes,     715984 total
[2021-05-03T04:50:44.803+0000][7][gc,phases   ] GC(143)   Pre Evacuate Collection Set: 0.0ms
[2021-05-03T04:50:44.803+0000][7][gc,phases   ] GC(143)   Merge Heap Roots: 0.1ms
[2021-05-03T04:50:44.803+0000][7][gc,phases   ] GC(143)   Evacuate Collection Set: 0.9ms
[2021-05-03T04:50:44.803+0000][7][gc,phases   ] GC(143)   Post Evacuate Collection Set: 0.6ms
[2021-05-03T04:50:44.803+0000][7][gc,phases   ] GC(143)   Other: 0.2ms
[2021-05-03T04:50:44.803+0000][7][gc,heap     ] GC(143) Eden regions: 22->0(22)
[2021-05-03T04:50:44.803+0000][7][gc,heap     ] GC(143) Survivor regions: 1->1(3)
[2021-05-03T04:50:44.803+0000][7][gc,heap     ] GC(143) Old regions: 26->26
[2021-05-03T04:50:44.803+0000][7][gc,heap     ] GC(143) Archive regions: 2->2
[2021-05-03T04:50:44.803+0000][7][gc,heap     ] GC(143) Humongous regions: 2->2
[2021-05-03T04:50:44.803+0000][7][gc,metaspace] GC(143) Metaspace: 108081K(112848K)->108081K(112848K) NonClass: 94199K(97692K)->94199K(97692K) Class: 13881K(15156K)->13881K(15156K)
[2021-05-03T04:50:44.803+0000][7][gc          ] GC(143) Pause Young (Normal) (G1 Evacuation Pause) 203M->115M(256M) 1.811ms
[2021-05-03T04:50:44.803+0000][7][gc,cpu      ] GC(143) User=0.00s Sys=0.00s Real=0.00s
[2021-05-03T04:50:44.803+0000][7][safepoint   ] Safepoint "G1CollectForAllocation", Time since last: 2750897669 ns, Reaching safepoint: 104758 ns, At safepoint: 1874127 ns, Total: 1978885 ns
[2021-05-03T04:53:04.859+0000][7][gc,start    ] GC(144) Pause Young (Concurrent Start) (G1 Evacuation Pause)
[2021-05-03T04:53:04.859+0000][7][gc,task     ] GC(144) Using 6 workers of 8 for evacuation
[2021-05-03T04:53:04.860+0000][7][gc,age      ] GC(144) Desired survivor size 6291456 bytes, new threshold 15 (max threshold 15)
[2021-05-03T04:53:04.861+0000][7][gc,age      ] GC(144) Age table with threshold 15 (max threshold 15)
[2021-05-03T04:53:04.861+0000][7][gc,age      ] GC(144) - age   1:     506848 bytes,     506848 total
[2021-05-03T04:53:04.861+0000][7][gc,age      ] GC(144) - age   2:        464 bytes,     507312 total
[2021-05-03T04:53:04.861+0000][7][gc,age      ] GC(144) - age   3:       1256 bytes,     508568 total
[2021-05-03T04:53:04.861+0000][7][gc,age      ] GC(144) - age   4:     172344 bytes,     680912 total
[2021-05-03T04:53:04.861+0000][7][gc,age      ] GC(144) - age   5:       2080 bytes,     682992 total
[2021-05-03T04:53:04.861+0000][7][gc,age      ] GC(144) - age   6:        680 bytes,     683672 total
[2021-05-03T04:53:04.861+0000][7][gc,age      ] GC(144) - age   7:       2656 bytes,     686328 total
[2021-05-03T04:53:04.861+0000][7][gc,age      ] GC(144) - age   8:       3024 bytes,     689352 total
[2021-05-03T04:53:04.861+0000][7][gc,age      ] GC(144) - age   9:       7352 bytes,     696704 total
[2021-05-03T04:53:04.861+0000][7][gc,age      ] GC(144) - age  10:         48 bytes,     696752 total
[2021-05-03T04:53:04.861+0000][7][gc,age      ] GC(144) - age  12:        568 bytes,     697320 total
[2021-05-03T04:53:04.861+0000][7][gc,age      ] GC(144) - age  13:        528 bytes,     697848 total
[2021-05-03T04:53:04.861+0000][7][gc,age      ] GC(144) - age  14:        480 bytes,     698328 total
[2021-05-03T04:53:04.861+0000][7][gc,age      ] GC(144) - age  15:       3800 bytes,     702128 total
[2021-05-03T04:53:04.861+0000][7][gc,phases   ] GC(144)   Pre Evacuate Collection Set: 0.1ms
[2021-05-03T04:53:04.861+0000][7][gc,phases   ] GC(144)   Merge Heap Roots: 0.0ms
[2021-05-03T04:53:04.861+0000][7][gc,phases   ] GC(144)   Evacuate Collection Set: 0.8ms
[2021-05-03T04:53:04.861+0000][7][gc,phases   ] GC(144)   Post Evacuate Collection Set: 0.4ms
[2021-05-03T04:53:04.861+0000][7][gc,phases   ] GC(144)   Other: 0.2ms
[2021-05-03T04:53:04.861+0000][7][gc,heap     ] GC(144) Eden regions: 22->0(22)
[2021-05-03T04:53:04.861+0000][7][gc,heap     ] GC(144) Survivor regions: 1->1(3)
[2021-05-03T04:53:04.861+0000][7][gc,heap     ] GC(144) Old regions: 26->26
[2021-05-03T04:53:04.861+0000][7][gc,heap     ] GC(144) Archive regions: 2->2
[2021-05-03T04:53:04.861+0000][7][gc,heap     ] GC(144) Humongous regions: 2->2
[2021-05-03T04:53:04.861+0000][7][gc,metaspace] GC(144) Metaspace: 108082K(112848K)->108082K(112848K) NonClass: 94200K(97692K)->94200K(97692K) Class: 13881K(15156K)->13881K(15156K)
[2021-05-03T04:53:04.861+0000][7][gc          ] GC(144) Pause Young (Concurrent Start) (G1 Evacuation Pause) 203M->115M(256M) 1.639ms
[2021-05-03T04:53:04.861+0000][7][gc,cpu      ] GC(144) User=0.01s Sys=0.00s Real=0.01s
[2021-05-03T04:53:04.861+0000][7][safepoint   ] Safepoint "G1CollectForAllocation", Time since last: 140056585049 ns, Reaching safepoint: 167658 ns, At safepoint: 1705950 ns, Total: 1873608 ns
[2021-05-03T04:53:04.861+0000][7][gc          ] GC(145) Concurrent Cycle
[2021-05-03T04:53:04.861+0000][7][gc,marking  ] GC(145) Concurrent Clear Claimed Marks
[2021-05-03T04:53:04.861+0000][7][gc,marking  ] GC(145) Concurrent Clear Claimed Marks 0.052ms
[2021-05-03T04:53:04.861+0000][7][gc,marking  ] GC(145) Concurrent Scan Root Regions
[2021-05-03T04:53:04.862+0000][7][gc,marking  ] GC(145) Concurrent Scan Root Regions 1.156ms
[2021-05-03T04:53:04.862+0000][7][gc,marking  ] GC(145) Concurrent Mark (9526.790s)
[2021-05-03T04:53:04.862+0000][7][gc,marking  ] GC(145) Concurrent Mark From Roots
[2021-05-03T04:53:04.862+0000][7][gc,task     ] GC(145) Using 2 workers of 2 for marking
[2021-05-03T04:53:04.942+0000][7][gc,marking  ] GC(145) Concurrent Mark From Roots 79.496ms
[2021-05-03T04:53:04.942+0000][7][gc,marking  ] GC(145) Concurrent Preclean
[2021-05-03T04:53:04.942+0000][7][gc,marking  ] GC(145) Concurrent Preclean 0.208ms
[2021-05-03T04:53:04.942+0000][7][gc,marking  ] GC(145) Concurrent Mark (9526.790s, 9526.870s) 79.752ms
[2021-05-03T04:53:04.942+0000][7][gc,start    ] GC(145) Pause Remark
[2021-05-03T04:53:04.952+0000][7][gc          ] GC(145) Pause Remark 115M->115M(256M) 9.826ms
[2021-05-03T04:53:04.952+0000][7][gc,cpu      ] GC(145) User=0.05s Sys=0.00s Real=0.01s
[2021-05-03T04:53:04.952+0000][7][safepoint   ] Safepoint "G1Concurrent", Time since last: 81096628 ns, Reaching safepoint: 126330 ns, At safepoint: 9901303 ns, Total: 10027633 ns
[2021-05-03T04:53:04.952+0000][7][gc,marking  ] GC(145) Concurrent Rebuild Remembered Sets
[2021-05-03T04:53:05.005+0000][7][gc,marking  ] GC(145) Concurrent Rebuild Remembered Sets 52.668ms
[2021-05-03T04:53:05.005+0000][7][gc,start    ] GC(145) Pause Cleanup
[2021-05-03T04:53:05.005+0000][7][gc          ] GC(145) Pause Cleanup 115M->115M(256M) 0.064ms
[2021-05-03T04:53:05.005+0000][7][gc,cpu      ] GC(145) User=0.00s Sys=0.00s Real=0.00s
[2021-05-03T04:53:05.005+0000][7][safepoint   ] Safepoint "G1Concurrent", Time since last: 52772991 ns, Reaching safepoint: 130687 ns, At safepoint: 103438 ns, Total: 234125 ns
[2021-05-03T04:53:05.005+0000][7][gc,marking  ] GC(145) Concurrent Cleanup for Next Mark
[2021-05-03T04:53:05.005+0000][7][gc,marking  ] GC(145) Concurrent Cleanup for Next Mark 0.113ms
[2021-05-03T04:53:05.005+0000][7][gc          ] GC(145) Concurrent Cycle 144.290ms
[2021-05-03T04:53:06.006+0000][7][safepoint   ] Safepoint "Cleanup", Time since last: 1000486929 ns, Reaching safepoint: 127798 ns, At safepoint: 6204 ns, Total: 134002 ns
[2021-05-03T04:53:08.007+0000][7][safepoint   ] Safepoint "Cleanup", Time since last: 2000925571 ns, Reaching safepoint: 115145 ns, At safepoint: 5517 ns, Total: 120662 ns
[2021-05-03T04:53:09.007+0000][7][safepoint   ] Safepoint "Cleanup", Time since last: 1000151563 ns, Reaching safepoint: 169447 ns, At safepoint: 7577 ns, Total: 177024 ns
[2021-05-03T04:53:10.008+0000][7][safepoint   ] Safepoint "Cleanup", Time since last: 1000305264 ns, Reaching safepoint: 90204 ns, At safepoint: 5305 ns, Total: 95509 ns
[2021-05-03T04:53:14.008+0000][7][safepoint   ] Safepoint "Cleanup", Time since last: 4000636812 ns, Reaching safepoint: 156002 ns, At safepoint: 6808 ns, Total: 162810 ns
[2021-05-03T04:53:15.009+0000][7][safepoint   ] Safepoint "Cleanup", Time since last: 1000522668 ns, Reaching safepoint: 113906 ns, At safepoint: 5399 ns, Total: 119305 ns
[2021-05-03T04:53:17.010+0000][7][safepoint   ] Safepoint "Cleanup", Time since last: 2000896163 ns, Reaching safepoint: 167261 ns, At safepoint: 6508 ns, Total: 173769 ns
[2021-05-03T04:53:18.011+0000][7][safepoint   ] Safepoint "Cleanup", Time since last: 1000454681 ns, Reaching safepoint: 168393 ns, At safepoint: 4782 ns, Total: 173175 ns
[2021-05-03T04:53:39.017+0000][7][safepoint   ] Safepoint "Cleanup", Time since last: 21006101406 ns, Reaching safepoint: 86370 ns, At safepoint: 5087 ns, Total: 91457 ns
[2021-05-03T04:53:42.018+0000][7][safepoint   ] Safepoint "Cleanup", Time since last: 3000731077 ns, Reaching safepoint: 172495 ns, At safepoint: 5146 ns, Total: 177641 ns
[2021-05-03T04:54:30.029+0000][7][safepoint   ] Safepoint "Cleanup", Time since last: 48010679165 ns, Reaching safepoint: 120212 ns, At safepoint: 5967 ns, Total: 126179 ns
[2021-05-03T04:54:39.032+0000][7][safepoint   ] Safepoint "Cleanup", Time since last: 9002714473 ns, Reaching safepoint: 124041 ns, At safepoint: 5610 ns, Total: 129651 ns
[2021-05-03T04:54:42.032+0000][7][safepoint   ] Safepoint "Cleanup", Time since last: 3000695676 ns, Reaching safepoint: 165278 ns, At safepoint: 6673 ns, Total: 171951 ns
[2021-05-03T04:54:43.033+0000][7][safepoint   ] Safepoint "Cleanup", Time since last: 1000317061 ns, Reaching safepoint: 162733 ns, At safepoint: 7159 ns, Total: 169892 ns
[2021-05-03T04:54:44.033+0000][7][safepoint   ] Safepoint "Cleanup", Time since last: 1000237753 ns, Reaching safepoint: 186303 ns, At safepoint: 6645 ns, Total: 192948 ns
[2021-05-03T04:55:06.040+0000][7][safepoint   ] Safepoint "Cleanup", Time since last: 22006842728 ns, Reaching safepoint: 124523 ns, At safepoint: 5582 ns, Total: 130105 ns
[2021-05-03T04:55:14.964+0000][7][gc,start    ] GC(146) Pause Young (Normal) (G1 Evacuation Pause)
[2021-05-03T04:55:14.964+0000][7][gc,task     ] GC(146) Using 6 workers of 8 for evacuation
[2021-05-03T04:55:14.964+0000][7][gc,age      ] GC(146) Desired survivor size 6291456 bytes, new threshold 15 (max threshold 15)
[2021-05-03T04:55:14.966+0000][7][gc,age      ] GC(146) Age table with threshold 15 (max threshold 15)
[2021-05-03T04:55:14.966+0000][7][gc,age      ] GC(146) - age   1:     906144 bytes,     906144 total
[2021-05-03T04:55:14.966+0000][7][gc,age      ] GC(146) - age   2:        136 bytes,     906280 total
[2021-05-03T04:55:14.966+0000][7][gc,age      ] GC(146) - age   3:        200 bytes,     906480 total
[2021-05-03T04:55:14.966+0000][7][gc,age      ] GC(146) - age   4:       1256 bytes,     907736 total
[2021-05-03T04:55:14.966+0000][7][gc,age      ] GC(146) - age   5:     169752 bytes,    1077488 total
[2021-05-03T04:55:14.966+0000][7][gc,age      ] GC(146) - age   6:       2080 bytes,    1079568 total
[2021-05-03T04:55:14.966+0000][7][gc,age      ] GC(146) - age   7:        680 bytes,    1080248 total
[2021-05-03T04:55:14.966+0000][7][gc,age      ] GC(146) - age   8:       2656 bytes,    1082904 total
[2021-05-03T04:55:14.966+0000][7][gc,age      ] GC(146) - age   9:       3024 bytes,    1085928 total
[2021-05-03T04:55:14.966+0000][7][gc,age      ] GC(146) - age  10:       7352 bytes,    1093280 total
[2021-05-03T04:55:14.966+0000][7][gc,age      ] GC(146) - age  11:         48 bytes,    1093328 total
[2021-05-03T04:55:14.966+0000][7][gc,age      ] GC(146) - age  13:        568 bytes,    1093896 total
[2021-05-03T04:55:14.966+0000][7][gc,age      ] GC(146) - age  14:        528 bytes,    1094424 total
[2021-05-03T04:55:14.966+0000][7][gc,age      ] GC(146) - age  15:        480 bytes,    1094904 total
[2021-05-03T04:55:14.966+0000][7][gc,phases   ] GC(146)   Pre Evacuate Collection Set: 0.0ms
[2021-05-03T04:55:14.966+0000][7][gc,phases   ] GC(146)   Merge Heap Roots: 0.0ms
[2021-05-03T04:55:14.966+0000][7][gc,phases   ] GC(146)   Evacuate Collection Set: 0.8ms
[2021-05-03T04:55:14.966+0000][7][gc,phases   ] GC(146)   Post Evacuate Collection Set: 0.6ms
[2021-05-03T04:55:14.966+0000][7][gc,phases   ] GC(146)   Other: 0.2ms
[2021-05-03T04:55:14.966+0000][7][gc,heap     ] GC(146) Eden regions: 22->0(22)
[2021-05-03T04:55:14.966+0000][7][gc,heap     ] GC(146) Survivor regions: 1->1(3)
[2021-05-03T04:55:14.966+0000][7][gc,heap     ] GC(146) Old regions: 26->26
[2021-05-03T04:55:14.966+0000][7][gc,heap     ] GC(146) Archive regions: 2->2
[2021-05-03T04:55:14.966+0000][7][gc,heap     ] GC(146) Humongous regions: 2->2
[2021-05-03T04:55:14.966+0000][7][gc,metaspace] GC(146) Metaspace: 108071K(112848K)->108071K(112848K) NonClass: 94190K(97692K)->94190K(97692K) Class: 13880K(15156K)->13880K(15156K)
[2021-05-03T04:55:14.966+0000][7][gc          ] GC(146) Pause Young (Normal) (G1 Evacuation Pause) 203M->115M(256M) 1.705ms
[2021-05-03T04:55:14.966+0000][7][gc,cpu      ] GC(146) User=0.00s Sys=0.00s Real=0.00s
[2021-05-03T04:55:14.966+0000][7][safepoint   ] Safepoint "G1CollectForAllocation", Time since last: 8923786736 ns, Reaching safepoint: 93373 ns, At safepoint: 1765497 ns, Total: 1858870 ns
[2021-05-03T04:55:40.973+0000][7][safepoint   ] Safepoint "Cleanup", Time since last: 26006783403 ns, Reaching safepoint: 230928 ns, At safepoint: 6538 ns, Total: 237466 ns
[2021-05-03T04:55:41.973+0000][7][safepoint   ] Safepoint "Cleanup", Time since last: 1000327492 ns, Reaching safepoint: 107279 ns, At safepoint: 5756 ns, Total: 113035 ns
[2021-05-03T04:55:42.974+0000][7][safepoint   ] Safepoint "Cleanup", Time since last: 1000098374 ns, Reaching safepoint: 179215 ns, At safepoint: 7239 ns, Total: 186454 ns
[2021-05-03T04:56:08.981+0000][7][safepoint   ] Safepoint "Cleanup", Time since last: 26007164338 ns, Reaching safepoint: 101015 ns, At safepoint: 5618 ns, Total: 106633 ns
[2021-05-03T04:56:17.984+0000][7][safepoint   ] Safepoint "Cleanup", Time since last: 9002619871 ns, Reaching safepoint: 89159 ns, At safepoint: 6842 ns, Total: 96001 ns
[2021-05-03T04:57:02.599+0000][7][gc,start    ] GC(147) Pause Young (Concurrent Start) (G1 Evacuation Pause)
[2021-05-03T04:57:02.599+0000][7][gc,task     ] GC(147) Using 6 workers of 8 for evacuation
[2021-05-03T04:57:02.599+0000][7][gc,age      ] GC(147) Desired survivor size 6291456 bytes, new threshold 15 (max threshold 15)
[2021-05-03T04:57:02.600+0000][7][gc,age      ] GC(147) Age table with threshold 15 (max threshold 15)
[2021-05-03T04:57:02.600+0000][7][gc,age      ] GC(147) - age   1:     808912 bytes,     808912 total
[2021-05-03T04:57:02.600+0000][7][gc,age      ] GC(147) - age   2:     362416 bytes,    1171328 total
[2021-05-03T04:57:02.600+0000][7][gc,age      ] GC(147) - age   3:        136 bytes,    1171464 total
[2021-05-03T04:57:02.600+0000][7][gc,age      ] GC(147) - age   5:        984 bytes,    1172448 total
[2021-05-03T04:57:02.600+0000][7][gc,age      ] GC(147) - age   6:      20568 bytes,    1193016 total
[2021-05-03T04:57:02.600+0000][7][gc,age      ] GC(147) - age   7:       1984 bytes,    1195000 total
[2021-05-03T04:57:02.600+0000][7][gc,age      ] GC(147) - age   8:        680 bytes,    1195680 total
[2021-05-03T04:57:02.600+0000][7][gc,age      ] GC(147) - age   9:       2608 bytes,    1198288 total
[2021-05-03T04:57:02.600+0000][7][gc,age      ] GC(147) - age  10:        736 bytes,    1199024 total
[2021-05-03T04:57:02.600+0000][7][gc,age      ] GC(147) - age  11:       5224 bytes,    1204248 total
[2021-05-03T04:57:02.600+0000][7][gc,age      ] GC(147) - age  12:         48 bytes,    1204296 total
[2021-05-03T04:57:02.601+0000][7][gc,age      ] GC(147) - age  14:        568 bytes,    1204864 total
[2021-05-03T04:57:02.601+0000][7][gc,age      ] GC(147) - age  15:        528 bytes,    1205392 total
[2021-05-03T04:57:02.601+0000][7][gc,phases   ] GC(147)   Pre Evacuate Collection Set: 0.1ms
[2021-05-03T04:57:02.601+0000][7][gc,phases   ] GC(147)   Merge Heap Roots: 0.1ms
[2021-05-03T04:57:02.601+0000][7][gc,phases   ] GC(147)   Evacuate Collection Set: 1.1ms
[2021-05-03T04:57:02.601+0000][7][gc,phases   ] GC(147)   Post Evacuate Collection Set: 0.4ms
[2021-05-03T04:57:02.601+0000][7][gc,phases   ] GC(147)   Other: 0.2ms
[2021-05-03T04:57:02.601+0000][7][gc,heap     ] GC(147) Eden regions: 22->0(22)
[2021-05-03T04:57:02.601+0000][7][gc,heap     ] GC(147) Survivor regions: 1->1(3)
[2021-05-03T04:57:02.601+0000][7][gc,heap     ] GC(147) Old regions: 26->26
[2021-05-03T04:57:02.601+0000][7][gc,heap     ] GC(147) Archive regions: 2->2
[2021-05-03T04:57:02.601+0000][7][gc,heap     ] GC(147) Humongous regions: 2->2
[2021-05-03T04:57:02.601+0000][7][gc,metaspace] GC(147) Metaspace: 108111K(112848K)->108111K(112848K) NonClass: 94229K(97692K)->94229K(97692K) Class: 13881K(15156K)->13881K(15156K)
[2021-05-03T04:57:02.601+0000][7][gc          ] GC(147) Pause Young (Concurrent Start) (G1 Evacuation Pause) 203M->116M(256M) 1.987ms
[2021-05-03T04:57:02.601+0000][7][gc,cpu      ] GC(147) User=0.01s Sys=0.00s Real=0.01s
[2021-05-03T04:57:02.601+0000][7][safepoint   ] Safepoint "G1CollectForAllocation", Time since last: 44614727416 ns, Reaching safepoint: 187793 ns, At safepoint: 2057754 ns, Total: 2245547 ns
[2021-05-03T04:57:02.601+0000][7][gc          ] GC(148) Concurrent Cycle
[2021-05-03T04:57:02.601+0000][7][gc,marking  ] GC(148) Concurrent Clear Claimed Marks
[2021-05-03T04:57:02.601+0000][7][gc,marking  ] GC(148) Concurrent Clear Claimed Marks 0.053ms
[2021-05-03T04:57:02.601+0000][7][gc,marking  ] GC(148) Concurrent Scan Root Regions
[2021-05-03T04:57:02.602+0000][7][gc,marking  ] GC(148) Concurrent Scan Root Regions 1.337ms
[2021-05-03T04:57:02.602+0000][7][gc,marking  ] GC(148) Concurrent Mark (9764.530s)
[2021-05-03T04:57:02.602+0000][7][gc,marking  ] GC(148) Concurrent Mark From Roots
[2021-05-03T04:57:02.602+0000][7][gc,task     ] GC(148) Using 2 workers of 2 for marking
[2021-05-03T04:57:02.681+0000][7][gc,marking  ] GC(148) Concurrent Mark From Roots 79.277ms
[2021-05-03T04:57:02.681+0000][7][gc,marking  ] GC(148) Concurrent Preclean
[2021-05-03T04:57:02.682+0000][7][gc,marking  ] GC(148) Concurrent Preclean 0.209ms
[2021-05-03T04:57:02.682+0000][7][gc,marking  ] GC(148) Concurrent Mark (9764.530s, 9764.609s) 79.535ms
[2021-05-03T04:57:02.682+0000][7][gc,start    ] GC(148) Pause Remark
[2021-05-03T04:57:02.687+0000][7][gc          ] GC(148) Pause Remark 116M->116M(256M) 5.261ms
[2021-05-03T04:57:02.687+0000][7][gc,cpu      ] GC(148) User=0.03s Sys=0.00s Real=0.00s
[2021-05-03T04:57:02.687+0000][7][safepoint   ] Safepoint "G1Concurrent", Time since last: 81077515 ns, Reaching safepoint: 182539 ns, At safepoint: 5339942 ns, Total: 5522481 ns
[2021-05-03T04:57:02.687+0000][7][gc,marking  ] GC(148) Concurrent Rebuild Remembered Sets
[2021-05-03T04:57:02.741+0000][7][gc,marking  ] GC(148) Concurrent Rebuild Remembered Sets 53.711ms
[2021-05-03T04:57:02.741+0000][7][gc,start    ] GC(148) Pause Cleanup
[2021-05-03T04:57:02.741+0000][7][gc          ] GC(148) Pause Cleanup 116M->116M(256M) 0.069ms
[2021-05-03T04:57:02.741+0000][7][gc,cpu      ] GC(148) User=0.00s Sys=0.00s Real=0.00s
[2021-05-03T04:57:02.741+0000][7][safepoint   ] Safepoint "G1Concurrent", Time since last: 53840344 ns, Reaching safepoint: 114622 ns, At safepoint: 108777 ns, Total: 223399 ns
[2021-05-03T04:57:02.741+0000][7][gc,marking  ] GC(148) Concurrent Cleanup for Next Mark
[2021-05-03T04:57:02.741+0000][7][gc,marking  ] GC(148) Concurrent Cleanup for Next Mark 0.116ms
[2021-05-03T04:57:02.742+0000][7][gc          ] GC(148) Concurrent Cycle 140.821ms
[2021-05-03T04:58:24.766+0000][7][safepoint   ] Safepoint "Cleanup", Time since last: 82024507519 ns, Reaching safepoint: 106536 ns, At safepoint: 6004 ns, Total: 112540 ns
[2021-05-03T04:59:20.011+0000][7][gc,start    ] GC(149) Pause Young (Normal) (G1 Evacuation Pause)
[2021-05-03T04:59:20.011+0000][7][gc,task     ] GC(149) Using 6 workers of 8 for evacuation
[2021-05-03T04:59:20.011+0000][7][gc,age      ] GC(149) Desired survivor size 6291456 bytes, new threshold 15 (max threshold 15)
[2021-05-03T04:59:20.013+0000][7][gc,age      ] GC(149) Age table with threshold 15 (max threshold 15)
[2021-05-03T04:59:20.013+0000][7][gc,age      ] GC(149) - age   1:     508960 bytes,     508960 total
[2021-05-03T04:59:20.013+0000][7][gc,age      ] GC(149) - age   2:     305504 bytes,     814464 total
[2021-05-03T04:59:20.013+0000][7][gc,age      ] GC(149) - age   3:     362088 bytes,    1176552 total
[2021-05-03T04:59:20.013+0000][7][gc,age      ] GC(149) - age   4:        136 bytes,    1176688 total
[2021-05-03T04:59:20.013+0000][7][gc,age      ] GC(149) - age   6:        984 bytes,    1177672 total
[2021-05-03T04:59:20.013+0000][7][gc,age      ] GC(149) - age   7:      20568 bytes,    1198240 total
[2021-05-03T04:59:20.013+0000][7][gc,age      ] GC(149) - age   8:       1984 bytes,    1200224 total
[2021-05-03T04:59:20.013+0000][7][gc,age      ] GC(149) - age   9:        680 bytes,    1200904 total
[2021-05-03T04:59:20.013+0000][7][gc,age      ] GC(149) - age  10:       2608 bytes,    1203512 total
[2021-05-03T04:59:20.013+0000][7][gc,age      ] GC(149) - age  11:        736 bytes,    1204248 total
[2021-05-03T04:59:20.013+0000][7][gc,age      ] GC(149) - age  12:       5224 bytes,    1209472 total
[2021-05-03T04:59:20.013+0000][7][gc,age      ] GC(149) - age  13:         48 bytes,    1209520 total
[2021-05-03T04:59:20.013+0000][7][gc,age      ] GC(149) - age  15:        568 bytes,    1210088 total
[2021-05-03T04:59:20.013+0000][7][gc,phases   ] GC(149)   Pre Evacuate Collection Set: 0.1ms
[2021-05-03T04:59:20.013+0000][7][gc,phases   ] GC(149)   Merge Heap Roots: 0.1ms
[2021-05-03T04:59:20.013+0000][7][gc,phases   ] GC(149)   Evacuate Collection Set: 0.9ms
[2021-05-03T04:59:20.013+0000][7][gc,phases   ] GC(149)   Post Evacuate Collection Set: 0.6ms
[2021-05-03T04:59:20.013+0000][7][gc,phases   ] GC(149)   Other: 0.2ms
[2021-05-03T04:59:20.013+0000][7][gc,heap     ] GC(149) Eden regions: 22->0(22)
[2021-05-03T04:59:20.013+0000][7][gc,heap     ] GC(149) Survivor regions: 1->1(3)
[2021-05-03T04:59:20.013+0000][7][gc,heap     ] GC(149) Old regions: 26->26
[2021-05-03T04:59:20.013+0000][7][gc,heap     ] GC(149) Archive regions: 2->2
[2021-05-03T04:59:20.013+0000][7][gc,heap     ] GC(149) Humongous regions: 2->2
[2021-05-03T04:59:20.013+0000][7][gc,metaspace] GC(149) Metaspace: 108112K(112848K)->108112K(112848K) NonClass: 94230K(97692K)->94230K(97692K) Class: 13881K(15156K)->13881K(15156K)
[2021-05-03T04:59:20.013+0000][7][gc          ] GC(149) Pause Young (Normal) (G1 Evacuation Pause) 204M->116M(256M) 1.796ms
[2021-05-03T04:59:20.013+0000][7][gc,cpu      ] GC(149) User=0.01s Sys=0.00s Real=0.01s
[2021-05-03T04:59:20.013+0000][7][safepoint   ] Safepoint "G1CollectForAllocation", Time since last: 55244809957 ns, Reaching safepoint: 196597 ns, At safepoint: 1863839 ns, Total: 2060436 ns
[2021-05-03T04:59:42.020+0000][7][safepoint   ] Safepoint "Cleanup", Time since last: 22007014677 ns, Reaching safepoint: 154299 ns, At safepoint: 6086 ns, Total: 160385 ns
[2021-05-03T05:01:09.044+0000][7][safepoint   ] Safepoint "Cleanup", Time since last: 87023603753 ns, Reaching safepoint: 80909 ns, At safepoint: 4689 ns, Total: 85598 ns
[2021-05-03T05:01:35.067+0000][7][gc,start    ] GC(150) Pause Young (Concurrent Start) (G1 Evacuation Pause)
[2021-05-03T05:01:35.067+0000][7][gc,task     ] GC(150) Using 6 workers of 8 for evacuation
[2021-05-03T05:01:35.067+0000][7][gc,age      ] GC(150) Desired survivor size 6291456 bytes, new threshold 15 (max threshold 15)
[2021-05-03T05:01:35.069+0000][7][gc,age      ] GC(150) Age table with threshold 15 (max threshold 15)
[2021-05-03T05:01:35.069+0000][7][gc,age      ] GC(150) - age   1:     515728 bytes,     515728 total
[2021-05-03T05:01:35.069+0000][7][gc,age      ] GC(150) - age   2:        280 bytes,     516008 total
[2021-05-03T05:01:35.069+0000][7][gc,age      ] GC(150) - age   3:     184104 bytes,     700112 total
[2021-05-03T05:01:35.069+0000][7][gc,age      ] GC(150) - age   4:     361976 bytes,    1062088 total
[2021-05-03T05:01:35.069+0000][7][gc,age      ] GC(150) - age   5:        136 bytes,    1062224 total
[2021-05-03T05:01:35.069+0000][7][gc,age      ] GC(150) - age   7:        960 bytes,    1063184 total
[2021-05-03T05:01:35.069+0000][7][gc,age      ] GC(150) - age   8:      20120 bytes,    1083304 total
[2021-05-03T05:01:35.069+0000][7][gc,age      ] GC(150) - age   9:       1984 bytes,    1085288 total
[2021-05-03T05:01:35.069+0000][7][gc,age      ] GC(150) - age  10:        680 bytes,    1085968 total
[2021-05-03T05:01:35.069+0000][7][gc,age      ] GC(150) - age  11:       2608 bytes,    1088576 total
[2021-05-03T05:01:35.069+0000][7][gc,age      ] GC(150) - age  12:        736 bytes,    1089312 total
[2021-05-03T05:01:35.069+0000][7][gc,age      ] GC(150) - age  13:       5224 bytes,    1094536 total
[2021-05-03T05:01:35.069+0000][7][gc,age      ] GC(150) - age  14:         48 bytes,    1094584 total
[2021-05-03T05:01:35.069+0000][7][gc,phases   ] GC(150)   Pre Evacuate Collection Set: 0.1ms
[2021-05-03T05:01:35.069+0000][7][gc,phases   ] GC(150)   Merge Heap Roots: 0.0ms
[2021-05-03T05:01:35.069+0000][7][gc,phases   ] GC(150)   Evacuate Collection Set: 1.1ms
[2021-05-03T05:01:35.069+0000][7][gc,phases   ] GC(150)   Post Evacuate Collection Set: 0.5ms
[2021-05-03T05:01:35.069+0000][7][gc,phases   ] GC(150)   Other: 0.2ms
[2021-05-03T05:01:35.069+0000][7][gc,heap     ] GC(150) Eden regions: 22->0(22)
[2021-05-03T05:01:35.069+0000][7][gc,heap     ] GC(150) Survivor regions: 1->1(3)
[2021-05-03T05:01:35.069+0000][7][gc,heap     ] GC(150) Old regions: 26->26
[2021-05-03T05:01:35.069+0000][7][gc,heap     ] GC(150) Archive regions: 2->2
[2021-05-03T05:01:35.069+0000][7][gc,heap     ] GC(150) Humongous regions: 2->2
[2021-05-03T05:01:35.069+0000][7][gc,metaspace] GC(150) Metaspace: 108114K(112848K)->108114K(112848K) NonClass: 94232K(97692K)->94232K(97692K) Class: 13881K(15156K)->13881K(15156K)
[2021-05-03T05:01:35.069+0000][7][gc          ] GC(150) Pause Young (Concurrent Start) (G1 Evacuation Pause) 204M->116M(256M) 2.092ms
[2021-05-03T05:01:35.069+0000][7][gc,cpu      ] GC(150) User=0.01s Sys=0.00s Real=0.00s
[2021-05-03T05:01:35.069+0000][7][safepoint   ] Safepoint "G1CollectForAllocation", Time since last: 26023194211 ns, Reaching safepoint: 164976 ns, At safepoint: 2161178 ns, Total: 2326154 ns
[2021-05-03T05:01:35.069+0000][7][gc          ] GC(151) Concurrent Cycle
[2021-05-03T05:01:35.069+0000][7][gc,marking  ] GC(151) Concurrent Clear Claimed Marks
[2021-05-03T05:01:35.069+0000][7][gc,marking  ] GC(151) Concurrent Clear Claimed Marks 0.066ms
[2021-05-03T05:01:35.069+0000][7][gc,marking  ] GC(151) Concurrent Scan Root Regions
[2021-05-03T05:01:35.071+0000][7][gc,marking  ] GC(151) Concurrent Scan Root Regions 1.494ms
[2021-05-03T05:01:35.071+0000][7][gc,marking  ] GC(151) Concurrent Mark (10036.999s)
[2021-05-03T05:01:35.071+0000][7][gc,marking  ] GC(151) Concurrent Mark From Roots
[2021-05-03T05:01:35.071+0000][7][gc,task     ] GC(151) Using 2 workers of 2 for marking
[2021-05-03T05:01:35.151+0000][7][gc,marking  ] GC(151) Concurrent Mark From Roots 79.725ms
[2021-05-03T05:01:35.151+0000][7][gc,marking  ] GC(151) Concurrent Preclean
[2021-05-03T05:01:35.151+0000][7][gc,marking  ] GC(151) Concurrent Preclean 0.214ms
[2021-05-03T05:01:35.151+0000][7][gc,marking  ] GC(151) Concurrent Mark (10036.999s, 10037.078s) 79.990ms
[2021-05-03T05:01:35.151+0000][7][gc,start    ] GC(151) Pause Remark
[2021-05-03T05:01:35.156+0000][7][gc          ] GC(151) Pause Remark 116M->116M(256M) 5.295ms
[2021-05-03T05:01:35.156+0000][7][gc,cpu      ] GC(151) User=0.03s Sys=0.00s Real=0.01s
[2021-05-03T05:01:35.156+0000][7][safepoint   ] Safepoint "G1Concurrent", Time since last: 81718129 ns, Reaching safepoint: 146910 ns, At safepoint: 5373572 ns, Total: 5520482 ns
[2021-05-03T05:01:35.156+0000][7][gc,marking  ] GC(151) Concurrent Rebuild Remembered Sets
[2021-05-03T05:01:35.209+0000][7][gc,marking  ] GC(151) Concurrent Rebuild Remembered Sets 52.747ms
[2021-05-03T05:01:35.209+0000][7][gc,start    ] GC(151) Pause Cleanup
[2021-05-03T05:01:35.210+0000][7][gc          ] GC(151) Pause Cleanup 116M->116M(256M) 0.070ms
[2021-05-03T05:01:35.210+0000][7][gc,cpu      ] GC(151) User=0.00s Sys=0.00s Real=0.00s
[2021-05-03T05:01:35.210+0000][7][safepoint   ] Safepoint "G1Concurrent", Time since last: 52857865 ns, Reaching safepoint: 141080 ns, At safepoint: 109652 ns, Total: 250732 ns
[2021-05-03T05:01:35.210+0000][7][gc,marking  ] GC(151) Concurrent Cleanup for Next Mark
[2021-05-03T05:01:35.210+0000][7][gc,marking  ] GC(151) Concurrent Cleanup for Next Mark 0.119ms
[2021-05-03T05:01:35.210+0000][7][gc          ] GC(151) Concurrent Cycle 140.463ms
[2021-05-03T05:01:48.212+0000][7][safepoint   ] Safepoint "Cleanup", Time since last: 13002389627 ns, Reaching safepoint: 75794 ns, At safepoint: 4225 ns, Total: 80019 ns
[2021-05-03T05:03:50.122+0000][7][gc,start    ] GC(152) Pause Young (Normal) (G1 Evacuation Pause)
[2021-05-03T05:03:50.122+0000][7][gc,task     ] GC(152) Using 6 workers of 8 for evacuation
[2021-05-03T05:03:50.122+0000][7][gc,age      ] GC(152) Desired survivor size 6291456 bytes, new threshold 15 (max threshold 15)
[2021-05-03T05:03:50.124+0000][7][gc,age      ] GC(152) Age table with threshold 15 (max threshold 15)
[2021-05-03T05:03:50.124+0000][7][gc,age      ] GC(152) - age   1:     509400 bytes,     509400 total
[2021-05-03T05:03:50.124+0000][7][gc,age      ] GC(152) - age   2:       1680 bytes,     511080 total
[2021-05-03T05:03:50.124+0000][7][gc,age      ] GC(152) - age   3:        248 bytes,     511328 total
[2021-05-03T05:03:50.124+0000][7][gc,age      ] GC(152) - age   4:     183864 bytes,     695192 total
[2021-05-03T05:03:50.124+0000][7][gc,age      ] GC(152) - age   5:     361976 bytes,    1057168 total
[2021-05-03T05:03:50.124+0000][7][gc,age      ] GC(152) - age   6:         40 bytes,    1057208 total
[2021-05-03T05:03:50.124+0000][7][gc,age      ] GC(152) - age   8:        960 bytes,    1058168 total
[2021-05-03T05:03:50.124+0000][7][gc,age      ] GC(152) - age   9:      20120 bytes,    1078288 total
[2021-05-03T05:03:50.124+0000][7][gc,age      ] GC(152) - age  10:       1984 bytes,    1080272 total
[2021-05-03T05:03:50.124+0000][7][gc,age      ] GC(152) - age  11:        680 bytes,    1080952 total
[2021-05-03T05:03:50.124+0000][7][gc,age      ] GC(152) - age  12:       2608 bytes,    1083560 total
[2021-05-03T05:03:50.124+0000][7][gc,age      ] GC(152) - age  13:        736 bytes,    1084296 total
[2021-05-03T05:03:50.124+0000][7][gc,age      ] GC(152) - age  14:       5224 bytes,    1089520 total
[2021-05-03T05:03:50.124+0000][7][gc,age      ] GC(152) - age  15:         48 bytes,    1089568 total
[2021-05-03T05:03:50.124+0000][7][gc,phases   ] GC(152)   Pre Evacuate Collection Set: 0.1ms
[2021-05-03T05:03:50.124+0000][7][gc,phases   ] GC(152)   Merge Heap Roots: 0.1ms
[2021-05-03T05:03:50.124+0000][7][gc,phases   ] GC(152)   Evacuate Collection Set: 0.8ms
[2021-05-03T05:03:50.124+0000][7][gc,phases   ] GC(152)   Post Evacuate Collection Set: 0.6ms
[2021-05-03T05:03:50.124+0000][7][gc,phases   ] GC(152)   Other: 0.2ms
[2021-05-03T05:03:50.124+0000][7][gc,heap     ] GC(152) Eden regions: 22->0(22)
[2021-05-03T05:03:50.124+0000][7][gc,heap     ] GC(152) Survivor regions: 1->1(3)
[2021-05-03T05:03:50.124+0000][7][gc,heap     ] GC(152) Old regions: 26->26
[2021-05-03T05:03:50.124+0000][7][gc,heap     ] GC(152) Archive regions: 2->2
[2021-05-03T05:03:50.124+0000][7][gc,heap     ] GC(152) Humongous regions: 2->2
[2021-05-03T05:03:50.124+0000][7][gc,metaspace] GC(152) Metaspace: 108118K(112848K)->108118K(112848K) NonClass: 94236K(97692K)->94236K(97692K) Class: 13881K(15156K)->13881K(15156K)
[2021-05-03T05:03:50.124+0000][7][gc          ] GC(152) Pause Young (Normal) (G1 Evacuation Pause) 204M->116M(256M) 1.827ms
[2021-05-03T05:03:50.124+0000][7][gc,cpu      ] GC(152) User=0.01s Sys=0.00s Real=0.00s
[2021-05-03T05:03:50.124+0000][7][safepoint   ] Safepoint "G1CollectForAllocation", Time since last: 121909991862 ns, Reaching safepoint: 181504 ns, At safepoint: 1887781 ns, Total: 2069285 ns
[2021-05-03T05:04:17.130+0000][7][safepoint   ] Safepoint "Cleanup", Time since last: 27006190207 ns, Reaching safepoint: 101294 ns, At safepoint: 5655 ns, Total: 106949 ns
[2021-05-03T05:04:39.136+0000][7][safepoint   ] Safepoint "Cleanup", Time since last: 22005733017 ns, Reaching safepoint: 119718 ns, At safepoint: 6009 ns, Total: 125727 ns
[2021-05-03T05:04:42.137+0000][7][safepoint   ] Safepoint "Cleanup", Time since last: 3000613348 ns, Reaching safepoint: 106960 ns, At safepoint: 6470 ns, Total: 113430 ns
[2021-05-03T05:05:40.787+0000][7][safepoint   ] Safepoint "Cleanup", Time since last: 58649906559 ns, Reaching safepoint: 104646 ns, At safepoint: 6707 ns, Total: 111353 ns
[2021-05-03T05:05:40.796+0000][7][gc,start    ] GC(153) Pause Young (Concurrent Start) (G1 Evacuation Pause)
[2021-05-03T05:05:40.796+0000][7][gc,task     ] GC(153) Using 6 workers of 8 for evacuation
[2021-05-03T05:05:40.796+0000][7][gc,age      ] GC(153) Desired survivor size 6291456 bytes, new threshold 15 (max threshold 15)
[2021-05-03T05:05:40.798+0000][7][gc,age      ] GC(153) Age table with threshold 15 (max threshold 15)
[2021-05-03T05:05:40.798+0000][7][gc,age      ] GC(153) - age   1:     808480 bytes,     808480 total
[2021-05-03T05:05:40.798+0000][7][gc,age      ] GC(153) - age   2:        504 bytes,     808984 total
[2021-05-03T05:05:40.798+0000][7][gc,age      ] GC(153) - age   3:       1312 bytes,     810296 total
[2021-05-03T05:05:40.798+0000][7][gc,age      ] GC(153) - age   4:         48 bytes,     810344 total
[2021-05-03T05:05:40.798+0000][7][gc,age      ] GC(153) - age   5:      15752 bytes,     826096 total
[2021-05-03T05:05:40.798+0000][7][gc,age      ] GC(153) - age   6:     359480 bytes,    1185576 total
[2021-05-03T05:05:40.798+0000][7][gc,age      ] GC(153) - age   9:        960 bytes,    1186536 total
[2021-05-03T05:05:40.798+0000][7][gc,age      ] GC(153) - age  10:      19360 bytes,    1205896 total
[2021-05-03T05:05:40.798+0000][7][gc,age      ] GC(153) - age  11:       1864 bytes,    1207760 total
[2021-05-03T05:05:40.798+0000][7][gc,age      ] GC(153) - age  12:        640 bytes,    1208400 total
[2021-05-03T05:05:40.798+0000][7][gc,age      ] GC(153) - age  13:       2608 bytes,    1211008 total
[2021-05-03T05:05:40.798+0000][7][gc,age      ] GC(153) - age  14:        736 bytes,    1211744 total
[2021-05-03T05:05:40.798+0000][7][gc,age      ] GC(153) - age  15:       4712 bytes,    1216456 total
[2021-05-03T05:05:40.798+0000][7][gc,phases   ] GC(153)   Pre Evacuate Collection Set: 0.1ms
[2021-05-03T05:05:40.798+0000][7][gc,phases   ] GC(153)   Merge Heap Roots: 0.0ms
[2021-05-03T05:05:40.798+0000][7][gc,phases   ] GC(153)   Evacuate Collection Set: 0.8ms
[2021-05-03T05:05:40.798+0000][7][gc,phases   ] GC(153)   Post Evacuate Collection Set: 0.3ms
[2021-05-03T05:05:40.798+0000][7][gc,phases   ] GC(153)   Other: 0.2ms
[2021-05-03T05:05:40.798+0000][7][gc,heap     ] GC(153) Eden regions: 22->0(22)
[2021-05-03T05:05:40.798+0000][7][gc,heap     ] GC(153) Survivor regions: 1->1(3)
[2021-05-03T05:05:40.798+0000][7][gc,heap     ] GC(153) Old regions: 26->26
[2021-05-03T05:05:40.798+0000][7][gc,heap     ] GC(153) Archive regions: 2->2
[2021-05-03T05:05:40.798+0000][7][gc,heap     ] GC(153) Humongous regions: 2->2
[2021-05-03T05:05:40.798+0000][7][gc,metaspace] GC(153) Metaspace: 108148K(112848K)->108148K(112848K) NonClass: 94266K(97692K)->94266K(97692K) Class: 13881K(15156K)->13881K(15156K)
[2021-05-03T05:05:40.798+0000][7][gc          ] GC(153) Pause Young (Concurrent Start) (G1 Evacuation Pause) 204M->116M(256M) 1.459ms
[2021-05-03T05:05:40.798+0000][7][gc,cpu      ] GC(153) User=0.01s Sys=0.00s Real=0.00s
[2021-05-03T05:05:40.798+0000][7][safepoint   ] Safepoint "G1CollectForAllocation", Time since last: 9119892 ns, Reaching safepoint: 139172 ns, At safepoint: 1525119 ns, Total: 1664291 ns
[2021-05-03T05:05:40.798+0000][7][gc          ] GC(154) Concurrent Cycle
[2021-05-03T05:05:40.798+0000][7][gc,marking  ] GC(154) Concurrent Clear Claimed Marks
[2021-05-03T05:05:40.798+0000][7][gc,marking  ] GC(154) Concurrent Clear Claimed Marks 0.058ms
[2021-05-03T05:05:40.798+0000][7][gc,marking  ] GC(154) Concurrent Scan Root Regions
[2021-05-03T05:05:40.800+0000][7][gc,marking  ] GC(154) Concurrent Scan Root Regions 1.759ms
[2021-05-03T05:05:40.800+0000][7][gc,marking  ] GC(154) Concurrent Mark (10282.727s)
[2021-05-03T05:05:40.800+0000][7][gc,marking  ] GC(154) Concurrent Mark From Roots
[2021-05-03T05:05:40.800+0000][7][gc,task     ] GC(154) Using 2 workers of 2 for marking
[2021-05-03T05:05:40.880+0000][7][gc,marking  ] GC(154) Concurrent Mark From Roots 80.451ms
[2021-05-03T05:05:40.880+0000][7][gc,marking  ] GC(154) Concurrent Preclean
[2021-05-03T05:05:40.880+0000][7][gc,marking  ] GC(154) Concurrent Preclean 0.230ms
[2021-05-03T05:05:40.880+0000][7][gc,marking  ] GC(154) Concurrent Mark (10282.727s, 10282.808s) 80.740ms
[2021-05-03T05:05:40.881+0000][7][gc,start    ] GC(154) Pause Remark
[2021-05-03T05:05:40.886+0000][7][gc          ] GC(154) Pause Remark 121M->121M(256M) 5.370ms
[2021-05-03T05:05:40.886+0000][7][gc,cpu      ] GC(154) User=0.03s Sys=0.00s Real=0.00s
[2021-05-03T05:05:40.886+0000][7][safepoint   ] Safepoint "G1Concurrent", Time since last: 82706453 ns, Reaching safepoint: 140276 ns, At safepoint: 5453277 ns, Total: 5593553 ns
[2021-05-03T05:05:40.886+0000][7][gc,marking  ] GC(154) Concurrent Rebuild Remembered Sets
[2021-05-03T05:05:40.939+0000][7][gc,marking  ] GC(154) Concurrent Rebuild Remembered Sets 52.775ms
[2021-05-03T05:05:40.939+0000][7][gc,start    ] GC(154) Pause Cleanup
[2021-05-03T05:05:40.939+0000][7][gc          ] GC(154) Pause Cleanup 121M->121M(256M) 0.061ms
[2021-05-03T05:05:40.939+0000][7][gc,cpu      ] GC(154) User=0.00s Sys=0.00s Real=0.00s
[2021-05-03T05:05:40.939+0000][7][safepoint   ] Safepoint "G1Concurrent", Time since last: 52928236 ns, Reaching safepoint: 81010 ns, At safepoint: 112241 ns, Total: 193251 ns
[2021-05-03T05:05:40.939+0000][7][gc,marking  ] GC(154) Concurrent Cleanup for Next Mark
[2021-05-03T05:05:40.939+0000][7][gc,marking  ] GC(154) Concurrent Cleanup for Next Mark 0.239ms
[2021-05-03T05:05:40.939+0000][7][gc          ] GC(154) Concurrent Cycle 141.660ms
[2021-05-03T05:05:41.940+0000][7][safepoint   ] Safepoint "Cleanup", Time since last: 1000345747 ns, Reaching safepoint: 116537 ns, At safepoint: 5772 ns, Total: 122309 ns
[2021-05-03T05:05:42.940+0000][7][safepoint   ] Safepoint "Cleanup", Time since last: 1000332521 ns, Reaching safepoint: 115111 ns, At safepoint: 4877 ns, Total: 119988 ns
[2021-05-03T05:05:43.940+0000][7][safepoint   ] Safepoint "Cleanup", Time since last: 1000164856 ns, Reaching safepoint: 144453 ns, At safepoint: 4254 ns, Total: 148707 ns
[2021-05-03T05:05:47.942+0000][7][safepoint   ] Safepoint "Cleanup", Time since last: 4001185264 ns, Reaching safepoint: 90898 ns, At safepoint: 6789 ns, Total: 97687 ns
[2021-05-03T05:06:42.955+0000][7][safepoint   ] Safepoint "Cleanup", Time since last: 55012943721 ns, Reaching safepoint: 131144 ns, At safepoint: 5374 ns, Total: 136518 ns
[2021-05-03T05:07:13.965+0000][7][safepoint   ] Safepoint "Cleanup", Time since last: 31009883644 ns, Reaching safepoint: 130227 ns, At safepoint: 5728 ns, Total: 135955 ns
[2021-05-03T05:07:17.966+0000][7][safepoint   ] Safepoint "Cleanup", Time since last: 4001437117 ns, Reaching safepoint: 110628 ns, At safepoint: 5821 ns, Total: 116449 ns
[2021-05-03T05:07:38.972+0000][7][safepoint   ] Safepoint "Cleanup", Time since last: 21005919312 ns, Reaching safepoint: 90588 ns, At safepoint: 3377 ns, Total: 93965 ns
[2021-05-03T05:07:44.974+0000][7][safepoint   ] Safepoint "Cleanup", Time since last: 6001539749 ns, Reaching safepoint: 178301 ns, At safepoint: 5753 ns, Total: 184054 ns
[2021-05-03T05:07:47.975+0000][7][safepoint   ] Safepoint "Cleanup", Time since last: 3000856270 ns, Reaching safepoint: 160393 ns, At safepoint: 4989 ns, Total: 165382 ns
[2021-05-03T05:07:50.218+0000][7][gc,start    ] GC(155) Pause Young (Normal) (G1 Evacuation Pause)
[2021-05-03T05:07:50.218+0000][7][gc,task     ] GC(155) Using 6 workers of 8 for evacuation
[2021-05-03T05:07:50.218+0000][7][gc,age      ] GC(155) Desired survivor size 6291456 bytes, new threshold 15 (max threshold 15)
[2021-05-03T05:07:50.220+0000][7][gc,age      ] GC(155) Age table with threshold 15 (max threshold 15)
[2021-05-03T05:07:50.220+0000][7][gc,age      ] GC(155) - age   1:     518256 bytes,     518256 total
[2021-05-03T05:07:50.220+0000][7][gc,age      ] GC(155) - age   2:     271504 bytes,     789760 total
[2021-05-03T05:07:50.220+0000][7][gc,age      ] GC(155) - age   3:        264 bytes,     790024 total
[2021-05-03T05:07:50.220+0000][7][gc,age      ] GC(155) - age   4:       1288 bytes,     791312 total
[2021-05-03T05:07:50.220+0000][7][gc,age      ] GC(155) - age   5:         24 bytes,     791336 total
[2021-05-03T05:07:50.220+0000][7][gc,age      ] GC(155) - age   6:       8976 bytes,     800312 total
[2021-05-03T05:07:50.220+0000][7][gc,age      ] GC(155) - age   7:     359480 bytes,    1159792 total
[2021-05-03T05:07:50.220+0000][7][gc,age      ] GC(155) - age  10:        960 bytes,    1160752 total
[2021-05-03T05:07:50.220+0000][7][gc,age      ] GC(155) - age  11:      19144 bytes,    1179896 total
[2021-05-03T05:07:50.220+0000][7][gc,age      ] GC(155) - age  12:       1864 bytes,    1181760 total
[2021-05-03T05:07:50.220+0000][7][gc,age      ] GC(155) - age  13:        456 bytes,    1182216 total
[2021-05-03T05:07:50.220+0000][7][gc,age      ] GC(155) - age  14:       2608 bytes,    1184824 total
[2021-05-03T05:07:50.220+0000][7][gc,age      ] GC(155) - age  15:        736 bytes,    1185560 total
[2021-05-03T05:07:50.220+0000][7][gc,phases   ] GC(155)   Pre Evacuate Collection Set: 0.0ms
[2021-05-03T05:07:50.220+0000][7][gc,phases   ] GC(155)   Merge Heap Roots: 0.0ms
[2021-05-03T05:07:50.220+0000][7][gc,phases   ] GC(155)   Evacuate Collection Set: 0.9ms
[2021-05-03T05:07:50.220+0000][7][gc,phases   ] GC(155)   Post Evacuate Collection Set: 0.5ms
[2021-05-03T05:07:50.220+0000][7][gc,phases   ] GC(155)   Other: 0.2ms
[2021-05-03T05:07:50.220+0000][7][gc,heap     ] GC(155) Eden regions: 22->0(22)
[2021-05-03T05:07:50.220+0000][7][gc,heap     ] GC(155) Survivor regions: 1->1(3)
[2021-05-03T05:07:50.220+0000][7][gc,heap     ] GC(155) Old regions: 26->26
[2021-05-03T05:07:50.220+0000][7][gc,heap     ] GC(155) Archive regions: 2->2
[2021-05-03T05:07:50.220+0000][7][gc,heap     ] GC(155) Humongous regions: 2->2
[2021-05-03T05:07:50.220+0000][7][gc,metaspace] GC(155) Metaspace: 108170K(112848K)->108170K(112848K) NonClass: 94287K(97692K)->94287K(97692K) Class: 13883K(15156K)->13883K(15156K)
[2021-05-03T05:07:50.220+0000][7][gc          ] GC(155) Pause Young (Normal) (G1 Evacuation Pause) 204M->116M(256M) 1.799ms
[2021-05-03T05:07:50.220+0000][7][gc,cpu      ] GC(155) User=0.00s Sys=0.00s Real=0.01s
[2021-05-03T05:07:50.220+0000][7][safepoint   ] Safepoint "G1CollectForAllocation", Time since last: 2242709345 ns, Reaching safepoint: 117631 ns, At safepoint: 1860190 ns, Total: 1977821 ns
[2021-05-03T05:09:39.249+0000][7][safepoint   ] Safepoint "Cleanup", Time since last: 109029095581 ns, Reaching safepoint: 121594 ns, At safepoint: 6774 ns, Total: 128368 ns
[2021-05-03T05:09:42.251+0000][7][safepoint   ] Safepoint "Cleanup", Time since last: 3001480618 ns, Reaching safepoint: 133619 ns, At safepoint: 5480 ns, Total: 139099 ns
[2021-05-03T05:09:48.253+0000][7][safepoint   ] Safepoint "Cleanup", Time since last: 6001772358 ns, Reaching safepoint: 108665 ns, At safepoint: 5635 ns, Total: 114300 ns
[2021-05-03T05:10:05.273+0000][7][gc,start    ] GC(156) Pause Young (Concurrent Start) (G1 Evacuation Pause)
[2021-05-03T05:10:05.273+0000][7][gc,task     ] GC(156) Using 6 workers of 8 for evacuation
[2021-05-03T05:10:05.273+0000][7][gc,age      ] GC(156) Desired survivor size 6291456 bytes, new threshold 15 (max threshold 15)
[2021-05-03T05:10:05.275+0000][7][gc,age      ] GC(156) Age table with threshold 15 (max threshold 15)
[2021-05-03T05:10:05.275+0000][7][gc,age      ] GC(156) - age   1:     517080 bytes,     517080 total
[2021-05-03T05:10:05.275+0000][7][gc,age      ] GC(156) - age   2:       8872 bytes,     525952 total
[2021-05-03T05:10:05.275+0000][7][gc,age      ] GC(156) - age   3:     239368 bytes,     765320 total
[2021-05-03T05:10:05.275+0000][7][gc,age      ] GC(156) - age   5:       1120 bytes,     766440 total
[2021-05-03T05:10:05.275+0000][7][gc,age      ] GC(156) - age   6:         24 bytes,     766464 total
[2021-05-03T05:10:05.275+0000][7][gc,age      ] GC(156) - age   7:       8952 bytes,     775416 total
[2021-05-03T05:10:05.275+0000][7][gc,age      ] GC(156) - age   8:     359480 bytes,    1134896 total
[2021-05-03T05:10:05.275+0000][7][gc,age      ] GC(156) - age  11:        960 bytes,    1135856 total
[2021-05-03T05:10:05.275+0000][7][gc,age      ] GC(156) - age  12:      19144 bytes,    1155000 total
[2021-05-03T05:10:05.275+0000][7][gc,age      ] GC(156) - age  13:       1864 bytes,    1156864 total
[2021-05-03T05:10:05.275+0000][7][gc,age      ] GC(156) - age  14:        456 bytes,    1157320 total
[2021-05-03T05:10:05.275+0000][7][gc,age      ] GC(156) - age  15:       2608 bytes,    1159928 total
[2021-05-03T05:10:05.275+0000][7][gc,phases   ] GC(156)   Pre Evacuate Collection Set: 0.1ms
[2021-05-03T05:10:05.275+0000][7][gc,phases   ] GC(156)   Merge Heap Roots: 0.0ms
[2021-05-03T05:10:05.275+0000][7][gc,phases   ] GC(156)   Evacuate Collection Set: 1.1ms
[2021-05-03T05:10:05.275+0000][7][gc,phases   ] GC(156)   Post Evacuate Collection Set: 0.6ms
[2021-05-03T05:10:05.275+0000][7][gc,phases   ] GC(156)   Other: 0.2ms
[2021-05-03T05:10:05.275+0000][7][gc,heap     ] GC(156) Eden regions: 22->0(22)
[2021-05-03T05:10:05.275+0000][7][gc,heap     ] GC(156) Survivor regions: 1->1(3)
[2021-05-03T05:10:05.275+0000][7][gc,heap     ] GC(156) Old regions: 26->26
[2021-05-03T05:10:05.275+0000][7][gc,heap     ] GC(156) Archive regions: 2->2
[2021-05-03T05:10:05.275+0000][7][gc,heap     ] GC(156) Humongous regions: 2->2
[2021-05-03T05:10:05.275+0000][7][gc,metaspace] GC(156) Metaspace: 108173K(112848K)->108173K(112848K) NonClass: 94289K(97692K)->94289K(97692K) Class: 13883K(15156K)->13883K(15156K)
[2021-05-03T05:10:05.275+0000][7][gc          ] GC(156) Pause Young (Concurrent Start) (G1 Evacuation Pause) 204M->116M(256M) 2.111ms
[2021-05-03T05:10:05.275+0000][7][gc,cpu      ] GC(156) User=0.01s Sys=0.00s Real=0.00s
[2021-05-03T05:10:05.276+0000][7][safepoint   ] Safepoint "G1CollectForAllocation", Time since last: 17020613757 ns, Reaching safepoint: 186421 ns, At safepoint: 2182622 ns, Total: 2369043 ns
[2021-05-03T05:10:05.276+0000][7][gc          ] GC(157) Concurrent Cycle
[2021-05-03T05:10:05.276+0000][7][gc,marking  ] GC(157) Concurrent Clear Claimed Marks
[2021-05-03T05:10:05.276+0000][7][gc,marking  ] GC(157) Concurrent Clear Claimed Marks 0.068ms
[2021-05-03T05:10:05.276+0000][7][gc,marking  ] GC(157) Concurrent Scan Root Regions
[2021-05-03T05:10:05.277+0000][7][gc,marking  ] GC(157) Concurrent Scan Root Regions 1.424ms
[2021-05-03T05:10:05.277+0000][7][gc,marking  ] GC(157) Concurrent Mark (10547.205s)
[2021-05-03T05:10:05.277+0000][7][gc,marking  ] GC(157) Concurrent Mark From Roots
[2021-05-03T05:10:05.277+0000][7][gc,task     ] GC(157) Using 2 workers of 2 for marking
[2021-05-03T05:10:05.380+0000][7][gc,marking  ] GC(157) Concurrent Mark From Roots 103.031ms
[2021-05-03T05:10:05.380+0000][7][gc,marking  ] GC(157) Concurrent Preclean
[2021-05-03T05:10:05.380+0000][7][gc,marking  ] GC(157) Concurrent Preclean 0.232ms
[2021-05-03T05:10:05.380+0000][7][gc,marking  ] GC(157) Concurrent Mark (10547.205s, 10547.308s) 103.314ms
[2021-05-03T05:10:05.381+0000][7][gc,start    ] GC(157) Pause Remark
[2021-05-03T05:10:05.386+0000][7][gc          ] GC(157) Pause Remark 116M->116M(256M) 5.806ms
[2021-05-03T05:10:05.386+0000][7][gc,cpu      ] GC(157) User=0.03s Sys=0.00s Real=0.00s
[2021-05-03T05:10:05.386+0000][7][safepoint   ] Safepoint "G1Concurrent", Time since last: 104918245 ns, Reaching safepoint: 153808 ns, At safepoint: 5894193 ns, Total: 6048001 ns
[2021-05-03T05:10:05.386+0000][7][gc,marking  ] GC(157) Concurrent Rebuild Remembered Sets
[2021-05-03T05:10:05.445+0000][7][gc,marking  ] GC(157) Concurrent Rebuild Remembered Sets 58.067ms
[2021-05-03T05:10:05.445+0000][7][gc,start    ] GC(157) Pause Cleanup
[2021-05-03T05:10:05.445+0000][7][gc          ] GC(157) Pause Cleanup 116M->116M(256M) 0.060ms
[2021-05-03T05:10:05.445+0000][7][gc,cpu      ] GC(157) User=0.00s Sys=0.00s Real=0.00s
[2021-05-03T05:10:05.445+0000][7][safepoint   ] Safepoint "G1Concurrent", Time since last: 58143174 ns, Reaching safepoint: 74875 ns, At safepoint: 109465 ns, Total: 184340 ns
[2021-05-03T05:10:05.445+0000][7][gc,marking  ] GC(157) Concurrent Cleanup for Next Mark
[2021-05-03T05:10:05.445+0000][7][gc,marking  ] GC(157) Concurrent Cleanup for Next Mark 0.150ms
[2021-05-03T05:10:05.445+0000][7][gc          ] GC(157) Concurrent Cycle 169.510ms
[2021-05-03T05:10:40.453+0000][7][safepoint   ] Safepoint "Cleanup", Time since last: 35008306901 ns, Reaching safepoint: 101128 ns, At safepoint: 6377 ns, Total: 107505 ns
[2021-05-03T05:11:13.463+0000][7][safepoint   ] Safepoint "Cleanup", Time since last: 33009192079 ns, Reaching safepoint: 125093 ns, At safepoint: 6082 ns, Total: 131175 ns
[2021-05-03T05:12:22.332+0000][7][gc,start    ] GC(158) Pause Young (Normal) (G1 Evacuation Pause)
[2021-05-03T05:12:22.332+0000][7][gc,task     ] GC(158) Using 6 workers of 8 for evacuation
[2021-05-03T05:12:22.332+0000][7][gc,age      ] GC(158) Desired survivor size 6291456 bytes, new threshold 15 (max threshold 15)
[2021-05-03T05:12:22.334+0000][7][gc,age      ] GC(158) Age table with threshold 15 (max threshold 15)
[2021-05-03T05:12:22.334+0000][7][gc,age      ] GC(158) - age   1:     507584 bytes,     507584 total
[2021-05-03T05:12:22.334+0000][7][gc,age      ] GC(158) - age   2:       2536 bytes,     510120 total
[2021-05-03T05:12:22.334+0000][7][gc,age      ] GC(158) - age   3:       5696 bytes,     515816 total
[2021-05-03T05:12:22.334+0000][7][gc,age      ] GC(158) - age   4:     150224 bytes,     666040 total
[2021-05-03T05:12:22.334+0000][7][gc,age      ] GC(158) - age   6:       1080 bytes,     667120 total
[2021-05-03T05:12:22.334+0000][7][gc,age      ] GC(158) - age   7:         24 bytes,     667144 total
[2021-05-03T05:12:22.334+0000][7][gc,age      ] GC(158) - age   8:       8952 bytes,     676096 total
[2021-05-03T05:12:22.334+0000][7][gc,age      ] GC(158) - age   9:     359480 bytes,    1035576 total
[2021-05-03T05:12:22.334+0000][7][gc,age      ] GC(158) - age  12:        960 bytes,    1036536 total
[2021-05-03T05:12:22.334+0000][7][gc,age      ] GC(158) - age  13:      19144 bytes,    1055680 total
[2021-05-03T05:12:22.334+0000][7][gc,age      ] GC(158) - age  14:       1864 bytes,    1057544 total
[2021-05-03T05:12:22.334+0000][7][gc,age      ] GC(158) - age  15:        456 bytes,    1058000 total
[2021-05-03T05:12:22.334+0000][7][gc,phases   ] GC(158)   Pre Evacuate Collection Set: 0.1ms
[2021-05-03T05:12:22.334+0000][7][gc,phases   ] GC(158)   Merge Heap Roots: 0.0ms
[2021-05-03T05:12:22.334+0000][7][gc,phases   ] GC(158)   Evacuate Collection Set: 1.0ms
[2021-05-03T05:12:22.334+0000][7][gc,phases   ] GC(158)   Post Evacuate Collection Set: 0.6ms
[2021-05-03T05:12:22.334+0000][7][gc,phases   ] GC(158)   Other: 0.2ms
[2021-05-03T05:12:22.334+0000][7][gc,heap     ] GC(158) Eden regions: 22->0(22)
[2021-05-03T05:12:22.334+0000][7][gc,heap     ] GC(158) Survivor regions: 1->1(3)
[2021-05-03T05:12:22.334+0000][7][gc,heap     ] GC(158) Old regions: 26->26
[2021-05-03T05:12:22.334+0000][7][gc,heap     ] GC(158) Archive regions: 2->2
[2021-05-03T05:12:22.334+0000][7][gc,heap     ] GC(158) Humongous regions: 2->2
[2021-05-03T05:12:22.334+0000][7][gc,metaspace] GC(158) Metaspace: 108176K(112848K)->108176K(112848K) NonClass: 94292K(97692K)->94292K(97692K) Class: 13883K(15156K)->13883K(15156K)
[2021-05-03T05:12:22.334+0000][7][gc          ] GC(158) Pause Young (Normal) (G1 Evacuation Pause) 204M->116M(256M) 2.026ms
[2021-05-03T05:12:22.334+0000][7][gc,cpu      ] GC(158) User=0.01s Sys=0.00s Real=0.01s
[2021-05-03T05:12:22.334+0000][7][safepoint   ] Safepoint "G1CollectForAllocation", Time since last: 68869068409 ns, Reaching safepoint: 75830 ns, At safepoint: 2092506 ns, Total: 2168336 ns
[2021-05-03T05:13:09.344+0000][7][safepoint   ] Safepoint "Cleanup", Time since last: 47010447344 ns, Reaching safepoint: 175605 ns, At safepoint: 7344 ns, Total: 182949 ns
[2021-05-03T05:13:18.348+0000][7][safepoint   ] Safepoint "Cleanup", Time since last: 9003289549 ns, Reaching safepoint: 176171 ns, At safepoint: 7747 ns, Total: 183918 ns
[2021-05-03T05:13:42.355+0000][7][safepoint   ] Safepoint "Cleanup", Time since last: 24006763762 ns, Reaching safepoint: 201975 ns, At safepoint: 7543 ns, Total: 209518 ns
[2021-05-03T05:14:24.364+0000][7][safepoint   ] Safepoint "Cleanup", Time since last: 42009310411 ns, Reaching safepoint: 98563 ns, At safepoint: 5869 ns, Total: 104432 ns
[2021-05-03T05:14:27.365+0000][7][safepoint   ] Safepoint "Cleanup", Time since last: 3000951558 ns, Reaching safepoint: 107688 ns, At safepoint: 5593 ns, Total: 113281 ns
[2021-05-03T05:14:40.369+0000][7][safepoint   ] Safepoint "Cleanup", Time since last: 13003523037 ns, Reaching safepoint: 173003 ns, At safepoint: 6932 ns, Total: 179935 ns
[2021-05-03T05:14:42.188+0000][7][gc,start    ] GC(159) Pause Young (Concurrent Start) (G1 Evacuation Pause)
[2021-05-03T05:14:42.188+0000][7][gc,task     ] GC(159) Using 6 workers of 8 for evacuation
[2021-05-03T05:14:42.188+0000][7][gc,age      ] GC(159) Desired survivor size 6291456 bytes, new threshold 15 (max threshold 15)
[2021-05-03T05:14:42.190+0000][7][gc,age      ] GC(159) Age table with threshold 15 (max threshold 15)
[2021-05-03T05:14:42.190+0000][7][gc,age      ] GC(159) - age   1:     520840 bytes,     520840 total
[2021-05-03T05:14:42.190+0000][7][gc,age      ] GC(159) - age   2:        256 bytes,     521096 total
[2021-05-03T05:14:42.190+0000][7][gc,age      ] GC(159) - age   3:       2360 bytes,     523456 total
[2021-05-03T05:14:42.190+0000][7][gc,age      ] GC(159) - age   4:       5696 bytes,     529152 total
[2021-05-03T05:14:42.190+0000][7][gc,age      ] GC(159) - age   5:     147488 bytes,     676640 total
[2021-05-03T05:14:42.190+0000][7][gc,age      ] GC(159) - age   7:        872 bytes,     677512 total
[2021-05-03T05:14:42.190+0000][7][gc,age      ] GC(159) - age   8:         24 bytes,     677536 total
[2021-05-03T05:14:42.190+0000][7][gc,age      ] GC(159) - age   9:       8952 bytes,     686488 total
[2021-05-03T05:14:42.190+0000][7][gc,age      ] GC(159) - age  10:     359480 bytes,    1045968 total
[2021-05-03T05:14:42.190+0000][7][gc,age      ] GC(159) - age  13:        960 bytes,    1046928 total
[2021-05-03T05:14:42.190+0000][7][gc,age      ] GC(159) - age  14:      19144 bytes,    1066072 total
[2021-05-03T05:14:42.190+0000][7][gc,age      ] GC(159) - age  15:       1864 bytes,    1067936 total
[2021-05-03T05:14:42.190+0000][7][gc,phases   ] GC(159)   Pre Evacuate Collection Set: 0.1ms
[2021-05-03T05:14:42.190+0000][7][gc,phases   ] GC(159)   Merge Heap Roots: 0.0ms
[2021-05-03T05:14:42.190+0000][7][gc,phases   ] GC(159)   Evacuate Collection Set: 1.1ms
[2021-05-03T05:14:42.190+0000][7][gc,phases   ] GC(159)   Post Evacuate Collection Set: 0.7ms
[2021-05-03T05:14:42.190+0000][7][gc,phases   ] GC(159)   Other: 0.3ms
[2021-05-03T05:14:42.190+0000][7][gc,heap     ] GC(159) Eden regions: 22->0(22)
[2021-05-03T05:14:42.190+0000][7][gc,heap     ] GC(159) Survivor regions: 1->1(3)
[2021-05-03T05:14:42.190+0000][7][gc,heap     ] GC(159) Old regions: 26->26
[2021-05-03T05:14:42.190+0000][7][gc,heap     ] GC(159) Archive regions: 2->2
[2021-05-03T05:14:42.190+0000][7][gc,heap     ] GC(159) Humongous regions: 2->2
[2021-05-03T05:14:42.190+0000][7][gc,metaspace] GC(159) Metaspace: 108192K(112848K)->108192K(112848K) NonClass: 94308K(97692K)->94308K(97692K) Class: 13883K(15156K)->13883K(15156K)
[2021-05-03T05:14:42.190+0000][7][gc          ] GC(159) Pause Young (Concurrent Start) (G1 Evacuation Pause) 203M->116M(256M) 2.266ms
[2021-05-03T05:14:42.190+0000][7][gc,cpu      ] GC(159) User=0.01s Sys=0.00s Real=0.00s
[2021-05-03T05:14:42.190+0000][7][gc          ] GC(160) Concurrent Cycle
[2021-05-03T05:14:42.190+0000][7][gc,marking  ] GC(160) Concurrent Clear Claimed Marks
[2021-05-03T05:14:42.190+0000][7][gc,marking  ] GC(160) Concurrent Clear Claimed Marks 0.046ms
[2021-05-03T05:14:42.190+0000][7][gc,marking  ] GC(160) Concurrent Scan Root Regions
[2021-05-03T05:14:42.190+0000][7][safepoint   ] Safepoint "G1CollectForAllocation", Time since last: 1818723859 ns, Reaching safepoint: 131647 ns, At safepoint: 2336970 ns, Total: 2468617 ns
[2021-05-03T05:14:42.191+0000][7][gc,marking  ] GC(160) Concurrent Scan Root Regions 1.048ms
[2021-05-03T05:14:42.191+0000][7][gc,marking  ] GC(160) Concurrent Mark (10824.119s)
[2021-05-03T05:14:42.191+0000][7][gc,marking  ] GC(160) Concurrent Mark From Roots
[2021-05-03T05:14:42.191+0000][7][gc,task     ] GC(160) Using 2 workers of 2 for marking
[2021-05-03T05:14:42.283+0000][7][gc,marking  ] GC(160) Concurrent Mark From Roots 91.681ms
[2021-05-03T05:14:42.283+0000][7][gc,marking  ] GC(160) Concurrent Preclean
[2021-05-03T05:14:42.283+0000][7][gc,marking  ] GC(160) Concurrent Preclean 0.201ms
[2021-05-03T05:14:42.283+0000][7][gc,marking  ] GC(160) Concurrent Mark (10824.119s, 10824.211s) 91.932ms
[2021-05-03T05:14:42.283+0000][7][gc,start    ] GC(160) Pause Remark
[2021-05-03T05:14:42.289+0000][7][gc          ] GC(160) Pause Remark 118M->118M(256M) 5.262ms
[2021-05-03T05:14:42.289+0000][7][gc,cpu      ] GC(160) User=0.03s Sys=0.01s Real=0.00s
[2021-05-03T05:14:42.289+0000][7][safepoint   ] Safepoint "G1Concurrent", Time since last: 93129793 ns, Reaching safepoint: 105069 ns, At safepoint: 5335212 ns, Total: 5440281 ns
[2021-05-03T05:14:42.289+0000][7][gc,marking  ] GC(160) Concurrent Rebuild Remembered Sets
[2021-05-03T05:14:42.344+0000][7][gc,marking  ] GC(160) Concurrent Rebuild Remembered Sets 55.245ms
[2021-05-03T05:14:42.344+0000][7][gc,start    ] GC(160) Pause Cleanup
[2021-05-03T05:14:42.344+0000][7][gc          ] GC(160) Pause Cleanup 118M->118M(256M) 0.070ms
[2021-05-03T05:14:42.344+0000][7][gc,cpu      ] GC(160) User=0.00s Sys=0.00s Real=0.00s
[2021-05-03T05:14:42.344+0000][7][safepoint   ] Safepoint "G1Concurrent", Time since last: 55386784 ns, Reaching safepoint: 152546 ns, At safepoint: 110474 ns, Total: 263020 ns
[2021-05-03T05:14:42.345+0000][7][gc,marking  ] GC(160) Concurrent Cleanup for Next Mark
[2021-05-03T05:14:42.345+0000][7][gc,marking  ] GC(160) Concurrent Cleanup for Next Mark 0.131ms
[2021-05-03T05:14:42.345+0000][7][gc          ] GC(160) Concurrent Cycle 154.430ms
[2021-05-03T05:15:41.361+0000][7][safepoint   ] Safepoint "Cleanup", Time since last: 59016633737 ns, Reaching safepoint: 153279 ns, At safepoint: 7749 ns, Total: 161028 ns
[2021-05-03T05:15:42.362+0000][7][safepoint   ] Safepoint "Cleanup", Time since last: 1000441259 ns, Reaching safepoint: 101570 ns, At safepoint: 5972 ns, Total: 107542 ns
[2021-05-03T05:16:17.758+0000][7][gc,start    ] GC(161) Pause Young (Normal) (G1 Evacuation Pause)
[2021-05-03T05:16:17.758+0000][7][gc,task     ] GC(161) Using 6 workers of 8 for evacuation
[2021-05-03T05:16:17.758+0000][7][gc,age      ] GC(161) Desired survivor size 6291456 bytes, new threshold 15 (max threshold 15)
[2021-05-03T05:16:17.759+0000][7][gc,age      ] GC(161) Age table with threshold 15 (max threshold 15)
[2021-05-03T05:16:17.759+0000][7][gc,age      ] GC(161) - age   1:     904232 bytes,     904232 total
[2021-05-03T05:16:17.759+0000][7][gc,age      ] GC(161) - age   2:       5184 bytes,     909416 total
[2021-05-03T05:16:17.759+0000][7][gc,age      ] GC(161) - age   3:        208 bytes,     909624 total
[2021-05-03T05:16:17.759+0000][7][gc,age      ] GC(161) - age   4:       2120 bytes,     911744 total
[2021-05-03T05:16:17.759+0000][7][gc,age      ] GC(161) - age   5:       2144 bytes,     913888 total
[2021-05-03T05:16:17.759+0000][7][gc,age      ] GC(161) - age   6:       1472 bytes,     915360 total
[2021-05-03T05:16:17.759+0000][7][gc,age      ] GC(161) - age   8:        872 bytes,     916232 total
[2021-05-03T05:16:17.759+0000][7][gc,age      ] GC(161) - age   9:         24 bytes,     916256 total
[2021-05-03T05:16:17.759+0000][7][gc,age      ] GC(161) - age  10:       4264 bytes,     920520 total
[2021-05-03T05:16:17.759+0000][7][gc,age      ] GC(161) - age  11:     359480 bytes,    1280000 total
[2021-05-03T05:16:17.759+0000][7][gc,age      ] GC(161) - age  14:        960 bytes,    1280960 total
[2021-05-03T05:16:17.759+0000][7][gc,age      ] GC(161) - age  15:      18872 bytes,    1299832 total
[2021-05-03T05:16:17.759+0000][7][gc,phases   ] GC(161)   Pre Evacuate Collection Set: 0.0ms
[2021-05-03T05:16:17.759+0000][7][gc,phases   ] GC(161)   Merge Heap Roots: 0.0ms
[2021-05-03T05:16:17.759+0000][7][gc,phases   ] GC(161)   Evacuate Collection Set: 0.8ms
[2021-05-03T05:16:17.759+0000][7][gc,phases   ] GC(161)   Post Evacuate Collection Set: 0.5ms
[2021-05-03T05:16:17.759+0000][7][gc,phases   ] GC(161)   Other: 0.2ms
[2021-05-03T05:16:17.759+0000][7][gc,heap     ] GC(161) Eden regions: 22->0(22)
[2021-05-03T05:16:17.759+0000][7][gc,heap     ] GC(161) Survivor regions: 1->1(3)
[2021-05-03T05:16:17.759+0000][7][gc,heap     ] GC(161) Old regions: 26->26
[2021-05-03T05:16:17.759+0000][7][gc,heap     ] GC(161) Archive regions: 2->2
[2021-05-03T05:16:17.759+0000][7][gc,heap     ] GC(161) Humongous regions: 2->2
[2021-05-03T05:16:17.759+0000][7][gc,metaspace] GC(161) Metaspace: 108211K(113104K)->108211K(113104K) NonClass: 94327K(97948K)->94327K(97948K) Class: 13883K(15156K)->13883K(15156K)
[2021-05-03T05:16:17.759+0000][7][gc          ] GC(161) Pause Young (Normal) (G1 Evacuation Pause) 203M->116M(256M) 1.643ms
[2021-05-03T05:16:17.760+0000][7][gc,cpu      ] GC(161) User=0.01s Sys=0.00s Real=0.00s
[2021-05-03T05:16:17.760+0000][7][safepoint   ] Safepoint "G1CollectForAllocation", Time since last: 35395959794 ns, Reaching safepoint: 73390 ns, At safepoint: 1705511 ns, Total: 1778901 ns
[2021-05-03T05:16:39.766+0000][7][safepoint   ] Safepoint "Cleanup", Time since last: 22006224205 ns, Reaching safepoint: 103632 ns, At safepoint: 5493 ns, Total: 109125 ns
[2021-05-03T05:18:42.001+0000][7][gc,start    ] GC(162) Pause Young (Concurrent Start) (G1 Evacuation Pause)
[2021-05-03T05:18:42.001+0000][7][gc,task     ] GC(162) Using 6 workers of 8 for evacuation
[2021-05-03T05:18:42.001+0000][7][gc,age      ] GC(162) Desired survivor size 6291456 bytes, new threshold 15 (max threshold 15)
[2021-05-03T05:18:42.002+0000][7][gc,age      ] GC(162) Age table with threshold 15 (max threshold 15)
[2021-05-03T05:18:42.002+0000][7][gc,age      ] GC(162) - age   1:     534160 bytes,     534160 total
[2021-05-03T05:18:42.002+0000][7][gc,age      ] GC(162) - age   2:     323280 bytes,     857440 total
[2021-05-03T05:18:42.002+0000][7][gc,age      ] GC(162) - age   3:       4640 bytes,     862080 total
[2021-05-03T05:18:42.002+0000][7][gc,age      ] GC(162) - age   4:        208 bytes,     862288 total
[2021-05-03T05:18:42.002+0000][7][gc,age      ] GC(162) - age   5:       2072 bytes,     864360 total
[2021-05-03T05:18:42.002+0000][7][gc,age      ] GC(162) - age   6:       2144 bytes,     866504 total
[2021-05-03T05:18:42.002+0000][7][gc,age      ] GC(162) - age   7:       1312 bytes,     867816 total
[2021-05-03T05:18:42.002+0000][7][gc,age      ] GC(162) - age   9:        872 bytes,     868688 total
[2021-05-03T05:18:42.002+0000][7][gc,age      ] GC(162) - age  11:       4264 bytes,     872952 total
[2021-05-03T05:18:42.002+0000][7][gc,age      ] GC(162) - age  12:     359480 bytes,    1232432 total
[2021-05-03T05:18:42.002+0000][7][gc,age      ] GC(162) - age  15:        960 bytes,    1233392 total
[2021-05-03T05:18:42.002+0000][7][gc,phases   ] GC(162)   Pre Evacuate Collection Set: 0.1ms
[2021-05-03T05:18:42.002+0000][7][gc,phases   ] GC(162)   Merge Heap Roots: 0.1ms
[2021-05-03T05:18:42.002+0000][7][gc,phases   ] GC(162)   Evacuate Collection Set: 0.9ms
[2021-05-03T05:18:42.002+0000][7][gc,phases   ] GC(162)   Post Evacuate Collection Set: 0.4ms
[2021-05-03T05:18:42.002+0000][7][gc,phases   ] GC(162)   Other: 0.2ms
[2021-05-03T05:18:42.002+0000][7][gc,heap     ] GC(162) Eden regions: 22->0(22)
[2021-05-03T05:18:42.002+0000][7][gc,heap     ] GC(162) Survivor regions: 1->1(3)
[2021-05-03T05:18:42.002+0000][7][gc,heap     ] GC(162) Old regions: 26->26
[2021-05-03T05:18:42.002+0000][7][gc,heap     ] GC(162) Archive regions: 2->2
[2021-05-03T05:18:42.002+0000][7][gc,heap     ] GC(162) Humongous regions: 2->2
[2021-05-03T05:18:42.002+0000][7][gc,metaspace] GC(162) Metaspace: 108220K(113104K)->108220K(113104K) NonClass: 94335K(97948K)->94335K(97948K) Class: 13884K(15156K)->13884K(15156K)
[2021-05-03T05:18:42.002+0000][7][gc          ] GC(162) Pause Young (Concurrent Start) (G1 Evacuation Pause) 204M->116M(256M) 1.711ms
[2021-05-03T05:18:42.002+0000][7][gc,cpu      ] GC(162) User=0.01s Sys=0.00s Real=0.00s
[2021-05-03T05:18:42.002+0000][7][safepoint   ] Safepoint "G1CollectForAllocation", Time since last: 122234701073 ns, Reaching safepoint: 102293 ns, At safepoint: 1775638 ns, Total: 1877931 ns
[2021-05-03T05:18:42.002+0000][7][gc          ] GC(163) Concurrent Cycle
[2021-05-03T05:18:42.002+0000][7][gc,marking  ] GC(163) Concurrent Clear Claimed Marks
[2021-05-03T05:18:42.003+0000][7][gc,marking  ] GC(163) Concurrent Clear Claimed Marks 0.056ms
[2021-05-03T05:18:42.003+0000][7][gc,marking  ] GC(163) Concurrent Scan Root Regions
[2021-05-03T05:18:42.004+0000][7][gc,marking  ] GC(163) Concurrent Scan Root Regions 0.978ms
[2021-05-03T05:18:42.004+0000][7][gc,marking  ] GC(163) Concurrent Mark (11063.931s)
[2021-05-03T05:18:42.004+0000][7][gc,marking  ] GC(163) Concurrent Mark From Roots
[2021-05-03T05:18:42.004+0000][7][gc,task     ] GC(163) Using 2 workers of 2 for marking
[2021-05-03T05:18:42.083+0000][7][gc,marking  ] GC(163) Concurrent Mark From Roots 79.590ms
[2021-05-03T05:18:42.083+0000][7][gc,marking  ] GC(163) Concurrent Preclean
[2021-05-03T05:18:42.083+0000][7][gc,marking  ] GC(163) Concurrent Preclean 0.225ms
[2021-05-03T05:18:42.083+0000][7][gc,marking  ] GC(163) Concurrent Mark (11063.931s, 11064.011s) 79.867ms
[2021-05-03T05:18:42.084+0000][7][gc,start    ] GC(163) Pause Remark
[2021-05-03T05:18:42.089+0000][7][gc          ] GC(163) Pause Remark 117M->117M(256M) 5.269ms
[2021-05-03T05:18:42.089+0000][7][gc,cpu      ] GC(163) User=0.03s Sys=0.00s Real=0.00s
[2021-05-03T05:18:42.089+0000][7][safepoint   ] Safepoint "G1Concurrent", Time since last: 81042966 ns, Reaching safepoint: 98980 ns, At safepoint: 5350042 ns, Total: 5449022 ns
[2021-05-03T05:18:42.089+0000][7][gc,marking  ] GC(163) Concurrent Rebuild Remembered Sets
[2021-05-03T05:18:42.142+0000][7][gc,marking  ] GC(163) Concurrent Rebuild Remembered Sets 52.893ms
[2021-05-03T05:18:42.142+0000][7][gc,start    ] GC(163) Pause Cleanup
[2021-05-03T05:18:42.142+0000][7][gc          ] GC(163) Pause Cleanup 117M->117M(256M) 0.069ms
[2021-05-03T05:18:42.142+0000][7][gc,cpu      ] GC(163) User=0.00s Sys=0.00s Real=0.00s
[2021-05-03T05:18:42.142+0000][7][safepoint   ] Safepoint "G1Concurrent", Time since last: 53009978 ns, Reaching safepoint: 99377 ns, At safepoint: 111364 ns, Total: 210741 ns
[2021-05-03T05:18:42.142+0000][7][gc,marking  ] GC(163) Concurrent Cleanup for Next Mark
[2021-05-03T05:18:42.142+0000][7][gc,marking  ] GC(163) Concurrent Cleanup for Next Mark 0.150ms
[2021-05-03T05:18:42.142+0000][7][gc          ] GC(163) Concurrent Cycle 139.902ms
[2021-05-03T05:18:48.144+0000][7][safepoint   ] Safepoint "Cleanup", Time since last: 6001676769 ns, Reaching safepoint: 91468 ns, At safepoint: 5361 ns, Total: 96829 ns
[2021-05-03T05:19:18.153+0000][7][safepoint   ] Safepoint "Cleanup", Time since last: 30009016583 ns, Reaching safepoint: 161168 ns, At safepoint: 5042 ns, Total: 166210 ns
[2021-05-03T05:19:35.159+0000][7][safepoint   ] Safepoint "Cleanup", Time since last: 17006029679 ns, Reaching safepoint: 101499 ns, At safepoint: 5599 ns, Total: 107098 ns
[2021-05-03T05:19:44.162+0000][7][safepoint   ] Safepoint "Cleanup", Time since last: 9002216984 ns, Reaching safepoint: 104344 ns, At safepoint: 6020 ns, Total: 110364 ns
[2021-05-03T05:20:42.177+0000][7][safepoint   ] Safepoint "Cleanup", Time since last: 58014988699 ns, Reaching safepoint: 102876 ns, At safepoint: 5604 ns, Total: 108480 ns
[2021-05-03T05:20:47.818+0000][7][gc,start    ] GC(164) Pause Young (Normal) (G1 Evacuation Pause)
[2021-05-03T05:20:47.818+0000][7][gc,task     ] GC(164) Using 6 workers of 8 for evacuation
[2021-05-03T05:20:47.818+0000][7][gc,age      ] GC(164) Desired survivor size 6291456 bytes, new threshold 15 (max threshold 15)
[2021-05-03T05:20:47.819+0000][7][gc,age      ] GC(164) Age table with threshold 15 (max threshold 15)
[2021-05-03T05:20:47.819+0000][7][gc,age      ] GC(164) - age   1:     586224 bytes,     586224 total
[2021-05-03T05:20:47.819+0000][7][gc,age      ] GC(164) - age   2:       1864 bytes,     588088 total
[2021-05-03T05:20:47.819+0000][7][gc,age      ] GC(164) - age   3:     198272 bytes,     786360 total
[2021-05-03T05:20:47.819+0000][7][gc,age      ] GC(164) - age   4:       4640 bytes,     791000 total
[2021-05-03T05:20:47.819+0000][7][gc,age      ] GC(164) - age   5:        208 bytes,     791208 total
[2021-05-03T05:20:47.819+0000][7][gc,age      ] GC(164) - age   6:       2048 bytes,     793256 total
[2021-05-03T05:20:47.819+0000][7][gc,age      ] GC(164) - age   7:       2144 bytes,     795400 total
[2021-05-03T05:20:47.819+0000][7][gc,age      ] GC(164) - age   8:       1312 bytes,     796712 total
[2021-05-03T05:20:47.819+0000][7][gc,age      ] GC(164) - age  10:        872 bytes,     797584 total
[2021-05-03T05:20:47.819+0000][7][gc,age      ] GC(164) - age  12:       4264 bytes,     801848 total
[2021-05-03T05:20:47.819+0000][7][gc,age      ] GC(164) - age  13:     359480 bytes,    1161328 total
[2021-05-03T05:20:47.819+0000][7][gc,phases   ] GC(164)   Pre Evacuate Collection Set: 0.0ms
[2021-05-03T05:20:47.819+0000][7][gc,phases   ] GC(164)   Merge Heap Roots: 0.0ms
[2021-05-03T05:20:47.819+0000][7][gc,phases   ] GC(164)   Evacuate Collection Set: 0.8ms
[2021-05-03T05:20:47.819+0000][7][gc,phases   ] GC(164)   Post Evacuate Collection Set: 0.4ms
[2021-05-03T05:20:47.819+0000][7][gc,phases   ] GC(164)   Other: 0.2ms
[2021-05-03T05:20:47.819+0000][7][gc,heap     ] GC(164) Eden regions: 22->0(22)
[2021-05-03T05:20:47.819+0000][7][gc,heap     ] GC(164) Survivor regions: 1->1(3)
[2021-05-03T05:20:47.819+0000][7][gc,heap     ] GC(164) Old regions: 26->26
[2021-05-03T05:20:47.819+0000][7][gc,heap     ] GC(164) Archive regions: 2->2
[2021-05-03T05:20:47.819+0000][7][gc,heap     ] GC(164) Humongous regions: 2->2
[2021-05-03T05:20:47.819+0000][7][gc,metaspace] GC(164) Metaspace: 108233K(113104K)->108233K(113104K) NonClass: 94349K(97948K)->94349K(97948K) Class: 13884K(15156K)->13884K(15156K)
[2021-05-03T05:20:47.819+0000][7][gc          ] GC(164) Pause Young (Normal) (G1 Evacuation Pause) 204M->116M(256M) 1.563ms
[2021-05-03T05:20:47.819+0000][7][gc,cpu      ] GC(164) User=0.00s Sys=0.00s Real=0.00s
[2021-05-03T05:20:47.819+0000][7][safepoint   ] Safepoint "G1CollectForAllocation", Time since last: 5640778412 ns, Reaching safepoint: 82866 ns, At safepoint: 1619874 ns, Total: 1702740 ns
[2021-05-03T05:21:39.832+0000][7][safepoint   ] Safepoint "Cleanup", Time since last: 52012731795 ns, Reaching safepoint: 108881 ns, At safepoint: 5744 ns, Total: 114625 ns
[2021-05-03T05:21:42.833+0000][7][safepoint   ] Safepoint "Cleanup", Time since last: 3000484939 ns, Reaching safepoint: 92721 ns, At safepoint: 5164 ns, Total: 97885 ns
[2021-05-03T05:22:57.853+0000][7][safepoint   ] Safepoint "Cleanup", Time since last: 75020447240 ns, Reaching safepoint: 105540 ns, At safepoint: 6935 ns, Total: 112475 ns
[2021-05-03T05:23:10.591+0000][7][gc,start    ] GC(165) Pause Young (Concurrent Start) (G1 Evacuation Pause)
[2021-05-03T05:23:10.591+0000][7][gc,task     ] GC(165) Using 6 workers of 8 for evacuation
[2021-05-03T05:23:10.591+0000][7][gc,age      ] GC(165) Desired survivor size 6291456 bytes, new threshold 15 (max threshold 15)
[2021-05-03T05:23:10.592+0000][7][gc,age      ] GC(165) Age table with threshold 15 (max threshold 15)
[2021-05-03T05:23:10.592+0000][7][gc,age      ] GC(165) - age   1:     506640 bytes,     506640 total
[2021-05-03T05:23:10.592+0000][7][gc,age      ] GC(165) - age   2:       1064 bytes,     507704 total
[2021-05-03T05:23:10.592+0000][7][gc,age      ] GC(165) - age   3:       1328 bytes,     509032 total
[2021-05-03T05:23:10.592+0000][7][gc,age      ] GC(165) - age   4:     197992 bytes,     707024 total
[2021-05-03T05:23:10.592+0000][7][gc,age      ] GC(165) - age   5:       4640 bytes,     711664 total
[2021-05-03T05:23:10.592+0000][7][gc,age      ] GC(165) - age   6:        208 bytes,     711872 total
[2021-05-03T05:23:10.592+0000][7][gc,age      ] GC(165) - age   7:       2048 bytes,     713920 total
[2021-05-03T05:23:10.593+0000][7][gc,age      ] GC(165) - age   8:       2144 bytes,     716064 total
[2021-05-03T05:23:10.593+0000][7][gc,age      ] GC(165) - age   9:       1312 bytes,     717376 total
[2021-05-03T05:23:10.593+0000][7][gc,age      ] GC(165) - age  11:        872 bytes,     718248 total
[2021-05-03T05:23:10.593+0000][7][gc,age      ] GC(165) - age  13:       4264 bytes,     722512 total
[2021-05-03T05:23:10.593+0000][7][gc,age      ] GC(165) - age  14:     359480 bytes,    1081992 total
[2021-05-03T05:23:10.593+0000][7][gc,phases   ] GC(165)   Pre Evacuate Collection Set: 0.1ms
[2021-05-03T05:23:10.593+0000][7][gc,phases   ] GC(165)   Merge Heap Roots: 0.0ms
[2021-05-03T05:23:10.593+0000][7][gc,phases   ] GC(165)   Evacuate Collection Set: 1.0ms
[2021-05-03T05:23:10.593+0000][7][gc,phases   ] GC(165)   Post Evacuate Collection Set: 0.4ms
[2021-05-03T05:23:10.593+0000][7][gc,phases   ] GC(165)   Other: 0.3ms
[2021-05-03T05:23:10.593+0000][7][gc,heap     ] GC(165) Eden regions: 22->0(22)
[2021-05-03T05:23:10.593+0000][7][gc,heap     ] GC(165) Survivor regions: 1->1(3)
[2021-05-03T05:23:10.593+0000][7][gc,heap     ] GC(165) Old regions: 26->26
[2021-05-03T05:23:10.593+0000][7][gc,heap     ] GC(165) Archive regions: 2->2
[2021-05-03T05:23:10.593+0000][7][gc,heap     ] GC(165) Humongous regions: 2->2
[2021-05-03T05:23:10.593+0000][7][gc,metaspace] GC(165) Metaspace: 108237K(113104K)->108237K(113104K) NonClass: 94353K(97948K)->94353K(97948K) Class: 13884K(15156K)->13884K(15156K)
[2021-05-03T05:23:10.593+0000][7][gc          ] GC(165) Pause Young (Concurrent Start) (G1 Evacuation Pause) 204M->116M(256M) 1.849ms
[2021-05-03T05:23:10.593+0000][7][gc,cpu      ] GC(165) User=0.00s Sys=0.01s Real=0.01s
[2021-05-03T05:23:10.593+0000][7][gc          ] GC(166) Concurrent Cycle
[2021-05-03T05:23:10.593+0000][7][safepoint   ] Safepoint "G1CollectForAllocation", Time since last: 12737571162 ns, Reaching safepoint: 76474 ns, At safepoint: 1918115 ns, Total: 1994589 ns
[2021-05-03T05:23:10.593+0000][7][gc,marking  ] GC(166) Concurrent Clear Claimed Marks
[2021-05-03T05:23:10.593+0000][7][gc,marking  ] GC(166) Concurrent Clear Claimed Marks 0.052ms
[2021-05-03T05:23:10.593+0000][7][gc,marking  ] GC(166) Concurrent Scan Root Regions
[2021-05-03T05:23:10.594+0000][7][gc,marking  ] GC(166) Concurrent Scan Root Regions 1.270ms
[2021-05-03T05:23:10.594+0000][7][gc,marking  ] GC(166) Concurrent Mark (11332.522s)
[2021-05-03T05:23:10.594+0000][7][gc,marking  ] GC(166) Concurrent Mark From Roots
[2021-05-03T05:23:10.594+0000][7][gc,task     ] GC(166) Using 2 workers of 2 for marking
[2021-05-03T05:23:10.674+0000][7][gc,marking  ] GC(166) Concurrent Mark From Roots 80.005ms
[2021-05-03T05:23:10.674+0000][7][gc,marking  ] GC(166) Concurrent Preclean
[2021-05-03T05:23:10.674+0000][7][gc,marking  ] GC(166) Concurrent Preclean 0.225ms
[2021-05-03T05:23:10.674+0000][7][gc,marking  ] GC(166) Concurrent Mark (11332.522s, 11332.602s) 80.281ms
[2021-05-03T05:23:10.674+0000][7][gc,start    ] GC(166) Pause Remark
[2021-05-03T05:23:10.680+0000][7][gc          ] GC(166) Pause Remark 116M->116M(256M) 5.384ms
[2021-05-03T05:23:10.680+0000][7][gc,cpu      ] GC(166) User=0.03s Sys=0.01s Real=0.01s
[2021-05-03T05:23:10.680+0000][7][safepoint   ] Safepoint "G1Concurrent", Time since last: 81662976 ns, Reaching safepoint: 74026 ns, At safepoint: 5462297 ns, Total: 5536323 ns
[2021-05-03T05:23:10.680+0000][7][gc,marking  ] GC(166) Concurrent Rebuild Remembered Sets
[2021-05-03T05:23:10.733+0000][7][gc,marking  ] GC(166) Concurrent Rebuild Remembered Sets 53.438ms
[2021-05-03T05:23:10.734+0000][7][gc,start    ] GC(166) Pause Cleanup
[2021-05-03T05:23:10.734+0000][7][gc          ] GC(166) Pause Cleanup 116M->116M(256M) 0.069ms
[2021-05-03T05:23:10.734+0000][7][gc,cpu      ] GC(166) User=0.00s Sys=0.00s Real=0.00s
[2021-05-03T05:23:10.734+0000][7][safepoint   ] Safepoint "G1Concurrent", Time since last: 53509574 ns, Reaching safepoint: 88774 ns, At safepoint: 110833 ns, Total: 199607 ns
[2021-05-03T05:23:10.734+0000][7][gc,marking  ] GC(166) Concurrent Cleanup for Next Mark
[2021-05-03T05:23:10.734+0000][7][gc,marking  ] GC(166) Concurrent Cleanup for Next Mark 0.170ms
[2021-05-03T05:23:10.734+0000][7][gc          ] GC(166) Concurrent Cycle 141.118ms
[2021-05-03T05:24:09.748+0000][7][safepoint   ] Safepoint "Cleanup", Time since last: 59013969411 ns, Reaching safepoint: 95952 ns, At safepoint: 5755 ns, Total: 101707 ns
[2021-05-03T05:24:42.756+0000][7][safepoint   ] Safepoint "Cleanup", Time since last: 33008215945 ns, Reaching safepoint: 83640 ns, At safepoint: 4884 ns, Total: 88524 ns
[2021-05-03T05:25:20.641+0000][7][gc,start    ] GC(167) Pause Young (Normal) (G1 Evacuation Pause)
[2021-05-03T05:25:20.641+0000][7][gc,task     ] GC(167) Using 6 workers of 8 for evacuation
[2021-05-03T05:25:20.641+0000][7][gc,age      ] GC(167) Desired survivor size 6291456 bytes, new threshold 15 (max threshold 15)
[2021-05-03T05:25:20.643+0000][7][gc,age      ] GC(167) Age table with threshold 15 (max threshold 15)
[2021-05-03T05:25:20.643+0000][7][gc,age      ] GC(167) - age   1:     536048 bytes,     536048 total
[2021-05-03T05:25:20.643+0000][7][gc,age      ] GC(167) - age   2:        712 bytes,     536760 total
[2021-05-03T05:25:20.643+0000][7][gc,age      ] GC(167) - age   3:        568 bytes,     537328 total
[2021-05-03T05:25:20.643+0000][7][gc,age      ] GC(167) - age   4:       1128 bytes,     538456 total
[2021-05-03T05:25:20.643+0000][7][gc,age      ] GC(167) - age   5:     197952 bytes,     736408 total
[2021-05-03T05:25:20.643+0000][7][gc,age      ] GC(167) - age   6:       2144 bytes,     738552 total
[2021-05-03T05:25:20.643+0000][7][gc,age      ] GC(167) - age   7:        112 bytes,     738664 total
[2021-05-03T05:25:20.643+0000][7][gc,age      ] GC(167) - age   8:       2048 bytes,     740712 total
[2021-05-03T05:25:20.643+0000][7][gc,age      ] GC(167) - age   9:       2144 bytes,     742856 total
[2021-05-03T05:25:20.643+0000][7][gc,age      ] GC(167) - age  10:       1312 bytes,     744168 total
[2021-05-03T05:25:20.643+0000][7][gc,age      ] GC(167) - age  12:        872 bytes,     745040 total
[2021-05-03T05:25:20.643+0000][7][gc,age      ] GC(167) - age  14:       4264 bytes,     749304 total
[2021-05-03T05:25:20.643+0000][7][gc,age      ] GC(167) - age  15:     359480 bytes,    1108784 total
[2021-05-03T05:25:20.643+0000][7][gc,phases   ] GC(167)   Pre Evacuate Collection Set: 0.1ms
[2021-05-03T05:25:20.643+0000][7][gc,phases   ] GC(167)   Merge Heap Roots: 0.0ms
[2021-05-03T05:25:20.643+0000][7][gc,phases   ] GC(167)   Evacuate Collection Set: 0.9ms
[2021-05-03T05:25:20.643+0000][7][gc,phases   ] GC(167)   Post Evacuate Collection Set: 0.6ms
[2021-05-03T05:25:20.643+0000][7][gc,phases   ] GC(167)   Other: 0.2ms
[2021-05-03T05:25:20.643+0000][7][gc,heap     ] GC(167) Eden regions: 22->0(22)
[2021-05-03T05:25:20.643+0000][7][gc,heap     ] GC(167) Survivor regions: 1->1(3)
[2021-05-03T05:25:20.643+0000][7][gc,heap     ] GC(167) Old regions: 26->26
[2021-05-03T05:25:20.643+0000][7][gc,heap     ] GC(167) Archive regions: 2->2
[2021-05-03T05:25:20.643+0000][7][gc,heap     ] GC(167) Humongous regions: 2->2
[2021-05-03T05:25:20.643+0000][7][gc,metaspace] GC(167) Metaspace: 108247K(113104K)->108247K(113104K) NonClass: 94363K(97948K)->94363K(97948K) Class: 13884K(15156K)->13884K(15156K)
[2021-05-03T05:25:20.643+0000][7][gc          ] GC(167) Pause Young (Normal) (G1 Evacuation Pause) 204M->116M(256M) 1.927ms
[2021-05-03T05:25:20.643+0000][7][gc,cpu      ] GC(167) User=0.01s Sys=0.00s Real=0.00s
[2021-05-03T05:25:20.643+0000][7][safepoint   ] Safepoint "G1CollectForAllocation", Time since last: 37885004245 ns, Reaching safepoint: 161485 ns, At safepoint: 1993110 ns, Total: 2154595 ns
[2021-05-03T05:25:39.648+0000][7][safepoint   ] Safepoint "Cleanup", Time since last: 19004281657 ns, Reaching safepoint: 140138 ns, At safepoint: 7261 ns, Total: 147399 ns
[2021-05-03T05:25:41.648+0000][7][safepoint   ] Safepoint "Cleanup", Time since last: 2000212572 ns, Reaching safepoint: 100087 ns, At safepoint: 6959 ns, Total: 107046 ns
[2021-05-03T05:25:42.648+0000][7][safepoint   ] Safepoint "Cleanup", Time since last: 1000137673 ns, Reaching safepoint: 104118 ns, At safepoint: 5239 ns, Total: 109357 ns
[2021-05-03T05:26:39.664+0000][7][safepoint   ] Safepoint "Cleanup", Time since last: 57015792099 ns, Reaching safepoint: 102876 ns, At safepoint: 6091 ns, Total: 108967 ns
[2021-05-03T05:26:42.664+0000][7][safepoint   ] Safepoint "Cleanup", Time since last: 3000261889 ns, Reaching safepoint: 106157 ns, At safepoint: 5404 ns, Total: 111561 ns
[2021-05-03T05:27:10.688+0000][7][gc,start    ] GC(168) Pause Young (Concurrent Start) (G1 Evacuation Pause)
[2021-05-03T05:27:10.688+0000][7][gc,task     ] GC(168) Using 6 workers of 8 for evacuation
[2021-05-03T05:27:10.688+0000][7][gc,age      ] GC(168) Desired survivor size 6291456 bytes, new threshold 15 (max threshold 15)
[2021-05-03T05:27:10.689+0000][7][gc,age      ] GC(168) Age table with threshold 15 (max threshold 15)
[2021-05-03T05:27:10.689+0000][7][gc,age      ] GC(168) - age   1:     774968 bytes,     774968 total
[2021-05-03T05:27:10.690+0000][7][gc,age      ] GC(168) - age   2:      20440 bytes,     795408 total
[2021-05-03T05:27:10.690+0000][7][gc,age      ] GC(168) - age   3:        448 bytes,     795856 total
[2021-05-03T05:27:10.690+0000][7][gc,age      ] GC(168) - age   4:        368 bytes,     796224 total
[2021-05-03T05:27:10.690+0000][7][gc,age      ] GC(168) - age   5:        840 bytes,     797064 total
[2021-05-03T05:27:10.690+0000][7][gc,age      ] GC(168) - age   6:      23080 bytes,     820144 total
[2021-05-03T05:27:10.690+0000][7][gc,age      ] GC(168) - age   7:       2144 bytes,     822288 total
[2021-05-03T05:27:10.690+0000][7][gc,age      ] GC(168) - age   8:         72 bytes,     822360 total
[2021-05-03T05:27:10.690+0000][7][gc,age      ] GC(168) - age   9:       2048 bytes,     824408 total
[2021-05-03T05:27:10.690+0000][7][gc,age      ] GC(168) - age  10:       2144 bytes,     826552 total
[2021-05-03T05:27:10.690+0000][7][gc,age      ] GC(168) - age  11:        336 bytes,     826888 total
[2021-05-03T05:27:10.690+0000][7][gc,age      ] GC(168) - age  13:        872 bytes,     827760 total
[2021-05-03T05:27:10.690+0000][7][gc,age      ] GC(168) - age  15:       4264 bytes,     832024 total
[2021-05-03T05:27:10.690+0000][7][gc,phases   ] GC(168)   Pre Evacuate Collection Set: 0.1ms
[2021-05-03T05:27:10.690+0000][7][gc,phases   ] GC(168)   Merge Heap Roots: 0.0ms
[2021-05-03T05:27:10.690+0000][7][gc,phases   ] GC(168)   Evacuate Collection Set: 1.0ms
[2021-05-03T05:27:10.690+0000][7][gc,phases   ] GC(168)   Post Evacuate Collection Set: 0.5ms
[2021-05-03T05:27:10.690+0000][7][gc,phases   ] GC(168)   Other: 0.2ms
[2021-05-03T05:27:10.690+0000][7][gc,heap     ] GC(168) Eden regions: 22->0(22)
[2021-05-03T05:27:10.690+0000][7][gc,heap     ] GC(168) Survivor regions: 1->1(3)
[2021-05-03T05:27:10.690+0000][7][gc,heap     ] GC(168) Old regions: 26->26
[2021-05-03T05:27:10.690+0000][7][gc,heap     ] GC(168) Archive regions: 2->2
[2021-05-03T05:27:10.690+0000][7][gc,heap     ] GC(168) Humongous regions: 2->2
[2021-05-03T05:27:10.690+0000][7][gc,metaspace] GC(168) Metaspace: 108283K(113104K)->108283K(113104K) NonClass: 94399K(97948K)->94399K(97948K) Class: 13884K(15156K)->13884K(15156K)
[2021-05-03T05:27:10.690+0000][7][gc          ] GC(168) Pause Young (Concurrent Start) (G1 Evacuation Pause) 204M->116M(256M) 1.996ms
[2021-05-03T05:27:10.690+0000][7][gc,cpu      ] GC(168) User=0.00s Sys=0.01s Real=0.00s
[2021-05-03T05:27:10.690+0000][7][gc          ] GC(169) Concurrent Cycle
[2021-05-03T05:27:10.690+0000][7][safepoint   ] Safepoint "G1CollectForAllocation", Time since last: 28023041365 ns, Reaching safepoint: 172225 ns, At safepoint: 2062976 ns, Total: 2235201 ns
[2021-05-03T05:27:10.690+0000][7][gc,marking  ] GC(169) Concurrent Clear Claimed Marks
[2021-05-03T05:27:10.690+0000][7][gc,marking  ] GC(169) Concurrent Clear Claimed Marks 0.051ms
[2021-05-03T05:27:10.690+0000][7][gc,marking  ] GC(169) Concurrent Scan Root Regions
[2021-05-03T05:27:10.691+0000][7][gc,marking  ] GC(169) Concurrent Scan Root Regions 0.757ms
[2021-05-03T05:27:10.691+0000][7][gc,marking  ] GC(169) Concurrent Mark (11572.618s)
[2021-05-03T05:27:10.691+0000][7][gc,marking  ] GC(169) Concurrent Mark From Roots
[2021-05-03T05:27:10.691+0000][7][gc,task     ] GC(169) Using 2 workers of 2 for marking
[2021-05-03T05:27:10.770+0000][7][gc,marking  ] GC(169) Concurrent Mark From Roots 79.479ms
[2021-05-03T05:27:10.770+0000][7][gc,marking  ] GC(169) Concurrent Preclean
[2021-05-03T05:27:10.770+0000][7][gc,marking  ] GC(169) Concurrent Preclean 0.213ms
[2021-05-03T05:27:10.770+0000][7][gc,marking  ] GC(169) Concurrent Mark (11572.618s, 11572.698s) 79.742ms
[2021-05-03T05:27:10.770+0000][7][gc,start    ] GC(169) Pause Remark
[2021-05-03T05:27:10.776+0000][7][gc          ] GC(169) Pause Remark 116M->116M(256M) 5.560ms
[2021-05-03T05:27:10.776+0000][7][gc,cpu      ] GC(169) User=0.03s Sys=0.00s Real=0.01s
[2021-05-03T05:27:10.776+0000][7][safepoint   ] Safepoint "G1Concurrent", Time since last: 80613193 ns, Reaching safepoint: 99034 ns, At safepoint: 5633159 ns, Total: 5732193 ns
[2021-05-03T05:27:10.776+0000][7][gc,marking  ] GC(169) Concurrent Rebuild Remembered Sets
[2021-05-03T05:27:10.851+0000][7][gc,marking  ] GC(169) Concurrent Rebuild Remembered Sets 74.828ms
[2021-05-03T05:27:10.851+0000][7][gc,start    ] GC(169) Pause Cleanup
[2021-05-03T05:27:10.851+0000][7][gc          ] GC(169) Pause Cleanup 116M->116M(256M) 0.141ms
[2021-05-03T05:27:10.851+0000][7][gc,cpu      ] GC(169) User=0.00s Sys=0.00s Real=0.00s
[2021-05-03T05:27:10.851+0000][7][safepoint   ] Safepoint "G1Concurrent", Time since last: 74987128 ns, Reaching safepoint: 146883 ns, At safepoint: 187821 ns, Total: 334704 ns
[2021-05-03T05:27:10.851+0000][7][gc,marking  ] GC(169) Concurrent Cleanup for Next Mark
[2021-05-03T05:27:10.852+0000][7][gc,marking  ] GC(169) Concurrent Cleanup for Next Mark 0.258ms
[2021-05-03T05:27:10.852+0000][7][gc          ] GC(169) Concurrent Cycle 162.010ms
[2021-05-03T05:27:39.858+0000][7][safepoint   ] Safepoint "Cleanup", Time since last: 29006167177 ns, Reaching safepoint: 178441 ns, At safepoint: 7370 ns, Total: 185811 ns
[2021-05-03T05:27:48.860+0000][7][safepoint   ] Safepoint "Cleanup", Time since last: 9002667187 ns, Reaching safepoint: 103307 ns, At safepoint: 4946 ns, Total: 108253 ns
[2021-05-03T05:29:32.932+0000][7][gc,start    ] GC(170) Pause Young (Normal) (G1 Evacuation Pause)
[2021-05-03T05:29:32.932+0000][7][gc,task     ] GC(170) Using 6 workers of 8 for evacuation
[2021-05-03T05:29:32.932+0000][7][gc,age      ] GC(170) Desired survivor size 6291456 bytes, new threshold 15 (max threshold 15)
[2021-05-03T05:29:32.934+0000][7][gc,age      ] GC(170) Age table with threshold 15 (max threshold 15)
[2021-05-03T05:29:32.934+0000][7][gc,age      ] GC(170) - age   1:     523080 bytes,     523080 total
[2021-05-03T05:29:32.934+0000][7][gc,age      ] GC(170) - age   2:     272680 bytes,     795760 total
[2021-05-03T05:29:32.934+0000][7][gc,age      ] GC(170) - age   3:      20224 bytes,     815984 total
[2021-05-03T05:29:32.934+0000][7][gc,age      ] GC(170) - age   4:        400 bytes,     816384 total
[2021-05-03T05:29:32.934+0000][7][gc,age      ] GC(170) - age   5:        368 bytes,     816752 total
[2021-05-03T05:29:32.934+0000][7][gc,age      ] GC(170) - age   6:        840 bytes,     817592 total
[2021-05-03T05:29:32.934+0000][7][gc,age      ] GC(170) - age   7:      23080 bytes,     840672 total
[2021-05-03T05:29:32.934+0000][7][gc,age      ] GC(170) - age   8:       2104 bytes,     842776 total
[2021-05-03T05:29:32.934+0000][7][gc,age      ] GC(170) - age   9:         72 bytes,     842848 total
[2021-05-03T05:29:32.934+0000][7][gc,age      ] GC(170) - age  10:       2048 bytes,     844896 total
[2021-05-03T05:29:32.934+0000][7][gc,age      ] GC(170) - age  11:       1904 bytes,     846800 total
[2021-05-03T05:29:32.934+0000][7][gc,age      ] GC(170) - age  12:        336 bytes,     847136 total
[2021-05-03T05:29:32.934+0000][7][gc,age      ] GC(170) - age  14:        872 bytes,     848008 total
[2021-05-03T05:29:32.934+0000][7][gc,phases   ] GC(170)   Pre Evacuate Collection Set: 0.1ms
[2021-05-03T05:29:32.934+0000][7][gc,phases   ] GC(170)   Merge Heap Roots: 0.0ms
[2021-05-03T05:29:32.934+0000][7][gc,phases   ] GC(170)   Evacuate Collection Set: 0.9ms
[2021-05-03T05:29:32.934+0000][7][gc,phases   ] GC(170)   Post Evacuate Collection Set: 0.5ms
[2021-05-03T05:29:32.934+0000][7][gc,phases   ] GC(170)   Other: 0.2ms
[2021-05-03T05:29:32.934+0000][7][gc,heap     ] GC(170) Eden regions: 22->0(22)
[2021-05-03T05:29:32.934+0000][7][gc,heap     ] GC(170) Survivor regions: 1->1(3)
[2021-05-03T05:29:32.934+0000][7][gc,heap     ] GC(170) Old regions: 26->26
[2021-05-03T05:29:32.934+0000][7][gc,heap     ] GC(170) Archive regions: 2->2
[2021-05-03T05:29:32.934+0000][7][gc,heap     ] GC(170) Humongous regions: 2->2
[2021-05-03T05:29:32.934+0000][7][gc,metaspace] GC(170) Metaspace: 108291K(113104K)->108291K(113104K) NonClass: 94407K(97948K)->94407K(97948K) Class: 13884K(15156K)->13884K(15156K)
[2021-05-03T05:29:32.934+0000][7][gc          ] GC(170) Pause Young (Normal) (G1 Evacuation Pause) 204M->116M(256M) 1.798ms
[2021-05-03T05:29:32.934+0000][7][gc,cpu      ] GC(170) User=0.00s Sys=0.00s Real=0.00s
[2021-05-03T05:29:32.934+0000][7][safepoint   ] Safepoint "G1CollectForAllocation", Time since last: 104071504656 ns, Reaching safepoint: 99900 ns, At safepoint: 1859581 ns, Total: 1959481 ns
[2021-05-03T05:30:42.948+0000][7][safepoint   ] Safepoint "Cleanup", Time since last: 70014297123 ns, Reaching safepoint: 99665 ns, At safepoint: 5283 ns, Total: 104948 ns
[2021-05-03T05:31:17.956+0000][7][safepoint   ] Safepoint "Cleanup", Time since last: 35007489683 ns, Reaching safepoint: 109217 ns, At safepoint: 4909 ns, Total: 114126 ns
[2021-05-03T05:31:38.962+0000][7][safepoint   ] Safepoint "Cleanup", Time since last: 21006094780 ns, Reaching safepoint: 73436 ns, At safepoint: 4827 ns, Total: 78263 ns
[2021-05-03T05:31:42.003+0000][7][gc,start    ] GC(171) Pause Young (Concurrent Start) (G1 Evacuation Pause)
[2021-05-03T05:31:42.003+0000][7][gc,task     ] GC(171) Using 6 workers of 8 for evacuation
[2021-05-03T05:31:42.003+0000][7][gc,age      ] GC(171) Desired survivor size 6291456 bytes, new threshold 15 (max threshold 15)
[2021-05-03T05:31:42.005+0000][7][gc,age      ] GC(171) Age table with threshold 15 (max threshold 15)
[2021-05-03T05:31:42.005+0000][7][gc,age      ] GC(171) - age   1:     566672 bytes,     566672 total
[2021-05-03T05:31:42.005+0000][7][gc,age      ] GC(171) - age   2:        504 bytes,     567176 total
[2021-05-03T05:31:42.005+0000][7][gc,age      ] GC(171) - age   3:     151744 bytes,     718920 total
[2021-05-03T05:31:42.005+0000][7][gc,age      ] GC(171) - age   4:      19928 bytes,     738848 total
[2021-05-03T05:31:42.005+0000][7][gc,age      ] GC(171) - age   5:        304 bytes,     739152 total
[2021-05-03T05:31:42.005+0000][7][gc,age      ] GC(171) - age   6:        368 bytes,     739520 total
[2021-05-03T05:31:42.005+0000][7][gc,age      ] GC(171) - age   7:        744 bytes,     740264 total
[2021-05-03T05:31:42.005+0000][7][gc,age      ] GC(171) - age   8:      23080 bytes,     763344 total
[2021-05-03T05:31:42.005+0000][7][gc,age      ] GC(171) - age   9:       1896 bytes,     765240 total
[2021-05-03T05:31:42.005+0000][7][gc,age      ] GC(171) - age  10:         72 bytes,     765312 total
[2021-05-03T05:31:42.005+0000][7][gc,age      ] GC(171) - age  11:       1992 bytes,     767304 total
[2021-05-03T05:31:42.005+0000][7][gc,age      ] GC(171) - age  12:       1904 bytes,     769208 total
[2021-05-03T05:31:42.005+0000][7][gc,age      ] GC(171) - age  13:        336 bytes,     769544 total
[2021-05-03T05:31:42.005+0000][7][gc,age      ] GC(171) - age  15:        872 bytes,     770416 total
[2021-05-03T05:31:42.005+0000][7][gc,phases   ] GC(171)   Pre Evacuate Collection Set: 0.1ms
[2021-05-03T05:31:42.005+0000][7][gc,phases   ] GC(171)   Merge Heap Roots: 0.0ms
[2021-05-03T05:31:42.005+0000][7][gc,phases   ] GC(171)   Evacuate Collection Set: 1.0ms
[2021-05-03T05:31:42.005+0000][7][gc,phases   ] GC(171)   Post Evacuate Collection Set: 0.6ms
[2021-05-03T05:31:42.005+0000][7][gc,phases   ] GC(171)   Other: 0.2ms
[2021-05-03T05:31:42.005+0000][7][gc,heap     ] GC(171) Eden regions: 22->0(22)
[2021-05-03T05:31:42.005+0000][7][gc,heap     ] GC(171) Survivor regions: 1->1(3)
[2021-05-03T05:31:42.005+0000][7][gc,heap     ] GC(171) Old regions: 26->26
[2021-05-03T05:31:42.005+0000][7][gc,heap     ] GC(171) Archive regions: 2->2
[2021-05-03T05:31:42.005+0000][7][gc,heap     ] GC(171) Humongous regions: 2->2
[2021-05-03T05:31:42.005+0000][7][gc,metaspace] GC(171) Metaspace: 108294K(113104K)->108294K(113104K) NonClass: 94409K(97948K)->94409K(97948K) Class: 13884K(15156K)->13884K(15156K)
[2021-05-03T05:31:42.005+0000][7][gc          ] GC(171) Pause Young (Concurrent Start) (G1 Evacuation Pause) 204M->116M(256M) 2.002ms
[2021-05-03T05:31:42.005+0000][7][gc,cpu      ] GC(171) User=0.01s Sys=0.00s Real=0.00s
[2021-05-03T05:31:42.005+0000][7][safepoint   ] Safepoint "G1CollectForAllocation", Time since last: 3040786271 ns, Reaching safepoint: 71583 ns, At safepoint: 2064662 ns, Total: 2136245 ns
[2021-05-03T05:31:42.005+0000][7][gc          ] GC(172) Concurrent Cycle
[2021-05-03T05:31:42.005+0000][7][gc,marking  ] GC(172) Concurrent Clear Claimed Marks
[2021-05-03T05:31:42.005+0000][7][gc,marking  ] GC(172) Concurrent Clear Claimed Marks 0.062ms
[2021-05-03T05:31:42.005+0000][7][gc,marking  ] GC(172) Concurrent Scan Root Regions
[2021-05-03T05:31:42.007+0000][7][gc,marking  ] GC(172) Concurrent Scan Root Regions 1.462ms
[2021-05-03T05:31:42.007+0000][7][gc,marking  ] GC(172) Concurrent Mark (11843.934s)
[2021-05-03T05:31:42.007+0000][7][gc,marking  ] GC(172) Concurrent Mark From Roots
[2021-05-03T05:31:42.007+0000][7][gc,task     ] GC(172) Using 2 workers of 2 for marking
[2021-05-03T05:31:42.119+0000][7][gc,marking  ] GC(172) Concurrent Mark From Roots 111.875ms
[2021-05-03T05:31:42.119+0000][7][gc,marking  ] GC(172) Concurrent Preclean
[2021-05-03T05:31:42.119+0000][7][gc,marking  ] GC(172) Concurrent Preclean 0.217ms
[2021-05-03T05:31:42.119+0000][7][gc,marking  ] GC(172) Concurrent Mark (11843.934s, 11844.046s) 112.141ms
[2021-05-03T05:31:42.119+0000][7][gc,start    ] GC(172) Pause Remark
[2021-05-03T05:31:42.124+0000][7][gc          ] GC(172) Pause Remark 116M->116M(256M) 5.523ms
[2021-05-03T05:31:42.124+0000][7][gc,cpu      ] GC(172) User=0.03s Sys=0.01s Real=0.01s
[2021-05-03T05:31:42.125+0000][7][safepoint   ] Safepoint "G1Concurrent", Time since last: 113743669 ns, Reaching safepoint: 101442 ns, At safepoint: 5599234 ns, Total: 5700676 ns
[2021-05-03T05:31:42.125+0000][7][gc,marking  ] GC(172) Concurrent Rebuild Remembered Sets
[2021-05-03T05:31:42.188+0000][7][gc,marking  ] GC(172) Concurrent Rebuild Remembered Sets 63.913ms
[2021-05-03T05:31:42.189+0000][7][gc,start    ] GC(172) Pause Cleanup
[2021-05-03T05:31:42.189+0000][7][gc          ] GC(172) Pause Cleanup 116M->116M(256M) 0.064ms
[2021-05-03T05:31:42.189+0000][7][gc,cpu      ] GC(172) User=0.00s Sys=0.00s Real=0.00s
[2021-05-03T05:31:42.189+0000][7][safepoint   ] Safepoint "G1Concurrent", Time since last: 63988669 ns, Reaching safepoint: 99737 ns, At safepoint: 102997 ns, Total: 202734 ns
[2021-05-03T05:31:42.189+0000][7][gc,marking  ] GC(172) Concurrent Cleanup for Next Mark
[2021-05-03T05:31:42.189+0000][7][gc,marking  ] GC(172) Concurrent Cleanup for Next Mark 0.207ms
[2021-05-03T05:31:42.189+0000][7][gc          ] GC(172) Concurrent Cycle 183.880ms
[2021-05-03T05:34:03.610+0000][7][gc,start    ] GC(173) Pause Young (Normal) (G1 Evacuation Pause)
[2021-05-03T05:34:03.610+0000][7][gc,task     ] GC(173) Using 6 workers of 8 for evacuation
[2021-05-03T05:34:03.610+0000][7][gc,age      ] GC(173) Desired survivor size 6291456 bytes, new threshold 15 (max threshold 15)
[2021-05-03T05:34:03.612+0000][7][gc,age      ] GC(173) Age table with threshold 15 (max threshold 15)
[2021-05-03T05:34:03.612+0000][7][gc,age      ] GC(173) - age   1:     507816 bytes,     507816 total
[2021-05-03T05:34:03.612+0000][7][gc,age      ] GC(173) - age   2:       6352 bytes,     514168 total
[2021-05-03T05:34:03.612+0000][7][gc,age      ] GC(173) - age   3:        480 bytes,     514648 total
[2021-05-03T05:34:03.612+0000][7][gc,age      ] GC(173) - age   4:     151384 bytes,     666032 total
[2021-05-03T05:34:03.612+0000][7][gc,age      ] GC(173) - age   5:      19928 bytes,     685960 total
[2021-05-03T05:34:03.612+0000][7][gc,age      ] GC(173) - age   6:        304 bytes,     686264 total
[2021-05-03T05:34:03.612+0000][7][gc,age      ] GC(173) - age   7:        368 bytes,     686632 total
[2021-05-03T05:34:03.612+0000][7][gc,age      ] GC(173) - age   8:        704 bytes,     687336 total
[2021-05-03T05:34:03.612+0000][7][gc,age      ] GC(173) - age   9:      23080 bytes,     710416 total
[2021-05-03T05:34:03.612+0000][7][gc,age      ] GC(173) - age  10:       1896 bytes,     712312 total
[2021-05-03T05:34:03.612+0000][7][gc,age      ] GC(173) - age  11:         72 bytes,     712384 total
[2021-05-03T05:34:03.612+0000][7][gc,age      ] GC(173) - age  12:       1992 bytes,     714376 total
[2021-05-03T05:34:03.612+0000][7][gc,age      ] GC(173) - age  13:       1904 bytes,     716280 total
[2021-05-03T05:34:03.612+0000][7][gc,age      ] GC(173) - age  14:        336 bytes,     716616 total
[2021-05-03T05:34:03.612+0000][7][gc,phases   ] GC(173)   Pre Evacuate Collection Set: 0.0ms
[2021-05-03T05:34:03.612+0000][7][gc,phases   ] GC(173)   Merge Heap Roots: 0.1ms
[2021-05-03T05:34:03.612+0000][7][gc,phases   ] GC(173)   Evacuate Collection Set: 0.9ms
[2021-05-03T05:34:03.612+0000][7][gc,phases   ] GC(173)   Post Evacuate Collection Set: 0.4ms
[2021-05-03T05:34:03.612+0000][7][gc,phases   ] GC(173)   Other: 0.2ms
[2021-05-03T05:34:03.612+0000][7][gc,heap     ] GC(173) Eden regions: 22->0(22)
[2021-05-03T05:34:03.612+0000][7][gc,heap     ] GC(173) Survivor regions: 1->1(3)
[2021-05-03T05:34:03.612+0000][7][gc,heap     ] GC(173) Old regions: 26->26
[2021-05-03T05:34:03.612+0000][7][gc,heap     ] GC(173) Archive regions: 2->2
[2021-05-03T05:34:03.612+0000][7][gc,heap     ] GC(173) Humongous regions: 2->2
[2021-05-03T05:34:03.612+0000][7][gc,metaspace] GC(173) Metaspace: 108294K(113104K)->108294K(113104K) NonClass: 94409K(97948K)->94409K(97948K) Class: 13884K(15156K)->13884K(15156K)
[2021-05-03T05:34:03.612+0000][7][gc          ] GC(173) Pause Young (Normal) (G1 Evacuation Pause) 204M->116M(256M) 1.723ms
[2021-05-03T05:34:03.612+0000][7][gc,cpu      ] GC(173) User=0.00s Sys=0.00s Real=0.01s
[2021-05-03T05:34:03.612+0000][7][safepoint   ] Safepoint "G1CollectForAllocation", Time since last: 141421259560 ns, Reaching safepoint: 115820 ns, At safepoint: 1793087 ns, Total: 1908907 ns
[2021-05-03T05:34:40.620+0000][7][safepoint   ] Safepoint "Cleanup", Time since last: 37008241131 ns, Reaching safepoint: 105522 ns, At safepoint: 5998 ns, Total: 111520 ns
[2021-05-03T05:35:18.628+0000][7][safepoint   ] Safepoint "Cleanup", Time since last: 38007741911 ns, Reaching safepoint: 103121 ns, At safepoint: 3944 ns, Total: 107065 ns
[2021-05-03T05:35:40.891+0000][7][gc,start    ] GC(174) Pause Young (Concurrent Start) (G1 Evacuation Pause)
[2021-05-03T05:35:40.891+0000][7][gc,task     ] GC(174) Using 6 workers of 8 for evacuation
[2021-05-03T05:35:40.891+0000][7][gc,age      ] GC(174) Desired survivor size 6291456 bytes, new threshold 15 (max threshold 15)
[2021-05-03T05:35:40.893+0000][7][gc,age      ] GC(174) Age table with threshold 15 (max threshold 15)
[2021-05-03T05:35:40.893+0000][7][gc,age      ] GC(174) - age   1:     842920 bytes,     842920 total
[2021-05-03T05:35:40.893+0000][7][gc,age      ] GC(174) - age   2:        528 bytes,     843448 total
[2021-05-03T05:35:40.893+0000][7][gc,age      ] GC(174) - age   3:       1968 bytes,     845416 total
[2021-05-03T05:35:40.893+0000][7][gc,age      ] GC(174) - age   4:        240 bytes,     845656 total
[2021-05-03T05:35:40.893+0000][7][gc,age      ] GC(174) - age   5:       2272 bytes,     847928 total
[2021-05-03T05:35:40.893+0000][7][gc,age      ] GC(174) - age   6:      17432 bytes,     865360 total
[2021-05-03T05:35:40.893+0000][7][gc,age      ] GC(174) - age   7:         24 bytes,     865384 total
[2021-05-03T05:35:40.893+0000][7][gc,age      ] GC(174) - age   8:        344 bytes,     865728 total
[2021-05-03T05:35:40.893+0000][7][gc,age      ] GC(174) - age   9:        704 bytes,     866432 total
[2021-05-03T05:35:40.893+0000][7][gc,age      ] GC(174) - age  10:      20408 bytes,     886840 total
[2021-05-03T05:35:40.893+0000][7][gc,age      ] GC(174) - age  11:       1872 bytes,     888712 total
[2021-05-03T05:35:40.893+0000][7][gc,age      ] GC(174) - age  12:         72 bytes,     888784 total
[2021-05-03T05:35:40.893+0000][7][gc,age      ] GC(174) - age  13:       1992 bytes,     890776 total
[2021-05-03T05:35:40.893+0000][7][gc,age      ] GC(174) - age  14:       1904 bytes,     892680 total
[2021-05-03T05:35:40.893+0000][7][gc,age      ] GC(174) - age  15:         64 bytes,     892744 total
[2021-05-03T05:35:40.893+0000][7][gc,phases   ] GC(174)   Pre Evacuate Collection Set: 0.2ms
[2021-05-03T05:35:40.893+0000][7][gc,phases   ] GC(174)   Merge Heap Roots: 0.1ms
[2021-05-03T05:35:40.893+0000][7][gc,phases   ] GC(174)   Evacuate Collection Set: 1.0ms
[2021-05-03T05:35:40.893+0000][7][gc,phases   ] GC(174)   Post Evacuate Collection Set: 0.8ms
[2021-05-03T05:35:40.893+0000][7][gc,phases   ] GC(174)   Other: 0.2ms
[2021-05-03T05:35:40.893+0000][7][gc,heap     ] GC(174) Eden regions: 22->0(22)
[2021-05-03T05:35:40.893+0000][7][gc,heap     ] GC(174) Survivor regions: 1->1(3)
[2021-05-03T05:35:40.893+0000][7][gc,heap     ] GC(174) Old regions: 26->26
[2021-05-03T05:35:40.893+0000][7][gc,heap     ] GC(174) Archive regions: 2->2
[2021-05-03T05:35:40.893+0000][7][gc,heap     ] GC(174) Humongous regions: 2->2
[2021-05-03T05:35:40.893+0000][7][gc,metaspace] GC(174) Metaspace: 108336K(113104K)->108336K(113104K) NonClass: 94451K(97948K)->94451K(97948K) Class: 13884K(15156K)->13884K(15156K)
[2021-05-03T05:35:40.893+0000][7][gc          ] GC(174) Pause Young (Concurrent Start) (G1 Evacuation Pause) 204M->116M(256M) 2.418ms
[2021-05-03T05:35:40.893+0000][7][gc,cpu      ] GC(174) User=0.01s Sys=0.00s Real=0.01s
[2021-05-03T05:35:40.893+0000][7][gc          ] GC(175) Concurrent Cycle
[2021-05-03T05:35:40.893+0000][7][gc,marking  ] GC(175) Concurrent Clear Claimed Marks
[2021-05-03T05:35:40.893+0000][7][safepoint   ] Safepoint "G1CollectForAllocation", Time since last: 22262288967 ns, Reaching safepoint: 114864 ns, At safepoint: 2482544 ns, Total: 2597408 ns
[2021-05-03T05:35:40.893+0000][7][gc,marking  ] GC(175) Concurrent Clear Claimed Marks 0.032ms
[2021-05-03T05:35:40.893+0000][7][gc,marking  ] GC(175) Concurrent Scan Root Regions
[2021-05-03T05:35:40.894+0000][7][gc,marking  ] GC(175) Concurrent Scan Root Regions 1.339ms
[2021-05-03T05:35:40.894+0000][7][gc,marking  ] GC(175) Concurrent Mark (12082.822s)
[2021-05-03T05:35:40.894+0000][7][gc,marking  ] GC(175) Concurrent Mark From Roots
[2021-05-03T05:35:40.894+0000][7][gc,task     ] GC(175) Using 2 workers of 2 for marking
[2021-05-03T05:35:40.977+0000][7][gc,marking  ] GC(175) Concurrent Mark From Roots 82.458ms
[2021-05-03T05:35:40.977+0000][7][gc,marking  ] GC(175) Concurrent Preclean
[2021-05-03T05:35:40.977+0000][7][gc,marking  ] GC(175) Concurrent Preclean 0.209ms
[2021-05-03T05:35:40.977+0000][7][gc,marking  ] GC(175) Concurrent Mark (12082.822s, 12082.905s) 82.717ms
[2021-05-03T05:35:40.977+0000][7][gc,start    ] GC(175) Pause Remark
[2021-05-03T05:35:40.983+0000][7][gc          ] GC(175) Pause Remark 116M->116M(256M) 5.436ms
[2021-05-03T05:35:40.983+0000][7][gc,cpu      ] GC(175) User=0.03s Sys=0.00s Real=0.01s
[2021-05-03T05:35:40.983+0000][7][safepoint   ] Safepoint "G1Concurrent", Time since last: 84193370 ns, Reaching safepoint: 144077 ns, At safepoint: 5513380 ns, Total: 5657457 ns
[2021-05-03T05:35:40.983+0000][7][gc,marking  ] GC(175) Concurrent Rebuild Remembered Sets
[2021-05-03T05:35:41.035+0000][7][gc,marking  ] GC(175) Concurrent Rebuild Remembered Sets 52.553ms
[2021-05-03T05:35:41.036+0000][7][gc,start    ] GC(175) Pause Cleanup
[2021-05-03T05:35:41.036+0000][7][gc          ] GC(175) Pause Cleanup 116M->116M(256M) 0.056ms
[2021-05-03T05:35:41.036+0000][7][gc,cpu      ] GC(175) User=0.00s Sys=0.00s Real=0.00s
[2021-05-03T05:35:41.036+0000][7][safepoint   ] Safepoint "G1Concurrent", Time since last: 52663459 ns, Reaching safepoint: 105090 ns, At safepoint: 95517 ns, Total: 200607 ns
[2021-05-03T05:35:41.036+0000][7][gc,marking  ] GC(175) Concurrent Cleanup for Next Mark
[2021-05-03T05:35:41.036+0000][7][gc,marking  ] GC(175) Concurrent Cleanup for Next Mark 0.119ms
[2021-05-03T05:35:41.036+0000][7][gc          ] GC(175) Concurrent Cycle 142.870ms
[2021-05-03T05:38:00.949+0000][7][gc,start    ] GC(176) Pause Young (Normal) (G1 Evacuation Pause)
[2021-05-03T05:38:00.949+0000][7][gc,task     ] GC(176) Using 6 workers of 8 for evacuation
[2021-05-03T05:38:00.949+0000][7][gc,age      ] GC(176) Desired survivor size 6291456 bytes, new threshold 15 (max threshold 15)
[2021-05-03T05:38:00.951+0000][7][gc,age      ] GC(176) Age table with threshold 15 (max threshold 15)
[2021-05-03T05:38:00.951+0000][7][gc,age      ] GC(176) - age   1:     531144 bytes,     531144 total
[2021-05-03T05:38:00.951+0000][7][gc,age      ] GC(176) - age   2:     304416 bytes,     835560 total
[2021-05-03T05:38:00.951+0000][7][gc,age      ] GC(176) - age   3:        264 bytes,     835824 total
[2021-05-03T05:38:00.951+0000][7][gc,age      ] GC(176) - age   4:       1968 bytes,     837792 total
[2021-05-03T05:38:00.951+0000][7][gc,age      ] GC(176) - age   5:        240 bytes,     838032 total
[2021-05-03T05:38:00.951+0000][7][gc,age      ] GC(176) - age   6:       2112 bytes,     840144 total
[2021-05-03T05:38:00.951+0000][7][gc,age      ] GC(176) - age   7:      17432 bytes,     857576 total
[2021-05-03T05:38:00.951+0000][7][gc,age      ] GC(176) - age   9:        344 bytes,     857920 total
[2021-05-03T05:38:00.951+0000][7][gc,age      ] GC(176) - age  10:        704 bytes,     858624 total
[2021-05-03T05:38:00.951+0000][7][gc,age      ] GC(176) - age  11:      18120 bytes,     876744 total
[2021-05-03T05:38:00.951+0000][7][gc,age      ] GC(176) - age  12:       1872 bytes,     878616 total
[2021-05-03T05:38:00.951+0000][7][gc,age      ] GC(176) - age  13:         72 bytes,     878688 total
[2021-05-03T05:38:00.951+0000][7][gc,age      ] GC(176) - age  14:       1992 bytes,     880680 total
[2021-05-03T05:38:00.951+0000][7][gc,age      ] GC(176) - age  15:       1904 bytes,     882584 total
[2021-05-03T05:38:00.951+0000][7][gc,phases   ] GC(176)   Pre Evacuate Collection Set: 0.0ms
[2021-05-03T05:38:00.951+0000][7][gc,phases   ] GC(176)   Merge Heap Roots: 0.1ms
[2021-05-03T05:38:00.951+0000][7][gc,phases   ] GC(176)   Evacuate Collection Set: 0.8ms
[2021-05-03T05:38:00.951+0000][7][gc,phases   ] GC(176)   Post Evacuate Collection Set: 0.4ms
[2021-05-03T05:38:00.951+0000][7][gc,phases   ] GC(176)   Other: 0.2ms
[2021-05-03T05:38:00.951+0000][7][gc,heap     ] GC(176) Eden regions: 22->0(22)
[2021-05-03T05:38:00.951+0000][7][gc,heap     ] GC(176) Survivor regions: 1->1(3)
[2021-05-03T05:38:00.951+0000][7][gc,heap     ] GC(176) Old regions: 26->26
[2021-05-03T05:38:00.951+0000][7][gc,heap     ] GC(176) Archive regions: 2->2
[2021-05-03T05:38:00.951+0000][7][gc,heap     ] GC(176) Humongous regions: 2->2
[2021-05-03T05:38:00.951+0000][7][gc,metaspace] GC(176) Metaspace: 108336K(113104K)->108336K(113104K) NonClass: 94451K(97948K)->94451K(97948K) Class: 13884K(15156K)->13884K(15156K)
[2021-05-03T05:38:00.951+0000][7][gc          ] GC(176) Pause Young (Normal) (G1 Evacuation Pause) 204M->116M(256M) 1.564ms
[2021-05-03T05:38:00.951+0000][7][gc,cpu      ] GC(176) User=0.00s Sys=0.00s Real=0.00s
[2021-05-03T05:38:00.951+0000][7][safepoint   ] Safepoint "G1CollectForAllocation", Time since last: 139913577620 ns, Reaching safepoint: 97234 ns, At safepoint: 1619572 ns, Total: 1716806 ns
[2021-05-03T05:40:11.003+0000][7][gc,start    ] GC(177) Pause Young (Concurrent Start) (G1 Evacuation Pause)
[2021-05-03T05:40:11.003+0000][7][gc,task     ] GC(177) Using 6 workers of 8 for evacuation
[2021-05-03T05:40:11.003+0000][7][gc,age      ] GC(177) Desired survivor size 6291456 bytes, new threshold 15 (max threshold 15)
[2021-05-03T05:40:11.005+0000][7][gc,age      ] GC(177) Age table with threshold 15 (max threshold 15)
[2021-05-03T05:40:11.005+0000][7][gc,age      ] GC(177) - age   1:     517736 bytes,     517736 total
[2021-05-03T05:40:11.005+0000][7][gc,age      ] GC(177) - age   2:      22104 bytes,     539840 total
[2021-05-03T05:40:11.005+0000][7][gc,age      ] GC(177) - age   3:     182424 bytes,     722264 total
[2021-05-03T05:40:11.005+0000][7][gc,age      ] GC(177) - age   4:        264 bytes,     722528 total
[2021-05-03T05:40:11.005+0000][7][gc,age      ] GC(177) - age   5:       1968 bytes,     724496 total
[2021-05-03T05:40:11.005+0000][7][gc,age      ] GC(177) - age   6:        240 bytes,     724736 total
[2021-05-03T05:40:11.005+0000][7][gc,age      ] GC(177) - age   7:       2112 bytes,     726848 total
[2021-05-03T05:40:11.005+0000][7][gc,age      ] GC(177) - age   8:      17432 bytes,     744280 total
[2021-05-03T05:40:11.005+0000][7][gc,age      ] GC(177) - age  10:        344 bytes,     744624 total
[2021-05-03T05:40:11.005+0000][7][gc,age      ] GC(177) - age  11:        608 bytes,     745232 total
[2021-05-03T05:40:11.005+0000][7][gc,age      ] GC(177) - age  12:      18056 bytes,     763288 total
[2021-05-03T05:40:11.005+0000][7][gc,age      ] GC(177) - age  13:       1872 bytes,     765160 total
[2021-05-03T05:40:11.005+0000][7][gc,age      ] GC(177) - age  14:         72 bytes,     765232 total
[2021-05-03T05:40:11.005+0000][7][gc,age      ] GC(177) - age  15:       1968 bytes,     767200 total
[2021-05-03T05:40:11.005+0000][7][gc,phases   ] GC(177)   Pre Evacuate Collection Set: 0.1ms
[2021-05-03T05:40:11.005+0000][7][gc,phases   ] GC(177)   Merge Heap Roots: 0.0ms
[2021-05-03T05:40:11.005+0000][7][gc,phases   ] GC(177)   Evacuate Collection Set: 0.8ms
[2021-05-03T05:40:11.005+0000][7][gc,phases   ] GC(177)   Post Evacuate Collection Set: 0.5ms
[2021-05-03T05:40:11.005+0000][7][gc,phases   ] GC(177)   Other: 0.2ms
[2021-05-03T05:40:11.005+0000][7][gc,heap     ] GC(177) Eden regions: 22->0(22)
[2021-05-03T05:40:11.005+0000][7][gc,heap     ] GC(177) Survivor regions: 1->1(3)
[2021-05-03T05:40:11.005+0000][7][gc,heap     ] GC(177) Old regions: 26->26
[2021-05-03T05:40:11.005+0000][7][gc,heap     ] GC(177) Archive regions: 2->2
[2021-05-03T05:40:11.005+0000][7][gc,heap     ] GC(177) Humongous regions: 2->2
[2021-05-03T05:40:11.005+0000][7][gc,metaspace] GC(177) Metaspace: 108340K(113104K)->108340K(113104K) NonClass: 94455K(97948K)->94455K(97948K) Class: 13885K(15156K)->13885K(15156K)
[2021-05-03T05:40:11.005+0000][7][gc          ] GC(177) Pause Young (Concurrent Start) (G1 Evacuation Pause) 204M->116M(256M) 1.812ms
[2021-05-03T05:40:11.005+0000][7][gc,cpu      ] GC(177) User=0.01s Sys=0.00s Real=0.00s
[2021-05-03T05:40:11.005+0000][7][gc          ] GC(178) Concurrent Cycle
[2021-05-03T05:40:11.005+0000][7][safepoint   ] Safepoint "G1CollectForAllocation", Time since last: 130052143405 ns, Reaching safepoint: 170022 ns, At safepoint: 1878847 ns, Total: 2048869 ns
[2021-05-03T05:40:11.005+0000][7][gc,marking  ] GC(178) Concurrent Clear Claimed Marks
[2021-05-03T05:40:11.005+0000][7][gc,marking  ] GC(178) Concurrent Clear Claimed Marks 0.052ms
[2021-05-03T05:40:11.005+0000][7][gc,marking  ] GC(178) Concurrent Scan Root Regions
[2021-05-03T05:40:11.006+0000][7][gc,marking  ] GC(178) Concurrent Scan Root Regions 0.749ms
[2021-05-03T05:40:11.006+0000][7][gc,marking  ] GC(178) Concurrent Mark (12352.934s)
[2021-05-03T05:40:11.006+0000][7][gc,marking  ] GC(178) Concurrent Mark From Roots
[2021-05-03T05:40:11.006+0000][7][gc,task     ] GC(178) Using 2 workers of 2 for marking
[2021-05-03T05:40:11.088+0000][7][gc,marking  ] GC(178) Concurrent Mark From Roots 81.752ms
[2021-05-03T05:40:11.088+0000][7][gc,marking  ] GC(178) Concurrent Preclean
[2021-05-03T05:40:11.088+0000][7][gc,marking  ] GC(178) Concurrent Preclean 0.198ms
[2021-05-03T05:40:11.088+0000][7][gc,marking  ] GC(178) Concurrent Mark (12352.934s, 12353.016s) 82.002ms
[2021-05-03T05:40:11.088+0000][7][gc,start    ] GC(178) Pause Remark
[2021-05-03T05:40:11.094+0000][7][gc          ] GC(178) Pause Remark 116M->116M(256M) 5.300ms
[2021-05-03T05:40:11.094+0000][7][gc,cpu      ] GC(178) User=0.03s Sys=0.00s Real=0.01s
[2021-05-03T05:40:11.094+0000][7][safepoint   ] Safepoint "G1Concurrent", Time since last: 82891825 ns, Reaching safepoint: 158809 ns, At safepoint: 5378655 ns, Total: 5537464 ns
[2021-05-03T05:40:11.094+0000][7][gc,marking  ] GC(178) Concurrent Rebuild Remembered Sets
[2021-05-03T05:40:11.147+0000][7][gc,marking  ] GC(178) Concurrent Rebuild Remembered Sets 53.001ms
[2021-05-03T05:40:11.147+0000][7][gc,start    ] GC(178) Pause Cleanup
[2021-05-03T05:40:11.147+0000][7][gc          ] GC(178) Pause Cleanup 116M->116M(256M) 0.070ms
[2021-05-03T05:40:11.147+0000][7][gc,cpu      ] GC(178) User=0.00s Sys=0.00s Real=0.00s
[2021-05-03T05:40:11.147+0000][7][safepoint   ] Safepoint "G1Concurrent", Time since last: 53156004 ns, Reaching safepoint: 141983 ns, At safepoint: 110506 ns, Total: 252489 ns
[2021-05-03T05:40:11.147+0000][7][gc,marking  ] GC(178) Concurrent Cleanup for Next Mark
[2021-05-03T05:40:11.147+0000][7][gc,marking  ] GC(178) Concurrent Cleanup for Next Mark 0.192ms
[2021-05-03T05:40:11.147+0000][7][gc          ] GC(178) Concurrent Cycle 142.073ms
[2021-05-03T05:41:09.163+0000][7][safepoint   ] Safepoint "Cleanup", Time since last: 58016308475 ns, Reaching safepoint: 73399 ns, At safepoint: 6864 ns, Total: 80263 ns
[2021-05-03T05:41:42.172+0000][7][safepoint   ] Safepoint "Cleanup", Time since last: 33008794978 ns, Reaching safepoint: 178945 ns, At safepoint: 7154 ns, Total: 186099 ns
[2021-05-03T05:42:18.182+0000][7][safepoint   ] Safepoint "Cleanup", Time since last: 36009607346 ns, Reaching safepoint: 106317 ns, At safepoint: 4970 ns, Total: 111287 ns
[2021-05-03T05:42:31.181+0000][7][gc,start    ] GC(179) Pause Young (Normal) (G1 Evacuation Pause)
[2021-05-03T05:42:31.181+0000][7][gc,task     ] GC(179) Using 6 workers of 8 for evacuation
[2021-05-03T05:42:31.181+0000][7][gc,age      ] GC(179) Desired survivor size 6291456 bytes, new threshold 15 (max threshold 15)
[2021-05-03T05:42:31.182+0000][7][gc,age      ] GC(179) Age table with threshold 15 (max threshold 15)
[2021-05-03T05:42:31.182+0000][7][gc,age      ] GC(179) - age   1:     507624 bytes,     507624 total
[2021-05-03T05:42:31.182+0000][7][gc,age      ] GC(179) - age   2:       4208 bytes,     511832 total
[2021-05-03T05:42:31.182+0000][7][gc,age      ] GC(179) - age   3:      22104 bytes,     533936 total
[2021-05-03T05:42:31.182+0000][7][gc,age      ] GC(179) - age   4:     182160 bytes,     716096 total
[2021-05-03T05:42:31.182+0000][7][gc,age      ] GC(179) - age   5:        264 bytes,     716360 total
[2021-05-03T05:42:31.182+0000][7][gc,age      ] GC(179) - age   6:       1968 bytes,     718328 total
[2021-05-03T05:42:31.182+0000][7][gc,age      ] GC(179) - age   7:        240 bytes,     718568 total
[2021-05-03T05:42:31.182+0000][7][gc,age      ] GC(179) - age   8:       2112 bytes,     720680 total
[2021-05-03T05:42:31.182+0000][7][gc,age      ] GC(179) - age   9:      17432 bytes,     738112 total
[2021-05-03T05:42:31.182+0000][7][gc,age      ] GC(179) - age  11:        344 bytes,     738456 total
[2021-05-03T05:42:31.182+0000][7][gc,age      ] GC(179) - age  12:        608 bytes,     739064 total
[2021-05-03T05:42:31.182+0000][7][gc,age      ] GC(179) - age  13:      18056 bytes,     757120 total
[2021-05-03T05:42:31.182+0000][7][gc,age      ] GC(179) - age  14:       1872 bytes,     758992 total
[2021-05-03T05:42:31.182+0000][7][gc,age      ] GC(179) - age  15:         72 bytes,     759064 total
[2021-05-03T05:42:31.182+0000][7][gc,phases   ] GC(179)   Pre Evacuate Collection Set: 0.1ms
[2021-05-03T05:42:31.182+0000][7][gc,phases   ] GC(179)   Merge Heap Roots: 0.0ms
[2021-05-03T05:42:31.182+0000][7][gc,phases   ] GC(179)   Evacuate Collection Set: 0.8ms
[2021-05-03T05:42:31.182+0000][7][gc,phases   ] GC(179)   Post Evacuate Collection Set: 0.4ms
[2021-05-03T05:42:31.182+0000][7][gc,phases   ] GC(179)   Other: 0.2ms
[2021-05-03T05:42:31.182+0000][7][gc,heap     ] GC(179) Eden regions: 22->0(22)
[2021-05-03T05:42:31.182+0000][7][gc,heap     ] GC(179) Survivor regions: 1->1(3)
[2021-05-03T05:42:31.182+0000][7][gc,heap     ] GC(179) Old regions: 26->26
[2021-05-03T05:42:31.182+0000][7][gc,heap     ] GC(179) Archive regions: 2->2
[2021-05-03T05:42:31.182+0000][7][gc,heap     ] GC(179) Humongous regions: 2->2
[2021-05-03T05:42:31.182+0000][7][gc,metaspace] GC(179) Metaspace: 108345K(113104K)->108345K(113104K) NonClass: 94459K(97948K)->94459K(97948K) Class: 13885K(15156K)->13885K(15156K)
[2021-05-03T05:42:31.182+0000][7][gc          ] GC(179) Pause Young (Normal) (G1 Evacuation Pause) 204M->116M(256M) 1.629ms
[2021-05-03T05:42:31.182+0000][7][gc,cpu      ] GC(179) User=0.00s Sys=0.00s Real=0.00s
[2021-05-03T05:42:31.182+0000][7][safepoint   ] Safepoint "G1CollectForAllocation", Time since last: 12998404222 ns, Reaching safepoint: 128031 ns, At safepoint: 1697004 ns, Total: 1825035 ns
[2021-05-03T05:44:11.209+0000][7][safepoint   ] Safepoint "Cleanup", Time since last: 100026896683 ns, Reaching safepoint: 113455 ns, At safepoint: 5810 ns, Total: 119265 ns
[2021-05-03T05:44:39.218+0000][7][safepoint   ] Safepoint "Cleanup", Time since last: 28008173889 ns, Reaching safepoint: 136099 ns, At safepoint: 5294 ns, Total: 141393 ns
[2021-05-03T05:44:42.763+0000][7][gc,start    ] GC(180) Pause Young (Concurrent Start) (G1 Evacuation Pause)
[2021-05-03T05:44:42.763+0000][7][gc,task     ] GC(180) Using 6 workers of 8 for evacuation
[2021-05-03T05:44:42.763+0000][7][gc,age      ] GC(180) Desired survivor size 6291456 bytes, new threshold 15 (max threshold 15)
[2021-05-03T05:44:42.765+0000][7][gc,age      ] GC(180) Age table with threshold 15 (max threshold 15)
[2021-05-03T05:44:42.765+0000][7][gc,age      ] GC(180) - age   1:     532128 bytes,     532128 total
[2021-05-03T05:44:42.765+0000][7][gc,age      ] GC(180) - age   2:        680 bytes,     532808 total
[2021-05-03T05:44:42.765+0000][7][gc,age      ] GC(180) - age   3:        896 bytes,     533704 total
[2021-05-03T05:44:42.765+0000][7][gc,age      ] GC(180) - age   4:      22080 bytes,     555784 total
[2021-05-03T05:44:42.765+0000][7][gc,age      ] GC(180) - age   5:     179640 bytes,     735424 total
[2021-05-03T05:44:42.765+0000][7][gc,age      ] GC(180) - age   6:         24 bytes,     735448 total
[2021-05-03T05:44:42.765+0000][7][gc,age      ] GC(180) - age   7:       1760 bytes,     737208 total
[2021-05-03T05:44:42.765+0000][7][gc,age      ] GC(180) - age   8:        240 bytes,     737448 total
[2021-05-03T05:44:42.765+0000][7][gc,age      ] GC(180) - age   9:       2112 bytes,     739560 total
[2021-05-03T05:44:42.765+0000][7][gc,age      ] GC(180) - age  10:      17432 bytes,     756992 total
[2021-05-03T05:44:42.765+0000][7][gc,age      ] GC(180) - age  12:        344 bytes,     757336 total
[2021-05-03T05:44:42.765+0000][7][gc,age      ] GC(180) - age  13:        608 bytes,     757944 total
[2021-05-03T05:44:42.765+0000][7][gc,age      ] GC(180) - age  14:      18056 bytes,     776000 total
[2021-05-03T05:44:42.765+0000][7][gc,age      ] GC(180) - age  15:       1872 bytes,     777872 total
[2021-05-03T05:44:42.765+0000][7][gc,phases   ] GC(180)   Pre Evacuate Collection Set: 0.1ms
[2021-05-03T05:44:42.765+0000][7][gc,phases   ] GC(180)   Merge Heap Roots: 0.0ms
[2021-05-03T05:44:42.765+0000][7][gc,phases   ] GC(180)   Evacuate Collection Set: 0.9ms
[2021-05-03T05:44:42.765+0000][7][gc,phases   ] GC(180)   Post Evacuate Collection Set: 0.5ms
[2021-05-03T05:44:42.765+0000][7][gc,phases   ] GC(180)   Other: 0.2ms
[2021-05-03T05:44:42.765+0000][7][gc,heap     ] GC(180) Eden regions: 22->0(22)
[2021-05-03T05:44:42.765+0000][7][gc,heap     ] GC(180) Survivor regions: 1->1(3)
[2021-05-03T05:44:42.765+0000][7][gc,heap     ] GC(180) Old regions: 26->26
[2021-05-03T05:44:42.765+0000][7][gc,heap     ] GC(180) Archive regions: 2->2
[2021-05-03T05:44:42.765+0000][7][gc,heap     ] GC(180) Humongous regions: 2->2
[2021-05-03T05:44:42.765+0000][7][gc,metaspace] GC(180) Metaspace: 108345K(113104K)->108345K(113104K) NonClass: 94459K(97948K)->94459K(97948K) Class: 13885K(15156K)->13885K(15156K)
[2021-05-03T05:44:42.765+0000][7][gc          ] GC(180) Pause Young (Concurrent Start) (G1 Evacuation Pause) 204M->116M(256M) 1.847ms
[2021-05-03T05:44:42.765+0000][7][gc,cpu      ] GC(180) User=0.01s Sys=0.00s Real=0.00s
[2021-05-03T05:44:42.765+0000][7][gc          ] GC(181) Concurrent Cycle
[2021-05-03T05:44:42.765+0000][7][safepoint   ] Safepoint "G1CollectForAllocation", Time since last: 3545139487 ns, Reaching safepoint: 89840 ns, At safepoint: 1914235 ns, Total: 2004075 ns
[2021-05-03T05:44:42.765+0000][7][gc,marking  ] GC(181) Concurrent Clear Claimed Marks
[2021-05-03T05:44:42.765+0000][7][gc,marking  ] GC(181) Concurrent Clear Claimed Marks 0.077ms
[2021-05-03T05:44:42.765+0000][7][gc,marking  ] GC(181) Concurrent Scan Root Regions
[2021-05-03T05:44:42.766+0000][7][gc,marking  ] GC(181) Concurrent Scan Root Regions 1.435ms
[2021-05-03T05:44:42.766+0000][7][gc,marking  ] GC(181) Concurrent Mark (12624.694s)
[2021-05-03T05:44:42.766+0000][7][gc,marking  ] GC(181) Concurrent Mark From Roots
[2021-05-03T05:44:42.766+0000][7][gc,task     ] GC(181) Using 2 workers of 2 for marking
[2021-05-03T05:44:42.846+0000][7][gc,marking  ] GC(181) Concurrent Mark From Roots 79.870ms
[2021-05-03T05:44:42.846+0000][7][gc,marking  ] GC(181) Concurrent Preclean
[2021-05-03T05:44:42.846+0000][7][gc,marking  ] GC(181) Concurrent Preclean 0.224ms
[2021-05-03T05:44:42.846+0000][7][gc,marking  ] GC(181) Concurrent Mark (12624.694s, 12624.774s) 80.144ms
[2021-05-03T05:44:42.847+0000][7][gc,start    ] GC(181) Pause Remark
[2021-05-03T05:44:42.852+0000][7][gc          ] GC(181) Pause Remark 117M->117M(256M) 5.485ms
[2021-05-03T05:44:42.852+0000][7][gc,cpu      ] GC(181) User=0.03s Sys=0.00s Real=0.01s
[2021-05-03T05:44:42.852+0000][7][safepoint   ] Safepoint "G1Concurrent", Time since last: 81727845 ns, Reaching safepoint: 100524 ns, At safepoint: 5557514 ns, Total: 5658038 ns
[2021-05-03T05:44:42.852+0000][7][gc,marking  ] GC(181) Concurrent Rebuild Remembered Sets
[2021-05-03T05:44:42.905+0000][7][gc,marking  ] GC(181) Concurrent Rebuild Remembered Sets 52.635ms
[2021-05-03T05:44:42.905+0000][7][gc,start    ] GC(181) Pause Cleanup
[2021-05-03T05:44:42.905+0000][7][gc          ] GC(181) Pause Cleanup 117M->117M(256M) 0.066ms
[2021-05-03T05:44:42.905+0000][7][gc,cpu      ] GC(181) User=0.00s Sys=0.00s Real=0.00s
[2021-05-03T05:44:42.905+0000][7][safepoint   ] Safepoint "G1Concurrent", Time since last: 52776984 ns, Reaching safepoint: 104835 ns, At safepoint: 107886 ns, Total: 212721 ns
[2021-05-03T05:44:42.905+0000][7][gc,marking  ] GC(181) Concurrent Cleanup for Next Mark
[2021-05-03T05:44:42.905+0000][7][gc,marking  ] GC(181) Concurrent Cleanup for Next Mark 0.198ms
[2021-05-03T05:44:42.905+0000][7][gc          ] GC(181) Concurrent Cycle 140.655ms
[2021-05-03T05:45:40.922+0000][7][safepoint   ] Safepoint "Cleanup", Time since last: 58016253450 ns, Reaching safepoint: 179004 ns, At safepoint: 6523 ns, Total: 185527 ns
[2021-05-03T05:46:31.152+0000][7][gc,start    ] GC(182) Pause Young (Normal) (G1 Evacuation Pause)
[2021-05-03T05:46:31.152+0000][7][gc,task     ] GC(182) Using 6 workers of 8 for evacuation
[2021-05-03T05:46:31.152+0000][7][gc,age      ] GC(182) Desired survivor size 6291456 bytes, new threshold 15 (max threshold 15)
[2021-05-03T05:46:31.154+0000][7][gc,age      ] GC(182) Age table with threshold 15 (max threshold 15)
[2021-05-03T05:46:31.154+0000][7][gc,age      ] GC(182) - age   1:     776128 bytes,     776128 total
[2021-05-03T05:46:31.154+0000][7][gc,age      ] GC(182) - age   2:       8544 bytes,     784672 total
[2021-05-03T05:46:31.154+0000][7][gc,age      ] GC(182) - age   3:        416 bytes,     785088 total
[2021-05-03T05:46:31.154+0000][7][gc,age      ] GC(182) - age   4:        792 bytes,     785880 total
[2021-05-03T05:46:31.154+0000][7][gc,age      ] GC(182) - age   5:      21792 bytes,     807672 total
[2021-05-03T05:46:31.154+0000][7][gc,age      ] GC(182) - age   6:       4576 bytes,     812248 total
[2021-05-03T05:46:31.154+0000][7][gc,age      ] GC(182) - age   7:         24 bytes,     812272 total
[2021-05-03T05:46:31.154+0000][7][gc,age      ] GC(182) - age   8:       1760 bytes,     814032 total
[2021-05-03T05:46:31.154+0000][7][gc,age      ] GC(182) - age   9:        240 bytes,     814272 total
[2021-05-03T05:46:31.154+0000][7][gc,age      ] GC(182) - age  10:       1136 bytes,     815408 total
[2021-05-03T05:46:31.154+0000][7][gc,age      ] GC(182) - age  11:      17432 bytes,     832840 total
[2021-05-03T05:46:31.154+0000][7][gc,age      ] GC(182) - age  13:        344 bytes,     833184 total
[2021-05-03T05:46:31.154+0000][7][gc,age      ] GC(182) - age  14:        608 bytes,     833792 total
[2021-05-03T05:46:31.154+0000][7][gc,age      ] GC(182) - age  15:      18056 bytes,     851848 total
[2021-05-03T05:46:31.154+0000][7][gc,phases   ] GC(182)   Pre Evacuate Collection Set: 0.0ms
[2021-05-03T05:46:31.154+0000][7][gc,phases   ] GC(182)   Merge Heap Roots: 0.0ms
[2021-05-03T05:46:31.154+0000][7][gc,phases   ] GC(182)   Evacuate Collection Set: 0.9ms
[2021-05-03T05:46:31.154+0000][7][gc,phases   ] GC(182)   Post Evacuate Collection Set: 0.4ms
[2021-05-03T05:46:31.154+0000][7][gc,phases   ] GC(182)   Other: 0.2ms
[2021-05-03T05:46:31.154+0000][7][gc,heap     ] GC(182) Eden regions: 22->0(22)
[2021-05-03T05:46:31.154+0000][7][gc,heap     ] GC(182) Survivor regions: 1->1(3)
[2021-05-03T05:46:31.154+0000][7][gc,heap     ] GC(182) Old regions: 26->26
[2021-05-03T05:46:31.154+0000][7][gc,heap     ] GC(182) Archive regions: 2->2
[2021-05-03T05:46:31.154+0000][7][gc,heap     ] GC(182) Humongous regions: 2->2
[2021-05-03T05:46:31.154+0000][7][gc,metaspace] GC(182) Metaspace: 108366K(113104K)->108366K(113104K) NonClass: 94481K(97948K)->94481K(97948K) Class: 13885K(15156K)->13885K(15156K)
[2021-05-03T05:46:31.154+0000][7][gc          ] GC(182) Pause Young (Normal) (G1 Evacuation Pause) 204M->116M(256M) 1.705ms
[2021-05-03T05:46:31.154+0000][7][gc,cpu      ] GC(182) User=0.01s Sys=0.00s Real=0.00s
[2021-05-03T05:46:31.154+0000][7][safepoint   ] Safepoint "G1CollectForAllocation", Time since last: 50230601522 ns, Reaching safepoint: 137539 ns, At safepoint: 1764126 ns, Total: 1901665 ns
[2021-05-03T05:46:42.157+0000][7][safepoint   ] Safepoint "Cleanup", Time since last: 11002797000 ns, Reaching safepoint: 108124 ns, At safepoint: 6444 ns, Total: 114568 ns
[2021-05-03T05:48:09.177+0000][7][safepoint   ] Safepoint "Cleanup", Time since last: 87020035120 ns, Reaching safepoint: 101396 ns, At safepoint: 5129 ns, Total: 106525 ns
[2021-05-03T05:48:41.184+0000][7][safepoint   ] Safepoint "Cleanup", Time since last: 32006746817 ns, Reaching safepoint: 105225 ns, At safepoint: 7619 ns, Total: 112844 ns
[2021-05-03T05:48:42.184+0000][7][safepoint   ] Safepoint "Cleanup", Time since last: 1000193934 ns, Reaching safepoint: 154107 ns, At safepoint: 5349 ns, Total: 159456 ns
[2021-05-03T05:48:48.195+0000][7][gc,start    ] GC(183) Pause Young (Concurrent Start) (G1 Evacuation Pause)
[2021-05-03T05:48:48.195+0000][7][gc,task     ] GC(183) Using 6 workers of 8 for evacuation
[2021-05-03T05:48:48.195+0000][7][gc,age      ] GC(183) Desired survivor size 6291456 bytes, new threshold 15 (max threshold 15)
[2021-05-03T05:48:48.197+0000][7][gc,age      ] GC(183) Age table with threshold 15 (max threshold 15)
[2021-05-03T05:48:48.197+0000][7][gc,age      ] GC(183) - age   1:     567688 bytes,     567688 total
[2021-05-03T05:48:48.197+0000][7][gc,age      ] GC(183) - age   2:     272272 bytes,     839960 total
[2021-05-03T05:48:48.197+0000][7][gc,age      ] GC(183) - age   3:       8144 bytes,     848104 total
[2021-05-03T05:48:48.197+0000][7][gc,age      ] GC(183) - age   4:        416 bytes,     848520 total
[2021-05-03T05:48:48.197+0000][7][gc,age      ] GC(183) - age   5:        792 bytes,     849312 total
[2021-05-03T05:48:48.197+0000][7][gc,age      ] GC(183) - age   6:      21592 bytes,     870904 total
[2021-05-03T05:48:48.197+0000][7][gc,age      ] GC(183) - age   7:       4536 bytes,     875440 total
[2021-05-03T05:48:48.197+0000][7][gc,age      ] GC(183) - age   8:         24 bytes,     875464 total
[2021-05-03T05:48:48.197+0000][7][gc,age      ] GC(183) - age   9:       1592 bytes,     877056 total
[2021-05-03T05:48:48.197+0000][7][gc,age      ] GC(183) - age  10:        240 bytes,     877296 total
[2021-05-03T05:48:48.197+0000][7][gc,age      ] GC(183) - age  11:       1136 bytes,     878432 total
[2021-05-03T05:48:48.197+0000][7][gc,age      ] GC(183) - age  12:      17432 bytes,     895864 total
[2021-05-03T05:48:48.197+0000][7][gc,age      ] GC(183) - age  14:        344 bytes,     896208 total
[2021-05-03T05:48:48.197+0000][7][gc,age      ] GC(183) - age  15:        608 bytes,     896816 total
[2021-05-03T05:48:48.197+0000][7][gc,phases   ] GC(183)   Pre Evacuate Collection Set: 0.1ms
[2021-05-03T05:48:48.197+0000][7][gc,phases   ] GC(183)   Merge Heap Roots: 0.0ms
[2021-05-03T05:48:48.197+0000][7][gc,phases   ] GC(183)   Evacuate Collection Set: 0.7ms
[2021-05-03T05:48:48.197+0000][7][gc,phases   ] GC(183)   Post Evacuate Collection Set: 0.5ms
[2021-05-03T05:48:48.197+0000][7][gc,phases   ] GC(183)   Other: 0.2ms
[2021-05-03T05:48:48.197+0000][7][gc,heap     ] GC(183) Eden regions: 22->0(22)
[2021-05-03T05:48:48.197+0000][7][gc,heap     ] GC(183) Survivor regions: 1->1(3)
[2021-05-03T05:48:48.197+0000][7][gc,heap     ] GC(183) Old regions: 26->26
[2021-05-03T05:48:48.197+0000][7][gc,heap     ] GC(183) Archive regions: 2->2
[2021-05-03T05:48:48.197+0000][7][gc,heap     ] GC(183) Humongous regions: 2->2
[2021-05-03T05:48:48.197+0000][7][gc,metaspace] GC(183) Metaspace: 108371K(113104K)->108371K(113104K) NonClass: 94485K(97948K)->94485K(97948K) Class: 13885K(15156K)->13885K(15156K)
[2021-05-03T05:48:48.197+0000][7][gc          ] GC(183) Pause Young (Concurrent Start) (G1 Evacuation Pause) 204M->116M(256M) 1.661ms
[2021-05-03T05:48:48.197+0000][7][gc,cpu      ] GC(183) User=0.01s Sys=0.00s Real=0.00s
[2021-05-03T05:48:48.197+0000][7][safepoint   ] Safepoint "G1CollectForAllocation", Time since last: 6010693985 ns, Reaching safepoint: 111363 ns, At safepoint: 1724853 ns, Total: 1836216 ns
[2021-05-03T05:48:48.197+0000][7][gc          ] GC(184) Concurrent Cycle
[2021-05-03T05:48:48.197+0000][7][gc,marking  ] GC(184) Concurrent Clear Claimed Marks
[2021-05-03T05:48:48.197+0000][7][gc,marking  ] GC(184) Concurrent Clear Claimed Marks 0.056ms
[2021-05-03T05:48:48.197+0000][7][gc,marking  ] GC(184) Concurrent Scan Root Regions
[2021-05-03T05:48:48.198+0000][7][gc,marking  ] GC(184) Concurrent Scan Root Regions 1.003ms
[2021-05-03T05:48:48.198+0000][7][gc,marking  ] GC(184) Concurrent Mark (12870.126s)
[2021-05-03T05:48:48.198+0000][7][gc,marking  ] GC(184) Concurrent Mark From Roots
[2021-05-03T05:48:48.198+0000][7][gc,task     ] GC(184) Using 2 workers of 2 for marking
[2021-05-03T05:48:48.278+0000][7][gc,marking  ] GC(184) Concurrent Mark From Roots 79.504ms
[2021-05-03T05:48:48.278+0000][7][gc,marking  ] GC(184) Concurrent Preclean
[2021-05-03T05:48:48.278+0000][7][gc,marking  ] GC(184) Concurrent Preclean 0.212ms
[2021-05-03T05:48:48.278+0000][7][gc,marking  ] GC(184) Concurrent Mark (12870.126s, 12870.205s) 79.768ms
[2021-05-03T05:48:48.278+0000][7][gc,start    ] GC(184) Pause Remark
[2021-05-03T05:48:48.284+0000][7][gc          ] GC(184) Pause Remark 117M->117M(256M) 5.642ms
[2021-05-03T05:48:48.284+0000][7][gc,cpu      ] GC(184) User=0.03s Sys=0.00s Real=0.01s
[2021-05-03T05:48:48.284+0000][7][safepoint   ] Safepoint "G1Concurrent", Time since last: 80973437 ns, Reaching safepoint: 101786 ns, At safepoint: 5714463 ns, Total: 5816249 ns
[2021-05-03T05:48:48.284+0000][7][gc,marking  ] GC(184) Concurrent Rebuild Remembered Sets
[2021-05-03T05:48:48.339+0000][7][gc,marking  ] GC(184) Concurrent Rebuild Remembered Sets 55.191ms
[2021-05-03T05:48:48.339+0000][7][gc,start    ] GC(184) Pause Cleanup
[2021-05-03T05:48:48.339+0000][7][gc          ] GC(184) Pause Cleanup 117M->117M(256M) 0.064ms
[2021-05-03T05:48:48.339+0000][7][gc,cpu      ] GC(184) User=0.00s Sys=0.00s Real=0.00s
[2021-05-03T05:48:48.339+0000][7][safepoint   ] Safepoint "G1Concurrent", Time since last: 55297781 ns, Reaching safepoint: 77138 ns, At safepoint: 102649 ns, Total: 179787 ns
[2021-05-03T05:48:48.339+0000][7][gc,marking  ] GC(184) Concurrent Cleanup for Next Mark
[2021-05-03T05:48:48.339+0000][7][gc,marking  ] GC(184) Concurrent Cleanup for Next Mark 0.144ms
[2021-05-03T05:48:48.339+0000][7][gc          ] GC(184) Concurrent Cycle 142.443ms
[2021-05-03T05:49:41.353+0000][7][safepoint   ] Safepoint "Cleanup", Time since last: 53014085878 ns, Reaching safepoint: 125828 ns, At safepoint: 6569 ns, Total: 132397 ns
[2021-05-03T05:51:01.259+0000][7][gc,start    ] GC(185) Pause Young (Normal) (G1 Evacuation Pause)
[2021-05-03T05:51:01.259+0000][7][gc,task     ] GC(185) Using 6 workers of 8 for evacuation
[2021-05-03T05:51:01.260+0000][7][gc,age      ] GC(185) Desired survivor size 6291456 bytes, new threshold 15 (max threshold 15)
[2021-05-03T05:51:01.261+0000][7][gc,age      ] GC(185) Age table with threshold 15 (max threshold 15)
[2021-05-03T05:51:01.261+0000][7][gc,age      ] GC(185) - age   1:     514200 bytes,     514200 total
[2021-05-03T05:51:01.261+0000][7][gc,age      ] GC(185) - age   2:       5440 bytes,     519640 total
[2021-05-03T05:51:01.261+0000][7][gc,age      ] GC(185) - age   3:     151072 bytes,     670712 total
[2021-05-03T05:51:01.261+0000][7][gc,age      ] GC(185) - age   4:       8064 bytes,     678776 total
[2021-05-03T05:51:01.261+0000][7][gc,age      ] GC(185) - age   5:        416 bytes,     679192 total
[2021-05-03T05:51:01.261+0000][7][gc,age      ] GC(185) - age   6:        792 bytes,     679984 total
[2021-05-03T05:51:01.261+0000][7][gc,age      ] GC(185) - age   7:      21432 bytes,     701416 total
[2021-05-03T05:51:01.261+0000][7][gc,age      ] GC(185) - age   8:       4536 bytes,     705952 total
[2021-05-03T05:51:01.261+0000][7][gc,age      ] GC(185) - age   9:         24 bytes,     705976 total
[2021-05-03T05:51:01.261+0000][7][gc,age      ] GC(185) - age  10:       1592 bytes,     707568 total
[2021-05-03T05:51:01.261+0000][7][gc,age      ] GC(185) - age  11:        240 bytes,     707808 total
[2021-05-03T05:51:01.261+0000][7][gc,age      ] GC(185) - age  12:       1136 bytes,     708944 total
[2021-05-03T05:51:01.261+0000][7][gc,age      ] GC(185) - age  13:      17432 bytes,     726376 total
[2021-05-03T05:51:01.261+0000][7][gc,age      ] GC(185) - age  15:        344 bytes,     726720 total
[2021-05-03T05:51:01.261+0000][7][gc,phases   ] GC(185)   Pre Evacuate Collection Set: 0.0ms
[2021-05-03T05:51:01.261+0000][7][gc,phases   ] GC(185)   Merge Heap Roots: 0.0ms
[2021-05-03T05:51:01.261+0000][7][gc,phases   ] GC(185)   Evacuate Collection Set: 0.8ms
[2021-05-03T05:51:01.261+0000][7][gc,phases   ] GC(185)   Post Evacuate Collection Set: 0.7ms
[2021-05-03T05:51:01.261+0000][7][gc,phases   ] GC(185)   Other: 0.2ms
[2021-05-03T05:51:01.261+0000][7][gc,heap     ] GC(185) Eden regions: 22->0(22)
[2021-05-03T05:51:01.261+0000][7][gc,heap     ] GC(185) Survivor regions: 1->1(3)
[2021-05-03T05:51:01.261+0000][7][gc,heap     ] GC(185) Old regions: 26->26
[2021-05-03T05:51:01.261+0000][7][gc,heap     ] GC(185) Archive regions: 2->2
[2021-05-03T05:51:01.261+0000][7][gc,heap     ] GC(185) Humongous regions: 2->2
[2021-05-03T05:51:01.261+0000][7][gc,metaspace] GC(185) Metaspace: 108371K(113104K)->108371K(113104K) NonClass: 94485K(97948K)->94485K(97948K) Class: 13885K(15156K)->13885K(15156K)
[2021-05-03T05:51:01.261+0000][7][gc          ] GC(185) Pause Young (Normal) (G1 Evacuation Pause) 204M->116M(256M) 1.804ms
[2021-05-03T05:51:01.261+0000][7][gc,cpu      ] GC(185) User=0.01s Sys=0.00s Real=0.01s
[2021-05-03T05:51:01.261+0000][7][safepoint   ] Safepoint "G1CollectForAllocation", Time since last: 79905947989 ns, Reaching safepoint: 104202 ns, At safepoint: 1866948 ns, Total: 1971150 ns
[2021-05-03T05:52:42.288+0000][7][safepoint   ] Safepoint "Cleanup", Time since last: 101026245331 ns, Reaching safepoint: 102848 ns, At safepoint: 5753 ns, Total: 108601 ns
[2021-05-03T05:53:10.294+0000][7][safepoint   ] Safepoint "Cleanup", Time since last: 28006040311 ns, Reaching safepoint: 202583 ns, At safepoint: 11555 ns, Total: 214138 ns
[2021-05-03T05:53:18.295+0000][7][safepoint   ] Safepoint "Cleanup", Time since last: 8001218448 ns, Reaching safepoint: 219134 ns, At safepoint: 14092 ns, Total: 233226 ns
[2021-05-03T05:53:20.314+0000][7][gc,start    ] GC(186) Pause Young (Concurrent Start) (G1 Evacuation Pause)
[2021-05-03T05:53:20.314+0000][7][gc,task     ] GC(186) Using 6 workers of 8 for evacuation
[2021-05-03T05:53:20.314+0000][7][gc,age      ] GC(186) Desired survivor size 6291456 bytes, new threshold 15 (max threshold 15)
[2021-05-03T05:53:20.316+0000][7][gc,age      ] GC(186) Age table with threshold 15 (max threshold 15)
[2021-05-03T05:53:20.316+0000][7][gc,age      ] GC(186) - age   1:     507320 bytes,     507320 total
[2021-05-03T05:53:20.316+0000][7][gc,age      ] GC(186) - age   2:        600 bytes,     507920 total
[2021-05-03T05:53:20.316+0000][7][gc,age      ] GC(186) - age   3:       1216 bytes,     509136 total
[2021-05-03T05:53:20.316+0000][7][gc,age      ] GC(186) - age   4:     150976 bytes,     660112 total
[2021-05-03T05:53:20.316+0000][7][gc,age      ] GC(186) - age   5:       7824 bytes,     667936 total
[2021-05-03T05:53:20.316+0000][7][gc,age      ] GC(186) - age   6:        416 bytes,     668352 total
[2021-05-03T05:53:20.316+0000][7][gc,age      ] GC(186) - age   7:        792 bytes,     669144 total
[2021-05-03T05:53:20.316+0000][7][gc,age      ] GC(186) - age   8:      21432 bytes,     690576 total
[2021-05-03T05:53:20.316+0000][7][gc,age      ] GC(186) - age   9:       4440 bytes,     695016 total
[2021-05-03T05:53:20.316+0000][7][gc,age      ] GC(186) - age  10:         24 bytes,     695040 total
[2021-05-03T05:53:20.316+0000][7][gc,age      ] GC(186) - age  11:       1592 bytes,     696632 total
[2021-05-03T05:53:20.316+0000][7][gc,age      ] GC(186) - age  12:        240 bytes,     696872 total
[2021-05-03T05:53:20.316+0000][7][gc,age      ] GC(186) - age  13:       1136 bytes,     698008 total
[2021-05-03T05:53:20.316+0000][7][gc,age      ] GC(186) - age  14:      17432 bytes,     715440 total
[2021-05-03T05:53:20.316+0000][7][gc,phases   ] GC(186)   Pre Evacuate Collection Set: 0.1ms
[2021-05-03T05:53:20.316+0000][7][gc,phases   ] GC(186)   Merge Heap Roots: 0.0ms
[2021-05-03T05:53:20.316+0000][7][gc,phases   ] GC(186)   Evacuate Collection Set: 0.9ms
[2021-05-03T05:53:20.316+0000][7][gc,phases   ] GC(186)   Post Evacuate Collection Set: 0.5ms
[2021-05-03T05:53:20.316+0000][7][gc,phases   ] GC(186)   Other: 0.2ms
[2021-05-03T05:53:20.316+0000][7][gc,heap     ] GC(186) Eden regions: 22->0(22)
[2021-05-03T05:53:20.316+0000][7][gc,heap     ] GC(186) Survivor regions: 1->1(3)
[2021-05-03T05:53:20.316+0000][7][gc,heap     ] GC(186) Old regions: 26->26
[2021-05-03T05:53:20.316+0000][7][gc,heap     ] GC(186) Archive regions: 2->2
[2021-05-03T05:53:20.316+0000][7][gc,heap     ] GC(186) Humongous regions: 2->2
[2021-05-03T05:53:20.316+0000][7][gc,metaspace] GC(186) Metaspace: 108371K(113104K)->108371K(113104K) NonClass: 94485K(97948K)->94485K(97948K) Class: 13885K(15156K)->13885K(15156K)
[2021-05-03T05:53:20.316+0000][7][gc          ] GC(186) Pause Young (Concurrent Start) (G1 Evacuation Pause) 204M->116M(256M) 1.841ms
[2021-05-03T05:53:20.316+0000][7][gc,cpu      ] GC(186) User=0.01s Sys=0.00s Real=0.00s
[2021-05-03T05:53:20.316+0000][7][gc          ] GC(187) Concurrent Cycle
[2021-05-03T05:53:20.316+0000][7][safepoint   ] Safepoint "G1CollectForAllocation", Time since last: 2018598319 ns, Reaching safepoint: 155986 ns, At safepoint: 1906150 ns, Total: 2062136 ns
[2021-05-03T05:53:20.316+0000][7][gc,marking  ] GC(187) Concurrent Clear Claimed Marks
[2021-05-03T05:53:20.316+0000][7][gc,marking  ] GC(187) Concurrent Clear Claimed Marks 0.050ms
[2021-05-03T05:53:20.316+0000][7][gc,marking  ] GC(187) Concurrent Scan Root Regions
[2021-05-03T05:53:20.317+0000][7][gc,marking  ] GC(187) Concurrent Scan Root Regions 1.310ms
[2021-05-03T05:53:20.317+0000][7][gc,marking  ] GC(187) Concurrent Mark (13142.245s)
[2021-05-03T05:53:20.317+0000][7][gc,marking  ] GC(187) Concurrent Mark From Roots
[2021-05-03T05:53:20.317+0000][7][gc,task     ] GC(187) Using 2 workers of 2 for marking
[2021-05-03T05:53:20.396+0000][7][gc,marking  ] GC(187) Concurrent Mark From Roots 79.009ms
[2021-05-03T05:53:20.396+0000][7][gc,marking  ] GC(187) Concurrent Preclean
[2021-05-03T05:53:20.397+0000][7][gc,marking  ] GC(187) Concurrent Preclean 0.220ms
[2021-05-03T05:53:20.404+0000][7][gc,marking  ] GC(187) Concurrent Mark (13142.245s, 13142.332s) 86.509ms
[2021-05-03T05:53:20.404+0000][7][gc,start    ] GC(187) Pause Remark
[2021-05-03T05:53:20.414+0000][7][gc          ] GC(187) Pause Remark 116M->116M(256M) 9.842ms
[2021-05-03T05:53:20.414+0000][7][gc,cpu      ] GC(187) User=0.06s Sys=0.00s Real=0.01s
[2021-05-03T05:53:20.414+0000][7][safepoint   ] Safepoint "G1Concurrent", Time since last: 87962233 ns, Reaching safepoint: 146480 ns, At safepoint: 9940790 ns, Total: 10087270 ns
[2021-05-03T05:53:20.414+0000][7][gc,marking  ] GC(187) Concurrent Rebuild Remembered Sets
[2021-05-03T05:53:20.469+0000][7][gc,marking  ] GC(187) Concurrent Rebuild Remembered Sets 54.512ms
[2021-05-03T05:53:20.469+0000][7][gc,start    ] GC(187) Pause Cleanup
[2021-05-03T05:53:20.469+0000][7][gc          ] GC(187) Pause Cleanup 116M->116M(256M) 0.069ms
[2021-05-03T05:53:20.469+0000][7][gc,cpu      ] GC(187) User=0.00s Sys=0.00s Real=0.00s
[2021-05-03T05:53:20.469+0000][7][safepoint   ] Safepoint "G1Concurrent", Time since last: 54587754 ns, Reaching safepoint: 152747 ns, At safepoint: 121656 ns, Total: 274403 ns
[2021-05-03T05:53:20.469+0000][7][gc,marking  ] GC(187) Concurrent Cleanup for Next Mark
[2021-05-03T05:53:20.469+0000][7][gc,marking  ] GC(187) Concurrent Cleanup for Next Mark 0.188ms
[2021-05-03T05:53:20.469+0000][7][gc          ] GC(187) Concurrent Cycle 153.144ms
[2021-05-03T05:53:21.469+0000][7][safepoint   ] Safepoint "Cleanup", Time since last: 1000213524 ns, Reaching safepoint: 165311 ns, At safepoint: 6195 ns, Total: 171506 ns
[2021-05-03T05:53:23.470+0000][7][safepoint   ] Safepoint "Cleanup", Time since last: 2000702445 ns, Reaching safepoint: 160846 ns, At safepoint: 7760 ns, Total: 168606 ns
[2021-05-03T05:53:25.471+0000][7][safepoint   ] Safepoint "Cleanup", Time since last: 2000711010 ns, Reaching safepoint: 114816 ns, At safepoint: 5814 ns, Total: 120630 ns
[2021-05-03T05:53:28.472+0000][7][safepoint   ] Safepoint "Cleanup", Time since last: 3001085677 ns, Reaching safepoint: 133036 ns, At safepoint: 6232 ns, Total: 139268 ns
[2021-05-03T05:53:36.475+0000][7][safepoint   ] Safepoint "Cleanup", Time since last: 8002138549 ns, Reaching safepoint: 103801 ns, At safepoint: 7388 ns, Total: 111189 ns
[2021-05-03T05:53:38.476+0000][7][safepoint   ] Safepoint "Cleanup", Time since last: 2000956866 ns, Reaching safepoint: 123879 ns, At safepoint: 3953 ns, Total: 127832 ns
[2021-05-03T05:53:39.476+0000][7][safepoint   ] Safepoint "Cleanup", Time since last: 1000091459 ns, Reaching safepoint: 103833 ns, At safepoint: 5060 ns, Total: 108893 ns
[2021-05-03T05:53:42.476+0000][7][safepoint   ] Safepoint "Cleanup", Time since last: 3000190115 ns, Reaching safepoint: 212264 ns, At safepoint: 7413 ns, Total: 219677 ns
[2021-05-03T05:53:43.477+0000][7][safepoint   ] Safepoint "Cleanup", Time since last: 1000312020 ns, Reaching safepoint: 121044 ns, At safepoint: 10154 ns, Total: 131198 ns
[2021-05-03T05:53:48.478+0000][7][safepoint   ] Safepoint "Cleanup", Time since last: 5001305596 ns, Reaching safepoint: 149432 ns, At safepoint: 6453 ns, Total: 155885 ns
[2021-05-03T05:54:09.483+0000][7][safepoint   ] Safepoint "Cleanup", Time since last: 21004798435 ns, Reaching safepoint: 159658 ns, At safepoint: 6269 ns, Total: 165927 ns
[2021-05-03T05:54:10.484+0000][7][safepoint   ] Safepoint "Cleanup", Time since last: 1000505702 ns, Reaching safepoint: 95877 ns, At safepoint: 5550 ns, Total: 101427 ns
[2021-05-03T05:54:39.492+0000][7][safepoint   ] Safepoint "Cleanup", Time since last: 29008302416 ns, Reaching safepoint: 142613 ns, At safepoint: 5563 ns, Total: 148176 ns
[2021-05-03T05:54:42.493+0000][7][safepoint   ] Safepoint "Cleanup", Time since last: 3000950453 ns, Reaching safepoint: 190297 ns, At safepoint: 6825 ns, Total: 197122 ns
[2021-05-03T05:54:56.496+0000][7][safepoint   ] Safepoint "Cleanup", Time since last: 14002573731 ns, Reaching safepoint: 91939 ns, At safepoint: 5456 ns, Total: 97395 ns
[2021-05-03T05:55:18.502+0000][7][safepoint   ] Safepoint "Cleanup", Time since last: 22006285084 ns, Reaching safepoint: 105030 ns, At safepoint: 5763 ns, Total: 110793 ns
[2021-05-03T05:55:33.282+0000][7][gc,start    ] GC(188) Pause Young (Normal) (G1 Evacuation Pause)
[2021-05-03T05:55:33.282+0000][7][gc,task     ] GC(188) Using 6 workers of 8 for evacuation
[2021-05-03T05:55:33.282+0000][7][gc,age      ] GC(188) Desired survivor size 6291456 bytes, new threshold 15 (max threshold 15)
[2021-05-03T05:55:33.284+0000][7][gc,age      ] GC(188) Age table with threshold 15 (max threshold 15)
[2021-05-03T05:55:33.284+0000][7][gc,age      ] GC(188) - age   1:     884680 bytes,     884680 total
[2021-05-03T05:55:33.284+0000][7][gc,age      ] GC(188) - age   2:        392 bytes,     885072 total
[2021-05-03T05:55:33.284+0000][7][gc,age      ] GC(188) - age   3:        464 bytes,     885536 total
[2021-05-03T05:55:33.284+0000][7][gc,age      ] GC(188) - age   4:       1216 bytes,     886752 total
[2021-05-03T05:55:33.284+0000][7][gc,age      ] GC(188) - age   5:     150880 bytes,    1037632 total
[2021-05-03T05:55:33.284+0000][7][gc,age      ] GC(188) - age   6:       5328 bytes,    1042960 total
[2021-05-03T05:55:33.284+0000][7][gc,age      ] GC(188) - age   7:        416 bytes,    1043376 total
[2021-05-03T05:55:33.284+0000][7][gc,age      ] GC(188) - age   8:        792 bytes,    1044168 total
[2021-05-03T05:55:33.284+0000][7][gc,age      ] GC(188) - age   9:      21432 bytes,    1065600 total
[2021-05-03T05:55:33.284+0000][7][gc,age      ] GC(188) - age  10:       4440 bytes,    1070040 total
[2021-05-03T05:55:33.284+0000][7][gc,age      ] GC(188) - age  11:         24 bytes,    1070064 total
[2021-05-03T05:55:33.284+0000][7][gc,age      ] GC(188) - age  12:       1496 bytes,    1071560 total
[2021-05-03T05:55:33.284+0000][7][gc,age      ] GC(188) - age  14:       1136 bytes,    1072696 total
[2021-05-03T05:55:33.284+0000][7][gc,age      ] GC(188) - age  15:      17432 bytes,    1090128 total
[2021-05-03T05:55:33.284+0000][7][gc,phases   ] GC(188)   Pre Evacuate Collection Set: 0.0ms
[2021-05-03T05:55:33.284+0000][7][gc,phases   ] GC(188)   Merge Heap Roots: 0.0ms
[2021-05-03T05:55:33.284+0000][7][gc,phases   ] GC(188)   Evacuate Collection Set: 0.9ms
[2021-05-03T05:55:33.284+0000][7][gc,phases   ] GC(188)   Post Evacuate Collection Set: 0.4ms
[2021-05-03T05:55:33.284+0000][7][gc,phases   ] GC(188)   Other: 0.2ms
[2021-05-03T05:55:33.284+0000][7][gc,heap     ] GC(188) Eden regions: 22->0(22)
[2021-05-03T05:55:33.284+0000][7][gc,heap     ] GC(188) Survivor regions: 1->1(3)
[2021-05-03T05:55:33.284+0000][7][gc,heap     ] GC(188) Old regions: 26->26
[2021-05-03T05:55:33.284+0000][7][gc,heap     ] GC(188) Archive regions: 2->2
[2021-05-03T05:55:33.284+0000][7][gc,heap     ] GC(188) Humongous regions: 2->2
[2021-05-03T05:55:33.284+0000][7][gc,metaspace] GC(188) Metaspace: 108359K(113104K)->108359K(113104K) NonClass: 94475K(97948K)->94475K(97948K) Class: 13884K(15156K)->13884K(15156K)
[2021-05-03T05:55:33.284+0000][7][gc          ] GC(188) Pause Young (Normal) (G1 Evacuation Pause) 204M->116M(256M) 1.621ms
[2021-05-03T05:55:33.284+0000][7][gc,cpu      ] GC(188) User=0.01s Sys=0.00s Real=0.00s
[2021-05-03T05:55:33.284+0000][7][safepoint   ] Safepoint "G1CollectForAllocation", Time since last: 14779872872 ns, Reaching safepoint: 68654 ns, At safepoint: 1681956 ns, Total: 1750610 ns
[2021-05-03T05:55:36.284+0000][7][safepoint   ] Safepoint "Cleanup", Time since last: 3000226572 ns, Reaching safepoint: 123542 ns, At safepoint: 7647 ns, Total: 131189 ns
[2021-05-03T05:55:40.760+0000][7][safepoint   ] Safepoint "ICBufferFull", Time since last: 4475513167 ns, Reaching safepoint: 262439 ns, At safepoint: 6812 ns, Total: 269251 ns
[2021-05-03T05:55:41.760+0000][7][safepoint   ] Safepoint "Cleanup", Time since last: 1000171936 ns, Reaching safepoint: 114932 ns, At safepoint: 6137 ns, Total: 121069 ns
[2021-05-03T05:55:42.761+0000][7][safepoint   ] Safepoint "Cleanup", Time since last: 1000433656 ns, Reaching safepoint: 106769 ns, At safepoint: 5831 ns, Total: 112600 ns
[2021-05-03T05:56:42.779+0000][7][safepoint   ] Safepoint "Cleanup", Time since last: 60017950374 ns, Reaching safepoint: 179904 ns, At safepoint: 7091 ns, Total: 186995 ns
[2021-05-03T05:57:18.313+0000][7][gc,start    ] GC(189) Pause Young (Concurrent Start) (G1 Evacuation Pause)
[2021-05-03T05:57:18.313+0000][7][gc,task     ] GC(189) Using 6 workers of 8 for evacuation
[2021-05-03T05:57:18.313+0000][7][gc,age      ] GC(189) Desired survivor size 6291456 bytes, new threshold 15 (max threshold 15)
[2021-05-03T05:57:18.314+0000][7][gc,age      ] GC(189) Age table with threshold 15 (max threshold 15)
[2021-05-03T05:57:18.314+0000][7][gc,age      ] GC(189) - age   1:     763504 bytes,     763504 total
[2021-05-03T05:57:18.314+0000][7][gc,age      ] GC(189) - age   2:     361832 bytes,    1125336 total
[2021-05-03T05:57:18.314+0000][7][gc,age      ] GC(189) - age   3:        360 bytes,    1125696 total
[2021-05-03T05:57:18.314+0000][7][gc,age      ] GC(189) - age   4:        464 bytes,    1126160 total
[2021-05-03T05:57:18.314+0000][7][gc,age      ] GC(189) - age   5:        568 bytes,    1126728 total
[2021-05-03T05:57:18.314+0000][7][gc,age      ] GC(189) - age   6:       1720 bytes,    1128448 total
[2021-05-03T05:57:18.314+0000][7][gc,age      ] GC(189) - age   7:       5328 bytes,    1133776 total
[2021-05-03T05:57:18.314+0000][7][gc,age      ] GC(189) - age   8:        416 bytes,    1134192 total
[2021-05-03T05:57:18.314+0000][7][gc,age      ] GC(189) - age   9:        744 bytes,    1134936 total
[2021-05-03T05:57:18.314+0000][7][gc,age      ] GC(189) - age  10:      19144 bytes,    1154080 total
[2021-05-03T05:57:18.314+0000][7][gc,age      ] GC(189) - age  11:       2000 bytes,    1156080 total
[2021-05-03T05:57:18.314+0000][7][gc,age      ] GC(189) - age  12:         24 bytes,    1156104 total
[2021-05-03T05:57:18.314+0000][7][gc,age      ] GC(189) - age  13:       1496 bytes,    1157600 total
[2021-05-03T05:57:18.314+0000][7][gc,age      ] GC(189) - age  15:       1136 bytes,    1158736 total
[2021-05-03T05:57:18.314+0000][7][gc,phases   ] GC(189)   Pre Evacuate Collection Set: 0.1ms
[2021-05-03T05:57:18.314+0000][7][gc,phases   ] GC(189)   Merge Heap Roots: 0.0ms
[2021-05-03T05:57:18.314+0000][7][gc,phases   ] GC(189)   Evacuate Collection Set: 0.9ms
[2021-05-03T05:57:18.314+0000][7][gc,phases   ] GC(189)   Post Evacuate Collection Set: 0.3ms
[2021-05-03T05:57:18.314+0000][7][gc,phases   ] GC(189)   Other: 0.3ms
[2021-05-03T05:57:18.314+0000][7][gc,heap     ] GC(189) Eden regions: 22->0(22)
[2021-05-03T05:57:18.314+0000][7][gc,heap     ] GC(189) Survivor regions: 1->1(3)
[2021-05-03T05:57:18.314+0000][7][gc,heap     ] GC(189) Old regions: 26->26
[2021-05-03T05:57:18.314+0000][7][gc,heap     ] GC(189) Archive regions: 2->2
[2021-05-03T05:57:18.314+0000][7][gc,heap     ] GC(189) Humongous regions: 2->2
[2021-05-03T05:57:18.314+0000][7][gc,metaspace] GC(189) Metaspace: 108404K(113104K)->108404K(113104K) NonClass: 94518K(97948K)->94518K(97948K) Class: 13885K(15156K)->13885K(15156K)
[2021-05-03T05:57:18.314+0000][7][gc          ] GC(189) Pause Young (Concurrent Start) (G1 Evacuation Pause) 204M->116M(256M) 1.636ms
[2021-05-03T05:57:18.314+0000][7][gc,cpu      ] GC(189) User=0.00s Sys=0.00s Real=0.00s
[2021-05-03T05:57:18.314+0000][7][gc          ] GC(190) Concurrent Cycle
[2021-05-03T05:57:18.314+0000][7][safepoint   ] Safepoint "G1CollectForAllocation", Time since last: 35533378745 ns, Reaching safepoint: 193185 ns, At safepoint: 1710631 ns, Total: 1903816 ns
[2021-05-03T05:57:18.314+0000][7][gc,marking  ] GC(190) Concurrent Clear Claimed Marks
[2021-05-03T05:57:18.314+0000][7][gc,marking  ] GC(190) Concurrent Clear Claimed Marks 0.077ms
[2021-05-03T05:57:18.314+0000][7][gc,marking  ] GC(190) Concurrent Scan Root Regions
[2021-05-03T05:57:18.316+0000][7][gc,marking  ] GC(190) Concurrent Scan Root Regions 1.829ms
[2021-05-03T05:57:18.316+0000][7][gc,marking  ] GC(190) Concurrent Mark (13380.244s)
[2021-05-03T05:57:18.316+0000][7][gc,marking  ] GC(190) Concurrent Mark From Roots
[2021-05-03T05:57:18.316+0000][7][gc,task     ] GC(190) Using 2 workers of 2 for marking
[2021-05-03T05:57:18.396+0000][7][gc,marking  ] GC(190) Concurrent Mark From Roots 80.156ms
[2021-05-03T05:57:18.397+0000][7][gc,marking  ] GC(190) Concurrent Preclean
[2021-05-03T05:57:18.397+0000][7][gc,marking  ] GC(190) Concurrent Preclean 0.218ms
[2021-05-03T05:57:18.397+0000][7][gc,marking  ] GC(190) Concurrent Mark (13380.244s, 13380.324s) 80.423ms
[2021-05-03T05:57:18.397+0000][7][gc,start    ] GC(190) Pause Remark
[2021-05-03T05:57:18.403+0000][7][gc          ] GC(190) Pause Remark 119M->119M(256M) 6.068ms
[2021-05-03T05:57:18.403+0000][7][gc,cpu      ] GC(190) User=0.03s Sys=0.00s Real=0.01s
[2021-05-03T05:57:18.403+0000][7][safepoint   ] Safepoint "G1Concurrent", Time since last: 82408863 ns, Reaching safepoint: 88472 ns, At safepoint: 6142627 ns, Total: 6231099 ns
[2021-05-03T05:57:18.403+0000][7][gc,marking  ] GC(190) Concurrent Rebuild Remembered Sets
[2021-05-03T05:57:18.456+0000][7][gc,marking  ] GC(190) Concurrent Rebuild Remembered Sets 53.166ms
[2021-05-03T05:57:18.456+0000][7][gc,start    ] GC(190) Pause Cleanup
[2021-05-03T05:57:18.457+0000][7][gc          ] GC(190) Pause Cleanup 119M->119M(256M) 0.164ms
[2021-05-03T05:57:18.457+0000][7][gc,cpu      ] GC(190) User=0.00s Sys=0.00s Real=0.00s
[2021-05-03T05:57:18.457+0000][7][safepoint   ] Safepoint "G1Concurrent", Time since last: 53252257 ns, Reaching safepoint: 144796 ns, At safepoint: 211244 ns, Total: 356040 ns
[2021-05-03T05:57:18.457+0000][7][gc,marking  ] GC(190) Concurrent Cleanup for Next Mark
[2021-05-03T05:57:18.457+0000][7][gc,marking  ] GC(190) Concurrent Cleanup for Next Mark 0.197ms
[2021-05-03T05:57:18.457+0000][7][gc          ] GC(190) Concurrent Cycle 142.529ms
[2021-05-03T05:57:40.462+0000][7][safepoint   ] Safepoint "Cleanup", Time since last: 22005150248 ns, Reaching safepoint: 166672 ns, At safepoint: 7518 ns, Total: 174190 ns
[2021-05-03T05:57:42.463+0000][7][safepoint   ] Safepoint "Cleanup", Time since last: 2000683488 ns, Reaching safepoint: 130118 ns, At safepoint: 8459 ns, Total: 138577 ns
[2021-05-03T05:58:18.472+0000][7][safepoint   ] Safepoint "Cleanup", Time since last: 36009568910 ns, Reaching safepoint: 96375 ns, At safepoint: 6122 ns, Total: 102497 ns
[2021-05-03T05:58:58.483+0000][7][safepoint   ] Safepoint "Cleanup", Time since last: 40010723038 ns, Reaching safepoint: 153344 ns, At safepoint: 6918 ns, Total: 160262 ns
[2021-05-03T05:59:05.486+0000][7][safepoint   ] Safepoint "Cleanup", Time since last: 7002492203 ns, Reaching safepoint: 94816 ns, At safepoint: 5746 ns, Total: 100562 ns
[2021-05-03T05:59:06.487+0000][7][safepoint   ] Safepoint "Cleanup", Time since last: 1000510890 ns, Reaching safepoint: 106724 ns, At safepoint: 5762 ns, Total: 112486 ns
[2021-05-03T05:59:36.494+0000][7][safepoint   ] Safepoint "Cleanup", Time since last: 30007140081 ns, Reaching safepoint: 145043 ns, At safepoint: 10026 ns, Total: 155069 ns
[2021-05-03T05:59:38.342+0000][7][gc,start    ] GC(191) Pause Young (Normal) (G1 Evacuation Pause)
[2021-05-03T05:59:38.342+0000][7][gc,task     ] GC(191) Using 6 workers of 8 for evacuation
[2021-05-03T05:59:38.342+0000][7][gc,age      ] GC(191) Desired survivor size 6291456 bytes, new threshold 15 (max threshold 15)
[2021-05-03T05:59:38.344+0000][7][gc,age      ] GC(191) Age table with threshold 15 (max threshold 15)
[2021-05-03T05:59:38.344+0000][7][gc,age      ] GC(191) - age   1:     526344 bytes,     526344 total
[2021-05-03T05:59:38.344+0000][7][gc,age      ] GC(191) - age   2:     323536 bytes,     849880 total
[2021-05-03T05:59:38.344+0000][7][gc,age      ] GC(191) - age   3:     361624 bytes,    1211504 total
[2021-05-03T05:59:38.344+0000][7][gc,age      ] GC(191) - age   4:        240 bytes,    1211744 total
[2021-05-03T05:59:38.344+0000][7][gc,age      ] GC(191) - age   5:        464 bytes,    1212208 total
[2021-05-03T05:59:38.344+0000][7][gc,age      ] GC(191) - age   6:        568 bytes,    1212776 total
[2021-05-03T05:59:38.344+0000][7][gc,age      ] GC(191) - age   7:       1680 bytes,    1214456 total
[2021-05-03T05:59:38.344+0000][7][gc,age      ] GC(191) - age   8:       5304 bytes,    1219760 total
[2021-05-03T05:59:38.344+0000][7][gc,age      ] GC(191) - age   9:        416 bytes,    1220176 total
[2021-05-03T05:59:38.344+0000][7][gc,age      ] GC(191) - age  10:        744 bytes,    1220920 total
[2021-05-03T05:59:38.344+0000][7][gc,age      ] GC(191) - age  11:      19144 bytes,    1240064 total
[2021-05-03T05:59:38.344+0000][7][gc,age      ] GC(191) - age  12:       1968 bytes,    1242032 total
[2021-05-03T05:59:38.344+0000][7][gc,age      ] GC(191) - age  14:       1496 bytes,    1243528 total
[2021-05-03T05:59:38.344+0000][7][gc,phases   ] GC(191)   Pre Evacuate Collection Set: 0.1ms
[2021-05-03T05:59:38.344+0000][7][gc,phases   ] GC(191)   Merge Heap Roots: 0.0ms
[2021-05-03T05:59:38.344+0000][7][gc,phases   ] GC(191)   Evacuate Collection Set: 0.9ms
[2021-05-03T05:59:38.344+0000][7][gc,phases   ] GC(191)   Post Evacuate Collection Set: 0.4ms
[2021-05-03T05:59:38.344+0000][7][gc,phases   ] GC(191)   Other: 0.2ms
[2021-05-03T05:59:38.344+0000][7][gc,heap     ] GC(191) Eden regions: 22->0(22)
[2021-05-03T05:59:38.344+0000][7][gc,heap     ] GC(191) Survivor regions: 1->1(3)
[2021-05-03T05:59:38.344+0000][7][gc,heap     ] GC(191) Old regions: 26->26
[2021-05-03T05:59:38.344+0000][7][gc,heap     ] GC(191) Archive regions: 2->2
[2021-05-03T05:59:38.344+0000][7][gc,heap     ] GC(191) Humongous regions: 2->2
[2021-05-03T05:59:38.344+0000][7][gc,metaspace] GC(191) Metaspace: 108411K(113104K)->108411K(113104K) NonClass: 94524K(97948K)->94524K(97948K) Class: 13887K(15156K)->13887K(15156K)
[2021-05-03T05:59:38.344+0000][7][gc          ] GC(191) Pause Young (Normal) (G1 Evacuation Pause) 204M->116M(256M) 1.658ms
[2021-05-03T05:59:38.344+0000][7][gc,cpu      ] GC(191) User=0.00s Sys=0.01s Real=0.00s
[2021-05-03T05:59:38.344+0000][7][safepoint   ] Safepoint "G1CollectForAllocation", Time since last: 1848368127 ns, Reaching safepoint: 95698 ns, At safepoint: 1720223 ns, Total: 1815921 ns
[2021-05-03T06:01:42.373+0000][7][safepoint   ] Safepoint "Cleanup", Time since last: 124028436527 ns, Reaching safepoint: 161411 ns, At safepoint: 6682 ns, Total: 168093 ns
[2021-05-03T06:01:48.375+0000][7][gc,start    ] GC(192) Pause Young (Concurrent Start) (G1 Evacuation Pause)
[2021-05-03T06:01:48.375+0000][7][gc,task     ] GC(192) Using 6 workers of 8 for evacuation
[2021-05-03T06:01:48.376+0000][7][gc,age      ] GC(192) Desired survivor size 6291456 bytes, new threshold 15 (max threshold 15)
[2021-05-03T06:01:48.377+0000][7][gc,age      ] GC(192) Age table with threshold 15 (max threshold 15)
[2021-05-03T06:01:48.377+0000][7][gc,age      ] GC(192) - age   1:     567008 bytes,     567008 total
[2021-05-03T06:01:48.377+0000][7][gc,age      ] GC(192) - age   2:       4096 bytes,     571104 total
[2021-05-03T06:01:48.377+0000][7][gc,age      ] GC(192) - age   3:     201680 bytes,     772784 total
[2021-05-03T06:01:48.377+0000][7][gc,age      ] GC(192) - age   4:     361392 bytes,    1134176 total
[2021-05-03T06:01:48.377+0000][7][gc,age      ] GC(192) - age   5:        240 bytes,    1134416 total
[2021-05-03T06:01:48.377+0000][7][gc,age      ] GC(192) - age   6:        264 bytes,    1134680 total
[2021-05-03T06:01:48.377+0000][7][gc,age      ] GC(192) - age   7:        568 bytes,    1135248 total
[2021-05-03T06:01:48.377+0000][7][gc,age      ] GC(192) - age   8:       1680 bytes,    1136928 total
[2021-05-03T06:01:48.377+0000][7][gc,age      ] GC(192) - age   9:       4976 bytes,    1141904 total
[2021-05-03T06:01:48.377+0000][7][gc,age      ] GC(192) - age  10:        416 bytes,    1142320 total
[2021-05-03T06:01:48.377+0000][7][gc,age      ] GC(192) - age  11:        744 bytes,    1143064 total
[2021-05-03T06:01:48.377+0000][7][gc,age      ] GC(192) - age  12:      19048 bytes,    1162112 total
[2021-05-03T06:01:48.377+0000][7][gc,age      ] GC(192) - age  13:       1968 bytes,    1164080 total
[2021-05-03T06:01:48.377+0000][7][gc,age      ] GC(192) - age  15:       1456 bytes,    1165536 total
[2021-05-03T06:01:48.377+0000][7][gc,phases   ] GC(192)   Pre Evacuate Collection Set: 0.1ms
[2021-05-03T06:01:48.377+0000][7][gc,phases   ] GC(192)   Merge Heap Roots: 0.0ms
[2021-05-03T06:01:48.377+0000][7][gc,phases   ] GC(192)   Evacuate Collection Set: 0.8ms
[2021-05-03T06:01:48.377+0000][7][gc,phases   ] GC(192)   Post Evacuate Collection Set: 0.5ms
[2021-05-03T06:01:48.377+0000][7][gc,phases   ] GC(192)   Other: 0.3ms
[2021-05-03T06:01:48.377+0000][7][gc,heap     ] GC(192) Eden regions: 22->0(22)
[2021-05-03T06:01:48.377+0000][7][gc,heap     ] GC(192) Survivor regions: 1->1(3)
[2021-05-03T06:01:48.377+0000][7][gc,heap     ] GC(192) Old regions: 26->26
[2021-05-03T06:01:48.377+0000][7][gc,heap     ] GC(192) Archive regions: 2->2
[2021-05-03T06:01:48.377+0000][7][gc,heap     ] GC(192) Humongous regions: 2->2
[2021-05-03T06:01:48.377+0000][7][gc,metaspace] GC(192) Metaspace: 108411K(113104K)->108411K(113104K) NonClass: 94524K(97948K)->94524K(97948K) Class: 13887K(15156K)->13887K(15156K)
[2021-05-03T06:01:48.377+0000][7][gc          ] GC(192) Pause Young (Concurrent Start) (G1 Evacuation Pause) 204M->116M(256M) 1.745ms
[2021-05-03T06:01:48.377+0000][7][gc,cpu      ] GC(192) User=0.01s Sys=0.00s Real=0.00s
[2021-05-03T06:01:48.377+0000][7][gc          ] GC(193) Concurrent Cycle
[2021-05-03T06:01:48.377+0000][7][safepoint   ] Safepoint "G1CollectForAllocation", Time since last: 6002668432 ns, Reaching safepoint: 156179 ns, At safepoint: 1837927 ns, Total: 1994106 ns
[2021-05-03T06:01:48.377+0000][7][gc,marking  ] GC(193) Concurrent Clear Claimed Marks
[2021-05-03T06:01:48.377+0000][7][gc,marking  ] GC(193) Concurrent Clear Claimed Marks 0.084ms
[2021-05-03T06:01:48.377+0000][7][gc,marking  ] GC(193) Concurrent Scan Root Regions
[2021-05-03T06:01:48.380+0000][7][gc,marking  ] GC(193) Concurrent Scan Root Regions 2.464ms
[2021-05-03T06:01:48.380+0000][7][gc,marking  ] GC(193) Concurrent Mark (13650.308s)
[2021-05-03T06:01:48.380+0000][7][gc,marking  ] GC(193) Concurrent Mark From Roots
[2021-05-03T06:01:48.380+0000][7][gc,task     ] GC(193) Using 2 workers of 2 for marking
[2021-05-03T06:01:48.460+0000][7][gc,marking  ] GC(193) Concurrent Mark From Roots 79.675ms
[2021-05-03T06:01:48.460+0000][7][gc,marking  ] GC(193) Concurrent Preclean
[2021-05-03T06:01:48.460+0000][7][gc,marking  ] GC(193) Concurrent Preclean 0.220ms
[2021-05-03T06:01:48.460+0000][7][gc,marking  ] GC(193) Concurrent Mark (13650.308s, 13650.387s) 79.949ms
[2021-05-03T06:01:48.460+0000][7][gc,start    ] GC(193) Pause Remark
[2021-05-03T06:01:48.465+0000][7][gc          ] GC(193) Pause Remark 119M->119M(256M) 5.450ms
[2021-05-03T06:01:48.465+0000][7][gc,cpu      ] GC(193) User=0.03s Sys=0.00s Real=0.00s
[2021-05-03T06:01:48.466+0000][7][safepoint   ] Safepoint "G1Concurrent", Time since last: 82611371 ns, Reaching safepoint: 104351 ns, At safepoint: 5523395 ns, Total: 5627746 ns
[2021-05-03T06:01:48.466+0000][7][gc,marking  ] GC(193) Concurrent Rebuild Remembered Sets
[2021-05-03T06:01:48.519+0000][7][gc,marking  ] GC(193) Concurrent Rebuild Remembered Sets 53.108ms
[2021-05-03T06:01:48.519+0000][7][gc,start    ] GC(193) Pause Cleanup
[2021-05-03T06:01:48.519+0000][7][gc          ] GC(193) Pause Cleanup 119M->119M(256M) 0.063ms
[2021-05-03T06:01:48.519+0000][7][gc,cpu      ] GC(193) User=0.00s Sys=0.00s Real=0.00s
[2021-05-03T06:01:48.519+0000][7][safepoint   ] Safepoint "G1Concurrent", Time since last: 53252807 ns, Reaching safepoint: 80015 ns, At safepoint: 103683 ns, Total: 183698 ns
[2021-05-03T06:01:48.519+0000][7][gc,marking  ] GC(193) Concurrent Cleanup for Next Mark
[2021-05-03T06:01:48.519+0000][7][gc,marking  ] GC(193) Concurrent Cleanup for Next Mark 0.168ms
[2021-05-03T06:01:48.519+0000][7][gc          ] GC(193) Concurrent Cycle 141.900ms
[2021-05-03T06:04:09.005+0000][7][gc,start    ] GC(194) Pause Young (Normal) (G1 Evacuation Pause)
[2021-05-03T06:04:09.005+0000][7][gc,task     ] GC(194) Using 6 workers of 8 for evacuation
[2021-05-03T06:04:09.005+0000][7][gc,age      ] GC(194) Desired survivor size 6291456 bytes, new threshold 15 (max threshold 15)
[2021-05-03T06:04:09.007+0000][7][gc,age      ] GC(194) Age table with threshold 15 (max threshold 15)
[2021-05-03T06:04:09.007+0000][7][gc,age      ] GC(194) - age   1:     509336 bytes,     509336 total
[2021-05-03T06:04:09.007+0000][7][gc,age      ] GC(194) - age   2:       2184 bytes,     511520 total
[2021-05-03T06:04:09.007+0000][7][gc,age      ] GC(194) - age   3:       3744 bytes,     515264 total
[2021-05-03T06:04:09.007+0000][7][gc,age      ] GC(194) - age   4:     201632 bytes,     716896 total
[2021-05-03T06:04:09.007+0000][7][gc,age      ] GC(194) - age   5:     361392 bytes,    1078288 total
[2021-05-03T06:04:09.007+0000][7][gc,age      ] GC(194) - age   7:        264 bytes,    1078552 total
[2021-05-03T06:04:09.007+0000][7][gc,age      ] GC(194) - age   8:        568 bytes,    1079120 total
[2021-05-03T06:04:09.007+0000][7][gc,age      ] GC(194) - age   9:       1680 bytes,    1080800 total
[2021-05-03T06:04:09.007+0000][7][gc,age      ] GC(194) - age  10:       4952 bytes,    1085752 total
[2021-05-03T06:04:09.007+0000][7][gc,age      ] GC(194) - age  11:        416 bytes,    1086168 total
[2021-05-03T06:04:09.007+0000][7][gc,age      ] GC(194) - age  12:        744 bytes,    1086912 total
[2021-05-03T06:04:09.007+0000][7][gc,age      ] GC(194) - age  13:      19008 bytes,    1105920 total
[2021-05-03T06:04:09.007+0000][7][gc,age      ] GC(194) - age  14:       1968 bytes,    1107888 total
[2021-05-03T06:04:09.007+0000][7][gc,phases   ] GC(194)   Pre Evacuate Collection Set: 0.0ms
[2021-05-03T06:04:09.007+0000][7][gc,phases   ] GC(194)   Merge Heap Roots: 0.0ms
[2021-05-03T06:04:09.007+0000][7][gc,phases   ] GC(194)   Evacuate Collection Set: 0.9ms
[2021-05-03T06:04:09.007+0000][7][gc,phases   ] GC(194)   Post Evacuate Collection Set: 0.4ms
[2021-05-03T06:04:09.007+0000][7][gc,phases   ] GC(194)   Other: 0.2ms
[2021-05-03T06:04:09.007+0000][7][gc,heap     ] GC(194) Eden regions: 22->0(22)
[2021-05-03T06:04:09.007+0000][7][gc,heap     ] GC(194) Survivor regions: 1->1(3)
[2021-05-03T06:04:09.007+0000][7][gc,heap     ] GC(194) Old regions: 26->26
[2021-05-03T06:04:09.007+0000][7][gc,heap     ] GC(194) Archive regions: 2->2
[2021-05-03T06:04:09.007+0000][7][gc,heap     ] GC(194) Humongous regions: 2->2
[2021-05-03T06:04:09.007+0000][7][gc,metaspace] GC(194) Metaspace: 108412K(113104K)->108412K(113104K) NonClass: 94525K(97948K)->94525K(97948K) Class: 13887K(15156K)->13887K(15156K)
[2021-05-03T06:04:09.007+0000][7][gc          ] GC(194) Pause Young (Normal) (G1 Evacuation Pause) 204M->116M(256M) 1.623ms
[2021-05-03T06:04:09.007+0000][7][gc,cpu      ] GC(194) User=0.01s Sys=0.00s Real=0.00s
[2021-05-03T06:04:09.007+0000][7][safepoint   ] Safepoint "G1CollectForAllocation", Time since last: 140486118131 ns, Reaching safepoint: 104097 ns, At safepoint: 1683968 ns, Total: 1788065 ns
[2021-05-03T06:04:47.019+0000][7][safepoint   ] Safepoint "Cleanup", Time since last: 38011585154 ns, Reaching safepoint: 124403 ns, At safepoint: 6243 ns, Total: 130646 ns
[2021-05-03T06:05:41.035+0000][7][safepoint   ] Safepoint "Cleanup", Time since last: 54015888620 ns, Reaching safepoint: 93874 ns, At safepoint: 5602 ns, Total: 99476 ns
[2021-05-03T06:05:48.434+0000][7][gc,start    ] GC(195) Pause Young (Concurrent Start) (G1 Evacuation Pause)
[2021-05-03T06:05:48.434+0000][7][gc,task     ] GC(195) Using 6 workers of 8 for evacuation
[2021-05-03T06:05:48.434+0000][7][gc,age      ] GC(195) Desired survivor size 6291456 bytes, new threshold 15 (max threshold 15)
[2021-05-03T06:05:48.436+0000][7][gc,age      ] GC(195) Age table with threshold 15 (max threshold 15)
[2021-05-03T06:05:48.436+0000][7][gc,age      ] GC(195) - age   1:     727448 bytes,     727448 total
[2021-05-03T06:05:48.436+0000][7][gc,age      ] GC(195) - age   2:        952 bytes,     728400 total
[2021-05-03T06:05:48.436+0000][7][gc,age      ] GC(195) - age   3:       1272 bytes,     729672 total
[2021-05-03T06:05:48.436+0000][7][gc,age      ] GC(195) - age   4:       3544 bytes,     733216 total
[2021-05-03T06:05:48.436+0000][7][gc,age      ] GC(195) - age   5:      26864 bytes,     760080 total
[2021-05-03T06:05:48.436+0000][7][gc,age      ] GC(195) - age   6:     358896 bytes,    1118976 total
[2021-05-03T06:05:48.436+0000][7][gc,age      ] GC(195) - age   8:        168 bytes,    1119144 total
[2021-05-03T06:05:48.436+0000][7][gc,age      ] GC(195) - age   9:        568 bytes,    1119712 total
[2021-05-03T06:05:48.436+0000][7][gc,age      ] GC(195) - age  10:        432 bytes,    1120144 total
[2021-05-03T06:05:48.436+0000][7][gc,age      ] GC(195) - age  11:       4952 bytes,    1125096 total
[2021-05-03T06:05:48.436+0000][7][gc,age      ] GC(195) - age  12:        416 bytes,    1125512 total
[2021-05-03T06:05:48.436+0000][7][gc,age      ] GC(195) - age  13:        744 bytes,    1126256 total
[2021-05-03T06:05:48.436+0000][7][gc,age      ] GC(195) - age  14:      19008 bytes,    1145264 total
[2021-05-03T06:05:48.436+0000][7][gc,age      ] GC(195) - age  15:       1968 bytes,    1147232 total
[2021-05-03T06:05:48.436+0000][7][gc,phases   ] GC(195)   Pre Evacuate Collection Set: 0.1ms
[2021-05-03T06:05:48.436+0000][7][gc,phases   ] GC(195)   Merge Heap Roots: 0.0ms
[2021-05-03T06:05:48.436+0000][7][gc,phases   ] GC(195)   Evacuate Collection Set: 0.9ms
[2021-05-03T06:05:48.436+0000][7][gc,phases   ] GC(195)   Post Evacuate Collection Set: 0.5ms
[2021-05-03T06:05:48.436+0000][7][gc,phases   ] GC(195)   Other: 0.2ms
[2021-05-03T06:05:48.436+0000][7][gc,heap     ] GC(195) Eden regions: 22->0(22)
[2021-05-03T06:05:48.436+0000][7][gc,heap     ] GC(195) Survivor regions: 1->1(3)
[2021-05-03T06:05:48.436+0000][7][gc,heap     ] GC(195) Old regions: 26->26
[2021-05-03T06:05:48.436+0000][7][gc,heap     ] GC(195) Archive regions: 2->2
[2021-05-03T06:05:48.436+0000][7][gc,heap     ] GC(195) Humongous regions: 2->2
[2021-05-03T06:05:48.436+0000][7][gc,metaspace] GC(195) Metaspace: 108439K(113104K)->108439K(113104K) NonClass: 94552K(97948K)->94552K(97948K) Class: 13887K(15156K)->13887K(15156K)
[2021-05-03T06:05:48.436+0000][7][gc          ] GC(195) Pause Young (Concurrent Start) (G1 Evacuation Pause) 204M->116M(256M) 1.873ms
[2021-05-03T06:05:48.436+0000][7][gc,cpu      ] GC(195) User=0.00s Sys=0.00s Real=0.00s
[2021-05-03T06:05:48.436+0000][7][safepoint   ] Safepoint "G1CollectForAllocation", Time since last: 7399197603 ns, Reaching safepoint: 152174 ns, At safepoint: 1939362 ns, Total: 2091536 ns
[2021-05-03T06:05:48.436+0000][7][gc          ] GC(196) Concurrent Cycle
[2021-05-03T06:05:48.436+0000][7][gc,marking  ] GC(196) Concurrent Clear Claimed Marks
[2021-05-03T06:05:48.436+0000][7][gc,marking  ] GC(196) Concurrent Clear Claimed Marks 0.058ms
[2021-05-03T06:05:48.436+0000][7][gc,marking  ] GC(196) Concurrent Scan Root Regions
[2021-05-03T06:05:48.438+0000][7][gc,marking  ] GC(196) Concurrent Scan Root Regions 1.568ms
[2021-05-03T06:05:48.438+0000][7][gc,marking  ] GC(196) Concurrent Mark (13890.365s)
[2021-05-03T06:05:48.438+0000][7][gc,marking  ] GC(196) Concurrent Mark From Roots
[2021-05-03T06:05:48.438+0000][7][gc,task     ] GC(196) Using 2 workers of 2 for marking
[2021-05-03T06:05:48.548+0000][7][gc,marking  ] GC(196) Concurrent Mark From Roots 110.810ms
[2021-05-03T06:05:48.548+0000][7][gc,marking  ] GC(196) Concurrent Preclean
[2021-05-03T06:05:48.549+0000][7][gc,marking  ] GC(196) Concurrent Preclean 0.197ms
[2021-05-03T06:05:48.549+0000][7][gc,marking  ] GC(196) Concurrent Mark (13890.365s, 13890.476s) 111.059ms
[2021-05-03T06:05:48.549+0000][7][gc,start    ] GC(196) Pause Remark
[2021-05-03T06:05:48.554+0000][7][gc          ] GC(196) Pause Remark 119M->119M(256M) 5.443ms
[2021-05-03T06:05:48.554+0000][7][gc,cpu      ] GC(196) User=0.03s Sys=0.00s Real=0.01s
[2021-05-03T06:05:48.554+0000][7][safepoint   ] Safepoint "G1Concurrent", Time since last: 112833509 ns, Reaching safepoint: 119442 ns, At safepoint: 5518749 ns, Total: 5638191 ns
[2021-05-03T06:05:48.554+0000][7][gc,marking  ] GC(196) Concurrent Rebuild Remembered Sets
[2021-05-03T06:05:48.607+0000][7][gc,marking  ] GC(196) Concurrent Rebuild Remembered Sets 53.107ms
[2021-05-03T06:05:48.608+0000][7][gc,start    ] GC(196) Pause Cleanup
[2021-05-03T06:05:48.608+0000][7][gc          ] GC(196) Pause Cleanup 119M->119M(256M) 0.057ms
[2021-05-03T06:05:48.608+0000][7][gc,cpu      ] GC(196) User=0.00s Sys=0.00s Real=0.00s
[2021-05-03T06:05:48.608+0000][7][safepoint   ] Safepoint "G1Concurrent", Time since last: 53232606 ns, Reaching safepoint: 99563 ns, At safepoint: 105745 ns, Total: 205308 ns
[2021-05-03T06:05:48.608+0000][7][gc,marking  ] GC(196) Concurrent Cleanup for Next Mark
[2021-05-03T06:05:48.608+0000][7][gc,marking  ] GC(196) Concurrent Cleanup for Next Mark 0.166ms
[2021-05-03T06:05:48.608+0000][7][gc          ] GC(196) Concurrent Cycle 172.083ms
[2021-05-03T06:06:05.612+0000][7][safepoint   ] Safepoint "Cleanup", Time since last: 17003929581 ns, Reaching safepoint: 112790 ns, At safepoint: 6581 ns, Total: 119371 ns
[2021-05-03T06:06:39.617+0000][7][safepoint   ] Safepoint "Cleanup", Time since last: 34004774677 ns, Reaching safepoint: 102865 ns, At safepoint: 6006 ns, Total: 108871 ns
[2021-05-03T06:07:42.629+0000][7][safepoint   ] Safepoint "Cleanup", Time since last: 63012475599 ns, Reaching safepoint: 100819 ns, At safepoint: 5321 ns, Total: 106140 ns
[2021-05-03T06:08:09.013+0000][7][gc,start    ] GC(197) Pause Young (Normal) (G1 Evacuation Pause)
[2021-05-03T06:08:09.013+0000][7][gc,task     ] GC(197) Using 6 workers of 8 for evacuation
[2021-05-03T06:08:09.013+0000][7][gc,age      ] GC(197) Desired survivor size 6291456 bytes, new threshold 15 (max threshold 15)
[2021-05-03T06:08:09.015+0000][7][gc,age      ] GC(197) Age table with threshold 15 (max threshold 15)
[2021-05-03T06:08:09.015+0000][7][gc,age      ] GC(197) - age   1:     509960 bytes,     509960 total
[2021-05-03T06:08:09.015+0000][7][gc,age      ] GC(197) - age   2:     284856 bytes,     794816 total
[2021-05-03T06:08:09.015+0000][7][gc,age      ] GC(197) - age   3:        736 bytes,     795552 total
[2021-05-03T06:08:09.015+0000][7][gc,age      ] GC(197) - age   4:       1272 bytes,     796824 total
[2021-05-03T06:08:09.015+0000][7][gc,age      ] GC(197) - age   5:       3520 bytes,     800344 total
[2021-05-03T06:08:09.015+0000][7][gc,age      ] GC(197) - age   6:      26624 bytes,     826968 total
[2021-05-03T06:08:09.015+0000][7][gc,age      ] GC(197) - age   7:     358896 bytes,    1185864 total
[2021-05-03T06:08:09.015+0000][7][gc,age      ] GC(197) - age   9:        128 bytes,    1185992 total
[2021-05-03T06:08:09.015+0000][7][gc,age      ] GC(197) - age  10:        568 bytes,    1186560 total
[2021-05-03T06:08:09.015+0000][7][gc,age      ] GC(197) - age  11:        432 bytes,    1186992 total
[2021-05-03T06:08:09.015+0000][7][gc,age      ] GC(197) - age  12:       4952 bytes,    1191944 total
[2021-05-03T06:08:09.015+0000][7][gc,age      ] GC(197) - age  13:        416 bytes,    1192360 total
[2021-05-03T06:08:09.015+0000][7][gc,age      ] GC(197) - age  14:        744 bytes,    1193104 total
[2021-05-03T06:08:09.015+0000][7][gc,age      ] GC(197) - age  15:      19008 bytes,    1212112 total
[2021-05-03T06:08:09.015+0000][7][gc,phases   ] GC(197)   Pre Evacuate Collection Set: 0.0ms
[2021-05-03T06:08:09.015+0000][7][gc,phases   ] GC(197)   Merge Heap Roots: 0.0ms
[2021-05-03T06:08:09.015+0000][7][gc,phases   ] GC(197)   Evacuate Collection Set: 1.0ms
[2021-05-03T06:08:09.015+0000][7][gc,phases   ] GC(197)   Post Evacuate Collection Set: 0.5ms
[2021-05-03T06:08:09.015+0000][7][gc,phases   ] GC(197)   Other: 0.2ms
[2021-05-03T06:08:09.015+0000][7][gc,heap     ] GC(197) Eden regions: 22->0(22)
[2021-05-03T06:08:09.015+0000][7][gc,heap     ] GC(197) Survivor regions: 1->1(3)
[2021-05-03T06:08:09.015+0000][7][gc,heap     ] GC(197) Old regions: 26->26
[2021-05-03T06:08:09.015+0000][7][gc,heap     ] GC(197) Archive regions: 2->2
[2021-05-03T06:08:09.015+0000][7][gc,heap     ] GC(197) Humongous regions: 2->2
[2021-05-03T06:08:09.015+0000][7][gc,metaspace] GC(197) Metaspace: 108439K(113104K)->108439K(113104K) NonClass: 94552K(97948K)->94552K(97948K) Class: 13887K(15156K)->13887K(15156K)
[2021-05-03T06:08:09.015+0000][7][gc          ] GC(197) Pause Young (Normal) (G1 Evacuation Pause) 204M->116M(256M) 1.762ms
[2021-05-03T06:08:09.015+0000][7][gc,cpu      ] GC(197) User=0.00s Sys=0.00s Real=0.00s
[2021-05-03T06:08:09.015+0000][7][safepoint   ] Safepoint "G1CollectForAllocation", Time since last: 26383535658 ns, Reaching safepoint: 155005 ns, At safepoint: 1823526 ns, Total: 1978531 ns
[2021-05-03T06:08:42.024+0000][7][safepoint   ] Safepoint "Cleanup", Time since last: 33008712797 ns, Reaching safepoint: 81466 ns, At safepoint: 5278 ns, Total: 86744 ns
[2021-05-03T06:09:19.032+0000][7][safepoint   ] Safepoint "Cleanup", Time since last: 37008592897 ns, Reaching safepoint: 104490 ns, At safepoint: 4576 ns, Total: 109066 ns
[2021-05-03T06:10:18.495+0000][7][gc,start    ] GC(198) Pause Young (Concurrent Start) (G1 Evacuation Pause)
[2021-05-03T06:10:18.495+0000][7][gc,task     ] GC(198) Using 6 workers of 8 for evacuation
[2021-05-03T06:10:18.495+0000][7][gc,age      ] GC(198) Desired survivor size 6291456 bytes, new threshold 15 (max threshold 15)
[2021-05-03T06:10:18.497+0000][7][gc,age      ] GC(198) Age table with threshold 15 (max threshold 15)
[2021-05-03T06:10:18.497+0000][7][gc,age      ] GC(198) - age   1:     478496 bytes,     478496 total
[2021-05-03T06:10:18.497+0000][7][gc,age      ] GC(198) - age   2:       1016 bytes,     479512 total
[2021-05-03T06:10:18.497+0000][7][gc,age      ] GC(198) - age   3:     163352 bytes,     642864 total
[2021-05-03T06:10:18.497+0000][7][gc,age      ] GC(198) - age   4:        688 bytes,     643552 total
[2021-05-03T06:10:18.497+0000][7][gc,age      ] GC(198) - age   5:       1152 bytes,     644704 total
[2021-05-03T06:10:18.497+0000][7][gc,age      ] GC(198) - age   6:       3520 bytes,     648224 total
[2021-05-03T06:10:18.497+0000][7][gc,age      ] GC(198) - age   7:      26624 bytes,     674848 total
[2021-05-03T06:10:18.497+0000][7][gc,age      ] GC(198) - age   8:     358896 bytes,    1033744 total
[2021-05-03T06:10:18.497+0000][7][gc,age      ] GC(198) - age  10:        128 bytes,    1033872 total
[2021-05-03T06:10:18.497+0000][7][gc,age      ] GC(198) - age  11:        568 bytes,    1034440 total
[2021-05-03T06:10:18.497+0000][7][gc,age      ] GC(198) - age  12:        432 bytes,    1034872 total
[2021-05-03T06:10:18.497+0000][7][gc,age      ] GC(198) - age  13:       4952 bytes,    1039824 total
[2021-05-03T06:10:18.497+0000][7][gc,age      ] GC(198) - age  14:        416 bytes,    1040240 total
[2021-05-03T06:10:18.497+0000][7][gc,age      ] GC(198) - age  15:        744 bytes,    1040984 total
[2021-05-03T06:10:18.497+0000][7][gc,phases   ] GC(198)   Pre Evacuate Collection Set: 0.1ms
[2021-05-03T06:10:18.497+0000][7][gc,phases   ] GC(198)   Merge Heap Roots: 0.0ms
[2021-05-03T06:10:18.497+0000][7][gc,phases   ] GC(198)   Evacuate Collection Set: 0.8ms
[2021-05-03T06:10:18.497+0000][7][gc,phases   ] GC(198)   Post Evacuate Collection Set: 0.5ms
[2021-05-03T06:10:18.497+0000][7][gc,phases   ] GC(198)   Other: 0.3ms
[2021-05-03T06:10:18.497+0000][7][gc,heap     ] GC(198) Eden regions: 22->0(22)
[2021-05-03T06:10:18.497+0000][7][gc,heap     ] GC(198) Survivor regions: 1->1(3)
[2021-05-03T06:10:18.497+0000][7][gc,heap     ] GC(198) Old regions: 26->26
[2021-05-03T06:10:18.497+0000][7][gc,heap     ] GC(198) Archive regions: 2->2
[2021-05-03T06:10:18.497+0000][7][gc,heap     ] GC(198) Humongous regions: 2->2
[2021-05-03T06:10:18.497+0000][7][gc,metaspace] GC(198) Metaspace: 108441K(113104K)->108441K(113104K) NonClass: 94554K(97948K)->94554K(97948K) Class: 13887K(15156K)->13887K(15156K)
[2021-05-03T06:10:18.497+0000][7][gc          ] GC(198) Pause Young (Concurrent Start) (G1 Evacuation Pause) 204M->116M(256M) 1.792ms
[2021-05-03T06:10:18.497+0000][7][gc,cpu      ] GC(198) User=0.01s Sys=0.00s Real=0.00s
[2021-05-03T06:10:18.497+0000][7][safepoint   ] Safepoint "G1CollectForAllocation", Time since last: 59462540522 ns, Reaching safepoint: 196649 ns, At safepoint: 1874277 ns, Total: 2070926 ns
[2021-05-03T06:10:18.497+0000][7][gc          ] GC(199) Concurrent Cycle
[2021-05-03T06:10:18.497+0000][7][gc,marking  ] GC(199) Concurrent Clear Claimed Marks
[2021-05-03T06:10:18.497+0000][7][gc,marking  ] GC(199) Concurrent Clear Claimed Marks 0.070ms
[2021-05-03T06:10:18.497+0000][7][gc,marking  ] GC(199) Concurrent Scan Root Regions
[2021-05-03T06:10:18.498+0000][7][gc,marking  ] GC(199) Concurrent Scan Root Regions 0.952ms
[2021-05-03T06:10:18.498+0000][7][gc,marking  ] GC(199) Concurrent Mark (14160.426s)
[2021-05-03T06:10:18.498+0000][7][gc,marking  ] GC(199) Concurrent Mark From Roots
[2021-05-03T06:10:18.498+0000][7][gc,task     ] GC(199) Using 2 workers of 2 for marking
[2021-05-03T06:10:18.577+0000][7][gc,marking  ] GC(199) Concurrent Mark From Roots 79.009ms
[2021-05-03T06:10:18.577+0000][7][gc,marking  ] GC(199) Concurrent Preclean
[2021-05-03T06:10:18.577+0000][7][gc,marking  ] GC(199) Concurrent Preclean 0.222ms
[2021-05-03T06:10:18.577+0000][7][gc,marking  ] GC(199) Concurrent Mark (14160.426s, 14160.505s) 79.279ms
[2021-05-03T06:10:18.577+0000][7][gc,start    ] GC(199) Pause Remark
[2021-05-03T06:10:18.583+0000][7][gc          ] GC(199) Pause Remark 118M->118M(256M) 5.400ms
[2021-05-03T06:10:18.583+0000][7][gc,cpu      ] GC(199) User=0.03s Sys=0.00s Real=0.01s
[2021-05-03T06:10:18.583+0000][7][safepoint   ] Safepoint "G1Concurrent", Time since last: 80451866 ns, Reaching safepoint: 101645 ns, At safepoint: 5484125 ns, Total: 5585770 ns
[2021-05-03T06:10:18.583+0000][7][gc,marking  ] GC(199) Concurrent Rebuild Remembered Sets
[2021-05-03T06:10:18.636+0000][7][gc,marking  ] GC(199) Concurrent Rebuild Remembered Sets 53.088ms
[2021-05-03T06:10:18.636+0000][7][gc,start    ] GC(199) Pause Cleanup
[2021-05-03T06:10:18.636+0000][7][gc          ] GC(199) Pause Cleanup 118M->118M(256M) 0.068ms
[2021-05-03T06:10:18.636+0000][7][gc,cpu      ] GC(199) User=0.00s Sys=0.00s Real=0.00s
[2021-05-03T06:10:18.636+0000][7][safepoint   ] Safepoint "G1Concurrent", Time since last: 53229305 ns, Reaching safepoint: 106940 ns, At safepoint: 107968 ns, Total: 214908 ns
[2021-05-03T06:10:18.636+0000][7][gc,marking  ] GC(199) Concurrent Cleanup for Next Mark
[2021-05-03T06:10:18.637+0000][7][gc,marking  ] GC(199) Concurrent Cleanup for Next Mark 0.207ms
[2021-05-03T06:10:18.637+0000][7][gc          ] GC(199) Concurrent Cycle 139.695ms
[2021-05-03T06:11:39.657+0000][7][safepoint   ] Safepoint "Cleanup", Time since last: 81020531184 ns, Reaching safepoint: 206607 ns, At safepoint: 6219 ns, Total: 212826 ns
[2021-05-03T06:11:42.659+0000][7][safepoint   ] Safepoint "Cleanup", Time since last: 3001380257 ns, Reaching safepoint: 117641 ns, At safepoint: 7522 ns, Total: 125163 ns
[2021-05-03T06:12:41.773+0000][7][gc,start    ] GC(200) Pause Young (Normal) (G1 Evacuation Pause)
[2021-05-03T06:12:41.773+0000][7][gc,task     ] GC(200) Using 6 workers of 8 for evacuation
[2021-05-03T06:12:41.773+0000][7][gc,age      ] GC(200) Desired survivor size 6291456 bytes, new threshold 15 (max threshold 15)
[2021-05-03T06:12:41.775+0000][7][gc,age      ] GC(200) Age table with threshold 15 (max threshold 15)
[2021-05-03T06:12:41.775+0000][7][gc,age      ] GC(200) - age   1:     509688 bytes,     509688 total
[2021-05-03T06:12:41.775+0000][7][gc,age      ] GC(200) - age   2:        504 bytes,     510192 total
[2021-05-03T06:12:41.775+0000][7][gc,age      ] GC(200) - age   3:        856 bytes,     511048 total
[2021-05-03T06:12:41.775+0000][7][gc,age      ] GC(200) - age   4:     163112 bytes,     674160 total
[2021-05-03T06:12:41.775+0000][7][gc,age      ] GC(200) - age   5:        288 bytes,     674448 total
[2021-05-03T06:12:41.775+0000][7][gc,age      ] GC(200) - age   6:       1152 bytes,     675600 total
[2021-05-03T06:12:41.775+0000][7][gc,age      ] GC(200) - age   7:       3520 bytes,     679120 total
[2021-05-03T06:12:41.775+0000][7][gc,age      ] GC(200) - age   8:      26624 bytes,     705744 total
[2021-05-03T06:12:41.775+0000][7][gc,age      ] GC(200) - age   9:     358896 bytes,    1064640 total
[2021-05-03T06:12:41.775+0000][7][gc,age      ] GC(200) - age  11:        128 bytes,    1064768 total
[2021-05-03T06:12:41.775+0000][7][gc,age      ] GC(200) - age  12:        568 bytes,    1065336 total
[2021-05-03T06:12:41.775+0000][7][gc,age      ] GC(200) - age  13:        432 bytes,    1065768 total
[2021-05-03T06:12:41.775+0000][7][gc,age      ] GC(200) - age  14:       4952 bytes,    1070720 total
[2021-05-03T06:12:41.775+0000][7][gc,age      ] GC(200) - age  15:        416 bytes,    1071136 total
[2021-05-03T06:12:41.775+0000][7][gc,phases   ] GC(200)   Pre Evacuate Collection Set: 0.1ms
[2021-05-03T06:12:41.775+0000][7][gc,phases   ] GC(200)   Merge Heap Roots: 0.1ms
[2021-05-03T06:12:41.775+0000][7][gc,phases   ] GC(200)   Evacuate Collection Set: 0.9ms
[2021-05-03T06:12:41.775+0000][7][gc,phases   ] GC(200)   Post Evacuate Collection Set: 0.4ms
[2021-05-03T06:12:41.775+0000][7][gc,phases   ] GC(200)   Other: 0.2ms
[2021-05-03T06:12:41.775+0000][7][gc,heap     ] GC(200) Eden regions: 22->0(22)
[2021-05-03T06:12:41.775+0000][7][gc,heap     ] GC(200) Survivor regions: 1->1(3)
[2021-05-03T06:12:41.775+0000][7][gc,heap     ] GC(200) Old regions: 26->26
[2021-05-03T06:12:41.775+0000][7][gc,heap     ] GC(200) Archive regions: 2->2
[2021-05-03T06:12:41.775+0000][7][gc,heap     ] GC(200) Humongous regions: 2->2
[2021-05-03T06:12:41.775+0000][7][gc,metaspace] GC(200) Metaspace: 108454K(113104K)->108454K(113104K) NonClass: 94567K(97948K)->94567K(97948K) Class: 13887K(15156K)->13887K(15156K)
[2021-05-03T06:12:41.775+0000][7][gc          ] GC(200) Pause Young (Normal) (G1 Evacuation Pause) 204M->116M(256M) 1.670ms
[2021-05-03T06:12:41.775+0000][7][gc,cpu      ] GC(200) User=0.00s Sys=0.00s Real=0.00s
[2021-05-03T06:12:41.775+0000][7][safepoint   ] Safepoint "G1CollectForAllocation", Time since last: 59114256554 ns, Reaching safepoint: 183071 ns, At safepoint: 1730722 ns, Total: 1913793 ns
[2021-05-03T06:12:42.775+0000][7][safepoint   ] Safepoint "Cleanup", Time since last: 1000467922 ns, Reaching safepoint: 107703 ns, At safepoint: 5082 ns, Total: 112785 ns
[2021-05-03T06:14:39.800+0000][7][safepoint   ] Safepoint "Cleanup", Time since last: 117024808380 ns, Reaching safepoint: 136730 ns, At safepoint: 6893 ns, Total: 143623 ns
[2021-05-03T06:14:48.553+0000][7][gc,start    ] GC(201) Pause Young (Concurrent Start) (G1 Evacuation Pause)
[2021-05-03T06:14:48.553+0000][7][gc,task     ] GC(201) Using 6 workers of 8 for evacuation
[2021-05-03T06:14:48.553+0000][7][gc,age      ] GC(201) Desired survivor size 6291456 bytes, new threshold 15 (max threshold 15)
[2021-05-03T06:14:48.555+0000][7][gc,age      ] GC(201) Age table with threshold 15 (max threshold 15)
[2021-05-03T06:14:48.555+0000][7][gc,age      ] GC(201) - age   1:     649200 bytes,     649200 total
[2021-05-03T06:14:48.555+0000][7][gc,age      ] GC(201) - age   2:       1992 bytes,     651192 total
[2021-05-03T06:14:48.555+0000][7][gc,age      ] GC(201) - age   3:        328 bytes,     651520 total
[2021-05-03T06:14:48.555+0000][7][gc,age      ] GC(201) - age   4:        736 bytes,     652256 total
[2021-05-03T06:14:48.555+0000][7][gc,age      ] GC(201) - age   5:     160616 bytes,     812872 total
[2021-05-03T06:14:48.555+0000][7][gc,age      ] GC(201) - age   6:        264 bytes,     813136 total
[2021-05-03T06:14:48.555+0000][7][gc,age      ] GC(201) - age   7:        944 bytes,     814080 total
[2021-05-03T06:14:48.555+0000][7][gc,age      ] GC(201) - age   8:       3520 bytes,     817600 total
[2021-05-03T06:14:48.555+0000][7][gc,age      ] GC(201) - age   9:      26328 bytes,     843928 total
[2021-05-03T06:14:48.555+0000][7][gc,age      ] GC(201) - age  10:     358856 bytes,    1202784 total
[2021-05-03T06:14:48.555+0000][7][gc,age      ] GC(201) - age  12:        128 bytes,    1202912 total
[2021-05-03T06:14:48.555+0000][7][gc,age      ] GC(201) - age  13:        568 bytes,    1203480 total
[2021-05-03T06:14:48.555+0000][7][gc,age      ] GC(201) - age  14:        432 bytes,    1203912 total
[2021-05-03T06:14:48.555+0000][7][gc,age      ] GC(201) - age  15:       4952 bytes,    1208864 total
[2021-05-03T06:14:48.555+0000][7][gc,phases   ] GC(201)   Pre Evacuate Collection Set: 0.1ms
[2021-05-03T06:14:48.555+0000][7][gc,phases   ] GC(201)   Merge Heap Roots: 0.0ms
[2021-05-03T06:14:48.555+0000][7][gc,phases   ] GC(201)   Evacuate Collection Set: 1.0ms
[2021-05-03T06:14:48.555+0000][7][gc,phases   ] GC(201)   Post Evacuate Collection Set: 0.3ms
[2021-05-03T06:14:48.555+0000][7][gc,phases   ] GC(201)   Other: 0.2ms
[2021-05-03T06:14:48.555+0000][7][gc,heap     ] GC(201) Eden regions: 22->0(22)
[2021-05-03T06:14:48.555+0000][7][gc,heap     ] GC(201) Survivor regions: 1->1(3)
[2021-05-03T06:14:48.555+0000][7][gc,heap     ] GC(201) Old regions: 26->26
[2021-05-03T06:14:48.555+0000][7][gc,heap     ] GC(201) Archive regions: 2->2
[2021-05-03T06:14:48.555+0000][7][gc,heap     ] GC(201) Humongous regions: 2->2
[2021-05-03T06:14:48.555+0000][7][gc,metaspace] GC(201) Metaspace: 108456K(113104K)->108456K(113104K) NonClass: 94569K(97948K)->94569K(97948K) Class: 13887K(15156K)->13887K(15156K)
[2021-05-03T06:14:48.555+0000][7][gc          ] GC(201) Pause Young (Concurrent Start) (G1 Evacuation Pause) 204M->116M(256M) 1.786ms
[2021-05-03T06:14:48.555+0000][7][gc,cpu      ] GC(201) User=0.01s Sys=0.00s Real=0.00s
[2021-05-03T06:14:48.555+0000][7][safepoint   ] Safepoint "G1CollectForAllocation", Time since last: 8752911733 ns, Reaching safepoint: 148660 ns, At safepoint: 1859734 ns, Total: 2008394 ns
[2021-05-03T06:14:48.555+0000][7][gc          ] GC(202) Concurrent Cycle
[2021-05-03T06:14:48.555+0000][7][gc,marking  ] GC(202) Concurrent Clear Claimed Marks
[2021-05-03T06:14:48.555+0000][7][gc,marking  ] GC(202) Concurrent Clear Claimed Marks 0.061ms
[2021-05-03T06:14:48.555+0000][7][gc,marking  ] GC(202) Concurrent Scan Root Regions
[2021-05-03T06:14:48.557+0000][7][gc,marking  ] GC(202) Concurrent Scan Root Regions 1.872ms
[2021-05-03T06:14:48.557+0000][7][gc,marking  ] GC(202) Concurrent Mark (14430.485s)
[2021-05-03T06:14:48.557+0000][7][gc,marking  ] GC(202) Concurrent Mark From Roots
[2021-05-03T06:14:48.557+0000][7][gc,task     ] GC(202) Using 2 workers of 2 for marking
[2021-05-03T06:14:48.638+0000][7][gc,marking  ] GC(202) Concurrent Mark From Roots 80.455ms
[2021-05-03T06:14:48.638+0000][7][gc,marking  ] GC(202) Concurrent Preclean
[2021-05-03T06:14:48.638+0000][7][gc,marking  ] GC(202) Concurrent Preclean 0.204ms
[2021-05-03T06:14:48.638+0000][7][gc,marking  ] GC(202) Concurrent Mark (14430.485s, 14430.566s) 80.711ms
[2021-05-03T06:14:48.638+0000][7][gc,start    ] GC(202) Pause Remark
[2021-05-03T06:14:48.644+0000][7][gc          ] GC(202) Pause Remark 119M->119M(256M) 5.935ms
[2021-05-03T06:14:48.644+0000][7][gc,cpu      ] GC(202) User=0.04s Sys=0.00s Real=0.01s
[2021-05-03T06:14:48.644+0000][7][safepoint   ] Safepoint "G1Concurrent", Time since last: 82763254 ns, Reaching safepoint: 148783 ns, At safepoint: 6025588 ns, Total: 6174371 ns
[2021-05-03T06:14:48.644+0000][7][gc,marking  ] GC(202) Concurrent Rebuild Remembered Sets
[2021-05-03T06:14:48.698+0000][7][gc,marking  ] GC(202) Concurrent Rebuild Remembered Sets 53.346ms
[2021-05-03T06:14:48.698+0000][7][gc,start    ] GC(202) Pause Cleanup
[2021-05-03T06:14:48.698+0000][7][gc          ] GC(202) Pause Cleanup 119M->119M(256M) 0.061ms
[2021-05-03T06:14:48.698+0000][7][gc,cpu      ] GC(202) User=0.01s Sys=0.00s Real=0.00s
[2021-05-03T06:14:48.698+0000][7][safepoint   ] Safepoint "G1Concurrent", Time since last: 53445890 ns, Reaching safepoint: 66907 ns, At safepoint: 109358 ns, Total: 176265 ns
[2021-05-03T06:14:48.698+0000][7][gc,marking  ] GC(202) Concurrent Cleanup for Next Mark
[2021-05-03T06:14:48.698+0000][7][gc,marking  ] GC(202) Concurrent Cleanup for Next Mark 0.114ms
[2021-05-03T06:14:48.698+0000][7][gc          ] GC(202) Concurrent Cycle 142.706ms
[2021-05-03T06:15:39.710+0000][7][safepoint   ] Safepoint "Cleanup", Time since last: 51011725321 ns, Reaching safepoint: 102133 ns, At safepoint: 6616 ns, Total: 108749 ns
[2021-05-03T06:15:40.710+0000][7][safepoint   ] Safepoint "Cleanup", Time since last: 1000278487 ns, Reaching safepoint: 108731 ns, At safepoint: 7221 ns, Total: 115952 ns
[2021-05-03T06:15:41.711+0000][7][safepoint   ] Safepoint "Cleanup", Time since last: 1000484281 ns, Reaching safepoint: 148619 ns, At safepoint: 6079 ns, Total: 154698 ns
[2021-05-03T06:15:42.711+0000][7][safepoint   ] Safepoint "Cleanup", Time since last: 1000300975 ns, Reaching safepoint: 165699 ns, At safepoint: 8274 ns, Total: 173973 ns
[2021-05-03T06:16:09.718+0000][7][safepoint   ] Safepoint "Cleanup", Time since last: 27007078204 ns, Reaching safepoint: 103279 ns, At safepoint: 6236 ns, Total: 109515 ns
[2021-05-03T06:16:36.870+0000][7][gc,start    ] GC(203) Pause Young (Normal) (G1 Evacuation Pause)
[2021-05-03T06:16:36.870+0000][7][gc,task     ] GC(203) Using 6 workers of 8 for evacuation
[2021-05-03T06:16:36.870+0000][7][gc,age      ] GC(203) Desired survivor size 6291456 bytes, new threshold 15 (max threshold 15)
[2021-05-03T06:16:36.871+0000][7][gc,age      ] GC(203) Age table with threshold 15 (max threshold 15)
[2021-05-03T06:16:36.871+0000][7][gc,age      ] GC(203) - age   1:     805448 bytes,     805448 total
[2021-05-03T06:16:36.871+0000][7][gc,age      ] GC(203) - age   2:       8264 bytes,     813712 total
[2021-05-03T06:16:36.871+0000][7][gc,age      ] GC(203) - age   3:       1808 bytes,     815520 total
[2021-05-03T06:16:36.872+0000][7][gc,age      ] GC(203) - age   4:        256 bytes,     815776 total
[2021-05-03T06:16:36.872+0000][7][gc,age      ] GC(203) - age   5:        448 bytes,     816224 total
[2021-05-03T06:16:36.872+0000][7][gc,age      ] GC(203) - age   6:      11048 bytes,     827272 total
[2021-05-03T06:16:36.872+0000][7][gc,age      ] GC(203) - age   7:        264 bytes,     827536 total
[2021-05-03T06:16:36.872+0000][7][gc,age      ] GC(203) - age   8:        904 bytes,     828440 total
[2021-05-03T06:16:36.872+0000][7][gc,age      ] GC(203) - age   9:       3520 bytes,     831960 total
[2021-05-03T06:16:36.872+0000][7][gc,age      ] GC(203) - age  10:      21640 bytes,     853600 total
[2021-05-03T06:16:36.872+0000][7][gc,age      ] GC(203) - age  11:     358856 bytes,    1212456 total
[2021-05-03T06:16:36.872+0000][7][gc,age      ] GC(203) - age  13:        128 bytes,    1212584 total
[2021-05-03T06:16:36.872+0000][7][gc,age      ] GC(203) - age  14:        568 bytes,    1213152 total
[2021-05-03T06:16:36.872+0000][7][gc,age      ] GC(203) - age  15:        432 bytes,    1213584 total
[2021-05-03T06:16:36.872+0000][7][gc,phases   ] GC(203)   Pre Evacuate Collection Set: 0.1ms
[2021-05-03T06:16:36.872+0000][7][gc,phases   ] GC(203)   Merge Heap Roots: 0.1ms
[2021-05-03T06:16:36.872+0000][7][gc,phases   ] GC(203)   Evacuate Collection Set: 0.9ms
[2021-05-03T06:16:36.872+0000][7][gc,phases   ] GC(203)   Post Evacuate Collection Set: 0.4ms
[2021-05-03T06:16:36.872+0000][7][gc,phases   ] GC(203)   Other: 0.2ms
[2021-05-03T06:16:36.872+0000][7][gc,heap     ] GC(203) Eden regions: 22->0(22)
[2021-05-03T06:16:36.872+0000][7][gc,heap     ] GC(203) Survivor regions: 1->1(3)
[2021-05-03T06:16:36.872+0000][7][gc,heap     ] GC(203) Old regions: 26->26
[2021-05-03T06:16:36.872+0000][7][gc,heap     ] GC(203) Archive regions: 2->2
[2021-05-03T06:16:36.872+0000][7][gc,heap     ] GC(203) Humongous regions: 2->2
[2021-05-03T06:16:36.872+0000][7][gc,metaspace] GC(203) Metaspace: 108483K(113360K)->108483K(113360K) NonClass: 94596K(98204K)->94596K(98204K) Class: 13887K(15156K)->13887K(15156K)
[2021-05-03T06:16:36.872+0000][7][gc          ] GC(203) Pause Young (Normal) (G1 Evacuation Pause) 204M->116M(256M) 1.695ms
[2021-05-03T06:16:36.872+0000][7][gc,cpu      ] GC(203) User=0.01s Sys=0.00s Real=0.00s
[2021-05-03T06:16:36.872+0000][7][safepoint   ] Safepoint "G1CollectForAllocation", Time since last: 27151451707 ns, Reaching safepoint: 137812 ns, At safepoint: 1755217 ns, Total: 1893029 ns
[2021-05-03T06:18:18.896+0000][7][safepoint   ] Safepoint "Cleanup", Time since last: 102024242438 ns, Reaching safepoint: 157839 ns, At safepoint: 5599 ns, Total: 163438 ns
[2021-05-03T06:18:42.905+0000][7][safepoint   ] Safepoint "Cleanup", Time since last: 24008385853 ns, Reaching safepoint: 101722 ns, At safepoint: 5797 ns, Total: 107519 ns
[2021-05-03T06:18:56.927+0000][7][gc,start    ] GC(204) Pause Young (Concurrent Start) (G1 Evacuation Pause)
[2021-05-03T06:18:56.927+0000][7][gc,task     ] GC(204) Using 6 workers of 8 for evacuation
[2021-05-03T06:18:56.927+0000][7][gc,age      ] GC(204) Desired survivor size 6291456 bytes, new threshold 15 (max threshold 15)
[2021-05-03T06:18:56.929+0000][7][gc,age      ] GC(204) Age table with threshold 15 (max threshold 15)
[2021-05-03T06:18:56.929+0000][7][gc,age      ] GC(204) - age   1:     509728 bytes,     509728 total
[2021-05-03T06:18:56.929+0000][7][gc,age      ] GC(204) - age   2:     302288 bytes,     812016 total
[2021-05-03T06:18:56.929+0000][7][gc,age      ] GC(204) - age   3:       7424 bytes,     819440 total
[2021-05-03T06:18:56.929+0000][7][gc,age      ] GC(204) - age   4:       1688 bytes,     821128 total
[2021-05-03T06:18:56.929+0000][7][gc,age      ] GC(204) - age   5:        256 bytes,     821384 total
[2021-05-03T06:18:56.929+0000][7][gc,age      ] GC(204) - age   6:        424 bytes,     821808 total
[2021-05-03T06:18:56.929+0000][7][gc,age      ] GC(204) - age   7:      11048 bytes,     832856 total
[2021-05-03T06:18:56.929+0000][7][gc,age      ] GC(204) - age   8:        264 bytes,     833120 total
[2021-05-03T06:18:56.929+0000][7][gc,age      ] GC(204) - age   9:        808 bytes,     833928 total
[2021-05-03T06:18:56.929+0000][7][gc,age      ] GC(204) - age  10:       3520 bytes,     837448 total
[2021-05-03T06:18:56.929+0000][7][gc,age      ] GC(204) - age  11:      21600 bytes,     859048 total
[2021-05-03T06:18:56.929+0000][7][gc,age      ] GC(204) - age  12:     358856 bytes,    1217904 total
[2021-05-03T06:18:56.929+0000][7][gc,age      ] GC(204) - age  14:        128 bytes,    1218032 total
[2021-05-03T06:18:56.929+0000][7][gc,age      ] GC(204) - age  15:        568 bytes,    1218600 total
[2021-05-03T06:18:56.929+0000][7][gc,phases   ] GC(204)   Pre Evacuate Collection Set: 0.1ms
[2021-05-03T06:18:56.929+0000][7][gc,phases   ] GC(204)   Merge Heap Roots: 0.0ms
[2021-05-03T06:18:56.929+0000][7][gc,phases   ] GC(204)   Evacuate Collection Set: 0.9ms
[2021-05-03T06:18:56.929+0000][7][gc,phases   ] GC(204)   Post Evacuate Collection Set: 0.5ms
[2021-05-03T06:18:56.929+0000][7][gc,phases   ] GC(204)   Other: 0.2ms
[2021-05-03T06:18:56.929+0000][7][gc,heap     ] GC(204) Eden regions: 22->0(22)
[2021-05-03T06:18:56.929+0000][7][gc,heap     ] GC(204) Survivor regions: 1->1(3)
[2021-05-03T06:18:56.929+0000][7][gc,heap     ] GC(204) Old regions: 26->26
[2021-05-03T06:18:56.929+0000][7][gc,heap     ] GC(204) Archive regions: 2->2
[2021-05-03T06:18:56.929+0000][7][gc,heap     ] GC(204) Humongous regions: 2->2
[2021-05-03T06:18:56.929+0000][7][gc,metaspace] GC(204) Metaspace: 108487K(113360K)->108487K(113360K) NonClass: 94600K(98204K)->94600K(98204K) Class: 13887K(15156K)->13887K(15156K)
[2021-05-03T06:18:56.929+0000][7][gc          ] GC(204) Pause Young (Concurrent Start) (G1 Evacuation Pause) 204M->116M(256M) 1.818ms
[2021-05-03T06:18:56.929+0000][7][gc,cpu      ] GC(204) User=0.00s Sys=0.00s Real=0.00s
[2021-05-03T06:18:56.929+0000][7][gc          ] GC(205) Concurrent Cycle
[2021-05-03T06:18:56.929+0000][7][safepoint   ] Safepoint "G1CollectForAllocation", Time since last: 14022635486 ns, Reaching safepoint: 153039 ns, At safepoint: 1886852 ns, Total: 2039891 ns
[2021-05-03T06:18:56.929+0000][7][gc,marking  ] GC(205) Concurrent Clear Claimed Marks
[2021-05-03T06:18:56.929+0000][7][gc,marking  ] GC(205) Concurrent Clear Claimed Marks 0.059ms
[2021-05-03T06:18:56.929+0000][7][gc,marking  ] GC(205) Concurrent Scan Root Regions
[2021-05-03T06:18:56.931+0000][7][gc,marking  ] GC(205) Concurrent Scan Root Regions 1.416ms
[2021-05-03T06:18:56.931+0000][7][gc,marking  ] GC(205) Concurrent Mark (14678.858s)
[2021-05-03T06:18:56.931+0000][7][gc,marking  ] GC(205) Concurrent Mark From Roots
[2021-05-03T06:18:56.931+0000][7][gc,task     ] GC(205) Using 2 workers of 2 for marking
[2021-05-03T06:18:57.010+0000][7][gc,marking  ] GC(205) Concurrent Mark From Roots 79.604ms
[2021-05-03T06:18:57.010+0000][7][gc,marking  ] GC(205) Concurrent Preclean
[2021-05-03T06:18:57.011+0000][7][gc,marking  ] GC(205) Concurrent Preclean 0.202ms
[2021-05-03T06:18:57.011+0000][7][gc,marking  ] GC(205) Concurrent Mark (14678.858s, 14678.938s) 79.855ms
[2021-05-03T06:18:57.011+0000][7][gc,start    ] GC(205) Pause Remark
[2021-05-03T06:18:57.016+0000][7][gc          ] GC(205) Pause Remark 118M->118M(256M) 5.675ms
[2021-05-03T06:18:57.016+0000][7][gc,cpu      ] GC(205) User=0.03s Sys=0.00s Real=0.01s
[2021-05-03T06:18:57.016+0000][7][safepoint   ] Safepoint "G1Concurrent", Time since last: 81390254 ns, Reaching safepoint: 91274 ns, At safepoint: 5756513 ns, Total: 5847787 ns
[2021-05-03T06:18:57.017+0000][7][gc,marking  ] GC(205) Concurrent Rebuild Remembered Sets
[2021-05-03T06:18:57.069+0000][7][gc,marking  ] GC(205) Concurrent Rebuild Remembered Sets 52.750ms
[2021-05-03T06:18:57.070+0000][7][gc,start    ] GC(205) Pause Cleanup
[2021-05-03T06:18:57.070+0000][7][gc          ] GC(205) Pause Cleanup 118M->118M(256M) 0.072ms
[2021-05-03T06:18:57.070+0000][7][gc,cpu      ] GC(205) User=0.00s Sys=0.00s Real=0.00s
[2021-05-03T06:18:57.070+0000][7][safepoint   ] Safepoint "G1Concurrent", Time since last: 52820700 ns, Reaching safepoint: 185024 ns, At safepoint: 111971 ns, Total: 296995 ns
[2021-05-03T06:18:57.070+0000][7][gc,marking  ] GC(205) Concurrent Cleanup for Next Mark
[2021-05-03T06:18:57.070+0000][7][gc,marking  ] GC(205) Concurrent Cleanup for Next Mark 0.129ms
[2021-05-03T06:18:57.070+0000][7][gc          ] GC(205) Concurrent Cycle 140.560ms
[2021-05-03T06:19:35.079+0000][7][safepoint   ] Safepoint "Cleanup", Time since last: 38009054794 ns, Reaching safepoint: 150283 ns, At safepoint: 7032 ns, Total: 157315 ns
[2021-05-03T06:21:06.105+0000][7][safepoint   ] Safepoint "Cleanup", Time since last: 91026143900 ns, Reaching safepoint: 111131 ns, At safepoint: 5781 ns, Total: 116912 ns
[2021-05-03T06:21:06.982+0000][7][gc,start    ] GC(206) Pause Young (Normal) (G1 Evacuation Pause)
[2021-05-03T06:21:06.982+0000][7][gc,task     ] GC(206) Using 6 workers of 8 for evacuation
[2021-05-03T06:21:06.983+0000][7][gc,age      ] GC(206) Desired survivor size 6291456 bytes, new threshold 15 (max threshold 15)
[2021-05-03T06:21:06.984+0000][7][gc,age      ] GC(206) Age table with threshold 15 (max threshold 15)
[2021-05-03T06:21:06.984+0000][7][gc,age      ] GC(206) - age   1:     549608 bytes,     549608 total
[2021-05-03T06:21:06.984+0000][7][gc,age      ] GC(206) - age   2:        728 bytes,     550336 total
[2021-05-03T06:21:06.984+0000][7][gc,age      ] GC(206) - age   3:     180664 bytes,     731000 total
[2021-05-03T06:21:06.984+0000][7][gc,age      ] GC(206) - age   4:       7272 bytes,     738272 total
[2021-05-03T06:21:06.984+0000][7][gc,age      ] GC(206) - age   5:       1352 bytes,     739624 total
[2021-05-03T06:21:06.984+0000][7][gc,age      ] GC(206) - age   6:        200 bytes,     739824 total
[2021-05-03T06:21:06.984+0000][7][gc,age      ] GC(206) - age   7:        424 bytes,     740248 total
[2021-05-03T06:21:06.984+0000][7][gc,age      ] GC(206) - age   8:      11048 bytes,     751296 total
[2021-05-03T06:21:06.984+0000][7][gc,age      ] GC(206) - age   9:        264 bytes,     751560 total
[2021-05-03T06:21:06.984+0000][7][gc,age      ] GC(206) - age  10:        808 bytes,     752368 total
[2021-05-03T06:21:06.984+0000][7][gc,age      ] GC(206) - age  11:       3488 bytes,     755856 total
[2021-05-03T06:21:06.984+0000][7][gc,age      ] GC(206) - age  12:      21600 bytes,     777456 total
[2021-05-03T06:21:06.984+0000][7][gc,age      ] GC(206) - age  13:     358856 bytes,    1136312 total
[2021-05-03T06:21:06.984+0000][7][gc,age      ] GC(206) - age  15:        128 bytes,    1136440 total
[2021-05-03T06:21:06.984+0000][7][gc,phases   ] GC(206)   Pre Evacuate Collection Set: 0.0ms
[2021-05-03T06:21:06.984+0000][7][gc,phases   ] GC(206)   Merge Heap Roots: 0.0ms
[2021-05-03T06:21:06.984+0000][7][gc,phases   ] GC(206)   Evacuate Collection Set: 0.9ms
[2021-05-03T06:21:06.984+0000][7][gc,phases   ] GC(206)   Post Evacuate Collection Set: 0.5ms
[2021-05-03T06:21:06.984+0000][7][gc,phases   ] GC(206)   Other: 0.2ms
[2021-05-03T06:21:06.984+0000][7][gc,heap     ] GC(206) Eden regions: 22->0(22)
[2021-05-03T06:21:06.984+0000][7][gc,heap     ] GC(206) Survivor regions: 1->1(3)
[2021-05-03T06:21:06.984+0000][7][gc,heap     ] GC(206) Old regions: 26->26
[2021-05-03T06:21:06.984+0000][7][gc,heap     ] GC(206) Archive regions: 2->2
[2021-05-03T06:21:06.984+0000][7][gc,heap     ] GC(206) Humongous regions: 2->2
[2021-05-03T06:21:06.984+0000][7][gc,metaspace] GC(206) Metaspace: 108487K(113360K)->108487K(113360K) NonClass: 94600K(98204K)->94600K(98204K) Class: 13887K(15156K)->13887K(15156K)
[2021-05-03T06:21:06.984+0000][7][gc          ] GC(206) Pause Young (Normal) (G1 Evacuation Pause) 204M->116M(256M) 1.763ms
[2021-05-03T06:21:06.984+0000][7][gc,cpu      ] GC(206) User=0.01s Sys=0.01s Real=0.00s
[2021-05-03T06:21:06.984+0000][7][safepoint   ] Safepoint "G1CollectForAllocation", Time since last: 877223582 ns, Reaching safepoint: 108448 ns, At safepoint: 1823350 ns, Total: 1931798 ns
[2021-05-03T06:21:35.992+0000][7][safepoint   ] Safepoint "Cleanup", Time since last: 29007245642 ns, Reaching safepoint: 114103 ns, At safepoint: 5073 ns, Total: 119176 ns
[2021-05-03T06:22:43.012+0000][7][safepoint   ] Safepoint "Cleanup", Time since last: 67019974914 ns, Reaching safepoint: 100604 ns, At safepoint: 7384 ns, Total: 107988 ns
[2021-05-03T06:23:27.039+0000][7][gc,start    ] GC(207) Pause Young (Concurrent Start) (G1 Evacuation Pause)
[2021-05-03T06:23:27.039+0000][7][gc,task     ] GC(207) Using 6 workers of 8 for evacuation
[2021-05-03T06:23:27.039+0000][7][gc,age      ] GC(207) Desired survivor size 6291456 bytes, new threshold 15 (max threshold 15)
[2021-05-03T06:23:27.041+0000][7][gc,age      ] GC(207) Age table with threshold 15 (max threshold 15)
[2021-05-03T06:23:27.041+0000][7][gc,age      ] GC(207) - age   1:     507656 bytes,     507656 total
[2021-05-03T06:23:27.041+0000][7][gc,age      ] GC(207) - age   2:      35120 bytes,     542776 total
[2021-05-03T06:23:27.041+0000][7][gc,age      ] GC(207) - age   3:        728 bytes,     543504 total
[2021-05-03T06:23:27.041+0000][7][gc,age      ] GC(207) - age   4:     180640 bytes,     724144 total
[2021-05-03T06:23:27.041+0000][7][gc,age      ] GC(207) - age   5:       7112 bytes,     731256 total
[2021-05-03T06:23:27.041+0000][7][gc,age      ] GC(207) - age   6:       1352 bytes,     732608 total
[2021-05-03T06:23:27.041+0000][7][gc,age      ] GC(207) - age   8:        384 bytes,     732992 total
[2021-05-03T06:23:27.041+0000][7][gc,age      ] GC(207) - age   9:      11048 bytes,     744040 total
[2021-05-03T06:23:27.041+0000][7][gc,age      ] GC(207) - age  10:        264 bytes,     744304 total
[2021-05-03T06:23:27.041+0000][7][gc,age      ] GC(207) - age  11:        768 bytes,     745072 total
[2021-05-03T06:23:27.041+0000][7][gc,age      ] GC(207) - age  12:       3488 bytes,     748560 total
[2021-05-03T06:23:27.041+0000][7][gc,age      ] GC(207) - age  13:      21600 bytes,     770160 total
[2021-05-03T06:23:27.041+0000][7][gc,age      ] GC(207) - age  14:     358856 bytes,    1129016 total
[2021-05-03T06:23:27.041+0000][7][gc,phases   ] GC(207)   Pre Evacuate Collection Set: 0.1ms
[2021-05-03T06:23:27.041+0000][7][gc,phases   ] GC(207)   Merge Heap Roots: 0.0ms
[2021-05-03T06:23:27.041+0000][7][gc,phases   ] GC(207)   Evacuate Collection Set: 1.1ms
[2021-05-03T06:23:27.041+0000][7][gc,phases   ] GC(207)   Post Evacuate Collection Set: 0.4ms
[2021-05-03T06:23:27.041+0000][7][gc,phases   ] GC(207)   Other: 0.2ms
[2021-05-03T06:23:27.041+0000][7][gc,heap     ] GC(207) Eden regions: 22->0(22)
[2021-05-03T06:23:27.041+0000][7][gc,heap     ] GC(207) Survivor regions: 1->1(3)
[2021-05-03T06:23:27.041+0000][7][gc,heap     ] GC(207) Old regions: 26->26
[2021-05-03T06:23:27.041+0000][7][gc,heap     ] GC(207) Archive regions: 2->2
[2021-05-03T06:23:27.041+0000][7][gc,heap     ] GC(207) Humongous regions: 2->2
[2021-05-03T06:23:27.041+0000][7][gc,metaspace] GC(207) Metaspace: 108488K(113360K)->108488K(113360K) NonClass: 94601K(98204K)->94601K(98204K) Class: 13887K(15156K)->13887K(15156K)
[2021-05-03T06:23:27.041+0000][7][gc          ] GC(207) Pause Young (Concurrent Start) (G1 Evacuation Pause) 204M->116M(256M) 1.919ms
[2021-05-03T06:23:27.041+0000][7][gc,cpu      ] GC(207) User=0.01s Sys=0.00s Real=0.01s
[2021-05-03T06:23:27.041+0000][7][safepoint   ] Safepoint "G1CollectForAllocation", Time since last: 44026956706 ns, Reaching safepoint: 103370 ns, At safepoint: 1985081 ns, Total: 2088451 ns
[2021-05-03T06:23:27.041+0000][7][gc          ] GC(208) Concurrent Cycle
[2021-05-03T06:23:27.041+0000][7][gc,marking  ] GC(208) Concurrent Clear Claimed Marks
[2021-05-03T06:23:27.041+0000][7][gc,marking  ] GC(208) Concurrent Clear Claimed Marks 0.052ms
[2021-05-03T06:23:27.041+0000][7][gc,marking  ] GC(208) Concurrent Scan Root Regions
[2021-05-03T06:23:27.042+0000][7][gc,marking  ] GC(208) Concurrent Scan Root Regions 1.450ms
[2021-05-03T06:23:27.042+0000][7][gc,marking  ] GC(208) Concurrent Mark (14948.970s)
[2021-05-03T06:23:27.042+0000][7][gc,marking  ] GC(208) Concurrent Mark From Roots
[2021-05-03T06:23:27.042+0000][7][gc,task     ] GC(208) Using 2 workers of 2 for marking
[2021-05-03T06:23:27.122+0000][7][gc,marking  ] GC(208) Concurrent Mark From Roots 79.886ms
[2021-05-03T06:23:27.122+0000][7][gc,marking  ] GC(208) Concurrent Preclean
[2021-05-03T06:23:27.122+0000][7][gc,marking  ] GC(208) Concurrent Preclean 0.215ms
[2021-05-03T06:23:27.122+0000][7][gc,marking  ] GC(208) Concurrent Mark (14948.970s, 14949.050s) 80.150ms
[2021-05-03T06:23:27.123+0000][7][gc,start    ] GC(208) Pause Remark
[2021-05-03T06:23:27.128+0000][7][gc          ] GC(208) Pause Remark 116M->116M(256M) 5.584ms
[2021-05-03T06:23:27.128+0000][7][gc,cpu      ] GC(208) User=0.04s Sys=0.00s Real=0.00s
[2021-05-03T06:23:27.128+0000][7][safepoint   ] Safepoint "G1Concurrent", Time since last: 81797187 ns, Reaching safepoint: 178506 ns, At safepoint: 5658015 ns, Total: 5836521 ns
[2021-05-03T06:23:27.128+0000][7][gc,marking  ] GC(208) Concurrent Rebuild Remembered Sets
[2021-05-03T06:23:27.181+0000][7][gc,marking  ] GC(208) Concurrent Rebuild Remembered Sets 52.619ms
[2021-05-03T06:23:27.181+0000][7][gc,start    ] GC(208) Pause Cleanup
[2021-05-03T06:23:27.181+0000][7][gc          ] GC(208) Pause Cleanup 116M->116M(256M) 0.070ms
[2021-05-03T06:23:27.181+0000][7][gc,cpu      ] GC(208) User=0.00s Sys=0.00s Real=0.00s
[2021-05-03T06:23:27.181+0000][7][safepoint   ] Safepoint "G1Concurrent", Time since last: 52761889 ns, Reaching safepoint: 134192 ns, At safepoint: 109805 ns, Total: 243997 ns
[2021-05-03T06:23:27.181+0000][7][gc,marking  ] GC(208) Concurrent Cleanup for Next Mark
[2021-05-03T06:23:27.182+0000][7][gc,marking  ] GC(208) Concurrent Cleanup for Next Mark 0.167ms
[2021-05-03T06:23:27.182+0000][7][gc          ] GC(208) Concurrent Cycle 140.808ms
[2021-05-03T06:23:44.187+0000][7][safepoint   ] Safepoint "Cleanup", Time since last: 17005641365 ns, Reaching safepoint: 138610 ns, At safepoint: 6658 ns, Total: 145268 ns
[2021-05-03T06:25:39.047+0000][7][gc,start    ] GC(209) Pause Young (Normal) (G1 Evacuation Pause)
[2021-05-03T06:25:39.047+0000][7][gc,task     ] GC(209) Using 6 workers of 8 for evacuation
[2021-05-03T06:25:39.047+0000][7][gc,age      ] GC(209) Desired survivor size 6291456 bytes, new threshold 15 (max threshold 15)
[2021-05-03T06:25:39.049+0000][7][gc,age      ] GC(209) Age table with threshold 15 (max threshold 15)
[2021-05-03T06:25:39.049+0000][7][gc,age      ] GC(209) - age   1:     530072 bytes,     530072 total
[2021-05-03T06:25:39.049+0000][7][gc,age      ] GC(209) - age   2:        832 bytes,     530904 total
[2021-05-03T06:25:39.049+0000][7][gc,age      ] GC(209) - age   3:      34792 bytes,     565696 total
[2021-05-03T06:25:39.049+0000][7][gc,age      ] GC(209) - age   4:        608 bytes,     566304 total
[2021-05-03T06:25:39.049+0000][7][gc,age      ] GC(209) - age   5:     180544 bytes,     746848 total
[2021-05-03T06:25:39.049+0000][7][gc,age      ] GC(209) - age   6:       4616 bytes,     751464 total
[2021-05-03T06:25:39.049+0000][7][gc,age      ] GC(209) - age   7:       1072 bytes,     752536 total
[2021-05-03T06:25:39.049+0000][7][gc,age      ] GC(209) - age   9:        384 bytes,     752920 total
[2021-05-03T06:25:39.049+0000][7][gc,age      ] GC(209) - age  10:      11048 bytes,     763968 total
[2021-05-03T06:25:39.049+0000][7][gc,age      ] GC(209) - age  11:        264 bytes,     764232 total
[2021-05-03T06:25:39.049+0000][7][gc,age      ] GC(209) - age  12:        768 bytes,     765000 total
[2021-05-03T06:25:39.049+0000][7][gc,age      ] GC(209) - age  13:       3488 bytes,     768488 total
[2021-05-03T06:25:39.049+0000][7][gc,age      ] GC(209) - age  14:      21600 bytes,     790088 total
[2021-05-03T06:25:39.049+0000][7][gc,age      ] GC(209) - age  15:     358856 bytes,    1148944 total
[2021-05-03T06:25:39.049+0000][7][gc,phases   ] GC(209)   Pre Evacuate Collection Set: 0.1ms
[2021-05-03T06:25:39.049+0000][7][gc,phases   ] GC(209)   Merge Heap Roots: 0.1ms
[2021-05-03T06:25:39.049+0000][7][gc,phases   ] GC(209)   Evacuate Collection Set: 0.9ms
[2021-05-03T06:25:39.049+0000][7][gc,phases   ] GC(209)   Post Evacuate Collection Set: 0.5ms
[2021-05-03T06:25:39.049+0000][7][gc,phases   ] GC(209)   Other: 0.2ms
[2021-05-03T06:25:39.049+0000][7][gc,heap     ] GC(209) Eden regions: 22->0(22)
[2021-05-03T06:25:39.049+0000][7][gc,heap     ] GC(209) Survivor regions: 1->1(3)
[2021-05-03T06:25:39.049+0000][7][gc,heap     ] GC(209) Old regions: 26->26
[2021-05-03T06:25:39.049+0000][7][gc,heap     ] GC(209) Archive regions: 2->2
[2021-05-03T06:25:39.049+0000][7][gc,heap     ] GC(209) Humongous regions: 2->2
[2021-05-03T06:25:39.049+0000][7][gc,metaspace] GC(209) Metaspace: 108494K(113360K)->108494K(113360K) NonClass: 94607K(98204K)->94607K(98204K) Class: 13887K(15156K)->13887K(15156K)
[2021-05-03T06:25:39.049+0000][7][gc          ] GC(209) Pause Young (Normal) (G1 Evacuation Pause) 204M->116M(256M) 1.845ms
[2021-05-03T06:25:39.049+0000][7][gc,cpu      ] GC(209) User=0.01s Sys=0.00s Real=0.00s
[2021-05-03T06:25:39.049+0000][7][safepoint   ] Safepoint "G1CollectForAllocation", Time since last: 114859756830 ns, Reaching safepoint: 156817 ns, At safepoint: 1916506 ns, Total: 2073323 ns
[2021-05-03T06:25:41.794+0000][7][safepoint   ] Safepoint "Cleanup", Time since last: 2744658149 ns, Reaching safepoint: 120418 ns, At safepoint: 6195 ns, Total: 126613 ns
[2021-05-03T06:25:42.794+0000][7][safepoint   ] Safepoint "Cleanup", Time since last: 1000227115 ns, Reaching safepoint: 121065 ns, At safepoint: 7470 ns, Total: 128535 ns
[2021-05-03T06:27:27.132+0000][7][gc,start    ] GC(210) Pause Young (Concurrent Start) (G1 Evacuation Pause)
[2021-05-03T06:27:27.132+0000][7][gc,task     ] GC(210) Using 6 workers of 8 for evacuation
[2021-05-03T06:27:27.132+0000][7][gc,age      ] GC(210) Desired survivor size 6291456 bytes, new threshold 15 (max threshold 15)
[2021-05-03T06:27:27.134+0000][7][gc,age      ] GC(210) Age table with threshold 15 (max threshold 15)
[2021-05-03T06:27:27.134+0000][7][gc,age      ] GC(210) - age   1:     778408 bytes,     778408 total
[2021-05-03T06:27:27.134+0000][7][gc,age      ] GC(210) - age   2:       3296 bytes,     781704 total
[2021-05-03T06:27:27.134+0000][7][gc,age      ] GC(210) - age   3:        536 bytes,     782240 total
[2021-05-03T06:27:27.134+0000][7][gc,age      ] GC(210) - age   4:      34552 bytes,     816792 total
[2021-05-03T06:27:27.134+0000][7][gc,age      ] GC(210) - age   5:        560 bytes,     817352 total
[2021-05-03T06:27:27.134+0000][7][gc,age      ] GC(210) - age   6:       5408 bytes,     822760 total
[2021-05-03T06:27:27.134+0000][7][gc,age      ] GC(210) - age   7:       4616 bytes,     827376 total
[2021-05-03T06:27:27.134+0000][7][gc,age      ] GC(210) - age   8:       1072 bytes,     828448 total
[2021-05-03T06:27:27.134+0000][7][gc,age      ] GC(210) - age  10:        384 bytes,     828832 total
[2021-05-03T06:27:27.134+0000][7][gc,age      ] GC(210) - age  11:      10072 bytes,     838904 total
[2021-05-03T06:27:27.134+0000][7][gc,age      ] GC(210) - age  12:        264 bytes,     839168 total
[2021-05-03T06:27:27.134+0000][7][gc,age      ] GC(210) - age  13:        768 bytes,     839936 total
[2021-05-03T06:27:27.134+0000][7][gc,age      ] GC(210) - age  14:       3488 bytes,     843424 total
[2021-05-03T06:27:27.134+0000][7][gc,age      ] GC(210) - age  15:      21328 bytes,     864752 total
[2021-05-03T06:27:27.134+0000][7][gc,phases   ] GC(210)   Pre Evacuate Collection Set: 0.1ms
[2021-05-03T06:27:27.134+0000][7][gc,phases   ] GC(210)   Merge Heap Roots: 0.0ms
[2021-05-03T06:27:27.134+0000][7][gc,phases   ] GC(210)   Evacuate Collection Set: 0.8ms
[2021-05-03T06:27:27.134+0000][7][gc,phases   ] GC(210)   Post Evacuate Collection Set: 0.5ms
[2021-05-03T06:27:27.134+0000][7][gc,phases   ] GC(210)   Other: 0.2ms
[2021-05-03T06:27:27.134+0000][7][gc,heap     ] GC(210) Eden regions: 22->0(21)
[2021-05-03T06:27:27.134+0000][7][gc,heap     ] GC(210) Survivor regions: 1->1(3)
[2021-05-03T06:27:27.134+0000][7][gc,heap     ] GC(210) Old regions: 26->27
[2021-05-03T06:27:27.134+0000][7][gc,heap     ] GC(210) Archive regions: 2->2
[2021-05-03T06:27:27.134+0000][7][gc,heap     ] GC(210) Humongous regions: 2->2
[2021-05-03T06:27:27.134+0000][7][gc,metaspace] GC(210) Metaspace: 108527K(113360K)->108527K(113360K) NonClass: 94640K(98204K)->94640K(98204K) Class: 13887K(15156K)->13887K(15156K)
[2021-05-03T06:27:27.134+0000][7][gc          ] GC(210) Pause Young (Concurrent Start) (G1 Evacuation Pause) 204M->116M(256M) 1.732ms
[2021-05-03T06:27:27.134+0000][7][gc,cpu      ] GC(210) User=0.01s Sys=0.00s Real=0.00s
[2021-05-03T06:27:27.134+0000][7][safepoint   ] Safepoint "G1CollectForAllocation", Time since last: 104337827216 ns, Reaching safepoint: 185038 ns, At safepoint: 1799901 ns, Total: 1984939 ns
[2021-05-03T06:27:27.134+0000][7][gc          ] GC(211) Concurrent Cycle
[2021-05-03T06:27:27.134+0000][7][gc,marking  ] GC(211) Concurrent Clear Claimed Marks
[2021-05-03T06:27:27.134+0000][7][gc,marking  ] GC(211) Concurrent Clear Claimed Marks 0.051ms
[2021-05-03T06:27:27.134+0000][7][gc,marking  ] GC(211) Concurrent Scan Root Regions
[2021-05-03T06:27:27.135+0000][7][gc,marking  ] GC(211) Concurrent Scan Root Regions 1.443ms
[2021-05-03T06:27:27.135+0000][7][gc,marking  ] GC(211) Concurrent Mark (15189.063s)
[2021-05-03T06:27:27.135+0000][7][gc,marking  ] GC(211) Concurrent Mark From Roots
[2021-05-03T06:27:27.135+0000][7][gc,task     ] GC(211) Using 2 workers of 2 for marking
[2021-05-03T06:27:27.215+0000][7][gc,marking  ] GC(211) Concurrent Mark From Roots 79.057ms
[2021-05-03T06:27:27.215+0000][7][gc,marking  ] GC(211) Concurrent Preclean
[2021-05-03T06:27:27.215+0000][7][gc,marking  ] GC(211) Concurrent Preclean 0.204ms
[2021-05-03T06:27:27.215+0000][7][gc,marking  ] GC(211) Concurrent Mark (15189.063s, 15189.142s) 79.311ms
[2021-05-03T06:27:27.215+0000][7][gc,start    ] GC(211) Pause Remark
[2021-05-03T06:27:27.220+0000][7][gc          ] GC(211) Pause Remark 117M->117M(256M) 5.358ms
[2021-05-03T06:27:27.220+0000][7][gc,cpu      ] GC(211) User=0.03s Sys=0.00s Real=0.01s
[2021-05-03T06:27:27.220+0000][7][safepoint   ] Safepoint "G1Concurrent", Time since last: 80880833 ns, Reaching safepoint: 107914 ns, At safepoint: 5434249 ns, Total: 5542163 ns
[2021-05-03T06:27:27.220+0000][7][gc,marking  ] GC(211) Concurrent Rebuild Remembered Sets
[2021-05-03T06:27:27.273+0000][7][gc,marking  ] GC(211) Concurrent Rebuild Remembered Sets 52.958ms
[2021-05-03T06:27:27.274+0000][7][gc,start    ] GC(211) Pause Cleanup
[2021-05-03T06:27:27.274+0000][7][gc          ] GC(211) Pause Cleanup 117M->117M(256M) 0.068ms
[2021-05-03T06:27:27.274+0000][7][gc,cpu      ] GC(211) User=0.00s Sys=0.00s Real=0.00s
[2021-05-03T06:27:27.274+0000][7][safepoint   ] Safepoint "G1Concurrent", Time since last: 53028968 ns, Reaching safepoint: 100940 ns, At safepoint: 106269 ns, Total: 207209 ns
[2021-05-03T06:27:27.274+0000][7][gc,marking  ] GC(211) Concurrent Cleanup for Next Mark
[2021-05-03T06:27:27.274+0000][7][gc,marking  ] GC(211) Concurrent Cleanup for Next Mark 0.192ms
[2021-05-03T06:27:27.274+0000][7][gc          ] GC(211) Concurrent Cycle 139.883ms
[2021-05-03T06:27:42.279+0000][7][safepoint   ] Safepoint "Cleanup", Time since last: 15005333720 ns, Reaching safepoint: 111087 ns, At safepoint: 5877 ns, Total: 116964 ns
[2021-05-03T06:28:09.284+0000][7][safepoint   ] Safepoint "Cleanup", Time since last: 27005211597 ns, Reaching safepoint: 111350 ns, At safepoint: 6045 ns, Total: 117395 ns
[2021-05-03T06:28:42.294+0000][7][safepoint   ] Safepoint "Cleanup", Time since last: 33009109802 ns, Reaching safepoint: 124987 ns, At safepoint: 7744 ns, Total: 132731 ns
[2021-05-03T06:29:39.301+0000][7][safepoint   ] Safepoint "Cleanup", Time since last: 57007078155 ns, Reaching safepoint: 166828 ns, At safepoint: 8526 ns, Total: 175354 ns
[2021-05-03T06:29:42.026+0000][7][gc,start    ] GC(212) Pause Young (Normal) (G1 Evacuation Pause)
[2021-05-03T06:29:42.026+0000][7][gc,task     ] GC(212) Using 6 workers of 8 for evacuation
[2021-05-03T06:29:42.026+0000][7][gc,age      ] GC(212) Desired survivor size 6291456 bytes, new threshold 15 (max threshold 15)
[2021-05-03T06:29:42.028+0000][7][gc,age      ] GC(212) Age table with threshold 15 (max threshold 15)
[2021-05-03T06:29:42.028+0000][7][gc,age      ] GC(212) - age   1:     553208 bytes,     553208 total
[2021-05-03T06:29:42.028+0000][7][gc,age      ] GC(212) - age   2:     273128 bytes,     826336 total
[2021-05-03T06:29:42.028+0000][7][gc,age      ] GC(212) - age   3:       3144 bytes,     829480 total
[2021-05-03T06:29:42.028+0000][7][gc,age      ] GC(212) - age   4:        488 bytes,     829968 total
[2021-05-03T06:29:42.028+0000][7][gc,age      ] GC(212) - age   5:      34552 bytes,     864520 total
[2021-05-03T06:29:42.028+0000][7][gc,age      ] GC(212) - age   6:        560 bytes,     865080 total
[2021-05-03T06:29:42.028+0000][7][gc,age      ] GC(212) - age   7:       5384 bytes,     870464 total
[2021-05-03T06:29:42.028+0000][7][gc,age      ] GC(212) - age   8:       4408 bytes,     874872 total
[2021-05-03T06:29:42.028+0000][7][gc,age      ] GC(212) - age   9:       1072 bytes,     875944 total
[2021-05-03T06:29:42.028+0000][7][gc,age      ] GC(212) - age  11:        384 bytes,     876328 total
[2021-05-03T06:29:42.028+0000][7][gc,age      ] GC(212) - age  12:      10072 bytes,     886400 total
[2021-05-03T06:29:42.028+0000][7][gc,age      ] GC(212) - age  13:        264 bytes,     886664 total
[2021-05-03T06:29:42.028+0000][7][gc,age      ] GC(212) - age  14:        768 bytes,     887432 total
[2021-05-03T06:29:42.028+0000][7][gc,age      ] GC(212) - age  15:       3488 bytes,     890920 total
[2021-05-03T06:29:42.028+0000][7][gc,phases   ] GC(212)   Pre Evacuate Collection Set: 0.0ms
[2021-05-03T06:29:42.028+0000][7][gc,phases   ] GC(212)   Merge Heap Roots: 0.0ms
[2021-05-03T06:29:42.028+0000][7][gc,phases   ] GC(212)   Evacuate Collection Set: 0.8ms
[2021-05-03T06:29:42.028+0000][7][gc,phases   ] GC(212)   Post Evacuate Collection Set: 0.5ms
[2021-05-03T06:29:42.028+0000][7][gc,phases   ] GC(212)   Other: 0.2ms
[2021-05-03T06:29:42.028+0000][7][gc,heap     ] GC(212) Eden regions: 21->0(21)
[2021-05-03T06:29:42.028+0000][7][gc,heap     ] GC(212) Survivor regions: 1->1(3)
[2021-05-03T06:29:42.028+0000][7][gc,heap     ] GC(212) Old regions: 27->27
[2021-05-03T06:29:42.028+0000][7][gc,heap     ] GC(212) Archive regions: 2->2
[2021-05-03T06:29:42.028+0000][7][gc,heap     ] GC(212) Humongous regions: 2->2
[2021-05-03T06:29:42.028+0000][7][gc,metaspace] GC(212) Metaspace: 108611K(113360K)->108611K(113360K) NonClass: 94724K(98204K)->94724K(98204K) Class: 13887K(15156K)->13887K(15156K)
[2021-05-03T06:29:42.028+0000][7][gc          ] GC(212) Pause Young (Normal) (G1 Evacuation Pause) 200M->116M(256M) 1.668ms
[2021-05-03T06:29:42.028+0000][7][gc,cpu      ] GC(212) User=0.00s Sys=0.00s Real=0.00s
[2021-05-03T06:29:42.028+0000][7][safepoint   ] Safepoint "G1CollectForAllocation", Time since last: 2725180562 ns, Reaching safepoint: 80016 ns, At safepoint: 1727668 ns, Total: 1807684 ns
[2021-05-03T06:30:14.035+0000][7][safepoint   ] Safepoint "Cleanup", Time since last: 32007015362 ns, Reaching safepoint: 98560 ns, At safepoint: 6114 ns, Total: 104674 ns
[2021-05-03T06:30:42.043+0000][7][safepoint   ] Safepoint "Cleanup", Time since last: 28007713159 ns, Reaching safepoint: 98682 ns, At safepoint: 6175 ns, Total: 104857 ns
[2021-05-03T06:31:14.052+0000][7][safepoint   ] Safepoint "Cleanup", Time since last: 32008846731 ns, Reaching safepoint: 106126 ns, At safepoint: 8449 ns, Total: 114575 ns
[2021-05-03T06:31:47.238+0000][7][gc,start    ] GC(213) Pause Young (Concurrent Start) (G1 Evacuation Pause)
[2021-05-03T06:31:47.238+0000][7][gc,task     ] GC(213) Using 6 workers of 8 for evacuation
[2021-05-03T06:31:47.238+0000][7][gc,age      ] GC(213) Desired survivor size 6291456 bytes, new threshold 15 (max threshold 15)
[2021-05-03T06:31:47.239+0000][7][gc,age      ] GC(213) Age table with threshold 15 (max threshold 15)
[2021-05-03T06:31:47.239+0000][7][gc,age      ] GC(213) - age   1:     520104 bytes,     520104 total
[2021-05-03T06:31:47.239+0000][7][gc,age      ] GC(213) - age   2:       1104 bytes,     521208 total
[2021-05-03T06:31:47.239+0000][7][gc,age      ] GC(213) - age   3:     151616 bytes,     672824 total
[2021-05-03T06:31:47.239+0000][7][gc,age      ] GC(213) - age   4:       3088 bytes,     675912 total
[2021-05-03T06:31:47.239+0000][7][gc,age      ] GC(213) - age   5:        368 bytes,     676280 total
[2021-05-03T06:31:47.239+0000][7][gc,age      ] GC(213) - age   6:      34552 bytes,     710832 total
[2021-05-03T06:31:47.239+0000][7][gc,age      ] GC(213) - age   7:        560 bytes,     711392 total
[2021-05-03T06:31:47.239+0000][7][gc,age      ] GC(213) - age   8:       5344 bytes,     716736 total
[2021-05-03T06:31:47.239+0000][7][gc,age      ] GC(213) - age   9:       4408 bytes,     721144 total
[2021-05-03T06:31:47.239+0000][7][gc,age      ] GC(213) - age  10:       1072 bytes,     722216 total
[2021-05-03T06:31:47.239+0000][7][gc,age      ] GC(213) - age  12:        384 bytes,     722600 total
[2021-05-03T06:31:47.239+0000][7][gc,age      ] GC(213) - age  13:      10072 bytes,     732672 total
[2021-05-03T06:31:47.239+0000][7][gc,age      ] GC(213) - age  14:        264 bytes,     732936 total
[2021-05-03T06:31:47.239+0000][7][gc,age      ] GC(213) - age  15:        768 bytes,     733704 total
[2021-05-03T06:31:47.239+0000][7][gc,phases   ] GC(213)   Pre Evacuate Collection Set: 0.1ms
[2021-05-03T06:31:47.239+0000][7][gc,phases   ] GC(213)   Merge Heap Roots: 0.0ms
[2021-05-03T06:31:47.239+0000][7][gc,phases   ] GC(213)   Evacuate Collection Set: 0.8ms
[2021-05-03T06:31:47.239+0000][7][gc,phases   ] GC(213)   Post Evacuate Collection Set: 0.6ms
[2021-05-03T06:31:47.239+0000][7][gc,phases   ] GC(213)   Other: 0.2ms
[2021-05-03T06:31:47.239+0000][7][gc,heap     ] GC(213) Eden regions: 21->0(21)
[2021-05-03T06:31:47.239+0000][7][gc,heap     ] GC(213) Survivor regions: 1->1(3)
[2021-05-03T06:31:47.239+0000][7][gc,heap     ] GC(213) Old regions: 27->27
[2021-05-03T06:31:47.239+0000][7][gc,heap     ] GC(213) Archive regions: 2->2
[2021-05-03T06:31:47.239+0000][7][gc,heap     ] GC(213) Humongous regions: 2->2
[2021-05-03T06:31:47.239+0000][7][gc,metaspace] GC(213) Metaspace: 108675K(113360K)->108675K(113360K) NonClass: 94788K(98204K)->94788K(98204K) Class: 13887K(15156K)->13887K(15156K)
[2021-05-03T06:31:47.239+0000][7][gc          ] GC(213) Pause Young (Concurrent Start) (G1 Evacuation Pause) 200M->116M(256M) 1.853ms
[2021-05-03T06:31:47.239+0000][7][gc,cpu      ] GC(213) User=0.01s Sys=0.00s Real=0.00s
[2021-05-03T06:31:47.240+0000][7][safepoint   ] Safepoint "G1CollectForAllocation", Time since last: 33185649117 ns, Reaching safepoint: 171822 ns, At safepoint: 1916706 ns, Total: 2088528 ns
[2021-05-03T06:31:47.240+0000][7][gc          ] GC(214) Concurrent Cycle
[2021-05-03T06:31:47.240+0000][7][gc,marking  ] GC(214) Concurrent Clear Claimed Marks
[2021-05-03T06:31:47.240+0000][7][gc,marking  ] GC(214) Concurrent Clear Claimed Marks 0.042ms
[2021-05-03T06:31:47.240+0000][7][gc,marking  ] GC(214) Concurrent Scan Root Regions
[2021-05-03T06:31:47.241+0000][7][gc,marking  ] GC(214) Concurrent Scan Root Regions 1.191ms
[2021-05-03T06:31:47.241+0000][7][gc,marking  ] GC(214) Concurrent Mark (15449.168s)
[2021-05-03T06:31:47.241+0000][7][gc,marking  ] GC(214) Concurrent Mark From Roots
[2021-05-03T06:31:47.241+0000][7][gc,task     ] GC(214) Using 2 workers of 2 for marking
[2021-05-03T06:31:47.326+0000][7][gc,marking  ] GC(214) Concurrent Mark From Roots 85.080ms
[2021-05-03T06:31:47.326+0000][7][gc,marking  ] GC(214) Concurrent Preclean
[2021-05-03T06:31:47.326+0000][7][gc,marking  ] GC(214) Concurrent Preclean 0.197ms
[2021-05-03T06:31:47.326+0000][7][gc,marking  ] GC(214) Concurrent Mark (15449.168s, 15449.254s) 85.327ms
[2021-05-03T06:31:47.326+0000][7][gc,start    ] GC(214) Pause Remark
[2021-05-03T06:31:47.332+0000][7][gc          ] GC(214) Pause Remark 117M->117M(256M) 5.336ms
[2021-05-03T06:31:47.332+0000][7][gc,cpu      ] GC(214) User=0.03s Sys=0.01s Real=0.00s
[2021-05-03T06:31:47.332+0000][7][safepoint   ] Safepoint "G1Concurrent", Time since last: 86707044 ns, Reaching safepoint: 93752 ns, At safepoint: 5406600 ns, Total: 5500352 ns
[2021-05-03T06:31:47.332+0000][7][gc,marking  ] GC(214) Concurrent Rebuild Remembered Sets
[2021-05-03T06:31:47.385+0000][7][gc,marking  ] GC(214) Concurrent Rebuild Remembered Sets 53.267ms
[2021-05-03T06:31:47.385+0000][7][gc,start    ] GC(214) Pause Cleanup
[2021-05-03T06:31:47.385+0000][7][gc          ] GC(214) Pause Cleanup 117M->117M(256M) 0.064ms
[2021-05-03T06:31:47.385+0000][7][gc,cpu      ] GC(214) User=0.00s Sys=0.00s Real=0.00s
[2021-05-03T06:31:47.385+0000][7][safepoint   ] Safepoint "G1Concurrent", Time since last: 53347588 ns, Reaching safepoint: 80765 ns, At safepoint: 115653 ns, Total: 196418 ns
[2021-05-03T06:31:47.385+0000][7][gc,marking  ] GC(214) Concurrent Cleanup for Next Mark
[2021-05-03T06:31:47.385+0000][7][gc,marking  ] GC(214) Concurrent Cleanup for Next Mark 0.177ms
[2021-05-03T06:31:47.386+0000][7][gc          ] GC(214) Concurrent Cycle 145.959ms
[2021-05-03T06:33:42.417+0000][7][safepoint   ] Safepoint "Cleanup", Time since last: 115032033664 ns, Reaching safepoint: 111157 ns, At safepoint: 5530 ns, Total: 116687 ns
[2021-05-03T06:33:44.418+0000][7][safepoint   ] Safepoint "Cleanup", Time since last: 2000899697 ns, Reaching safepoint: 125291 ns, At safepoint: 5857 ns, Total: 131148 ns
[2021-05-03T06:33:49.420+0000][7][safepoint   ] Safepoint "Cleanup", Time since last: 5001769744 ns, Reaching safepoint: 105116 ns, At safepoint: 5590 ns, Total: 110706 ns
[2021-05-03T06:33:57.296+0000][7][gc,start    ] GC(215) Pause Young (Normal) (G1 Evacuation Pause)
[2021-05-03T06:33:57.296+0000][7][gc,task     ] GC(215) Using 6 workers of 8 for evacuation
[2021-05-03T06:33:57.296+0000][7][gc,age      ] GC(215) Desired survivor size 6291456 bytes, new threshold 15 (max threshold 15)
[2021-05-03T06:33:57.298+0000][7][gc,age      ] GC(215) Age table with threshold 15 (max threshold 15)
[2021-05-03T06:33:57.298+0000][7][gc,age      ] GC(215) - age   1:     507008 bytes,     507008 total
[2021-05-03T06:33:57.298+0000][7][gc,age      ] GC(215) - age   2:       1736 bytes,     508744 total
[2021-05-03T06:33:57.298+0000][7][gc,age      ] GC(215) - age   3:        824 bytes,     509568 total
[2021-05-03T06:33:57.298+0000][7][gc,age      ] GC(215) - age   4:     151520 bytes,     661088 total
[2021-05-03T06:33:57.298+0000][7][gc,age      ] GC(215) - age   5:       3088 bytes,     664176 total
[2021-05-03T06:33:57.298+0000][7][gc,age      ] GC(215) - age   6:        208 bytes,     664384 total
[2021-05-03T06:33:57.298+0000][7][gc,age      ] GC(215) - age   7:      34552 bytes,     698936 total
[2021-05-03T06:33:57.298+0000][7][gc,age      ] GC(215) - age   8:        560 bytes,     699496 total
[2021-05-03T06:33:57.298+0000][7][gc,age      ] GC(215) - age   9:       5344 bytes,     704840 total
[2021-05-03T06:33:57.298+0000][7][gc,age      ] GC(215) - age  10:       4408 bytes,     709248 total
[2021-05-03T06:33:57.298+0000][7][gc,age      ] GC(215) - age  11:       1072 bytes,     710320 total
[2021-05-03T06:33:57.298+0000][7][gc,age      ] GC(215) - age  13:        384 bytes,     710704 total
[2021-05-03T06:33:57.298+0000][7][gc,age      ] GC(215) - age  14:      10072 bytes,     720776 total
[2021-05-03T06:33:57.298+0000][7][gc,age      ] GC(215) - age  15:        264 bytes,     721040 total
[2021-05-03T06:33:57.298+0000][7][gc,phases   ] GC(215)   Pre Evacuate Collection Set: 0.1ms
[2021-05-03T06:33:57.298+0000][7][gc,phases   ] GC(215)   Merge Heap Roots: 0.1ms
[2021-05-03T06:33:57.298+0000][7][gc,phases   ] GC(215)   Evacuate Collection Set: 1.1ms
[2021-05-03T06:33:57.298+0000][7][gc,phases   ] GC(215)   Post Evacuate Collection Set: 0.7ms
[2021-05-03T06:33:57.298+0000][7][gc,phases   ] GC(215)   Other: 0.4ms
[2021-05-03T06:33:57.298+0000][7][gc,heap     ] GC(215) Eden regions: 21->0(21)
[2021-05-03T06:33:57.298+0000][7][gc,heap     ] GC(215) Survivor regions: 1->1(3)
[2021-05-03T06:33:57.298+0000][7][gc,heap     ] GC(215) Old regions: 27->27
[2021-05-03T06:33:57.298+0000][7][gc,heap     ] GC(215) Archive regions: 2->2
[2021-05-03T06:33:57.298+0000][7][gc,heap     ] GC(215) Humongous regions: 2->2
[2021-05-03T06:33:57.298+0000][7][gc,metaspace] GC(215) Metaspace: 108675K(113360K)->108675K(113360K) NonClass: 94788K(98204K)->94788K(98204K) Class: 13887K(15156K)->13887K(15156K)
[2021-05-03T06:33:57.298+0000][7][gc          ] GC(215) Pause Young (Normal) (G1 Evacuation Pause) 200M->116M(256M) 2.362ms
[2021-05-03T06:33:57.298+0000][7][gc,cpu      ] GC(215) User=0.00s Sys=0.00s Real=0.00s
[2021-05-03T06:33:57.298+0000][7][safepoint   ] Safepoint "G1CollectForAllocation", Time since last: 7875238001 ns, Reaching safepoint: 150585 ns, At safepoint: 2490775 ns, Total: 2641360 ns
[2021-05-03T06:34:45.306+0000][7][safepoint   ] Safepoint "Cleanup", Time since last: 48007823426 ns, Reaching safepoint: 75384 ns, At safepoint: 5282 ns, Total: 80666 ns
[2021-05-03T06:35:40.778+0000][7][gc,start    ] GC(216) Pause Young (Concurrent Start) (G1 Evacuation Pause)
[2021-05-03T06:35:40.778+0000][7][gc,task     ] GC(216) Using 6 workers of 8 for evacuation
[2021-05-03T06:35:40.778+0000][7][gc,age      ] GC(216) Desired survivor size 6291456 bytes, new threshold 15 (max threshold 15)
[2021-05-03T06:35:40.780+0000][7][gc,age      ] GC(216) Age table with threshold 15 (max threshold 15)
[2021-05-03T06:35:40.780+0000][7][gc,age      ] GC(216) - age   1:    1096288 bytes,    1096288 total
[2021-05-03T06:35:40.780+0000][7][gc,age      ] GC(216) - age   2:        752 bytes,    1097040 total
[2021-05-03T06:35:40.780+0000][7][gc,age      ] GC(216) - age   3:       1504 bytes,    1098544 total
[2021-05-03T06:35:40.780+0000][7][gc,age      ] GC(216) - age   4:        624 bytes,    1099168 total
[2021-05-03T06:35:40.780+0000][7][gc,age      ] GC(216) - age   5:      75272 bytes,    1174440 total
[2021-05-03T06:35:40.780+0000][7][gc,age      ] GC(216) - age   6:        352 bytes,    1174792 total
[2021-05-03T06:35:40.780+0000][7][gc,age      ] GC(216) - age   7:        208 bytes,    1175000 total
[2021-05-03T06:35:40.780+0000][7][gc,age      ] GC(216) - age   8:      34528 bytes,    1209528 total
[2021-05-03T06:35:40.780+0000][7][gc,age      ] GC(216) - age   9:        560 bytes,    1210088 total
[2021-05-03T06:35:40.780+0000][7][gc,age      ] GC(216) - age  10:       3216 bytes,    1213304 total
[2021-05-03T06:35:40.780+0000][7][gc,age      ] GC(216) - age  11:       4408 bytes,    1217712 total
[2021-05-03T06:35:40.780+0000][7][gc,age      ] GC(216) - age  12:       1072 bytes,    1218784 total
[2021-05-03T06:35:40.780+0000][7][gc,age      ] GC(216) - age  14:        384 bytes,    1219168 total
[2021-05-03T06:35:40.780+0000][7][gc,age      ] GC(216) - age  15:      10072 bytes,    1229240 total
[2021-05-03T06:35:40.780+0000][7][gc,phases   ] GC(216)   Pre Evacuate Collection Set: 0.1ms
[2021-05-03T06:35:40.780+0000][7][gc,phases   ] GC(216)   Merge Heap Roots: 0.1ms
[2021-05-03T06:35:40.780+0000][7][gc,phases   ] GC(216)   Evacuate Collection Set: 1.0ms
[2021-05-03T06:35:40.780+0000][7][gc,phases   ] GC(216)   Post Evacuate Collection Set: 0.4ms
[2021-05-03T06:35:40.780+0000][7][gc,phases   ] GC(216)   Other: 0.3ms
[2021-05-03T06:35:40.780+0000][7][gc,heap     ] GC(216) Eden regions: 21->0(21)
[2021-05-03T06:35:40.780+0000][7][gc,heap     ] GC(216) Survivor regions: 1->1(3)
[2021-05-03T06:35:40.780+0000][7][gc,heap     ] GC(216) Old regions: 27->27
[2021-05-03T06:35:40.780+0000][7][gc,heap     ] GC(216) Archive regions: 2->2
[2021-05-03T06:35:40.780+0000][7][gc,heap     ] GC(216) Humongous regions: 2->2
[2021-05-03T06:35:40.780+0000][7][gc,metaspace] GC(216) Metaspace: 108695K(113360K)->108695K(113360K) NonClass: 94808K(98204K)->94808K(98204K) Class: 13887K(15156K)->13887K(15156K)
[2021-05-03T06:35:40.780+0000][7][gc          ] GC(216) Pause Young (Concurrent Start) (G1 Evacuation Pause) 200M->117M(256M) 2.032ms
[2021-05-03T06:35:40.780+0000][7][gc,cpu      ] GC(216) User=0.01s Sys=0.00s Real=0.01s
[2021-05-03T06:35:40.780+0000][7][gc          ] GC(217) Concurrent Cycle
[2021-05-03T06:35:40.780+0000][7][safepoint   ] Safepoint "G1CollectForAllocation", Time since last: 55471947367 ns, Reaching safepoint: 91013 ns, At safepoint: 2108513 ns, Total: 2199526 ns
[2021-05-03T06:35:40.780+0000][7][gc,marking  ] GC(217) Concurrent Clear Claimed Marks
[2021-05-03T06:35:40.780+0000][7][gc,marking  ] GC(217) Concurrent Clear Claimed Marks 0.091ms
[2021-05-03T06:35:40.780+0000][7][gc,marking  ] GC(217) Concurrent Scan Root Regions
[2021-05-03T06:35:40.782+0000][7][gc,marking  ] GC(217) Concurrent Scan Root Regions 2.049ms
[2021-05-03T06:35:40.782+0000][7][gc,marking  ] GC(217) Concurrent Mark (15682.710s)
[2021-05-03T06:35:40.782+0000][7][gc,marking  ] GC(217) Concurrent Mark From Roots
[2021-05-03T06:35:40.782+0000][7][gc,task     ] GC(217) Using 2 workers of 2 for marking
[2021-05-03T06:35:40.862+0000][7][gc,marking  ] GC(217) Concurrent Mark From Roots 79.452ms
[2021-05-03T06:35:40.862+0000][7][gc,marking  ] GC(217) Concurrent Preclean
[2021-05-03T06:35:40.862+0000][7][gc,marking  ] GC(217) Concurrent Preclean 0.208ms
[2021-05-03T06:35:40.862+0000][7][gc,marking  ] GC(217) Concurrent Mark (15682.710s, 15682.790s) 79.708ms
[2021-05-03T06:35:40.862+0000][7][gc,start    ] GC(217) Pause Remark
[2021-05-03T06:35:40.868+0000][7][gc          ] GC(217) Pause Remark 122M->122M(256M) 5.345ms
[2021-05-03T06:35:40.868+0000][7][gc,cpu      ] GC(217) User=0.03s Sys=0.00s Real=0.00s
[2021-05-03T06:35:40.868+0000][7][safepoint   ] Safepoint "G1Concurrent", Time since last: 81920289 ns, Reaching safepoint: 90948 ns, At safepoint: 5423593 ns, Total: 5514541 ns
[2021-05-03T06:35:40.868+0000][7][gc,marking  ] GC(217) Concurrent Rebuild Remembered Sets
[2021-05-03T06:35:40.920+0000][7][gc,marking  ] GC(217) Concurrent Rebuild Remembered Sets 52.603ms
[2021-05-03T06:35:40.921+0000][7][gc,start    ] GC(217) Pause Cleanup
[2021-05-03T06:35:40.921+0000][7][gc          ] GC(217) Pause Cleanup 123M->123M(256M) 0.075ms
[2021-05-03T06:35:40.921+0000][7][gc,cpu      ] GC(217) User=0.00s Sys=0.00s Real=0.00s
[2021-05-03T06:35:40.921+0000][7][safepoint   ] Safepoint "G1Concurrent", Time since last: 52673554 ns, Reaching safepoint: 149658 ns, At safepoint: 114901 ns, Total: 264559 ns
[2021-05-03T06:35:40.921+0000][7][gc,marking  ] GC(217) Concurrent Cleanup for Next Mark
[2021-05-03T06:35:40.921+0000][7][gc,marking  ] GC(217) Concurrent Cleanup for Next Mark 0.128ms
[2021-05-03T06:35:40.921+0000][7][gc          ] GC(217) Concurrent Cycle 140.540ms
[2021-05-03T06:36:13.929+0000][7][safepoint   ] Safepoint "Cleanup", Time since last: 33008177536 ns, Reaching safepoint: 165215 ns, At safepoint: 6158 ns, Total: 171373 ns
[2021-05-03T06:37:46.386+0000][7][gc,start    ] GC(218) Pause Young (Normal) (G1 Evacuation Pause)
[2021-05-03T06:37:46.386+0000][7][gc,task     ] GC(218) Using 6 workers of 8 for evacuation
[2021-05-03T06:37:46.386+0000][7][gc,age      ] GC(218) Desired survivor size 6291456 bytes, new threshold 15 (max threshold 15)
[2021-05-03T06:37:46.387+0000][7][gc,age      ] GC(218) Age table with threshold 15 (max threshold 15)
[2021-05-03T06:37:46.387+0000][7][gc,age      ] GC(218) - age   1:     547952 bytes,     547952 total
[2021-05-03T06:37:46.387+0000][7][gc,age      ] GC(218) - age   2:     267968 bytes,     815920 total
[2021-05-03T06:37:46.387+0000][7][gc,age      ] GC(218) - age   3:        632 bytes,     816552 total
[2021-05-03T06:37:46.387+0000][7][gc,age      ] GC(218) - age   4:       1504 bytes,     818056 total
[2021-05-03T06:37:46.387+0000][7][gc,age      ] GC(218) - age   5:        624 bytes,     818680 total
[2021-05-03T06:37:46.387+0000][7][gc,age      ] GC(218) - age   6:       1824 bytes,     820504 total
[2021-05-03T06:37:46.387+0000][7][gc,age      ] GC(218) - age   7:        328 bytes,     820832 total
[2021-05-03T06:37:46.387+0000][7][gc,age      ] GC(218) - age   8:        208 bytes,     821040 total
[2021-05-03T06:37:46.387+0000][7][gc,age      ] GC(218) - age   9:      34528 bytes,     855568 total
[2021-05-03T06:37:46.387+0000][7][gc,age      ] GC(218) - age  10:        264 bytes,     855832 total
[2021-05-03T06:37:46.387+0000][7][gc,age      ] GC(218) - age  11:        888 bytes,     856720 total
[2021-05-03T06:37:46.387+0000][7][gc,age      ] GC(218) - age  12:       4408 bytes,     861128 total
[2021-05-03T06:37:46.387+0000][7][gc,age      ] GC(218) - age  13:       1072 bytes,     862200 total
[2021-05-03T06:37:46.387+0000][7][gc,age      ] GC(218) - age  15:        384 bytes,     862584 total
[2021-05-03T06:37:46.387+0000][7][gc,phases   ] GC(218)   Pre Evacuate Collection Set: 0.1ms
[2021-05-03T06:37:46.387+0000][7][gc,phases   ] GC(218)   Merge Heap Roots: 0.1ms
[2021-05-03T06:37:46.387+0000][7][gc,phases   ] GC(218)   Evacuate Collection Set: 0.9ms
[2021-05-03T06:37:46.387+0000][7][gc,phases   ] GC(218)   Post Evacuate Collection Set: 0.6ms
[2021-05-03T06:37:46.387+0000][7][gc,phases   ] GC(218)   Other: 0.2ms
[2021-05-03T06:37:46.387+0000][7][gc,heap     ] GC(218) Eden regions: 21->0(21)
[2021-05-03T06:37:46.387+0000][7][gc,heap     ] GC(218) Survivor regions: 1->1(3)
[2021-05-03T06:37:46.387+0000][7][gc,heap     ] GC(218) Old regions: 27->27
[2021-05-03T06:37:46.388+0000][7][gc,heap     ] GC(218) Archive regions: 2->2
[2021-05-03T06:37:46.388+0000][7][gc,heap     ] GC(218) Humongous regions: 2->2
[2021-05-03T06:37:46.388+0000][7][gc,metaspace] GC(218) Metaspace: 108697K(113360K)->108697K(113360K) NonClass: 94810K(98204K)->94810K(98204K) Class: 13887K(15156K)->13887K(15156K)
[2021-05-03T06:37:46.388+0000][7][gc          ] GC(218) Pause Young (Normal) (G1 Evacuation Pause) 201M->116M(256M) 1.880ms
[2021-05-03T06:37:46.388+0000][7][gc,cpu      ] GC(218) User=0.01s Sys=0.00s Real=0.00s
[2021-05-03T06:37:46.388+0000][7][safepoint   ] Safepoint "G1CollectForAllocation", Time since last: 92456527025 ns, Reaching safepoint: 149360 ns, At safepoint: 1946956 ns, Total: 2096316 ns
[2021-05-03T06:38:09.392+0000][7][safepoint   ] Safepoint "Cleanup", Time since last: 23004540885 ns, Reaching safepoint: 97341 ns, At safepoint: 7237 ns, Total: 104578 ns
[2021-05-03T06:39:48.895+0000][7][gc,start    ] GC(219) Pause Young (Concurrent Start) (G1 Evacuation Pause)
[2021-05-03T06:39:48.895+0000][7][gc,task     ] GC(219) Using 6 workers of 8 for evacuation
[2021-05-03T06:39:48.895+0000][7][gc,age      ] GC(219) Desired survivor size 6291456 bytes, new threshold 15 (max threshold 15)
[2021-05-03T06:39:48.897+0000][7][gc,age      ] GC(219) Age table with threshold 15 (max threshold 15)
[2021-05-03T06:39:48.897+0000][7][gc,age      ] GC(219) - age   1:     562336 bytes,     562336 total
[2021-05-03T06:39:48.897+0000][7][gc,age      ] GC(219) - age   2:      38464 bytes,     600800 total
[2021-05-03T06:39:48.897+0000][7][gc,age      ] GC(219) - age   3:     235528 bytes,     836328 total
[2021-05-03T06:39:48.897+0000][7][gc,age      ] GC(219) - age   4:        512 bytes,     836840 total
[2021-05-03T06:39:48.897+0000][7][gc,age      ] GC(219) - age   5:       1504 bytes,     838344 total
[2021-05-03T06:39:48.897+0000][7][gc,age      ] GC(219) - age   6:        576 bytes,     838920 total
[2021-05-03T06:39:48.897+0000][7][gc,age      ] GC(219) - age   7:       1704 bytes,     840624 total
[2021-05-03T06:39:48.897+0000][7][gc,age      ] GC(219) - age   8:        328 bytes,     840952 total
[2021-05-03T06:39:48.897+0000][7][gc,age      ] GC(219) - age   9:        128 bytes,     841080 total
[2021-05-03T06:39:48.897+0000][7][gc,age      ] GC(219) - age  10:      34528 bytes,     875608 total
[2021-05-03T06:39:48.897+0000][7][gc,age      ] GC(219) - age  11:        224 bytes,     875832 total
[2021-05-03T06:39:48.897+0000][7][gc,age      ] GC(219) - age  12:        888 bytes,     876720 total
[2021-05-03T06:39:48.897+0000][7][gc,age      ] GC(219) - age  13:       4408 bytes,     881128 total
[2021-05-03T06:39:48.897+0000][7][gc,age      ] GC(219) - age  14:       1072 bytes,     882200 total
[2021-05-03T06:39:48.897+0000][7][gc,phases   ] GC(219)   Pre Evacuate Collection Set: 0.1ms
[2021-05-03T06:39:48.897+0000][7][gc,phases   ] GC(219)   Merge Heap Roots: 0.0ms
[2021-05-03T06:39:48.897+0000][7][gc,phases   ] GC(219)   Evacuate Collection Set: 1.0ms
[2021-05-03T06:39:48.897+0000][7][gc,phases   ] GC(219)   Post Evacuate Collection Set: 0.4ms
[2021-05-03T06:39:48.897+0000][7][gc,phases   ] GC(219)   Other: 0.3ms
[2021-05-03T06:39:48.897+0000][7][gc,heap     ] GC(219) Eden regions: 21->0(21)
[2021-05-03T06:39:48.897+0000][7][gc,heap     ] GC(219) Survivor regions: 1->1(3)
[2021-05-03T06:39:48.897+0000][7][gc,heap     ] GC(219) Old regions: 27->27
[2021-05-03T06:39:48.897+0000][7][gc,heap     ] GC(219) Archive regions: 2->2
[2021-05-03T06:39:48.897+0000][7][gc,heap     ] GC(219) Humongous regions: 2->2
[2021-05-03T06:39:48.897+0000][7][gc,metaspace] GC(219) Metaspace: 108697K(113360K)->108697K(113360K) NonClass: 94810K(98204K)->94810K(98204K) Class: 13887K(15156K)->13887K(15156K)
[2021-05-03T06:39:48.897+0000][7][gc          ] GC(219) Pause Young (Concurrent Start) (G1 Evacuation Pause) 200M->116M(256M) 1.909ms
[2021-05-03T06:39:48.897+0000][7][gc,cpu      ] GC(219) User=0.00s Sys=0.00s Real=0.00s
[2021-05-03T06:39:48.897+0000][7][gc          ] GC(220) Concurrent Cycle
[2021-05-03T06:39:48.897+0000][7][safepoint   ] Safepoint "G1CollectForAllocation", Time since last: 99502793051 ns, Reaching safepoint: 143870 ns, At safepoint: 1988660 ns, Total: 2132530 ns
[2021-05-03T06:39:48.897+0000][7][gc,marking  ] GC(220) Concurrent Clear Claimed Marks
[2021-05-03T06:39:48.897+0000][7][gc,marking  ] GC(220) Concurrent Clear Claimed Marks 0.100ms
[2021-05-03T06:39:48.897+0000][7][gc,marking  ] GC(220) Concurrent Scan Root Regions
[2021-05-03T06:39:48.899+0000][7][gc,marking  ] GC(220) Concurrent Scan Root Regions 1.729ms
[2021-05-03T06:39:48.899+0000][7][gc,marking  ] GC(220) Concurrent Mark (15930.827s)
[2021-05-03T06:39:48.899+0000][7][gc,marking  ] GC(220) Concurrent Mark From Roots
[2021-05-03T06:39:48.899+0000][7][gc,task     ] GC(220) Using 2 workers of 2 for marking
[2021-05-03T06:39:48.980+0000][7][gc,marking  ] GC(220) Concurrent Mark From Roots 81.190ms
[2021-05-03T06:39:48.980+0000][7][gc,marking  ] GC(220) Concurrent Preclean
[2021-05-03T06:39:48.981+0000][7][gc,marking  ] GC(220) Concurrent Preclean 0.213ms
[2021-05-03T06:39:48.981+0000][7][gc,marking  ] GC(220) Concurrent Mark (15930.827s, 15930.908s) 81.457ms
[2021-05-03T06:39:48.981+0000][7][gc,start    ] GC(220) Pause Remark
[2021-05-03T06:39:48.986+0000][7][gc          ] GC(220) Pause Remark 120M->120M(256M) 5.656ms
[2021-05-03T06:39:48.986+0000][7][gc,cpu      ] GC(220) User=0.03s Sys=0.00s Real=0.00s
[2021-05-03T06:39:48.986+0000][7][safepoint   ] Safepoint "G1Concurrent", Time since last: 83370574 ns, Reaching safepoint: 86486 ns, At safepoint: 5738077 ns, Total: 5824563 ns
[2021-05-03T06:39:48.986+0000][7][gc,marking  ] GC(220) Concurrent Rebuild Remembered Sets
[2021-05-03T06:39:49.040+0000][7][gc,marking  ] GC(220) Concurrent Rebuild Remembered Sets 53.345ms
[2021-05-03T06:39:49.040+0000][7][gc,start    ] GC(220) Pause Cleanup
[2021-05-03T06:39:49.040+0000][7][gc          ] GC(220) Pause Cleanup 120M->120M(256M) 0.072ms
[2021-05-03T06:39:49.040+0000][7][gc,cpu      ] GC(220) User=0.00s Sys=0.00s Real=0.00s
[2021-05-03T06:39:49.040+0000][7][safepoint   ] Safepoint "G1Concurrent", Time since last: 53447079 ns, Reaching safepoint: 109087 ns, At safepoint: 113258 ns, Total: 222345 ns
[2021-05-03T06:39:49.040+0000][7][gc,marking  ] GC(220) Concurrent Cleanup for Next Mark
[2021-05-03T06:39:49.040+0000][7][gc,marking  ] GC(220) Concurrent Cleanup for Next Mark 0.150ms
[2021-05-03T06:39:49.040+0000][7][gc          ] GC(220) Concurrent Cycle 143.102ms
[2021-05-03T06:40:10.044+0000][7][safepoint   ] Safepoint "Cleanup", Time since last: 21003952559 ns, Reaching safepoint: 94298 ns, At safepoint: 6045 ns, Total: 100343 ns
[2021-05-03T06:42:04.487+0000][7][gc,start    ] GC(221) Pause Young (Normal) (G1 Evacuation Pause)
[2021-05-03T06:42:04.487+0000][7][gc,task     ] GC(221) Using 6 workers of 8 for evacuation
[2021-05-03T06:42:04.487+0000][7][gc,age      ] GC(221) Desired survivor size 6291456 bytes, new threshold 15 (max threshold 15)
[2021-05-03T06:42:04.488+0000][7][gc,age      ] GC(221) Age table with threshold 15 (max threshold 15)
[2021-05-03T06:42:04.488+0000][7][gc,age      ] GC(221) - age   1:     506304 bytes,     506304 total
[2021-05-03T06:42:04.488+0000][7][gc,age      ] GC(221) - age   2:       1136 bytes,     507440 total
[2021-05-03T06:42:04.488+0000][7][gc,age      ] GC(221) - age   3:      37824 bytes,     545264 total
[2021-05-03T06:42:04.488+0000][7][gc,age      ] GC(221) - age   4:     146616 bytes,     691880 total
[2021-05-03T06:42:04.488+0000][7][gc,age      ] GC(221) - age   5:        512 bytes,     692392 total
[2021-05-03T06:42:04.488+0000][7][gc,age      ] GC(221) - age   6:       1344 bytes,     693736 total
[2021-05-03T06:42:04.488+0000][7][gc,age      ] GC(221) - age   7:        576 bytes,     694312 total
[2021-05-03T06:42:04.488+0000][7][gc,age      ] GC(221) - age   8:       1704 bytes,     696016 total
[2021-05-03T06:42:04.488+0000][7][gc,age      ] GC(221) - age   9:        328 bytes,     696344 total
[2021-05-03T06:42:04.488+0000][7][gc,age      ] GC(221) - age  10:        128 bytes,     696472 total
[2021-05-03T06:42:04.488+0000][7][gc,age      ] GC(221) - age  11:      34528 bytes,     731000 total
[2021-05-03T06:42:04.488+0000][7][gc,age      ] GC(221) - age  12:        200 bytes,     731200 total
[2021-05-03T06:42:04.488+0000][7][gc,age      ] GC(221) - age  13:        888 bytes,     732088 total
[2021-05-03T06:42:04.488+0000][7][gc,age      ] GC(221) - age  14:       4408 bytes,     736496 total
[2021-05-03T06:42:04.488+0000][7][gc,age      ] GC(221) - age  15:       1072 bytes,     737568 total
[2021-05-03T06:42:04.488+0000][7][gc,phases   ] GC(221)   Pre Evacuate Collection Set: 0.1ms
[2021-05-03T06:42:04.488+0000][7][gc,phases   ] GC(221)   Merge Heap Roots: 0.0ms
[2021-05-03T06:42:04.488+0000][7][gc,phases   ] GC(221)   Evacuate Collection Set: 0.8ms
[2021-05-03T06:42:04.488+0000][7][gc,phases   ] GC(221)   Post Evacuate Collection Set: 0.5ms
[2021-05-03T06:42:04.488+0000][7][gc,phases   ] GC(221)   Other: 0.2ms
[2021-05-03T06:42:04.488+0000][7][gc,heap     ] GC(221) Eden regions: 21->0(21)
[2021-05-03T06:42:04.488+0000][7][gc,heap     ] GC(221) Survivor regions: 1->1(3)
[2021-05-03T06:42:04.488+0000][7][gc,heap     ] GC(221) Old regions: 27->27
[2021-05-03T06:42:04.488+0000][7][gc,heap     ] GC(221) Archive regions: 2->2
[2021-05-03T06:42:04.488+0000][7][gc,heap     ] GC(221) Humongous regions: 2->2
[2021-05-03T06:42:04.488+0000][7][gc,metaspace] GC(221) Metaspace: 108697K(113360K)->108697K(113360K) NonClass: 94810K(98204K)->94810K(98204K) Class: 13887K(15156K)->13887K(15156K)
[2021-05-03T06:42:04.488+0000][7][gc          ] GC(221) Pause Young (Normal) (G1 Evacuation Pause) 200M->116M(256M) 1.720ms
[2021-05-03T06:42:04.488+0000][7][gc,cpu      ] GC(221) User=0.01s Sys=0.00s Real=0.00s
[2021-05-03T06:42:04.488+0000][7][safepoint   ] Safepoint "G1CollectForAllocation", Time since last: 114442429480 ns, Reaching safepoint: 164137 ns, At safepoint: 1789172 ns, Total: 1953309 ns
[2021-05-03T06:43:42.515+0000][7][safepoint   ] Safepoint "Cleanup", Time since last: 98026200053 ns, Reaching safepoint: 214880 ns, At safepoint: 7086 ns, Total: 221966 ns
[2021-05-03T06:44:18.956+0000][7][gc,start    ] GC(222) Pause Young (Concurrent Start) (G1 Evacuation Pause)
[2021-05-03T06:44:18.956+0000][7][gc,task     ] GC(222) Using 6 workers of 8 for evacuation
[2021-05-03T06:44:18.956+0000][7][gc,age      ] GC(222) Desired survivor size 6291456 bytes, new threshold 15 (max threshold 15)
[2021-05-03T06:44:18.958+0000][7][gc,age      ] GC(222) Age table with threshold 15 (max threshold 15)
[2021-05-03T06:44:18.958+0000][7][gc,age      ] GC(222) - age   1:     422456 bytes,     422456 total
[2021-05-03T06:44:18.958+0000][7][gc,age      ] GC(222) - age   2:        704 bytes,     423160 total
[2021-05-03T06:44:18.958+0000][7][gc,age      ] GC(222) - age   3:        536 bytes,     423696 total
[2021-05-03T06:44:18.958+0000][7][gc,age      ] GC(222) - age   4:      37504 bytes,     461200 total
[2021-05-03T06:44:18.958+0000][7][gc,age      ] GC(222) - age   5:     146480 bytes,     607680 total
[2021-05-03T06:44:18.958+0000][7][gc,age      ] GC(222) - age   6:        512 bytes,     608192 total
[2021-05-03T06:44:18.958+0000][7][gc,age      ] GC(222) - age   7:       1344 bytes,     609536 total
[2021-05-03T06:44:18.958+0000][7][gc,age      ] GC(222) - age   8:        576 bytes,     610112 total
[2021-05-03T06:44:18.958+0000][7][gc,age      ] GC(222) - age   9:       1704 bytes,     611816 total
[2021-05-03T06:44:18.958+0000][7][gc,age      ] GC(222) - age  10:        328 bytes,     612144 total
[2021-05-03T06:44:18.958+0000][7][gc,age      ] GC(222) - age  11:        128 bytes,     612272 total
[2021-05-03T06:44:18.958+0000][7][gc,age      ] GC(222) - age  12:      34528 bytes,     646800 total
[2021-05-03T06:44:18.958+0000][7][gc,age      ] GC(222) - age  13:        200 bytes,     647000 total
[2021-05-03T06:44:18.958+0000][7][gc,age      ] GC(222) - age  14:        888 bytes,     647888 total
[2021-05-03T06:44:18.958+0000][7][gc,age      ] GC(222) - age  15:       4408 bytes,     652296 total
[2021-05-03T06:44:18.958+0000][7][gc,phases   ] GC(222)   Pre Evacuate Collection Set: 0.1ms
[2021-05-03T06:44:18.958+0000][7][gc,phases   ] GC(222)   Merge Heap Roots: 0.1ms
[2021-05-03T06:44:18.958+0000][7][gc,phases   ] GC(222)   Evacuate Collection Set: 0.9ms
[2021-05-03T06:44:18.958+0000][7][gc,phases   ] GC(222)   Post Evacuate Collection Set: 0.4ms
[2021-05-03T06:44:18.958+0000][7][gc,phases   ] GC(222)   Other: 0.3ms
[2021-05-03T06:44:18.958+0000][7][gc,heap     ] GC(222) Eden regions: 21->0(21)
[2021-05-03T06:44:18.958+0000][7][gc,heap     ] GC(222) Survivor regions: 1->1(3)
[2021-05-03T06:44:18.958+0000][7][gc,heap     ] GC(222) Old regions: 27->27
[2021-05-03T06:44:18.958+0000][7][gc,heap     ] GC(222) Archive regions: 2->2
[2021-05-03T06:44:18.958+0000][7][gc,heap     ] GC(222) Humongous regions: 2->2
[2021-05-03T06:44:18.958+0000][7][gc,metaspace] GC(222) Metaspace: 108697K(113360K)->108697K(113360K) NonClass: 94810K(98204K)->94810K(98204K) Class: 13887K(15156K)->13887K(15156K)
[2021-05-03T06:44:18.958+0000][7][gc          ] GC(222) Pause Young (Concurrent Start) (G1 Evacuation Pause) 200M->116M(256M) 1.863ms
[2021-05-03T06:44:18.958+0000][7][gc,cpu      ] GC(222) User=0.00s Sys=0.00s Real=0.00s
[2021-05-03T06:44:18.958+0000][7][safepoint   ] Safepoint "G1CollectForAllocation", Time since last: 36441252692 ns, Reaching safepoint: 166046 ns, At safepoint: 1939027 ns, Total: 2105073 ns
[2021-05-03T06:44:18.958+0000][7][gc          ] GC(223) Concurrent Cycle
[2021-05-03T06:44:18.958+0000][7][gc,marking  ] GC(223) Concurrent Clear Claimed Marks
[2021-05-03T06:44:18.958+0000][7][gc,marking  ] GC(223) Concurrent Clear Claimed Marks 0.069ms
[2021-05-03T06:44:18.958+0000][7][gc,marking  ] GC(223) Concurrent Scan Root Regions
[2021-05-03T06:44:18.960+0000][7][gc,marking  ] GC(223) Concurrent Scan Root Regions 2.122ms
[2021-05-03T06:44:18.961+0000][7][gc,marking  ] GC(223) Concurrent Mark (16200.888s)
[2021-05-03T06:44:18.961+0000][7][gc,marking  ] GC(223) Concurrent Mark From Roots
[2021-05-03T06:44:18.961+0000][7][gc,task     ] GC(223) Using 2 workers of 2 for marking
[2021-05-03T06:44:19.040+0000][7][gc,marking  ] GC(223) Concurrent Mark From Roots 79.568ms
[2021-05-03T06:44:19.040+0000][7][gc,marking  ] GC(223) Concurrent Preclean
[2021-05-03T06:44:19.040+0000][7][gc,marking  ] GC(223) Concurrent Preclean 0.255ms
[2021-05-03T06:44:19.040+0000][7][gc,marking  ] GC(223) Concurrent Mark (16200.888s, 16200.968s) 79.876ms
[2021-05-03T06:44:19.041+0000][7][gc,start    ] GC(223) Pause Remark
[2021-05-03T06:44:19.046+0000][7][gc          ] GC(223) Pause Remark 120M->120M(256M) 5.662ms
[2021-05-03T06:44:19.046+0000][7][gc,cpu      ] GC(223) User=0.03s Sys=0.00s Real=0.00s
[2021-05-03T06:44:19.046+0000][7][safepoint   ] Safepoint "G1Concurrent", Time since last: 82178102 ns, Reaching safepoint: 100282 ns, At safepoint: 5735409 ns, Total: 5835691 ns
[2021-05-03T06:44:19.046+0000][7][gc,marking  ] GC(223) Concurrent Rebuild Remembered Sets
[2021-05-03T06:44:19.100+0000][7][gc,marking  ] GC(223) Concurrent Rebuild Remembered Sets 54.093ms
[2021-05-03T06:44:19.101+0000][7][gc,start    ] GC(223) Pause Cleanup
[2021-05-03T06:44:19.101+0000][7][gc          ] GC(223) Pause Cleanup 120M->120M(256M) 0.068ms
[2021-05-03T06:44:19.101+0000][7][gc,cpu      ] GC(223) User=0.00s Sys=0.00s Real=0.00s
[2021-05-03T06:44:19.101+0000][7][safepoint   ] Safepoint "G1Concurrent", Time since last: 54238769 ns, Reaching safepoint: 186675 ns, At safepoint: 109655 ns, Total: 296330 ns
[2021-05-03T06:44:19.101+0000][7][gc,marking  ] GC(223) Concurrent Cleanup for Next Mark
[2021-05-03T06:44:19.101+0000][7][gc,marking  ] GC(223) Concurrent Cleanup for Next Mark 0.130ms
[2021-05-03T06:44:19.101+0000][7][gc          ] GC(223) Concurrent Cycle 142.696ms
[2021-05-03T06:45:41.120+0000][7][safepoint   ] Safepoint "Cleanup", Time since last: 82019162681 ns, Reaching safepoint: 135853 ns, At safepoint: 6420 ns, Total: 142273 ns
[2021-05-03T06:45:48.977+0000][7][gc,start    ] GC(224) Pause Young (Normal) (G1 Evacuation Pause)
[2021-05-03T06:45:48.977+0000][7][gc,task     ] GC(224) Using 6 workers of 8 for evacuation
[2021-05-03T06:45:48.977+0000][7][gc,age      ] GC(224) Desired survivor size 6291456 bytes, new threshold 15 (max threshold 15)
[2021-05-03T06:45:48.979+0000][7][gc,age      ] GC(224) Age table with threshold 15 (max threshold 15)
[2021-05-03T06:45:48.979+0000][7][gc,age      ] GC(224) - age   1:     846160 bytes,     846160 total
[2021-05-03T06:45:48.979+0000][7][gc,age      ] GC(224) - age   2:       1168 bytes,     847328 total
[2021-05-03T06:45:48.979+0000][7][gc,age      ] GC(224) - age   3:        552 bytes,     847880 total
[2021-05-03T06:45:48.979+0000][7][gc,age      ] GC(224) - age   4:        184 bytes,     848064 total
[2021-05-03T06:45:48.979+0000][7][gc,age      ] GC(224) - age   5:       2592 bytes,     850656 total
[2021-05-03T06:45:48.979+0000][7][gc,age      ] GC(224) - age   6:       3128 bytes,     853784 total
[2021-05-03T06:45:48.979+0000][7][gc,age      ] GC(224) - age   7:        512 bytes,     854296 total
[2021-05-03T06:45:48.979+0000][7][gc,age      ] GC(224) - age   8:       1344 bytes,     855640 total
[2021-05-03T06:45:48.979+0000][7][gc,age      ] GC(224) - age   9:        368 bytes,     856008 total
[2021-05-03T06:45:48.979+0000][7][gc,age      ] GC(224) - age  10:        416 bytes,     856424 total
[2021-05-03T06:45:48.979+0000][7][gc,age      ] GC(224) - age  11:        272 bytes,     856696 total
[2021-05-03T06:45:48.979+0000][7][gc,age      ] GC(224) - age  12:        128 bytes,     856824 total
[2021-05-03T06:45:48.979+0000][7][gc,age      ] GC(224) - age  13:      34528 bytes,     891352 total
[2021-05-03T06:45:48.979+0000][7][gc,age      ] GC(224) - age  14:        200 bytes,     891552 total
[2021-05-03T06:45:48.979+0000][7][gc,age      ] GC(224) - age  15:        888 bytes,     892440 total
[2021-05-03T06:45:48.979+0000][7][gc,phases   ] GC(224)   Pre Evacuate Collection Set: 0.0ms
[2021-05-03T06:45:48.979+0000][7][gc,phases   ] GC(224)   Merge Heap Roots: 0.0ms
[2021-05-03T06:45:48.979+0000][7][gc,phases   ] GC(224)   Evacuate Collection Set: 0.9ms
[2021-05-03T06:45:48.979+0000][7][gc,phases   ] GC(224)   Post Evacuate Collection Set: 0.4ms
[2021-05-03T06:45:48.979+0000][7][gc,phases   ] GC(224)   Other: 0.2ms
[2021-05-03T06:45:48.979+0000][7][gc,heap     ] GC(224) Eden regions: 21->0(21)
[2021-05-03T06:45:48.979+0000][7][gc,heap     ] GC(224) Survivor regions: 1->1(3)
[2021-05-03T06:45:48.979+0000][7][gc,heap     ] GC(224) Old regions: 27->27
[2021-05-03T06:45:48.979+0000][7][gc,heap     ] GC(224) Archive regions: 2->2
[2021-05-03T06:45:48.979+0000][7][gc,heap     ] GC(224) Humongous regions: 2->2
[2021-05-03T06:45:48.979+0000][7][gc,metaspace] GC(224) Metaspace: 108707K(113360K)->108707K(113360K) NonClass: 94820K(98204K)->94820K(98204K) Class: 13887K(15156K)->13887K(15156K)
[2021-05-03T06:45:48.979+0000][7][gc          ] GC(224) Pause Young (Normal) (G1 Evacuation Pause) 200M->116M(256M) 1.616ms
[2021-05-03T06:45:48.979+0000][7][gc,cpu      ] GC(224) User=0.00s Sys=0.00s Real=0.00s
[2021-05-03T06:45:48.979+0000][7][safepoint   ] Safepoint "G1CollectForAllocation", Time since last: 7857143476 ns, Reaching safepoint: 85340 ns, At safepoint: 1684537 ns, Total: 1769877 ns
[2021-05-03T06:46:42.991+0000][7][safepoint   ] Safepoint "Cleanup", Time since last: 54011643723 ns, Reaching safepoint: 130600 ns, At safepoint: 6885 ns, Total: 137485 ns
[2021-05-03T06:48:05.785+0000][7][gc,start    ] GC(225) Pause Young (Concurrent Start) (G1 Evacuation Pause)
[2021-05-03T06:48:05.785+0000][7][gc,task     ] GC(225) Using 6 workers of 8 for evacuation
[2021-05-03T06:48:05.785+0000][7][gc,age      ] GC(225) Desired survivor size 6291456 bytes, new threshold 15 (max threshold 15)
[2021-05-03T06:48:05.786+0000][7][gc,age      ] GC(225) Age table with threshold 15 (max threshold 15)
[2021-05-03T06:48:05.786+0000][7][gc,age      ] GC(225) - age   1:     516072 bytes,     516072 total
[2021-05-03T06:48:05.786+0000][7][gc,age      ] GC(225) - age   2:     277280 bytes,     793352 total
[2021-05-03T06:48:05.786+0000][7][gc,age      ] GC(225) - age   3:        864 bytes,     794216 total
[2021-05-03T06:48:05.786+0000][7][gc,age      ] GC(225) - age   4:        304 bytes,     794520 total
[2021-05-03T06:48:05.786+0000][7][gc,age      ] GC(225) - age   5:        152 bytes,     794672 total
[2021-05-03T06:48:05.786+0000][7][gc,age      ] GC(225) - age   6:       2552 bytes,     797224 total
[2021-05-03T06:48:05.786+0000][7][gc,age      ] GC(225) - age   7:       3128 bytes,     800352 total
[2021-05-03T06:48:05.786+0000][7][gc,age      ] GC(225) - age   8:        512 bytes,     800864 total
[2021-05-03T06:48:05.786+0000][7][gc,age      ] GC(225) - age   9:       1344 bytes,     802208 total
[2021-05-03T06:48:05.786+0000][7][gc,age      ] GC(225) - age  10:        344 bytes,     802552 total
[2021-05-03T06:48:05.786+0000][7][gc,age      ] GC(225) - age  11:        416 bytes,     802968 total
[2021-05-03T06:48:05.786+0000][7][gc,age      ] GC(225) - age  12:        176 bytes,     803144 total
[2021-05-03T06:48:05.786+0000][7][gc,age      ] GC(225) - age  13:        128 bytes,     803272 total
[2021-05-03T06:48:05.786+0000][7][gc,age      ] GC(225) - age  14:      34528 bytes,     837800 total
[2021-05-03T06:48:05.786+0000][7][gc,age      ] GC(225) - age  15:        200 bytes,     838000 total
[2021-05-03T06:48:05.786+0000][7][gc,phases   ] GC(225)   Pre Evacuate Collection Set: 0.1ms
[2021-05-03T06:48:05.786+0000][7][gc,phases   ] GC(225)   Merge Heap Roots: 0.0ms
[2021-05-03T06:48:05.786+0000][7][gc,phases   ] GC(225)   Evacuate Collection Set: 0.8ms
[2021-05-03T06:48:05.786+0000][7][gc,phases   ] GC(225)   Post Evacuate Collection Set: 0.5ms
[2021-05-03T06:48:05.786+0000][7][gc,phases   ] GC(225)   Other: 0.2ms
[2021-05-03T06:48:05.786+0000][7][gc,heap     ] GC(225) Eden regions: 21->0(21)
[2021-05-03T06:48:05.786+0000][7][gc,heap     ] GC(225) Survivor regions: 1->1(3)
[2021-05-03T06:48:05.786+0000][7][gc,heap     ] GC(225) Old regions: 27->27
[2021-05-03T06:48:05.786+0000][7][gc,heap     ] GC(225) Archive regions: 2->2
[2021-05-03T06:48:05.786+0000][7][gc,heap     ] GC(225) Humongous regions: 2->2
[2021-05-03T06:48:05.786+0000][7][gc,metaspace] GC(225) Metaspace: 108709K(113360K)->108709K(113360K) NonClass: 94822K(98204K)->94822K(98204K) Class: 13887K(15156K)->13887K(15156K)
[2021-05-03T06:48:05.786+0000][7][gc          ] GC(225) Pause Young (Concurrent Start) (G1 Evacuation Pause) 200M->116M(256M) 1.707ms
[2021-05-03T06:48:05.786+0000][7][gc,cpu      ] GC(225) User=0.01s Sys=0.01s Real=0.00s
[2021-05-03T06:48:05.786+0000][7][safepoint   ] Safepoint "G1CollectForAllocation", Time since last: 82793705655 ns, Reaching safepoint: 177580 ns, At safepoint: 1769860 ns, Total: 1947440 ns
[2021-05-03T06:48:05.786+0000][7][gc          ] GC(226) Concurrent Cycle
[2021-05-03T06:48:05.786+0000][7][gc,marking  ] GC(226) Concurrent Clear Claimed Marks
[2021-05-03T06:48:05.787+0000][7][gc,marking  ] GC(226) Concurrent Clear Claimed Marks 0.051ms
[2021-05-03T06:48:05.787+0000][7][gc,marking  ] GC(226) Concurrent Scan Root Regions
[2021-05-03T06:48:05.788+0000][7][gc,marking  ] GC(226) Concurrent Scan Root Regions 1.278ms
[2021-05-03T06:48:05.788+0000][7][gc,marking  ] GC(226) Concurrent Mark (16427.716s)
[2021-05-03T06:48:05.788+0000][7][gc,marking  ] GC(226) Concurrent Mark From Roots
[2021-05-03T06:48:05.788+0000][7][gc,task     ] GC(226) Using 2 workers of 2 for marking
[2021-05-03T06:48:05.868+0000][7][gc,marking  ] GC(226) Concurrent Mark From Roots 80.340ms
[2021-05-03T06:48:05.868+0000][7][gc,marking  ] GC(226) Concurrent Preclean
[2021-05-03T06:48:05.868+0000][7][gc,marking  ] GC(226) Concurrent Preclean 0.233ms
[2021-05-03T06:48:05.868+0000][7][gc,marking  ] GC(226) Concurrent Mark (16427.716s, 16427.796s) 80.639ms
[2021-05-03T06:48:05.869+0000][7][gc,start    ] GC(226) Pause Remark
[2021-05-03T06:48:05.874+0000][7][gc          ] GC(226) Pause Remark 118M->118M(256M) 5.169ms
[2021-05-03T06:48:05.874+0000][7][gc,cpu      ] GC(226) User=0.03s Sys=0.00s Real=0.01s
[2021-05-03T06:48:05.874+0000][7][safepoint   ] Safepoint "G1Concurrent", Time since last: 82108106 ns, Reaching safepoint: 144698 ns, At safepoint: 5244520 ns, Total: 5389218 ns
[2021-05-03T06:48:05.874+0000][7][gc,marking  ] GC(226) Concurrent Rebuild Remembered Sets
[2021-05-03T06:48:05.927+0000][7][gc,marking  ] GC(226) Concurrent Rebuild Remembered Sets 52.977ms
[2021-05-03T06:48:05.927+0000][7][gc,start    ] GC(226) Pause Cleanup
[2021-05-03T06:48:05.927+0000][7][gc          ] GC(226) Pause Cleanup 118M->118M(256M) 0.062ms
[2021-05-03T06:48:05.927+0000][7][gc,cpu      ] GC(226) User=0.00s Sys=0.00s Real=0.00s
[2021-05-03T06:48:05.927+0000][7][safepoint   ] Safepoint "G1Concurrent", Time since last: 53129110 ns, Reaching safepoint: 77957 ns, At safepoint: 102644 ns, Total: 180601 ns
[2021-05-03T06:48:05.927+0000][7][gc,marking  ] GC(226) Concurrent Cleanup for Next Mark
[2021-05-03T06:48:05.927+0000][7][gc,marking  ] GC(226) Concurrent Cleanup for Next Mark 0.149ms
[2021-05-03T06:48:05.927+0000][7][gc          ] GC(226) Concurrent Cycle 140.959ms
[2021-05-03T06:49:05.943+0000][7][safepoint   ] Safepoint "Cleanup", Time since last: 60015428046 ns, Reaching safepoint: 126177 ns, At safepoint: 6246 ns, Total: 132423 ns
[2021-05-03T06:49:34.950+0000][7][safepoint   ] Safepoint "Cleanup", Time since last: 29007396298 ns, Reaching safepoint: 114874 ns, At safepoint: 5987 ns, Total: 120861 ns
[2021-05-03T06:49:42.952+0000][7][safepoint   ] Safepoint "Cleanup", Time since last: 8001537859 ns, Reaching safepoint: 94397 ns, At safepoint: 5373 ns, Total: 99770 ns
[2021-05-03T06:50:07.675+0000][7][gc,start    ] GC(227) Pause Young (Normal) (G1 Evacuation Pause)
[2021-05-03T06:50:07.675+0000][7][gc,task     ] GC(227) Using 6 workers of 8 for evacuation
[2021-05-03T06:50:07.676+0000][7][gc,age      ] GC(227) Desired survivor size 6291456 bytes, new threshold 15 (max threshold 15)
[2021-05-03T06:50:07.678+0000][7][gc,age      ] GC(227) Age table with threshold 15 (max threshold 15)
[2021-05-03T06:50:07.678+0000][7][gc,age      ] GC(227) - age   1:     517200 bytes,     517200 total
[2021-05-03T06:50:07.678+0000][7][gc,age      ] GC(227) - age   2:        672 bytes,     517872 total
[2021-05-03T06:50:07.678+0000][7][gc,age      ] GC(227) - age   3:     155152 bytes,     673024 total
[2021-05-03T06:50:07.678+0000][7][gc,age      ] GC(227) - age   4:        744 bytes,     673768 total
[2021-05-03T06:50:07.678+0000][7][gc,age      ] GC(227) - age   5:        136 bytes,     673904 total
[2021-05-03T06:50:07.678+0000][7][gc,age      ] GC(227) - age   6:        112 bytes,     674016 total
[2021-05-03T06:50:07.678+0000][7][gc,age      ] GC(227) - age   7:       2552 bytes,     676568 total
[2021-05-03T06:50:07.678+0000][7][gc,age      ] GC(227) - age   8:       3128 bytes,     679696 total
[2021-05-03T06:50:07.678+0000][7][gc,age      ] GC(227) - age   9:        512 bytes,     680208 total
[2021-05-03T06:50:07.678+0000][7][gc,age      ] GC(227) - age  10:       1344 bytes,     681552 total
[2021-05-03T06:50:07.678+0000][7][gc,age      ] GC(227) - age  11:        344 bytes,     681896 total
[2021-05-03T06:50:07.678+0000][7][gc,age      ] GC(227) - age  12:        416 bytes,     682312 total
[2021-05-03T06:50:07.678+0000][7][gc,age      ] GC(227) - age  13:        176 bytes,     682488 total
[2021-05-03T06:50:07.678+0000][7][gc,age      ] GC(227) - age  14:        128 bytes,     682616 total
[2021-05-03T06:50:07.678+0000][7][gc,age      ] GC(227) - age  15:      34528 bytes,     717144 total
[2021-05-03T06:50:07.678+0000][7][gc,phases   ] GC(227)   Pre Evacuate Collection Set: 0.1ms
[2021-05-03T06:50:07.678+0000][7][gc,phases   ] GC(227)   Merge Heap Roots: 0.1ms
[2021-05-03T06:50:07.678+0000][7][gc,phases   ] GC(227)   Evacuate Collection Set: 1.7ms
[2021-05-03T06:50:07.678+0000][7][gc,phases   ] GC(227)   Post Evacuate Collection Set: 0.5ms
[2021-05-03T06:50:07.678+0000][7][gc,phases   ] GC(227)   Other: 0.3ms
[2021-05-03T06:50:07.678+0000][7][gc,heap     ] GC(227) Eden regions: 21->0(21)
[2021-05-03T06:50:07.678+0000][7][gc,heap     ] GC(227) Survivor regions: 1->1(3)
[2021-05-03T06:50:07.678+0000][7][gc,heap     ] GC(227) Old regions: 27->27
[2021-05-03T06:50:07.678+0000][7][gc,heap     ] GC(227) Archive regions: 2->2
[2021-05-03T06:50:07.678+0000][7][gc,heap     ] GC(227) Humongous regions: 2->2
[2021-05-03T06:50:07.678+0000][7][gc,metaspace] GC(227) Metaspace: 108709K(113360K)->108709K(113360K) NonClass: 94822K(98204K)->94822K(98204K) Class: 13887K(15156K)->13887K(15156K)
[2021-05-03T06:50:07.678+0000][7][gc          ] GC(227) Pause Young (Normal) (G1 Evacuation Pause) 200M->116M(256M) 2.814ms
[2021-05-03T06:50:07.678+0000][7][gc,cpu      ] GC(227) User=0.01s Sys=0.00s Real=0.00s
[2021-05-03T06:50:07.678+0000][7][safepoint   ] Safepoint "G1CollectForAllocation", Time since last: 24723240580 ns, Reaching safepoint: 175174 ns, At safepoint: 2914077 ns, Total: 3089251 ns
[2021-05-03T06:50:42.686+0000][7][safepoint   ] Safepoint "Cleanup", Time since last: 35007337139 ns, Reaching safepoint: 125439 ns, At safepoint: 6559 ns, Total: 131998 ns
[2021-05-03T06:52:20.731+0000][7][gc,start    ] GC(228) Pause Young (Concurrent Start) (G1 Evacuation Pause)
[2021-05-03T06:52:20.731+0000][7][gc,task     ] GC(228) Using 6 workers of 8 for evacuation
[2021-05-03T06:52:20.731+0000][7][gc,age      ] GC(228) Desired survivor size 6291456 bytes, new threshold 15 (max threshold 15)
[2021-05-03T06:52:20.733+0000][7][gc,age      ] GC(228) Age table with threshold 15 (max threshold 15)
[2021-05-03T06:52:20.733+0000][7][gc,age      ] GC(228) - age   1:     507680 bytes,     507680 total
[2021-05-03T06:52:20.733+0000][7][gc,age      ] GC(228) - age   2:       2464 bytes,     510144 total
[2021-05-03T06:52:20.733+0000][7][gc,age      ] GC(228) - age   3:        480 bytes,     510624 total
[2021-05-03T06:52:20.733+0000][7][gc,age      ] GC(228) - age   4:     154912 bytes,     665536 total
[2021-05-03T06:52:20.733+0000][7][gc,age      ] GC(228) - age   5:        624 bytes,     666160 total
[2021-05-03T06:52:20.733+0000][7][gc,age      ] GC(228) - age   6:        136 bytes,     666296 total
[2021-05-03T06:52:20.733+0000][7][gc,age      ] GC(228) - age   7:        112 bytes,     666408 total
[2021-05-03T06:52:20.733+0000][7][gc,age      ] GC(228) - age   8:       2552 bytes,     668960 total
[2021-05-03T06:52:20.733+0000][7][gc,age      ] GC(228) - age   9:       3128 bytes,     672088 total
[2021-05-03T06:52:20.733+0000][7][gc,age      ] GC(228) - age  10:        512 bytes,     672600 total
[2021-05-03T06:52:20.733+0000][7][gc,age      ] GC(228) - age  11:       1344 bytes,     673944 total
[2021-05-03T06:52:20.733+0000][7][gc,age      ] GC(228) - age  12:        344 bytes,     674288 total
[2021-05-03T06:52:20.733+0000][7][gc,age      ] GC(228) - age  13:        416 bytes,     674704 total
[2021-05-03T06:52:20.733+0000][7][gc,age      ] GC(228) - age  14:        136 bytes,     674840 total
[2021-05-03T06:52:20.733+0000][7][gc,age      ] GC(228) - age  15:        128 bytes,     674968 total
[2021-05-03T06:52:20.733+0000][7][gc,phases   ] GC(228)   Pre Evacuate Collection Set: 0.1ms
[2021-05-03T06:52:20.733+0000][7][gc,phases   ] GC(228)   Merge Heap Roots: 0.0ms
[2021-05-03T06:52:20.733+0000][7][gc,phases   ] GC(228)   Evacuate Collection Set: 0.8ms
[2021-05-03T06:52:20.733+0000][7][gc,phases   ] GC(228)   Post Evacuate Collection Set: 0.3ms
[2021-05-03T06:52:20.733+0000][7][gc,phases   ] GC(228)   Other: 0.2ms
[2021-05-03T06:52:20.733+0000][7][gc,heap     ] GC(228) Eden regions: 21->0(21)
[2021-05-03T06:52:20.733+0000][7][gc,heap     ] GC(228) Survivor regions: 1->1(3)
[2021-05-03T06:52:20.733+0000][7][gc,heap     ] GC(228) Old regions: 27->27
[2021-05-03T06:52:20.733+0000][7][gc,heap     ] GC(228) Archive regions: 2->2
[2021-05-03T06:52:20.733+0000][7][gc,heap     ] GC(228) Humongous regions: 2->2
[2021-05-03T06:52:20.733+0000][7][gc,metaspace] GC(228) Metaspace: 108709K(113360K)->108709K(113360K) NonClass: 94822K(98204K)->94822K(98204K) Class: 13887K(15156K)->13887K(15156K)
[2021-05-03T06:52:20.733+0000][7][gc          ] GC(228) Pause Young (Concurrent Start) (G1 Evacuation Pause) 200M->116M(256M) 1.645ms
[2021-05-03T06:52:20.733+0000][7][gc,cpu      ] GC(228) User=0.01s Sys=0.00s Real=0.01s
[2021-05-03T06:52:20.733+0000][7][safepoint   ] Safepoint "G1CollectForAllocation", Time since last: 98045273617 ns, Reaching safepoint: 133917 ns, At safepoint: 1717710 ns, Total: 1851627 ns
[2021-05-03T06:52:20.733+0000][7][gc          ] GC(229) Concurrent Cycle
[2021-05-03T06:52:20.733+0000][7][gc,marking  ] GC(229) Concurrent Clear Claimed Marks
[2021-05-03T06:52:20.733+0000][7][gc,marking  ] GC(229) Concurrent Clear Claimed Marks 0.059ms
[2021-05-03T06:52:20.733+0000][7][gc,marking  ] GC(229) Concurrent Scan Root Regions
[2021-05-03T06:52:20.734+0000][7][gc,marking  ] GC(229) Concurrent Scan Root Regions 0.678ms
[2021-05-03T06:52:20.734+0000][7][gc,marking  ] GC(229) Concurrent Mark (16682.661s)
[2021-05-03T06:52:20.734+0000][7][gc,marking  ] GC(229) Concurrent Mark From Roots
[2021-05-03T06:52:20.734+0000][7][gc,task     ] GC(229) Using 2 workers of 2 for marking
[2021-05-03T06:52:20.813+0000][7][gc,marking  ] GC(229) Concurrent Mark From Roots 79.357ms
[2021-05-03T06:52:20.813+0000][7][gc,marking  ] GC(229) Concurrent Preclean
[2021-05-03T06:52:20.813+0000][7][gc,marking  ] GC(229) Concurrent Preclean 0.219ms
[2021-05-03T06:52:20.813+0000][7][gc,marking  ] GC(229) Concurrent Mark (16682.661s, 16682.741s) 79.624ms
[2021-05-03T06:52:20.813+0000][7][gc,start    ] GC(229) Pause Remark
[2021-05-03T06:52:20.819+0000][7][gc          ] GC(229) Pause Remark 116M->116M(256M) 5.231ms
[2021-05-03T06:52:20.819+0000][7][gc,cpu      ] GC(229) User=0.03s Sys=0.01s Real=0.00s
[2021-05-03T06:52:20.819+0000][7][safepoint   ] Safepoint "G1Concurrent", Time since last: 80456189 ns, Reaching safepoint: 92428 ns, At safepoint: 5309497 ns, Total: 5401925 ns
[2021-05-03T06:52:20.819+0000][7][gc,marking  ] GC(229) Concurrent Rebuild Remembered Sets
[2021-05-03T06:52:20.871+0000][7][gc,marking  ] GC(229) Concurrent Rebuild Remembered Sets 52.580ms
[2021-05-03T06:52:20.872+0000][7][gc,start    ] GC(229) Pause Cleanup
[2021-05-03T06:52:20.872+0000][7][gc          ] GC(229) Pause Cleanup 116M->116M(256M) 0.063ms
[2021-05-03T06:52:20.872+0000][7][gc,cpu      ] GC(229) User=0.01s Sys=0.00s Real=0.00s
[2021-05-03T06:52:20.872+0000][7][safepoint   ] Safepoint "G1Concurrent", Time since last: 52730167 ns, Reaching safepoint: 104280 ns, At safepoint: 103027 ns, Total: 207307 ns
[2021-05-03T06:52:20.872+0000][7][gc,marking  ] GC(229) Concurrent Cleanup for Next Mark
[2021-05-03T06:52:20.872+0000][7][gc,marking  ] GC(229) Concurrent Cleanup for Next Mark 0.177ms
[2021-05-03T06:52:20.872+0000][7][gc          ] GC(229) Concurrent Cycle 138.979ms
[2021-05-03T06:53:42.895+0000][7][safepoint   ] Safepoint "Cleanup", Time since last: 82022782356 ns, Reaching safepoint: 223559 ns, At safepoint: 7057 ns, Total: 230616 ns
[2021-05-03T06:54:36.587+0000][7][gc,start    ] GC(230) Pause Young (Normal) (G1 Evacuation Pause)
[2021-05-03T06:54:36.587+0000][7][gc,task     ] GC(230) Using 6 workers of 8 for evacuation
[2021-05-03T06:54:36.587+0000][7][gc,age      ] GC(230) Desired survivor size 6291456 bytes, new threshold 15 (max threshold 15)
[2021-05-03T06:54:36.589+0000][7][gc,age      ] GC(230) Age table with threshold 15 (max threshold 15)
[2021-05-03T06:54:36.589+0000][7][gc,age      ] GC(230) - age   1:     518160 bytes,     518160 total
[2021-05-03T06:54:36.589+0000][7][gc,age      ] GC(230) - age   2:        728 bytes,     518888 total
[2021-05-03T06:54:36.589+0000][7][gc,age      ] GC(230) - age   3:       2320 bytes,     521208 total
[2021-05-03T06:54:36.589+0000][7][gc,age      ] GC(230) - age   4:        384 bytes,     521592 total
[2021-05-03T06:54:36.589+0000][7][gc,age      ] GC(230) - age   5:     154912 bytes,     676504 total
[2021-05-03T06:54:36.589+0000][7][gc,age      ] GC(230) - age   6:        624 bytes,     677128 total
[2021-05-03T06:54:36.589+0000][7][gc,age      ] GC(230) - age   7:        136 bytes,     677264 total
[2021-05-03T06:54:36.589+0000][7][gc,age      ] GC(230) - age   8:        112 bytes,     677376 total
[2021-05-03T06:54:36.589+0000][7][gc,age      ] GC(230) - age   9:       2552 bytes,     679928 total
[2021-05-03T06:54:36.589+0000][7][gc,age      ] GC(230) - age  10:       3128 bytes,     683056 total
[2021-05-03T06:54:36.589+0000][7][gc,age      ] GC(230) - age  11:        512 bytes,     683568 total
[2021-05-03T06:54:36.589+0000][7][gc,age      ] GC(230) - age  12:       1344 bytes,     684912 total
[2021-05-03T06:54:36.589+0000][7][gc,age      ] GC(230) - age  13:        344 bytes,     685256 total
[2021-05-03T06:54:36.589+0000][7][gc,age      ] GC(230) - age  14:        416 bytes,     685672 total
[2021-05-03T06:54:36.589+0000][7][gc,age      ] GC(230) - age  15:        136 bytes,     685808 total
[2021-05-03T06:54:36.590+0000][7][gc,phases   ] GC(230)   Pre Evacuate Collection Set: 0.0ms
[2021-05-03T06:54:36.590+0000][7][gc,phases   ] GC(230)   Merge Heap Roots: 0.0ms
[2021-05-03T06:54:36.590+0000][7][gc,phases   ] GC(230)   Evacuate Collection Set: 1.2ms
[2021-05-03T06:54:36.590+0000][7][gc,phases   ] GC(230)   Post Evacuate Collection Set: 0.6ms
[2021-05-03T06:54:36.590+0000][7][gc,phases   ] GC(230)   Other: 0.2ms
[2021-05-03T06:54:36.590+0000][7][gc,heap     ] GC(230) Eden regions: 21->0(21)
[2021-05-03T06:54:36.590+0000][7][gc,heap     ] GC(230) Survivor regions: 1->1(3)
[2021-05-03T06:54:36.590+0000][7][gc,heap     ] GC(230) Old regions: 27->27
[2021-05-03T06:54:36.590+0000][7][gc,heap     ] GC(230) Archive regions: 2->2
[2021-05-03T06:54:36.590+0000][7][gc,heap     ] GC(230) Humongous regions: 2->2
[2021-05-03T06:54:36.590+0000][7][gc,metaspace] GC(230) Metaspace: 108709K(113360K)->108709K(113360K) NonClass: 94822K(98204K)->94822K(98204K) Class: 13887K(15156K)->13887K(15156K)
[2021-05-03T06:54:36.590+0000][7][gc          ] GC(230) Pause Young (Normal) (G1 Evacuation Pause) 200M->116M(256M) 2.166ms
[2021-05-03T06:54:36.590+0000][7][gc,cpu      ] GC(230) User=0.01s Sys=0.00s Real=0.00s
[2021-05-03T06:54:36.590+0000][7][safepoint   ] Safepoint "G1CollectForAllocation", Time since last: 53692599087 ns, Reaching safepoint: 84031 ns, At safepoint: 2226685 ns, Total: 2310716 ns
[2021-05-03T06:55:41.605+0000][7][safepoint   ] Safepoint "Cleanup", Time since last: 65014956376 ns, Reaching safepoint: 103796 ns, At safepoint: 5690 ns, Total: 109486 ns
[2021-05-03T06:55:42.605+0000][7][safepoint   ] Safepoint "Cleanup", Time since last: 1000273038 ns, Reaching safepoint: 117164 ns, At safepoint: 8176 ns, Total: 125340 ns
[2021-05-03T06:56:06.604+0000][7][gc,start    ] GC(231) Pause Young (Concurrent Start) (G1 Evacuation Pause)
[2021-05-03T06:56:06.604+0000][7][gc,task     ] GC(231) Using 6 workers of 8 for evacuation
[2021-05-03T06:56:06.604+0000][7][gc,age      ] GC(231) Desired survivor size 6291456 bytes, new threshold 15 (max threshold 15)
[2021-05-03T06:56:06.606+0000][7][gc,age      ] GC(231) Age table with threshold 15 (max threshold 15)
[2021-05-03T06:56:06.606+0000][7][gc,age      ] GC(231) - age   1:     813328 bytes,     813328 total
[2021-05-03T06:56:06.606+0000][7][gc,age      ] GC(231) - age   2:        504 bytes,     813832 total
[2021-05-03T06:56:06.606+0000][7][gc,age      ] GC(231) - age   3:        576 bytes,     814408 total
[2021-05-03T06:56:06.606+0000][7][gc,age      ] GC(231) - age   4:       1912 bytes,     816320 total
[2021-05-03T06:56:06.606+0000][7][gc,age      ] GC(231) - age   5:         56 bytes,     816376 total
[2021-05-03T06:56:06.606+0000][7][gc,age      ] GC(231) - age   6:       3120 bytes,     819496 total
[2021-05-03T06:56:06.606+0000][7][gc,age      ] GC(231) - age   7:        584 bytes,     820080 total
[2021-05-03T06:56:06.606+0000][7][gc,age      ] GC(231) - age   8:        136 bytes,     820216 total
[2021-05-03T06:56:06.606+0000][7][gc,age      ] GC(231) - age   9:         88 bytes,     820304 total
[2021-05-03T06:56:06.606+0000][7][gc,age      ] GC(231) - age  10:         32 bytes,     820336 total
[2021-05-03T06:56:06.606+0000][7][gc,age      ] GC(231) - age  11:        960 bytes,     821296 total
[2021-05-03T06:56:06.606+0000][7][gc,age      ] GC(231) - age  12:        512 bytes,     821808 total
[2021-05-03T06:56:06.606+0000][7][gc,age      ] GC(231) - age  13:       1344 bytes,     823152 total
[2021-05-03T06:56:06.606+0000][7][gc,age      ] GC(231) - age  14:        344 bytes,     823496 total
[2021-05-03T06:56:06.606+0000][7][gc,age      ] GC(231) - age  15:        416 bytes,     823912 total
[2021-05-03T06:56:06.606+0000][7][gc,phases   ] GC(231)   Pre Evacuate Collection Set: 0.1ms
[2021-05-03T06:56:06.606+0000][7][gc,phases   ] GC(231)   Merge Heap Roots: 0.1ms
[2021-05-03T06:56:06.606+0000][7][gc,phases   ] GC(231)   Evacuate Collection Set: 1.1ms
[2021-05-03T06:56:06.606+0000][7][gc,phases   ] GC(231)   Post Evacuate Collection Set: 0.5ms
[2021-05-03T06:56:06.606+0000][7][gc,phases   ] GC(231)   Other: 0.3ms
[2021-05-03T06:56:06.606+0000][7][gc,heap     ] GC(231) Eden regions: 21->0(21)
[2021-05-03T06:56:06.606+0000][7][gc,heap     ] GC(231) Survivor regions: 1->1(3)
[2021-05-03T06:56:06.606+0000][7][gc,heap     ] GC(231) Old regions: 27->27
[2021-05-03T06:56:06.606+0000][7][gc,heap     ] GC(231) Archive regions: 2->2
[2021-05-03T06:56:06.606+0000][7][gc,heap     ] GC(231) Humongous regions: 2->2
[2021-05-03T06:56:06.606+0000][7][gc,metaspace] GC(231) Metaspace: 108715K(113360K)->108715K(113360K) NonClass: 94828K(98204K)->94828K(98204K) Class: 13887K(15156K)->13887K(15156K)
[2021-05-03T06:56:06.606+0000][7][gc          ] GC(231) Pause Young (Concurrent Start) (G1 Evacuation Pause) 200M->116M(256M) 2.069ms
[2021-05-03T06:56:06.606+0000][7][gc,cpu      ] GC(231) User=0.01s Sys=0.00s Real=0.00s
[2021-05-03T06:56:06.606+0000][7][gc          ] GC(232) Concurrent Cycle
[2021-05-03T06:56:06.606+0000][7][safepoint   ] Safepoint "G1CollectForAllocation", Time since last: 23998928609 ns, Reaching safepoint: 117267 ns, At safepoint: 2140650 ns, Total: 2257917 ns
[2021-05-03T06:56:06.606+0000][7][gc,marking  ] GC(232) Concurrent Clear Claimed Marks
[2021-05-03T06:56:06.606+0000][7][gc,marking  ] GC(232) Concurrent Clear Claimed Marks 0.053ms
[2021-05-03T06:56:06.606+0000][7][gc,marking  ] GC(232) Concurrent Scan Root Regions
[2021-05-03T06:56:06.608+0000][7][gc,marking  ] GC(232) Concurrent Scan Root Regions 1.368ms
[2021-05-03T06:56:06.608+0000][7][gc,marking  ] GC(232) Concurrent Mark (16908.535s)
[2021-05-03T06:56:06.608+0000][7][gc,marking  ] GC(232) Concurrent Mark From Roots
[2021-05-03T06:56:06.608+0000][7][gc,task     ] GC(232) Using 2 workers of 2 for marking
[2021-05-03T06:56:06.688+0000][7][gc,marking  ] GC(232) Concurrent Mark From Roots 79.759ms
[2021-05-03T06:56:06.688+0000][7][gc,marking  ] GC(232) Concurrent Preclean
[2021-05-03T06:56:06.688+0000][7][gc,marking  ] GC(232) Concurrent Preclean 0.232ms
[2021-05-03T06:56:06.688+0000][7][gc,marking  ] GC(232) Concurrent Mark (16908.535s, 16908.615s) 80.059ms
[2021-05-03T06:56:06.688+0000][7][gc,start    ] GC(232) Pause Remark
[2021-05-03T06:56:06.693+0000][7][gc          ] GC(232) Pause Remark 117M->117M(256M) 5.266ms
[2021-05-03T06:56:06.693+0000][7][gc,cpu      ] GC(232) User=0.03s Sys=0.00s Real=0.01s
[2021-05-03T06:56:06.693+0000][7][safepoint   ] Safepoint "G1Concurrent", Time since last: 81588929 ns, Reaching safepoint: 103290 ns, At safepoint: 5338640 ns, Total: 5441930 ns
[2021-05-03T06:56:06.693+0000][7][gc,marking  ] GC(232) Concurrent Rebuild Remembered Sets
[2021-05-03T06:56:06.746+0000][7][gc,marking  ] GC(232) Concurrent Rebuild Remembered Sets 52.788ms
[2021-05-03T06:56:06.746+0000][7][gc,start    ] GC(232) Pause Cleanup
[2021-05-03T06:56:06.746+0000][7][gc          ] GC(232) Pause Cleanup 117M->117M(256M) 0.072ms
[2021-05-03T06:56:06.746+0000][7][gc,cpu      ] GC(232) User=0.00s Sys=0.00s Real=0.00s
[2021-05-03T06:56:06.746+0000][7][safepoint   ] Safepoint "G1Concurrent", Time since last: 52892102 ns, Reaching safepoint: 102581 ns, At safepoint: 124481 ns, Total: 227062 ns
[2021-05-03T06:56:06.746+0000][7][gc,marking  ] GC(232) Concurrent Cleanup for Next Mark
[2021-05-03T06:56:06.747+0000][7][gc,marking  ] GC(232) Concurrent Cleanup for Next Mark 0.206ms
[2021-05-03T06:56:06.747+0000][7][gc          ] GC(232) Concurrent Cycle 140.450ms
[2021-05-03T06:56:42.758+0000][7][safepoint   ] Safepoint "Cleanup", Time since last: 36011610017 ns, Reaching safepoint: 161982 ns, At safepoint: 7268 ns, Total: 169250 ns
[2021-05-03T06:58:19.065+0000][7][gc,start    ] GC(233) Pause Young (Normal) (G1 Evacuation Pause)
[2021-05-03T06:58:19.065+0000][7][gc,task     ] GC(233) Using 6 workers of 8 for evacuation
[2021-05-03T06:58:19.065+0000][7][gc,age      ] GC(233) Desired survivor size 6291456 bytes, new threshold 15 (max threshold 15)
[2021-05-03T06:58:19.066+0000][7][gc,age      ] GC(233) Age table with threshold 15 (max threshold 15)
[2021-05-03T06:58:19.066+0000][7][gc,age      ] GC(233) - age   1:     478888 bytes,     478888 total
[2021-05-03T06:58:19.066+0000][7][gc,age      ] GC(233) - age   2:     303952 bytes,     782840 total
[2021-05-03T06:58:19.066+0000][7][gc,age      ] GC(233) - age   3:        288 bytes,     783128 total
[2021-05-03T06:58:19.066+0000][7][gc,age      ] GC(233) - age   4:        400 bytes,     783528 total
[2021-05-03T06:58:19.066+0000][7][gc,age      ] GC(233) - age   5:       1872 bytes,     785400 total
[2021-05-03T06:58:19.066+0000][7][gc,age      ] GC(233) - age   6:         56 bytes,     785456 total
[2021-05-03T06:58:19.066+0000][7][gc,age      ] GC(233) - age   7:       3120 bytes,     788576 total
[2021-05-03T06:58:19.066+0000][7][gc,age      ] GC(233) - age   8:        584 bytes,     789160 total
[2021-05-03T06:58:19.066+0000][7][gc,age      ] GC(233) - age   9:        136 bytes,     789296 total
[2021-05-03T06:58:19.066+0000][7][gc,age      ] GC(233) - age  10:         88 bytes,     789384 total
[2021-05-03T06:58:19.066+0000][7][gc,age      ] GC(233) - age  11:         32 bytes,     789416 total
[2021-05-03T06:58:19.066+0000][7][gc,age      ] GC(233) - age  12:        960 bytes,     790376 total
[2021-05-03T06:58:19.066+0000][7][gc,age      ] GC(233) - age  13:        512 bytes,     790888 total
[2021-05-03T06:58:19.066+0000][7][gc,age      ] GC(233) - age  14:       1344 bytes,     792232 total
[2021-05-03T06:58:19.066+0000][7][gc,age      ] GC(233) - age  15:        344 bytes,     792576 total
[2021-05-03T06:58:19.066+0000][7][gc,phases   ] GC(233)   Pre Evacuate Collection Set: 0.0ms
[2021-05-03T06:58:19.066+0000][7][gc,phases   ] GC(233)   Merge Heap Roots: 0.0ms
[2021-05-03T06:58:19.066+0000][7][gc,phases   ] GC(233)   Evacuate Collection Set: 0.8ms
[2021-05-03T06:58:19.066+0000][7][gc,phases   ] GC(233)   Post Evacuate Collection Set: 0.4ms
[2021-05-03T06:58:19.066+0000][7][gc,phases   ] GC(233)   Other: 0.2ms
[2021-05-03T06:58:19.066+0000][7][gc,heap     ] GC(233) Eden regions: 21->0(21)
[2021-05-03T06:58:19.066+0000][7][gc,heap     ] GC(233) Survivor regions: 1->1(3)
[2021-05-03T06:58:19.066+0000][7][gc,heap     ] GC(233) Old regions: 27->27
[2021-05-03T06:58:19.066+0000][7][gc,heap     ] GC(233) Archive regions: 2->2
[2021-05-03T06:58:19.066+0000][7][gc,heap     ] GC(233) Humongous regions: 2->2
[2021-05-03T06:58:19.066+0000][7][gc,metaspace] GC(233) Metaspace: 108719K(113360K)->108719K(113360K) NonClass: 94832K(98204K)->94832K(98204K) Class: 13887K(15156K)->13887K(15156K)
[2021-05-03T06:58:19.066+0000][7][gc          ] GC(233) Pause Young (Normal) (G1 Evacuation Pause) 200M->116M(256M) 1.561ms
[2021-05-03T06:58:19.066+0000][7][gc,cpu      ] GC(233) User=0.01s Sys=0.00s Real=0.00s
[2021-05-03T06:58:19.066+0000][7][safepoint   ] Safepoint "G1CollectForAllocation", Time since last: 96306264933 ns, Reaching safepoint: 68201 ns, At safepoint: 1623327 ns, Total: 1691528 ns
[2021-05-03T07:00:22.919+0000][7][gc,start    ] GC(234) Pause Young (Concurrent Start) (G1 Evacuation Pause)
[2021-05-03T07:00:22.919+0000][7][gc,task     ] GC(234) Using 6 workers of 8 for evacuation
[2021-05-03T07:00:22.919+0000][7][gc,age      ] GC(234) Desired survivor size 6291456 bytes, new threshold 15 (max threshold 15)
[2021-05-03T07:00:22.921+0000][7][gc,age      ] GC(234) Age table with threshold 15 (max threshold 15)
[2021-05-03T07:00:22.921+0000][7][gc,age      ] GC(234) - age   1:     513408 bytes,     513408 total
[2021-05-03T07:00:22.921+0000][7][gc,age      ] GC(234) - age   2:        920 bytes,     514328 total
[2021-05-03T07:00:22.921+0000][7][gc,age      ] GC(234) - age   3:     182600 bytes,     696928 total
[2021-05-03T07:00:22.921+0000][7][gc,age      ] GC(234) - age   4:        288 bytes,     697216 total
[2021-05-03T07:00:22.921+0000][7][gc,age      ] GC(234) - age   5:        376 bytes,     697592 total
[2021-05-03T07:00:22.921+0000][7][gc,age      ] GC(234) - age   6:       1872 bytes,     699464 total
[2021-05-03T07:00:22.921+0000][7][gc,age      ] GC(234) - age   7:         56 bytes,     699520 total
[2021-05-03T07:00:22.921+0000][7][gc,age      ] GC(234) - age   8:       2912 bytes,     702432 total
[2021-05-03T07:00:22.921+0000][7][gc,age      ] GC(234) - age   9:        488 bytes,     702920 total
[2021-05-03T07:00:22.921+0000][7][gc,age      ] GC(234) - age  10:        136 bytes,     703056 total
[2021-05-03T07:00:22.921+0000][7][gc,age      ] GC(234) - age  11:         88 bytes,     703144 total
[2021-05-03T07:00:22.921+0000][7][gc,age      ] GC(234) - age  12:         32 bytes,     703176 total
[2021-05-03T07:00:22.921+0000][7][gc,age      ] GC(234) - age  13:        960 bytes,     704136 total
[2021-05-03T07:00:22.921+0000][7][gc,age      ] GC(234) - age  14:        512 bytes,     704648 total
[2021-05-03T07:00:22.921+0000][7][gc,age      ] GC(234) - age  15:       1344 bytes,     705992 total
[2021-05-03T07:00:22.921+0000][7][gc,phases   ] GC(234)   Pre Evacuate Collection Set: 0.1ms
[2021-05-03T07:00:22.921+0000][7][gc,phases   ] GC(234)   Merge Heap Roots: 0.0ms
[2021-05-03T07:00:22.921+0000][7][gc,phases   ] GC(234)   Evacuate Collection Set: 1.1ms
[2021-05-03T07:00:22.921+0000][7][gc,phases   ] GC(234)   Post Evacuate Collection Set: 0.7ms
[2021-05-03T07:00:22.921+0000][7][gc,phases   ] GC(234)   Other: 0.2ms
[2021-05-03T07:00:22.921+0000][7][gc,heap     ] GC(234) Eden regions: 21->0(21)
[2021-05-03T07:00:22.921+0000][7][gc,heap     ] GC(234) Survivor regions: 1->1(3)
[2021-05-03T07:00:22.921+0000][7][gc,heap     ] GC(234) Old regions: 27->27
[2021-05-03T07:00:22.921+0000][7][gc,heap     ] GC(234) Archive regions: 2->2
[2021-05-03T07:00:22.922+0000][7][gc,heap     ] GC(234) Humongous regions: 2->2
[2021-05-03T07:00:22.922+0000][7][gc,metaspace] GC(234) Metaspace: 108719K(113360K)->108719K(113360K) NonClass: 94832K(98204K)->94832K(98204K) Class: 13887K(15156K)->13887K(15156K)
[2021-05-03T07:00:22.922+0000][7][gc          ] GC(234) Pause Young (Concurrent Start) (G1 Evacuation Pause) 200M->116M(256M) 2.180ms
[2021-05-03T07:00:22.922+0000][7][gc,cpu      ] GC(234) User=0.01s Sys=0.00s Real=0.01s
[2021-05-03T07:00:22.922+0000][7][safepoint   ] Safepoint "G1CollectForAllocation", Time since last: 123853080158 ns, Reaching safepoint: 84219 ns, At safepoint: 2243926 ns, Total: 2328145 ns
[2021-05-03T07:00:22.922+0000][7][gc          ] GC(235) Concurrent Cycle
[2021-05-03T07:00:22.922+0000][7][gc,marking  ] GC(235) Concurrent Clear Claimed Marks
[2021-05-03T07:00:22.922+0000][7][gc,marking  ] GC(235) Concurrent Clear Claimed Marks 0.054ms
[2021-05-03T07:00:22.922+0000][7][gc,marking  ] GC(235) Concurrent Scan Root Regions
[2021-05-03T07:00:22.923+0000][7][gc,marking  ] GC(235) Concurrent Scan Root Regions 1.448ms
[2021-05-03T07:00:22.923+0000][7][gc,marking  ] GC(235) Concurrent Mark (17164.851s)
[2021-05-03T07:00:22.923+0000][7][gc,marking  ] GC(235) Concurrent Mark From Roots
[2021-05-03T07:00:22.923+0000][7][gc,task     ] GC(235) Using 2 workers of 2 for marking
[2021-05-03T07:00:23.002+0000][7][gc,marking  ] GC(235) Concurrent Mark From Roots 79.026ms
[2021-05-03T07:00:23.002+0000][7][gc,marking  ] GC(235) Concurrent Preclean
[2021-05-03T07:00:23.002+0000][7][gc,marking  ] GC(235) Concurrent Preclean 0.209ms
[2021-05-03T07:00:23.002+0000][7][gc,marking  ] GC(235) Concurrent Mark (17164.851s, 17164.930s) 79.285ms
[2021-05-03T07:00:23.003+0000][7][gc,start    ] GC(235) Pause Remark
[2021-05-03T07:00:23.008+0000][7][gc          ] GC(235) Pause Remark 117M->117M(256M) 5.371ms
[2021-05-03T07:00:23.008+0000][7][gc,cpu      ] GC(235) User=0.03s Sys=0.00s Real=0.00s
[2021-05-03T07:00:23.008+0000][7][safepoint   ] Safepoint "G1Concurrent", Time since last: 80927005 ns, Reaching safepoint: 109717 ns, At safepoint: 5447415 ns, Total: 5557132 ns
[2021-05-03T07:00:23.008+0000][7][gc,marking  ] GC(235) Concurrent Rebuild Remembered Sets
[2021-05-03T07:00:23.061+0000][7][gc,marking  ] GC(235) Concurrent Rebuild Remembered Sets 52.699ms
[2021-05-03T07:00:23.061+0000][7][gc,start    ] GC(235) Pause Cleanup
[2021-05-03T07:00:23.061+0000][7][gc          ] GC(235) Pause Cleanup 117M->117M(256M) 0.070ms
[2021-05-03T07:00:23.061+0000][7][gc,cpu      ] GC(235) User=0.00s Sys=0.00s Real=0.00s
[2021-05-03T07:00:23.061+0000][7][safepoint   ] Safepoint "G1Concurrent", Time since last: 52863178 ns, Reaching safepoint: 86941 ns, At safepoint: 111011 ns, Total: 197952 ns
[2021-05-03T07:00:23.061+0000][7][gc,marking  ] GC(235) Concurrent Cleanup for Next Mark
[2021-05-03T07:00:23.061+0000][7][gc,marking  ] GC(235) Concurrent Cleanup for Next Mark 0.181ms
[2021-05-03T07:00:23.061+0000][7][gc          ] GC(235) Concurrent Cycle 139.724ms
[2021-05-03T07:01:19.077+0000][7][safepoint   ] Safepoint "Cleanup", Time since last: 56015247692 ns, Reaching safepoint: 155364 ns, At safepoint: 5953 ns, Total: 161317 ns
[2021-05-03T07:01:42.084+0000][7][safepoint   ] Safepoint "Cleanup", Time since last: 23006990136 ns, Reaching safepoint: 160670 ns, At safepoint: 7568 ns, Total: 168238 ns
[2021-05-03T07:02:37.977+0000][7][gc,start    ] GC(236) Pause Young (Normal) (G1 Evacuation Pause)
[2021-05-03T07:02:37.977+0000][7][gc,task     ] GC(236) Using 6 workers of 8 for evacuation
[2021-05-03T07:02:37.977+0000][7][gc,age      ] GC(236) Desired survivor size 6291456 bytes, new threshold 15 (max threshold 15)
[2021-05-03T07:02:37.978+0000][7][gc,age      ] GC(236) Age table with threshold 15 (max threshold 15)
[2021-05-03T07:02:37.978+0000][7][gc,age      ] GC(236) - age   1:     505624 bytes,     505624 total
[2021-05-03T07:02:37.978+0000][7][gc,age      ] GC(236) - age   2:        568 bytes,     506192 total
[2021-05-03T07:02:37.978+0000][7][gc,age      ] GC(236) - age   3:        648 bytes,     506840 total
[2021-05-03T07:02:37.978+0000][7][gc,age      ] GC(236) - age   4:     182240 bytes,     689080 total
[2021-05-03T07:02:37.978+0000][7][gc,age      ] GC(236) - age   5:        264 bytes,     689344 total
[2021-05-03T07:02:37.978+0000][7][gc,age      ] GC(236) - age   6:        376 bytes,     689720 total
[2021-05-03T07:02:37.978+0000][7][gc,age      ] GC(236) - age   7:       1872 bytes,     691592 total
[2021-05-03T07:02:37.978+0000][7][gc,age      ] GC(236) - age   8:         56 bytes,     691648 total
[2021-05-03T07:02:37.978+0000][7][gc,age      ] GC(236) - age   9:       2912 bytes,     694560 total
[2021-05-03T07:02:37.978+0000][7][gc,age      ] GC(236) - age  10:        488 bytes,     695048 total
[2021-05-03T07:02:37.978+0000][7][gc,age      ] GC(236) - age  11:        136 bytes,     695184 total
[2021-05-03T07:02:37.978+0000][7][gc,age      ] GC(236) - age  12:         88 bytes,     695272 total
[2021-05-03T07:02:37.978+0000][7][gc,age      ] GC(236) - age  13:         32 bytes,     695304 total
[2021-05-03T07:02:37.978+0000][7][gc,age      ] GC(236) - age  14:        960 bytes,     696264 total
[2021-05-03T07:02:37.979+0000][7][gc,age      ] GC(236) - age  15:        512 bytes,     696776 total
[2021-05-03T07:02:37.979+0000][7][gc,phases   ] GC(236)   Pre Evacuate Collection Set: 0.0ms
[2021-05-03T07:02:37.979+0000][7][gc,phases   ] GC(236)   Merge Heap Roots: 0.0ms
[2021-05-03T07:02:37.979+0000][7][gc,phases   ] GC(236)   Evacuate Collection Set: 0.8ms
[2021-05-03T07:02:37.979+0000][7][gc,phases   ] GC(236)   Post Evacuate Collection Set: 0.6ms
[2021-05-03T07:02:37.979+0000][7][gc,phases   ] GC(236)   Other: 0.2ms
[2021-05-03T07:02:37.979+0000][7][gc,heap     ] GC(236) Eden regions: 21->0(21)
[2021-05-03T07:02:37.979+0000][7][gc,heap     ] GC(236) Survivor regions: 1->1(3)
[2021-05-03T07:02:37.979+0000][7][gc,heap     ] GC(236) Old regions: 27->27
[2021-05-03T07:02:37.979+0000][7][gc,heap     ] GC(236) Archive regions: 2->2
[2021-05-03T07:02:37.979+0000][7][gc,heap     ] GC(236) Humongous regions: 2->2
[2021-05-03T07:02:37.979+0000][7][gc,metaspace] GC(236) Metaspace: 108723K(113360K)->108723K(113360K) NonClass: 94836K(98204K)->94836K(98204K) Class: 13887K(15156K)->13887K(15156K)
[2021-05-03T07:02:37.979+0000][7][gc          ] GC(236) Pause Young (Normal) (G1 Evacuation Pause) 200M->116M(256M) 1.734ms
[2021-05-03T07:02:37.979+0000][7][gc,cpu      ] GC(236) User=0.00s Sys=0.00s Real=0.00s
[2021-05-03T07:02:37.979+0000][7][safepoint   ] Safepoint "G1CollectForAllocation", Time since last: 55893014793 ns, Reaching safepoint: 166740 ns, At safepoint: 1794625 ns, Total: 1961365 ns
[2021-05-03T07:03:19.989+0000][7][safepoint   ] Safepoint "Cleanup", Time since last: 42010114119 ns, Reaching safepoint: 142645 ns, At safepoint: 4480 ns, Total: 147125 ns
[2021-05-03T07:03:42.996+0000][7][safepoint   ] Safepoint "Cleanup", Time since last: 23006480043 ns, Reaching safepoint: 157608 ns, At safepoint: 7360 ns, Total: 164968 ns
[2021-05-03T07:04:43.025+0000][7][gc,start    ] GC(237) Pause Young (Concurrent Start) (G1 Evacuation Pause)
[2021-05-03T07:04:43.025+0000][7][gc,task     ] GC(237) Using 6 workers of 8 for evacuation
[2021-05-03T07:04:43.025+0000][7][gc,age      ] GC(237) Desired survivor size 6291456 bytes, new threshold 15 (max threshold 15)
[2021-05-03T07:04:43.027+0000][7][gc,age      ] GC(237) Age table with threshold 15 (max threshold 15)
[2021-05-03T07:04:43.027+0000][7][gc,age      ] GC(237) - age   1:     521408 bytes,     521408 total
[2021-05-03T07:04:43.027+0000][7][gc,age      ] GC(237) - age   2:        280 bytes,     521688 total
[2021-05-03T07:04:43.027+0000][7][gc,age      ] GC(237) - age   3:        456 bytes,     522144 total
[2021-05-03T07:04:43.027+0000][7][gc,age      ] GC(237) - age   4:        288 bytes,     522432 total
[2021-05-03T07:04:43.027+0000][7][gc,age      ] GC(237) - age   5:     179584 bytes,     702016 total
[2021-05-03T07:04:43.027+0000][7][gc,age      ] GC(237) - age   6:        240 bytes,     702256 total
[2021-05-03T07:04:43.027+0000][7][gc,age      ] GC(237) - age   7:        376 bytes,     702632 total
[2021-05-03T07:04:43.027+0000][7][gc,age      ] GC(237) - age   8:       1872 bytes,     704504 total
[2021-05-03T07:04:43.027+0000][7][gc,age      ] GC(237) - age   9:         24 bytes,     704528 total
[2021-05-03T07:04:43.027+0000][7][gc,age      ] GC(237) - age  10:       2912 bytes,     707440 total
[2021-05-03T07:04:43.027+0000][7][gc,age      ] GC(237) - age  11:        488 bytes,     707928 total
[2021-05-03T07:04:43.027+0000][7][gc,age      ] GC(237) - age  12:        136 bytes,     708064 total
[2021-05-03T07:04:43.027+0000][7][gc,age      ] GC(237) - age  13:         88 bytes,     708152 total
[2021-05-03T07:04:43.027+0000][7][gc,age      ] GC(237) - age  14:         32 bytes,     708184 total
[2021-05-03T07:04:43.027+0000][7][gc,age      ] GC(237) - age  15:        960 bytes,     709144 total
[2021-05-03T07:04:43.027+0000][7][gc,phases   ] GC(237)   Pre Evacuate Collection Set: 0.1ms
[2021-05-03T07:04:43.027+0000][7][gc,phases   ] GC(237)   Merge Heap Roots: 0.0ms
[2021-05-03T07:04:43.027+0000][7][gc,phases   ] GC(237)   Evacuate Collection Set: 0.8ms
[2021-05-03T07:04:43.027+0000][7][gc,phases   ] GC(237)   Post Evacuate Collection Set: 0.5ms
[2021-05-03T07:04:43.027+0000][7][gc,phases   ] GC(237)   Other: 0.2ms
[2021-05-03T07:04:43.027+0000][7][gc,heap     ] GC(237) Eden regions: 21->0(21)
[2021-05-03T07:04:43.027+0000][7][gc,heap     ] GC(237) Survivor regions: 1->1(3)
[2021-05-03T07:04:43.027+0000][7][gc,heap     ] GC(237) Old regions: 27->27
[2021-05-03T07:04:43.027+0000][7][gc,heap     ] GC(237) Archive regions: 2->2
[2021-05-03T07:04:43.027+0000][7][gc,heap     ] GC(237) Humongous regions: 2->2
[2021-05-03T07:04:43.027+0000][7][gc,metaspace] GC(237) Metaspace: 108725K(113360K)->108725K(113360K) NonClass: 94838K(98204K)->94838K(98204K) Class: 13887K(15156K)->13887K(15156K)
[2021-05-03T07:04:43.027+0000][7][gc          ] GC(237) Pause Young (Concurrent Start) (G1 Evacuation Pause) 200M->116M(256M) 1.696ms
[2021-05-03T07:04:43.027+0000][7][gc,cpu      ] GC(237) User=0.01s Sys=0.00s Real=0.00s
[2021-05-03T07:04:43.027+0000][7][safepoint   ] Safepoint "G1CollectForAllocation", Time since last: 60029708138 ns, Reaching safepoint: 111775 ns, At safepoint: 1757867 ns, Total: 1869642 ns
[2021-05-03T07:04:43.027+0000][7][gc          ] GC(238) Concurrent Cycle
[2021-05-03T07:04:43.027+0000][7][gc,marking  ] GC(238) Concurrent Clear Claimed Marks
[2021-05-03T07:04:43.027+0000][7][gc,marking  ] GC(238) Concurrent Clear Claimed Marks 0.046ms
[2021-05-03T07:04:43.027+0000][7][gc,marking  ] GC(238) Concurrent Scan Root Regions
[2021-05-03T07:04:43.029+0000][7][gc,marking  ] GC(238) Concurrent Scan Root Regions 1.377ms
[2021-05-03T07:04:43.029+0000][7][gc,marking  ] GC(238) Concurrent Mark (17424.956s)
[2021-05-03T07:04:43.029+0000][7][gc,marking  ] GC(238) Concurrent Mark From Roots
[2021-05-03T07:04:43.029+0000][7][gc,task     ] GC(238) Using 2 workers of 2 for marking
[2021-05-03T07:04:43.111+0000][7][gc,marking  ] GC(238) Concurrent Mark From Roots 82.632ms
[2021-05-03T07:04:43.111+0000][7][gc,marking  ] GC(238) Concurrent Preclean
[2021-05-03T07:04:43.112+0000][7][gc,marking  ] GC(238) Concurrent Preclean 0.212ms
[2021-05-03T07:04:43.112+0000][7][gc,marking  ] GC(238) Concurrent Mark (17424.956s, 17425.039s) 82.894ms
[2021-05-03T07:04:43.112+0000][7][gc,start    ] GC(238) Pause Remark
[2021-05-03T07:04:43.117+0000][7][gc          ] GC(238) Pause Remark 117M->117M(256M) 5.100ms
[2021-05-03T07:04:43.117+0000][7][gc,cpu      ] GC(238) User=0.02s Sys=0.01s Real=0.01s
[2021-05-03T07:04:43.117+0000][7][safepoint   ] Safepoint "G1Concurrent", Time since last: 84422617 ns, Reaching safepoint: 70219 ns, At safepoint: 5174968 ns, Total: 5245187 ns
[2021-05-03T07:04:43.117+0000][7][gc,marking  ] GC(238) Concurrent Rebuild Remembered Sets
[2021-05-03T07:04:43.170+0000][7][gc,marking  ] GC(238) Concurrent Rebuild Remembered Sets 53.388ms
[2021-05-03T07:04:43.170+0000][7][gc,start    ] GC(238) Pause Cleanup
[2021-05-03T07:04:43.170+0000][7][gc          ] GC(238) Pause Cleanup 117M->117M(256M) 0.070ms
[2021-05-03T07:04:43.170+0000][7][gc,cpu      ] GC(238) User=0.00s Sys=0.00s Real=0.00s
[2021-05-03T07:04:43.170+0000][7][safepoint   ] Safepoint "G1Concurrent", Time since last: 53451931 ns, Reaching safepoint: 86098 ns, At safepoint: 108609 ns, Total: 194707 ns
[2021-05-03T07:04:43.170+0000][7][gc,marking  ] GC(238) Concurrent Cleanup for Next Mark
[2021-05-03T07:04:43.171+0000][7][gc,marking  ] GC(238) Concurrent Cleanup for Next Mark 0.176ms
[2021-05-03T07:04:43.171+0000][7][gc          ] GC(238) Concurrent Cycle 143.488ms
[2021-05-03T07:05:41.185+0000][7][safepoint   ] Safepoint "Cleanup", Time since last: 58014546813 ns, Reaching safepoint: 119134 ns, At safepoint: 6385 ns, Total: 125519 ns
[2021-05-03T07:06:24.234+0000][7][gc,start    ] GC(239) Pause Young (Normal) (G1 Evacuation Pause)
[2021-05-03T07:06:24.234+0000][7][gc,task     ] GC(239) Using 6 workers of 8 for evacuation
[2021-05-03T07:06:24.234+0000][7][gc,age      ] GC(239) Desired survivor size 6291456 bytes, new threshold 15 (max threshold 15)
[2021-05-03T07:06:24.236+0000][7][gc,age      ] GC(239) Age table with threshold 15 (max threshold 15)
[2021-05-03T07:06:24.236+0000][7][gc,age      ] GC(239) - age   1:     788072 bytes,     788072 total
[2021-05-03T07:06:24.236+0000][7][gc,age      ] GC(239) - age   2:       3496 bytes,     791568 total
[2021-05-03T07:06:24.236+0000][7][gc,age      ] GC(239) - age   3:        256 bytes,     791824 total
[2021-05-03T07:06:24.236+0000][7][gc,age      ] GC(239) - age   4:        432 bytes,     792256 total
[2021-05-03T07:06:24.236+0000][7][gc,age      ] GC(239) - age   6:       5224 bytes,     797480 total
[2021-05-03T07:06:24.236+0000][7][gc,age      ] GC(239) - age   8:        376 bytes,     797856 total
[2021-05-03T07:06:24.236+0000][7][gc,age      ] GC(239) - age   9:       1872 bytes,     799728 total
[2021-05-03T07:06:24.236+0000][7][gc,age      ] GC(239) - age  10:         24 bytes,     799752 total
[2021-05-03T07:06:24.236+0000][7][gc,age      ] GC(239) - age  11:       1936 bytes,     801688 total
[2021-05-03T07:06:24.236+0000][7][gc,age      ] GC(239) - age  12:        488 bytes,     802176 total
[2021-05-03T07:06:24.236+0000][7][gc,age      ] GC(239) - age  13:         40 bytes,     802216 total
[2021-05-03T07:06:24.236+0000][7][gc,age      ] GC(239) - age  14:         88 bytes,     802304 total
[2021-05-03T07:06:24.236+0000][7][gc,age      ] GC(239) - age  15:         32 bytes,     802336 total
[2021-05-03T07:06:24.236+0000][7][gc,phases   ] GC(239)   Pre Evacuate Collection Set: 0.1ms
[2021-05-03T07:06:24.236+0000][7][gc,phases   ] GC(239)   Merge Heap Roots: 0.1ms
[2021-05-03T07:06:24.236+0000][7][gc,phases   ] GC(239)   Evacuate Collection Set: 0.9ms
[2021-05-03T07:06:24.236+0000][7][gc,phases   ] GC(239)   Post Evacuate Collection Set: 0.6ms
[2021-05-03T07:06:24.236+0000][7][gc,phases   ] GC(239)   Other: 0.2ms
[2021-05-03T07:06:24.236+0000][7][gc,heap     ] GC(239) Eden regions: 21->0(21)
[2021-05-03T07:06:24.236+0000][7][gc,heap     ] GC(239) Survivor regions: 1->1(3)
[2021-05-03T07:06:24.236+0000][7][gc,heap     ] GC(239) Old regions: 27->27
[2021-05-03T07:06:24.236+0000][7][gc,heap     ] GC(239) Archive regions: 2->2
[2021-05-03T07:06:24.236+0000][7][gc,heap     ] GC(239) Humongous regions: 2->2
[2021-05-03T07:06:24.236+0000][7][gc,metaspace] GC(239) Metaspace: 108734K(113360K)->108734K(113360K) NonClass: 94847K(98204K)->94847K(98204K) Class: 13887K(15156K)->13887K(15156K)
[2021-05-03T07:06:24.236+0000][7][gc          ] GC(239) Pause Young (Normal) (G1 Evacuation Pause) 200M->116M(256M) 1.820ms
[2021-05-03T07:06:24.236+0000][7][gc,cpu      ] GC(239) User=0.00s Sys=0.00s Real=0.00s
[2021-05-03T07:06:24.236+0000][7][safepoint   ] Safepoint "G1CollectForAllocation", Time since last: 43048776466 ns, Reaching safepoint: 118289 ns, At safepoint: 1885700 ns, Total: 2003989 ns
[2021-05-03T07:08:40.058+0000][7][gc,start    ] GC(240) Pause Young (Concurrent Start) (G1 Evacuation Pause)
[2021-05-03T07:08:40.058+0000][7][gc,task     ] GC(240) Using 6 workers of 8 for evacuation
[2021-05-03T07:08:40.058+0000][7][gc,age      ] GC(240) Desired survivor size 6291456 bytes, new threshold 15 (max threshold 15)
[2021-05-03T07:08:40.060+0000][7][gc,age      ] GC(240) Age table with threshold 15 (max threshold 15)
[2021-05-03T07:08:40.060+0000][7][gc,age      ] GC(240) - age   1:     506520 bytes,     506520 total
[2021-05-03T07:08:40.060+0000][7][gc,age      ] GC(240) - age   2:     272176 bytes,     778696 total
[2021-05-03T07:08:40.060+0000][7][gc,age      ] GC(240) - age   3:       3224 bytes,     781920 total
[2021-05-03T07:08:40.060+0000][7][gc,age      ] GC(240) - age   4:         40 bytes,     781960 total
[2021-05-03T07:08:40.060+0000][7][gc,age      ] GC(240) - age   5:        432 bytes,     782392 total
[2021-05-03T07:08:40.060+0000][7][gc,age      ] GC(240) - age   7:       5104 bytes,     787496 total
[2021-05-03T07:08:40.060+0000][7][gc,age      ] GC(240) - age   9:         40 bytes,     787536 total
[2021-05-03T07:08:40.060+0000][7][gc,age      ] GC(240) - age  10:       1848 bytes,     789384 total
[2021-05-03T07:08:40.060+0000][7][gc,age      ] GC(240) - age  11:         24 bytes,     789408 total
[2021-05-03T07:08:40.060+0000][7][gc,age      ] GC(240) - age  12:       1696 bytes,     791104 total
[2021-05-03T07:08:40.060+0000][7][gc,age      ] GC(240) - age  13:        448 bytes,     791552 total
[2021-05-03T07:08:40.060+0000][7][gc,age      ] GC(240) - age  15:         88 bytes,     791640 total
[2021-05-03T07:08:40.060+0000][7][gc,phases   ] GC(240)   Pre Evacuate Collection Set: 0.1ms
[2021-05-03T07:08:40.060+0000][7][gc,phases   ] GC(240)   Merge Heap Roots: 0.0ms
[2021-05-03T07:08:40.060+0000][7][gc,phases   ] GC(240)   Evacuate Collection Set: 0.9ms
[2021-05-03T07:08:40.060+0000][7][gc,phases   ] GC(240)   Post Evacuate Collection Set: 0.6ms
[2021-05-03T07:08:40.060+0000][7][gc,phases   ] GC(240)   Other: 0.3ms
[2021-05-03T07:08:40.060+0000][7][gc,heap     ] GC(240) Eden regions: 21->0(21)
[2021-05-03T07:08:40.060+0000][7][gc,heap     ] GC(240) Survivor regions: 1->1(3)
[2021-05-03T07:08:40.060+0000][7][gc,heap     ] GC(240) Old regions: 27->27
[2021-05-03T07:08:40.060+0000][7][gc,heap     ] GC(240) Archive regions: 2->2
[2021-05-03T07:08:40.060+0000][7][gc,heap     ] GC(240) Humongous regions: 2->2
[2021-05-03T07:08:40.060+0000][7][gc,metaspace] GC(240) Metaspace: 108734K(113360K)->108734K(113360K) NonClass: 94847K(98204K)->94847K(98204K) Class: 13887K(15156K)->13887K(15156K)
[2021-05-03T07:08:40.060+0000][7][gc          ] GC(240) Pause Young (Concurrent Start) (G1 Evacuation Pause) 200M->116M(256M) 1.963ms
[2021-05-03T07:08:40.060+0000][7][gc,cpu      ] GC(240) User=0.01s Sys=0.00s Real=0.01s
[2021-05-03T07:08:40.060+0000][7][safepoint   ] Safepoint "G1CollectForAllocation", Time since last: 135821976480 ns, Reaching safepoint: 156649 ns, At safepoint: 2038872 ns, Total: 2195521 ns
[2021-05-03T07:08:40.060+0000][7][gc          ] GC(241) Concurrent Cycle
[2021-05-03T07:08:40.060+0000][7][gc,marking  ] GC(241) Concurrent Clear Claimed Marks
[2021-05-03T07:08:40.060+0000][7][gc,marking  ] GC(241) Concurrent Clear Claimed Marks 0.070ms
[2021-05-03T07:08:40.060+0000][7][gc,marking  ] GC(241) Concurrent Scan Root Regions
[2021-05-03T07:08:40.062+0000][7][gc,marking  ] GC(241) Concurrent Scan Root Regions 1.360ms
[2021-05-03T07:08:40.062+0000][7][gc,marking  ] GC(241) Concurrent Mark (17661.989s)
[2021-05-03T07:08:40.062+0000][7][gc,marking  ] GC(241) Concurrent Mark From Roots
[2021-05-03T07:08:40.062+0000][7][gc,task     ] GC(241) Using 2 workers of 2 for marking
[2021-05-03T07:08:40.141+0000][7][gc,marking  ] GC(241) Concurrent Mark From Roots 79.768ms
[2021-05-03T07:08:40.141+0000][7][gc,marking  ] GC(241) Concurrent Preclean
[2021-05-03T07:08:40.142+0000][7][gc,marking  ] GC(241) Concurrent Preclean 0.224ms
[2021-05-03T07:08:40.142+0000][7][gc,marking  ] GC(241) Concurrent Mark (17661.989s, 17662.069s) 80.042ms
[2021-05-03T07:08:40.142+0000][7][gc,start    ] GC(241) Pause Remark
[2021-05-03T07:08:40.147+0000][7][gc          ] GC(241) Pause Remark 117M->117M(256M) 5.179ms
[2021-05-03T07:08:40.147+0000][7][gc,cpu      ] GC(241) User=0.03s Sys=0.00s Real=0.00s
[2021-05-03T07:08:40.147+0000][7][safepoint   ] Safepoint "G1Concurrent", Time since last: 81569758 ns, Reaching safepoint: 120273 ns, At safepoint: 5254027 ns, Total: 5374300 ns
[2021-05-03T07:08:40.147+0000][7][gc,marking  ] GC(241) Concurrent Rebuild Remembered Sets
[2021-05-03T07:08:40.200+0000][7][gc,marking  ] GC(241) Concurrent Rebuild Remembered Sets 52.873ms
[2021-05-03T07:08:40.200+0000][7][gc,start    ] GC(241) Pause Cleanup
[2021-05-03T07:08:40.200+0000][7][gc          ] GC(241) Pause Cleanup 117M->117M(256M) 0.136ms
[2021-05-03T07:08:40.200+0000][7][gc,cpu      ] GC(241) User=0.01s Sys=0.00s Real=0.00s
[2021-05-03T07:08:40.200+0000][7][safepoint   ] Safepoint "G1Concurrent", Time since last: 53024129 ns, Reaching safepoint: 85891 ns, At safepoint: 183355 ns, Total: 269246 ns
[2021-05-03T07:08:40.200+0000][7][gc,marking  ] GC(241) Concurrent Cleanup for Next Mark
[2021-05-03T07:08:40.201+0000][7][gc,marking  ] GC(241) Concurrent Cleanup for Next Mark 0.196ms
[2021-05-03T07:08:40.201+0000][7][gc          ] GC(241) Concurrent Cycle 140.477ms
[2021-05-03T07:10:39.236+0000][7][safepoint   ] Safepoint "Cleanup", Time since last: 119035445442 ns, Reaching safepoint: 530830 ns, At safepoint: 7374 ns, Total: 538204 ns
[2021-05-03T07:10:43.700+0000][7][gc,start    ] GC(242) Pause Young (Normal) (G1 Evacuation Pause)
[2021-05-03T07:10:43.700+0000][7][gc,task     ] GC(242) Using 6 workers of 8 for evacuation
[2021-05-03T07:10:43.700+0000][7][gc,age      ] GC(242) Desired survivor size 6291456 bytes, new threshold 15 (max threshold 15)
[2021-05-03T07:10:43.701+0000][7][gc,age      ] GC(242) Age table with threshold 15 (max threshold 15)
[2021-05-03T07:10:43.701+0000][7][gc,age      ] GC(242) - age   1:     537368 bytes,     537368 total
[2021-05-03T07:10:43.701+0000][7][gc,age      ] GC(242) - age   2:        968 bytes,     538336 total
[2021-05-03T07:10:43.701+0000][7][gc,age      ] GC(242) - age   3:     151104 bytes,     689440 total
[2021-05-03T07:10:43.701+0000][7][gc,age      ] GC(242) - age   4:       2856 bytes,     692296 total
[2021-05-03T07:10:43.701+0000][7][gc,age      ] GC(242) - age   5:         40 bytes,     692336 total
[2021-05-03T07:10:43.701+0000][7][gc,age      ] GC(242) - age   6:        432 bytes,     692768 total
[2021-05-03T07:10:43.701+0000][7][gc,age      ] GC(242) - age   8:       5104 bytes,     697872 total
[2021-05-03T07:10:43.701+0000][7][gc,age      ] GC(242) - age  11:       1848 bytes,     699720 total
[2021-05-03T07:10:43.701+0000][7][gc,age      ] GC(242) - age  12:         24 bytes,     699744 total
[2021-05-03T07:10:43.701+0000][7][gc,age      ] GC(242) - age  13:       1696 bytes,     701440 total
[2021-05-03T07:10:43.701+0000][7][gc,age      ] GC(242) - age  14:        448 bytes,     701888 total
[2021-05-03T07:10:43.701+0000][7][gc,phases   ] GC(242)   Pre Evacuate Collection Set: 0.0ms
[2021-05-03T07:10:43.701+0000][7][gc,phases   ] GC(242)   Merge Heap Roots: 0.0ms
[2021-05-03T07:10:43.701+0000][7][gc,phases   ] GC(242)   Evacuate Collection Set: 0.8ms
[2021-05-03T07:10:43.701+0000][7][gc,phases   ] GC(242)   Post Evacuate Collection Set: 0.5ms
[2021-05-03T07:10:43.701+0000][7][gc,phases   ] GC(242)   Other: 0.2ms
[2021-05-03T07:10:43.701+0000][7][gc,heap     ] GC(242) Eden regions: 21->0(21)
[2021-05-03T07:10:43.701+0000][7][gc,heap     ] GC(242) Survivor regions: 1->1(3)
[2021-05-03T07:10:43.701+0000][7][gc,heap     ] GC(242) Old regions: 27->27
[2021-05-03T07:10:43.701+0000][7][gc,heap     ] GC(242) Archive regions: 2->2
[2021-05-03T07:10:43.701+0000][7][gc,heap     ] GC(242) Humongous regions: 2->2
[2021-05-03T07:10:43.701+0000][7][gc,metaspace] GC(242) Metaspace: 108735K(113360K)->108735K(113360K) NonClass: 94848K(98204K)->94848K(98204K) Class: 13887K(15156K)->13887K(15156K)
[2021-05-03T07:10:43.701+0000][7][gc          ] GC(242) Pause Young (Normal) (G1 Evacuation Pause) 200M->116M(256M) 1.655ms
[2021-05-03T07:10:43.701+0000][7][gc,cpu      ] GC(242) User=0.01s Sys=0.00s Real=0.00s
[2021-05-03T07:10:43.702+0000][7][safepoint   ] Safepoint "G1CollectForAllocation", Time since last: 4463410408 ns, Reaching safepoint: 91003 ns, At safepoint: 1712713 ns, Total: 1803716 ns
[2021-05-03T07:12:55.391+0000][7][gc,start    ] GC(243) Pause Young (Concurrent Start) (G1 Evacuation Pause)
[2021-05-03T07:12:55.391+0000][7][gc,task     ] GC(243) Using 6 workers of 8 for evacuation
[2021-05-03T07:12:55.391+0000][7][gc,age      ] GC(243) Desired survivor size 6291456 bytes, new threshold 15 (max threshold 15)
[2021-05-03T07:12:55.393+0000][7][gc,age      ] GC(243) Age table with threshold 15 (max threshold 15)
[2021-05-03T07:12:55.393+0000][7][gc,age      ] GC(243) - age   1:     507424 bytes,     507424 total
[2021-05-03T07:12:55.393+0000][7][gc,age      ] GC(243) - age   2:        544 bytes,     507968 total
[2021-05-03T07:12:55.393+0000][7][gc,age      ] GC(243) - age   3:        776 bytes,     508744 total
[2021-05-03T07:12:55.393+0000][7][gc,age      ] GC(243) - age   4:     150960 bytes,     659704 total
[2021-05-03T07:12:55.393+0000][7][gc,age      ] GC(243) - age   5:       2816 bytes,     662520 total
[2021-05-03T07:12:55.393+0000][7][gc,age      ] GC(243) - age   6:         40 bytes,     662560 total
[2021-05-03T07:12:55.393+0000][7][gc,age      ] GC(243) - age   7:        432 bytes,     662992 total
[2021-05-03T07:12:55.393+0000][7][gc,age      ] GC(243) - age   9:       5104 bytes,     668096 total
[2021-05-03T07:12:55.393+0000][7][gc,age      ] GC(243) - age  12:       1848 bytes,     669944 total
[2021-05-03T07:12:55.393+0000][7][gc,age      ] GC(243) - age  14:       1696 bytes,     671640 total
[2021-05-03T07:12:55.393+0000][7][gc,age      ] GC(243) - age  15:        448 bytes,     672088 total
[2021-05-03T07:12:55.393+0000][7][gc,phases   ] GC(243)   Pre Evacuate Collection Set: 0.1ms
[2021-05-03T07:12:55.393+0000][7][gc,phases   ] GC(243)   Merge Heap Roots: 0.0ms
[2021-05-03T07:12:55.393+0000][7][gc,phases   ] GC(243)   Evacuate Collection Set: 1.0ms
[2021-05-03T07:12:55.393+0000][7][gc,phases   ] GC(243)   Post Evacuate Collection Set: 0.6ms
[2021-05-03T07:12:55.393+0000][7][gc,phases   ] GC(243)   Other: 0.2ms
[2021-05-03T07:12:55.393+0000][7][gc,heap     ] GC(243) Eden regions: 21->0(21)
[2021-05-03T07:12:55.393+0000][7][gc,heap     ] GC(243) Survivor regions: 1->1(3)
[2021-05-03T07:12:55.393+0000][7][gc,heap     ] GC(243) Old regions: 27->27
[2021-05-03T07:12:55.393+0000][7][gc,heap     ] GC(243) Archive regions: 2->2
[2021-05-03T07:12:55.393+0000][7][gc,heap     ] GC(243) Humongous regions: 2->2
[2021-05-03T07:12:55.393+0000][7][gc,metaspace] GC(243) Metaspace: 108752K(113360K)->108752K(113360K) NonClass: 94865K(98204K)->94865K(98204K) Class: 13887K(15156K)->13887K(15156K)
[2021-05-03T07:12:55.393+0000][7][gc          ] GC(243) Pause Young (Concurrent Start) (G1 Evacuation Pause) 200M->116M(256M) 2.022ms
[2021-05-03T07:12:55.393+0000][7][gc,cpu      ] GC(243) User=0.01s Sys=0.00s Real=0.01s
[2021-05-03T07:12:55.393+0000][7][safepoint   ] Safepoint "G1CollectForAllocation", Time since last: 131689593272 ns, Reaching safepoint: 155897 ns, At safepoint: 2092989 ns, Total: 2248886 ns
[2021-05-03T07:12:55.393+0000][7][gc          ] GC(244) Concurrent Cycle
[2021-05-03T07:12:55.393+0000][7][gc,marking  ] GC(244) Concurrent Clear Claimed Marks
[2021-05-03T07:12:55.393+0000][7][gc,marking  ] GC(244) Concurrent Clear Claimed Marks 0.049ms
[2021-05-03T07:12:55.393+0000][7][gc,marking  ] GC(244) Concurrent Scan Root Regions
[2021-05-03T07:12:55.395+0000][7][gc,marking  ] GC(244) Concurrent Scan Root Regions 1.319ms
[2021-05-03T07:12:55.395+0000][7][gc,marking  ] GC(244) Concurrent Mark (17917.322s)
[2021-05-03T07:12:55.395+0000][7][gc,marking  ] GC(244) Concurrent Mark From Roots
[2021-05-03T07:12:55.395+0000][7][gc,task     ] GC(244) Using 2 workers of 2 for marking
[2021-05-03T07:12:55.474+0000][7][gc,marking  ] GC(244) Concurrent Mark From Roots 79.147ms
[2021-05-03T07:12:55.474+0000][7][gc,marking  ] GC(244) Concurrent Preclean
[2021-05-03T07:12:55.474+0000][7][gc,marking  ] GC(244) Concurrent Preclean 0.206ms
[2021-05-03T07:12:55.474+0000][7][gc,marking  ] GC(244) Concurrent Mark (17917.322s, 17917.402s) 79.402ms
[2021-05-03T07:12:55.474+0000][7][gc,start    ] GC(244) Pause Remark
[2021-05-03T07:12:55.479+0000][7][gc          ] GC(244) Pause Remark 116M->116M(256M) 5.113ms
[2021-05-03T07:12:55.479+0000][7][gc,cpu      ] GC(244) User=0.03s Sys=0.00s Real=0.00s
[2021-05-03T07:12:55.479+0000][7][safepoint   ] Safepoint "G1Concurrent", Time since last: 80871409 ns, Reaching safepoint: 86410 ns, At safepoint: 5189153 ns, Total: 5275563 ns
[2021-05-03T07:12:55.480+0000][7][gc,marking  ] GC(244) Concurrent Rebuild Remembered Sets
[2021-05-03T07:12:55.532+0000][7][gc,marking  ] GC(244) Concurrent Rebuild Remembered Sets 52.658ms
[2021-05-03T07:12:55.532+0000][7][gc,start    ] GC(244) Pause Cleanup
[2021-05-03T07:12:55.532+0000][7][gc          ] GC(244) Pause Cleanup 116M->116M(256M) 0.072ms
[2021-05-03T07:12:55.532+0000][7][gc,cpu      ] GC(244) User=0.00s Sys=0.00s Real=0.00s
[2021-05-03T07:12:55.533+0000][7][safepoint   ] Safepoint "G1Concurrent", Time since last: 52802800 ns, Reaching safepoint: 105432 ns, At safepoint: 112082 ns, Total: 217514 ns
[2021-05-03T07:12:55.533+0000][7][gc,marking  ] GC(244) Concurrent Cleanup for Next Mark
[2021-05-03T07:12:55.533+0000][7][gc,marking  ] GC(244) Concurrent Cleanup for Next Mark 0.166ms
[2021-05-03T07:12:55.533+0000][7][gc          ] GC(244) Concurrent Cycle 139.397ms
[2021-05-03T07:13:58.548+0000][7][safepoint   ] Safepoint "Cleanup", Time since last: 63015602418 ns, Reaching safepoint: 118986 ns, At safepoint: 5981 ns, Total: 124967 ns
[2021-05-03T07:14:09.551+0000][7][safepoint   ] Safepoint "Cleanup", Time since last: 11003120466 ns, Reaching safepoint: 106235 ns, At safepoint: 5919 ns, Total: 112154 ns
[2021-05-03T07:14:40.561+0000][7][safepoint   ] Safepoint "Cleanup", Time since last: 31008926124 ns, Reaching safepoint: 97244 ns, At safepoint: 7076 ns, Total: 104320 ns
[2021-05-03T07:14:49.563+0000][7][safepoint   ] Safepoint "Cleanup", Time since last: 9002476899 ns, Reaching safepoint: 180184 ns, At safepoint: 5588 ns, Total: 185772 ns
[2021-05-03T07:14:55.271+0000][7][gc,start    ] GC(245) Pause Young (Normal) (G1 Evacuation Pause)
[2021-05-03T07:14:55.271+0000][7][gc,task     ] GC(245) Using 6 workers of 8 for evacuation
[2021-05-03T07:14:55.271+0000][7][gc,age      ] GC(245) Desired survivor size 6291456 bytes, new threshold 15 (max threshold 15)
[2021-05-03T07:14:55.273+0000][7][gc,age      ] GC(245) Age table with threshold 15 (max threshold 15)
[2021-05-03T07:14:55.273+0000][7][gc,age      ] GC(245) - age   1:     663968 bytes,     663968 total
[2021-05-03T07:14:55.273+0000][7][gc,age      ] GC(245) - age   2:        840 bytes,     664808 total
[2021-05-03T07:14:55.273+0000][7][gc,age      ] GC(245) - age   3:        136 bytes,     664944 total
[2021-05-03T07:14:55.273+0000][7][gc,age      ] GC(245) - age   4:        616 bytes,     665560 total
[2021-05-03T07:14:55.273+0000][7][gc,age      ] GC(245) - age   5:     150896 bytes,     816456 total
[2021-05-03T07:14:55.273+0000][7][gc,age      ] GC(245) - age   6:         64 bytes,     816520 total
[2021-05-03T07:14:55.273+0000][7][gc,age      ] GC(245) - age   8:        224 bytes,     816744 total
[2021-05-03T07:14:55.273+0000][7][gc,age      ] GC(245) - age  10:       5104 bytes,     821848 total
[2021-05-03T07:14:55.273+0000][7][gc,age      ] GC(245) - age  13:       1848 bytes,     823696 total
[2021-05-03T07:14:55.273+0000][7][gc,age      ] GC(245) - age  15:       1696 bytes,     825392 total
[2021-05-03T07:14:55.273+0000][7][gc,phases   ] GC(245)   Pre Evacuate Collection Set: 0.1ms
[2021-05-03T07:14:55.273+0000][7][gc,phases   ] GC(245)   Merge Heap Roots: 0.0ms
[2021-05-03T07:14:55.273+0000][7][gc,phases   ] GC(245)   Evacuate Collection Set: 1.0ms
[2021-05-03T07:14:55.273+0000][7][gc,phases   ] GC(245)   Post Evacuate Collection Set: 0.3ms
[2021-05-03T07:14:55.273+0000][7][gc,phases   ] GC(245)   Other: 0.2ms
[2021-05-03T07:14:55.273+0000][7][gc,heap     ] GC(245) Eden regions: 21->0(21)
[2021-05-03T07:14:55.273+0000][7][gc,heap     ] GC(245) Survivor regions: 1->1(3)
[2021-05-03T07:14:55.273+0000][7][gc,heap     ] GC(245) Old regions: 27->27
[2021-05-03T07:14:55.273+0000][7][gc,heap     ] GC(245) Archive regions: 2->2
[2021-05-03T07:14:55.273+0000][7][gc,heap     ] GC(245) Humongous regions: 2->2
[2021-05-03T07:14:55.273+0000][7][gc,metaspace] GC(245) Metaspace: 109027K(114000K)->109027K(114000K) NonClass: 95089K(98716K)->95089K(98716K) Class: 13938K(15284K)->13938K(15284K)
[2021-05-03T07:14:55.273+0000][7][gc          ] GC(245) Pause Young (Normal) (G1 Evacuation Pause) 200M->116M(256M) 1.721ms
[2021-05-03T07:14:55.273+0000][7][gc,cpu      ] GC(245) User=0.01s Sys=0.00s Real=0.01s
[2021-05-03T07:14:55.273+0000][7][safepoint   ] Safepoint "G1CollectForAllocation", Time since last: 5707840658 ns, Reaching safepoint: 255719 ns, At safepoint: 1792775 ns, Total: 2048494 ns
[2021-05-03T07:15:39.284+0000][7][safepoint   ] Safepoint "Cleanup", Time since last: 44011304680 ns, Reaching safepoint: 107542 ns, At safepoint: 5505 ns, Total: 113047 ns
[2021-05-03T07:15:41.285+0000][7][safepoint   ] Safepoint "Cleanup", Time since last: 2000585427 ns, Reaching safepoint: 188361 ns, At safepoint: 7305 ns, Total: 195666 ns
[2021-05-03T07:16:38.311+0000][7][gc,start    ] GC(246) Pause Young (Concurrent Start) (G1 Evacuation Pause)
[2021-05-03T07:16:38.311+0000][7][gc,task     ] GC(246) Using 6 workers of 8 for evacuation
[2021-05-03T07:16:38.312+0000][7][gc,age      ] GC(246) Desired survivor size 6291456 bytes, new threshold 15 (max threshold 15)
[2021-05-03T07:16:38.313+0000][7][gc,age      ] GC(246) Age table with threshold 15 (max threshold 15)
[2021-05-03T07:16:38.313+0000][7][gc,age      ] GC(246) - age   1:     803616 bytes,     803616 total
[2021-05-03T07:16:38.313+0000][7][gc,age      ] GC(246) - age   2:     144816 bytes,     948432 total
[2021-05-03T07:16:38.313+0000][7][gc,age      ] GC(246) - age   3:        504 bytes,     948936 total
[2021-05-03T07:16:38.313+0000][7][gc,age      ] GC(246) - age   4:        136 bytes,     949072 total
[2021-05-03T07:16:38.313+0000][7][gc,age      ] GC(246) - age   5:        472 bytes,     949544 total
[2021-05-03T07:16:38.313+0000][7][gc,age      ] GC(246) - age   6:       1152 bytes,     950696 total
[2021-05-03T07:16:38.313+0000][7][gc,age      ] GC(246) - age   7:         24 bytes,     950720 total
[2021-05-03T07:16:38.313+0000][7][gc,age      ] GC(246) - age   9:         24 bytes,     950744 total
[2021-05-03T07:16:38.313+0000][7][gc,age      ] GC(246) - age  11:        376 bytes,     951120 total
[2021-05-03T07:16:38.313+0000][7][gc,age      ] GC(246) - age  14:       1848 bytes,     952968 total
[2021-05-03T07:16:38.313+0000][7][gc,phases   ] GC(246)   Pre Evacuate Collection Set: 0.1ms
[2021-05-03T07:16:38.313+0000][7][gc,phases   ] GC(246)   Merge Heap Roots: 0.0ms
[2021-05-03T07:16:38.313+0000][7][gc,phases   ] GC(246)   Evacuate Collection Set: 1.0ms
[2021-05-03T07:16:38.313+0000][7][gc,phases   ] GC(246)   Post Evacuate Collection Set: 0.6ms
[2021-05-03T07:16:38.313+0000][7][gc,phases   ] GC(246)   Other: 0.2ms
[2021-05-03T07:16:38.313+0000][7][gc,heap     ] GC(246) Eden regions: 21->0(21)
[2021-05-03T07:16:38.313+0000][7][gc,heap     ] GC(246) Survivor regions: 1->1(3)
[2021-05-03T07:16:38.313+0000][7][gc,heap     ] GC(246) Old regions: 27->27
[2021-05-03T07:16:38.313+0000][7][gc,heap     ] GC(246) Archive regions: 2->2
[2021-05-03T07:16:38.313+0000][7][gc,heap     ] GC(246) Humongous regions: 2->2
[2021-05-03T07:16:38.313+0000][7][gc,metaspace] GC(246) Metaspace: 109034K(114000K)->109034K(114000K) NonClass: 95096K(98716K)->95096K(98716K) Class: 13938K(15284K)->13938K(15284K)
[2021-05-03T07:16:38.313+0000][7][gc          ] GC(246) Pause Young (Concurrent Start) (G1 Evacuation Pause) 200M->116M(256M) 1.970ms
[2021-05-03T07:16:38.313+0000][7][gc,cpu      ] GC(246) User=0.00s Sys=0.00s Real=0.01s
[2021-05-03T07:16:38.313+0000][7][safepoint   ] Safepoint "G1CollectForAllocation", Time since last: 57026020925 ns, Reaching safepoint: 140852 ns, At safepoint: 2030851 ns, Total: 2171703 ns
[2021-05-03T07:16:38.313+0000][7][gc          ] GC(247) Concurrent Cycle
[2021-05-03T07:16:38.313+0000][7][gc,marking  ] GC(247) Concurrent Clear Claimed Marks
[2021-05-03T07:16:38.314+0000][7][gc,marking  ] GC(247) Concurrent Clear Claimed Marks 0.046ms
[2021-05-03T07:16:38.314+0000][7][gc,marking  ] GC(247) Concurrent Scan Root Regions
[2021-05-03T07:16:38.315+0000][7][gc,marking  ] GC(247) Concurrent Scan Root Regions 1.727ms
[2021-05-03T07:16:38.315+0000][7][gc,marking  ] GC(247) Concurrent Mark (18140.243s)
[2021-05-03T07:16:38.315+0000][7][gc,marking  ] GC(247) Concurrent Mark From Roots
[2021-05-03T07:16:38.315+0000][7][gc,task     ] GC(247) Using 2 workers of 2 for marking
[2021-05-03T07:16:38.394+0000][7][gc,marking  ] GC(247) Concurrent Mark From Roots 78.538ms
[2021-05-03T07:16:38.394+0000][7][gc,marking  ] GC(247) Concurrent Preclean
[2021-05-03T07:16:38.394+0000][7][gc,marking  ] GC(247) Concurrent Preclean 0.225ms
[2021-05-03T07:16:38.394+0000][7][gc,marking  ] GC(247) Concurrent Mark (18140.243s, 18140.322s) 78.816ms
[2021-05-03T07:16:38.394+0000][7][gc,start    ] GC(247) Pause Remark
[2021-05-03T07:16:38.400+0000][7][gc          ] GC(247) Pause Remark 117M->117M(256M) 5.249ms
[2021-05-03T07:16:38.400+0000][7][gc,cpu      ] GC(247) User=0.03s Sys=0.00s Real=0.00s
[2021-05-03T07:16:38.400+0000][7][safepoint   ] Safepoint "G1Concurrent", Time since last: 80659611 ns, Reaching safepoint: 153306 ns, At safepoint: 5323605 ns, Total: 5476911 ns
[2021-05-03T07:16:38.400+0000][7][gc,marking  ] GC(247) Concurrent Rebuild Remembered Sets
[2021-05-03T07:16:38.452+0000][7][gc,marking  ] GC(247) Concurrent Rebuild Remembered Sets 52.657ms
[2021-05-03T07:16:38.452+0000][7][gc,start    ] GC(247) Pause Cleanup
[2021-05-03T07:16:38.452+0000][7][gc          ] GC(247) Pause Cleanup 117M->117M(256M) 0.066ms
[2021-05-03T07:16:38.452+0000][7][gc,cpu      ] GC(247) User=0.00s Sys=0.00s Real=0.00s
[2021-05-03T07:16:38.453+0000][7][safepoint   ] Safepoint "G1Concurrent", Time since last: 52737835 ns, Reaching safepoint: 80260 ns, At safepoint: 106585 ns, Total: 186845 ns
[2021-05-03T07:16:38.453+0000][7][gc,marking  ] GC(247) Concurrent Cleanup for Next Mark
[2021-05-03T07:16:38.453+0000][7][gc,marking  ] GC(247) Concurrent Cleanup for Next Mark 0.166ms
[2021-05-03T07:16:38.453+0000][7][gc          ] GC(247) Concurrent Cycle 139.262ms
[2021-05-03T07:17:19.466+0000][7][safepoint   ] Safepoint "Cleanup", Time since last: 41013238205 ns, Reaching safepoint: 103553 ns, At safepoint: 4537 ns, Total: 108090 ns
[2021-05-03T07:18:49.147+0000][7][gc,start    ] GC(248) Pause Young (Normal) (G1 Evacuation Pause)
[2021-05-03T07:18:49.147+0000][7][gc,task     ] GC(248) Using 6 workers of 8 for evacuation
[2021-05-03T07:18:49.147+0000][7][gc,age      ] GC(248) Desired survivor size 6291456 bytes, new threshold 15 (max threshold 15)
[2021-05-03T07:18:49.149+0000][7][gc,age      ] GC(248) Age table with threshold 15 (max threshold 15)
[2021-05-03T07:18:49.149+0000][7][gc,age      ] GC(248) - age   1:     556192 bytes,     556192 total
[2021-05-03T07:18:49.149+0000][7][gc,age      ] GC(248) - age   2:     301888 bytes,     858080 total
[2021-05-03T07:18:49.149+0000][7][gc,age      ] GC(248) - age   3:     127320 bytes,     985400 total
[2021-05-03T07:18:49.149+0000][7][gc,age      ] GC(248) - age   4:        344 bytes,     985744 total
[2021-05-03T07:18:49.149+0000][7][gc,age      ] GC(248) - age   5:        136 bytes,     985880 total
[2021-05-03T07:18:49.149+0000][7][gc,age      ] GC(248) - age   6:        232 bytes,     986112 total
[2021-05-03T07:18:49.149+0000][7][gc,age      ] GC(248) - age   7:       1128 bytes,     987240 total
[2021-05-03T07:18:49.149+0000][7][gc,age      ] GC(248) - age   8:         24 bytes,     987264 total
[2021-05-03T07:18:49.149+0000][7][gc,age      ] GC(248) - age  12:        376 bytes,     987640 total
[2021-05-03T07:18:49.149+0000][7][gc,age      ] GC(248) - age  15:       1848 bytes,     989488 total
[2021-05-03T07:18:49.149+0000][7][gc,phases   ] GC(248)   Pre Evacuate Collection Set: 0.0ms
[2021-05-03T07:18:49.149+0000][7][gc,phases   ] GC(248)   Merge Heap Roots: 0.0ms
[2021-05-03T07:18:49.149+0000][7][gc,phases   ] GC(248)   Evacuate Collection Set: 1.0ms
[2021-05-03T07:18:49.149+0000][7][gc,phases   ] GC(248)   Post Evacuate Collection Set: 0.6ms
[2021-05-03T07:18:49.149+0000][7][gc,phases   ] GC(248)   Other: 0.2ms
[2021-05-03T07:18:49.149+0000][7][gc,heap     ] GC(248) Eden regions: 21->0(21)
[2021-05-03T07:18:49.149+0000][7][gc,heap     ] GC(248) Survivor regions: 1->1(3)
[2021-05-03T07:18:49.149+0000][7][gc,heap     ] GC(248) Old regions: 27->27
[2021-05-03T07:18:49.149+0000][7][gc,heap     ] GC(248) Archive regions: 2->2
[2021-05-03T07:18:49.149+0000][7][gc,heap     ] GC(248) Humongous regions: 2->2
[2021-05-03T07:18:49.149+0000][7][gc,metaspace] GC(248) Metaspace: 109035K(114000K)->109035K(114000K) NonClass: 95097K(98716K)->95097K(98716K) Class: 13938K(15284K)->13938K(15284K)
[2021-05-03T07:18:49.149+0000][7][gc          ] GC(248) Pause Young (Normal) (G1 Evacuation Pause) 200M->117M(256M) 1.924ms
[2021-05-03T07:18:49.149+0000][7][gc,cpu      ] GC(248) User=0.01s Sys=0.00s Real=0.00s
[2021-05-03T07:18:49.149+0000][7][safepoint   ] Safepoint "G1CollectForAllocation", Time since last: 89681377111 ns, Reaching safepoint: 143070 ns, At safepoint: 1986491 ns, Total: 2129561 ns
[2021-05-03T07:20:53.416+0000][7][gc,start    ] GC(249) Pause Young (Concurrent Start) (G1 Evacuation Pause)
[2021-05-03T07:20:53.416+0000][7][gc,task     ] GC(249) Using 6 workers of 8 for evacuation
[2021-05-03T07:20:53.416+0000][7][gc,age      ] GC(249) Desired survivor size 6291456 bytes, new threshold 15 (max threshold 15)
[2021-05-03T07:20:53.418+0000][7][gc,age      ] GC(249) Age table with threshold 15 (max threshold 15)
[2021-05-03T07:20:53.418+0000][7][gc,age      ] GC(249) - age   1:     514928 bytes,     514928 total
[2021-05-03T07:20:53.418+0000][7][gc,age      ] GC(249) - age   2:       1128 bytes,     516056 total
[2021-05-03T07:20:53.418+0000][7][gc,age      ] GC(249) - age   3:     180480 bytes,     696536 total
[2021-05-03T07:20:53.419+0000][7][gc,age      ] GC(249) - age   4:     127184 bytes,     823720 total
[2021-05-03T07:20:53.419+0000][7][gc,age      ] GC(249) - age   5:        344 bytes,     824064 total
[2021-05-03T07:20:53.419+0000][7][gc,age      ] GC(249) - age   6:        136 bytes,     824200 total
[2021-05-03T07:20:53.419+0000][7][gc,age      ] GC(249) - age   7:        232 bytes,     824432 total
[2021-05-03T07:20:53.419+0000][7][gc,age      ] GC(249) - age   8:       1128 bytes,     825560 total
[2021-05-03T07:20:53.419+0000][7][gc,age      ] GC(249) - age   9:         24 bytes,     825584 total
[2021-05-03T07:20:53.419+0000][7][gc,age      ] GC(249) - age  13:        376 bytes,     825960 total
[2021-05-03T07:20:53.419+0000][7][gc,phases   ] GC(249)   Pre Evacuate Collection Set: 0.2ms
[2021-05-03T07:20:53.419+0000][7][gc,phases   ] GC(249)   Merge Heap Roots: 0.1ms
[2021-05-03T07:20:53.419+0000][7][gc,phases   ] GC(249)   Evacuate Collection Set: 1.1ms
[2021-05-03T07:20:53.419+0000][7][gc,phases   ] GC(249)   Post Evacuate Collection Set: 0.8ms
[2021-05-03T07:20:53.419+0000][7][gc,phases   ] GC(249)   Other: 0.2ms
[2021-05-03T07:20:53.419+0000][7][gc,heap     ] GC(249) Eden regions: 21->0(21)
[2021-05-03T07:20:53.419+0000][7][gc,heap     ] GC(249) Survivor regions: 1->1(3)
[2021-05-03T07:20:53.419+0000][7][gc,heap     ] GC(249) Old regions: 27->27
[2021-05-03T07:20:53.419+0000][7][gc,heap     ] GC(249) Archive regions: 2->2
[2021-05-03T07:20:53.419+0000][7][gc,heap     ] GC(249) Humongous regions: 2->2
[2021-05-03T07:20:53.419+0000][7][gc,metaspace] GC(249) Metaspace: 109039K(114000K)->109039K(114000K) NonClass: 95101K(98716K)->95101K(98716K) Class: 13938K(15284K)->13938K(15284K)
[2021-05-03T07:20:53.419+0000][7][gc          ] GC(249) Pause Young (Concurrent Start) (G1 Evacuation Pause) 201M->116M(256M) 2.402ms
[2021-05-03T07:20:53.419+0000][7][gc,cpu      ] GC(249) User=0.01s Sys=0.00s Real=0.00s
[2021-05-03T07:20:53.419+0000][7][safepoint   ] Safepoint "G1CollectForAllocation", Time since last: 124266684606 ns, Reaching safepoint: 150881 ns, At safepoint: 2468981 ns, Total: 2619862 ns
[2021-05-03T07:20:53.419+0000][7][gc          ] GC(250) Concurrent Cycle
[2021-05-03T07:20:53.419+0000][7][gc,marking  ] GC(250) Concurrent Clear Claimed Marks
[2021-05-03T07:20:53.419+0000][7][gc,marking  ] GC(250) Concurrent Clear Claimed Marks 0.047ms
[2021-05-03T07:20:53.419+0000][7][gc,marking  ] GC(250) Concurrent Scan Root Regions
[2021-05-03T07:20:53.420+0000][7][gc,marking  ] GC(250) Concurrent Scan Root Regions 1.693ms
[2021-05-03T07:20:53.420+0000][7][gc,marking  ] GC(250) Concurrent Mark (18395.348s)
[2021-05-03T07:20:53.420+0000][7][gc,marking  ] GC(250) Concurrent Mark From Roots
[2021-05-03T07:20:53.420+0000][7][gc,task     ] GC(250) Using 2 workers of 2 for marking
[2021-05-03T07:20:53.511+0000][7][gc,marking  ] GC(250) Concurrent Mark From Roots 90.963ms
[2021-05-03T07:20:53.511+0000][7][gc,marking  ] GC(250) Concurrent Preclean
[2021-05-03T07:20:53.512+0000][7][gc,marking  ] GC(250) Concurrent Preclean 0.215ms
[2021-05-03T07:20:53.512+0000][7][gc,marking  ] GC(250) Concurrent Mark (18395.348s, 18395.439s) 91.227ms
[2021-05-03T07:20:53.512+0000][7][gc,start    ] GC(250) Pause Remark
[2021-05-03T07:20:53.517+0000][7][gc          ] GC(250) Pause Remark 117M->117M(256M) 5.520ms
[2021-05-03T07:20:53.517+0000][7][gc,cpu      ] GC(250) User=0.03s Sys=0.00s Real=0.00s
[2021-05-03T07:20:53.517+0000][7][safepoint   ] Safepoint "G1Concurrent", Time since last: 93042783 ns, Reaching safepoint: 148453 ns, At safepoint: 5607624 ns, Total: 5756077 ns
[2021-05-03T07:20:53.518+0000][7][gc,marking  ] GC(250) Concurrent Rebuild Remembered Sets
[2021-05-03T07:20:53.572+0000][7][gc,marking  ] GC(250) Concurrent Rebuild Remembered Sets 54.531ms
[2021-05-03T07:20:53.572+0000][7][gc,start    ] GC(250) Pause Cleanup
[2021-05-03T07:20:53.572+0000][7][gc          ] GC(250) Pause Cleanup 117M->117M(256M) 0.070ms
[2021-05-03T07:20:53.572+0000][7][gc,cpu      ] GC(250) User=0.00s Sys=0.00s Real=0.00s
[2021-05-03T07:20:53.572+0000][7][safepoint   ] Safepoint "G1Concurrent", Time since last: 54679460 ns, Reaching safepoint: 94787 ns, At safepoint: 114000 ns, Total: 208787 ns
[2021-05-03T07:20:53.572+0000][7][gc,marking  ] GC(250) Concurrent Cleanup for Next Mark
[2021-05-03T07:20:53.572+0000][7][gc,marking  ] GC(250) Concurrent Cleanup for Next Mark 0.133ms
[2021-05-03T07:20:53.573+0000][7][gc          ] GC(250) Concurrent Cycle 153.847ms
[2021-05-03T07:21:42.585+0000][7][safepoint   ] Safepoint "Cleanup", Time since last: 49012961221 ns, Reaching safepoint: 106553 ns, At safepoint: 5468 ns, Total: 112021 ns
[2021-05-03T07:23:09.442+0000][7][gc,start    ] GC(251) Pause Young (Normal) (G1 Evacuation Pause)
[2021-05-03T07:23:09.442+0000][7][gc,task     ] GC(251) Using 6 workers of 8 for evacuation
[2021-05-03T07:23:09.442+0000][7][gc,age      ] GC(251) Desired survivor size 6291456 bytes, new threshold 15 (max threshold 15)
[2021-05-03T07:23:09.444+0000][7][gc,age      ] GC(251) Age table with threshold 15 (max threshold 15)
[2021-05-03T07:23:09.444+0000][7][gc,age      ] GC(251) - age   1:     522320 bytes,     522320 total
[2021-05-03T07:23:09.444+0000][7][gc,age      ] GC(251) - age   2:        432 bytes,     522752 total
[2021-05-03T07:23:09.444+0000][7][gc,age      ] GC(251) - age   3:        320 bytes,     523072 total
[2021-05-03T07:23:09.444+0000][7][gc,age      ] GC(251) - age   4:     180480 bytes,     703552 total
[2021-05-03T07:23:09.444+0000][7][gc,age      ] GC(251) - age   5:     127184 bytes,     830736 total
[2021-05-03T07:23:09.444+0000][7][gc,age      ] GC(251) - age   6:        344 bytes,     831080 total
[2021-05-03T07:23:09.444+0000][7][gc,age      ] GC(251) - age   7:        136 bytes,     831216 total
[2021-05-03T07:23:09.444+0000][7][gc,age      ] GC(251) - age   8:        232 bytes,     831448 total
[2021-05-03T07:23:09.444+0000][7][gc,age      ] GC(251) - age   9:       1128 bytes,     832576 total
[2021-05-03T07:23:09.444+0000][7][gc,age      ] GC(251) - age  14:        376 bytes,     832952 total
[2021-05-03T07:23:09.444+0000][7][gc,phases   ] GC(251)   Pre Evacuate Collection Set: 0.1ms
[2021-05-03T07:23:09.444+0000][7][gc,phases   ] GC(251)   Merge Heap Roots: 0.0ms
[2021-05-03T07:23:09.444+0000][7][gc,phases   ] GC(251)   Evacuate Collection Set: 0.9ms
[2021-05-03T07:23:09.444+0000][7][gc,phases   ] GC(251)   Post Evacuate Collection Set: 0.5ms
[2021-05-03T07:23:09.444+0000][7][gc,phases   ] GC(251)   Other: 0.2ms
[2021-05-03T07:23:09.444+0000][7][gc,heap     ] GC(251) Eden regions: 21->0(21)
[2021-05-03T07:23:09.444+0000][7][gc,heap     ] GC(251) Survivor regions: 1->1(3)
[2021-05-03T07:23:09.444+0000][7][gc,heap     ] GC(251) Old regions: 27->27
[2021-05-03T07:23:09.444+0000][7][gc,heap     ] GC(251) Archive regions: 2->2
[2021-05-03T07:23:09.444+0000][7][gc,heap     ] GC(251) Humongous regions: 2->2
[2021-05-03T07:23:09.444+0000][7][gc,metaspace] GC(251) Metaspace: 109046K(114000K)->109046K(114000K) NonClass: 95108K(98716K)->95108K(98716K) Class: 13938K(15284K)->13938K(15284K)
[2021-05-03T07:23:09.444+0000][7][gc          ] GC(251) Pause Young (Normal) (G1 Evacuation Pause) 200M->116M(256M) 1.715ms
[2021-05-03T07:23:09.444+0000][7][gc,cpu      ] GC(251) User=0.00s Sys=0.00s Real=0.00s
[2021-05-03T07:23:09.444+0000][7][safepoint   ] Safepoint "G1CollectForAllocation", Time since last: 86856420869 ns, Reaching safepoint: 111518 ns, At safepoint: 1790875 ns, Total: 1902393 ns
[2021-05-03T07:25:18.524+0000][7][gc,start    ] GC(252) Pause Young (Concurrent Start) (G1 Evacuation Pause)
[2021-05-03T07:25:18.524+0000][7][gc,task     ] GC(252) Using 6 workers of 8 for evacuation
[2021-05-03T07:25:18.524+0000][7][gc,age      ] GC(252) Desired survivor size 6291456 bytes, new threshold 15 (max threshold 15)
[2021-05-03T07:25:18.525+0000][7][gc,age      ] GC(252) Age table with threshold 15 (max threshold 15)
[2021-05-03T07:25:18.525+0000][7][gc,age      ] GC(252) - age   1:     517744 bytes,     517744 total
[2021-05-03T07:25:18.525+0000][7][gc,age      ] GC(252) - age   2:       1032 bytes,     518776 total
[2021-05-03T07:25:18.525+0000][7][gc,age      ] GC(252) - age   3:        320 bytes,     519096 total
[2021-05-03T07:25:18.525+0000][7][gc,age      ] GC(252) - age   4:        320 bytes,     519416 total
[2021-05-03T07:25:18.525+0000][7][gc,age      ] GC(252) - age   5:     180384 bytes,     699800 total
[2021-05-03T07:25:18.525+0000][7][gc,age      ] GC(252) - age   6:     124648 bytes,     824448 total
[2021-05-03T07:25:18.525+0000][7][gc,age      ] GC(252) - age   7:        120 bytes,     824568 total
[2021-05-03T07:25:18.525+0000][7][gc,age      ] GC(252) - age   8:         40 bytes,     824608 total
[2021-05-03T07:25:18.525+0000][7][gc,age      ] GC(252) - age   9:        192 bytes,     824800 total
[2021-05-03T07:25:18.525+0000][7][gc,age      ] GC(252) - age  10:       1104 bytes,     825904 total
[2021-05-03T07:25:18.525+0000][7][gc,age      ] GC(252) - age  15:        376 bytes,     826280 total
[2021-05-03T07:25:18.525+0000][7][gc,phases   ] GC(252)   Pre Evacuate Collection Set: 0.1ms
[2021-05-03T07:25:18.525+0000][7][gc,phases   ] GC(252)   Merge Heap Roots: 0.1ms
[2021-05-03T07:25:18.525+0000][7][gc,phases   ] GC(252)   Evacuate Collection Set: 0.8ms
[2021-05-03T07:25:18.525+0000][7][gc,phases   ] GC(252)   Post Evacuate Collection Set: 0.6ms
[2021-05-03T07:25:18.525+0000][7][gc,phases   ] GC(252)   Other: 0.2ms
[2021-05-03T07:25:18.525+0000][7][gc,heap     ] GC(252) Eden regions: 21->0(21)
[2021-05-03T07:25:18.525+0000][7][gc,heap     ] GC(252) Survivor regions: 1->1(3)
[2021-05-03T07:25:18.525+0000][7][gc,heap     ] GC(252) Old regions: 27->27
[2021-05-03T07:25:18.525+0000][7][gc,heap     ] GC(252) Archive regions: 2->2
[2021-05-03T07:25:18.525+0000][7][gc,heap     ] GC(252) Humongous regions: 2->2
[2021-05-03T07:25:18.525+0000][7][gc,metaspace] GC(252) Metaspace: 109046K(114000K)->109046K(114000K) NonClass: 95108K(98716K)->95108K(98716K) Class: 13938K(15284K)->13938K(15284K)
[2021-05-03T07:25:18.525+0000][7][gc          ] GC(252) Pause Young (Concurrent Start) (G1 Evacuation Pause) 200M->116M(256M) 1.940ms
[2021-05-03T07:25:18.525+0000][7][gc,cpu      ] GC(252) User=0.01s Sys=0.00s Real=0.00s
[2021-05-03T07:25:18.526+0000][7][safepoint   ] Safepoint "G1CollectForAllocation", Time since last: 129079620516 ns, Reaching safepoint: 132150 ns, At safepoint: 2017624 ns, Total: 2149774 ns
[2021-05-03T07:25:18.526+0000][7][gc          ] GC(253) Concurrent Cycle
[2021-05-03T07:25:18.526+0000][7][gc,marking  ] GC(253) Concurrent Clear Claimed Marks
[2021-05-03T07:25:18.526+0000][7][gc,marking  ] GC(253) Concurrent Clear Claimed Marks 0.074ms
[2021-05-03T07:25:18.526+0000][7][gc,marking  ] GC(253) Concurrent Scan Root Regions
[2021-05-03T07:25:18.527+0000][7][gc,marking  ] GC(253) Concurrent Scan Root Regions 1.573ms
[2021-05-03T07:25:18.527+0000][7][gc,marking  ] GC(253) Concurrent Mark (18660.455s)
[2021-05-03T07:25:18.527+0000][7][gc,marking  ] GC(253) Concurrent Mark From Roots
[2021-05-03T07:25:18.527+0000][7][gc,task     ] GC(253) Using 2 workers of 2 for marking
[2021-05-03T07:25:18.606+0000][7][gc,marking  ] GC(253) Concurrent Mark From Roots 78.642ms
[2021-05-03T07:25:18.606+0000][7][gc,marking  ] GC(253) Concurrent Preclean
[2021-05-03T07:25:18.606+0000][7][gc,marking  ] GC(253) Concurrent Preclean 0.223ms
[2021-05-03T07:25:18.606+0000][7][gc,marking  ] GC(253) Concurrent Mark (18660.455s, 18660.534s) 78.915ms
[2021-05-03T07:25:18.606+0000][7][gc,start    ] GC(253) Pause Remark
[2021-05-03T07:25:18.612+0000][7][gc          ] GC(253) Pause Remark 118M->118M(256M) 5.482ms
[2021-05-03T07:25:18.612+0000][7][gc,cpu      ] GC(253) User=0.03s Sys=0.00s Real=0.01s
[2021-05-03T07:25:18.612+0000][7][safepoint   ] Safepoint "G1Concurrent", Time since last: 80700780 ns, Reaching safepoint: 109066 ns, At safepoint: 5559535 ns, Total: 5668601 ns
[2021-05-03T07:25:18.612+0000][7][gc,marking  ] GC(253) Concurrent Rebuild Remembered Sets
[2021-05-03T07:25:18.665+0000][7][gc,marking  ] GC(253) Concurrent Rebuild Remembered Sets 52.819ms
[2021-05-03T07:25:18.665+0000][7][gc,start    ] GC(253) Pause Cleanup
[2021-05-03T07:25:18.665+0000][7][gc          ] GC(253) Pause Cleanup 118M->118M(256M) 0.067ms
[2021-05-03T07:25:18.665+0000][7][gc,cpu      ] GC(253) User=0.00s Sys=0.00s Real=0.00s
[2021-05-03T07:25:18.665+0000][7][safepoint   ] Safepoint "G1Concurrent", Time since last: 52891446 ns, Reaching safepoint: 73275 ns, At safepoint: 105616 ns, Total: 178891 ns
[2021-05-03T07:25:18.665+0000][7][gc,marking  ] GC(253) Concurrent Cleanup for Next Mark
[2021-05-03T07:25:18.665+0000][7][gc,marking  ] GC(253) Concurrent Cleanup for Next Mark 0.130ms
[2021-05-03T07:25:18.665+0000][7][gc          ] GC(253) Concurrent Cycle 139.565ms
[2021-05-03T07:25:41.673+0000][7][safepoint   ] Safepoint "Cleanup", Time since last: 23007975233 ns, Reaching safepoint: 105486 ns, At safepoint: 6043 ns, Total: 111529 ns
[2021-05-03T07:26:39.688+0000][7][safepoint   ] Safepoint "Cleanup", Time since last: 58014986876 ns, Reaching safepoint: 127776 ns, At safepoint: 6713 ns, Total: 134489 ns
[2021-05-03T07:26:54.566+0000][7][gc,start    ] GC(254) Pause Young (Normal) (G1 Evacuation Pause)
[2021-05-03T07:26:54.566+0000][7][gc,task     ] GC(254) Using 6 workers of 8 for evacuation
[2021-05-03T07:26:54.566+0000][7][gc,age      ] GC(254) Desired survivor size 6291456 bytes, new threshold 15 (max threshold 15)
[2021-05-03T07:26:54.568+0000][7][gc,age      ] GC(254) Age table with threshold 15 (max threshold 15)
[2021-05-03T07:26:54.568+0000][7][gc,age      ] GC(254) - age   1:     777400 bytes,     777400 total
[2021-05-03T07:26:54.568+0000][7][gc,age      ] GC(254) - age   2:       2992 bytes,     780392 total
[2021-05-03T07:26:54.568+0000][7][gc,age      ] GC(254) - age   3:        832 bytes,     781224 total
[2021-05-03T07:26:54.568+0000][7][gc,age      ] GC(254) - age   4:        120 bytes,     781344 total
[2021-05-03T07:26:54.568+0000][7][gc,age      ] GC(254) - age   5:         80 bytes,     781424 total
[2021-05-03T07:26:54.568+0000][7][gc,age      ] GC(254) - age   6:       4960 bytes,     786384 total
[2021-05-03T07:26:54.568+0000][7][gc,age      ] GC(254) - age   7:     124648 bytes,     911032 total
[2021-05-03T07:26:54.568+0000][7][gc,age      ] GC(254) - age   8:        120 bytes,     911152 total
[2021-05-03T07:26:54.568+0000][7][gc,age      ] GC(254) - age   9:         40 bytes,     911192 total
[2021-05-03T07:26:54.568+0000][7][gc,age      ] GC(254) - age  10:        192 bytes,     911384 total
[2021-05-03T07:26:54.568+0000][7][gc,age      ] GC(254) - age  11:        128 bytes,     911512 total
[2021-05-03T07:26:54.568+0000][7][gc,phases   ] GC(254)   Pre Evacuate Collection Set: 0.1ms
[2021-05-03T07:26:54.568+0000][7][gc,phases   ] GC(254)   Merge Heap Roots: 0.1ms
[2021-05-03T07:26:54.568+0000][7][gc,phases   ] GC(254)   Evacuate Collection Set: 1.0ms
[2021-05-03T07:26:54.568+0000][7][gc,phases   ] GC(254)   Post Evacuate Collection Set: 0.6ms
[2021-05-03T07:26:54.568+0000][7][gc,phases   ] GC(254)   Other: 0.2ms
[2021-05-03T07:26:54.568+0000][7][gc,heap     ] GC(254) Eden regions: 21->0(21)
[2021-05-03T07:26:54.568+0000][7][gc,heap     ] GC(254) Survivor regions: 1->1(3)
[2021-05-03T07:26:54.568+0000][7][gc,heap     ] GC(254) Old regions: 27->27
[2021-05-03T07:26:54.568+0000][7][gc,heap     ] GC(254) Archive regions: 2->2
[2021-05-03T07:26:54.568+0000][7][gc,heap     ] GC(254) Humongous regions: 2->2
[2021-05-03T07:26:54.568+0000][7][gc,metaspace] GC(254) Metaspace: 109066K(114000K)->109066K(114000K) NonClass: 95128K(98716K)->95128K(98716K) Class: 13938K(15284K)->13938K(15284K)
[2021-05-03T07:26:54.568+0000][7][gc          ] GC(254) Pause Young (Normal) (G1 Evacuation Pause) 200M->116M(256M) 1.961ms
[2021-05-03T07:26:54.568+0000][7][gc,cpu      ] GC(254) User=0.00s Sys=0.01s Real=0.00s
[2021-05-03T07:26:54.568+0000][7][safepoint   ] Safepoint "G1CollectForAllocation", Time since last: 14877679139 ns, Reaching safepoint: 102213 ns, At safepoint: 2029523 ns, Total: 2131736 ns
[2021-05-03T07:27:14.573+0000][7][safepoint   ] Safepoint "Cleanup", Time since last: 20004421980 ns, Reaching safepoint: 103839 ns, At safepoint: 6596 ns, Total: 110435 ns
[2021-05-03T07:29:13.622+0000][7][gc,start    ] GC(255) Pause Young (Concurrent Start) (G1 Evacuation Pause)
[2021-05-03T07:29:13.622+0000][7][gc,task     ] GC(255) Using 6 workers of 8 for evacuation
[2021-05-03T07:29:13.622+0000][7][gc,age      ] GC(255) Desired survivor size 6291456 bytes, new threshold 15 (max threshold 15)
[2021-05-03T07:29:13.624+0000][7][gc,age      ] GC(255) Age table with threshold 15 (max threshold 15)
[2021-05-03T07:29:13.624+0000][7][gc,age      ] GC(255) - age   1:     507672 bytes,     507672 total
[2021-05-03T07:29:13.624+0000][7][gc,age      ] GC(255) - age   2:     274848 bytes,     782520 total
[2021-05-03T07:29:13.624+0000][7][gc,age      ] GC(255) - age   3:       2888 bytes,     785408 total
[2021-05-03T07:29:13.624+0000][7][gc,age      ] GC(255) - age   4:        584 bytes,     785992 total
[2021-05-03T07:29:13.624+0000][7][gc,age      ] GC(255) - age   6:         40 bytes,     786032 total
[2021-05-03T07:29:13.624+0000][7][gc,age      ] GC(255) - age   7:       4960 bytes,     790992 total
[2021-05-03T07:29:13.624+0000][7][gc,age      ] GC(255) - age   8:     124648 bytes,     915640 total
[2021-05-03T07:29:13.624+0000][7][gc,age      ] GC(255) - age   9:         96 bytes,     915736 total
[2021-05-03T07:29:13.624+0000][7][gc,age      ] GC(255) - age  11:         72 bytes,     915808 total
[2021-05-03T07:29:13.624+0000][7][gc,age      ] GC(255) - age  12:        128 bytes,     915936 total
[2021-05-03T07:29:13.624+0000][7][gc,phases   ] GC(255)   Pre Evacuate Collection Set: 0.1ms
[2021-05-03T07:29:13.624+0000][7][gc,phases   ] GC(255)   Merge Heap Roots: 0.1ms
[2021-05-03T07:29:13.624+0000][7][gc,phases   ] GC(255)   Evacuate Collection Set: 1.2ms
[2021-05-03T07:29:13.624+0000][7][gc,phases   ] GC(255)   Post Evacuate Collection Set: 0.4ms
[2021-05-03T07:29:13.624+0000][7][gc,phases   ] GC(255)   Other: 0.3ms
[2021-05-03T07:29:13.624+0000][7][gc,heap     ] GC(255) Eden regions: 21->0(21)
[2021-05-03T07:29:13.624+0000][7][gc,heap     ] GC(255) Survivor regions: 1->1(3)
[2021-05-03T07:29:13.624+0000][7][gc,heap     ] GC(255) Old regions: 27->27
[2021-05-03T07:29:13.624+0000][7][gc,heap     ] GC(255) Archive regions: 2->2
[2021-05-03T07:29:13.624+0000][7][gc,heap     ] GC(255) Humongous regions: 2->2
[2021-05-03T07:29:13.624+0000][7][gc,metaspace] GC(255) Metaspace: 109066K(114000K)->109066K(114000K) NonClass: 95128K(98716K)->95128K(98716K) Class: 13938K(15284K)->13938K(15284K)
[2021-05-03T07:29:13.624+0000][7][gc          ] GC(255) Pause Young (Concurrent Start) (G1 Evacuation Pause) 200M->117M(256M) 2.185ms
[2021-05-03T07:29:13.624+0000][7][gc,cpu      ] GC(255) User=0.00s Sys=0.01s Real=0.00s
[2021-05-03T07:29:13.624+0000][7][gc          ] GC(256) Concurrent Cycle
[2021-05-03T07:29:13.624+0000][7][safepoint   ] Safepoint "G1CollectForAllocation", Time since last: 119049320106 ns, Reaching safepoint: 194012 ns, At safepoint: 2262198 ns, Total: 2456210 ns
[2021-05-03T07:29:13.624+0000][7][gc,marking  ] GC(256) Concurrent Clear Claimed Marks
[2021-05-03T07:29:13.624+0000][7][gc,marking  ] GC(256) Concurrent Clear Claimed Marks 0.067ms
[2021-05-03T07:29:13.624+0000][7][gc,marking  ] GC(256) Concurrent Scan Root Regions
[2021-05-03T07:29:13.626+0000][7][gc,marking  ] GC(256) Concurrent Scan Root Regions 1.445ms
[2021-05-03T07:29:13.626+0000][7][gc,marking  ] GC(256) Concurrent Mark (18895.554s)
[2021-05-03T07:29:13.626+0000][7][gc,marking  ] GC(256) Concurrent Mark From Roots
[2021-05-03T07:29:13.626+0000][7][gc,task     ] GC(256) Using 2 workers of 2 for marking
[2021-05-03T07:29:13.705+0000][7][gc,marking  ] GC(256) Concurrent Mark From Roots 78.735ms
[2021-05-03T07:29:13.705+0000][7][gc,marking  ] GC(256) Concurrent Preclean
[2021-05-03T07:29:13.705+0000][7][gc,marking  ] GC(256) Concurrent Preclean 0.210ms
[2021-05-03T07:29:13.705+0000][7][gc,marking  ] GC(256) Concurrent Mark (18895.554s, 18895.632s) 78.990ms
[2021-05-03T07:29:13.705+0000][7][gc,start    ] GC(256) Pause Remark
[2021-05-03T07:29:13.715+0000][7][gc          ] GC(256) Pause Remark 118M->118M(256M) 9.668ms
[2021-05-03T07:29:13.715+0000][7][gc,cpu      ] GC(256) User=0.05s Sys=0.00s Real=0.01s
[2021-05-03T07:29:13.715+0000][7][safepoint   ] Safepoint "G1Concurrent", Time since last: 80596813 ns, Reaching safepoint: 81038 ns, At safepoint: 9743545 ns, Total: 9824583 ns
[2021-05-03T07:29:13.715+0000][7][gc,marking  ] GC(256) Concurrent Rebuild Remembered Sets
[2021-05-03T07:29:13.768+0000][7][gc,marking  ] GC(256) Concurrent Rebuild Remembered Sets 52.952ms
[2021-05-03T07:29:13.768+0000][7][gc,start    ] GC(256) Pause Cleanup
[2021-05-03T07:29:13.768+0000][7][gc          ] GC(256) Pause Cleanup 118M->118M(256M) 0.069ms
[2021-05-03T07:29:13.768+0000][7][gc,cpu      ] GC(256) User=0.00s Sys=0.00s Real=0.00s
[2021-05-03T07:29:13.768+0000][7][safepoint   ] Safepoint "G1Concurrent", Time since last: 53114723 ns, Reaching safepoint: 149557 ns, At safepoint: 107004 ns, Total: 256561 ns
[2021-05-03T07:29:13.768+0000][7][gc,marking  ] GC(256) Concurrent Cleanup for Next Mark
[2021-05-03T07:29:13.768+0000][7][gc,marking  ] GC(256) Concurrent Cleanup for Next Mark 0.135ms
[2021-05-03T07:29:13.768+0000][7][gc          ] GC(256) Concurrent Cycle 144.000ms
[2021-05-03T07:29:14.768+0000][7][safepoint   ] Safepoint "Cleanup", Time since last: 1000092006 ns, Reaching safepoint: 154407 ns, At safepoint: 7397 ns, Total: 161804 ns
[2021-05-03T07:29:15.769+0000][7][safepoint   ] Safepoint "Cleanup", Time since last: 1000356122 ns, Reaching safepoint: 161885 ns, At safepoint: 6671 ns, Total: 168556 ns
[2021-05-03T07:29:18.770+0000][7][safepoint   ] Safepoint "Cleanup", Time since last: 3000783956 ns, Reaching safepoint: 163053 ns, At safepoint: 6771 ns, Total: 169824 ns
[2021-05-03T07:29:19.771+0000][7][safepoint   ] Safepoint "Cleanup", Time since last: 1000481287 ns, Reaching safepoint: 203588 ns, At safepoint: 4889 ns, Total: 208477 ns
[2021-05-03T07:29:36.776+0000][7][safepoint   ] Safepoint "Cleanup", Time since last: 17005418006 ns, Reaching safepoint: 160061 ns, At safepoint: 6479 ns, Total: 166540 ns
[2021-05-03T07:29:38.777+0000][7][safepoint   ] Safepoint "Cleanup", Time since last: 2000570579 ns, Reaching safepoint: 85006 ns, At safepoint: 6026 ns, Total: 91032 ns
[2021-05-03T07:29:39.777+0000][7][safepoint   ] Safepoint "Cleanup", Time since last: 1000516337 ns, Reaching safepoint: 126720 ns, At safepoint: 5500 ns, Total: 132220 ns
[2021-05-03T07:29:42.778+0000][7][safepoint   ] Safepoint "Cleanup", Time since last: 3000868669 ns, Reaching safepoint: 200333 ns, At safepoint: 7079 ns, Total: 207412 ns
[2021-05-03T07:29:49.780+0000][7][safepoint   ] Safepoint "Cleanup", Time since last: 7001720519 ns, Reaching safepoint: 80028 ns, At safepoint: 5002 ns, Total: 85030 ns
[2021-05-03T07:31:13.798+0000][7][safepoint   ] Safepoint "Cleanup", Time since last: 84017581534 ns, Reaching safepoint: 69108 ns, At safepoint: 4631 ns, Total: 73739 ns
[2021-05-03T07:31:18.674+0000][7][gc,start    ] GC(257) Pause Young (Normal) (G1 Evacuation Pause)
[2021-05-03T07:31:18.674+0000][7][gc,task     ] GC(257) Using 6 workers of 8 for evacuation
[2021-05-03T07:31:18.674+0000][7][gc,age      ] GC(257) Desired survivor size 6291456 bytes, new threshold 15 (max threshold 15)
[2021-05-03T07:31:18.675+0000][7][gc,age      ] GC(257) Age table with threshold 15 (max threshold 15)
[2021-05-03T07:31:18.675+0000][7][gc,age      ] GC(257) - age   1:     724416 bytes,     724416 total
[2021-05-03T07:31:18.675+0000][7][gc,age      ] GC(257) - age   2:        440 bytes,     724856 total
[2021-05-03T07:31:18.675+0000][7][gc,age      ] GC(257) - age   3:     153288 bytes,     878144 total
[2021-05-03T07:31:18.675+0000][7][gc,age      ] GC(257) - age   4:       2560 bytes,     880704 total
[2021-05-03T07:31:18.675+0000][7][gc,age      ] GC(257) - age   5:        584 bytes,     881288 total
[2021-05-03T07:31:18.675+0000][7][gc,age      ] GC(257) - age   7:         40 bytes,     881328 total
[2021-05-03T07:31:18.675+0000][7][gc,age      ] GC(257) - age   8:       4960 bytes,     886288 total
[2021-05-03T07:31:18.675+0000][7][gc,age      ] GC(257) - age   9:     124440 bytes,    1010728 total
[2021-05-03T07:31:18.675+0000][7][gc,age      ] GC(257) - age  10:         96 bytes,    1010824 total
[2021-05-03T07:31:18.675+0000][7][gc,age      ] GC(257) - age  12:         32 bytes,    1010856 total
[2021-05-03T07:31:18.675+0000][7][gc,age      ] GC(257) - age  13:        128 bytes,    1010984 total
[2021-05-03T07:31:18.675+0000][7][gc,phases   ] GC(257)   Pre Evacuate Collection Set: 0.1ms
[2021-05-03T07:31:18.675+0000][7][gc,phases   ] GC(257)   Merge Heap Roots: 0.0ms
[2021-05-03T07:31:18.675+0000][7][gc,phases   ] GC(257)   Evacuate Collection Set: 1.0ms
[2021-05-03T07:31:18.675+0000][7][gc,phases   ] GC(257)   Post Evacuate Collection Set: 0.5ms
[2021-05-03T07:31:18.675+0000][7][gc,phases   ] GC(257)   Other: 0.2ms
[2021-05-03T07:31:18.675+0000][7][gc,heap     ] GC(257) Eden regions: 21->0(21)
[2021-05-03T07:31:18.675+0000][7][gc,heap     ] GC(257) Survivor regions: 1->1(3)
[2021-05-03T07:31:18.675+0000][7][gc,heap     ] GC(257) Old regions: 27->27
[2021-05-03T07:31:18.675+0000][7][gc,heap     ] GC(257) Archive regions: 2->2
[2021-05-03T07:31:18.675+0000][7][gc,heap     ] GC(257) Humongous regions: 2->2
[2021-05-03T07:31:18.675+0000][7][gc,metaspace] GC(257) Metaspace: 109055K(114000K)->109055K(114000K) NonClass: 95119K(98716K)->95119K(98716K) Class: 13936K(15284K)->13936K(15284K)
[2021-05-03T07:31:18.675+0000][7][gc          ] GC(257) Pause Young (Normal) (G1 Evacuation Pause) 201M->117M(256M) 1.808ms
[2021-05-03T07:31:18.675+0000][7][gc,cpu      ] GC(257) User=0.01s Sys=0.00s Real=0.00s
[2021-05-03T07:31:18.675+0000][7][safepoint   ] Safepoint "G1CollectForAllocation", Time since last: 4875493334 ns, Reaching safepoint: 153343 ns, At safepoint: 1870417 ns, Total: 2023760 ns
[2021-05-03T07:31:36.681+0000][7][safepoint   ] Safepoint "Cleanup", Time since last: 18005332911 ns, Reaching safepoint: 99392 ns, At safepoint: 6542 ns, Total: 105934 ns
[2021-05-03T07:31:55.687+0000][7][safepoint   ] Safepoint "Cleanup", Time since last: 19006282843 ns, Reaching safepoint: 152479 ns, At safepoint: 7115 ns, Total: 159594 ns
[2021-05-03T07:32:42.699+0000][7][safepoint   ] Safepoint "Cleanup", Time since last: 47011083999 ns, Reaching safepoint: 123506 ns, At safepoint: 6431 ns, Total: 129937 ns
[2021-05-03T07:33:28.729+0000][7][gc,start    ] GC(258) Pause Young (Concurrent Start) (G1 Evacuation Pause)
[2021-05-03T07:33:28.729+0000][7][gc,task     ] GC(258) Using 6 workers of 8 for evacuation
[2021-05-03T07:33:28.729+0000][7][gc,age      ] GC(258) Desired survivor size 6291456 bytes, new threshold 15 (max threshold 15)
[2021-05-03T07:33:28.731+0000][7][gc,age      ] GC(258) Age table with threshold 15 (max threshold 15)
[2021-05-03T07:33:28.731+0000][7][gc,age      ] GC(258) - age   1:     512080 bytes,     512080 total
[2021-05-03T07:33:28.731+0000][7][gc,age      ] GC(258) - age   2:     410456 bytes,     922536 total
[2021-05-03T07:33:28.731+0000][7][gc,age      ] GC(258) - age   3:        368 bytes,     922904 total
[2021-05-03T07:33:28.731+0000][7][gc,age      ] GC(258) - age   4:     153048 bytes,    1075952 total
[2021-05-03T07:33:28.731+0000][7][gc,age      ] GC(258) - age   5:       2536 bytes,    1078488 total
[2021-05-03T07:33:28.731+0000][7][gc,age      ] GC(258) - age   6:        584 bytes,    1079072 total
[2021-05-03T07:33:28.731+0000][7][gc,age      ] GC(258) - age   8:         40 bytes,    1079112 total
[2021-05-03T07:33:28.731+0000][7][gc,age      ] GC(258) - age   9:       4960 bytes,    1084072 total
[2021-05-03T07:33:28.731+0000][7][gc,age      ] GC(258) - age  10:     124440 bytes,    1208512 total
[2021-05-03T07:33:28.731+0000][7][gc,age      ] GC(258) - age  11:         96 bytes,    1208608 total
[2021-05-03T07:33:28.731+0000][7][gc,age      ] GC(258) - age  13:         32 bytes,    1208640 total
[2021-05-03T07:33:28.731+0000][7][gc,age      ] GC(258) - age  14:        128 bytes,    1208768 total
[2021-05-03T07:33:28.731+0000][7][gc,phases   ] GC(258)   Pre Evacuate Collection Set: 0.1ms
[2021-05-03T07:33:28.731+0000][7][gc,phases   ] GC(258)   Merge Heap Roots: 0.1ms
[2021-05-03T07:33:28.731+0000][7][gc,phases   ] GC(258)   Evacuate Collection Set: 1.2ms
[2021-05-03T07:33:28.731+0000][7][gc,phases   ] GC(258)   Post Evacuate Collection Set: 0.6ms
[2021-05-03T07:33:28.731+0000][7][gc,phases   ] GC(258)   Other: 0.2ms
[2021-05-03T07:33:28.731+0000][7][gc,heap     ] GC(258) Eden regions: 21->0(21)
[2021-05-03T07:33:28.731+0000][7][gc,heap     ] GC(258) Survivor regions: 1->1(3)
[2021-05-03T07:33:28.731+0000][7][gc,heap     ] GC(258) Old regions: 27->27
[2021-05-03T07:33:28.731+0000][7][gc,heap     ] GC(258) Archive regions: 2->2
[2021-05-03T07:33:28.731+0000][7][gc,heap     ] GC(258) Humongous regions: 2->2
[2021-05-03T07:33:28.731+0000][7][gc,metaspace] GC(258) Metaspace: 109069K(114000K)->109069K(114000K) NonClass: 95131K(98716K)->95131K(98716K) Class: 13938K(15284K)->13938K(15284K)
[2021-05-03T07:33:28.731+0000][7][gc          ] GC(258) Pause Young (Concurrent Start) (G1 Evacuation Pause) 201M->117M(256M) 2.211ms
[2021-05-03T07:33:28.731+0000][7][gc,cpu      ] GC(258) User=0.00s Sys=0.00s Real=0.00s
[2021-05-03T07:33:28.731+0000][7][safepoint   ] Safepoint "G1CollectForAllocation", Time since last: 46030368438 ns, Reaching safepoint: 144210 ns, At safepoint: 2275331 ns, Total: 2419541 ns
[2021-05-03T07:33:28.731+0000][7][gc          ] GC(259) Concurrent Cycle
[2021-05-03T07:33:28.731+0000][7][gc,marking  ] GC(259) Concurrent Clear Claimed Marks
[2021-05-03T07:33:28.731+0000][7][gc,marking  ] GC(259) Concurrent Clear Claimed Marks 0.060ms
[2021-05-03T07:33:28.731+0000][7][gc,marking  ] GC(259) Concurrent Scan Root Regions
[2021-05-03T07:33:28.733+0000][7][gc,marking  ] GC(259) Concurrent Scan Root Regions 1.547ms
[2021-05-03T07:33:28.733+0000][7][gc,marking  ] GC(259) Concurrent Mark (19150.661s)
[2021-05-03T07:33:28.733+0000][7][gc,marking  ] GC(259) Concurrent Mark From Roots
[2021-05-03T07:33:28.733+0000][7][gc,task     ] GC(259) Using 2 workers of 2 for marking
[2021-05-03T07:33:28.812+0000][7][gc,marking  ] GC(259) Concurrent Mark From Roots 78.929ms
[2021-05-03T07:33:28.812+0000][7][gc,marking  ] GC(259) Concurrent Preclean
[2021-05-03T07:33:28.812+0000][7][gc,marking  ] GC(259) Concurrent Preclean 0.221ms
[2021-05-03T07:33:28.812+0000][7][gc,marking  ] GC(259) Concurrent Mark (19150.661s, 19150.740s) 79.199ms
[2021-05-03T07:33:28.812+0000][7][gc,start    ] GC(259) Pause Remark
[2021-05-03T07:33:28.818+0000][7][gc          ] GC(259) Pause Remark 117M->117M(256M) 5.320ms
[2021-05-03T07:33:28.818+0000][7][gc,cpu      ] GC(259) User=0.03s Sys=0.00s Real=0.00s
[2021-05-03T07:33:28.818+0000][7][safepoint   ] Safepoint "G1Concurrent", Time since last: 80954712 ns, Reaching safepoint: 107144 ns, At safepoint: 5398179 ns, Total: 5505323 ns
[2021-05-03T07:33:28.818+0000][7][gc,marking  ] GC(259) Concurrent Rebuild Remembered Sets
[2021-05-03T07:33:28.870+0000][7][gc,marking  ] GC(259) Concurrent Rebuild Remembered Sets 52.519ms
[2021-05-03T07:33:28.871+0000][7][gc,start    ] GC(259) Pause Cleanup
[2021-05-03T07:33:28.871+0000][7][gc          ] GC(259) Pause Cleanup 117M->117M(256M) 0.067ms
[2021-05-03T07:33:28.871+0000][7][gc,cpu      ] GC(259) User=0.00s Sys=0.00s Real=0.00s
[2021-05-03T07:33:28.871+0000][7][safepoint   ] Safepoint "G1Concurrent", Time since last: 52660965 ns, Reaching safepoint: 154048 ns, At safepoint: 104652 ns, Total: 258700 ns
[2021-05-03T07:33:28.871+0000][7][gc,marking  ] GC(259) Concurrent Cleanup for Next Mark
[2021-05-03T07:33:28.871+0000][7][gc,marking  ] GC(259) Concurrent Cleanup for Next Mark 0.114ms
[2021-05-03T07:33:28.871+0000][7][gc          ] GC(259) Concurrent Cycle 139.534ms
[2021-05-03T07:33:39.874+0000][7][safepoint   ] Safepoint "Cleanup", Time since last: 11003611436 ns, Reaching safepoint: 150255 ns, At safepoint: 6830 ns, Total: 157085 ns
[2021-05-03T07:34:43.892+0000][7][safepoint   ] Safepoint "Cleanup", Time since last: 64017603295 ns, Reaching safepoint: 106877 ns, At safepoint: 5500 ns, Total: 112377 ns
[2021-05-03T07:35:09.898+0000][7][safepoint   ] Safepoint "Cleanup", Time since last: 26005929639 ns, Reaching safepoint: 144256 ns, At safepoint: 6648 ns, Total: 150904 ns
[2021-05-03T07:35:34.574+0000][7][gc,start    ] GC(260) Pause Young (Normal) (G1 Evacuation Pause)
[2021-05-03T07:35:34.574+0000][7][gc,task     ] GC(260) Using 6 workers of 8 for evacuation
[2021-05-03T07:35:34.574+0000][7][gc,age      ] GC(260) Desired survivor size 6291456 bytes, new threshold 15 (max threshold 15)
[2021-05-03T07:35:34.575+0000][7][gc,age      ] GC(260) Age table with threshold 15 (max threshold 15)
[2021-05-03T07:35:34.575+0000][7][gc,age      ] GC(260) - age   1:     526032 bytes,     526032 total
[2021-05-03T07:35:34.575+0000][7][gc,age      ] GC(260) - age   2:       4968 bytes,     531000 total
[2021-05-03T07:35:34.575+0000][7][gc,age      ] GC(260) - age   3:     410136 bytes,     941136 total
[2021-05-03T07:35:34.575+0000][7][gc,age      ] GC(260) - age   4:        200 bytes,     941336 total
[2021-05-03T07:35:34.575+0000][7][gc,age      ] GC(260) - age   5:     152848 bytes,    1094184 total
[2021-05-03T07:35:34.575+0000][7][gc,age      ] GC(260) - age   7:        464 bytes,    1094648 total
[2021-05-03T07:35:34.575+0000][7][gc,age      ] GC(260) - age  10:       4960 bytes,    1099608 total
[2021-05-03T07:35:34.575+0000][7][gc,age      ] GC(260) - age  11:     124440 bytes,    1224048 total
[2021-05-03T07:35:34.575+0000][7][gc,age      ] GC(260) - age  12:         96 bytes,    1224144 total
[2021-05-03T07:35:34.575+0000][7][gc,age      ] GC(260) - age  14:         32 bytes,    1224176 total
[2021-05-03T07:35:34.575+0000][7][gc,age      ] GC(260) - age  15:        128 bytes,    1224304 total
[2021-05-03T07:35:34.576+0000][7][gc,phases   ] GC(260)   Pre Evacuate Collection Set: 0.1ms
[2021-05-03T07:35:34.576+0000][7][gc,phases   ] GC(260)   Merge Heap Roots: 0.1ms
[2021-05-03T07:35:34.576+0000][7][gc,phases   ] GC(260)   Evacuate Collection Set: 1.0ms
[2021-05-03T07:35:34.576+0000][7][gc,phases   ] GC(260)   Post Evacuate Collection Set: 0.6ms
[2021-05-03T07:35:34.576+0000][7][gc,phases   ] GC(260)   Other: 0.2ms
[2021-05-03T07:35:34.576+0000][7][gc,heap     ] GC(260) Eden regions: 21->0(21)
[2021-05-03T07:35:34.576+0000][7][gc,heap     ] GC(260) Survivor regions: 1->1(3)
[2021-05-03T07:35:34.576+0000][7][gc,heap     ] GC(260) Old regions: 27->27
[2021-05-03T07:35:34.576+0000][7][gc,heap     ] GC(260) Archive regions: 2->2
[2021-05-03T07:35:34.576+0000][7][gc,heap     ] GC(260) Humongous regions: 2->2
[2021-05-03T07:35:34.576+0000][7][gc,metaspace] GC(260) Metaspace: 109086K(114000K)->109086K(114000K) NonClass: 95148K(98716K)->95148K(98716K) Class: 13938K(15284K)->13938K(15284K)
[2021-05-03T07:35:34.576+0000][7][gc          ] GC(260) Pause Young (Normal) (G1 Evacuation Pause) 201M->117M(256M) 1.899ms
[2021-05-03T07:35:34.576+0000][7][gc,cpu      ] GC(260) User=0.00s Sys=0.00s Real=0.00s
[2021-05-03T07:35:34.576+0000][7][safepoint   ] Safepoint "G1CollectForAllocation", Time since last: 24675194561 ns, Reaching safepoint: 187221 ns, At safepoint: 1959826 ns, Total: 2147047 ns
[2021-05-03T07:35:40.730+0000][7][safepoint   ] Safepoint "ICBufferFull", Time since last: 6154168350 ns, Reaching safepoint: 204752 ns, At safepoint: 7887 ns, Total: 212639 ns
[2021-05-03T07:35:41.730+0000][7][safepoint   ] Safepoint "Cleanup", Time since last: 1000159661 ns, Reaching safepoint: 142806 ns, At safepoint: 7475 ns, Total: 150281 ns
[2021-05-03T07:35:42.731+0000][7][safepoint   ] Safepoint "Cleanup", Time since last: 1000161910 ns, Reaching safepoint: 175451 ns, At safepoint: 3800 ns, Total: 179251 ns
[2021-05-03T07:36:39.746+0000][7][safepoint   ] Safepoint "Cleanup", Time since last: 57014733293 ns, Reaching safepoint: 166502 ns, At safepoint: 7645 ns, Total: 174147 ns
[2021-05-03T07:37:13.822+0000][7][gc,start    ] GC(261) Pause Young (Concurrent Start) (G1 Evacuation Pause)
[2021-05-03T07:37:13.822+0000][7][gc,task     ] GC(261) Using 6 workers of 8 for evacuation
[2021-05-03T07:37:13.822+0000][7][gc,age      ] GC(261) Desired survivor size 6291456 bytes, new threshold 15 (max threshold 15)
[2021-05-03T07:37:13.824+0000][7][gc,age      ] GC(261) Age table with threshold 15 (max threshold 15)
[2021-05-03T07:37:13.824+0000][7][gc,age      ] GC(261) - age   1:     805712 bytes,     805712 total
[2021-05-03T07:37:13.824+0000][7][gc,age      ] GC(261) - age   2:       3824 bytes,     809536 total
[2021-05-03T07:37:13.824+0000][7][gc,age      ] GC(261) - age   3:       4272 bytes,     813808 total
[2021-05-03T07:37:13.824+0000][7][gc,age      ] GC(261) - age   4:     409912 bytes,    1223720 total
[2021-05-03T07:37:13.824+0000][7][gc,age      ] GC(261) - age   5:        160 bytes,    1223880 total
[2021-05-03T07:37:13.824+0000][7][gc,age      ] GC(261) - age   6:       3544 bytes,    1227424 total
[2021-05-03T07:37:13.824+0000][7][gc,age      ] GC(261) - age   8:        464 bytes,    1227888 total
[2021-05-03T07:37:13.824+0000][7][gc,age      ] GC(261) - age  11:        544 bytes,    1228432 total
[2021-05-03T07:37:13.824+0000][7][gc,age      ] GC(261) - age  12:     124200 bytes,    1352632 total
[2021-05-03T07:37:13.824+0000][7][gc,age      ] GC(261) - age  13:         96 bytes,    1352728 total
[2021-05-03T07:37:13.824+0000][7][gc,age      ] GC(261) - age  15:         32 bytes,    1352760 total
[2021-05-03T07:37:13.824+0000][7][gc,phases   ] GC(261)   Pre Evacuate Collection Set: 0.1ms
[2021-05-03T07:37:13.824+0000][7][gc,phases   ] GC(261)   Merge Heap Roots: 0.0ms
[2021-05-03T07:37:13.824+0000][7][gc,phases   ] GC(261)   Evacuate Collection Set: 1.2ms
[2021-05-03T07:37:13.824+0000][7][gc,phases   ] GC(261)   Post Evacuate Collection Set: 0.5ms
[2021-05-03T07:37:13.824+0000][7][gc,phases   ] GC(261)   Other: 0.2ms
[2021-05-03T07:37:13.824+0000][7][gc,heap     ] GC(261) Eden regions: 21->0(21)
[2021-05-03T07:37:13.824+0000][7][gc,heap     ] GC(261) Survivor regions: 1->1(3)
[2021-05-03T07:37:13.824+0000][7][gc,heap     ] GC(261) Old regions: 27->27
[2021-05-03T07:37:13.824+0000][7][gc,heap     ] GC(261) Archive regions: 2->2
[2021-05-03T07:37:13.824+0000][7][gc,heap     ] GC(261) Humongous regions: 2->2
[2021-05-03T07:37:13.824+0000][7][gc,metaspace] GC(261) Metaspace: 109128K(114000K)->109128K(114000K) NonClass: 95190K(98716K)->95190K(98716K) Class: 13938K(15284K)->13938K(15284K)
[2021-05-03T07:37:13.824+0000][7][gc          ] GC(261) Pause Young (Concurrent Start) (G1 Evacuation Pause) 201M->117M(256M) 2.114ms
[2021-05-03T07:37:13.824+0000][7][gc,cpu      ] GC(261) User=0.01s Sys=0.00s Real=0.00s
[2021-05-03T07:37:13.824+0000][7][gc          ] GC(262) Concurrent Cycle
[2021-05-03T07:37:13.824+0000][7][safepoint   ] Safepoint "G1CollectForAllocation", Time since last: 34076243364 ns, Reaching safepoint: 105691 ns, At safepoint: 2180073 ns, Total: 2285764 ns
[2021-05-03T07:37:13.824+0000][7][gc,marking  ] GC(262) Concurrent Clear Claimed Marks
[2021-05-03T07:37:13.824+0000][7][gc,marking  ] GC(262) Concurrent Clear Claimed Marks 0.050ms
[2021-05-03T07:37:13.824+0000][7][gc,marking  ] GC(262) Concurrent Scan Root Regions
[2021-05-03T07:37:13.826+0000][7][gc,marking  ] GC(262) Concurrent Scan Root Regions 1.429ms
[2021-05-03T07:37:13.826+0000][7][gc,marking  ] GC(262) Concurrent Mark (19375.753s)
[2021-05-03T07:37:13.826+0000][7][gc,marking  ] GC(262) Concurrent Mark From Roots
[2021-05-03T07:37:13.826+0000][7][gc,task     ] GC(262) Using 2 workers of 2 for marking
[2021-05-03T07:37:13.905+0000][7][gc,marking  ] GC(262) Concurrent Mark From Roots 79.277ms
[2021-05-03T07:37:13.905+0000][7][gc,marking  ] GC(262) Concurrent Preclean
[2021-05-03T07:37:13.905+0000][7][gc,marking  ] GC(262) Concurrent Preclean 0.234ms
[2021-05-03T07:37:13.905+0000][7][gc,marking  ] GC(262) Concurrent Mark (19375.753s, 19375.833s) 79.575ms
[2021-05-03T07:37:13.905+0000][7][gc,start    ] GC(262) Pause Remark
[2021-05-03T07:37:13.911+0000][7][gc          ] GC(262) Pause Remark 118M->118M(256M) 5.458ms
[2021-05-03T07:37:13.911+0000][7][gc,cpu      ] GC(262) User=0.03s Sys=0.01s Real=0.00s
[2021-05-03T07:37:13.911+0000][7][safepoint   ] Safepoint "G1Concurrent", Time since last: 81119935 ns, Reaching safepoint: 106362 ns, At safepoint: 5533243 ns, Total: 5639605 ns
[2021-05-03T07:37:13.911+0000][7][gc,marking  ] GC(262) Concurrent Rebuild Remembered Sets
[2021-05-03T07:37:13.964+0000][7][gc,marking  ] GC(262) Concurrent Rebuild Remembered Sets 52.610ms
[2021-05-03T07:37:13.964+0000][7][gc,start    ] GC(262) Pause Cleanup
[2021-05-03T07:37:13.964+0000][7][gc          ] GC(262) Pause Cleanup 118M->118M(256M) 0.077ms
[2021-05-03T07:37:13.964+0000][7][gc,cpu      ] GC(262) User=0.00s Sys=0.00s Real=0.00s
[2021-05-03T07:37:13.964+0000][7][safepoint   ] Safepoint "G1Concurrent", Time since last: 52752689 ns, Reaching safepoint: 94768 ns, At safepoint: 118380 ns, Total: 213148 ns
[2021-05-03T07:37:13.964+0000][7][gc,marking  ] GC(262) Concurrent Cleanup for Next Mark
[2021-05-03T07:37:13.964+0000][7][gc,marking  ] GC(262) Concurrent Cleanup for Next Mark 0.196ms
[2021-05-03T07:37:13.964+0000][7][gc          ] GC(262) Concurrent Cycle 140.015ms
[2021-05-03T07:39:24.874+0000][7][gc,start    ] GC(263) Pause Young (Normal) (G1 Evacuation Pause)
[2021-05-03T07:39:24.874+0000][7][gc,task     ] GC(263) Using 6 workers of 8 for evacuation
[2021-05-03T07:39:24.874+0000][7][gc,age      ] GC(263) Desired survivor size 6291456 bytes, new threshold 15 (max threshold 15)
[2021-05-03T07:39:24.876+0000][7][gc,age      ] GC(263) Age table with threshold 15 (max threshold 15)
[2021-05-03T07:39:24.876+0000][7][gc,age      ] GC(263) - age   1:     506480 bytes,     506480 total
[2021-05-03T07:39:24.876+0000][7][gc,age      ] GC(263) - age   2:     302776 bytes,     809256 total
[2021-05-03T07:39:24.876+0000][7][gc,age      ] GC(263) - age   3:       3536 bytes,     812792 total
[2021-05-03T07:39:24.876+0000][7][gc,age      ] GC(263) - age   4:       4272 bytes,     817064 total
[2021-05-03T07:39:24.876+0000][7][gc,age      ] GC(263) - age   5:     409912 bytes,    1226976 total
[2021-05-03T07:39:24.876+0000][7][gc,age      ] GC(263) - age   6:        160 bytes,    1227136 total
[2021-05-03T07:39:24.876+0000][7][gc,age      ] GC(263) - age   7:       3304 bytes,    1230440 total
[2021-05-03T07:39:24.876+0000][7][gc,age      ] GC(263) - age   9:        464 bytes,    1230904 total
[2021-05-03T07:39:24.876+0000][7][gc,age      ] GC(263) - age  12:        544 bytes,    1231448 total
[2021-05-03T07:39:24.876+0000][7][gc,age      ] GC(263) - age  13:     124200 bytes,    1355648 total
[2021-05-03T07:39:24.876+0000][7][gc,age      ] GC(263) - age  14:         96 bytes,    1355744 total
[2021-05-03T07:39:24.876+0000][7][gc,phases   ] GC(263)   Pre Evacuate Collection Set: 0.1ms
[2021-05-03T07:39:24.876+0000][7][gc,phases   ] GC(263)   Merge Heap Roots: 0.1ms
[2021-05-03T07:39:24.876+0000][7][gc,phases   ] GC(263)   Evacuate Collection Set: 1.1ms
[2021-05-03T07:39:24.876+0000][7][gc,phases   ] GC(263)   Post Evacuate Collection Set: 0.6ms
[2021-05-03T07:39:24.876+0000][7][gc,phases   ] GC(263)   Other: 0.2ms
[2021-05-03T07:39:24.876+0000][7][gc,heap     ] GC(263) Eden regions: 21->0(21)
[2021-05-03T07:39:24.876+0000][7][gc,heap     ] GC(263) Survivor regions: 1->1(3)
[2021-05-03T07:39:24.876+0000][7][gc,heap     ] GC(263) Old regions: 27->27
[2021-05-03T07:39:24.876+0000][7][gc,heap     ] GC(263) Archive regions: 2->2
[2021-05-03T07:39:24.876+0000][7][gc,heap     ] GC(263) Humongous regions: 2->2
[2021-05-03T07:39:24.876+0000][7][gc,metaspace] GC(263) Metaspace: 109128K(114000K)->109128K(114000K) NonClass: 95190K(98716K)->95190K(98716K) Class: 13938K(15284K)->13938K(15284K)
[2021-05-03T07:39:24.876+0000][7][gc          ] GC(263) Pause Young (Normal) (G1 Evacuation Pause) 201M->117M(256M) 2.135ms
[2021-05-03T07:39:24.876+0000][7][gc,cpu      ] GC(263) User=0.01s Sys=0.00s Real=0.00s
[2021-05-03T07:39:24.876+0000][7][safepoint   ] Safepoint "G1CollectForAllocation", Time since last: 130910028152 ns, Reaching safepoint: 167938 ns, At safepoint: 2214765 ns, Total: 2382703 ns
[2021-05-03T07:40:42.895+0000][7][safepoint   ] Safepoint "Cleanup", Time since last: 78018983075 ns, Reaching safepoint: 98839 ns, At safepoint: 6348 ns, Total: 105187 ns
[2021-05-03T07:41:32.147+0000][7][gc,start    ] GC(264) Pause Young (Concurrent Start) (G1 Evacuation Pause)
[2021-05-03T07:41:32.148+0000][7][gc,task     ] GC(264) Using 6 workers of 8 for evacuation
[2021-05-03T07:41:32.148+0000][7][gc,age      ] GC(264) Desired survivor size 6291456 bytes, new threshold 15 (max threshold 15)
[2021-05-03T07:41:32.149+0000][7][gc,age      ] GC(264) Age table with threshold 15 (max threshold 15)
[2021-05-03T07:41:32.149+0000][7][gc,age      ] GC(264) - age   1:     523248 bytes,     523248 total
[2021-05-03T07:41:32.149+0000][7][gc,age      ] GC(264) - age   2:        536 bytes,     523784 total
[2021-05-03T07:41:32.149+0000][7][gc,age      ] GC(264) - age   3:     181416 bytes,     705200 total
[2021-05-03T07:41:32.149+0000][7][gc,age      ] GC(264) - age   4:       3424 bytes,     708624 total
[2021-05-03T07:41:32.149+0000][7][gc,age      ] GC(264) - age   5:       4176 bytes,     712800 total
[2021-05-03T07:41:32.149+0000][7][gc,age      ] GC(264) - age   6:     409912 bytes,    1122712 total
[2021-05-03T07:41:32.149+0000][7][gc,age      ] GC(264) - age   7:         40 bytes,    1122752 total
[2021-05-03T07:41:32.149+0000][7][gc,age      ] GC(264) - age   8:       3304 bytes,    1126056 total
[2021-05-03T07:41:32.149+0000][7][gc,age      ] GC(264) - age  10:        464 bytes,    1126520 total
[2021-05-03T07:41:32.149+0000][7][gc,age      ] GC(264) - age  13:        544 bytes,    1127064 total
[2021-05-03T07:41:32.149+0000][7][gc,age      ] GC(264) - age  14:     124200 bytes,    1251264 total
[2021-05-03T07:41:32.149+0000][7][gc,age      ] GC(264) - age  15:         96 bytes,    1251360 total
[2021-05-03T07:41:32.149+0000][7][gc,phases   ] GC(264)   Pre Evacuate Collection Set: 0.1ms
[2021-05-03T07:41:32.149+0000][7][gc,phases   ] GC(264)   Merge Heap Roots: 0.0ms
[2021-05-03T07:41:32.149+0000][7][gc,phases   ] GC(264)   Evacuate Collection Set: 1.0ms
[2021-05-03T07:41:32.149+0000][7][gc,phases   ] GC(264)   Post Evacuate Collection Set: 0.5ms
[2021-05-03T07:41:32.149+0000][7][gc,phases   ] GC(264)   Other: 0.2ms
[2021-05-03T07:41:32.149+0000][7][gc,heap     ] GC(264) Eden regions: 21->0(21)
[2021-05-03T07:41:32.149+0000][7][gc,heap     ] GC(264) Survivor regions: 1->1(3)
[2021-05-03T07:41:32.149+0000][7][gc,heap     ] GC(264) Old regions: 27->27
[2021-05-03T07:41:32.149+0000][7][gc,heap     ] GC(264) Archive regions: 2->2
[2021-05-03T07:41:32.149+0000][7][gc,heap     ] GC(264) Humongous regions: 2->2
[2021-05-03T07:41:32.149+0000][7][gc,metaspace] GC(264) Metaspace: 109128K(114000K)->109128K(114000K) NonClass: 95190K(98716K)->95190K(98716K) Class: 13938K(15284K)->13938K(15284K)
[2021-05-03T07:41:32.149+0000][7][gc          ] GC(264) Pause Young (Concurrent Start) (G1 Evacuation Pause) 201M->117M(256M) 1.996ms
[2021-05-03T07:41:32.150+0000][7][gc,cpu      ] GC(264) User=0.00s Sys=0.00s Real=0.00s
[2021-05-03T07:41:32.150+0000][7][safepoint   ] Safepoint "G1CollectForAllocation", Time since last: 49251991720 ns, Reaching safepoint: 160037 ns, At safepoint: 2058988 ns, Total: 2219025 ns
[2021-05-03T07:41:32.150+0000][7][gc          ] GC(265) Concurrent Cycle
[2021-05-03T07:41:32.150+0000][7][gc,marking  ] GC(265) Concurrent Clear Claimed Marks
[2021-05-03T07:41:32.150+0000][7][gc,marking  ] GC(265) Concurrent Clear Claimed Marks 0.040ms
[2021-05-03T07:41:32.150+0000][7][gc,marking  ] GC(265) Concurrent Scan Root Regions
[2021-05-03T07:41:32.151+0000][7][gc,marking  ] GC(265) Concurrent Scan Root Regions 1.553ms
[2021-05-03T07:41:32.151+0000][7][gc,marking  ] GC(265) Concurrent Mark (19634.079s)
[2021-05-03T07:41:32.151+0000][7][gc,marking  ] GC(265) Concurrent Mark From Roots
[2021-05-03T07:41:32.151+0000][7][gc,task     ] GC(265) Using 2 workers of 2 for marking
[2021-05-03T07:41:32.230+0000][7][gc,marking  ] GC(265) Concurrent Mark From Roots 79.170ms
[2021-05-03T07:41:32.230+0000][7][gc,marking  ] GC(265) Concurrent Preclean
[2021-05-03T07:41:32.231+0000][7][gc,marking  ] GC(265) Concurrent Preclean 0.225ms
[2021-05-03T07:41:32.231+0000][7][gc,marking  ] GC(265) Concurrent Mark (19634.079s, 19634.158s) 79.444ms
[2021-05-03T07:41:32.231+0000][7][gc,start    ] GC(265) Pause Remark
[2021-05-03T07:41:32.236+0000][7][gc          ] GC(265) Pause Remark 117M->117M(256M) 5.336ms
[2021-05-03T07:41:32.236+0000][7][gc,cpu      ] GC(265) User=0.02s Sys=0.00s Real=0.01s
[2021-05-03T07:41:32.236+0000][7][safepoint   ] Safepoint "G1Concurrent", Time since last: 81142293 ns, Reaching safepoint: 104470 ns, At safepoint: 5414403 ns, Total: 5518873 ns
[2021-05-03T07:41:32.236+0000][7][gc,marking  ] GC(265) Concurrent Rebuild Remembered Sets
[2021-05-03T07:41:32.290+0000][7][gc,marking  ] GC(265) Concurrent Rebuild Remembered Sets 53.707ms
[2021-05-03T07:41:32.290+0000][7][gc,start    ] GC(265) Pause Cleanup
[2021-05-03T07:41:32.290+0000][7][gc          ] GC(265) Pause Cleanup 117M->117M(256M) 0.070ms
[2021-05-03T07:41:32.290+0000][7][gc,cpu      ] GC(265) User=0.00s Sys=0.00s Real=0.00s
[2021-05-03T07:41:32.290+0000][7][safepoint   ] Safepoint "G1Concurrent", Time since last: 53853660 ns, Reaching safepoint: 107659 ns, At safepoint: 111245 ns, Total: 218904 ns
[2021-05-03T07:41:32.290+0000][7][gc,marking  ] GC(265) Concurrent Cleanup for Next Mark
[2021-05-03T07:41:32.290+0000][7][gc,marking  ] GC(265) Concurrent Cleanup for Next Mark 0.202ms
[2021-05-03T07:41:32.290+0000][7][gc          ] GC(265) Concurrent Cycle 140.979ms
[2021-05-03T07:43:09.308+0000][7][safepoint   ] Safepoint "Cleanup", Time since last: 97017744488 ns, Reaching safepoint: 96027 ns, At safepoint: 5945 ns, Total: 101972 ns
[2021-05-03T07:43:44.411+0000][7][gc,start    ] GC(266) Pause Young (Normal) (G1 Evacuation Pause)
[2021-05-03T07:43:44.411+0000][7][gc,task     ] GC(266) Using 6 workers of 8 for evacuation
[2021-05-03T07:43:44.411+0000][7][gc,age      ] GC(266) Desired survivor size 6291456 bytes, new threshold 15 (max threshold 15)
[2021-05-03T07:43:44.412+0000][7][gc,age      ] GC(266) Age table with threshold 15 (max threshold 15)
[2021-05-03T07:43:44.412+0000][7][gc,age      ] GC(266) - age   1:     518304 bytes,     518304 total
[2021-05-03T07:43:44.412+0000][7][gc,age      ] GC(266) - age   2:        600 bytes,     518904 total
[2021-05-03T07:43:44.412+0000][7][gc,age      ] GC(266) - age   3:        240 bytes,     519144 total
[2021-05-03T07:43:44.412+0000][7][gc,age      ] GC(266) - age   4:     181272 bytes,     700416 total
[2021-05-03T07:43:44.412+0000][7][gc,age      ] GC(266) - age   5:       3184 bytes,     703600 total
[2021-05-03T07:43:44.412+0000][7][gc,age      ] GC(266) - age   6:       4176 bytes,     707776 total
[2021-05-03T07:43:44.412+0000][7][gc,age      ] GC(266) - age   7:     409912 bytes,    1117688 total
[2021-05-03T07:43:44.412+0000][7][gc,age      ] GC(266) - age   9:       3304 bytes,    1120992 total
[2021-05-03T07:43:44.412+0000][7][gc,age      ] GC(266) - age  11:        464 bytes,    1121456 total
[2021-05-03T07:43:44.412+0000][7][gc,age      ] GC(266) - age  14:        544 bytes,    1122000 total
[2021-05-03T07:43:44.412+0000][7][gc,age      ] GC(266) - age  15:     124200 bytes,    1246200 total
[2021-05-03T07:43:44.412+0000][7][gc,phases   ] GC(266)   Pre Evacuate Collection Set: 0.0ms
[2021-05-03T07:43:44.412+0000][7][gc,phases   ] GC(266)   Merge Heap Roots: 0.1ms
[2021-05-03T07:43:44.413+0000][7][gc,phases   ] GC(266)   Evacuate Collection Set: 1.0ms
[2021-05-03T07:43:44.413+0000][7][gc,phases   ] GC(266)   Post Evacuate Collection Set: 0.6ms
[2021-05-03T07:43:44.413+0000][7][gc,phases   ] GC(266)   Other: 0.2ms
[2021-05-03T07:43:44.413+0000][7][gc,heap     ] GC(266) Eden regions: 21->0(21)
[2021-05-03T07:43:44.413+0000][7][gc,heap     ] GC(266) Survivor regions: 1->1(3)
[2021-05-03T07:43:44.413+0000][7][gc,heap     ] GC(266) Old regions: 27->27
[2021-05-03T07:43:44.413+0000][7][gc,heap     ] GC(266) Archive regions: 2->2
[2021-05-03T07:43:44.413+0000][7][gc,heap     ] GC(266) Humongous regions: 2->2
[2021-05-03T07:43:44.413+0000][7][gc,metaspace] GC(266) Metaspace: 109131K(114000K)->109131K(114000K) NonClass: 95193K(98716K)->95193K(98716K) Class: 13938K(15284K)->13938K(15284K)
[2021-05-03T07:43:44.413+0000][7][gc          ] GC(266) Pause Young (Normal) (G1 Evacuation Pause) 201M->117M(256M) 1.955ms
[2021-05-03T07:43:44.413+0000][7][gc,cpu      ] GC(266) User=0.01s Sys=0.00s Real=0.01s
[2021-05-03T07:43:44.413+0000][7][safepoint   ] Safepoint "G1CollectForAllocation", Time since last: 35102410800 ns, Reaching safepoint: 82076 ns, At safepoint: 2018632 ns, Total: 2100708 ns
[2021-05-03T07:44:09.420+0000][7][safepoint   ] Safepoint "Cleanup", Time since last: 25007064478 ns, Reaching safepoint: 519027 ns, At safepoint: 8326 ns, Total: 527353 ns
[2021-05-03T07:44:42.429+0000][7][safepoint   ] Safepoint "Cleanup", Time since last: 33009167266 ns, Reaching safepoint: 109600 ns, At safepoint: 5677 ns, Total: 115277 ns
[2021-05-03T07:45:40.732+0000][7][gc,start    ] GC(267) Pause Young (Concurrent Start) (G1 Evacuation Pause)
[2021-05-03T07:45:40.732+0000][7][gc,task     ] GC(267) Using 6 workers of 8 for evacuation
[2021-05-03T07:45:40.732+0000][7][gc,age      ] GC(267) Desired survivor size 6291456 bytes, new threshold 15 (max threshold 15)
[2021-05-03T07:45:40.734+0000][7][gc,age      ] GC(267) Age table with threshold 15 (max threshold 15)
[2021-05-03T07:45:40.734+0000][7][gc,age      ] GC(267) - age   1:     706384 bytes,     706384 total
[2021-05-03T07:45:40.734+0000][7][gc,age      ] GC(267) - age   2:       1432 bytes,     707816 total
[2021-05-03T07:45:40.734+0000][7][gc,age      ] GC(267) - age   3:        368 bytes,     708184 total
[2021-05-03T07:45:40.734+0000][7][gc,age      ] GC(267) - age   4:        240 bytes,     708424 total
[2021-05-03T07:45:40.734+0000][7][gc,age      ] GC(267) - age   5:     137024 bytes,     845448 total
[2021-05-03T07:45:40.734+0000][7][gc,age      ] GC(267) - age   6:        688 bytes,     846136 total
[2021-05-03T07:45:40.734+0000][7][gc,age      ] GC(267) - age   7:       4176 bytes,     850312 total
[2021-05-03T07:45:40.734+0000][7][gc,age      ] GC(267) - age   8:     409608 bytes,    1259920 total
[2021-05-03T07:45:40.734+0000][7][gc,age      ] GC(267) - age  10:       2928 bytes,    1262848 total
[2021-05-03T07:45:40.734+0000][7][gc,age      ] GC(267) - age  12:        464 bytes,    1263312 total
[2021-05-03T07:45:40.734+0000][7][gc,age      ] GC(267) - age  15:        544 bytes,    1263856 total
[2021-05-03T07:45:40.734+0000][7][gc,phases   ] GC(267)   Pre Evacuate Collection Set: 0.1ms
[2021-05-03T07:45:40.734+0000][7][gc,phases   ] GC(267)   Merge Heap Roots: 0.0ms
[2021-05-03T07:45:40.734+0000][7][gc,phases   ] GC(267)   Evacuate Collection Set: 1.0ms
[2021-05-03T07:45:40.734+0000][7][gc,phases   ] GC(267)   Post Evacuate Collection Set: 0.5ms
[2021-05-03T07:45:40.734+0000][7][gc,phases   ] GC(267)   Other: 0.2ms
[2021-05-03T07:45:40.734+0000][7][gc,heap     ] GC(267) Eden regions: 21->0(21)
[2021-05-03T07:45:40.734+0000][7][gc,heap     ] GC(267) Survivor regions: 1->1(3)
[2021-05-03T07:45:40.734+0000][7][gc,heap     ] GC(267) Old regions: 27->27
[2021-05-03T07:45:40.734+0000][7][gc,heap     ] GC(267) Archive regions: 2->2
[2021-05-03T07:45:40.734+0000][7][gc,heap     ] GC(267) Humongous regions: 2->2
[2021-05-03T07:45:40.734+0000][7][gc,metaspace] GC(267) Metaspace: 109131K(114000K)->109131K(114000K) NonClass: 95193K(98716K)->95193K(98716K) Class: 13938K(15284K)->13938K(15284K)
[2021-05-03T07:45:40.734+0000][7][gc          ] GC(267) Pause Young (Concurrent Start) (G1 Evacuation Pause) 201M->117M(256M) 1.967ms
[2021-05-03T07:45:40.734+0000][7][gc,cpu      ] GC(267) User=0.01s Sys=0.00s Real=0.00s
[2021-05-03T07:45:40.734+0000][7][safepoint   ] Safepoint "G1CollectForAllocation", Time since last: 58302259677 ns, Reaching safepoint: 92665 ns, At safepoint: 2037350 ns, Total: 2130015 ns
[2021-05-03T07:45:40.734+0000][7][gc          ] GC(268) Concurrent Cycle
[2021-05-03T07:45:40.734+0000][7][gc,marking  ] GC(268) Concurrent Clear Claimed Marks
[2021-05-03T07:45:40.734+0000][7][gc,marking  ] GC(268) Concurrent Clear Claimed Marks 0.070ms
[2021-05-03T07:45:40.734+0000][7][gc,marking  ] GC(268) Concurrent Scan Root Regions
[2021-05-03T07:45:40.735+0000][7][gc,marking  ] GC(268) Concurrent Scan Root Regions 1.146ms
[2021-05-03T07:45:40.735+0000][7][gc,marking  ] GC(268) Concurrent Mark (19882.663s)
[2021-05-03T07:45:40.735+0000][7][gc,marking  ] GC(268) Concurrent Mark From Roots
[2021-05-03T07:45:40.735+0000][7][gc,task     ] GC(268) Using 2 workers of 2 for marking
[2021-05-03T07:45:40.825+0000][7][gc,marking  ] GC(268) Concurrent Mark From Roots 89.550ms
[2021-05-03T07:45:40.825+0000][7][gc,marking  ] GC(268) Concurrent Preclean
[2021-05-03T07:45:40.825+0000][7][gc,marking  ] GC(268) Concurrent Preclean 0.228ms
[2021-05-03T07:45:40.825+0000][7][gc,marking  ] GC(268) Concurrent Mark (19882.663s, 19882.753s) 89.832ms
[2021-05-03T07:45:40.825+0000][7][gc,start    ] GC(268) Pause Remark
[2021-05-03T07:45:40.831+0000][7][gc          ] GC(268) Pause Remark 131M->131M(256M) 5.367ms
[2021-05-03T07:45:40.831+0000][7][gc,cpu      ] GC(268) User=0.03s Sys=0.00s Real=0.00s
[2021-05-03T07:45:40.831+0000][7][safepoint   ] Safepoint "G1Concurrent", Time since last: 91179037 ns, Reaching safepoint: 92853 ns, At safepoint: 5445036 ns, Total: 5537889 ns
[2021-05-03T07:45:40.831+0000][7][gc,marking  ] GC(268) Concurrent Rebuild Remembered Sets
[2021-05-03T07:45:40.883+0000][7][gc,marking  ] GC(268) Concurrent Rebuild Remembered Sets 52.712ms
[2021-05-03T07:45:40.884+0000][7][gc,start    ] GC(268) Pause Cleanup
[2021-05-03T07:45:40.884+0000][7][gc          ] GC(268) Pause Cleanup 131M->131M(256M) 0.063ms
[2021-05-03T07:45:40.884+0000][7][gc,cpu      ] GC(268) User=0.00s Sys=0.00s Real=0.00s
[2021-05-03T07:45:40.884+0000][7][safepoint   ] Safepoint "G1Concurrent", Time since last: 52855574 ns, Reaching safepoint: 137603 ns, At safepoint: 102202 ns, Total: 239805 ns
[2021-05-03T07:45:40.884+0000][7][gc,marking  ] GC(268) Concurrent Cleanup for Next Mark
[2021-05-03T07:45:40.884+0000][7][gc,marking  ] GC(268) Concurrent Cleanup for Next Mark 0.155ms
[2021-05-03T07:45:40.884+0000][7][gc          ] GC(268) Concurrent Cycle 149.983ms
[2021-05-03T07:47:32.226+0000][7][gc,start    ] GC(269) Pause Young (Normal) (G1 Evacuation Pause)
[2021-05-03T07:47:32.226+0000][7][gc,task     ] GC(269) Using 6 workers of 8 for evacuation
[2021-05-03T07:47:32.227+0000][7][gc,age      ] GC(269) Desired survivor size 6291456 bytes, new threshold 15 (max threshold 15)
[2021-05-03T07:47:32.228+0000][7][gc,age      ] GC(269) Age table with threshold 15 (max threshold 15)
[2021-05-03T07:47:32.228+0000][7][gc,age      ] GC(269) - age   1:     671056 bytes,     671056 total
[2021-05-03T07:47:32.228+0000][7][gc,age      ] GC(269) - age   2:     124264 bytes,     795320 total
[2021-05-03T07:47:32.228+0000][7][gc,age      ] GC(269) - age   3:       1384 bytes,     796704 total
[2021-05-03T07:47:32.228+0000][7][gc,age      ] GC(269) - age   4:        224 bytes,     796928 total
[2021-05-03T07:47:32.228+0000][7][gc,age      ] GC(269) - age   6:       6056 bytes,     802984 total
[2021-05-03T07:47:32.228+0000][7][gc,age      ] GC(269) - age   7:        688 bytes,     803672 total
[2021-05-03T07:47:32.228+0000][7][gc,age      ] GC(269) - age   8:       4136 bytes,     807808 total
[2021-05-03T07:47:32.228+0000][7][gc,age      ] GC(269) - age   9:     409568 bytes,    1217376 total
[2021-05-03T07:47:32.228+0000][7][gc,age      ] GC(269) - age  11:       2056 bytes,    1219432 total
[2021-05-03T07:47:32.228+0000][7][gc,age      ] GC(269) - age  13:        464 bytes,    1219896 total
[2021-05-03T07:47:32.228+0000][7][gc,phases   ] GC(269)   Pre Evacuate Collection Set: 0.0ms
[2021-05-03T07:47:32.228+0000][7][gc,phases   ] GC(269)   Merge Heap Roots: 0.1ms
[2021-05-03T07:47:32.228+0000][7][gc,phases   ] GC(269)   Evacuate Collection Set: 0.9ms
[2021-05-03T07:47:32.228+0000][7][gc,phases   ] GC(269)   Post Evacuate Collection Set: 0.4ms
[2021-05-03T07:47:32.228+0000][7][gc,phases   ] GC(269)   Other: 0.2ms
[2021-05-03T07:47:32.228+0000][7][gc,heap     ] GC(269) Eden regions: 21->0(21)
[2021-05-03T07:47:32.228+0000][7][gc,heap     ] GC(269) Survivor regions: 1->1(3)
[2021-05-03T07:47:32.228+0000][7][gc,heap     ] GC(269) Old regions: 27->27
[2021-05-03T07:47:32.228+0000][7][gc,heap     ] GC(269) Archive regions: 2->2
[2021-05-03T07:47:32.228+0000][7][gc,heap     ] GC(269) Humongous regions: 2->2
[2021-05-03T07:47:32.228+0000][7][gc,metaspace] GC(269) Metaspace: 109144K(114000K)->109144K(114000K) NonClass: 95206K(98716K)->95206K(98716K) Class: 13938K(15284K)->13938K(15284K)
[2021-05-03T07:47:32.228+0000][7][gc          ] GC(269) Pause Young (Normal) (G1 Evacuation Pause) 201M->117M(256M) 1.675ms
[2021-05-03T07:47:32.228+0000][7][gc,cpu      ] GC(269) User=0.00s Sys=0.01s Real=0.00s
[2021-05-03T07:47:32.228+0000][7][safepoint   ] Safepoint "G1CollectForAllocation", Time since last: 111342602703 ns, Reaching safepoint: 132343 ns, At safepoint: 1740564 ns, Total: 1872907 ns
[2021-05-03T07:49:35.260+0000][7][safepoint   ] Safepoint "Cleanup", Time since last: 123031813462 ns, Reaching safepoint: 125554 ns, At safepoint: 6028 ns, Total: 131582 ns
[2021-05-03T07:49:42.224+0000][7][gc,start    ] GC(270) Pause Young (Concurrent Start) (G1 Evacuation Pause)
[2021-05-03T07:49:42.224+0000][7][gc,task     ] GC(270) Using 6 workers of 8 for evacuation
[2021-05-03T07:49:42.224+0000][7][gc,age      ] GC(270) Desired survivor size 6291456 bytes, new threshold 15 (max threshold 15)
[2021-05-03T07:49:42.225+0000][7][gc,age      ] GC(270) Age table with threshold 15 (max threshold 15)
[2021-05-03T07:49:42.225+0000][7][gc,age      ] GC(270) - age   1:     512640 bytes,     512640 total
[2021-05-03T07:49:42.225+0000][7][gc,age      ] GC(270) - age   2:     152064 bytes,     664704 total
[2021-05-03T07:49:42.225+0000][7][gc,age      ] GC(270) - age   3:      93264 bytes,     757968 total
[2021-05-03T07:49:42.225+0000][7][gc,age      ] GC(270) - age   4:       1168 bytes,     759136 total
[2021-05-03T07:49:42.225+0000][7][gc,age      ] GC(270) - age   5:        224 bytes,     759360 total
[2021-05-03T07:49:42.225+0000][7][gc,age      ] GC(270) - age   7:       5960 bytes,     765320 total
[2021-05-03T07:49:42.225+0000][7][gc,age      ] GC(270) - age   8:        688 bytes,     766008 total
[2021-05-03T07:49:42.225+0000][7][gc,age      ] GC(270) - age   9:       4136 bytes,     770144 total
[2021-05-03T07:49:42.225+0000][7][gc,age      ] GC(270) - age  10:     409568 bytes,    1179712 total
[2021-05-03T07:49:42.225+0000][7][gc,age      ] GC(270) - age  12:       2056 bytes,    1181768 total
[2021-05-03T07:49:42.225+0000][7][gc,age      ] GC(270) - age  14:        464 bytes,    1182232 total
[2021-05-03T07:49:42.225+0000][7][gc,phases   ] GC(270)   Pre Evacuate Collection Set: 0.1ms
[2021-05-03T07:49:42.225+0000][7][gc,phases   ] GC(270)   Merge Heap Roots: 0.0ms
[2021-05-03T07:49:42.225+0000][7][gc,phases   ] GC(270)   Evacuate Collection Set: 0.7ms
[2021-05-03T07:49:42.225+0000][7][gc,phases   ] GC(270)   Post Evacuate Collection Set: 0.6ms
[2021-05-03T07:49:42.225+0000][7][gc,phases   ] GC(270)   Other: 0.2ms
[2021-05-03T07:49:42.225+0000][7][gc,heap     ] GC(270) Eden regions: 21->0(21)
[2021-05-03T07:49:42.225+0000][7][gc,heap     ] GC(270) Survivor regions: 1->1(3)
[2021-05-03T07:49:42.225+0000][7][gc,heap     ] GC(270) Old regions: 27->27
[2021-05-03T07:49:42.225+0000][7][gc,heap     ] GC(270) Archive regions: 2->2
[2021-05-03T07:49:42.225+0000][7][gc,heap     ] GC(270) Humongous regions: 2->2
[2021-05-03T07:49:42.225+0000][7][gc,metaspace] GC(270) Metaspace: 109144K(114000K)->109144K(114000K) NonClass: 95206K(98716K)->95206K(98716K) Class: 13938K(15284K)->13938K(15284K)
[2021-05-03T07:49:42.225+0000][7][gc          ] GC(270) Pause Young (Concurrent Start) (G1 Evacuation Pause) 201M->117M(256M) 1.659ms
[2021-05-03T07:49:42.225+0000][7][gc,cpu      ] GC(270) User=0.01s Sys=0.00s Real=0.00s
[2021-05-03T07:49:42.226+0000][7][gc          ] GC(271) Concurrent Cycle
[2021-05-03T07:49:42.226+0000][7][gc,marking  ] GC(271) Concurrent Clear Claimed Marks
[2021-05-03T07:49:42.226+0000][7][gc,marking  ] GC(271) Concurrent Clear Claimed Marks 0.048ms
[2021-05-03T07:49:42.226+0000][7][gc,marking  ] GC(271) Concurrent Scan Root Regions
[2021-05-03T07:49:42.226+0000][7][safepoint   ] Safepoint "G1CollectForAllocation", Time since last: 6963567287 ns, Reaching safepoint: 102040 ns, At safepoint: 1731070 ns, Total: 1833110 ns
[2021-05-03T07:49:42.227+0000][7][gc,marking  ] GC(271) Concurrent Scan Root Regions 1.437ms
[2021-05-03T07:49:42.227+0000][7][gc,marking  ] GC(271) Concurrent Mark (20124.155s)
[2021-05-03T07:49:42.227+0000][7][gc,marking  ] GC(271) Concurrent Mark From Roots
[2021-05-03T07:49:42.227+0000][7][gc,task     ] GC(271) Using 2 workers of 2 for marking
[2021-05-03T07:49:42.310+0000][7][gc,marking  ] GC(271) Concurrent Mark From Roots 83.049ms
[2021-05-03T07:49:42.310+0000][7][gc,marking  ] GC(271) Concurrent Preclean
[2021-05-03T07:49:42.310+0000][7][gc,marking  ] GC(271) Concurrent Preclean 0.194ms
[2021-05-03T07:49:42.310+0000][7][gc,marking  ] GC(271) Concurrent Mark (20124.155s, 20124.238s) 83.291ms
[2021-05-03T07:49:42.310+0000][7][gc,start    ] GC(271) Pause Remark
[2021-05-03T07:49:42.316+0000][7][gc          ] GC(271) Pause Remark 119M->119M(256M) 5.325ms
[2021-05-03T07:49:42.316+0000][7][gc,cpu      ] GC(271) User=0.03s Sys=0.00s Real=0.01s
[2021-05-03T07:49:42.316+0000][7][safepoint   ] Safepoint "G1Concurrent", Time since last: 84874868 ns, Reaching safepoint: 85168 ns, At safepoint: 5397816 ns, Total: 5482984 ns
[2021-05-03T07:49:42.316+0000][7][gc,marking  ] GC(271) Concurrent Rebuild Remembered Sets
[2021-05-03T07:49:42.369+0000][7][gc,marking  ] GC(271) Concurrent Rebuild Remembered Sets 52.745ms
[2021-05-03T07:49:42.369+0000][7][gc,start    ] GC(271) Pause Cleanup
[2021-05-03T07:49:42.369+0000][7][gc          ] GC(271) Pause Cleanup 119M->119M(256M) 0.065ms
[2021-05-03T07:49:42.369+0000][7][gc,cpu      ] GC(271) User=0.00s Sys=0.00s Real=0.00s
[2021-05-03T07:49:42.369+0000][7][safepoint   ] Safepoint "G1Concurrent", Time since last: 52847340 ns, Reaching safepoint: 124488 ns, At safepoint: 105220 ns, Total: 229708 ns
[2021-05-03T07:49:42.369+0000][7][gc,marking  ] GC(271) Concurrent Cleanup for Next Mark
[2021-05-03T07:49:42.369+0000][7][gc,marking  ] GC(271) Concurrent Cleanup for Next Mark 0.145ms
[2021-05-03T07:49:42.369+0000][7][gc          ] GC(271) Concurrent Cycle 143.617ms
[2021-05-03T07:50:39.384+0000][7][safepoint   ] Safepoint "Cleanup", Time since last: 57015369257 ns, Reaching safepoint: 117466 ns, At safepoint: 5550 ns, Total: 123016 ns
[2021-05-03T07:50:44.386+0000][7][safepoint   ] Safepoint "Cleanup", Time since last: 5001330550 ns, Reaching safepoint: 111024 ns, At safepoint: 5601 ns, Total: 116625 ns
[2021-05-03T07:51:09.392+0000][7][safepoint   ] Safepoint "Cleanup", Time since last: 25006295507 ns, Reaching safepoint: 133530 ns, At safepoint: 6866 ns, Total: 140396 ns
[2021-05-03T07:51:49.272+0000][7][gc,start    ] GC(272) Pause Young (Normal) (G1 Evacuation Pause)
[2021-05-03T07:51:49.272+0000][7][gc,task     ] GC(272) Using 6 workers of 8 for evacuation
[2021-05-03T07:51:49.272+0000][7][gc,age      ] GC(272) Desired survivor size 6291456 bytes, new threshold 15 (max threshold 15)
[2021-05-03T07:51:49.273+0000][7][gc,age      ] GC(272) Age table with threshold 15 (max threshold 15)
[2021-05-03T07:51:49.273+0000][7][gc,age      ] GC(272) - age   1:     359584 bytes,     359584 total
[2021-05-03T07:51:49.273+0000][7][gc,age      ] GC(272) - age   2:        232 bytes,     359816 total
[2021-05-03T07:51:49.273+0000][7][gc,age      ] GC(272) - age   3:     141840 bytes,     501656 total
[2021-05-03T07:51:49.273+0000][7][gc,age      ] GC(272) - age   4:      12624 bytes,     514280 total
[2021-05-03T07:51:49.273+0000][7][gc,age      ] GC(272) - age   5:       1144 bytes,     515424 total
[2021-05-03T07:51:49.273+0000][7][gc,age      ] GC(272) - age   6:        224 bytes,     515648 total
[2021-05-03T07:51:49.274+0000][7][gc,age      ] GC(272) - age   8:       5920 bytes,     521568 total
[2021-05-03T07:51:49.274+0000][7][gc,age      ] GC(272) - age   9:        688 bytes,     522256 total
[2021-05-03T07:51:49.274+0000][7][gc,age      ] GC(272) - age  10:       4136 bytes,     526392 total
[2021-05-03T07:51:49.274+0000][7][gc,age      ] GC(272) - age  11:     409544 bytes,     935936 total
[2021-05-03T07:51:49.274+0000][7][gc,age      ] GC(272) - age  13:       2056 bytes,     937992 total
[2021-05-03T07:51:49.274+0000][7][gc,age      ] GC(272) - age  15:        464 bytes,     938456 total
[2021-05-03T07:51:49.274+0000][7][gc,phases   ] GC(272)   Pre Evacuate Collection Set: 0.0ms
[2021-05-03T07:51:49.274+0000][7][gc,phases   ] GC(272)   Merge Heap Roots: 0.0ms
[2021-05-03T07:51:49.274+0000][7][gc,phases   ] GC(272)   Evacuate Collection Set: 0.7ms
[2021-05-03T07:51:49.274+0000][7][gc,phases   ] GC(272)   Post Evacuate Collection Set: 0.4ms
[2021-05-03T07:51:49.274+0000][7][gc,phases   ] GC(272)   Other: 0.2ms
[2021-05-03T07:51:49.274+0000][7][gc,heap     ] GC(272) Eden regions: 21->0(21)
[2021-05-03T07:51:49.274+0000][7][gc,heap     ] GC(272) Survivor regions: 1->1(3)
[2021-05-03T07:51:49.274+0000][7][gc,heap     ] GC(272) Old regions: 27->27
[2021-05-03T07:51:49.274+0000][7][gc,heap     ] GC(272) Archive regions: 2->2
[2021-05-03T07:51:49.274+0000][7][gc,heap     ] GC(272) Humongous regions: 2->2
[2021-05-03T07:51:49.274+0000][7][gc,metaspace] GC(272) Metaspace: 109144K(114000K)->109144K(114000K) NonClass: 95206K(98716K)->95206K(98716K) Class: 13938K(15284K)->13938K(15284K)
[2021-05-03T07:51:49.274+0000][7][gc          ] GC(272) Pause Young (Normal) (G1 Evacuation Pause) 201M->117M(256M) 1.484ms
[2021-05-03T07:51:49.274+0000][7][gc,cpu      ] GC(272) User=0.00s Sys=0.00s Real=0.00s
[2021-05-03T07:51:49.274+0000][7][safepoint   ] Safepoint "G1CollectForAllocation", Time since last: 39879706275 ns, Reaching safepoint: 95497 ns, At safepoint: 1550622 ns, Total: 1646119 ns
[2021-05-03T07:54:04.218+0000][7][gc,start    ] GC(273) Pause Young (Concurrent Start) (G1 Evacuation Pause)
[2021-05-03T07:54:04.218+0000][7][gc,task     ] GC(273) Using 6 workers of 8 for evacuation
[2021-05-03T07:54:04.218+0000][7][gc,age      ] GC(273) Desired survivor size 6291456 bytes, new threshold 15 (max threshold 15)
[2021-05-03T07:54:04.219+0000][7][gc,age      ] GC(273) Age table with threshold 15 (max threshold 15)
[2021-05-03T07:54:04.219+0000][7][gc,age      ] GC(273) - age   1:     508008 bytes,     508008 total
[2021-05-03T07:54:04.219+0000][7][gc,age      ] GC(273) - age   2:        760 bytes,     508768 total
[2021-05-03T07:54:04.219+0000][7][gc,age      ] GC(273) - age   3:         56 bytes,     508824 total
[2021-05-03T07:54:04.219+0000][7][gc,age      ] GC(273) - age   4:     141840 bytes,     650664 total
[2021-05-03T07:54:04.219+0000][7][gc,age      ] GC(273) - age   5:      12624 bytes,     663288 total
[2021-05-03T07:54:04.219+0000][7][gc,age      ] GC(273) - age   6:       1144 bytes,     664432 total
[2021-05-03T07:54:04.219+0000][7][gc,age      ] GC(273) - age   7:        224 bytes,     664656 total
[2021-05-03T07:54:04.219+0000][7][gc,age      ] GC(273) - age   9:       5680 bytes,     670336 total
[2021-05-03T07:54:04.219+0000][7][gc,age      ] GC(273) - age  10:        688 bytes,     671024 total
[2021-05-03T07:54:04.219+0000][7][gc,age      ] GC(273) - age  11:       4136 bytes,     675160 total
[2021-05-03T07:54:04.219+0000][7][gc,age      ] GC(273) - age  12:     409544 bytes,    1084704 total
[2021-05-03T07:54:04.219+0000][7][gc,age      ] GC(273) - age  14:       2056 bytes,    1086760 total
[2021-05-03T07:54:04.219+0000][7][gc,phases   ] GC(273)   Pre Evacuate Collection Set: 0.1ms
[2021-05-03T07:54:04.219+0000][7][gc,phases   ] GC(273)   Merge Heap Roots: 0.0ms
[2021-05-03T07:54:04.219+0000][7][gc,phases   ] GC(273)   Evacuate Collection Set: 0.8ms
[2021-05-03T07:54:04.219+0000][7][gc,phases   ] GC(273)   Post Evacuate Collection Set: 0.3ms
[2021-05-03T07:54:04.219+0000][7][gc,phases   ] GC(273)   Other: 0.2ms
[2021-05-03T07:54:04.219+0000][7][gc,heap     ] GC(273) Eden regions: 21->0(21)
[2021-05-03T07:54:04.219+0000][7][gc,heap     ] GC(273) Survivor regions: 1->1(3)
[2021-05-03T07:54:04.219+0000][7][gc,heap     ] GC(273) Old regions: 27->27
[2021-05-03T07:54:04.219+0000][7][gc,heap     ] GC(273) Archive regions: 2->2
[2021-05-03T07:54:04.219+0000][7][gc,heap     ] GC(273) Humongous regions: 2->2
[2021-05-03T07:54:04.219+0000][7][gc,metaspace] GC(273) Metaspace: 109144K(114000K)->109144K(114000K) NonClass: 95206K(98716K)->95206K(98716K) Class: 13938K(15284K)->13938K(15284K)
[2021-05-03T07:54:04.219+0000][7][gc          ] GC(273) Pause Young (Concurrent Start) (G1 Evacuation Pause) 201M->117M(256M) 1.542ms
[2021-05-03T07:54:04.219+0000][7][gc,cpu      ] GC(273) User=0.01s Sys=0.00s Real=0.00s
[2021-05-03T07:54:04.219+0000][7][safepoint   ] Safepoint "G1CollectForAllocation", Time since last: 134944082501 ns, Reaching safepoint: 115156 ns, At safepoint: 1608811 ns, Total: 1723967 ns
[2021-05-03T07:54:04.220+0000][7][gc          ] GC(274) Concurrent Cycle
[2021-05-03T07:54:04.220+0000][7][gc,marking  ] GC(274) Concurrent Clear Claimed Marks
[2021-05-03T07:54:04.220+0000][7][gc,marking  ] GC(274) Concurrent Clear Claimed Marks 0.058ms
[2021-05-03T07:54:04.220+0000][7][gc,marking  ] GC(274) Concurrent Scan Root Regions
[2021-05-03T07:54:04.221+0000][7][gc,marking  ] GC(274) Concurrent Scan Root Regions 1.451ms
[2021-05-03T07:54:04.221+0000][7][gc,marking  ] GC(274) Concurrent Mark (20386.149s)
[2021-05-03T07:54:04.221+0000][7][gc,marking  ] GC(274) Concurrent Mark From Roots
[2021-05-03T07:54:04.221+0000][7][gc,task     ] GC(274) Using 2 workers of 2 for marking
[2021-05-03T07:54:04.303+0000][7][gc,marking  ] GC(274) Concurrent Mark From Roots 81.698ms
[2021-05-03T07:54:04.303+0000][7][gc,marking  ] GC(274) Concurrent Preclean
[2021-05-03T07:54:04.303+0000][7][gc,marking  ] GC(274) Concurrent Preclean 0.241ms
[2021-05-03T07:54:04.303+0000][7][gc,marking  ] GC(274) Concurrent Mark (20386.149s, 20386.231s) 81.993ms
[2021-05-03T07:54:04.303+0000][7][gc,start    ] GC(274) Pause Remark
[2021-05-03T07:54:04.309+0000][7][gc          ] GC(274) Pause Remark 118M->118M(256M) 5.550ms
[2021-05-03T07:54:04.309+0000][7][gc,cpu      ] GC(274) User=0.03s Sys=0.00s Real=0.00s
[2021-05-03T07:54:04.309+0000][7][safepoint   ] Safepoint "G1Concurrent", Time since last: 83610558 ns, Reaching safepoint: 147766 ns, At safepoint: 5632819 ns, Total: 5780585 ns
[2021-05-03T07:54:04.309+0000][7][gc,marking  ] GC(274) Concurrent Rebuild Remembered Sets
[2021-05-03T07:54:04.362+0000][7][gc,marking  ] GC(274) Concurrent Rebuild Remembered Sets 53.091ms
[2021-05-03T07:54:04.362+0000][7][gc,start    ] GC(274) Pause Cleanup
[2021-05-03T07:54:04.362+0000][7][gc          ] GC(274) Pause Cleanup 118M->118M(256M) 0.058ms
[2021-05-03T07:54:04.362+0000][7][gc,cpu      ] GC(274) User=0.00s Sys=0.00s Real=0.00s
[2021-05-03T07:54:04.362+0000][7][safepoint   ] Safepoint "G1Concurrent", Time since last: 53225739 ns, Reaching safepoint: 103694 ns, At safepoint: 94124 ns, Total: 197818 ns
[2021-05-03T07:54:04.362+0000][7][gc,marking  ] GC(274) Concurrent Cleanup for Next Mark
[2021-05-03T07:54:04.362+0000][7][gc,marking  ] GC(274) Concurrent Cleanup for Next Mark 0.154ms
[2021-05-03T07:54:04.362+0000][7][gc          ] GC(274) Concurrent Cycle 142.975ms
[2021-05-03T07:54:42.372+0000][7][safepoint   ] Safepoint "Cleanup", Time since last: 38009749099 ns, Reaching safepoint: 131464 ns, At safepoint: 6793 ns, Total: 138257 ns
[2021-05-03T07:55:40.802+0000][7][gc,start    ] GC(275) Pause Young (Normal) (G1 Evacuation Pause)
[2021-05-03T07:55:40.802+0000][7][gc,task     ] GC(275) Using 6 workers of 8 for evacuation
[2021-05-03T07:55:40.802+0000][7][gc,age      ] GC(275) Desired survivor size 6291456 bytes, new threshold 15 (max threshold 15)
[2021-05-03T07:55:40.803+0000][7][gc,age      ] GC(275) Age table with threshold 15 (max threshold 15)
[2021-05-03T07:55:40.803+0000][7][gc,age      ] GC(275) - age   1:     874296 bytes,     874296 total
[2021-05-03T07:55:40.803+0000][7][gc,age      ] GC(275) - age   2:        576 bytes,     874872 total
[2021-05-03T07:55:40.803+0000][7][gc,age      ] GC(275) - age   3:        232 bytes,     875104 total
[2021-05-03T07:55:40.803+0000][7][gc,age      ] GC(275) - age   5:       3744 bytes,     878848 total
[2021-05-03T07:55:40.803+0000][7][gc,age      ] GC(275) - age   6:       1128 bytes,     879976 total
[2021-05-03T07:55:40.803+0000][7][gc,age      ] GC(275) - age   7:       1144 bytes,     881120 total
[2021-05-03T07:55:40.803+0000][7][gc,age      ] GC(275) - age   8:        200 bytes,     881320 total
[2021-05-03T07:55:40.803+0000][7][gc,age      ] GC(275) - age  10:       3552 bytes,     884872 total
[2021-05-03T07:55:40.803+0000][7][gc,age      ] GC(275) - age  11:        688 bytes,     885560 total
[2021-05-03T07:55:40.803+0000][7][gc,age      ] GC(275) - age  12:       4136 bytes,     889696 total
[2021-05-03T07:55:40.803+0000][7][gc,age      ] GC(275) - age  13:     409544 bytes,    1299240 total
[2021-05-03T07:55:40.803+0000][7][gc,age      ] GC(275) - age  15:       1784 bytes,    1301024 total
[2021-05-03T07:55:40.803+0000][7][gc,phases   ] GC(275)   Pre Evacuate Collection Set: 0.0ms
[2021-05-03T07:55:40.803+0000][7][gc,phases   ] GC(275)   Merge Heap Roots: 0.1ms
[2021-05-03T07:55:40.803+0000][7][gc,phases   ] GC(275)   Evacuate Collection Set: 0.9ms
[2021-05-03T07:55:40.803+0000][7][gc,phases   ] GC(275)   Post Evacuate Collection Set: 0.3ms
[2021-05-03T07:55:40.803+0000][7][gc,phases   ] GC(275)   Other: 0.2ms
[2021-05-03T07:55:40.803+0000][7][gc,heap     ] GC(275) Eden regions: 21->0(21)
[2021-05-03T07:55:40.803+0000][7][gc,heap     ] GC(275) Survivor regions: 1->1(3)
[2021-05-03T07:55:40.803+0000][7][gc,heap     ] GC(275) Old regions: 27->27
[2021-05-03T07:55:40.803+0000][7][gc,heap     ] GC(275) Archive regions: 2->2
[2021-05-03T07:55:40.803+0000][7][gc,heap     ] GC(275) Humongous regions: 2->2
[2021-05-03T07:55:40.803+0000][7][gc,metaspace] GC(275) Metaspace: 109175K(114000K)->109175K(114000K) NonClass: 95237K(98716K)->95237K(98716K) Class: 13938K(15284K)->13938K(15284K)
[2021-05-03T07:55:40.803+0000][7][gc          ] GC(275) Pause Young (Normal) (G1 Evacuation Pause) 201M->117M(256M) 1.519ms
[2021-05-03T07:55:40.803+0000][7][gc,cpu      ] GC(275) User=0.00s Sys=0.00s Real=0.00s
[2021-05-03T07:55:40.803+0000][7][safepoint   ] Safepoint "G1CollectForAllocation", Time since last: 58429173258 ns, Reaching safepoint: 126505 ns, At safepoint: 1580116 ns, Total: 1706621 ns
[2021-05-03T07:55:41.803+0000][7][safepoint   ] Safepoint "Cleanup", Time since last: 1000216617 ns, Reaching safepoint: 76155 ns, At safepoint: 5344 ns, Total: 81499 ns
[2021-05-03T07:56:42.816+0000][7][safepoint   ] Safepoint "Cleanup", Time since last: 61012020297 ns, Reaching safepoint: 138627 ns, At safepoint: 5682 ns, Total: 144309 ns
[2021-05-03T07:57:49.301+0000][7][gc,start    ] GC(276) Pause Young (Concurrent Start) (G1 Evacuation Pause)
[2021-05-03T07:57:49.301+0000][7][gc,task     ] GC(276) Using 6 workers of 8 for evacuation
[2021-05-03T07:57:49.301+0000][7][gc,age      ] GC(276) Desired survivor size 6291456 bytes, new threshold 15 (max threshold 15)
[2021-05-03T07:57:49.303+0000][7][gc,age      ] GC(276) Age table with threshold 15 (max threshold 15)
[2021-05-03T07:57:49.303+0000][7][gc,age      ] GC(276) - age   1:     429016 bytes,     429016 total
[2021-05-03T07:57:49.303+0000][7][gc,age      ] GC(276) - age   2:     300376 bytes,     729392 total
[2021-05-03T07:57:49.303+0000][7][gc,age      ] GC(276) - age   3:        360 bytes,     729752 total
[2021-05-03T07:57:49.303+0000][7][gc,age      ] GC(276) - age   4:        208 bytes,     729960 total
[2021-05-03T07:57:49.303+0000][7][gc,age      ] GC(276) - age   6:       1216 bytes,     731176 total
[2021-05-03T07:57:49.303+0000][7][gc,age      ] GC(276) - age   7:       1008 bytes,     732184 total
[2021-05-03T07:57:49.303+0000][7][gc,age      ] GC(276) - age   8:       1104 bytes,     733288 total
[2021-05-03T07:57:49.303+0000][7][gc,age      ] GC(276) - age   9:        200 bytes,     733488 total
[2021-05-03T07:57:49.303+0000][7][gc,age      ] GC(276) - age  11:       1264 bytes,     734752 total
[2021-05-03T07:57:49.303+0000][7][gc,age      ] GC(276) - age  12:        688 bytes,     735440 total
[2021-05-03T07:57:49.303+0000][7][gc,age      ] GC(276) - age  13:       4136 bytes,     739576 total
[2021-05-03T07:57:49.303+0000][7][gc,age      ] GC(276) - age  14:     409544 bytes,    1149120 total
[2021-05-03T07:57:49.303+0000][7][gc,phases   ] GC(276)   Pre Evacuate Collection Set: 0.1ms
[2021-05-03T07:57:49.303+0000][7][gc,phases   ] GC(276)   Merge Heap Roots: 0.0ms
[2021-05-03T07:57:49.303+0000][7][gc,phases   ] GC(276)   Evacuate Collection Set: 1.1ms
[2021-05-03T07:57:49.303+0000][7][gc,phases   ] GC(276)   Post Evacuate Collection Set: 0.6ms
[2021-05-03T07:57:49.303+0000][7][gc,phases   ] GC(276)   Other: 0.3ms
[2021-05-03T07:57:49.303+0000][7][gc,heap     ] GC(276) Eden regions: 21->0(21)
[2021-05-03T07:57:49.303+0000][7][gc,heap     ] GC(276) Survivor regions: 1->1(3)
[2021-05-03T07:57:49.303+0000][7][gc,heap     ] GC(276) Old regions: 27->27
[2021-05-03T07:57:49.303+0000][7][gc,heap     ] GC(276) Archive regions: 2->2
[2021-05-03T07:57:49.303+0000][7][gc,heap     ] GC(276) Humongous regions: 2->2
[2021-05-03T07:57:49.303+0000][7][gc,metaspace] GC(276) Metaspace: 109180K(114000K)->109180K(114000K) NonClass: 95242K(98716K)->95242K(98716K) Class: 13938K(15284K)->13938K(15284K)
[2021-05-03T07:57:49.303+0000][7][gc          ] GC(276) Pause Young (Concurrent Start) (G1 Evacuation Pause) 201M->117M(256M) 2.223ms
[2021-05-03T07:57:49.303+0000][7][gc,cpu      ] GC(276) User=0.00s Sys=0.00s Real=0.00s
[2021-05-03T07:57:49.303+0000][7][safepoint   ] Safepoint "G1CollectForAllocation", Time since last: 66485203006 ns, Reaching safepoint: 200757 ns, At safepoint: 2324712 ns, Total: 2525469 ns
[2021-05-03T07:57:49.303+0000][7][gc          ] GC(277) Concurrent Cycle
[2021-05-03T07:57:49.303+0000][7][gc,marking  ] GC(277) Concurrent Clear Claimed Marks
[2021-05-03T07:57:49.304+0000][7][gc,marking  ] GC(277) Concurrent Clear Claimed Marks 0.184ms
[2021-05-03T07:57:49.304+0000][7][gc,marking  ] GC(277) Concurrent Scan Root Regions
[2021-05-03T07:57:49.305+0000][7][gc,marking  ] GC(277) Concurrent Scan Root Regions 1.762ms
[2021-05-03T07:57:49.305+0000][7][gc,marking  ] GC(277) Concurrent Mark (20611.233s)
[2021-05-03T07:57:49.305+0000][7][gc,marking  ] GC(277) Concurrent Mark From Roots
[2021-05-03T07:57:49.305+0000][7][gc,task     ] GC(277) Using 2 workers of 2 for marking
[2021-05-03T07:57:49.402+0000][7][gc,marking  ] GC(277) Concurrent Mark From Roots 96.944ms
[2021-05-03T07:57:49.402+0000][7][gc,marking  ] GC(277) Concurrent Preclean
[2021-05-03T07:57:49.403+0000][7][gc,marking  ] GC(277) Concurrent Preclean 0.223ms
[2021-05-03T07:57:49.403+0000][7][gc,marking  ] GC(277) Concurrent Mark (20611.233s, 20611.330s) 97.220ms
[2021-05-03T07:57:49.403+0000][7][gc,start    ] GC(277) Pause Remark
[2021-05-03T07:57:49.409+0000][7][gc          ] GC(277) Pause Remark 122M->122M(256M) 6.084ms
[2021-05-03T07:57:49.409+0000][7][gc,cpu      ] GC(277) User=0.04s Sys=0.00s Real=0.00s
[2021-05-03T07:57:49.409+0000][7][safepoint   ] Safepoint "G1Concurrent", Time since last: 99310751 ns, Reaching safepoint: 125254 ns, At safepoint: 6159673 ns, Total: 6284927 ns
[2021-05-03T07:57:49.409+0000][7][gc,marking  ] GC(277) Concurrent Rebuild Remembered Sets
[2021-05-03T07:57:49.463+0000][7][gc,marking  ] GC(277) Concurrent Rebuild Remembered Sets 54.293ms
[2021-05-03T07:57:49.463+0000][7][gc,start    ] GC(277) Pause Cleanup
[2021-05-03T07:57:49.464+0000][7][gc          ] GC(277) Pause Cleanup 122M->122M(256M) 0.144ms
[2021-05-03T07:57:49.464+0000][7][gc,cpu      ] GC(277) User=0.00s Sys=0.00s Real=0.00s
[2021-05-03T07:57:49.464+0000][7][safepoint   ] Safepoint "G1Concurrent", Time since last: 54440179 ns, Reaching safepoint: 143562 ns, At safepoint: 192048 ns, Total: 335610 ns
[2021-05-03T07:57:49.464+0000][7][gc,marking  ] GC(277) Concurrent Cleanup for Next Mark
[2021-05-03T07:57:49.464+0000][7][gc,marking  ] GC(277) Concurrent Cleanup for Next Mark 0.184ms
[2021-05-03T07:57:49.464+0000][7][gc          ] GC(277) Concurrent Cycle 160.604ms
[2021-05-03T07:58:42.479+0000][7][safepoint   ] Safepoint "Cleanup", Time since last: 53015192466 ns, Reaching safepoint: 125662 ns, At safepoint: 4759 ns, Total: 130421 ns
[2021-05-03T07:59:49.359+0000][7][gc,start    ] GC(278) Pause Young (Normal) (G1 Evacuation Pause)
[2021-05-03T07:59:49.359+0000][7][gc,task     ] GC(278) Using 6 workers of 8 for evacuation
[2021-05-03T07:59:49.359+0000][7][gc,age      ] GC(278) Desired survivor size 6291456 bytes, new threshold 15 (max threshold 15)
[2021-05-03T07:59:49.361+0000][7][gc,age      ] GC(278) Age table with threshold 15 (max threshold 15)
[2021-05-03T07:59:49.361+0000][7][gc,age      ] GC(278) - age   1:     514256 bytes,     514256 total
[2021-05-03T07:59:49.361+0000][7][gc,age      ] GC(278) - age   2:       5360 bytes,     519616 total
[2021-05-03T07:59:49.361+0000][7][gc,age      ] GC(278) - age   3:     259528 bytes,     779144 total
[2021-05-03T07:59:49.361+0000][7][gc,age      ] GC(278) - age   4:        360 bytes,     779504 total
[2021-05-03T07:59:49.361+0000][7][gc,age      ] GC(278) - age   5:        160 bytes,     779664 total
[2021-05-03T07:59:49.361+0000][7][gc,age      ] GC(278) - age   7:       1120 bytes,     780784 total
[2021-05-03T07:59:49.361+0000][7][gc,age      ] GC(278) - age   8:        600 bytes,     781384 total
[2021-05-03T07:59:49.361+0000][7][gc,age      ] GC(278) - age   9:       1064 bytes,     782448 total
[2021-05-03T07:59:49.361+0000][7][gc,age      ] GC(278) - age  10:        200 bytes,     782648 total
[2021-05-03T07:59:49.361+0000][7][gc,age      ] GC(278) - age  12:       1264 bytes,     783912 total
[2021-05-03T07:59:49.361+0000][7][gc,age      ] GC(278) - age  13:        688 bytes,     784600 total
[2021-05-03T07:59:49.361+0000][7][gc,age      ] GC(278) - age  14:       4136 bytes,     788736 total
[2021-05-03T07:59:49.361+0000][7][gc,age      ] GC(278) - age  15:     409544 bytes,    1198280 total
[2021-05-03T07:59:49.361+0000][7][gc,phases   ] GC(278)   Pre Evacuate Collection Set: 0.1ms
[2021-05-03T07:59:49.361+0000][7][gc,phases   ] GC(278)   Merge Heap Roots: 0.1ms
[2021-05-03T07:59:49.361+0000][7][gc,phases   ] GC(278)   Evacuate Collection Set: 1.0ms
[2021-05-03T07:59:49.361+0000][7][gc,phases   ] GC(278)   Post Evacuate Collection Set: 0.6ms
[2021-05-03T07:59:49.361+0000][7][gc,phases   ] GC(278)   Other: 0.2ms
[2021-05-03T07:59:49.361+0000][7][gc,heap     ] GC(278) Eden regions: 21->0(21)
[2021-05-03T07:59:49.361+0000][7][gc,heap     ] GC(278) Survivor regions: 1->1(3)
[2021-05-03T07:59:49.361+0000][7][gc,heap     ] GC(278) Old regions: 27->27
[2021-05-03T07:59:49.361+0000][7][gc,heap     ] GC(278) Archive regions: 2->2
[2021-05-03T07:59:49.361+0000][7][gc,heap     ] GC(278) Humongous regions: 2->2
[2021-05-03T07:59:49.361+0000][7][gc,metaspace] GC(278) Metaspace: 109180K(114000K)->109180K(114000K) NonClass: 95242K(98716K)->95242K(98716K) Class: 13938K(15284K)->13938K(15284K)
[2021-05-03T07:59:49.361+0000][7][gc          ] GC(278) Pause Young (Normal) (G1 Evacuation Pause) 201M->117M(256M) 2.121ms
[2021-05-03T07:59:49.361+0000][7][gc,cpu      ] GC(278) User=0.01s Sys=0.00s Real=0.01s
[2021-05-03T07:59:49.361+0000][7][safepoint   ] Safepoint "G1CollectForAllocation", Time since last: 66879975286 ns, Reaching safepoint: 109689 ns, At safepoint: 2190547 ns, Total: 2300236 ns
[2021-05-03T08:01:19.388+0000][7][safepoint   ] Safepoint "Cleanup", Time since last: 90026876317 ns, Reaching safepoint: 88288 ns, At safepoint: 5092 ns, Total: 93380 ns
[2021-05-03T08:02:05.870+0000][7][gc,start    ] GC(279) Pause Young (Concurrent Start) (G1 Evacuation Pause)
[2021-05-03T08:02:05.870+0000][7][gc,task     ] GC(279) Using 6 workers of 8 for evacuation
[2021-05-03T08:02:05.870+0000][7][gc,age      ] GC(279) Desired survivor size 6291456 bytes, new threshold 15 (max threshold 15)
[2021-05-03T08:02:05.871+0000][7][gc,age      ] GC(279) Age table with threshold 15 (max threshold 15)
[2021-05-03T08:02:05.871+0000][7][gc,age      ] GC(279) - age   1:     515624 bytes,     515624 total
[2021-05-03T08:02:05.871+0000][7][gc,age      ] GC(279) - age   2:        880 bytes,     516504 total
[2021-05-03T08:02:05.871+0000][7][gc,age      ] GC(279) - age   3:       4320 bytes,     520824 total
[2021-05-03T08:02:05.871+0000][7][gc,age      ] GC(279) - age   4:     179440 bytes,     700264 total
[2021-05-03T08:02:05.871+0000][7][gc,age      ] GC(279) - age   5:        360 bytes,     700624 total
[2021-05-03T08:02:05.871+0000][7][gc,age      ] GC(279) - age   6:        160 bytes,     700784 total
[2021-05-03T08:02:05.871+0000][7][gc,age      ] GC(279) - age   8:       1120 bytes,     701904 total
[2021-05-03T08:02:05.871+0000][7][gc,age      ] GC(279) - age   9:        600 bytes,     702504 total
[2021-05-03T08:02:05.871+0000][7][gc,age      ] GC(279) - age  10:       1064 bytes,     703568 total
[2021-05-03T08:02:05.871+0000][7][gc,age      ] GC(279) - age  11:        200 bytes,     703768 total
[2021-05-03T08:02:05.871+0000][7][gc,age      ] GC(279) - age  13:       1264 bytes,     705032 total
[2021-05-03T08:02:05.871+0000][7][gc,age      ] GC(279) - age  14:        688 bytes,     705720 total
[2021-05-03T08:02:05.871+0000][7][gc,age      ] GC(279) - age  15:       4136 bytes,     709856 total
[2021-05-03T08:02:05.871+0000][7][gc,phases   ] GC(279)   Pre Evacuate Collection Set: 0.1ms
[2021-05-03T08:02:05.871+0000][7][gc,phases   ] GC(279)   Merge Heap Roots: 0.0ms
[2021-05-03T08:02:05.871+0000][7][gc,phases   ] GC(279)   Evacuate Collection Set: 0.9ms
[2021-05-03T08:02:05.871+0000][7][gc,phases   ] GC(279)   Post Evacuate Collection Set: 0.6ms
[2021-05-03T08:02:05.871+0000][7][gc,phases   ] GC(279)   Other: 0.2ms
[2021-05-03T08:02:05.871+0000][7][gc,heap     ] GC(279) Eden regions: 21->0(21)
[2021-05-03T08:02:05.871+0000][7][gc,heap     ] GC(279) Survivor regions: 1->1(3)
[2021-05-03T08:02:05.871+0000][7][gc,heap     ] GC(279) Old regions: 27->27
[2021-05-03T08:02:05.871+0000][7][gc,heap     ] GC(279) Archive regions: 2->2
[2021-05-03T08:02:05.871+0000][7][gc,heap     ] GC(279) Humongous regions: 2->2
[2021-05-03T08:02:05.871+0000][7][gc,metaspace] GC(279) Metaspace: 109180K(114000K)->109180K(114000K) NonClass: 95242K(98716K)->95242K(98716K) Class: 13938K(15284K)->13938K(15284K)
[2021-05-03T08:02:05.872+0000][7][gc          ] GC(279) Pause Young (Concurrent Start) (G1 Evacuation Pause) 201M->117M(256M) 1.873ms
[2021-05-03T08:02:05.872+0000][7][gc,cpu      ] GC(279) User=0.01s Sys=0.00s Real=0.00s
[2021-05-03T08:02:05.872+0000][7][safepoint   ] Safepoint "G1CollectForAllocation", Time since last: 46481213054 ns, Reaching safepoint: 206224 ns, At safepoint: 1933626 ns, Total: 2139850 ns
[2021-05-03T08:02:05.872+0000][7][gc          ] GC(280) Concurrent Cycle
[2021-05-03T08:02:05.872+0000][7][gc,marking  ] GC(280) Concurrent Clear Claimed Marks
[2021-05-03T08:02:05.872+0000][7][gc,marking  ] GC(280) Concurrent Clear Claimed Marks 0.048ms
[2021-05-03T08:02:05.872+0000][7][gc,marking  ] GC(280) Concurrent Scan Root Regions
[2021-05-03T08:02:05.873+0000][7][gc,marking  ] GC(280) Concurrent Scan Root Regions 0.897ms
[2021-05-03T08:02:05.873+0000][7][gc,marking  ] GC(280) Concurrent Mark (20867.800s)
[2021-05-03T08:02:05.873+0000][7][gc,marking  ] GC(280) Concurrent Mark From Roots
[2021-05-03T08:02:05.873+0000][7][gc,task     ] GC(280) Using 2 workers of 2 for marking
[2021-05-03T08:02:05.955+0000][7][gc,marking  ] GC(280) Concurrent Mark From Roots 82.054ms
[2021-05-03T08:02:05.955+0000][7][gc,marking  ] GC(280) Concurrent Preclean
[2021-05-03T08:02:05.955+0000][7][gc,marking  ] GC(280) Concurrent Preclean 0.230ms
[2021-05-03T08:02:05.955+0000][7][gc,marking  ] GC(280) Concurrent Mark (20867.800s, 20867.883s) 82.337ms
[2021-05-03T08:02:05.955+0000][7][gc,start    ] GC(280) Pause Remark
[2021-05-03T08:02:05.960+0000][7][gc          ] GC(280) Pause Remark 118M->118M(256M) 5.358ms
[2021-05-03T08:02:05.960+0000][7][gc,cpu      ] GC(280) User=0.03s Sys=0.00s Real=0.01s
[2021-05-03T08:02:05.961+0000][7][safepoint   ] Safepoint "G1Concurrent", Time since last: 83419040 ns, Reaching safepoint: 111182 ns, At safepoint: 5435959 ns, Total: 5547141 ns
[2021-05-03T08:02:05.961+0000][7][gc,marking  ] GC(280) Concurrent Rebuild Remembered Sets
[2021-05-03T08:02:06.014+0000][7][gc,marking  ] GC(280) Concurrent Rebuild Remembered Sets 53.091ms
[2021-05-03T08:02:06.014+0000][7][gc,start    ] GC(280) Pause Cleanup
[2021-05-03T08:02:06.014+0000][7][gc          ] GC(280) Pause Cleanup 118M->118M(256M) 0.072ms
[2021-05-03T08:02:06.014+0000][7][gc,cpu      ] GC(280) User=0.00s Sys=0.00s Real=0.00s
[2021-05-03T08:02:06.014+0000][7][safepoint   ] Safepoint "G1Concurrent", Time since last: 53202717 ns, Reaching safepoint: 111862 ns, At safepoint: 112518 ns, Total: 224380 ns
[2021-05-03T08:02:06.014+0000][7][gc,marking  ] GC(280) Concurrent Cleanup for Next Mark
[2021-05-03T08:02:06.014+0000][7][gc,marking  ] GC(280) Concurrent Cleanup for Next Mark 0.174ms
[2021-05-03T08:02:06.014+0000][7][gc          ] GC(280) Concurrent Cycle 142.569ms
[2021-05-03T08:03:20.034+0000][7][safepoint   ] Safepoint "Cleanup", Time since last: 74019787353 ns, Reaching safepoint: 111946 ns, At safepoint: 5583 ns, Total: 117529 ns
[2021-05-03T08:04:19.323+0000][7][gc,start    ] GC(281) Pause Young (Normal) (G1 Evacuation Pause)
[2021-05-03T08:04:19.323+0000][7][gc,task     ] GC(281) Using 6 workers of 8 for evacuation
[2021-05-03T08:04:19.323+0000][7][gc,age      ] GC(281) Desired survivor size 6291456 bytes, new threshold 15 (max threshold 15)
[2021-05-03T08:04:19.324+0000][7][gc,age      ] GC(281) Age table with threshold 15 (max threshold 15)
[2021-05-03T08:04:19.324+0000][7][gc,age      ] GC(281) - age   1:     561160 bytes,     561160 total
[2021-05-03T08:04:19.324+0000][7][gc,age      ] GC(281) - age   2:        272 bytes,     561432 total
[2021-05-03T08:04:19.324+0000][7][gc,age      ] GC(281) - age   3:        752 bytes,     562184 total
[2021-05-03T08:04:19.324+0000][7][gc,age      ] GC(281) - age   4:       4320 bytes,     566504 total
[2021-05-03T08:04:19.324+0000][7][gc,age      ] GC(281) - age   5:     179440 bytes,     745944 total
[2021-05-03T08:04:19.324+0000][7][gc,age      ] GC(281) - age   6:        240 bytes,     746184 total
[2021-05-03T08:04:19.324+0000][7][gc,age      ] GC(281) - age   7:         64 bytes,     746248 total
[2021-05-03T08:04:19.324+0000][7][gc,age      ] GC(281) - age   9:       1120 bytes,     747368 total
[2021-05-03T08:04:19.324+0000][7][gc,age      ] GC(281) - age  10:        600 bytes,     747968 total
[2021-05-03T08:04:19.324+0000][7][gc,age      ] GC(281) - age  11:       1064 bytes,     749032 total
[2021-05-03T08:04:19.324+0000][7][gc,age      ] GC(281) - age  12:        200 bytes,     749232 total
[2021-05-03T08:04:19.324+0000][7][gc,age      ] GC(281) - age  14:       1264 bytes,     750496 total
[2021-05-03T08:04:19.324+0000][7][gc,age      ] GC(281) - age  15:        688 bytes,     751184 total
[2021-05-03T08:04:19.324+0000][7][gc,phases   ] GC(281)   Pre Evacuate Collection Set: 0.0ms
[2021-05-03T08:04:19.324+0000][7][gc,phases   ] GC(281)   Merge Heap Roots: 0.0ms
[2021-05-03T08:04:19.324+0000][7][gc,phases   ] GC(281)   Evacuate Collection Set: 0.8ms
[2021-05-03T08:04:19.324+0000][7][gc,phases   ] GC(281)   Post Evacuate Collection Set: 0.3ms
[2021-05-03T08:04:19.324+0000][7][gc,phases   ] GC(281)   Other: 0.2ms
[2021-05-03T08:04:19.324+0000][7][gc,heap     ] GC(281) Eden regions: 21->0(21)
[2021-05-03T08:04:19.324+0000][7][gc,heap     ] GC(281) Survivor regions: 1->1(3)
[2021-05-03T08:04:19.324+0000][7][gc,heap     ] GC(281) Old regions: 27->27
[2021-05-03T08:04:19.324+0000][7][gc,heap     ] GC(281) Archive regions: 2->2
[2021-05-03T08:04:19.324+0000][7][gc,heap     ] GC(281) Humongous regions: 2->2
[2021-05-03T08:04:19.324+0000][7][gc,metaspace] GC(281) Metaspace: 109182K(114000K)->109182K(114000K) NonClass: 95244K(98716K)->95244K(98716K) Class: 13938K(15284K)->13938K(15284K)
[2021-05-03T08:04:19.324+0000][7][gc          ] GC(281) Pause Young (Normal) (G1 Evacuation Pause) 201M->117M(256M) 1.470ms
[2021-05-03T08:04:19.324+0000][7][gc,cpu      ] GC(281) User=0.01s Sys=0.00s Real=0.00s
[2021-05-03T08:04:19.324+0000][7][safepoint   ] Safepoint "G1CollectForAllocation", Time since last: 59288673615 ns, Reaching safepoint: 120912 ns, At safepoint: 1539089 ns, Total: 1660001 ns
[2021-05-03T08:04:49.333+0000][7][safepoint   ] Safepoint "Cleanup", Time since last: 30008320194 ns, Reaching safepoint: 161133 ns, At safepoint: 6435 ns, Total: 167568 ns
[2021-05-03T08:05:41.346+0000][7][safepoint   ] Safepoint "Cleanup", Time since last: 52012779195 ns, Reaching safepoint: 157252 ns, At safepoint: 7694 ns, Total: 164946 ns
[2021-05-03T08:05:49.348+0000][7][safepoint   ] Safepoint "Cleanup", Time since last: 8002568199 ns, Reaching safepoint: 107028 ns, At safepoint: 4586 ns, Total: 111614 ns
[2021-05-03T08:05:49.506+0000][7][gc,start    ] GC(282) Pause Young (Concurrent Start) (G1 Evacuation Pause)
[2021-05-03T08:05:49.506+0000][7][gc,task     ] GC(282) Using 6 workers of 8 for evacuation
[2021-05-03T08:05:49.506+0000][7][gc,age      ] GC(282) Desired survivor size 6291456 bytes, new threshold 15 (max threshold 15)
[2021-05-03T08:05:49.508+0000][7][gc,age      ] GC(282) Age table with threshold 15 (max threshold 15)
[2021-05-03T08:05:49.508+0000][7][gc,age      ] GC(282) - age   1:     785256 bytes,     785256 total
[2021-05-03T08:05:49.508+0000][7][gc,age      ] GC(282) - age   2:        952 bytes,     786208 total
[2021-05-03T08:05:49.508+0000][7][gc,age      ] GC(282) - age   3:         24 bytes,     786232 total
[2021-05-03T08:05:49.508+0000][7][gc,age      ] GC(282) - age   4:        256 bytes,     786488 total
[2021-05-03T08:05:49.508+0000][7][gc,age      ] GC(282) - age   5:       3200 bytes,     789688 total
[2021-05-03T08:05:49.508+0000][7][gc,age      ] GC(282) - age   6:       3416 bytes,     793104 total
[2021-05-03T08:05:49.508+0000][7][gc,age      ] GC(282) - age   8:         24 bytes,     793128 total
[2021-05-03T08:05:49.508+0000][7][gc,age      ] GC(282) - age  10:        472 bytes,     793600 total
[2021-05-03T08:05:49.508+0000][7][gc,age      ] GC(282) - age  12:       1064 bytes,     794664 total
[2021-05-03T08:05:49.508+0000][7][gc,age      ] GC(282) - age  15:        952 bytes,     795616 total
[2021-05-03T08:05:49.508+0000][7][gc,phases   ] GC(282)   Pre Evacuate Collection Set: 0.1ms
[2021-05-03T08:05:49.508+0000][7][gc,phases   ] GC(282)   Merge Heap Roots: 0.0ms
[2021-05-03T08:05:49.508+0000][7][gc,phases   ] GC(282)   Evacuate Collection Set: 0.8ms
[2021-05-03T08:05:49.508+0000][7][gc,phases   ] GC(282)   Post Evacuate Collection Set: 0.5ms
[2021-05-03T08:05:49.508+0000][7][gc,phases   ] GC(282)   Other: 0.2ms
[2021-05-03T08:05:49.508+0000][7][gc,heap     ] GC(282) Eden regions: 21->0(21)
[2021-05-03T08:05:49.508+0000][7][gc,heap     ] GC(282) Survivor regions: 1->1(3)
[2021-05-03T08:05:49.508+0000][7][gc,heap     ] GC(282) Old regions: 27->27
[2021-05-03T08:05:49.508+0000][7][gc,heap     ] GC(282) Archive regions: 2->2
[2021-05-03T08:05:49.508+0000][7][gc,heap     ] GC(282) Humongous regions: 2->2
[2021-05-03T08:05:49.508+0000][7][gc,metaspace] GC(282) Metaspace: 109202K(114000K)->109202K(114000K) NonClass: 95264K(98716K)->95264K(98716K) Class: 13938K(15284K)->13938K(15284K)
[2021-05-03T08:05:49.508+0000][7][gc          ] GC(282) Pause Young (Concurrent Start) (G1 Evacuation Pause) 201M->117M(256M) 1.642ms
[2021-05-03T08:05:49.508+0000][7][gc,cpu      ] GC(282) User=0.00s Sys=0.01s Real=0.00s
[2021-05-03T08:05:49.508+0000][7][safepoint   ] Safepoint "G1CollectForAllocation", Time since last: 157971761 ns, Reaching safepoint: 75119 ns, At safepoint: 1705966 ns, Total: 1781085 ns
[2021-05-03T08:05:49.508+0000][7][gc          ] GC(283) Concurrent Cycle
[2021-05-03T08:05:49.508+0000][7][gc,marking  ] GC(283) Concurrent Clear Claimed Marks
[2021-05-03T08:05:49.508+0000][7][gc,marking  ] GC(283) Concurrent Clear Claimed Marks 0.055ms
[2021-05-03T08:05:49.508+0000][7][gc,marking  ] GC(283) Concurrent Scan Root Regions
[2021-05-03T08:05:49.509+0000][7][gc,marking  ] GC(283) Concurrent Scan Root Regions 1.356ms
[2021-05-03T08:05:49.510+0000][7][gc,marking  ] GC(283) Concurrent Mark (21091.437s)
[2021-05-03T08:05:49.510+0000][7][gc,marking  ] GC(283) Concurrent Mark From Roots
[2021-05-03T08:05:49.510+0000][7][gc,task     ] GC(283) Using 2 workers of 2 for marking
[2021-05-03T08:05:49.588+0000][7][gc,marking  ] GC(283) Concurrent Mark From Roots 78.896ms
[2021-05-03T08:05:49.588+0000][7][gc,marking  ] GC(283) Concurrent Preclean
[2021-05-03T08:05:49.589+0000][7][gc,marking  ] GC(283) Concurrent Preclean 0.213ms
[2021-05-03T08:05:49.589+0000][7][gc,marking  ] GC(283) Concurrent Mark (21091.437s, 21091.516s) 79.159ms
[2021-05-03T08:05:49.589+0000][7][gc,start    ] GC(283) Pause Remark
[2021-05-03T08:05:49.594+0000][7][gc          ] GC(283) Pause Remark 118M->118M(256M) 5.456ms
[2021-05-03T08:05:49.594+0000][7][gc,cpu      ] GC(283) User=0.03s Sys=0.00s Real=0.01s
[2021-05-03T08:05:49.594+0000][7][safepoint   ] Safepoint "G1Concurrent", Time since last: 80685292 ns, Reaching safepoint: 126080 ns, At safepoint: 5529310 ns, Total: 5655390 ns
[2021-05-03T08:05:49.594+0000][7][gc,marking  ] GC(283) Concurrent Rebuild Remembered Sets
[2021-05-03T08:05:49.648+0000][7][gc,marking  ] GC(283) Concurrent Rebuild Remembered Sets 53.312ms
[2021-05-03T08:05:49.648+0000][7][gc,start    ] GC(283) Pause Cleanup
[2021-05-03T08:05:49.648+0000][7][gc          ] GC(283) Pause Cleanup 118M->118M(256M) 0.083ms
[2021-05-03T08:05:49.648+0000][7][gc,cpu      ] GC(283) User=0.00s Sys=0.00s Real=0.00s
[2021-05-03T08:05:49.648+0000][7][safepoint   ] Safepoint "G1Concurrent", Time since last: 53465185 ns, Reaching safepoint: 169149 ns, At safepoint: 127528 ns, Total: 296677 ns
[2021-05-03T08:05:49.648+0000][7][gc,marking  ] GC(283) Concurrent Cleanup for Next Mark
[2021-05-03T08:05:49.648+0000][7][gc,marking  ] GC(283) Concurrent Cleanup for Next Mark 0.199ms
[2021-05-03T08:05:49.648+0000][7][gc          ] GC(283) Concurrent Cycle 140.380ms
[2021-05-03T08:08:05.880+0000][7][gc,start    ] GC(284) Pause Young (Normal) (G1 Evacuation Pause)
[2021-05-03T08:08:05.880+0000][7][gc,task     ] GC(284) Using 6 workers of 8 for evacuation
[2021-05-03T08:08:05.880+0000][7][gc,age      ] GC(284) Desired survivor size 6291456 bytes, new threshold 15 (max threshold 15)
[2021-05-03T08:08:05.881+0000][7][gc,age      ] GC(284) Age table with threshold 15 (max threshold 15)
[2021-05-03T08:08:05.881+0000][7][gc,age      ] GC(284) - age   1:     515600 bytes,     515600 total
[2021-05-03T08:08:05.881+0000][7][gc,age      ] GC(284) - age   2:     275944 bytes,     791544 total
[2021-05-03T08:08:05.881+0000][7][gc,age      ] GC(284) - age   3:        456 bytes,     792000 total
[2021-05-03T08:08:05.881+0000][7][gc,age      ] GC(284) - age   4:         24 bytes,     792024 total
[2021-05-03T08:08:05.881+0000][7][gc,age      ] GC(284) - age   5:        256 bytes,     792280 total
[2021-05-03T08:08:05.881+0000][7][gc,age      ] GC(284) - age   6:       3104 bytes,     795384 total
[2021-05-03T08:08:05.881+0000][7][gc,age      ] GC(284) - age   7:       3416 bytes,     798800 total
[2021-05-03T08:08:05.881+0000][7][gc,age      ] GC(284) - age   9:         24 bytes,     798824 total
[2021-05-03T08:08:05.881+0000][7][gc,age      ] GC(284) - age  11:        472 bytes,     799296 total
[2021-05-03T08:08:05.881+0000][7][gc,age      ] GC(284) - age  13:       1064 bytes,     800360 total
[2021-05-03T08:08:05.881+0000][7][gc,phases   ] GC(284)   Pre Evacuate Collection Set: 0.1ms
[2021-05-03T08:08:05.881+0000][7][gc,phases   ] GC(284)   Merge Heap Roots: 0.0ms
[2021-05-03T08:08:05.881+0000][7][gc,phases   ] GC(284)   Evacuate Collection Set: 0.8ms
[2021-05-03T08:08:05.881+0000][7][gc,phases   ] GC(284)   Post Evacuate Collection Set: 0.5ms
[2021-05-03T08:08:05.881+0000][7][gc,phases   ] GC(284)   Other: 0.2ms
[2021-05-03T08:08:05.881+0000][7][gc,heap     ] GC(284) Eden regions: 21->0(21)
[2021-05-03T08:08:05.881+0000][7][gc,heap     ] GC(284) Survivor regions: 1->1(3)
[2021-05-03T08:08:05.881+0000][7][gc,heap     ] GC(284) Old regions: 27->27
[2021-05-03T08:08:05.881+0000][7][gc,heap     ] GC(284) Archive regions: 2->2
[2021-05-03T08:08:05.881+0000][7][gc,heap     ] GC(284) Humongous regions: 2->2
[2021-05-03T08:08:05.881+0000][7][gc,metaspace] GC(284) Metaspace: 109202K(114000K)->109202K(114000K) NonClass: 95264K(98716K)->95264K(98716K) Class: 13938K(15284K)->13938K(15284K)
[2021-05-03T08:08:05.881+0000][7][gc          ] GC(284) Pause Young (Normal) (G1 Evacuation Pause) 201M->117M(256M) 1.590ms
[2021-05-03T08:08:05.881+0000][7][gc,cpu      ] GC(284) User=0.00s Sys=0.00s Real=0.00s
[2021-05-03T08:08:05.881+0000][7][safepoint   ] Safepoint "G1CollectForAllocation", Time since last: 136231553691 ns, Reaching safepoint: 123849 ns, At safepoint: 1648067 ns, Total: 1771916 ns
[2021-05-03T08:09:15.902+0000][7][safepoint   ] Safepoint "Cleanup", Time since last: 70020625246 ns, Reaching safepoint: 110034 ns, At safepoint: 6934 ns, Total: 116968 ns
[2021-05-03T08:09:49.911+0000][7][safepoint   ] Safepoint "Cleanup", Time since last: 34009068332 ns, Reaching safepoint: 76575 ns, At safepoint: 7699 ns, Total: 84274 ns
[2021-05-03T08:10:09.957+0000][7][gc,start    ] GC(285) Pause Young (Concurrent Start) (G1 Evacuation Pause)
[2021-05-03T08:10:09.957+0000][7][gc,task     ] GC(285) Using 6 workers of 8 for evacuation
[2021-05-03T08:10:09.957+0000][7][gc,age      ] GC(285) Desired survivor size 6291456 bytes, new threshold 15 (max threshold 15)
[2021-05-03T08:10:09.959+0000][7][gc,age      ] GC(285) Age table with threshold 15 (max threshold 15)
[2021-05-03T08:10:09.959+0000][7][gc,age      ] GC(285) - age   1:     532896 bytes,     532896 total
[2021-05-03T08:10:09.959+0000][7][gc,age      ] GC(285) - age   2:        536 bytes,     533432 total
[2021-05-03T08:10:09.959+0000][7][gc,age      ] GC(285) - age   3:     154336 bytes,     687768 total
[2021-05-03T08:10:09.959+0000][7][gc,age      ] GC(285) - age   4:        360 bytes,     688128 total
[2021-05-03T08:10:09.959+0000][7][gc,age      ] GC(285) - age   5:         24 bytes,     688152 total
[2021-05-03T08:10:09.959+0000][7][gc,age      ] GC(285) - age   6:        256 bytes,     688408 total
[2021-05-03T08:10:09.959+0000][7][gc,age      ] GC(285) - age   7:       3104 bytes,     691512 total
[2021-05-03T08:10:09.959+0000][7][gc,age      ] GC(285) - age   8:       3416 bytes,     694928 total
[2021-05-03T08:10:09.959+0000][7][gc,age      ] GC(285) - age  10:         24 bytes,     694952 total
[2021-05-03T08:10:09.959+0000][7][gc,age      ] GC(285) - age  12:        376 bytes,     695328 total
[2021-05-03T08:10:09.959+0000][7][gc,age      ] GC(285) - age  14:       1064 bytes,     696392 total
[2021-05-03T08:10:09.959+0000][7][gc,phases   ] GC(285)   Pre Evacuate Collection Set: 0.1ms
[2021-05-03T08:10:09.959+0000][7][gc,phases   ] GC(285)   Merge Heap Roots: 0.0ms
[2021-05-03T08:10:09.959+0000][7][gc,phases   ] GC(285)   Evacuate Collection Set: 0.8ms
[2021-05-03T08:10:09.959+0000][7][gc,phases   ] GC(285)   Post Evacuate Collection Set: 0.6ms
[2021-05-03T08:10:09.959+0000][7][gc,phases   ] GC(285)   Other: 0.2ms
[2021-05-03T08:10:09.959+0000][7][gc,heap     ] GC(285) Eden regions: 21->0(21)
[2021-05-03T08:10:09.959+0000][7][gc,heap     ] GC(285) Survivor regions: 1->1(3)
[2021-05-03T08:10:09.959+0000][7][gc,heap     ] GC(285) Old regions: 27->27
[2021-05-03T08:10:09.959+0000][7][gc,heap     ] GC(285) Archive regions: 2->2
[2021-05-03T08:10:09.959+0000][7][gc,heap     ] GC(285) Humongous regions: 2->2
[2021-05-03T08:10:09.959+0000][7][gc,metaspace] GC(285) Metaspace: 109203K(114000K)->109203K(114000K) NonClass: 95265K(98716K)->95265K(98716K) Class: 13938K(15284K)->13938K(15284K)
[2021-05-03T08:10:09.959+0000][7][gc          ] GC(285) Pause Young (Concurrent Start) (G1 Evacuation Pause) 201M->117M(256M) 1.818ms
[2021-05-03T08:10:09.959+0000][7][gc,cpu      ] GC(285) User=0.01s Sys=0.00s Real=0.00s
[2021-05-03T08:10:09.959+0000][7][safepoint   ] Safepoint "G1CollectForAllocation", Time since last: 20045692151 ns, Reaching safepoint: 98437 ns, At safepoint: 1878047 ns, Total: 1976484 ns
[2021-05-03T08:10:09.959+0000][7][gc          ] GC(286) Concurrent Cycle
[2021-05-03T08:10:09.959+0000][7][gc,marking  ] GC(286) Concurrent Clear Claimed Marks
[2021-05-03T08:10:09.959+0000][7][gc,marking  ] GC(286) Concurrent Clear Claimed Marks 0.042ms
[2021-05-03T08:10:09.959+0000][7][gc,marking  ] GC(286) Concurrent Scan Root Regions
[2021-05-03T08:10:09.961+0000][7][gc,marking  ] GC(286) Concurrent Scan Root Regions 1.365ms
[2021-05-03T08:10:09.961+0000][7][gc,marking  ] GC(286) Concurrent Mark (21351.888s)
[2021-05-03T08:10:09.961+0000][7][gc,marking  ] GC(286) Concurrent Mark From Roots
[2021-05-03T08:10:09.961+0000][7][gc,task     ] GC(286) Using 2 workers of 2 for marking
[2021-05-03T08:10:10.040+0000][7][gc,marking  ] GC(286) Concurrent Mark From Roots 79.360ms
[2021-05-03T08:10:10.040+0000][7][gc,marking  ] GC(286) Concurrent Preclean
[2021-05-03T08:10:10.040+0000][7][gc,marking  ] GC(286) Concurrent Preclean 0.212ms
[2021-05-03T08:10:10.040+0000][7][gc,marking  ] GC(286) Concurrent Mark (21351.888s, 21351.968s) 79.622ms
[2021-05-03T08:10:10.040+0000][7][gc,start    ] GC(286) Pause Remark
[2021-05-03T08:10:10.046+0000][7][gc          ] GC(286) Pause Remark 117M->117M(256M) 5.698ms
[2021-05-03T08:10:10.046+0000][7][gc,cpu      ] GC(286) User=0.03s Sys=0.00s Real=0.00s
[2021-05-03T08:10:10.046+0000][7][safepoint   ] Safepoint "G1Concurrent", Time since last: 81178555 ns, Reaching safepoint: 110048 ns, At safepoint: 5771696 ns, Total: 5881744 ns
[2021-05-03T08:10:10.046+0000][7][gc,marking  ] GC(286) Concurrent Rebuild Remembered Sets
[2021-05-03T08:10:10.099+0000][7][gc,marking  ] GC(286) Concurrent Rebuild Remembered Sets 52.872ms
[2021-05-03T08:10:10.099+0000][7][gc,start    ] GC(286) Pause Cleanup
[2021-05-03T08:10:10.099+0000][7][gc          ] GC(286) Pause Cleanup 117M->117M(256M) 0.069ms
[2021-05-03T08:10:10.099+0000][7][gc,cpu      ] GC(286) User=0.00s Sys=0.00s Real=0.00s
[2021-05-03T08:10:10.099+0000][7][safepoint   ] Safepoint "G1Concurrent", Time since last: 52994139 ns, Reaching safepoint: 131280 ns, At safepoint: 108675 ns, Total: 239955 ns
[2021-05-03T08:10:10.099+0000][7][gc,marking  ] GC(286) Concurrent Cleanup for Next Mark
[2021-05-03T08:10:10.100+0000][7][gc,marking  ] GC(286) Concurrent Cleanup for Next Mark 0.186ms
[2021-05-03T08:10:10.100+0000][7][gc          ] GC(286) Concurrent Cycle 140.515ms
[2021-05-03T08:11:36.125+0000][7][safepoint   ] Safepoint "Cleanup", Time since last: 86025154763 ns, Reaching safepoint: 143042 ns, At safepoint: 5790 ns, Total: 148832 ns
[2021-05-03T08:12:24.389+0000][7][gc,start    ] GC(287) Pause Young (Normal) (G1 Evacuation Pause)
[2021-05-03T08:12:24.389+0000][7][gc,task     ] GC(287) Using 6 workers of 8 for evacuation
[2021-05-03T08:12:24.390+0000][7][gc,age      ] GC(287) Desired survivor size 6291456 bytes, new threshold 15 (max threshold 15)
[2021-05-03T08:12:24.391+0000][7][gc,age      ] GC(287) Age table with threshold 15 (max threshold 15)
[2021-05-03T08:12:24.391+0000][7][gc,age      ] GC(287) - age   1:     513856 bytes,     513856 total
[2021-05-03T08:12:24.391+0000][7][gc,age      ] GC(287) - age   2:       4200 bytes,     518056 total
[2021-05-03T08:12:24.391+0000][7][gc,age      ] GC(287) - age   3:        320 bytes,     518376 total
[2021-05-03T08:12:24.391+0000][7][gc,age      ] GC(287) - age   4:     154312 bytes,     672688 total
[2021-05-03T08:12:24.391+0000][7][gc,age      ] GC(287) - age   5:        160 bytes,     672848 total
[2021-05-03T08:12:24.391+0000][7][gc,age      ] GC(287) - age   7:        232 bytes,     673080 total
[2021-05-03T08:12:24.391+0000][7][gc,age      ] GC(287) - age   8:       3064 bytes,     676144 total
[2021-05-03T08:12:24.391+0000][7][gc,age      ] GC(287) - age   9:       3416 bytes,     679560 total
[2021-05-03T08:12:24.391+0000][7][gc,age      ] GC(287) - age  11:         24 bytes,     679584 total
[2021-05-03T08:12:24.391+0000][7][gc,age      ] GC(287) - age  13:        352 bytes,     679936 total
[2021-05-03T08:12:24.391+0000][7][gc,age      ] GC(287) - age  15:       1064 bytes,     681000 total
[2021-05-03T08:12:24.391+0000][7][gc,phases   ] GC(287)   Pre Evacuate Collection Set: 0.0ms
[2021-05-03T08:12:24.391+0000][7][gc,phases   ] GC(287)   Merge Heap Roots: 0.0ms
[2021-05-03T08:12:24.391+0000][7][gc,phases   ] GC(287)   Evacuate Collection Set: 0.8ms
[2021-05-03T08:12:24.391+0000][7][gc,phases   ] GC(287)   Post Evacuate Collection Set: 0.5ms
[2021-05-03T08:12:24.391+0000][7][gc,phases   ] GC(287)   Other: 0.2ms
[2021-05-03T08:12:24.391+0000][7][gc,heap     ] GC(287) Eden regions: 21->0(21)
[2021-05-03T08:12:24.391+0000][7][gc,heap     ] GC(287) Survivor regions: 1->1(3)
[2021-05-03T08:12:24.391+0000][7][gc,heap     ] GC(287) Old regions: 27->27
[2021-05-03T08:12:24.391+0000][7][gc,heap     ] GC(287) Archive regions: 2->2
[2021-05-03T08:12:24.391+0000][7][gc,heap     ] GC(287) Humongous regions: 2->2
[2021-05-03T08:12:24.391+0000][7][gc,metaspace] GC(287) Metaspace: 109203K(114000K)->109203K(114000K) NonClass: 95265K(98716K)->95265K(98716K) Class: 13938K(15284K)->13938K(15284K)
[2021-05-03T08:12:24.391+0000][7][gc          ] GC(287) Pause Young (Normal) (G1 Evacuation Pause) 201M->117M(256M) 1.655ms
[2021-05-03T08:12:24.391+0000][7][gc,cpu      ] GC(287) User=0.01s Sys=0.00s Real=0.00s
[2021-05-03T08:12:24.391+0000][7][safepoint   ] Safepoint "G1CollectForAllocation", Time since last: 48264632638 ns, Reaching safepoint: 147225 ns, At safepoint: 1718141 ns, Total: 1865366 ns
[2021-05-03T08:14:19.423+0000][7][safepoint   ] Safepoint "Cleanup", Time since last: 115031833579 ns, Reaching safepoint: 166171 ns, At safepoint: 4967 ns, Total: 171138 ns
[2021-05-03T08:14:39.429+0000][7][safepoint   ] Safepoint "Cleanup", Time since last: 20006169678 ns, Reaching safepoint: 160049 ns, At safepoint: 7248 ns, Total: 167297 ns
[2021-05-03T08:14:39.719+0000][7][gc,start    ] GC(288) Pause Young (Concurrent Start) (G1 Evacuation Pause)
[2021-05-03T08:14:39.719+0000][7][gc,task     ] GC(288) Using 6 workers of 8 for evacuation
[2021-05-03T08:14:39.719+0000][7][gc,age      ] GC(288) Desired survivor size 6291456 bytes, new threshold 15 (max threshold 15)
[2021-05-03T08:14:39.721+0000][7][gc,age      ] GC(288) Age table with threshold 15 (max threshold 15)
[2021-05-03T08:14:39.721+0000][7][gc,age      ] GC(288) - age   1:     508864 bytes,     508864 total
[2021-05-03T08:14:39.721+0000][7][gc,age      ] GC(288) - age   2:        456 bytes,     509320 total
[2021-05-03T08:14:39.721+0000][7][gc,age      ] GC(288) - age   3:       1216 bytes,     510536 total
[2021-05-03T08:14:39.721+0000][7][gc,age      ] GC(288) - age   4:        320 bytes,     510856 total
[2021-05-03T08:14:39.721+0000][7][gc,age      ] GC(288) - age   5:     152992 bytes,     663848 total
[2021-05-03T08:14:39.721+0000][7][gc,age      ] GC(288) - age   6:        160 bytes,     664008 total
[2021-05-03T08:14:39.721+0000][7][gc,age      ] GC(288) - age   8:         24 bytes,     664032 total
[2021-05-03T08:14:39.721+0000][7][gc,age      ] GC(288) - age   9:       3064 bytes,     667096 total
[2021-05-03T08:14:39.721+0000][7][gc,age      ] GC(288) - age  10:       3416 bytes,     670512 total
[2021-05-03T08:14:39.721+0000][7][gc,age      ] GC(288) - age  12:         24 bytes,     670536 total
[2021-05-03T08:14:39.721+0000][7][gc,age      ] GC(288) - age  14:        312 bytes,     670848 total
[2021-05-03T08:14:39.721+0000][7][gc,phases   ] GC(288)   Pre Evacuate Collection Set: 0.2ms
[2021-05-03T08:14:39.721+0000][7][gc,phases   ] GC(288)   Merge Heap Roots: 0.1ms
[2021-05-03T08:14:39.721+0000][7][gc,phases   ] GC(288)   Evacuate Collection Set: 1.1ms
[2021-05-03T08:14:39.721+0000][7][gc,phases   ] GC(288)   Post Evacuate Collection Set: 0.8ms
[2021-05-03T08:14:39.721+0000][7][gc,phases   ] GC(288)   Other: 0.2ms
[2021-05-03T08:14:39.721+0000][7][gc,heap     ] GC(288) Eden regions: 21->0(21)
[2021-05-03T08:14:39.721+0000][7][gc,heap     ] GC(288) Survivor regions: 1->1(3)
[2021-05-03T08:14:39.721+0000][7][gc,heap     ] GC(288) Old regions: 27->27
[2021-05-03T08:14:39.721+0000][7][gc,heap     ] GC(288) Archive regions: 2->2
[2021-05-03T08:14:39.721+0000][7][gc,heap     ] GC(288) Humongous regions: 2->2
[2021-05-03T08:14:39.721+0000][7][gc,metaspace] GC(288) Metaspace: 109203K(114000K)->109203K(114000K) NonClass: 95265K(98716K)->95265K(98716K) Class: 13938K(15284K)->13938K(15284K)
[2021-05-03T08:14:39.721+0000][7][gc          ] GC(288) Pause Young (Concurrent Start) (G1 Evacuation Pause) 201M->117M(256M) 2.452ms
[2021-05-03T08:14:39.721+0000][7][gc,cpu      ] GC(288) User=0.01s Sys=0.00s Real=0.01s
[2021-05-03T08:14:39.721+0000][7][safepoint   ] Safepoint "G1CollectForAllocation", Time since last: 289021719 ns, Reaching safepoint: 153320 ns, At safepoint: 2518820 ns, Total: 2672140 ns
[2021-05-03T08:14:39.721+0000][7][gc          ] GC(289) Concurrent Cycle
[2021-05-03T08:14:39.721+0000][7][gc,marking  ] GC(289) Concurrent Clear Claimed Marks
[2021-05-03T08:14:39.721+0000][7][gc,marking  ] GC(289) Concurrent Clear Claimed Marks 0.043ms
[2021-05-03T08:14:39.721+0000][7][gc,marking  ] GC(289) Concurrent Scan Root Regions
[2021-05-03T08:14:39.723+0000][7][gc,marking  ] GC(289) Concurrent Scan Root Regions 1.379ms
[2021-05-03T08:14:39.723+0000][7][gc,marking  ] GC(289) Concurrent Mark (21621.650s)
[2021-05-03T08:14:39.723+0000][7][gc,marking  ] GC(289) Concurrent Mark From Roots
[2021-05-03T08:14:39.723+0000][7][gc,task     ] GC(289) Using 2 workers of 2 for marking
[2021-05-03T08:14:39.802+0000][7][gc,marking  ] GC(289) Concurrent Mark From Roots 79.226ms
[2021-05-03T08:14:39.802+0000][7][gc,marking  ] GC(289) Concurrent Preclean
[2021-05-03T08:14:39.802+0000][7][gc,marking  ] GC(289) Concurrent Preclean 0.212ms
[2021-05-03T08:14:39.802+0000][7][gc,marking  ] GC(289) Concurrent Mark (21621.650s, 21621.730s) 79.489ms
[2021-05-03T08:14:39.802+0000][7][gc,start    ] GC(289) Pause Remark
[2021-05-03T08:14:39.808+0000][7][gc          ] GC(289) Pause Remark 118M->118M(256M) 5.696ms
[2021-05-03T08:14:39.808+0000][7][gc,cpu      ] GC(289) User=0.03s Sys=0.00s Real=0.00s
[2021-05-03T08:14:39.808+0000][7][safepoint   ] Safepoint "G1Concurrent", Time since last: 81049228 ns, Reaching safepoint: 112586 ns, At safepoint: 5772863 ns, Total: 5885449 ns
[2021-05-03T08:14:39.808+0000][7][gc,marking  ] GC(289) Concurrent Rebuild Remembered Sets
[2021-05-03T08:14:39.865+0000][7][gc,marking  ] GC(289) Concurrent Rebuild Remembered Sets 56.436ms
[2021-05-03T08:14:39.865+0000][7][gc,start    ] GC(289) Pause Cleanup
[2021-05-03T08:14:39.865+0000][7][gc          ] GC(289) Pause Cleanup 118M->118M(256M) 0.070ms
[2021-05-03T08:14:39.865+0000][7][gc,cpu      ] GC(289) User=0.00s Sys=0.00s Real=0.00s
[2021-05-03T08:14:39.865+0000][7][safepoint   ] Safepoint "G1Concurrent", Time since last: 56564571 ns, Reaching safepoint: 128751 ns, At safepoint: 107732 ns, Total: 236483 ns
[2021-05-03T08:14:39.865+0000][7][gc,marking  ] GC(289) Concurrent Cleanup for Next Mark
[2021-05-03T08:14:39.865+0000][7][gc,marking  ] GC(289) Concurrent Cleanup for Next Mark 0.112ms
[2021-05-03T08:14:39.865+0000][7][gc          ] GC(289) Concurrent Cycle 143.843ms
[2021-05-03T08:14:45.867+0000][7][safepoint   ] Safepoint "Cleanup", Time since last: 6002105696 ns, Reaching safepoint: 105831 ns, At safepoint: 6096 ns, Total: 111927 ns
[2021-05-03T08:15:40.883+0000][7][safepoint   ] Safepoint "Cleanup", Time since last: 55015965772 ns, Reaching safepoint: 153921 ns, At safepoint: 6813 ns, Total: 160734 ns
[2021-05-03T08:15:42.884+0000][7][safepoint   ] Safepoint "Cleanup", Time since last: 2000229907 ns, Reaching safepoint: 99092 ns, At safepoint: 8077 ns, Total: 107169 ns
[2021-05-03T08:16:09.758+0000][7][gc,start    ] GC(290) Pause Young (Normal) (G1 Evacuation Pause)
[2021-05-03T08:16:09.758+0000][7][gc,task     ] GC(290) Using 6 workers of 8 for evacuation
[2021-05-03T08:16:09.758+0000][7][gc,age      ] GC(290) Desired survivor size 6291456 bytes, new threshold 15 (max threshold 15)
[2021-05-03T08:16:09.759+0000][7][gc,age      ] GC(290) Age table with threshold 15 (max threshold 15)
[2021-05-03T08:16:09.759+0000][7][gc,age      ] GC(290) - age   1:     819224 bytes,     819224 total
[2021-05-03T08:16:09.759+0000][7][gc,age      ] GC(290) - age   2:       2208 bytes,     821432 total
[2021-05-03T08:16:09.759+0000][7][gc,age      ] GC(290) - age   3:        312 bytes,     821744 total
[2021-05-03T08:16:09.759+0000][7][gc,age      ] GC(290) - age   4:       1048 bytes,     822792 total
[2021-05-03T08:16:09.759+0000][7][gc,age      ] GC(290) - age   5:         32 bytes,     822824 total
[2021-05-03T08:16:09.759+0000][7][gc,age      ] GC(290) - age   6:       2600 bytes,     825424 total
[2021-05-03T08:16:09.759+0000][7][gc,age      ] GC(290) - age   7:         40 bytes,     825464 total
[2021-05-03T08:16:09.759+0000][7][gc,age      ] GC(290) - age  10:        776 bytes,     826240 total
[2021-05-03T08:16:09.759+0000][7][gc,age      ] GC(290) - age  11:        304 bytes,     826544 total
[2021-05-03T08:16:09.759+0000][7][gc,age      ] GC(290) - age  13:         24 bytes,     826568 total
[2021-05-03T08:16:09.759+0000][7][gc,age      ] GC(290) - age  15:        272 bytes,     826840 total
[2021-05-03T08:16:09.759+0000][7][gc,phases   ] GC(290)   Pre Evacuate Collection Set: 0.1ms
[2021-05-03T08:16:09.759+0000][7][gc,phases   ] GC(290)   Merge Heap Roots: 0.1ms
[2021-05-03T08:16:09.759+0000][7][gc,phases   ] GC(290)   Evacuate Collection Set: 0.9ms
[2021-05-03T08:16:09.759+0000][7][gc,phases   ] GC(290)   Post Evacuate Collection Set: 0.7ms
[2021-05-03T08:16:09.759+0000][7][gc,phases   ] GC(290)   Other: 0.2ms
[2021-05-03T08:16:09.759+0000][7][gc,heap     ] GC(290) Eden regions: 21->0(21)
[2021-05-03T08:16:09.759+0000][7][gc,heap     ] GC(290) Survivor regions: 1->1(3)
[2021-05-03T08:16:09.759+0000][7][gc,heap     ] GC(290) Old regions: 27->27
[2021-05-03T08:16:09.759+0000][7][gc,heap     ] GC(290) Archive regions: 2->2
[2021-05-03T08:16:09.759+0000][7][gc,heap     ] GC(290) Humongous regions: 2->2
[2021-05-03T08:16:09.759+0000][7][gc,metaspace] GC(290) Metaspace: 109277K(114256K)->109277K(114256K) NonClass: 95338K(98972K)->95338K(98972K) Class: 13938K(15284K)->13938K(15284K)
[2021-05-03T08:16:09.759+0000][7][gc          ] GC(290) Pause Young (Normal) (G1 Evacuation Pause) 201M->117M(256M) 1.965ms
[2021-05-03T08:16:09.760+0000][7][gc,cpu      ] GC(290) User=0.01s Sys=0.00s Real=0.00s
[2021-05-03T08:16:09.760+0000][7][safepoint   ] Safepoint "G1CollectForAllocation", Time since last: 26873801634 ns, Reaching safepoint: 104564 ns, At safepoint: 2026621 ns, Total: 2131185 ns
[2021-05-03T08:17:09.775+0000][7][safepoint   ] Safepoint "Cleanup", Time since last: 60015682085 ns, Reaching safepoint: 132662 ns, At safepoint: 4758 ns, Total: 137420 ns
[2021-05-03T08:17:19.778+0000][7][safepoint   ] Safepoint "Cleanup", Time since last: 10002748632 ns, Reaching safepoint: 166522 ns, At safepoint: 7715 ns, Total: 174237 ns
[2021-05-03T08:17:49.788+0000][7][safepoint   ] Safepoint "Cleanup", Time since last: 30009229847 ns, Reaching safepoint: 151525 ns, At safepoint: 4931 ns, Total: 156456 ns
[2021-05-03T08:18:21.615+0000][7][gc,start    ] GC(291) Pause Young (Concurrent Start) (G1 Evacuation Pause)
[2021-05-03T08:18:21.615+0000][7][gc,task     ] GC(291) Using 6 workers of 8 for evacuation
[2021-05-03T08:18:21.615+0000][7][gc,age      ] GC(291) Desired survivor size 6291456 bytes, new threshold 15 (max threshold 15)
[2021-05-03T08:18:21.617+0000][7][gc,age      ] GC(291) Age table with threshold 15 (max threshold 15)
[2021-05-03T08:18:21.617+0000][7][gc,age      ] GC(291) - age   1:     507272 bytes,     507272 total
[2021-05-03T08:18:21.617+0000][7][gc,age      ] GC(291) - age   2:     308776 bytes,     816048 total
[2021-05-03T08:18:21.617+0000][7][gc,age      ] GC(291) - age   3:       1872 bytes,     817920 total
[2021-05-03T08:18:21.617+0000][7][gc,age      ] GC(291) - age   4:        312 bytes,     818232 total
[2021-05-03T08:18:21.617+0000][7][gc,age      ] GC(291) - age   5:       1048 bytes,     819280 total
[2021-05-03T08:18:21.617+0000][7][gc,age      ] GC(291) - age   6:         32 bytes,     819312 total
[2021-05-03T08:18:21.617+0000][7][gc,age      ] GC(291) - age   7:       2480 bytes,     821792 total
[2021-05-03T08:18:21.617+0000][7][gc,age      ] GC(291) - age  11:        680 bytes,     822472 total
[2021-05-03T08:18:21.617+0000][7][gc,age      ] GC(291) - age  12:        304 bytes,     822776 total
[2021-05-03T08:18:21.617+0000][7][gc,age      ] GC(291) - age  14:         24 bytes,     822800 total
[2021-05-03T08:18:21.617+0000][7][gc,phases   ] GC(291)   Pre Evacuate Collection Set: 0.2ms
[2021-05-03T08:18:21.617+0000][7][gc,phases   ] GC(291)   Merge Heap Roots: 0.1ms
[2021-05-03T08:18:21.617+0000][7][gc,phases   ] GC(291)   Evacuate Collection Set: 1.0ms
[2021-05-03T08:18:21.617+0000][7][gc,phases   ] GC(291)   Post Evacuate Collection Set: 0.9ms
[2021-05-03T08:18:21.617+0000][7][gc,phases   ] GC(291)   Other: 0.2ms
[2021-05-03T08:18:21.617+0000][7][gc,heap     ] GC(291) Eden regions: 21->0(21)
[2021-05-03T08:18:21.617+0000][7][gc,heap     ] GC(291) Survivor regions: 1->1(3)
[2021-05-03T08:18:21.617+0000][7][gc,heap     ] GC(291) Old regions: 27->27
[2021-05-03T08:18:21.617+0000][7][gc,heap     ] GC(291) Archive regions: 2->2
[2021-05-03T08:18:21.617+0000][7][gc,heap     ] GC(291) Humongous regions: 2->2
[2021-05-03T08:18:21.617+0000][7][gc,metaspace] GC(291) Metaspace: 109277K(114256K)->109277K(114256K) NonClass: 95338K(98972K)->95338K(98972K) Class: 13938K(15284K)->13938K(15284K)
[2021-05-03T08:18:21.617+0000][7][gc          ] GC(291) Pause Young (Concurrent Start) (G1 Evacuation Pause) 201M->117M(256M) 2.432ms
[2021-05-03T08:18:21.617+0000][7][gc,cpu      ] GC(291) User=0.01s Sys=0.00s Real=0.00s
[2021-05-03T08:18:21.617+0000][7][safepoint   ] Safepoint "G1CollectForAllocation", Time since last: 31827158742 ns, Reaching safepoint: 162262 ns, At safepoint: 2504099 ns, Total: 2666361 ns
[2021-05-03T08:18:21.618+0000][7][gc          ] GC(292) Concurrent Cycle
[2021-05-03T08:18:21.618+0000][7][gc,marking  ] GC(292) Concurrent Clear Claimed Marks
[2021-05-03T08:18:21.618+0000][7][gc,marking  ] GC(292) Concurrent Clear Claimed Marks 0.043ms
[2021-05-03T08:18:21.618+0000][7][gc,marking  ] GC(292) Concurrent Scan Root Regions
[2021-05-03T08:18:21.619+0000][7][gc,marking  ] GC(292) Concurrent Scan Root Regions 1.490ms
[2021-05-03T08:18:21.619+0000][7][gc,marking  ] GC(292) Concurrent Mark (21843.547s)
[2021-05-03T08:18:21.619+0000][7][gc,marking  ] GC(292) Concurrent Mark From Roots
[2021-05-03T08:18:21.619+0000][7][gc,task     ] GC(292) Using 2 workers of 2 for marking
[2021-05-03T08:18:21.699+0000][7][gc,marking  ] GC(292) Concurrent Mark From Roots 79.922ms
[2021-05-03T08:18:21.699+0000][7][gc,marking  ] GC(292) Concurrent Preclean
[2021-05-03T08:18:21.699+0000][7][gc,marking  ] GC(292) Concurrent Preclean 0.215ms
[2021-05-03T08:18:21.699+0000][7][gc,marking  ] GC(292) Concurrent Mark (21843.547s, 21843.627s) 80.187ms
[2021-05-03T08:18:21.699+0000][7][gc,start    ] GC(292) Pause Remark
[2021-05-03T08:18:21.705+0000][7][gc          ] GC(292) Pause Remark 117M->117M(256M) 5.797ms
[2021-05-03T08:18:21.705+0000][7][gc,cpu      ] GC(292) User=0.03s Sys=0.00s Real=0.01s
[2021-05-03T08:18:21.705+0000][7][safepoint   ] Safepoint "G1Concurrent", Time since last: 81863309 ns, Reaching safepoint: 149724 ns, At safepoint: 5873873 ns, Total: 6023597 ns
[2021-05-03T08:18:21.705+0000][7][gc,marking  ] GC(292) Concurrent Rebuild Remembered Sets
[2021-05-03T08:18:21.758+0000][7][gc,marking  ] GC(292) Concurrent Rebuild Remembered Sets 52.920ms
[2021-05-03T08:18:21.759+0000][7][gc,start    ] GC(292) Pause Cleanup
[2021-05-03T08:18:21.759+0000][7][gc          ] GC(292) Pause Cleanup 117M->117M(256M) 0.070ms
[2021-05-03T08:18:21.759+0000][7][gc,cpu      ] GC(292) User=0.00s Sys=0.00s Real=0.00s
[2021-05-03T08:18:21.759+0000][7][safepoint   ] Safepoint "G1Concurrent", Time since last: 53062043 ns, Reaching safepoint: 107748 ns, At safepoint: 110694 ns, Total: 218442 ns
[2021-05-03T08:18:21.759+0000][7][gc,marking  ] GC(292) Concurrent Cleanup for Next Mark
[2021-05-03T08:18:21.759+0000][7][gc,marking  ] GC(292) Concurrent Cleanup for Next Mark 0.194ms
[2021-05-03T08:18:21.759+0000][7][gc          ] GC(292) Concurrent Cycle 141.410ms
[2021-05-03T08:20:27.588+0000][7][gc,start    ] GC(293) Pause Young (Normal) (G1 Evacuation Pause)
[2021-05-03T08:20:27.588+0000][7][gc,task     ] GC(293) Using 6 workers of 8 for evacuation
[2021-05-03T08:20:27.588+0000][7][gc,age      ] GC(293) Desired survivor size 6291456 bytes, new threshold 15 (max threshold 15)
[2021-05-03T08:20:27.589+0000][7][gc,age      ] GC(293) Age table with threshold 15 (max threshold 15)
[2021-05-03T08:20:27.589+0000][7][gc,age      ] GC(293) - age   1:     522544 bytes,     522544 total
[2021-05-03T08:20:27.589+0000][7][gc,age      ] GC(293) - age   2:        592 bytes,     523136 total
[2021-05-03T08:20:27.589+0000][7][gc,age      ] GC(293) - age   3:     187176 bytes,     710312 total
[2021-05-03T08:20:27.589+0000][7][gc,age      ] GC(293) - age   4:       1512 bytes,     711824 total
[2021-05-03T08:20:27.589+0000][7][gc,age      ] GC(293) - age   5:        264 bytes,     712088 total
[2021-05-03T08:20:27.589+0000][7][gc,age      ] GC(293) - age   6:       1048 bytes,     713136 total
[2021-05-03T08:20:27.589+0000][7][gc,age      ] GC(293) - age   8:       2288 bytes,     715424 total
[2021-05-03T08:20:27.589+0000][7][gc,age      ] GC(293) - age  12:        640 bytes,     716064 total
[2021-05-03T08:20:27.589+0000][7][gc,age      ] GC(293) - age  13:        304 bytes,     716368 total
[2021-05-03T08:20:27.589+0000][7][gc,age      ] GC(293) - age  15:         24 bytes,     716392 total
[2021-05-03T08:20:27.589+0000][7][gc,phases   ] GC(293)   Pre Evacuate Collection Set: 0.0ms
[2021-05-03T08:20:27.589+0000][7][gc,phases   ] GC(293)   Merge Heap Roots: 0.1ms
[2021-05-03T08:20:27.589+0000][7][gc,phases   ] GC(293)   Evacuate Collection Set: 0.9ms
[2021-05-03T08:20:27.589+0000][7][gc,phases   ] GC(293)   Post Evacuate Collection Set: 0.4ms
[2021-05-03T08:20:27.589+0000][7][gc,phases   ] GC(293)   Other: 0.2ms
[2021-05-03T08:20:27.589+0000][7][gc,heap     ] GC(293) Eden regions: 21->0(21)
[2021-05-03T08:20:27.589+0000][7][gc,heap     ] GC(293) Survivor regions: 1->1(3)
[2021-05-03T08:20:27.589+0000][7][gc,heap     ] GC(293) Old regions: 27->27
[2021-05-03T08:20:27.589+0000][7][gc,heap     ] GC(293) Archive regions: 2->2
[2021-05-03T08:20:27.589+0000][7][gc,heap     ] GC(293) Humongous regions: 2->2
[2021-05-03T08:20:27.589+0000][7][gc,metaspace] GC(293) Metaspace: 109277K(114256K)->109277K(114256K) NonClass: 95338K(98972K)->95338K(98972K) Class: 13938K(15284K)->13938K(15284K)
[2021-05-03T08:20:27.589+0000][7][gc          ] GC(293) Pause Young (Normal) (G1 Evacuation Pause) 201M->117M(256M) 1.677ms
[2021-05-03T08:20:27.589+0000][7][gc,cpu      ] GC(293) User=0.01s Sys=0.00s Real=0.00s
[2021-05-03T08:20:27.589+0000][7][safepoint   ] Safepoint "G1CollectForAllocation", Time since last: 125828831891 ns, Reaching safepoint: 103045 ns, At safepoint: 1739763 ns, Total: 1842808 ns
[2021-05-03T08:22:42.094+0000][7][gc,start    ] GC(294) Pause Young (Concurrent Start) (G1 Evacuation Pause)
[2021-05-03T08:22:42.094+0000][7][gc,task     ] GC(294) Using 6 workers of 8 for evacuation
[2021-05-03T08:22:42.094+0000][7][gc,age      ] GC(294) Desired survivor size 6291456 bytes, new threshold 15 (max threshold 15)
[2021-05-03T08:22:42.095+0000][7][gc,age      ] GC(294) Age table with threshold 15 (max threshold 15)
[2021-05-03T08:22:42.095+0000][7][gc,age      ] GC(294) - age   1:     562680 bytes,     562680 total
[2021-05-03T08:22:42.095+0000][7][gc,age      ] GC(294) - age   2:        960 bytes,     563640 total
[2021-05-03T08:22:42.095+0000][7][gc,age      ] GC(294) - age   3:        336 bytes,     563976 total
[2021-05-03T08:22:42.095+0000][7][gc,age      ] GC(294) - age   4:     186632 bytes,     750608 total
[2021-05-03T08:22:42.095+0000][7][gc,age      ] GC(294) - age   5:       1512 bytes,     752120 total
[2021-05-03T08:22:42.095+0000][7][gc,age      ] GC(294) - age   6:        240 bytes,     752360 total
[2021-05-03T08:22:42.095+0000][7][gc,age      ] GC(294) - age   7:       1048 bytes,     753408 total
[2021-05-03T08:22:42.095+0000][7][gc,age      ] GC(294) - age   9:       2248 bytes,     755656 total
[2021-05-03T08:22:42.095+0000][7][gc,age      ] GC(294) - age  13:        640 bytes,     756296 total
[2021-05-03T08:22:42.095+0000][7][gc,age      ] GC(294) - age  14:        304 bytes,     756600 total
[2021-05-03T08:22:42.095+0000][7][gc,phases   ] GC(294)   Pre Evacuate Collection Set: 0.1ms
[2021-05-03T08:22:42.095+0000][7][gc,phases   ] GC(294)   Merge Heap Roots: 0.0ms
[2021-05-03T08:22:42.095+0000][7][gc,phases   ] GC(294)   Evacuate Collection Set: 1.0ms
[2021-05-03T08:22:42.095+0000][7][gc,phases   ] GC(294)   Post Evacuate Collection Set: 0.4ms
[2021-05-03T08:22:42.095+0000][7][gc,phases   ] GC(294)   Other: 0.2ms
[2021-05-03T08:22:42.095+0000][7][gc,heap     ] GC(294) Eden regions: 21->0(21)
[2021-05-03T08:22:42.095+0000][7][gc,heap     ] GC(294) Survivor regions: 1->1(3)
[2021-05-03T08:22:42.095+0000][7][gc,heap     ] GC(294) Old regions: 27->27
[2021-05-03T08:22:42.095+0000][7][gc,heap     ] GC(294) Archive regions: 2->2
[2021-05-03T08:22:42.095+0000][7][gc,heap     ] GC(294) Humongous regions: 2->2
[2021-05-03T08:22:42.095+0000][7][gc,metaspace] GC(294) Metaspace: 109277K(114256K)->109277K(114256K) NonClass: 95338K(98972K)->95338K(98972K) Class: 13938K(15284K)->13938K(15284K)
[2021-05-03T08:22:42.095+0000][7][gc          ] GC(294) Pause Young (Concurrent Start) (G1 Evacuation Pause) 201M->117M(256M) 1.799ms
[2021-05-03T08:22:42.095+0000][7][gc,cpu      ] GC(294) User=0.01s Sys=0.00s Real=0.00s
[2021-05-03T08:22:42.095+0000][7][safepoint   ] Safepoint "G1CollectForAllocation", Time since last: 134504154756 ns, Reaching safepoint: 137929 ns, At safepoint: 1861268 ns, Total: 1999197 ns
[2021-05-03T08:22:42.095+0000][7][gc          ] GC(295) Concurrent Cycle
[2021-05-03T08:22:42.096+0000][7][gc,marking  ] GC(295) Concurrent Clear Claimed Marks
[2021-05-03T08:22:42.096+0000][7][gc,marking  ] GC(295) Concurrent Clear Claimed Marks 0.052ms
[2021-05-03T08:22:42.096+0000][7][gc,marking  ] GC(295) Concurrent Scan Root Regions
[2021-05-03T08:22:42.097+0000][7][gc,marking  ] GC(295) Concurrent Scan Root Regions 1.435ms
[2021-05-03T08:22:42.097+0000][7][gc,marking  ] GC(295) Concurrent Mark (22104.025s)
[2021-05-03T08:22:42.097+0000][7][gc,marking  ] GC(295) Concurrent Mark From Roots
[2021-05-03T08:22:42.097+0000][7][gc,task     ] GC(295) Using 2 workers of 2 for marking
[2021-05-03T08:22:42.176+0000][7][gc,marking  ] GC(295) Concurrent Mark From Roots 79.226ms
[2021-05-03T08:22:42.176+0000][7][gc,marking  ] GC(295) Concurrent Preclean
[2021-05-03T08:22:42.177+0000][7][gc,marking  ] GC(295) Concurrent Preclean 0.213ms
[2021-05-03T08:22:42.177+0000][7][gc,marking  ] GC(295) Concurrent Mark (22104.025s, 22104.104s) 79.488ms
[2021-05-03T08:22:42.177+0000][7][gc,start    ] GC(295) Pause Remark
[2021-05-03T08:22:42.182+0000][7][gc          ] GC(295) Pause Remark 117M->117M(256M) 5.510ms
[2021-05-03T08:22:42.182+0000][7][gc,cpu      ] GC(295) User=0.04s Sys=0.00s Real=0.01s
[2021-05-03T08:22:42.182+0000][7][safepoint   ] Safepoint "G1Concurrent", Time since last: 81107337 ns, Reaching safepoint: 106957 ns, At safepoint: 5583155 ns, Total: 5690112 ns
[2021-05-03T08:22:42.182+0000][7][gc,marking  ] GC(295) Concurrent Rebuild Remembered Sets
[2021-05-03T08:22:42.235+0000][7][gc,marking  ] GC(295) Concurrent Rebuild Remembered Sets 52.803ms
[2021-05-03T08:22:42.235+0000][7][gc,start    ] GC(295) Pause Cleanup
[2021-05-03T08:22:42.235+0000][7][gc          ] GC(295) Pause Cleanup 117M->117M(256M) 0.069ms
[2021-05-03T08:22:42.235+0000][7][gc,cpu      ] GC(295) User=0.00s Sys=0.00s Real=0.00s
[2021-05-03T08:22:42.235+0000][7][safepoint   ] Safepoint "G1Concurrent", Time since last: 52908135 ns, Reaching safepoint: 153376 ns, At safepoint: 109899 ns, Total: 263275 ns
[2021-05-03T08:22:42.235+0000][7][gc,marking  ] GC(295) Concurrent Cleanup for Next Mark
[2021-05-03T08:22:42.236+0000][7][gc,marking  ] GC(295) Concurrent Cleanup for Next Mark 0.150ms
[2021-05-03T08:22:42.236+0000][7][gc          ] GC(295) Concurrent Cycle 140.128ms
[2021-05-03T08:24:47.639+0000][7][gc,start    ] GC(296) Pause Young (Normal) (G1 Evacuation Pause)
[2021-05-03T08:24:47.639+0000][7][gc,task     ] GC(296) Using 6 workers of 8 for evacuation
[2021-05-03T08:24:47.639+0000][7][gc,age      ] GC(296) Desired survivor size 6291456 bytes, new threshold 15 (max threshold 15)
[2021-05-03T08:24:47.641+0000][7][gc,age      ] GC(296) Age table with threshold 15 (max threshold 15)
[2021-05-03T08:24:47.641+0000][7][gc,age      ] GC(296) - age   1:     530672 bytes,     530672 total
[2021-05-03T08:24:47.641+0000][7][gc,age      ] GC(296) - age   2:       1184 bytes,     531856 total
[2021-05-03T08:24:47.641+0000][7][gc,age      ] GC(296) - age   3:        632 bytes,     532488 total
[2021-05-03T08:24:47.641+0000][7][gc,age      ] GC(296) - age   4:        216 bytes,     532704 total
[2021-05-03T08:24:47.641+0000][7][gc,age      ] GC(296) - age   5:     185096 bytes,     717800 total
[2021-05-03T08:24:47.641+0000][7][gc,age      ] GC(296) - age   6:        552 bytes,     718352 total
[2021-05-03T08:24:47.641+0000][7][gc,age      ] GC(296) - age   7:        240 bytes,     718592 total
[2021-05-03T08:24:47.641+0000][7][gc,age      ] GC(296) - age   8:       1048 bytes,     719640 total
[2021-05-03T08:24:47.641+0000][7][gc,age      ] GC(296) - age  10:       2008 bytes,     721648 total
[2021-05-03T08:24:47.641+0000][7][gc,age      ] GC(296) - age  14:        640 bytes,     722288 total
[2021-05-03T08:24:47.641+0000][7][gc,age      ] GC(296) - age  15:        304 bytes,     722592 total
[2021-05-03T08:24:47.641+0000][7][gc,phases   ] GC(296)   Pre Evacuate Collection Set: 0.0ms
[2021-05-03T08:24:47.641+0000][7][gc,phases   ] GC(296)   Merge Heap Roots: 0.1ms
[2021-05-03T08:24:47.641+0000][7][gc,phases   ] GC(296)   Evacuate Collection Set: 1.0ms
[2021-05-03T08:24:47.641+0000][7][gc,phases   ] GC(296)   Post Evacuate Collection Set: 0.6ms
[2021-05-03T08:24:47.641+0000][7][gc,phases   ] GC(296)   Other: 0.2ms
[2021-05-03T08:24:47.641+0000][7][gc,heap     ] GC(296) Eden regions: 21->0(21)
[2021-05-03T08:24:47.641+0000][7][gc,heap     ] GC(296) Survivor regions: 1->1(3)
[2021-05-03T08:24:47.641+0000][7][gc,heap     ] GC(296) Old regions: 27->27
[2021-05-03T08:24:47.641+0000][7][gc,heap     ] GC(296) Archive regions: 2->2
[2021-05-03T08:24:47.641+0000][7][gc,heap     ] GC(296) Humongous regions: 2->2
[2021-05-03T08:24:47.641+0000][7][gc,metaspace] GC(296) Metaspace: 109277K(114256K)->109277K(114256K) NonClass: 95338K(98972K)->95338K(98972K) Class: 13938K(15284K)->13938K(15284K)
[2021-05-03T08:24:47.641+0000][7][gc          ] GC(296) Pause Young (Normal) (G1 Evacuation Pause) 201M->117M(256M) 2.054ms
[2021-05-03T08:24:47.641+0000][7][gc,cpu      ] GC(296) User=0.01s Sys=0.00s Real=0.01s
[2021-05-03T08:24:47.641+0000][7][safepoint   ] Safepoint "G1CollectForAllocation", Time since last: 125403331907 ns, Reaching safepoint: 106304 ns, At safepoint: 2114618 ns, Total: 2220922 ns
[2021-05-03T08:25:41.654+0000][7][safepoint   ] Safepoint "Cleanup", Time since last: 54013339684 ns, Reaching safepoint: 138027 ns, At safepoint: 10371 ns, Total: 148398 ns
[2021-05-03T08:26:27.656+0000][7][gc,start    ] GC(297) Pause Young (Concurrent Start) (G1 Evacuation Pause)
[2021-05-03T08:26:27.656+0000][7][gc,task     ] GC(297) Using 6 workers of 8 for evacuation
[2021-05-03T08:26:27.656+0000][7][gc,age      ] GC(297) Desired survivor size 6291456 bytes, new threshold 15 (max threshold 15)
[2021-05-03T08:26:27.658+0000][7][gc,age      ] GC(297) Age table with threshold 15 (max threshold 15)
[2021-05-03T08:26:27.658+0000][7][gc,age      ] GC(297) - age   1:     777688 bytes,     777688 total
[2021-05-03T08:26:27.658+0000][7][gc,age      ] GC(297) - age   2:       3328 bytes,     781016 total
[2021-05-03T08:26:27.658+0000][7][gc,age      ] GC(297) - age   3:        808 bytes,     781824 total
[2021-05-03T08:26:27.658+0000][7][gc,age      ] GC(297) - age   4:        272 bytes,     782096 total
[2021-05-03T08:26:27.658+0000][7][gc,age      ] GC(297) - age   6:      10528 bytes,     792624 total
[2021-05-03T08:26:27.658+0000][7][gc,age      ] GC(297) - age   7:        552 bytes,     793176 total
[2021-05-03T08:26:27.658+0000][7][gc,age      ] GC(297) - age   9:       1048 bytes,     794224 total
[2021-05-03T08:26:27.658+0000][7][gc,age      ] GC(297) - age  11:        760 bytes,     794984 total
[2021-05-03T08:26:27.658+0000][7][gc,age      ] GC(297) - age  15:        640 bytes,     795624 total
[2021-05-03T08:26:27.658+0000][7][gc,phases   ] GC(297)   Pre Evacuate Collection Set: 0.2ms
[2021-05-03T08:26:27.658+0000][7][gc,phases   ] GC(297)   Merge Heap Roots: 0.1ms
[2021-05-03T08:26:27.658+0000][7][gc,phases   ] GC(297)   Evacuate Collection Set: 1.0ms
[2021-05-03T08:26:27.658+0000][7][gc,phases   ] GC(297)   Post Evacuate Collection Set: 0.6ms
[2021-05-03T08:26:27.658+0000][7][gc,phases   ] GC(297)   Other: 0.2ms
[2021-05-03T08:26:27.658+0000][7][gc,heap     ] GC(297) Eden regions: 21->0(21)
[2021-05-03T08:26:27.658+0000][7][gc,heap     ] GC(297) Survivor regions: 1->1(3)
[2021-05-03T08:26:27.658+0000][7][gc,heap     ] GC(297) Old regions: 27->27
[2021-05-03T08:26:27.658+0000][7][gc,heap     ] GC(297) Archive regions: 2->2
[2021-05-03T08:26:27.658+0000][7][gc,heap     ] GC(297) Humongous regions: 2->2
[2021-05-03T08:26:27.658+0000][7][gc,metaspace] GC(297) Metaspace: 109325K(114256K)->109325K(114256K) NonClass: 95387K(98972K)->95387K(98972K) Class: 13938K(15284K)->13938K(15284K)
[2021-05-03T08:26:27.658+0000][7][gc          ] GC(297) Pause Young (Concurrent Start) (G1 Evacuation Pause) 201M->117M(256M) 2.159ms
[2021-05-03T08:26:27.658+0000][7][gc,cpu      ] GC(297) User=0.01s Sys=0.00s Real=0.00s
[2021-05-03T08:26:27.658+0000][7][safepoint   ] Safepoint "G1CollectForAllocation", Time since last: 46001032325 ns, Reaching safepoint: 120029 ns, At safepoint: 2227836 ns, Total: 2347865 ns
[2021-05-03T08:26:27.658+0000][7][gc          ] GC(298) Concurrent Cycle
[2021-05-03T08:26:27.658+0000][7][gc,marking  ] GC(298) Concurrent Clear Claimed Marks
[2021-05-03T08:26:27.658+0000][7][gc,marking  ] GC(298) Concurrent Clear Claimed Marks 0.053ms
[2021-05-03T08:26:27.658+0000][7][gc,marking  ] GC(298) Concurrent Scan Root Regions
[2021-05-03T08:26:27.660+0000][7][gc,marking  ] GC(298) Concurrent Scan Root Regions 1.630ms
[2021-05-03T08:26:27.660+0000][7][gc,marking  ] GC(298) Concurrent Mark (22329.587s)
[2021-05-03T08:26:27.660+0000][7][gc,marking  ] GC(298) Concurrent Mark From Roots
[2021-05-03T08:26:27.660+0000][7][gc,task     ] GC(298) Using 2 workers of 2 for marking
[2021-05-03T08:26:27.739+0000][7][gc,marking  ] GC(298) Concurrent Mark From Roots 79.520ms
[2021-05-03T08:26:27.739+0000][7][gc,marking  ] GC(298) Concurrent Preclean
[2021-05-03T08:26:27.739+0000][7][gc,marking  ] GC(298) Concurrent Preclean 0.208ms
[2021-05-03T08:26:27.739+0000][7][gc,marking  ] GC(298) Concurrent Mark (22329.587s, 22329.667s) 79.777ms
[2021-05-03T08:26:27.740+0000][7][gc,start    ] GC(298) Pause Remark
[2021-05-03T08:26:27.745+0000][7][gc          ] GC(298) Pause Remark 117M->117M(256M) 5.376ms
[2021-05-03T08:26:27.745+0000][7][gc,cpu      ] GC(298) User=0.03s Sys=0.00s Real=0.01s
[2021-05-03T08:26:27.745+0000][7][safepoint   ] Safepoint "G1Concurrent", Time since last: 81574690 ns, Reaching safepoint: 107437 ns, At safepoint: 5447239 ns, Total: 5554676 ns
[2021-05-03T08:26:27.745+0000][7][gc,marking  ] GC(298) Concurrent Rebuild Remembered Sets
[2021-05-03T08:26:27.798+0000][7][gc,marking  ] GC(298) Concurrent Rebuild Remembered Sets 52.836ms
[2021-05-03T08:26:27.798+0000][7][gc,start    ] GC(298) Pause Cleanup
[2021-05-03T08:26:27.798+0000][7][gc          ] GC(298) Pause Cleanup 117M->117M(256M) 0.070ms
[2021-05-03T08:26:27.798+0000][7][gc,cpu      ] GC(298) User=0.00s Sys=0.00s Real=0.00s
[2021-05-03T08:26:27.798+0000][7][safepoint   ] Safepoint "G1Concurrent", Time since last: 52944504 ns, Reaching safepoint: 88360 ns, At safepoint: 109436 ns, Total: 197796 ns
[2021-05-03T08:26:27.798+0000][7][gc,marking  ] GC(298) Concurrent Cleanup for Next Mark
[2021-05-03T08:26:27.798+0000][7][gc,marking  ] GC(298) Concurrent Cleanup for Next Mark 0.191ms
[2021-05-03T08:26:27.798+0000][7][gc          ] GC(298) Concurrent Cycle 140.527ms
[2021-05-03T08:27:36.811+0000][7][safepoint   ] Safepoint "Cleanup", Time since last: 69012613354 ns, Reaching safepoint: 101886 ns, At safepoint: 7334 ns, Total: 109220 ns
[2021-05-03T08:28:09.818+0000][7][safepoint   ] Safepoint "Cleanup", Time since last: 33007010153 ns, Reaching safepoint: 139776 ns, At safepoint: 7409 ns, Total: 147185 ns
[2021-05-03T08:28:42.096+0000][7][gc,start    ] GC(299) Pause Young (Normal) (G1 Evacuation Pause)
[2021-05-03T08:28:42.096+0000][7][gc,task     ] GC(299) Using 6 workers of 8 for evacuation
[2021-05-03T08:28:42.096+0000][7][gc,age      ] GC(299) Desired survivor size 6291456 bytes, new threshold 15 (max threshold 15)
[2021-05-03T08:28:42.097+0000][7][gc,age      ] GC(299) Age table with threshold 15 (max threshold 15)
[2021-05-03T08:28:42.097+0000][7][gc,age      ] GC(299) - age   1:     542432 bytes,     542432 total
[2021-05-03T08:28:42.097+0000][7][gc,age      ] GC(299) - age   2:     272992 bytes,     815424 total
[2021-05-03T08:28:42.097+0000][7][gc,age      ] GC(299) - age   3:       3048 bytes,     818472 total
[2021-05-03T08:28:42.097+0000][7][gc,age      ] GC(299) - age   4:        584 bytes,     819056 total
[2021-05-03T08:28:42.097+0000][7][gc,age      ] GC(299) - age   5:        272 bytes,     819328 total
[2021-05-03T08:28:42.097+0000][7][gc,age      ] GC(299) - age   7:      10288 bytes,     829616 total
[2021-05-03T08:28:42.097+0000][7][gc,age      ] GC(299) - age   8:        456 bytes,     830072 total
[2021-05-03T08:28:42.097+0000][7][gc,age      ] GC(299) - age  10:       1048 bytes,     831120 total
[2021-05-03T08:28:42.097+0000][7][gc,age      ] GC(299) - age  12:        720 bytes,     831840 total
[2021-05-03T08:28:42.098+0000][7][gc,phases   ] GC(299)   Pre Evacuate Collection Set: 0.1ms
[2021-05-03T08:28:42.098+0000][7][gc,phases   ] GC(299)   Merge Heap Roots: 0.0ms
[2021-05-03T08:28:42.098+0000][7][gc,phases   ] GC(299)   Evacuate Collection Set: 0.9ms
[2021-05-03T08:28:42.098+0000][7][gc,phases   ] GC(299)   Post Evacuate Collection Set: 0.5ms
[2021-05-03T08:28:42.098+0000][7][gc,phases   ] GC(299)   Other: 0.2ms
[2021-05-03T08:28:42.098+0000][7][gc,heap     ] GC(299) Eden regions: 21->0(21)
[2021-05-03T08:28:42.098+0000][7][gc,heap     ] GC(299) Survivor regions: 1->1(3)
[2021-05-03T08:28:42.098+0000][7][gc,heap     ] GC(299) Old regions: 27->27
[2021-05-03T08:28:42.098+0000][7][gc,heap     ] GC(299) Archive regions: 2->2
[2021-05-03T08:28:42.098+0000][7][gc,heap     ] GC(299) Humongous regions: 2->2
[2021-05-03T08:28:42.098+0000][7][gc,metaspace] GC(299) Metaspace: 109330K(114256K)->109330K(114256K) NonClass: 95392K(98972K)->95392K(98972K) Class: 13938K(15284K)->13938K(15284K)
[2021-05-03T08:28:42.098+0000][7][gc          ] GC(299) Pause Young (Normal) (G1 Evacuation Pause) 201M->117M(256M) 1.708ms
[2021-05-03T08:28:42.098+0000][7][gc,cpu      ] GC(299) User=0.01s Sys=0.00s Real=0.00s
[2021-05-03T08:28:42.098+0000][7][safepoint   ] Safepoint "G1CollectForAllocation", Time since last: 32277743544 ns, Reaching safepoint: 117832 ns, At safepoint: 1768218 ns, Total: 1886050 ns
[2021-05-03T08:30:45.205+0000][7][gc,start    ] GC(300) Pause Young (Concurrent Start) (G1 Evacuation Pause)
[2021-05-03T08:30:45.205+0000][7][gc,task     ] GC(300) Using 6 workers of 8 for evacuation
[2021-05-03T08:30:45.205+0000][7][gc,age      ] GC(300) Desired survivor size 6291456 bytes, new threshold 15 (max threshold 15)
[2021-05-03T08:30:45.206+0000][7][gc,age      ] GC(300) Age table with threshold 15 (max threshold 15)
[2021-05-03T08:30:45.206+0000][7][gc,age      ] GC(300) - age   1:     534712 bytes,     534712 total
[2021-05-03T08:30:45.206+0000][7][gc,age      ] GC(300) - age   2:        848 bytes,     535560 total
[2021-05-03T08:30:45.206+0000][7][gc,age      ] GC(300) - age   3:     151832 bytes,     687392 total
[2021-05-03T08:30:45.206+0000][7][gc,age      ] GC(300) - age   4:       2760 bytes,     690152 total
[2021-05-03T08:30:45.206+0000][7][gc,age      ] GC(300) - age   5:        424 bytes,     690576 total
[2021-05-03T08:30:45.206+0000][7][gc,age      ] GC(300) - age   6:        240 bytes,     690816 total
[2021-05-03T08:30:45.206+0000][7][gc,age      ] GC(300) - age   8:      10288 bytes,     701104 total
[2021-05-03T08:30:45.206+0000][7][gc,age      ] GC(300) - age   9:        208 bytes,     701312 total
[2021-05-03T08:30:45.206+0000][7][gc,age      ] GC(300) - age  11:       1048 bytes,     702360 total
[2021-05-03T08:30:45.206+0000][7][gc,age      ] GC(300) - age  13:        720 bytes,     703080 total
[2021-05-03T08:30:45.206+0000][7][gc,phases   ] GC(300)   Pre Evacuate Collection Set: 0.1ms
[2021-05-03T08:30:45.206+0000][7][gc,phases   ] GC(300)   Merge Heap Roots: 0.0ms
[2021-05-03T08:30:45.206+0000][7][gc,phases   ] GC(300)   Evacuate Collection Set: 0.8ms
[2021-05-03T08:30:45.206+0000][7][gc,phases   ] GC(300)   Post Evacuate Collection Set: 0.6ms
[2021-05-03T08:30:45.206+0000][7][gc,phases   ] GC(300)   Other: 0.2ms
[2021-05-03T08:30:45.206+0000][7][gc,heap     ] GC(300) Eden regions: 21->0(21)
[2021-05-03T08:30:45.206+0000][7][gc,heap     ] GC(300) Survivor regions: 1->1(3)
[2021-05-03T08:30:45.206+0000][7][gc,heap     ] GC(300) Old regions: 27->27
[2021-05-03T08:30:45.206+0000][7][gc,heap     ] GC(300) Archive regions: 2->2
[2021-05-03T08:30:45.206+0000][7][gc,heap     ] GC(300) Humongous regions: 2->2
[2021-05-03T08:30:45.206+0000][7][gc,metaspace] GC(300) Metaspace: 109330K(114256K)->109330K(114256K) NonClass: 95392K(98972K)->95392K(98972K) Class: 13938K(15284K)->13938K(15284K)
[2021-05-03T08:30:45.206+0000][7][gc          ] GC(300) Pause Young (Concurrent Start) (G1 Evacuation Pause) 201M->117M(256M) 1.831ms
[2021-05-03T08:30:45.206+0000][7][gc,cpu      ] GC(300) User=0.01s Sys=0.00s Real=0.00s
[2021-05-03T08:30:45.206+0000][7][safepoint   ] Safepoint "G1CollectForAllocation", Time since last: 123106803960 ns, Reaching safepoint: 108496 ns, At safepoint: 1892873 ns, Total: 2001369 ns
[2021-05-03T08:30:45.206+0000][7][gc          ] GC(301) Concurrent Cycle
[2021-05-03T08:30:45.206+0000][7][gc,marking  ] GC(301) Concurrent Clear Claimed Marks
[2021-05-03T08:30:45.207+0000][7][gc,marking  ] GC(301) Concurrent Clear Claimed Marks 0.042ms
[2021-05-03T08:30:45.207+0000][7][gc,marking  ] GC(301) Concurrent Scan Root Regions
[2021-05-03T08:30:45.208+0000][7][gc,marking  ] GC(301) Concurrent Scan Root Regions 1.455ms
[2021-05-03T08:30:45.208+0000][7][gc,marking  ] GC(301) Concurrent Mark (22587.136s)
[2021-05-03T08:30:45.208+0000][7][gc,marking  ] GC(301) Concurrent Mark From Roots
[2021-05-03T08:30:45.208+0000][7][gc,task     ] GC(301) Using 2 workers of 2 for marking
[2021-05-03T08:30:45.287+0000][7][gc,marking  ] GC(301) Concurrent Mark From Roots 78.937ms
[2021-05-03T08:30:45.287+0000][7][gc,marking  ] GC(301) Concurrent Preclean
[2021-05-03T08:30:45.287+0000][7][gc,marking  ] GC(301) Concurrent Preclean 0.208ms
[2021-05-03T08:30:45.287+0000][7][gc,marking  ] GC(301) Concurrent Mark (22587.136s, 22587.215s) 79.196ms
[2021-05-03T08:30:45.287+0000][7][gc,start    ] GC(301) Pause Remark
[2021-05-03T08:30:45.293+0000][7][gc          ] GC(301) Pause Remark 117M->117M(256M) 5.765ms
[2021-05-03T08:30:45.293+0000][7][gc,cpu      ] GC(301) User=0.03s Sys=0.00s Real=0.01s
[2021-05-03T08:30:45.293+0000][7][safepoint   ] Safepoint "G1Concurrent", Time since last: 80839755 ns, Reaching safepoint: 114065 ns, At safepoint: 5871971 ns, Total: 5986036 ns
[2021-05-03T08:30:45.293+0000][7][gc,marking  ] GC(301) Concurrent Rebuild Remembered Sets
[2021-05-03T08:30:45.347+0000][7][gc,marking  ] GC(301) Concurrent Rebuild Remembered Sets 53.959ms
[2021-05-03T08:30:45.347+0000][7][gc,start    ] GC(301) Pause Cleanup
[2021-05-03T08:30:45.348+0000][7][gc          ] GC(301) Pause Cleanup 117M->117M(256M) 0.118ms
[2021-05-03T08:30:45.348+0000][7][gc,cpu      ] GC(301) User=0.00s Sys=0.00s Real=0.00s
[2021-05-03T08:30:45.348+0000][7][safepoint   ] Safepoint "G1Concurrent", Time since last: 54073488 ns, Reaching safepoint: 127302 ns, At safepoint: 160253 ns, Total: 287555 ns
[2021-05-03T08:30:45.348+0000][7][gc,marking  ] GC(301) Concurrent Cleanup for Next Mark
[2021-05-03T08:30:45.348+0000][7][gc,marking  ] GC(301) Concurrent Cleanup for Next Mark 0.176ms
[2021-05-03T08:30:45.348+0000][7][gc          ] GC(301) Concurrent Cycle 141.368ms
[2021-05-03T08:31:49.365+0000][7][safepoint   ] Safepoint "Cleanup", Time since last: 64017105161 ns, Reaching safepoint: 161258 ns, At safepoint: 5643 ns, Total: 166901 ns
[2021-05-03T08:32:57.725+0000][7][gc,start    ] GC(302) Pause Young (Normal) (G1 Evacuation Pause)
[2021-05-03T08:32:57.725+0000][7][gc,task     ] GC(302) Using 6 workers of 8 for evacuation
[2021-05-03T08:32:57.725+0000][7][gc,age      ] GC(302) Desired survivor size 6291456 bytes, new threshold 15 (max threshold 15)
[2021-05-03T08:32:57.726+0000][7][gc,age      ] GC(302) Age table with threshold 15 (max threshold 15)
[2021-05-03T08:32:57.726+0000][7][gc,age      ] GC(302) - age   1:     523056 bytes,     523056 total
[2021-05-03T08:32:57.726+0000][7][gc,age      ] GC(302) - age   2:       1152 bytes,     524208 total
[2021-05-03T08:32:57.726+0000][7][gc,age      ] GC(302) - age   3:        464 bytes,     524672 total
[2021-05-03T08:32:57.726+0000][7][gc,age      ] GC(302) - age   4:     151688 bytes,     676360 total
[2021-05-03T08:32:57.726+0000][7][gc,age      ] GC(302) - age   5:       2760 bytes,     679120 total
[2021-05-03T08:32:57.726+0000][7][gc,age      ] GC(302) - age   6:        400 bytes,     679520 total
[2021-05-03T08:32:57.726+0000][7][gc,age      ] GC(302) - age   7:        240 bytes,     679760 total
[2021-05-03T08:32:57.726+0000][7][gc,age      ] GC(302) - age   9:      10288 bytes,     690048 total
[2021-05-03T08:32:57.726+0000][7][gc,age      ] GC(302) - age  10:        208 bytes,     690256 total
[2021-05-03T08:32:57.726+0000][7][gc,age      ] GC(302) - age  12:       1048 bytes,     691304 total
[2021-05-03T08:32:57.726+0000][7][gc,age      ] GC(302) - age  14:        720 bytes,     692024 total
[2021-05-03T08:32:57.726+0000][7][gc,phases   ] GC(302)   Pre Evacuate Collection Set: 0.0ms
[2021-05-03T08:32:57.726+0000][7][gc,phases   ] GC(302)   Merge Heap Roots: 0.1ms
[2021-05-03T08:32:57.726+0000][7][gc,phases   ] GC(302)   Evacuate Collection Set: 0.8ms
[2021-05-03T08:32:57.726+0000][7][gc,phases   ] GC(302)   Post Evacuate Collection Set: 0.5ms
[2021-05-03T08:32:57.726+0000][7][gc,phases   ] GC(302)   Other: 0.2ms
[2021-05-03T08:32:57.726+0000][7][gc,heap     ] GC(302) Eden regions: 21->0(21)
[2021-05-03T08:32:57.726+0000][7][gc,heap     ] GC(302) Survivor regions: 1->1(3)
[2021-05-03T08:32:57.726+0000][7][gc,heap     ] GC(302) Old regions: 27->27
[2021-05-03T08:32:57.726+0000][7][gc,heap     ] GC(302) Archive regions: 2->2
[2021-05-03T08:32:57.726+0000][7][gc,heap     ] GC(302) Humongous regions: 2->2
[2021-05-03T08:32:57.726+0000][7][gc,metaspace] GC(302) Metaspace: 109330K(114256K)->109330K(114256K) NonClass: 95392K(98972K)->95392K(98972K) Class: 13938K(15284K)->13938K(15284K)
[2021-05-03T08:32:57.726+0000][7][gc          ] GC(302) Pause Young (Normal) (G1 Evacuation Pause) 201M->117M(256M) 1.653ms
[2021-05-03T08:32:57.726+0000][7][gc,cpu      ] GC(302) User=0.01s Sys=0.00s Real=0.00s
[2021-05-03T08:32:57.726+0000][7][safepoint   ] Safepoint "G1CollectForAllocation", Time since last: 68359544750 ns, Reaching safepoint: 185620 ns, At safepoint: 1716413 ns, Total: 1902033 ns
[2021-05-03T08:35:05.207+0000][7][gc,start    ] GC(303) Pause Young (Concurrent Start) (G1 Evacuation Pause)
[2021-05-03T08:35:05.207+0000][7][gc,task     ] GC(303) Using 6 workers of 8 for evacuation
[2021-05-03T08:35:05.207+0000][7][gc,age      ] GC(303) Desired survivor size 6291456 bytes, new threshold 15 (max threshold 15)
[2021-05-03T08:35:05.209+0000][7][gc,age      ] GC(303) Age table with threshold 15 (max threshold 15)
[2021-05-03T08:35:05.209+0000][7][gc,age      ] GC(303) - age   1:     516312 bytes,     516312 total
[2021-05-03T08:35:05.209+0000][7][gc,age      ] GC(303) - age   2:        352 bytes,     516664 total
[2021-05-03T08:35:05.209+0000][7][gc,age      ] GC(303) - age   3:        832 bytes,     517496 total
[2021-05-03T08:35:05.209+0000][7][gc,age      ] GC(303) - age   4:        248 bytes,     517744 total
[2021-05-03T08:35:05.209+0000][7][gc,age      ] GC(303) - age   5:     151408 bytes,     669152 total
[2021-05-03T08:35:05.209+0000][7][gc,age      ] GC(303) - age   6:        264 bytes,     669416 total
[2021-05-03T08:35:05.209+0000][7][gc,age      ] GC(303) - age   7:        400 bytes,     669816 total
[2021-05-03T08:35:05.209+0000][7][gc,age      ] GC(303) - age   8:        144 bytes,     669960 total
[2021-05-03T08:35:05.209+0000][7][gc,age      ] GC(303) - age  10:      10288 bytes,     680248 total
[2021-05-03T08:35:05.209+0000][7][gc,age      ] GC(303) - age  11:        208 bytes,     680456 total
[2021-05-03T08:35:05.209+0000][7][gc,age      ] GC(303) - age  13:       1048 bytes,     681504 total
[2021-05-03T08:35:05.209+0000][7][gc,age      ] GC(303) - age  15:        720 bytes,     682224 total
[2021-05-03T08:35:05.209+0000][7][gc,phases   ] GC(303)   Pre Evacuate Collection Set: 0.1ms
[2021-05-03T08:35:05.209+0000][7][gc,phases   ] GC(303)   Merge Heap Roots: 0.0ms
[2021-05-03T08:35:05.209+0000][7][gc,phases   ] GC(303)   Evacuate Collection Set: 1.1ms
[2021-05-03T08:35:05.209+0000][7][gc,phases   ] GC(303)   Post Evacuate Collection Set: 0.6ms
[2021-05-03T08:35:05.209+0000][7][gc,phases   ] GC(303)   Other: 0.2ms
[2021-05-03T08:35:05.209+0000][7][gc,heap     ] GC(303) Eden regions: 21->0(21)
[2021-05-03T08:35:05.209+0000][7][gc,heap     ] GC(303) Survivor regions: 1->1(3)
[2021-05-03T08:35:05.209+0000][7][gc,heap     ] GC(303) Old regions: 27->27
[2021-05-03T08:35:05.209+0000][7][gc,heap     ] GC(303) Archive regions: 2->2
[2021-05-03T08:35:05.209+0000][7][gc,heap     ] GC(303) Humongous regions: 2->2
[2021-05-03T08:35:05.209+0000][7][gc,metaspace] GC(303) Metaspace: 109331K(114256K)->109331K(114256K) NonClass: 95393K(98972K)->95393K(98972K) Class: 13938K(15284K)->13938K(15284K)
[2021-05-03T08:35:05.209+0000][7][gc          ] GC(303) Pause Young (Concurrent Start) (G1 Evacuation Pause) 201M->117M(256M) 2.117ms
[2021-05-03T08:35:05.210+0000][7][gc,cpu      ] GC(303) User=0.01s Sys=0.00s Real=0.00s
[2021-05-03T08:35:05.210+0000][7][safepoint   ] Safepoint "G1CollectForAllocation", Time since last: 127480885339 ns, Reaching safepoint: 103948 ns, At safepoint: 2215033 ns, Total: 2318981 ns
[2021-05-03T08:35:05.210+0000][7][gc          ] GC(304) Concurrent Cycle
[2021-05-03T08:35:05.210+0000][7][gc,marking  ] GC(304) Concurrent Clear Claimed Marks
[2021-05-03T08:35:05.210+0000][7][gc,marking  ] GC(304) Concurrent Clear Claimed Marks 0.070ms
[2021-05-03T08:35:05.210+0000][7][gc,marking  ] GC(304) Concurrent Scan Root Regions
[2021-05-03T08:35:05.212+0000][7][gc,marking  ] GC(304) Concurrent Scan Root Regions 1.913ms
[2021-05-03T08:35:05.212+0000][7][gc,marking  ] GC(304) Concurrent Mark (22847.139s)
[2021-05-03T08:35:05.212+0000][7][gc,marking  ] GC(304) Concurrent Mark From Roots
[2021-05-03T08:35:05.212+0000][7][gc,task     ] GC(304) Using 2 workers of 2 for marking
[2021-05-03T08:35:05.292+0000][7][gc,marking  ] GC(304) Concurrent Mark From Roots 80.371ms
[2021-05-03T08:35:05.292+0000][7][gc,marking  ] GC(304) Concurrent Preclean
[2021-05-03T08:35:05.292+0000][7][gc,marking  ] GC(304) Concurrent Preclean 0.212ms
[2021-05-03T08:35:05.292+0000][7][gc,marking  ] GC(304) Concurrent Mark (22847.139s, 22847.220s) 80.634ms
[2021-05-03T08:35:05.292+0000][7][gc,start    ] GC(304) Pause Remark
[2021-05-03T08:35:05.300+0000][7][gc          ] GC(304) Pause Remark 119M->119M(256M) 7.305ms
[2021-05-03T08:35:05.300+0000][7][gc,cpu      ] GC(304) User=0.04s Sys=0.00s Real=0.01s
[2021-05-03T08:35:05.300+0000][7][safepoint   ] Safepoint "G1Concurrent", Time since last: 82766132 ns, Reaching safepoint: 159049 ns, At safepoint: 7434046 ns, Total: 7593095 ns
[2021-05-03T08:35:05.300+0000][7][gc,marking  ] GC(304) Concurrent Rebuild Remembered Sets
[2021-05-03T08:35:05.354+0000][7][gc,marking  ] GC(304) Concurrent Rebuild Remembered Sets 53.631ms
[2021-05-03T08:35:05.354+0000][7][gc,start    ] GC(304) Pause Cleanup
[2021-05-03T08:35:05.354+0000][7][gc          ] GC(304) Pause Cleanup 119M->119M(256M) 0.128ms
[2021-05-03T08:35:05.354+0000][7][gc,cpu      ] GC(304) User=0.00s Sys=0.00s Real=0.00s
[2021-05-03T08:35:05.354+0000][7][safepoint   ] Safepoint "G1Concurrent", Time since last: 53720254 ns, Reaching safepoint: 165810 ns, At safepoint: 175505 ns, Total: 341315 ns
[2021-05-03T08:35:05.354+0000][7][gc,marking  ] GC(304) Concurrent Cleanup for Next Mark
[2021-05-03T08:35:05.354+0000][7][gc,marking  ] GC(304) Concurrent Cleanup for Next Mark 0.196ms
[2021-05-03T08:35:05.354+0000][7][gc          ] GC(304) Concurrent Cycle 144.662ms
[2021-05-03T08:35:41.365+0000][7][safepoint   ] Safepoint "Cleanup", Time since last: 36010663010 ns, Reaching safepoint: 111656 ns, At safepoint: 5116 ns, Total: 116772 ns
[2021-05-03T08:36:45.251+0000][7][gc,start    ] GC(305) Pause Young (Normal) (G1 Evacuation Pause)
[2021-05-03T08:36:45.251+0000][7][gc,task     ] GC(305) Using 6 workers of 8 for evacuation
[2021-05-03T08:36:45.251+0000][7][gc,age      ] GC(305) Desired survivor size 6291456 bytes, new threshold 15 (max threshold 15)
[2021-05-03T08:36:45.253+0000][7][gc,age      ] GC(305) Age table with threshold 15 (max threshold 15)
[2021-05-03T08:36:45.253+0000][7][gc,age      ] GC(305) - age   1:     811904 bytes,     811904 total
[2021-05-03T08:36:45.253+0000][7][gc,age      ] GC(305) - age   2:       3176 bytes,     815080 total
[2021-05-03T08:36:45.253+0000][7][gc,age      ] GC(305) - age   3:         48 bytes,     815128 total
[2021-05-03T08:36:45.253+0000][7][gc,age      ] GC(305) - age   4:        512 bytes,     815640 total
[2021-05-03T08:36:45.253+0000][7][gc,age      ] GC(305) - age   5:        160 bytes,     815800 total
[2021-05-03T08:36:45.253+0000][7][gc,age      ] GC(305) - age   6:       2312 bytes,     818112 total
[2021-05-03T08:36:45.253+0000][7][gc,age      ] GC(305) - age   8:        400 bytes,     818512 total
[2021-05-03T08:36:45.253+0000][7][gc,age      ] GC(305) - age   9:        104 bytes,     818616 total
[2021-05-03T08:36:45.253+0000][7][gc,age      ] GC(305) - age  11:       5600 bytes,     824216 total
[2021-05-03T08:36:45.253+0000][7][gc,age      ] GC(305) - age  12:        208 bytes,     824424 total
[2021-05-03T08:36:45.253+0000][7][gc,age      ] GC(305) - age  14:       1048 bytes,     825472 total
[2021-05-03T08:36:45.253+0000][7][gc,phases   ] GC(305)   Pre Evacuate Collection Set: 0.0ms
[2021-05-03T08:36:45.253+0000][7][gc,phases   ] GC(305)   Merge Heap Roots: 0.0ms
[2021-05-03T08:36:45.253+0000][7][gc,phases   ] GC(305)   Evacuate Collection Set: 0.9ms
[2021-05-03T08:36:45.253+0000][7][gc,phases   ] GC(305)   Post Evacuate Collection Set: 0.4ms
[2021-05-03T08:36:45.253+0000][7][gc,phases   ] GC(305)   Other: 0.2ms
[2021-05-03T08:36:45.253+0000][7][gc,heap     ] GC(305) Eden regions: 21->0(21)
[2021-05-03T08:36:45.253+0000][7][gc,heap     ] GC(305) Survivor regions: 1->1(3)
[2021-05-03T08:36:45.253+0000][7][gc,heap     ] GC(305) Old regions: 27->27
[2021-05-03T08:36:45.253+0000][7][gc,heap     ] GC(305) Archive regions: 2->2
[2021-05-03T08:36:45.253+0000][7][gc,heap     ] GC(305) Humongous regions: 2->2
[2021-05-03T08:36:45.253+0000][7][gc,metaspace] GC(305) Metaspace: 109356K(114256K)->109356K(114256K) NonClass: 95417K(98972K)->95417K(98972K) Class: 13938K(15284K)->13938K(15284K)
[2021-05-03T08:36:45.253+0000][7][gc          ] GC(305) Pause Young (Normal) (G1 Evacuation Pause) 201M->117M(256M) 1.618ms
[2021-05-03T08:36:45.253+0000][7][gc,cpu      ] GC(305) User=0.00s Sys=0.00s Real=0.01s
[2021-05-03T08:36:45.253+0000][7][safepoint   ] Safepoint "G1CollectForAllocation", Time since last: 63886285571 ns, Reaching safepoint: 77543 ns, At safepoint: 1683209 ns, Total: 1760752 ns
[2021-05-03T08:38:42.285+0000][7][safepoint   ] Safepoint "Cleanup", Time since last: 117031536608 ns, Reaching safepoint: 177591 ns, At safepoint: 7451 ns, Total: 185042 ns
[2021-05-03T08:38:55.306+0000][7][gc,start    ] GC(306) Pause Young (Concurrent Start) (G1 Evacuation Pause)
[2021-05-03T08:38:55.306+0000][7][gc,task     ] GC(306) Using 6 workers of 8 for evacuation
[2021-05-03T08:38:55.306+0000][7][gc,age      ] GC(306) Desired survivor size 6291456 bytes, new threshold 15 (max threshold 15)
[2021-05-03T08:38:55.307+0000][7][gc,age      ] GC(306) Age table with threshold 15 (max threshold 15)
[2021-05-03T08:38:55.307+0000][7][gc,age      ] GC(306) - age   1:     509664 bytes,     509664 total
[2021-05-03T08:38:55.307+0000][7][gc,age      ] GC(306) - age   2:     303904 bytes,     813568 total
[2021-05-03T08:38:55.307+0000][7][gc,age      ] GC(306) - age   3:       3056 bytes,     816624 total
[2021-05-03T08:38:55.307+0000][7][gc,age      ] GC(306) - age   4:         48 bytes,     816672 total
[2021-05-03T08:38:55.307+0000][7][gc,age      ] GC(306) - age   5:        512 bytes,     817184 total
[2021-05-03T08:38:55.307+0000][7][gc,age      ] GC(306) - age   6:        136 bytes,     817320 total
[2021-05-03T08:38:55.307+0000][7][gc,age      ] GC(306) - age   7:       2312 bytes,     819632 total
[2021-05-03T08:38:55.307+0000][7][gc,age      ] GC(306) - age   9:         40 bytes,     819672 total
[2021-05-03T08:38:55.307+0000][7][gc,age      ] GC(306) - age  10:        104 bytes,     819776 total
[2021-05-03T08:38:55.307+0000][7][gc,age      ] GC(306) - age  12:       5600 bytes,     825376 total
[2021-05-03T08:38:55.307+0000][7][gc,age      ] GC(306) - age  13:        208 bytes,     825584 total
[2021-05-03T08:38:55.307+0000][7][gc,age      ] GC(306) - age  15:       1048 bytes,     826632 total
[2021-05-03T08:38:55.308+0000][7][gc,phases   ] GC(306)   Pre Evacuate Collection Set: 0.1ms
[2021-05-03T08:38:55.308+0000][7][gc,phases   ] GC(306)   Merge Heap Roots: 0.0ms
[2021-05-03T08:38:55.308+0000][7][gc,phases   ] GC(306)   Evacuate Collection Set: 1.0ms
[2021-05-03T08:38:55.308+0000][7][gc,phases   ] GC(306)   Post Evacuate Collection Set: 0.6ms
[2021-05-03T08:38:55.308+0000][7][gc,phases   ] GC(306)   Other: 0.2ms
[2021-05-03T08:38:55.308+0000][7][gc,heap     ] GC(306) Eden regions: 21->0(21)
[2021-05-03T08:38:55.308+0000][7][gc,heap     ] GC(306) Survivor regions: 1->1(3)
[2021-05-03T08:38:55.308+0000][7][gc,heap     ] GC(306) Old regions: 27->27
[2021-05-03T08:38:55.308+0000][7][gc,heap     ] GC(306) Archive regions: 2->2
[2021-05-03T08:38:55.308+0000][7][gc,heap     ] GC(306) Humongous regions: 2->2
[2021-05-03T08:38:55.308+0000][7][gc,metaspace] GC(306) Metaspace: 109390K(114256K)->109390K(114256K) NonClass: 95452K(98972K)->95452K(98972K) Class: 13938K(15284K)->13938K(15284K)
[2021-05-03T08:38:55.308+0000][7][gc          ] GC(306) Pause Young (Concurrent Start) (G1 Evacuation Pause) 201M->117M(256M) 1.943ms
[2021-05-03T08:38:55.308+0000][7][gc,cpu      ] GC(306) User=0.01s Sys=0.01s Real=0.00s
[2021-05-03T08:38:55.308+0000][7][gc          ] GC(307) Concurrent Cycle
[2021-05-03T08:38:55.308+0000][7][safepoint   ] Safepoint "G1CollectForAllocation", Time since last: 13020983975 ns, Reaching safepoint: 112240 ns, At safepoint: 2006027 ns, Total: 2118267 ns
[2021-05-03T08:38:55.308+0000][7][gc,marking  ] GC(307) Concurrent Clear Claimed Marks
[2021-05-03T08:38:55.308+0000][7][gc,marking  ] GC(307) Concurrent Clear Claimed Marks 0.055ms
[2021-05-03T08:38:55.308+0000][7][gc,marking  ] GC(307) Concurrent Scan Root Regions
[2021-05-03T08:38:55.309+0000][7][gc,marking  ] GC(307) Concurrent Scan Root Regions 1.352ms
[2021-05-03T08:38:55.309+0000][7][gc,marking  ] GC(307) Concurrent Mark (23077.237s)
[2021-05-03T08:38:55.309+0000][7][gc,marking  ] GC(307) Concurrent Mark From Roots
[2021-05-03T08:38:55.309+0000][7][gc,task     ] GC(307) Using 2 workers of 2 for marking
[2021-05-03T08:38:55.388+0000][7][gc,marking  ] GC(307) Concurrent Mark From Roots 79.355ms
[2021-05-03T08:38:55.388+0000][7][gc,marking  ] GC(307) Concurrent Preclean
[2021-05-03T08:38:55.389+0000][7][gc,marking  ] GC(307) Concurrent Preclean 0.211ms
[2021-05-03T08:38:55.389+0000][7][gc,marking  ] GC(307) Concurrent Mark (23077.237s, 23077.316s) 79.618ms
[2021-05-03T08:38:55.389+0000][7][gc,start    ] GC(307) Pause Remark
[2021-05-03T08:38:55.394+0000][7][gc          ] GC(307) Pause Remark 118M->118M(256M) 5.439ms
[2021-05-03T08:38:55.394+0000][7][gc,cpu      ] GC(307) User=0.03s Sys=0.00s Real=0.01s
[2021-05-03T08:38:55.394+0000][7][safepoint   ] Safepoint "G1Concurrent", Time since last: 81094621 ns, Reaching safepoint: 150993 ns, At safepoint: 5535372 ns, Total: 5686365 ns
[2021-05-03T08:38:55.394+0000][7][gc,marking  ] GC(307) Concurrent Rebuild Remembered Sets
[2021-05-03T08:38:55.447+0000][7][gc,marking  ] GC(307) Concurrent Rebuild Remembered Sets 52.851ms
[2021-05-03T08:38:55.447+0000][7][gc,start    ] GC(307) Pause Cleanup
[2021-05-03T08:38:55.448+0000][7][gc          ] GC(307) Pause Cleanup 118M->118M(256M) 0.060ms
[2021-05-03T08:38:55.448+0000][7][gc,cpu      ] GC(307) User=0.00s Sys=0.00s Real=0.00s
[2021-05-03T08:38:55.448+0000][7][safepoint   ] Safepoint "G1Concurrent", Time since last: 52931656 ns, Reaching safepoint: 100247 ns, At safepoint: 98758 ns, Total: 199005 ns
[2021-05-03T08:38:55.448+0000][7][gc,marking  ] GC(307) Concurrent Cleanup for Next Mark
[2021-05-03T08:38:55.448+0000][7][gc,marking  ] GC(307) Concurrent Cleanup for Next Mark 0.122ms
[2021-05-03T08:38:55.448+0000][7][gc          ] GC(307) Concurrent Cycle 140.066ms
[2021-05-03T08:39:55.466+0000][7][safepoint   ] Safepoint "Cleanup", Time since last: 60018060032 ns, Reaching safepoint: 125534 ns, At safepoint: 5313 ns, Total: 130847 ns
[2021-05-03T08:41:04.430+0000][7][gc,start    ] GC(308) Pause Young (Normal) (G1 Evacuation Pause)
[2021-05-03T08:41:04.430+0000][7][gc,task     ] GC(308) Using 6 workers of 8 for evacuation
[2021-05-03T08:41:04.430+0000][7][gc,age      ] GC(308) Desired survivor size 6291456 bytes, new threshold 15 (max threshold 15)
[2021-05-03T08:41:04.432+0000][7][gc,age      ] GC(308) Age table with threshold 15 (max threshold 15)
[2021-05-03T08:41:04.432+0000][7][gc,age      ] GC(308) - age   1:     513328 bytes,     513328 total
[2021-05-03T08:41:04.432+0000][7][gc,age      ] GC(308) - age   2:       1952 bytes,     515280 total
[2021-05-03T08:41:04.432+0000][7][gc,age      ] GC(308) - age   3:     182240 bytes,     697520 total
[2021-05-03T08:41:04.432+0000][7][gc,age      ] GC(308) - age   4:       2768 bytes,     700288 total
[2021-05-03T08:41:04.432+0000][7][gc,age      ] GC(308) - age   5:         48 bytes,     700336 total
[2021-05-03T08:41:04.432+0000][7][gc,age      ] GC(308) - age   6:        512 bytes,     700848 total
[2021-05-03T08:41:04.432+0000][7][gc,age      ] GC(308) - age   7:         40 bytes,     700888 total
[2021-05-03T08:41:04.432+0000][7][gc,age      ] GC(308) - age   8:       2312 bytes,     703200 total
[2021-05-03T08:41:04.432+0000][7][gc,age      ] GC(308) - age  11:        104 bytes,     703304 total
[2021-05-03T08:41:04.432+0000][7][gc,age      ] GC(308) - age  13:       5600 bytes,     708904 total
[2021-05-03T08:41:04.432+0000][7][gc,age      ] GC(308) - age  14:        208 bytes,     709112 total
[2021-05-03T08:41:04.432+0000][7][gc,phases   ] GC(308)   Pre Evacuate Collection Set: 0.1ms
[2021-05-03T08:41:04.432+0000][7][gc,phases   ] GC(308)   Merge Heap Roots: 0.1ms
[2021-05-03T08:41:04.432+0000][7][gc,phases   ] GC(308)   Evacuate Collection Set: 0.8ms
[2021-05-03T08:41:04.432+0000][7][gc,phases   ] GC(308)   Post Evacuate Collection Set: 0.5ms
[2021-05-03T08:41:04.432+0000][7][gc,phases   ] GC(308)   Other: 0.2ms
[2021-05-03T08:41:04.432+0000][7][gc,heap     ] GC(308) Eden regions: 21->0(21)
[2021-05-03T08:41:04.432+0000][7][gc,heap     ] GC(308) Survivor regions: 1->1(3)
[2021-05-03T08:41:04.432+0000][7][gc,heap     ] GC(308) Old regions: 27->27
[2021-05-03T08:41:04.432+0000][7][gc,heap     ] GC(308) Archive regions: 2->2
[2021-05-03T08:41:04.432+0000][7][gc,heap     ] GC(308) Humongous regions: 2->2
[2021-05-03T08:41:04.432+0000][7][gc,metaspace] GC(308) Metaspace: 109397K(114256K)->109397K(114256K) NonClass: 95458K(98972K)->95458K(98972K) Class: 13938K(15284K)->13938K(15284K)
[2021-05-03T08:41:04.432+0000][7][gc          ] GC(308) Pause Young (Normal) (G1 Evacuation Pause) 201M->117M(256M) 1.725ms
[2021-05-03T08:41:04.432+0000][7][gc,cpu      ] GC(308) User=0.00s Sys=0.00s Real=0.01s
[2021-05-03T08:41:04.432+0000][7][safepoint   ] Safepoint "G1CollectForAllocation", Time since last: 68964486899 ns, Reaching safepoint: 164183 ns, At safepoint: 1795907 ns, Total: 1960090 ns
[2021-05-03T08:43:19.413+0000][7][gc,start    ] GC(309) Pause Young (Concurrent Start) (G1 Evacuation Pause)
[2021-05-03T08:43:19.413+0000][7][gc,task     ] GC(309) Using 6 workers of 8 for evacuation
[2021-05-03T08:43:19.413+0000][7][gc,age      ] GC(309) Desired survivor size 6291456 bytes, new threshold 15 (max threshold 15)
[2021-05-03T08:43:19.414+0000][7][gc,age      ] GC(309) Age table with threshold 15 (max threshold 15)
[2021-05-03T08:43:19.414+0000][7][gc,age      ] GC(309) - age   1:     306344 bytes,     306344 total
[2021-05-03T08:43:19.414+0000][7][gc,age      ] GC(309) - age   2:        672 bytes,     307016 total
[2021-05-03T08:43:19.414+0000][7][gc,age      ] GC(309) - age   3:       1592 bytes,     308608 total
[2021-05-03T08:43:19.414+0000][7][gc,age      ] GC(309) - age   4:     182040 bytes,     490648 total
[2021-05-03T08:43:19.414+0000][7][gc,age      ] GC(309) - age   5:       2768 bytes,     493416 total
[2021-05-03T08:43:19.414+0000][7][gc,age      ] GC(309) - age   6:         48 bytes,     493464 total
[2021-05-03T08:43:19.415+0000][7][gc,age      ] GC(309) - age   7:        512 bytes,     493976 total
[2021-05-03T08:43:19.415+0000][7][gc,age      ] GC(309) - age   9:       2312 bytes,     496288 total
[2021-05-03T08:43:19.415+0000][7][gc,age      ] GC(309) - age  12:        104 bytes,     496392 total
[2021-05-03T08:43:19.415+0000][7][gc,age      ] GC(309) - age  14:       5600 bytes,     501992 total
[2021-05-03T08:43:19.415+0000][7][gc,age      ] GC(309) - age  15:        208 bytes,     502200 total
[2021-05-03T08:43:19.415+0000][7][gc,phases   ] GC(309)   Pre Evacuate Collection Set: 0.1ms
[2021-05-03T08:43:19.415+0000][7][gc,phases   ] GC(309)   Merge Heap Roots: 0.0ms
[2021-05-03T08:43:19.415+0000][7][gc,phases   ] GC(309)   Evacuate Collection Set: 0.8ms
[2021-05-03T08:43:19.415+0000][7][gc,phases   ] GC(309)   Post Evacuate Collection Set: 0.5ms
[2021-05-03T08:43:19.415+0000][7][gc,phases   ] GC(309)   Other: 0.3ms
[2021-05-03T08:43:19.415+0000][7][gc,heap     ] GC(309) Eden regions: 21->0(21)
[2021-05-03T08:43:19.415+0000][7][gc,heap     ] GC(309) Survivor regions: 1->1(3)
[2021-05-03T08:43:19.415+0000][7][gc,heap     ] GC(309) Old regions: 27->27
[2021-05-03T08:43:19.415+0000][7][gc,heap     ] GC(309) Archive regions: 2->2
[2021-05-03T08:43:19.415+0000][7][gc,heap     ] GC(309) Humongous regions: 2->2
[2021-05-03T08:43:19.415+0000][7][gc,metaspace] GC(309) Metaspace: 109397K(114256K)->109397K(114256K) NonClass: 95458K(98972K)->95458K(98972K) Class: 13938K(15284K)->13938K(15284K)
[2021-05-03T08:43:19.415+0000][7][gc          ] GC(309) Pause Young (Concurrent Start) (G1 Evacuation Pause) 201M->117M(256M) 1.848ms
[2021-05-03T08:43:19.415+0000][7][gc,cpu      ] GC(309) User=0.00s Sys=0.00s Real=0.00s
[2021-05-03T08:43:19.415+0000][7][safepoint   ] Safepoint "G1CollectForAllocation", Time since last: 134980447635 ns, Reaching safepoint: 156670 ns, At safepoint: 1919668 ns, Total: 2076338 ns
[2021-05-03T08:43:19.415+0000][7][gc          ] GC(310) Concurrent Cycle
[2021-05-03T08:43:19.415+0000][7][gc,marking  ] GC(310) Concurrent Clear Claimed Marks
[2021-05-03T08:43:19.415+0000][7][gc,marking  ] GC(310) Concurrent Clear Claimed Marks 0.057ms
[2021-05-03T08:43:19.415+0000][7][gc,marking  ] GC(310) Concurrent Scan Root Regions
[2021-05-03T08:43:19.416+0000][7][gc,marking  ] GC(310) Concurrent Scan Root Regions 1.209ms
[2021-05-03T08:43:19.416+0000][7][gc,marking  ] GC(310) Concurrent Mark (23341.344s)
[2021-05-03T08:43:19.416+0000][7][gc,marking  ] GC(310) Concurrent Mark From Roots
[2021-05-03T08:43:19.416+0000][7][gc,task     ] GC(310) Using 2 workers of 2 for marking
[2021-05-03T08:43:19.497+0000][7][gc,marking  ] GC(310) Concurrent Mark From Roots 81.376ms
[2021-05-03T08:43:19.497+0000][7][gc,marking  ] GC(310) Concurrent Preclean
[2021-05-03T08:43:19.498+0000][7][gc,marking  ] GC(310) Concurrent Preclean 0.214ms
[2021-05-03T08:43:19.498+0000][7][gc,marking  ] GC(310) Concurrent Mark (23341.344s, 23341.425s) 81.639ms
[2021-05-03T08:43:19.498+0000][7][gc,start    ] GC(310) Pause Remark
[2021-05-03T08:43:19.503+0000][7][gc          ] GC(310) Pause Remark 121M->121M(256M) 5.459ms
[2021-05-03T08:43:19.503+0000][7][gc,cpu      ] GC(310) User=0.03s Sys=0.00s Real=0.01s
[2021-05-03T08:43:19.503+0000][7][safepoint   ] Safepoint "G1Concurrent", Time since last: 83036883 ns, Reaching safepoint: 132223 ns, At safepoint: 5552456 ns, Total: 5684679 ns
[2021-05-03T08:43:19.503+0000][7][gc,marking  ] GC(310) Concurrent Rebuild Remembered Sets
[2021-05-03T08:43:19.557+0000][7][gc,marking  ] GC(310) Concurrent Rebuild Remembered Sets 53.089ms
[2021-05-03T08:43:19.557+0000][7][gc,start    ] GC(310) Pause Cleanup
[2021-05-03T08:43:19.557+0000][7][gc          ] GC(310) Pause Cleanup 121M->121M(256M) 0.070ms
[2021-05-03T08:43:19.557+0000][7][gc,cpu      ] GC(310) User=0.00s Sys=0.00s Real=0.00s
[2021-05-03T08:43:19.557+0000][7][safepoint   ] Safepoint "G1Concurrent", Time since last: 53223268 ns, Reaching safepoint: 154178 ns, At safepoint: 110356 ns, Total: 264534 ns
[2021-05-03T08:43:19.557+0000][7][gc,marking  ] GC(310) Concurrent Cleanup for Next Mark
[2021-05-03T08:43:19.557+0000][7][gc,marking  ] GC(310) Concurrent Cleanup for Next Mark 0.171ms
[2021-05-03T08:43:19.557+0000][7][gc          ] GC(310) Concurrent Cycle 142.387ms
[2021-05-03T08:45:19.481+0000][7][gc,start    ] GC(311) Pause Young (Normal) (G1 Evacuation Pause)
[2021-05-03T08:45:19.481+0000][7][gc,task     ] GC(311) Using 6 workers of 8 for evacuation
[2021-05-03T08:45:19.481+0000][7][gc,age      ] GC(311) Desired survivor size 6291456 bytes, new threshold 15 (max threshold 15)
[2021-05-03T08:45:19.483+0000][7][gc,age      ] GC(311) Age table with threshold 15 (max threshold 15)
[2021-05-03T08:45:19.483+0000][7][gc,age      ] GC(311) - age   1:     673632 bytes,     673632 total
[2021-05-03T08:45:19.483+0000][7][gc,age      ] GC(311) - age   2:        848 bytes,     674480 total
[2021-05-03T08:45:19.483+0000][7][gc,age      ] GC(311) - age   3:        304 bytes,     674784 total
[2021-05-03T08:45:19.483+0000][7][gc,age      ] GC(311) - age   4:       1568 bytes,     676352 total
[2021-05-03T08:45:19.483+0000][7][gc,age      ] GC(311) - age   5:     182040 bytes,     858392 total
[2021-05-03T08:45:19.483+0000][7][gc,age      ] GC(311) - age   6:        272 bytes,     858664 total
[2021-05-03T08:45:19.483+0000][7][gc,age      ] GC(311) - age   7:         48 bytes,     858712 total
[2021-05-03T08:45:19.483+0000][7][gc,age      ] GC(311) - age   8:        304 bytes,     859016 total
[2021-05-03T08:45:19.483+0000][7][gc,age      ] GC(311) - age  10:       2312 bytes,     861328 total
[2021-05-03T08:45:19.483+0000][7][gc,age      ] GC(311) - age  13:        104 bytes,     861432 total
[2021-05-03T08:45:19.483+0000][7][gc,age      ] GC(311) - age  15:       5600 bytes,     867032 total
[2021-05-03T08:45:19.483+0000][7][gc,phases   ] GC(311)   Pre Evacuate Collection Set: 0.1ms
[2021-05-03T08:45:19.483+0000][7][gc,phases   ] GC(311)   Merge Heap Roots: 0.0ms
[2021-05-03T08:45:19.483+0000][7][gc,phases   ] GC(311)   Evacuate Collection Set: 0.8ms
[2021-05-03T08:45:19.483+0000][7][gc,phases   ] GC(311)   Post Evacuate Collection Set: 0.4ms
[2021-05-03T08:45:19.483+0000][7][gc,phases   ] GC(311)   Other: 0.2ms
[2021-05-03T08:45:19.483+0000][7][gc,heap     ] GC(311) Eden regions: 21->0(21)
[2021-05-03T08:45:19.483+0000][7][gc,heap     ] GC(311) Survivor regions: 1->1(3)
[2021-05-03T08:45:19.483+0000][7][gc,heap     ] GC(311) Old regions: 27->27
[2021-05-03T08:45:19.483+0000][7][gc,heap     ] GC(311) Archive regions: 2->2
[2021-05-03T08:45:19.483+0000][7][gc,heap     ] GC(311) Humongous regions: 2->2
[2021-05-03T08:45:19.483+0000][7][gc,metaspace] GC(311) Metaspace: 109397K(114256K)->109397K(114256K) NonClass: 95459K(98972K)->95459K(98972K) Class: 13938K(15284K)->13938K(15284K)
[2021-05-03T08:45:19.483+0000][7][gc          ] GC(311) Pause Young (Normal) (G1 Evacuation Pause) 201M->117M(256M) 1.560ms
[2021-05-03T08:45:19.483+0000][7][gc,cpu      ] GC(311) User=0.00s Sys=0.00s Real=0.00s
[2021-05-03T08:45:19.483+0000][7][safepoint   ] Safepoint "G1CollectForAllocation", Time since last: 119924095154 ns, Reaching safepoint: 167860 ns, At safepoint: 1620949 ns, Total: 1788809 ns
[2021-05-03T08:45:41.489+0000][7][safepoint   ] Safepoint "Cleanup", Time since last: 22005735654 ns, Reaching safepoint: 104735 ns, At safepoint: 5760 ns, Total: 110495 ns
[2021-05-03T08:47:02.885+0000][7][gc,start    ] GC(312) Pause Young (Concurrent Start) (G1 Evacuation Pause)
[2021-05-03T08:47:02.885+0000][7][gc,task     ] GC(312) Using 6 workers of 8 for evacuation
[2021-05-03T08:47:02.885+0000][7][gc,age      ] GC(312) Desired survivor size 6291456 bytes, new threshold 15 (max threshold 15)
[2021-05-03T08:47:02.886+0000][7][gc,age      ] GC(312) Age table with threshold 15 (max threshold 15)
[2021-05-03T08:47:02.886+0000][7][gc,age      ] GC(312) - age   1:     774712 bytes,     774712 total
[2021-05-03T08:47:02.886+0000][7][gc,age      ] GC(312) - age   2:       3736 bytes,     778448 total
[2021-05-03T08:47:02.886+0000][7][gc,age      ] GC(312) - age   3:        552 bytes,     779000 total
[2021-05-03T08:47:02.886+0000][7][gc,age      ] GC(312) - age   4:        184 bytes,     779184 total
[2021-05-03T08:47:02.886+0000][7][gc,age      ] GC(312) - age   5:       1520 bytes,     780704 total
[2021-05-03T08:47:02.886+0000][7][gc,age      ] GC(312) - age   6:       6320 bytes,     787024 total
[2021-05-03T08:47:02.886+0000][7][gc,age      ] GC(312) - age   7:        272 bytes,     787296 total
[2021-05-03T08:47:02.886+0000][7][gc,age      ] GC(312) - age   8:         24 bytes,     787320 total
[2021-05-03T08:47:02.886+0000][7][gc,age      ] GC(312) - age   9:        272 bytes,     787592 total
[2021-05-03T08:47:02.886+0000][7][gc,age      ] GC(312) - age  11:       1336 bytes,     788928 total
[2021-05-03T08:47:02.886+0000][7][gc,age      ] GC(312) - age  14:        104 bytes,     789032 total
[2021-05-03T08:47:02.886+0000][7][gc,phases   ] GC(312)   Pre Evacuate Collection Set: 0.1ms
[2021-05-03T08:47:02.886+0000][7][gc,phases   ] GC(312)   Merge Heap Roots: 0.1ms
[2021-05-03T08:47:02.886+0000][7][gc,phases   ] GC(312)   Evacuate Collection Set: 0.9ms
[2021-05-03T08:47:02.886+0000][7][gc,phases   ] GC(312)   Post Evacuate Collection Set: 0.5ms
[2021-05-03T08:47:02.886+0000][7][gc,phases   ] GC(312)   Other: 0.2ms
[2021-05-03T08:47:02.886+0000][7][gc,heap     ] GC(312) Eden regions: 21->0(21)
[2021-05-03T08:47:02.886+0000][7][gc,heap     ] GC(312) Survivor regions: 1->1(3)
[2021-05-03T08:47:02.886+0000][7][gc,heap     ] GC(312) Old regions: 27->27
[2021-05-03T08:47:02.886+0000][7][gc,heap     ] GC(312) Archive regions: 2->2
[2021-05-03T08:47:02.886+0000][7][gc,heap     ] GC(312) Humongous regions: 2->2
[2021-05-03T08:47:02.886+0000][7][gc,metaspace] GC(312) Metaspace: 109400K(114256K)->109400K(114256K) NonClass: 95461K(98972K)->95461K(98972K) Class: 13938K(15284K)->13938K(15284K)
[2021-05-03T08:47:02.886+0000][7][gc          ] GC(312) Pause Young (Concurrent Start) (G1 Evacuation Pause) 201M->117M(256M) 1.878ms
[2021-05-03T08:47:02.886+0000][7][gc,cpu      ] GC(312) User=0.01s Sys=0.00s Real=0.00s
[2021-05-03T08:47:02.886+0000][7][safepoint   ] Safepoint "G1CollectForAllocation", Time since last: 81395746790 ns, Reaching safepoint: 163563 ns, At safepoint: 1950791 ns, Total: 2114354 ns
[2021-05-03T08:47:02.887+0000][7][gc          ] GC(313) Concurrent Cycle
[2021-05-03T08:47:02.887+0000][7][gc,marking  ] GC(313) Concurrent Clear Claimed Marks
[2021-05-03T08:47:02.887+0000][7][gc,marking  ] GC(313) Concurrent Clear Claimed Marks 0.059ms
[2021-05-03T08:47:02.887+0000][7][gc,marking  ] GC(313) Concurrent Scan Root Regions
[2021-05-03T08:47:02.888+0000][7][gc,marking  ] GC(313) Concurrent Scan Root Regions 1.342ms
[2021-05-03T08:47:02.888+0000][7][gc,marking  ] GC(313) Concurrent Mark (23564.816s)
[2021-05-03T08:47:02.888+0000][7][gc,marking  ] GC(313) Concurrent Mark From Roots
[2021-05-03T08:47:02.888+0000][7][gc,task     ] GC(313) Using 2 workers of 2 for marking
[2021-05-03T08:47:02.967+0000][7][gc,marking  ] GC(313) Concurrent Mark From Roots 79.379ms
[2021-05-03T08:47:02.967+0000][7][gc,marking  ] GC(313) Concurrent Preclean
[2021-05-03T08:47:02.968+0000][7][gc,marking  ] GC(313) Concurrent Preclean 0.213ms
[2021-05-03T08:47:02.968+0000][7][gc,marking  ] GC(313) Concurrent Mark (23564.816s, 23564.895s) 79.658ms
[2021-05-03T08:47:02.968+0000][7][gc,start    ] GC(313) Pause Remark
[2021-05-03T08:47:02.974+0000][7][gc          ] GC(313) Pause Remark 117M->117M(256M) 5.730ms
[2021-05-03T08:47:02.974+0000][7][gc,cpu      ] GC(313) User=0.03s Sys=0.00s Real=0.01s
[2021-05-03T08:47:02.974+0000][7][safepoint   ] Safepoint "G1Concurrent", Time since last: 81200399 ns, Reaching safepoint: 113983 ns, At safepoint: 5803407 ns, Total: 5917390 ns
[2021-05-03T08:47:02.974+0000][7][gc,marking  ] GC(313) Concurrent Rebuild Remembered Sets
[2021-05-03T08:47:03.027+0000][7][gc,marking  ] GC(313) Concurrent Rebuild Remembered Sets 52.878ms
[2021-05-03T08:47:03.027+0000][7][gc,start    ] GC(313) Pause Cleanup
[2021-05-03T08:47:03.027+0000][7][gc          ] GC(313) Pause Cleanup 117M->117M(256M) 0.066ms
[2021-05-03T08:47:03.027+0000][7][gc,cpu      ] GC(313) User=0.00s Sys=0.00s Real=0.00s
[2021-05-03T08:47:03.027+0000][7][safepoint   ] Safepoint "G1Concurrent", Time since last: 53021636 ns, Reaching safepoint: 106331 ns, At safepoint: 105196 ns, Total: 211527 ns
[2021-05-03T08:47:03.027+0000][7][gc,marking  ] GC(313) Concurrent Cleanup for Next Mark
[2021-05-03T08:47:03.027+0000][7][gc,marking  ] GC(313) Concurrent Cleanup for Next Mark 0.156ms
[2021-05-03T08:47:03.027+0000][7][gc          ] GC(313) Concurrent Cycle 140.551ms
[2021-05-03T08:49:19.502+0000][7][gc,start    ] GC(314) Pause Young (Normal) (G1 Evacuation Pause)
[2021-05-03T08:49:19.502+0000][7][gc,task     ] GC(314) Using 6 workers of 8 for evacuation
[2021-05-03T08:49:19.502+0000][7][gc,age      ] GC(314) Desired survivor size 6291456 bytes, new threshold 15 (max threshold 15)
[2021-05-03T08:49:19.503+0000][7][gc,age      ] GC(314) Age table with threshold 15 (max threshold 15)
[2021-05-03T08:49:19.503+0000][7][gc,age      ] GC(314) - age   1:     311928 bytes,     311928 total
[2021-05-03T08:49:19.503+0000][7][gc,age      ] GC(314) - age   2:     272584 bytes,     584512 total
[2021-05-03T08:49:19.503+0000][7][gc,age      ] GC(314) - age   3:       3016 bytes,     587528 total
[2021-05-03T08:49:19.503+0000][7][gc,age      ] GC(314) - age   4:        312 bytes,     587840 total
[2021-05-03T08:49:19.503+0000][7][gc,age      ] GC(314) - age   5:        120 bytes,     587960 total
[2021-05-03T08:49:19.503+0000][7][gc,age      ] GC(314) - age   6:       1520 bytes,     589480 total
[2021-05-03T08:49:19.503+0000][7][gc,age      ] GC(314) - age   7:       6280 bytes,     595760 total
[2021-05-03T08:49:19.503+0000][7][gc,age      ] GC(314) - age   8:        176 bytes,     595936 total
[2021-05-03T08:49:19.503+0000][7][gc,age      ] GC(314) - age  10:        272 bytes,     596208 total
[2021-05-03T08:49:19.503+0000][7][gc,age      ] GC(314) - age  12:       1336 bytes,     597544 total
[2021-05-03T08:49:19.503+0000][7][gc,age      ] GC(314) - age  15:        104 bytes,     597648 total
[2021-05-03T08:49:19.503+0000][7][gc,phases   ] GC(314)   Pre Evacuate Collection Set: 0.0ms
[2021-05-03T08:49:19.503+0000][7][gc,phases   ] GC(314)   Merge Heap Roots: 0.0ms
[2021-05-03T08:49:19.503+0000][7][gc,phases   ] GC(314)   Evacuate Collection Set: 0.7ms
[2021-05-03T08:49:19.503+0000][7][gc,phases   ] GC(314)   Post Evacuate Collection Set: 0.6ms
[2021-05-03T08:49:19.503+0000][7][gc,phases   ] GC(314)   Other: 0.2ms
[2021-05-03T08:49:19.503+0000][7][gc,heap     ] GC(314) Eden regions: 21->0(21)
[2021-05-03T08:49:19.503+0000][7][gc,heap     ] GC(314) Survivor regions: 1->1(3)
[2021-05-03T08:49:19.503+0000][7][gc,heap     ] GC(314) Old regions: 27->27
[2021-05-03T08:49:19.503+0000][7][gc,heap     ] GC(314) Archive regions: 2->2
[2021-05-03T08:49:19.503+0000][7][gc,heap     ] GC(314) Humongous regions: 2->2
[2021-05-03T08:49:19.503+0000][7][gc,metaspace] GC(314) Metaspace: 109400K(114256K)->109400K(114256K) NonClass: 95461K(98972K)->95461K(98972K) Class: 13938K(15284K)->13938K(15284K)
[2021-05-03T08:49:19.503+0000][7][gc          ] GC(314) Pause Young (Normal) (G1 Evacuation Pause) 201M->117M(256M) 1.538ms
[2021-05-03T08:49:19.503+0000][7][gc,cpu      ] GC(314) User=0.01s Sys=0.00s Real=0.00s
[2021-05-03T08:49:19.503+0000][7][safepoint   ] Safepoint "G1CollectForAllocation", Time since last: 136474516883 ns, Reaching safepoint: 109179 ns, At safepoint: 1605607 ns, Total: 1714786 ns
[2021-05-03T08:51:19.508+0000][7][gc,start    ] GC(315) Pause Young (Concurrent Start) (G1 Evacuation Pause)
[2021-05-03T08:51:19.508+0000][7][gc,task     ] GC(315) Using 6 workers of 8 for evacuation
[2021-05-03T08:51:19.508+0000][7][gc,age      ] GC(315) Desired survivor size 6291456 bytes, new threshold 15 (max threshold 15)
[2021-05-03T08:51:19.509+0000][7][gc,age      ] GC(315) Age table with threshold 15 (max threshold 15)
[2021-05-03T08:51:19.510+0000][7][gc,age      ] GC(315) - age   1:     508712 bytes,     508712 total
[2021-05-03T08:51:19.510+0000][7][gc,age      ] GC(315) - age   2:        688 bytes,     509400 total
[2021-05-03T08:51:19.510+0000][7][gc,age      ] GC(315) - age   3:     151048 bytes,     660448 total
[2021-05-03T08:51:19.510+0000][7][gc,age      ] GC(315) - age   4:       2728 bytes,     663176 total
[2021-05-03T08:51:19.510+0000][7][gc,age      ] GC(315) - age   5:        312 bytes,     663488 total
[2021-05-03T08:51:19.510+0000][7][gc,age      ] GC(315) - age   6:        120 bytes,     663608 total
[2021-05-03T08:51:19.510+0000][7][gc,age      ] GC(315) - age   7:       1520 bytes,     665128 total
[2021-05-03T08:51:19.510+0000][7][gc,age      ] GC(315) - age   8:       6280 bytes,     671408 total
[2021-05-03T08:51:19.510+0000][7][gc,age      ] GC(315) - age   9:        136 bytes,     671544 total
[2021-05-03T08:51:19.510+0000][7][gc,age      ] GC(315) - age  11:        272 bytes,     671816 total
[2021-05-03T08:51:19.510+0000][7][gc,age      ] GC(315) - age  13:       1336 bytes,     673152 total
[2021-05-03T08:51:19.510+0000][7][gc,phases   ] GC(315)   Pre Evacuate Collection Set: 0.1ms
[2021-05-03T08:51:19.510+0000][7][gc,phases   ] GC(315)   Merge Heap Roots: 0.0ms
[2021-05-03T08:51:19.510+0000][7][gc,phases   ] GC(315)   Evacuate Collection Set: 1.0ms
[2021-05-03T08:51:19.510+0000][7][gc,phases   ] GC(315)   Post Evacuate Collection Set: 0.5ms
[2021-05-03T08:51:19.510+0000][7][gc,phases   ] GC(315)   Other: 0.2ms
[2021-05-03T08:51:19.510+0000][7][gc,heap     ] GC(315) Eden regions: 21->0(21)
[2021-05-03T08:51:19.510+0000][7][gc,heap     ] GC(315) Survivor regions: 1->1(3)
[2021-05-03T08:51:19.510+0000][7][gc,heap     ] GC(315) Old regions: 27->27
[2021-05-03T08:51:19.510+0000][7][gc,heap     ] GC(315) Archive regions: 2->2
[2021-05-03T08:51:19.510+0000][7][gc,heap     ] GC(315) Humongous regions: 2->2
[2021-05-03T08:51:19.510+0000][7][gc,metaspace] GC(315) Metaspace: 109410K(114256K)->109410K(114256K) NonClass: 95472K(98972K)->95472K(98972K) Class: 13938K(15284K)->13938K(15284K)
[2021-05-03T08:51:19.510+0000][7][gc          ] GC(315) Pause Young (Concurrent Start) (G1 Evacuation Pause) 201M->117M(256M) 1.842ms
[2021-05-03T08:51:19.510+0000][7][gc,cpu      ] GC(315) User=0.01s Sys=0.00s Real=0.00s
[2021-05-03T08:51:19.510+0000][7][safepoint   ] Safepoint "G1CollectForAllocation", Time since last: 120004533792 ns, Reaching safepoint: 186666 ns, At safepoint: 1905518 ns, Total: 2092184 ns
[2021-05-03T08:51:19.510+0000][7][gc          ] GC(316) Concurrent Cycle
[2021-05-03T08:51:19.510+0000][7][gc,marking  ] GC(316) Concurrent Clear Claimed Marks
[2021-05-03T08:51:19.510+0000][7][gc,marking  ] GC(316) Concurrent Clear Claimed Marks 0.059ms
[2021-05-03T08:51:19.510+0000][7][gc,marking  ] GC(316) Concurrent Scan Root Regions
[2021-05-03T08:51:19.511+0000][7][gc,marking  ] GC(316) Concurrent Scan Root Regions 1.307ms
[2021-05-03T08:51:19.511+0000][7][gc,marking  ] GC(316) Concurrent Mark (23821.439s)
[2021-05-03T08:51:19.511+0000][7][gc,marking  ] GC(316) Concurrent Mark From Roots
[2021-05-03T08:51:19.511+0000][7][gc,task     ] GC(316) Using 2 workers of 2 for marking
[2021-05-03T08:51:19.591+0000][7][gc,marking  ] GC(316) Concurrent Mark From Roots 79.825ms
[2021-05-03T08:51:19.591+0000][7][gc,marking  ] GC(316) Concurrent Preclean
[2021-05-03T08:51:19.591+0000][7][gc,marking  ] GC(316) Concurrent Preclean 0.215ms
[2021-05-03T08:51:19.591+0000][7][gc,marking  ] GC(316) Concurrent Mark (23821.439s, 23821.519s) 80.101ms
[2021-05-03T08:51:19.591+0000][7][gc,start    ] GC(316) Pause Remark
[2021-05-03T08:51:19.597+0000][7][gc          ] GC(316) Pause Remark 119M->119M(256M) 5.441ms
[2021-05-03T08:51:19.597+0000][7][gc,cpu      ] GC(316) User=0.03s Sys=0.00s Real=0.01s
[2021-05-03T08:51:19.597+0000][7][safepoint   ] Safepoint "G1Concurrent", Time since last: 81603354 ns, Reaching safepoint: 120326 ns, At safepoint: 5518319 ns, Total: 5638645 ns
[2021-05-03T08:51:19.597+0000][7][gc,marking  ] GC(316) Concurrent Rebuild Remembered Sets
[2021-05-03T08:51:19.653+0000][7][gc,marking  ] GC(316) Concurrent Rebuild Remembered Sets 56.261ms
[2021-05-03T08:51:19.653+0000][7][gc,start    ] GC(316) Pause Cleanup
[2021-05-03T08:51:19.654+0000][7][gc          ] GC(316) Pause Cleanup 119M->119M(256M) 0.070ms
[2021-05-03T08:51:19.654+0000][7][gc,cpu      ] GC(316) User=0.00s Sys=0.00s Real=0.00s
[2021-05-03T08:51:19.654+0000][7][safepoint   ] Safepoint "G1Concurrent", Time since last: 56398868 ns, Reaching safepoint: 104890 ns, At safepoint: 111151 ns, Total: 216041 ns
[2021-05-03T08:51:19.654+0000][7][gc,marking  ] GC(316) Concurrent Cleanup for Next Mark
[2021-05-03T08:51:19.654+0000][7][gc,marking  ] GC(316) Concurrent Cleanup for Next Mark 0.150ms
[2021-05-03T08:51:19.654+0000][7][gc          ] GC(316) Concurrent Cycle 144.052ms
[2021-05-03T08:53:35.655+0000][7][gc,start    ] GC(317) Pause Young (Normal) (G1 Evacuation Pause)
[2021-05-03T08:53:35.655+0000][7][gc,task     ] GC(317) Using 6 workers of 8 for evacuation
[2021-05-03T08:53:35.655+0000][7][gc,age      ] GC(317) Desired survivor size 6291456 bytes, new threshold 15 (max threshold 15)
[2021-05-03T08:53:35.656+0000][7][gc,age      ] GC(317) Age table with threshold 15 (max threshold 15)
[2021-05-03T08:53:35.656+0000][7][gc,age      ] GC(317) - age   1:     506864 bytes,     506864 total
[2021-05-03T08:53:35.656+0000][7][gc,age      ] GC(317) - age   2:       1112 bytes,     507976 total
[2021-05-03T08:53:35.656+0000][7][gc,age      ] GC(317) - age   3:        544 bytes,     508520 total
[2021-05-03T08:53:35.656+0000][7][gc,age      ] GC(317) - age   4:     150992 bytes,     659512 total
[2021-05-03T08:53:35.656+0000][7][gc,age      ] GC(317) - age   5:       2704 bytes,     662216 total
[2021-05-03T08:53:35.656+0000][7][gc,age      ] GC(317) - age   6:         72 bytes,     662288 total
[2021-05-03T08:53:35.656+0000][7][gc,age      ] GC(317) - age   7:        120 bytes,     662408 total
[2021-05-03T08:53:35.656+0000][7][gc,age      ] GC(317) - age   8:       1496 bytes,     663904 total
[2021-05-03T08:53:35.656+0000][7][gc,age      ] GC(317) - age   9:       6280 bytes,     670184 total
[2021-05-03T08:53:35.656+0000][7][gc,age      ] GC(317) - age  10:         40 bytes,     670224 total
[2021-05-03T08:53:35.656+0000][7][gc,age      ] GC(317) - age  12:        272 bytes,     670496 total
[2021-05-03T08:53:35.656+0000][7][gc,age      ] GC(317) - age  14:       1336 bytes,     671832 total
[2021-05-03T08:53:35.656+0000][7][gc,phases   ] GC(317)   Pre Evacuate Collection Set: 0.0ms
[2021-05-03T08:53:35.656+0000][7][gc,phases   ] GC(317)   Merge Heap Roots: 0.0ms
[2021-05-03T08:53:35.656+0000][7][gc,phases   ] GC(317)   Evacuate Collection Set: 0.8ms
[2021-05-03T08:53:35.656+0000][7][gc,phases   ] GC(317)   Post Evacuate Collection Set: 0.4ms
[2021-05-03T08:53:35.656+0000][7][gc,phases   ] GC(317)   Other: 0.2ms
[2021-05-03T08:53:35.656+0000][7][gc,heap     ] GC(317) Eden regions: 21->0(21)
[2021-05-03T08:53:35.656+0000][7][gc,heap     ] GC(317) Survivor regions: 1->1(3)
[2021-05-03T08:53:35.656+0000][7][gc,heap     ] GC(317) Old regions: 27->27
[2021-05-03T08:53:35.656+0000][7][gc,heap     ] GC(317) Archive regions: 2->2
[2021-05-03T08:53:35.656+0000][7][gc,heap     ] GC(317) Humongous regions: 2->2
[2021-05-03T08:53:35.656+0000][7][gc,metaspace] GC(317) Metaspace: 109410K(114256K)->109410K(114256K) NonClass: 95472K(98972K)->95472K(98972K) Class: 13938K(15284K)->13938K(15284K)
[2021-05-03T08:53:35.656+0000][7][gc          ] GC(317) Pause Young (Normal) (G1 Evacuation Pause) 201M->117M(256M) 1.572ms
[2021-05-03T08:53:35.656+0000][7][gc,cpu      ] GC(317) User=0.01s Sys=0.00s Real=0.00s
[2021-05-03T08:53:35.656+0000][7][safepoint   ] Safepoint "G1CollectForAllocation", Time since last: 136000803501 ns, Reaching safepoint: 117397 ns, At safepoint: 1631250 ns, Total: 1748647 ns
[2021-05-03T08:53:44.658+0000][7][safepoint   ] Safepoint "Cleanup", Time since last: 9001439592 ns, Reaching safepoint: 163070 ns, At safepoint: 7129 ns, Total: 170199 ns
[2021-05-03T08:55:37.967+0000][7][gc,start    ] GC(318) Pause Young (Concurrent Start) (G1 Evacuation Pause)
[2021-05-03T08:55:37.967+0000][7][gc,task     ] GC(318) Using 6 workers of 8 for evacuation
[2021-05-03T08:55:37.967+0000][7][gc,age      ] GC(318) Desired survivor size 6291456 bytes, new threshold 15 (max threshold 15)
[2021-05-03T08:55:37.969+0000][7][gc,age      ] GC(318) Age table with threshold 15 (max threshold 15)
[2021-05-03T08:55:37.969+0000][7][gc,age      ] GC(318) - age   1:     526352 bytes,     526352 total
[2021-05-03T08:55:37.969+0000][7][gc,age      ] GC(318) - age   2:        472 bytes,     526824 total
[2021-05-03T08:55:37.969+0000][7][gc,age      ] GC(318) - age   3:        400 bytes,     527224 total
[2021-05-03T08:55:37.969+0000][7][gc,age      ] GC(318) - age   4:        520 bytes,     527744 total
[2021-05-03T08:55:37.969+0000][7][gc,age      ] GC(318) - age   5:     150992 bytes,     678736 total
[2021-05-03T08:55:37.969+0000][7][gc,age      ] GC(318) - age   6:        208 bytes,     678944 total
[2021-05-03T08:55:37.969+0000][7][gc,age      ] GC(318) - age   7:         72 bytes,     679016 total
[2021-05-03T08:55:37.969+0000][7][gc,age      ] GC(318) - age   8:        120 bytes,     679136 total
[2021-05-03T08:55:37.969+0000][7][gc,age      ] GC(318) - age   9:       1496 bytes,     680632 total
[2021-05-03T08:55:37.969+0000][7][gc,age      ] GC(318) - age  10:       6280 bytes,     686912 total
[2021-05-03T08:55:37.969+0000][7][gc,age      ] GC(318) - age  11:         40 bytes,     686952 total
[2021-05-03T08:55:37.969+0000][7][gc,age      ] GC(318) - age  13:         80 bytes,     687032 total
[2021-05-03T08:55:37.969+0000][7][gc,age      ] GC(318) - age  15:       1336 bytes,     688368 total
[2021-05-03T08:55:37.969+0000][7][gc,phases   ] GC(318)   Pre Evacuate Collection Set: 0.1ms
[2021-05-03T08:55:37.969+0000][7][gc,phases   ] GC(318)   Merge Heap Roots: 0.0ms
[2021-05-03T08:55:37.969+0000][7][gc,phases   ] GC(318)   Evacuate Collection Set: 0.8ms
[2021-05-03T08:55:37.969+0000][7][gc,phases   ] GC(318)   Post Evacuate Collection Set: 0.5ms
[2021-05-03T08:55:37.969+0000][7][gc,phases   ] GC(318)   Other: 0.2ms
[2021-05-03T08:55:37.969+0000][7][gc,heap     ] GC(318) Eden regions: 21->0(21)
[2021-05-03T08:55:37.969+0000][7][gc,heap     ] GC(318) Survivor regions: 1->1(3)
[2021-05-03T08:55:37.969+0000][7][gc,heap     ] GC(318) Old regions: 27->27
[2021-05-03T08:55:37.969+0000][7][gc,heap     ] GC(318) Archive regions: 2->2
[2021-05-03T08:55:37.969+0000][7][gc,heap     ] GC(318) Humongous regions: 2->2
[2021-05-03T08:55:37.969+0000][7][gc,metaspace] GC(318) Metaspace: 109410K(114256K)->109410K(114256K) NonClass: 95472K(98972K)->95472K(98972K) Class: 13938K(15284K)->13938K(15284K)
[2021-05-03T08:55:37.969+0000][7][gc          ] GC(318) Pause Young (Concurrent Start) (G1 Evacuation Pause) 201M->117M(256M) 1.772ms
[2021-05-03T08:55:37.969+0000][7][gc,cpu      ] GC(318) User=0.01s Sys=0.00s Real=0.00s
[2021-05-03T08:55:37.969+0000][7][safepoint   ] Safepoint "G1CollectForAllocation", Time since last: 113309347401 ns, Reaching safepoint: 149095 ns, At safepoint: 1832467 ns, Total: 1981562 ns
[2021-05-03T08:55:37.969+0000][7][gc          ] GC(319) Concurrent Cycle
[2021-05-03T08:55:37.969+0000][7][gc,marking  ] GC(319) Concurrent Clear Claimed Marks
[2021-05-03T08:55:37.969+0000][7][gc,marking  ] GC(319) Concurrent Clear Claimed Marks 0.047ms
[2021-05-03T08:55:37.969+0000][7][gc,marking  ] GC(319) Concurrent Scan Root Regions
[2021-05-03T08:55:37.971+0000][7][gc,marking  ] GC(319) Concurrent Scan Root Regions 1.398ms
[2021-05-03T08:55:37.971+0000][7][gc,marking  ] GC(319) Concurrent Mark (24079.898s)
[2021-05-03T08:55:37.971+0000][7][gc,marking  ] GC(319) Concurrent Mark From Roots
[2021-05-03T08:55:37.971+0000][7][gc,task     ] GC(319) Using 2 workers of 2 for marking
[2021-05-03T08:55:38.051+0000][7][gc,marking  ] GC(319) Concurrent Mark From Roots 80.235ms
[2021-05-03T08:55:38.051+0000][7][gc,marking  ] GC(319) Concurrent Preclean
[2021-05-03T08:55:38.051+0000][7][gc,marking  ] GC(319) Concurrent Preclean 0.207ms
[2021-05-03T08:55:38.051+0000][7][gc,marking  ] GC(319) Concurrent Mark (24079.898s, 24079.979s) 80.494ms
[2021-05-03T08:55:38.051+0000][7][gc,start    ] GC(319) Pause Remark
[2021-05-03T08:55:38.057+0000][7][gc          ] GC(319) Pause Remark 117M->117M(256M) 5.496ms
[2021-05-03T08:55:38.057+0000][7][gc,cpu      ] GC(319) User=0.03s Sys=0.00s Real=0.01s
[2021-05-03T08:55:38.057+0000][7][safepoint   ] Safepoint "G1Concurrent", Time since last: 82092974 ns, Reaching safepoint: 108182 ns, At safepoint: 5570592 ns, Total: 5678774 ns
[2021-05-03T08:55:38.057+0000][7][gc,marking  ] GC(319) Concurrent Rebuild Remembered Sets
[2021-05-03T08:55:38.112+0000][7][gc,marking  ] GC(319) Concurrent Rebuild Remembered Sets 54.780ms
[2021-05-03T08:55:38.112+0000][7][gc,start    ] GC(319) Pause Cleanup
[2021-05-03T08:55:38.112+0000][7][gc          ] GC(319) Pause Cleanup 117M->117M(256M) 0.081ms
[2021-05-03T08:55:38.112+0000][7][gc,cpu      ] GC(319) User=0.00s Sys=0.00s Real=0.00s
[2021-05-03T08:55:38.112+0000][7][safepoint   ] Safepoint "G1Concurrent", Time since last: 54891745 ns, Reaching safepoint: 100894 ns, At safepoint: 128473 ns, Total: 229367 ns
[2021-05-03T08:55:38.112+0000][7][gc,marking  ] GC(319) Concurrent Cleanup for Next Mark
[2021-05-03T08:55:38.112+0000][7][gc,marking  ] GC(319) Concurrent Cleanup for Next Mark 0.138ms
[2021-05-03T08:55:38.112+0000][7][gc          ] GC(319) Concurrent Cycle 143.042ms
[2021-05-03T08:55:41.113+0000][7][safepoint   ] Safepoint "Cleanup", Time since last: 3000552377 ns, Reaching safepoint: 145048 ns, At safepoint: 6532 ns, Total: 151580 ns
[2021-05-03T08:57:19.528+0000][7][gc,start    ] GC(320) Pause Young (Normal) (G1 Evacuation Pause)
[2021-05-03T08:57:19.528+0000][7][gc,task     ] GC(320) Using 6 workers of 8 for evacuation
[2021-05-03T08:57:19.528+0000][7][gc,age      ] GC(320) Desired survivor size 6291456 bytes, new threshold 15 (max threshold 15)
[2021-05-03T08:57:19.530+0000][7][gc,age      ] GC(320) Age table with threshold 15 (max threshold 15)
[2021-05-03T08:57:19.530+0000][7][gc,age      ] GC(320) - age   1:     897544 bytes,     897544 total
[2021-05-03T08:57:19.530+0000][7][gc,age      ] GC(320) - age   2:       3904 bytes,     901448 total
[2021-05-03T08:57:19.530+0000][7][gc,age      ] GC(320) - age   3:        344 bytes,     901792 total
[2021-05-03T08:57:19.530+0000][7][gc,age      ] GC(320) - age   4:        280 bytes,     902072 total
[2021-05-03T08:57:19.530+0000][7][gc,age      ] GC(320) - age   5:        272 bytes,     902344 total
[2021-05-03T08:57:19.530+0000][7][gc,age      ] GC(320) - age   6:       1896 bytes,     904240 total
[2021-05-03T08:57:19.530+0000][7][gc,age      ] GC(320) - age   7:        208 bytes,     904448 total
[2021-05-03T08:57:19.530+0000][7][gc,age      ] GC(320) - age   8:         72 bytes,     904520 total
[2021-05-03T08:57:19.530+0000][7][gc,age      ] GC(320) - age   9:        120 bytes,     904640 total
[2021-05-03T08:57:19.530+0000][7][gc,age      ] GC(320) - age  10:       1256 bytes,     905896 total
[2021-05-03T08:57:19.530+0000][7][gc,age      ] GC(320) - age  11:       1864 bytes,     907760 total
[2021-05-03T08:57:19.530+0000][7][gc,age      ] GC(320) - age  14:         40 bytes,     907800 total
[2021-05-03T08:57:19.530+0000][7][gc,phases   ] GC(320)   Pre Evacuate Collection Set: 0.0ms
[2021-05-03T08:57:19.530+0000][7][gc,phases   ] GC(320)   Merge Heap Roots: 0.0ms
[2021-05-03T08:57:19.530+0000][7][gc,phases   ] GC(320)   Evacuate Collection Set: 0.8ms
[2021-05-03T08:57:19.530+0000][7][gc,phases   ] GC(320)   Post Evacuate Collection Set: 0.6ms
[2021-05-03T08:57:19.530+0000][7][gc,phases   ] GC(320)   Other: 0.2ms
[2021-05-03T08:57:19.530+0000][7][gc,heap     ] GC(320) Eden regions: 21->0(21)
[2021-05-03T08:57:19.530+0000][7][gc,heap     ] GC(320) Survivor regions: 1->1(3)
[2021-05-03T08:57:19.530+0000][7][gc,heap     ] GC(320) Old regions: 27->27
[2021-05-03T08:57:19.530+0000][7][gc,heap     ] GC(320) Archive regions: 2->2
[2021-05-03T08:57:19.530+0000][7][gc,heap     ] GC(320) Humongous regions: 2->2
[2021-05-03T08:57:19.530+0000][7][gc,metaspace] GC(320) Metaspace: 109430K(114256K)->109430K(114256K) NonClass: 95492K(98972K)->95492K(98972K) Class: 13938K(15284K)->13938K(15284K)
[2021-05-03T08:57:19.530+0000][7][gc          ] GC(320) Pause Young (Normal) (G1 Evacuation Pause) 201M->117M(256M) 1.796ms
[2021-05-03T08:57:19.530+0000][7][gc,cpu      ] GC(320) User=0.01s Sys=0.00s Real=0.00s
[2021-05-03T08:57:19.530+0000][7][safepoint   ] Safepoint "G1CollectForAllocation", Time since last: 98415189038 ns, Reaching safepoint: 200872 ns, At safepoint: 1863927 ns, Total: 2064799 ns
[2021-05-03T08:59:09.560+0000][7][safepoint   ] Safepoint "Cleanup", Time since last: 110030063998 ns, Reaching safepoint: 102199 ns, At safepoint: 6145 ns, Total: 108344 ns
[2021-05-03T08:59:33.023+0000][7][gc,start    ] GC(321) Pause Young (Concurrent Start) (G1 Evacuation Pause)
[2021-05-03T08:59:33.024+0000][7][gc,task     ] GC(321) Using 6 workers of 8 for evacuation
[2021-05-03T08:59:33.024+0000][7][gc,age      ] GC(321) Desired survivor size 6291456 bytes, new threshold 15 (max threshold 15)
[2021-05-03T08:59:33.025+0000][7][gc,age      ] GC(321) Age table with threshold 15 (max threshold 15)
[2021-05-03T08:59:33.025+0000][7][gc,age      ] GC(321) - age   1:     515504 bytes,     515504 total
[2021-05-03T08:59:33.025+0000][7][gc,age      ] GC(321) - age   2:     302496 bytes,     818000 total
[2021-05-03T08:59:33.025+0000][7][gc,age      ] GC(321) - age   3:       3688 bytes,     821688 total
[2021-05-03T08:59:33.025+0000][7][gc,age      ] GC(321) - age   4:         80 bytes,     821768 total
[2021-05-03T08:59:33.025+0000][7][gc,age      ] GC(321) - age   5:        280 bytes,     822048 total
[2021-05-03T08:59:33.025+0000][7][gc,age      ] GC(321) - age   6:        272 bytes,     822320 total
[2021-05-03T08:59:33.025+0000][7][gc,age      ] GC(321) - age   7:       1800 bytes,     824120 total
[2021-05-03T08:59:33.025+0000][7][gc,age      ] GC(321) - age   8:        208 bytes,     824328 total
[2021-05-03T08:59:33.025+0000][7][gc,age      ] GC(321) - age   9:         72 bytes,     824400 total
[2021-05-03T08:59:33.025+0000][7][gc,age      ] GC(321) - age  10:        120 bytes,     824520 total
[2021-05-03T08:59:33.025+0000][7][gc,age      ] GC(321) - age  11:       1256 bytes,     825776 total
[2021-05-03T08:59:33.025+0000][7][gc,age      ] GC(321) - age  12:       1864 bytes,     827640 total
[2021-05-03T08:59:33.025+0000][7][gc,age      ] GC(321) - age  15:         40 bytes,     827680 total
[2021-05-03T08:59:33.025+0000][7][gc,phases   ] GC(321)   Pre Evacuate Collection Set: 0.1ms
[2021-05-03T08:59:33.025+0000][7][gc,phases   ] GC(321)   Merge Heap Roots: 0.0ms
[2021-05-03T08:59:33.025+0000][7][gc,phases   ] GC(321)   Evacuate Collection Set: 0.8ms
[2021-05-03T08:59:33.025+0000][7][gc,phases   ] GC(321)   Post Evacuate Collection Set: 0.4ms
[2021-05-03T08:59:33.025+0000][7][gc,phases   ] GC(321)   Other: 0.2ms
[2021-05-03T08:59:33.025+0000][7][gc,heap     ] GC(321) Eden regions: 21->0(21)
[2021-05-03T08:59:33.025+0000][7][gc,heap     ] GC(321) Survivor regions: 1->1(3)
[2021-05-03T08:59:33.025+0000][7][gc,heap     ] GC(321) Old regions: 27->27
[2021-05-03T08:59:33.025+0000][7][gc,heap     ] GC(321) Archive regions: 2->2
[2021-05-03T08:59:33.025+0000][7][gc,heap     ] GC(321) Humongous regions: 2->2
[2021-05-03T08:59:33.025+0000][7][gc,metaspace] GC(321) Metaspace: 109430K(114256K)->109430K(114256K) NonClass: 95492K(98972K)->95492K(98972K) Class: 13938K(15284K)->13938K(15284K)
[2021-05-03T08:59:33.025+0000][7][gc          ] GC(321) Pause Young (Concurrent Start) (G1 Evacuation Pause) 201M->117M(256M) 1.614ms
[2021-05-03T08:59:33.025+0000][7][gc,cpu      ] GC(321) User=0.00s Sys=0.01s Real=0.00s
[2021-05-03T08:59:33.025+0000][7][safepoint   ] Safepoint "G1CollectForAllocation", Time since last: 23463301998 ns, Reaching safepoint: 79413 ns, At safepoint: 1681111 ns, Total: 1760524 ns
[2021-05-03T08:59:33.025+0000][7][gc          ] GC(322) Concurrent Cycle
[2021-05-03T08:59:33.025+0000][7][gc,marking  ] GC(322) Concurrent Clear Claimed Marks
[2021-05-03T08:59:33.025+0000][7][gc,marking  ] GC(322) Concurrent Clear Claimed Marks 0.059ms
[2021-05-03T08:59:33.025+0000][7][gc,marking  ] GC(322) Concurrent Scan Root Regions
[2021-05-03T08:59:33.027+0000][7][gc,marking  ] GC(322) Concurrent Scan Root Regions 1.406ms
[2021-05-03T08:59:33.027+0000][7][gc,marking  ] GC(322) Concurrent Mark (24314.954s)
[2021-05-03T08:59:33.027+0000][7][gc,marking  ] GC(322) Concurrent Mark From Roots
[2021-05-03T08:59:33.027+0000][7][gc,task     ] GC(322) Using 2 workers of 2 for marking
[2021-05-03T08:59:33.106+0000][7][gc,marking  ] GC(322) Concurrent Mark From Roots 79.030ms
[2021-05-03T08:59:33.106+0000][7][gc,marking  ] GC(322) Concurrent Preclean
[2021-05-03T08:59:33.106+0000][7][gc,marking  ] GC(322) Concurrent Preclean 0.222ms
[2021-05-03T08:59:33.106+0000][7][gc,marking  ] GC(322) Concurrent Mark (24314.954s, 24315.034s) 79.305ms
[2021-05-03T08:59:33.106+0000][7][gc,start    ] GC(322) Pause Remark
[2021-05-03T08:59:33.112+0000][7][gc          ] GC(322) Pause Remark 117M->117M(256M) 5.474ms
[2021-05-03T08:59:33.112+0000][7][gc,cpu      ] GC(322) User=0.03s Sys=0.00s Real=0.00s
[2021-05-03T08:59:33.112+0000][7][safepoint   ] Safepoint "G1Concurrent", Time since last: 80875652 ns, Reaching safepoint: 145111 ns, At safepoint: 5549072 ns, Total: 5694183 ns
[2021-05-03T08:59:33.112+0000][7][gc,marking  ] GC(322) Concurrent Rebuild Remembered Sets
[2021-05-03T08:59:33.165+0000][7][gc,marking  ] GC(322) Concurrent Rebuild Remembered Sets 53.209ms
[2021-05-03T08:59:33.165+0000][7][gc,start    ] GC(322) Pause Cleanup
[2021-05-03T08:59:33.165+0000][7][gc          ] GC(322) Pause Cleanup 117M->117M(256M) 0.063ms
[2021-05-03T08:59:33.165+0000][7][gc,cpu      ] GC(322) User=0.00s Sys=0.00s Real=0.00s
[2021-05-03T08:59:33.165+0000][7][safepoint   ] Safepoint "G1Concurrent", Time since last: 53315419 ns, Reaching safepoint: 87086 ns, At safepoint: 104924 ns, Total: 192010 ns
[2021-05-03T08:59:33.165+0000][7][gc,marking  ] GC(322) Concurrent Cleanup for Next Mark
[2021-05-03T08:59:33.165+0000][7][gc,marking  ] GC(322) Concurrent Cleanup for Next Mark 0.177ms
[2021-05-03T08:59:33.165+0000][7][gc          ] GC(322) Concurrent Cycle 140.330ms
[2021-05-03T09:01:35.935+0000][7][gc,start    ] GC(323) Pause Young (Normal) (G1 Evacuation Pause)
[2021-05-03T09:01:35.935+0000][7][gc,task     ] GC(323) Using 6 workers of 8 for evacuation
[2021-05-03T09:01:35.935+0000][7][gc,age      ] GC(323) Desired survivor size 6291456 bytes, new threshold 15 (max threshold 15)
[2021-05-03T09:01:35.937+0000][7][gc,age      ] GC(323) Age table with threshold 15 (max threshold 15)
[2021-05-03T09:01:35.937+0000][7][gc,age      ] GC(323) - age   1:     522920 bytes,     522920 total
[2021-05-03T09:01:35.937+0000][7][gc,age      ] GC(323) - age   2:        768 bytes,     523688 total
[2021-05-03T09:01:35.937+0000][7][gc,age      ] GC(323) - age   3:     180392 bytes,     704080 total
[2021-05-03T09:01:35.937+0000][7][gc,age      ] GC(323) - age   4:       3520 bytes,     707600 total
[2021-05-03T09:01:35.937+0000][7][gc,age      ] GC(323) - age   5:         56 bytes,     707656 total
[2021-05-03T09:01:35.937+0000][7][gc,age      ] GC(323) - age   6:        160 bytes,     707816 total
[2021-05-03T09:01:35.937+0000][7][gc,age      ] GC(323) - age   7:        272 bytes,     708088 total
[2021-05-03T09:01:35.937+0000][7][gc,age      ] GC(323) - age   8:       1800 bytes,     709888 total
[2021-05-03T09:01:35.937+0000][7][gc,age      ] GC(323) - age  10:         72 bytes,     709960 total
[2021-05-03T09:01:35.937+0000][7][gc,age      ] GC(323) - age  11:        120 bytes,     710080 total
[2021-05-03T09:01:35.937+0000][7][gc,age      ] GC(323) - age  12:       1256 bytes,     711336 total
[2021-05-03T09:01:35.937+0000][7][gc,age      ] GC(323) - age  13:       1864 bytes,     713200 total
[2021-05-03T09:01:35.937+0000][7][gc,phases   ] GC(323)   Pre Evacuate Collection Set: 0.1ms
[2021-05-03T09:01:35.937+0000][7][gc,phases   ] GC(323)   Merge Heap Roots: 0.0ms
[2021-05-03T09:01:35.937+0000][7][gc,phases   ] GC(323)   Evacuate Collection Set: 0.8ms
[2021-05-03T09:01:35.937+0000][7][gc,phases   ] GC(323)   Post Evacuate Collection Set: 0.6ms
[2021-05-03T09:01:35.937+0000][7][gc,phases   ] GC(323)   Other: 0.2ms
[2021-05-03T09:01:35.937+0000][7][gc,heap     ] GC(323) Eden regions: 21->0(21)
[2021-05-03T09:01:35.937+0000][7][gc,heap     ] GC(323) Survivor regions: 1->1(3)
[2021-05-03T09:01:35.937+0000][7][gc,heap     ] GC(323) Old regions: 27->27
[2021-05-03T09:01:35.937+0000][7][gc,heap     ] GC(323) Archive regions: 2->2
[2021-05-03T09:01:35.937+0000][7][gc,heap     ] GC(323) Humongous regions: 2->2
[2021-05-03T09:01:35.937+0000][7][gc,metaspace] GC(323) Metaspace: 109430K(114256K)->109430K(114256K) NonClass: 95492K(98972K)->95492K(98972K) Class: 13938K(15284K)->13938K(15284K)
[2021-05-03T09:01:35.937+0000][7][gc          ] GC(323) Pause Young (Normal) (G1 Evacuation Pause) 201M->117M(256M) 1.786ms
[2021-05-03T09:01:35.937+0000][7][gc,cpu      ] GC(323) User=0.00s Sys=0.00s Real=0.00s
[2021-05-03T09:01:35.937+0000][7][safepoint   ] Safepoint "G1CollectForAllocation", Time since last: 122769888888 ns, Reaching safepoint: 231759 ns, At safepoint: 1848425 ns, Total: 2080184 ns
[2021-05-03T09:02:42.955+0000][7][safepoint   ] Safepoint "Cleanup", Time since last: 67017403661 ns, Reaching safepoint: 132992 ns, At safepoint: 7791 ns, Total: 140783 ns
[2021-05-03T09:03:49.554+0000][7][gc,start    ] GC(324) Pause Young (Concurrent Start) (G1 Evacuation Pause)
[2021-05-03T09:03:49.554+0000][7][gc,task     ] GC(324) Using 6 workers of 8 for evacuation
[2021-05-03T09:03:49.554+0000][7][gc,age      ] GC(324) Desired survivor size 6291456 bytes, new threshold 15 (max threshold 15)
[2021-05-03T09:03:49.556+0000][7][gc,age      ] GC(324) Age table with threshold 15 (max threshold 15)
[2021-05-03T09:03:49.556+0000][7][gc,age      ] GC(324) - age   1:     642680 bytes,     642680 total
[2021-05-03T09:03:49.556+0000][7][gc,age      ] GC(324) - age   2:       1096 bytes,     643776 total
[2021-05-03T09:03:49.556+0000][7][gc,age      ] GC(324) - age   3:        552 bytes,     644328 total
[2021-05-03T09:03:49.556+0000][7][gc,age      ] GC(324) - age   4:     180392 bytes,     824720 total
[2021-05-03T09:03:49.556+0000][7][gc,age      ] GC(324) - age   5:       3320 bytes,     828040 total
[2021-05-03T09:03:49.556+0000][7][gc,age      ] GC(324) - age   6:         56 bytes,     828096 total
[2021-05-03T09:03:49.556+0000][7][gc,age      ] GC(324) - age   7:        160 bytes,     828256 total
[2021-05-03T09:03:49.556+0000][7][gc,age      ] GC(324) - age   8:        176 bytes,     828432 total
[2021-05-03T09:03:49.556+0000][7][gc,age      ] GC(324) - age   9:       1760 bytes,     830192 total
[2021-05-03T09:03:49.556+0000][7][gc,age      ] GC(324) - age  11:         72 bytes,     830264 total
[2021-05-03T09:03:49.556+0000][7][gc,age      ] GC(324) - age  12:        120 bytes,     830384 total
[2021-05-03T09:03:49.556+0000][7][gc,age      ] GC(324) - age  13:       1256 bytes,     831640 total
[2021-05-03T09:03:49.556+0000][7][gc,age      ] GC(324) - age  14:       1864 bytes,     833504 total
[2021-05-03T09:03:49.556+0000][7][gc,phases   ] GC(324)   Pre Evacuate Collection Set: 0.1ms
[2021-05-03T09:03:49.556+0000][7][gc,phases   ] GC(324)   Merge Heap Roots: 0.0ms
[2021-05-03T09:03:49.556+0000][7][gc,phases   ] GC(324)   Evacuate Collection Set: 1.1ms
[2021-05-03T09:03:49.556+0000][7][gc,phases   ] GC(324)   Post Evacuate Collection Set: 0.4ms
[2021-05-03T09:03:49.556+0000][7][gc,phases   ] GC(324)   Other: 0.2ms
[2021-05-03T09:03:49.556+0000][7][gc,heap     ] GC(324) Eden regions: 21->0(21)
[2021-05-03T09:03:49.556+0000][7][gc,heap     ] GC(324) Survivor regions: 1->1(3)
[2021-05-03T09:03:49.556+0000][7][gc,heap     ] GC(324) Old regions: 27->27
[2021-05-03T09:03:49.556+0000][7][gc,heap     ] GC(324) Archive regions: 2->2
[2021-05-03T09:03:49.556+0000][7][gc,heap     ] GC(324) Humongous regions: 2->2
[2021-05-03T09:03:49.556+0000][7][gc,metaspace] GC(324) Metaspace: 109430K(114256K)->109430K(114256K) NonClass: 95492K(98972K)->95492K(98972K) Class: 13938K(15284K)->13938K(15284K)
[2021-05-03T09:03:49.556+0000][7][gc          ] GC(324) Pause Young (Concurrent Start) (G1 Evacuation Pause) 201M->117M(256M) 1.940ms
[2021-05-03T09:03:49.556+0000][7][gc,cpu      ] GC(324) User=0.01s Sys=0.00s Real=0.00s
[2021-05-03T09:03:49.556+0000][7][gc          ] GC(325) Concurrent Cycle
[2021-05-03T09:03:49.556+0000][7][safepoint   ] Safepoint "G1CollectForAllocation", Time since last: 66599228314 ns, Reaching safepoint: 146849 ns, At safepoint: 2036369 ns, Total: 2183218 ns
[2021-05-03T09:03:49.556+0000][7][gc,marking  ] GC(325) Concurrent Clear Claimed Marks
[2021-05-03T09:03:49.556+0000][7][gc,marking  ] GC(325) Concurrent Clear Claimed Marks 0.062ms
[2021-05-03T09:03:49.556+0000][7][gc,marking  ] GC(325) Concurrent Scan Root Regions
[2021-05-03T09:03:49.558+0000][7][gc,marking  ] GC(325) Concurrent Scan Root Regions 2.225ms
[2021-05-03T09:03:49.558+0000][7][gc,marking  ] GC(325) Concurrent Mark (24571.486s)
[2021-05-03T09:03:49.559+0000][7][gc,marking  ] GC(325) Concurrent Mark From Roots
[2021-05-03T09:03:49.559+0000][7][gc,task     ] GC(325) Using 2 workers of 2 for marking
[2021-05-03T09:03:49.640+0000][7][gc,marking  ] GC(325) Concurrent Mark From Roots 81.162ms
[2021-05-03T09:03:49.640+0000][7][gc,marking  ] GC(325) Concurrent Preclean
[2021-05-03T09:03:49.640+0000][7][gc,marking  ] GC(325) Concurrent Preclean 0.232ms
[2021-05-03T09:03:49.640+0000][7][gc,marking  ] GC(325) Concurrent Mark (24571.486s, 24571.568s) 81.449ms
[2021-05-03T09:03:49.640+0000][7][gc,start    ] GC(325) Pause Remark
[2021-05-03T09:03:49.646+0000][7][gc          ] GC(325) Pause Remark 120M->120M(256M) 5.719ms
[2021-05-03T09:03:49.646+0000][7][gc,cpu      ] GC(325) User=0.03s Sys=0.00s Real=0.00s
[2021-05-03T09:03:49.646+0000][7][safepoint   ] Safepoint "G1Concurrent", Time since last: 83824057 ns, Reaching safepoint: 105382 ns, At safepoint: 5793888 ns, Total: 5899270 ns
[2021-05-03T09:03:49.646+0000][7][gc,marking  ] GC(325) Concurrent Rebuild Remembered Sets
[2021-05-03T09:03:49.699+0000][7][gc,marking  ] GC(325) Concurrent Rebuild Remembered Sets 52.716ms
[2021-05-03T09:03:49.699+0000][7][gc,start    ] GC(325) Pause Cleanup
[2021-05-03T09:03:49.699+0000][7][gc          ] GC(325) Pause Cleanup 120M->120M(256M) 0.059ms
[2021-05-03T09:03:49.699+0000][7][gc,cpu      ] GC(325) User=0.00s Sys=0.00s Real=0.00s
[2021-05-03T09:03:49.699+0000][7][safepoint   ] Safepoint "G1Concurrent", Time since last: 52782524 ns, Reaching safepoint: 79782 ns, At safepoint: 96422 ns, Total: 176204 ns
[2021-05-03T09:03:49.699+0000][7][gc,marking  ] GC(325) Concurrent Cleanup for Next Mark
[2021-05-03T09:03:49.699+0000][7][gc,marking  ] GC(325) Concurrent Cleanup for Next Mark 0.125ms
[2021-05-03T09:03:49.699+0000][7][gc          ] GC(325) Concurrent Cycle 142.839ms
[2021-05-03T09:05:14.720+0000][7][safepoint   ] Safepoint "Cleanup", Time since last: 85021429726 ns, Reaching safepoint: 166900 ns, At safepoint: 8458 ns, Total: 175358 ns
[2021-05-03T09:05:40.762+0000][7][gc,start    ] GC(326) Pause Young (Normal) (G1 Evacuation Pause)
[2021-05-03T09:05:40.762+0000][7][gc,task     ] GC(326) Using 6 workers of 8 for evacuation
[2021-05-03T09:05:40.762+0000][7][gc,age      ] GC(326) Desired survivor size 6291456 bytes, new threshold 15 (max threshold 15)
[2021-05-03T09:05:40.764+0000][7][gc,age      ] GC(326) Age table with threshold 15 (max threshold 15)
[2021-05-03T09:05:40.764+0000][7][gc,age      ] GC(326) - age   1:     744808 bytes,     744808 total
[2021-05-03T09:05:40.764+0000][7][gc,age      ] GC(326) - age   2:       1120 bytes,     745928 total
[2021-05-03T09:05:40.764+0000][7][gc,age      ] GC(326) - age   3:        536 bytes,     746464 total
[2021-05-03T09:05:40.764+0000][7][gc,age      ] GC(326) - age   4:        192 bytes,     746656 total
[2021-05-03T09:05:40.764+0000][7][gc,age      ] GC(326) - age   5:      94040 bytes,     840696 total
[2021-05-03T09:05:40.764+0000][7][gc,age      ] GC(326) - age   6:        824 bytes,     841520 total
[2021-05-03T09:05:40.764+0000][7][gc,age      ] GC(326) - age   7:         56 bytes,     841576 total
[2021-05-03T09:05:40.764+0000][7][gc,age      ] GC(326) - age   8:        136 bytes,     841712 total
[2021-05-03T09:05:40.764+0000][7][gc,age      ] GC(326) - age   9:         40 bytes,     841752 total
[2021-05-03T09:05:40.764+0000][7][gc,age      ] GC(326) - age  10:       1328 bytes,     843080 total
[2021-05-03T09:05:40.764+0000][7][gc,age      ] GC(326) - age  12:         72 bytes,     843152 total
[2021-05-03T09:05:40.764+0000][7][gc,age      ] GC(326) - age  13:        120 bytes,     843272 total
[2021-05-03T09:05:40.764+0000][7][gc,age      ] GC(326) - age  14:       1256 bytes,     844528 total
[2021-05-03T09:05:40.764+0000][7][gc,age      ] GC(326) - age  15:       1592 bytes,     846120 total
[2021-05-03T09:05:40.764+0000][7][gc,phases   ] GC(326)   Pre Evacuate Collection Set: 0.0ms
[2021-05-03T09:05:40.764+0000][7][gc,phases   ] GC(326)   Merge Heap Roots: 0.0ms
[2021-05-03T09:05:40.764+0000][7][gc,phases   ] GC(326)   Evacuate Collection Set: 0.9ms
[2021-05-03T09:05:40.764+0000][7][gc,phases   ] GC(326)   Post Evacuate Collection Set: 0.4ms
[2021-05-03T09:05:40.764+0000][7][gc,phases   ] GC(326)   Other: 0.2ms
[2021-05-03T09:05:40.764+0000][7][gc,heap     ] GC(326) Eden regions: 21->0(21)
[2021-05-03T09:05:40.764+0000][7][gc,heap     ] GC(326) Survivor regions: 1->1(3)
[2021-05-03T09:05:40.764+0000][7][gc,heap     ] GC(326) Old regions: 27->27
[2021-05-03T09:05:40.764+0000][7][gc,heap     ] GC(326) Archive regions: 2->2
[2021-05-03T09:05:40.764+0000][7][gc,heap     ] GC(326) Humongous regions: 2->2
[2021-05-03T09:05:40.764+0000][7][gc,metaspace] GC(326) Metaspace: 109431K(114256K)->109431K(114256K) NonClass: 95493K(98972K)->95493K(98972K) Class: 13938K(15284K)->13938K(15284K)
[2021-05-03T09:05:40.764+0000][7][gc          ] GC(326) Pause Young (Normal) (G1 Evacuation Pause) 201M->117M(256M) 1.733ms
[2021-05-03T09:05:40.764+0000][7][gc,cpu      ] GC(326) User=0.01s Sys=0.00s Real=0.00s
[2021-05-03T09:05:40.764+0000][7][safepoint   ] Safepoint "G1CollectForAllocation", Time since last: 26041688219 ns, Reaching safepoint: 93773 ns, At safepoint: 1802497 ns, Total: 1896270 ns
[2021-05-03T09:05:41.764+0000][7][safepoint   ] Safepoint "Cleanup", Time since last: 1000146490 ns, Reaching safepoint: 105896 ns, At safepoint: 5076 ns, Total: 110972 ns
[2021-05-03T09:07:23.794+0000][7][safepoint   ] Safepoint "Cleanup", Time since last: 102030010756 ns, Reaching safepoint: 82980 ns, At safepoint: 6032 ns, Total: 89012 ns
[2021-05-03T09:07:35.939+0000][7][gc,start    ] GC(327) Pause Young (Concurrent Start) (G1 Evacuation Pause)
[2021-05-03T09:07:35.939+0000][7][gc,task     ] GC(327) Using 6 workers of 8 for evacuation
[2021-05-03T09:07:35.939+0000][7][gc,age      ] GC(327) Desired survivor size 6291456 bytes, new threshold 15 (max threshold 15)
[2021-05-03T09:07:35.941+0000][7][gc,age      ] GC(327) Age table with threshold 15 (max threshold 15)
[2021-05-03T09:07:35.941+0000][7][gc,age      ] GC(327) - age   1:     631752 bytes,     631752 total
[2021-05-03T09:07:35.941+0000][7][gc,age      ] GC(327) - age   2:     157752 bytes,     789504 total
[2021-05-03T09:07:35.941+0000][7][gc,age      ] GC(327) - age   3:        360 bytes,     789864 total
[2021-05-03T09:07:35.941+0000][7][gc,age      ] GC(327) - age   4:        512 bytes,     790376 total
[2021-05-03T09:07:35.941+0000][7][gc,age      ] GC(327) - age   5:        192 bytes,     790568 total
[2021-05-03T09:07:35.941+0000][7][gc,age      ] GC(327) - age   6:       5408 bytes,     795976 total
[2021-05-03T09:07:35.941+0000][7][gc,age      ] GC(327) - age   7:        824 bytes,     796800 total
[2021-05-03T09:07:35.941+0000][7][gc,age      ] GC(327) - age   8:         56 bytes,     796856 total
[2021-05-03T09:07:35.941+0000][7][gc,age      ] GC(327) - age   9:        136 bytes,     796992 total
[2021-05-03T09:07:35.941+0000][7][gc,age      ] GC(327) - age  10:         40 bytes,     797032 total
[2021-05-03T09:07:35.941+0000][7][gc,age      ] GC(327) - age  11:        784 bytes,     797816 total
[2021-05-03T09:07:35.941+0000][7][gc,age      ] GC(327) - age  13:         72 bytes,     797888 total
[2021-05-03T09:07:35.941+0000][7][gc,age      ] GC(327) - age  14:        120 bytes,     798008 total
[2021-05-03T09:07:35.941+0000][7][gc,age      ] GC(327) - age  15:       1256 bytes,     799264 total
[2021-05-03T09:07:35.941+0000][7][gc,phases   ] GC(327)   Pre Evacuate Collection Set: 0.1ms
[2021-05-03T09:07:35.941+0000][7][gc,phases   ] GC(327)   Merge Heap Roots: 0.0ms
[2021-05-03T09:07:35.941+0000][7][gc,phases   ] GC(327)   Evacuate Collection Set: 0.8ms
[2021-05-03T09:07:35.941+0000][7][gc,phases   ] GC(327)   Post Evacuate Collection Set: 0.6ms
[2021-05-03T09:07:35.941+0000][7][gc,phases   ] GC(327)   Other: 0.2ms
[2021-05-03T09:07:35.941+0000][7][gc,heap     ] GC(327) Eden regions: 21->0(21)
[2021-05-03T09:07:35.941+0000][7][gc,heap     ] GC(327) Survivor regions: 1->1(3)
[2021-05-03T09:07:35.941+0000][7][gc,heap     ] GC(327) Old regions: 27->27
[2021-05-03T09:07:35.941+0000][7][gc,heap     ] GC(327) Archive regions: 2->2
[2021-05-03T09:07:35.941+0000][7][gc,heap     ] GC(327) Humongous regions: 2->2
[2021-05-03T09:07:35.941+0000][7][gc,metaspace] GC(327) Metaspace: 109437K(114256K)->109437K(114256K) NonClass: 95498K(98972K)->95498K(98972K) Class: 13938K(15284K)->13938K(15284K)
[2021-05-03T09:07:35.941+0000][7][gc          ] GC(327) Pause Young (Concurrent Start) (G1 Evacuation Pause) 201M->117M(256M) 1.872ms
[2021-05-03T09:07:35.941+0000][7][gc,cpu      ] GC(327) User=0.01s Sys=0.00s Real=0.01s
[2021-05-03T09:07:35.941+0000][7][safepoint   ] Safepoint "G1CollectForAllocation", Time since last: 12144219238 ns, Reaching safepoint: 224728 ns, At safepoint: 1941424 ns, Total: 2166152 ns
[2021-05-03T09:07:35.941+0000][7][gc          ] GC(328) Concurrent Cycle
[2021-05-03T09:07:35.941+0000][7][gc,marking  ] GC(328) Concurrent Clear Claimed Marks
[2021-05-03T09:07:35.941+0000][7][gc,marking  ] GC(328) Concurrent Clear Claimed Marks 0.057ms
[2021-05-03T09:07:35.941+0000][7][gc,marking  ] GC(328) Concurrent Scan Root Regions
[2021-05-03T09:07:35.942+0000][7][gc,marking  ] GC(328) Concurrent Scan Root Regions 1.468ms
[2021-05-03T09:07:35.942+0000][7][gc,marking  ] GC(328) Concurrent Mark (24797.870s)
[2021-05-03T09:07:35.942+0000][7][gc,marking  ] GC(328) Concurrent Mark From Roots
[2021-05-03T09:07:35.942+0000][7][gc,task     ] GC(328) Using 2 workers of 2 for marking
[2021-05-03T09:07:36.022+0000][7][gc,marking  ] GC(328) Concurrent Mark From Roots 79.921ms
[2021-05-03T09:07:36.022+0000][7][gc,marking  ] GC(328) Concurrent Preclean
[2021-05-03T09:07:36.023+0000][7][gc,marking  ] GC(328) Concurrent Preclean 0.218ms
[2021-05-03T09:07:36.023+0000][7][gc,marking  ] GC(328) Concurrent Mark (24797.870s, 24797.950s) 80.189ms
[2021-05-03T09:07:36.023+0000][7][gc,start    ] GC(328) Pause Remark
[2021-05-03T09:07:36.028+0000][7][gc          ] GC(328) Pause Remark 119M->119M(256M) 5.541ms
[2021-05-03T09:07:36.028+0000][7][gc,cpu      ] GC(328) User=0.03s Sys=0.00s Real=0.00s
[2021-05-03T09:07:36.028+0000][7][safepoint   ] Safepoint "G1Concurrent", Time since last: 81841342 ns, Reaching safepoint: 154711 ns, At safepoint: 5617462 ns, Total: 5772173 ns
[2021-05-03T09:07:36.028+0000][7][gc,marking  ] GC(328) Concurrent Rebuild Remembered Sets
[2021-05-03T09:07:36.081+0000][7][gc,marking  ] GC(328) Concurrent Rebuild Remembered Sets 52.764ms
[2021-05-03T09:07:36.081+0000][7][gc,start    ] GC(328) Pause Cleanup
[2021-05-03T09:07:36.081+0000][7][gc          ] GC(328) Pause Cleanup 119M->119M(256M) 0.073ms
[2021-05-03T09:07:36.081+0000][7][gc,cpu      ] GC(328) User=0.00s Sys=0.00s Real=0.00s
[2021-05-03T09:07:36.081+0000][7][safepoint   ] Safepoint "G1Concurrent", Time since last: 52910703 ns, Reaching safepoint: 81585 ns, At safepoint: 114792 ns, Total: 196377 ns
[2021-05-03T09:07:36.082+0000][7][gc,marking  ] GC(328) Concurrent Cleanup for Next Mark
[2021-05-03T09:07:36.082+0000][7][gc,marking  ] GC(328) Concurrent Cleanup for Next Mark 0.145ms
[2021-05-03T09:07:36.082+0000][7][gc          ] GC(328) Concurrent Cycle 140.938ms
[2021-05-03T09:09:42.760+0000][7][gc,start    ] GC(329) Pause Young (Normal) (G1 Evacuation Pause)
[2021-05-03T09:09:42.760+0000][7][gc,task     ] GC(329) Using 6 workers of 8 for evacuation
[2021-05-03T09:09:42.760+0000][7][gc,age      ] GC(329) Desired survivor size 6291456 bytes, new threshold 15 (max threshold 15)
[2021-05-03T09:09:42.762+0000][7][gc,age      ] GC(329) Age table with threshold 15 (max threshold 15)
[2021-05-03T09:09:42.762+0000][7][gc,age      ] GC(329) - age   1:     519728 bytes,     519728 total
[2021-05-03T09:09:42.762+0000][7][gc,age      ] GC(329) - age   2:     118360 bytes,     638088 total
[2021-05-03T09:09:42.762+0000][7][gc,age      ] GC(329) - age   3:     126376 bytes,     764464 total
[2021-05-03T09:09:42.762+0000][7][gc,age      ] GC(329) - age   4:        360 bytes,     764824 total
[2021-05-03T09:09:42.762+0000][7][gc,age      ] GC(329) - age   5:        392 bytes,     765216 total
[2021-05-03T09:09:42.762+0000][7][gc,age      ] GC(329) - age   6:        168 bytes,     765384 total
[2021-05-03T09:09:42.762+0000][7][gc,age      ] GC(329) - age   7:       5408 bytes,     770792 total
[2021-05-03T09:09:42.762+0000][7][gc,age      ] GC(329) - age   8:        800 bytes,     771592 total
[2021-05-03T09:09:42.762+0000][7][gc,age      ] GC(329) - age   9:         32 bytes,     771624 total
[2021-05-03T09:09:42.762+0000][7][gc,age      ] GC(329) - age  10:        136 bytes,     771760 total
[2021-05-03T09:09:42.762+0000][7][gc,age      ] GC(329) - age  12:        784 bytes,     772544 total
[2021-05-03T09:09:42.762+0000][7][gc,age      ] GC(329) - age  14:         72 bytes,     772616 total
[2021-05-03T09:09:42.762+0000][7][gc,age      ] GC(329) - age  15:        120 bytes,     772736 total
[2021-05-03T09:09:42.762+0000][7][gc,phases   ] GC(329)   Pre Evacuate Collection Set: 0.1ms
[2021-05-03T09:09:42.762+0000][7][gc,phases   ] GC(329)   Merge Heap Roots: 0.1ms
[2021-05-03T09:09:42.762+0000][7][gc,phases   ] GC(329)   Evacuate Collection Set: 0.9ms
[2021-05-03T09:09:42.762+0000][7][gc,phases   ] GC(329)   Post Evacuate Collection Set: 0.6ms
[2021-05-03T09:09:42.762+0000][7][gc,phases   ] GC(329)   Other: 0.2ms
[2021-05-03T09:09:42.762+0000][7][gc,heap     ] GC(329) Eden regions: 21->0(21)
[2021-05-03T09:09:42.762+0000][7][gc,heap     ] GC(329) Survivor regions: 1->1(3)
[2021-05-03T09:09:42.762+0000][7][gc,heap     ] GC(329) Old regions: 27->27
[2021-05-03T09:09:42.762+0000][7][gc,heap     ] GC(329) Archive regions: 2->2
[2021-05-03T09:09:42.762+0000][7][gc,heap     ] GC(329) Humongous regions: 2->2
[2021-05-03T09:09:42.762+0000][7][gc,metaspace] GC(329) Metaspace: 109437K(114256K)->109437K(114256K) NonClass: 95498K(98972K)->95498K(98972K) Class: 13938K(15284K)->13938K(15284K)
[2021-05-03T09:09:42.762+0000][7][gc          ] GC(329) Pause Young (Normal) (G1 Evacuation Pause) 201M->117M(256M) 2.006ms
[2021-05-03T09:09:42.762+0000][7][gc,cpu      ] GC(329) User=0.01s Sys=0.00s Real=0.00s
[2021-05-03T09:09:42.762+0000][7][safepoint   ] Safepoint "G1CollectForAllocation", Time since last: 126678684974 ns, Reaching safepoint: 192193 ns, At safepoint: 2071585 ns, Total: 2263778 ns
[2021-05-03T09:11:50.661+0000][7][gc,start    ] GC(330) Pause Young (Concurrent Start) (G1 Evacuation Pause)
[2021-05-03T09:11:50.661+0000][7][gc,task     ] GC(330) Using 6 workers of 8 for evacuation
[2021-05-03T09:11:50.661+0000][7][gc,age      ] GC(330) Desired survivor size 6291456 bytes, new threshold 15 (max threshold 15)
[2021-05-03T09:11:50.662+0000][7][gc,age      ] GC(330) Age table with threshold 15 (max threshold 15)
[2021-05-03T09:11:50.662+0000][7][gc,age      ] GC(330) - age   1:     520112 bytes,     520112 total
[2021-05-03T09:11:50.662+0000][7][gc,age      ] GC(330) - age   2:        360 bytes,     520472 total
[2021-05-03T09:11:50.662+0000][7][gc,age      ] GC(330) - age   3:     117728 bytes,     638200 total
[2021-05-03T09:11:50.662+0000][7][gc,age      ] GC(330) - age   4:      36568 bytes,     674768 total
[2021-05-03T09:11:50.662+0000][7][gc,age      ] GC(330) - age   5:        360 bytes,     675128 total
[2021-05-03T09:11:50.662+0000][7][gc,age      ] GC(330) - age   6:        248 bytes,     675376 total
[2021-05-03T09:11:50.662+0000][7][gc,age      ] GC(330) - age   7:        168 bytes,     675544 total
[2021-05-03T09:11:50.662+0000][7][gc,age      ] GC(330) - age   8:       5408 bytes,     680952 total
[2021-05-03T09:11:50.662+0000][7][gc,age      ] GC(330) - age   9:        800 bytes,     681752 total
[2021-05-03T09:11:50.662+0000][7][gc,age      ] GC(330) - age  10:         32 bytes,     681784 total
[2021-05-03T09:11:50.662+0000][7][gc,age      ] GC(330) - age  11:        136 bytes,     681920 total
[2021-05-03T09:11:50.662+0000][7][gc,age      ] GC(330) - age  13:        784 bytes,     682704 total
[2021-05-03T09:11:50.662+0000][7][gc,age      ] GC(330) - age  15:         72 bytes,     682776 total
[2021-05-03T09:11:50.662+0000][7][gc,phases   ] GC(330)   Pre Evacuate Collection Set: 0.1ms
[2021-05-03T09:11:50.662+0000][7][gc,phases   ] GC(330)   Merge Heap Roots: 0.0ms
[2021-05-03T09:11:50.662+0000][7][gc,phases   ] GC(330)   Evacuate Collection Set: 0.7ms
[2021-05-03T09:11:50.662+0000][7][gc,phases   ] GC(330)   Post Evacuate Collection Set: 0.5ms
[2021-05-03T09:11:50.663+0000][7][gc,phases   ] GC(330)   Other: 0.2ms
[2021-05-03T09:11:50.663+0000][7][gc,heap     ] GC(330) Eden regions: 21->0(21)
[2021-05-03T09:11:50.663+0000][7][gc,heap     ] GC(330) Survivor regions: 1->1(3)
[2021-05-03T09:11:50.663+0000][7][gc,heap     ] GC(330) Old regions: 27->27
[2021-05-03T09:11:50.663+0000][7][gc,heap     ] GC(330) Archive regions: 2->2
[2021-05-03T09:11:50.663+0000][7][gc,heap     ] GC(330) Humongous regions: 2->2
[2021-05-03T09:11:50.663+0000][7][gc,metaspace] GC(330) Metaspace: 109437K(114256K)->109437K(114256K) NonClass: 95498K(98972K)->95498K(98972K) Class: 13938K(15284K)->13938K(15284K)
[2021-05-03T09:11:50.663+0000][7][gc          ] GC(330) Pause Young (Concurrent Start) (G1 Evacuation Pause) 201M->117M(256M) 1.629ms
[2021-05-03T09:11:50.663+0000][7][gc,cpu      ] GC(330) User=0.01s Sys=0.00s Real=0.00s
[2021-05-03T09:11:50.663+0000][7][safepoint   ] Safepoint "G1CollectForAllocation", Time since last: 127898377224 ns, Reaching safepoint: 100813 ns, At safepoint: 1688568 ns, Total: 1789381 ns
[2021-05-03T09:11:50.663+0000][7][gc          ] GC(331) Concurrent Cycle
[2021-05-03T09:11:50.663+0000][7][gc,marking  ] GC(331) Concurrent Clear Claimed Marks
[2021-05-03T09:11:50.663+0000][7][gc,marking  ] GC(331) Concurrent Clear Claimed Marks 0.046ms
[2021-05-03T09:11:50.663+0000][7][gc,marking  ] GC(331) Concurrent Scan Root Regions
[2021-05-03T09:11:50.664+0000][7][gc,marking  ] GC(331) Concurrent Scan Root Regions 1.433ms
[2021-05-03T09:11:50.664+0000][7][gc,marking  ] GC(331) Concurrent Mark (25052.592s)
[2021-05-03T09:11:50.664+0000][7][gc,marking  ] GC(331) Concurrent Mark From Roots
[2021-05-03T09:11:50.664+0000][7][gc,task     ] GC(331) Using 2 workers of 2 for marking
[2021-05-03T09:11:50.743+0000][7][gc,marking  ] GC(331) Concurrent Mark From Roots 79.303ms
[2021-05-03T09:11:50.743+0000][7][gc,marking  ] GC(331) Concurrent Preclean
[2021-05-03T09:11:50.744+0000][7][gc,marking  ] GC(331) Concurrent Preclean 0.214ms
[2021-05-03T09:11:50.744+0000][7][gc,marking  ] GC(331) Concurrent Mark (25052.592s, 25052.671s) 79.567ms
[2021-05-03T09:11:50.744+0000][7][gc,start    ] GC(331) Pause Remark
[2021-05-03T09:11:50.750+0000][7][gc          ] GC(331) Pause Remark 117M->117M(256M) 5.660ms
[2021-05-03T09:11:50.750+0000][7][gc,cpu      ] GC(331) User=0.04s Sys=0.00s Real=0.00s
[2021-05-03T09:11:50.750+0000][7][safepoint   ] Safepoint "G1Concurrent", Time since last: 81215511 ns, Reaching safepoint: 115983 ns, At safepoint: 5743551 ns, Total: 5859534 ns
[2021-05-03T09:11:50.750+0000][7][gc,marking  ] GC(331) Concurrent Rebuild Remembered Sets
[2021-05-03T09:11:50.803+0000][7][gc,marking  ] GC(331) Concurrent Rebuild Remembered Sets 53.137ms
[2021-05-03T09:11:50.803+0000][7][gc,start    ] GC(331) Pause Cleanup
[2021-05-03T09:11:50.803+0000][7][gc          ] GC(331) Pause Cleanup 117M->117M(256M) 0.063ms
[2021-05-03T09:11:50.803+0000][7][gc,cpu      ] GC(331) User=0.00s Sys=0.00s Real=0.00s
[2021-05-03T09:11:50.803+0000][7][safepoint   ] Safepoint "G1Concurrent", Time since last: 53246263 ns, Reaching safepoint: 69802 ns, At safepoint: 104786 ns, Total: 174588 ns
[2021-05-03T09:11:50.803+0000][7][gc,marking  ] GC(331) Concurrent Cleanup for Next Mark
[2021-05-03T09:11:50.803+0000][7][gc,marking  ] GC(331) Concurrent Cleanup for Next Mark 0.158ms
[2021-05-03T09:11:50.803+0000][7][gc          ] GC(331) Concurrent Cycle 140.691ms
[2021-05-03T09:14:05.945+0000][7][gc,start    ] GC(332) Pause Young (Normal) (G1 Evacuation Pause)
[2021-05-03T09:14:05.945+0000][7][gc,task     ] GC(332) Using 6 workers of 8 for evacuation
[2021-05-03T09:14:05.945+0000][7][gc,age      ] GC(332) Desired survivor size 6291456 bytes, new threshold 15 (max threshold 15)
[2021-05-03T09:14:05.946+0000][7][gc,age      ] GC(332) Age table with threshold 15 (max threshold 15)
[2021-05-03T09:14:05.946+0000][7][gc,age      ] GC(332) - age   1:     510488 bytes,     510488 total
[2021-05-03T09:14:05.946+0000][7][gc,age      ] GC(332) - age   2:        608 bytes,     511096 total
[2021-05-03T09:14:05.946+0000][7][gc,age      ] GC(332) - age   3:        184 bytes,     511280 total
[2021-05-03T09:14:05.946+0000][7][gc,age      ] GC(332) - age   4:     117528 bytes,     628808 total
[2021-05-03T09:14:05.946+0000][7][gc,age      ] GC(332) - age   5:      36528 bytes,     665336 total
[2021-05-03T09:14:05.946+0000][7][gc,age      ] GC(332) - age   6:        240 bytes,     665576 total
[2021-05-03T09:14:05.946+0000][7][gc,age      ] GC(332) - age   7:        248 bytes,     665824 total
[2021-05-03T09:14:05.946+0000][7][gc,age      ] GC(332) - age   8:        168 bytes,     665992 total
[2021-05-03T09:14:05.946+0000][7][gc,age      ] GC(332) - age   9:       5368 bytes,     671360 total
[2021-05-03T09:14:05.946+0000][7][gc,age      ] GC(332) - age  10:        800 bytes,     672160 total
[2021-05-03T09:14:05.946+0000][7][gc,age      ] GC(332) - age  11:         32 bytes,     672192 total
[2021-05-03T09:14:05.946+0000][7][gc,age      ] GC(332) - age  12:        136 bytes,     672328 total
[2021-05-03T09:14:05.946+0000][7][gc,age      ] GC(332) - age  14:        784 bytes,     673112 total
[2021-05-03T09:14:05.946+0000][7][gc,phases   ] GC(332)   Pre Evacuate Collection Set: 0.1ms
[2021-05-03T09:14:05.946+0000][7][gc,phases   ] GC(332)   Merge Heap Roots: 0.1ms
[2021-05-03T09:14:05.946+0000][7][gc,phases   ] GC(332)   Evacuate Collection Set: 0.8ms
[2021-05-03T09:14:05.946+0000][7][gc,phases   ] GC(332)   Post Evacuate Collection Set: 0.4ms
[2021-05-03T09:14:05.946+0000][7][gc,phases   ] GC(332)   Other: 0.2ms
[2021-05-03T09:14:05.946+0000][7][gc,heap     ] GC(332) Eden regions: 21->0(21)
[2021-05-03T09:14:05.946+0000][7][gc,heap     ] GC(332) Survivor regions: 1->1(3)
[2021-05-03T09:14:05.946+0000][7][gc,heap     ] GC(332) Old regions: 27->27
[2021-05-03T09:14:05.946+0000][7][gc,heap     ] GC(332) Archive regions: 2->2
[2021-05-03T09:14:05.946+0000][7][gc,heap     ] GC(332) Humongous regions: 2->2
[2021-05-03T09:14:05.946+0000][7][gc,metaspace] GC(332) Metaspace: 109437K(114256K)->109437K(114256K) NonClass: 95498K(98972K)->95498K(98972K) Class: 13938K(15284K)->13938K(15284K)
[2021-05-03T09:14:05.946+0000][7][gc          ] GC(332) Pause Young (Normal) (G1 Evacuation Pause) 201M->117M(256M) 1.621ms
[2021-05-03T09:14:05.946+0000][7][gc,cpu      ] GC(332) User=0.01s Sys=0.00s Real=0.00s
[2021-05-03T09:14:05.946+0000][7][safepoint   ] Safepoint "G1CollectForAllocation", Time since last: 135141586652 ns, Reaching safepoint: 108208 ns, At safepoint: 1694892 ns, Total: 1803100 ns
[2021-05-03T09:15:40.797+0000][7][gc,start    ] GC(333) Pause Young (Concurrent Start) (G1 Evacuation Pause)
[2021-05-03T09:15:40.797+0000][7][gc,task     ] GC(333) Using 6 workers of 8 for evacuation
[2021-05-03T09:15:40.797+0000][7][gc,age      ] GC(333) Desired survivor size 6291456 bytes, new threshold 15 (max threshold 15)
[2021-05-03T09:15:40.798+0000][7][gc,age      ] GC(333) Age table with threshold 15 (max threshold 15)
[2021-05-03T09:15:40.798+0000][7][gc,age      ] GC(333) - age   1:     879008 bytes,     879008 total
[2021-05-03T09:15:40.798+0000][7][gc,age      ] GC(333) - age   2:        328 bytes,     879336 total
[2021-05-03T09:15:40.798+0000][7][gc,age      ] GC(333) - age   3:        344 bytes,     879680 total
[2021-05-03T09:15:40.798+0000][7][gc,age      ] GC(333) - age   4:         40 bytes,     879720 total
[2021-05-03T09:15:40.798+0000][7][gc,age      ] GC(333) - age   5:       3000 bytes,     882720 total
[2021-05-03T09:15:40.798+0000][7][gc,age      ] GC(333) - age   6:       1704 bytes,     884424 total
[2021-05-03T09:15:40.798+0000][7][gc,age      ] GC(333) - age   8:         40 bytes,     884464 total
[2021-05-03T09:15:40.798+0000][7][gc,age      ] GC(333) - age   9:        168 bytes,     884632 total
[2021-05-03T09:15:40.798+0000][7][gc,age      ] GC(333) - age  10:       2904 bytes,     887536 total
[2021-05-03T09:15:40.798+0000][7][gc,age      ] GC(333) - age  11:        800 bytes,     888336 total
[2021-05-03T09:15:40.798+0000][7][gc,age      ] GC(333) - age  13:        136 bytes,     888472 total
[2021-05-03T09:15:40.798+0000][7][gc,phases   ] GC(333)   Pre Evacuate Collection Set: 0.1ms
[2021-05-03T09:15:40.798+0000][7][gc,phases   ] GC(333)   Merge Heap Roots: 0.0ms
[2021-05-03T09:15:40.798+0000][7][gc,phases   ] GC(333)   Evacuate Collection Set: 0.7ms
[2021-05-03T09:15:40.798+0000][7][gc,phases   ] GC(333)   Post Evacuate Collection Set: 0.4ms
[2021-05-03T09:15:40.798+0000][7][gc,phases   ] GC(333)   Other: 0.2ms
[2021-05-03T09:15:40.798+0000][7][gc,heap     ] GC(333) Eden regions: 21->0(21)
[2021-05-03T09:15:40.799+0000][7][gc,heap     ] GC(333) Survivor regions: 1->1(3)
[2021-05-03T09:15:40.799+0000][7][gc,heap     ] GC(333) Old regions: 27->27
[2021-05-03T09:15:40.799+0000][7][gc,heap     ] GC(333) Archive regions: 2->2
[2021-05-03T09:15:40.799+0000][7][gc,heap     ] GC(333) Humongous regions: 2->2
[2021-05-03T09:15:40.799+0000][7][gc,metaspace] GC(333) Metaspace: 109442K(114256K)->109442K(114256K) NonClass: 95504K(98972K)->95504K(98972K) Class: 13938K(15284K)->13938K(15284K)
[2021-05-03T09:15:40.799+0000][7][gc          ] GC(333) Pause Young (Concurrent Start) (G1 Evacuation Pause) 201M->117M(256M) 1.507ms
[2021-05-03T09:15:40.799+0000][7][gc,cpu      ] GC(333) User=0.00s Sys=0.00s Real=0.00s
[2021-05-03T09:15:40.799+0000][7][safepoint   ] Safepoint "G1CollectForAllocation", Time since last: 94850455117 ns, Reaching safepoint: 76302 ns, At safepoint: 1571793 ns, Total: 1648095 ns
[2021-05-03T09:15:40.799+0000][7][gc          ] GC(334) Concurrent Cycle
[2021-05-03T09:15:40.799+0000][7][gc,marking  ] GC(334) Concurrent Clear Claimed Marks
[2021-05-03T09:15:40.799+0000][7][gc,marking  ] GC(334) Concurrent Clear Claimed Marks 0.060ms
[2021-05-03T09:15:40.799+0000][7][gc,marking  ] GC(334) Concurrent Scan Root Regions
[2021-05-03T09:15:40.800+0000][7][gc,marking  ] GC(334) Concurrent Scan Root Regions 1.440ms
[2021-05-03T09:15:40.800+0000][7][gc,marking  ] GC(334) Concurrent Mark (25282.728s)
[2021-05-03T09:15:40.800+0000][7][gc,marking  ] GC(334) Concurrent Mark From Roots
[2021-05-03T09:15:40.800+0000][7][gc,task     ] GC(334) Using 2 workers of 2 for marking
[2021-05-03T09:15:40.879+0000][7][gc,marking  ] GC(334) Concurrent Mark From Roots 79.045ms
[2021-05-03T09:15:40.879+0000][7][gc,marking  ] GC(334) Concurrent Preclean
[2021-05-03T09:15:40.879+0000][7][gc,marking  ] GC(334) Concurrent Preclean 0.208ms
[2021-05-03T09:15:40.879+0000][7][gc,marking  ] GC(334) Concurrent Mark (25282.728s, 25282.807s) 79.318ms
[2021-05-03T09:15:40.880+0000][7][gc,start    ] GC(334) Pause Remark
[2021-05-03T09:15:40.885+0000][7][gc          ] GC(334) Pause Remark 118M->118M(256M) 5.461ms
[2021-05-03T09:15:40.885+0000][7][gc,cpu      ] GC(334) User=0.04s Sys=0.00s Real=0.01s
[2021-05-03T09:15:40.885+0000][7][safepoint   ] Safepoint "G1Concurrent", Time since last: 80943953 ns, Reaching safepoint: 152753 ns, At safepoint: 5539550 ns, Total: 5692303 ns
[2021-05-03T09:15:40.885+0000][7][gc,marking  ] GC(334) Concurrent Rebuild Remembered Sets
[2021-05-03T09:15:40.938+0000][7][gc,marking  ] GC(334) Concurrent Rebuild Remembered Sets 52.716ms
[2021-05-03T09:15:40.938+0000][7][gc,start    ] GC(334) Pause Cleanup
[2021-05-03T09:15:40.938+0000][7][gc          ] GC(334) Pause Cleanup 118M->118M(256M) 0.069ms
[2021-05-03T09:15:40.938+0000][7][gc,cpu      ] GC(334) User=0.00s Sys=0.00s Real=0.00s
[2021-05-03T09:15:40.938+0000][7][safepoint   ] Safepoint "G1Concurrent", Time since last: 52869176 ns, Reaching safepoint: 81235 ns, At safepoint: 110687 ns, Total: 191922 ns
[2021-05-03T09:15:40.938+0000][7][gc,marking  ] GC(334) Concurrent Cleanup for Next Mark
[2021-05-03T09:15:40.938+0000][7][gc,marking  ] GC(334) Concurrent Cleanup for Next Mark 0.199ms
[2021-05-03T09:15:40.939+0000][7][gc          ] GC(334) Concurrent Cycle 139.939ms
[2021-05-03T09:17:49.612+0000][7][gc,start    ] GC(335) Pause Young (Normal) (G1 Evacuation Pause)
[2021-05-03T09:17:49.612+0000][7][gc,task     ] GC(335) Using 6 workers of 8 for evacuation
[2021-05-03T09:17:49.612+0000][7][gc,age      ] GC(335) Desired survivor size 6291456 bytes, new threshold 15 (max threshold 15)
[2021-05-03T09:17:49.614+0000][7][gc,age      ] GC(335) Age table with threshold 15 (max threshold 15)
[2021-05-03T09:17:49.614+0000][7][gc,age      ] GC(335) - age   1:     636960 bytes,     636960 total
[2021-05-03T09:17:49.614+0000][7][gc,age      ] GC(335) - age   2:     301896 bytes,     938856 total
[2021-05-03T09:17:49.614+0000][7][gc,age      ] GC(335) - age   3:        272 bytes,     939128 total
[2021-05-03T09:17:49.614+0000][7][gc,age      ] GC(335) - age   4:        344 bytes,     939472 total
[2021-05-03T09:17:49.614+0000][7][gc,age      ] GC(335) - age   5:         40 bytes,     939512 total
[2021-05-03T09:17:49.614+0000][7][gc,age      ] GC(335) - age   6:        592 bytes,     940104 total
[2021-05-03T09:17:49.614+0000][7][gc,age      ] GC(335) - age   7:       1704 bytes,     941808 total
[2021-05-03T09:17:49.614+0000][7][gc,age      ] GC(335) - age  10:        168 bytes,     941976 total
[2021-05-03T09:17:49.614+0000][7][gc,age      ] GC(335) - age  11:        616 bytes,     942592 total
[2021-05-03T09:17:49.614+0000][7][gc,age      ] GC(335) - age  12:        800 bytes,     943392 total
[2021-05-03T09:17:49.614+0000][7][gc,age      ] GC(335) - age  14:        136 bytes,     943528 total
[2021-05-03T09:17:49.614+0000][7][gc,phases   ] GC(335)   Pre Evacuate Collection Set: 0.1ms
[2021-05-03T09:17:49.614+0000][7][gc,phases   ] GC(335)   Merge Heap Roots: 0.0ms
[2021-05-03T09:17:49.614+0000][7][gc,phases   ] GC(335)   Evacuate Collection Set: 0.8ms
[2021-05-03T09:17:49.614+0000][7][gc,phases   ] GC(335)   Post Evacuate Collection Set: 0.4ms
[2021-05-03T09:17:49.614+0000][7][gc,phases   ] GC(335)   Other: 0.2ms
[2021-05-03T09:17:49.614+0000][7][gc,heap     ] GC(335) Eden regions: 21->0(21)
[2021-05-03T09:17:49.614+0000][7][gc,heap     ] GC(335) Survivor regions: 1->1(3)
[2021-05-03T09:17:49.614+0000][7][gc,heap     ] GC(335) Old regions: 27->27
[2021-05-03T09:17:49.614+0000][7][gc,heap     ] GC(335) Archive regions: 2->2
[2021-05-03T09:17:49.614+0000][7][gc,heap     ] GC(335) Humongous regions: 2->2
[2021-05-03T09:17:49.614+0000][7][gc,metaspace] GC(335) Metaspace: 109442K(114256K)->109442K(114256K) NonClass: 95504K(98972K)->95504K(98972K) Class: 13938K(15284K)->13938K(15284K)
[2021-05-03T09:17:49.614+0000][7][gc          ] GC(335) Pause Young (Normal) (G1 Evacuation Pause) 201M->117M(256M) 1.545ms
[2021-05-03T09:17:49.614+0000][7][gc,cpu      ] GC(335) User=0.00s Sys=0.00s Real=0.00s
[2021-05-03T09:17:49.614+0000][7][safepoint   ] Safepoint "G1CollectForAllocation", Time since last: 128673717404 ns, Reaching safepoint: 144739 ns, At safepoint: 1616302 ns, Total: 1761041 ns
[2021-05-03T09:18:42.627+0000][7][safepoint   ] Safepoint "Cleanup", Time since last: 53013247039 ns, Reaching safepoint: 77408 ns, At safepoint: 5279 ns, Total: 82687 ns
[2021-05-03T09:19:09.634+0000][7][safepoint   ] Safepoint "Cleanup", Time since last: 27007193641 ns, Reaching safepoint: 105794 ns, At safepoint: 5677 ns, Total: 111471 ns
[2021-05-03T09:19:42.639+0000][7][safepoint   ] Safepoint "Cleanup", Time since last: 33004530215 ns, Reaching safepoint: 90997 ns, At safepoint: 5711 ns, Total: 96708 ns
[2021-05-03T09:19:51.280+0000][7][gc,start    ] GC(336) Pause Young (Concurrent Start) (G1 Evacuation Pause)
[2021-05-03T09:19:51.280+0000][7][gc,task     ] GC(336) Using 6 workers of 8 for evacuation
[2021-05-03T09:19:51.280+0000][7][gc,age      ] GC(336) Desired survivor size 6291456 bytes, new threshold 15 (max threshold 15)
[2021-05-03T09:19:51.282+0000][7][gc,age      ] GC(336) Age table with threshold 15 (max threshold 15)
[2021-05-03T09:19:51.282+0000][7][gc,age      ] GC(336) - age   1:     515376 bytes,     515376 total
[2021-05-03T09:19:51.282+0000][7][gc,age      ] GC(336) - age   2:       4416 bytes,     519792 total
[2021-05-03T09:19:51.282+0000][7][gc,age      ] GC(336) - age   3:     260680 bytes,     780472 total
[2021-05-03T09:19:51.282+0000][7][gc,age      ] GC(336) - age   4:        272 bytes,     780744 total
[2021-05-03T09:19:51.282+0000][7][gc,age      ] GC(336) - age   5:        200 bytes,     780944 total
[2021-05-03T09:19:51.282+0000][7][gc,age      ] GC(336) - age   7:        592 bytes,     781536 total
[2021-05-03T09:19:51.282+0000][7][gc,age      ] GC(336) - age   8:       1608 bytes,     783144 total
[2021-05-03T09:19:51.282+0000][7][gc,age      ] GC(336) - age  11:        168 bytes,     783312 total
[2021-05-03T09:19:51.282+0000][7][gc,age      ] GC(336) - age  12:        616 bytes,     783928 total
[2021-05-03T09:19:51.282+0000][7][gc,age      ] GC(336) - age  13:        800 bytes,     784728 total
[2021-05-03T09:19:51.282+0000][7][gc,age      ] GC(336) - age  15:        136 bytes,     784864 total
[2021-05-03T09:19:51.282+0000][7][gc,phases   ] GC(336)   Pre Evacuate Collection Set: 0.1ms
[2021-05-03T09:19:51.282+0000][7][gc,phases   ] GC(336)   Merge Heap Roots: 0.0ms
[2021-05-03T09:19:51.282+0000][7][gc,phases   ] GC(336)   Evacuate Collection Set: 0.8ms
[2021-05-03T09:19:51.282+0000][7][gc,phases   ] GC(336)   Post Evacuate Collection Set: 0.6ms
[2021-05-03T09:19:51.282+0000][7][gc,phases   ] GC(336)   Other: 0.2ms
[2021-05-03T09:19:51.282+0000][7][gc,heap     ] GC(336) Eden regions: 21->0(21)
[2021-05-03T09:19:51.282+0000][7][gc,heap     ] GC(336) Survivor regions: 1->1(3)
[2021-05-03T09:19:51.282+0000][7][gc,heap     ] GC(336) Old regions: 27->27
[2021-05-03T09:19:51.282+0000][7][gc,heap     ] GC(336) Archive regions: 2->2
[2021-05-03T09:19:51.282+0000][7][gc,heap     ] GC(336) Humongous regions: 2->2
[2021-05-03T09:19:51.282+0000][7][gc,metaspace] GC(336) Metaspace: 109442K(114256K)->109442K(114256K) NonClass: 95504K(98972K)->95504K(98972K) Class: 13938K(15284K)->13938K(15284K)
[2021-05-03T09:19:51.282+0000][7][gc          ] GC(336) Pause Young (Concurrent Start) (G1 Evacuation Pause) 201M->117M(256M) 1.918ms
[2021-05-03T09:19:51.282+0000][7][gc,cpu      ] GC(336) User=0.01s Sys=0.00s Real=0.00s
[2021-05-03T09:19:51.282+0000][7][safepoint   ] Safepoint "G1CollectForAllocation", Time since last: 8640797913 ns, Reaching safepoint: 107152 ns, At safepoint: 1981559 ns, Total: 2088711 ns
[2021-05-03T09:19:51.282+0000][7][gc          ] GC(337) Concurrent Cycle
[2021-05-03T09:19:51.282+0000][7][gc,marking  ] GC(337) Concurrent Clear Claimed Marks
[2021-05-03T09:19:51.282+0000][7][gc,marking  ] GC(337) Concurrent Clear Claimed Marks 0.039ms
[2021-05-03T09:19:51.282+0000][7][gc,marking  ] GC(337) Concurrent Scan Root Regions
[2021-05-03T09:19:51.283+0000][7][gc,marking  ] GC(337) Concurrent Scan Root Regions 1.337ms
[2021-05-03T09:19:51.283+0000][7][gc,marking  ] GC(337) Concurrent Mark (25533.211s)
[2021-05-03T09:19:51.283+0000][7][gc,marking  ] GC(337) Concurrent Mark From Roots
[2021-05-03T09:19:51.283+0000][7][gc,task     ] GC(337) Using 2 workers of 2 for marking
[2021-05-03T09:19:51.378+0000][7][gc,marking  ] GC(337) Concurrent Mark From Roots 95.098ms
[2021-05-03T09:19:51.378+0000][7][gc,marking  ] GC(337) Concurrent Preclean
[2021-05-03T09:19:51.379+0000][7][gc,marking  ] GC(337) Concurrent Preclean 0.206ms
[2021-05-03T09:19:51.379+0000][7][gc,marking  ] GC(337) Concurrent Mark (25533.211s, 25533.306s) 95.354ms
[2021-05-03T09:19:51.379+0000][7][gc,start    ] GC(337) Pause Remark
[2021-05-03T09:19:51.384+0000][7][gc          ] GC(337) Pause Remark 118M->118M(256M) 5.429ms
[2021-05-03T09:19:51.384+0000][7][gc,cpu      ] GC(337) User=0.03s Sys=0.00s Real=0.01s
[2021-05-03T09:19:51.384+0000][7][safepoint   ] Safepoint "G1Concurrent", Time since last: 96863579 ns, Reaching safepoint: 105117 ns, At safepoint: 5520254 ns, Total: 5625371 ns
[2021-05-03T09:19:51.384+0000][7][gc,marking  ] GC(337) Concurrent Rebuild Remembered Sets
[2021-05-03T09:19:51.437+0000][7][gc,marking  ] GC(337) Concurrent Rebuild Remembered Sets 52.814ms
[2021-05-03T09:19:51.437+0000][7][gc,start    ] GC(337) Pause Cleanup
[2021-05-03T09:19:51.437+0000][7][gc          ] GC(337) Pause Cleanup 118M->118M(256M) 0.061ms
[2021-05-03T09:19:51.437+0000][7][gc,cpu      ] GC(337) User=0.00s Sys=0.00s Real=0.00s
[2021-05-03T09:19:51.437+0000][7][safepoint   ] Safepoint "G1Concurrent", Time since last: 52884769 ns, Reaching safepoint: 80989 ns, At safepoint: 99754 ns, Total: 180743 ns
[2021-05-03T09:19:51.437+0000][7][gc,marking  ] GC(337) Concurrent Cleanup for Next Mark
[2021-05-03T09:19:51.438+0000][7][gc,marking  ] GC(337) Concurrent Cleanup for Next Mark 0.141ms
[2021-05-03T09:19:51.438+0000][7][gc          ] GC(337) Concurrent Cycle 155.692ms
[2021-05-03T09:21:20.461+0000][7][safepoint   ] Safepoint "Cleanup", Time since last: 89023278921 ns, Reaching safepoint: 124998 ns, At safepoint: 4500 ns, Total: 129498 ns
[2021-05-03T09:22:08.903+0000][7][gc,start    ] GC(338) Pause Young (Normal) (G1 Evacuation Pause)
[2021-05-03T09:22:08.903+0000][7][gc,task     ] GC(338) Using 6 workers of 8 for evacuation
[2021-05-03T09:22:08.903+0000][7][gc,age      ] GC(338) Desired survivor size 6291456 bytes, new threshold 15 (max threshold 15)
[2021-05-03T09:22:08.905+0000][7][gc,age      ] GC(338) Age table with threshold 15 (max threshold 15)
[2021-05-03T09:22:08.905+0000][7][gc,age      ] GC(338) - age   1:     510216 bytes,     510216 total
[2021-05-03T09:22:08.905+0000][7][gc,age      ] GC(338) - age   2:       1000 bytes,     511216 total
[2021-05-03T09:22:08.905+0000][7][gc,age      ] GC(338) - age   3:       3496 bytes,     514712 total
[2021-05-03T09:22:08.905+0000][7][gc,age      ] GC(338) - age   4:     180552 bytes,     695264 total
[2021-05-03T09:22:08.905+0000][7][gc,age      ] GC(338) - age   5:        272 bytes,     695536 total
[2021-05-03T09:22:08.905+0000][7][gc,age      ] GC(338) - age   8:        592 bytes,     696128 total
[2021-05-03T09:22:08.905+0000][7][gc,age      ] GC(338) - age   9:       1608 bytes,     697736 total
[2021-05-03T09:22:08.905+0000][7][gc,age      ] GC(338) - age  12:        168 bytes,     697904 total
[2021-05-03T09:22:08.905+0000][7][gc,age      ] GC(338) - age  13:        576 bytes,     698480 total
[2021-05-03T09:22:08.905+0000][7][gc,age      ] GC(338) - age  14:        800 bytes,     699280 total
[2021-05-03T09:22:08.905+0000][7][gc,phases   ] GC(338)   Pre Evacuate Collection Set: 0.1ms
[2021-05-03T09:22:08.905+0000][7][gc,phases   ] GC(338)   Merge Heap Roots: 0.1ms
[2021-05-03T09:22:08.905+0000][7][gc,phases   ] GC(338)   Evacuate Collection Set: 0.9ms
[2021-05-03T09:22:08.905+0000][7][gc,phases   ] GC(338)   Post Evacuate Collection Set: 0.6ms
[2021-05-03T09:22:08.905+0000][7][gc,phases   ] GC(338)   Other: 0.2ms
[2021-05-03T09:22:08.905+0000][7][gc,heap     ] GC(338) Eden regions: 21->0(21)
[2021-05-03T09:22:08.905+0000][7][gc,heap     ] GC(338) Survivor regions: 1->1(3)
[2021-05-03T09:22:08.905+0000][7][gc,heap     ] GC(338) Old regions: 27->27
[2021-05-03T09:22:08.905+0000][7][gc,heap     ] GC(338) Archive regions: 2->2
[2021-05-03T09:22:08.905+0000][7][gc,heap     ] GC(338) Humongous regions: 2->2
[2021-05-03T09:22:08.905+0000][7][gc,metaspace] GC(338) Metaspace: 109446K(114256K)->109446K(114256K) NonClass: 95507K(98972K)->95507K(98972K) Class: 13939K(15284K)->13939K(15284K)
[2021-05-03T09:22:08.905+0000][7][gc          ] GC(338) Pause Young (Normal) (G1 Evacuation Pause) 201M->117M(256M) 1.948ms
[2021-05-03T09:22:08.905+0000][7][gc,cpu      ] GC(338) User=0.00s Sys=0.00s Real=0.00s
[2021-05-03T09:22:08.905+0000][7][safepoint   ] Safepoint "G1CollectForAllocation", Time since last: 48442083819 ns, Reaching safepoint: 149878 ns, At safepoint: 2011690 ns, Total: 2161568 ns
[2021-05-03T09:22:09.905+0000][7][safepoint   ] Safepoint "Cleanup", Time since last: 1000132911 ns, Reaching safepoint: 135394 ns, At safepoint: 7526 ns, Total: 142920 ns
[2021-05-03T09:22:42.913+0000][7][safepoint   ] Safepoint "Cleanup", Time since last: 33007646371 ns, Reaching safepoint: 210418 ns, At safepoint: 5145 ns, Total: 215563 ns
[2021-05-03T09:24:20.974+0000][7][gc,start    ] GC(339) Pause Young (Concurrent Start) (G1 Evacuation Pause)
[2021-05-03T09:24:20.975+0000][7][gc,task     ] GC(339) Using 6 workers of 8 for evacuation
[2021-05-03T09:24:20.975+0000][7][gc,age      ] GC(339) Desired survivor size 6291456 bytes, new threshold 15 (max threshold 15)
[2021-05-03T09:24:20.976+0000][7][gc,age      ] GC(339) Age table with threshold 15 (max threshold 15)
[2021-05-03T09:24:20.976+0000][7][gc,age      ] GC(339) - age   1:     507120 bytes,     507120 total
[2021-05-03T09:24:20.976+0000][7][gc,age      ] GC(339) - age   2:       3984 bytes,     511104 total
[2021-05-03T09:24:20.976+0000][7][gc,age      ] GC(339) - age   3:        728 bytes,     511832 total
[2021-05-03T09:24:20.976+0000][7][gc,age      ] GC(339) - age   4:       3496 bytes,     515328 total
[2021-05-03T09:24:20.976+0000][7][gc,age      ] GC(339) - age   5:     180264 bytes,     695592 total
[2021-05-03T09:24:20.976+0000][7][gc,age      ] GC(339) - age   6:        176 bytes,     695768 total
[2021-05-03T09:24:20.976+0000][7][gc,age      ] GC(339) - age   9:        592 bytes,     696360 total
[2021-05-03T09:24:20.976+0000][7][gc,age      ] GC(339) - age  10:       1584 bytes,     697944 total
[2021-05-03T09:24:20.976+0000][7][gc,age      ] GC(339) - age  13:        168 bytes,     698112 total
[2021-05-03T09:24:20.976+0000][7][gc,age      ] GC(339) - age  14:        576 bytes,     698688 total
[2021-05-03T09:24:20.976+0000][7][gc,age      ] GC(339) - age  15:        800 bytes,     699488 total
[2021-05-03T09:24:20.976+0000][7][gc,phases   ] GC(339)   Pre Evacuate Collection Set: 0.1ms
[2021-05-03T09:24:20.976+0000][7][gc,phases   ] GC(339)   Merge Heap Roots: 0.0ms
[2021-05-03T09:24:20.976+0000][7][gc,phases   ] GC(339)   Evacuate Collection Set: 0.8ms
[2021-05-03T09:24:20.976+0000][7][gc,phases   ] GC(339)   Post Evacuate Collection Set: 0.4ms
[2021-05-03T09:24:20.976+0000][7][gc,phases   ] GC(339)   Other: 0.2ms
[2021-05-03T09:24:20.976+0000][7][gc,heap     ] GC(339) Eden regions: 21->0(21)
[2021-05-03T09:24:20.976+0000][7][gc,heap     ] GC(339) Survivor regions: 1->1(3)
[2021-05-03T09:24:20.976+0000][7][gc,heap     ] GC(339) Old regions: 27->27
[2021-05-03T09:24:20.976+0000][7][gc,heap     ] GC(339) Archive regions: 2->2
[2021-05-03T09:24:20.976+0000][7][gc,heap     ] GC(339) Humongous regions: 2->2
[2021-05-03T09:24:20.976+0000][7][gc,metaspace] GC(339) Metaspace: 109446K(114256K)->109446K(114256K) NonClass: 95507K(98972K)->95507K(98972K) Class: 13939K(15284K)->13939K(15284K)
[2021-05-03T09:24:20.976+0000][7][gc          ] GC(339) Pause Young (Concurrent Start) (G1 Evacuation Pause) 201M->117M(256M) 1.707ms
[2021-05-03T09:24:20.976+0000][7][gc,cpu      ] GC(339) User=0.00s Sys=0.00s Real=0.00s
[2021-05-03T09:24:20.976+0000][7][gc          ] GC(340) Concurrent Cycle
[2021-05-03T09:24:20.976+0000][7][safepoint   ] Safepoint "G1CollectForAllocation", Time since last: 98061088212 ns, Reaching safepoint: 104247 ns, At safepoint: 1786574 ns, Total: 1890821 ns
[2021-05-03T09:24:20.976+0000][7][gc,marking  ] GC(340) Concurrent Clear Claimed Marks
[2021-05-03T09:24:20.976+0000][7][gc,marking  ] GC(340) Concurrent Clear Claimed Marks 0.060ms
[2021-05-03T09:24:20.976+0000][7][gc,marking  ] GC(340) Concurrent Scan Root Regions
[2021-05-03T09:24:20.978+0000][7][gc,marking  ] GC(340) Concurrent Scan Root Regions 1.276ms
[2021-05-03T09:24:20.978+0000][7][gc,marking  ] GC(340) Concurrent Mark (25802.905s)
[2021-05-03T09:24:20.978+0000][7][gc,marking  ] GC(340) Concurrent Mark From Roots
[2021-05-03T09:24:20.978+0000][7][gc,task     ] GC(340) Using 2 workers of 2 for marking
[2021-05-03T09:24:21.057+0000][7][gc,marking  ] GC(340) Concurrent Mark From Roots 79.876ms
[2021-05-03T09:24:21.058+0000][7][gc,marking  ] GC(340) Concurrent Preclean
[2021-05-03T09:24:21.058+0000][7][gc,marking  ] GC(340) Concurrent Preclean 0.210ms
[2021-05-03T09:24:21.058+0000][7][gc,marking  ] GC(340) Concurrent Mark (25802.905s, 25802.985s) 80.135ms
[2021-05-03T09:24:21.058+0000][7][gc,start    ] GC(340) Pause Remark
[2021-05-03T09:24:21.063+0000][7][gc          ] GC(340) Pause Remark 117M->117M(256M) 5.539ms
[2021-05-03T09:24:21.064+0000][7][gc,cpu      ] GC(340) User=0.03s Sys=0.00s Real=0.01s
[2021-05-03T09:24:21.064+0000][7][safepoint   ] Safepoint "G1Concurrent", Time since last: 81527229 ns, Reaching safepoint: 159302 ns, At safepoint: 5615832 ns, Total: 5775134 ns
[2021-05-03T09:24:21.064+0000][7][gc,marking  ] GC(340) Concurrent Rebuild Remembered Sets
[2021-05-03T09:24:21.117+0000][7][gc,marking  ] GC(340) Concurrent Rebuild Remembered Sets 53.143ms
[2021-05-03T09:24:21.117+0000][7][gc,start    ] GC(340) Pause Cleanup
[2021-05-03T09:24:21.117+0000][7][gc          ] GC(340) Pause Cleanup 117M->117M(256M) 0.069ms
[2021-05-03T09:24:21.117+0000][7][gc,cpu      ] GC(340) User=0.00s Sys=0.00s Real=0.00s
[2021-05-03T09:24:21.117+0000][7][safepoint   ] Safepoint "G1Concurrent", Time since last: 53245819 ns, Reaching safepoint: 108074 ns, At safepoint: 108850 ns, Total: 216924 ns
[2021-05-03T09:24:21.117+0000][7][gc,marking  ] GC(340) Concurrent Cleanup for Next Mark
[2021-05-03T09:24:21.117+0000][7][gc,marking  ] GC(340) Concurrent Cleanup for Next Mark 0.206ms
[2021-05-03T09:24:21.117+0000][7][gc          ] GC(340) Concurrent Cycle 141.085ms
[2021-05-03T09:25:40.136+0000][7][safepoint   ] Safepoint "Cleanup", Time since last: 79019317578 ns, Reaching safepoint: 104803 ns, At safepoint: 6489 ns, Total: 111292 ns
[2021-05-03T09:25:41.137+0000][7][safepoint   ] Safepoint "Cleanup", Time since last: 1000313585 ns, Reaching safepoint: 151536 ns, At safepoint: 7110 ns, Total: 158646 ns
[2021-05-03T09:25:52.427+0000][7][gc,start    ] GC(341) Pause Young (Normal) (G1 Evacuation Pause)
[2021-05-03T09:25:52.427+0000][7][gc,task     ] GC(341) Using 6 workers of 8 for evacuation
[2021-05-03T09:25:52.427+0000][7][gc,age      ] GC(341) Desired survivor size 6291456 bytes, new threshold 15 (max threshold 15)
[2021-05-03T09:25:52.429+0000][7][gc,age      ] GC(341) Age table with threshold 15 (max threshold 15)
[2021-05-03T09:25:52.429+0000][7][gc,age      ] GC(341) - age   1:     785944 bytes,     785944 total
[2021-05-03T09:25:52.429+0000][7][gc,age      ] GC(341) - age   2:        280 bytes,     786224 total
[2021-05-03T09:25:52.429+0000][7][gc,age      ] GC(341) - age   3:       3600 bytes,     789824 total
[2021-05-03T09:25:52.429+0000][7][gc,age      ] GC(341) - age   4:        240 bytes,     790064 total
[2021-05-03T09:25:52.429+0000][7][gc,age      ] GC(341) - age   5:       2456 bytes,     792520 total
[2021-05-03T09:25:52.429+0000][7][gc,age      ] GC(341) - age   6:       3256 bytes,     795776 total
[2021-05-03T09:25:52.429+0000][7][gc,age      ] GC(341) - age   7:        136 bytes,     795912 total
[2021-05-03T09:25:52.429+0000][7][gc,age      ] GC(341) - age  10:        272 bytes,     796184 total
[2021-05-03T09:25:52.429+0000][7][gc,age      ] GC(341) - age  11:        888 bytes,     797072 total
[2021-05-03T09:25:52.429+0000][7][gc,age      ] GC(341) - age  14:        168 bytes,     797240 total
[2021-05-03T09:25:52.429+0000][7][gc,age      ] GC(341) - age  15:        576 bytes,     797816 total
[2021-05-03T09:25:52.429+0000][7][gc,phases   ] GC(341)   Pre Evacuate Collection Set: 0.1ms
[2021-05-03T09:25:52.429+0000][7][gc,phases   ] GC(341)   Merge Heap Roots: 0.0ms
[2021-05-03T09:25:52.429+0000][7][gc,phases   ] GC(341)   Evacuate Collection Set: 0.9ms
[2021-05-03T09:25:52.429+0000][7][gc,phases   ] GC(341)   Post Evacuate Collection Set: 0.5ms
[2021-05-03T09:25:52.429+0000][7][gc,phases   ] GC(341)   Other: 0.2ms
[2021-05-03T09:25:52.429+0000][7][gc,heap     ] GC(341) Eden regions: 21->0(21)
[2021-05-03T09:25:52.429+0000][7][gc,heap     ] GC(341) Survivor regions: 1->1(3)
[2021-05-03T09:25:52.429+0000][7][gc,heap     ] GC(341) Old regions: 27->27
[2021-05-03T09:25:52.429+0000][7][gc,heap     ] GC(341) Archive regions: 2->2
[2021-05-03T09:25:52.429+0000][7][gc,heap     ] GC(341) Humongous regions: 2->2
[2021-05-03T09:25:52.429+0000][7][gc,metaspace] GC(341) Metaspace: 109450K(114256K)->109450K(114256K) NonClass: 95510K(98972K)->95510K(98972K) Class: 13939K(15284K)->13939K(15284K)
[2021-05-03T09:25:52.429+0000][7][gc          ] GC(341) Pause Young (Normal) (G1 Evacuation Pause) 201M->117M(256M) 1.789ms
[2021-05-03T09:25:52.429+0000][7][gc,cpu      ] GC(341) User=0.00s Sys=0.00s Real=0.00s
[2021-05-03T09:25:52.429+0000][7][safepoint   ] Safepoint "G1CollectForAllocation", Time since last: 11289789280 ns, Reaching safepoint: 215553 ns, At safepoint: 1859039 ns, Total: 2074592 ns
[2021-05-03T09:28:09.386+0000][7][gc,start    ] GC(342) Pause Young (Concurrent Start) (G1 Evacuation Pause)
[2021-05-03T09:28:09.386+0000][7][gc,task     ] GC(342) Using 6 workers of 8 for evacuation
[2021-05-03T09:28:09.387+0000][7][gc,age      ] GC(342) Desired survivor size 6291456 bytes, new threshold 15 (max threshold 15)
[2021-05-03T09:28:09.388+0000][7][gc,age      ] GC(342) Age table with threshold 15 (max threshold 15)
[2021-05-03T09:28:09.388+0000][7][gc,age      ] GC(342) - age   1:     512936 bytes,     512936 total
[2021-05-03T09:28:09.388+0000][7][gc,age      ] GC(342) - age   2:     277072 bytes,     790008 total
[2021-05-03T09:28:09.388+0000][7][gc,age      ] GC(342) - age   3:        136 bytes,     790144 total
[2021-05-03T09:28:09.388+0000][7][gc,age      ] GC(342) - age   4:       3480 bytes,     793624 total
[2021-05-03T09:28:09.388+0000][7][gc,age      ] GC(342) - age   5:        152 bytes,     793776 total
[2021-05-03T09:28:09.388+0000][7][gc,age      ] GC(342) - age   6:       2456 bytes,     796232 total
[2021-05-03T09:28:09.388+0000][7][gc,age      ] GC(342) - age   7:       3016 bytes,     799248 total
[2021-05-03T09:28:09.388+0000][7][gc,age      ] GC(342) - age   8:        136 bytes,     799384 total
[2021-05-03T09:28:09.388+0000][7][gc,age      ] GC(342) - age  11:        272 bytes,     799656 total
[2021-05-03T09:28:09.388+0000][7][gc,age      ] GC(342) - age  12:        888 bytes,     800544 total
[2021-05-03T09:28:09.388+0000][7][gc,age      ] GC(342) - age  15:        168 bytes,     800712 total
[2021-05-03T09:28:09.388+0000][7][gc,phases   ] GC(342)   Pre Evacuate Collection Set: 0.1ms
[2021-05-03T09:28:09.388+0000][7][gc,phases   ] GC(342)   Merge Heap Roots: 0.0ms
[2021-05-03T09:28:09.388+0000][7][gc,phases   ] GC(342)   Evacuate Collection Set: 0.8ms
[2021-05-03T09:28:09.388+0000][7][gc,phases   ] GC(342)   Post Evacuate Collection Set: 0.3ms
[2021-05-03T09:28:09.388+0000][7][gc,phases   ] GC(342)   Other: 0.2ms
[2021-05-03T09:28:09.388+0000][7][gc,heap     ] GC(342) Eden regions: 21->0(21)
[2021-05-03T09:28:09.388+0000][7][gc,heap     ] GC(342) Survivor regions: 1->1(3)
[2021-05-03T09:28:09.388+0000][7][gc,heap     ] GC(342) Old regions: 27->27
[2021-05-03T09:28:09.388+0000][7][gc,heap     ] GC(342) Archive regions: 2->2
[2021-05-03T09:28:09.388+0000][7][gc,heap     ] GC(342) Humongous regions: 2->2
[2021-05-03T09:28:09.388+0000][7][gc,metaspace] GC(342) Metaspace: 109450K(114256K)->109450K(114256K) NonClass: 95510K(98972K)->95510K(98972K) Class: 13939K(15284K)->13939K(15284K)
[2021-05-03T09:28:09.388+0000][7][gc          ] GC(342) Pause Young (Concurrent Start) (G1 Evacuation Pause) 201M->117M(256M) 1.583ms
[2021-05-03T09:28:09.388+0000][7][gc,cpu      ] GC(342) User=0.01s Sys=0.00s Real=0.00s
[2021-05-03T09:28:09.388+0000][7][safepoint   ] Safepoint "G1CollectForAllocation", Time since last: 136957463786 ns, Reaching safepoint: 189986 ns, At safepoint: 1647095 ns, Total: 1837081 ns
[2021-05-03T09:28:09.388+0000][7][gc          ] GC(343) Concurrent Cycle
[2021-05-03T09:28:09.388+0000][7][gc,marking  ] GC(343) Concurrent Clear Claimed Marks
[2021-05-03T09:28:09.388+0000][7][gc,marking  ] GC(343) Concurrent Clear Claimed Marks 0.043ms
[2021-05-03T09:28:09.388+0000][7][gc,marking  ] GC(343) Concurrent Scan Root Regions
[2021-05-03T09:28:09.390+0000][7][gc,marking  ] GC(343) Concurrent Scan Root Regions 1.420ms
[2021-05-03T09:28:09.390+0000][7][gc,marking  ] GC(343) Concurrent Mark (26031.317s)
[2021-05-03T09:28:09.390+0000][7][gc,marking  ] GC(343) Concurrent Mark From Roots
[2021-05-03T09:28:09.390+0000][7][gc,task     ] GC(343) Using 2 workers of 2 for marking
[2021-05-03T09:28:09.469+0000][7][gc,marking  ] GC(343) Concurrent Mark From Roots 79.543ms
[2021-05-03T09:28:09.469+0000][7][gc,marking  ] GC(343) Concurrent Preclean
[2021-05-03T09:28:09.469+0000][7][gc,marking  ] GC(343) Concurrent Preclean 0.215ms
[2021-05-03T09:28:09.469+0000][7][gc,marking  ] GC(343) Concurrent Mark (26031.317s, 26031.397s) 79.809ms
[2021-05-03T09:28:09.470+0000][7][gc,start    ] GC(343) Pause Remark
[2021-05-03T09:28:09.475+0000][7][gc          ] GC(343) Pause Remark 118M->118M(256M) 5.731ms
[2021-05-03T09:28:09.475+0000][7][gc,cpu      ] GC(343) User=0.03s Sys=0.00s Real=0.01s
[2021-05-03T09:28:09.475+0000][7][safepoint   ] Safepoint "G1Concurrent", Time since last: 81409687 ns, Reaching safepoint: 105287 ns, At safepoint: 5807028 ns, Total: 5912315 ns
[2021-05-03T09:28:09.475+0000][7][gc,marking  ] GC(343) Concurrent Rebuild Remembered Sets
[2021-05-03T09:28:09.533+0000][7][gc,marking  ] GC(343) Concurrent Rebuild Remembered Sets 57.095ms
[2021-05-03T09:28:09.533+0000][7][gc,start    ] GC(343) Pause Cleanup
[2021-05-03T09:28:09.533+0000][7][gc          ] GC(343) Pause Cleanup 118M->118M(256M) 0.065ms
[2021-05-03T09:28:09.533+0000][7][gc,cpu      ] GC(343) User=0.00s Sys=0.00s Real=0.00s
[2021-05-03T09:28:09.533+0000][7][safepoint   ] Safepoint "G1Concurrent", Time since last: 57236673 ns, Reaching safepoint: 93682 ns, At safepoint: 101211 ns, Total: 194893 ns
[2021-05-03T09:28:09.533+0000][7][gc,marking  ] GC(343) Concurrent Cleanup for Next Mark
[2021-05-03T09:28:09.533+0000][7][gc,marking  ] GC(343) Concurrent Cleanup for Next Mark 0.138ms
[2021-05-03T09:28:09.533+0000][7][gc          ] GC(343) Concurrent Cycle 144.937ms
[2021-05-03T09:30:08.566+0000][7][safepoint   ] Safepoint "Cleanup", Time since last: 119033235023 ns, Reaching safepoint: 109727 ns, At safepoint: 4921 ns, Total: 114648 ns
[2021-05-03T09:30:16.531+0000][7][gc,start    ] GC(344) Pause Young (Normal) (G1 Evacuation Pause)
[2021-05-03T09:30:16.531+0000][7][gc,task     ] GC(344) Using 6 workers of 8 for evacuation
[2021-05-03T09:30:16.531+0000][7][gc,age      ] GC(344) Desired survivor size 6291456 bytes, new threshold 15 (max threshold 15)
[2021-05-03T09:30:16.532+0000][7][gc,age      ] GC(344) Age table with threshold 15 (max threshold 15)
[2021-05-03T09:30:16.532+0000][7][gc,age      ] GC(344) - age   1:     515792 bytes,     515792 total
[2021-05-03T09:30:16.532+0000][7][gc,age      ] GC(344) - age   2:       1000 bytes,     516792 total
[2021-05-03T09:30:16.532+0000][7][gc,age      ] GC(344) - age   3:     155472 bytes,     672264 total
[2021-05-03T09:30:16.532+0000][7][gc,age      ] GC(344) - age   4:         40 bytes,     672304 total
[2021-05-03T09:30:16.532+0000][7][gc,age      ] GC(344) - age   5:        480 bytes,     672784 total
[2021-05-03T09:30:16.532+0000][7][gc,age      ] GC(344) - age   6:        152 bytes,     672936 total
[2021-05-03T09:30:16.532+0000][7][gc,age      ] GC(344) - age   7:       2456 bytes,     675392 total
[2021-05-03T09:30:16.532+0000][7][gc,age      ] GC(344) - age   8:       2808 bytes,     678200 total
[2021-05-03T09:30:16.532+0000][7][gc,age      ] GC(344) - age   9:        136 bytes,     678336 total
[2021-05-03T09:30:16.532+0000][7][gc,age      ] GC(344) - age  12:        272 bytes,     678608 total
[2021-05-03T09:30:16.532+0000][7][gc,age      ] GC(344) - age  13:        888 bytes,     679496 total
[2021-05-03T09:30:16.532+0000][7][gc,phases   ] GC(344)   Pre Evacuate Collection Set: 0.1ms
[2021-05-03T09:30:16.532+0000][7][gc,phases   ] GC(344)   Merge Heap Roots: 0.0ms
[2021-05-03T09:30:16.532+0000][7][gc,phases   ] GC(344)   Evacuate Collection Set: 0.8ms
[2021-05-03T09:30:16.532+0000][7][gc,phases   ] GC(344)   Post Evacuate Collection Set: 0.4ms
[2021-05-03T09:30:16.532+0000][7][gc,phases   ] GC(344)   Other: 0.2ms
[2021-05-03T09:30:16.532+0000][7][gc,heap     ] GC(344) Eden regions: 21->0(21)
[2021-05-03T09:30:16.532+0000][7][gc,heap     ] GC(344) Survivor regions: 1->1(3)
[2021-05-03T09:30:16.532+0000][7][gc,heap     ] GC(344) Old regions: 27->27
[2021-05-03T09:30:16.532+0000][7][gc,heap     ] GC(344) Archive regions: 2->2
[2021-05-03T09:30:16.532+0000][7][gc,heap     ] GC(344) Humongous regions: 2->2
[2021-05-03T09:30:16.532+0000][7][gc,metaspace] GC(344) Metaspace: 109450K(114256K)->109450K(114256K) NonClass: 95510K(98972K)->95510K(98972K) Class: 13939K(15284K)->13939K(15284K)
[2021-05-03T09:30:16.532+0000][7][gc          ] GC(344) Pause Young (Normal) (G1 Evacuation Pause) 201M->117M(256M) 1.574ms
[2021-05-03T09:30:16.532+0000][7][gc,cpu      ] GC(344) User=0.01s Sys=0.00s Real=0.01s
[2021-05-03T09:30:16.532+0000][7][safepoint   ] Safepoint "G1CollectForAllocation", Time since last: 7964310408 ns, Reaching safepoint: 164678 ns, At safepoint: 1645891 ns, Total: 1810569 ns
[2021-05-03T09:30:39.538+0000][7][safepoint   ] Safepoint "Cleanup", Time since last: 23005587876 ns, Reaching safepoint: 73452 ns, At safepoint: 4787 ns, Total: 78239 ns
[2021-05-03T09:32:26.583+0000][7][gc,start    ] GC(345) Pause Young (Concurrent Start) (G1 Evacuation Pause)
[2021-05-03T09:32:26.583+0000][7][gc,task     ] GC(345) Using 6 workers of 8 for evacuation
[2021-05-03T09:32:26.583+0000][7][gc,age      ] GC(345) Desired survivor size 6291456 bytes, new threshold 15 (max threshold 15)
[2021-05-03T09:32:26.585+0000][7][gc,age      ] GC(345) Age table with threshold 15 (max threshold 15)
[2021-05-03T09:32:26.585+0000][7][gc,age      ] GC(345) - age   1:     507728 bytes,     507728 total
[2021-05-03T09:32:26.585+0000][7][gc,age      ] GC(345) - age   2:        824 bytes,     508552 total
[2021-05-03T09:32:26.585+0000][7][gc,age      ] GC(345) - age   3:        736 bytes,     509288 total
[2021-05-03T09:32:26.585+0000][7][gc,age      ] GC(345) - age   4:     155448 bytes,     664736 total
[2021-05-03T09:32:26.585+0000][7][gc,age      ] GC(345) - age   5:         40 bytes,     664776 total
[2021-05-03T09:32:26.585+0000][7][gc,age      ] GC(345) - age   6:        480 bytes,     665256 total
[2021-05-03T09:32:26.585+0000][7][gc,age      ] GC(345) - age   7:        152 bytes,     665408 total
[2021-05-03T09:32:26.585+0000][7][gc,age      ] GC(345) - age   8:       2456 bytes,     667864 total
[2021-05-03T09:32:26.585+0000][7][gc,age      ] GC(345) - age   9:       2784 bytes,     670648 total
[2021-05-03T09:32:26.585+0000][7][gc,age      ] GC(345) - age  10:        136 bytes,     670784 total
[2021-05-03T09:32:26.585+0000][7][gc,age      ] GC(345) - age  13:        272 bytes,     671056 total
[2021-05-03T09:32:26.585+0000][7][gc,age      ] GC(345) - age  14:        888 bytes,     671944 total
[2021-05-03T09:32:26.585+0000][7][gc,phases   ] GC(345)   Pre Evacuate Collection Set: 0.1ms
[2021-05-03T09:32:26.585+0000][7][gc,phases   ] GC(345)   Merge Heap Roots: 0.0ms
[2021-05-03T09:32:26.585+0000][7][gc,phases   ] GC(345)   Evacuate Collection Set: 1.0ms
[2021-05-03T09:32:26.585+0000][7][gc,phases   ] GC(345)   Post Evacuate Collection Set: 0.6ms
[2021-05-03T09:32:26.585+0000][7][gc,phases   ] GC(345)   Other: 0.2ms
[2021-05-03T09:32:26.585+0000][7][gc,heap     ] GC(345) Eden regions: 21->0(21)
[2021-05-03T09:32:26.585+0000][7][gc,heap     ] GC(345) Survivor regions: 1->1(3)
[2021-05-03T09:32:26.585+0000][7][gc,heap     ] GC(345) Old regions: 27->27
[2021-05-03T09:32:26.585+0000][7][gc,heap     ] GC(345) Archive regions: 2->2
[2021-05-03T09:32:26.585+0000][7][gc,heap     ] GC(345) Humongous regions: 2->2
[2021-05-03T09:32:26.585+0000][7][gc,metaspace] GC(345) Metaspace: 109450K(114256K)->109450K(114256K) NonClass: 95510K(98972K)->95510K(98972K) Class: 13939K(15284K)->13939K(15284K)
[2021-05-03T09:32:26.585+0000][7][gc          ] GC(345) Pause Young (Concurrent Start) (G1 Evacuation Pause) 201M->117M(256M) 2.005ms
[2021-05-03T09:32:26.585+0000][7][gc,cpu      ] GC(345) User=0.01s Sys=0.00s Real=0.00s
[2021-05-03T09:32:26.585+0000][7][safepoint   ] Safepoint "G1CollectForAllocation", Time since last: 107044723525 ns, Reaching safepoint: 115152 ns, At safepoint: 2067698 ns, Total: 2182850 ns
[2021-05-03T09:32:26.585+0000][7][gc          ] GC(346) Concurrent Cycle
[2021-05-03T09:32:26.585+0000][7][gc,marking  ] GC(346) Concurrent Clear Claimed Marks
[2021-05-03T09:32:26.585+0000][7][gc,marking  ] GC(346) Concurrent Clear Claimed Marks 0.050ms
[2021-05-03T09:32:26.585+0000][7][gc,marking  ] GC(346) Concurrent Scan Root Regions
[2021-05-03T09:32:26.586+0000][7][gc,marking  ] GC(346) Concurrent Scan Root Regions 1.331ms
[2021-05-03T09:32:26.586+0000][7][gc,marking  ] GC(346) Concurrent Mark (26288.514s)
[2021-05-03T09:32:26.586+0000][7][gc,marking  ] GC(346) Concurrent Mark From Roots
[2021-05-03T09:32:26.586+0000][7][gc,task     ] GC(346) Using 2 workers of 2 for marking
[2021-05-03T09:32:26.666+0000][7][gc,marking  ] GC(346) Concurrent Mark From Roots 79.760ms
[2021-05-03T09:32:26.666+0000][7][gc,marking  ] GC(346) Concurrent Preclean
[2021-05-03T09:32:26.666+0000][7][gc,marking  ] GC(346) Concurrent Preclean 0.209ms
[2021-05-03T09:32:26.666+0000][7][gc,marking  ] GC(346) Concurrent Mark (26288.514s, 26288.594s) 80.018ms
[2021-05-03T09:32:26.667+0000][7][gc,start    ] GC(346) Pause Remark
[2021-05-03T09:32:26.672+0000][7][gc          ] GC(346) Pause Remark 118M->118M(256M) 5.531ms
[2021-05-03T09:32:26.672+0000][7][gc,cpu      ] GC(346) User=0.03s Sys=0.00s Real=0.01s
[2021-05-03T09:32:26.672+0000][7][safepoint   ] Safepoint "G1Concurrent", Time since last: 81535538 ns, Reaching safepoint: 110159 ns, At safepoint: 5605828 ns, Total: 5715987 ns
[2021-05-03T09:32:26.672+0000][7][gc,marking  ] GC(346) Concurrent Rebuild Remembered Sets
[2021-05-03T09:32:26.725+0000][7][gc,marking  ] GC(346) Concurrent Rebuild Remembered Sets 52.964ms
[2021-05-03T09:32:26.725+0000][7][gc,start    ] GC(346) Pause Cleanup
[2021-05-03T09:32:26.725+0000][7][gc          ] GC(346) Pause Cleanup 118M->118M(256M) 0.065ms
[2021-05-03T09:32:26.725+0000][7][gc,cpu      ] GC(346) User=0.00s Sys=0.00s Real=0.00s
[2021-05-03T09:32:26.725+0000][7][safepoint   ] Safepoint "G1Concurrent", Time since last: 53066576 ns, Reaching safepoint: 99048 ns, At safepoint: 102164 ns, Total: 201212 ns
[2021-05-03T09:32:26.725+0000][7][gc,marking  ] GC(346) Concurrent Cleanup for Next Mark
[2021-05-03T09:32:26.726+0000][7][gc,marking  ] GC(346) Concurrent Cleanup for Next Mark 0.203ms
[2021-05-03T09:32:26.726+0000][7][gc          ] GC(346) Concurrent Cycle 140.759ms
[2021-05-03T09:34:42.142+0000][7][gc,start    ] GC(347) Pause Young (Normal) (G1 Evacuation Pause)
[2021-05-03T09:34:42.142+0000][7][gc,task     ] GC(347) Using 6 workers of 8 for evacuation
[2021-05-03T09:34:42.142+0000][7][gc,age      ] GC(347) Desired survivor size 6291456 bytes, new threshold 15 (max threshold 15)
[2021-05-03T09:34:42.143+0000][7][gc,age      ] GC(347) Age table with threshold 15 (max threshold 15)
[2021-05-03T09:34:42.143+0000][7][gc,age      ] GC(347) - age   1:     558432 bytes,     558432 total
[2021-05-03T09:34:42.143+0000][7][gc,age      ] GC(347) - age   2:        248 bytes,     558680 total
[2021-05-03T09:34:42.143+0000][7][gc,age      ] GC(347) - age   3:        648 bytes,     559328 total
[2021-05-03T09:34:42.143+0000][7][gc,age      ] GC(347) - age   4:        712 bytes,     560040 total
[2021-05-03T09:34:42.143+0000][7][gc,age      ] GC(347) - age   5:     152448 bytes,     712488 total
[2021-05-03T09:34:42.143+0000][7][gc,age      ] GC(347) - age   6:         40 bytes,     712528 total
[2021-05-03T09:34:42.143+0000][7][gc,age      ] GC(347) - age   7:        480 bytes,     713008 total
[2021-05-03T09:34:42.143+0000][7][gc,age      ] GC(347) - age   8:        152 bytes,     713160 total
[2021-05-03T09:34:42.143+0000][7][gc,age      ] GC(347) - age   9:       2456 bytes,     715616 total
[2021-05-03T09:34:42.143+0000][7][gc,age      ] GC(347) - age  10:       2752 bytes,     718368 total
[2021-05-03T09:34:42.143+0000][7][gc,age      ] GC(347) - age  11:        136 bytes,     718504 total
[2021-05-03T09:34:42.143+0000][7][gc,age      ] GC(347) - age  14:        272 bytes,     718776 total
[2021-05-03T09:34:42.143+0000][7][gc,age      ] GC(347) - age  15:        888 bytes,     719664 total
[2021-05-03T09:34:42.143+0000][7][gc,phases   ] GC(347)   Pre Evacuate Collection Set: 0.0ms
[2021-05-03T09:34:42.143+0000][7][gc,phases   ] GC(347)   Merge Heap Roots: 0.0ms
[2021-05-03T09:34:42.143+0000][7][gc,phases   ] GC(347)   Evacuate Collection Set: 0.9ms
[2021-05-03T09:34:42.143+0000][7][gc,phases   ] GC(347)   Post Evacuate Collection Set: 0.5ms
[2021-05-03T09:34:42.143+0000][7][gc,phases   ] GC(347)   Other: 0.2ms
[2021-05-03T09:34:42.143+0000][7][gc,heap     ] GC(347) Eden regions: 21->0(21)
[2021-05-03T09:34:42.143+0000][7][gc,heap     ] GC(347) Survivor regions: 1->1(3)
[2021-05-03T09:34:42.143+0000][7][gc,heap     ] GC(347) Old regions: 27->27
[2021-05-03T09:34:42.143+0000][7][gc,heap     ] GC(347) Archive regions: 2->2
[2021-05-03T09:34:42.143+0000][7][gc,heap     ] GC(347) Humongous regions: 2->2
[2021-05-03T09:34:42.143+0000][7][gc,metaspace] GC(347) Metaspace: 109455K(114256K)->109455K(114256K) NonClass: 95515K(98972K)->95515K(98972K) Class: 13939K(15284K)->13939K(15284K)
[2021-05-03T09:34:42.143+0000][7][gc          ] GC(347) Pause Young (Normal) (G1 Evacuation Pause) 201M->117M(256M) 1.683ms
[2021-05-03T09:34:42.143+0000][7][gc,cpu      ] GC(347) User=0.01s Sys=0.00s Real=0.00s
[2021-05-03T09:34:42.143+0000][7][safepoint   ] Safepoint "G1CollectForAllocation", Time since last: 135416092339 ns, Reaching safepoint: 129794 ns, At safepoint: 1741583 ns, Total: 1871377 ns
[2021-05-03T09:35:36.156+0000][7][safepoint   ] Safepoint "Cleanup", Time since last: 54012705845 ns, Reaching safepoint: 112258 ns, At safepoint: 5598 ns, Total: 117856 ns
[2021-05-03T09:35:40.157+0000][7][safepoint   ] Safepoint "Cleanup", Time since last: 4000645480 ns, Reaching safepoint: 129330 ns, At safepoint: 5857 ns, Total: 135187 ns
[2021-05-03T09:35:41.157+0000][7][safepoint   ] Safepoint "Cleanup", Time since last: 1000293734 ns, Reaching safepoint: 158148 ns, At safepoint: 7328 ns, Total: 165476 ns
[2021-05-03T09:36:11.673+0000][7][gc,start    ] GC(348) Pause Young (Concurrent Start) (G1 Evacuation Pause)
[2021-05-03T09:36:11.673+0000][7][gc,task     ] GC(348) Using 6 workers of 8 for evacuation
[2021-05-03T09:36:11.673+0000][7][gc,age      ] GC(348) Desired survivor size 6291456 bytes, new threshold 15 (max threshold 15)
[2021-05-03T09:36:11.674+0000][7][gc,age      ] GC(348) Age table with threshold 15 (max threshold 15)
[2021-05-03T09:36:11.674+0000][7][gc,age      ] GC(348) - age   1:     823992 bytes,     823992 total
[2021-05-03T09:36:11.674+0000][7][gc,age      ] GC(348) - age   2:       3544 bytes,     827536 total
[2021-05-03T09:36:11.674+0000][7][gc,age      ] GC(348) - age   3:        248 bytes,     827784 total
[2021-05-03T09:36:11.674+0000][7][gc,age      ] GC(348) - age   4:        440 bytes,     828224 total
[2021-05-03T09:36:11.674+0000][7][gc,age      ] GC(348) - age   6:       3496 bytes,     831720 total
[2021-05-03T09:36:11.674+0000][7][gc,age      ] GC(348) - age   7:         40 bytes,     831760 total
[2021-05-03T09:36:11.674+0000][7][gc,age      ] GC(348) - age   8:        440 bytes,     832200 total
[2021-05-03T09:36:11.674+0000][7][gc,age      ] GC(348) - age   9:        152 bytes,     832352 total
[2021-05-03T09:36:11.674+0000][7][gc,age      ] GC(348) - age  10:        168 bytes,     832520 total
[2021-05-03T09:36:11.674+0000][7][gc,age      ] GC(348) - age  11:        352 bytes,     832872 total
[2021-05-03T09:36:11.674+0000][7][gc,age      ] GC(348) - age  12:        136 bytes,     833008 total
[2021-05-03T09:36:11.674+0000][7][gc,age      ] GC(348) - age  15:        272 bytes,     833280 total
[2021-05-03T09:36:11.674+0000][7][gc,phases   ] GC(348)   Pre Evacuate Collection Set: 0.1ms
[2021-05-03T09:36:11.674+0000][7][gc,phases   ] GC(348)   Merge Heap Roots: 0.0ms
[2021-05-03T09:36:11.674+0000][7][gc,phases   ] GC(348)   Evacuate Collection Set: 0.8ms
[2021-05-03T09:36:11.674+0000][7][gc,phases   ] GC(348)   Post Evacuate Collection Set: 0.5ms
[2021-05-03T09:36:11.674+0000][7][gc,phases   ] GC(348)   Other: 0.2ms
[2021-05-03T09:36:11.674+0000][7][gc,heap     ] GC(348) Eden regions: 21->0(21)
[2021-05-03T09:36:11.674+0000][7][gc,heap     ] GC(348) Survivor regions: 1->1(3)
[2021-05-03T09:36:11.674+0000][7][gc,heap     ] GC(348) Old regions: 27->27
[2021-05-03T09:36:11.674+0000][7][gc,heap     ] GC(348) Archive regions: 2->2
[2021-05-03T09:36:11.674+0000][7][gc,heap     ] GC(348) Humongous regions: 2->2
[2021-05-03T09:36:11.674+0000][7][gc,metaspace] GC(348) Metaspace: 109467K(114256K)->109467K(114256K) NonClass: 95527K(98972K)->95527K(98972K) Class: 13940K(15284K)->13940K(15284K)
[2021-05-03T09:36:11.674+0000][7][gc          ] GC(348) Pause Young (Concurrent Start) (G1 Evacuation Pause) 201M->117M(256M) 1.691ms
[2021-05-03T09:36:11.674+0000][7][gc,cpu      ] GC(348) User=0.00s Sys=0.00s Real=0.00s
[2021-05-03T09:36:11.674+0000][7][safepoint   ] Safepoint "G1CollectForAllocation", Time since last: 30515003861 ns, Reaching safepoint: 114669 ns, At safepoint: 1755212 ns, Total: 1869881 ns
[2021-05-03T09:36:11.674+0000][7][gc          ] GC(349) Concurrent Cycle
[2021-05-03T09:36:11.674+0000][7][gc,marking  ] GC(349) Concurrent Clear Claimed Marks
[2021-05-03T09:36:11.674+0000][7][gc,marking  ] GC(349) Concurrent Clear Claimed Marks 0.050ms
[2021-05-03T09:36:11.674+0000][7][gc,marking  ] GC(349) Concurrent Scan Root Regions
[2021-05-03T09:36:11.676+0000][7][gc,marking  ] GC(349) Concurrent Scan Root Regions 1.478ms
[2021-05-03T09:36:11.676+0000][7][gc,marking  ] GC(349) Concurrent Mark (26513.604s)
[2021-05-03T09:36:11.676+0000][7][gc,marking  ] GC(349) Concurrent Mark From Roots
[2021-05-03T09:36:11.676+0000][7][gc,task     ] GC(349) Using 2 workers of 2 for marking
[2021-05-03T09:36:11.756+0000][7][gc,marking  ] GC(349) Concurrent Mark From Roots 79.786ms
[2021-05-03T09:36:11.756+0000][7][gc,marking  ] GC(349) Concurrent Preclean
[2021-05-03T09:36:11.756+0000][7][gc,marking  ] GC(349) Concurrent Preclean 0.219ms
[2021-05-03T09:36:11.756+0000][7][gc,marking  ] GC(349) Concurrent Mark (26513.604s, 26513.684s) 80.056ms
[2021-05-03T09:36:11.756+0000][7][gc,start    ] GC(349) Pause Remark
[2021-05-03T09:36:11.762+0000][7][gc          ] GC(349) Pause Remark 118M->118M(256M) 5.461ms
[2021-05-03T09:36:11.762+0000][7][gc,cpu      ] GC(349) User=0.03s Sys=0.00s Real=0.01s
[2021-05-03T09:36:11.762+0000][7][safepoint   ] Safepoint "G1Concurrent", Time since last: 81733629 ns, Reaching safepoint: 107959 ns, At safepoint: 5539808 ns, Total: 5647767 ns
[2021-05-03T09:36:11.762+0000][7][gc,marking  ] GC(349) Concurrent Rebuild Remembered Sets
[2021-05-03T09:36:11.815+0000][7][gc,marking  ] GC(349) Concurrent Rebuild Remembered Sets 53.250ms
[2021-05-03T09:36:11.815+0000][7][gc,start    ] GC(349) Pause Cleanup
[2021-05-03T09:36:11.815+0000][7][gc          ] GC(349) Pause Cleanup 118M->118M(256M) 0.069ms
[2021-05-03T09:36:11.815+0000][7][gc,cpu      ] GC(349) User=0.00s Sys=0.00s Real=0.00s
[2021-05-03T09:36:11.815+0000][7][safepoint   ] Safepoint "G1Concurrent", Time since last: 53395414 ns, Reaching safepoint: 85550 ns, At safepoint: 121971 ns, Total: 207521 ns
[2021-05-03T09:36:11.815+0000][7][gc,marking  ] GC(349) Concurrent Cleanup for Next Mark
[2021-05-03T09:36:11.816+0000][7][gc,marking  ] GC(349) Concurrent Cleanup for Next Mark 0.190ms
[2021-05-03T09:36:11.816+0000][7][gc          ] GC(349) Concurrent Cycle 141.225ms
[2021-05-03T09:38:23.727+0000][7][gc,start    ] GC(350) Pause Young (Normal) (G1 Evacuation Pause)
[2021-05-03T09:38:23.727+0000][7][gc,task     ] GC(350) Using 6 workers of 8 for evacuation
[2021-05-03T09:38:23.727+0000][7][gc,age      ] GC(350) Desired survivor size 6291456 bytes, new threshold 15 (max threshold 15)
[2021-05-03T09:38:23.729+0000][7][gc,age      ] GC(350) Age table with threshold 15 (max threshold 15)
[2021-05-03T09:38:23.729+0000][7][gc,age      ] GC(350) - age   1:     507336 bytes,     507336 total
[2021-05-03T09:38:23.729+0000][7][gc,age      ] GC(350) - age   2:     312920 bytes,     820256 total
[2021-05-03T09:38:23.729+0000][7][gc,age      ] GC(350) - age   3:       3000 bytes,     823256 total
[2021-05-03T09:38:23.729+0000][7][gc,age      ] GC(350) - age   4:         24 bytes,     823280 total
[2021-05-03T09:38:23.729+0000][7][gc,age      ] GC(350) - age   5:        400 bytes,     823680 total
[2021-05-03T09:38:23.729+0000][7][gc,age      ] GC(350) - age   7:       3496 bytes,     827176 total
[2021-05-03T09:38:23.729+0000][7][gc,age      ] GC(350) - age   8:         40 bytes,     827216 total
[2021-05-03T09:38:23.729+0000][7][gc,age      ] GC(350) - age   9:        440 bytes,     827656 total
[2021-05-03T09:38:23.729+0000][7][gc,age      ] GC(350) - age  10:        152 bytes,     827808 total
[2021-05-03T09:38:23.729+0000][7][gc,age      ] GC(350) - age  11:        168 bytes,     827976 total
[2021-05-03T09:38:23.729+0000][7][gc,age      ] GC(350) - age  12:        352 bytes,     828328 total
[2021-05-03T09:38:23.729+0000][7][gc,age      ] GC(350) - age  13:        136 bytes,     828464 total
[2021-05-03T09:38:23.729+0000][7][gc,phases   ] GC(350)   Pre Evacuate Collection Set: 0.1ms
[2021-05-03T09:38:23.729+0000][7][gc,phases   ] GC(350)   Merge Heap Roots: 0.1ms
[2021-05-03T09:38:23.729+0000][7][gc,phases   ] GC(350)   Evacuate Collection Set: 0.9ms
[2021-05-03T09:38:23.729+0000][7][gc,phases   ] GC(350)   Post Evacuate Collection Set: 0.6ms
[2021-05-03T09:38:23.729+0000][7][gc,phases   ] GC(350)   Other: 0.2ms
[2021-05-03T09:38:23.729+0000][7][gc,heap     ] GC(350) Eden regions: 21->0(21)
[2021-05-03T09:38:23.729+0000][7][gc,heap     ] GC(350) Survivor regions: 1->1(3)
[2021-05-03T09:38:23.729+0000][7][gc,heap     ] GC(350) Old regions: 27->27
[2021-05-03T09:38:23.729+0000][7][gc,heap     ] GC(350) Archive regions: 2->2
[2021-05-03T09:38:23.729+0000][7][gc,heap     ] GC(350) Humongous regions: 2->2
[2021-05-03T09:38:23.729+0000][7][gc,metaspace] GC(350) Metaspace: 109467K(114256K)->109467K(114256K) NonClass: 95527K(98972K)->95527K(98972K) Class: 13940K(15284K)->13940K(15284K)
[2021-05-03T09:38:23.729+0000][7][gc          ] GC(350) Pause Young (Normal) (G1 Evacuation Pause) 201M->117M(256M) 1.825ms
[2021-05-03T09:38:23.729+0000][7][gc,cpu      ] GC(350) User=0.01s Sys=0.00s Real=0.00s
[2021-05-03T09:38:23.729+0000][7][safepoint   ] Safepoint "G1CollectForAllocation", Time since last: 131911647380 ns, Reaching safepoint: 256861 ns, At safepoint: 1898745 ns, Total: 2155606 ns
[2021-05-03T09:38:42.735+0000][7][safepoint   ] Safepoint "Cleanup", Time since last: 19005493319 ns, Reaching safepoint: 88407 ns, At safepoint: 7558 ns, Total: 95965 ns
[2021-05-03T09:40:31.025+0000][7][gc,start    ] GC(351) Pause Young (Concurrent Start) (G1 Evacuation Pause)
[2021-05-03T09:40:31.025+0000][7][gc,task     ] GC(351) Using 6 workers of 8 for evacuation
[2021-05-03T09:40:31.025+0000][7][gc,age      ] GC(351) Desired survivor size 6291456 bytes, new threshold 15 (max threshold 15)
[2021-05-03T09:40:31.027+0000][7][gc,age      ] GC(351) Age table with threshold 15 (max threshold 15)
[2021-05-03T09:40:31.027+0000][7][gc,age      ] GC(351) - age   1:     529128 bytes,     529128 total
[2021-05-03T09:40:31.027+0000][7][gc,age      ] GC(351) - age   2:        808 bytes,     529936 total
[2021-05-03T09:40:31.027+0000][7][gc,age      ] GC(351) - age   3:     187328 bytes,     717264 total
[2021-05-03T09:40:31.027+0000][7][gc,age      ] GC(351) - age   4:       2976 bytes,     720240 total
[2021-05-03T09:40:31.027+0000][7][gc,age      ] GC(351) - age   6:        248 bytes,     720488 total
[2021-05-03T09:40:31.027+0000][7][gc,age      ] GC(351) - age   8:       3496 bytes,     723984 total
[2021-05-03T09:40:31.027+0000][7][gc,age      ] GC(351) - age   9:         40 bytes,     724024 total
[2021-05-03T09:40:31.027+0000][7][gc,age      ] GC(351) - age  10:        440 bytes,     724464 total
[2021-05-03T09:40:31.027+0000][7][gc,age      ] GC(351) - age  11:        152 bytes,     724616 total
[2021-05-03T09:40:31.027+0000][7][gc,age      ] GC(351) - age  12:        168 bytes,     724784 total
[2021-05-03T09:40:31.027+0000][7][gc,age      ] GC(351) - age  13:        352 bytes,     725136 total
[2021-05-03T09:40:31.027+0000][7][gc,age      ] GC(351) - age  14:        136 bytes,     725272 total
[2021-05-03T09:40:31.027+0000][7][gc,phases   ] GC(351)   Pre Evacuate Collection Set: 0.1ms
[2021-05-03T09:40:31.027+0000][7][gc,phases   ] GC(351)   Merge Heap Roots: 0.0ms
[2021-05-03T09:40:31.027+0000][7][gc,phases   ] GC(351)   Evacuate Collection Set: 0.9ms
[2021-05-03T09:40:31.027+0000][7][gc,phases   ] GC(351)   Post Evacuate Collection Set: 0.5ms
[2021-05-03T09:40:31.027+0000][7][gc,phases   ] GC(351)   Other: 0.2ms
[2021-05-03T09:40:31.027+0000][7][gc,heap     ] GC(351) Eden regions: 21->0(21)
[2021-05-03T09:40:31.027+0000][7][gc,heap     ] GC(351) Survivor regions: 1->1(3)
[2021-05-03T09:40:31.027+0000][7][gc,heap     ] GC(351) Old regions: 27->27
[2021-05-03T09:40:31.027+0000][7][gc,heap     ] GC(351) Archive regions: 2->2
[2021-05-03T09:40:31.027+0000][7][gc,heap     ] GC(351) Humongous regions: 2->2
[2021-05-03T09:40:31.027+0000][7][gc,metaspace] GC(351) Metaspace: 109467K(114256K)->109467K(114256K) NonClass: 95527K(98972K)->95527K(98972K) Class: 13940K(15284K)->13940K(15284K)
[2021-05-03T09:40:31.027+0000][7][gc          ] GC(351) Pause Young (Concurrent Start) (G1 Evacuation Pause) 201M->117M(256M) 1.758ms
[2021-05-03T09:40:31.027+0000][7][gc,cpu      ] GC(351) User=0.00s Sys=0.00s Real=0.00s
[2021-05-03T09:40:31.027+0000][7][gc          ] GC(352) Concurrent Cycle
[2021-05-03T09:40:31.027+0000][7][safepoint   ] Safepoint "G1CollectForAllocation", Time since last: 108290249605 ns, Reaching safepoint: 185492 ns, At safepoint: 1825743 ns, Total: 2011235 ns
[2021-05-03T09:40:31.027+0000][7][gc,marking  ] GC(352) Concurrent Clear Claimed Marks
[2021-05-03T09:40:31.027+0000][7][gc,marking  ] GC(352) Concurrent Clear Claimed Marks 0.053ms
[2021-05-03T09:40:31.027+0000][7][gc,marking  ] GC(352) Concurrent Scan Root Regions
[2021-05-03T09:40:31.028+0000][7][gc,marking  ] GC(352) Concurrent Scan Root Regions 1.427ms
[2021-05-03T09:40:31.028+0000][7][gc,marking  ] GC(352) Concurrent Mark (26772.956s)
[2021-05-03T09:40:31.028+0000][7][gc,marking  ] GC(352) Concurrent Mark From Roots
[2021-05-03T09:40:31.028+0000][7][gc,task     ] GC(352) Using 2 workers of 2 for marking
[2021-05-03T09:40:31.108+0000][7][gc,marking  ] GC(352) Concurrent Mark From Roots 79.648ms
[2021-05-03T09:40:31.108+0000][7][gc,marking  ] GC(352) Concurrent Preclean
[2021-05-03T09:40:31.108+0000][7][gc,marking  ] GC(352) Concurrent Preclean 0.215ms
[2021-05-03T09:40:31.108+0000][7][gc,marking  ] GC(352) Concurrent Mark (26772.956s, 26773.036s) 79.910ms
[2021-05-03T09:40:31.109+0000][7][gc,start    ] GC(352) Pause Remark
[2021-05-03T09:40:31.114+0000][7][gc          ] GC(352) Pause Remark 117M->117M(256M) 5.552ms
[2021-05-03T09:40:31.114+0000][7][gc,cpu      ] GC(352) User=0.03s Sys=0.00s Real=0.01s
[2021-05-03T09:40:31.114+0000][7][safepoint   ] Safepoint "G1Concurrent", Time since last: 81495198 ns, Reaching safepoint: 126840 ns, At safepoint: 5626703 ns, Total: 5753543 ns
[2021-05-03T09:40:31.114+0000][7][gc,marking  ] GC(352) Concurrent Rebuild Remembered Sets
[2021-05-03T09:40:31.167+0000][7][gc,marking  ] GC(352) Concurrent Rebuild Remembered Sets 52.806ms
[2021-05-03T09:40:31.167+0000][7][gc,start    ] GC(352) Pause Cleanup
[2021-05-03T09:40:31.167+0000][7][gc          ] GC(352) Pause Cleanup 117M->117M(256M) 0.064ms
[2021-05-03T09:40:31.167+0000][7][gc,cpu      ] GC(352) User=0.00s Sys=0.00s Real=0.00s
[2021-05-03T09:40:31.167+0000][7][safepoint   ] Safepoint "G1Concurrent", Time since last: 52961011 ns, Reaching safepoint: 135649 ns, At safepoint: 105502 ns, Total: 241151 ns
[2021-05-03T09:40:31.167+0000][7][gc,marking  ] GC(352) Concurrent Cleanup for Next Mark
[2021-05-03T09:40:31.167+0000][7][gc,marking  ] GC(352) Concurrent Cleanup for Next Mark 0.109ms
[2021-05-03T09:40:31.168+0000][7][gc          ] GC(352) Concurrent Cycle 140.593ms
[2021-05-03T09:42:43.557+0000][7][gc,start    ] GC(353) Pause Young (Normal) (G1 Evacuation Pause)
[2021-05-03T09:42:43.557+0000][7][gc,task     ] GC(353) Using 6 workers of 8 for evacuation
[2021-05-03T09:42:43.557+0000][7][gc,age      ] GC(353) Desired survivor size 6291456 bytes, new threshold 15 (max threshold 15)
[2021-05-03T09:42:43.559+0000][7][gc,age      ] GC(353) Age table with threshold 15 (max threshold 15)
[2021-05-03T09:42:43.559+0000][7][gc,age      ] GC(353) - age   1:     521352 bytes,     521352 total
[2021-05-03T09:42:43.559+0000][7][gc,age      ] GC(353) - age   2:        472 bytes,     521824 total
[2021-05-03T09:42:43.559+0000][7][gc,age      ] GC(353) - age   3:        480 bytes,     522304 total
[2021-05-03T09:42:43.559+0000][7][gc,age      ] GC(353) - age   4:     186792 bytes,     709096 total
[2021-05-03T09:42:43.559+0000][7][gc,age      ] GC(353) - age   5:       2976 bytes,     712072 total
[2021-05-03T09:42:43.559+0000][7][gc,age      ] GC(353) - age   7:        208 bytes,     712280 total
[2021-05-03T09:42:43.559+0000][7][gc,age      ] GC(353) - age   9:       3296 bytes,     715576 total
[2021-05-03T09:42:43.559+0000][7][gc,age      ] GC(353) - age  11:        440 bytes,     716016 total
[2021-05-03T09:42:43.559+0000][7][gc,age      ] GC(353) - age  12:        152 bytes,     716168 total
[2021-05-03T09:42:43.559+0000][7][gc,age      ] GC(353) - age  13:        168 bytes,     716336 total
[2021-05-03T09:42:43.559+0000][7][gc,age      ] GC(353) - age  14:        352 bytes,     716688 total
[2021-05-03T09:42:43.559+0000][7][gc,age      ] GC(353) - age  15:         40 bytes,     716728 total
[2021-05-03T09:42:43.559+0000][7][gc,phases   ] GC(353)   Pre Evacuate Collection Set: 0.0ms
[2021-05-03T09:42:43.559+0000][7][gc,phases   ] GC(353)   Merge Heap Roots: 0.1ms
[2021-05-03T09:42:43.559+0000][7][gc,phases   ] GC(353)   Evacuate Collection Set: 0.9ms
[2021-05-03T09:42:43.559+0000][7][gc,phases   ] GC(353)   Post Evacuate Collection Set: 0.6ms
[2021-05-03T09:42:43.559+0000][7][gc,phases   ] GC(353)   Other: 0.2ms
[2021-05-03T09:42:43.559+0000][7][gc,heap     ] GC(353) Eden regions: 21->0(21)
[2021-05-03T09:42:43.559+0000][7][gc,heap     ] GC(353) Survivor regions: 1->1(3)
[2021-05-03T09:42:43.559+0000][7][gc,heap     ] GC(353) Old regions: 27->27
[2021-05-03T09:42:43.559+0000][7][gc,heap     ] GC(353) Archive regions: 2->2
[2021-05-03T09:42:43.559+0000][7][gc,heap     ] GC(353) Humongous regions: 2->2
[2021-05-03T09:42:43.559+0000][7][gc,metaspace] GC(353) Metaspace: 109474K(114256K)->109474K(114256K) NonClass: 95534K(98972K)->95534K(98972K) Class: 13940K(15284K)->13940K(15284K)
[2021-05-03T09:42:43.559+0000][7][gc          ] GC(353) Pause Young (Normal) (G1 Evacuation Pause) 201M->117M(256M) 1.810ms
[2021-05-03T09:42:43.559+0000][7][gc,cpu      ] GC(353) User=0.01s Sys=0.00s Real=0.00s
[2021-05-03T09:42:43.559+0000][7][safepoint   ] Safepoint "G1CollectForAllocation", Time since last: 132389630036 ns, Reaching safepoint: 158176 ns, At safepoint: 1871300 ns, Total: 2029476 ns
[2021-05-03T09:44:36.586+0000][7][safepoint   ] Safepoint "Cleanup", Time since last: 113027137137 ns, Reaching safepoint: 109545 ns, At safepoint: 5919 ns, Total: 115464 ns
[2021-05-03T09:44:39.587+0000][7][safepoint   ] Safepoint "Cleanup", Time since last: 3000920175 ns, Reaching safepoint: 102177 ns, At safepoint: 4954 ns, Total: 107131 ns
[2021-05-03T09:44:49.713+0000][7][gc,start    ] GC(354) Pause Young (Concurrent Start) (G1 Evacuation Pause)
[2021-05-03T09:44:49.713+0000][7][gc,task     ] GC(354) Using 6 workers of 8 for evacuation
[2021-05-03T09:44:49.713+0000][7][gc,age      ] GC(354) Desired survivor size 6291456 bytes, new threshold 15 (max threshold 15)
[2021-05-03T09:44:49.714+0000][7][gc,age      ] GC(354) Age table with threshold 15 (max threshold 15)
[2021-05-03T09:44:49.714+0000][7][gc,age      ] GC(354) - age   1:     369872 bytes,     369872 total
[2021-05-03T09:44:49.714+0000][7][gc,age      ] GC(354) - age   2:       1448 bytes,     371320 total
[2021-05-03T09:44:49.714+0000][7][gc,age      ] GC(354) - age   3:        336 bytes,     371656 total
[2021-05-03T09:44:49.715+0000][7][gc,age      ] GC(354) - age   4:        456 bytes,     372112 total
[2021-05-03T09:44:49.715+0000][7][gc,age      ] GC(354) - age   5:     186792 bytes,     558904 total
[2021-05-03T09:44:49.715+0000][7][gc,age      ] GC(354) - age   6:        384 bytes,     559288 total
[2021-05-03T09:44:49.715+0000][7][gc,age      ] GC(354) - age  10:       3296 bytes,     562584 total
[2021-05-03T09:44:49.715+0000][7][gc,age      ] GC(354) - age  12:        440 bytes,     563024 total
[2021-05-03T09:44:49.715+0000][7][gc,age      ] GC(354) - age  13:        152 bytes,     563176 total
[2021-05-03T09:44:49.715+0000][7][gc,age      ] GC(354) - age  14:        168 bytes,     563344 total
[2021-05-03T09:44:49.715+0000][7][gc,age      ] GC(354) - age  15:        352 bytes,     563696 total
[2021-05-03T09:44:49.715+0000][7][gc,phases   ] GC(354)   Pre Evacuate Collection Set: 0.1ms
[2021-05-03T09:44:49.715+0000][7][gc,phases   ] GC(354)   Merge Heap Roots: 0.0ms
[2021-05-03T09:44:49.715+0000][7][gc,phases   ] GC(354)   Evacuate Collection Set: 0.8ms
[2021-05-03T09:44:49.715+0000][7][gc,phases   ] GC(354)   Post Evacuate Collection Set: 0.5ms
[2021-05-03T09:44:49.715+0000][7][gc,phases   ] GC(354)   Other: 0.2ms
[2021-05-03T09:44:49.715+0000][7][gc,heap     ] GC(354) Eden regions: 21->0(21)
[2021-05-03T09:44:49.715+0000][7][gc,heap     ] GC(354) Survivor regions: 1->1(3)
[2021-05-03T09:44:49.715+0000][7][gc,heap     ] GC(354) Old regions: 27->27
[2021-05-03T09:44:49.715+0000][7][gc,heap     ] GC(354) Archive regions: 2->2
[2021-05-03T09:44:49.715+0000][7][gc,heap     ] GC(354) Humongous regions: 2->2
[2021-05-03T09:44:49.715+0000][7][gc,metaspace] GC(354) Metaspace: 109474K(114256K)->109474K(114256K) NonClass: 95534K(98972K)->95534K(98972K) Class: 13940K(15284K)->13940K(15284K)
[2021-05-03T09:44:49.715+0000][7][gc          ] GC(354) Pause Young (Concurrent Start) (G1 Evacuation Pause) 201M->117M(256M) 1.757ms
[2021-05-03T09:44:49.715+0000][7][gc,cpu      ] GC(354) User=0.01s Sys=0.01s Real=0.00s
[2021-05-03T09:44:49.715+0000][7][gc          ] GC(355) Concurrent Cycle
[2021-05-03T09:44:49.715+0000][7][safepoint   ] Safepoint "G1CollectForAllocation", Time since last: 10125346847 ns, Reaching safepoint: 205271 ns, At safepoint: 1833095 ns, Total: 2038366 ns
[2021-05-03T09:44:49.715+0000][7][gc,marking  ] GC(355) Concurrent Clear Claimed Marks
[2021-05-03T09:44:49.715+0000][7][gc,marking  ] GC(355) Concurrent Clear Claimed Marks 0.084ms
[2021-05-03T09:44:49.715+0000][7][gc,marking  ] GC(355) Concurrent Scan Root Regions
[2021-05-03T09:44:49.717+0000][7][gc,marking  ] GC(355) Concurrent Scan Root Regions 1.870ms
[2021-05-03T09:44:49.717+0000][7][gc,marking  ] GC(355) Concurrent Mark (27031.644s)
[2021-05-03T09:44:49.717+0000][7][gc,marking  ] GC(355) Concurrent Mark From Roots
[2021-05-03T09:44:49.717+0000][7][gc,task     ] GC(355) Using 2 workers of 2 for marking
[2021-05-03T09:44:49.796+0000][7][gc,marking  ] GC(355) Concurrent Mark From Roots 79.217ms
[2021-05-03T09:44:49.796+0000][7][gc,marking  ] GC(355) Concurrent Preclean
[2021-05-03T09:44:49.796+0000][7][gc,marking  ] GC(355) Concurrent Preclean 0.213ms
[2021-05-03T09:44:49.796+0000][7][gc,marking  ] GC(355) Concurrent Mark (27031.644s, 27031.724s) 79.490ms
[2021-05-03T09:44:49.796+0000][7][gc,start    ] GC(355) Pause Remark
[2021-05-03T09:44:49.802+0000][7][gc          ] GC(355) Pause Remark 121M->121M(256M) 5.562ms
[2021-05-03T09:44:49.802+0000][7][gc,cpu      ] GC(355) User=0.03s Sys=0.00s Real=0.01s
[2021-05-03T09:44:49.802+0000][7][safepoint   ] Safepoint "G1Concurrent", Time since last: 81510155 ns, Reaching safepoint: 118702 ns, At safepoint: 5635000 ns, Total: 5753702 ns
[2021-05-03T09:44:49.802+0000][7][gc,marking  ] GC(355) Concurrent Rebuild Remembered Sets
[2021-05-03T09:44:49.855+0000][7][gc,marking  ] GC(355) Concurrent Rebuild Remembered Sets 52.595ms
[2021-05-03T09:44:49.855+0000][7][gc,start    ] GC(355) Pause Cleanup
[2021-05-03T09:44:49.855+0000][7][gc          ] GC(355) Pause Cleanup 121M->121M(256M) 0.071ms
[2021-05-03T09:44:49.855+0000][7][gc,cpu      ] GC(355) User=0.00s Sys=0.00s Real=0.00s
[2021-05-03T09:44:49.855+0000][7][safepoint   ] Safepoint "G1Concurrent", Time since last: 52697878 ns, Reaching safepoint: 151277 ns, At safepoint: 109966 ns, Total: 261243 ns
[2021-05-03T09:44:49.855+0000][7][gc,marking  ] GC(355) Concurrent Cleanup for Next Mark
[2021-05-03T09:44:49.855+0000][7][gc,marking  ] GC(355) Concurrent Cleanup for Next Mark 0.114ms
[2021-05-03T09:44:49.855+0000][7][gc          ] GC(355) Concurrent Cycle 140.384ms
[2021-05-03T09:45:40.871+0000][7][safepoint   ] Safepoint "Cleanup", Time since last: 51015640215 ns, Reaching safepoint: 169661 ns, At safepoint: 8472 ns, Total: 178133 ns
[2021-05-03T09:46:31.916+0000][7][gc,start    ] GC(356) Pause Young (Normal) (G1 Evacuation Pause)
[2021-05-03T09:46:31.916+0000][7][gc,task     ] GC(356) Using 6 workers of 8 for evacuation
[2021-05-03T09:46:31.916+0000][7][gc,age      ] GC(356) Desired survivor size 6291456 bytes, new threshold 15 (max threshold 15)
[2021-05-03T09:46:31.918+0000][7][gc,age      ] GC(356) Age table with threshold 15 (max threshold 15)
[2021-05-03T09:46:31.918+0000][7][gc,age      ] GC(356) - age   1:     775288 bytes,     775288 total
[2021-05-03T09:46:31.918+0000][7][gc,age      ] GC(356) - age   2:       3528 bytes,     778816 total
[2021-05-03T09:46:31.918+0000][7][gc,age      ] GC(356) - age   3:       1232 bytes,     780048 total
[2021-05-03T09:46:31.918+0000][7][gc,age      ] GC(356) - age   4:        312 bytes,     780360 total
[2021-05-03T09:46:31.918+0000][7][gc,age      ] GC(356) - age   5:        408 bytes,     780768 total
[2021-05-03T09:46:31.918+0000][7][gc,age      ] GC(356) - age   6:      11920 bytes,     792688 total
[2021-05-03T09:46:31.918+0000][7][gc,age      ] GC(356) - age   7:        384 bytes,     793072 total
[2021-05-03T09:46:31.918+0000][7][gc,age      ] GC(356) - age  11:       2320 bytes,     795392 total
[2021-05-03T09:46:31.918+0000][7][gc,age      ] GC(356) - age  13:        440 bytes,     795832 total
[2021-05-03T09:46:31.918+0000][7][gc,age      ] GC(356) - age  14:        152 bytes,     795984 total
[2021-05-03T09:46:31.918+0000][7][gc,age      ] GC(356) - age  15:        168 bytes,     796152 total
[2021-05-03T09:46:31.918+0000][7][gc,phases   ] GC(356)   Pre Evacuate Collection Set: 0.1ms
[2021-05-03T09:46:31.918+0000][7][gc,phases   ] GC(356)   Merge Heap Roots: 0.0ms
[2021-05-03T09:46:31.918+0000][7][gc,phases   ] GC(356)   Evacuate Collection Set: 0.8ms
[2021-05-03T09:46:31.918+0000][7][gc,phases   ] GC(356)   Post Evacuate Collection Set: 0.6ms
[2021-05-03T09:46:31.918+0000][7][gc,phases   ] GC(356)   Other: 0.2ms
[2021-05-03T09:46:31.918+0000][7][gc,heap     ] GC(356) Eden regions: 21->0(21)
[2021-05-03T09:46:31.918+0000][7][gc,heap     ] GC(356) Survivor regions: 1->1(3)
[2021-05-03T09:46:31.918+0000][7][gc,heap     ] GC(356) Old regions: 27->27
[2021-05-03T09:46:31.918+0000][7][gc,heap     ] GC(356) Archive regions: 2->2
[2021-05-03T09:46:31.918+0000][7][gc,heap     ] GC(356) Humongous regions: 2->2
[2021-05-03T09:46:31.918+0000][7][gc,metaspace] GC(356) Metaspace: 109488K(114256K)->109488K(114256K) NonClass: 95548K(98972K)->95548K(98972K) Class: 13940K(15284K)->13940K(15284K)
[2021-05-03T09:46:31.918+0000][7][gc          ] GC(356) Pause Young (Normal) (G1 Evacuation Pause) 201M->117M(256M) 1.721ms
[2021-05-03T09:46:31.918+0000][7][gc,cpu      ] GC(356) User=0.01s Sys=0.00s Real=0.00s
[2021-05-03T09:46:31.918+0000][7][safepoint   ] Safepoint "G1CollectForAllocation", Time since last: 51045451271 ns, Reaching safepoint: 156726 ns, At safepoint: 1782453 ns, Total: 1939179 ns
[2021-05-03T09:48:46.973+0000][7][gc,start    ] GC(357) Pause Young (Concurrent Start) (G1 Evacuation Pause)
[2021-05-03T09:48:46.973+0000][7][gc,task     ] GC(357) Using 6 workers of 8 for evacuation
[2021-05-03T09:48:46.973+0000][7][gc,age      ] GC(357) Desired survivor size 6291456 bytes, new threshold 15 (max threshold 15)
[2021-05-03T09:48:46.975+0000][7][gc,age      ] GC(357) Age table with threshold 15 (max threshold 15)
[2021-05-03T09:48:46.975+0000][7][gc,age      ] GC(357) - age   1:     511064 bytes,     511064 total
[2021-05-03T09:48:46.975+0000][7][gc,age      ] GC(357) - age   2:     272128 bytes,     783192 total
[2021-05-03T09:48:46.975+0000][7][gc,age      ] GC(357) - age   3:       2960 bytes,     786152 total
[2021-05-03T09:48:46.975+0000][7][gc,age      ] GC(357) - age   4:        992 bytes,     787144 total
[2021-05-03T09:48:46.975+0000][7][gc,age      ] GC(357) - age   5:        312 bytes,     787456 total
[2021-05-03T09:48:46.975+0000][7][gc,age      ] GC(357) - age   6:        360 bytes,     787816 total
[2021-05-03T09:48:46.975+0000][7][gc,age      ] GC(357) - age   7:      11920 bytes,     799736 total
[2021-05-03T09:48:46.975+0000][7][gc,age      ] GC(357) - age   8:        384 bytes,     800120 total
[2021-05-03T09:48:46.975+0000][7][gc,age      ] GC(357) - age  12:       2320 bytes,     802440 total
[2021-05-03T09:48:46.975+0000][7][gc,age      ] GC(357) - age  14:        440 bytes,     802880 total
[2021-05-03T09:48:46.975+0000][7][gc,age      ] GC(357) - age  15:        152 bytes,     803032 total
[2021-05-03T09:48:46.975+0000][7][gc,phases   ] GC(357)   Pre Evacuate Collection Set: 0.1ms
[2021-05-03T09:48:46.975+0000][7][gc,phases   ] GC(357)   Merge Heap Roots: 0.0ms
[2021-05-03T09:48:46.975+0000][7][gc,phases   ] GC(357)   Evacuate Collection Set: 1.0ms
[2021-05-03T09:48:46.975+0000][7][gc,phases   ] GC(357)   Post Evacuate Collection Set: 0.4ms
[2021-05-03T09:48:46.975+0000][7][gc,phases   ] GC(357)   Other: 0.2ms
[2021-05-03T09:48:46.975+0000][7][gc,heap     ] GC(357) Eden regions: 21->0(21)
[2021-05-03T09:48:46.975+0000][7][gc,heap     ] GC(357) Survivor regions: 1->1(3)
[2021-05-03T09:48:46.975+0000][7][gc,heap     ] GC(357) Old regions: 27->27
[2021-05-03T09:48:46.975+0000][7][gc,heap     ] GC(357) Archive regions: 2->2
[2021-05-03T09:48:46.975+0000][7][gc,heap     ] GC(357) Humongous regions: 2->2
[2021-05-03T09:48:46.975+0000][7][gc,metaspace] GC(357) Metaspace: 109488K(114256K)->109488K(114256K) NonClass: 95548K(98972K)->95548K(98972K) Class: 13940K(15284K)->13940K(15284K)
[2021-05-03T09:48:46.975+0000][7][gc          ] GC(357) Pause Young (Concurrent Start) (G1 Evacuation Pause) 201M->117M(256M) 1.889ms
[2021-05-03T09:48:46.975+0000][7][gc,cpu      ] GC(357) User=0.01s Sys=0.00s Real=0.00s
[2021-05-03T09:48:46.975+0000][7][safepoint   ] Safepoint "G1CollectForAllocation", Time since last: 135054915762 ns, Reaching safepoint: 166677 ns, At safepoint: 1958918 ns, Total: 2125595 ns
[2021-05-03T09:48:46.975+0000][7][gc          ] GC(358) Concurrent Cycle
[2021-05-03T09:48:46.975+0000][7][gc,marking  ] GC(358) Concurrent Clear Claimed Marks
[2021-05-03T09:48:46.975+0000][7][gc,marking  ] GC(358) Concurrent Clear Claimed Marks 0.038ms
[2021-05-03T09:48:46.975+0000][7][gc,marking  ] GC(358) Concurrent Scan Root Regions
[2021-05-03T09:48:46.977+0000][7][gc,marking  ] GC(358) Concurrent Scan Root Regions 1.357ms
[2021-05-03T09:48:46.977+0000][7][gc,marking  ] GC(358) Concurrent Mark (27268.904s)
[2021-05-03T09:48:46.977+0000][7][gc,marking  ] GC(358) Concurrent Mark From Roots
[2021-05-03T09:48:46.977+0000][7][gc,task     ] GC(358) Using 2 workers of 2 for marking
[2021-05-03T09:48:47.056+0000][7][gc,marking  ] GC(358) Concurrent Mark From Roots 79.572ms
[2021-05-03T09:48:47.056+0000][7][gc,marking  ] GC(358) Concurrent Preclean
[2021-05-03T09:48:47.056+0000][7][gc,marking  ] GC(358) Concurrent Preclean 0.211ms
[2021-05-03T09:48:47.056+0000][7][gc,marking  ] GC(358) Concurrent Mark (27268.904s, 27268.984s) 79.832ms
[2021-05-03T09:48:47.057+0000][7][gc,start    ] GC(358) Pause Remark
[2021-05-03T09:48:47.062+0000][7][gc          ] GC(358) Pause Remark 118M->118M(256M) 5.601ms
[2021-05-03T09:48:47.062+0000][7][gc,cpu      ] GC(358) User=0.03s Sys=0.00s Real=0.01s
[2021-05-03T09:48:47.062+0000][7][safepoint   ] Safepoint "G1Concurrent", Time since last: 81361789 ns, Reaching safepoint: 104228 ns, At safepoint: 5675924 ns, Total: 5780152 ns
[2021-05-03T09:48:47.062+0000][7][gc,marking  ] GC(358) Concurrent Rebuild Remembered Sets
[2021-05-03T09:48:47.115+0000][7][gc,marking  ] GC(358) Concurrent Rebuild Remembered Sets 52.908ms
[2021-05-03T09:48:47.116+0000][7][gc,start    ] GC(358) Pause Cleanup
[2021-05-03T09:48:47.116+0000][7][gc          ] GC(358) Pause Cleanup 118M->118M(256M) 0.068ms
[2021-05-03T09:48:47.116+0000][7][gc,cpu      ] GC(358) User=0.00s Sys=0.00s Real=0.00s
[2021-05-03T09:48:47.116+0000][7][safepoint   ] Safepoint "G1Concurrent", Time since last: 53057386 ns, Reaching safepoint: 143772 ns, At safepoint: 108713 ns, Total: 252485 ns
[2021-05-03T09:48:47.116+0000][7][gc,marking  ] GC(358) Concurrent Cleanup for Next Mark
[2021-05-03T09:48:47.116+0000][7][gc,marking  ] GC(358) Concurrent Cleanup for Next Mark 0.138ms
[2021-05-03T09:48:47.116+0000][7][gc          ] GC(358) Concurrent Cycle 140.584ms
[2021-05-03T09:50:49.740+0000][7][gc,start    ] GC(359) Pause Young (Normal) (G1 Evacuation Pause)
[2021-05-03T09:50:49.740+0000][7][gc,task     ] GC(359) Using 6 workers of 8 for evacuation
[2021-05-03T09:50:49.740+0000][7][gc,age      ] GC(359) Desired survivor size 6291456 bytes, new threshold 15 (max threshold 15)
[2021-05-03T09:50:49.741+0000][7][gc,age      ] GC(359) Age table with threshold 15 (max threshold 15)
[2021-05-03T09:50:49.741+0000][7][gc,age      ] GC(359) - age   1:     553096 bytes,     553096 total
[2021-05-03T09:50:49.741+0000][7][gc,age      ] GC(359) - age   2:        552 bytes,     553648 total
[2021-05-03T09:50:49.741+0000][7][gc,age      ] GC(359) - age   3:     150864 bytes,     704512 total
[2021-05-03T09:50:49.741+0000][7][gc,age      ] GC(359) - age   4:       2848 bytes,     707360 total
[2021-05-03T09:50:49.741+0000][7][gc,age      ] GC(359) - age   5:        992 bytes,     708352 total
[2021-05-03T09:50:49.741+0000][7][gc,age      ] GC(359) - age   6:        256 bytes,     708608 total
[2021-05-03T09:50:49.741+0000][7][gc,age      ] GC(359) - age   7:        360 bytes,     708968 total
[2021-05-03T09:50:49.741+0000][7][gc,age      ] GC(359) - age   8:      11920 bytes,     720888 total
[2021-05-03T09:50:49.741+0000][7][gc,age      ] GC(359) - age   9:        384 bytes,     721272 total
[2021-05-03T09:50:49.741+0000][7][gc,age      ] GC(359) - age  13:       2320 bytes,     723592 total
[2021-05-03T09:50:49.741+0000][7][gc,age      ] GC(359) - age  15:        440 bytes,     724032 total
[2021-05-03T09:50:49.741+0000][7][gc,phases   ] GC(359)   Pre Evacuate Collection Set: 0.0ms
[2021-05-03T09:50:49.741+0000][7][gc,phases   ] GC(359)   Merge Heap Roots: 0.1ms
[2021-05-03T09:50:49.741+0000][7][gc,phases   ] GC(359)   Evacuate Collection Set: 0.9ms
[2021-05-03T09:50:49.741+0000][7][gc,phases   ] GC(359)   Post Evacuate Collection Set: 0.6ms
[2021-05-03T09:50:49.741+0000][7][gc,phases   ] GC(359)   Other: 0.2ms
[2021-05-03T09:50:49.741+0000][7][gc,heap     ] GC(359) Eden regions: 21->0(21)
[2021-05-03T09:50:49.741+0000][7][gc,heap     ] GC(359) Survivor regions: 1->1(3)
[2021-05-03T09:50:49.741+0000][7][gc,heap     ] GC(359) Old regions: 27->27
[2021-05-03T09:50:49.741+0000][7][gc,heap     ] GC(359) Archive regions: 2->2
[2021-05-03T09:50:49.741+0000][7][gc,heap     ] GC(359) Humongous regions: 2->2
[2021-05-03T09:50:49.742+0000][7][gc,metaspace] GC(359) Metaspace: 109488K(114256K)->109488K(114256K) NonClass: 95548K(98972K)->95548K(98972K) Class: 13940K(15284K)->13940K(15284K)
[2021-05-03T09:50:49.742+0000][7][gc          ] GC(359) Pause Young (Normal) (G1 Evacuation Pause) 201M->117M(256M) 1.876ms
[2021-05-03T09:50:49.742+0000][7][gc,cpu      ] GC(359) User=0.01s Sys=0.00s Real=0.01s
[2021-05-03T09:50:49.742+0000][7][safepoint   ] Safepoint "G1CollectForAllocation", Time since last: 122623850239 ns, Reaching safepoint: 148815 ns, At safepoint: 1937028 ns, Total: 2085843 ns
[2021-05-03T09:53:03.692+0000][7][gc,start    ] GC(360) Pause Young (Concurrent Start) (G1 Evacuation Pause)
[2021-05-03T09:53:03.692+0000][7][gc,task     ] GC(360) Using 6 workers of 8 for evacuation
[2021-05-03T09:53:03.692+0000][7][gc,age      ] GC(360) Desired survivor size 6291456 bytes, new threshold 15 (max threshold 15)
[2021-05-03T09:53:03.693+0000][7][gc,age      ] GC(360) Age table with threshold 15 (max threshold 15)
[2021-05-03T09:53:03.693+0000][7][gc,age      ] GC(360) - age   1:     521544 bytes,     521544 total
[2021-05-03T09:53:03.693+0000][7][gc,age      ] GC(360) - age   2:       1264 bytes,     522808 total
[2021-05-03T09:53:03.693+0000][7][gc,age      ] GC(360) - age   3:        456 bytes,     523264 total
[2021-05-03T09:53:03.693+0000][7][gc,age      ] GC(360) - age   4:     150840 bytes,     674104 total
[2021-05-03T09:53:03.693+0000][7][gc,age      ] GC(360) - age   5:       2728 bytes,     676832 total
[2021-05-03T09:53:03.693+0000][7][gc,age      ] GC(360) - age   6:        896 bytes,     677728 total
[2021-05-03T09:53:03.693+0000][7][gc,age      ] GC(360) - age   7:        232 bytes,     677960 total
[2021-05-03T09:53:03.693+0000][7][gc,age      ] GC(360) - age   8:        120 bytes,     678080 total
[2021-05-03T09:53:03.693+0000][7][gc,age      ] GC(360) - age   9:      11920 bytes,     690000 total
[2021-05-03T09:53:03.693+0000][7][gc,age      ] GC(360) - age  10:        384 bytes,     690384 total
[2021-05-03T09:53:03.693+0000][7][gc,age      ] GC(360) - age  14:       2320 bytes,     692704 total
[2021-05-03T09:53:03.693+0000][7][gc,phases   ] GC(360)   Pre Evacuate Collection Set: 0.1ms
[2021-05-03T09:53:03.693+0000][7][gc,phases   ] GC(360)   Merge Heap Roots: 0.0ms
[2021-05-03T09:53:03.693+0000][7][gc,phases   ] GC(360)   Evacuate Collection Set: 0.8ms
[2021-05-03T09:53:03.693+0000][7][gc,phases   ] GC(360)   Post Evacuate Collection Set: 0.5ms
[2021-05-03T09:53:03.693+0000][7][gc,phases   ] GC(360)   Other: 0.2ms
[2021-05-03T09:53:03.693+0000][7][gc,heap     ] GC(360) Eden regions: 21->0(21)
[2021-05-03T09:53:03.693+0000][7][gc,heap     ] GC(360) Survivor regions: 1->1(3)
[2021-05-03T09:53:03.693+0000][7][gc,heap     ] GC(360) Old regions: 27->27
[2021-05-03T09:53:03.693+0000][7][gc,heap     ] GC(360) Archive regions: 2->2
[2021-05-03T09:53:03.693+0000][7][gc,heap     ] GC(360) Humongous regions: 2->2
[2021-05-03T09:53:03.693+0000][7][gc,metaspace] GC(360) Metaspace: 109488K(114256K)->109488K(114256K) NonClass: 95548K(98972K)->95548K(98972K) Class: 13940K(15284K)->13940K(15284K)
[2021-05-03T09:53:03.693+0000][7][gc          ] GC(360) Pause Young (Concurrent Start) (G1 Evacuation Pause) 201M->117M(256M) 1.681ms
[2021-05-03T09:53:03.693+0000][7][gc,cpu      ] GC(360) User=0.01s Sys=0.00s Real=0.01s
[2021-05-03T09:53:03.693+0000][7][safepoint   ] Safepoint "G1CollectForAllocation", Time since last: 133949946037 ns, Reaching safepoint: 80081 ns, At safepoint: 1740730 ns, Total: 1820811 ns
[2021-05-03T09:53:03.693+0000][7][gc          ] GC(361) Concurrent Cycle
[2021-05-03T09:53:03.693+0000][7][gc,marking  ] GC(361) Concurrent Clear Claimed Marks
[2021-05-03T09:53:03.693+0000][7][gc,marking  ] GC(361) Concurrent Clear Claimed Marks 0.038ms
[2021-05-03T09:53:03.693+0000][7][gc,marking  ] GC(361) Concurrent Scan Root Regions
[2021-05-03T09:53:03.694+0000][7][gc,marking  ] GC(361) Concurrent Scan Root Regions 0.711ms
[2021-05-03T09:53:03.694+0000][7][gc,marking  ] GC(361) Concurrent Mark (27525.622s)
[2021-05-03T09:53:03.694+0000][7][gc,marking  ] GC(361) Concurrent Mark From Roots
[2021-05-03T09:53:03.694+0000][7][gc,task     ] GC(361) Using 2 workers of 2 for marking
[2021-05-03T09:53:03.776+0000][7][gc,marking  ] GC(361) Concurrent Mark From Roots 81.947ms
[2021-05-03T09:53:03.776+0000][7][gc,marking  ] GC(361) Concurrent Preclean
[2021-05-03T09:53:03.776+0000][7][gc,marking  ] GC(361) Concurrent Preclean 0.206ms
[2021-05-03T09:53:03.776+0000][7][gc,marking  ] GC(361) Concurrent Mark (27525.622s, 27525.704s) 82.213ms
[2021-05-03T09:53:03.776+0000][7][gc,start    ] GC(361) Pause Remark
[2021-05-03T09:53:03.782+0000][7][gc          ] GC(361) Pause Remark 117M->117M(256M) 5.622ms
[2021-05-03T09:53:03.782+0000][7][gc,cpu      ] GC(361) User=0.03s Sys=0.00s Real=0.01s
[2021-05-03T09:53:03.782+0000][7][safepoint   ] Safepoint "G1Concurrent", Time since last: 83064565 ns, Reaching safepoint: 93310 ns, At safepoint: 5697830 ns, Total: 5791140 ns
[2021-05-03T09:53:03.782+0000][7][gc,marking  ] GC(361) Concurrent Rebuild Remembered Sets
[2021-05-03T09:53:03.835+0000][7][gc,marking  ] GC(361) Concurrent Rebuild Remembered Sets 53.024ms
[2021-05-03T09:53:03.835+0000][7][gc,start    ] GC(361) Pause Cleanup
[2021-05-03T09:53:03.836+0000][7][gc          ] GC(361) Pause Cleanup 117M->117M(256M) 0.066ms
[2021-05-03T09:53:03.836+0000][7][gc,cpu      ] GC(361) User=0.00s Sys=0.00s Real=0.00s
[2021-05-03T09:53:03.836+0000][7][safepoint   ] Safepoint "G1Concurrent", Time since last: 53163159 ns, Reaching safepoint: 102852 ns, At safepoint: 104112 ns, Total: 206964 ns
[2021-05-03T09:53:03.836+0000][7][gc,marking  ] GC(361) Concurrent Cleanup for Next Mark
[2021-05-03T09:53:03.836+0000][7][gc,marking  ] GC(361) Concurrent Cleanup for Next Mark 0.129ms
[2021-05-03T09:53:03.836+0000][7][gc          ] GC(361) Concurrent Cycle 142.384ms
[2021-05-03T09:53:42.845+0000][7][safepoint   ] Safepoint "Cleanup", Time since last: 39008961594 ns, Reaching safepoint: 127425 ns, At safepoint: 7036 ns, Total: 134461 ns
[2021-05-03T09:55:06.217+0000][7][gc,start    ] GC(362) Pause Young (Normal) (G1 Evacuation Pause)
[2021-05-03T09:55:06.217+0000][7][gc,task     ] GC(362) Using 6 workers of 8 for evacuation
[2021-05-03T09:55:06.217+0000][7][gc,age      ] GC(362) Desired survivor size 6291456 bytes, new threshold 15 (max threshold 15)
[2021-05-03T09:55:06.219+0000][7][gc,age      ] GC(362) Age table with threshold 15 (max threshold 15)
[2021-05-03T09:55:06.219+0000][7][gc,age      ] GC(362) - age   1:     526992 bytes,     526992 total
[2021-05-03T09:55:06.219+0000][7][gc,age      ] GC(362) - age   2:       1096 bytes,     528088 total
[2021-05-03T09:55:06.219+0000][7][gc,age      ] GC(362) - age   3:        224 bytes,     528312 total
[2021-05-03T09:55:06.219+0000][7][gc,age      ] GC(362) - age   4:        312 bytes,     528624 total
[2021-05-03T09:55:06.219+0000][7][gc,age      ] GC(362) - age   5:     150600 bytes,     679224 total
[2021-05-03T09:55:06.219+0000][7][gc,age      ] GC(362) - age   6:        232 bytes,     679456 total
[2021-05-03T09:55:06.219+0000][7][gc,age      ] GC(362) - age   7:        760 bytes,     680216 total
[2021-05-03T09:55:06.219+0000][7][gc,age      ] GC(362) - age   8:        200 bytes,     680416 total
[2021-05-03T09:55:06.219+0000][7][gc,age      ] GC(362) - age  10:      11920 bytes,     692336 total
[2021-05-03T09:55:06.219+0000][7][gc,age      ] GC(362) - age  11:        384 bytes,     692720 total
[2021-05-03T09:55:06.219+0000][7][gc,age      ] GC(362) - age  15:       2320 bytes,     695040 total
[2021-05-03T09:55:06.219+0000][7][gc,phases   ] GC(362)   Pre Evacuate Collection Set: 0.1ms
[2021-05-03T09:55:06.219+0000][7][gc,phases   ] GC(362)   Merge Heap Roots: 0.0ms
[2021-05-03T09:55:06.219+0000][7][gc,phases   ] GC(362)   Evacuate Collection Set: 0.9ms
[2021-05-03T09:55:06.219+0000][7][gc,phases   ] GC(362)   Post Evacuate Collection Set: 0.7ms
[2021-05-03T09:55:06.219+0000][7][gc,phases   ] GC(362)   Other: 0.2ms
[2021-05-03T09:55:06.219+0000][7][gc,heap     ] GC(362) Eden regions: 21->0(21)
[2021-05-03T09:55:06.219+0000][7][gc,heap     ] GC(362) Survivor regions: 1->1(3)
[2021-05-03T09:55:06.219+0000][7][gc,heap     ] GC(362) Old regions: 27->27
[2021-05-03T09:55:06.219+0000][7][gc,heap     ] GC(362) Archive regions: 2->2
[2021-05-03T09:55:06.219+0000][7][gc,heap     ] GC(362) Humongous regions: 2->2
[2021-05-03T09:55:06.219+0000][7][gc,metaspace] GC(362) Metaspace: 109512K(114256K)->109512K(114256K) NonClass: 95572K(98972K)->95572K(98972K) Class: 13940K(15284K)->13940K(15284K)
[2021-05-03T09:55:06.219+0000][7][gc          ] GC(362) Pause Young (Normal) (G1 Evacuation Pause) 201M->117M(256M) 1.983ms
[2021-05-03T09:55:06.219+0000][7][gc,cpu      ] GC(362) User=0.01s Sys=0.00s Real=0.00s
[2021-05-03T09:55:06.219+0000][7][safepoint   ] Safepoint "G1CollectForAllocation", Time since last: 83372370017 ns, Reaching safepoint: 117193 ns, At safepoint: 2043289 ns, Total: 2160482 ns
[2021-05-03T09:55:40.230+0000][7][safepoint   ] Safepoint "Cleanup", Time since last: 34010423095 ns, Reaching safepoint: 90735 ns, At safepoint: 5925 ns, Total: 96660 ns
[2021-05-03T09:55:41.230+0000][7][safepoint   ] Safepoint "Cleanup", Time since last: 1000307122 ns, Reaching safepoint: 112866 ns, At safepoint: 7119 ns, Total: 119985 ns
[2021-05-03T09:56:10.237+0000][7][safepoint   ] Safepoint "Cleanup", Time since last: 29007183494 ns, Reaching safepoint: 109275 ns, At safepoint: 6130 ns, Total: 115405 ns
[2021-05-03T09:56:49.108+0000][7][gc,start    ] GC(363) Pause Young (Concurrent Start) (G1 Evacuation Pause)
[2021-05-03T09:56:49.109+0000][7][gc,task     ] GC(363) Using 6 workers of 8 for evacuation
[2021-05-03T09:56:49.109+0000][7][gc,age      ] GC(363) Desired survivor size 6291456 bytes, new threshold 15 (max threshold 15)
[2021-05-03T09:56:49.110+0000][7][gc,age      ] GC(363) Age table with threshold 15 (max threshold 15)
[2021-05-03T09:56:49.110+0000][7][gc,age      ] GC(363) - age   1:     809352 bytes,     809352 total
[2021-05-03T09:56:49.110+0000][7][gc,age      ] GC(363) - age   2:       3440 bytes,     812792 total
[2021-05-03T09:56:49.110+0000][7][gc,age      ] GC(363) - age   3:        896 bytes,     813688 total
[2021-05-03T09:56:49.110+0000][7][gc,age      ] GC(363) - age   4:        224 bytes,     813912 total
[2021-05-03T09:56:49.110+0000][7][gc,age      ] GC(363) - age   5:        264 bytes,     814176 total
[2021-05-03T09:56:49.110+0000][7][gc,age      ] GC(363) - age   6:       1504 bytes,     815680 total
[2021-05-03T09:56:49.110+0000][7][gc,age      ] GC(363) - age   7:        232 bytes,     815912 total
[2021-05-03T09:56:49.110+0000][7][gc,age      ] GC(363) - age   8:        760 bytes,     816672 total
[2021-05-03T09:56:49.110+0000][7][gc,age      ] GC(363) - age  11:       7232 bytes,     823904 total
[2021-05-03T09:56:49.110+0000][7][gc,age      ] GC(363) - age  12:        344 bytes,     824248 total
[2021-05-03T09:56:49.110+0000][7][gc,phases   ] GC(363)   Pre Evacuate Collection Set: 0.2ms
[2021-05-03T09:56:49.110+0000][7][gc,phases   ] GC(363)   Merge Heap Roots: 0.0ms
[2021-05-03T09:56:49.110+0000][7][gc,phases   ] GC(363)   Evacuate Collection Set: 0.7ms
[2021-05-03T09:56:49.110+0000][7][gc,phases   ] GC(363)   Post Evacuate Collection Set: 0.4ms
[2021-05-03T09:56:49.110+0000][7][gc,phases   ] GC(363)   Other: 0.2ms
[2021-05-03T09:56:49.110+0000][7][gc,heap     ] GC(363) Eden regions: 21->0(21)
[2021-05-03T09:56:49.110+0000][7][gc,heap     ] GC(363) Survivor regions: 1->1(3)
[2021-05-03T09:56:49.110+0000][7][gc,heap     ] GC(363) Old regions: 27->27
[2021-05-03T09:56:49.110+0000][7][gc,heap     ] GC(363) Archive regions: 2->2
[2021-05-03T09:56:49.110+0000][7][gc,heap     ] GC(363) Humongous regions: 2->2
[2021-05-03T09:56:49.110+0000][7][gc,metaspace] GC(363) Metaspace: 109530K(114256K)->109530K(114256K) NonClass: 95590K(98972K)->95590K(98972K) Class: 13940K(15284K)->13940K(15284K)
[2021-05-03T09:56:49.110+0000][7][gc          ] GC(363) Pause Young (Concurrent Start) (G1 Evacuation Pause) 201M->117M(256M) 1.570ms
[2021-05-03T09:56:49.110+0000][7][gc,cpu      ] GC(363) User=0.00s Sys=0.00s Real=0.00s
[2021-05-03T09:56:49.110+0000][7][safepoint   ] Safepoint "G1CollectForAllocation", Time since last: 38870871561 ns, Reaching safepoint: 154104 ns, At safepoint: 1650637 ns, Total: 1804741 ns
[2021-05-03T09:56:49.110+0000][7][gc          ] GC(364) Concurrent Cycle
[2021-05-03T09:56:49.110+0000][7][gc,marking  ] GC(364) Concurrent Clear Claimed Marks
[2021-05-03T09:56:49.110+0000][7][gc,marking  ] GC(364) Concurrent Clear Claimed Marks 0.044ms
[2021-05-03T09:56:49.110+0000][7][gc,marking  ] GC(364) Concurrent Scan Root Regions
[2021-05-03T09:56:49.111+0000][7][gc,marking  ] GC(364) Concurrent Scan Root Regions 0.773ms
[2021-05-03T09:56:49.111+0000][7][gc,marking  ] GC(364) Concurrent Mark (27751.039s)
[2021-05-03T09:56:49.111+0000][7][gc,marking  ] GC(364) Concurrent Mark From Roots
[2021-05-03T09:56:49.111+0000][7][gc,task     ] GC(364) Using 2 workers of 2 for marking
[2021-05-03T09:56:49.191+0000][7][gc,marking  ] GC(364) Concurrent Mark From Roots 79.693ms
[2021-05-03T09:56:49.191+0000][7][gc,marking  ] GC(364) Concurrent Preclean
[2021-05-03T09:56:49.191+0000][7][gc,marking  ] GC(364) Concurrent Preclean 0.209ms
[2021-05-03T09:56:49.191+0000][7][gc,marking  ] GC(364) Concurrent Mark (27751.039s, 27751.119s) 79.953ms
[2021-05-03T09:56:49.191+0000][7][gc,start    ] GC(364) Pause Remark
[2021-05-03T09:56:49.197+0000][7][gc          ] GC(364) Pause Remark 118M->118M(256M) 5.824ms
[2021-05-03T09:56:49.197+0000][7][gc,cpu      ] GC(364) User=0.03s Sys=0.01s Real=0.01s
[2021-05-03T09:56:49.197+0000][7][safepoint   ] Safepoint "G1Concurrent", Time since last: 80907942 ns, Reaching safepoint: 184346 ns, At safepoint: 5902094 ns, Total: 6086440 ns
[2021-05-03T09:56:49.197+0000][7][gc,marking  ] GC(364) Concurrent Rebuild Remembered Sets
[2021-05-03T09:56:49.250+0000][7][gc,marking  ] GC(364) Concurrent Rebuild Remembered Sets 53.104ms
[2021-05-03T09:56:49.250+0000][7][gc,start    ] GC(364) Pause Cleanup
[2021-05-03T09:56:49.251+0000][7][gc          ] GC(364) Pause Cleanup 118M->118M(256M) 0.068ms
[2021-05-03T09:56:49.251+0000][7][gc,cpu      ] GC(364) User=0.00s Sys=0.00s Real=0.00s
[2021-05-03T09:56:49.251+0000][7][safepoint   ] Safepoint "G1Concurrent", Time since last: 53248347 ns, Reaching safepoint: 107767 ns, At safepoint: 107903 ns, Total: 215670 ns
[2021-05-03T09:56:49.251+0000][7][gc,marking  ] GC(364) Concurrent Cleanup for Next Mark
[2021-05-03T09:56:49.251+0000][7][gc,marking  ] GC(364) Concurrent Cleanup for Next Mark 0.196ms
[2021-05-03T09:56:49.251+0000][7][gc          ] GC(364) Concurrent Cycle 140.725ms
[2021-05-03T09:59:01.264+0000][7][gc,start    ] GC(365) Pause Young (Normal) (G1 Evacuation Pause)
[2021-05-03T09:59:01.264+0000][7][gc,task     ] GC(365) Using 6 workers of 8 for evacuation
[2021-05-03T09:59:01.264+0000][7][gc,age      ] GC(365) Desired survivor size 6291456 bytes, new threshold 15 (max threshold 15)
[2021-05-03T09:59:01.265+0000][7][gc,age      ] GC(365) Age table with threshold 15 (max threshold 15)
[2021-05-03T09:59:01.265+0000][7][gc,age      ] GC(365) - age   1:     527048 bytes,     527048 total
[2021-05-03T09:59:01.265+0000][7][gc,age      ] GC(365) - age   2:     303232 bytes,     830280 total
[2021-05-03T09:59:01.265+0000][7][gc,age      ] GC(365) - age   3:       3096 bytes,     833376 total
[2021-05-03T09:59:01.265+0000][7][gc,age      ] GC(365) - age   4:        896 bytes,     834272 total
[2021-05-03T09:59:01.265+0000][7][gc,age      ] GC(365) - age   5:        224 bytes,     834496 total
[2021-05-03T09:59:01.265+0000][7][gc,age      ] GC(365) - age   6:        240 bytes,     834736 total
[2021-05-03T09:59:01.265+0000][7][gc,age      ] GC(365) - age   7:       1504 bytes,     836240 total
[2021-05-03T09:59:01.265+0000][7][gc,age      ] GC(365) - age   8:        232 bytes,     836472 total
[2021-05-03T09:59:01.265+0000][7][gc,age      ] GC(365) - age   9:        760 bytes,     837232 total
[2021-05-03T09:59:01.265+0000][7][gc,age      ] GC(365) - age  12:       7232 bytes,     844464 total
[2021-05-03T09:59:01.265+0000][7][gc,age      ] GC(365) - age  13:        344 bytes,     844808 total
[2021-05-03T09:59:01.265+0000][7][gc,phases   ] GC(365)   Pre Evacuate Collection Set: 0.1ms
[2021-05-03T09:59:01.265+0000][7][gc,phases   ] GC(365)   Merge Heap Roots: 0.0ms
[2021-05-03T09:59:01.265+0000][7][gc,phases   ] GC(365)   Evacuate Collection Set: 0.9ms
[2021-05-03T09:59:01.265+0000][7][gc,phases   ] GC(365)   Post Evacuate Collection Set: 0.4ms
[2021-05-03T09:59:01.265+0000][7][gc,phases   ] GC(365)   Other: 0.2ms
[2021-05-03T09:59:01.265+0000][7][gc,heap     ] GC(365) Eden regions: 21->0(21)
[2021-05-03T09:59:01.265+0000][7][gc,heap     ] GC(365) Survivor regions: 1->1(3)
[2021-05-03T09:59:01.265+0000][7][gc,heap     ] GC(365) Old regions: 27->27
[2021-05-03T09:59:01.265+0000][7][gc,heap     ] GC(365) Archive regions: 2->2
[2021-05-03T09:59:01.265+0000][7][gc,heap     ] GC(365) Humongous regions: 2->2
[2021-05-03T09:59:01.265+0000][7][gc,metaspace] GC(365) Metaspace: 109531K(114256K)->109531K(114256K) NonClass: 95591K(98972K)->95591K(98972K) Class: 13940K(15284K)->13940K(15284K)
[2021-05-03T09:59:01.265+0000][7][gc          ] GC(365) Pause Young (Normal) (G1 Evacuation Pause) 201M->117M(256M) 1.628ms
[2021-05-03T09:59:01.265+0000][7][gc,cpu      ] GC(365) User=0.01s Sys=0.00s Real=0.00s
[2021-05-03T09:59:01.265+0000][7][safepoint   ] Safepoint "G1CollectForAllocation", Time since last: 132013127413 ns, Reaching safepoint: 114341 ns, At safepoint: 1691466 ns, Total: 1805807 ns
[2021-05-03T10:01:05.975+0000][7][gc,start    ] GC(366) Pause Young (Concurrent Start) (G1 Evacuation Pause)
[2021-05-03T10:01:05.975+0000][7][gc,task     ] GC(366) Using 6 workers of 8 for evacuation
[2021-05-03T10:01:05.975+0000][7][gc,age      ] GC(366) Desired survivor size 6291456 bytes, new threshold 15 (max threshold 15)
[2021-05-03T10:01:05.977+0000][7][gc,age      ] GC(366) Age table with threshold 15 (max threshold 15)
[2021-05-03T10:01:05.977+0000][7][gc,age      ] GC(366) - age   1:     523232 bytes,     523232 total
[2021-05-03T10:01:05.977+0000][7][gc,age      ] GC(366) - age   2:        472 bytes,     523704 total
[2021-05-03T10:01:05.977+0000][7][gc,age      ] GC(366) - age   3:     181872 bytes,     705576 total
[2021-05-03T10:01:05.977+0000][7][gc,age      ] GC(366) - age   4:       2832 bytes,     708408 total
[2021-05-03T10:01:05.977+0000][7][gc,age      ] GC(366) - age   5:        800 bytes,     709208 total
[2021-05-03T10:01:05.977+0000][7][gc,age      ] GC(366) - age   6:         24 bytes,     709232 total
[2021-05-03T10:01:05.977+0000][7][gc,age      ] GC(366) - age   7:        240 bytes,     709472 total
[2021-05-03T10:01:05.977+0000][7][gc,age      ] GC(366) - age   8:       1504 bytes,     710976 total
[2021-05-03T10:01:05.977+0000][7][gc,age      ] GC(366) - age  10:        720 bytes,     711696 total
[2021-05-03T10:01:05.977+0000][7][gc,age      ] GC(366) - age  13:       7232 bytes,     718928 total
[2021-05-03T10:01:05.977+0000][7][gc,age      ] GC(366) - age  14:        344 bytes,     719272 total
[2021-05-03T10:01:05.977+0000][7][gc,phases   ] GC(366)   Pre Evacuate Collection Set: 0.1ms
[2021-05-03T10:01:05.977+0000][7][gc,phases   ] GC(366)   Merge Heap Roots: 0.0ms
[2021-05-03T10:01:05.977+0000][7][gc,phases   ] GC(366)   Evacuate Collection Set: 0.8ms
[2021-05-03T10:01:05.977+0000][7][gc,phases   ] GC(366)   Post Evacuate Collection Set: 0.6ms
[2021-05-03T10:01:05.977+0000][7][gc,phases   ] GC(366)   Other: 0.2ms
[2021-05-03T10:01:05.977+0000][7][gc,heap     ] GC(366) Eden regions: 21->0(21)
[2021-05-03T10:01:05.977+0000][7][gc,heap     ] GC(366) Survivor regions: 1->1(3)
[2021-05-03T10:01:05.977+0000][7][gc,heap     ] GC(366) Old regions: 27->27
[2021-05-03T10:01:05.977+0000][7][gc,heap     ] GC(366) Archive regions: 2->2
[2021-05-03T10:01:05.977+0000][7][gc,heap     ] GC(366) Humongous regions: 2->2
[2021-05-03T10:01:05.977+0000][7][gc,metaspace] GC(366) Metaspace: 109531K(114256K)->109531K(114256K) NonClass: 95591K(98972K)->95591K(98972K) Class: 13940K(15284K)->13940K(15284K)
[2021-05-03T10:01:05.977+0000][7][gc          ] GC(366) Pause Young (Concurrent Start) (G1 Evacuation Pause) 201M->117M(256M) 1.873ms
[2021-05-03T10:01:05.977+0000][7][gc,cpu      ] GC(366) User=0.01s Sys=0.00s Real=0.00s
[2021-05-03T10:01:05.977+0000][7][safepoint   ] Safepoint "G1CollectForAllocation", Time since last: 124709452671 ns, Reaching safepoint: 173738 ns, At safepoint: 1945074 ns, Total: 2118812 ns
[2021-05-03T10:01:05.977+0000][7][gc          ] GC(367) Concurrent Cycle
[2021-05-03T10:01:05.977+0000][7][gc,marking  ] GC(367) Concurrent Clear Claimed Marks
[2021-05-03T10:01:05.977+0000][7][gc,marking  ] GC(367) Concurrent Clear Claimed Marks 0.041ms
[2021-05-03T10:01:05.977+0000][7][gc,marking  ] GC(367) Concurrent Scan Root Regions
[2021-05-03T10:01:05.979+0000][7][gc,marking  ] GC(367) Concurrent Scan Root Regions 1.782ms
[2021-05-03T10:01:05.979+0000][7][gc,marking  ] GC(367) Concurrent Mark (28007.907s)
[2021-05-03T10:01:05.979+0000][7][gc,marking  ] GC(367) Concurrent Mark From Roots
[2021-05-03T10:01:05.979+0000][7][gc,task     ] GC(367) Using 2 workers of 2 for marking
[2021-05-03T10:01:06.060+0000][7][gc,marking  ] GC(367) Concurrent Mark From Roots 80.826ms
[2021-05-03T10:01:06.060+0000][7][gc,marking  ] GC(367) Concurrent Preclean
[2021-05-03T10:01:06.060+0000][7][gc,marking  ] GC(367) Concurrent Preclean 0.232ms
[2021-05-03T10:01:06.060+0000][7][gc,marking  ] GC(367) Concurrent Mark (28007.907s, 28007.988s) 81.108ms
[2021-05-03T10:01:06.060+0000][7][gc,start    ] GC(367) Pause Remark
[2021-05-03T10:01:06.066+0000][7][gc          ] GC(367) Pause Remark 118M->118M(256M) 6.004ms
[2021-05-03T10:01:06.066+0000][7][gc,cpu      ] GC(367) User=0.04s Sys=0.00s Real=0.00s
[2021-05-03T10:01:06.066+0000][7][safepoint   ] Safepoint "G1Concurrent", Time since last: 83066291 ns, Reaching safepoint: 89108 ns, At safepoint: 6093304 ns, Total: 6182412 ns
[2021-05-03T10:01:06.066+0000][7][gc,marking  ] GC(367) Concurrent Rebuild Remembered Sets
[2021-05-03T10:01:06.119+0000][7][gc,marking  ] GC(367) Concurrent Rebuild Remembered Sets 52.741ms
[2021-05-03T10:01:06.119+0000][7][gc,start    ] GC(367) Pause Cleanup
[2021-05-03T10:01:06.119+0000][7][gc          ] GC(367) Pause Cleanup 118M->118M(256M) 0.068ms
[2021-05-03T10:01:06.119+0000][7][gc,cpu      ] GC(367) User=0.00s Sys=0.00s Real=0.00s
[2021-05-03T10:01:06.119+0000][7][safepoint   ] Safepoint "G1Concurrent", Time since last: 52896237 ns, Reaching safepoint: 84506 ns, At safepoint: 114110 ns, Total: 198616 ns
[2021-05-03T10:01:06.119+0000][7][gc,marking  ] GC(367) Concurrent Cleanup for Next Mark
[2021-05-03T10:01:06.120+0000][7][gc,marking  ] GC(367) Concurrent Cleanup for Next Mark 0.173ms
[2021-05-03T10:01:06.120+0000][7][gc          ] GC(367) Concurrent Cycle 142.544ms
[2021-05-03T10:03:10.147+0000][7][safepoint   ] Safepoint "Cleanup", Time since last: 124027378044 ns, Reaching safepoint: 168365 ns, At safepoint: 7072 ns, Total: 175437 ns
[2021-05-03T10:03:19.793+0000][7][gc,start    ] GC(368) Pause Young (Normal) (G1 Evacuation Pause)
[2021-05-03T10:03:19.793+0000][7][gc,task     ] GC(368) Using 6 workers of 8 for evacuation
[2021-05-03T10:03:19.793+0000][7][gc,age      ] GC(368) Desired survivor size 6291456 bytes, new threshold 15 (max threshold 15)
[2021-05-03T10:03:19.794+0000][7][gc,age      ] GC(368) Age table with threshold 15 (max threshold 15)
[2021-05-03T10:03:19.794+0000][7][gc,age      ] GC(368) - age   1:     479184 bytes,     479184 total
[2021-05-03T10:03:19.794+0000][7][gc,age      ] GC(368) - age   2:        928 bytes,     480112 total
[2021-05-03T10:03:19.794+0000][7][gc,age      ] GC(368) - age   3:        424 bytes,     480536 total
[2021-05-03T10:03:19.794+0000][7][gc,age      ] GC(368) - age   4:     181632 bytes,     662168 total
[2021-05-03T10:03:19.794+0000][7][gc,age      ] GC(368) - age   5:       2808 bytes,     664976 total
[2021-05-03T10:03:19.794+0000][7][gc,age      ] GC(368) - age   6:        680 bytes,     665656 total
[2021-05-03T10:03:19.794+0000][7][gc,age      ] GC(368) - age   7:         24 bytes,     665680 total
[2021-05-03T10:03:19.794+0000][7][gc,age      ] GC(368) - age   8:        240 bytes,     665920 total
[2021-05-03T10:03:19.794+0000][7][gc,age      ] GC(368) - age   9:       1504 bytes,     667424 total
[2021-05-03T10:03:19.794+0000][7][gc,age      ] GC(368) - age  11:        720 bytes,     668144 total
[2021-05-03T10:03:19.794+0000][7][gc,age      ] GC(368) - age  14:       7136 bytes,     675280 total
[2021-05-03T10:03:19.794+0000][7][gc,age      ] GC(368) - age  15:        104 bytes,     675384 total
[2021-05-03T10:03:19.794+0000][7][gc,phases   ] GC(368)   Pre Evacuate Collection Set: 0.1ms
[2021-05-03T10:03:19.794+0000][7][gc,phases   ] GC(368)   Merge Heap Roots: 0.0ms
[2021-05-03T10:03:19.794+0000][7][gc,phases   ] GC(368)   Evacuate Collection Set: 0.9ms
[2021-05-03T10:03:19.794+0000][7][gc,phases   ] GC(368)   Post Evacuate Collection Set: 0.5ms
[2021-05-03T10:03:19.794+0000][7][gc,phases   ] GC(368)   Other: 0.2ms
[2021-05-03T10:03:19.794+0000][7][gc,heap     ] GC(368) Eden regions: 21->0(21)
[2021-05-03T10:03:19.794+0000][7][gc,heap     ] GC(368) Survivor regions: 1->1(3)
[2021-05-03T10:03:19.794+0000][7][gc,heap     ] GC(368) Old regions: 27->27
[2021-05-03T10:03:19.794+0000][7][gc,heap     ] GC(368) Archive regions: 2->2
[2021-05-03T10:03:19.794+0000][7][gc,heap     ] GC(368) Humongous regions: 2->2
[2021-05-03T10:03:19.794+0000][7][gc,metaspace] GC(368) Metaspace: 109535K(114256K)->109535K(114256K) NonClass: 95595K(98972K)->95595K(98972K) Class: 13940K(15284K)->13940K(15284K)
[2021-05-03T10:03:19.794+0000][7][gc          ] GC(368) Pause Young (Normal) (G1 Evacuation Pause) 201M->117M(256M) 1.748ms
[2021-05-03T10:03:19.794+0000][7][gc,cpu      ] GC(368) User=0.01s Sys=0.00s Real=0.00s
[2021-05-03T10:03:19.794+0000][7][safepoint   ] Safepoint "G1CollectForAllocation", Time since last: 9645438298 ns, Reaching safepoint: 80199 ns, At safepoint: 1819595 ns, Total: 1899794 ns
[2021-05-03T10:04:39.805+0000][7][safepoint   ] Safepoint "Cleanup", Time since last: 80010804538 ns, Reaching safepoint: 106082 ns, At safepoint: 6243 ns, Total: 112325 ns
[2021-05-03T10:05:22.367+0000][7][gc,start    ] GC(369) Pause Young (Concurrent Start) (G1 Evacuation Pause)
[2021-05-03T10:05:22.367+0000][7][gc,task     ] GC(369) Using 6 workers of 8 for evacuation
[2021-05-03T10:05:22.367+0000][7][gc,age      ] GC(369) Desired survivor size 6291456 bytes, new threshold 15 (max threshold 15)
[2021-05-03T10:05:22.369+0000][7][gc,age      ] GC(369) Age table with threshold 15 (max threshold 15)
[2021-05-03T10:05:22.369+0000][7][gc,age      ] GC(369) - age   1:     517288 bytes,     517288 total
[2021-05-03T10:05:22.369+0000][7][gc,age      ] GC(369) - age   2:       1368 bytes,     518656 total
[2021-05-03T10:05:22.369+0000][7][gc,age      ] GC(369) - age   3:        368 bytes,     519024 total
[2021-05-03T10:05:22.369+0000][7][gc,age      ] GC(369) - age   4:        304 bytes,     519328 total
[2021-05-03T10:05:22.369+0000][7][gc,age      ] GC(369) - age   5:     181632 bytes,     700960 total
[2021-05-03T10:05:22.369+0000][7][gc,age      ] GC(369) - age   6:        312 bytes,     701272 total
[2021-05-03T10:05:22.369+0000][7][gc,age      ] GC(369) - age   7:        680 bytes,     701952 total
[2021-05-03T10:05:22.369+0000][7][gc,age      ] GC(369) - age   8:         24 bytes,     701976 total
[2021-05-03T10:05:22.369+0000][7][gc,age      ] GC(369) - age   9:        240 bytes,     702216 total
[2021-05-03T10:05:22.369+0000][7][gc,age      ] GC(369) - age  10:       1504 bytes,     703720 total
[2021-05-03T10:05:22.369+0000][7][gc,age      ] GC(369) - age  12:        720 bytes,     704440 total
[2021-05-03T10:05:22.369+0000][7][gc,age      ] GC(369) - age  15:       7096 bytes,     711536 total
[2021-05-03T10:05:22.369+0000][7][gc,phases   ] GC(369)   Pre Evacuate Collection Set: 0.1ms
[2021-05-03T10:05:22.369+0000][7][gc,phases   ] GC(369)   Merge Heap Roots: 0.0ms
[2021-05-03T10:05:22.369+0000][7][gc,phases   ] GC(369)   Evacuate Collection Set: 0.8ms
[2021-05-03T10:05:22.369+0000][7][gc,phases   ] GC(369)   Post Evacuate Collection Set: 0.3ms
[2021-05-03T10:05:22.369+0000][7][gc,phases   ] GC(369)   Other: 0.2ms
[2021-05-03T10:05:22.369+0000][7][gc,heap     ] GC(369) Eden regions: 21->0(21)
[2021-05-03T10:05:22.369+0000][7][gc,heap     ] GC(369) Survivor regions: 1->1(3)
[2021-05-03T10:05:22.369+0000][7][gc,heap     ] GC(369) Old regions: 27->27
[2021-05-03T10:05:22.369+0000][7][gc,heap     ] GC(369) Archive regions: 2->2
[2021-05-03T10:05:22.369+0000][7][gc,heap     ] GC(369) Humongous regions: 2->2
[2021-05-03T10:05:22.369+0000][7][gc,metaspace] GC(369) Metaspace: 109536K(114256K)->109536K(114256K) NonClass: 95596K(98972K)->95596K(98972K) Class: 13940K(15284K)->13940K(15284K)
[2021-05-03T10:05:22.369+0000][7][gc          ] GC(369) Pause Young (Concurrent Start) (G1 Evacuation Pause) 201M->117M(256M) 1.575ms
[2021-05-03T10:05:22.369+0000][7][gc,cpu      ] GC(369) User=0.01s Sys=0.00s Real=0.00s
[2021-05-03T10:05:22.369+0000][7][safepoint   ] Safepoint "G1CollectForAllocation", Time since last: 42561827676 ns, Reaching safepoint: 160298 ns, At safepoint: 1640571 ns, Total: 1800869 ns
[2021-05-03T10:05:22.369+0000][7][gc          ] GC(370) Concurrent Cycle
[2021-05-03T10:05:22.369+0000][7][gc,marking  ] GC(370) Concurrent Clear Claimed Marks
[2021-05-03T10:05:22.369+0000][7][gc,marking  ] GC(370) Concurrent Clear Claimed Marks 0.041ms
[2021-05-03T10:05:22.369+0000][7][gc,marking  ] GC(370) Concurrent Scan Root Regions
[2021-05-03T10:05:22.370+0000][7][gc,marking  ] GC(370) Concurrent Scan Root Regions 1.352ms
[2021-05-03T10:05:22.370+0000][7][gc,marking  ] GC(370) Concurrent Mark (28264.298s)
[2021-05-03T10:05:22.370+0000][7][gc,marking  ] GC(370) Concurrent Mark From Roots
[2021-05-03T10:05:22.370+0000][7][gc,task     ] GC(370) Using 2 workers of 2 for marking
[2021-05-03T10:05:22.449+0000][7][gc,marking  ] GC(370) Concurrent Mark From Roots 78.972ms
[2021-05-03T10:05:22.449+0000][7][gc,marking  ] GC(370) Concurrent Preclean
[2021-05-03T10:05:22.450+0000][7][gc,marking  ] GC(370) Concurrent Preclean 0.208ms
[2021-05-03T10:05:22.450+0000][7][gc,marking  ] GC(370) Concurrent Mark (28264.298s, 28264.377s) 79.231ms
[2021-05-03T10:05:22.450+0000][7][gc,start    ] GC(370) Pause Remark
[2021-05-03T10:05:22.455+0000][7][gc          ] GC(370) Pause Remark 118M->118M(256M) 5.570ms
[2021-05-03T10:05:22.455+0000][7][gc,cpu      ] GC(370) User=0.03s Sys=0.00s Real=0.01s
[2021-05-03T10:05:22.455+0000][7][safepoint   ] Safepoint "G1Concurrent", Time since last: 80766114 ns, Reaching safepoint: 170322 ns, At safepoint: 5645960 ns, Total: 5816282 ns
[2021-05-03T10:05:22.455+0000][7][gc,marking  ] GC(370) Concurrent Rebuild Remembered Sets
[2021-05-03T10:05:22.508+0000][7][gc,marking  ] GC(370) Concurrent Rebuild Remembered Sets 52.748ms
[2021-05-03T10:05:22.508+0000][7][gc,start    ] GC(370) Pause Cleanup
[2021-05-03T10:05:22.508+0000][7][gc          ] GC(370) Pause Cleanup 118M->118M(256M) 0.062ms
[2021-05-03T10:05:22.508+0000][7][gc,cpu      ] GC(370) User=0.00s Sys=0.00s Real=0.00s
[2021-05-03T10:05:22.508+0000][7][safepoint   ] Safepoint "G1Concurrent", Time since last: 52891720 ns, Reaching safepoint: 73506 ns, At safepoint: 101298 ns, Total: 174804 ns
[2021-05-03T10:05:22.508+0000][7][gc,marking  ] GC(370) Concurrent Cleanup for Next Mark
[2021-05-03T10:05:22.509+0000][7][gc,marking  ] GC(370) Concurrent Cleanup for Next Mark 0.117ms
[2021-05-03T10:05:22.509+0000][7][gc          ] GC(370) Concurrent Cycle 139.763ms
[2021-05-03T10:05:41.514+0000][7][safepoint   ] Safepoint "Cleanup", Time since last: 19005207189 ns, Reaching safepoint: 113013 ns, At safepoint: 6076 ns, Total: 119089 ns
[2021-05-03T10:05:42.514+0000][7][safepoint   ] Safepoint "Cleanup", Time since last: 1000416335 ns, Reaching safepoint: 134719 ns, At safepoint: 6799 ns, Total: 141518 ns
[2021-05-03T10:07:06.371+0000][7][gc,start    ] GC(371) Pause Young (Normal) (G1 Evacuation Pause)
[2021-05-03T10:07:06.371+0000][7][gc,task     ] GC(371) Using 6 workers of 8 for evacuation
[2021-05-03T10:07:06.371+0000][7][gc,age      ] GC(371) Desired survivor size 6291456 bytes, new threshold 15 (max threshold 15)
[2021-05-03T10:07:06.372+0000][7][gc,age      ] GC(371) Age table with threshold 15 (max threshold 15)
[2021-05-03T10:07:06.372+0000][7][gc,age      ] GC(371) - age   1:     775664 bytes,     775664 total
[2021-05-03T10:07:06.372+0000][7][gc,age      ] GC(371) - age   2:       2920 bytes,     778584 total
[2021-05-03T10:07:06.372+0000][7][gc,age      ] GC(371) - age   3:        768 bytes,     779352 total
[2021-05-03T10:07:06.372+0000][7][gc,age      ] GC(371) - age   4:        368 bytes,     779720 total
[2021-05-03T10:07:06.372+0000][7][gc,age      ] GC(371) - age   5:         56 bytes,     779776 total
[2021-05-03T10:07:06.372+0000][7][gc,age      ] GC(371) - age   6:       6992 bytes,     786768 total
[2021-05-03T10:07:06.372+0000][7][gc,age      ] GC(371) - age   7:        120 bytes,     786888 total
[2021-05-03T10:07:06.372+0000][7][gc,age      ] GC(371) - age   8:        680 bytes,     787568 total
[2021-05-03T10:07:06.372+0000][7][gc,age      ] GC(371) - age   9:         24 bytes,     787592 total
[2021-05-03T10:07:06.372+0000][7][gc,age      ] GC(371) - age  11:        256 bytes,     787848 total
[2021-05-03T10:07:06.372+0000][7][gc,age      ] GC(371) - age  13:        720 bytes,     788568 total
[2021-05-03T10:07:06.372+0000][7][gc,phases   ] GC(371)   Pre Evacuate Collection Set: 0.0ms
[2021-05-03T10:07:06.372+0000][7][gc,phases   ] GC(371)   Merge Heap Roots: 0.0ms
[2021-05-03T10:07:06.372+0000][7][gc,phases   ] GC(371)   Evacuate Collection Set: 0.8ms
[2021-05-03T10:07:06.372+0000][7][gc,phases   ] GC(371)   Post Evacuate Collection Set: 0.4ms
[2021-05-03T10:07:06.372+0000][7][gc,phases   ] GC(371)   Other: 0.2ms
[2021-05-03T10:07:06.372+0000][7][gc,heap     ] GC(371) Eden regions: 21->0(21)
[2021-05-03T10:07:06.372+0000][7][gc,heap     ] GC(371) Survivor regions: 1->1(3)
[2021-05-03T10:07:06.372+0000][7][gc,heap     ] GC(371) Old regions: 27->27
[2021-05-03T10:07:06.372+0000][7][gc,heap     ] GC(371) Archive regions: 2->2
[2021-05-03T10:07:06.372+0000][7][gc,heap     ] GC(371) Humongous regions: 2->2
[2021-05-03T10:07:06.372+0000][7][gc,metaspace] GC(371) Metaspace: 109538K(114256K)->109538K(114256K) NonClass: 95598K(98972K)->95598K(98972K) Class: 13940K(15284K)->13940K(15284K)
[2021-05-03T10:07:06.372+0000][7][gc          ] GC(371) Pause Young (Normal) (G1 Evacuation Pause) 201M->117M(256M) 1.556ms
[2021-05-03T10:07:06.372+0000][7][gc,cpu      ] GC(371) User=0.01s Sys=0.01s Real=0.01s
[2021-05-03T10:07:06.372+0000][7][safepoint   ] Safepoint "G1CollectForAllocation", Time since last: 83856074807 ns, Reaching safepoint: 162254 ns, At safepoint: 1635492 ns, Total: 1797746 ns
[2021-05-03T10:07:10.373+0000][7][safepoint   ] Safepoint "Cleanup", Time since last: 4000755009 ns, Reaching safepoint: 152665 ns, At safepoint: 7391 ns, Total: 160056 ns
[2021-05-03T10:09:19.812+0000][7][gc,start    ] GC(372) Pause Young (Concurrent Start) (G1 Evacuation Pause)
[2021-05-03T10:09:19.812+0000][7][gc,task     ] GC(372) Using 6 workers of 8 for evacuation
[2021-05-03T10:09:19.812+0000][7][gc,age      ] GC(372) Desired survivor size 6291456 bytes, new threshold 15 (max threshold 15)
[2021-05-03T10:09:19.814+0000][7][gc,age      ] GC(372) Age table with threshold 15 (max threshold 15)
[2021-05-03T10:09:19.814+0000][7][gc,age      ] GC(372) - age   1:     645680 bytes,     645680 total
[2021-05-03T10:09:19.814+0000][7][gc,age      ] GC(372) - age   2:     273160 bytes,     918840 total
[2021-05-03T10:09:19.814+0000][7][gc,age      ] GC(372) - age   3:       2920 bytes,     921760 total
[2021-05-03T10:09:19.814+0000][7][gc,age      ] GC(372) - age   4:        360 bytes,     922120 total
[2021-05-03T10:09:19.814+0000][7][gc,age      ] GC(372) - age   5:        344 bytes,     922464 total
[2021-05-03T10:09:19.814+0000][7][gc,age      ] GC(372) - age   6:         32 bytes,     922496 total
[2021-05-03T10:09:19.814+0000][7][gc,age      ] GC(372) - age   7:       6992 bytes,     929488 total
[2021-05-03T10:09:19.814+0000][7][gc,age      ] GC(372) - age   8:         40 bytes,     929528 total
[2021-05-03T10:09:19.814+0000][7][gc,age      ] GC(372) - age   9:        680 bytes,     930208 total
[2021-05-03T10:09:19.814+0000][7][gc,age      ] GC(372) - age  10:         24 bytes,     930232 total
[2021-05-03T10:09:19.814+0000][7][gc,age      ] GC(372) - age  12:        256 bytes,     930488 total
[2021-05-03T10:09:19.814+0000][7][gc,age      ] GC(372) - age  14:        720 bytes,     931208 total
[2021-05-03T10:09:19.814+0000][7][gc,phases   ] GC(372)   Pre Evacuate Collection Set: 0.1ms
[2021-05-03T10:09:19.814+0000][7][gc,phases   ] GC(372)   Merge Heap Roots: 0.0ms
[2021-05-03T10:09:19.814+0000][7][gc,phases   ] GC(372)   Evacuate Collection Set: 0.8ms
[2021-05-03T10:09:19.814+0000][7][gc,phases   ] GC(372)   Post Evacuate Collection Set: 0.4ms
[2021-05-03T10:09:19.814+0000][7][gc,phases   ] GC(372)   Other: 0.2ms
[2021-05-03T10:09:19.814+0000][7][gc,heap     ] GC(372) Eden regions: 21->0(21)
[2021-05-03T10:09:19.814+0000][7][gc,heap     ] GC(372) Survivor regions: 1->1(3)
[2021-05-03T10:09:19.814+0000][7][gc,heap     ] GC(372) Old regions: 27->27
[2021-05-03T10:09:19.814+0000][7][gc,heap     ] GC(372) Archive regions: 2->2
[2021-05-03T10:09:19.814+0000][7][gc,heap     ] GC(372) Humongous regions: 2->2
[2021-05-03T10:09:19.814+0000][7][gc,metaspace] GC(372) Metaspace: 109538K(114256K)->109538K(114256K) NonClass: 95598K(98972K)->95598K(98972K) Class: 13940K(15284K)->13940K(15284K)
[2021-05-03T10:09:19.814+0000][7][gc          ] GC(372) Pause Young (Concurrent Start) (G1 Evacuation Pause) 201M->117M(256M) 1.632ms
[2021-05-03T10:09:19.814+0000][7][gc,cpu      ] GC(372) User=0.01s Sys=0.00s Real=0.00s
[2021-05-03T10:09:19.814+0000][7][safepoint   ] Safepoint "G1CollectForAllocation", Time since last: 129438820574 ns, Reaching safepoint: 158230 ns, At safepoint: 1697894 ns, Total: 1856124 ns
[2021-05-03T10:09:19.814+0000][7][gc          ] GC(373) Concurrent Cycle
[2021-05-03T10:09:19.814+0000][7][gc,marking  ] GC(373) Concurrent Clear Claimed Marks
[2021-05-03T10:09:19.814+0000][7][gc,marking  ] GC(373) Concurrent Clear Claimed Marks 0.055ms
[2021-05-03T10:09:19.814+0000][7][gc,marking  ] GC(373) Concurrent Scan Root Regions
[2021-05-03T10:09:19.816+0000][7][gc,marking  ] GC(373) Concurrent Scan Root Regions 1.734ms
[2021-05-03T10:09:19.816+0000][7][gc,marking  ] GC(373) Concurrent Mark (28501.743s)
[2021-05-03T10:09:19.816+0000][7][gc,marking  ] GC(373) Concurrent Mark From Roots
[2021-05-03T10:09:19.816+0000][7][gc,task     ] GC(373) Using 2 workers of 2 for marking
[2021-05-03T10:09:19.906+0000][7][gc,marking  ] GC(373) Concurrent Mark From Roots 90.105ms
[2021-05-03T10:09:19.906+0000][7][gc,marking  ] GC(373) Concurrent Preclean
[2021-05-03T10:09:19.906+0000][7][gc,marking  ] GC(373) Concurrent Preclean 0.214ms
[2021-05-03T10:09:19.906+0000][7][gc,marking  ] GC(373) Concurrent Mark (28501.743s, 28501.834s) 90.370ms
[2021-05-03T10:09:19.906+0000][7][gc,start    ] GC(373) Pause Remark
[2021-05-03T10:09:19.912+0000][7][gc          ] GC(373) Pause Remark 119M->119M(256M) 5.556ms
[2021-05-03T10:09:19.912+0000][7][gc,cpu      ] GC(373) User=0.03s Sys=0.00s Real=0.01s
[2021-05-03T10:09:19.912+0000][7][safepoint   ] Safepoint "G1Concurrent", Time since last: 92265920 ns, Reaching safepoint: 109250 ns, At safepoint: 5644575 ns, Total: 5753825 ns
[2021-05-03T10:09:19.912+0000][7][gc,marking  ] GC(373) Concurrent Rebuild Remembered Sets
[2021-05-03T10:09:19.968+0000][7][gc,marking  ] GC(373) Concurrent Rebuild Remembered Sets 55.608ms
[2021-05-03T10:09:19.968+0000][7][gc,start    ] GC(373) Pause Cleanup
[2021-05-03T10:09:19.968+0000][7][gc          ] GC(373) Pause Cleanup 119M->119M(256M) 0.071ms
[2021-05-03T10:09:19.968+0000][7][gc,cpu      ] GC(373) User=0.00s Sys=0.00s Real=0.00s
[2021-05-03T10:09:19.968+0000][7][safepoint   ] Safepoint "G1Concurrent", Time since last: 55754094 ns, Reaching safepoint: 80441 ns, At safepoint: 114027 ns, Total: 194468 ns
[2021-05-03T10:09:19.968+0000][7][gc,marking  ] GC(373) Concurrent Cleanup for Next Mark
[2021-05-03T10:09:19.968+0000][7][gc,marking  ] GC(373) Concurrent Cleanup for Next Mark 0.203ms
[2021-05-03T10:09:19.968+0000][7][gc          ] GC(373) Concurrent Cycle 154.187ms
[2021-05-03T10:11:22.511+0000][7][gc,start    ] GC(374) Pause Young (Normal) (G1 Evacuation Pause)
[2021-05-03T10:11:22.511+0000][7][gc,task     ] GC(374) Using 6 workers of 8 for evacuation
[2021-05-03T10:11:22.511+0000][7][gc,age      ] GC(374) Desired survivor size 6291456 bytes, new threshold 15 (max threshold 15)
[2021-05-03T10:11:22.513+0000][7][gc,age      ] GC(374) Age table with threshold 15 (max threshold 15)
[2021-05-03T10:11:22.513+0000][7][gc,age      ] GC(374) - age   1:     514344 bytes,     514344 total
[2021-05-03T10:11:22.513+0000][7][gc,age      ] GC(374) - age   2:       1496 bytes,     515840 total
[2021-05-03T10:11:22.513+0000][7][gc,age      ] GC(374) - age   3:     151528 bytes,     667368 total
[2021-05-03T10:11:22.513+0000][7][gc,age      ] GC(374) - age   4:       2656 bytes,     670024 total
[2021-05-03T10:11:22.513+0000][7][gc,age      ] GC(374) - age   5:        360 bytes,     670384 total
[2021-05-03T10:11:22.513+0000][7][gc,age      ] GC(374) - age   6:        248 bytes,     670632 total
[2021-05-03T10:11:22.513+0000][7][gc,age      ] GC(374) - age   7:         32 bytes,     670664 total
[2021-05-03T10:11:22.513+0000][7][gc,age      ] GC(374) - age   8:       6992 bytes,     677656 total
[2021-05-03T10:11:22.513+0000][7][gc,age      ] GC(374) - age   9:         40 bytes,     677696 total
[2021-05-03T10:11:22.513+0000][7][gc,age      ] GC(374) - age  10:        680 bytes,     678376 total
[2021-05-03T10:11:22.513+0000][7][gc,age      ] GC(374) - age  11:         24 bytes,     678400 total
[2021-05-03T10:11:22.513+0000][7][gc,age      ] GC(374) - age  13:        256 bytes,     678656 total
[2021-05-03T10:11:22.513+0000][7][gc,age      ] GC(374) - age  15:        720 bytes,     679376 total
[2021-05-03T10:11:22.513+0000][7][gc,phases   ] GC(374)   Pre Evacuate Collection Set: 0.0ms
[2021-05-03T10:11:22.513+0000][7][gc,phases   ] GC(374)   Merge Heap Roots: 0.0ms
[2021-05-03T10:11:22.513+0000][7][gc,phases   ] GC(374)   Evacuate Collection Set: 0.8ms
[2021-05-03T10:11:22.513+0000][7][gc,phases   ] GC(374)   Post Evacuate Collection Set: 0.5ms
[2021-05-03T10:11:22.513+0000][7][gc,phases   ] GC(374)   Other: 0.2ms
[2021-05-03T10:11:22.513+0000][7][gc,heap     ] GC(374) Eden regions: 21->0(21)
[2021-05-03T10:11:22.513+0000][7][gc,heap     ] GC(374) Survivor regions: 1->1(3)
[2021-05-03T10:11:22.513+0000][7][gc,heap     ] GC(374) Old regions: 27->27
[2021-05-03T10:11:22.513+0000][7][gc,heap     ] GC(374) Archive regions: 2->2
[2021-05-03T10:11:22.513+0000][7][gc,heap     ] GC(374) Humongous regions: 2->2
[2021-05-03T10:11:22.513+0000][7][gc,metaspace] GC(374) Metaspace: 109538K(114256K)->109538K(114256K) NonClass: 95598K(98972K)->95598K(98972K) Class: 13940K(15284K)->13940K(15284K)
[2021-05-03T10:11:22.513+0000][7][gc          ] GC(374) Pause Young (Normal) (G1 Evacuation Pause) 201M->117M(256M) 1.637ms
[2021-05-03T10:11:22.513+0000][7][gc,cpu      ] GC(374) User=0.00s Sys=0.00s Real=0.01s
[2021-05-03T10:11:22.513+0000][7][safepoint   ] Safepoint "G1CollectForAllocation", Time since last: 122543139134 ns, Reaching safepoint: 157365 ns, At safepoint: 1698371 ns, Total: 1855736 ns
[2021-05-03T10:13:38.970+0000][7][gc,start    ] GC(375) Pause Young (Concurrent Start) (G1 Evacuation Pause)
[2021-05-03T10:13:38.970+0000][7][gc,task     ] GC(375) Using 6 workers of 8 for evacuation
[2021-05-03T10:13:38.970+0000][7][gc,age      ] GC(375) Desired survivor size 6291456 bytes, new threshold 15 (max threshold 15)
[2021-05-03T10:13:38.972+0000][7][gc,age      ] GC(375) Age table with threshold 15 (max threshold 15)
[2021-05-03T10:13:38.972+0000][7][gc,age      ] GC(375) - age   1:     521208 bytes,     521208 total
[2021-05-03T10:13:38.972+0000][7][gc,age      ] GC(375) - age   2:       1176 bytes,     522384 total
[2021-05-03T10:13:38.972+0000][7][gc,age      ] GC(375) - age   3:        616 bytes,     523000 total
[2021-05-03T10:13:38.972+0000][7][gc,age      ] GC(375) - age   4:     151232 bytes,     674232 total
[2021-05-03T10:13:38.972+0000][7][gc,age      ] GC(375) - age   5:       2656 bytes,     676888 total
[2021-05-03T10:13:38.972+0000][7][gc,age      ] GC(375) - age   6:        240 bytes,     677128 total
[2021-05-03T10:13:38.972+0000][7][gc,age      ] GC(375) - age   7:        248 bytes,     677376 total
[2021-05-03T10:13:38.972+0000][7][gc,age      ] GC(375) - age   9:       6992 bytes,     684368 total
[2021-05-03T10:13:38.972+0000][7][gc,age      ] GC(375) - age  10:         40 bytes,     684408 total
[2021-05-03T10:13:38.972+0000][7][gc,age      ] GC(375) - age  11:        680 bytes,     685088 total
[2021-05-03T10:13:38.972+0000][7][gc,age      ] GC(375) - age  12:         24 bytes,     685112 total
[2021-05-03T10:13:38.972+0000][7][gc,age      ] GC(375) - age  14:        256 bytes,     685368 total
[2021-05-03T10:13:38.972+0000][7][gc,phases   ] GC(375)   Pre Evacuate Collection Set: 0.1ms
[2021-05-03T10:13:38.972+0000][7][gc,phases   ] GC(375)   Merge Heap Roots: 0.0ms
[2021-05-03T10:13:38.972+0000][7][gc,phases   ] GC(375)   Evacuate Collection Set: 0.7ms
[2021-05-03T10:13:38.972+0000][7][gc,phases   ] GC(375)   Post Evacuate Collection Set: 0.5ms
[2021-05-03T10:13:38.972+0000][7][gc,phases   ] GC(375)   Other: 0.2ms
[2021-05-03T10:13:38.972+0000][7][gc,heap     ] GC(375) Eden regions: 21->0(21)
[2021-05-03T10:13:38.972+0000][7][gc,heap     ] GC(375) Survivor regions: 1->1(3)
[2021-05-03T10:13:38.972+0000][7][gc,heap     ] GC(375) Old regions: 27->27
[2021-05-03T10:13:38.972+0000][7][gc,heap     ] GC(375) Archive regions: 2->2
[2021-05-03T10:13:38.972+0000][7][gc,heap     ] GC(375) Humongous regions: 2->2
[2021-05-03T10:13:38.972+0000][7][gc,metaspace] GC(375) Metaspace: 109538K(114256K)->109538K(114256K) NonClass: 95598K(98972K)->95598K(98972K) Class: 13940K(15284K)->13940K(15284K)
[2021-05-03T10:13:38.972+0000][7][gc          ] GC(375) Pause Young (Concurrent Start) (G1 Evacuation Pause) 201M->117M(256M) 1.677ms
[2021-05-03T10:13:38.972+0000][7][gc,cpu      ] GC(375) User=0.00s Sys=0.01s Real=0.01s
[2021-05-03T10:13:38.972+0000][7][safepoint   ] Safepoint "G1CollectForAllocation", Time since last: 136457311883 ns, Reaching safepoint: 117342 ns, At safepoint: 1740958 ns, Total: 1858300 ns
[2021-05-03T10:13:38.972+0000][7][gc          ] GC(376) Concurrent Cycle
[2021-05-03T10:13:38.972+0000][7][gc,marking  ] GC(376) Concurrent Clear Claimed Marks
[2021-05-03T10:13:38.972+0000][7][gc,marking  ] GC(376) Concurrent Clear Claimed Marks 0.037ms
[2021-05-03T10:13:38.972+0000][7][gc,marking  ] GC(376) Concurrent Scan Root Regions
[2021-05-03T10:13:38.973+0000][7][gc,marking  ] GC(376) Concurrent Scan Root Regions 1.338ms
[2021-05-03T10:13:38.973+0000][7][gc,marking  ] GC(376) Concurrent Mark (28760.901s)
[2021-05-03T10:13:38.973+0000][7][gc,marking  ] GC(376) Concurrent Mark From Roots
[2021-05-03T10:13:38.973+0000][7][gc,task     ] GC(376) Using 2 workers of 2 for marking
[2021-05-03T10:13:39.055+0000][7][gc,marking  ] GC(376) Concurrent Mark From Roots 81.148ms
[2021-05-03T10:13:39.055+0000][7][gc,marking  ] GC(376) Concurrent Preclean
[2021-05-03T10:13:39.055+0000][7][gc,marking  ] GC(376) Concurrent Preclean 0.210ms
[2021-05-03T10:13:39.055+0000][7][gc,marking  ] GC(376) Concurrent Mark (28760.901s, 28760.982s) 81.409ms
[2021-05-03T10:13:39.055+0000][7][gc,start    ] GC(376) Pause Remark
[2021-05-03T10:13:39.061+0000][7][gc          ] GC(376) Pause Remark 117M->117M(256M) 5.577ms
[2021-05-03T10:13:39.061+0000][7][gc,cpu      ] GC(376) User=0.03s Sys=0.00s Real=0.01s
[2021-05-03T10:13:39.061+0000][7][safepoint   ] Safepoint "G1Concurrent", Time since last: 82923342 ns, Reaching safepoint: 156293 ns, At safepoint: 5652904 ns, Total: 5809197 ns
[2021-05-03T10:13:39.061+0000][7][gc,marking  ] GC(376) Concurrent Rebuild Remembered Sets
[2021-05-03T10:13:39.114+0000][7][gc,marking  ] GC(376) Concurrent Rebuild Remembered Sets 53.075ms
[2021-05-03T10:13:39.114+0000][7][gc,start    ] GC(376) Pause Cleanup
[2021-05-03T10:13:39.114+0000][7][gc          ] GC(376) Pause Cleanup 117M->117M(256M) 0.068ms
[2021-05-03T10:13:39.114+0000][7][gc,cpu      ] GC(376) User=0.00s Sys=0.00s Real=0.00s
[2021-05-03T10:13:39.114+0000][7][safepoint   ] Safepoint "G1Concurrent", Time since last: 53220907 ns, Reaching safepoint: 104253 ns, At safepoint: 107748 ns, Total: 212001 ns
[2021-05-03T10:13:39.114+0000][7][gc,marking  ] GC(376) Concurrent Cleanup for Next Mark
[2021-05-03T10:13:39.114+0000][7][gc,marking  ] GC(376) Concurrent Cleanup for Next Mark 0.200ms
[2021-05-03T10:13:39.114+0000][7][gc          ] GC(376) Concurrent Cycle 142.411ms
[2021-05-03T10:15:40.700+0000][7][gc,start    ] GC(377) Pause Young (Normal) (G1 Evacuation Pause)
[2021-05-03T10:15:40.700+0000][7][gc,task     ] GC(377) Using 6 workers of 8 for evacuation
[2021-05-03T10:15:40.700+0000][7][gc,age      ] GC(377) Desired survivor size 6291456 bytes, new threshold 15 (max threshold 15)
[2021-05-03T10:15:40.702+0000][7][gc,age      ] GC(377) Age table with threshold 15 (max threshold 15)
[2021-05-03T10:15:40.702+0000][7][gc,age      ] GC(377) - age   1:     722560 bytes,     722560 total
[2021-05-03T10:15:40.702+0000][7][gc,age      ] GC(377) - age   2:        392 bytes,     722952 total
[2021-05-03T10:15:40.702+0000][7][gc,age      ] GC(377) - age   3:       1008 bytes,     723960 total
[2021-05-03T10:15:40.702+0000][7][gc,age      ] GC(377) - age   4:        616 bytes,     724576 total
[2021-05-03T10:15:40.702+0000][7][gc,age      ] GC(377) - age   5:     134008 bytes,     858584 total
[2021-05-03T10:15:40.702+0000][7][gc,age      ] GC(377) - age   7:        104 bytes,     858688 total
[2021-05-03T10:15:40.702+0000][7][gc,age      ] GC(377) - age   8:         40 bytes,     858728 total
[2021-05-03T10:15:40.702+0000][7][gc,age      ] GC(377) - age  10:       4624 bytes,     863352 total
[2021-05-03T10:15:40.702+0000][7][gc,age      ] GC(377) - age  11:         40 bytes,     863392 total
[2021-05-03T10:15:40.702+0000][7][gc,age      ] GC(377) - age  12:        640 bytes,     864032 total
[2021-05-03T10:15:40.702+0000][7][gc,age      ] GC(377) - age  13:         24 bytes,     864056 total
[2021-05-03T10:15:40.702+0000][7][gc,age      ] GC(377) - age  15:        256 bytes,     864312 total
[2021-05-03T10:15:40.702+0000][7][gc,phases   ] GC(377)   Pre Evacuate Collection Set: 0.0ms
[2021-05-03T10:15:40.702+0000][7][gc,phases   ] GC(377)   Merge Heap Roots: 0.0ms
[2021-05-03T10:15:40.702+0000][7][gc,phases   ] GC(377)   Evacuate Collection Set: 0.9ms
[2021-05-03T10:15:40.702+0000][7][gc,phases   ] GC(377)   Post Evacuate Collection Set: 0.5ms
[2021-05-03T10:15:40.702+0000][7][gc,phases   ] GC(377)   Other: 0.2ms
[2021-05-03T10:15:40.702+0000][7][gc,heap     ] GC(377) Eden regions: 21->0(21)
[2021-05-03T10:15:40.702+0000][7][gc,heap     ] GC(377) Survivor regions: 1->1(3)
[2021-05-03T10:15:40.702+0000][7][gc,heap     ] GC(377) Old regions: 27->27
[2021-05-03T10:15:40.702+0000][7][gc,heap     ] GC(377) Archive regions: 2->2
[2021-05-03T10:15:40.702+0000][7][gc,heap     ] GC(377) Humongous regions: 2->2
[2021-05-03T10:15:40.702+0000][7][gc,metaspace] GC(377) Metaspace: 109541K(114256K)->109541K(114256K) NonClass: 95600K(98972K)->95600K(98972K) Class: 13940K(15284K)->13940K(15284K)
[2021-05-03T10:15:40.702+0000][7][gc          ] GC(377) Pause Young (Normal) (G1 Evacuation Pause) 201M->117M(256M) 1.680ms
[2021-05-03T10:15:40.702+0000][7][gc,cpu      ] GC(377) User=0.00s Sys=0.00s Real=0.00s
[2021-05-03T10:15:40.702+0000][7][safepoint   ] Safepoint "G1CollectForAllocation", Time since last: 121585879557 ns, Reaching safepoint: 92998 ns, At safepoint: 1742376 ns, Total: 1835374 ns
[2021-05-03T10:15:41.703+0000][7][safepoint   ] Safepoint "Cleanup", Time since last: 1000477297 ns, Reaching safepoint: 184863 ns, At safepoint: 6707 ns, Total: 191570 ns
[2021-05-03T10:15:50.705+0000][7][safepoint   ] Safepoint "Cleanup", Time since last: 9002507083 ns, Reaching safepoint: 88321 ns, At safepoint: 6848 ns, Total: 95169 ns
[2021-05-03T10:17:22.654+0000][7][gc,start    ] GC(378) Pause Young (Concurrent Start) (G1 Evacuation Pause)
[2021-05-03T10:17:22.654+0000][7][gc,task     ] GC(378) Using 6 workers of 8 for evacuation
[2021-05-03T10:17:22.654+0000][7][gc,age      ] GC(378) Desired survivor size 6291456 bytes, new threshold 15 (max threshold 15)
[2021-05-03T10:17:22.655+0000][7][gc,age      ] GC(378) Age table with threshold 15 (max threshold 15)
[2021-05-03T10:17:22.655+0000][7][gc,age      ] GC(378) - age   1:     732328 bytes,     732328 total
[2021-05-03T10:17:22.655+0000][7][gc,age      ] GC(378) - age   2:      79256 bytes,     811584 total
[2021-05-03T10:17:22.655+0000][7][gc,age      ] GC(378) - age   3:        192 bytes,     811776 total
[2021-05-03T10:17:22.655+0000][7][gc,age      ] GC(378) - age   4:        688 bytes,     812464 total
[2021-05-03T10:17:22.655+0000][7][gc,age      ] GC(378) - age   5:        496 bytes,     812960 total
[2021-05-03T10:17:22.655+0000][7][gc,age      ] GC(378) - age   6:       1408 bytes,     814368 total
[2021-05-03T10:17:22.655+0000][7][gc,age      ] GC(378) - age   8:         40 bytes,     814408 total
[2021-05-03T10:17:22.655+0000][7][gc,age      ] GC(378) - age  11:       2104 bytes,     816512 total
[2021-05-03T10:17:22.655+0000][7][gc,age      ] GC(378) - age  12:         40 bytes,     816552 total
[2021-05-03T10:17:22.656+0000][7][gc,age      ] GC(378) - age  13:        640 bytes,     817192 total
[2021-05-03T10:17:22.656+0000][7][gc,age      ] GC(378) - age  14:         24 bytes,     817216 total
[2021-05-03T10:17:22.656+0000][7][gc,phases   ] GC(378)   Pre Evacuate Collection Set: 0.1ms
[2021-05-03T10:17:22.656+0000][7][gc,phases   ] GC(378)   Merge Heap Roots: 0.0ms
[2021-05-03T10:17:22.656+0000][7][gc,phases   ] GC(378)   Evacuate Collection Set: 1.1ms
[2021-05-03T10:17:22.656+0000][7][gc,phases   ] GC(378)   Post Evacuate Collection Set: 0.4ms
[2021-05-03T10:17:22.656+0000][7][gc,phases   ] GC(378)   Other: 0.2ms
[2021-05-03T10:17:22.656+0000][7][gc,heap     ] GC(378) Eden regions: 21->0(21)
[2021-05-03T10:17:22.656+0000][7][gc,heap     ] GC(378) Survivor regions: 1->1(3)
[2021-05-03T10:17:22.656+0000][7][gc,heap     ] GC(378) Old regions: 27->27
[2021-05-03T10:17:22.656+0000][7][gc,heap     ] GC(378) Archive regions: 2->2
[2021-05-03T10:17:22.656+0000][7][gc,heap     ] GC(378) Humongous regions: 2->2
[2021-05-03T10:17:22.656+0000][7][gc,metaspace] GC(378) Metaspace: 109568K(114256K)->109568K(114256K) NonClass: 95628K(98972K)->95628K(98972K) Class: 13940K(15284K)->13940K(15284K)
[2021-05-03T10:17:22.656+0000][7][gc          ] GC(378) Pause Young (Concurrent Start) (G1 Evacuation Pause) 201M->117M(256M) 1.910ms
[2021-05-03T10:17:22.656+0000][7][gc,cpu      ] GC(378) User=0.01s Sys=0.00s Real=0.00s
[2021-05-03T10:17:22.656+0000][7][safepoint   ] Safepoint "G1CollectForAllocation", Time since last: 91948443462 ns, Reaching safepoint: 112174 ns, At safepoint: 1973360 ns, Total: 2085534 ns
[2021-05-03T10:17:22.656+0000][7][gc          ] GC(379) Concurrent Cycle
[2021-05-03T10:17:22.656+0000][7][gc,marking  ] GC(379) Concurrent Clear Claimed Marks
[2021-05-03T10:17:22.656+0000][7][gc,marking  ] GC(379) Concurrent Clear Claimed Marks 0.079ms
[2021-05-03T10:17:22.656+0000][7][gc,marking  ] GC(379) Concurrent Scan Root Regions
[2021-05-03T10:17:22.657+0000][7][gc,marking  ] GC(379) Concurrent Scan Root Regions 1.383ms
[2021-05-03T10:17:22.657+0000][7][gc,marking  ] GC(379) Concurrent Mark (28984.585s)
[2021-05-03T10:17:22.657+0000][7][gc,marking  ] GC(379) Concurrent Mark From Roots
[2021-05-03T10:17:22.657+0000][7][gc,task     ] GC(379) Using 2 workers of 2 for marking
[2021-05-03T10:17:22.737+0000][7][gc,marking  ] GC(379) Concurrent Mark From Roots 80.053ms
[2021-05-03T10:17:22.737+0000][7][gc,marking  ] GC(379) Concurrent Preclean
[2021-05-03T10:17:22.737+0000][7][gc,marking  ] GC(379) Concurrent Preclean 0.206ms
[2021-05-03T10:17:22.737+0000][7][gc,marking  ] GC(379) Concurrent Mark (28984.585s, 28984.665s) 80.308ms
[2021-05-03T10:17:22.738+0000][7][gc,start    ] GC(379) Pause Remark
[2021-05-03T10:17:22.743+0000][7][gc          ] GC(379) Pause Remark 118M->118M(256M) 5.707ms
[2021-05-03T10:17:22.743+0000][7][gc,cpu      ] GC(379) User=0.03s Sys=0.00s Real=0.01s
[2021-05-03T10:17:22.743+0000][7][safepoint   ] Safepoint "G1Concurrent", Time since last: 81912094 ns, Reaching safepoint: 144352 ns, At safepoint: 5781844 ns, Total: 5926196 ns
[2021-05-03T10:17:22.744+0000][7][gc,marking  ] GC(379) Concurrent Rebuild Remembered Sets
[2021-05-03T10:17:22.796+0000][7][gc,marking  ] GC(379) Concurrent Rebuild Remembered Sets 52.899ms
[2021-05-03T10:17:22.797+0000][7][gc,start    ] GC(379) Pause Cleanup
[2021-05-03T10:17:22.797+0000][7][gc          ] GC(379) Pause Cleanup 119M->119M(256M) 0.064ms
[2021-05-03T10:17:22.797+0000][7][gc,cpu      ] GC(379) User=0.00s Sys=0.00s Real=0.00s
[2021-05-03T10:17:22.797+0000][7][safepoint   ] Safepoint "G1Concurrent", Time since last: 53013096 ns, Reaching safepoint: 75163 ns, At safepoint: 103224 ns, Total: 178387 ns
[2021-05-03T10:17:22.797+0000][7][gc,marking  ] GC(379) Concurrent Cleanup for Next Mark
[2021-05-03T10:17:22.797+0000][7][gc,marking  ] GC(379) Concurrent Cleanup for Next Mark 0.115ms
[2021-05-03T10:17:22.797+0000][7][gc          ] GC(379) Concurrent Cycle 141.210ms
[2021-05-03T10:17:50.801+0000][7][safepoint   ] Safepoint "Cleanup", Time since last: 28003663371 ns, Reaching safepoint: 156968 ns, At safepoint: 5177 ns, Total: 162145 ns
[2021-05-03T10:19:37.708+0000][7][gc,start    ] GC(380) Pause Young (Normal) (G1 Evacuation Pause)
[2021-05-03T10:19:37.708+0000][7][gc,task     ] GC(380) Using 6 workers of 8 for evacuation
[2021-05-03T10:19:37.708+0000][7][gc,age      ] GC(380) Desired survivor size 6291456 bytes, new threshold 15 (max threshold 15)
[2021-05-03T10:19:37.710+0000][7][gc,age      ] GC(380) Age table with threshold 15 (max threshold 15)
[2021-05-03T10:19:37.710+0000][7][gc,age      ] GC(380) - age   1:     507984 bytes,     507984 total
[2021-05-03T10:19:37.710+0000][7][gc,age      ] GC(380) - age   2:     227568 bytes,     735552 total
[2021-05-03T10:19:37.710+0000][7][gc,age      ] GC(380) - age   3:      47968 bytes,     783520 total
[2021-05-03T10:19:37.710+0000][7][gc,age      ] GC(380) - age   4:        160 bytes,     783680 total
[2021-05-03T10:19:37.710+0000][7][gc,age      ] GC(380) - age   5:        664 bytes,     784344 total
[2021-05-03T10:19:37.710+0000][7][gc,age      ] GC(380) - age   6:        272 bytes,     784616 total
[2021-05-03T10:19:37.710+0000][7][gc,age      ] GC(380) - age   7:       1408 bytes,     786024 total
[2021-05-03T10:19:37.710+0000][7][gc,age      ] GC(380) - age  12:       2104 bytes,     788128 total
[2021-05-03T10:19:37.710+0000][7][gc,age      ] GC(380) - age  13:         40 bytes,     788168 total
[2021-05-03T10:19:37.710+0000][7][gc,age      ] GC(380) - age  14:        640 bytes,     788808 total
[2021-05-03T10:19:37.710+0000][7][gc,age      ] GC(380) - age  15:         24 bytes,     788832 total
[2021-05-03T10:19:37.710+0000][7][gc,phases   ] GC(380)   Pre Evacuate Collection Set: 0.1ms
[2021-05-03T10:19:37.710+0000][7][gc,phases   ] GC(380)   Merge Heap Roots: 0.1ms
[2021-05-03T10:19:37.710+0000][7][gc,phases   ] GC(380)   Evacuate Collection Set: 0.8ms
[2021-05-03T10:19:37.710+0000][7][gc,phases   ] GC(380)   Post Evacuate Collection Set: 0.5ms
[2021-05-03T10:19:37.710+0000][7][gc,phases   ] GC(380)   Other: 0.2ms
[2021-05-03T10:19:37.710+0000][7][gc,heap     ] GC(380) Eden regions: 21->0(21)
[2021-05-03T10:19:37.710+0000][7][gc,heap     ] GC(380) Survivor regions: 1->1(3)
[2021-05-03T10:19:37.710+0000][7][gc,heap     ] GC(380) Old regions: 27->27
[2021-05-03T10:19:37.710+0000][7][gc,heap     ] GC(380) Archive regions: 2->2
[2021-05-03T10:19:37.710+0000][7][gc,heap     ] GC(380) Humongous regions: 2->2
[2021-05-03T10:19:37.710+0000][7][gc,metaspace] GC(380) Metaspace: 109569K(114256K)->109569K(114256K) NonClass: 95629K(98972K)->95629K(98972K) Class: 13940K(15284K)->13940K(15284K)
[2021-05-03T10:19:37.710+0000][7][gc          ] GC(380) Pause Young (Normal) (G1 Evacuation Pause) 201M->117M(256M) 1.811ms
[2021-05-03T10:19:37.710+0000][7][gc,cpu      ] GC(380) User=0.01s Sys=0.00s Real=0.00s
[2021-05-03T10:19:37.710+0000][7][safepoint   ] Safepoint "G1CollectForAllocation", Time since last: 106907203336 ns, Reaching safepoint: 129463 ns, At safepoint: 1868364 ns, Total: 1997827 ns
[2021-05-03T10:21:42.759+0000][7][gc,start    ] GC(381) Pause Young (Concurrent Start) (G1 Evacuation Pause)
[2021-05-03T10:21:42.759+0000][7][gc,task     ] GC(381) Using 6 workers of 8 for evacuation
[2021-05-03T10:21:42.759+0000][7][gc,age      ] GC(381) Desired survivor size 6291456 bytes, new threshold 15 (max threshold 15)
[2021-05-03T10:21:42.760+0000][7][gc,age      ] GC(381) Age table with threshold 15 (max threshold 15)
[2021-05-03T10:21:42.760+0000][7][gc,age      ] GC(381) - age   1:     518424 bytes,     518424 total
[2021-05-03T10:21:42.760+0000][7][gc,age      ] GC(381) - age   2:        728 bytes,     519152 total
[2021-05-03T10:21:42.760+0000][7][gc,age      ] GC(381) - age   3:     161776 bytes,     680928 total
[2021-05-03T10:21:42.760+0000][7][gc,age      ] GC(381) - age   4:      22680 bytes,     703608 total
[2021-05-03T10:21:42.760+0000][7][gc,age      ] GC(381) - age   5:         64 bytes,     703672 total
[2021-05-03T10:21:42.760+0000][7][gc,age      ] GC(381) - age   6:        664 bytes,     704336 total
[2021-05-03T10:21:42.760+0000][7][gc,age      ] GC(381) - age   7:        272 bytes,     704608 total
[2021-05-03T10:21:42.760+0000][7][gc,age      ] GC(381) - age   8:       1408 bytes,     706016 total
[2021-05-03T10:21:42.760+0000][7][gc,age      ] GC(381) - age  13:       2104 bytes,     708120 total
[2021-05-03T10:21:42.760+0000][7][gc,age      ] GC(381) - age  14:         40 bytes,     708160 total
[2021-05-03T10:21:42.760+0000][7][gc,age      ] GC(381) - age  15:        640 bytes,     708800 total
[2021-05-03T10:21:42.760+0000][7][gc,phases   ] GC(381)   Pre Evacuate Collection Set: 0.1ms
[2021-05-03T10:21:42.760+0000][7][gc,phases   ] GC(381)   Merge Heap Roots: 0.0ms
[2021-05-03T10:21:42.760+0000][7][gc,phases   ] GC(381)   Evacuate Collection Set: 0.8ms
[2021-05-03T10:21:42.760+0000][7][gc,phases   ] GC(381)   Post Evacuate Collection Set: 0.5ms
[2021-05-03T10:21:42.761+0000][7][gc,phases   ] GC(381)   Other: 0.2ms
[2021-05-03T10:21:42.761+0000][7][gc,heap     ] GC(381) Eden regions: 21->0(21)
[2021-05-03T10:21:42.761+0000][7][gc,heap     ] GC(381) Survivor regions: 1->1(3)
[2021-05-03T10:21:42.761+0000][7][gc,heap     ] GC(381) Old regions: 27->27
[2021-05-03T10:21:42.761+0000][7][gc,heap     ] GC(381) Archive regions: 2->2
[2021-05-03T10:21:42.761+0000][7][gc,heap     ] GC(381) Humongous regions: 2->2
[2021-05-03T10:21:42.761+0000][7][gc,metaspace] GC(381) Metaspace: 109569K(114256K)->109569K(114256K) NonClass: 95629K(98972K)->95629K(98972K) Class: 13940K(15284K)->13940K(15284K)
[2021-05-03T10:21:42.761+0000][7][gc          ] GC(381) Pause Young (Concurrent Start) (G1 Evacuation Pause) 201M->117M(256M) 1.774ms
[2021-05-03T10:21:42.761+0000][7][gc,cpu      ] GC(381) User=0.01s Sys=0.01s Real=0.01s
[2021-05-03T10:21:42.761+0000][7][safepoint   ] Safepoint "G1CollectForAllocation", Time since last: 125048985099 ns, Reaching safepoint: 111351 ns, At safepoint: 1836163 ns, Total: 1947514 ns
[2021-05-03T10:21:42.761+0000][7][gc          ] GC(382) Concurrent Cycle
[2021-05-03T10:21:42.761+0000][7][gc,marking  ] GC(382) Concurrent Clear Claimed Marks
[2021-05-03T10:21:42.761+0000][7][gc,marking  ] GC(382) Concurrent Clear Claimed Marks 0.037ms
[2021-05-03T10:21:42.761+0000][7][gc,marking  ] GC(382) Concurrent Scan Root Regions
[2021-05-03T10:21:42.762+0000][7][gc,marking  ] GC(382) Concurrent Scan Root Regions 1.272ms
[2021-05-03T10:21:42.762+0000][7][gc,marking  ] GC(382) Concurrent Mark (29244.690s)
[2021-05-03T10:21:42.762+0000][7][gc,marking  ] GC(382) Concurrent Mark From Roots
[2021-05-03T10:21:42.762+0000][7][gc,task     ] GC(382) Using 2 workers of 2 for marking
[2021-05-03T10:21:42.841+0000][7][gc,marking  ] GC(382) Concurrent Mark From Roots 79.039ms
[2021-05-03T10:21:42.841+0000][7][gc,marking  ] GC(382) Concurrent Preclean
[2021-05-03T10:21:42.841+0000][7][gc,marking  ] GC(382) Concurrent Preclean 0.206ms
[2021-05-03T10:21:42.841+0000][7][gc,marking  ] GC(382) Concurrent Mark (29244.690s, 29244.769s) 79.294ms
[2021-05-03T10:21:42.841+0000][7][gc,start    ] GC(382) Pause Remark
[2021-05-03T10:21:42.847+0000][7][gc          ] GC(382) Pause Remark 118M->118M(256M) 5.930ms
[2021-05-03T10:21:42.847+0000][7][gc,cpu      ] GC(382) User=0.03s Sys=0.00s Real=0.00s
[2021-05-03T10:21:42.847+0000][7][safepoint   ] Safepoint "G1Concurrent", Time since last: 80735755 ns, Reaching safepoint: 108752 ns, At safepoint: 6017757 ns, Total: 6126509 ns
[2021-05-03T10:21:42.848+0000][7][gc,marking  ] GC(382) Concurrent Rebuild Remembered Sets
[2021-05-03T10:21:42.900+0000][7][gc,marking  ] GC(382) Concurrent Rebuild Remembered Sets 52.676ms
[2021-05-03T10:21:42.900+0000][7][gc,start    ] GC(382) Pause Cleanup
[2021-05-03T10:21:42.901+0000][7][gc          ] GC(382) Pause Cleanup 118M->118M(256M) 0.071ms
[2021-05-03T10:21:42.901+0000][7][gc,cpu      ] GC(382) User=0.00s Sys=0.00s Real=0.00s
[2021-05-03T10:21:42.901+0000][7][safepoint   ] Safepoint "G1Concurrent", Time since last: 52808875 ns, Reaching safepoint: 151259 ns, At safepoint: 111257 ns, Total: 262516 ns
[2021-05-03T10:21:42.901+0000][7][gc,marking  ] GC(382) Concurrent Cleanup for Next Mark
[2021-05-03T10:21:42.901+0000][7][gc,marking  ] GC(382) Concurrent Cleanup for Next Mark 0.132ms
[2021-05-03T10:21:42.901+0000][7][gc          ] GC(382) Concurrent Cycle 140.101ms
[2021-05-03T10:22:09.908+0000][7][safepoint   ] Safepoint "Cleanup", Time since last: 27007087479 ns, Reaching safepoint: 126806 ns, At safepoint: 7180 ns, Total: 133986 ns
[2021-05-03T10:23:39.933+0000][7][safepoint   ] Safepoint "Cleanup", Time since last: 90025021653 ns, Reaching safepoint: 104788 ns, At safepoint: 6964 ns, Total: 111752 ns
[2021-05-03T10:23:55.467+0000][7][gc,start    ] GC(383) Pause Young (Normal) (G1 Evacuation Pause)
[2021-05-03T10:23:55.467+0000][7][gc,task     ] GC(383) Using 6 workers of 8 for evacuation
[2021-05-03T10:23:55.467+0000][7][gc,age      ] GC(383) Desired survivor size 6291456 bytes, new threshold 15 (max threshold 15)
[2021-05-03T10:23:55.469+0000][7][gc,age      ] GC(383) Age table with threshold 15 (max threshold 15)
[2021-05-03T10:23:55.469+0000][7][gc,age      ] GC(383) - age   1:     525056 bytes,     525056 total
[2021-05-03T10:23:55.469+0000][7][gc,age      ] GC(383) - age   2:        624 bytes,     525680 total
[2021-05-03T10:23:55.469+0000][7][gc,age      ] GC(383) - age   3:        488 bytes,     526168 total
[2021-05-03T10:23:55.469+0000][7][gc,age      ] GC(383) - age   4:     161480 bytes,     687648 total
[2021-05-03T10:23:55.469+0000][7][gc,age      ] GC(383) - age   5:      22640 bytes,     710288 total
[2021-05-03T10:23:55.469+0000][7][gc,age      ] GC(383) - age   6:         64 bytes,     710352 total
[2021-05-03T10:23:55.469+0000][7][gc,age      ] GC(383) - age   7:        664 bytes,     711016 total
[2021-05-03T10:23:55.469+0000][7][gc,age      ] GC(383) - age   8:        272 bytes,     711288 total
[2021-05-03T10:23:55.469+0000][7][gc,age      ] GC(383) - age   9:       1408 bytes,     712696 total
[2021-05-03T10:23:55.469+0000][7][gc,age      ] GC(383) - age  14:       2104 bytes,     714800 total
[2021-05-03T10:23:55.469+0000][7][gc,age      ] GC(383) - age  15:         40 bytes,     714840 total
[2021-05-03T10:23:55.469+0000][7][gc,phases   ] GC(383)   Pre Evacuate Collection Set: 0.0ms
[2021-05-03T10:23:55.469+0000][7][gc,phases   ] GC(383)   Merge Heap Roots: 0.0ms
[2021-05-03T10:23:55.469+0000][7][gc,phases   ] GC(383)   Evacuate Collection Set: 0.8ms
[2021-05-03T10:23:55.469+0000][7][gc,phases   ] GC(383)   Post Evacuate Collection Set: 0.6ms
[2021-05-03T10:23:55.469+0000][7][gc,phases   ] GC(383)   Other: 0.2ms
[2021-05-03T10:23:55.469+0000][7][gc,heap     ] GC(383) Eden regions: 21->0(21)
[2021-05-03T10:23:55.469+0000][7][gc,heap     ] GC(383) Survivor regions: 1->1(3)
[2021-05-03T10:23:55.469+0000][7][gc,heap     ] GC(383) Old regions: 27->27
[2021-05-03T10:23:55.469+0000][7][gc,heap     ] GC(383) Archive regions: 2->2
[2021-05-03T10:23:55.469+0000][7][gc,heap     ] GC(383) Humongous regions: 2->2
[2021-05-03T10:23:55.469+0000][7][gc,metaspace] GC(383) Metaspace: 109569K(114256K)->109569K(114256K) NonClass: 95629K(98972K)->95629K(98972K) Class: 13940K(15284K)->13940K(15284K)
[2021-05-03T10:23:55.469+0000][7][gc          ] GC(383) Pause Young (Normal) (G1 Evacuation Pause) 201M->117M(256M) 1.694ms
[2021-05-03T10:23:55.469+0000][7][gc,cpu      ] GC(383) User=0.00s Sys=0.00s Real=0.00s
[2021-05-03T10:23:55.469+0000][7][safepoint   ] Safepoint "G1CollectForAllocation", Time since last: 15534111974 ns, Reaching safepoint: 94533 ns, At safepoint: 1754388 ns, Total: 1848921 ns
[2021-05-03T10:25:40.779+0000][7][gc,start    ] GC(384) Pause Young (Concurrent Start) (G1 Evacuation Pause)
[2021-05-03T10:25:40.779+0000][7][gc,task     ] GC(384) Using 6 workers of 8 for evacuation
[2021-05-03T10:25:40.779+0000][7][gc,age      ] GC(384) Desired survivor size 6291456 bytes, new threshold 15 (max threshold 15)
[2021-05-03T10:25:40.781+0000][7][gc,age      ] GC(384) Age table with threshold 15 (max threshold 15)
[2021-05-03T10:25:40.781+0000][7][gc,age      ] GC(384) - age   1:     898000 bytes,     898000 total
[2021-05-03T10:25:40.781+0000][7][gc,age      ] GC(384) - age   2:      17776 bytes,     915776 total
[2021-05-03T10:25:40.781+0000][7][gc,age      ] GC(384) - age   3:        336 bytes,     916112 total
[2021-05-03T10:25:40.781+0000][7][gc,age      ] GC(384) - age   4:        128 bytes,     916240 total
[2021-05-03T10:25:40.781+0000][7][gc,age      ] GC(384) - age   5:      85440 bytes,    1001680 total
[2021-05-03T10:25:40.781+0000][7][gc,age      ] GC(384) - age   6:       2832 bytes,    1004512 total
[2021-05-03T10:25:40.781+0000][7][gc,age      ] GC(384) - age   7:         64 bytes,    1004576 total
[2021-05-03T10:25:40.781+0000][7][gc,age      ] GC(384) - age   8:        664 bytes,    1005240 total
[2021-05-03T10:25:40.781+0000][7][gc,age      ] GC(384) - age   9:        272 bytes,    1005512 total
[2021-05-03T10:25:40.781+0000][7][gc,age      ] GC(384) - age  10:        480 bytes,    1005992 total
[2021-05-03T10:25:40.781+0000][7][gc,age      ] GC(384) - age  15:       1904 bytes,    1007896 total
[2021-05-03T10:25:40.781+0000][7][gc,phases   ] GC(384)   Pre Evacuate Collection Set: 0.1ms
[2021-05-03T10:25:40.781+0000][7][gc,phases   ] GC(384)   Merge Heap Roots: 0.0ms
[2021-05-03T10:25:40.781+0000][7][gc,phases   ] GC(384)   Evacuate Collection Set: 0.8ms
[2021-05-03T10:25:40.781+0000][7][gc,phases   ] GC(384)   Post Evacuate Collection Set: 0.6ms
[2021-05-03T10:25:40.781+0000][7][gc,phases   ] GC(384)   Other: 0.2ms
[2021-05-03T10:25:40.781+0000][7][gc,heap     ] GC(384) Eden regions: 21->0(21)
[2021-05-03T10:25:40.781+0000][7][gc,heap     ] GC(384) Survivor regions: 1->1(3)
[2021-05-03T10:25:40.781+0000][7][gc,heap     ] GC(384) Old regions: 27->27
[2021-05-03T10:25:40.781+0000][7][gc,heap     ] GC(384) Archive regions: 2->2
[2021-05-03T10:25:40.781+0000][7][gc,heap     ] GC(384) Humongous regions: 2->2
[2021-05-03T10:25:40.781+0000][7][gc,metaspace] GC(384) Metaspace: 109582K(114512K)->109582K(114512K) NonClass: 95642K(99228K)->95642K(99228K) Class: 13940K(15284K)->13940K(15284K)
[2021-05-03T10:25:40.781+0000][7][gc          ] GC(384) Pause Young (Concurrent Start) (G1 Evacuation Pause) 201M->117M(256M) 1.723ms
[2021-05-03T10:25:40.781+0000][7][gc,cpu      ] GC(384) User=0.01s Sys=0.00s Real=0.01s
[2021-05-03T10:25:40.781+0000][7][safepoint   ] Safepoint "G1CollectForAllocation", Time since last: 105310272050 ns, Reaching safepoint: 85895 ns, At safepoint: 1786882 ns, Total: 1872777 ns
[2021-05-03T10:25:40.781+0000][7][gc          ] GC(385) Concurrent Cycle
[2021-05-03T10:25:40.781+0000][7][gc,marking  ] GC(385) Concurrent Clear Claimed Marks
[2021-05-03T10:25:40.781+0000][7][gc,marking  ] GC(385) Concurrent Clear Claimed Marks 0.057ms
[2021-05-03T10:25:40.781+0000][7][gc,marking  ] GC(385) Concurrent Scan Root Regions
[2021-05-03T10:25:40.783+0000][7][gc,marking  ] GC(385) Concurrent Scan Root Regions 1.423ms
[2021-05-03T10:25:40.783+0000][7][gc,marking  ] GC(385) Concurrent Mark (29482.710s)
[2021-05-03T10:25:40.783+0000][7][gc,marking  ] GC(385) Concurrent Mark From Roots
[2021-05-03T10:25:40.783+0000][7][gc,task     ] GC(385) Using 2 workers of 2 for marking
[2021-05-03T10:25:40.864+0000][7][gc,marking  ] GC(385) Concurrent Mark From Roots 81.169ms
[2021-05-03T10:25:40.864+0000][7][gc,marking  ] GC(385) Concurrent Preclean
[2021-05-03T10:25:40.864+0000][7][gc,marking  ] GC(385) Concurrent Preclean 0.206ms
[2021-05-03T10:25:40.864+0000][7][gc,marking  ] GC(385) Concurrent Mark (29482.710s, 29482.792s) 81.440ms
[2021-05-03T10:25:40.864+0000][7][gc,start    ] GC(385) Pause Remark
[2021-05-03T10:25:40.870+0000][7][gc          ] GC(385) Pause Remark 124M->124M(256M) 5.652ms
[2021-05-03T10:25:40.870+0000][7][gc,cpu      ] GC(385) User=0.03s Sys=0.00s Real=0.00s
[2021-05-03T10:25:40.870+0000][7][safepoint   ] Safepoint "G1Concurrent", Time since last: 83056914 ns, Reaching safepoint: 89175 ns, At safepoint: 5727543 ns, Total: 5816718 ns
[2021-05-03T10:25:40.870+0000][7][gc,marking  ] GC(385) Concurrent Rebuild Remembered Sets
[2021-05-03T10:25:40.923+0000][7][gc,marking  ] GC(385) Concurrent Rebuild Remembered Sets 52.864ms
[2021-05-03T10:25:40.923+0000][7][gc,start    ] GC(385) Pause Cleanup
[2021-05-03T10:25:40.923+0000][7][gc          ] GC(385) Pause Cleanup 124M->124M(256M) 0.067ms
[2021-05-03T10:25:40.923+0000][7][gc,cpu      ] GC(385) User=0.00s Sys=0.00s Real=0.00s
[2021-05-03T10:25:40.923+0000][7][safepoint   ] Safepoint "G1Concurrent", Time since last: 52968346 ns, Reaching safepoint: 88486 ns, At safepoint: 103920 ns, Total: 192406 ns
[2021-05-03T10:25:40.923+0000][7][gc,marking  ] GC(385) Concurrent Cleanup for Next Mark
[2021-05-03T10:25:40.923+0000][7][gc,marking  ] GC(385) Concurrent Cleanup for Next Mark 0.130ms
[2021-05-03T10:25:40.923+0000][7][gc          ] GC(385) Concurrent Cycle 142.163ms
[2021-05-03T10:27:42.904+0000][7][gc,start    ] GC(386) Pause Young (Normal) (G1 Evacuation Pause)
[2021-05-03T10:27:42.904+0000][7][gc,task     ] GC(386) Using 6 workers of 8 for evacuation
[2021-05-03T10:27:42.904+0000][7][gc,age      ] GC(386) Desired survivor size 6291456 bytes, new threshold 15 (max threshold 15)
[2021-05-03T10:27:42.907+0000][7][gc,age      ] GC(386) Age table with threshold 15 (max threshold 15)
[2021-05-03T10:27:42.907+0000][7][gc,age      ] GC(386) - age   1:     545936 bytes,     545936 total
[2021-05-03T10:27:42.907+0000][7][gc,age      ] GC(386) - age   2:     239632 bytes,     785568 total
[2021-05-03T10:27:42.907+0000][7][gc,age      ] GC(386) - age   3:      17536 bytes,     803104 total
[2021-05-03T10:27:42.907+0000][7][gc,age      ] GC(386) - age   4:        336 bytes,     803440 total
[2021-05-03T10:27:42.907+0000][7][gc,age      ] GC(386) - age   5:         32 bytes,     803472 total
[2021-05-03T10:27:42.907+0000][7][gc,age      ] GC(386) - age   6:       3200 bytes,     806672 total
[2021-05-03T10:27:42.907+0000][7][gc,age      ] GC(386) - age   7:       2832 bytes,     809504 total
[2021-05-03T10:27:42.907+0000][7][gc,age      ] GC(386) - age   8:         40 bytes,     809544 total
[2021-05-03T10:27:42.907+0000][7][gc,age      ] GC(386) - age   9:        664 bytes,     810208 total
[2021-05-03T10:27:42.907+0000][7][gc,age      ] GC(386) - age  10:        176 bytes,     810384 total
[2021-05-03T10:27:42.907+0000][7][gc,age      ] GC(386) - age  11:        160 bytes,     810544 total
[2021-05-03T10:27:42.907+0000][7][gc,phases   ] GC(386)   Pre Evacuate Collection Set: 0.1ms
[2021-05-03T10:27:42.907+0000][7][gc,phases   ] GC(386)   Merge Heap Roots: 0.1ms
[2021-05-03T10:27:42.907+0000][7][gc,phases   ] GC(386)   Evacuate Collection Set: 2.4ms
[2021-05-03T10:27:42.907+0000][7][gc,phases   ] GC(386)   Post Evacuate Collection Set: 0.6ms
[2021-05-03T10:27:42.907+0000][7][gc,phases   ] GC(386)   Other: 0.3ms
[2021-05-03T10:27:42.907+0000][7][gc,heap     ] GC(386) Eden regions: 21->0(21)
[2021-05-03T10:27:42.907+0000][7][gc,heap     ] GC(386) Survivor regions: 1->1(3)
[2021-05-03T10:27:42.907+0000][7][gc,heap     ] GC(386) Old regions: 27->27
[2021-05-03T10:27:42.907+0000][7][gc,heap     ] GC(386) Archive regions: 2->2
[2021-05-03T10:27:42.907+0000][7][gc,heap     ] GC(386) Humongous regions: 2->2
[2021-05-03T10:27:42.907+0000][7][gc,metaspace] GC(386) Metaspace: 109584K(114512K)->109584K(114512K) NonClass: 95644K(99228K)->95644K(99228K) Class: 13940K(15284K)->13940K(15284K)
[2021-05-03T10:27:42.907+0000][7][gc          ] GC(386) Pause Young (Normal) (G1 Evacuation Pause) 201M->117M(256M) 3.581ms
[2021-05-03T10:27:42.907+0000][7][gc,cpu      ] GC(386) User=0.01s Sys=0.01s Real=0.00s
[2021-05-03T10:27:42.907+0000][7][safepoint   ] Safepoint "G1CollectForAllocation", Time since last: 121980340728 ns, Reaching safepoint: 156083 ns, At safepoint: 3740815 ns, Total: 3896898 ns
[2021-05-03T10:29:19.932+0000][7][safepoint   ] Safepoint "Cleanup", Time since last: 97024905158 ns, Reaching safepoint: 114208 ns, At safepoint: 5018 ns, Total: 119226 ns
[2021-05-03T10:29:49.193+0000][7][gc,start    ] GC(387) Pause Young (Concurrent Start) (G1 Evacuation Pause)
[2021-05-03T10:29:49.193+0000][7][gc,task     ] GC(387) Using 6 workers of 8 for evacuation
[2021-05-03T10:29:49.193+0000][7][gc,age      ] GC(387) Desired survivor size 6291456 bytes, new threshold 15 (max threshold 15)
[2021-05-03T10:29:49.194+0000][7][gc,age      ] GC(387) Age table with threshold 15 (max threshold 15)
[2021-05-03T10:29:49.194+0000][7][gc,age      ] GC(387) - age   1:     521464 bytes,     521464 total
[2021-05-03T10:29:49.194+0000][7][gc,age      ] GC(387) - age   2:      37032 bytes,     558496 total
[2021-05-03T10:29:49.194+0000][7][gc,age      ] GC(387) - age   3:     207368 bytes,     765864 total
[2021-05-03T10:29:49.194+0000][7][gc,age      ] GC(387) - age   4:      17416 bytes,     783280 total
[2021-05-03T10:29:49.194+0000][7][gc,age      ] GC(387) - age   5:        336 bytes,     783616 total
[2021-05-03T10:29:49.194+0000][7][gc,age      ] GC(387) - age   7:       3200 bytes,     786816 total
[2021-05-03T10:29:49.195+0000][7][gc,age      ] GC(387) - age   8:       2624 bytes,     789440 total
[2021-05-03T10:29:49.195+0000][7][gc,age      ] GC(387) - age   9:         40 bytes,     789480 total
[2021-05-03T10:29:49.195+0000][7][gc,age      ] GC(387) - age  10:        664 bytes,     790144 total
[2021-05-03T10:29:49.195+0000][7][gc,age      ] GC(387) - age  11:         80 bytes,     790224 total
[2021-05-03T10:29:49.195+0000][7][gc,age      ] GC(387) - age  12:        160 bytes,     790384 total
[2021-05-03T10:29:49.195+0000][7][gc,phases   ] GC(387)   Pre Evacuate Collection Set: 0.2ms
[2021-05-03T10:29:49.195+0000][7][gc,phases   ] GC(387)   Merge Heap Roots: 0.0ms
[2021-05-03T10:29:49.195+0000][7][gc,phases   ] GC(387)   Evacuate Collection Set: 0.6ms
[2021-05-03T10:29:49.195+0000][7][gc,phases   ] GC(387)   Post Evacuate Collection Set: 0.5ms
[2021-05-03T10:29:49.195+0000][7][gc,phases   ] GC(387)   Other: 0.2ms
[2021-05-03T10:29:49.195+0000][7][gc,heap     ] GC(387) Eden regions: 21->0(21)
[2021-05-03T10:29:49.195+0000][7][gc,heap     ] GC(387) Survivor regions: 1->1(3)
[2021-05-03T10:29:49.195+0000][7][gc,heap     ] GC(387) Old regions: 27->27
[2021-05-03T10:29:49.195+0000][7][gc,heap     ] GC(387) Archive regions: 2->2
[2021-05-03T10:29:49.195+0000][7][gc,heap     ] GC(387) Humongous regions: 2->2
[2021-05-03T10:29:49.195+0000][7][gc,metaspace] GC(387) Metaspace: 109584K(114512K)->109584K(114512K) NonClass: 95644K(99228K)->95644K(99228K) Class: 13940K(15284K)->13940K(15284K)
[2021-05-03T10:29:49.195+0000][7][gc          ] GC(387) Pause Young (Concurrent Start) (G1 Evacuation Pause) 201M->117M(256M) 1.624ms
[2021-05-03T10:29:49.195+0000][7][gc,cpu      ] GC(387) User=0.01s Sys=0.00s Real=0.00s
[2021-05-03T10:29:49.195+0000][7][safepoint   ] Safepoint "G1CollectForAllocation", Time since last: 29260480946 ns, Reaching safepoint: 163178 ns, At safepoint: 1693690 ns, Total: 1856868 ns
[2021-05-03T10:29:49.195+0000][7][gc          ] GC(388) Concurrent Cycle
[2021-05-03T10:29:49.195+0000][7][gc,marking  ] GC(388) Concurrent Clear Claimed Marks
[2021-05-03T10:29:49.195+0000][7][gc,marking  ] GC(388) Concurrent Clear Claimed Marks 0.051ms
[2021-05-03T10:29:49.195+0000][7][gc,marking  ] GC(388) Concurrent Scan Root Regions
[2021-05-03T10:29:49.196+0000][7][gc,marking  ] GC(388) Concurrent Scan Root Regions 1.343ms
[2021-05-03T10:29:49.196+0000][7][gc,marking  ] GC(388) Concurrent Mark (29731.124s)
[2021-05-03T10:29:49.196+0000][7][gc,marking  ] GC(388) Concurrent Mark From Roots
[2021-05-03T10:29:49.196+0000][7][gc,task     ] GC(388) Using 2 workers of 2 for marking
[2021-05-03T10:29:49.276+0000][7][gc,marking  ] GC(388) Concurrent Mark From Roots 79.580ms
[2021-05-03T10:29:49.276+0000][7][gc,marking  ] GC(388) Concurrent Preclean
[2021-05-03T10:29:49.276+0000][7][gc,marking  ] GC(388) Concurrent Preclean 0.215ms
[2021-05-03T10:29:49.276+0000][7][gc,marking  ] GC(388) Concurrent Mark (29731.124s, 29731.204s) 79.855ms
[2021-05-03T10:29:49.276+0000][7][gc,start    ] GC(388) Pause Remark
[2021-05-03T10:29:49.282+0000][7][gc          ] GC(388) Pause Remark 117M->117M(256M) 5.793ms
[2021-05-03T10:29:49.282+0000][7][gc,cpu      ] GC(388) User=0.03s Sys=0.00s Real=0.01s
[2021-05-03T10:29:49.282+0000][7][safepoint   ] Safepoint "G1Concurrent", Time since last: 81381835 ns, Reaching safepoint: 157945 ns, At safepoint: 5866333 ns, Total: 6024278 ns
[2021-05-03T10:29:49.282+0000][7][gc,marking  ] GC(388) Concurrent Rebuild Remembered Sets
[2021-05-03T10:29:49.336+0000][7][gc,marking  ] GC(388) Concurrent Rebuild Remembered Sets 54.297ms
[2021-05-03T10:29:49.337+0000][7][gc,start    ] GC(388) Pause Cleanup
[2021-05-03T10:29:49.337+0000][7][gc          ] GC(388) Pause Cleanup 117M->117M(256M) 0.071ms
[2021-05-03T10:29:49.337+0000][7][gc,cpu      ] GC(388) User=0.00s Sys=0.00s Real=0.00s
[2021-05-03T10:29:49.337+0000][7][safepoint   ] Safepoint "G1Concurrent", Time since last: 54435449 ns, Reaching safepoint: 109225 ns, At safepoint: 111245 ns, Total: 220470 ns
[2021-05-03T10:29:49.337+0000][7][gc,marking  ] GC(388) Concurrent Cleanup for Next Mark
[2021-05-03T10:29:49.337+0000][7][gc,marking  ] GC(388) Concurrent Cleanup for Next Mark 0.131ms
[2021-05-03T10:29:49.337+0000][7][gc          ] GC(388) Concurrent Cycle 142.229ms
[2021-05-03T10:30:20.343+0000][7][safepoint   ] Safepoint "Cleanup", Time since last: 31006373798 ns, Reaching safepoint: 114140 ns, At safepoint: 5696 ns, Total: 119836 ns
[2021-05-03T10:31:59.263+0000][7][gc,start    ] GC(389) Pause Young (Normal) (G1 Evacuation Pause)
[2021-05-03T10:31:59.263+0000][7][gc,task     ] GC(389) Using 6 workers of 8 for evacuation
[2021-05-03T10:31:59.263+0000][7][gc,age      ] GC(389) Desired survivor size 6291456 bytes, new threshold 15 (max threshold 15)
[2021-05-03T10:31:59.264+0000][7][gc,age      ] GC(389) Age table with threshold 15 (max threshold 15)
[2021-05-03T10:31:59.264+0000][7][gc,age      ] GC(389) - age   1:     507288 bytes,     507288 total
[2021-05-03T10:31:59.264+0000][7][gc,age      ] GC(389) - age   2:        848 bytes,     508136 total
[2021-05-03T10:31:59.264+0000][7][gc,age      ] GC(389) - age   3:      36616 bytes,     544752 total
[2021-05-03T10:31:59.264+0000][7][gc,age      ] GC(389) - age   4:     118128 bytes,     662880 total
[2021-05-03T10:31:59.264+0000][7][gc,age      ] GC(389) - age   5:      17256 bytes,     680136 total
[2021-05-03T10:31:59.264+0000][7][gc,age      ] GC(389) - age   6:        336 bytes,     680472 total
[2021-05-03T10:31:59.264+0000][7][gc,age      ] GC(389) - age   8:       3200 bytes,     683672 total
[2021-05-03T10:31:59.264+0000][7][gc,age      ] GC(389) - age   9:       2624 bytes,     686296 total
[2021-05-03T10:31:59.264+0000][7][gc,age      ] GC(389) - age  10:         40 bytes,     686336 total
[2021-05-03T10:31:59.264+0000][7][gc,age      ] GC(389) - age  11:        664 bytes,     687000 total
[2021-05-03T10:31:59.264+0000][7][gc,age      ] GC(389) - age  12:         40 bytes,     687040 total
[2021-05-03T10:31:59.264+0000][7][gc,age      ] GC(389) - age  13:        160 bytes,     687200 total
[2021-05-03T10:31:59.264+0000][7][gc,phases   ] GC(389)   Pre Evacuate Collection Set: 0.1ms
[2021-05-03T10:31:59.264+0000][7][gc,phases   ] GC(389)   Merge Heap Roots: 0.0ms
[2021-05-03T10:31:59.264+0000][7][gc,phases   ] GC(389)   Evacuate Collection Set: 0.9ms
[2021-05-03T10:31:59.264+0000][7][gc,phases   ] GC(389)   Post Evacuate Collection Set: 0.5ms
[2021-05-03T10:31:59.264+0000][7][gc,phases   ] GC(389)   Other: 0.2ms
[2021-05-03T10:31:59.264+0000][7][gc,heap     ] GC(389) Eden regions: 21->0(21)
[2021-05-03T10:31:59.264+0000][7][gc,heap     ] GC(389) Survivor regions: 1->1(3)
[2021-05-03T10:31:59.264+0000][7][gc,heap     ] GC(389) Old regions: 27->27
[2021-05-03T10:31:59.264+0000][7][gc,heap     ] GC(389) Archive regions: 2->2
[2021-05-03T10:31:59.264+0000][7][gc,heap     ] GC(389) Humongous regions: 2->2
[2021-05-03T10:31:59.264+0000][7][gc,metaspace] GC(389) Metaspace: 109584K(114512K)->109584K(114512K) NonClass: 95644K(99228K)->95644K(99228K) Class: 13940K(15284K)->13940K(15284K)
[2021-05-03T10:31:59.264+0000][7][gc          ] GC(389) Pause Young (Normal) (G1 Evacuation Pause) 201M->117M(256M) 1.780ms
[2021-05-03T10:31:59.264+0000][7][gc,cpu      ] GC(389) User=0.01s Sys=0.00s Real=0.00s
[2021-05-03T10:31:59.264+0000][7][safepoint   ] Safepoint "G1CollectForAllocation", Time since last: 98919067170 ns, Reaching safepoint: 190997 ns, At safepoint: 1851682 ns, Total: 2042679 ns
[2021-05-03T10:34:18.057+0000][7][gc,start    ] GC(390) Pause Young (Concurrent Start) (G1 Evacuation Pause)
[2021-05-03T10:34:18.057+0000][7][gc,task     ] GC(390) Using 6 workers of 8 for evacuation
[2021-05-03T10:34:18.057+0000][7][gc,age      ] GC(390) Desired survivor size 6291456 bytes, new threshold 15 (max threshold 15)
[2021-05-03T10:34:18.058+0000][7][gc,age      ] GC(390) Age table with threshold 15 (max threshold 15)
[2021-05-03T10:34:18.058+0000][7][gc,age      ] GC(390) - age   1:     508432 bytes,     508432 total
[2021-05-03T10:34:18.058+0000][7][gc,age      ] GC(390) - age   2:        672 bytes,     509104 total
[2021-05-03T10:34:18.058+0000][7][gc,age      ] GC(390) - age   3:        448 bytes,     509552 total
[2021-05-03T10:34:18.058+0000][7][gc,age      ] GC(390) - age   4:      36616 bytes,     546168 total
[2021-05-03T10:34:18.058+0000][7][gc,age      ] GC(390) - age   5:     118008 bytes,     664176 total
[2021-05-03T10:34:18.058+0000][7][gc,age      ] GC(390) - age   6:      17256 bytes,     681432 total
[2021-05-03T10:34:18.058+0000][7][gc,age      ] GC(390) - age   7:        336 bytes,     681768 total
[2021-05-03T10:34:18.058+0000][7][gc,age      ] GC(390) - age   9:       3200 bytes,     684968 total
[2021-05-03T10:34:18.058+0000][7][gc,age      ] GC(390) - age  10:       2624 bytes,     687592 total
[2021-05-03T10:34:18.058+0000][7][gc,age      ] GC(390) - age  11:         40 bytes,     687632 total
[2021-05-03T10:34:18.058+0000][7][gc,age      ] GC(390) - age  12:        664 bytes,     688296 total
[2021-05-03T10:34:18.058+0000][7][gc,age      ] GC(390) - age  14:        160 bytes,     688456 total
[2021-05-03T10:34:18.058+0000][7][gc,phases   ] GC(390)   Pre Evacuate Collection Set: 0.1ms
[2021-05-03T10:34:18.058+0000][7][gc,phases   ] GC(390)   Merge Heap Roots: 0.0ms
[2021-05-03T10:34:18.058+0000][7][gc,phases   ] GC(390)   Evacuate Collection Set: 0.9ms
[2021-05-03T10:34:18.058+0000][7][gc,phases   ] GC(390)   Post Evacuate Collection Set: 0.4ms
[2021-05-03T10:34:18.058+0000][7][gc,phases   ] GC(390)   Other: 0.2ms
[2021-05-03T10:34:18.058+0000][7][gc,heap     ] GC(390) Eden regions: 21->0(21)
[2021-05-03T10:34:18.058+0000][7][gc,heap     ] GC(390) Survivor regions: 1->1(3)
[2021-05-03T10:34:18.058+0000][7][gc,heap     ] GC(390) Old regions: 27->27
[2021-05-03T10:34:18.058+0000][7][gc,heap     ] GC(390) Archive regions: 2->2
[2021-05-03T10:34:18.058+0000][7][gc,heap     ] GC(390) Humongous regions: 2->2
[2021-05-03T10:34:18.058+0000][7][gc,metaspace] GC(390) Metaspace: 109584K(114512K)->109584K(114512K) NonClass: 95644K(99228K)->95644K(99228K) Class: 13940K(15284K)->13940K(15284K)
[2021-05-03T10:34:18.058+0000][7][gc          ] GC(390) Pause Young (Concurrent Start) (G1 Evacuation Pause) 201M->117M(256M) 1.807ms
[2021-05-03T10:34:18.058+0000][7][gc,cpu      ] GC(390) User=0.00s Sys=0.00s Real=0.00s
[2021-05-03T10:34:18.058+0000][7][safepoint   ] Safepoint "G1CollectForAllocation", Time since last: 138792056927 ns, Reaching safepoint: 167290 ns, At safepoint: 1885468 ns, Total: 2052758 ns
[2021-05-03T10:34:18.058+0000][7][gc          ] GC(391) Concurrent Cycle
[2021-05-03T10:34:18.058+0000][7][gc,marking  ] GC(391) Concurrent Clear Claimed Marks
[2021-05-03T10:34:18.059+0000][7][gc,marking  ] GC(391) Concurrent Clear Claimed Marks 0.082ms
[2021-05-03T10:34:18.059+0000][7][gc,marking  ] GC(391) Concurrent Scan Root Regions
[2021-05-03T10:34:18.060+0000][7][gc,marking  ] GC(391) Concurrent Scan Root Regions 1.450ms
[2021-05-03T10:34:18.060+0000][7][gc,marking  ] GC(391) Concurrent Mark (29999.988s)
[2021-05-03T10:34:18.060+0000][7][gc,marking  ] GC(391) Concurrent Mark From Roots
[2021-05-03T10:34:18.060+0000][7][gc,task     ] GC(391) Using 2 workers of 2 for marking
[2021-05-03T10:34:18.140+0000][7][gc,marking  ] GC(391) Concurrent Mark From Roots 79.709ms
[2021-05-03T10:34:18.140+0000][7][gc,marking  ] GC(391) Concurrent Preclean
[2021-05-03T10:34:18.140+0000][7][gc,marking  ] GC(391) Concurrent Preclean 0.206ms
[2021-05-03T10:34:18.140+0000][7][gc,marking  ] GC(391) Concurrent Mark (29999.988s, 30000.068s) 79.963ms
[2021-05-03T10:34:18.140+0000][7][gc,start    ] GC(391) Pause Remark
[2021-05-03T10:34:18.151+0000][7][gc          ] GC(391) Pause Remark 118M->118M(256M) 10.557ms
[2021-05-03T10:34:18.151+0000][7][gc,cpu      ] GC(391) User=0.06s Sys=0.00s Real=0.00s
[2021-05-03T10:34:18.151+0000][7][safepoint   ] Safepoint "G1Concurrent", Time since last: 81636762 ns, Reaching safepoint: 94896 ns, At safepoint: 10630097 ns, Total: 10724993 ns
[2021-05-03T10:34:18.151+0000][7][gc,marking  ] GC(391) Concurrent Rebuild Remembered Sets
[2021-05-03T10:34:18.205+0000][7][gc,marking  ] GC(391) Concurrent Rebuild Remembered Sets 54.294ms
[2021-05-03T10:34:18.205+0000][7][gc,start    ] GC(391) Pause Cleanup
[2021-05-03T10:34:18.205+0000][7][gc          ] GC(391) Pause Cleanup 118M->118M(256M) 0.070ms
[2021-05-03T10:34:18.205+0000][7][gc,cpu      ] GC(391) User=0.00s Sys=0.00s Real=0.00s
[2021-05-03T10:34:18.206+0000][7][safepoint   ] Safepoint "G1Concurrent", Time since last: 54440879 ns, Reaching safepoint: 154281 ns, At safepoint: 110138 ns, Total: 264419 ns
[2021-05-03T10:34:18.206+0000][7][gc,marking  ] GC(391) Concurrent Cleanup for Next Mark
[2021-05-03T10:34:18.206+0000][7][gc,marking  ] GC(391) Concurrent Cleanup for Next Mark 0.133ms
[2021-05-03T10:34:18.206+0000][7][gc          ] GC(391) Concurrent Cycle 147.201ms
[2021-05-03T10:34:19.206+0000][7][safepoint   ] Safepoint "Cleanup", Time since last: 1000450175 ns, Reaching safepoint: 117921 ns, At safepoint: 5807 ns, Total: 123728 ns
[2021-05-03T10:34:20.206+0000][7][safepoint   ] Safepoint "Cleanup", Time since last: 1000106306 ns, Reaching safepoint: 264883 ns, At safepoint: 7161 ns, Total: 272044 ns
[2021-05-03T10:34:23.208+0000][7][safepoint   ] Safepoint "Cleanup", Time since last: 3001105267 ns, Reaching safepoint: 112552 ns, At safepoint: 5594 ns, Total: 118146 ns
[2021-05-03T10:34:26.208+0000][7][safepoint   ] Safepoint "Cleanup", Time since last: 3000593770 ns, Reaching safepoint: 110848 ns, At safepoint: 5865 ns, Total: 116713 ns
[2021-05-03T10:34:36.212+0000][7][safepoint   ] Safepoint "Cleanup", Time since last: 10003525474 ns, Reaching safepoint: 183094 ns, At safepoint: 7035 ns, Total: 190129 ns
[2021-05-03T10:34:39.213+0000][7][safepoint   ] Safepoint "Cleanup", Time since last: 3000652466 ns, Reaching safepoint: 110944 ns, At safepoint: 5829 ns, Total: 116773 ns
[2021-05-03T10:34:40.213+0000][7][safepoint   ] Safepoint "Cleanup", Time since last: 1000307296 ns, Reaching safepoint: 118804 ns, At safepoint: 5657 ns, Total: 124461 ns
[2021-05-03T10:34:42.214+0000][7][safepoint   ] Safepoint "Cleanup", Time since last: 2000432183 ns, Reaching safepoint: 148966 ns, At safepoint: 5321 ns, Total: 154287 ns
[2021-05-03T10:34:45.215+0000][7][safepoint   ] Safepoint "Cleanup", Time since last: 3000619866 ns, Reaching safepoint: 111400 ns, At safepoint: 4874 ns, Total: 116274 ns
[2021-05-03T10:35:20.226+0000][7][safepoint   ] Safepoint "Cleanup", Time since last: 35010857541 ns, Reaching safepoint: 168049 ns, At safepoint: 6825 ns, Total: 174874 ns
[2021-05-03T10:35:40.231+0000][7][safepoint   ] Safepoint "Cleanup", Time since last: 20005171335 ns, Reaching safepoint: 175135 ns, At safepoint: 7374 ns, Total: 182509 ns
[2021-05-03T10:35:40.736+0000][7][safepoint   ] Safepoint "ICBufferFull", Time since last: 504865095 ns, Reaching safepoint: 219066 ns, At safepoint: 7172 ns, Total: 226238 ns
[2021-05-03T10:35:41.737+0000][7][safepoint   ] Safepoint "Cleanup", Time since last: 1000368658 ns, Reaching safepoint: 209721 ns, At safepoint: 7115 ns, Total: 216836 ns
[2021-05-03T10:35:42.737+0000][7][safepoint   ] Safepoint "Cleanup", Time since last: 1000368429 ns, Reaching safepoint: 106428 ns, At safepoint: 10393 ns, Total: 116821 ns
[2021-05-03T10:35:43.737+0000][7][safepoint   ] Safepoint "Cleanup", Time since last: 1000147086 ns, Reaching safepoint: 111359 ns, At safepoint: 6924 ns, Total: 118283 ns
[2021-05-03T10:35:46.796+0000][7][gc,start    ] GC(392) Pause Young (Normal) (G1 Evacuation Pause)
[2021-05-03T10:35:46.796+0000][7][gc,task     ] GC(392) Using 6 workers of 8 for evacuation
[2021-05-03T10:35:46.796+0000][7][gc,age      ] GC(392) Desired survivor size 6291456 bytes, new threshold 15 (max threshold 15)
[2021-05-03T10:35:46.798+0000][7][gc,age      ] GC(392) Age table with threshold 15 (max threshold 15)
[2021-05-03T10:35:46.798+0000][7][gc,age      ] GC(392) - age   1:    1210952 bytes,    1210952 total
[2021-05-03T10:35:46.798+0000][7][gc,age      ] GC(392) - age   2:        304 bytes,    1211256 total
[2021-05-03T10:35:46.798+0000][7][gc,age      ] GC(392) - age   3:        472 bytes,    1211728 total
[2021-05-03T10:35:46.798+0000][7][gc,age      ] GC(392) - age   4:        232 bytes,    1211960 total
[2021-05-03T10:35:46.798+0000][7][gc,age      ] GC(392) - age   5:        920 bytes,    1212880 total
[2021-05-03T10:35:46.798+0000][7][gc,age      ] GC(392) - age   6:       1968 bytes,    1214848 total
[2021-05-03T10:35:46.798+0000][7][gc,age      ] GC(392) - age   7:      17256 bytes,    1232104 total
[2021-05-03T10:35:46.798+0000][7][gc,age      ] GC(392) - age   8:        336 bytes,    1232440 total
[2021-05-03T10:35:46.798+0000][7][gc,age      ] GC(392) - age  10:        712 bytes,    1233152 total
[2021-05-03T10:35:46.798+0000][7][gc,age      ] GC(392) - age  11:        400 bytes,    1233552 total
[2021-05-03T10:35:46.798+0000][7][gc,age      ] GC(392) - age  13:        664 bytes,    1234216 total
[2021-05-03T10:35:46.798+0000][7][gc,age      ] GC(392) - age  15:        160 bytes,    1234376 total
[2021-05-03T10:35:46.798+0000][7][gc,phases   ] GC(392)   Pre Evacuate Collection Set: 0.0ms
[2021-05-03T10:35:46.798+0000][7][gc,phases   ] GC(392)   Merge Heap Roots: 0.0ms
[2021-05-03T10:35:46.798+0000][7][gc,phases   ] GC(392)   Evacuate Collection Set: 1.0ms
[2021-05-03T10:35:46.798+0000][7][gc,phases   ] GC(392)   Post Evacuate Collection Set: 0.4ms
[2021-05-03T10:35:46.798+0000][7][gc,phases   ] GC(392)   Other: 0.2ms
[2021-05-03T10:35:46.798+0000][7][gc,heap     ] GC(392) Eden regions: 21->0(21)
[2021-05-03T10:35:46.798+0000][7][gc,heap     ] GC(392) Survivor regions: 1->1(3)
[2021-05-03T10:35:46.798+0000][7][gc,heap     ] GC(392) Old regions: 27->27
[2021-05-03T10:35:46.798+0000][7][gc,heap     ] GC(392) Archive regions: 2->2
[2021-05-03T10:35:46.798+0000][7][gc,heap     ] GC(392) Humongous regions: 2->2
[2021-05-03T10:35:46.798+0000][7][gc,metaspace] GC(392) Metaspace: 109583K(114512K)->109583K(114512K) NonClass: 95645K(99228K)->95645K(99228K) Class: 13938K(15284K)->13938K(15284K)
[2021-05-03T10:35:46.798+0000][7][gc          ] GC(392) Pause Young (Normal) (G1 Evacuation Pause) 201M->117M(256M) 1.750ms
[2021-05-03T10:35:46.798+0000][7][gc,cpu      ] GC(392) User=0.01s Sys=0.00s Real=0.00s
[2021-05-03T10:35:46.798+0000][7][safepoint   ] Safepoint "G1CollectForAllocation", Time since last: 3058794530 ns, Reaching safepoint: 80283 ns, At safepoint: 1813083 ns, Total: 1893366 ns
[2021-05-03T10:36:36.807+0000][7][safepoint   ] Safepoint "Cleanup", Time since last: 50008207590 ns, Reaching safepoint: 173191 ns, At safepoint: 5435 ns, Total: 178626 ns
[2021-05-03T10:36:56.810+0000][7][safepoint   ] Safepoint "Cleanup", Time since last: 20003802869 ns, Reaching safepoint: 106216 ns, At safepoint: 5179 ns, Total: 111395 ns
[2021-05-03T10:37:42.822+0000][7][safepoint   ] Safepoint "Cleanup", Time since last: 46011643479 ns, Reaching safepoint: 127843 ns, At safepoint: 5021 ns, Total: 132864 ns
[2021-05-03T10:37:58.145+0000][7][gc,start    ] GC(393) Pause Young (Concurrent Start) (G1 Evacuation Pause)
[2021-05-03T10:37:58.145+0000][7][gc,task     ] GC(393) Using 6 workers of 8 for evacuation
[2021-05-03T10:37:58.145+0000][7][gc,age      ] GC(393) Desired survivor size 6291456 bytes, new threshold 15 (max threshold 15)
[2021-05-03T10:37:58.147+0000][7][gc,age      ] GC(393) Age table with threshold 15 (max threshold 15)
[2021-05-03T10:37:58.147+0000][7][gc,age      ] GC(393) - age   1:     527136 bytes,     527136 total
[2021-05-03T10:37:58.147+0000][7][gc,age      ] GC(393) - age   2:     681896 bytes,    1209032 total
[2021-05-03T10:37:58.147+0000][7][gc,age      ] GC(393) - age   3:        144 bytes,    1209176 total
[2021-05-03T10:37:58.147+0000][7][gc,age      ] GC(393) - age   4:        448 bytes,    1209624 total
[2021-05-03T10:37:58.147+0000][7][gc,age      ] GC(393) - age   5:        232 bytes,    1209856 total
[2021-05-03T10:37:58.147+0000][7][gc,age      ] GC(393) - age   6:        920 bytes,    1210776 total
[2021-05-03T10:37:58.147+0000][7][gc,age      ] GC(393) - age   7:       1728 bytes,    1212504 total
[2021-05-03T10:37:58.147+0000][7][gc,age      ] GC(393) - age   8:      17256 bytes,    1229760 total
[2021-05-03T10:37:58.147+0000][7][gc,age      ] GC(393) - age   9:        336 bytes,    1230096 total
[2021-05-03T10:37:58.147+0000][7][gc,age      ] GC(393) - age  11:        712 bytes,    1230808 total
[2021-05-03T10:37:58.147+0000][7][gc,age      ] GC(393) - age  12:        400 bytes,    1231208 total
[2021-05-03T10:37:58.147+0000][7][gc,age      ] GC(393) - age  14:        664 bytes,    1231872 total
[2021-05-03T10:37:58.147+0000][7][gc,phases   ] GC(393)   Pre Evacuate Collection Set: 0.1ms
[2021-05-03T10:37:58.147+0000][7][gc,phases   ] GC(393)   Merge Heap Roots: 0.0ms
[2021-05-03T10:37:58.147+0000][7][gc,phases   ] GC(393)   Evacuate Collection Set: 1.0ms
[2021-05-03T10:37:58.147+0000][7][gc,phases   ] GC(393)   Post Evacuate Collection Set: 0.3ms
[2021-05-03T10:37:58.147+0000][7][gc,phases   ] GC(393)   Other: 0.2ms
[2021-05-03T10:37:58.147+0000][7][gc,heap     ] GC(393) Eden regions: 21->0(21)
[2021-05-03T10:37:58.147+0000][7][gc,heap     ] GC(393) Survivor regions: 1->1(3)
[2021-05-03T10:37:58.147+0000][7][gc,heap     ] GC(393) Old regions: 27->27
[2021-05-03T10:37:58.147+0000][7][gc,heap     ] GC(393) Archive regions: 2->2
[2021-05-03T10:37:58.147+0000][7][gc,heap     ] GC(393) Humongous regions: 2->2
[2021-05-03T10:37:58.147+0000][7][gc,metaspace] GC(393) Metaspace: 109587K(114512K)->109587K(114512K) NonClass: 95648K(99228K)->95648K(99228K) Class: 13938K(15284K)->13938K(15284K)
[2021-05-03T10:37:58.147+0000][7][gc          ] GC(393) Pause Young (Concurrent Start) (G1 Evacuation Pause) 201M->118M(256M) 1.801ms
[2021-05-03T10:37:58.147+0000][7][gc,cpu      ] GC(393) User=0.00s Sys=0.00s Real=0.00s
[2021-05-03T10:37:58.147+0000][7][gc          ] GC(394) Concurrent Cycle
[2021-05-03T10:37:58.147+0000][7][safepoint   ] Safepoint "G1CollectForAllocation", Time since last: 15322512518 ns, Reaching safepoint: 181827 ns, At safepoint: 1870196 ns, Total: 2052023 ns
[2021-05-03T10:37:58.147+0000][7][gc,marking  ] GC(394) Concurrent Clear Claimed Marks
[2021-05-03T10:37:58.147+0000][7][gc,marking  ] GC(394) Concurrent Clear Claimed Marks 0.043ms
[2021-05-03T10:37:58.147+0000][7][gc,marking  ] GC(394) Concurrent Scan Root Regions
[2021-05-03T10:37:58.148+0000][7][gc,marking  ] GC(394) Concurrent Scan Root Regions 1.421ms
[2021-05-03T10:37:58.148+0000][7][gc,marking  ] GC(394) Concurrent Mark (30220.076s)
[2021-05-03T10:37:58.148+0000][7][gc,marking  ] GC(394) Concurrent Mark From Roots
[2021-05-03T10:37:58.148+0000][7][gc,task     ] GC(394) Using 2 workers of 2 for marking
[2021-05-03T10:37:58.227+0000][7][gc,marking  ] GC(394) Concurrent Mark From Roots 78.758ms
[2021-05-03T10:37:58.227+0000][7][gc,marking  ] GC(394) Concurrent Preclean
[2021-05-03T10:37:58.227+0000][7][gc,marking  ] GC(394) Concurrent Preclean 0.203ms
[2021-05-03T10:37:58.227+0000][7][gc,marking  ] GC(394) Concurrent Mark (30220.076s, 30220.155s) 79.009ms
[2021-05-03T10:37:58.228+0000][7][gc,start    ] GC(394) Pause Remark
[2021-05-03T10:37:58.234+0000][7][gc          ] GC(394) Pause Remark 118M->118M(256M) 6.010ms
[2021-05-03T10:37:58.234+0000][7][gc,cpu      ] GC(394) User=0.04s Sys=0.00s Real=0.01s
[2021-05-03T10:37:58.234+0000][7][safepoint   ] Safepoint "G1Concurrent", Time since last: 80545561 ns, Reaching safepoint: 166066 ns, At safepoint: 6085590 ns, Total: 6251656 ns
[2021-05-03T10:37:58.234+0000][7][gc,marking  ] GC(394) Concurrent Rebuild Remembered Sets
[2021-05-03T10:37:58.290+0000][7][gc,marking  ] GC(394) Concurrent Rebuild Remembered Sets 55.902ms
[2021-05-03T10:37:58.290+0000][7][gc,start    ] GC(394) Pause Cleanup
[2021-05-03T10:37:58.290+0000][7][gc          ] GC(394) Pause Cleanup 118M->118M(256M) 0.158ms
[2021-05-03T10:37:58.290+0000][7][gc,cpu      ] GC(394) User=0.00s Sys=0.00s Real=0.00s
[2021-05-03T10:37:58.290+0000][7][safepoint   ] Safepoint "G1Concurrent", Time since last: 55979783 ns, Reaching safepoint: 146474 ns, At safepoint: 204803 ns, Total: 351277 ns
[2021-05-03T10:37:58.290+0000][7][gc,marking  ] GC(394) Concurrent Cleanup for Next Mark
[2021-05-03T10:37:58.290+0000][7][gc,marking  ] GC(394) Concurrent Cleanup for Next Mark 0.195ms
[2021-05-03T10:37:58.290+0000][7][gc          ] GC(394) Concurrent Cycle 143.390ms
[2021-05-03T10:40:03.198+0000][7][gc,start    ] GC(395) Pause Young (Normal) (G1 Evacuation Pause)
[2021-05-03T10:40:03.198+0000][7][gc,task     ] GC(395) Using 6 workers of 8 for evacuation
[2021-05-03T10:40:03.198+0000][7][gc,age      ] GC(395) Desired survivor size 6291456 bytes, new threshold 15 (max threshold 15)
[2021-05-03T10:40:03.199+0000][7][gc,age      ] GC(395) Age table with threshold 15 (max threshold 15)
[2021-05-03T10:40:03.199+0000][7][gc,age      ] GC(395) - age   1:     516496 bytes,     516496 total
[2021-05-03T10:40:03.199+0000][7][gc,age      ] GC(395) - age   2:      19456 bytes,     535952 total
[2021-05-03T10:40:03.199+0000][7][gc,age      ] GC(395) - age   3:     557584 bytes,    1093536 total
[2021-05-03T10:40:03.199+0000][7][gc,age      ] GC(395) - age   5:        296 bytes,    1093832 total
[2021-05-03T10:40:03.199+0000][7][gc,age      ] GC(395) - age   6:        208 bytes,    1094040 total
[2021-05-03T10:40:03.199+0000][7][gc,age      ] GC(395) - age   7:        720 bytes,    1094760 total
[2021-05-03T10:40:03.199+0000][7][gc,age      ] GC(395) - age   8:       1552 bytes,    1096312 total
[2021-05-03T10:40:03.199+0000][7][gc,age      ] GC(395) - age   9:      17256 bytes,    1113568 total
[2021-05-03T10:40:03.199+0000][7][gc,age      ] GC(395) - age  10:        336 bytes,    1113904 total
[2021-05-03T10:40:03.200+0000][7][gc,age      ] GC(395) - age  12:        712 bytes,    1114616 total
[2021-05-03T10:40:03.200+0000][7][gc,age      ] GC(395) - age  13:        400 bytes,    1115016 total
[2021-05-03T10:40:03.200+0000][7][gc,age      ] GC(395) - age  15:        664 bytes,    1115680 total
[2021-05-03T10:40:03.200+0000][7][gc,phases   ] GC(395)   Pre Evacuate Collection Set: 0.0ms
[2021-05-03T10:40:03.200+0000][7][gc,phases   ] GC(395)   Merge Heap Roots: 0.0ms
[2021-05-03T10:40:03.200+0000][7][gc,phases   ] GC(395)   Evacuate Collection Set: 0.8ms
[2021-05-03T10:40:03.200+0000][7][gc,phases   ] GC(395)   Post Evacuate Collection Set: 0.5ms
[2021-05-03T10:40:03.200+0000][7][gc,phases   ] GC(395)   Other: 0.2ms
[2021-05-03T10:40:03.200+0000][7][gc,heap     ] GC(395) Eden regions: 21->0(21)
[2021-05-03T10:40:03.200+0000][7][gc,heap     ] GC(395) Survivor regions: 1->1(3)
[2021-05-03T10:40:03.200+0000][7][gc,heap     ] GC(395) Old regions: 27->27
[2021-05-03T10:40:03.200+0000][7][gc,heap     ] GC(395) Archive regions: 2->2
[2021-05-03T10:40:03.200+0000][7][gc,heap     ] GC(395) Humongous regions: 2->2
[2021-05-03T10:40:03.200+0000][7][gc,metaspace] GC(395) Metaspace: 109600K(114512K)->109600K(114512K) NonClass: 95659K(99228K)->95659K(99228K) Class: 13940K(15284K)->13940K(15284K)
[2021-05-03T10:40:03.200+0000][7][gc          ] GC(395) Pause Young (Normal) (G1 Evacuation Pause) 202M->117M(256M) 1.667ms
[2021-05-03T10:40:03.200+0000][7][gc,cpu      ] GC(395) User=0.01s Sys=0.00s Real=0.00s
[2021-05-03T10:40:03.200+0000][7][safepoint   ] Safepoint "G1CollectForAllocation", Time since last: 124907924514 ns, Reaching safepoint: 98955 ns, At safepoint: 1726033 ns, Total: 1824988 ns
[2021-05-03T10:40:42.210+0000][7][safepoint   ] Safepoint "Cleanup", Time since last: 39009882566 ns, Reaching safepoint: 112668 ns, At safepoint: 5498 ns, Total: 118166 ns
[2021-05-03T10:40:45.210+0000][7][safepoint   ] Safepoint "Cleanup", Time since last: 3000697129 ns, Reaching safepoint: 100612 ns, At safepoint: 5285 ns, Total: 105897 ns
[2021-05-03T10:41:50.230+0000][7][safepoint   ] Safepoint "Cleanup", Time since last: 65019011381 ns, Reaching safepoint: 153255 ns, At safepoint: 5150 ns, Total: 158405 ns
[2021-05-03T10:42:19.945+0000][7][gc,start    ] GC(396) Pause Young (Concurrent Start) (G1 Evacuation Pause)
[2021-05-03T10:42:19.945+0000][7][gc,task     ] GC(396) Using 6 workers of 8 for evacuation
[2021-05-03T10:42:19.945+0000][7][gc,age      ] GC(396) Desired survivor size 6291456 bytes, new threshold 15 (max threshold 15)
[2021-05-03T10:42:19.946+0000][7][gc,age      ] GC(396) Age table with threshold 15 (max threshold 15)
[2021-05-03T10:42:19.946+0000][7][gc,age      ] GC(396) - age   1:     306488 bytes,     306488 total
[2021-05-03T10:42:19.946+0000][7][gc,age      ] GC(396) - age   2:       4224 bytes,     310712 total
[2021-05-03T10:42:19.946+0000][7][gc,age      ] GC(396) - age   3:      19176 bytes,     329888 total
[2021-05-03T10:42:19.946+0000][7][gc,age      ] GC(396) - age   4:     557344 bytes,     887232 total
[2021-05-03T10:42:19.946+0000][7][gc,age      ] GC(396) - age   6:        176 bytes,     887408 total
[2021-05-03T10:42:19.946+0000][7][gc,age      ] GC(396) - age   7:        208 bytes,     887616 total
[2021-05-03T10:42:19.946+0000][7][gc,age      ] GC(396) - age   8:        720 bytes,     888336 total
[2021-05-03T10:42:19.946+0000][7][gc,age      ] GC(396) - age   9:       1552 bytes,     889888 total
[2021-05-03T10:42:19.946+0000][7][gc,age      ] GC(396) - age  10:      17256 bytes,     907144 total
[2021-05-03T10:42:19.946+0000][7][gc,age      ] GC(396) - age  11:        336 bytes,     907480 total
[2021-05-03T10:42:19.946+0000][7][gc,age      ] GC(396) - age  13:        712 bytes,     908192 total
[2021-05-03T10:42:19.946+0000][7][gc,age      ] GC(396) - age  14:        360 bytes,     908552 total
[2021-05-03T10:42:19.946+0000][7][gc,phases   ] GC(396)   Pre Evacuate Collection Set: 0.1ms
[2021-05-03T10:42:19.946+0000][7][gc,phases   ] GC(396)   Merge Heap Roots: 0.0ms
[2021-05-03T10:42:19.946+0000][7][gc,phases   ] GC(396)   Evacuate Collection Set: 0.9ms
[2021-05-03T10:42:19.946+0000][7][gc,phases   ] GC(396)   Post Evacuate Collection Set: 0.5ms
[2021-05-03T10:42:19.946+0000][7][gc,phases   ] GC(396)   Other: 0.2ms
[2021-05-03T10:42:19.946+0000][7][gc,heap     ] GC(396) Eden regions: 21->0(21)
[2021-05-03T10:42:19.946+0000][7][gc,heap     ] GC(396) Survivor regions: 1->1(3)
[2021-05-03T10:42:19.946+0000][7][gc,heap     ] GC(396) Old regions: 27->27
[2021-05-03T10:42:19.946+0000][7][gc,heap     ] GC(396) Archive regions: 2->2
[2021-05-03T10:42:19.946+0000][7][gc,heap     ] GC(396) Humongous regions: 2->2
[2021-05-03T10:42:19.946+0000][7][gc,metaspace] GC(396) Metaspace: 109600K(114512K)->109600K(114512K) NonClass: 95659K(99228K)->95659K(99228K) Class: 13940K(15284K)->13940K(15284K)
[2021-05-03T10:42:19.946+0000][7][gc          ] GC(396) Pause Young (Concurrent Start) (G1 Evacuation Pause) 201M->117M(256M) 1.821ms
[2021-05-03T10:42:19.946+0000][7][gc,cpu      ] GC(396) User=0.01s Sys=0.00s Real=0.00s
[2021-05-03T10:42:19.946+0000][7][gc          ] GC(397) Concurrent Cycle
[2021-05-03T10:42:19.946+0000][7][safepoint   ] Safepoint "G1CollectForAllocation", Time since last: 29714733233 ns, Reaching safepoint: 134823 ns, At safepoint: 1890526 ns, Total: 2025349 ns
[2021-05-03T10:42:19.946+0000][7][gc,marking  ] GC(397) Concurrent Clear Claimed Marks
[2021-05-03T10:42:19.946+0000][7][gc,marking  ] GC(397) Concurrent Clear Claimed Marks 0.059ms
[2021-05-03T10:42:19.946+0000][7][gc,marking  ] GC(397) Concurrent Scan Root Regions
[2021-05-03T10:42:19.948+0000][7][gc,marking  ] GC(397) Concurrent Scan Root Regions 1.520ms
[2021-05-03T10:42:19.948+0000][7][gc,marking  ] GC(397) Concurrent Mark (30481.876s)
[2021-05-03T10:42:19.948+0000][7][gc,marking  ] GC(397) Concurrent Mark From Roots
[2021-05-03T10:42:19.948+0000][7][gc,task     ] GC(397) Using 2 workers of 2 for marking
[2021-05-03T10:42:20.041+0000][7][gc,marking  ] GC(397) Concurrent Mark From Roots 93.236ms
[2021-05-03T10:42:20.041+0000][7][gc,marking  ] GC(397) Concurrent Preclean
[2021-05-03T10:42:20.042+0000][7][gc,marking  ] GC(397) Concurrent Preclean 0.206ms
[2021-05-03T10:42:20.042+0000][7][gc,marking  ] GC(397) Concurrent Mark (30481.876s, 30481.969s) 93.501ms
[2021-05-03T10:42:20.042+0000][7][gc,start    ] GC(397) Pause Remark
[2021-05-03T10:42:20.047+0000][7][gc          ] GC(397) Pause Remark 122M->122M(256M) 5.738ms
[2021-05-03T10:42:20.047+0000][7][gc,cpu      ] GC(397) User=0.03s Sys=0.00s Real=0.00s
[2021-05-03T10:42:20.048+0000][7][safepoint   ] Safepoint "G1Concurrent", Time since last: 95202113 ns, Reaching safepoint: 112257 ns, At safepoint: 5811317 ns, Total: 5923574 ns
[2021-05-03T10:42:20.048+0000][7][gc,marking  ] GC(397) Concurrent Rebuild Remembered Sets
[2021-05-03T10:42:20.101+0000][7][gc,marking  ] GC(397) Concurrent Rebuild Remembered Sets 53.374ms
[2021-05-03T10:42:20.101+0000][7][gc,start    ] GC(397) Pause Cleanup
[2021-05-03T10:42:20.101+0000][7][gc          ] GC(397) Pause Cleanup 122M->122M(256M) 0.071ms
[2021-05-03T10:42:20.101+0000][7][gc,cpu      ] GC(397) User=0.00s Sys=0.00s Real=0.00s
[2021-05-03T10:42:20.101+0000][7][safepoint   ] Safepoint "G1Concurrent", Time since last: 53479706 ns, Reaching safepoint: 106461 ns, At safepoint: 112998 ns, Total: 219459 ns
[2021-05-03T10:42:20.101+0000][7][gc,marking  ] GC(397) Concurrent Cleanup for Next Mark
[2021-05-03T10:42:20.101+0000][7][gc,marking  ] GC(397) Concurrent Cleanup for Next Mark 0.168ms
[2021-05-03T10:42:20.101+0000][7][gc          ] GC(397) Concurrent Cycle 155.032ms
[2021-05-03T10:43:10.116+0000][7][safepoint   ] Safepoint "Cleanup", Time since last: 50014335271 ns, Reaching safepoint: 98122 ns, At safepoint: 5373 ns, Total: 103495 ns
[2021-05-03T10:44:33.304+0000][7][gc,start    ] GC(398) Pause Young (Normal) (G1 Evacuation Pause)
[2021-05-03T10:44:33.304+0000][7][gc,task     ] GC(398) Using 6 workers of 8 for evacuation
[2021-05-03T10:44:33.304+0000][7][gc,age      ] GC(398) Desired survivor size 6291456 bytes, new threshold 15 (max threshold 15)
[2021-05-03T10:44:33.306+0000][7][gc,age      ] GC(398) Age table with threshold 15 (max threshold 15)
[2021-05-03T10:44:33.306+0000][7][gc,age      ] GC(398) - age   1:     507560 bytes,     507560 total
[2021-05-03T10:44:33.306+0000][7][gc,age      ] GC(398) - age   2:        672 bytes,     508232 total
[2021-05-03T10:44:33.306+0000][7][gc,age      ] GC(398) - age   3:       3840 bytes,     512072 total
[2021-05-03T10:44:33.306+0000][7][gc,age      ] GC(398) - age   4:      19176 bytes,     531248 total
[2021-05-03T10:44:33.306+0000][7][gc,age      ] GC(398) - age   5:     557144 bytes,    1088392 total
[2021-05-03T10:44:33.306+0000][7][gc,age      ] GC(398) - age   7:         40 bytes,    1088432 total
[2021-05-03T10:44:33.306+0000][7][gc,age      ] GC(398) - age   8:        208 bytes,    1088640 total
[2021-05-03T10:44:33.306+0000][7][gc,age      ] GC(398) - age   9:        720 bytes,    1089360 total
[2021-05-03T10:44:33.306+0000][7][gc,age      ] GC(398) - age  10:       1552 bytes,    1090912 total
[2021-05-03T10:44:33.306+0000][7][gc,age      ] GC(398) - age  11:      17256 bytes,    1108168 total
[2021-05-03T10:44:33.306+0000][7][gc,age      ] GC(398) - age  12:        336 bytes,    1108504 total
[2021-05-03T10:44:33.306+0000][7][gc,age      ] GC(398) - age  14:        712 bytes,    1109216 total
[2021-05-03T10:44:33.306+0000][7][gc,age      ] GC(398) - age  15:        360 bytes,    1109576 total
[2021-05-03T10:44:33.306+0000][7][gc,phases   ] GC(398)   Pre Evacuate Collection Set: 0.1ms
[2021-05-03T10:44:33.306+0000][7][gc,phases   ] GC(398)   Merge Heap Roots: 0.1ms
[2021-05-03T10:44:33.306+0000][7][gc,phases   ] GC(398)   Evacuate Collection Set: 0.8ms
[2021-05-03T10:44:33.306+0000][7][gc,phases   ] GC(398)   Post Evacuate Collection Set: 0.6ms
[2021-05-03T10:44:33.306+0000][7][gc,phases   ] GC(398)   Other: 0.2ms
[2021-05-03T10:44:33.306+0000][7][gc,heap     ] GC(398) Eden regions: 21->0(21)
[2021-05-03T10:44:33.306+0000][7][gc,heap     ] GC(398) Survivor regions: 1->1(3)
[2021-05-03T10:44:33.306+0000][7][gc,heap     ] GC(398) Old regions: 27->27
[2021-05-03T10:44:33.306+0000][7][gc,heap     ] GC(398) Archive regions: 2->2
[2021-05-03T10:44:33.306+0000][7][gc,heap     ] GC(398) Humongous regions: 2->2
[2021-05-03T10:44:33.306+0000][7][gc,metaspace] GC(398) Metaspace: 109600K(114512K)->109600K(114512K) NonClass: 95659K(99228K)->95659K(99228K) Class: 13940K(15284K)->13940K(15284K)
[2021-05-03T10:44:33.306+0000][7][gc          ] GC(398) Pause Young (Normal) (G1 Evacuation Pause) 201M->117M(256M) 1.834ms
[2021-05-03T10:44:33.306+0000][7][gc,cpu      ] GC(398) User=0.00s Sys=0.00s Real=0.00s
[2021-05-03T10:44:33.306+0000][7][safepoint   ] Safepoint "G1CollectForAllocation", Time since last: 83188437662 ns, Reaching safepoint: 155451 ns, At safepoint: 1904806 ns, Total: 2060257 ns
[2021-05-03T10:45:15.314+0000][7][safepoint   ] Safepoint "Cleanup", Time since last: 42007343673 ns, Reaching safepoint: 100525 ns, At safepoint: 4987 ns, Total: 105512 ns
[2021-05-03T10:45:40.319+0000][7][safepoint   ] Safepoint "Cleanup", Time since last: 25005347271 ns, Reaching safepoint: 98564 ns, At safepoint: 6468 ns, Total: 105032 ns
[2021-05-03T10:45:41.320+0000][7][safepoint   ] Safepoint "Cleanup", Time since last: 1000476256 ns, Reaching safepoint: 98997 ns, At safepoint: 7289 ns, Total: 106286 ns
[2021-05-03T10:46:05.556+0000][7][gc,start    ] GC(399) Pause Young (Concurrent Start) (G1 Evacuation Pause)
[2021-05-03T10:46:05.556+0000][7][gc,task     ] GC(399) Using 6 workers of 8 for evacuation
[2021-05-03T10:46:05.556+0000][7][gc,age      ] GC(399) Desired survivor size 6291456 bytes, new threshold 15 (max threshold 15)
[2021-05-03T10:46:05.557+0000][7][gc,age      ] GC(399) Age table with threshold 15 (max threshold 15)
[2021-05-03T10:46:05.557+0000][7][gc,age      ] GC(399) - age   1:     784288 bytes,     784288 total
[2021-05-03T10:46:05.557+0000][7][gc,age      ] GC(399) - age   2:        256 bytes,     784544 total
[2021-05-03T10:46:05.557+0000][7][gc,age      ] GC(399) - age   3:        376 bytes,     784920 total
[2021-05-03T10:46:05.557+0000][7][gc,age      ] GC(399) - age   4:       3616 bytes,     788536 total
[2021-05-03T10:46:05.557+0000][7][gc,age      ] GC(399) - age   5:      18728 bytes,     807264 total
[2021-05-03T10:46:05.557+0000][7][gc,age      ] GC(399) - age   6:     379992 bytes,    1187256 total
[2021-05-03T10:46:05.557+0000][7][gc,age      ] GC(399) - age   8:         40 bytes,    1187296 total
[2021-05-03T10:46:05.557+0000][7][gc,age      ] GC(399) - age  10:        720 bytes,    1188016 total
[2021-05-03T10:46:05.557+0000][7][gc,age      ] GC(399) - age  11:        576 bytes,    1188592 total
[2021-05-03T10:46:05.557+0000][7][gc,age      ] GC(399) - age  12:      17256 bytes,    1205848 total
[2021-05-03T10:46:05.557+0000][7][gc,age      ] GC(399) - age  13:        136 bytes,    1205984 total
[2021-05-03T10:46:05.557+0000][7][gc,age      ] GC(399) - age  15:        400 bytes,    1206384 total
[2021-05-03T10:46:05.557+0000][7][gc,phases   ] GC(399)   Pre Evacuate Collection Set: 0.1ms
[2021-05-03T10:46:05.557+0000][7][gc,phases   ] GC(399)   Merge Heap Roots: 0.0ms
[2021-05-03T10:46:05.557+0000][7][gc,phases   ] GC(399)   Evacuate Collection Set: 0.8ms
[2021-05-03T10:46:05.557+0000][7][gc,phases   ] GC(399)   Post Evacuate Collection Set: 0.4ms
[2021-05-03T10:46:05.557+0000][7][gc,phases   ] GC(399)   Other: 0.2ms
[2021-05-03T10:46:05.557+0000][7][gc,heap     ] GC(399) Eden regions: 21->0(21)
[2021-05-03T10:46:05.557+0000][7][gc,heap     ] GC(399) Survivor regions: 1->1(3)
[2021-05-03T10:46:05.557+0000][7][gc,heap     ] GC(399) Old regions: 27->27
[2021-05-03T10:46:05.557+0000][7][gc,heap     ] GC(399) Archive regions: 2->2
[2021-05-03T10:46:05.557+0000][7][gc,heap     ] GC(399) Humongous regions: 2->2
[2021-05-03T10:46:05.557+0000][7][gc,metaspace] GC(399) Metaspace: 109680K(114512K)->109680K(114512K) NonClass: 95740K(99228K)->95740K(99228K) Class: 13940K(15284K)->13940K(15284K)
[2021-05-03T10:46:05.557+0000][7][gc          ] GC(399) Pause Young (Concurrent Start) (G1 Evacuation Pause) 201M->117M(256M) 1.658ms
[2021-05-03T10:46:05.557+0000][7][gc,cpu      ] GC(399) User=0.00s Sys=0.00s Real=0.00s
[2021-05-03T10:46:05.557+0000][7][gc          ] GC(400) Concurrent Cycle
[2021-05-03T10:46:05.557+0000][7][safepoint   ] Safepoint "G1CollectForAllocation", Time since last: 24235679795 ns, Reaching safepoint: 170397 ns, At safepoint: 1728162 ns, Total: 1898559 ns
[2021-05-03T10:46:05.557+0000][7][gc,marking  ] GC(400) Concurrent Clear Claimed Marks
[2021-05-03T10:46:05.557+0000][7][gc,marking  ] GC(400) Concurrent Clear Claimed Marks 0.045ms
[2021-05-03T10:46:05.557+0000][7][gc,marking  ] GC(400) Concurrent Scan Root Regions
[2021-05-03T10:46:05.558+0000][7][gc,marking  ] GC(400) Concurrent Scan Root Regions 0.743ms
[2021-05-03T10:46:05.558+0000][7][gc,marking  ] GC(400) Concurrent Mark (30707.486s)
[2021-05-03T10:46:05.558+0000][7][gc,marking  ] GC(400) Concurrent Mark From Roots
[2021-05-03T10:46:05.558+0000][7][gc,task     ] GC(400) Using 2 workers of 2 for marking
[2021-05-03T10:46:05.638+0000][7][gc,marking  ] GC(400) Concurrent Mark From Roots 79.533ms
[2021-05-03T10:46:05.638+0000][7][gc,marking  ] GC(400) Concurrent Preclean
[2021-05-03T10:46:05.638+0000][7][gc,marking  ] GC(400) Concurrent Preclean 0.212ms
[2021-05-03T10:46:05.638+0000][7][gc,marking  ] GC(400) Concurrent Mark (30707.486s, 30707.566s) 79.795ms
[2021-05-03T10:46:05.638+0000][7][gc,start    ] GC(400) Pause Remark
[2021-05-03T10:46:05.644+0000][7][gc          ] GC(400) Pause Remark 118M->118M(256M) 5.966ms
[2021-05-03T10:46:05.644+0000][7][gc,cpu      ] GC(400) User=0.04s Sys=0.00s Real=0.01s
[2021-05-03T10:46:05.644+0000][7][safepoint   ] Safepoint "G1Concurrent", Time since last: 80648010 ns, Reaching safepoint: 109368 ns, At safepoint: 6046062 ns, Total: 6155430 ns
[2021-05-03T10:46:05.644+0000][7][gc,marking  ] GC(400) Concurrent Rebuild Remembered Sets
[2021-05-03T10:46:05.697+0000][7][gc,marking  ] GC(400) Concurrent Rebuild Remembered Sets 52.972ms
[2021-05-03T10:46:05.697+0000][7][gc,start    ] GC(400) Pause Cleanup
[2021-05-03T10:46:05.697+0000][7][gc          ] GC(400) Pause Cleanup 118M->118M(256M) 0.175ms
[2021-05-03T10:46:05.697+0000][7][gc,cpu      ] GC(400) User=0.00s Sys=0.00s Real=0.00s
[2021-05-03T10:46:05.697+0000][7][safepoint   ] Safepoint "G1Concurrent", Time since last: 53081284 ns, Reaching safepoint: 123672 ns, At safepoint: 224026 ns, Total: 347698 ns
[2021-05-03T10:46:05.697+0000][7][gc,marking  ] GC(400) Concurrent Cleanup for Next Mark
[2021-05-03T10:46:05.698+0000][7][gc,marking  ] GC(400) Concurrent Cleanup for Next Mark 0.132ms
[2021-05-03T10:46:05.698+0000][7][gc          ] GC(400) Concurrent Cycle 140.403ms
[2021-05-03T10:46:09.699+0000][7][safepoint   ] Safepoint "Cleanup", Time since last: 4001107127 ns, Reaching safepoint: 170496 ns, At safepoint: 8224 ns, Total: 178720 ns
[2021-05-03T10:46:42.708+0000][7][safepoint   ] Safepoint "Cleanup", Time since last: 33008910801 ns, Reaching safepoint: 145398 ns, At safepoint: 5320 ns, Total: 150718 ns
[2021-05-03T10:46:44.708+0000][7][safepoint   ] Safepoint "Cleanup", Time since last: 2000375867 ns, Reaching safepoint: 85401 ns, At safepoint: 6895 ns, Total: 92296 ns
[2021-05-03T10:47:42.723+0000][7][safepoint   ] Safepoint "Cleanup", Time since last: 58015029214 ns, Reaching safepoint: 150137 ns, At safepoint: 5641 ns, Total: 155778 ns
[2021-05-03T10:47:50.725+0000][7][safepoint   ] Safepoint "Cleanup", Time since last: 8001736003 ns, Reaching safepoint: 104504 ns, At safepoint: 5036 ns, Total: 109540 ns
[2021-05-03T10:48:09.731+0000][7][safepoint   ] Safepoint "Cleanup", Time since last: 19005967775 ns, Reaching safepoint: 95927 ns, At safepoint: 5654 ns, Total: 101581 ns
[2021-05-03T10:48:19.960+0000][7][gc,start    ] GC(401) Pause Young (Normal) (G1 Evacuation Pause)
[2021-05-03T10:48:19.960+0000][7][gc,task     ] GC(401) Using 6 workers of 8 for evacuation
[2021-05-03T10:48:19.960+0000][7][gc,age      ] GC(401) Desired survivor size 6291456 bytes, new threshold 15 (max threshold 15)
[2021-05-03T10:48:19.961+0000][7][gc,age      ] GC(401) Age table with threshold 15 (max threshold 15)
[2021-05-03T10:48:19.961+0000][7][gc,age      ] GC(401) - age   1:     342960 bytes,     342960 total
[2021-05-03T10:48:19.962+0000][7][gc,age      ] GC(401) - age   2:     275120 bytes,     618080 total
[2021-05-03T10:48:19.962+0000][7][gc,age      ] GC(401) - age   3:        136 bytes,     618216 total
[2021-05-03T10:48:19.962+0000][7][gc,age      ] GC(401) - age   4:        376 bytes,     618592 total
[2021-05-03T10:48:19.962+0000][7][gc,age      ] GC(401) - age   5:       3496 bytes,     622088 total
[2021-05-03T10:48:19.962+0000][7][gc,age      ] GC(401) - age   6:      18728 bytes,     640816 total
[2021-05-03T10:48:19.962+0000][7][gc,age      ] GC(401) - age   7:     379792 bytes,    1020608 total
[2021-05-03T10:48:19.962+0000][7][gc,age      ] GC(401) - age  11:        720 bytes,    1021328 total
[2021-05-03T10:48:19.962+0000][7][gc,age      ] GC(401) - age  12:        536 bytes,    1021864 total
[2021-05-03T10:48:19.962+0000][7][gc,age      ] GC(401) - age  13:      17256 bytes,    1039120 total
[2021-05-03T10:48:19.962+0000][7][gc,age      ] GC(401) - age  14:        136 bytes,    1039256 total
[2021-05-03T10:48:19.962+0000][7][gc,phases   ] GC(401)   Pre Evacuate Collection Set: 0.0ms
[2021-05-03T10:48:19.962+0000][7][gc,phases   ] GC(401)   Merge Heap Roots: 0.1ms
[2021-05-03T10:48:19.962+0000][7][gc,phases   ] GC(401)   Evacuate Collection Set: 0.8ms
[2021-05-03T10:48:19.962+0000][7][gc,phases   ] GC(401)   Post Evacuate Collection Set: 0.4ms
[2021-05-03T10:48:19.962+0000][7][gc,phases   ] GC(401)   Other: 0.2ms
[2021-05-03T10:48:19.962+0000][7][gc,heap     ] GC(401) Eden regions: 21->0(21)
[2021-05-03T10:48:19.962+0000][7][gc,heap     ] GC(401) Survivor regions: 1->1(3)
[2021-05-03T10:48:19.962+0000][7][gc,heap     ] GC(401) Old regions: 27->27
[2021-05-03T10:48:19.962+0000][7][gc,heap     ] GC(401) Archive regions: 2->2
[2021-05-03T10:48:19.962+0000][7][gc,heap     ] GC(401) Humongous regions: 2->2
[2021-05-03T10:48:19.962+0000][7][gc,metaspace] GC(401) Metaspace: 109684K(114512K)->109684K(114512K) NonClass: 95744K(99228K)->95744K(99228K) Class: 13940K(15284K)->13940K(15284K)
[2021-05-03T10:48:19.962+0000][7][gc          ] GC(401) Pause Young (Normal) (G1 Evacuation Pause) 201M->117M(256M) 1.584ms
[2021-05-03T10:48:19.962+0000][7][gc,cpu      ] GC(401) User=0.01s Sys=0.00s Real=0.00s
[2021-05-03T10:48:19.962+0000][7][safepoint   ] Safepoint "G1CollectForAllocation", Time since last: 10228574349 ns, Reaching safepoint: 112779 ns, At safepoint: 1666367 ns, Total: 1779146 ns
[2021-05-03T10:49:34.983+0000][7][safepoint   ] Safepoint "Cleanup", Time since last: 75021222588 ns, Reaching safepoint: 112815 ns, At safepoint: 5602 ns, Total: 118417 ns
[2021-05-03T10:50:19.969+0000][7][gc,start    ] GC(402) Pause Young (Concurrent Start) (G1 Evacuation Pause)
[2021-05-03T10:50:19.969+0000][7][gc,task     ] GC(402) Using 6 workers of 8 for evacuation
[2021-05-03T10:50:19.971+0000][7][gc,age      ] GC(402) Desired survivor size 6291456 bytes, new threshold 15 (max threshold 15)
[2021-05-03T10:50:19.973+0000][7][gc,age      ] GC(402) Age table with threshold 15 (max threshold 15)
[2021-05-03T10:50:19.973+0000][7][gc,age      ] GC(402) - age   1:     588320 bytes,     588320 total
[2021-05-03T10:50:19.973+0000][7][gc,age      ] GC(402) - age   2:       2696 bytes,     591016 total
[2021-05-03T10:50:19.973+0000][7][gc,age      ] GC(402) - age   3:     153768 bytes,     744784 total
[2021-05-03T10:50:19.973+0000][7][gc,age      ] GC(402) - age   4:         40 bytes,     744824 total
[2021-05-03T10:50:19.973+0000][7][gc,age      ] GC(402) - age   5:        280 bytes,     745104 total
[2021-05-03T10:50:19.973+0000][7][gc,age      ] GC(402) - age   6:       3256 bytes,     748360 total
[2021-05-03T10:50:19.973+0000][7][gc,age      ] GC(402) - age   7:      18704 bytes,     767064 total
[2021-05-03T10:50:19.973+0000][7][gc,age      ] GC(402) - age   8:     379792 bytes,    1146856 total
[2021-05-03T10:50:19.973+0000][7][gc,age      ] GC(402) - age  12:        720 bytes,    1147576 total
[2021-05-03T10:50:19.973+0000][7][gc,age      ] GC(402) - age  13:        536 bytes,    1148112 total
[2021-05-03T10:50:19.973+0000][7][gc,age      ] GC(402) - age  14:      17256 bytes,    1165368 total
[2021-05-03T10:50:19.973+0000][7][gc,age      ] GC(402) - age  15:        136 bytes,    1165504 total
[2021-05-03T10:50:19.973+0000][7][gc,phases   ] GC(402)   Pre Evacuate Collection Set: 2.2ms
[2021-05-03T10:50:19.973+0000][7][gc,phases   ] GC(402)   Merge Heap Roots: 0.0ms
[2021-05-03T10:50:19.973+0000][7][gc,phases   ] GC(402)   Evacuate Collection Set: 0.8ms
[2021-05-03T10:50:19.973+0000][7][gc,phases   ] GC(402)   Post Evacuate Collection Set: 0.6ms
[2021-05-03T10:50:19.973+0000][7][gc,phases   ] GC(402)   Other: 0.2ms
[2021-05-03T10:50:19.973+0000][7][gc,heap     ] GC(402) Eden regions: 21->0(21)
[2021-05-03T10:50:19.973+0000][7][gc,heap     ] GC(402) Survivor regions: 1->1(3)
[2021-05-03T10:50:19.973+0000][7][gc,heap     ] GC(402) Old regions: 27->27
[2021-05-03T10:50:19.973+0000][7][gc,heap     ] GC(402) Archive regions: 2->2
[2021-05-03T10:50:19.973+0000][7][gc,heap     ] GC(402) Humongous regions: 2->2
[2021-05-03T10:50:19.973+0000][7][gc,metaspace] GC(402) Metaspace: 109684K(114512K)->109684K(114512K) NonClass: 95744K(99228K)->95744K(99228K) Class: 13940K(15284K)->13940K(15284K)
[2021-05-03T10:50:19.973+0000][7][gc          ] GC(402) Pause Young (Concurrent Start) (G1 Evacuation Pause) 201M->117M(256M) 3.903ms
[2021-05-03T10:50:19.973+0000][7][gc,cpu      ] GC(402) User=0.00s Sys=0.00s Real=0.01s
[2021-05-03T10:50:19.973+0000][7][gc          ] GC(403) Concurrent Cycle
[2021-05-03T10:50:19.973+0000][7][safepoint   ] Safepoint "G1CollectForAllocation", Time since last: 44985806948 ns, Reaching safepoint: 145981 ns, At safepoint: 3970960 ns, Total: 4116941 ns
[2021-05-03T10:50:19.973+0000][7][gc,marking  ] GC(403) Concurrent Clear Claimed Marks
[2021-05-03T10:50:19.973+0000][7][gc,marking  ] GC(403) Concurrent Clear Claimed Marks 0.066ms
[2021-05-03T10:50:19.973+0000][7][gc,marking  ] GC(403) Concurrent Scan Root Regions
[2021-05-03T10:50:19.975+0000][7][gc,marking  ] GC(403) Concurrent Scan Root Regions 1.452ms
[2021-05-03T10:50:19.975+0000][7][gc,marking  ] GC(403) Concurrent Mark (30961.902s)
[2021-05-03T10:50:19.975+0000][7][gc,marking  ] GC(403) Concurrent Mark From Roots
[2021-05-03T10:50:19.975+0000][7][gc,task     ] GC(403) Using 2 workers of 2 for marking
[2021-05-03T10:50:20.057+0000][7][gc,marking  ] GC(403) Concurrent Mark From Roots 82.803ms
[2021-05-03T10:50:20.057+0000][7][gc,marking  ] GC(403) Concurrent Preclean
[2021-05-03T10:50:20.058+0000][7][gc,marking  ] GC(403) Concurrent Preclean 0.217ms
[2021-05-03T10:50:20.058+0000][7][gc,marking  ] GC(403) Concurrent Mark (30961.902s, 30961.985s) 83.083ms
[2021-05-03T10:50:20.058+0000][7][gc,start    ] GC(403) Pause Remark
[2021-05-03T10:50:20.064+0000][7][gc          ] GC(403) Pause Remark 119M->119M(256M) 5.942ms
[2021-05-03T10:50:20.064+0000][7][gc,cpu      ] GC(403) User=0.04s Sys=0.00s Real=0.01s
[2021-05-03T10:50:20.064+0000][7][safepoint   ] Safepoint "G1Concurrent", Time since last: 84704503 ns, Reaching safepoint: 146528 ns, At safepoint: 6015865 ns, Total: 6162393 ns
[2021-05-03T10:50:20.064+0000][7][gc,marking  ] GC(403) Concurrent Rebuild Remembered Sets
[2021-05-03T10:50:20.117+0000][7][gc,marking  ] GC(403) Concurrent Rebuild Remembered Sets 52.945ms
[2021-05-03T10:50:20.117+0000][7][gc,start    ] GC(403) Pause Cleanup
[2021-05-03T10:50:20.117+0000][7][gc          ] GC(403) Pause Cleanup 119M->119M(256M) 0.063ms
[2021-05-03T10:50:20.117+0000][7][gc,cpu      ] GC(403) User=0.00s Sys=0.00s Real=0.00s
[2021-05-03T10:50:20.117+0000][7][safepoint   ] Safepoint "G1Concurrent", Time since last: 53061926 ns, Reaching safepoint: 76901 ns, At safepoint: 105422 ns, Total: 182323 ns
[2021-05-03T10:50:20.117+0000][7][gc,marking  ] GC(403) Concurrent Cleanup for Next Mark
[2021-05-03T10:50:20.117+0000][7][gc,marking  ] GC(403) Concurrent Cleanup for Next Mark 0.102ms
[2021-05-03T10:50:20.117+0000][7][gc          ] GC(403) Concurrent Cycle 144.247ms
[2021-05-03T10:50:43.122+0000][7][safepoint   ] Safepoint "Cleanup", Time since last: 23004953181 ns, Reaching safepoint: 89716 ns, At safepoint: 5848 ns, Total: 95564 ns
[2021-05-03T10:51:43.138+0000][7][safepoint   ] Safepoint "Cleanup", Time since last: 60015351035 ns, Reaching safepoint: 94656 ns, At safepoint: 5637 ns, Total: 100293 ns
[2021-05-03T10:52:36.026+0000][7][gc,start    ] GC(404) Pause Young (Normal) (G1 Evacuation Pause)
[2021-05-03T10:52:36.026+0000][7][gc,task     ] GC(404) Using 6 workers of 8 for evacuation
[2021-05-03T10:52:36.026+0000][7][gc,age      ] GC(404) Desired survivor size 6291456 bytes, new threshold 15 (max threshold 15)
[2021-05-03T10:52:36.027+0000][7][gc,age      ] GC(404) Age table with threshold 15 (max threshold 15)
[2021-05-03T10:52:36.027+0000][7][gc,age      ] GC(404) - age   1:     514928 bytes,     514928 total
[2021-05-03T10:52:36.027+0000][7][gc,age      ] GC(404) - age   2:       1032 bytes,     515960 total
[2021-05-03T10:52:36.027+0000][7][gc,age      ] GC(404) - age   3:       2424 bytes,     518384 total
[2021-05-03T10:52:36.027+0000][7][gc,age      ] GC(404) - age   4:     153736 bytes,     672120 total
[2021-05-03T10:52:36.027+0000][7][gc,age      ] GC(404) - age   5:         40 bytes,     672160 total
[2021-05-03T10:52:36.027+0000][7][gc,age      ] GC(404) - age   6:        280 bytes,     672440 total
[2021-05-03T10:52:36.027+0000][7][gc,age      ] GC(404) - age   7:       3232 bytes,     675672 total
[2021-05-03T10:52:36.027+0000][7][gc,age      ] GC(404) - age   8:      18704 bytes,     694376 total
[2021-05-03T10:52:36.027+0000][7][gc,age      ] GC(404) - age   9:     379792 bytes,    1074168 total
[2021-05-03T10:52:36.027+0000][7][gc,age      ] GC(404) - age  13:        720 bytes,    1074888 total
[2021-05-03T10:52:36.027+0000][7][gc,age      ] GC(404) - age  14:        536 bytes,    1075424 total
[2021-05-03T10:52:36.027+0000][7][gc,age      ] GC(404) - age  15:      17256 bytes,    1092680 total
[2021-05-03T10:52:36.027+0000][7][gc,phases   ] GC(404)   Pre Evacuate Collection Set: 0.0ms
[2021-05-03T10:52:36.027+0000][7][gc,phases   ] GC(404)   Merge Heap Roots: 0.0ms
[2021-05-03T10:52:36.027+0000][7][gc,phases   ] GC(404)   Evacuate Collection Set: 0.8ms
[2021-05-03T10:52:36.027+0000][7][gc,phases   ] GC(404)   Post Evacuate Collection Set: 0.6ms
[2021-05-03T10:52:36.027+0000][7][gc,phases   ] GC(404)   Other: 0.2ms
[2021-05-03T10:52:36.027+0000][7][gc,heap     ] GC(404) Eden regions: 21->0(21)
[2021-05-03T10:52:36.027+0000][7][gc,heap     ] GC(404) Survivor regions: 1->1(3)
[2021-05-03T10:52:36.027+0000][7][gc,heap     ] GC(404) Old regions: 27->27
[2021-05-03T10:52:36.027+0000][7][gc,heap     ] GC(404) Archive regions: 2->2
[2021-05-03T10:52:36.027+0000][7][gc,heap     ] GC(404) Humongous regions: 2->2
[2021-05-03T10:52:36.027+0000][7][gc,metaspace] GC(404) Metaspace: 109684K(114512K)->109684K(114512K) NonClass: 95744K(99228K)->95744K(99228K) Class: 13940K(15284K)->13940K(15284K)
[2021-05-03T10:52:36.028+0000][7][gc          ] GC(404) Pause Young (Normal) (G1 Evacuation Pause) 201M->117M(256M) 1.751ms
[2021-05-03T10:52:36.028+0000][7][gc,cpu      ] GC(404) User=0.00s Sys=0.00s Real=0.00s
[2021-05-03T10:52:36.028+0000][7][safepoint   ] Safepoint "G1CollectForAllocation", Time since last: 52887977806 ns, Reaching safepoint: 163929 ns, At safepoint: 1827027 ns, Total: 1990956 ns
[2021-05-03T10:52:43.029+0000][7][safepoint   ] Safepoint "Cleanup", Time since last: 7001674625 ns, Reaching safepoint: 135637 ns, At safepoint: 7081 ns, Total: 142718 ns
[2021-05-03T10:53:15.039+0000][7][safepoint   ] Safepoint "Cleanup", Time since last: 32009619303 ns, Reaching safepoint: 95828 ns, At safepoint: 6897 ns, Total: 102725 ns
[2021-05-03T10:53:40.045+0000][7][safepoint   ] Safepoint "Cleanup", Time since last: 25005780852 ns, Reaching safepoint: 127984 ns, At safepoint: 8563 ns, Total: 136547 ns
[2021-05-03T10:53:50.048+0000][7][safepoint   ] Safepoint "Cleanup", Time since last: 10002507449 ns, Reaching safepoint: 124329 ns, At safepoint: 5883 ns, Total: 130212 ns
[2021-05-03T10:54:42.767+0000][7][gc,start    ] GC(405) Pause Young (Concurrent Start) (G1 Evacuation Pause)
[2021-05-03T10:54:42.767+0000][7][gc,task     ] GC(405) Using 6 workers of 8 for evacuation
[2021-05-03T10:54:42.767+0000][7][gc,age      ] GC(405) Desired survivor size 6291456 bytes, new threshold 15 (max threshold 15)
[2021-05-03T10:54:42.769+0000][7][gc,age      ] GC(405) Age table with threshold 15 (max threshold 15)
[2021-05-03T10:54:42.769+0000][7][gc,age      ] GC(405) - age   1:     520920 bytes,     520920 total
[2021-05-03T10:54:42.769+0000][7][gc,age      ] GC(405) - age   2:        416 bytes,     521336 total
[2021-05-03T10:54:42.769+0000][7][gc,age      ] GC(405) - age   3:        400 bytes,     521736 total
[2021-05-03T10:54:42.769+0000][7][gc,age      ] GC(405) - age   4:       2424 bytes,     524160 total
[2021-05-03T10:54:42.769+0000][7][gc,age      ] GC(405) - age   5:     150976 bytes,     675136 total
[2021-05-03T10:54:42.769+0000][7][gc,age      ] GC(405) - age   6:         40 bytes,     675176 total
[2021-05-03T10:54:42.769+0000][7][gc,age      ] GC(405) - age   7:        280 bytes,     675456 total
[2021-05-03T10:54:42.769+0000][7][gc,age      ] GC(405) - age   8:       3232 bytes,     678688 total
[2021-05-03T10:54:42.769+0000][7][gc,age      ] GC(405) - age   9:      18464 bytes,     697152 total
[2021-05-03T10:54:42.769+0000][7][gc,age      ] GC(405) - age  10:     379792 bytes,    1076944 total
[2021-05-03T10:54:42.769+0000][7][gc,age      ] GC(405) - age  14:        720 bytes,    1077664 total
[2021-05-03T10:54:42.769+0000][7][gc,age      ] GC(405) - age  15:        536 bytes,    1078200 total
[2021-05-03T10:54:42.769+0000][7][gc,phases   ] GC(405)   Pre Evacuate Collection Set: 0.1ms
[2021-05-03T10:54:42.769+0000][7][gc,phases   ] GC(405)   Merge Heap Roots: 0.0ms
[2021-05-03T10:54:42.769+0000][7][gc,phases   ] GC(405)   Evacuate Collection Set: 1.1ms
[2021-05-03T10:54:42.769+0000][7][gc,phases   ] GC(405)   Post Evacuate Collection Set: 0.4ms
[2021-05-03T10:54:42.769+0000][7][gc,phases   ] GC(405)   Other: 0.2ms
[2021-05-03T10:54:42.769+0000][7][gc,heap     ] GC(405) Eden regions: 21->0(21)
[2021-05-03T10:54:42.769+0000][7][gc,heap     ] GC(405) Survivor regions: 1->1(3)
[2021-05-03T10:54:42.769+0000][7][gc,heap     ] GC(405) Old regions: 27->27
[2021-05-03T10:54:42.769+0000][7][gc,heap     ] GC(405) Archive regions: 2->2
[2021-05-03T10:54:42.769+0000][7][gc,heap     ] GC(405) Humongous regions: 2->2
[2021-05-03T10:54:42.769+0000][7][gc,metaspace] GC(405) Metaspace: 109684K(114512K)->109684K(114512K) NonClass: 95744K(99228K)->95744K(99228K) Class: 13940K(15284K)->13940K(15284K)
[2021-05-03T10:54:42.769+0000][7][gc          ] GC(405) Pause Young (Concurrent Start) (G1 Evacuation Pause) 201M->117M(256M) 1.971ms
[2021-05-03T10:54:42.769+0000][7][gc,cpu      ] GC(405) User=0.00s Sys=0.00s Real=0.00s
[2021-05-03T10:54:42.769+0000][7][safepoint   ] Safepoint "G1CollectForAllocation", Time since last: 52719058822 ns, Reaching safepoint: 103663 ns, At safepoint: 2038627 ns, Total: 2142290 ns
[2021-05-03T10:54:42.769+0000][7][gc          ] GC(406) Concurrent Cycle
[2021-05-03T10:54:42.769+0000][7][gc,marking  ] GC(406) Concurrent Clear Claimed Marks
[2021-05-03T10:54:42.769+0000][7][gc,marking  ] GC(406) Concurrent Clear Claimed Marks 0.059ms
[2021-05-03T10:54:42.769+0000][7][gc,marking  ] GC(406) Concurrent Scan Root Regions
[2021-05-03T10:54:42.770+0000][7][gc,marking  ] GC(406) Concurrent Scan Root Regions 0.807ms
[2021-05-03T10:54:42.770+0000][7][gc,marking  ] GC(406) Concurrent Mark (31224.697s)
[2021-05-03T10:54:42.770+0000][7][gc,marking  ] GC(406) Concurrent Mark From Roots
[2021-05-03T10:54:42.770+0000][7][gc,task     ] GC(406) Using 2 workers of 2 for marking
[2021-05-03T10:54:42.850+0000][7][gc,marking  ] GC(406) Concurrent Mark From Roots 79.958ms
[2021-05-03T10:54:42.850+0000][7][gc,marking  ] GC(406) Concurrent Preclean
[2021-05-03T10:54:42.850+0000][7][gc,marking  ] GC(406) Concurrent Preclean 0.203ms
[2021-05-03T10:54:42.850+0000][7][gc,marking  ] GC(406) Concurrent Mark (31224.697s, 31224.778s) 80.211ms
[2021-05-03T10:54:42.850+0000][7][gc,start    ] GC(406) Pause Remark
[2021-05-03T10:54:42.856+0000][7][gc          ] GC(406) Pause Remark 119M->119M(256M) 6.050ms
[2021-05-03T10:54:42.856+0000][7][gc,cpu      ] GC(406) User=0.03s Sys=0.00s Real=0.01s
[2021-05-03T10:54:42.856+0000][7][safepoint   ] Safepoint "G1Concurrent", Time since last: 81199326 ns, Reaching safepoint: 111537 ns, At safepoint: 6124239 ns, Total: 6235776 ns
[2021-05-03T10:54:42.856+0000][7][gc,marking  ] GC(406) Concurrent Rebuild Remembered Sets
[2021-05-03T10:54:42.912+0000][7][gc,marking  ] GC(406) Concurrent Rebuild Remembered Sets 55.420ms
[2021-05-03T10:54:42.912+0000][7][gc,start    ] GC(406) Pause Cleanup
[2021-05-03T10:54:42.912+0000][7][gc          ] GC(406) Pause Cleanup 119M->119M(256M) 0.070ms
[2021-05-03T10:54:42.912+0000][7][gc,cpu      ] GC(406) User=0.00s Sys=0.00s Real=0.00s
[2021-05-03T10:54:42.912+0000][7][safepoint   ] Safepoint "G1Concurrent", Time since last: 55591180 ns, Reaching safepoint: 176015 ns, At safepoint: 110897 ns, Total: 286912 ns
[2021-05-03T10:54:42.912+0000][7][gc,marking  ] GC(406) Concurrent Cleanup for Next Mark
[2021-05-03T10:54:42.912+0000][7][gc,marking  ] GC(406) Concurrent Cleanup for Next Mark 0.200ms
[2021-05-03T10:54:42.912+0000][7][gc          ] GC(406) Concurrent Cycle 143.588ms
[2021-05-03T10:55:40.928+0000][7][safepoint   ] Safepoint "Cleanup", Time since last: 58016017670 ns, Reaching safepoint: 149500 ns, At safepoint: 7417 ns, Total: 156917 ns
[2021-05-03T10:56:19.992+0000][7][gc,start    ] GC(407) Pause Young (Normal) (G1 Evacuation Pause)
[2021-05-03T10:56:19.992+0000][7][gc,task     ] GC(407) Using 6 workers of 8 for evacuation
[2021-05-03T10:56:19.992+0000][7][gc,age      ] GC(407) Desired survivor size 6291456 bytes, new threshold 15 (max threshold 15)
[2021-05-03T10:56:19.993+0000][7][gc,age      ] GC(407) Age table with threshold 15 (max threshold 15)
[2021-05-03T10:56:19.993+0000][7][gc,age      ] GC(407) - age   1:     783496 bytes,     783496 total
[2021-05-03T10:56:19.993+0000][7][gc,age      ] GC(407) - age   2:       3688 bytes,     787184 total
[2021-05-03T10:56:19.993+0000][7][gc,age      ] GC(407) - age   3:        224 bytes,     787408 total
[2021-05-03T10:56:19.993+0000][7][gc,age      ] GC(407) - age   4:        160 bytes,     787568 total
[2021-05-03T10:56:19.993+0000][7][gc,age      ] GC(407) - age   5:       1896 bytes,     789464 total
[2021-05-03T10:56:19.993+0000][7][gc,age      ] GC(407) - age   6:       2392 bytes,     791856 total
[2021-05-03T10:56:19.993+0000][7][gc,age      ] GC(407) - age   7:         40 bytes,     791896 total
[2021-05-03T10:56:19.994+0000][7][gc,age      ] GC(407) - age   8:         40 bytes,     791936 total
[2021-05-03T10:56:19.994+0000][7][gc,age      ] GC(407) - age   9:       3232 bytes,     795168 total
[2021-05-03T10:56:19.994+0000][7][gc,age      ] GC(407) - age  10:      18464 bytes,     813632 total
[2021-05-03T10:56:19.994+0000][7][gc,age      ] GC(407) - age  11:     374832 bytes,    1188464 total
[2021-05-03T10:56:19.994+0000][7][gc,age      ] GC(407) - age  15:        696 bytes,    1189160 total
[2021-05-03T10:56:19.994+0000][7][gc,phases   ] GC(407)   Pre Evacuate Collection Set: 0.0ms
[2021-05-03T10:56:19.994+0000][7][gc,phases   ] GC(407)   Merge Heap Roots: 0.0ms
[2021-05-03T10:56:19.994+0000][7][gc,phases   ] GC(407)   Evacuate Collection Set: 0.8ms
[2021-05-03T10:56:19.994+0000][7][gc,phases   ] GC(407)   Post Evacuate Collection Set: 0.4ms
[2021-05-03T10:56:19.994+0000][7][gc,phases   ] GC(407)   Other: 0.2ms
[2021-05-03T10:56:19.994+0000][7][gc,heap     ] GC(407) Eden regions: 21->0(21)
[2021-05-03T10:56:19.994+0000][7][gc,heap     ] GC(407) Survivor regions: 1->1(3)
[2021-05-03T10:56:19.994+0000][7][gc,heap     ] GC(407) Old regions: 27->27
[2021-05-03T10:56:19.994+0000][7][gc,heap     ] GC(407) Archive regions: 2->2
[2021-05-03T10:56:19.994+0000][7][gc,heap     ] GC(407) Humongous regions: 2->2
[2021-05-03T10:56:19.994+0000][7][gc,metaspace] GC(407) Metaspace: 109701K(114512K)->109701K(114512K) NonClass: 95760K(99228K)->95760K(99228K) Class: 13940K(15284K)->13940K(15284K)
[2021-05-03T10:56:19.994+0000][7][gc          ] GC(407) Pause Young (Normal) (G1 Evacuation Pause) 201M->118M(256M) 1.538ms
[2021-05-03T10:56:19.994+0000][7][gc,cpu      ] GC(407) User=0.01s Sys=0.00s Real=0.00s
[2021-05-03T10:56:19.994+0000][7][safepoint   ] Safepoint "G1CollectForAllocation", Time since last: 39063598129 ns, Reaching safepoint: 151624 ns, At safepoint: 1606518 ns, Total: 1758142 ns
[2021-05-03T10:58:36.026+0000][7][gc,start    ] GC(408) Pause Young (Concurrent Start) (G1 Evacuation Pause)
[2021-05-03T10:58:36.026+0000][7][gc,task     ] GC(408) Using 6 workers of 8 for evacuation
[2021-05-03T10:58:36.026+0000][7][gc,age      ] GC(408) Desired survivor size 6291456 bytes, new threshold 15 (max threshold 15)
[2021-05-03T10:58:36.027+0000][7][gc,age      ] GC(408) Age table with threshold 15 (max threshold 15)
[2021-05-03T10:58:36.027+0000][7][gc,age      ] GC(408) - age   1:     506416 bytes,     506416 total
[2021-05-03T10:58:36.027+0000][7][gc,age      ] GC(408) - age   2:     302704 bytes,     809120 total
[2021-05-03T10:58:36.027+0000][7][gc,age      ] GC(408) - age   3:       3328 bytes,     812448 total
[2021-05-03T10:58:36.027+0000][7][gc,age      ] GC(408) - age   4:        200 bytes,     812648 total
[2021-05-03T10:58:36.027+0000][7][gc,age      ] GC(408) - age   5:        136 bytes,     812784 total
[2021-05-03T10:58:36.027+0000][7][gc,age      ] GC(408) - age   6:       1896 bytes,     814680 total
[2021-05-03T10:58:36.027+0000][7][gc,age      ] GC(408) - age   7:       2176 bytes,     816856 total
[2021-05-03T10:58:36.027+0000][7][gc,age      ] GC(408) - age   8:         40 bytes,     816896 total
[2021-05-03T10:58:36.027+0000][7][gc,age      ] GC(408) - age  10:       3208 bytes,     820104 total
[2021-05-03T10:58:36.027+0000][7][gc,age      ] GC(408) - age  11:      18464 bytes,     838568 total
[2021-05-03T10:58:36.027+0000][7][gc,age      ] GC(408) - age  12:     374832 bytes,    1213400 total
[2021-05-03T10:58:36.027+0000][7][gc,phases   ] GC(408)   Pre Evacuate Collection Set: 0.1ms
[2021-05-03T10:58:36.027+0000][7][gc,phases   ] GC(408)   Merge Heap Roots: 0.0ms
[2021-05-03T10:58:36.027+0000][7][gc,phases   ] GC(408)   Evacuate Collection Set: 0.7ms
[2021-05-03T10:58:36.027+0000][7][gc,phases   ] GC(408)   Post Evacuate Collection Set: 0.3ms
[2021-05-03T10:58:36.027+0000][7][gc,phases   ] GC(408)   Other: 0.2ms
[2021-05-03T10:58:36.027+0000][7][gc,heap     ] GC(408) Eden regions: 21->0(21)
[2021-05-03T10:58:36.027+0000][7][gc,heap     ] GC(408) Survivor regions: 1->1(3)
[2021-05-03T10:58:36.027+0000][7][gc,heap     ] GC(408) Old regions: 27->27
[2021-05-03T10:58:36.027+0000][7][gc,heap     ] GC(408) Archive regions: 2->2
[2021-05-03T10:58:36.027+0000][7][gc,heap     ] GC(408) Humongous regions: 2->2
[2021-05-03T10:58:36.027+0000][7][gc,metaspace] GC(408) Metaspace: 109701K(114512K)->109701K(114512K) NonClass: 95760K(99228K)->95760K(99228K) Class: 13940K(15284K)->13940K(15284K)
[2021-05-03T10:58:36.027+0000][7][gc          ] GC(408) Pause Young (Concurrent Start) (G1 Evacuation Pause) 201M->118M(256M) 1.391ms
[2021-05-03T10:58:36.027+0000][7][gc,cpu      ] GC(408) User=0.00s Sys=0.00s Real=0.00s
[2021-05-03T10:58:36.027+0000][7][safepoint   ] Safepoint "G1CollectForAllocation", Time since last: 136032214259 ns, Reaching safepoint: 111507 ns, At safepoint: 1467079 ns, Total: 1578586 ns
[2021-05-03T10:58:36.027+0000][7][gc          ] GC(409) Concurrent Cycle
[2021-05-03T10:58:36.028+0000][7][gc,marking  ] GC(409) Concurrent Clear Claimed Marks
[2021-05-03T10:58:36.028+0000][7][gc,marking  ] GC(409) Concurrent Clear Claimed Marks 0.051ms
[2021-05-03T10:58:36.028+0000][7][gc,marking  ] GC(409) Concurrent Scan Root Regions
[2021-05-03T10:58:36.029+0000][7][gc,marking  ] GC(409) Concurrent Scan Root Regions 1.319ms
[2021-05-03T10:58:36.029+0000][7][gc,marking  ] GC(409) Concurrent Mark (31457.957s)
[2021-05-03T10:58:36.029+0000][7][gc,marking  ] GC(409) Concurrent Mark From Roots
[2021-05-03T10:58:36.029+0000][7][gc,task     ] GC(409) Using 2 workers of 2 for marking
[2021-05-03T10:58:36.112+0000][7][gc,marking  ] GC(409) Concurrent Mark From Roots 82.688ms
[2021-05-03T10:58:36.112+0000][7][gc,marking  ] GC(409) Concurrent Preclean
[2021-05-03T10:58:36.112+0000][7][gc,marking  ] GC(409) Concurrent Preclean 0.224ms
[2021-05-03T10:58:36.112+0000][7][gc,marking  ] GC(409) Concurrent Mark (31457.957s, 31458.040s) 82.963ms
[2021-05-03T10:58:36.112+0000][7][gc,start    ] GC(409) Pause Remark
[2021-05-03T10:58:36.118+0000][7][gc          ] GC(409) Pause Remark 119M->119M(256M) 5.823ms
[2021-05-03T10:58:36.118+0000][7][gc,cpu      ] GC(409) User=0.03s Sys=0.00s Real=0.00s
[2021-05-03T10:58:36.118+0000][7][safepoint   ] Safepoint "G1Concurrent", Time since last: 84433139 ns, Reaching safepoint: 87964 ns, At safepoint: 5903391 ns, Total: 5991355 ns
[2021-05-03T10:58:36.118+0000][7][gc,marking  ] GC(409) Concurrent Rebuild Remembered Sets
[2021-05-03T10:58:36.192+0000][7][gc,marking  ] GC(409) Concurrent Rebuild Remembered Sets 74.359ms
[2021-05-03T10:58:36.192+0000][7][gc,start    ] GC(409) Pause Cleanup
[2021-05-03T10:58:36.193+0000][7][gc          ] GC(409) Pause Cleanup 119M->119M(256M) 0.069ms
[2021-05-03T10:58:36.193+0000][7][gc,cpu      ] GC(409) User=0.00s Sys=0.00s Real=0.00s
[2021-05-03T10:58:36.193+0000][7][safepoint   ] Safepoint "G1Concurrent", Time since last: 74432051 ns, Reaching safepoint: 80890 ns, At safepoint: 109309 ns, Total: 190199 ns
[2021-05-03T10:58:36.193+0000][7][gc,marking  ] GC(409) Concurrent Cleanup for Next Mark
[2021-05-03T10:58:36.193+0000][7][gc,marking  ] GC(409) Concurrent Cleanup for Next Mark 0.213ms
[2021-05-03T10:58:36.193+0000][7][gc          ] GC(409) Concurrent Cycle 165.299ms
[2021-05-03T11:00:38.687+0000][7][gc,start    ] GC(410) Pause Young (Normal) (G1 Evacuation Pause)
[2021-05-03T11:00:38.687+0000][7][gc,task     ] GC(410) Using 6 workers of 8 for evacuation
[2021-05-03T11:00:38.687+0000][7][gc,age      ] GC(410) Desired survivor size 6291456 bytes, new threshold 15 (max threshold 15)
[2021-05-03T11:00:38.689+0000][7][gc,age      ] GC(410) Age table with threshold 15 (max threshold 15)
[2021-05-03T11:00:38.689+0000][7][gc,age      ] GC(410) - age   1:     514664 bytes,     514664 total
[2021-05-03T11:00:38.689+0000][7][gc,age      ] GC(410) - age   2:        896 bytes,     515560 total
[2021-05-03T11:00:38.689+0000][7][gc,age      ] GC(410) - age   3:     180840 bytes,     696400 total
[2021-05-03T11:00:38.689+0000][7][gc,age      ] GC(410) - age   4:       3056 bytes,     699456 total
[2021-05-03T11:00:38.689+0000][7][gc,age      ] GC(410) - age   6:         96 bytes,     699552 total
[2021-05-03T11:00:38.689+0000][7][gc,age      ] GC(410) - age   7:       1896 bytes,     701448 total
[2021-05-03T11:00:38.689+0000][7][gc,age      ] GC(410) - age   8:       1928 bytes,     703376 total
[2021-05-03T11:00:38.689+0000][7][gc,age      ] GC(410) - age   9:         40 bytes,     703416 total
[2021-05-03T11:00:38.689+0000][7][gc,age      ] GC(410) - age  11:       3208 bytes,     706624 total
[2021-05-03T11:00:38.689+0000][7][gc,age      ] GC(410) - age  12:      18464 bytes,     725088 total
[2021-05-03T11:00:38.689+0000][7][gc,age      ] GC(410) - age  13:     374832 bytes,    1099920 total
[2021-05-03T11:00:38.689+0000][7][gc,phases   ] GC(410)   Pre Evacuate Collection Set: 0.1ms
[2021-05-03T11:00:38.689+0000][7][gc,phases   ] GC(410)   Merge Heap Roots: 0.0ms
[2021-05-03T11:00:38.689+0000][7][gc,phases   ] GC(410)   Evacuate Collection Set: 0.8ms
[2021-05-03T11:00:38.689+0000][7][gc,phases   ] GC(410)   Post Evacuate Collection Set: 0.5ms
[2021-05-03T11:00:38.689+0000][7][gc,phases   ] GC(410)   Other: 0.2ms
[2021-05-03T11:00:38.689+0000][7][gc,heap     ] GC(410) Eden regions: 21->0(21)
[2021-05-03T11:00:38.689+0000][7][gc,heap     ] GC(410) Survivor regions: 1->1(3)
[2021-05-03T11:00:38.689+0000][7][gc,heap     ] GC(410) Old regions: 27->27
[2021-05-03T11:00:38.689+0000][7][gc,heap     ] GC(410) Archive regions: 2->2
[2021-05-03T11:00:38.689+0000][7][gc,heap     ] GC(410) Humongous regions: 2->2
[2021-05-03T11:00:38.689+0000][7][gc,metaspace] GC(410) Metaspace: 109701K(114512K)->109701K(114512K) NonClass: 95760K(99228K)->95760K(99228K) Class: 13940K(15284K)->13940K(15284K)
[2021-05-03T11:00:38.689+0000][7][gc          ] GC(410) Pause Young (Normal) (G1 Evacuation Pause) 202M->117M(256M) 1.700ms
[2021-05-03T11:00:38.689+0000][7][gc,cpu      ] GC(410) User=0.00s Sys=0.00s Real=0.00s
[2021-05-03T11:00:38.689+0000][7][safepoint   ] Safepoint "G1CollectForAllocation", Time since last: 122494495132 ns, Reaching safepoint: 140646 ns, At safepoint: 1764077 ns, Total: 1904723 ns
[2021-05-03T11:02:50.017+0000][7][gc,start    ] GC(411) Pause Young (Concurrent Start) (G1 Evacuation Pause)
[2021-05-03T11:02:50.017+0000][7][gc,task     ] GC(411) Using 6 workers of 8 for evacuation
[2021-05-03T11:02:50.017+0000][7][gc,age      ] GC(411) Desired survivor size 6291456 bytes, new threshold 15 (max threshold 15)
[2021-05-03T11:02:50.019+0000][7][gc,age      ] GC(411) Age table with threshold 15 (max threshold 15)
[2021-05-03T11:02:50.019+0000][7][gc,age      ] GC(411) - age   1:     603904 bytes,     603904 total
[2021-05-03T11:02:50.019+0000][7][gc,age      ] GC(411) - age   2:        888 bytes,     604792 total
[2021-05-03T11:02:50.019+0000][7][gc,age      ] GC(411) - age   3:        648 bytes,     605440 total
[2021-05-03T11:02:50.019+0000][7][gc,age      ] GC(411) - age   4:     180504 bytes,     785944 total
[2021-05-03T11:02:50.019+0000][7][gc,age      ] GC(411) - age   5:       3024 bytes,     788968 total
[2021-05-03T11:02:50.019+0000][7][gc,age      ] GC(411) - age   7:         96 bytes,     789064 total
[2021-05-03T11:02:50.019+0000][7][gc,age      ] GC(411) - age   8:       1896 bytes,     790960 total
[2021-05-03T11:02:50.019+0000][7][gc,age      ] GC(411) - age   9:       1928 bytes,     792888 total
[2021-05-03T11:02:50.019+0000][7][gc,age      ] GC(411) - age  10:         40 bytes,     792928 total
[2021-05-03T11:02:50.019+0000][7][gc,age      ] GC(411) - age  12:       3208 bytes,     796136 total
[2021-05-03T11:02:50.019+0000][7][gc,age      ] GC(411) - age  13:      18464 bytes,     814600 total
[2021-05-03T11:02:50.019+0000][7][gc,age      ] GC(411) - age  14:     374832 bytes,    1189432 total
[2021-05-03T11:02:50.019+0000][7][gc,phases   ] GC(411)   Pre Evacuate Collection Set: 0.1ms
[2021-05-03T11:02:50.019+0000][7][gc,phases   ] GC(411)   Merge Heap Roots: 0.0ms
[2021-05-03T11:02:50.019+0000][7][gc,phases   ] GC(411)   Evacuate Collection Set: 1.1ms
[2021-05-03T11:02:50.019+0000][7][gc,phases   ] GC(411)   Post Evacuate Collection Set: 0.6ms
[2021-05-03T11:02:50.019+0000][7][gc,phases   ] GC(411)   Other: 0.2ms
[2021-05-03T11:02:50.019+0000][7][gc,heap     ] GC(411) Eden regions: 21->0(21)
[2021-05-03T11:02:50.019+0000][7][gc,heap     ] GC(411) Survivor regions: 1->1(3)
[2021-05-03T11:02:50.019+0000][7][gc,heap     ] GC(411) Old regions: 27->27
[2021-05-03T11:02:50.019+0000][7][gc,heap     ] GC(411) Archive regions: 2->2
[2021-05-03T11:02:50.019+0000][7][gc,heap     ] GC(411) Humongous regions: 2->2
[2021-05-03T11:02:50.019+0000][7][gc,metaspace] GC(411) Metaspace: 109701K(114512K)->109701K(114512K) NonClass: 95760K(99228K)->95760K(99228K) Class: 13940K(15284K)->13940K(15284K)
[2021-05-03T11:02:50.019+0000][7][gc          ] GC(411) Pause Young (Concurrent Start) (G1 Evacuation Pause) 201M->118M(256M) 2.071ms
[2021-05-03T11:02:50.019+0000][7][gc,cpu      ] GC(411) User=0.01s Sys=0.00s Real=0.00s
[2021-05-03T11:02:50.019+0000][7][safepoint   ] Safepoint "G1CollectForAllocation", Time since last: 131328087463 ns, Reaching safepoint: 153663 ns, At safepoint: 2137450 ns, Total: 2291113 ns
[2021-05-03T11:02:50.019+0000][7][gc          ] GC(412) Concurrent Cycle
[2021-05-03T11:02:50.019+0000][7][gc,marking  ] GC(412) Concurrent Clear Claimed Marks
[2021-05-03T11:02:50.019+0000][7][gc,marking  ] GC(412) Concurrent Clear Claimed Marks 0.058ms
[2021-05-03T11:02:50.019+0000][7][gc,marking  ] GC(412) Concurrent Scan Root Regions
[2021-05-03T11:02:50.021+0000][7][gc,marking  ] GC(412) Concurrent Scan Root Regions 1.516ms
[2021-05-03T11:02:50.021+0000][7][gc,marking  ] GC(412) Concurrent Mark (31711.949s)
[2021-05-03T11:02:50.021+0000][7][gc,marking  ] GC(412) Concurrent Mark From Roots
[2021-05-03T11:02:50.021+0000][7][gc,task     ] GC(412) Using 2 workers of 2 for marking
[2021-05-03T11:02:50.101+0000][7][gc,marking  ] GC(412) Concurrent Mark From Roots 79.767ms
[2021-05-03T11:02:50.101+0000][7][gc,marking  ] GC(412) Concurrent Preclean
[2021-05-03T11:02:50.101+0000][7][gc,marking  ] GC(412) Concurrent Preclean 0.224ms
[2021-05-03T11:02:50.101+0000][7][gc,marking  ] GC(412) Concurrent Mark (31711.949s, 31712.029s) 80.041ms
[2021-05-03T11:02:50.101+0000][7][gc,start    ] GC(412) Pause Remark
[2021-05-03T11:02:50.107+0000][7][gc          ] GC(412) Pause Remark 119M->119M(256M) 5.766ms
[2021-05-03T11:02:50.107+0000][7][gc,cpu      ] GC(412) User=0.04s Sys=0.00s Real=0.00s
[2021-05-03T11:02:50.107+0000][7][safepoint   ] Safepoint "G1Concurrent", Time since last: 81740730 ns, Reaching safepoint: 108406 ns, At safepoint: 5841899 ns, Total: 5950305 ns
[2021-05-03T11:02:50.107+0000][7][gc,marking  ] GC(412) Concurrent Rebuild Remembered Sets
[2021-05-03T11:02:50.160+0000][7][gc,marking  ] GC(412) Concurrent Rebuild Remembered Sets 53.122ms
[2021-05-03T11:02:50.160+0000][7][gc,start    ] GC(412) Pause Cleanup
[2021-05-03T11:02:50.160+0000][7][gc          ] GC(412) Pause Cleanup 119M->119M(256M) 0.066ms
[2021-05-03T11:02:50.160+0000][7][gc,cpu      ] GC(412) User=0.00s Sys=0.00s Real=0.00s
[2021-05-03T11:02:50.160+0000][7][safepoint   ] Safepoint "G1Concurrent", Time since last: 53270459 ns, Reaching safepoint: 102676 ns, At safepoint: 105718 ns, Total: 208394 ns
[2021-05-03T11:02:50.161+0000][7][gc,marking  ] GC(412) Concurrent Cleanup for Next Mark
[2021-05-03T11:02:50.161+0000][7][gc,marking  ] GC(412) Concurrent Cleanup for Next Mark 0.174ms
[2021-05-03T11:02:50.161+0000][7][gc          ] GC(412) Concurrent Cycle 141.450ms
[2021-05-03T11:03:50.173+0000][7][safepoint   ] Safepoint "Cleanup", Time since last: 60012294514 ns, Reaching safepoint: 160915 ns, At safepoint: 6381 ns, Total: 167296 ns
[2021-05-03T11:04:53.789+0000][7][gc,start    ] GC(413) Pause Young (Normal) (G1 Evacuation Pause)
[2021-05-03T11:04:53.790+0000][7][gc,task     ] GC(413) Using 6 workers of 8 for evacuation
[2021-05-03T11:04:53.790+0000][7][gc,age      ] GC(413) Desired survivor size 6291456 bytes, new threshold 15 (max threshold 15)
[2021-05-03T11:04:53.791+0000][7][gc,age      ] GC(413) Age table with threshold 15 (max threshold 15)
[2021-05-03T11:04:53.791+0000][7][gc,age      ] GC(413) - age   1:     516976 bytes,     516976 total
[2021-05-03T11:04:53.791+0000][7][gc,age      ] GC(413) - age   2:       1248 bytes,     518224 total
[2021-05-03T11:04:53.791+0000][7][gc,age      ] GC(413) - age   3:        536 bytes,     518760 total
[2021-05-03T11:04:53.791+0000][7][gc,age      ] GC(413) - age   4:        648 bytes,     519408 total
[2021-05-03T11:04:53.791+0000][7][gc,age      ] GC(413) - age   5:     180504 bytes,     699912 total
[2021-05-03T11:04:53.791+0000][7][gc,age      ] GC(413) - age   6:        264 bytes,     700176 total
[2021-05-03T11:04:53.791+0000][7][gc,age      ] GC(413) - age   8:         96 bytes,     700272 total
[2021-05-03T11:04:53.791+0000][7][gc,age      ] GC(413) - age   9:       1896 bytes,     702168 total
[2021-05-03T11:04:53.791+0000][7][gc,age      ] GC(413) - age  10:       1928 bytes,     704096 total
[2021-05-03T11:04:53.791+0000][7][gc,age      ] GC(413) - age  11:         40 bytes,     704136 total
[2021-05-03T11:04:53.791+0000][7][gc,age      ] GC(413) - age  13:       3208 bytes,     707344 total
[2021-05-03T11:04:53.791+0000][7][gc,age      ] GC(413) - age  14:      18464 bytes,     725808 total
[2021-05-03T11:04:53.791+0000][7][gc,age      ] GC(413) - age  15:     374832 bytes,    1100640 total
[2021-05-03T11:04:53.791+0000][7][gc,phases   ] GC(413)   Pre Evacuate Collection Set: 0.1ms
[2021-05-03T11:04:53.791+0000][7][gc,phases   ] GC(413)   Merge Heap Roots: 0.0ms
[2021-05-03T11:04:53.791+0000][7][gc,phases   ] GC(413)   Evacuate Collection Set: 0.9ms
[2021-05-03T11:04:53.791+0000][7][gc,phases   ] GC(413)   Post Evacuate Collection Set: 0.4ms
[2021-05-03T11:04:53.791+0000][7][gc,phases   ] GC(413)   Other: 0.2ms
[2021-05-03T11:04:53.791+0000][7][gc,heap     ] GC(413) Eden regions: 21->0(21)
[2021-05-03T11:04:53.791+0000][7][gc,heap     ] GC(413) Survivor regions: 1->1(3)
[2021-05-03T11:04:53.791+0000][7][gc,heap     ] GC(413) Old regions: 27->27
[2021-05-03T11:04:53.791+0000][7][gc,heap     ] GC(413) Archive regions: 2->2
[2021-05-03T11:04:53.791+0000][7][gc,heap     ] GC(413) Humongous regions: 2->2
[2021-05-03T11:04:53.791+0000][7][gc,metaspace] GC(413) Metaspace: 109701K(114512K)->109701K(114512K) NonClass: 95760K(99228K)->95760K(99228K) Class: 13940K(15284K)->13940K(15284K)
[2021-05-03T11:04:53.791+0000][7][gc          ] GC(413) Pause Young (Normal) (G1 Evacuation Pause) 202M->117M(256M) 1.687ms
[2021-05-03T11:04:53.791+0000][7][gc,cpu      ] GC(413) User=0.01s Sys=0.00s Real=0.00s
[2021-05-03T11:04:53.791+0000][7][safepoint   ] Safepoint "G1CollectForAllocation", Time since last: 63616383125 ns, Reaching safepoint: 118042 ns, At safepoint: 1752448 ns, Total: 1870490 ns
[2021-05-03T11:05:40.798+0000][7][safepoint   ] Safepoint "Cleanup", Time since last: 47006588258 ns, Reaching safepoint: 97492 ns, At safepoint: 5277 ns, Total: 102769 ns
[2021-05-03T11:06:39.564+0000][7][gc,start    ] GC(414) Pause Young (Concurrent Start) (G1 Evacuation Pause)
[2021-05-03T11:06:39.564+0000][7][gc,task     ] GC(414) Using 6 workers of 8 for evacuation
[2021-05-03T11:06:39.564+0000][7][gc,age      ] GC(414) Desired survivor size 6291456 bytes, new threshold 15 (max threshold 15)
[2021-05-03T11:06:39.566+0000][7][gc,age      ] GC(414) Age table with threshold 15 (max threshold 15)
[2021-05-03T11:06:39.566+0000][7][gc,age      ] GC(414) - age   1:     780480 bytes,     780480 total
[2021-05-03T11:06:39.566+0000][7][gc,age      ] GC(414) - age   2:       3312 bytes,     783792 total
[2021-05-03T11:06:39.566+0000][7][gc,age      ] GC(414) - age   3:        544 bytes,     784336 total
[2021-05-03T11:06:39.566+0000][7][gc,age      ] GC(414) - age   4:        344 bytes,     784680 total
[2021-05-03T11:06:39.566+0000][7][gc,age      ] GC(414) - age   5:        600 bytes,     785280 total
[2021-05-03T11:06:39.566+0000][7][gc,age      ] GC(414) - age   6:       5160 bytes,     790440 total
[2021-05-03T11:06:39.566+0000][7][gc,age      ] GC(414) - age   7:        224 bytes,     790664 total
[2021-05-03T11:06:39.566+0000][7][gc,age      ] GC(414) - age   9:         96 bytes,     790760 total
[2021-05-03T11:06:39.566+0000][7][gc,age      ] GC(414) - age  10:       1896 bytes,     792656 total
[2021-05-03T11:06:39.566+0000][7][gc,age      ] GC(414) - age  11:        480 bytes,     793136 total
[2021-05-03T11:06:39.566+0000][7][gc,age      ] GC(414) - age  14:       3208 bytes,     796344 total
[2021-05-03T11:06:39.566+0000][7][gc,age      ] GC(414) - age  15:      18464 bytes,     814808 total
[2021-05-03T11:06:39.566+0000][7][gc,phases   ] GC(414)   Pre Evacuate Collection Set: 0.1ms
[2021-05-03T11:06:39.566+0000][7][gc,phases   ] GC(414)   Merge Heap Roots: 0.0ms
[2021-05-03T11:06:39.566+0000][7][gc,phases   ] GC(414)   Evacuate Collection Set: 0.9ms
[2021-05-03T11:06:39.566+0000][7][gc,phases   ] GC(414)   Post Evacuate Collection Set: 0.4ms
[2021-05-03T11:06:39.566+0000][7][gc,phases   ] GC(414)   Other: 0.3ms
[2021-05-03T11:06:39.566+0000][7][gc,heap     ] GC(414) Eden regions: 21->0(21)
[2021-05-03T11:06:39.566+0000][7][gc,heap     ] GC(414) Survivor regions: 1->1(3)
[2021-05-03T11:06:39.566+0000][7][gc,heap     ] GC(414) Old regions: 27->27
[2021-05-03T11:06:39.566+0000][7][gc,heap     ] GC(414) Archive regions: 2->2
[2021-05-03T11:06:39.566+0000][7][gc,heap     ] GC(414) Humongous regions: 2->2
[2021-05-03T11:06:39.566+0000][7][gc,metaspace] GC(414) Metaspace: 109715K(114512K)->109715K(114512K) NonClass: 95774K(99228K)->95774K(99228K) Class: 13940K(15284K)->13940K(15284K)
[2021-05-03T11:06:39.566+0000][7][gc          ] GC(414) Pause Young (Concurrent Start) (G1 Evacuation Pause) 201M->118M(256M) 1.869ms
[2021-05-03T11:06:39.566+0000][7][gc,cpu      ] GC(414) User=0.01s Sys=0.00s Real=0.00s
[2021-05-03T11:06:39.566+0000][7][gc          ] GC(415) Concurrent Cycle
[2021-05-03T11:06:39.566+0000][7][safepoint   ] Safepoint "G1CollectForAllocation", Time since last: 58766008591 ns, Reaching safepoint: 170049 ns, At safepoint: 1957397 ns, Total: 2127446 ns
[2021-05-03T11:06:39.566+0000][7][gc,marking  ] GC(415) Concurrent Clear Claimed Marks
[2021-05-03T11:06:39.566+0000][7][gc,marking  ] GC(415) Concurrent Clear Claimed Marks 0.071ms
[2021-05-03T11:06:39.566+0000][7][gc,marking  ] GC(415) Concurrent Scan Root Regions
[2021-05-03T11:06:39.567+0000][7][gc,marking  ] GC(415) Concurrent Scan Root Regions 1.204ms
[2021-05-03T11:06:39.567+0000][7][gc,marking  ] GC(415) Concurrent Mark (31941.495s)
[2021-05-03T11:06:39.567+0000][7][gc,marking  ] GC(415) Concurrent Mark From Roots
[2021-05-03T11:06:39.567+0000][7][gc,task     ] GC(415) Using 2 workers of 2 for marking
[2021-05-03T11:06:39.648+0000][7][gc,marking  ] GC(415) Concurrent Mark From Roots 80.840ms
[2021-05-03T11:06:39.648+0000][7][gc,marking  ] GC(415) Concurrent Preclean
[2021-05-03T11:06:39.648+0000][7][gc,marking  ] GC(415) Concurrent Preclean 0.221ms
[2021-05-03T11:06:39.648+0000][7][gc,marking  ] GC(415) Concurrent Mark (31941.495s, 31941.576s) 81.112ms
[2021-05-03T11:06:39.649+0000][7][gc,start    ] GC(415) Pause Remark
[2021-05-03T11:06:39.655+0000][7][gc          ] GC(415) Pause Remark 118M->118M(256M) 6.039ms
[2021-05-03T11:06:39.655+0000][7][gc,cpu      ] GC(415) User=0.03s Sys=0.00s Real=0.01s
[2021-05-03T11:06:39.655+0000][7][safepoint   ] Safepoint "G1Concurrent", Time since last: 82486701 ns, Reaching safepoint: 80322 ns, At safepoint: 6119745 ns, Total: 6200067 ns
[2021-05-03T11:06:39.655+0000][7][gc,marking  ] GC(415) Concurrent Rebuild Remembered Sets
[2021-05-03T11:06:39.708+0000][7][gc,marking  ] GC(415) Concurrent Rebuild Remembered Sets 53.183ms
[2021-05-03T11:06:39.708+0000][7][gc,start    ] GC(415) Pause Cleanup
[2021-05-03T11:06:39.708+0000][7][gc          ] GC(415) Pause Cleanup 118M->118M(256M) 0.065ms
[2021-05-03T11:06:39.708+0000][7][gc,cpu      ] GC(415) User=0.00s Sys=0.00s Real=0.00s
[2021-05-03T11:06:39.708+0000][7][safepoint   ] Safepoint "G1Concurrent", Time since last: 53281813 ns, Reaching safepoint: 75548 ns, At safepoint: 105250 ns, Total: 180798 ns
[2021-05-03T11:06:39.708+0000][7][gc,marking  ] GC(415) Concurrent Cleanup for Next Mark
[2021-05-03T11:06:39.708+0000][7][gc,marking  ] GC(415) Concurrent Cleanup for Next Mark 0.175ms
[2021-05-03T11:06:39.708+0000][7][gc          ] GC(415) Concurrent Cycle 142.369ms
[2021-05-03T11:08:50.043+0000][7][gc,start    ] GC(416) Pause Young (Normal) (G1 Evacuation Pause)
[2021-05-03T11:08:50.043+0000][7][gc,task     ] GC(416) Using 6 workers of 8 for evacuation
[2021-05-03T11:08:50.043+0000][7][gc,age      ] GC(416) Desired survivor size 6291456 bytes, new threshold 15 (max threshold 15)
[2021-05-03T11:08:50.045+0000][7][gc,age      ] GC(416) Age table with threshold 15 (max threshold 15)
[2021-05-03T11:08:50.045+0000][7][gc,age      ] GC(416) - age   1:     541696 bytes,     541696 total
[2021-05-03T11:08:50.045+0000][7][gc,age      ] GC(416) - age   2:     273744 bytes,     815440 total
[2021-05-03T11:08:50.045+0000][7][gc,age      ] GC(416) - age   3:       2856 bytes,     818296 total
[2021-05-03T11:08:50.045+0000][7][gc,age      ] GC(416) - age   4:        424 bytes,     818720 total
[2021-05-03T11:08:50.045+0000][7][gc,age      ] GC(416) - age   5:        304 bytes,     819024 total
[2021-05-03T11:08:50.045+0000][7][gc,age      ] GC(416) - age   6:        352 bytes,     819376 total
[2021-05-03T11:08:50.045+0000][7][gc,age      ] GC(416) - age   7:       5096 bytes,     824472 total
[2021-05-03T11:08:50.045+0000][7][gc,age      ] GC(416) - age   8:        224 bytes,     824696 total
[2021-05-03T11:08:50.045+0000][7][gc,age      ] GC(416) - age  10:         72 bytes,     824768 total
[2021-05-03T11:08:50.045+0000][7][gc,age      ] GC(416) - age  11:       1896 bytes,     826664 total
[2021-05-03T11:08:50.045+0000][7][gc,age      ] GC(416) - age  12:        480 bytes,     827144 total
[2021-05-03T11:08:50.045+0000][7][gc,age      ] GC(416) - age  15:       3208 bytes,     830352 total
[2021-05-03T11:08:50.045+0000][7][gc,phases   ] GC(416)   Pre Evacuate Collection Set: 0.1ms
[2021-05-03T11:08:50.045+0000][7][gc,phases   ] GC(416)   Merge Heap Roots: 0.0ms
[2021-05-03T11:08:50.045+0000][7][gc,phases   ] GC(416)   Evacuate Collection Set: 0.8ms
[2021-05-03T11:08:50.045+0000][7][gc,phases   ] GC(416)   Post Evacuate Collection Set: 0.6ms
[2021-05-03T11:08:50.045+0000][7][gc,phases   ] GC(416)   Other: 0.2ms
[2021-05-03T11:08:50.045+0000][7][gc,heap     ] GC(416) Eden regions: 21->0(21)
[2021-05-03T11:08:50.045+0000][7][gc,heap     ] GC(416) Survivor regions: 1->1(3)
[2021-05-03T11:08:50.045+0000][7][gc,heap     ] GC(416) Old regions: 27->27
[2021-05-03T11:08:50.045+0000][7][gc,heap     ] GC(416) Archive regions: 2->2
[2021-05-03T11:08:50.045+0000][7][gc,heap     ] GC(416) Humongous regions: 2->2
[2021-05-03T11:08:50.045+0000][7][gc,metaspace] GC(416) Metaspace: 109715K(114512K)->109715K(114512K) NonClass: 95775K(99228K)->95775K(99228K) Class: 13940K(15284K)->13940K(15284K)
[2021-05-03T11:08:50.045+0000][7][gc          ] GC(416) Pause Young (Normal) (G1 Evacuation Pause) 202M->118M(256M) 1.791ms
[2021-05-03T11:08:50.045+0000][7][gc,cpu      ] GC(416) User=0.01s Sys=0.00s Real=0.00s
[2021-05-03T11:08:50.045+0000][7][safepoint   ] Safepoint "G1CollectForAllocation", Time since last: 130335080244 ns, Reaching safepoint: 120010 ns, At safepoint: 1861980 ns, Total: 1981990 ns
[2021-05-03T11:10:55.657+0000][7][gc,start    ] GC(417) Pause Young (Concurrent Start) (G1 Evacuation Pause)
[2021-05-03T11:10:55.657+0000][7][gc,task     ] GC(417) Using 6 workers of 8 for evacuation
[2021-05-03T11:10:55.657+0000][7][gc,age      ] GC(417) Desired survivor size 6291456 bytes, new threshold 15 (max threshold 15)
[2021-05-03T11:10:55.659+0000][7][gc,age      ] GC(417) Age table with threshold 15 (max threshold 15)
[2021-05-03T11:10:55.659+0000][7][gc,age      ] GC(417) - age   1:     513272 bytes,     513272 total
[2021-05-03T11:10:55.659+0000][7][gc,age      ] GC(417) - age   2:       1384 bytes,     514656 total
[2021-05-03T11:10:55.659+0000][7][gc,age      ] GC(417) - age   3:     152216 bytes,     666872 total
[2021-05-03T11:10:55.659+0000][7][gc,age      ] GC(417) - age   4:       2560 bytes,     669432 total
[2021-05-03T11:10:55.659+0000][7][gc,age      ] GC(417) - age   5:        328 bytes,     669760 total
[2021-05-03T11:10:55.659+0000][7][gc,age      ] GC(417) - age   6:        304 bytes,     670064 total
[2021-05-03T11:10:55.659+0000][7][gc,age      ] GC(417) - age   7:        256 bytes,     670320 total
[2021-05-03T11:10:55.659+0000][7][gc,age      ] GC(417) - age   8:       5096 bytes,     675416 total
[2021-05-03T11:10:55.659+0000][7][gc,age      ] GC(417) - age   9:        224 bytes,     675640 total
[2021-05-03T11:10:55.659+0000][7][gc,age      ] GC(417) - age  11:         72 bytes,     675712 total
[2021-05-03T11:10:55.659+0000][7][gc,age      ] GC(417) - age  12:       1896 bytes,     677608 total
[2021-05-03T11:10:55.659+0000][7][gc,age      ] GC(417) - age  13:        480 bytes,     678088 total
[2021-05-03T11:10:55.659+0000][7][gc,phases   ] GC(417)   Pre Evacuate Collection Set: 0.2ms
[2021-05-03T11:10:55.659+0000][7][gc,phases   ] GC(417)   Merge Heap Roots: 0.1ms
[2021-05-03T11:10:55.659+0000][7][gc,phases   ] GC(417)   Evacuate Collection Set: 0.9ms
[2021-05-03T11:10:55.659+0000][7][gc,phases   ] GC(417)   Post Evacuate Collection Set: 0.7ms
[2021-05-03T11:10:55.659+0000][7][gc,phases   ] GC(417)   Other: 0.2ms
[2021-05-03T11:10:55.659+0000][7][gc,heap     ] GC(417) Eden regions: 21->0(21)
[2021-05-03T11:10:55.659+0000][7][gc,heap     ] GC(417) Survivor regions: 1->1(3)
[2021-05-03T11:10:55.659+0000][7][gc,heap     ] GC(417) Old regions: 27->27
[2021-05-03T11:10:55.659+0000][7][gc,heap     ] GC(417) Archive regions: 2->2
[2021-05-03T11:10:55.659+0000][7][gc,heap     ] GC(417) Humongous regions: 2->2
[2021-05-03T11:10:55.659+0000][7][gc,metaspace] GC(417) Metaspace: 109715K(114512K)->109715K(114512K) NonClass: 95775K(99228K)->95775K(99228K) Class: 13940K(15284K)->13940K(15284K)
[2021-05-03T11:10:55.659+0000][7][gc          ] GC(417) Pause Young (Concurrent Start) (G1 Evacuation Pause) 202M->117M(256M) 2.127ms
[2021-05-03T11:10:55.659+0000][7][gc,cpu      ] GC(417) User=0.01s Sys=0.00s Real=0.00s
[2021-05-03T11:10:55.659+0000][7][safepoint   ] Safepoint "G1CollectForAllocation", Time since last: 125611963303 ns, Reaching safepoint: 88997 ns, At safepoint: 2188663 ns, Total: 2277660 ns
[2021-05-03T11:10:55.660+0000][7][gc          ] GC(418) Concurrent Cycle
[2021-05-03T11:10:55.660+0000][7][gc,marking  ] GC(418) Concurrent Clear Claimed Marks
[2021-05-03T11:10:55.660+0000][7][gc,marking  ] GC(418) Concurrent Clear Claimed Marks 0.050ms
[2021-05-03T11:10:55.660+0000][7][gc,marking  ] GC(418) Concurrent Scan Root Regions
[2021-05-03T11:10:55.661+0000][7][gc,marking  ] GC(418) Concurrent Scan Root Regions 1.333ms
[2021-05-03T11:10:55.661+0000][7][gc,marking  ] GC(418) Concurrent Mark (32197.589s)
[2021-05-03T11:10:55.661+0000][7][gc,marking  ] GC(418) Concurrent Mark From Roots
[2021-05-03T11:10:55.661+0000][7][gc,task     ] GC(418) Using 2 workers of 2 for marking
[2021-05-03T11:10:55.741+0000][7][gc,marking  ] GC(418) Concurrent Mark From Roots 79.730ms
[2021-05-03T11:10:55.741+0000][7][gc,marking  ] GC(418) Concurrent Preclean
[2021-05-03T11:10:55.741+0000][7][gc,marking  ] GC(418) Concurrent Preclean 0.216ms
[2021-05-03T11:10:55.741+0000][7][gc,marking  ] GC(418) Concurrent Mark (32197.589s, 32197.669s) 79.996ms
[2021-05-03T11:10:55.741+0000][7][gc,start    ] GC(418) Pause Remark
[2021-05-03T11:10:55.747+0000][7][gc          ] GC(418) Pause Remark 118M->118M(256M) 5.714ms
[2021-05-03T11:10:55.747+0000][7][gc,cpu      ] GC(418) User=0.04s Sys=0.00s Real=0.00s
[2021-05-03T11:10:55.747+0000][7][safepoint   ] Safepoint "G1Concurrent", Time since last: 81527478 ns, Reaching safepoint: 91186 ns, At safepoint: 5791186 ns, Total: 5882372 ns
[2021-05-03T11:10:55.747+0000][7][gc,marking  ] GC(418) Concurrent Rebuild Remembered Sets
[2021-05-03T11:10:55.800+0000][7][gc,marking  ] GC(418) Concurrent Rebuild Remembered Sets 53.271ms
[2021-05-03T11:10:55.800+0000][7][gc,start    ] GC(418) Pause Cleanup
[2021-05-03T11:10:55.800+0000][7][gc          ] GC(418) Pause Cleanup 118M->118M(256M) 0.065ms
[2021-05-03T11:10:55.800+0000][7][gc,cpu      ] GC(418) User=0.00s Sys=0.00s Real=0.00s
[2021-05-03T11:10:55.801+0000][7][safepoint   ] Safepoint "G1Concurrent", Time since last: 53379802 ns, Reaching safepoint: 131320 ns, At safepoint: 104464 ns, Total: 235784 ns
[2021-05-03T11:10:55.801+0000][7][gc,marking  ] GC(418) Concurrent Cleanup for Next Mark
[2021-05-03T11:10:55.801+0000][7][gc,marking  ] GC(418) Concurrent Cleanup for Next Mark 0.196ms
[2021-05-03T11:10:55.801+0000][7][gc          ] GC(418) Concurrent Cycle 141.296ms
[2021-05-03T11:12:42.824+0000][7][safepoint   ] Safepoint "Cleanup", Time since last: 107023731387 ns, Reaching safepoint: 108654 ns, At safepoint: 5713 ns, Total: 114367 ns
[2021-05-03T11:13:13.987+0000][7][gc,start    ] GC(419) Pause Young (Normal) (G1 Evacuation Pause)
[2021-05-03T11:13:13.987+0000][7][gc,task     ] GC(419) Using 6 workers of 8 for evacuation
[2021-05-03T11:13:13.987+0000][7][gc,age      ] GC(419) Desired survivor size 6291456 bytes, new threshold 15 (max threshold 15)
[2021-05-03T11:13:13.989+0000][7][gc,age      ] GC(419) Age table with threshold 15 (max threshold 15)
[2021-05-03T11:13:13.989+0000][7][gc,age      ] GC(419) - age   1:     507984 bytes,     507984 total
[2021-05-03T11:13:13.989+0000][7][gc,age      ] GC(419) - age   2:        696 bytes,     508680 total
[2021-05-03T11:13:13.989+0000][7][gc,age      ] GC(419) - age   3:       1080 bytes,     509760 total
[2021-05-03T11:13:13.989+0000][7][gc,age      ] GC(419) - age   4:     151856 bytes,     661616 total
[2021-05-03T11:13:13.989+0000][7][gc,age      ] GC(419) - age   5:       2560 bytes,     664176 total
[2021-05-03T11:13:13.989+0000][7][gc,age      ] GC(419) - age   6:        328 bytes,     664504 total
[2021-05-03T11:13:13.989+0000][7][gc,age      ] GC(419) - age   7:        304 bytes,     664808 total
[2021-05-03T11:13:13.989+0000][7][gc,age      ] GC(419) - age   8:        216 bytes,     665024 total
[2021-05-03T11:13:13.989+0000][7][gc,age      ] GC(419) - age   9:       5096 bytes,     670120 total
[2021-05-03T11:13:13.989+0000][7][gc,age      ] GC(419) - age  10:        224 bytes,     670344 total
[2021-05-03T11:13:13.989+0000][7][gc,age      ] GC(419) - age  12:         72 bytes,     670416 total
[2021-05-03T11:13:13.989+0000][7][gc,age      ] GC(419) - age  13:       1896 bytes,     672312 total
[2021-05-03T11:13:13.989+0000][7][gc,age      ] GC(419) - age  14:        480 bytes,     672792 total
[2021-05-03T11:13:13.989+0000][7][gc,phases   ] GC(419)   Pre Evacuate Collection Set: 0.1ms
[2021-05-03T11:13:13.989+0000][7][gc,phases   ] GC(419)   Merge Heap Roots: 0.0ms
[2021-05-03T11:13:13.989+0000][7][gc,phases   ] GC(419)   Evacuate Collection Set: 0.9ms
[2021-05-03T11:13:13.989+0000][7][gc,phases   ] GC(419)   Post Evacuate Collection Set: 0.5ms
[2021-05-03T11:13:13.989+0000][7][gc,phases   ] GC(419)   Other: 0.2ms
[2021-05-03T11:13:13.989+0000][7][gc,heap     ] GC(419) Eden regions: 21->0(21)
[2021-05-03T11:13:13.989+0000][7][gc,heap     ] GC(419) Survivor regions: 1->1(3)
[2021-05-03T11:13:13.989+0000][7][gc,heap     ] GC(419) Old regions: 27->27
[2021-05-03T11:13:13.989+0000][7][gc,heap     ] GC(419) Archive regions: 2->2
[2021-05-03T11:13:13.989+0000][7][gc,heap     ] GC(419) Humongous regions: 2->2
[2021-05-03T11:13:13.989+0000][7][gc,metaspace] GC(419) Metaspace: 109715K(114512K)->109715K(114512K) NonClass: 95775K(99228K)->95775K(99228K) Class: 13940K(15284K)->13940K(15284K)
[2021-05-03T11:13:13.989+0000][7][gc          ] GC(419) Pause Young (Normal) (G1 Evacuation Pause) 201M->117M(256M) 1.747ms
[2021-05-03T11:13:13.989+0000][7][gc,cpu      ] GC(419) User=0.01s Sys=0.00s Real=0.00s
[2021-05-03T11:13:13.989+0000][7][safepoint   ] Safepoint "G1CollectForAllocation", Time since last: 31162793754 ns, Reaching safepoint: 99869 ns, At safepoint: 1815425 ns, Total: 1915294 ns
[2021-05-03T11:14:40.010+0000][7][safepoint   ] Safepoint "Cleanup", Time since last: 86020606039 ns, Reaching safepoint: 166135 ns, At safepoint: 7633 ns, Total: 173768 ns
[2021-05-03T11:15:19.038+0000][7][gc,start    ] GC(420) Pause Young (Concurrent Start) (G1 Evacuation Pause)
[2021-05-03T11:15:19.038+0000][7][gc,task     ] GC(420) Using 6 workers of 8 for evacuation
[2021-05-03T11:15:19.039+0000][7][gc,age      ] GC(420) Desired survivor size 6291456 bytes, new threshold 15 (max threshold 15)
[2021-05-03T11:15:19.040+0000][7][gc,age      ] GC(420) Age table with threshold 15 (max threshold 15)
[2021-05-03T11:15:19.040+0000][7][gc,age      ] GC(420) - age   1:     519120 bytes,     519120 total
[2021-05-03T11:15:19.040+0000][7][gc,age      ] GC(420) - age   2:        776 bytes,     519896 total
[2021-05-03T11:15:19.040+0000][7][gc,age      ] GC(420) - age   3:        344 bytes,     520240 total
[2021-05-03T11:15:19.040+0000][7][gc,age      ] GC(420) - age   4:        960 bytes,     521200 total
[2021-05-03T11:15:19.040+0000][7][gc,age      ] GC(420) - age   5:     151592 bytes,     672792 total
[2021-05-03T11:15:19.040+0000][7][gc,age      ] GC(420) - age   6:         64 bytes,     672856 total
[2021-05-03T11:15:19.040+0000][7][gc,age      ] GC(420) - age   7:        328 bytes,     673184 total
[2021-05-03T11:15:19.040+0000][7][gc,age      ] GC(420) - age   8:         96 bytes,     673280 total
[2021-05-03T11:15:19.040+0000][7][gc,age      ] GC(420) - age   9:        216 bytes,     673496 total
[2021-05-03T11:15:19.040+0000][7][gc,age      ] GC(420) - age  10:       5096 bytes,     678592 total
[2021-05-03T11:15:19.040+0000][7][gc,age      ] GC(420) - age  11:        224 bytes,     678816 total
[2021-05-03T11:15:19.040+0000][7][gc,age      ] GC(420) - age  13:         72 bytes,     678888 total
[2021-05-03T11:15:19.040+0000][7][gc,age      ] GC(420) - age  14:       1896 bytes,     680784 total
[2021-05-03T11:15:19.040+0000][7][gc,age      ] GC(420) - age  15:        480 bytes,     681264 total
[2021-05-03T11:15:19.040+0000][7][gc,phases   ] GC(420)   Pre Evacuate Collection Set: 0.1ms
[2021-05-03T11:15:19.040+0000][7][gc,phases   ] GC(420)   Merge Heap Roots: 0.0ms
[2021-05-03T11:15:19.040+0000][7][gc,phases   ] GC(420)   Evacuate Collection Set: 0.9ms
[2021-05-03T11:15:19.040+0000][7][gc,phases   ] GC(420)   Post Evacuate Collection Set: 0.5ms
[2021-05-03T11:15:19.040+0000][7][gc,phases   ] GC(420)   Other: 0.2ms
[2021-05-03T11:15:19.040+0000][7][gc,heap     ] GC(420) Eden regions: 21->0(21)
[2021-05-03T11:15:19.040+0000][7][gc,heap     ] GC(420) Survivor regions: 1->1(3)
[2021-05-03T11:15:19.040+0000][7][gc,heap     ] GC(420) Old regions: 27->27
[2021-05-03T11:15:19.040+0000][7][gc,heap     ] GC(420) Archive regions: 2->2
[2021-05-03T11:15:19.040+0000][7][gc,heap     ] GC(420) Humongous regions: 2->2
[2021-05-03T11:15:19.040+0000][7][gc,metaspace] GC(420) Metaspace: 109715K(114512K)->109715K(114512K) NonClass: 95775K(99228K)->95775K(99228K) Class: 13940K(15284K)->13940K(15284K)
[2021-05-03T11:15:19.040+0000][7][gc          ] GC(420) Pause Young (Concurrent Start) (G1 Evacuation Pause) 201M->117M(256M) 1.786ms
[2021-05-03T11:15:19.040+0000][7][gc,cpu      ] GC(420) User=0.00s Sys=0.01s Real=0.01s
[2021-05-03T11:15:19.040+0000][7][safepoint   ] Safepoint "G1CollectForAllocation", Time since last: 39028476249 ns, Reaching safepoint: 109746 ns, At safepoint: 1850518 ns, Total: 1960264 ns
[2021-05-03T11:15:19.040+0000][7][gc          ] GC(421) Concurrent Cycle
[2021-05-03T11:15:19.040+0000][7][gc,marking  ] GC(421) Concurrent Clear Claimed Marks
[2021-05-03T11:15:19.040+0000][7][gc,marking  ] GC(421) Concurrent Clear Claimed Marks 0.062ms
[2021-05-03T11:15:19.040+0000][7][gc,marking  ] GC(421) Concurrent Scan Root Regions
[2021-05-03T11:15:19.042+0000][7][gc,marking  ] GC(421) Concurrent Scan Root Regions 1.415ms
[2021-05-03T11:15:19.042+0000][7][gc,marking  ] GC(421) Concurrent Mark (32460.970s)
[2021-05-03T11:15:19.042+0000][7][gc,marking  ] GC(421) Concurrent Mark From Roots
[2021-05-03T11:15:19.042+0000][7][gc,task     ] GC(421) Using 2 workers of 2 for marking
[2021-05-03T11:15:19.121+0000][7][gc,marking  ] GC(421) Concurrent Mark From Roots 79.555ms
[2021-05-03T11:15:19.121+0000][7][gc,marking  ] GC(421) Concurrent Preclean
[2021-05-03T11:15:19.122+0000][7][gc,marking  ] GC(421) Concurrent Preclean 0.210ms
[2021-05-03T11:15:19.122+0000][7][gc,marking  ] GC(421) Concurrent Mark (32460.970s, 32461.049s) 79.815ms
[2021-05-03T11:15:19.122+0000][7][gc,start    ] GC(421) Pause Remark
[2021-05-03T11:15:19.128+0000][7][gc          ] GC(421) Pause Remark 118M->118M(256M) 5.922ms
[2021-05-03T11:15:19.128+0000][7][gc,cpu      ] GC(421) User=0.02s Sys=0.01s Real=0.00s
[2021-05-03T11:15:19.128+0000][7][safepoint   ] Safepoint "G1Concurrent", Time since last: 81433291 ns, Reaching safepoint: 112299 ns, At safepoint: 6007794 ns, Total: 6120093 ns
[2021-05-03T11:15:19.128+0000][7][gc,marking  ] GC(421) Concurrent Rebuild Remembered Sets
[2021-05-03T11:15:19.185+0000][7][gc,marking  ] GC(421) Concurrent Rebuild Remembered Sets 56.991ms
[2021-05-03T11:15:19.185+0000][7][gc,start    ] GC(421) Pause Cleanup
[2021-05-03T11:15:19.185+0000][7][gc          ] GC(421) Pause Cleanup 118M->118M(256M) 0.084ms
[2021-05-03T11:15:19.185+0000][7][gc,cpu      ] GC(421) User=0.00s Sys=0.00s Real=0.00s
[2021-05-03T11:15:19.185+0000][7][safepoint   ] Safepoint "G1Concurrent", Time since last: 57088854 ns, Reaching safepoint: 125133 ns, At safepoint: 143461 ns, Total: 268594 ns
[2021-05-03T11:15:19.185+0000][7][gc,marking  ] GC(421) Concurrent Cleanup for Next Mark
[2021-05-03T11:15:19.185+0000][7][gc,marking  ] GC(421) Concurrent Cleanup for Next Mark 0.177ms
[2021-05-03T11:15:19.185+0000][7][gc          ] GC(421) Concurrent Cycle 145.108ms
[2021-05-03T11:15:41.193+0000][7][safepoint   ] Safepoint "Cleanup", Time since last: 22007604405 ns, Reaching safepoint: 149206 ns, At safepoint: 6340 ns, Total: 155546 ns
[2021-05-03T11:16:54.867+0000][7][gc,start    ] GC(422) Pause Young (Normal) (G1 Evacuation Pause)
[2021-05-03T11:16:54.867+0000][7][gc,task     ] GC(422) Using 6 workers of 8 for evacuation
[2021-05-03T11:16:54.867+0000][7][gc,age      ] GC(422) Desired survivor size 6291456 bytes, new threshold 15 (max threshold 15)
[2021-05-03T11:16:54.868+0000][7][gc,age      ] GC(422) Age table with threshold 15 (max threshold 15)
[2021-05-03T11:16:54.868+0000][7][gc,age      ] GC(422) - age   1:     817960 bytes,     817960 total
[2021-05-03T11:16:54.868+0000][7][gc,age      ] GC(422) - age   2:       5632 bytes,     823592 total
[2021-05-03T11:16:54.868+0000][7][gc,age      ] GC(422) - age   3:        384 bytes,     823976 total
[2021-05-03T11:16:54.868+0000][7][gc,age      ] GC(422) - age   4:        104 bytes,     824080 total
[2021-05-03T11:16:54.868+0000][7][gc,age      ] GC(422) - age   5:        824 bytes,     824904 total
[2021-05-03T11:16:54.868+0000][7][gc,age      ] GC(422) - age   6:       2024 bytes,     826928 total
[2021-05-03T11:16:54.868+0000][7][gc,age      ] GC(422) - age   7:         64 bytes,     826992 total
[2021-05-03T11:16:54.868+0000][7][gc,age      ] GC(422) - age   8:        264 bytes,     827256 total
[2021-05-03T11:16:54.868+0000][7][gc,age      ] GC(422) - age   9:         96 bytes,     827352 total
[2021-05-03T11:16:54.868+0000][7][gc,age      ] GC(422) - age  10:        216 bytes,     827568 total
[2021-05-03T11:16:54.868+0000][7][gc,age      ] GC(422) - age  11:        680 bytes,     828248 total
[2021-05-03T11:16:54.868+0000][7][gc,age      ] GC(422) - age  12:        224 bytes,     828472 total
[2021-05-03T11:16:54.868+0000][7][gc,age      ] GC(422) - age  14:         72 bytes,     828544 total
[2021-05-03T11:16:54.868+0000][7][gc,age      ] GC(422) - age  15:       1896 bytes,     830440 total
[2021-05-03T11:16:54.868+0000][7][gc,phases   ] GC(422)   Pre Evacuate Collection Set: 0.1ms
[2021-05-03T11:16:54.868+0000][7][gc,phases   ] GC(422)   Merge Heap Roots: 0.0ms
[2021-05-03T11:16:54.868+0000][7][gc,phases   ] GC(422)   Evacuate Collection Set: 1.2ms
[2021-05-03T11:16:54.868+0000][7][gc,phases   ] GC(422)   Post Evacuate Collection Set: 0.3ms
[2021-05-03T11:16:54.869+0000][7][gc,phases   ] GC(422)   Other: 0.3ms
[2021-05-03T11:16:54.869+0000][7][gc,heap     ] GC(422) Eden regions: 21->0(21)
[2021-05-03T11:16:54.869+0000][7][gc,heap     ] GC(422) Survivor regions: 1->1(3)
[2021-05-03T11:16:54.869+0000][7][gc,heap     ] GC(422) Old regions: 27->27
[2021-05-03T11:16:54.869+0000][7][gc,heap     ] GC(422) Archive regions: 2->2
[2021-05-03T11:16:54.869+0000][7][gc,heap     ] GC(422) Humongous regions: 2->2
[2021-05-03T11:16:54.869+0000][7][gc,metaspace] GC(422) Metaspace: 109720K(114512K)->109720K(114512K) NonClass: 95779K(99228K)->95779K(99228K) Class: 13940K(15284K)->13940K(15284K)
[2021-05-03T11:16:54.869+0000][7][gc          ] GC(422) Pause Young (Normal) (G1 Evacuation Pause) 201M->118M(256M) 2.000ms
[2021-05-03T11:16:54.869+0000][7][gc,cpu      ] GC(422) User=0.01s Sys=0.00s Real=0.00s
[2021-05-03T11:16:54.869+0000][7][safepoint   ] Safepoint "G1CollectForAllocation", Time since last: 73673521808 ns, Reaching safepoint: 78350 ns, At safepoint: 2095822 ns, Total: 2174172 ns
[2021-05-03T11:18:42.900+0000][7][safepoint   ] Safepoint "Cleanup", Time since last: 108031159736 ns, Reaching safepoint: 111895 ns, At safepoint: 7910 ns, Total: 119805 ns
[2021-05-03T11:19:12.935+0000][7][gc,start    ] GC(423) Pause Young (Concurrent Start) (G1 Evacuation Pause)
[2021-05-03T11:19:12.935+0000][7][gc,task     ] GC(423) Using 6 workers of 8 for evacuation
[2021-05-03T11:19:12.935+0000][7][gc,age      ] GC(423) Desired survivor size 6291456 bytes, new threshold 15 (max threshold 15)
[2021-05-03T11:19:12.937+0000][7][gc,age      ] GC(423) Age table with threshold 15 (max threshold 15)
[2021-05-03T11:19:12.937+0000][7][gc,age      ] GC(423) - age   1:     506640 bytes,     506640 total
[2021-05-03T11:19:12.937+0000][7][gc,age      ] GC(423) - age   2:     302080 bytes,     808720 total
[2021-05-03T11:19:12.937+0000][7][gc,age      ] GC(423) - age   3:       5240 bytes,     813960 total
[2021-05-03T11:19:12.937+0000][7][gc,age      ] GC(423) - age   4:        384 bytes,     814344 total
[2021-05-03T11:19:12.937+0000][7][gc,age      ] GC(423) - age   5:        104 bytes,     814448 total
[2021-05-03T11:19:12.937+0000][7][gc,age      ] GC(423) - age   6:        824 bytes,     815272 total
[2021-05-03T11:19:12.937+0000][7][gc,age      ] GC(423) - age   7:       2024 bytes,     817296 total
[2021-05-03T11:19:12.937+0000][7][gc,age      ] GC(423) - age   8:         64 bytes,     817360 total
[2021-05-03T11:19:12.937+0000][7][gc,age      ] GC(423) - age   9:         64 bytes,     817424 total
[2021-05-03T11:19:12.937+0000][7][gc,age      ] GC(423) - age  10:         56 bytes,     817480 total
[2021-05-03T11:19:12.937+0000][7][gc,age      ] GC(423) - age  11:        216 bytes,     817696 total
[2021-05-03T11:19:12.937+0000][7][gc,age      ] GC(423) - age  12:        680 bytes,     818376 total
[2021-05-03T11:19:12.937+0000][7][gc,age      ] GC(423) - age  13:        224 bytes,     818600 total
[2021-05-03T11:19:12.937+0000][7][gc,age      ] GC(423) - age  15:         72 bytes,     818672 total
[2021-05-03T11:19:12.937+0000][7][gc,phases   ] GC(423)   Pre Evacuate Collection Set: 0.1ms
[2021-05-03T11:19:12.937+0000][7][gc,phases   ] GC(423)   Merge Heap Roots: 0.0ms
[2021-05-03T11:19:12.937+0000][7][gc,phases   ] GC(423)   Evacuate Collection Set: 0.8ms
[2021-05-03T11:19:12.937+0000][7][gc,phases   ] GC(423)   Post Evacuate Collection Set: 0.6ms
[2021-05-03T11:19:12.937+0000][7][gc,phases   ] GC(423)   Other: 0.3ms
[2021-05-03T11:19:12.937+0000][7][gc,heap     ] GC(423) Eden regions: 21->0(21)
[2021-05-03T11:19:12.937+0000][7][gc,heap     ] GC(423) Survivor regions: 1->1(3)
[2021-05-03T11:19:12.937+0000][7][gc,heap     ] GC(423) Old regions: 27->27
[2021-05-03T11:19:12.937+0000][7][gc,heap     ] GC(423) Archive regions: 2->2
[2021-05-03T11:19:12.937+0000][7][gc,heap     ] GC(423) Humongous regions: 2->2
[2021-05-03T11:19:12.937+0000][7][gc,metaspace] GC(423) Metaspace: 109720K(114512K)->109720K(114512K) NonClass: 95779K(99228K)->95779K(99228K) Class: 13940K(15284K)->13940K(15284K)
[2021-05-03T11:19:12.937+0000][7][gc          ] GC(423) Pause Young (Concurrent Start) (G1 Evacuation Pause) 202M->118M(256M) 1.870ms
[2021-05-03T11:19:12.937+0000][7][gc,cpu      ] GC(423) User=0.01s Sys=0.00s Real=0.00s
[2021-05-03T11:19:12.937+0000][7][safepoint   ] Safepoint "G1CollectForAllocation", Time since last: 30034888705 ns, Reaching safepoint: 178310 ns, At safepoint: 1941956 ns, Total: 2120266 ns
[2021-05-03T11:19:12.937+0000][7][gc          ] GC(424) Concurrent Cycle
[2021-05-03T11:19:12.937+0000][7][gc,marking  ] GC(424) Concurrent Clear Claimed Marks
[2021-05-03T11:19:12.937+0000][7][gc,marking  ] GC(424) Concurrent Clear Claimed Marks 0.054ms
[2021-05-03T11:19:12.937+0000][7][gc,marking  ] GC(424) Concurrent Scan Root Regions
[2021-05-03T11:19:12.938+0000][7][gc,marking  ] GC(424) Concurrent Scan Root Regions 1.398ms
[2021-05-03T11:19:12.938+0000][7][gc,marking  ] GC(424) Concurrent Mark (32694.866s)
[2021-05-03T11:19:12.938+0000][7][gc,marking  ] GC(424) Concurrent Mark From Roots
[2021-05-03T11:19:12.938+0000][7][gc,task     ] GC(424) Using 2 workers of 2 for marking
[2021-05-03T11:19:13.018+0000][7][gc,marking  ] GC(424) Concurrent Mark From Roots 79.943ms
[2021-05-03T11:19:13.018+0000][7][gc,marking  ] GC(424) Concurrent Preclean
[2021-05-03T11:19:13.019+0000][7][gc,marking  ] GC(424) Concurrent Preclean 0.210ms
[2021-05-03T11:19:13.019+0000][7][gc,marking  ] GC(424) Concurrent Mark (32694.866s, 32694.946s) 80.212ms
[2021-05-03T11:19:13.019+0000][7][gc,start    ] GC(424) Pause Remark
[2021-05-03T11:19:13.029+0000][7][gc          ] GC(424) Pause Remark 118M->118M(256M) 10.604ms
[2021-05-03T11:19:13.030+0000][7][gc,cpu      ] GC(424) User=0.06s Sys=0.00s Real=0.01s
[2021-05-03T11:19:13.030+0000][7][safepoint   ] Safepoint "G1Concurrent", Time since last: 81808237 ns, Reaching safepoint: 113116 ns, At safepoint: 10681982 ns, Total: 10795098 ns
[2021-05-03T11:19:13.030+0000][7][gc,marking  ] GC(424) Concurrent Rebuild Remembered Sets
[2021-05-03T11:19:13.082+0000][7][gc,marking  ] GC(424) Concurrent Rebuild Remembered Sets 52.811ms
[2021-05-03T11:19:13.083+0000][7][gc,start    ] GC(424) Pause Cleanup
[2021-05-03T11:19:13.083+0000][7][gc          ] GC(424) Pause Cleanup 118M->118M(256M) 0.067ms
[2021-05-03T11:19:13.083+0000][7][gc,cpu      ] GC(424) User=0.00s Sys=0.00s Real=0.00s
[2021-05-03T11:19:13.083+0000][7][safepoint   ] Safepoint "G1Concurrent", Time since last: 52917729 ns, Reaching safepoint: 110504 ns, At safepoint: 107063 ns, Total: 217567 ns
[2021-05-03T11:19:13.083+0000][7][gc,marking  ] GC(424) Concurrent Cleanup for Next Mark
[2021-05-03T11:19:13.083+0000][7][gc,marking  ] GC(424) Concurrent Cleanup for Next Mark 0.124ms
[2021-05-03T11:19:13.083+0000][7][gc          ] GC(424) Concurrent Cycle 145.858ms
[2021-05-03T11:19:14.083+0000][7][safepoint   ] Safepoint "Cleanup", Time since last: 1000438585 ns, Reaching safepoint: 110552 ns, At safepoint: 5703 ns, Total: 116255 ns
[2021-05-03T11:19:15.084+0000][7][safepoint   ] Safepoint "Cleanup", Time since last: 1000467771 ns, Reaching safepoint: 146310 ns, At safepoint: 5774 ns, Total: 152084 ns
[2021-05-03T11:19:16.084+0000][7][safepoint   ] Safepoint "Cleanup", Time since last: 1000326617 ns, Reaching safepoint: 115572 ns, At safepoint: 5821 ns, Total: 121393 ns
[2021-05-03T11:19:20.085+0000][7][safepoint   ] Safepoint "Cleanup", Time since last: 4000940709 ns, Reaching safepoint: 172951 ns, At safepoint: 5407 ns, Total: 178358 ns
[2021-05-03T11:19:35.089+0000][7][safepoint   ] Safepoint "Cleanup", Time since last: 15003550725 ns, Reaching safepoint: 127992 ns, At safepoint: 6723 ns, Total: 134715 ns
[2021-05-03T11:19:36.089+0000][7][safepoint   ] Safepoint "Cleanup", Time since last: 1000260927 ns, Reaching safepoint: 101833 ns, At safepoint: 5574 ns, Total: 107407 ns
[2021-05-03T11:19:40.090+0000][7][safepoint   ] Safepoint "Cleanup", Time since last: 4000755185 ns, Reaching safepoint: 170091 ns, At safepoint: 7042 ns, Total: 177133 ns
[2021-05-03T11:19:43.092+0000][7][safepoint   ] Safepoint "Cleanup", Time since last: 3001271414 ns, Reaching safepoint: 181905 ns, At safepoint: 6321 ns, Total: 188226 ns
[2021-05-03T11:20:20.102+0000][7][safepoint   ] Safepoint "Cleanup", Time since last: 37009858665 ns, Reaching safepoint: 98797 ns, At safepoint: 4597 ns, Total: 103394 ns
[2021-05-03T11:20:50.111+0000][7][safepoint   ] Safepoint "Cleanup", Time since last: 30008683769 ns, Reaching safepoint: 86865 ns, At safepoint: 4953 ns, Total: 91818 ns
[2021-05-03T11:21:15.693+0000][7][gc,start    ] GC(425) Pause Young (Normal) (G1 Evacuation Pause)
[2021-05-03T11:21:15.693+0000][7][gc,task     ] GC(425) Using 6 workers of 8 for evacuation
[2021-05-03T11:21:15.693+0000][7][gc,age      ] GC(425) Desired survivor size 6291456 bytes, new threshold 15 (max threshold 15)
[2021-05-03T11:21:15.694+0000][7][gc,age      ] GC(425) Age table with threshold 15 (max threshold 15)
[2021-05-03T11:21:15.694+0000][7][gc,age      ] GC(425) - age   1:     906320 bytes,     906320 total
[2021-05-03T11:21:15.695+0000][7][gc,age      ] GC(425) - age   2:        696 bytes,     907016 total
[2021-05-03T11:21:15.695+0000][7][gc,age      ] GC(425) - age   3:     180696 bytes,    1087712 total
[2021-05-03T11:21:15.695+0000][7][gc,age      ] GC(425) - age   4:       5128 bytes,    1092840 total
[2021-05-03T11:21:15.695+0000][7][gc,age      ] GC(425) - age   5:        384 bytes,    1093224 total
[2021-05-03T11:21:15.695+0000][7][gc,age      ] GC(425) - age   6:        104 bytes,    1093328 total
[2021-05-03T11:21:15.695+0000][7][gc,age      ] GC(425) - age   7:        824 bytes,    1094152 total
[2021-05-03T11:21:15.695+0000][7][gc,age      ] GC(425) - age   8:       2024 bytes,    1096176 total
[2021-05-03T11:21:15.695+0000][7][gc,age      ] GC(425) - age   9:         64 bytes,    1096240 total
[2021-05-03T11:21:15.695+0000][7][gc,age      ] GC(425) - age  10:         64 bytes,    1096304 total
[2021-05-03T11:21:15.695+0000][7][gc,age      ] GC(425) - age  11:         56 bytes,    1096360 total
[2021-05-03T11:21:15.695+0000][7][gc,age      ] GC(425) - age  12:        216 bytes,    1096576 total
[2021-05-03T11:21:15.695+0000][7][gc,age      ] GC(425) - age  13:        584 bytes,    1097160 total
[2021-05-03T11:21:15.695+0000][7][gc,age      ] GC(425) - age  14:        224 bytes,    1097384 total
[2021-05-03T11:21:15.695+0000][7][gc,phases   ] GC(425)   Pre Evacuate Collection Set: 0.1ms
[2021-05-03T11:21:15.695+0000][7][gc,phases   ] GC(425)   Merge Heap Roots: 0.0ms
[2021-05-03T11:21:15.695+0000][7][gc,phases   ] GC(425)   Evacuate Collection Set: 0.7ms
[2021-05-03T11:21:15.695+0000][7][gc,phases   ] GC(425)   Post Evacuate Collection Set: 0.7ms
[2021-05-03T11:21:15.695+0000][7][gc,phases   ] GC(425)   Other: 0.2ms
[2021-05-03T11:21:15.695+0000][7][gc,heap     ] GC(425) Eden regions: 21->0(21)
[2021-05-03T11:21:15.695+0000][7][gc,heap     ] GC(425) Survivor regions: 1->1(3)
[2021-05-03T11:21:15.695+0000][7][gc,heap     ] GC(425) Old regions: 27->27
[2021-05-03T11:21:15.695+0000][7][gc,heap     ] GC(425) Archive regions: 2->2
[2021-05-03T11:21:15.695+0000][7][gc,heap     ] GC(425) Humongous regions: 2->2
[2021-05-03T11:21:15.695+0000][7][gc,metaspace] GC(425) Metaspace: 109708K(114512K)->109708K(114512K) NonClass: 95769K(99228K)->95769K(99228K) Class: 13938K(15284K)->13938K(15284K)
[2021-05-03T11:21:15.695+0000][7][gc          ] GC(425) Pause Young (Normal) (G1 Evacuation Pause) 202M->118M(256M) 1.729ms
[2021-05-03T11:21:15.695+0000][7][gc,cpu      ] GC(425) User=0.00s Sys=0.00s Real=0.00s
[2021-05-03T11:21:15.695+0000][7][safepoint   ] Safepoint "G1CollectForAllocation", Time since last: 25582092351 ns, Reaching safepoint: 214609 ns, At safepoint: 1790688 ns, Total: 2005297 ns
[2021-05-03T11:21:36.699+0000][7][safepoint   ] Safepoint "Cleanup", Time since last: 21004539277 ns, Reaching safepoint: 86749 ns, At safepoint: 5768 ns, Total: 92517 ns
[2021-05-03T11:21:42.701+0000][7][safepoint   ] Safepoint "Cleanup", Time since last: 6001216109 ns, Reaching safepoint: 104138 ns, At safepoint: 5638 ns, Total: 109776 ns
[2021-05-03T11:21:55.705+0000][7][safepoint   ] Safepoint "Cleanup", Time since last: 13004150201 ns, Reaching safepoint: 94907 ns, At safepoint: 6091 ns, Total: 100998 ns
[2021-05-03T11:23:25.704+0000][7][gc,start    ] GC(426) Pause Young (Concurrent Start) (G1 Evacuation Pause)
[2021-05-03T11:23:25.704+0000][7][gc,task     ] GC(426) Using 6 workers of 8 for evacuation
[2021-05-03T11:23:25.705+0000][7][gc,age      ] GC(426) Desired survivor size 6291456 bytes, new threshold 15 (max threshold 15)
[2021-05-03T11:23:25.706+0000][7][gc,age      ] GC(426) Age table with threshold 15 (max threshold 15)
[2021-05-03T11:23:25.706+0000][7][gc,age      ] GC(426) - age   1:     510200 bytes,     510200 total
[2021-05-03T11:23:25.706+0000][7][gc,age      ] GC(426) - age   2:     392488 bytes,     902688 total
[2021-05-03T11:23:25.706+0000][7][gc,age      ] GC(426) - age   3:        696 bytes,     903384 total
[2021-05-03T11:23:25.706+0000][7][gc,age      ] GC(426) - age   4:     180696 bytes,    1084080 total
[2021-05-03T11:23:25.706+0000][7][gc,age      ] GC(426) - age   5:       5080 bytes,    1089160 total
[2021-05-03T11:23:25.706+0000][7][gc,age      ] GC(426) - age   6:        264 bytes,    1089424 total
[2021-05-03T11:23:25.706+0000][7][gc,age      ] GC(426) - age   7:        104 bytes,    1089528 total
[2021-05-03T11:23:25.706+0000][7][gc,age      ] GC(426) - age   8:        584 bytes,    1090112 total
[2021-05-03T11:23:25.706+0000][7][gc,age      ] GC(426) - age   9:       2024 bytes,    1092136 total
[2021-05-03T11:23:25.706+0000][7][gc,age      ] GC(426) - age  10:         64 bytes,    1092200 total
[2021-05-03T11:23:25.706+0000][7][gc,age      ] GC(426) - age  12:         56 bytes,    1092256 total
[2021-05-03T11:23:25.706+0000][7][gc,age      ] GC(426) - age  13:        216 bytes,    1092472 total
[2021-05-03T11:23:25.706+0000][7][gc,age      ] GC(426) - age  14:        584 bytes,    1093056 total
[2021-05-03T11:23:25.706+0000][7][gc,age      ] GC(426) - age  15:        224 bytes,    1093280 total
[2021-05-03T11:23:25.706+0000][7][gc,phases   ] GC(426)   Pre Evacuate Collection Set: 0.1ms
[2021-05-03T11:23:25.706+0000][7][gc,phases   ] GC(426)   Merge Heap Roots: 0.0ms
[2021-05-03T11:23:25.706+0000][7][gc,phases   ] GC(426)   Evacuate Collection Set: 1.0ms
[2021-05-03T11:23:25.706+0000][7][gc,phases   ] GC(426)   Post Evacuate Collection Set: 0.4ms
[2021-05-03T11:23:25.706+0000][7][gc,phases   ] GC(426)   Other: 0.2ms
[2021-05-03T11:23:25.706+0000][7][gc,heap     ] GC(426) Eden regions: 21->0(21)
[2021-05-03T11:23:25.706+0000][7][gc,heap     ] GC(426) Survivor regions: 1->1(3)
[2021-05-03T11:23:25.706+0000][7][gc,heap     ] GC(426) Old regions: 27->27
[2021-05-03T11:23:25.706+0000][7][gc,heap     ] GC(426) Archive regions: 2->2
[2021-05-03T11:23:25.706+0000][7][gc,heap     ] GC(426) Humongous regions: 2->2
[2021-05-03T11:23:25.706+0000][7][gc,metaspace] GC(426) Metaspace: 109720K(114512K)->109720K(114512K) NonClass: 95779K(99228K)->95779K(99228K) Class: 13940K(15284K)->13940K(15284K)
[2021-05-03T11:23:25.706+0000][7][gc          ] GC(426) Pause Young (Concurrent Start) (G1 Evacuation Pause) 202M->118M(256M) 1.824ms
[2021-05-03T11:23:25.706+0000][7][gc,cpu      ] GC(426) User=0.01s Sys=0.00s Real=0.00s
[2021-05-03T11:23:25.706+0000][7][safepoint   ] Safepoint "G1CollectForAllocation", Time since last: 89999424322 ns, Reaching safepoint: 100863 ns, At safepoint: 1884519 ns, Total: 1985382 ns
[2021-05-03T11:23:25.706+0000][7][gc          ] GC(427) Concurrent Cycle
[2021-05-03T11:23:25.706+0000][7][gc,marking  ] GC(427) Concurrent Clear Claimed Marks
[2021-05-03T11:23:25.706+0000][7][gc,marking  ] GC(427) Concurrent Clear Claimed Marks 0.059ms
[2021-05-03T11:23:25.706+0000][7][gc,marking  ] GC(427) Concurrent Scan Root Regions
[2021-05-03T11:23:25.708+0000][7][gc,marking  ] GC(427) Concurrent Scan Root Regions 1.374ms
[2021-05-03T11:23:25.708+0000][7][gc,marking  ] GC(427) Concurrent Mark (32947.635s)
[2021-05-03T11:23:25.708+0000][7][gc,marking  ] GC(427) Concurrent Mark From Roots
[2021-05-03T11:23:25.708+0000][7][gc,task     ] GC(427) Using 2 workers of 2 for marking
[2021-05-03T11:23:25.788+0000][7][gc,marking  ] GC(427) Concurrent Mark From Roots 79.745ms
[2021-05-03T11:23:25.788+0000][7][gc,marking  ] GC(427) Concurrent Preclean
[2021-05-03T11:23:25.788+0000][7][gc,marking  ] GC(427) Concurrent Preclean 0.248ms
[2021-05-03T11:23:25.788+0000][7][gc,marking  ] GC(427) Concurrent Mark (32947.635s, 32947.716s) 80.045ms
[2021-05-03T11:23:25.788+0000][7][gc,start    ] GC(427) Pause Remark
[2021-05-03T11:23:25.794+0000][7][gc          ] GC(427) Pause Remark 118M->118M(256M) 5.695ms
[2021-05-03T11:23:25.794+0000][7][gc,cpu      ] GC(427) User=0.03s Sys=0.00s Real=0.01s
[2021-05-03T11:23:25.794+0000][7][safepoint   ] Safepoint "G1Concurrent", Time since last: 81622044 ns, Reaching safepoint: 88600 ns, At safepoint: 5777231 ns, Total: 5865831 ns
[2021-05-03T11:23:25.794+0000][7][gc,marking  ] GC(427) Concurrent Rebuild Remembered Sets
[2021-05-03T11:23:25.847+0000][7][gc,marking  ] GC(427) Concurrent Rebuild Remembered Sets 52.881ms
[2021-05-03T11:23:25.847+0000][7][gc,start    ] GC(427) Pause Cleanup
[2021-05-03T11:23:25.847+0000][7][gc          ] GC(427) Pause Cleanup 118M->118M(256M) 0.070ms
[2021-05-03T11:23:25.847+0000][7][gc,cpu      ] GC(427) User=0.00s Sys=0.00s Real=0.00s
[2021-05-03T11:23:25.847+0000][7][safepoint   ] Safepoint "G1Concurrent", Time since last: 53003628 ns, Reaching safepoint: 103874 ns, At safepoint: 111820 ns, Total: 215694 ns
[2021-05-03T11:23:25.847+0000][7][gc,marking  ] GC(427) Concurrent Cleanup for Next Mark
[2021-05-03T11:23:25.847+0000][7][gc,marking  ] GC(427) Concurrent Cleanup for Next Mark 0.201ms
[2021-05-03T11:23:25.847+0000][7][gc          ] GC(427) Concurrent Cycle 140.962ms
[2021-05-03T11:25:34.281+0000][7][gc,start    ] GC(428) Pause Young (Normal) (G1 Evacuation Pause)
[2021-05-03T11:25:34.281+0000][7][gc,task     ] GC(428) Using 6 workers of 8 for evacuation
[2021-05-03T11:25:34.281+0000][7][gc,age      ] GC(428) Desired survivor size 6291456 bytes, new threshold 15 (max threshold 15)
[2021-05-03T11:25:34.283+0000][7][gc,age      ] GC(428) Age table with threshold 15 (max threshold 15)
[2021-05-03T11:25:34.283+0000][7][gc,age      ] GC(428) - age   1:     515560 bytes,     515560 total
[2021-05-03T11:25:34.283+0000][7][gc,age      ] GC(428) - age   2:       4160 bytes,     519720 total
[2021-05-03T11:25:34.283+0000][7][gc,age      ] GC(428) - age   3:     392120 bytes,     911840 total
[2021-05-03T11:25:34.283+0000][7][gc,age      ] GC(428) - age   4:        576 bytes,     912416 total
[2021-05-03T11:25:34.283+0000][7][gc,age      ] GC(428) - age   5:     180312 bytes,    1092728 total
[2021-05-03T11:25:34.283+0000][7][gc,age      ] GC(428) - age   6:       2584 bytes,    1095312 total
[2021-05-03T11:25:34.283+0000][7][gc,age      ] GC(428) - age   7:        264 bytes,    1095576 total
[2021-05-03T11:25:34.283+0000][7][gc,age      ] GC(428) - age   8:        104 bytes,    1095680 total
[2021-05-03T11:25:34.283+0000][7][gc,age      ] GC(428) - age   9:        584 bytes,    1096264 total
[2021-05-03T11:25:34.283+0000][7][gc,age      ] GC(428) - age  10:       2024 bytes,    1098288 total
[2021-05-03T11:25:34.283+0000][7][gc,age      ] GC(428) - age  11:         64 bytes,    1098352 total
[2021-05-03T11:25:34.283+0000][7][gc,age      ] GC(428) - age  13:         56 bytes,    1098408 total
[2021-05-03T11:25:34.283+0000][7][gc,age      ] GC(428) - age  14:        216 bytes,    1098624 total
[2021-05-03T11:25:34.283+0000][7][gc,age      ] GC(428) - age  15:        544 bytes,    1099168 total
[2021-05-03T11:25:34.283+0000][7][gc,phases   ] GC(428)   Pre Evacuate Collection Set: 0.1ms
[2021-05-03T11:25:34.283+0000][7][gc,phases   ] GC(428)   Merge Heap Roots: 0.0ms
[2021-05-03T11:25:34.283+0000][7][gc,phases   ] GC(428)   Evacuate Collection Set: 0.9ms
[2021-05-03T11:25:34.283+0000][7][gc,phases   ] GC(428)   Post Evacuate Collection Set: 0.7ms
[2021-05-03T11:25:34.283+0000][7][gc,phases   ] GC(428)   Other: 0.2ms
[2021-05-03T11:25:34.283+0000][7][gc,heap     ] GC(428) Eden regions: 21->0(21)
[2021-05-03T11:25:34.283+0000][7][gc,heap     ] GC(428) Survivor regions: 1->1(3)
[2021-05-03T11:25:34.283+0000][7][gc,heap     ] GC(428) Old regions: 27->27
[2021-05-03T11:25:34.283+0000][7][gc,heap     ] GC(428) Archive regions: 2->2
[2021-05-03T11:25:34.283+0000][7][gc,heap     ] GC(428) Humongous regions: 2->2
[2021-05-03T11:25:34.283+0000][7][gc,metaspace] GC(428) Metaspace: 109720K(114512K)->109720K(114512K) NonClass: 95779K(99228K)->95779K(99228K) Class: 13940K(15284K)->13940K(15284K)
[2021-05-03T11:25:34.283+0000][7][gc          ] GC(428) Pause Young (Normal) (G1 Evacuation Pause) 202M->118M(256M) 1.864ms
[2021-05-03T11:25:34.283+0000][7][gc,cpu      ] GC(428) User=0.01s Sys=0.00s Real=0.00s
[2021-05-03T11:25:34.283+0000][7][safepoint   ] Safepoint "G1CollectForAllocation", Time since last: 128433692112 ns, Reaching safepoint: 117592 ns, At safepoint: 1927891 ns, Total: 2045483 ns
[2021-05-03T11:25:41.285+0000][7][safepoint   ] Safepoint "Cleanup", Time since last: 7002261016 ns, Reaching safepoint: 260740 ns, At safepoint: 6827 ns, Total: 267567 ns
[2021-05-03T11:27:15.715+0000][7][gc,start    ] GC(429) Pause Young (Concurrent Start) (G1 Evacuation Pause)
[2021-05-03T11:27:15.715+0000][7][gc,task     ] GC(429) Using 6 workers of 8 for evacuation
[2021-05-03T11:27:15.715+0000][7][gc,age      ] GC(429) Desired survivor size 6291456 bytes, new threshold 15 (max threshold 15)
[2021-05-03T11:27:15.717+0000][7][gc,age      ] GC(429) Age table with threshold 15 (max threshold 15)
[2021-05-03T11:27:15.717+0000][7][gc,age      ] GC(429) - age   1:     779576 bytes,     779576 total
[2021-05-03T11:27:15.717+0000][7][gc,age      ] GC(429) - age   2:       3488 bytes,     783064 total
[2021-05-03T11:27:15.717+0000][7][gc,age      ] GC(429) - age   3:       3528 bytes,     786592 total
[2021-05-03T11:27:15.717+0000][7][gc,age      ] GC(429) - age   4:     391920 bytes,    1178512 total
[2021-05-03T11:27:15.717+0000][7][gc,age      ] GC(429) - age   5:        288 bytes,    1178800 total
[2021-05-03T11:27:15.717+0000][7][gc,age      ] GC(429) - age   6:       5432 bytes,    1184232 total
[2021-05-03T11:27:15.717+0000][7][gc,age      ] GC(429) - age   7:       2584 bytes,    1186816 total
[2021-05-03T11:27:15.717+0000][7][gc,age      ] GC(429) - age   8:        264 bytes,    1187080 total
[2021-05-03T11:27:15.717+0000][7][gc,age      ] GC(429) - age   9:        104 bytes,    1187184 total
[2021-05-03T11:27:15.717+0000][7][gc,age      ] GC(429) - age  10:        584 bytes,    1187768 total
[2021-05-03T11:27:15.717+0000][7][gc,age      ] GC(429) - age  11:       1048 bytes,    1188816 total
[2021-05-03T11:27:15.717+0000][7][gc,age      ] GC(429) - age  12:         64 bytes,    1188880 total
[2021-05-03T11:27:15.717+0000][7][gc,age      ] GC(429) - age  14:         56 bytes,    1188936 total
[2021-05-03T11:27:15.717+0000][7][gc,age      ] GC(429) - age  15:        216 bytes,    1189152 total
[2021-05-03T11:27:15.717+0000][7][gc,phases   ] GC(429)   Pre Evacuate Collection Set: 0.1ms
[2021-05-03T11:27:15.717+0000][7][gc,phases   ] GC(429)   Merge Heap Roots: 0.0ms
[2021-05-03T11:27:15.717+0000][7][gc,phases   ] GC(429)   Evacuate Collection Set: 1.1ms
[2021-05-03T11:27:15.717+0000][7][gc,phases   ] GC(429)   Post Evacuate Collection Set: 0.7ms
[2021-05-03T11:27:15.717+0000][7][gc,phases   ] GC(429)   Other: 0.2ms
[2021-05-03T11:27:15.717+0000][7][gc,heap     ] GC(429) Eden regions: 21->0(21)
[2021-05-03T11:27:15.717+0000][7][gc,heap     ] GC(429) Survivor regions: 1->1(3)
[2021-05-03T11:27:15.717+0000][7][gc,heap     ] GC(429) Old regions: 27->27
[2021-05-03T11:27:15.717+0000][7][gc,heap     ] GC(429) Archive regions: 2->2
[2021-05-03T11:27:15.717+0000][7][gc,heap     ] GC(429) Humongous regions: 2->2
[2021-05-03T11:27:15.717+0000][7][gc,metaspace] GC(429) Metaspace: 109741K(114512K)->109741K(114512K) NonClass: 95800K(99228K)->95800K(99228K) Class: 13940K(15284K)->13940K(15284K)
[2021-05-03T11:27:15.717+0000][7][gc          ] GC(429) Pause Young (Concurrent Start) (G1 Evacuation Pause) 202M->118M(256M) 2.216ms
[2021-05-03T11:27:15.717+0000][7][gc,cpu      ] GC(429) User=0.01s Sys=0.00s Real=0.00s
[2021-05-03T11:27:15.717+0000][7][safepoint   ] Safepoint "G1CollectForAllocation", Time since last: 94429268048 ns, Reaching safepoint: 168440 ns, At safepoint: 2283950 ns, Total: 2452390 ns
[2021-05-03T11:27:15.717+0000][7][gc          ] GC(430) Concurrent Cycle
[2021-05-03T11:27:15.717+0000][7][gc,marking  ] GC(430) Concurrent Clear Claimed Marks
[2021-05-03T11:27:15.717+0000][7][gc,marking  ] GC(430) Concurrent Clear Claimed Marks 0.035ms
[2021-05-03T11:27:15.717+0000][7][gc,marking  ] GC(430) Concurrent Scan Root Regions
[2021-05-03T11:27:15.718+0000][7][gc,marking  ] GC(430) Concurrent Scan Root Regions 1.386ms
[2021-05-03T11:27:15.718+0000][7][gc,marking  ] GC(430) Concurrent Mark (33177.646s)
[2021-05-03T11:27:15.718+0000][7][gc,marking  ] GC(430) Concurrent Mark From Roots
[2021-05-03T11:27:15.718+0000][7][gc,task     ] GC(430) Using 2 workers of 2 for marking
[2021-05-03T11:27:15.798+0000][7][gc,marking  ] GC(430) Concurrent Mark From Roots 79.831ms
[2021-05-03T11:27:15.798+0000][7][gc,marking  ] GC(430) Concurrent Preclean
[2021-05-03T11:27:15.799+0000][7][gc,marking  ] GC(430) Concurrent Preclean 0.216ms
[2021-05-03T11:27:15.799+0000][7][gc,marking  ] GC(430) Concurrent Mark (33177.646s, 33177.726s) 80.109ms
[2021-05-03T11:27:15.799+0000][7][gc,start    ] GC(430) Pause Remark
[2021-05-03T11:27:15.805+0000][7][gc          ] GC(430) Pause Remark 118M->118M(256M) 5.827ms
[2021-05-03T11:27:15.805+0000][7][gc,cpu      ] GC(430) User=0.03s Sys=0.00s Real=0.01s
[2021-05-03T11:27:15.805+0000][7][safepoint   ] Safepoint "G1Concurrent", Time since last: 81604234 ns, Reaching safepoint: 82687 ns, At safepoint: 5905881 ns, Total: 5988568 ns
[2021-05-03T11:27:15.805+0000][7][gc,marking  ] GC(430) Concurrent Rebuild Remembered Sets
[2021-05-03T11:27:15.858+0000][7][gc,marking  ] GC(430) Concurrent Rebuild Remembered Sets 52.982ms
[2021-05-03T11:27:15.858+0000][7][gc,start    ] GC(430) Pause Cleanup
[2021-05-03T11:27:15.858+0000][7][gc          ] GC(430) Pause Cleanup 118M->118M(256M) 0.069ms
[2021-05-03T11:27:15.858+0000][7][gc,cpu      ] GC(430) User=0.00s Sys=0.00s Real=0.00s
[2021-05-03T11:27:15.858+0000][7][safepoint   ] Safepoint "G1Concurrent", Time since last: 53133233 ns, Reaching safepoint: 145239 ns, At safepoint: 109890 ns, Total: 255129 ns
[2021-05-03T11:27:15.858+0000][7][gc,marking  ] GC(430) Concurrent Cleanup for Next Mark
[2021-05-03T11:27:15.858+0000][7][gc,marking  ] GC(430) Concurrent Cleanup for Next Mark 0.197ms
[2021-05-03T11:27:15.858+0000][7][gc          ] GC(430) Concurrent Cycle 141.254ms
[2021-05-03T11:29:27.551+0000][7][gc,start    ] GC(431) Pause Young (Normal) (G1 Evacuation Pause)
[2021-05-03T11:29:27.551+0000][7][gc,task     ] GC(431) Using 6 workers of 8 for evacuation
[2021-05-03T11:29:27.551+0000][7][gc,age      ] GC(431) Desired survivor size 6291456 bytes, new threshold 15 (max threshold 15)
[2021-05-03T11:29:27.552+0000][7][gc,age      ] GC(431) Age table with threshold 15 (max threshold 15)
[2021-05-03T11:29:27.552+0000][7][gc,age      ] GC(431) - age   1:     517288 bytes,     517288 total
[2021-05-03T11:29:27.552+0000][7][gc,age      ] GC(431) - age   2:     273216 bytes,     790504 total
[2021-05-03T11:29:27.552+0000][7][gc,age      ] GC(431) - age   3:       3320 bytes,     793824 total
[2021-05-03T11:29:27.552+0000][7][gc,age      ] GC(431) - age   4:       3368 bytes,     797192 total
[2021-05-03T11:29:27.552+0000][7][gc,age      ] GC(431) - age   5:     391920 bytes,    1189112 total
[2021-05-03T11:29:27.552+0000][7][gc,age      ] GC(431) - age   6:        288 bytes,    1189400 total
[2021-05-03T11:29:27.552+0000][7][gc,age      ] GC(431) - age   7:       5432 bytes,    1194832 total
[2021-05-03T11:29:27.552+0000][7][gc,age      ] GC(431) - age   8:       2584 bytes,    1197416 total
[2021-05-03T11:29:27.552+0000][7][gc,age      ] GC(431) - age   9:        264 bytes,    1197680 total
[2021-05-03T11:29:27.552+0000][7][gc,age      ] GC(431) - age  10:        104 bytes,    1197784 total
[2021-05-03T11:29:27.552+0000][7][gc,age      ] GC(431) - age  11:        584 bytes,    1198368 total
[2021-05-03T11:29:27.552+0000][7][gc,age      ] GC(431) - age  12:       1024 bytes,    1199392 total
[2021-05-03T11:29:27.552+0000][7][gc,age      ] GC(431) - age  13:         64 bytes,    1199456 total
[2021-05-03T11:29:27.552+0000][7][gc,age      ] GC(431) - age  15:         56 bytes,    1199512 total
[2021-05-03T11:29:27.552+0000][7][gc,phases   ] GC(431)   Pre Evacuate Collection Set: 0.0ms
[2021-05-03T11:29:27.552+0000][7][gc,phases   ] GC(431)   Merge Heap Roots: 0.0ms
[2021-05-03T11:29:27.552+0000][7][gc,phases   ] GC(431)   Evacuate Collection Set: 0.7ms
[2021-05-03T11:29:27.552+0000][7][gc,phases   ] GC(431)   Post Evacuate Collection Set: 0.3ms
[2021-05-03T11:29:27.552+0000][7][gc,phases   ] GC(431)   Other: 0.2ms
[2021-05-03T11:29:27.552+0000][7][gc,heap     ] GC(431) Eden regions: 21->0(21)
[2021-05-03T11:29:27.552+0000][7][gc,heap     ] GC(431) Survivor regions: 1->1(3)
[2021-05-03T11:29:27.552+0000][7][gc,heap     ] GC(431) Old regions: 27->27
[2021-05-03T11:29:27.552+0000][7][gc,heap     ] GC(431) Archive regions: 2->2
[2021-05-03T11:29:27.552+0000][7][gc,heap     ] GC(431) Humongous regions: 2->2
[2021-05-03T11:29:27.552+0000][7][gc,metaspace] GC(431) Metaspace: 109741K(114512K)->109741K(114512K) NonClass: 95800K(99228K)->95800K(99228K) Class: 13940K(15284K)->13940K(15284K)
[2021-05-03T11:29:27.552+0000][7][gc          ] GC(431) Pause Young (Normal) (G1 Evacuation Pause) 202M->118M(256M) 1.435ms
[2021-05-03T11:29:27.552+0000][7][gc,cpu      ] GC(431) User=0.00s Sys=0.01s Real=0.01s
[2021-05-03T11:29:27.552+0000][7][safepoint   ] Safepoint "G1CollectForAllocation", Time since last: 131692593498 ns, Reaching safepoint: 140723 ns, At safepoint: 1490408 ns, Total: 1631131 ns
[2021-05-03T11:31:34.428+0000][7][gc,start    ] GC(432) Pause Young (Concurrent Start) (G1 Evacuation Pause)
[2021-05-03T11:31:34.428+0000][7][gc,task     ] GC(432) Using 6 workers of 8 for evacuation
[2021-05-03T11:31:34.428+0000][7][gc,age      ] GC(432) Desired survivor size 6291456 bytes, new threshold 15 (max threshold 15)
[2021-05-03T11:31:34.430+0000][7][gc,age      ] GC(432) Age table with threshold 15 (max threshold 15)
[2021-05-03T11:31:34.430+0000][7][gc,age      ] GC(432) - age   1:     514024 bytes,     514024 total
[2021-05-03T11:31:34.430+0000][7][gc,age      ] GC(432) - age   2:        672 bytes,     514696 total
[2021-05-03T11:31:34.430+0000][7][gc,age      ] GC(432) - age   3:     151944 bytes,     666640 total
[2021-05-03T11:31:34.430+0000][7][gc,age      ] GC(432) - age   4:       3144 bytes,     669784 total
[2021-05-03T11:31:34.430+0000][7][gc,age      ] GC(432) - age   5:       3368 bytes,     673152 total
[2021-05-03T11:31:34.430+0000][7][gc,age      ] GC(432) - age   6:     391920 bytes,    1065072 total
[2021-05-03T11:31:34.430+0000][7][gc,age      ] GC(432) - age   7:        288 bytes,    1065360 total
[2021-05-03T11:31:34.430+0000][7][gc,age      ] GC(432) - age   8:       5432 bytes,    1070792 total
[2021-05-03T11:31:34.430+0000][7][gc,age      ] GC(432) - age   9:       2376 bytes,    1073168 total
[2021-05-03T11:31:34.430+0000][7][gc,age      ] GC(432) - age  10:        264 bytes,    1073432 total
[2021-05-03T11:31:34.430+0000][7][gc,age      ] GC(432) - age  11:        104 bytes,    1073536 total
[2021-05-03T11:31:34.430+0000][7][gc,age      ] GC(432) - age  12:        584 bytes,    1074120 total
[2021-05-03T11:31:34.430+0000][7][gc,age      ] GC(432) - age  13:       1024 bytes,    1075144 total
[2021-05-03T11:31:34.430+0000][7][gc,age      ] GC(432) - age  14:         64 bytes,    1075208 total
[2021-05-03T11:31:34.430+0000][7][gc,phases   ] GC(432)   Pre Evacuate Collection Set: 0.1ms
[2021-05-03T11:31:34.430+0000][7][gc,phases   ] GC(432)   Merge Heap Roots: 0.0ms
[2021-05-03T11:31:34.430+0000][7][gc,phases   ] GC(432)   Evacuate Collection Set: 0.8ms
[2021-05-03T11:31:34.430+0000][7][gc,phases   ] GC(432)   Post Evacuate Collection Set: 0.6ms
[2021-05-03T11:31:34.430+0000][7][gc,phases   ] GC(432)   Other: 0.3ms
[2021-05-03T11:31:34.430+0000][7][gc,heap     ] GC(432) Eden regions: 21->0(21)
[2021-05-03T11:31:34.430+0000][7][gc,heap     ] GC(432) Survivor regions: 1->1(3)
[2021-05-03T11:31:34.430+0000][7][gc,heap     ] GC(432) Old regions: 27->27
[2021-05-03T11:31:34.430+0000][7][gc,heap     ] GC(432) Archive regions: 2->2
[2021-05-03T11:31:34.430+0000][7][gc,heap     ] GC(432) Humongous regions: 2->2
[2021-05-03T11:31:34.430+0000][7][gc,metaspace] GC(432) Metaspace: 109741K(114512K)->109741K(114512K) NonClass: 95800K(99228K)->95800K(99228K) Class: 13940K(15284K)->13940K(15284K)
[2021-05-03T11:31:34.430+0000][7][gc          ] GC(432) Pause Young (Concurrent Start) (G1 Evacuation Pause) 202M->118M(256M) 1.900ms
[2021-05-03T11:31:34.430+0000][7][gc,cpu      ] GC(432) User=0.01s Sys=0.00s Real=0.00s
[2021-05-03T11:31:34.430+0000][7][gc          ] GC(433) Concurrent Cycle
[2021-05-03T11:31:34.430+0000][7][safepoint   ] Safepoint "G1CollectForAllocation", Time since last: 126875973709 ns, Reaching safepoint: 118528 ns, At safepoint: 1972357 ns, Total: 2090885 ns
[2021-05-03T11:31:34.430+0000][7][gc,marking  ] GC(433) Concurrent Clear Claimed Marks
[2021-05-03T11:31:34.430+0000][7][gc,marking  ] GC(433) Concurrent Clear Claimed Marks 0.084ms
[2021-05-03T11:31:34.430+0000][7][gc,marking  ] GC(433) Concurrent Scan Root Regions
[2021-05-03T11:31:34.432+0000][7][gc,marking  ] GC(433) Concurrent Scan Root Regions 1.498ms
[2021-05-03T11:31:34.432+0000][7][gc,marking  ] GC(433) Concurrent Mark (33436.360s)
[2021-05-03T11:31:34.432+0000][7][gc,marking  ] GC(433) Concurrent Mark From Roots
[2021-05-03T11:31:34.432+0000][7][gc,task     ] GC(433) Using 2 workers of 2 for marking
[2021-05-03T11:31:34.511+0000][7][gc,marking  ] GC(433) Concurrent Mark From Roots 79.247ms
[2021-05-03T11:31:34.511+0000][7][gc,marking  ] GC(433) Concurrent Preclean
[2021-05-03T11:31:34.511+0000][7][gc,marking  ] GC(433) Concurrent Preclean 0.210ms
[2021-05-03T11:31:34.511+0000][7][gc,marking  ] GC(433) Concurrent Mark (33436.360s, 33436.439s) 79.508ms
[2021-05-03T11:31:34.512+0000][7][gc,start    ] GC(433) Pause Remark
[2021-05-03T11:31:34.517+0000][7][gc          ] GC(433) Pause Remark 119M->119M(256M) 5.569ms
[2021-05-03T11:31:34.517+0000][7][gc,cpu      ] GC(433) User=0.03s Sys=0.00s Real=0.01s
[2021-05-03T11:31:34.517+0000][7][safepoint   ] Safepoint "G1Concurrent", Time since last: 81166949 ns, Reaching safepoint: 108877 ns, At safepoint: 5644465 ns, Total: 5753342 ns
[2021-05-03T11:31:34.517+0000][7][gc,marking  ] GC(433) Concurrent Rebuild Remembered Sets
[2021-05-03T11:31:34.570+0000][7][gc,marking  ] GC(433) Concurrent Rebuild Remembered Sets 53.042ms
[2021-05-03T11:31:34.570+0000][7][gc,start    ] GC(433) Pause Cleanup
[2021-05-03T11:31:34.571+0000][7][gc          ] GC(433) Pause Cleanup 119M->119M(256M) 0.070ms
[2021-05-03T11:31:34.571+0000][7][gc,cpu      ] GC(433) User=0.00s Sys=0.00s Real=0.00s
[2021-05-03T11:31:34.571+0000][7][safepoint   ] Safepoint "G1Concurrent", Time since last: 53145708 ns, Reaching safepoint: 106235 ns, At safepoint: 110610 ns, Total: 216845 ns
[2021-05-03T11:31:34.571+0000][7][gc,marking  ] GC(433) Concurrent Cleanup for Next Mark
[2021-05-03T11:31:34.571+0000][7][gc,marking  ] GC(433) Concurrent Cleanup for Next Mark 0.177ms
[2021-05-03T11:31:34.571+0000][7][gc          ] GC(433) Concurrent Cycle 140.532ms
[2021-05-03T11:33:42.603+0000][7][safepoint   ] Safepoint "Cleanup", Time since last: 128032248451 ns, Reaching safepoint: 207695 ns, At safepoint: 7065 ns, Total: 214760 ns
[2021-05-03T11:33:49.483+0000][7][gc,start    ] GC(434) Pause Young (Normal) (G1 Evacuation Pause)
[2021-05-03T11:33:49.483+0000][7][gc,task     ] GC(434) Using 6 workers of 8 for evacuation
[2021-05-03T11:33:49.483+0000][7][gc,age      ] GC(434) Desired survivor size 6291456 bytes, new threshold 15 (max threshold 15)
[2021-05-03T11:33:49.484+0000][7][gc,age      ] GC(434) Age table with threshold 15 (max threshold 15)
[2021-05-03T11:33:49.484+0000][7][gc,age      ] GC(434) - age   1:     512264 bytes,     512264 total
[2021-05-03T11:33:49.484+0000][7][gc,age      ] GC(434) - age   2:        600 bytes,     512864 total
[2021-05-03T11:33:49.484+0000][7][gc,age      ] GC(434) - age   3:        408 bytes,     513272 total
[2021-05-03T11:33:49.484+0000][7][gc,age      ] GC(434) - age   4:     151848 bytes,     665120 total
[2021-05-03T11:33:49.484+0000][7][gc,age      ] GC(434) - age   5:       3144 bytes,     668264 total
[2021-05-03T11:33:49.484+0000][7][gc,age      ] GC(434) - age   6:       3344 bytes,     671608 total
[2021-05-03T11:33:49.484+0000][7][gc,age      ] GC(434) - age   7:     391920 bytes,    1063528 total
[2021-05-03T11:33:49.484+0000][7][gc,age      ] GC(434) - age   8:        288 bytes,    1063816 total
[2021-05-03T11:33:49.484+0000][7][gc,age      ] GC(434) - age   9:       5432 bytes,    1069248 total
[2021-05-03T11:33:49.484+0000][7][gc,age      ] GC(434) - age  10:       2136 bytes,    1071384 total
[2021-05-03T11:33:49.484+0000][7][gc,age      ] GC(434) - age  11:        264 bytes,    1071648 total
[2021-05-03T11:33:49.484+0000][7][gc,age      ] GC(434) - age  12:        104 bytes,    1071752 total
[2021-05-03T11:33:49.484+0000][7][gc,age      ] GC(434) - age  13:        584 bytes,    1072336 total
[2021-05-03T11:33:49.484+0000][7][gc,age      ] GC(434) - age  14:       1024 bytes,    1073360 total
[2021-05-03T11:33:49.484+0000][7][gc,age      ] GC(434) - age  15:         64 bytes,    1073424 total
[2021-05-03T11:33:49.484+0000][7][gc,phases   ] GC(434)   Pre Evacuate Collection Set: 0.1ms
[2021-05-03T11:33:49.484+0000][7][gc,phases   ] GC(434)   Merge Heap Roots: 0.0ms
[2021-05-03T11:33:49.484+0000][7][gc,phases   ] GC(434)   Evacuate Collection Set: 0.8ms
[2021-05-03T11:33:49.484+0000][7][gc,phases   ] GC(434)   Post Evacuate Collection Set: 0.4ms
[2021-05-03T11:33:49.484+0000][7][gc,phases   ] GC(434)   Other: 0.2ms
[2021-05-03T11:33:49.484+0000][7][gc,heap     ] GC(434) Eden regions: 21->0(21)
[2021-05-03T11:33:49.484+0000][7][gc,heap     ] GC(434) Survivor regions: 1->1(3)
[2021-05-03T11:33:49.484+0000][7][gc,heap     ] GC(434) Old regions: 27->27
[2021-05-03T11:33:49.484+0000][7][gc,heap     ] GC(434) Archive regions: 2->2
[2021-05-03T11:33:49.484+0000][7][gc,heap     ] GC(434) Humongous regions: 2->2
[2021-05-03T11:33:49.484+0000][7][gc,metaspace] GC(434) Metaspace: 109741K(114512K)->109741K(114512K) NonClass: 95800K(99228K)->95800K(99228K) Class: 13940K(15284K)->13940K(15284K)
[2021-05-03T11:33:49.484+0000][7][gc          ] GC(434) Pause Young (Normal) (G1 Evacuation Pause) 202M->118M(256M) 1.561ms
[2021-05-03T11:33:49.484+0000][7][gc,cpu      ] GC(434) User=0.00s Sys=0.00s Real=0.00s
[2021-05-03T11:33:49.484+0000][7][safepoint   ] Safepoint "G1CollectForAllocation", Time since last: 6879365377 ns, Reaching safepoint: 168525 ns, At safepoint: 1626269 ns, Total: 1794794 ns
[2021-05-03T11:35:40.734+0000][7][gc,start    ] GC(435) Pause Young (Concurrent Start) (G1 Evacuation Pause)
[2021-05-03T11:35:40.734+0000][7][gc,task     ] GC(435) Using 6 workers of 8 for evacuation
[2021-05-03T11:35:40.734+0000][7][gc,age      ] GC(435) Desired survivor size 6291456 bytes, new threshold 15 (max threshold 15)
[2021-05-03T11:35:40.735+0000][7][gc,age      ] GC(435) Age table with threshold 15 (max threshold 15)
[2021-05-03T11:35:40.735+0000][7][gc,age      ] GC(435) - age   1:     725768 bytes,     725768 total
[2021-05-03T11:35:40.735+0000][7][gc,age      ] GC(435) - age   2:        600 bytes,     726368 total
[2021-05-03T11:35:40.735+0000][7][gc,age      ] GC(435) - age   3:        344 bytes,     726712 total
[2021-05-03T11:35:40.735+0000][7][gc,age      ] GC(435) - age   4:        408 bytes,     727120 total
[2021-05-03T11:35:40.735+0000][7][gc,age      ] GC(435) - age   5:     111976 bytes,     839096 total
[2021-05-03T11:35:40.735+0000][7][gc,age      ] GC(435) - age   6:        600 bytes,     839696 total
[2021-05-03T11:35:40.735+0000][7][gc,age      ] GC(435) - age   7:       3104 bytes,     842800 total
[2021-05-03T11:35:40.735+0000][7][gc,age      ] GC(435) - age   8:     391920 bytes,    1234720 total
[2021-05-03T11:35:40.735+0000][7][gc,age      ] GC(435) - age   9:        288 bytes,    1235008 total
[2021-05-03T11:35:40.735+0000][7][gc,age      ] GC(435) - age  10:       3032 bytes,    1238040 total
[2021-05-03T11:35:40.735+0000][7][gc,age      ] GC(435) - age  11:       2136 bytes,    1240176 total
[2021-05-03T11:35:40.735+0000][7][gc,age      ] GC(435) - age  12:        264 bytes,    1240440 total
[2021-05-03T11:35:40.735+0000][7][gc,age      ] GC(435) - age  13:        104 bytes,    1240544 total
[2021-05-03T11:35:40.735+0000][7][gc,age      ] GC(435) - age  14:        584 bytes,    1241128 total
[2021-05-03T11:35:40.735+0000][7][gc,age      ] GC(435) - age  15:       1024 bytes,    1242152 total
[2021-05-03T11:35:40.735+0000][7][gc,phases   ] GC(435)   Pre Evacuate Collection Set: 0.1ms
[2021-05-03T11:35:40.735+0000][7][gc,phases   ] GC(435)   Merge Heap Roots: 0.0ms
[2021-05-03T11:35:40.735+0000][7][gc,phases   ] GC(435)   Evacuate Collection Set: 0.9ms
[2021-05-03T11:35:40.735+0000][7][gc,phases   ] GC(435)   Post Evacuate Collection Set: 0.4ms
[2021-05-03T11:35:40.735+0000][7][gc,phases   ] GC(435)   Other: 0.2ms
[2021-05-03T11:35:40.735+0000][7][gc,heap     ] GC(435) Eden regions: 21->0(21)
[2021-05-03T11:35:40.735+0000][7][gc,heap     ] GC(435) Survivor regions: 1->1(3)
[2021-05-03T11:35:40.735+0000][7][gc,heap     ] GC(435) Old regions: 27->27
[2021-05-03T11:35:40.735+0000][7][gc,heap     ] GC(435) Archive regions: 2->2
[2021-05-03T11:35:40.735+0000][7][gc,heap     ] GC(435) Humongous regions: 2->2
[2021-05-03T11:35:40.735+0000][7][gc,metaspace] GC(435) Metaspace: 109742K(114512K)->109742K(114512K) NonClass: 95802K(99228K)->95802K(99228K) Class: 13940K(15284K)->13940K(15284K)
[2021-05-03T11:35:40.735+0000][7][gc          ] GC(435) Pause Young (Concurrent Start) (G1 Evacuation Pause) 202M->118M(256M) 1.771ms
[2021-05-03T11:35:40.735+0000][7][gc,cpu      ] GC(435) User=0.01s Sys=0.00s Real=0.00s
[2021-05-03T11:35:40.735+0000][7][safepoint   ] Safepoint "G1CollectForAllocation", Time since last: 111249303588 ns, Reaching safepoint: 175939 ns, At safepoint: 1835361 ns, Total: 2011300 ns
[2021-05-03T11:35:40.736+0000][7][gc          ] GC(436) Concurrent Cycle
[2021-05-03T11:35:40.736+0000][7][gc,marking  ] GC(436) Concurrent Clear Claimed Marks
[2021-05-03T11:35:40.736+0000][7][gc,marking  ] GC(436) Concurrent Clear Claimed Marks 0.057ms
[2021-05-03T11:35:40.736+0000][7][gc,marking  ] GC(436) Concurrent Scan Root Regions
[2021-05-03T11:35:40.738+0000][7][gc,marking  ] GC(436) Concurrent Scan Root Regions 2.001ms
[2021-05-03T11:35:40.738+0000][7][gc,marking  ] GC(436) Concurrent Mark (33682.665s)
[2021-05-03T11:35:40.738+0000][7][gc,marking  ] GC(436) Concurrent Mark From Roots
[2021-05-03T11:35:40.738+0000][7][gc,task     ] GC(436) Using 2 workers of 2 for marking
[2021-05-03T11:35:40.822+0000][7][gc,marking  ] GC(436) Concurrent Mark From Roots 84.408ms
[2021-05-03T11:35:40.822+0000][7][gc,marking  ] GC(436) Concurrent Preclean
[2021-05-03T11:35:40.822+0000][7][gc,marking  ] GC(436) Concurrent Preclean 0.197ms
[2021-05-03T11:35:40.822+0000][7][gc,marking  ] GC(436) Concurrent Mark (33682.665s, 33682.750s) 84.649ms
[2021-05-03T11:35:40.822+0000][7][gc,start    ] GC(436) Pause Remark
[2021-05-03T11:35:40.828+0000][7][gc          ] GC(436) Pause Remark 132M->132M(256M) 5.747ms
[2021-05-03T11:35:40.828+0000][7][gc,cpu      ] GC(436) User=0.04s Sys=0.00s Real=0.00s
[2021-05-03T11:35:40.828+0000][7][safepoint   ] Safepoint "G1Concurrent", Time since last: 86848102 ns, Reaching safepoint: 92340 ns, At safepoint: 5836273 ns, Total: 5928613 ns
[2021-05-03T11:35:40.828+0000][7][gc,marking  ] GC(436) Concurrent Rebuild Remembered Sets
[2021-05-03T11:35:40.881+0000][7][gc,marking  ] GC(436) Concurrent Rebuild Remembered Sets 53.059ms
[2021-05-03T11:35:40.882+0000][7][gc,start    ] GC(436) Pause Cleanup
[2021-05-03T11:35:40.882+0000][7][gc          ] GC(436) Pause Cleanup 132M->132M(256M) 0.069ms
[2021-05-03T11:35:40.882+0000][7][gc,cpu      ] GC(436) User=0.00s Sys=0.00s Real=0.00s
[2021-05-03T11:35:40.882+0000][7][safepoint   ] Safepoint "G1Concurrent", Time since last: 53207007 ns, Reaching safepoint: 108879 ns, At safepoint: 109433 ns, Total: 218312 ns
[2021-05-03T11:35:40.882+0000][7][gc,marking  ] GC(436) Concurrent Cleanup for Next Mark
[2021-05-03T11:35:40.882+0000][7][gc,marking  ] GC(436) Concurrent Cleanup for Next Mark 0.191ms
[2021-05-03T11:35:40.882+0000][7][gc          ] GC(436) Concurrent Cycle 146.398ms
[2021-05-03T11:35:42.883+0000][7][safepoint   ] Safepoint "Cleanup", Time since last: 2000934341 ns, Reaching safepoint: 129994 ns, At safepoint: 4905 ns, Total: 134899 ns
[2021-05-03T11:35:43.883+0000][7][safepoint   ] Safepoint "Cleanup", Time since last: 1000148810 ns, Reaching safepoint: 166151 ns, At safepoint: 4687 ns, Total: 170838 ns
[2021-05-03T11:36:44.900+0000][7][safepoint   ] Safepoint "Cleanup", Time since last: 61016442184 ns, Reaching safepoint: 168295 ns, At safepoint: 7274 ns, Total: 175569 ns
[2021-05-03T11:36:50.901+0000][7][safepoint   ] Safepoint "Cleanup", Time since last: 6001028836 ns, Reaching safepoint: 101721 ns, At safepoint: 6814 ns, Total: 108535 ns
[2021-05-03T11:37:25.911+0000][7][safepoint   ] Safepoint "Cleanup", Time since last: 35010501567 ns, Reaching safepoint: 129137 ns, At safepoint: 6457 ns, Total: 135594 ns
[2021-05-03T11:37:34.573+0000][7][gc,start    ] GC(437) Pause Young (Normal) (G1 Evacuation Pause)
[2021-05-03T11:37:34.573+0000][7][gc,task     ] GC(437) Using 6 workers of 8 for evacuation
[2021-05-03T11:37:34.573+0000][7][gc,age      ] GC(437) Desired survivor size 6291456 bytes, new threshold 15 (max threshold 15)
[2021-05-03T11:37:34.574+0000][7][gc,age      ] GC(437) Age table with threshold 15 (max threshold 15)
[2021-05-03T11:37:34.574+0000][7][gc,age      ] GC(437) - age   1:     667416 bytes,     667416 total
[2021-05-03T11:37:34.574+0000][7][gc,age      ] GC(437) - age   2:     142968 bytes,     810384 total
[2021-05-03T11:37:34.574+0000][7][gc,age      ] GC(437) - age   3:        400 bytes,     810784 total
[2021-05-03T11:37:34.574+0000][7][gc,age      ] GC(437) - age   4:        344 bytes,     811128 total
[2021-05-03T11:37:34.574+0000][7][gc,age      ] GC(437) - age   5:        184 bytes,     811312 total
[2021-05-03T11:37:34.574+0000][7][gc,age      ] GC(437) - age   6:       2664 bytes,     813976 total
[2021-05-03T11:37:34.574+0000][7][gc,age      ] GC(437) - age   7:        264 bytes,     814240 total
[2021-05-03T11:37:34.574+0000][7][gc,age      ] GC(437) - age   8:       3104 bytes,     817344 total
[2021-05-03T11:37:34.574+0000][7][gc,age      ] GC(437) - age   9:     391920 bytes,    1209264 total
[2021-05-03T11:37:34.574+0000][7][gc,age      ] GC(437) - age  10:        288 bytes,    1209552 total
[2021-05-03T11:37:34.574+0000][7][gc,age      ] GC(437) - age  11:        376 bytes,    1209928 total
[2021-05-03T11:37:34.574+0000][7][gc,age      ] GC(437) - age  12:       2136 bytes,    1212064 total
[2021-05-03T11:37:34.574+0000][7][gc,age      ] GC(437) - age  13:        264 bytes,    1212328 total
[2021-05-03T11:37:34.574+0000][7][gc,age      ] GC(437) - age  14:        104 bytes,    1212432 total
[2021-05-03T11:37:34.574+0000][7][gc,age      ] GC(437) - age  15:        584 bytes,    1213016 total
[2021-05-03T11:37:34.574+0000][7][gc,phases   ] GC(437)   Pre Evacuate Collection Set: 0.1ms
[2021-05-03T11:37:34.574+0000][7][gc,phases   ] GC(437)   Merge Heap Roots: 0.1ms
[2021-05-03T11:37:34.574+0000][7][gc,phases   ] GC(437)   Evacuate Collection Set: 0.9ms
[2021-05-03T11:37:34.574+0000][7][gc,phases   ] GC(437)   Post Evacuate Collection Set: 0.5ms
[2021-05-03T11:37:34.574+0000][7][gc,phases   ] GC(437)   Other: 0.2ms
[2021-05-03T11:37:34.574+0000][7][gc,heap     ] GC(437) Eden regions: 21->0(21)
[2021-05-03T11:37:34.574+0000][7][gc,heap     ] GC(437) Survivor regions: 1->1(3)
[2021-05-03T11:37:34.574+0000][7][gc,heap     ] GC(437) Old regions: 27->27
[2021-05-03T11:37:34.574+0000][7][gc,heap     ] GC(437) Archive regions: 2->2
[2021-05-03T11:37:34.574+0000][7][gc,heap     ] GC(437) Humongous regions: 2->2
[2021-05-03T11:37:34.574+0000][7][gc,metaspace] GC(437) Metaspace: 109773K(114512K)->109773K(114512K) NonClass: 95832K(99228K)->95832K(99228K) Class: 13940K(15284K)->13940K(15284K)
[2021-05-03T11:37:34.574+0000][7][gc          ] GC(437) Pause Young (Normal) (G1 Evacuation Pause) 202M->118M(256M) 1.810ms
[2021-05-03T11:37:34.574+0000][7][gc,cpu      ] GC(437) User=0.01s Sys=0.00s Real=0.00s
[2021-05-03T11:37:34.574+0000][7][safepoint   ] Safepoint "G1CollectForAllocation", Time since last: 8660974286 ns, Reaching safepoint: 164358 ns, At safepoint: 1873947 ns, Total: 2038305 ns
[2021-05-03T11:39:42.264+0000][7][gc,start    ] GC(438) Pause Young (Concurrent Start) (G1 Evacuation Pause)
[2021-05-03T11:39:42.264+0000][7][gc,task     ] GC(438) Using 6 workers of 8 for evacuation
[2021-05-03T11:39:42.264+0000][7][gc,age      ] GC(438) Desired survivor size 6291456 bytes, new threshold 15 (max threshold 15)
[2021-05-03T11:39:42.265+0000][7][gc,age      ] GC(438) Age table with threshold 15 (max threshold 15)
[2021-05-03T11:39:42.265+0000][7][gc,age      ] GC(438) - age   1:     513616 bytes,     513616 total
[2021-05-03T11:39:42.265+0000][7][gc,age      ] GC(438) - age   2:     162248 bytes,     675864 total
[2021-05-03T11:39:42.265+0000][7][gc,age      ] GC(438) - age   3:     111784 bytes,     787648 total
[2021-05-03T11:39:42.265+0000][7][gc,age      ] GC(438) - age   4:        400 bytes,     788048 total
[2021-05-03T11:39:42.265+0000][7][gc,age      ] GC(438) - age   5:        344 bytes,     788392 total
[2021-05-03T11:39:42.265+0000][7][gc,age      ] GC(438) - age   6:        160 bytes,     788552 total
[2021-05-03T11:39:42.265+0000][7][gc,age      ] GC(438) - age   7:       2568 bytes,     791120 total
[2021-05-03T11:39:42.265+0000][7][gc,age      ] GC(438) - age   8:        240 bytes,     791360 total
[2021-05-03T11:39:42.265+0000][7][gc,age      ] GC(438) - age   9:       3104 bytes,     794464 total
[2021-05-03T11:39:42.265+0000][7][gc,age      ] GC(438) - age  10:     391920 bytes,    1186384 total
[2021-05-03T11:39:42.265+0000][7][gc,age      ] GC(438) - age  11:        288 bytes,    1186672 total
[2021-05-03T11:39:42.265+0000][7][gc,age      ] GC(438) - age  12:        376 bytes,    1187048 total
[2021-05-03T11:39:42.265+0000][7][gc,age      ] GC(438) - age  13:       2136 bytes,    1189184 total
[2021-05-03T11:39:42.265+0000][7][gc,age      ] GC(438) - age  14:        264 bytes,    1189448 total
[2021-05-03T11:39:42.265+0000][7][gc,age      ] GC(438) - age  15:        104 bytes,    1189552 total
[2021-05-03T11:39:42.265+0000][7][gc,phases   ] GC(438)   Pre Evacuate Collection Set: 0.1ms
[2021-05-03T11:39:42.265+0000][7][gc,phases   ] GC(438)   Merge Heap Roots: 0.0ms
[2021-05-03T11:39:42.265+0000][7][gc,phases   ] GC(438)   Evacuate Collection Set: 0.6ms
[2021-05-03T11:39:42.265+0000][7][gc,phases   ] GC(438)   Post Evacuate Collection Set: 0.5ms
[2021-05-03T11:39:42.265+0000][7][gc,phases   ] GC(438)   Other: 0.2ms
[2021-05-03T11:39:42.265+0000][7][gc,heap     ] GC(438) Eden regions: 21->0(21)
[2021-05-03T11:39:42.265+0000][7][gc,heap     ] GC(438) Survivor regions: 1->1(3)
[2021-05-03T11:39:42.265+0000][7][gc,heap     ] GC(438) Old regions: 27->27
[2021-05-03T11:39:42.265+0000][7][gc,heap     ] GC(438) Archive regions: 2->2
[2021-05-03T11:39:42.265+0000][7][gc,heap     ] GC(438) Humongous regions: 2->2
[2021-05-03T11:39:42.265+0000][7][gc,metaspace] GC(438) Metaspace: 109773K(114512K)->109773K(114512K) NonClass: 95832K(99228K)->95832K(99228K) Class: 13940K(15284K)->13940K(15284K)
[2021-05-03T11:39:42.265+0000][7][gc          ] GC(438) Pause Young (Concurrent Start) (G1 Evacuation Pause) 202M->118M(256M) 1.538ms
[2021-05-03T11:39:42.265+0000][7][gc,cpu      ] GC(438) User=0.00s Sys=0.00s Real=0.00s
[2021-05-03T11:39:42.265+0000][7][gc          ] GC(439) Concurrent Cycle
[2021-05-03T11:39:42.265+0000][7][safepoint   ] Safepoint "G1CollectForAllocation", Time since last: 127689018571 ns, Reaching safepoint: 72745 ns, At safepoint: 1600409 ns, Total: 1673154 ns
[2021-05-03T11:39:42.265+0000][7][gc,marking  ] GC(439) Concurrent Clear Claimed Marks
[2021-05-03T11:39:42.265+0000][7][gc,marking  ] GC(439) Concurrent Clear Claimed Marks 0.058ms
[2021-05-03T11:39:42.265+0000][7][gc,marking  ] GC(439) Concurrent Scan Root Regions
[2021-05-03T11:39:42.267+0000][7][gc,marking  ] GC(439) Concurrent Scan Root Regions 1.379ms
[2021-05-03T11:39:42.267+0000][7][gc,marking  ] GC(439) Concurrent Mark (33924.194s)
[2021-05-03T11:39:42.267+0000][7][gc,marking  ] GC(439) Concurrent Mark From Roots
[2021-05-03T11:39:42.267+0000][7][gc,task     ] GC(439) Using 2 workers of 2 for marking
[2021-05-03T11:39:42.351+0000][7][gc,marking  ] GC(439) Concurrent Mark From Roots 84.024ms
[2021-05-03T11:39:42.351+0000][7][gc,marking  ] GC(439) Concurrent Preclean
[2021-05-03T11:39:42.351+0000][7][gc,marking  ] GC(439) Concurrent Preclean 0.211ms
[2021-05-03T11:39:42.351+0000][7][gc,marking  ] GC(439) Concurrent Mark (33924.194s, 33924.279s) 84.283ms
[2021-05-03T11:39:42.351+0000][7][gc,start    ] GC(439) Pause Remark
[2021-05-03T11:39:42.357+0000][7][gc          ] GC(439) Pause Remark 118M->118M(256M) 5.779ms
[2021-05-03T11:39:42.357+0000][7][gc,cpu      ] GC(439) User=0.04s Sys=0.00s Real=0.01s
[2021-05-03T11:39:42.357+0000][7][safepoint   ] Safepoint "G1Concurrent", Time since last: 85789834 ns, Reaching safepoint: 156250 ns, At safepoint: 5866452 ns, Total: 6022702 ns
[2021-05-03T11:39:42.357+0000][7][gc,marking  ] GC(439) Concurrent Rebuild Remembered Sets
[2021-05-03T11:39:42.413+0000][7][gc,marking  ] GC(439) Concurrent Rebuild Remembered Sets 56.189ms
[2021-05-03T11:39:42.413+0000][7][gc,start    ] GC(439) Pause Cleanup
[2021-05-03T11:39:42.413+0000][7][gc          ] GC(439) Pause Cleanup 118M->118M(256M) 0.067ms
[2021-05-03T11:39:42.413+0000][7][gc,cpu      ] GC(439) User=0.00s Sys=0.00s Real=0.00s
[2021-05-03T11:39:42.413+0000][7][safepoint   ] Safepoint "G1Concurrent", Time since last: 56255506 ns, Reaching safepoint: 130888 ns, At safepoint: 104506 ns, Total: 235394 ns
[2021-05-03T11:39:42.414+0000][7][gc,marking  ] GC(439) Concurrent Cleanup for Next Mark
[2021-05-03T11:39:42.414+0000][7][gc,marking  ] GC(439) Concurrent Cleanup for Next Mark 0.158ms
[2021-05-03T11:39:42.414+0000][7][gc          ] GC(439) Concurrent Cycle 148.500ms
[2021-05-03T11:41:50.162+0000][7][gc,start    ] GC(440) Pause Young (Normal) (G1 Evacuation Pause)
[2021-05-03T11:41:50.162+0000][7][gc,task     ] GC(440) Using 6 workers of 8 for evacuation
[2021-05-03T11:41:50.162+0000][7][gc,age      ] GC(440) Desired survivor size 6291456 bytes, new threshold 15 (max threshold 15)
[2021-05-03T11:41:50.163+0000][7][gc,age      ] GC(440) Age table with threshold 15 (max threshold 15)
[2021-05-03T11:41:50.163+0000][7][gc,age      ] GC(440) - age   1:     583312 bytes,     583312 total
[2021-05-03T11:41:50.163+0000][7][gc,age      ] GC(440) - age   2:        464 bytes,     583776 total
[2021-05-03T11:41:50.163+0000][7][gc,age      ] GC(440) - age   3:     160440 bytes,     744216 total
[2021-05-03T11:41:50.163+0000][7][gc,age      ] GC(440) - age   4:      23008 bytes,     767224 total
[2021-05-03T11:41:50.163+0000][7][gc,age      ] GC(440) - age   5:         64 bytes,     767288 total
[2021-05-03T11:41:50.163+0000][7][gc,age      ] GC(440) - age   6:        344 bytes,     767632 total
[2021-05-03T11:41:50.163+0000][7][gc,age      ] GC(440) - age   7:        160 bytes,     767792 total
[2021-05-03T11:41:50.163+0000][7][gc,age      ] GC(440) - age   8:       2568 bytes,     770360 total
[2021-05-03T11:41:50.163+0000][7][gc,age      ] GC(440) - age   9:        200 bytes,     770560 total
[2021-05-03T11:41:50.163+0000][7][gc,age      ] GC(440) - age  10:       3104 bytes,     773664 total
[2021-05-03T11:41:50.163+0000][7][gc,age      ] GC(440) - age  11:     391920 bytes,    1165584 total
[2021-05-03T11:41:50.163+0000][7][gc,age      ] GC(440) - age  12:        288 bytes,    1165872 total
[2021-05-03T11:41:50.163+0000][7][gc,age      ] GC(440) - age  13:        336 bytes,    1166208 total
[2021-05-03T11:41:50.163+0000][7][gc,age      ] GC(440) - age  14:       2136 bytes,    1168344 total
[2021-05-03T11:41:50.163+0000][7][gc,age      ] GC(440) - age  15:        264 bytes,    1168608 total
[2021-05-03T11:41:50.163+0000][7][gc,phases   ] GC(440)   Pre Evacuate Collection Set: 0.1ms
[2021-05-03T11:41:50.163+0000][7][gc,phases   ] GC(440)   Merge Heap Roots: 0.0ms
[2021-05-03T11:41:50.163+0000][7][gc,phases   ] GC(440)   Evacuate Collection Set: 1.0ms
[2021-05-03T11:41:50.163+0000][7][gc,phases   ] GC(440)   Post Evacuate Collection Set: 0.4ms
[2021-05-03T11:41:50.163+0000][7][gc,phases   ] GC(440)   Other: 0.2ms
[2021-05-03T11:41:50.163+0000][7][gc,heap     ] GC(440) Eden regions: 21->0(21)
[2021-05-03T11:41:50.163+0000][7][gc,heap     ] GC(440) Survivor regions: 1->1(3)
[2021-05-03T11:41:50.163+0000][7][gc,heap     ] GC(440) Old regions: 27->27
[2021-05-03T11:41:50.163+0000][7][gc,heap     ] GC(440) Archive regions: 2->2
[2021-05-03T11:41:50.163+0000][7][gc,heap     ] GC(440) Humongous regions: 2->2
[2021-05-03T11:41:50.163+0000][7][gc,metaspace] GC(440) Metaspace: 109773K(114512K)->109773K(114512K) NonClass: 95832K(99228K)->95832K(99228K) Class: 13940K(15284K)->13940K(15284K)
[2021-05-03T11:41:50.163+0000][7][gc          ] GC(440) Pause Young (Normal) (G1 Evacuation Pause) 202M->118M(256M) 1.744ms
[2021-05-03T11:41:50.163+0000][7][gc,cpu      ] GC(440) User=0.00s Sys=0.01s Real=0.00s
[2021-05-03T11:41:50.163+0000][7][safepoint   ] Safepoint "G1CollectForAllocation", Time since last: 127747870752 ns, Reaching safepoint: 197364 ns, At safepoint: 1818707 ns, Total: 2016071 ns
[2021-05-03T11:44:05.242+0000][7][gc,start    ] GC(441) Pause Young (Concurrent Start) (G1 Evacuation Pause)
[2021-05-03T11:44:05.242+0000][7][gc,task     ] GC(441) Using 6 workers of 8 for evacuation
[2021-05-03T11:44:05.242+0000][7][gc,age      ] GC(441) Desired survivor size 6291456 bytes, new threshold 15 (max threshold 15)
[2021-05-03T11:44:05.244+0000][7][gc,age      ] GC(441) Age table with threshold 15 (max threshold 15)
[2021-05-03T11:44:05.244+0000][7][gc,age      ] GC(441) - age   1:     516472 bytes,     516472 total
[2021-05-03T11:44:05.244+0000][7][gc,age      ] GC(441) - age   2:       1184 bytes,     517656 total
[2021-05-03T11:44:05.244+0000][7][gc,age      ] GC(441) - age   3:        464 bytes,     518120 total
[2021-05-03T11:44:05.244+0000][7][gc,age      ] GC(441) - age   4:     160120 bytes,     678240 total
[2021-05-03T11:44:05.244+0000][7][gc,age      ] GC(441) - age   5:      23008 bytes,     701248 total
[2021-05-03T11:44:05.244+0000][7][gc,age      ] GC(441) - age   7:        344 bytes,     701592 total
[2021-05-03T11:44:05.244+0000][7][gc,age      ] GC(441) - age   8:         64 bytes,     701656 total
[2021-05-03T11:44:05.244+0000][7][gc,age      ] GC(441) - age   9:       2568 bytes,     704224 total
[2021-05-03T11:44:05.244+0000][7][gc,age      ] GC(441) - age  10:        200 bytes,     704424 total
[2021-05-03T11:44:05.244+0000][7][gc,age      ] GC(441) - age  11:       3104 bytes,     707528 total
[2021-05-03T11:44:05.244+0000][7][gc,age      ] GC(441) - age  12:     391920 bytes,    1099448 total
[2021-05-03T11:44:05.244+0000][7][gc,age      ] GC(441) - age  13:        288 bytes,    1099736 total
[2021-05-03T11:44:05.244+0000][7][gc,age      ] GC(441) - age  14:        312 bytes,    1100048 total
[2021-05-03T11:44:05.244+0000][7][gc,age      ] GC(441) - age  15:       2136 bytes,    1102184 total
[2021-05-03T11:44:05.244+0000][7][gc,phases   ] GC(441)   Pre Evacuate Collection Set: 0.1ms
[2021-05-03T11:44:05.244+0000][7][gc,phases   ] GC(441)   Merge Heap Roots: 0.0ms
[2021-05-03T11:44:05.244+0000][7][gc,phases   ] GC(441)   Evacuate Collection Set: 0.7ms
[2021-05-03T11:44:05.244+0000][7][gc,phases   ] GC(441)   Post Evacuate Collection Set: 0.6ms
[2021-05-03T11:44:05.244+0000][7][gc,phases   ] GC(441)   Other: 0.2ms
[2021-05-03T11:44:05.244+0000][7][gc,heap     ] GC(441) Eden regions: 21->0(21)
[2021-05-03T11:44:05.244+0000][7][gc,heap     ] GC(441) Survivor regions: 1->1(3)
[2021-05-03T11:44:05.244+0000][7][gc,heap     ] GC(441) Old regions: 27->27
[2021-05-03T11:44:05.244+0000][7][gc,heap     ] GC(441) Archive regions: 2->2
[2021-05-03T11:44:05.244+0000][7][gc,heap     ] GC(441) Humongous regions: 2->2
[2021-05-03T11:44:05.244+0000][7][gc,metaspace] GC(441) Metaspace: 109773K(114512K)->109773K(114512K) NonClass: 95832K(99228K)->95832K(99228K) Class: 13940K(15284K)->13940K(15284K)
[2021-05-03T11:44:05.244+0000][7][gc          ] GC(441) Pause Young (Concurrent Start) (G1 Evacuation Pause) 202M->118M(256M) 1.698ms
[2021-05-03T11:44:05.244+0000][7][gc,cpu      ] GC(441) User=0.00s Sys=0.01s Real=0.00s
[2021-05-03T11:44:05.244+0000][7][safepoint   ] Safepoint "G1CollectForAllocation", Time since last: 135078781363 ns, Reaching safepoint: 148672 ns, At safepoint: 1759130 ns, Total: 1907802 ns
[2021-05-03T11:44:05.244+0000][7][gc          ] GC(442) Concurrent Cycle
[2021-05-03T11:44:05.244+0000][7][gc,marking  ] GC(442) Concurrent Clear Claimed Marks
[2021-05-03T11:44:05.244+0000][7][gc,marking  ] GC(442) Concurrent Clear Claimed Marks 0.045ms
[2021-05-03T11:44:05.244+0000][7][gc,marking  ] GC(442) Concurrent Scan Root Regions
[2021-05-03T11:44:05.246+0000][7][gc,marking  ] GC(442) Concurrent Scan Root Regions 1.407ms
[2021-05-03T11:44:05.246+0000][7][gc,marking  ] GC(442) Concurrent Mark (34187.173s)
[2021-05-03T11:44:05.246+0000][7][gc,marking  ] GC(442) Concurrent Mark From Roots
[2021-05-03T11:44:05.246+0000][7][gc,task     ] GC(442) Using 2 workers of 2 for marking
[2021-05-03T11:44:05.329+0000][7][gc,marking  ] GC(442) Concurrent Mark From Roots 82.920ms
[2021-05-03T11:44:05.329+0000][7][gc,marking  ] GC(442) Concurrent Preclean
[2021-05-03T11:44:05.329+0000][7][gc,marking  ] GC(442) Concurrent Preclean 0.216ms
[2021-05-03T11:44:05.329+0000][7][gc,marking  ] GC(442) Concurrent Mark (34187.173s, 34187.256s) 83.184ms
[2021-05-03T11:44:05.329+0000][7][gc,start    ] GC(442) Pause Remark
[2021-05-03T11:44:05.335+0000][7][gc          ] GC(442) Pause Remark 118M->118M(256M) 5.819ms
[2021-05-03T11:44:05.335+0000][7][gc,cpu      ] GC(442) User=0.03s Sys=0.00s Real=0.01s
[2021-05-03T11:44:05.335+0000][7][safepoint   ] Safepoint "G1Concurrent", Time since last: 84785292 ns, Reaching safepoint: 185474 ns, At safepoint: 5893424 ns, Total: 6078898 ns
[2021-05-03T11:44:05.335+0000][7][gc,marking  ] GC(442) Concurrent Rebuild Remembered Sets
[2021-05-03T11:44:05.389+0000][7][gc,marking  ] GC(442) Concurrent Rebuild Remembered Sets 53.632ms
[2021-05-03T11:44:05.389+0000][7][gc,start    ] GC(442) Pause Cleanup
[2021-05-03T11:44:05.389+0000][7][gc          ] GC(442) Pause Cleanup 118M->118M(256M) 0.067ms
[2021-05-03T11:44:05.389+0000][7][gc,cpu      ] GC(442) User=0.00s Sys=0.00s Real=0.00s
[2021-05-03T11:44:05.389+0000][7][safepoint   ] Safepoint "G1Concurrent", Time since last: 53703746 ns, Reaching safepoint: 106425 ns, At safepoint: 107384 ns, Total: 213809 ns
[2021-05-03T11:44:05.389+0000][7][gc,marking  ] GC(442) Concurrent Cleanup for Next Mark
[2021-05-03T11:44:05.389+0000][7][gc,marking  ] GC(442) Concurrent Cleanup for Next Mark 0.162ms
[2021-05-03T11:44:05.389+0000][7][gc          ] GC(442) Concurrent Cycle 144.947ms
[2021-05-03T11:45:40.797+0000][7][gc,start    ] GC(443) Pause Young (Normal) (G1 Evacuation Pause)
[2021-05-03T11:45:40.797+0000][7][gc,task     ] GC(443) Using 6 workers of 8 for evacuation
[2021-05-03T11:45:40.797+0000][7][gc,age      ] GC(443) Desired survivor size 6291456 bytes, new threshold 15 (max threshold 15)
[2021-05-03T11:45:40.798+0000][7][gc,age      ] GC(443) Age table with threshold 15 (max threshold 15)
[2021-05-03T11:45:40.798+0000][7][gc,age      ] GC(443) - age   1:     816808 bytes,     816808 total
[2021-05-03T11:45:40.798+0000][7][gc,age      ] GC(443) - age   2:        648 bytes,     817456 total
[2021-05-03T11:45:40.798+0000][7][gc,age      ] GC(443) - age   3:        320 bytes,     817776 total
[2021-05-03T11:45:40.798+0000][7][gc,age      ] GC(443) - age   4:        344 bytes,     818120 total
[2021-05-03T11:45:40.798+0000][7][gc,age      ] GC(443) - age   5:       9384 bytes,     827504 total
[2021-05-03T11:45:40.798+0000][7][gc,age      ] GC(443) - age   6:       2624 bytes,     830128 total
[2021-05-03T11:45:40.798+0000][7][gc,age      ] GC(443) - age   8:        136 bytes,     830264 total
[2021-05-03T11:45:40.798+0000][7][gc,age      ] GC(443) - age   9:         40 bytes,     830304 total
[2021-05-03T11:45:40.798+0000][7][gc,age      ] GC(443) - age  10:       1808 bytes,     832112 total
[2021-05-03T11:45:40.798+0000][7][gc,age      ] GC(443) - age  11:        168 bytes,     832280 total
[2021-05-03T11:45:40.798+0000][7][gc,age      ] GC(443) - age  12:       3104 bytes,     835384 total
[2021-05-03T11:45:40.798+0000][7][gc,age      ] GC(443) - age  13:     391920 bytes,    1227304 total
[2021-05-03T11:45:40.798+0000][7][gc,age      ] GC(443) - age  14:        288 bytes,    1227592 total
[2021-05-03T11:45:40.798+0000][7][gc,age      ] GC(443) - age  15:        312 bytes,    1227904 total
[2021-05-03T11:45:40.798+0000][7][gc,phases   ] GC(443)   Pre Evacuate Collection Set: 0.0ms
[2021-05-03T11:45:40.798+0000][7][gc,phases   ] GC(443)   Merge Heap Roots: 0.0ms
[2021-05-03T11:45:40.798+0000][7][gc,phases   ] GC(443)   Evacuate Collection Set: 0.8ms
[2021-05-03T11:45:40.798+0000][7][gc,phases   ] GC(443)   Post Evacuate Collection Set: 0.4ms
[2021-05-03T11:45:40.798+0000][7][gc,phases   ] GC(443)   Other: 0.2ms
[2021-05-03T11:45:40.798+0000][7][gc,heap     ] GC(443) Eden regions: 21->0(21)
[2021-05-03T11:45:40.798+0000][7][gc,heap     ] GC(443) Survivor regions: 1->1(3)
[2021-05-03T11:45:40.798+0000][7][gc,heap     ] GC(443) Old regions: 27->27
[2021-05-03T11:45:40.798+0000][7][gc,heap     ] GC(443) Archive regions: 2->2
[2021-05-03T11:45:40.798+0000][7][gc,heap     ] GC(443) Humongous regions: 2->2
[2021-05-03T11:45:40.798+0000][7][gc,metaspace] GC(443) Metaspace: 109813K(114768K)->109813K(114768K) NonClass: 95873K(99484K)->95873K(99484K) Class: 13940K(15284K)->13940K(15284K)
[2021-05-03T11:45:40.798+0000][7][gc          ] GC(443) Pause Young (Normal) (G1 Evacuation Pause) 202M->118M(256M) 1.498ms
[2021-05-03T11:45:40.798+0000][7][gc,cpu      ] GC(443) User=0.01s Sys=0.00s Real=0.00s
[2021-05-03T11:45:40.798+0000][7][safepoint   ] Safepoint "G1CollectForAllocation", Time since last: 95407715251 ns, Reaching safepoint: 79366 ns, At safepoint: 1572051 ns, Total: 1651417 ns
[2021-05-03T11:47:50.182+0000][7][gc,start    ] GC(444) Pause Young (Concurrent Start) (G1 Evacuation Pause)
[2021-05-03T11:47:50.182+0000][7][gc,task     ] GC(444) Using 6 workers of 8 for evacuation
[2021-05-03T11:47:50.182+0000][7][gc,age      ] GC(444) Desired survivor size 6291456 bytes, new threshold 15 (max threshold 15)
[2021-05-03T11:47:50.183+0000][7][gc,age      ] GC(444) Age table with threshold 15 (max threshold 15)
[2021-05-03T11:47:50.183+0000][7][gc,age      ] GC(444) - age   1:     504272 bytes,     504272 total
[2021-05-03T11:47:50.183+0000][7][gc,age      ] GC(444) - age   2:     274776 bytes,     779048 total
[2021-05-03T11:47:50.183+0000][7][gc,age      ] GC(444) - age   3:        528 bytes,     779576 total
[2021-05-03T11:47:50.183+0000][7][gc,age      ] GC(444) - age   4:        160 bytes,     779736 total
[2021-05-03T11:47:50.183+0000][7][gc,age      ] GC(444) - age   5:        344 bytes,     780080 total
[2021-05-03T11:47:50.183+0000][7][gc,age      ] GC(444) - age   6:       2848 bytes,     782928 total
[2021-05-03T11:47:50.183+0000][7][gc,age      ] GC(444) - age   7:       2624 bytes,     785552 total
[2021-05-03T11:47:50.183+0000][7][gc,age      ] GC(444) - age   9:         40 bytes,     785592 total
[2021-05-03T11:47:50.183+0000][7][gc,age      ] GC(444) - age  10:         40 bytes,     785632 total
[2021-05-03T11:47:50.183+0000][7][gc,age      ] GC(444) - age  11:       1592 bytes,     787224 total
[2021-05-03T11:47:50.183+0000][7][gc,age      ] GC(444) - age  12:        168 bytes,     787392 total
[2021-05-03T11:47:50.183+0000][7][gc,age      ] GC(444) - age  13:       3104 bytes,     790496 total
[2021-05-03T11:47:50.183+0000][7][gc,age      ] GC(444) - age  14:     391920 bytes,    1182416 total
[2021-05-03T11:47:50.183+0000][7][gc,age      ] GC(444) - age  15:        288 bytes,    1182704 total
[2021-05-03T11:47:50.183+0000][7][gc,phases   ] GC(444)   Pre Evacuate Collection Set: 0.1ms
[2021-05-03T11:47:50.183+0000][7][gc,phases   ] GC(444)   Merge Heap Roots: 0.0ms
[2021-05-03T11:47:50.183+0000][7][gc,phases   ] GC(444)   Evacuate Collection Set: 0.8ms
[2021-05-03T11:47:50.183+0000][7][gc,phases   ] GC(444)   Post Evacuate Collection Set: 0.5ms
[2021-05-03T11:47:50.183+0000][7][gc,phases   ] GC(444)   Other: 0.2ms
[2021-05-03T11:47:50.183+0000][7][gc,heap     ] GC(444) Eden regions: 21->0(21)
[2021-05-03T11:47:50.183+0000][7][gc,heap     ] GC(444) Survivor regions: 1->1(3)
[2021-05-03T11:47:50.183+0000][7][gc,heap     ] GC(444) Old regions: 27->27
[2021-05-03T11:47:50.183+0000][7][gc,heap     ] GC(444) Archive regions: 2->2
[2021-05-03T11:47:50.183+0000][7][gc,heap     ] GC(444) Humongous regions: 2->2
[2021-05-03T11:47:50.183+0000][7][gc,metaspace] GC(444) Metaspace: 109813K(114768K)->109813K(114768K) NonClass: 95873K(99484K)->95873K(99484K) Class: 13940K(15284K)->13940K(15284K)
[2021-05-03T11:47:50.183+0000][7][gc          ] GC(444) Pause Young (Concurrent Start) (G1 Evacuation Pause) 202M->118M(256M) 1.711ms
[2021-05-03T11:47:50.183+0000][7][gc,cpu      ] GC(444) User=0.01s Sys=0.00s Real=0.00s
[2021-05-03T11:47:50.183+0000][7][safepoint   ] Safepoint "G1CollectForAllocation", Time since last: 129383239007 ns, Reaching safepoint: 90404 ns, At safepoint: 1781952 ns, Total: 1872356 ns
[2021-05-03T11:47:50.183+0000][7][gc          ] GC(445) Concurrent Cycle
[2021-05-03T11:47:50.183+0000][7][gc,marking  ] GC(445) Concurrent Clear Claimed Marks
[2021-05-03T11:47:50.183+0000][7][gc,marking  ] GC(445) Concurrent Clear Claimed Marks 0.066ms
[2021-05-03T11:47:50.183+0000][7][gc,marking  ] GC(445) Concurrent Scan Root Regions
[2021-05-03T11:47:50.185+0000][7][gc,marking  ] GC(445) Concurrent Scan Root Regions 1.559ms
[2021-05-03T11:47:50.185+0000][7][gc,marking  ] GC(445) Concurrent Mark (34412.113s)
[2021-05-03T11:47:50.185+0000][7][gc,marking  ] GC(445) Concurrent Mark From Roots
[2021-05-03T11:47:50.185+0000][7][gc,task     ] GC(445) Using 2 workers of 2 for marking
[2021-05-03T11:47:50.265+0000][7][gc,marking  ] GC(445) Concurrent Mark From Roots 79.555ms
[2021-05-03T11:47:50.265+0000][7][gc,marking  ] GC(445) Concurrent Preclean
[2021-05-03T11:47:50.265+0000][7][gc,marking  ] GC(445) Concurrent Preclean 0.214ms
[2021-05-03T11:47:50.265+0000][7][gc,marking  ] GC(445) Concurrent Mark (34412.113s, 34412.192s) 79.819ms
[2021-05-03T11:47:50.265+0000][7][gc,start    ] GC(445) Pause Remark
[2021-05-03T11:47:50.271+0000][7][gc          ] GC(445) Pause Remark 121M->121M(256M) 6.054ms
[2021-05-03T11:47:50.271+0000][7][gc,cpu      ] GC(445) User=0.03s Sys=0.00s Real=0.00s
[2021-05-03T11:47:50.271+0000][7][safepoint   ] Safepoint "G1Concurrent", Time since last: 81568139 ns, Reaching safepoint: 138120 ns, At safepoint: 6153152 ns, Total: 6291272 ns
[2021-05-03T11:47:50.271+0000][7][gc,marking  ] GC(445) Concurrent Rebuild Remembered Sets
[2021-05-03T11:47:50.326+0000][7][gc,marking  ] GC(445) Concurrent Rebuild Remembered Sets 55.200ms
[2021-05-03T11:47:50.327+0000][7][gc,start    ] GC(445) Pause Cleanup
[2021-05-03T11:47:50.327+0000][7][gc          ] GC(445) Pause Cleanup 121M->121M(256M) 0.138ms
[2021-05-03T11:47:50.327+0000][7][gc,cpu      ] GC(445) User=0.01s Sys=0.00s Real=0.00s
[2021-05-03T11:47:50.327+0000][7][safepoint   ] Safepoint "G1Concurrent", Time since last: 55345805 ns, Reaching safepoint: 157135 ns, At safepoint: 185379 ns, Total: 342514 ns
[2021-05-03T11:47:50.327+0000][7][gc,marking  ] GC(445) Concurrent Cleanup for Next Mark
[2021-05-03T11:47:50.327+0000][7][gc,marking  ] GC(445) Concurrent Cleanup for Next Mark 0.135ms
[2021-05-03T11:47:50.327+0000][7][gc          ] GC(445) Concurrent Cycle 143.758ms
[2021-05-03T11:49:54.862+0000][7][gc,start    ] GC(446) Pause Young (Normal) (G1 Evacuation Pause)
[2021-05-03T11:49:54.862+0000][7][gc,task     ] GC(446) Using 6 workers of 8 for evacuation
[2021-05-03T11:49:54.862+0000][7][gc,age      ] GC(446) Desired survivor size 6291456 bytes, new threshold 15 (max threshold 15)
[2021-05-03T11:49:54.864+0000][7][gc,age      ] GC(446) Age table with threshold 15 (max threshold 15)
[2021-05-03T11:49:54.864+0000][7][gc,age      ] GC(446) - age   1:     514584 bytes,     514584 total
[2021-05-03T11:49:54.864+0000][7][gc,age      ] GC(446) - age   2:       2120 bytes,     516704 total
[2021-05-03T11:49:54.864+0000][7][gc,age      ] GC(446) - age   3:     234080 bytes,     750784 total
[2021-05-03T11:49:54.864+0000][7][gc,age      ] GC(446) - age   4:        504 bytes,     751288 total
[2021-05-03T11:49:54.864+0000][7][gc,age      ] GC(446) - age   5:        136 bytes,     751424 total
[2021-05-03T11:49:54.864+0000][7][gc,age      ] GC(446) - age   6:        200 bytes,     751624 total
[2021-05-03T11:49:54.864+0000][7][gc,age      ] GC(446) - age   7:       2848 bytes,     754472 total
[2021-05-03T11:49:54.864+0000][7][gc,age      ] GC(446) - age   8:       2600 bytes,     757072 total
[2021-05-03T11:49:54.864+0000][7][gc,age      ] GC(446) - age  10:         40 bytes,     757112 total
[2021-05-03T11:49:54.864+0000][7][gc,age      ] GC(446) - age  12:       1592 bytes,     758704 total
[2021-05-03T11:49:54.864+0000][7][gc,age      ] GC(446) - age  13:        168 bytes,     758872 total
[2021-05-03T11:49:54.864+0000][7][gc,age      ] GC(446) - age  14:       3104 bytes,     761976 total
[2021-05-03T11:49:54.864+0000][7][gc,age      ] GC(446) - age  15:     391920 bytes,    1153896 total
[2021-05-03T11:49:54.864+0000][7][gc,phases   ] GC(446)   Pre Evacuate Collection Set: 0.1ms
[2021-05-03T11:49:54.864+0000][7][gc,phases   ] GC(446)   Merge Heap Roots: 0.0ms
[2021-05-03T11:49:54.864+0000][7][gc,phases   ] GC(446)   Evacuate Collection Set: 0.9ms
[2021-05-03T11:49:54.864+0000][7][gc,phases   ] GC(446)   Post Evacuate Collection Set: 0.6ms
[2021-05-03T11:49:54.864+0000][7][gc,phases   ] GC(446)   Other: 0.2ms
[2021-05-03T11:49:54.864+0000][7][gc,heap     ] GC(446) Eden regions: 21->0(21)
[2021-05-03T11:49:54.864+0000][7][gc,heap     ] GC(446) Survivor regions: 1->1(3)
[2021-05-03T11:49:54.864+0000][7][gc,heap     ] GC(446) Old regions: 27->27
[2021-05-03T11:49:54.864+0000][7][gc,heap     ] GC(446) Archive regions: 2->2
[2021-05-03T11:49:54.864+0000][7][gc,heap     ] GC(446) Humongous regions: 2->2
[2021-05-03T11:49:54.864+0000][7][gc,metaspace] GC(446) Metaspace: 109813K(114768K)->109813K(114768K) NonClass: 95873K(99484K)->95873K(99484K) Class: 13940K(15284K)->13940K(15284K)
[2021-05-03T11:49:54.864+0000][7][gc          ] GC(446) Pause Young (Normal) (G1 Evacuation Pause) 202M->118M(256M) 1.990ms
[2021-05-03T11:49:54.864+0000][7][gc,cpu      ] GC(446) User=0.01s Sys=0.00s Real=0.00s
[2021-05-03T11:49:54.864+0000][7][safepoint   ] Safepoint "G1CollectForAllocation", Time since last: 124535310403 ns, Reaching safepoint: 191123 ns, At safepoint: 2060352 ns, Total: 2251475 ns
[2021-05-03T11:50:42.878+0000][7][safepoint   ] Safepoint "Cleanup", Time since last: 48013291324 ns, Reaching safepoint: 112043 ns, At safepoint: 4953 ns, Total: 116996 ns
[2021-05-03T11:51:42.895+0000][7][safepoint   ] Safepoint "Cleanup", Time since last: 60016699560 ns, Reaching safepoint: 110995 ns, At safepoint: 6151 ns, Total: 117146 ns
[2021-05-03T11:52:09.646+0000][7][gc,start    ] GC(447) Pause Young (Concurrent Start) (G1 Evacuation Pause)
[2021-05-03T11:52:09.646+0000][7][gc,task     ] GC(447) Using 6 workers of 8 for evacuation
[2021-05-03T11:52:09.646+0000][7][gc,age      ] GC(447) Desired survivor size 6291456 bytes, new threshold 15 (max threshold 15)
[2021-05-03T11:52:09.648+0000][7][gc,age      ] GC(447) Age table with threshold 15 (max threshold 15)
[2021-05-03T11:52:09.648+0000][7][gc,age      ] GC(447) - age   1:     511664 bytes,     511664 total
[2021-05-03T11:52:09.648+0000][7][gc,age      ] GC(447) - age   2:        560 bytes,     512224 total
[2021-05-03T11:52:09.648+0000][7][gc,age      ] GC(447) - age   3:       1176 bytes,     513400 total
[2021-05-03T11:52:09.648+0000][7][gc,age      ] GC(447) - age   4:     153784 bytes,     667184 total
[2021-05-03T11:52:09.648+0000][7][gc,age      ] GC(447) - age   5:        504 bytes,     667688 total
[2021-05-03T11:52:09.648+0000][7][gc,age      ] GC(447) - age   6:        136 bytes,     667824 total
[2021-05-03T11:52:09.648+0000][7][gc,age      ] GC(447) - age   7:        200 bytes,     668024 total
[2021-05-03T11:52:09.648+0000][7][gc,age      ] GC(447) - age   8:       2848 bytes,     670872 total
[2021-05-03T11:52:09.648+0000][7][gc,age      ] GC(447) - age   9:       2600 bytes,     673472 total
[2021-05-03T11:52:09.648+0000][7][gc,age      ] GC(447) - age  11:         40 bytes,     673512 total
[2021-05-03T11:52:09.648+0000][7][gc,age      ] GC(447) - age  13:       1592 bytes,     675104 total
[2021-05-03T11:52:09.648+0000][7][gc,age      ] GC(447) - age  14:        168 bytes,     675272 total
[2021-05-03T11:52:09.648+0000][7][gc,age      ] GC(447) - age  15:       3104 bytes,     678376 total
[2021-05-03T11:52:09.648+0000][7][gc,phases   ] GC(447)   Pre Evacuate Collection Set: 0.2ms
[2021-05-03T11:52:09.648+0000][7][gc,phases   ] GC(447)   Merge Heap Roots: 0.1ms
[2021-05-03T11:52:09.648+0000][7][gc,phases   ] GC(447)   Evacuate Collection Set: 1.2ms
[2021-05-03T11:52:09.648+0000][7][gc,phases   ] GC(447)   Post Evacuate Collection Set: 0.6ms
[2021-05-03T11:52:09.648+0000][7][gc,phases   ] GC(447)   Other: 0.2ms
[2021-05-03T11:52:09.648+0000][7][gc,heap     ] GC(447) Eden regions: 21->0(21)
[2021-05-03T11:52:09.648+0000][7][gc,heap     ] GC(447) Survivor regions: 1->1(3)
[2021-05-03T11:52:09.648+0000][7][gc,heap     ] GC(447) Old regions: 27->27
[2021-05-03T11:52:09.648+0000][7][gc,heap     ] GC(447) Archive regions: 2->2
[2021-05-03T11:52:09.648+0000][7][gc,heap     ] GC(447) Humongous regions: 2->2
[2021-05-03T11:52:09.648+0000][7][gc,metaspace] GC(447) Metaspace: 109813K(114768K)->109813K(114768K) NonClass: 95873K(99484K)->95873K(99484K) Class: 13940K(15284K)->13940K(15284K)
[2021-05-03T11:52:09.648+0000][7][gc          ] GC(447) Pause Young (Concurrent Start) (G1 Evacuation Pause) 202M->118M(256M) 2.370ms
[2021-05-03T11:52:09.648+0000][7][gc,cpu      ] GC(447) User=0.01s Sys=0.00s Real=0.00s
[2021-05-03T11:52:09.648+0000][7][gc          ] GC(448) Concurrent Cycle
[2021-05-03T11:52:09.648+0000][7][gc,marking  ] GC(448) Concurrent Clear Claimed Marks
[2021-05-03T11:52:09.648+0000][7][safepoint   ] Safepoint "G1CollectForAllocation", Time since last: 26751030544 ns, Reaching safepoint: 160101 ns, At safepoint: 2438789 ns, Total: 2598890 ns
[2021-05-03T11:52:09.648+0000][7][gc,marking  ] GC(448) Concurrent Clear Claimed Marks 0.043ms
[2021-05-03T11:52:09.648+0000][7][gc,marking  ] GC(448) Concurrent Scan Root Regions
[2021-05-03T11:52:09.649+0000][7][gc,marking  ] GC(448) Concurrent Scan Root Regions 0.669ms
[2021-05-03T11:52:09.649+0000][7][gc,marking  ] GC(448) Concurrent Mark (34671.577s)
[2021-05-03T11:52:09.649+0000][7][gc,marking  ] GC(448) Concurrent Mark From Roots
[2021-05-03T11:52:09.649+0000][7][gc,task     ] GC(448) Using 2 workers of 2 for marking
[2021-05-03T11:52:09.729+0000][7][gc,marking  ] GC(448) Concurrent Mark From Roots 79.644ms
[2021-05-03T11:52:09.729+0000][7][gc,marking  ] GC(448) Concurrent Preclean
[2021-05-03T11:52:09.729+0000][7][gc,marking  ] GC(448) Concurrent Preclean 0.213ms
[2021-05-03T11:52:09.729+0000][7][gc,marking  ] GC(448) Concurrent Mark (34671.577s, 34671.657s) 79.906ms
[2021-05-03T11:52:09.729+0000][7][gc,start    ] GC(448) Pause Remark
[2021-05-03T11:52:09.735+0000][7][gc          ] GC(448) Pause Remark 118M->118M(256M) 5.911ms
[2021-05-03T11:52:09.735+0000][7][gc,cpu      ] GC(448) User=0.04s Sys=0.00s Real=0.01s
[2021-05-03T11:52:09.735+0000][7][safepoint   ] Safepoint "G1Concurrent", Time since last: 80725844 ns, Reaching safepoint: 88897 ns, At safepoint: 5986253 ns, Total: 6075150 ns
[2021-05-03T11:52:09.735+0000][7][gc,marking  ] GC(448) Concurrent Rebuild Remembered Sets
[2021-05-03T11:52:09.788+0000][7][gc,marking  ] GC(448) Concurrent Rebuild Remembered Sets 53.236ms
[2021-05-03T11:52:09.789+0000][7][gc,start    ] GC(448) Pause Cleanup
[2021-05-03T11:52:09.789+0000][7][gc          ] GC(448) Pause Cleanup 118M->118M(256M) 0.070ms
[2021-05-03T11:52:09.789+0000][7][gc,cpu      ] GC(448) User=0.00s Sys=0.00s Real=0.00s
[2021-05-03T11:52:09.789+0000][7][safepoint   ] Safepoint "G1Concurrent", Time since last: 53342816 ns, Reaching safepoint: 118299 ns, At safepoint: 110034 ns, Total: 228333 ns
[2021-05-03T11:52:09.789+0000][7][gc,marking  ] GC(448) Concurrent Cleanup for Next Mark
[2021-05-03T11:52:09.789+0000][7][gc,marking  ] GC(448) Concurrent Cleanup for Next Mark 0.132ms
[2021-05-03T11:52:09.789+0000][7][gc          ] GC(448) Concurrent Cycle 140.576ms
[2021-05-03T11:54:20.205+0000][7][gc,start    ] GC(449) Pause Young (Normal) (G1 Evacuation Pause)
[2021-05-03T11:54:20.205+0000][7][gc,task     ] GC(449) Using 6 workers of 8 for evacuation
[2021-05-03T11:54:20.205+0000][7][gc,age      ] GC(449) Desired survivor size 6291456 bytes, new threshold 15 (max threshold 15)
[2021-05-03T11:54:20.206+0000][7][gc,age      ] GC(449) Age table with threshold 15 (max threshold 15)
[2021-05-03T11:54:20.206+0000][7][gc,age      ] GC(449) - age   1:     597728 bytes,     597728 total
[2021-05-03T11:54:20.206+0000][7][gc,age      ] GC(449) - age   2:        368 bytes,     598096 total
[2021-05-03T11:54:20.206+0000][7][gc,age      ] GC(449) - age   3:        560 bytes,     598656 total
[2021-05-03T11:54:20.206+0000][7][gc,age      ] GC(449) - age   4:       1176 bytes,     599832 total
[2021-05-03T11:54:20.206+0000][7][gc,age      ] GC(449) - age   5:     153784 bytes,     753616 total
[2021-05-03T11:54:20.206+0000][7][gc,age      ] GC(449) - age   6:        504 bytes,     754120 total
[2021-05-03T11:54:20.206+0000][7][gc,age      ] GC(449) - age   7:        136 bytes,     754256 total
[2021-05-03T11:54:20.206+0000][7][gc,age      ] GC(449) - age   8:        200 bytes,     754456 total
[2021-05-03T11:54:20.206+0000][7][gc,age      ] GC(449) - age   9:       2752 bytes,     757208 total
[2021-05-03T11:54:20.206+0000][7][gc,age      ] GC(449) - age  10:       2400 bytes,     759608 total
[2021-05-03T11:54:20.206+0000][7][gc,age      ] GC(449) - age  12:         40 bytes,     759648 total
[2021-05-03T11:54:20.207+0000][7][gc,age      ] GC(449) - age  14:       1552 bytes,     761200 total
[2021-05-03T11:54:20.207+0000][7][gc,age      ] GC(449) - age  15:        168 bytes,     761368 total
[2021-05-03T11:54:20.207+0000][7][gc,phases   ] GC(449)   Pre Evacuate Collection Set: 0.1ms
[2021-05-03T11:54:20.207+0000][7][gc,phases   ] GC(449)   Merge Heap Roots: 0.1ms
[2021-05-03T11:54:20.207+0000][7][gc,phases   ] GC(449)   Evacuate Collection Set: 0.9ms
[2021-05-03T11:54:20.207+0000][7][gc,phases   ] GC(449)   Post Evacuate Collection Set: 0.5ms
[2021-05-03T11:54:20.207+0000][7][gc,phases   ] GC(449)   Other: 0.2ms
[2021-05-03T11:54:20.207+0000][7][gc,heap     ] GC(449) Eden regions: 21->0(21)
[2021-05-03T11:54:20.207+0000][7][gc,heap     ] GC(449) Survivor regions: 1->1(3)
[2021-05-03T11:54:20.207+0000][7][gc,heap     ] GC(449) Old regions: 27->27
[2021-05-03T11:54:20.207+0000][7][gc,heap     ] GC(449) Archive regions: 2->2
[2021-05-03T11:54:20.207+0000][7][gc,heap     ] GC(449) Humongous regions: 2->2
[2021-05-03T11:54:20.207+0000][7][gc,metaspace] GC(449) Metaspace: 109814K(114768K)->109814K(114768K) NonClass: 95873K(99484K)->95873K(99484K) Class: 13940K(15284K)->13940K(15284K)
[2021-05-03T11:54:20.207+0000][7][gc          ] GC(449) Pause Young (Normal) (G1 Evacuation Pause) 202M->118M(256M) 1.792ms
[2021-05-03T11:54:20.207+0000][7][gc,cpu      ] GC(449) User=0.01s Sys=0.00s Real=0.00s
[2021-05-03T11:54:20.207+0000][7][safepoint   ] Safepoint "G1CollectForAllocation", Time since last: 130415923446 ns, Reaching safepoint: 215029 ns, At safepoint: 1858857 ns, Total: 2073886 ns
[2021-05-03T11:55:41.229+0000][7][safepoint   ] Safepoint "Cleanup", Time since last: 81021938305 ns, Reaching safepoint: 160659 ns, At safepoint: 7201 ns, Total: 167860 ns
[2021-05-03T11:55:50.211+0000][7][gc,start    ] GC(450) Pause Young (Concurrent Start) (G1 Evacuation Pause)
[2021-05-03T11:55:50.212+0000][7][gc,task     ] GC(450) Using 6 workers of 8 for evacuation
[2021-05-03T11:55:50.212+0000][7][gc,age      ] GC(450) Desired survivor size 6291456 bytes, new threshold 15 (max threshold 15)
[2021-05-03T11:55:50.213+0000][7][gc,age      ] GC(450) Age table with threshold 15 (max threshold 15)
[2021-05-03T11:55:50.213+0000][7][gc,age      ] GC(450) - age   1:     887176 bytes,     887176 total
[2021-05-03T11:55:50.213+0000][7][gc,age      ] GC(450) - age   2:       1016 bytes,     888192 total
[2021-05-03T11:55:50.213+0000][7][gc,age      ] GC(450) - age   3:        168 bytes,     888360 total
[2021-05-03T11:55:50.213+0000][7][gc,age      ] GC(450) - age   4:        288 bytes,     888648 total
[2021-05-03T11:55:50.213+0000][7][gc,age      ] GC(450) - age   5:        136 bytes,     888784 total
[2021-05-03T11:55:50.213+0000][7][gc,age      ] GC(450) - age   6:       3160 bytes,     891944 total
[2021-05-03T11:55:50.213+0000][7][gc,age      ] GC(450) - age   7:        144 bytes,     892088 total
[2021-05-03T11:55:50.213+0000][7][gc,age      ] GC(450) - age   8:        136 bytes,     892224 total
[2021-05-03T11:55:50.213+0000][7][gc,age      ] GC(450) - age   9:        200 bytes,     892424 total
[2021-05-03T11:55:50.213+0000][7][gc,age      ] GC(450) - age  10:        464 bytes,     892888 total
[2021-05-03T11:55:50.213+0000][7][gc,age      ] GC(450) - age  15:       1312 bytes,     894200 total
[2021-05-03T11:55:50.213+0000][7][gc,phases   ] GC(450)   Pre Evacuate Collection Set: 0.1ms
[2021-05-03T11:55:50.213+0000][7][gc,phases   ] GC(450)   Merge Heap Roots: 0.0ms
[2021-05-03T11:55:50.213+0000][7][gc,phases   ] GC(450)   Evacuate Collection Set: 1.1ms
[2021-05-03T11:55:50.213+0000][7][gc,phases   ] GC(450)   Post Evacuate Collection Set: 0.5ms
[2021-05-03T11:55:50.213+0000][7][gc,phases   ] GC(450)   Other: 0.2ms
[2021-05-03T11:55:50.213+0000][7][gc,heap     ] GC(450) Eden regions: 21->0(21)
[2021-05-03T11:55:50.213+0000][7][gc,heap     ] GC(450) Survivor regions: 1->1(3)
[2021-05-03T11:55:50.213+0000][7][gc,heap     ] GC(450) Old regions: 27->27
[2021-05-03T11:55:50.213+0000][7][gc,heap     ] GC(450) Archive regions: 2->2
[2021-05-03T11:55:50.213+0000][7][gc,heap     ] GC(450) Humongous regions: 2->2
[2021-05-03T11:55:50.213+0000][7][gc,metaspace] GC(450) Metaspace: 109830K(114768K)->109830K(114768K) NonClass: 95890K(99484K)->95890K(99484K) Class: 13940K(15284K)->13940K(15284K)
[2021-05-03T11:55:50.213+0000][7][gc          ] GC(450) Pause Young (Concurrent Start) (G1 Evacuation Pause) 202M->118M(256M) 1.944ms
[2021-05-03T11:55:50.213+0000][7][gc,cpu      ] GC(450) User=0.01s Sys=0.00s Real=0.01s
[2021-05-03T11:55:50.213+0000][7][safepoint   ] Safepoint "G1CollectForAllocation", Time since last: 8982516607 ns, Reaching safepoint: 183728 ns, At safepoint: 2007554 ns, Total: 2191282 ns
[2021-05-03T11:55:50.214+0000][7][gc          ] GC(451) Concurrent Cycle
[2021-05-03T11:55:50.214+0000][7][gc,marking  ] GC(451) Concurrent Clear Claimed Marks
[2021-05-03T11:55:50.214+0000][7][gc,marking  ] GC(451) Concurrent Clear Claimed Marks 0.062ms
[2021-05-03T11:55:50.214+0000][7][gc,marking  ] GC(451) Concurrent Scan Root Regions
[2021-05-03T11:55:50.215+0000][7][gc,marking  ] GC(451) Concurrent Scan Root Regions 1.360ms
[2021-05-03T11:55:50.215+0000][7][gc,marking  ] GC(451) Concurrent Mark (34892.143s)
[2021-05-03T11:55:50.215+0000][7][gc,marking  ] GC(451) Concurrent Mark From Roots
[2021-05-03T11:55:50.215+0000][7][gc,task     ] GC(451) Using 2 workers of 2 for marking
[2021-05-03T11:55:50.308+0000][7][gc,marking  ] GC(451) Concurrent Mark From Roots 92.709ms
[2021-05-03T11:55:50.308+0000][7][gc,marking  ] GC(451) Concurrent Preclean
[2021-05-03T11:55:50.308+0000][7][gc,marking  ] GC(451) Concurrent Preclean 0.209ms
[2021-05-03T11:55:50.308+0000][7][gc,marking  ] GC(451) Concurrent Mark (34892.143s, 34892.236s) 92.969ms
[2021-05-03T11:55:50.308+0000][7][gc,start    ] GC(451) Pause Remark
[2021-05-03T11:55:50.314+0000][7][gc          ] GC(451) Pause Remark 120M->120M(256M) 5.899ms
[2021-05-03T11:55:50.314+0000][7][gc,cpu      ] GC(451) User=0.03s Sys=0.00s Real=0.01s
[2021-05-03T11:55:50.314+0000][7][safepoint   ] Safepoint "G1Concurrent", Time since last: 94532799 ns, Reaching safepoint: 162498 ns, At safepoint: 5974725 ns, Total: 6137223 ns
[2021-05-03T11:55:50.314+0000][7][gc,marking  ] GC(451) Concurrent Rebuild Remembered Sets
[2021-05-03T11:55:50.367+0000][7][gc,marking  ] GC(451) Concurrent Rebuild Remembered Sets 52.900ms
[2021-05-03T11:55:50.367+0000][7][gc,start    ] GC(451) Pause Cleanup
[2021-05-03T11:55:50.367+0000][7][gc          ] GC(451) Pause Cleanup 120M->120M(256M) 0.072ms
[2021-05-03T11:55:50.367+0000][7][gc,cpu      ] GC(451) User=0.00s Sys=0.00s Real=0.00s
[2021-05-03T11:55:50.367+0000][7][safepoint   ] Safepoint "G1Concurrent", Time since last: 53035584 ns, Reaching safepoint: 83511 ns, At safepoint: 113104 ns, Total: 196615 ns
[2021-05-03T11:55:50.367+0000][7][gc,marking  ] GC(451) Concurrent Cleanup for Next Mark
[2021-05-03T11:55:50.368+0000][7][gc,marking  ] GC(451) Concurrent Cleanup for Next Mark 0.115ms
[2021-05-03T11:55:50.368+0000][7][gc          ] GC(451) Concurrent Cycle 154.070ms
[2021-05-03T11:58:06.091+0000][7][gc,start    ] GC(452) Pause Young (Normal) (G1 Evacuation Pause)
[2021-05-03T11:58:06.091+0000][7][gc,task     ] GC(452) Using 6 workers of 8 for evacuation
[2021-05-03T11:58:06.091+0000][7][gc,age      ] GC(452) Desired survivor size 6291456 bytes, new threshold 15 (max threshold 15)
[2021-05-03T11:58:06.092+0000][7][gc,age      ] GC(452) Age table with threshold 15 (max threshold 15)
[2021-05-03T11:58:06.092+0000][7][gc,age      ] GC(452) - age   1:     515712 bytes,     515712 total
[2021-05-03T11:58:06.092+0000][7][gc,age      ] GC(452) - age   2:     305952 bytes,     821664 total
[2021-05-03T11:58:06.092+0000][7][gc,age      ] GC(452) - age   3:        288 bytes,     821952 total
[2021-05-03T11:58:06.092+0000][7][gc,age      ] GC(452) - age   4:        168 bytes,     822120 total
[2021-05-03T11:58:06.092+0000][7][gc,age      ] GC(452) - age   5:        288 bytes,     822408 total
[2021-05-03T11:58:06.092+0000][7][gc,age      ] GC(452) - age   6:         40 bytes,     822448 total
[2021-05-03T11:58:06.092+0000][7][gc,age      ] GC(452) - age   7:       3160 bytes,     825608 total
[2021-05-03T11:58:06.092+0000][7][gc,age      ] GC(452) - age   8:        144 bytes,     825752 total
[2021-05-03T11:58:06.092+0000][7][gc,age      ] GC(452) - age   9:        136 bytes,     825888 total
[2021-05-03T11:58:06.092+0000][7][gc,age      ] GC(452) - age  10:        200 bytes,     826088 total
[2021-05-03T11:58:06.092+0000][7][gc,age      ] GC(452) - age  11:        464 bytes,     826552 total
[2021-05-03T11:58:06.092+0000][7][gc,phases   ] GC(452)   Pre Evacuate Collection Set: 0.0ms
[2021-05-03T11:58:06.092+0000][7][gc,phases   ] GC(452)   Merge Heap Roots: 0.0ms
[2021-05-03T11:58:06.092+0000][7][gc,phases   ] GC(452)   Evacuate Collection Set: 0.9ms
[2021-05-03T11:58:06.092+0000][7][gc,phases   ] GC(452)   Post Evacuate Collection Set: 0.4ms
[2021-05-03T11:58:06.092+0000][7][gc,phases   ] GC(452)   Other: 0.2ms
[2021-05-03T11:58:06.092+0000][7][gc,heap     ] GC(452) Eden regions: 21->0(21)
[2021-05-03T11:58:06.092+0000][7][gc,heap     ] GC(452) Survivor regions: 1->1(3)
[2021-05-03T11:58:06.092+0000][7][gc,heap     ] GC(452) Old regions: 27->27
[2021-05-03T11:58:06.092+0000][7][gc,heap     ] GC(452) Archive regions: 2->2
[2021-05-03T11:58:06.092+0000][7][gc,heap     ] GC(452) Humongous regions: 2->2
[2021-05-03T11:58:06.092+0000][7][gc,metaspace] GC(452) Metaspace: 109830K(114768K)->109830K(114768K) NonClass: 95890K(99484K)->95890K(99484K) Class: 13940K(15284K)->13940K(15284K)
[2021-05-03T11:58:06.092+0000][7][gc          ] GC(452) Pause Young (Normal) (G1 Evacuation Pause) 202M->118M(256M) 1.596ms
[2021-05-03T11:58:06.092+0000][7][gc,cpu      ] GC(452) User=0.01s Sys=0.01s Real=0.01s
[2021-05-03T11:58:06.092+0000][7][safepoint   ] Safepoint "G1CollectForAllocation", Time since last: 135722960170 ns, Reaching safepoint: 163558 ns, At safepoint: 1657902 ns, Total: 1821460 ns
[2021-05-03T12:00:10.107+0000][7][gc,start    ] GC(453) Pause Young (Concurrent Start) (G1 Evacuation Pause)
[2021-05-03T12:00:10.107+0000][7][gc,task     ] GC(453) Using 6 workers of 8 for evacuation
[2021-05-03T12:00:10.107+0000][7][gc,age      ] GC(453) Desired survivor size 6291456 bytes, new threshold 15 (max threshold 15)
[2021-05-03T12:00:10.108+0000][7][gc,age      ] GC(453) Age table with threshold 15 (max threshold 15)
[2021-05-03T12:00:10.108+0000][7][gc,age      ] GC(453) - age   1:     513584 bytes,     513584 total
[2021-05-03T12:00:10.108+0000][7][gc,age      ] GC(453) - age   2:        800 bytes,     514384 total
[2021-05-03T12:00:10.108+0000][7][gc,age      ] GC(453) - age   3:     183864 bytes,     698248 total
[2021-05-03T12:00:10.108+0000][7][gc,age      ] GC(453) - age   4:        288 bytes,     698536 total
[2021-05-03T12:00:10.108+0000][7][gc,age      ] GC(453) - age   5:         24 bytes,     698560 total
[2021-05-03T12:00:10.108+0000][7][gc,age      ] GC(453) - age   6:        224 bytes,     698784 total
[2021-05-03T12:00:10.108+0000][7][gc,age      ] GC(453) - age   7:         40 bytes,     698824 total
[2021-05-03T12:00:10.108+0000][7][gc,age      ] GC(453) - age   8:       2952 bytes,     701776 total
[2021-05-03T12:00:10.108+0000][7][gc,age      ] GC(453) - age   9:        144 bytes,     701920 total
[2021-05-03T12:00:10.108+0000][7][gc,age      ] GC(453) - age  10:        136 bytes,     702056 total
[2021-05-03T12:00:10.108+0000][7][gc,age      ] GC(453) - age  11:        200 bytes,     702256 total
[2021-05-03T12:00:10.108+0000][7][gc,age      ] GC(453) - age  12:        464 bytes,     702720 total
[2021-05-03T12:00:10.108+0000][7][gc,phases   ] GC(453)   Pre Evacuate Collection Set: 0.1ms
[2021-05-03T12:00:10.108+0000][7][gc,phases   ] GC(453)   Merge Heap Roots: 0.0ms
[2021-05-03T12:00:10.108+0000][7][gc,phases   ] GC(453)   Evacuate Collection Set: 1.0ms
[2021-05-03T12:00:10.108+0000][7][gc,phases   ] GC(453)   Post Evacuate Collection Set: 0.5ms
[2021-05-03T12:00:10.108+0000][7][gc,phases   ] GC(453)   Other: 0.2ms
[2021-05-03T12:00:10.108+0000][7][gc,heap     ] GC(453) Eden regions: 21->0(21)
[2021-05-03T12:00:10.109+0000][7][gc,heap     ] GC(453) Survivor regions: 1->1(3)
[2021-05-03T12:00:10.109+0000][7][gc,heap     ] GC(453) Old regions: 27->27
[2021-05-03T12:00:10.109+0000][7][gc,heap     ] GC(453) Archive regions: 2->2
[2021-05-03T12:00:10.109+0000][7][gc,heap     ] GC(453) Humongous regions: 2->2
[2021-05-03T12:00:10.109+0000][7][gc,metaspace] GC(453) Metaspace: 109830K(114768K)->109830K(114768K) NonClass: 95890K(99484K)->95890K(99484K) Class: 13940K(15284K)->13940K(15284K)
[2021-05-03T12:00:10.109+0000][7][gc          ] GC(453) Pause Young (Concurrent Start) (G1 Evacuation Pause) 202M->118M(256M) 1.978ms
[2021-05-03T12:00:10.109+0000][7][gc,cpu      ] GC(453) User=0.01s Sys=0.00s Real=0.00s
[2021-05-03T12:00:10.109+0000][7][gc          ] GC(454) Concurrent Cycle
[2021-05-03T12:00:10.109+0000][7][gc,marking  ] GC(454) Concurrent Clear Claimed Marks
[2021-05-03T12:00:10.109+0000][7][safepoint   ] Safepoint "G1CollectForAllocation", Time since last: 124014204240 ns, Reaching safepoint: 172152 ns, At safepoint: 2047369 ns, Total: 2219521 ns
[2021-05-03T12:00:10.109+0000][7][gc,marking  ] GC(454) Concurrent Clear Claimed Marks 0.075ms
[2021-05-03T12:00:10.109+0000][7][gc,marking  ] GC(454) Concurrent Scan Root Regions
[2021-05-03T12:00:10.110+0000][7][gc,marking  ] GC(454) Concurrent Scan Root Regions 1.395ms
[2021-05-03T12:00:10.110+0000][7][gc,marking  ] GC(454) Concurrent Mark (35152.038s)
[2021-05-03T12:00:10.110+0000][7][gc,marking  ] GC(454) Concurrent Mark From Roots
[2021-05-03T12:00:10.110+0000][7][gc,task     ] GC(454) Using 2 workers of 2 for marking
[2021-05-03T12:00:10.191+0000][7][gc,marking  ] GC(454) Concurrent Mark From Roots 80.742ms
[2021-05-03T12:00:10.191+0000][7][gc,marking  ] GC(454) Concurrent Preclean
[2021-05-03T12:00:10.191+0000][7][gc,marking  ] GC(454) Concurrent Preclean 0.215ms
[2021-05-03T12:00:10.191+0000][7][gc,marking  ] GC(454) Concurrent Mark (35152.038s, 35152.119s) 81.005ms
[2021-05-03T12:00:10.191+0000][7][gc,start    ] GC(454) Pause Remark
[2021-05-03T12:00:10.197+0000][7][gc          ] GC(454) Pause Remark 119M->119M(256M) 5.886ms
[2021-05-03T12:00:10.197+0000][7][gc,cpu      ] GC(454) User=0.03s Sys=0.00s Real=0.01s
[2021-05-03T12:00:10.197+0000][7][safepoint   ] Safepoint "G1Concurrent", Time since last: 82582977 ns, Reaching safepoint: 110543 ns, At safepoint: 5962821 ns, Total: 6073364 ns
[2021-05-03T12:00:10.197+0000][7][gc,marking  ] GC(454) Concurrent Rebuild Remembered Sets
[2021-05-03T12:00:10.250+0000][7][gc,marking  ] GC(454) Concurrent Rebuild Remembered Sets 52.805ms
[2021-05-03T12:00:10.250+0000][7][gc,start    ] GC(454) Pause Cleanup
[2021-05-03T12:00:10.250+0000][7][gc          ] GC(454) Pause Cleanup 119M->119M(256M) 0.061ms
[2021-05-03T12:00:10.250+0000][7][gc,cpu      ] GC(454) User=0.00s Sys=0.00s Real=0.00s
[2021-05-03T12:00:10.250+0000][7][safepoint   ] Safepoint "G1Concurrent", Time since last: 52951576 ns, Reaching safepoint: 80349 ns, At safepoint: 101219 ns, Total: 181568 ns
[2021-05-03T12:00:10.250+0000][7][gc,marking  ] GC(454) Concurrent Cleanup for Next Mark
[2021-05-03T12:00:10.251+0000][7][gc,marking  ] GC(454) Concurrent Cleanup for Next Mark 0.175ms
[2021-05-03T12:00:10.251+0000][7][gc          ] GC(454) Concurrent Cycle 142.019ms
[2021-05-03T12:02:24.159+0000][7][gc,start    ] GC(455) Pause Young (Normal) (G1 Evacuation Pause)
[2021-05-03T12:02:24.159+0000][7][gc,task     ] GC(455) Using 6 workers of 8 for evacuation
[2021-05-03T12:02:24.159+0000][7][gc,age      ] GC(455) Desired survivor size 6291456 bytes, new threshold 15 (max threshold 15)
[2021-05-03T12:02:24.161+0000][7][gc,age      ] GC(455) Age table with threshold 15 (max threshold 15)
[2021-05-03T12:02:24.161+0000][7][gc,age      ] GC(455) - age   1:     506384 bytes,     506384 total
[2021-05-03T12:02:24.161+0000][7][gc,age      ] GC(455) - age   2:       1240 bytes,     507624 total
[2021-05-03T12:02:24.161+0000][7][gc,age      ] GC(455) - age   3:        488 bytes,     508112 total
[2021-05-03T12:02:24.161+0000][7][gc,age      ] GC(455) - age   4:     183864 bytes,     691976 total
[2021-05-03T12:02:24.161+0000][7][gc,age      ] GC(455) - age   5:        192 bytes,     692168 total
[2021-05-03T12:02:24.161+0000][7][gc,age      ] GC(455) - age   6:         24 bytes,     692192 total
[2021-05-03T12:02:24.161+0000][7][gc,age      ] GC(455) - age   7:        224 bytes,     692416 total
[2021-05-03T12:02:24.161+0000][7][gc,age      ] GC(455) - age   8:         40 bytes,     692456 total
[2021-05-03T12:02:24.161+0000][7][gc,age      ] GC(455) - age   9:       2952 bytes,     695408 total
[2021-05-03T12:02:24.161+0000][7][gc,age      ] GC(455) - age  10:        144 bytes,     695552 total
[2021-05-03T12:02:24.161+0000][7][gc,age      ] GC(455) - age  11:        136 bytes,     695688 total
[2021-05-03T12:02:24.161+0000][7][gc,age      ] GC(455) - age  12:        200 bytes,     695888 total
[2021-05-03T12:02:24.161+0000][7][gc,age      ] GC(455) - age  13:        464 bytes,     696352 total
[2021-05-03T12:02:24.161+0000][7][gc,phases   ] GC(455)   Pre Evacuate Collection Set: 0.1ms
[2021-05-03T12:02:24.161+0000][7][gc,phases   ] GC(455)   Merge Heap Roots: 0.1ms
[2021-05-03T12:02:24.161+0000][7][gc,phases   ] GC(455)   Evacuate Collection Set: 1.6ms
[2021-05-03T12:02:24.161+0000][7][gc,phases   ] GC(455)   Post Evacuate Collection Set: 0.5ms
[2021-05-03T12:02:24.161+0000][7][gc,phases   ] GC(455)   Other: 0.2ms
[2021-05-03T12:02:24.161+0000][7][gc,heap     ] GC(455) Eden regions: 21->0(21)
[2021-05-03T12:02:24.161+0000][7][gc,heap     ] GC(455) Survivor regions: 1->1(3)
[2021-05-03T12:02:24.161+0000][7][gc,heap     ] GC(455) Old regions: 27->27
[2021-05-03T12:02:24.161+0000][7][gc,heap     ] GC(455) Archive regions: 2->2
[2021-05-03T12:02:24.161+0000][7][gc,heap     ] GC(455) Humongous regions: 2->2
[2021-05-03T12:02:24.161+0000][7][gc,metaspace] GC(455) Metaspace: 109830K(114768K)->109830K(114768K) NonClass: 95890K(99484K)->95890K(99484K) Class: 13940K(15284K)->13940K(15284K)
[2021-05-03T12:02:24.161+0000][7][gc          ] GC(455) Pause Young (Normal) (G1 Evacuation Pause) 202M->118M(256M) 2.478ms
[2021-05-03T12:02:24.162+0000][7][gc,cpu      ] GC(455) User=0.00s Sys=0.00s Real=0.01s
[2021-05-03T12:02:24.162+0000][7][safepoint   ] Safepoint "G1CollectForAllocation", Time since last: 133908462573 ns, Reaching safepoint: 140869 ns, At safepoint: 2554719 ns, Total: 2695588 ns
[2021-05-03T12:04:40.211+0000][7][gc,start    ] GC(456) Pause Young (Concurrent Start) (G1 Evacuation Pause)
[2021-05-03T12:04:40.211+0000][7][gc,task     ] GC(456) Using 6 workers of 8 for evacuation
[2021-05-03T12:04:40.211+0000][7][gc,age      ] GC(456) Desired survivor size 6291456 bytes, new threshold 15 (max threshold 15)
[2021-05-03T12:04:40.212+0000][7][gc,age      ] GC(456) Age table with threshold 15 (max threshold 15)
[2021-05-03T12:04:40.212+0000][7][gc,age      ] GC(456) - age   1:     508832 bytes,     508832 total
[2021-05-03T12:04:40.212+0000][7][gc,age      ] GC(456) - age   2:        320 bytes,     509152 total
[2021-05-03T12:04:40.212+0000][7][gc,age      ] GC(456) - age   3:        960 bytes,     510112 total
[2021-05-03T12:04:40.212+0000][7][gc,age      ] GC(456) - age   4:        488 bytes,     510600 total
[2021-05-03T12:04:40.212+0000][7][gc,age      ] GC(456) - age   5:     182232 bytes,     692832 total
[2021-05-03T12:04:40.212+0000][7][gc,age      ] GC(456) - age   6:         72 bytes,     692904 total
[2021-05-03T12:04:40.212+0000][7][gc,age      ] GC(456) - age   7:         24 bytes,     692928 total
[2021-05-03T12:04:40.212+0000][7][gc,age      ] GC(456) - age  10:       2952 bytes,     695880 total
[2021-05-03T12:04:40.212+0000][7][gc,age      ] GC(456) - age  11:        144 bytes,     696024 total
[2021-05-03T12:04:40.212+0000][7][gc,age      ] GC(456) - age  12:        136 bytes,     696160 total
[2021-05-03T12:04:40.212+0000][7][gc,age      ] GC(456) - age  13:        200 bytes,     696360 total
[2021-05-03T12:04:40.212+0000][7][gc,age      ] GC(456) - age  14:        424 bytes,     696784 total
[2021-05-03T12:04:40.212+0000][7][gc,phases   ] GC(456)   Pre Evacuate Collection Set: 0.1ms
[2021-05-03T12:04:40.212+0000][7][gc,phases   ] GC(456)   Merge Heap Roots: 0.0ms
[2021-05-03T12:04:40.212+0000][7][gc,phases   ] GC(456)   Evacuate Collection Set: 0.8ms
[2021-05-03T12:04:40.212+0000][7][gc,phases   ] GC(456)   Post Evacuate Collection Set: 0.4ms
[2021-05-03T12:04:40.212+0000][7][gc,phases   ] GC(456)   Other: 0.2ms
[2021-05-03T12:04:40.212+0000][7][gc,heap     ] GC(456) Eden regions: 21->0(21)
[2021-05-03T12:04:40.212+0000][7][gc,heap     ] GC(456) Survivor regions: 1->1(3)
[2021-05-03T12:04:40.212+0000][7][gc,heap     ] GC(456) Old regions: 27->27
[2021-05-03T12:04:40.212+0000][7][gc,heap     ] GC(456) Archive regions: 2->2
[2021-05-03T12:04:40.212+0000][7][gc,heap     ] GC(456) Humongous regions: 2->2
[2021-05-03T12:04:40.212+0000][7][gc,metaspace] GC(456) Metaspace: 109830K(114768K)->109830K(114768K) NonClass: 95890K(99484K)->95890K(99484K) Class: 13940K(15284K)->13940K(15284K)
[2021-05-03T12:04:40.212+0000][7][gc          ] GC(456) Pause Young (Concurrent Start) (G1 Evacuation Pause) 202M->118M(256M) 1.729ms
[2021-05-03T12:04:40.213+0000][7][gc,cpu      ] GC(456) User=0.00s Sys=0.00s Real=0.01s
[2021-05-03T12:04:40.213+0000][7][gc          ] GC(457) Concurrent Cycle
[2021-05-03T12:04:40.213+0000][7][safepoint   ] Safepoint "G1CollectForAllocation", Time since last: 136049110892 ns, Reaching safepoint: 100800 ns, At safepoint: 1795935 ns, Total: 1896735 ns
[2021-05-03T12:04:40.213+0000][7][gc,marking  ] GC(457) Concurrent Clear Claimed Marks
[2021-05-03T12:04:40.213+0000][7][gc,marking  ] GC(457) Concurrent Clear Claimed Marks 0.060ms
[2021-05-03T12:04:40.213+0000][7][gc,marking  ] GC(457) Concurrent Scan Root Regions
[2021-05-03T12:04:40.214+0000][7][gc,marking  ] GC(457) Concurrent Scan Root Regions 1.358ms
[2021-05-03T12:04:40.214+0000][7][gc,marking  ] GC(457) Concurrent Mark (35422.142s)
[2021-05-03T12:04:40.214+0000][7][gc,marking  ] GC(457) Concurrent Mark From Roots
[2021-05-03T12:04:40.214+0000][7][gc,task     ] GC(457) Using 2 workers of 2 for marking
[2021-05-03T12:04:40.304+0000][7][gc,marking  ] GC(457) Concurrent Mark From Roots 89.502ms
[2021-05-03T12:04:40.304+0000][7][gc,marking  ] GC(457) Concurrent Preclean
[2021-05-03T12:04:40.304+0000][7][gc,marking  ] GC(457) Concurrent Preclean 0.228ms
[2021-05-03T12:04:40.304+0000][7][gc,marking  ] GC(457) Concurrent Mark (35422.142s, 35422.231s) 89.781ms
[2021-05-03T12:04:40.304+0000][7][gc,start    ] GC(457) Pause Remark
[2021-05-03T12:04:40.310+0000][7][gc          ] GC(457) Pause Remark 119M->119M(256M) 5.710ms
[2021-05-03T12:04:40.310+0000][7][gc,cpu      ] GC(457) User=0.03s Sys=0.00s Real=0.00s
[2021-05-03T12:04:40.310+0000][7][safepoint   ] Safepoint "G1Concurrent", Time since last: 91307751 ns, Reaching safepoint: 72763 ns, At safepoint: 5781924 ns, Total: 5854687 ns
[2021-05-03T12:04:40.310+0000][7][gc,marking  ] GC(457) Concurrent Rebuild Remembered Sets
[2021-05-03T12:04:40.363+0000][7][gc,marking  ] GC(457) Concurrent Rebuild Remembered Sets 52.767ms
[2021-05-03T12:04:40.363+0000][7][gc,start    ] GC(457) Pause Cleanup
[2021-05-03T12:04:40.363+0000][7][gc          ] GC(457) Pause Cleanup 119M->119M(256M) 0.080ms
[2021-05-03T12:04:40.363+0000][7][gc,cpu      ] GC(457) User=0.00s Sys=0.00s Real=0.00s
[2021-05-03T12:04:40.363+0000][7][safepoint   ] Safepoint "G1Concurrent", Time since last: 52905917 ns, Reaching safepoint: 108203 ns, At safepoint: 136393 ns, Total: 244596 ns
[2021-05-03T12:04:40.363+0000][7][gc,marking  ] GC(457) Concurrent Cleanup for Next Mark
[2021-05-03T12:04:40.363+0000][7][gc,marking  ] GC(457) Concurrent Cleanup for Next Mark 0.208ms
[2021-05-03T12:04:40.363+0000][7][gc          ] GC(457) Concurrent Cycle 150.613ms
[2021-05-03T12:05:41.383+0000][7][safepoint   ] Safepoint "Cleanup", Time since last: 61019697456 ns, Reaching safepoint: 118240 ns, At safepoint: 6687 ns, Total: 124927 ns
[2021-05-03T12:06:13.253+0000][7][gc,start    ] GC(458) Pause Young (Normal) (G1 Evacuation Pause)
[2021-05-03T12:06:13.253+0000][7][gc,task     ] GC(458) Using 6 workers of 8 for evacuation
[2021-05-03T12:06:13.254+0000][7][gc,age      ] GC(458) Desired survivor size 6291456 bytes, new threshold 15 (max threshold 15)
[2021-05-03T12:06:13.255+0000][7][gc,age      ] GC(458) Age table with threshold 15 (max threshold 15)
[2021-05-03T12:06:13.255+0000][7][gc,age      ] GC(458) - age   1:     782240 bytes,     782240 total
[2021-05-03T12:06:13.255+0000][7][gc,age      ] GC(458) - age   2:       2304 bytes,     784544 total
[2021-05-03T12:06:13.255+0000][7][gc,age      ] GC(458) - age   4:        848 bytes,     785392 total
[2021-05-03T12:06:13.255+0000][7][gc,age      ] GC(458) - age   6:       6128 bytes,     791520 total
[2021-05-03T12:06:13.255+0000][7][gc,age      ] GC(458) - age   7:         32 bytes,     791552 total
[2021-05-03T12:06:13.255+0000][7][gc,age      ] GC(458) - age  11:       1976 bytes,     793528 total
[2021-05-03T12:06:13.255+0000][7][gc,age      ] GC(458) - age  12:        144 bytes,     793672 total
[2021-05-03T12:06:13.255+0000][7][gc,age      ] GC(458) - age  13:        136 bytes,     793808 total
[2021-05-03T12:06:13.255+0000][7][gc,age      ] GC(458) - age  14:        200 bytes,     794008 total
[2021-05-03T12:06:13.255+0000][7][gc,age      ] GC(458) - age  15:        424 bytes,     794432 total
[2021-05-03T12:06:13.255+0000][7][gc,phases   ] GC(458)   Pre Evacuate Collection Set: 0.1ms
[2021-05-03T12:06:13.255+0000][7][gc,phases   ] GC(458)   Merge Heap Roots: 0.0ms
[2021-05-03T12:06:13.255+0000][7][gc,phases   ] GC(458)   Evacuate Collection Set: 0.9ms
[2021-05-03T12:06:13.255+0000][7][gc,phases   ] GC(458)   Post Evacuate Collection Set: 0.4ms
[2021-05-03T12:06:13.255+0000][7][gc,phases   ] GC(458)   Other: 0.2ms
[2021-05-03T12:06:13.255+0000][7][gc,heap     ] GC(458) Eden regions: 21->0(21)
[2021-05-03T12:06:13.255+0000][7][gc,heap     ] GC(458) Survivor regions: 1->1(3)
[2021-05-03T12:06:13.255+0000][7][gc,heap     ] GC(458) Old regions: 27->27
[2021-05-03T12:06:13.255+0000][7][gc,heap     ] GC(458) Archive regions: 2->2
[2021-05-03T12:06:13.255+0000][7][gc,heap     ] GC(458) Humongous regions: 2->2
[2021-05-03T12:06:13.255+0000][7][gc,metaspace] GC(458) Metaspace: 109854K(114768K)->109854K(114768K) NonClass: 95914K(99484K)->95914K(99484K) Class: 13940K(15284K)->13940K(15284K)
[2021-05-03T12:06:13.255+0000][7][gc          ] GC(458) Pause Young (Normal) (G1 Evacuation Pause) 202M->118M(256M) 1.622ms
[2021-05-03T12:06:13.255+0000][7][gc,cpu      ] GC(458) User=0.01s Sys=0.00s Real=0.00s
[2021-05-03T12:06:13.255+0000][7][safepoint   ] Safepoint "G1CollectForAllocation", Time since last: 31870588953 ns, Reaching safepoint: 147441 ns, At safepoint: 1694801 ns, Total: 1842242 ns
[2021-05-03T12:08:25.305+0000][7][gc,start    ] GC(459) Pause Young (Concurrent Start) (G1 Evacuation Pause)
[2021-05-03T12:08:25.305+0000][7][gc,task     ] GC(459) Using 6 workers of 8 for evacuation
[2021-05-03T12:08:25.305+0000][7][gc,age      ] GC(459) Desired survivor size 6291456 bytes, new threshold 15 (max threshold 15)
[2021-05-03T12:08:25.307+0000][7][gc,age      ] GC(459) Age table with threshold 15 (max threshold 15)
[2021-05-03T12:08:25.307+0000][7][gc,age      ] GC(459) - age   1:     508688 bytes,     508688 total
[2021-05-03T12:08:25.307+0000][7][gc,age      ] GC(459) - age   2:     273536 bytes,     782224 total
[2021-05-03T12:08:25.307+0000][7][gc,age      ] GC(459) - age   3:       2080 bytes,     784304 total
[2021-05-03T12:08:25.307+0000][7][gc,age      ] GC(459) - age   5:        568 bytes,     784872 total
[2021-05-03T12:08:25.307+0000][7][gc,age      ] GC(459) - age   7:       5992 bytes,     790864 total
[2021-05-03T12:08:25.307+0000][7][gc,age      ] GC(459) - age   8:         32 bytes,     790896 total
[2021-05-03T12:08:25.307+0000][7][gc,age      ] GC(459) - age  12:       1976 bytes,     792872 total
[2021-05-03T12:08:25.307+0000][7][gc,age      ] GC(459) - age  13:        144 bytes,     793016 total
[2021-05-03T12:08:25.307+0000][7][gc,age      ] GC(459) - age  14:        136 bytes,     793152 total
[2021-05-03T12:08:25.307+0000][7][gc,phases   ] GC(459)   Pre Evacuate Collection Set: 0.1ms
[2021-05-03T12:08:25.307+0000][7][gc,phases   ] GC(459)   Merge Heap Roots: 0.0ms
[2021-05-03T12:08:25.307+0000][7][gc,phases   ] GC(459)   Evacuate Collection Set: 1.0ms
[2021-05-03T12:08:25.307+0000][7][gc,phases   ] GC(459)   Post Evacuate Collection Set: 0.6ms
[2021-05-03T12:08:25.307+0000][7][gc,phases   ] GC(459)   Other: 0.2ms
[2021-05-03T12:08:25.307+0000][7][gc,heap     ] GC(459) Eden regions: 21->0(21)
[2021-05-03T12:08:25.307+0000][7][gc,heap     ] GC(459) Survivor regions: 1->1(3)
[2021-05-03T12:08:25.307+0000][7][gc,heap     ] GC(459) Old regions: 27->27
[2021-05-03T12:08:25.307+0000][7][gc,heap     ] GC(459) Archive regions: 2->2
[2021-05-03T12:08:25.307+0000][7][gc,heap     ] GC(459) Humongous regions: 2->2
[2021-05-03T12:08:25.307+0000][7][gc,metaspace] GC(459) Metaspace: 109854K(114768K)->109854K(114768K) NonClass: 95914K(99484K)->95914K(99484K) Class: 13940K(15284K)->13940K(15284K)
[2021-05-03T12:08:25.307+0000][7][gc          ] GC(459) Pause Young (Concurrent Start) (G1 Evacuation Pause) 202M->118M(256M) 1.939ms
[2021-05-03T12:08:25.307+0000][7][gc,cpu      ] GC(459) User=0.01s Sys=0.00s Real=0.00s
[2021-05-03T12:08:25.307+0000][7][safepoint   ] Safepoint "G1CollectForAllocation", Time since last: 132049756479 ns, Reaching safepoint: 146184 ns, At safepoint: 2000521 ns, Total: 2146705 ns
[2021-05-03T12:08:25.307+0000][7][gc          ] GC(460) Concurrent Cycle
[2021-05-03T12:08:25.307+0000][7][gc,marking  ] GC(460) Concurrent Clear Claimed Marks
[2021-05-03T12:08:25.307+0000][7][gc,marking  ] GC(460) Concurrent Clear Claimed Marks 0.055ms
[2021-05-03T12:08:25.307+0000][7][gc,marking  ] GC(460) Concurrent Scan Root Regions
[2021-05-03T12:08:25.308+0000][7][gc,marking  ] GC(460) Concurrent Scan Root Regions 1.352ms
[2021-05-03T12:08:25.308+0000][7][gc,marking  ] GC(460) Concurrent Mark (35647.236s)
[2021-05-03T12:08:25.308+0000][7][gc,marking  ] GC(460) Concurrent Mark From Roots
[2021-05-03T12:08:25.308+0000][7][gc,task     ] GC(460) Using 2 workers of 2 for marking
[2021-05-03T12:08:25.399+0000][7][gc,marking  ] GC(460) Concurrent Mark From Roots 90.923ms
[2021-05-03T12:08:25.399+0000][7][gc,marking  ] GC(460) Concurrent Preclean
[2021-05-03T12:08:25.400+0000][7][gc,marking  ] GC(460) Concurrent Preclean 0.207ms
[2021-05-03T12:08:25.400+0000][7][gc,marking  ] GC(460) Concurrent Mark (35647.236s, 35647.327s) 91.180ms
[2021-05-03T12:08:25.400+0000][7][gc,start    ] GC(460) Pause Remark
[2021-05-03T12:08:25.406+0000][7][gc          ] GC(460) Pause Remark 119M->119M(256M) 5.857ms
[2021-05-03T12:08:25.406+0000][7][gc,cpu      ] GC(460) User=0.03s Sys=0.00s Real=0.00s
[2021-05-03T12:08:25.406+0000][7][safepoint   ] Safepoint "G1Concurrent", Time since last: 92725531 ns, Reaching safepoint: 107044 ns, At safepoint: 5953601 ns, Total: 6060645 ns
[2021-05-03T12:08:25.406+0000][7][gc,marking  ] GC(460) Concurrent Rebuild Remembered Sets
[2021-05-03T12:08:25.466+0000][7][gc,marking  ] GC(460) Concurrent Rebuild Remembered Sets 59.900ms
[2021-05-03T12:08:25.466+0000][7][gc,start    ] GC(460) Pause Cleanup
[2021-05-03T12:08:25.466+0000][7][gc          ] GC(460) Pause Cleanup 119M->119M(256M) 0.068ms
[2021-05-03T12:08:25.466+0000][7][gc,cpu      ] GC(460) User=0.00s Sys=0.00s Real=0.00s
[2021-05-03T12:08:25.466+0000][7][safepoint   ] Safepoint "G1Concurrent", Time since last: 60050384 ns, Reaching safepoint: 159923 ns, At safepoint: 119636 ns, Total: 279559 ns
[2021-05-03T12:08:25.466+0000][7][gc,marking  ] GC(460) Concurrent Cleanup for Next Mark
[2021-05-03T12:08:25.466+0000][7][gc,marking  ] GC(460) Concurrent Cleanup for Next Mark 0.218ms
[2021-05-03T12:08:25.466+0000][7][gc          ] GC(460) Concurrent Cycle 159.347ms
[2021-05-03T12:10:30.581+0000][7][gc,start    ] GC(461) Pause Young (Normal) (G1 Evacuation Pause)
[2021-05-03T12:10:30.581+0000][7][gc,task     ] GC(461) Using 6 workers of 8 for evacuation
[2021-05-03T12:10:30.581+0000][7][gc,age      ] GC(461) Desired survivor size 6291456 bytes, new threshold 15 (max threshold 15)
[2021-05-03T12:10:30.582+0000][7][gc,age      ] GC(461) Age table with threshold 15 (max threshold 15)
[2021-05-03T12:10:30.582+0000][7][gc,age      ] GC(461) - age   1:     524072 bytes,     524072 total
[2021-05-03T12:10:30.582+0000][7][gc,age      ] GC(461) - age   2:        920 bytes,     524992 total
[2021-05-03T12:10:30.582+0000][7][gc,age      ] GC(461) - age   3:     152136 bytes,     677128 total
[2021-05-03T12:10:30.582+0000][7][gc,age      ] GC(461) - age   4:       1936 bytes,     679064 total
[2021-05-03T12:10:30.582+0000][7][gc,age      ] GC(461) - age   6:        568 bytes,     679632 total
[2021-05-03T12:10:30.582+0000][7][gc,age      ] GC(461) - age   8:       5952 bytes,     685584 total
[2021-05-03T12:10:30.582+0000][7][gc,age      ] GC(461) - age   9:         32 bytes,     685616 total
[2021-05-03T12:10:30.582+0000][7][gc,age      ] GC(461) - age  13:       1880 bytes,     687496 total
[2021-05-03T12:10:30.582+0000][7][gc,age      ] GC(461) - age  14:        144 bytes,     687640 total
[2021-05-03T12:10:30.582+0000][7][gc,age      ] GC(461) - age  15:         40 bytes,     687680 total
[2021-05-03T12:10:30.582+0000][7][gc,phases   ] GC(461)   Pre Evacuate Collection Set: 0.0ms
[2021-05-03T12:10:30.582+0000][7][gc,phases   ] GC(461)   Merge Heap Roots: 0.0ms
[2021-05-03T12:10:30.582+0000][7][gc,phases   ] GC(461)   Evacuate Collection Set: 0.8ms
[2021-05-03T12:10:30.583+0000][7][gc,phases   ] GC(461)   Post Evacuate Collection Set: 0.6ms
[2021-05-03T12:10:30.583+0000][7][gc,phases   ] GC(461)   Other: 0.2ms
[2021-05-03T12:10:30.583+0000][7][gc,heap     ] GC(461) Eden regions: 21->0(21)
[2021-05-03T12:10:30.583+0000][7][gc,heap     ] GC(461) Survivor regions: 1->1(3)
[2021-05-03T12:10:30.583+0000][7][gc,heap     ] GC(461) Old regions: 27->27
[2021-05-03T12:10:30.583+0000][7][gc,heap     ] GC(461) Archive regions: 2->2
[2021-05-03T12:10:30.583+0000][7][gc,heap     ] GC(461) Humongous regions: 2->2
[2021-05-03T12:10:30.583+0000][7][gc,metaspace] GC(461) Metaspace: 109854K(114768K)->109854K(114768K) NonClass: 95914K(99484K)->95914K(99484K) Class: 13940K(15284K)->13940K(15284K)
[2021-05-03T12:10:30.583+0000][7][gc          ] GC(461) Pause Young (Normal) (G1 Evacuation Pause) 202M->118M(256M) 1.720ms
[2021-05-03T12:10:30.583+0000][7][gc,cpu      ] GC(461) User=0.01s Sys=0.00s Real=0.00s
[2021-05-03T12:10:30.583+0000][7][safepoint   ] Safepoint "G1CollectForAllocation", Time since last: 125114586421 ns, Reaching safepoint: 113370 ns, At safepoint: 1782947 ns, Total: 1896317 ns
[2021-05-03T12:11:42.598+0000][7][safepoint   ] Safepoint "Cleanup", Time since last: 72015660942 ns, Reaching safepoint: 124080 ns, At safepoint: 4356 ns, Total: 128436 ns
[2021-05-03T12:12:45.410+0000][7][gc,start    ] GC(462) Pause Young (Concurrent Start) (G1 Evacuation Pause)
[2021-05-03T12:12:45.410+0000][7][gc,task     ] GC(462) Using 6 workers of 8 for evacuation
[2021-05-03T12:12:45.410+0000][7][gc,age      ] GC(462) Desired survivor size 6291456 bytes, new threshold 15 (max threshold 15)
[2021-05-03T12:12:45.412+0000][7][gc,age      ] GC(462) Age table with threshold 15 (max threshold 15)
[2021-05-03T12:12:45.412+0000][7][gc,age      ] GC(462) - age   1:     512080 bytes,     512080 total
[2021-05-03T12:12:45.412+0000][7][gc,age      ] GC(462) - age   2:        616 bytes,     512696 total
[2021-05-03T12:12:45.412+0000][7][gc,age      ] GC(462) - age   3:        576 bytes,     513272 total
[2021-05-03T12:12:45.412+0000][7][gc,age      ] GC(462) - age   4:     152136 bytes,     665408 total
[2021-05-03T12:12:45.412+0000][7][gc,age      ] GC(462) - age   5:       1840 bytes,     667248 total
[2021-05-03T12:12:45.412+0000][7][gc,age      ] GC(462) - age   7:        568 bytes,     667816 total
[2021-05-03T12:12:45.412+0000][7][gc,age      ] GC(462) - age   9:       5712 bytes,     673528 total
[2021-05-03T12:12:45.412+0000][7][gc,age      ] GC(462) - age  10:         32 bytes,     673560 total
[2021-05-03T12:12:45.412+0000][7][gc,age      ] GC(462) - age  14:       1880 bytes,     675440 total
[2021-05-03T12:12:45.412+0000][7][gc,age      ] GC(462) - age  15:        144 bytes,     675584 total
[2021-05-03T12:12:45.412+0000][7][gc,phases   ] GC(462)   Pre Evacuate Collection Set: 0.1ms
[2021-05-03T12:12:45.412+0000][7][gc,phases   ] GC(462)   Merge Heap Roots: 0.0ms
[2021-05-03T12:12:45.412+0000][7][gc,phases   ] GC(462)   Evacuate Collection Set: 1.0ms
[2021-05-03T12:12:45.412+0000][7][gc,phases   ] GC(462)   Post Evacuate Collection Set: 0.5ms
[2021-05-03T12:12:45.412+0000][7][gc,phases   ] GC(462)   Other: 0.2ms
[2021-05-03T12:12:45.412+0000][7][gc,heap     ] GC(462) Eden regions: 21->0(21)
[2021-05-03T12:12:45.412+0000][7][gc,heap     ] GC(462) Survivor regions: 1->1(3)
[2021-05-03T12:12:45.412+0000][7][gc,heap     ] GC(462) Old regions: 27->27
[2021-05-03T12:12:45.412+0000][7][gc,heap     ] GC(462) Archive regions: 2->2
[2021-05-03T12:12:45.412+0000][7][gc,heap     ] GC(462) Humongous regions: 2->2
[2021-05-03T12:12:45.412+0000][7][gc,metaspace] GC(462) Metaspace: 109854K(114768K)->109854K(114768K) NonClass: 95914K(99484K)->95914K(99484K) Class: 13940K(15284K)->13940K(15284K)
[2021-05-03T12:12:45.412+0000][7][gc          ] GC(462) Pause Young (Concurrent Start) (G1 Evacuation Pause) 202M->118M(256M) 1.927ms
[2021-05-03T12:12:45.412+0000][7][gc,cpu      ] GC(462) User=0.00s Sys=0.01s Real=0.01s
[2021-05-03T12:12:45.412+0000][7][safepoint   ] Safepoint "G1CollectForAllocation", Time since last: 62811427311 ns, Reaching safepoint: 89546 ns, At safepoint: 1985770 ns, Total: 2075316 ns
[2021-05-03T12:12:45.412+0000][7][gc          ] GC(463) Concurrent Cycle
[2021-05-03T12:12:45.412+0000][7][gc,marking  ] GC(463) Concurrent Clear Claimed Marks
[2021-05-03T12:12:45.412+0000][7][gc,marking  ] GC(463) Concurrent Clear Claimed Marks 0.046ms
[2021-05-03T12:12:45.412+0000][7][gc,marking  ] GC(463) Concurrent Scan Root Regions
[2021-05-03T12:12:45.413+0000][7][gc,marking  ] GC(463) Concurrent Scan Root Regions 1.350ms
[2021-05-03T12:12:45.413+0000][7][gc,marking  ] GC(463) Concurrent Mark (35907.341s)
[2021-05-03T12:12:45.413+0000][7][gc,marking  ] GC(463) Concurrent Mark From Roots
[2021-05-03T12:12:45.413+0000][7][gc,task     ] GC(463) Using 2 workers of 2 for marking
[2021-05-03T12:12:45.493+0000][7][gc,marking  ] GC(463) Concurrent Mark From Roots 80.035ms
[2021-05-03T12:12:45.493+0000][7][gc,marking  ] GC(463) Concurrent Preclean
[2021-05-03T12:12:45.494+0000][7][gc,marking  ] GC(463) Concurrent Preclean 0.213ms
[2021-05-03T12:12:45.494+0000][7][gc,marking  ] GC(463) Concurrent Mark (35907.341s, 35907.421s) 80.295ms
[2021-05-03T12:12:45.494+0000][7][gc,start    ] GC(463) Pause Remark
[2021-05-03T12:12:45.500+0000][7][gc          ] GC(463) Pause Remark 119M->119M(256M) 6.307ms
[2021-05-03T12:12:45.500+0000][7][gc,cpu      ] GC(463) User=0.04s Sys=0.00s Real=0.01s
[2021-05-03T12:12:45.500+0000][7][safepoint   ] Safepoint "G1Concurrent", Time since last: 81832020 ns, Reaching safepoint: 173838 ns, At safepoint: 6381800 ns, Total: 6555638 ns
[2021-05-03T12:12:45.500+0000][7][gc,marking  ] GC(463) Concurrent Rebuild Remembered Sets
[2021-05-03T12:12:45.553+0000][7][gc,marking  ] GC(463) Concurrent Rebuild Remembered Sets 53.096ms
[2021-05-03T12:12:45.554+0000][7][gc,start    ] GC(463) Pause Cleanup
[2021-05-03T12:12:45.554+0000][7][gc          ] GC(463) Pause Cleanup 119M->119M(256M) 0.084ms
[2021-05-03T12:12:45.554+0000][7][gc,cpu      ] GC(463) User=0.00s Sys=0.00s Real=0.00s
[2021-05-03T12:12:45.554+0000][7][safepoint   ] Safepoint "G1Concurrent", Time since last: 53163814 ns, Reaching safepoint: 138471 ns, At safepoint: 135905 ns, Total: 274376 ns
[2021-05-03T12:12:45.554+0000][7][gc,marking  ] GC(463) Concurrent Cleanup for Next Mark
[2021-05-03T12:12:45.554+0000][7][gc,marking  ] GC(463) Concurrent Cleanup for Next Mark 0.133ms
[2021-05-03T12:12:45.554+0000][7][gc          ] GC(463) Concurrent Cycle 141.988ms
[2021-05-03T12:13:42.569+0000][7][safepoint   ] Safepoint "Cleanup", Time since last: 57015539294 ns, Reaching safepoint: 171829 ns, At safepoint: 7247 ns, Total: 179076 ns
[2021-05-03T12:14:39.584+0000][7][safepoint   ] Safepoint "Cleanup", Time since last: 57014718904 ns, Reaching safepoint: 128225 ns, At safepoint: 8579 ns, Total: 136804 ns
[2021-05-03T12:14:50.279+0000][7][gc,start    ] GC(464) Pause Young (Normal) (G1 Evacuation Pause)
[2021-05-03T12:14:50.279+0000][7][gc,task     ] GC(464) Using 6 workers of 8 for evacuation
[2021-05-03T12:14:50.280+0000][7][gc,age      ] GC(464) Desired survivor size 6291456 bytes, new threshold 15 (max threshold 15)
[2021-05-03T12:14:50.281+0000][7][gc,age      ] GC(464) Age table with threshold 15 (max threshold 15)
[2021-05-03T12:14:50.281+0000][7][gc,age      ] GC(464) - age   1:     585992 bytes,     585992 total
[2021-05-03T12:14:50.281+0000][7][gc,age      ] GC(464) - age   2:        784 bytes,     586776 total
[2021-05-03T12:14:50.281+0000][7][gc,age      ] GC(464) - age   3:        208 bytes,     586984 total
[2021-05-03T12:14:50.281+0000][7][gc,age      ] GC(464) - age   4:        576 bytes,     587560 total
[2021-05-03T12:14:50.281+0000][7][gc,age      ] GC(464) - age   5:     151056 bytes,     738616 total
[2021-05-03T12:14:50.281+0000][7][gc,age      ] GC(464) - age   6:        304 bytes,     738920 total
[2021-05-03T12:14:50.281+0000][7][gc,age      ] GC(464) - age   8:        360 bytes,     739280 total
[2021-05-03T12:14:50.281+0000][7][gc,age      ] GC(464) - age  10:       5712 bytes,     744992 total
[2021-05-03T12:14:50.281+0000][7][gc,age      ] GC(464) - age  11:         32 bytes,     745024 total
[2021-05-03T12:14:50.281+0000][7][gc,age      ] GC(464) - age  15:       1880 bytes,     746904 total
[2021-05-03T12:14:50.281+0000][7][gc,phases   ] GC(464)   Pre Evacuate Collection Set: 0.0ms
[2021-05-03T12:14:50.281+0000][7][gc,phases   ] GC(464)   Merge Heap Roots: 0.0ms
[2021-05-03T12:14:50.281+0000][7][gc,phases   ] GC(464)   Evacuate Collection Set: 0.9ms
[2021-05-03T12:14:50.281+0000][7][gc,phases   ] GC(464)   Post Evacuate Collection Set: 0.6ms
[2021-05-03T12:14:50.281+0000][7][gc,phases   ] GC(464)   Other: 0.2ms
[2021-05-03T12:14:50.281+0000][7][gc,heap     ] GC(464) Eden regions: 21->0(21)
[2021-05-03T12:14:50.281+0000][7][gc,heap     ] GC(464) Survivor regions: 1->1(3)
[2021-05-03T12:14:50.281+0000][7][gc,heap     ] GC(464) Old regions: 27->27
[2021-05-03T12:14:50.281+0000][7][gc,heap     ] GC(464) Archive regions: 2->2
[2021-05-03T12:14:50.281+0000][7][gc,heap     ] GC(464) Humongous regions: 2->2
[2021-05-03T12:14:50.281+0000][7][gc,metaspace] GC(464) Metaspace: 109854K(114768K)->109854K(114768K) NonClass: 95914K(99484K)->95914K(99484K) Class: 13940K(15284K)->13940K(15284K)
[2021-05-03T12:14:50.281+0000][7][gc          ] GC(464) Pause Young (Normal) (G1 Evacuation Pause) 202M->118M(256M) 1.904ms
[2021-05-03T12:14:50.281+0000][7][gc,cpu      ] GC(464) User=0.01s Sys=0.00s Real=0.01s
[2021-05-03T12:14:50.281+0000][7][safepoint   ] Safepoint "G1CollectForAllocation", Time since last: 10694964577 ns, Reaching safepoint: 161698 ns, At safepoint: 1974531 ns, Total: 2136229 ns
[2021-05-03T12:15:41.294+0000][7][safepoint   ] Safepoint "Cleanup", Time since last: 51012490258 ns, Reaching safepoint: 480570 ns, At safepoint: 25795 ns, Total: 506365 ns
[2021-05-03T12:16:30.499+0000][7][gc,start    ] GC(465) Pause Young (Concurrent Start) (G1 Evacuation Pause)
[2021-05-03T12:16:30.499+0000][7][gc,task     ] GC(465) Using 6 workers of 8 for evacuation
[2021-05-03T12:16:30.499+0000][7][gc,age      ] GC(465) Desired survivor size 6291456 bytes, new threshold 15 (max threshold 15)
[2021-05-03T12:16:30.501+0000][7][gc,age      ] GC(465) Age table with threshold 15 (max threshold 15)
[2021-05-03T12:16:30.501+0000][7][gc,age      ] GC(465) - age   1:     804632 bytes,     804632 total
[2021-05-03T12:16:30.501+0000][7][gc,age      ] GC(465) - age   2:       7328 bytes,     811960 total
[2021-05-03T12:16:30.501+0000][7][gc,age      ] GC(465) - age   3:        480 bytes,     812440 total
[2021-05-03T12:16:30.501+0000][7][gc,age      ] GC(465) - age   4:         48 bytes,     812488 total
[2021-05-03T12:16:30.501+0000][7][gc,age      ] GC(465) - age   5:        336 bytes,     812824 total
[2021-05-03T12:16:30.501+0000][7][gc,age      ] GC(465) - age   6:       2232 bytes,     815056 total
[2021-05-03T12:16:30.501+0000][7][gc,age      ] GC(465) - age   7:         64 bytes,     815120 total
[2021-05-03T12:16:30.501+0000][7][gc,age      ] GC(465) - age   9:        360 bytes,     815480 total
[2021-05-03T12:16:30.501+0000][7][gc,age      ] GC(465) - age  11:       1024 bytes,     816504 total
[2021-05-03T12:16:30.501+0000][7][gc,age      ] GC(465) - age  12:         32 bytes,     816536 total
[2021-05-03T12:16:30.501+0000][7][gc,phases   ] GC(465)   Pre Evacuate Collection Set: 0.1ms
[2021-05-03T12:16:30.501+0000][7][gc,phases   ] GC(465)   Merge Heap Roots: 0.0ms
[2021-05-03T12:16:30.501+0000][7][gc,phases   ] GC(465)   Evacuate Collection Set: 0.7ms
[2021-05-03T12:16:30.501+0000][7][gc,phases   ] GC(465)   Post Evacuate Collection Set: 0.5ms
[2021-05-03T12:16:30.501+0000][7][gc,phases   ] GC(465)   Other: 0.2ms
[2021-05-03T12:16:30.501+0000][7][gc,heap     ] GC(465) Eden regions: 21->0(21)
[2021-05-03T12:16:30.501+0000][7][gc,heap     ] GC(465) Survivor regions: 1->1(3)
[2021-05-03T12:16:30.501+0000][7][gc,heap     ] GC(465) Old regions: 27->27
[2021-05-03T12:16:30.501+0000][7][gc,heap     ] GC(465) Archive regions: 2->2
[2021-05-03T12:16:30.501+0000][7][gc,heap     ] GC(465) Humongous regions: 2->2
[2021-05-03T12:16:30.501+0000][7][gc,metaspace] GC(465) Metaspace: 109855K(114768K)->109855K(114768K) NonClass: 95915K(99484K)->95915K(99484K) Class: 13940K(15284K)->13940K(15284K)
[2021-05-03T12:16:30.501+0000][7][gc          ] GC(465) Pause Young (Concurrent Start) (G1 Evacuation Pause) 202M->118M(256M) 1.629ms
[2021-05-03T12:16:30.501+0000][7][gc,cpu      ] GC(465) User=0.00s Sys=0.00s Real=0.01s
[2021-05-03T12:16:30.501+0000][7][safepoint   ] Safepoint "G1CollectForAllocation", Time since last: 49204749776 ns, Reaching safepoint: 100022 ns, At safepoint: 1687452 ns, Total: 1787474 ns
[2021-05-03T12:16:30.501+0000][7][gc          ] GC(466) Concurrent Cycle
[2021-05-03T12:16:30.501+0000][7][gc,marking  ] GC(466) Concurrent Clear Claimed Marks
[2021-05-03T12:16:30.501+0000][7][gc,marking  ] GC(466) Concurrent Clear Claimed Marks 0.042ms
[2021-05-03T12:16:30.501+0000][7][gc,marking  ] GC(466) Concurrent Scan Root Regions
[2021-05-03T12:16:30.502+0000][7][gc,marking  ] GC(466) Concurrent Scan Root Regions 1.280ms
[2021-05-03T12:16:30.502+0000][7][gc,marking  ] GC(466) Concurrent Mark (36132.430s)
[2021-05-03T12:16:30.502+0000][7][gc,marking  ] GC(466) Concurrent Mark From Roots
[2021-05-03T12:16:30.502+0000][7][gc,task     ] GC(466) Using 2 workers of 2 for marking
[2021-05-03T12:16:30.582+0000][7][gc,marking  ] GC(466) Concurrent Mark From Roots 79.268ms
[2021-05-03T12:16:30.582+0000][7][gc,marking  ] GC(466) Concurrent Preclean
[2021-05-03T12:16:30.582+0000][7][gc,marking  ] GC(466) Concurrent Preclean 0.204ms
[2021-05-03T12:16:30.582+0000][7][gc,marking  ] GC(466) Concurrent Mark (36132.430s, 36132.510s) 79.522ms
[2021-05-03T12:16:30.582+0000][7][gc,start    ] GC(466) Pause Remark
[2021-05-03T12:16:30.588+0000][7][gc          ] GC(466) Pause Remark 119M->119M(256M) 5.675ms
[2021-05-03T12:16:30.588+0000][7][gc,cpu      ] GC(466) User=0.03s Sys=0.01s Real=0.00s
[2021-05-03T12:16:30.588+0000][7][safepoint   ] Safepoint "G1Concurrent", Time since last: 80989389 ns, Reaching safepoint: 106239 ns, At safepoint: 5762558 ns, Total: 5868797 ns
[2021-05-03T12:16:30.588+0000][7][gc,marking  ] GC(466) Concurrent Rebuild Remembered Sets
[2021-05-03T12:16:30.641+0000][7][gc,marking  ] GC(466) Concurrent Rebuild Remembered Sets 53.146ms
[2021-05-03T12:16:30.641+0000][7][gc,start    ] GC(466) Pause Cleanup
[2021-05-03T12:16:30.641+0000][7][gc          ] GC(466) Pause Cleanup 119M->119M(256M) 0.070ms
[2021-05-03T12:16:30.641+0000][7][gc,cpu      ] GC(466) User=0.00s Sys=0.00s Real=0.00s
[2021-05-03T12:16:30.641+0000][7][safepoint   ] Safepoint "G1Concurrent", Time since last: 53260190 ns, Reaching safepoint: 147632 ns, At safepoint: 111190 ns, Total: 258822 ns
[2021-05-03T12:16:30.641+0000][7][gc,marking  ] GC(466) Concurrent Cleanup for Next Mark
[2021-05-03T12:16:30.642+0000][7][gc,marking  ] GC(466) Concurrent Cleanup for Next Mark 0.200ms
[2021-05-03T12:16:30.642+0000][7][gc          ] GC(466) Concurrent Cycle 140.614ms
[2021-05-03T12:17:42.661+0000][7][safepoint   ] Safepoint "Cleanup", Time since last: 72019708309 ns, Reaching safepoint: 138193 ns, At safepoint: 8833 ns, Total: 147026 ns
[2021-05-03T12:18:45.553+0000][7][gc,start    ] GC(467) Pause Young (Normal) (G1 Evacuation Pause)
[2021-05-03T12:18:45.553+0000][7][gc,task     ] GC(467) Using 6 workers of 8 for evacuation
[2021-05-03T12:18:45.553+0000][7][gc,age      ] GC(467) Desired survivor size 6291456 bytes, new threshold 15 (max threshold 15)
[2021-05-03T12:18:45.554+0000][7][gc,age      ] GC(467) Age table with threshold 15 (max threshold 15)
[2021-05-03T12:18:45.555+0000][7][gc,age      ] GC(467) - age   1:     511240 bytes,     511240 total
[2021-05-03T12:18:45.555+0000][7][gc,age      ] GC(467) - age   2:     301872 bytes,     813112 total
[2021-05-03T12:18:45.555+0000][7][gc,age      ] GC(467) - age   3:       6608 bytes,     819720 total
[2021-05-03T12:18:45.555+0000][7][gc,age      ] GC(467) - age   4:        336 bytes,     820056 total
[2021-05-03T12:18:45.555+0000][7][gc,age      ] GC(467) - age   5:         24 bytes,     820080 total
[2021-05-03T12:18:45.555+0000][7][gc,age      ] GC(467) - age   6:        296 bytes,     820376 total
[2021-05-03T12:18:45.555+0000][7][gc,age      ] GC(467) - age   7:       1992 bytes,     822368 total
[2021-05-03T12:18:45.555+0000][7][gc,age      ] GC(467) - age   8:         64 bytes,     822432 total
[2021-05-03T12:18:45.555+0000][7][gc,age      ] GC(467) - age  10:        360 bytes,     822792 total
[2021-05-03T12:18:45.555+0000][7][gc,age      ] GC(467) - age  12:       1024 bytes,     823816 total
[2021-05-03T12:18:45.555+0000][7][gc,age      ] GC(467) - age  13:         32 bytes,     823848 total
[2021-05-03T12:18:45.555+0000][7][gc,phases   ] GC(467)   Pre Evacuate Collection Set: 0.0ms
[2021-05-03T12:18:45.555+0000][7][gc,phases   ] GC(467)   Merge Heap Roots: 0.0ms
[2021-05-03T12:18:45.555+0000][7][gc,phases   ] GC(467)   Evacuate Collection Set: 0.8ms
[2021-05-03T12:18:45.555+0000][7][gc,phases   ] GC(467)   Post Evacuate Collection Set: 0.4ms
[2021-05-03T12:18:45.555+0000][7][gc,phases   ] GC(467)   Other: 0.2ms
[2021-05-03T12:18:45.555+0000][7][gc,heap     ] GC(467) Eden regions: 21->0(21)
[2021-05-03T12:18:45.555+0000][7][gc,heap     ] GC(467) Survivor regions: 1->1(3)
[2021-05-03T12:18:45.555+0000][7][gc,heap     ] GC(467) Old regions: 27->27
[2021-05-03T12:18:45.555+0000][7][gc,heap     ] GC(467) Archive regions: 2->2
[2021-05-03T12:18:45.555+0000][7][gc,heap     ] GC(467) Humongous regions: 2->2
[2021-05-03T12:18:45.555+0000][7][gc,metaspace] GC(467) Metaspace: 109855K(114768K)->109855K(114768K) NonClass: 95915K(99484K)->95915K(99484K) Class: 13940K(15284K)->13940K(15284K)
[2021-05-03T12:18:45.555+0000][7][gc          ] GC(467) Pause Young (Normal) (G1 Evacuation Pause) 202M->118M(256M) 1.538ms
[2021-05-03T12:18:45.555+0000][7][gc,cpu      ] GC(467) User=0.01s Sys=0.00s Real=0.00s
[2021-05-03T12:18:45.555+0000][7][safepoint   ] Safepoint "G1CollectForAllocation", Time since last: 62891853593 ns, Reaching safepoint: 80243 ns, At safepoint: 1603479 ns, Total: 1683722 ns
[2021-05-03T12:20:50.306+0000][7][gc,start    ] GC(468) Pause Young (Concurrent Start) (G1 Evacuation Pause)
[2021-05-03T12:20:50.306+0000][7][gc,task     ] GC(468) Using 6 workers of 8 for evacuation
[2021-05-03T12:20:50.306+0000][7][gc,age      ] GC(468) Desired survivor size 6291456 bytes, new threshold 15 (max threshold 15)
[2021-05-03T12:20:50.307+0000][7][gc,age      ] GC(468) Age table with threshold 15 (max threshold 15)
[2021-05-03T12:20:50.307+0000][7][gc,age      ] GC(468) - age   1:     558336 bytes,     558336 total
[2021-05-03T12:20:50.307+0000][7][gc,age      ] GC(468) - age   2:        896 bytes,     559232 total
[2021-05-03T12:20:50.307+0000][7][gc,age      ] GC(468) - age   3:     180240 bytes,     739472 total
[2021-05-03T12:20:50.307+0000][7][gc,age      ] GC(468) - age   4:       6496 bytes,     745968 total
[2021-05-03T12:20:50.307+0000][7][gc,age      ] GC(468) - age   5:        336 bytes,     746304 total
[2021-05-03T12:20:50.307+0000][7][gc,age      ] GC(468) - age   6:         24 bytes,     746328 total
[2021-05-03T12:20:50.307+0000][7][gc,age      ] GC(468) - age   7:        296 bytes,     746624 total
[2021-05-03T12:20:50.307+0000][7][gc,age      ] GC(468) - age   8:       1992 bytes,     748616 total
[2021-05-03T12:20:50.307+0000][7][gc,age      ] GC(468) - age   9:         40 bytes,     748656 total
[2021-05-03T12:20:50.307+0000][7][gc,age      ] GC(468) - age  11:        360 bytes,     749016 total
[2021-05-03T12:20:50.307+0000][7][gc,age      ] GC(468) - age  13:       1024 bytes,     750040 total
[2021-05-03T12:20:50.307+0000][7][gc,age      ] GC(468) - age  14:         32 bytes,     750072 total
[2021-05-03T12:20:50.307+0000][7][gc,phases   ] GC(468)   Pre Evacuate Collection Set: 0.1ms
[2021-05-03T12:20:50.307+0000][7][gc,phases   ] GC(468)   Merge Heap Roots: 0.0ms
[2021-05-03T12:20:50.307+0000][7][gc,phases   ] GC(468)   Evacuate Collection Set: 0.9ms
[2021-05-03T12:20:50.307+0000][7][gc,phases   ] GC(468)   Post Evacuate Collection Set: 0.4ms
[2021-05-03T12:20:50.307+0000][7][gc,phases   ] GC(468)   Other: 0.2ms
[2021-05-03T12:20:50.307+0000][7][gc,heap     ] GC(468) Eden regions: 21->0(21)
[2021-05-03T12:20:50.307+0000][7][gc,heap     ] GC(468) Survivor regions: 1->1(3)
[2021-05-03T12:20:50.307+0000][7][gc,heap     ] GC(468) Old regions: 27->27
[2021-05-03T12:20:50.307+0000][7][gc,heap     ] GC(468) Archive regions: 2->2
[2021-05-03T12:20:50.307+0000][7][gc,heap     ] GC(468) Humongous regions: 2->2
[2021-05-03T12:20:50.307+0000][7][gc,metaspace] GC(468) Metaspace: 109855K(114768K)->109855K(114768K) NonClass: 95915K(99484K)->95915K(99484K) Class: 13940K(15284K)->13940K(15284K)
[2021-05-03T12:20:50.307+0000][7][gc          ] GC(468) Pause Young (Concurrent Start) (G1 Evacuation Pause) 202M->118M(256M) 1.761ms
[2021-05-03T12:20:50.307+0000][7][gc,cpu      ] GC(468) User=0.01s Sys=0.00s Real=0.00s
[2021-05-03T12:20:50.307+0000][7][safepoint   ] Safepoint "G1CollectForAllocation", Time since last: 124750618676 ns, Reaching safepoint: 203417 ns, At safepoint: 1846309 ns, Total: 2049726 ns
[2021-05-03T12:20:50.307+0000][7][gc          ] GC(469) Concurrent Cycle
[2021-05-03T12:20:50.307+0000][7][gc,marking  ] GC(469) Concurrent Clear Claimed Marks
[2021-05-03T12:20:50.307+0000][7][gc,marking  ] GC(469) Concurrent Clear Claimed Marks 0.082ms
[2021-05-03T12:20:50.308+0000][7][gc,marking  ] GC(469) Concurrent Scan Root Regions
[2021-05-03T12:20:50.309+0000][7][gc,marking  ] GC(469) Concurrent Scan Root Regions 1.702ms
[2021-05-03T12:20:50.309+0000][7][gc,marking  ] GC(469) Concurrent Mark (36392.237s)
[2021-05-03T12:20:50.309+0000][7][gc,marking  ] GC(469) Concurrent Mark From Roots
[2021-05-03T12:20:50.309+0000][7][gc,task     ] GC(469) Using 2 workers of 2 for marking
[2021-05-03T12:20:50.388+0000][7][gc,marking  ] GC(469) Concurrent Mark From Roots 79.117ms
[2021-05-03T12:20:50.388+0000][7][gc,marking  ] GC(469) Concurrent Preclean
[2021-05-03T12:20:50.389+0000][7][gc,marking  ] GC(469) Concurrent Preclean 0.208ms
[2021-05-03T12:20:50.389+0000][7][gc,marking  ] GC(469) Concurrent Mark (36392.237s, 36392.316s) 79.395ms
[2021-05-03T12:20:50.389+0000][7][gc,start    ] GC(469) Pause Remark
[2021-05-03T12:20:50.395+0000][7][gc          ] GC(469) Pause Remark 121M->121M(256M) 5.993ms
[2021-05-03T12:20:50.395+0000][7][gc,cpu      ] GC(469) User=0.03s Sys=0.00s Real=0.01s
[2021-05-03T12:20:50.395+0000][7][safepoint   ] Safepoint "G1Concurrent", Time since last: 81341220 ns, Reaching safepoint: 84501 ns, At safepoint: 6064668 ns, Total: 6149169 ns
[2021-05-03T12:20:50.395+0000][7][gc,marking  ] GC(469) Concurrent Rebuild Remembered Sets
[2021-05-03T12:20:50.448+0000][7][gc,marking  ] GC(469) Concurrent Rebuild Remembered Sets 52.744ms
[2021-05-03T12:20:50.448+0000][7][gc,start    ] GC(469) Pause Cleanup
[2021-05-03T12:20:50.448+0000][7][gc          ] GC(469) Pause Cleanup 121M->121M(256M) 0.073ms
[2021-05-03T12:20:50.448+0000][7][gc,cpu      ] GC(469) User=0.00s Sys=0.00s Real=0.00s
[2021-05-03T12:20:50.448+0000][7][safepoint   ] Safepoint "G1Concurrent", Time since last: 52887327 ns, Reaching safepoint: 153680 ns, At safepoint: 113522 ns, Total: 267202 ns
[2021-05-03T12:20:50.448+0000][7][gc,marking  ] GC(469) Concurrent Cleanup for Next Mark
[2021-05-03T12:20:50.448+0000][7][gc,marking  ] GC(469) Concurrent Cleanup for Next Mark 0.202ms
[2021-05-03T12:20:50.448+0000][7][gc          ] GC(469) Concurrent Cycle 140.862ms
[2021-05-03T12:22:42.469+0000][7][safepoint   ] Safepoint "Cleanup", Time since last: 112020582663 ns, Reaching safepoint: 101188 ns, At safepoint: 5612 ns, Total: 106800 ns
[2021-05-03T12:23:03.286+0000][7][gc,start    ] GC(470) Pause Young (Normal) (G1 Evacuation Pause)
[2021-05-03T12:23:03.286+0000][7][gc,task     ] GC(470) Using 6 workers of 8 for evacuation
[2021-05-03T12:23:03.286+0000][7][gc,age      ] GC(470) Desired survivor size 6291456 bytes, new threshold 15 (max threshold 15)
[2021-05-03T12:23:03.288+0000][7][gc,age      ] GC(470) Age table with threshold 15 (max threshold 15)
[2021-05-03T12:23:03.288+0000][7][gc,age      ] GC(470) - age   1:     545416 bytes,     545416 total
[2021-05-03T12:23:03.288+0000][7][gc,age      ] GC(470) - age   2:       1656 bytes,     547072 total
[2021-05-03T12:23:03.288+0000][7][gc,age      ] GC(470) - age   3:        448 bytes,     547520 total
[2021-05-03T12:23:03.288+0000][7][gc,age      ] GC(470) - age   4:     180240 bytes,     727760 total
[2021-05-03T12:23:03.288+0000][7][gc,age      ] GC(470) - age   5:       6496 bytes,     734256 total
[2021-05-03T12:23:03.288+0000][7][gc,age      ] GC(470) - age   6:        336 bytes,     734592 total
[2021-05-03T12:23:03.288+0000][7][gc,age      ] GC(470) - age   7:         24 bytes,     734616 total
[2021-05-03T12:23:03.288+0000][7][gc,age      ] GC(470) - age   8:        176 bytes,     734792 total
[2021-05-03T12:23:03.288+0000][7][gc,age      ] GC(470) - age   9:       1992 bytes,     736784 total
[2021-05-03T12:23:03.288+0000][7][gc,age      ] GC(470) - age  12:        360 bytes,     737144 total
[2021-05-03T12:23:03.288+0000][7][gc,age      ] GC(470) - age  14:       1024 bytes,     738168 total
[2021-05-03T12:23:03.288+0000][7][gc,age      ] GC(470) - age  15:         32 bytes,     738200 total
[2021-05-03T12:23:03.288+0000][7][gc,phases   ] GC(470)   Pre Evacuate Collection Set: 0.1ms
[2021-05-03T12:23:03.288+0000][7][gc,phases   ] GC(470)   Merge Heap Roots: 0.0ms
[2021-05-03T12:23:03.288+0000][7][gc,phases   ] GC(470)   Evacuate Collection Set: 0.8ms
[2021-05-03T12:23:03.288+0000][7][gc,phases   ] GC(470)   Post Evacuate Collection Set: 0.6ms
[2021-05-03T12:23:03.288+0000][7][gc,phases   ] GC(470)   Other: 0.2ms
[2021-05-03T12:23:03.288+0000][7][gc,heap     ] GC(470) Eden regions: 21->0(21)
[2021-05-03T12:23:03.288+0000][7][gc,heap     ] GC(470) Survivor regions: 1->1(3)
[2021-05-03T12:23:03.288+0000][7][gc,heap     ] GC(470) Old regions: 27->27
[2021-05-03T12:23:03.288+0000][7][gc,heap     ] GC(470) Archive regions: 2->2
[2021-05-03T12:23:03.288+0000][7][gc,heap     ] GC(470) Humongous regions: 2->2
[2021-05-03T12:23:03.288+0000][7][gc,metaspace] GC(470) Metaspace: 109855K(114768K)->109855K(114768K) NonClass: 95915K(99484K)->95915K(99484K) Class: 13940K(15284K)->13940K(15284K)
[2021-05-03T12:23:03.288+0000][7][gc          ] GC(470) Pause Young (Normal) (G1 Evacuation Pause) 202M->118M(256M) 1.748ms
[2021-05-03T12:23:03.288+0000][7][gc,cpu      ] GC(470) User=0.01s Sys=0.00s Real=0.00s
[2021-05-03T12:23:03.288+0000][7][safepoint   ] Safepoint "G1CollectForAllocation", Time since last: 20817495998 ns, Reaching safepoint: 103006 ns, At safepoint: 1811874 ns, Total: 1914880 ns
[2021-05-03T12:25:06.111+0000][7][gc,start    ] GC(471) Pause Young (Concurrent Start) (G1 Evacuation Pause)
[2021-05-03T12:25:06.111+0000][7][gc,task     ] GC(471) Using 6 workers of 8 for evacuation
[2021-05-03T12:25:06.111+0000][7][gc,age      ] GC(471) Desired survivor size 6291456 bytes, new threshold 15 (max threshold 15)
[2021-05-03T12:25:06.113+0000][7][gc,age      ] GC(471) Age table with threshold 15 (max threshold 15)
[2021-05-03T12:25:06.113+0000][7][gc,age      ] GC(471) - age   1:     526192 bytes,     526192 total
[2021-05-03T12:25:06.113+0000][7][gc,age      ] GC(471) - age   2:        432 bytes,     526624 total
[2021-05-03T12:25:06.113+0000][7][gc,age      ] GC(471) - age   3:        920 bytes,     527544 total
[2021-05-03T12:25:06.113+0000][7][gc,age      ] GC(471) - age   4:        448 bytes,     527992 total
[2021-05-03T12:25:06.113+0000][7][gc,age      ] GC(471) - age   5:     180240 bytes,     708232 total
[2021-05-03T12:25:06.113+0000][7][gc,age      ] GC(471) - age   6:       4000 bytes,     712232 total
[2021-05-03T12:25:06.113+0000][7][gc,age      ] GC(471) - age   7:        240 bytes,     712472 total
[2021-05-03T12:25:06.113+0000][7][gc,age      ] GC(471) - age   8:         24 bytes,     712496 total
[2021-05-03T12:25:06.113+0000][7][gc,age      ] GC(471) - age   9:        176 bytes,     712672 total
[2021-05-03T12:25:06.113+0000][7][gc,age      ] GC(471) - age  10:       1992 bytes,     714664 total
[2021-05-03T12:25:06.113+0000][7][gc,age      ] GC(471) - age  13:        360 bytes,     715024 total
[2021-05-03T12:25:06.113+0000][7][gc,age      ] GC(471) - age  15:       1024 bytes,     716048 total
[2021-05-03T12:25:06.113+0000][7][gc,phases   ] GC(471)   Pre Evacuate Collection Set: 0.1ms
[2021-05-03T12:25:06.113+0000][7][gc,phases   ] GC(471)   Merge Heap Roots: 0.0ms
[2021-05-03T12:25:06.113+0000][7][gc,phases   ] GC(471)   Evacuate Collection Set: 0.7ms
[2021-05-03T12:25:06.113+0000][7][gc,phases   ] GC(471)   Post Evacuate Collection Set: 0.5ms
[2021-05-03T12:25:06.113+0000][7][gc,phases   ] GC(471)   Other: 0.2ms
[2021-05-03T12:25:06.113+0000][7][gc,heap     ] GC(471) Eden regions: 21->0(21)
[2021-05-03T12:25:06.113+0000][7][gc,heap     ] GC(471) Survivor regions: 1->1(3)
[2021-05-03T12:25:06.113+0000][7][gc,heap     ] GC(471) Old regions: 27->27
[2021-05-03T12:25:06.113+0000][7][gc,heap     ] GC(471) Archive regions: 2->2
[2021-05-03T12:25:06.113+0000][7][gc,heap     ] GC(471) Humongous regions: 2->2
[2021-05-03T12:25:06.113+0000][7][gc,metaspace] GC(471) Metaspace: 109855K(114768K)->109855K(114768K) NonClass: 95915K(99484K)->95915K(99484K) Class: 13940K(15284K)->13940K(15284K)
[2021-05-03T12:25:06.113+0000][7][gc          ] GC(471) Pause Young (Concurrent Start) (G1 Evacuation Pause) 202M->118M(256M) 1.649ms
[2021-05-03T12:25:06.113+0000][7][gc,cpu      ] GC(471) User=0.01s Sys=0.00s Real=0.01s
[2021-05-03T12:25:06.113+0000][7][safepoint   ] Safepoint "G1CollectForAllocation", Time since last: 122822837059 ns, Reaching safepoint: 246023 ns, At safepoint: 1713260 ns, Total: 1959283 ns
[2021-05-03T12:25:06.113+0000][7][gc          ] GC(472) Concurrent Cycle
[2021-05-03T12:25:06.113+0000][7][gc,marking  ] GC(472) Concurrent Clear Claimed Marks
[2021-05-03T12:25:06.113+0000][7][gc,marking  ] GC(472) Concurrent Clear Claimed Marks 0.046ms
[2021-05-03T12:25:06.113+0000][7][gc,marking  ] GC(472) Concurrent Scan Root Regions
[2021-05-03T12:25:06.114+0000][7][gc,marking  ] GC(472) Concurrent Scan Root Regions 1.276ms
[2021-05-03T12:25:06.114+0000][7][gc,marking  ] GC(472) Concurrent Mark (36648.042s)
[2021-05-03T12:25:06.114+0000][7][gc,marking  ] GC(472) Concurrent Mark From Roots
[2021-05-03T12:25:06.114+0000][7][gc,task     ] GC(472) Using 2 workers of 2 for marking
[2021-05-03T12:25:06.195+0000][7][gc,marking  ] GC(472) Concurrent Mark From Roots 80.710ms
[2021-05-03T12:25:06.195+0000][7][gc,marking  ] GC(472) Concurrent Preclean
[2021-05-03T12:25:06.195+0000][7][gc,marking  ] GC(472) Concurrent Preclean 0.235ms
[2021-05-03T12:25:06.195+0000][7][gc,marking  ] GC(472) Concurrent Mark (36648.042s, 36648.123s) 81.003ms
[2021-05-03T12:25:06.195+0000][7][gc,start    ] GC(472) Pause Remark
[2021-05-03T12:25:06.201+0000][7][gc          ] GC(472) Pause Remark 119M->119M(256M) 5.637ms
[2021-05-03T12:25:06.201+0000][7][gc,cpu      ] GC(472) User=0.03s Sys=0.00s Real=0.01s
[2021-05-03T12:25:06.201+0000][7][safepoint   ] Safepoint "G1Concurrent", Time since last: 82462247 ns, Reaching safepoint: 107629 ns, At safepoint: 5713328 ns, Total: 5820957 ns
[2021-05-03T12:25:06.201+0000][7][gc,marking  ] GC(472) Concurrent Rebuild Remembered Sets
[2021-05-03T12:25:06.254+0000][7][gc,marking  ] GC(472) Concurrent Rebuild Remembered Sets 52.750ms
[2021-05-03T12:25:06.254+0000][7][gc,start    ] GC(472) Pause Cleanup
[2021-05-03T12:25:06.254+0000][7][gc          ] GC(472) Pause Cleanup 119M->119M(256M) 0.064ms
[2021-05-03T12:25:06.254+0000][7][gc,cpu      ] GC(472) User=0.00s Sys=0.00s Real=0.00s
[2021-05-03T12:25:06.254+0000][7][safepoint   ] Safepoint "G1Concurrent", Time since last: 52861843 ns, Reaching safepoint: 105760 ns, At safepoint: 103563 ns, Total: 209323 ns
[2021-05-03T12:25:06.254+0000][7][gc,marking  ] GC(472) Concurrent Cleanup for Next Mark
[2021-05-03T12:25:06.254+0000][7][gc,marking  ] GC(472) Concurrent Cleanup for Next Mark 0.169ms
[2021-05-03T12:25:06.255+0000][7][gc          ] GC(472) Concurrent Cycle 141.565ms
[2021-05-03T12:25:41.265+0000][7][safepoint   ] Safepoint "Cleanup", Time since last: 35010860399 ns, Reaching safepoint: 133224 ns, At safepoint: 5662 ns, Total: 138886 ns
[2021-05-03T12:25:51.269+0000][7][safepoint   ] Safepoint "Cleanup", Time since last: 10003858057 ns, Reaching safepoint: 114769 ns, At safepoint: 5959 ns, Total: 120728 ns
[2021-05-03T12:26:36.280+0000][7][safepoint   ] Safepoint "Cleanup", Time since last: 45010943259 ns, Reaching safepoint: 176101 ns, At safepoint: 6892 ns, Total: 182993 ns
[2021-05-03T12:26:50.323+0000][7][gc,start    ] GC(473) Pause Young (Normal) (G1 Evacuation Pause)
[2021-05-03T12:26:50.323+0000][7][gc,task     ] GC(473) Using 6 workers of 8 for evacuation
[2021-05-03T12:26:50.324+0000][7][gc,age      ] GC(473) Desired survivor size 6291456 bytes, new threshold 15 (max threshold 15)
[2021-05-03T12:26:50.325+0000][7][gc,age      ] GC(473) Age table with threshold 15 (max threshold 15)
[2021-05-03T12:26:50.325+0000][7][gc,age      ] GC(473) - age   1:     842384 bytes,     842384 total
[2021-05-03T12:26:50.325+0000][7][gc,age      ] GC(473) - age   2:       3592 bytes,     845976 total
[2021-05-03T12:26:50.325+0000][7][gc,age      ] GC(473) - age   3:        256 bytes,     846232 total
[2021-05-03T12:26:50.325+0000][7][gc,age      ] GC(473) - age   4:        920 bytes,     847152 total
[2021-05-03T12:26:50.325+0000][7][gc,age      ] GC(473) - age   5:        160 bytes,     847312 total
[2021-05-03T12:26:50.325+0000][7][gc,age      ] GC(473) - age   6:       5032 bytes,     852344 total
[2021-05-03T12:26:50.325+0000][7][gc,age      ] GC(473) - age   7:       4000 bytes,     856344 total
[2021-05-03T12:26:50.325+0000][7][gc,age      ] GC(473) - age   8:        240 bytes,     856584 total
[2021-05-03T12:26:50.325+0000][7][gc,age      ] GC(473) - age   9:         24 bytes,     856608 total
[2021-05-03T12:26:50.325+0000][7][gc,age      ] GC(473) - age  10:        176 bytes,     856784 total
[2021-05-03T12:26:50.325+0000][7][gc,age      ] GC(473) - age  11:        744 bytes,     857528 total
[2021-05-03T12:26:50.325+0000][7][gc,age      ] GC(473) - age  14:        336 bytes,     857864 total
[2021-05-03T12:26:50.325+0000][7][gc,phases   ] GC(473)   Pre Evacuate Collection Set: 0.0ms
[2021-05-03T12:26:50.325+0000][7][gc,phases   ] GC(473)   Merge Heap Roots: 0.0ms
[2021-05-03T12:26:50.325+0000][7][gc,phases   ] GC(473)   Evacuate Collection Set: 0.9ms
[2021-05-03T12:26:50.325+0000][7][gc,phases   ] GC(473)   Post Evacuate Collection Set: 0.6ms
[2021-05-03T12:26:50.325+0000][7][gc,phases   ] GC(473)   Other: 0.2ms
[2021-05-03T12:26:50.325+0000][7][gc,heap     ] GC(473) Eden regions: 21->0(21)
[2021-05-03T12:26:50.325+0000][7][gc,heap     ] GC(473) Survivor regions: 1->1(3)
[2021-05-03T12:26:50.325+0000][7][gc,heap     ] GC(473) Old regions: 27->27
[2021-05-03T12:26:50.325+0000][7][gc,heap     ] GC(473) Archive regions: 2->2
[2021-05-03T12:26:50.325+0000][7][gc,heap     ] GC(473) Humongous regions: 2->2
[2021-05-03T12:26:50.325+0000][7][gc,metaspace] GC(473) Metaspace: 109918K(114768K)->109918K(114768K) NonClass: 95974K(99484K)->95974K(99484K) Class: 13943K(15284K)->13943K(15284K)
[2021-05-03T12:26:50.325+0000][7][gc          ] GC(473) Pause Young (Normal) (G1 Evacuation Pause) 202M->118M(256M) 1.772ms
[2021-05-03T12:26:50.325+0000][7][gc,cpu      ] GC(473) User=0.01s Sys=0.00s Real=0.00s
[2021-05-03T12:26:50.325+0000][7][safepoint   ] Safepoint "G1CollectForAllocation", Time since last: 14042855046 ns, Reaching safepoint: 216330 ns, At safepoint: 1833992 ns, Total: 2050322 ns
[2021-05-03T12:29:05.799+0000][7][gc,start    ] GC(474) Pause Young (Concurrent Start) (G1 Evacuation Pause)
[2021-05-03T12:29:05.799+0000][7][gc,task     ] GC(474) Using 6 workers of 8 for evacuation
[2021-05-03T12:29:05.799+0000][7][gc,age      ] GC(474) Desired survivor size 6291456 bytes, new threshold 15 (max threshold 15)
[2021-05-03T12:29:05.800+0000][7][gc,age      ] GC(474) Age table with threshold 15 (max threshold 15)
[2021-05-03T12:29:05.800+0000][7][gc,age      ] GC(474) - age   1:     507440 bytes,     507440 total
[2021-05-03T12:29:05.800+0000][7][gc,age      ] GC(474) - age   2:     278104 bytes,     785544 total
[2021-05-03T12:29:05.800+0000][7][gc,age      ] GC(474) - age   3:       3104 bytes,     788648 total
[2021-05-03T12:29:05.800+0000][7][gc,age      ] GC(474) - age   4:        256 bytes,     788904 total
[2021-05-03T12:29:05.800+0000][7][gc,age      ] GC(474) - age   5:        696 bytes,     789600 total
[2021-05-03T12:29:05.800+0000][7][gc,age      ] GC(474) - age   6:        136 bytes,     789736 total
[2021-05-03T12:29:05.800+0000][7][gc,age      ] GC(474) - age   7:       5032 bytes,     794768 total
[2021-05-03T12:29:05.800+0000][7][gc,age      ] GC(474) - age   8:       4000 bytes,     798768 total
[2021-05-03T12:29:05.800+0000][7][gc,age      ] GC(474) - age   9:        200 bytes,     798968 total
[2021-05-03T12:29:05.800+0000][7][gc,age      ] GC(474) - age  11:        176 bytes,     799144 total
[2021-05-03T12:29:05.800+0000][7][gc,age      ] GC(474) - age  12:        744 bytes,     799888 total
[2021-05-03T12:29:05.801+0000][7][gc,age      ] GC(474) - age  15:        336 bytes,     800224 total
[2021-05-03T12:29:05.801+0000][7][gc,phases   ] GC(474)   Pre Evacuate Collection Set: 0.1ms
[2021-05-03T12:29:05.801+0000][7][gc,phases   ] GC(474)   Merge Heap Roots: 0.0ms
[2021-05-03T12:29:05.801+0000][7][gc,phases   ] GC(474)   Evacuate Collection Set: 1.0ms
[2021-05-03T12:29:05.801+0000][7][gc,phases   ] GC(474)   Post Evacuate Collection Set: 0.5ms
[2021-05-03T12:29:05.801+0000][7][gc,phases   ] GC(474)   Other: 0.2ms
[2021-05-03T12:29:05.801+0000][7][gc,heap     ] GC(474) Eden regions: 21->0(21)
[2021-05-03T12:29:05.801+0000][7][gc,heap     ] GC(474) Survivor regions: 1->1(3)
[2021-05-03T12:29:05.801+0000][7][gc,heap     ] GC(474) Old regions: 27->27
[2021-05-03T12:29:05.801+0000][7][gc,heap     ] GC(474) Archive regions: 2->2
[2021-05-03T12:29:05.801+0000][7][gc,heap     ] GC(474) Humongous regions: 2->2
[2021-05-03T12:29:05.801+0000][7][gc,metaspace] GC(474) Metaspace: 109919K(114768K)->109919K(114768K) NonClass: 95976K(99484K)->95976K(99484K) Class: 13943K(15284K)->13943K(15284K)
[2021-05-03T12:29:05.801+0000][7][gc          ] GC(474) Pause Young (Concurrent Start) (G1 Evacuation Pause) 202M->118M(256M) 1.912ms
[2021-05-03T12:29:05.801+0000][7][gc,cpu      ] GC(474) User=0.01s Sys=0.00s Real=0.01s
[2021-05-03T12:29:05.801+0000][7][safepoint   ] Safepoint "G1CollectForAllocation", Time since last: 135473291472 ns, Reaching safepoint: 102451 ns, At safepoint: 1986578 ns, Total: 2089029 ns
[2021-05-03T12:29:05.801+0000][7][gc          ] GC(475) Concurrent Cycle
[2021-05-03T12:29:05.801+0000][7][gc,marking  ] GC(475) Concurrent Clear Claimed Marks
[2021-05-03T12:29:05.801+0000][7][gc,marking  ] GC(475) Concurrent Clear Claimed Marks 0.054ms
[2021-05-03T12:29:05.801+0000][7][gc,marking  ] GC(475) Concurrent Scan Root Regions
[2021-05-03T12:29:05.803+0000][7][gc,marking  ] GC(475) Concurrent Scan Root Regions 1.830ms
[2021-05-03T12:29:05.803+0000][7][gc,marking  ] GC(475) Concurrent Mark (36887.730s)
[2021-05-03T12:29:05.803+0000][7][gc,marking  ] GC(475) Concurrent Mark From Roots
[2021-05-03T12:29:05.803+0000][7][gc,task     ] GC(475) Using 2 workers of 2 for marking
[2021-05-03T12:29:05.882+0000][7][gc,marking  ] GC(475) Concurrent Mark From Roots 79.490ms
[2021-05-03T12:29:05.882+0000][7][gc,marking  ] GC(475) Concurrent Preclean
[2021-05-03T12:29:05.882+0000][7][gc,marking  ] GC(475) Concurrent Preclean 0.207ms
[2021-05-03T12:29:05.882+0000][7][gc,marking  ] GC(475) Concurrent Mark (36887.730s, 36887.810s) 79.753ms
[2021-05-03T12:29:05.883+0000][7][gc,start    ] GC(475) Pause Remark
[2021-05-03T12:29:05.889+0000][7][gc          ] GC(475) Pause Remark 120M->120M(256M) 6.036ms
[2021-05-03T12:29:05.889+0000][7][gc,cpu      ] GC(475) User=0.04s Sys=0.00s Real=0.00s
[2021-05-03T12:29:05.889+0000][7][safepoint   ] Safepoint "G1Concurrent", Time since last: 81777854 ns, Reaching safepoint: 111936 ns, At safepoint: 6114352 ns, Total: 6226288 ns
[2021-05-03T12:29:05.889+0000][7][gc,marking  ] GC(475) Concurrent Rebuild Remembered Sets
[2021-05-03T12:29:05.942+0000][7][gc,marking  ] GC(475) Concurrent Rebuild Remembered Sets 52.822ms
[2021-05-03T12:29:05.942+0000][7][gc,start    ] GC(475) Pause Cleanup
[2021-05-03T12:29:05.942+0000][7][gc          ] GC(475) Pause Cleanup 120M->120M(256M) 0.065ms
[2021-05-03T12:29:05.942+0000][7][gc,cpu      ] GC(475) User=0.00s Sys=0.00s Real=0.00s
[2021-05-03T12:29:05.942+0000][7][safepoint   ] Safepoint "G1Concurrent", Time since last: 52901267 ns, Reaching safepoint: 187847 ns, At safepoint: 106012 ns, Total: 293859 ns
[2021-05-03T12:29:05.942+0000][7][gc,marking  ] GC(475) Concurrent Cleanup for Next Mark
[2021-05-03T12:29:05.942+0000][7][gc,marking  ] GC(475) Concurrent Cleanup for Next Mark 0.159ms
[2021-05-03T12:29:05.942+0000][7][gc          ] GC(475) Concurrent Cycle 141.361ms
[2021-05-03T12:31:06.119+0000][7][gc,start    ] GC(476) Pause Young (Normal) (G1 Evacuation Pause)
[2021-05-03T12:31:06.119+0000][7][gc,task     ] GC(476) Using 6 workers of 8 for evacuation
[2021-05-03T12:31:06.119+0000][7][gc,age      ] GC(476) Desired survivor size 6291456 bytes, new threshold 15 (max threshold 15)
[2021-05-03T12:31:06.120+0000][7][gc,age      ] GC(476) Age table with threshold 15 (max threshold 15)
[2021-05-03T12:31:06.120+0000][7][gc,age      ] GC(476) - age   1:     523456 bytes,     523456 total
[2021-05-03T12:31:06.120+0000][7][gc,age      ] GC(476) - age   2:        608 bytes,     524064 total
[2021-05-03T12:31:06.120+0000][7][gc,age      ] GC(476) - age   3:     153912 bytes,     677976 total
[2021-05-03T12:31:06.120+0000][7][gc,age      ] GC(476) - age   4:       3048 bytes,     681024 total
[2021-05-03T12:31:06.120+0000][7][gc,age      ] GC(476) - age   5:        136 bytes,     681160 total
[2021-05-03T12:31:06.120+0000][7][gc,age      ] GC(476) - age   6:        696 bytes,     681856 total
[2021-05-03T12:31:06.120+0000][7][gc,age      ] GC(476) - age   7:        136 bytes,     681992 total
[2021-05-03T12:31:06.120+0000][7][gc,age      ] GC(476) - age   8:       4992 bytes,     686984 total
[2021-05-03T12:31:06.120+0000][7][gc,age      ] GC(476) - age   9:       3792 bytes,     690776 total
[2021-05-03T12:31:06.120+0000][7][gc,age      ] GC(476) - age  12:        136 bytes,     690912 total
[2021-05-03T12:31:06.120+0000][7][gc,age      ] GC(476) - age  13:        648 bytes,     691560 total
[2021-05-03T12:31:06.120+0000][7][gc,phases   ] GC(476)   Pre Evacuate Collection Set: 0.1ms
[2021-05-03T12:31:06.120+0000][7][gc,phases   ] GC(476)   Merge Heap Roots: 0.0ms
[2021-05-03T12:31:06.120+0000][7][gc,phases   ] GC(476)   Evacuate Collection Set: 0.8ms
[2021-05-03T12:31:06.120+0000][7][gc,phases   ] GC(476)   Post Evacuate Collection Set: 0.5ms
[2021-05-03T12:31:06.120+0000][7][gc,phases   ] GC(476)   Other: 0.2ms
[2021-05-03T12:31:06.120+0000][7][gc,heap     ] GC(476) Eden regions: 21->0(21)
[2021-05-03T12:31:06.121+0000][7][gc,heap     ] GC(476) Survivor regions: 1->1(3)
[2021-05-03T12:31:06.121+0000][7][gc,heap     ] GC(476) Old regions: 27->27
[2021-05-03T12:31:06.121+0000][7][gc,heap     ] GC(476) Archive regions: 2->2
[2021-05-03T12:31:06.121+0000][7][gc,heap     ] GC(476) Humongous regions: 2->2
[2021-05-03T12:31:06.121+0000][7][gc,metaspace] GC(476) Metaspace: 109919K(114768K)->109919K(114768K) NonClass: 95976K(99484K)->95976K(99484K) Class: 13943K(15284K)->13943K(15284K)
[2021-05-03T12:31:06.121+0000][7][gc          ] GC(476) Pause Young (Normal) (G1 Evacuation Pause) 202M->118M(256M) 1.643ms
[2021-05-03T12:31:06.121+0000][7][gc,cpu      ] GC(476) User=0.01s Sys=0.00s Real=0.01s
[2021-05-03T12:31:06.121+0000][7][safepoint   ] Safepoint "G1CollectForAllocation", Time since last: 120176840232 ns, Reaching safepoint: 174513 ns, At safepoint: 1705126 ns, Total: 1879639 ns
[2021-05-03T12:33:20.350+0000][7][gc,start    ] GC(477) Pause Young (Concurrent Start) (G1 Evacuation Pause)
[2021-05-03T12:33:20.350+0000][7][gc,task     ] GC(477) Using 6 workers of 8 for evacuation
[2021-05-03T12:33:20.350+0000][7][gc,age      ] GC(477) Desired survivor size 6291456 bytes, new threshold 15 (max threshold 15)
[2021-05-03T12:33:20.351+0000][7][gc,age      ] GC(477) Age table with threshold 15 (max threshold 15)
[2021-05-03T12:33:20.351+0000][7][gc,age      ] GC(477) - age   1:     587616 bytes,     587616 total
[2021-05-03T12:33:20.351+0000][7][gc,age      ] GC(477) - age   2:        984 bytes,     588600 total
[2021-05-03T12:33:20.351+0000][7][gc,age      ] GC(477) - age   3:        384 bytes,     588984 total
[2021-05-03T12:33:20.351+0000][7][gc,age      ] GC(477) - age   4:     153672 bytes,     742656 total
[2021-05-03T12:33:20.351+0000][7][gc,age      ] GC(477) - age   5:       3024 bytes,     745680 total
[2021-05-03T12:33:20.351+0000][7][gc,age      ] GC(477) - age   6:        136 bytes,     745816 total
[2021-05-03T12:33:20.351+0000][7][gc,age      ] GC(477) - age   7:        696 bytes,     746512 total
[2021-05-03T12:33:20.351+0000][7][gc,age      ] GC(477) - age   8:         40 bytes,     746552 total
[2021-05-03T12:33:20.351+0000][7][gc,age      ] GC(477) - age   9:       4992 bytes,     751544 total
[2021-05-03T12:33:20.351+0000][7][gc,age      ] GC(477) - age  10:       3792 bytes,     755336 total
[2021-05-03T12:33:20.351+0000][7][gc,age      ] GC(477) - age  13:        136 bytes,     755472 total
[2021-05-03T12:33:20.351+0000][7][gc,age      ] GC(477) - age  14:        648 bytes,     756120 total
[2021-05-03T12:33:20.351+0000][7][gc,phases   ] GC(477)   Pre Evacuate Collection Set: 0.1ms
[2021-05-03T12:33:20.351+0000][7][gc,phases   ] GC(477)   Merge Heap Roots: 0.0ms
[2021-05-03T12:33:20.351+0000][7][gc,phases   ] GC(477)   Evacuate Collection Set: 0.9ms
[2021-05-03T12:33:20.351+0000][7][gc,phases   ] GC(477)   Post Evacuate Collection Set: 0.5ms
[2021-05-03T12:33:20.351+0000][7][gc,phases   ] GC(477)   Other: 0.2ms
[2021-05-03T12:33:20.351+0000][7][gc,heap     ] GC(477) Eden regions: 21->0(21)
[2021-05-03T12:33:20.351+0000][7][gc,heap     ] GC(477) Survivor regions: 1->1(3)
[2021-05-03T12:33:20.351+0000][7][gc,heap     ] GC(477) Old regions: 27->27
[2021-05-03T12:33:20.351+0000][7][gc,heap     ] GC(477) Archive regions: 2->2
[2021-05-03T12:33:20.351+0000][7][gc,heap     ] GC(477) Humongous regions: 2->2
[2021-05-03T12:33:20.351+0000][7][gc,metaspace] GC(477) Metaspace: 109924K(114768K)->109924K(114768K) NonClass: 95980K(99484K)->95980K(99484K) Class: 13943K(15284K)->13943K(15284K)
[2021-05-03T12:33:20.351+0000][7][gc          ] GC(477) Pause Young (Concurrent Start) (G1 Evacuation Pause) 202M->118M(256M) 1.821ms
[2021-05-03T12:33:20.351+0000][7][gc,cpu      ] GC(477) User=0.01s Sys=0.00s Real=0.00s
[2021-05-03T12:33:20.351+0000][7][gc          ] GC(478) Concurrent Cycle
[2021-05-03T12:33:20.351+0000][7][safepoint   ] Safepoint "G1CollectForAllocation", Time since last: 134228795353 ns, Reaching safepoint: 180555 ns, At safepoint: 1888593 ns, Total: 2069148 ns
[2021-05-03T12:33:20.351+0000][7][gc,marking  ] GC(478) Concurrent Clear Claimed Marks
[2021-05-03T12:33:20.352+0000][7][gc,marking  ] GC(478) Concurrent Clear Claimed Marks 0.051ms
[2021-05-03T12:33:20.352+0000][7][gc,marking  ] GC(478) Concurrent Scan Root Regions
[2021-05-03T12:33:20.353+0000][7][gc,marking  ] GC(478) Concurrent Scan Root Regions 1.734ms
[2021-05-03T12:33:20.353+0000][7][gc,marking  ] GC(478) Concurrent Mark (37142.281s)
[2021-05-03T12:33:20.353+0000][7][gc,marking  ] GC(478) Concurrent Mark From Roots
[2021-05-03T12:33:20.353+0000][7][gc,task     ] GC(478) Using 2 workers of 2 for marking
[2021-05-03T12:33:20.432+0000][7][gc,marking  ] GC(478) Concurrent Mark From Roots 79.180ms
[2021-05-03T12:33:20.433+0000][7][gc,marking  ] GC(478) Concurrent Preclean
[2021-05-03T12:33:20.433+0000][7][gc,marking  ] GC(478) Concurrent Preclean 0.213ms
[2021-05-03T12:33:20.440+0000][7][gc,marking  ] GC(478) Concurrent Mark (37142.281s, 37142.367s) 86.302ms
[2021-05-03T12:33:20.440+0000][7][gc,start    ] GC(478) Pause Remark
[2021-05-03T12:33:20.446+0000][7][gc          ] GC(478) Pause Remark 120M->120M(256M) 5.890ms
[2021-05-03T12:33:20.446+0000][7][gc,cpu      ] GC(478) User=0.04s Sys=0.00s Real=0.00s
[2021-05-03T12:33:20.446+0000][7][safepoint   ] Safepoint "G1Concurrent", Time since last: 88209777 ns, Reaching safepoint: 106788 ns, At safepoint: 5964606 ns, Total: 6071394 ns
[2021-05-03T12:33:20.446+0000][7][gc,marking  ] GC(478) Concurrent Rebuild Remembered Sets
[2021-05-03T12:33:20.499+0000][7][gc,marking  ] GC(478) Concurrent Rebuild Remembered Sets 52.789ms
[2021-05-03T12:33:20.499+0000][7][gc,start    ] GC(478) Pause Cleanup
[2021-05-03T12:33:20.499+0000][7][gc          ] GC(478) Pause Cleanup 120M->120M(256M) 0.072ms
[2021-05-03T12:33:20.499+0000][7][gc,cpu      ] GC(478) User=0.00s Sys=0.00s Real=0.00s
[2021-05-03T12:33:20.499+0000][7][safepoint   ] Safepoint "G1Concurrent", Time since last: 52949019 ns, Reaching safepoint: 104488 ns, At safepoint: 112781 ns, Total: 217269 ns
[2021-05-03T12:33:20.499+0000][7][gc,marking  ] GC(478) Concurrent Cleanup for Next Mark
[2021-05-03T12:33:20.499+0000][7][gc,marking  ] GC(478) Concurrent Cleanup for Next Mark 0.200ms
[2021-05-03T12:33:20.499+0000][7][gc          ] GC(478) Concurrent Cycle 147.742ms
[2021-05-03T12:35:24.465+0000][7][gc,start    ] GC(479) Pause Young (Normal) (G1 Evacuation Pause)
[2021-05-03T12:35:24.465+0000][7][gc,task     ] GC(479) Using 6 workers of 8 for evacuation
[2021-05-03T12:35:24.465+0000][7][gc,age      ] GC(479) Desired survivor size 6291456 bytes, new threshold 15 (max threshold 15)
[2021-05-03T12:35:24.467+0000][7][gc,age      ] GC(479) Age table with threshold 15 (max threshold 15)
[2021-05-03T12:35:24.467+0000][7][gc,age      ] GC(479) - age   1:     515264 bytes,     515264 total
[2021-05-03T12:35:24.467+0000][7][gc,age      ] GC(479) - age   2:       1440 bytes,     516704 total
[2021-05-03T12:35:24.467+0000][7][gc,age      ] GC(479) - age   3:        584 bytes,     517288 total
[2021-05-03T12:35:24.467+0000][7][gc,age      ] GC(479) - age   4:        240 bytes,     517528 total
[2021-05-03T12:35:24.467+0000][7][gc,age      ] GC(479) - age   5:     153672 bytes,     671200 total
[2021-05-03T12:35:24.467+0000][7][gc,age      ] GC(479) - age   6:        528 bytes,     671728 total
[2021-05-03T12:35:24.467+0000][7][gc,age      ] GC(479) - age   7:        136 bytes,     671864 total
[2021-05-03T12:35:24.467+0000][7][gc,age      ] GC(479) - age   8:        696 bytes,     672560 total
[2021-05-03T12:35:24.467+0000][7][gc,age      ] GC(479) - age  10:       4992 bytes,     677552 total
[2021-05-03T12:35:24.467+0000][7][gc,age      ] GC(479) - age  11:       3792 bytes,     681344 total
[2021-05-03T12:35:24.467+0000][7][gc,age      ] GC(479) - age  14:        136 bytes,     681480 total
[2021-05-03T12:35:24.467+0000][7][gc,age      ] GC(479) - age  15:        648 bytes,     682128 total
[2021-05-03T12:35:24.467+0000][7][gc,phases   ] GC(479)   Pre Evacuate Collection Set: 0.0ms
[2021-05-03T12:35:24.467+0000][7][gc,phases   ] GC(479)   Merge Heap Roots: 0.0ms
[2021-05-03T12:35:24.467+0000][7][gc,phases   ] GC(479)   Evacuate Collection Set: 0.8ms
[2021-05-03T12:35:24.467+0000][7][gc,phases   ] GC(479)   Post Evacuate Collection Set: 0.6ms
[2021-05-03T12:35:24.467+0000][7][gc,phases   ] GC(479)   Other: 0.2ms
[2021-05-03T12:35:24.467+0000][7][gc,heap     ] GC(479) Eden regions: 21->0(21)
[2021-05-03T12:35:24.467+0000][7][gc,heap     ] GC(479) Survivor regions: 1->1(3)
[2021-05-03T12:35:24.467+0000][7][gc,heap     ] GC(479) Old regions: 27->27
[2021-05-03T12:35:24.467+0000][7][gc,heap     ] GC(479) Archive regions: 2->2
[2021-05-03T12:35:24.467+0000][7][gc,heap     ] GC(479) Humongous regions: 2->2
[2021-05-03T12:35:24.467+0000][7][gc,metaspace] GC(479) Metaspace: 109924K(114768K)->109924K(114768K) NonClass: 95980K(99484K)->95980K(99484K) Class: 13943K(15284K)->13943K(15284K)
[2021-05-03T12:35:24.467+0000][7][gc          ] GC(479) Pause Young (Normal) (G1 Evacuation Pause) 202M->118M(256M) 1.791ms
[2021-05-03T12:35:24.467+0000][7][gc,cpu      ] GC(479) User=0.00s Sys=0.00s Real=0.00s
[2021-05-03T12:35:24.467+0000][7][safepoint   ] Safepoint "G1CollectForAllocation", Time since last: 123966300108 ns, Reaching safepoint: 78306 ns, At safepoint: 1853273 ns, Total: 1931579 ns
[2021-05-03T12:35:41.470+0000][7][safepoint   ] Safepoint "Cleanup", Time since last: 17002703167 ns, Reaching safepoint: 146168 ns, At safepoint: 6254 ns, Total: 152422 ns
[2021-05-03T12:35:43.292+0000][7][safepoint   ] Safepoint "Cleanup", Time since last: 1822342838 ns, Reaching safepoint: 124220 ns, At safepoint: 6337 ns, Total: 130557 ns
[2021-05-03T12:36:42.305+0000][7][safepoint   ] Safepoint "Cleanup", Time since last: 59012074943 ns, Reaching safepoint: 67476 ns, At safepoint: 4806 ns, Total: 72282 ns
[2021-05-03T12:37:06.118+0000][7][gc,start    ] GC(480) Pause Young (Concurrent Start) (G1 Evacuation Pause)
[2021-05-03T12:37:06.118+0000][7][gc,task     ] GC(480) Using 6 workers of 8 for evacuation
[2021-05-03T12:37:06.118+0000][7][gc,age      ] GC(480) Desired survivor size 6291456 bytes, new threshold 15 (max threshold 15)
[2021-05-03T12:37:06.119+0000][7][gc,age      ] GC(480) Age table with threshold 15 (max threshold 15)
[2021-05-03T12:37:06.119+0000][7][gc,age      ] GC(480) - age   1:     814264 bytes,     814264 total
[2021-05-03T12:37:06.119+0000][7][gc,age      ] GC(480) - age   2:       3032 bytes,     817296 total
[2021-05-03T12:37:06.119+0000][7][gc,age      ] GC(480) - age   3:        832 bytes,     818128 total
[2021-05-03T12:37:06.119+0000][7][gc,age      ] GC(480) - age   4:        584 bytes,     818712 total
[2021-05-03T12:37:06.119+0000][7][gc,age      ] GC(480) - age   5:        240 bytes,     818952 total
[2021-05-03T12:37:06.119+0000][7][gc,age      ] GC(480) - age   6:       4328 bytes,     823280 total
[2021-05-03T12:37:06.119+0000][7][gc,age      ] GC(480) - age   7:        504 bytes,     823784 total
[2021-05-03T12:37:06.119+0000][7][gc,age      ] GC(480) - age   8:        136 bytes,     823920 total
[2021-05-03T12:37:06.119+0000][7][gc,age      ] GC(480) - age   9:        672 bytes,     824592 total
[2021-05-03T12:37:06.119+0000][7][gc,age      ] GC(480) - age  11:        304 bytes,     824896 total
[2021-05-03T12:37:06.119+0000][7][gc,age      ] GC(480) - age  12:       3792 bytes,     828688 total
[2021-05-03T12:37:06.119+0000][7][gc,age      ] GC(480) - age  15:        136 bytes,     828824 total
[2021-05-03T12:37:06.120+0000][7][gc,phases   ] GC(480)   Pre Evacuate Collection Set: 0.1ms
[2021-05-03T12:37:06.120+0000][7][gc,phases   ] GC(480)   Merge Heap Roots: 0.0ms
[2021-05-03T12:37:06.120+0000][7][gc,phases   ] GC(480)   Evacuate Collection Set: 1.0ms
[2021-05-03T12:37:06.120+0000][7][gc,phases   ] GC(480)   Post Evacuate Collection Set: 0.3ms
[2021-05-03T12:37:06.120+0000][7][gc,phases   ] GC(480)   Other: 0.2ms
[2021-05-03T12:37:06.120+0000][7][gc,heap     ] GC(480) Eden regions: 21->0(21)
[2021-05-03T12:37:06.120+0000][7][gc,heap     ] GC(480) Survivor regions: 1->1(3)
[2021-05-03T12:37:06.120+0000][7][gc,heap     ] GC(480) Old regions: 27->27
[2021-05-03T12:37:06.120+0000][7][gc,heap     ] GC(480) Archive regions: 2->2
[2021-05-03T12:37:06.120+0000][7][gc,heap     ] GC(480) Humongous regions: 2->2
[2021-05-03T12:37:06.120+0000][7][gc,metaspace] GC(480) Metaspace: 109944K(114768K)->109944K(114768K) NonClass: 96000K(99484K)->96000K(99484K) Class: 13943K(15284K)->13943K(15284K)
[2021-05-03T12:37:06.120+0000][7][gc          ] GC(480) Pause Young (Concurrent Start) (G1 Evacuation Pause) 202M->118M(256M) 1.827ms
[2021-05-03T12:37:06.120+0000][7][gc,cpu      ] GC(480) User=0.01s Sys=0.00s Real=0.00s
[2021-05-03T12:37:06.120+0000][7][safepoint   ] Safepoint "G1CollectForAllocation", Time since last: 23812994519 ns, Reaching safepoint: 165789 ns, At safepoint: 1926793 ns, Total: 2092582 ns
[2021-05-03T12:37:06.120+0000][7][gc          ] GC(481) Concurrent Cycle
[2021-05-03T12:37:06.120+0000][7][gc,marking  ] GC(481) Concurrent Clear Claimed Marks
[2021-05-03T12:37:06.120+0000][7][gc,marking  ] GC(481) Concurrent Clear Claimed Marks 0.061ms
[2021-05-03T12:37:06.120+0000][7][gc,marking  ] GC(481) Concurrent Scan Root Regions
[2021-05-03T12:37:06.122+0000][7][gc,marking  ] GC(481) Concurrent Scan Root Regions 1.830ms
[2021-05-03T12:37:06.122+0000][7][gc,marking  ] GC(481) Concurrent Mark (37368.049s)
[2021-05-03T12:37:06.122+0000][7][gc,marking  ] GC(481) Concurrent Mark From Roots
[2021-05-03T12:37:06.122+0000][7][gc,task     ] GC(481) Using 2 workers of 2 for marking
[2021-05-03T12:37:06.206+0000][7][gc,marking  ] GC(481) Concurrent Mark From Roots 84.564ms
[2021-05-03T12:37:06.206+0000][7][gc,marking  ] GC(481) Concurrent Preclean
[2021-05-03T12:37:06.206+0000][7][gc,marking  ] GC(481) Concurrent Preclean 0.233ms
[2021-05-03T12:37:06.206+0000][7][gc,marking  ] GC(481) Concurrent Mark (37368.049s, 37368.134s) 84.849ms
[2021-05-03T12:37:06.207+0000][7][gc,start    ] GC(481) Pause Remark
[2021-05-03T12:37:06.213+0000][7][gc          ] GC(481) Pause Remark 120M->120M(256M) 5.866ms
[2021-05-03T12:37:06.213+0000][7][gc,cpu      ] GC(481) User=0.04s Sys=0.00s Real=0.01s
[2021-05-03T12:37:06.213+0000][7][safepoint   ] Safepoint "G1Concurrent", Time since last: 86876654 ns, Reaching safepoint: 104162 ns, At safepoint: 5943152 ns, Total: 6047314 ns
[2021-05-03T12:37:06.213+0000][7][gc,marking  ] GC(481) Concurrent Rebuild Remembered Sets
[2021-05-03T12:37:06.266+0000][7][gc,marking  ] GC(481) Concurrent Rebuild Remembered Sets 52.922ms
[2021-05-03T12:37:06.266+0000][7][gc,start    ] GC(481) Pause Cleanup
[2021-05-03T12:37:06.266+0000][7][gc          ] GC(481) Pause Cleanup 120M->120M(256M) 0.070ms
[2021-05-03T12:37:06.266+0000][7][gc,cpu      ] GC(481) User=0.00s Sys=0.00s Real=0.00s
[2021-05-03T12:37:06.266+0000][7][safepoint   ] Safepoint "G1Concurrent", Time since last: 53027264 ns, Reaching safepoint: 79532 ns, At safepoint: 110640 ns, Total: 190172 ns
[2021-05-03T12:37:06.266+0000][7][gc,marking  ] GC(481) Concurrent Cleanup for Next Mark
[2021-05-03T12:37:06.266+0000][7][gc,marking  ] GC(481) Concurrent Cleanup for Next Mark 0.177ms
[2021-05-03T12:37:06.266+0000][7][gc          ] GC(481) Concurrent Cycle 146.365ms
[2021-05-03T12:39:10.294+0000][7][safepoint   ] Safepoint "Cleanup", Time since last: 124028342839 ns, Reaching safepoint: 251218 ns, At safepoint: 28066 ns, Total: 279284 ns
[2021-05-03T12:39:20.369+0000][7][gc,start    ] GC(482) Pause Young (Normal) (G1 Evacuation Pause)
[2021-05-03T12:39:20.369+0000][7][gc,task     ] GC(482) Using 6 workers of 8 for evacuation
[2021-05-03T12:39:20.373+0000][7][gc,age      ] GC(482) Desired survivor size 6291456 bytes, new threshold 15 (max threshold 15)
[2021-05-03T12:39:20.374+0000][7][gc,age      ] GC(482) Age table with threshold 15 (max threshold 15)
[2021-05-03T12:39:20.374+0000][7][gc,age      ] GC(482) - age   1:     657448 bytes,     657448 total
[2021-05-03T12:39:20.374+0000][7][gc,age      ] GC(482) - age   2:     302232 bytes,     959680 total
[2021-05-03T12:39:20.374+0000][7][gc,age      ] GC(482) - age   3:       2768 bytes,     962448 total
[2021-05-03T12:39:20.374+0000][7][gc,age      ] GC(482) - age   4:        832 bytes,     963280 total
[2021-05-03T12:39:20.374+0000][7][gc,age      ] GC(482) - age   5:        584 bytes,     963864 total
[2021-05-03T12:39:20.374+0000][7][gc,age      ] GC(482) - age   6:        240 bytes,     964104 total
[2021-05-03T12:39:20.374+0000][7][gc,age      ] GC(482) - age   7:       4328 bytes,     968432 total
[2021-05-03T12:39:20.374+0000][7][gc,age      ] GC(482) - age   8:        504 bytes,     968936 total
[2021-05-03T12:39:20.374+0000][7][gc,age      ] GC(482) - age   9:        136 bytes,     969072 total
[2021-05-03T12:39:20.374+0000][7][gc,age      ] GC(482) - age  10:        648 bytes,     969720 total
[2021-05-03T12:39:20.374+0000][7][gc,age      ] GC(482) - age  12:        304 bytes,     970024 total
[2021-05-03T12:39:20.374+0000][7][gc,age      ] GC(482) - age  13:       3792 bytes,     973816 total
[2021-05-03T12:39:20.374+0000][7][gc,phases   ] GC(482)   Pre Evacuate Collection Set: 3.1ms
[2021-05-03T12:39:20.374+0000][7][gc,phases   ] GC(482)   Merge Heap Roots: 0.0ms
[2021-05-03T12:39:20.374+0000][7][gc,phases   ] GC(482)   Evacuate Collection Set: 0.8ms
[2021-05-03T12:39:20.374+0000][7][gc,phases   ] GC(482)   Post Evacuate Collection Set: 0.3ms
[2021-05-03T12:39:20.374+0000][7][gc,phases   ] GC(482)   Other: 0.2ms
[2021-05-03T12:39:20.374+0000][7][gc,heap     ] GC(482) Eden regions: 21->0(21)
[2021-05-03T12:39:20.374+0000][7][gc,heap     ] GC(482) Survivor regions: 1->1(3)
[2021-05-03T12:39:20.374+0000][7][gc,heap     ] GC(482) Old regions: 27->27
[2021-05-03T12:39:20.374+0000][7][gc,heap     ] GC(482) Archive regions: 2->2
[2021-05-03T12:39:20.374+0000][7][gc,heap     ] GC(482) Humongous regions: 2->2
[2021-05-03T12:39:20.374+0000][7][gc,metaspace] GC(482) Metaspace: 109945K(114768K)->109945K(114768K) NonClass: 96001K(99484K)->96001K(99484K) Class: 13943K(15284K)->13943K(15284K)
[2021-05-03T12:39:20.374+0000][7][gc          ] GC(482) Pause Young (Normal) (G1 Evacuation Pause) 202M->118M(256M) 4.600ms
[2021-05-03T12:39:20.374+0000][7][gc,cpu      ] GC(482) User=0.00s Sys=0.00s Real=0.01s
[2021-05-03T12:39:20.374+0000][7][safepoint   ] Safepoint "G1CollectForAllocation", Time since last: 10074807197 ns, Reaching safepoint: 161004 ns, At safepoint: 4663535 ns, Total: 4824539 ns
[2021-05-03T12:41:21.089+0000][7][gc,start    ] GC(483) Pause Young (Concurrent Start) (G1 Evacuation Pause)
[2021-05-03T12:41:21.089+0000][7][gc,task     ] GC(483) Using 6 workers of 8 for evacuation
[2021-05-03T12:41:21.089+0000][7][gc,age      ] GC(483) Desired survivor size 6291456 bytes, new threshold 15 (max threshold 15)
[2021-05-03T12:41:21.091+0000][7][gc,age      ] GC(483) Age table with threshold 15 (max threshold 15)
[2021-05-03T12:41:21.091+0000][7][gc,age      ] GC(483) - age   1:     513960 bytes,     513960 total
[2021-05-03T12:41:21.091+0000][7][gc,age      ] GC(483) - age   2:       1184 bytes,     515144 total
[2021-05-03T12:41:21.091+0000][7][gc,age      ] GC(483) - age   3:     180728 bytes,     695872 total
[2021-05-03T12:41:21.091+0000][7][gc,age      ] GC(483) - age   4:       2656 bytes,     698528 total
[2021-05-03T12:41:21.091+0000][7][gc,age      ] GC(483) - age   5:        736 bytes,     699264 total
[2021-05-03T12:41:21.091+0000][7][gc,age      ] GC(483) - age   6:        584 bytes,     699848 total
[2021-05-03T12:41:21.091+0000][7][gc,age      ] GC(483) - age   8:       4328 bytes,     704176 total
[2021-05-03T12:41:21.091+0000][7][gc,age      ] GC(483) - age   9:        504 bytes,     704680 total
[2021-05-03T12:41:21.091+0000][7][gc,age      ] GC(483) - age  10:        136 bytes,     704816 total
[2021-05-03T12:41:21.091+0000][7][gc,age      ] GC(483) - age  11:        648 bytes,     705464 total
[2021-05-03T12:41:21.091+0000][7][gc,age      ] GC(483) - age  13:        304 bytes,     705768 total
[2021-05-03T12:41:21.091+0000][7][gc,age      ] GC(483) - age  14:       3792 bytes,     709560 total
[2021-05-03T12:41:21.091+0000][7][gc,phases   ] GC(483)   Pre Evacuate Collection Set: 0.1ms
[2021-05-03T12:41:21.091+0000][7][gc,phases   ] GC(483)   Merge Heap Roots: 0.0ms
[2021-05-03T12:41:21.091+0000][7][gc,phases   ] GC(483)   Evacuate Collection Set: 0.9ms
[2021-05-03T12:41:21.091+0000][7][gc,phases   ] GC(483)   Post Evacuate Collection Set: 0.6ms
[2021-05-03T12:41:21.091+0000][7][gc,phases   ] GC(483)   Other: 0.2ms
[2021-05-03T12:41:21.091+0000][7][gc,heap     ] GC(483) Eden regions: 21->0(21)
[2021-05-03T12:41:21.091+0000][7][gc,heap     ] GC(483) Survivor regions: 1->1(3)
[2021-05-03T12:41:21.091+0000][7][gc,heap     ] GC(483) Old regions: 27->27
[2021-05-03T12:41:21.091+0000][7][gc,heap     ] GC(483) Archive regions: 2->2
[2021-05-03T12:41:21.091+0000][7][gc,heap     ] GC(483) Humongous regions: 2->2
[2021-05-03T12:41:21.091+0000][7][gc,metaspace] GC(483) Metaspace: 109946K(114768K)->109946K(114768K) NonClass: 96002K(99484K)->96002K(99484K) Class: 13943K(15284K)->13943K(15284K)
[2021-05-03T12:41:21.091+0000][7][gc          ] GC(483) Pause Young (Concurrent Start) (G1 Evacuation Pause) 202M->118M(256M) 1.909ms
[2021-05-03T12:41:21.091+0000][7][gc,cpu      ] GC(483) User=0.01s Sys=0.00s Real=0.00s
[2021-05-03T12:41:21.091+0000][7][safepoint   ] Safepoint "G1CollectForAllocation", Time since last: 120715020466 ns, Reaching safepoint: 119965 ns, At safepoint: 1972009 ns, Total: 2091974 ns
[2021-05-03T12:41:21.091+0000][7][gc          ] GC(484) Concurrent Cycle
[2021-05-03T12:41:21.091+0000][7][gc,marking  ] GC(484) Concurrent Clear Claimed Marks
[2021-05-03T12:41:21.091+0000][7][gc,marking  ] GC(484) Concurrent Clear Claimed Marks 0.042ms
[2021-05-03T12:41:21.091+0000][7][gc,marking  ] GC(484) Concurrent Scan Root Regions
[2021-05-03T12:41:21.093+0000][7][gc,marking  ] GC(484) Concurrent Scan Root Regions 1.481ms
[2021-05-03T12:41:21.093+0000][7][gc,marking  ] GC(484) Concurrent Mark (37623.020s)
[2021-05-03T12:41:21.093+0000][7][gc,marking  ] GC(484) Concurrent Mark From Roots
[2021-05-03T12:41:21.093+0000][7][gc,task     ] GC(484) Using 2 workers of 2 for marking
[2021-05-03T12:41:21.173+0000][7][gc,marking  ] GC(484) Concurrent Mark From Roots 79.697ms
[2021-05-03T12:41:21.173+0000][7][gc,marking  ] GC(484) Concurrent Preclean
[2021-05-03T12:41:21.173+0000][7][gc,marking  ] GC(484) Concurrent Preclean 0.213ms
[2021-05-03T12:41:21.173+0000][7][gc,marking  ] GC(484) Concurrent Mark (37623.020s, 37623.100s) 79.958ms
[2021-05-03T12:41:21.173+0000][7][gc,start    ] GC(484) Pause Remark
[2021-05-03T12:41:21.179+0000][7][gc          ] GC(484) Pause Remark 119M->119M(256M) 5.720ms
[2021-05-03T12:41:21.179+0000][7][gc,cpu      ] GC(484) User=0.04s Sys=0.00s Real=0.00s
[2021-05-03T12:41:21.179+0000][7][safepoint   ] Safepoint "G1Concurrent", Time since last: 81624468 ns, Reaching safepoint: 112126 ns, At safepoint: 5793173 ns, Total: 5905299 ns
[2021-05-03T12:41:21.179+0000][7][gc,marking  ] GC(484) Concurrent Rebuild Remembered Sets
[2021-05-03T12:41:21.232+0000][7][gc,marking  ] GC(484) Concurrent Rebuild Remembered Sets 52.741ms
[2021-05-03T12:41:21.232+0000][7][gc,start    ] GC(484) Pause Cleanup
[2021-05-03T12:41:21.232+0000][7][gc          ] GC(484) Pause Cleanup 119M->119M(256M) 0.080ms
[2021-05-03T12:41:21.232+0000][7][gc,cpu      ] GC(484) User=0.00s Sys=0.00s Real=0.01s
[2021-05-03T12:41:21.232+0000][7][safepoint   ] Safepoint "G1Concurrent", Time since last: 52871943 ns, Reaching safepoint: 103858 ns, At safepoint: 124517 ns, Total: 228375 ns
[2021-05-03T12:41:21.232+0000][7][gc,marking  ] GC(484) Concurrent Cleanup for Next Mark
[2021-05-03T12:41:21.232+0000][7][gc,marking  ] GC(484) Concurrent Cleanup for Next Mark 0.168ms
[2021-05-03T12:41:21.232+0000][7][gc          ] GC(484) Concurrent Cycle 140.850ms
[2021-05-03T12:42:06.245+0000][7][safepoint   ] Safepoint "Cleanup", Time since last: 45013084623 ns, Reaching safepoint: 141401 ns, At safepoint: 6957 ns, Total: 148358 ns
[2021-05-03T12:42:10.246+0000][7][safepoint   ] Safepoint "Cleanup", Time since last: 4000997077 ns, Reaching safepoint: 83194 ns, At safepoint: 3993 ns, Total: 87187 ns
[2021-05-03T12:43:38.514+0000][7][gc,start    ] GC(485) Pause Young (Normal) (G1 Evacuation Pause)
[2021-05-03T12:43:38.514+0000][7][gc,task     ] GC(485) Using 6 workers of 8 for evacuation
[2021-05-03T12:43:38.515+0000][7][gc,age      ] GC(485) Desired survivor size 6291456 bytes, new threshold 15 (max threshold 15)
[2021-05-03T12:43:38.516+0000][7][gc,age      ] GC(485) Age table with threshold 15 (max threshold 15)
[2021-05-03T12:43:38.516+0000][7][gc,age      ] GC(485) - age   1:     516160 bytes,     516160 total
[2021-05-03T12:43:38.516+0000][7][gc,age      ] GC(485) - age   2:        600 bytes,     516760 total
[2021-05-03T12:43:38.516+0000][7][gc,age      ] GC(485) - age   3:        120 bytes,     516880 total
[2021-05-03T12:43:38.516+0000][7][gc,age      ] GC(485) - age   4:     180728 bytes,     697608 total
[2021-05-03T12:43:38.516+0000][7][gc,age      ] GC(485) - age   5:       2632 bytes,     700240 total
[2021-05-03T12:43:38.516+0000][7][gc,age      ] GC(485) - age   6:        736 bytes,     700976 total
[2021-05-03T12:43:38.516+0000][7][gc,age      ] GC(485) - age   7:        584 bytes,     701560 total
[2021-05-03T12:43:38.516+0000][7][gc,age      ] GC(485) - age   9:       4328 bytes,     705888 total
[2021-05-03T12:43:38.516+0000][7][gc,age      ] GC(485) - age  10:        504 bytes,     706392 total
[2021-05-03T12:43:38.516+0000][7][gc,age      ] GC(485) - age  11:        136 bytes,     706528 total
[2021-05-03T12:43:38.516+0000][7][gc,age      ] GC(485) - age  12:        648 bytes,     707176 total
[2021-05-03T12:43:38.516+0000][7][gc,age      ] GC(485) - age  14:        304 bytes,     707480 total
[2021-05-03T12:43:38.516+0000][7][gc,age      ] GC(485) - age  15:       3696 bytes,     711176 total
[2021-05-03T12:43:38.516+0000][7][gc,phases   ] GC(485)   Pre Evacuate Collection Set: 0.1ms
[2021-05-03T12:43:38.516+0000][7][gc,phases   ] GC(485)   Merge Heap Roots: 0.1ms
[2021-05-03T12:43:38.516+0000][7][gc,phases   ] GC(485)   Evacuate Collection Set: 0.9ms
[2021-05-03T12:43:38.516+0000][7][gc,phases   ] GC(485)   Post Evacuate Collection Set: 0.3ms
[2021-05-03T12:43:38.516+0000][7][gc,phases   ] GC(485)   Other: 0.2ms
[2021-05-03T12:43:38.516+0000][7][gc,heap     ] GC(485) Eden regions: 21->0(21)
[2021-05-03T12:43:38.516+0000][7][gc,heap     ] GC(485) Survivor regions: 1->1(3)
[2021-05-03T12:43:38.516+0000][7][gc,heap     ] GC(485) Old regions: 27->27
[2021-05-03T12:43:38.516+0000][7][gc,heap     ] GC(485) Archive regions: 2->2
[2021-05-03T12:43:38.516+0000][7][gc,heap     ] GC(485) Humongous regions: 2->2
[2021-05-03T12:43:38.516+0000][7][gc,metaspace] GC(485) Metaspace: 109946K(114768K)->109946K(114768K) NonClass: 96002K(99484K)->96002K(99484K) Class: 13943K(15284K)->13943K(15284K)
[2021-05-03T12:43:38.516+0000][7][gc          ] GC(485) Pause Young (Normal) (G1 Evacuation Pause) 202M->118M(256M) 1.637ms
[2021-05-03T12:43:38.516+0000][7][gc,cpu      ] GC(485) User=0.00s Sys=0.00s Real=0.00s
[2021-05-03T12:43:38.516+0000][7][safepoint   ] Safepoint "G1CollectForAllocation", Time since last: 88268192979 ns, Reaching safepoint: 94621 ns, At safepoint: 1702056 ns, Total: 1796677 ns
[2021-05-03T12:45:40.734+0000][7][gc,start    ] GC(486) Pause Young (Concurrent Start) (G1 Evacuation Pause)
[2021-05-03T12:45:40.734+0000][7][gc,task     ] GC(486) Using 6 workers of 8 for evacuation
[2021-05-03T12:45:40.734+0000][7][gc,age      ] GC(486) Desired survivor size 6291456 bytes, new threshold 15 (max threshold 15)
[2021-05-03T12:45:40.735+0000][7][gc,age      ] GC(486) Age table with threshold 15 (max threshold 15)
[2021-05-03T12:45:40.735+0000][7][gc,age      ] GC(486) - age   1:     649280 bytes,     649280 total
[2021-05-03T12:45:40.735+0000][7][gc,age      ] GC(486) - age   2:        600 bytes,     649880 total
[2021-05-03T12:45:40.735+0000][7][gc,age      ] GC(486) - age   3:        240 bytes,     650120 total
[2021-05-03T12:45:40.735+0000][7][gc,age      ] GC(486) - age   5:     136336 bytes,     786456 total
[2021-05-03T12:45:40.735+0000][7][gc,age      ] GC(486) - age   6:         40 bytes,     786496 total
[2021-05-03T12:45:40.735+0000][7][gc,age      ] GC(486) - age   7:        696 bytes,     787192 total
[2021-05-03T12:45:40.735+0000][7][gc,age      ] GC(486) - age   8:        136 bytes,     787328 total
[2021-05-03T12:45:40.735+0000][7][gc,age      ] GC(486) - age  10:       4224 bytes,     791552 total
[2021-05-03T12:45:40.735+0000][7][gc,age      ] GC(486) - age  11:        504 bytes,     792056 total
[2021-05-03T12:45:40.735+0000][7][gc,age      ] GC(486) - age  12:        136 bytes,     792192 total
[2021-05-03T12:45:40.736+0000][7][gc,age      ] GC(486) - age  13:        648 bytes,     792840 total
[2021-05-03T12:45:40.736+0000][7][gc,age      ] GC(486) - age  15:        304 bytes,     793144 total
[2021-05-03T12:45:40.736+0000][7][gc,phases   ] GC(486)   Pre Evacuate Collection Set: 0.1ms
[2021-05-03T12:45:40.736+0000][7][gc,phases   ] GC(486)   Merge Heap Roots: 0.0ms
[2021-05-03T12:45:40.736+0000][7][gc,phases   ] GC(486)   Evacuate Collection Set: 1.0ms
[2021-05-03T12:45:40.736+0000][7][gc,phases   ] GC(486)   Post Evacuate Collection Set: 0.6ms
[2021-05-03T12:45:40.736+0000][7][gc,phases   ] GC(486)   Other: 0.2ms
[2021-05-03T12:45:40.736+0000][7][gc,heap     ] GC(486) Eden regions: 21->0(21)
[2021-05-03T12:45:40.736+0000][7][gc,heap     ] GC(486) Survivor regions: 1->1(3)
[2021-05-03T12:45:40.736+0000][7][gc,heap     ] GC(486) Old regions: 27->27
[2021-05-03T12:45:40.736+0000][7][gc,heap     ] GC(486) Archive regions: 2->2
[2021-05-03T12:45:40.736+0000][7][gc,heap     ] GC(486) Humongous regions: 2->2
[2021-05-03T12:45:40.736+0000][7][gc,metaspace] GC(486) Metaspace: 109948K(114768K)->109948K(114768K) NonClass: 96004K(99484K)->96004K(99484K) Class: 13943K(15284K)->13943K(15284K)
[2021-05-03T12:45:40.736+0000][7][gc          ] GC(486) Pause Young (Concurrent Start) (G1 Evacuation Pause) 202M->118M(256M) 2.024ms
[2021-05-03T12:45:40.736+0000][7][gc,cpu      ] GC(486) User=0.00s Sys=0.01s Real=0.00s
[2021-05-03T12:45:40.736+0000][7][safepoint   ] Safepoint "G1CollectForAllocation", Time since last: 122217281858 ns, Reaching safepoint: 154338 ns, At safepoint: 2089006 ns, Total: 2243344 ns
[2021-05-03T12:45:40.736+0000][7][gc          ] GC(487) Concurrent Cycle
[2021-05-03T12:45:40.736+0000][7][gc,marking  ] GC(487) Concurrent Clear Claimed Marks
[2021-05-03T12:45:40.736+0000][7][gc,marking  ] GC(487) Concurrent Clear Claimed Marks 0.070ms
[2021-05-03T12:45:40.736+0000][7][gc,marking  ] GC(487) Concurrent Scan Root Regions
[2021-05-03T12:45:40.737+0000][7][gc,marking  ] GC(487) Concurrent Scan Root Regions 1.096ms
[2021-05-03T12:45:40.737+0000][7][gc,marking  ] GC(487) Concurrent Mark (37882.665s)
[2021-05-03T12:45:40.737+0000][7][gc,marking  ] GC(487) Concurrent Mark From Roots
[2021-05-03T12:45:40.737+0000][7][gc,task     ] GC(487) Using 2 workers of 2 for marking
[2021-05-03T12:45:40.832+0000][7][gc,marking  ] GC(487) Concurrent Mark From Roots 94.699ms
[2021-05-03T12:45:40.832+0000][7][gc,marking  ] GC(487) Concurrent Preclean
[2021-05-03T12:45:40.832+0000][7][gc,marking  ] GC(487) Concurrent Preclean 0.288ms
[2021-05-03T12:45:40.832+0000][7][gc,marking  ] GC(487) Concurrent Mark (37882.665s, 37882.760s) 95.048ms
[2021-05-03T12:45:40.832+0000][7][gc,start    ] GC(487) Pause Remark
[2021-05-03T12:45:40.838+0000][7][gc          ] GC(487) Pause Remark 136M->136M(256M) 6.321ms
[2021-05-03T12:45:40.838+0000][7][gc,cpu      ] GC(487) User=0.04s Sys=0.01s Real=0.00s
[2021-05-03T12:45:40.838+0000][7][safepoint   ] Safepoint "G1Concurrent", Time since last: 96349169 ns, Reaching safepoint: 90785 ns, At safepoint: 6401281 ns, Total: 6492066 ns
[2021-05-03T12:45:40.839+0000][7][gc,marking  ] GC(487) Concurrent Rebuild Remembered Sets
[2021-05-03T12:45:40.893+0000][7][gc,marking  ] GC(487) Concurrent Rebuild Remembered Sets 54.390ms
[2021-05-03T12:45:40.893+0000][7][gc,start    ] GC(487) Pause Cleanup
[2021-05-03T12:45:40.893+0000][7][gc          ] GC(487) Pause Cleanup 136M->136M(256M) 0.073ms
[2021-05-03T12:45:40.893+0000][7][gc,cpu      ] GC(487) User=0.00s Sys=0.00s Real=0.00s
[2021-05-03T12:45:40.893+0000][7][safepoint   ] Safepoint "G1Concurrent", Time since last: 54521708 ns, Reaching safepoint: 163625 ns, At safepoint: 114000 ns, Total: 277625 ns
[2021-05-03T12:45:40.893+0000][7][gc,marking  ] GC(487) Concurrent Cleanup for Next Mark
[2021-05-03T12:45:40.893+0000][7][gc,marking  ] GC(487) Concurrent Cleanup for Next Mark 0.181ms
[2021-05-03T12:45:40.894+0000][7][gc          ] GC(487) Concurrent Cycle 157.831ms
[2021-05-03T12:47:23.543+0000][7][gc,start    ] GC(488) Pause Young (Normal) (G1 Evacuation Pause)
[2021-05-03T12:47:23.543+0000][7][gc,task     ] GC(488) Using 6 workers of 8 for evacuation
[2021-05-03T12:47:23.543+0000][7][gc,age      ] GC(488) Desired survivor size 6291456 bytes, new threshold 15 (max threshold 15)
[2021-05-03T12:47:23.544+0000][7][gc,age      ] GC(488) Age table with threshold 15 (max threshold 15)
[2021-05-03T12:47:23.544+0000][7][gc,age      ] GC(488) - age   1:     710216 bytes,     710216 total
[2021-05-03T12:47:23.544+0000][7][gc,age      ] GC(488) - age   2:      70136 bytes,     780352 total
[2021-05-03T12:47:23.544+0000][7][gc,age      ] GC(488) - age   3:        184 bytes,     780536 total
[2021-05-03T12:47:23.544+0000][7][gc,age      ] GC(488) - age   4:        240 bytes,     780776 total
[2021-05-03T12:47:23.544+0000][7][gc,age      ] GC(488) - age   6:       5208 bytes,     785984 total
[2021-05-03T12:47:23.544+0000][7][gc,age      ] GC(488) - age   7:         40 bytes,     786024 total
[2021-05-03T12:47:23.544+0000][7][gc,age      ] GC(488) - age   8:        696 bytes,     786720 total
[2021-05-03T12:47:23.544+0000][7][gc,age      ] GC(488) - age   9:        136 bytes,     786856 total
[2021-05-03T12:47:23.544+0000][7][gc,age      ] GC(488) - age  11:       3352 bytes,     790208 total
[2021-05-03T12:47:23.544+0000][7][gc,age      ] GC(488) - age  12:        504 bytes,     790712 total
[2021-05-03T12:47:23.544+0000][7][gc,age      ] GC(488) - age  13:        136 bytes,     790848 total
[2021-05-03T12:47:23.544+0000][7][gc,age      ] GC(488) - age  14:        648 bytes,     791496 total
[2021-05-03T12:47:23.544+0000][7][gc,phases   ] GC(488)   Pre Evacuate Collection Set: 0.0ms
[2021-05-03T12:47:23.544+0000][7][gc,phases   ] GC(488)   Merge Heap Roots: 0.0ms
[2021-05-03T12:47:23.544+0000][7][gc,phases   ] GC(488)   Evacuate Collection Set: 0.8ms
[2021-05-03T12:47:23.544+0000][7][gc,phases   ] GC(488)   Post Evacuate Collection Set: 0.3ms
[2021-05-03T12:47:23.544+0000][7][gc,phases   ] GC(488)   Other: 0.2ms
[2021-05-03T12:47:23.544+0000][7][gc,heap     ] GC(488) Eden regions: 21->0(21)
[2021-05-03T12:47:23.544+0000][7][gc,heap     ] GC(488) Survivor regions: 1->1(3)
[2021-05-03T12:47:23.544+0000][7][gc,heap     ] GC(488) Old regions: 27->27
[2021-05-03T12:47:23.544+0000][7][gc,heap     ] GC(488) Archive regions: 2->2
[2021-05-03T12:47:23.544+0000][7][gc,heap     ] GC(488) Humongous regions: 2->2
[2021-05-03T12:47:23.544+0000][7][gc,metaspace] GC(488) Metaspace: 109952K(114768K)->109952K(114768K) NonClass: 96009K(99484K)->96009K(99484K) Class: 13943K(15284K)->13943K(15284K)
[2021-05-03T12:47:23.544+0000][7][gc          ] GC(488) Pause Young (Normal) (G1 Evacuation Pause) 202M->118M(256M) 1.440ms
[2021-05-03T12:47:23.544+0000][7][gc,cpu      ] GC(488) User=0.01s Sys=0.00s Real=0.00s
[2021-05-03T12:47:23.544+0000][7][safepoint   ] Safepoint "G1CollectForAllocation", Time since last: 102649182243 ns, Reaching safepoint: 118624 ns, At safepoint: 1499882 ns, Total: 1618506 ns
[2021-05-03T12:49:39.749+0000][7][gc,start    ] GC(489) Pause Young (Concurrent Start) (G1 Evacuation Pause)
[2021-05-03T12:49:39.749+0000][7][gc,task     ] GC(489) Using 6 workers of 8 for evacuation
[2021-05-03T12:49:39.749+0000][7][gc,age      ] GC(489) Desired survivor size 6291456 bytes, new threshold 15 (max threshold 15)
[2021-05-03T12:49:39.750+0000][7][gc,age      ] GC(489) Age table with threshold 15 (max threshold 15)
[2021-05-03T12:49:39.750+0000][7][gc,age      ] GC(489) - age   1:     517840 bytes,     517840 total
[2021-05-03T12:49:39.750+0000][7][gc,age      ] GC(489) - age   2:     206528 bytes,     724368 total
[2021-05-03T12:49:39.750+0000][7][gc,age      ] GC(489) - age   3:      39232 bytes,     763600 total
[2021-05-03T12:49:39.750+0000][7][gc,age      ] GC(489) - age   4:         64 bytes,     763664 total
[2021-05-03T12:49:39.750+0000][7][gc,age      ] GC(489) - age   5:        240 bytes,     763904 total
[2021-05-03T12:49:39.750+0000][7][gc,age      ] GC(489) - age   7:       5208 bytes,     769112 total
[2021-05-03T12:49:39.750+0000][7][gc,age      ] GC(489) - age   9:        696 bytes,     769808 total
[2021-05-03T12:49:39.750+0000][7][gc,age      ] GC(489) - age  10:        136 bytes,     769944 total
[2021-05-03T12:49:39.750+0000][7][gc,age      ] GC(489) - age  12:       3352 bytes,     773296 total
[2021-05-03T12:49:39.750+0000][7][gc,age      ] GC(489) - age  13:        504 bytes,     773800 total
[2021-05-03T12:49:39.750+0000][7][gc,age      ] GC(489) - age  14:        136 bytes,     773936 total
[2021-05-03T12:49:39.750+0000][7][gc,age      ] GC(489) - age  15:        648 bytes,     774584 total
[2021-05-03T12:49:39.750+0000][7][gc,phases   ] GC(489)   Pre Evacuate Collection Set: 0.1ms
[2021-05-03T12:49:39.750+0000][7][gc,phases   ] GC(489)   Merge Heap Roots: 0.0ms
[2021-05-03T12:49:39.750+0000][7][gc,phases   ] GC(489)   Evacuate Collection Set: 0.7ms
[2021-05-03T12:49:39.750+0000][7][gc,phases   ] GC(489)   Post Evacuate Collection Set: 0.6ms
[2021-05-03T12:49:39.750+0000][7][gc,phases   ] GC(489)   Other: 0.2ms
[2021-05-03T12:49:39.750+0000][7][gc,heap     ] GC(489) Eden regions: 21->0(21)
[2021-05-03T12:49:39.750+0000][7][gc,heap     ] GC(489) Survivor regions: 1->1(3)
[2021-05-03T12:49:39.750+0000][7][gc,heap     ] GC(489) Old regions: 27->27
[2021-05-03T12:49:39.750+0000][7][gc,heap     ] GC(489) Archive regions: 2->2
[2021-05-03T12:49:39.750+0000][7][gc,heap     ] GC(489) Humongous regions: 2->2
[2021-05-03T12:49:39.750+0000][7][gc,metaspace] GC(489) Metaspace: 109952K(114768K)->109952K(114768K) NonClass: 96009K(99484K)->96009K(99484K) Class: 13943K(15284K)->13943K(15284K)
[2021-05-03T12:49:39.750+0000][7][gc          ] GC(489) Pause Young (Concurrent Start) (G1 Evacuation Pause) 202M->118M(256M) 1.636ms
[2021-05-03T12:49:39.750+0000][7][gc,cpu      ] GC(489) User=0.00s Sys=0.01s Real=0.00s
[2021-05-03T12:49:39.750+0000][7][safepoint   ] Safepoint "G1CollectForAllocation", Time since last: 136204439159 ns, Reaching safepoint: 168116 ns, At safepoint: 1699364 ns, Total: 1867480 ns
[2021-05-03T12:49:39.750+0000][7][gc          ] GC(490) Concurrent Cycle
[2021-05-03T12:49:39.750+0000][7][gc,marking  ] GC(490) Concurrent Clear Claimed Marks
[2021-05-03T12:49:39.750+0000][7][gc,marking  ] GC(490) Concurrent Clear Claimed Marks 0.040ms
[2021-05-03T12:49:39.750+0000][7][gc,marking  ] GC(490) Concurrent Scan Root Regions
[2021-05-03T12:49:39.752+0000][7][gc,marking  ] GC(490) Concurrent Scan Root Regions 1.404ms
[2021-05-03T12:49:39.752+0000][7][gc,marking  ] GC(490) Concurrent Mark (38121.680s)
[2021-05-03T12:49:39.752+0000][7][gc,marking  ] GC(490) Concurrent Mark From Roots
[2021-05-03T12:49:39.752+0000][7][gc,task     ] GC(490) Using 2 workers of 2 for marking
[2021-05-03T12:49:39.832+0000][7][gc,marking  ] GC(490) Concurrent Mark From Roots 80.316ms
[2021-05-03T12:49:39.832+0000][7][gc,marking  ] GC(490) Concurrent Preclean
[2021-05-03T12:49:39.832+0000][7][gc,marking  ] GC(490) Concurrent Preclean 0.211ms
[2021-05-03T12:49:39.832+0000][7][gc,marking  ] GC(490) Concurrent Mark (38121.680s, 38121.760s) 80.577ms
[2021-05-03T12:49:39.833+0000][7][gc,start    ] GC(490) Pause Remark
[2021-05-03T12:49:39.838+0000][7][gc          ] GC(490) Pause Remark 118M->118M(256M) 5.613ms
[2021-05-03T12:49:39.838+0000][7][gc,cpu      ] GC(490) User=0.03s Sys=0.00s Real=0.00s
[2021-05-03T12:49:39.838+0000][7][safepoint   ] Safepoint "G1Concurrent", Time since last: 82130182 ns, Reaching safepoint: 119604 ns, At safepoint: 5698990 ns, Total: 5818594 ns
[2021-05-03T12:49:39.838+0000][7][gc,marking  ] GC(490) Concurrent Rebuild Remembered Sets
[2021-05-03T12:49:39.891+0000][7][gc,marking  ] GC(490) Concurrent Rebuild Remembered Sets 52.879ms
[2021-05-03T12:49:39.892+0000][7][gc,start    ] GC(490) Pause Cleanup
[2021-05-03T12:49:39.892+0000][7][gc          ] GC(490) Pause Cleanup 118M->118M(256M) 0.071ms
[2021-05-03T12:49:39.892+0000][7][gc,cpu      ] GC(490) User=0.01s Sys=0.00s Real=0.00s
[2021-05-03T12:49:39.892+0000][7][safepoint   ] Safepoint "G1Concurrent", Time since last: 52983123 ns, Reaching safepoint: 158189 ns, At safepoint: 110542 ns, Total: 268731 ns
[2021-05-03T12:49:39.892+0000][7][gc,marking  ] GC(490) Concurrent Cleanup for Next Mark
[2021-05-03T12:49:39.892+0000][7][gc,marking  ] GC(490) Concurrent Cleanup for Next Mark 0.111ms
[2021-05-03T12:49:39.892+0000][7][gc          ] GC(490) Concurrent Cycle 141.353ms
[2021-05-03T12:51:43.584+0000][7][gc,start    ] GC(491) Pause Young (Normal) (G1 Evacuation Pause)
[2021-05-03T12:51:43.584+0000][7][gc,task     ] GC(491) Using 6 workers of 8 for evacuation
[2021-05-03T12:51:43.584+0000][7][gc,age      ] GC(491) Desired survivor size 6291456 bytes, new threshold 15 (max threshold 15)
[2021-05-03T12:51:43.586+0000][7][gc,age      ] GC(491) Age table with threshold 15 (max threshold 15)
[2021-05-03T12:51:43.586+0000][7][gc,age      ] GC(491) - age   1:     544264 bytes,     544264 total
[2021-05-03T12:51:43.586+0000][7][gc,age      ] GC(491) - age   2:        776 bytes,     545040 total
[2021-05-03T12:51:43.586+0000][7][gc,age      ] GC(491) - age   3:     142416 bytes,     687456 total
[2021-05-03T12:51:43.586+0000][7][gc,age      ] GC(491) - age   4:      12448 bytes,     699904 total
[2021-05-03T12:51:43.586+0000][7][gc,age      ] GC(491) - age   5:         64 bytes,     699968 total
[2021-05-03T12:51:43.586+0000][7][gc,age      ] GC(491) - age   6:        240 bytes,     700208 total
[2021-05-03T12:51:43.586+0000][7][gc,age      ] GC(491) - age   8:       5208 bytes,     705416 total
[2021-05-03T12:51:43.586+0000][7][gc,age      ] GC(491) - age  10:        696 bytes,     706112 total
[2021-05-03T12:51:43.586+0000][7][gc,age      ] GC(491) - age  11:        136 bytes,     706248 total
[2021-05-03T12:51:43.586+0000][7][gc,age      ] GC(491) - age  13:       3352 bytes,     709600 total
[2021-05-03T12:51:43.586+0000][7][gc,age      ] GC(491) - age  14:        504 bytes,     710104 total
[2021-05-03T12:51:43.586+0000][7][gc,age      ] GC(491) - age  15:        136 bytes,     710240 total
[2021-05-03T12:51:43.586+0000][7][gc,phases   ] GC(491)   Pre Evacuate Collection Set: 0.1ms
[2021-05-03T12:51:43.586+0000][7][gc,phases   ] GC(491)   Merge Heap Roots: 0.0ms
[2021-05-03T12:51:43.586+0000][7][gc,phases   ] GC(491)   Evacuate Collection Set: 0.8ms
[2021-05-03T12:51:43.586+0000][7][gc,phases   ] GC(491)   Post Evacuate Collection Set: 0.6ms
[2021-05-03T12:51:43.586+0000][7][gc,phases   ] GC(491)   Other: 0.2ms
[2021-05-03T12:51:43.586+0000][7][gc,heap     ] GC(491) Eden regions: 21->0(21)
[2021-05-03T12:51:43.586+0000][7][gc,heap     ] GC(491) Survivor regions: 1->1(3)
[2021-05-03T12:51:43.586+0000][7][gc,heap     ] GC(491) Old regions: 27->27
[2021-05-03T12:51:43.586+0000][7][gc,heap     ] GC(491) Archive regions: 2->2
[2021-05-03T12:51:43.586+0000][7][gc,heap     ] GC(491) Humongous regions: 2->2
[2021-05-03T12:51:43.586+0000][7][gc,metaspace] GC(491) Metaspace: 109952K(114768K)->109952K(114768K) NonClass: 96009K(99484K)->96009K(99484K) Class: 13943K(15284K)->13943K(15284K)
[2021-05-03T12:51:43.586+0000][7][gc          ] GC(491) Pause Young (Normal) (G1 Evacuation Pause) 202M->118M(256M) 1.764ms
[2021-05-03T12:51:43.586+0000][7][gc,cpu      ] GC(491) User=0.01s Sys=0.00s Real=0.00s
[2021-05-03T12:51:43.586+0000][7][safepoint   ] Safepoint "G1CollectForAllocation", Time since last: 123692574918 ns, Reaching safepoint: 161901 ns, At safepoint: 1836731 ns, Total: 1998632 ns
[2021-05-03T12:53:55.129+0000][7][gc,start    ] GC(492) Pause Young (Concurrent Start) (G1 Evacuation Pause)
[2021-05-03T12:53:55.129+0000][7][gc,task     ] GC(492) Using 6 workers of 8 for evacuation
[2021-05-03T12:53:55.129+0000][7][gc,age      ] GC(492) Desired survivor size 6291456 bytes, new threshold 15 (max threshold 15)
[2021-05-03T12:53:55.130+0000][7][gc,age      ] GC(492) Age table with threshold 15 (max threshold 15)
[2021-05-03T12:53:55.131+0000][7][gc,age      ] GC(492) - age   1:     507800 bytes,     507800 total
[2021-05-03T12:53:55.131+0000][7][gc,age      ] GC(492) - age   2:        248 bytes,     508048 total
[2021-05-03T12:53:55.131+0000][7][gc,age      ] GC(492) - age   3:        656 bytes,     508704 total
[2021-05-03T12:53:55.131+0000][7][gc,age      ] GC(492) - age   4:     142392 bytes,     651096 total
[2021-05-03T12:53:55.131+0000][7][gc,age      ] GC(492) - age   5:      12352 bytes,     663448 total
[2021-05-03T12:53:55.131+0000][7][gc,age      ] GC(492) - age   6:         64 bytes,     663512 total
[2021-05-03T12:53:55.131+0000][7][gc,age      ] GC(492) - age   7:        240 bytes,     663752 total
[2021-05-03T12:53:55.131+0000][7][gc,age      ] GC(492) - age   9:       5136 bytes,     668888 total
[2021-05-03T12:53:55.131+0000][7][gc,age      ] GC(492) - age  11:        696 bytes,     669584 total
[2021-05-03T12:53:55.131+0000][7][gc,age      ] GC(492) - age  12:         40 bytes,     669624 total
[2021-05-03T12:53:55.131+0000][7][gc,age      ] GC(492) - age  14:       3352 bytes,     672976 total
[2021-05-03T12:53:55.131+0000][7][gc,age      ] GC(492) - age  15:        504 bytes,     673480 total
[2021-05-03T12:53:55.131+0000][7][gc,phases   ] GC(492)   Pre Evacuate Collection Set: 0.1ms
[2021-05-03T12:53:55.131+0000][7][gc,phases   ] GC(492)   Merge Heap Roots: 0.0ms
[2021-05-03T12:53:55.131+0000][7][gc,phases   ] GC(492)   Evacuate Collection Set: 0.9ms
[2021-05-03T12:53:55.131+0000][7][gc,phases   ] GC(492)   Post Evacuate Collection Set: 0.5ms
[2021-05-03T12:53:55.131+0000][7][gc,phases   ] GC(492)   Other: 0.2ms
[2021-05-03T12:53:55.131+0000][7][gc,heap     ] GC(492) Eden regions: 21->0(21)
[2021-05-03T12:53:55.131+0000][7][gc,heap     ] GC(492) Survivor regions: 1->1(3)
[2021-05-03T12:53:55.131+0000][7][gc,heap     ] GC(492) Old regions: 27->27
[2021-05-03T12:53:55.131+0000][7][gc,heap     ] GC(492) Archive regions: 2->2
[2021-05-03T12:53:55.131+0000][7][gc,heap     ] GC(492) Humongous regions: 2->2
[2021-05-03T12:53:55.131+0000][7][gc,metaspace] GC(492) Metaspace: 109952K(114768K)->109952K(114768K) NonClass: 96009K(99484K)->96009K(99484K) Class: 13943K(15284K)->13943K(15284K)
[2021-05-03T12:53:55.131+0000][7][gc          ] GC(492) Pause Young (Concurrent Start) (G1 Evacuation Pause) 202M->118M(256M) 1.865ms
[2021-05-03T12:53:55.131+0000][7][gc,cpu      ] GC(492) User=0.00s Sys=0.00s Real=0.00s
[2021-05-03T12:53:55.131+0000][7][safepoint   ] Safepoint "G1CollectForAllocation", Time since last: 131542504232 ns, Reaching safepoint: 108453 ns, At safepoint: 1930786 ns, Total: 2039239 ns
[2021-05-03T12:53:55.131+0000][7][gc          ] GC(493) Concurrent Cycle
[2021-05-03T12:53:55.131+0000][7][gc,marking  ] GC(493) Concurrent Clear Claimed Marks
[2021-05-03T12:53:55.131+0000][7][gc,marking  ] GC(493) Concurrent Clear Claimed Marks 0.046ms
[2021-05-03T12:53:55.131+0000][7][gc,marking  ] GC(493) Concurrent Scan Root Regions
[2021-05-03T12:53:55.132+0000][7][gc,marking  ] GC(493) Concurrent Scan Root Regions 1.337ms
[2021-05-03T12:53:55.132+0000][7][gc,marking  ] GC(493) Concurrent Mark (38377.060s)
[2021-05-03T12:53:55.132+0000][7][gc,marking  ] GC(493) Concurrent Mark From Roots
[2021-05-03T12:53:55.132+0000][7][gc,task     ] GC(493) Using 2 workers of 2 for marking
[2021-05-03T12:53:55.212+0000][7][gc,marking  ] GC(493) Concurrent Mark From Roots 79.617ms
[2021-05-03T12:53:55.212+0000][7][gc,marking  ] GC(493) Concurrent Preclean
[2021-05-03T12:53:55.212+0000][7][gc,marking  ] GC(493) Concurrent Preclean 0.229ms
[2021-05-03T12:53:55.212+0000][7][gc,marking  ] GC(493) Concurrent Mark (38377.060s, 38377.140s) 79.898ms
[2021-05-03T12:53:55.212+0000][7][gc,start    ] GC(493) Pause Remark
[2021-05-03T12:53:55.218+0000][7][gc          ] GC(493) Pause Remark 118M->118M(256M) 5.676ms
[2021-05-03T12:53:55.218+0000][7][gc,cpu      ] GC(493) User=0.03s Sys=0.00s Real=0.00s
[2021-05-03T12:53:55.218+0000][7][safepoint   ] Safepoint "G1Concurrent", Time since last: 81383424 ns, Reaching safepoint: 102705 ns, At safepoint: 5748724 ns, Total: 5851429 ns
[2021-05-03T12:53:55.218+0000][7][gc,marking  ] GC(493) Concurrent Rebuild Remembered Sets
[2021-05-03T12:53:55.271+0000][7][gc,marking  ] GC(493) Concurrent Rebuild Remembered Sets 52.704ms
[2021-05-03T12:53:55.271+0000][7][gc,start    ] GC(493) Pause Cleanup
[2021-05-03T12:53:55.271+0000][7][gc          ] GC(493) Pause Cleanup 118M->118M(256M) 0.065ms
[2021-05-03T12:53:55.271+0000][7][gc,cpu      ] GC(493) User=0.00s Sys=0.00s Real=0.00s
[2021-05-03T12:53:55.271+0000][7][safepoint   ] Safepoint "G1Concurrent", Time since last: 52812720 ns, Reaching safepoint: 87244 ns, At safepoint: 105077 ns, Total: 192321 ns
[2021-05-03T12:53:55.271+0000][7][gc,marking  ] GC(493) Concurrent Cleanup for Next Mark
[2021-05-03T12:53:55.271+0000][7][gc,marking  ] GC(493) Concurrent Cleanup for Next Mark 0.189ms
[2021-05-03T12:53:55.271+0000][7][gc          ] GC(493) Concurrent Cycle 140.434ms
[2021-05-03T12:55:06.292+0000][7][safepoint   ] Safepoint "Cleanup", Time since last: 71021315860 ns, Reaching safepoint: 160524 ns, At safepoint: 7093 ns, Total: 167617 ns
[2021-05-03T12:55:36.297+0000][7][safepoint   ] Safepoint "Cleanup", Time since last: 30004202420 ns, Reaching safepoint: 115789 ns, At safepoint: 18055 ns, Total: 133844 ns
[2021-05-03T12:55:40.766+0000][7][gc,start    ] GC(494) Pause Young (Normal) (G1 Evacuation Pause)
[2021-05-03T12:55:40.766+0000][7][gc,task     ] GC(494) Using 6 workers of 8 for evacuation
[2021-05-03T12:55:40.766+0000][7][gc,age      ] GC(494) Desired survivor size 6291456 bytes, new threshold 15 (max threshold 15)
[2021-05-03T12:55:40.768+0000][7][gc,age      ] GC(494) Age table with threshold 15 (max threshold 15)
[2021-05-03T12:55:40.768+0000][7][gc,age      ] GC(494) - age   1:     774248 bytes,     774248 total
[2021-05-03T12:55:40.768+0000][7][gc,age      ] GC(494) - age   2:        592 bytes,     774840 total
[2021-05-03T12:55:40.768+0000][7][gc,age      ] GC(494) - age   3:        136 bytes,     774976 total
[2021-05-03T12:55:40.768+0000][7][gc,age      ] GC(494) - age   4:        632 bytes,     775608 total
[2021-05-03T12:55:40.768+0000][7][gc,age      ] GC(494) - age   5:      78016 bytes,     853624 total
[2021-05-03T12:55:40.768+0000][7][gc,age      ] GC(494) - age   6:        856 bytes,     854480 total
[2021-05-03T12:55:40.768+0000][7][gc,age      ] GC(494) - age   7:         64 bytes,     854544 total
[2021-05-03T12:55:40.768+0000][7][gc,age      ] GC(494) - age  10:       2736 bytes,     857280 total
[2021-05-03T12:55:40.768+0000][7][gc,age      ] GC(494) - age  12:        696 bytes,     857976 total
[2021-05-03T12:55:40.768+0000][7][gc,age      ] GC(494) - age  13:         40 bytes,     858016 total
[2021-05-03T12:55:40.768+0000][7][gc,age      ] GC(494) - age  15:       3352 bytes,     861368 total
[2021-05-03T12:55:40.768+0000][7][gc,phases   ] GC(494)   Pre Evacuate Collection Set: 0.0ms
[2021-05-03T12:55:40.768+0000][7][gc,phases   ] GC(494)   Merge Heap Roots: 0.0ms
[2021-05-03T12:55:40.768+0000][7][gc,phases   ] GC(494)   Evacuate Collection Set: 0.9ms
[2021-05-03T12:55:40.768+0000][7][gc,phases   ] GC(494)   Post Evacuate Collection Set: 0.4ms
[2021-05-03T12:55:40.768+0000][7][gc,phases   ] GC(494)   Other: 0.2ms
[2021-05-03T12:55:40.768+0000][7][gc,heap     ] GC(494) Eden regions: 21->0(21)
[2021-05-03T12:55:40.768+0000][7][gc,heap     ] GC(494) Survivor regions: 1->1(3)
[2021-05-03T12:55:40.768+0000][7][gc,heap     ] GC(494) Old regions: 27->27
[2021-05-03T12:55:40.768+0000][7][gc,heap     ] GC(494) Archive regions: 2->2
[2021-05-03T12:55:40.768+0000][7][gc,heap     ] GC(494) Humongous regions: 2->2
[2021-05-03T12:55:40.768+0000][7][gc,metaspace] GC(494) Metaspace: 109957K(114768K)->109957K(114768K) NonClass: 96014K(99484K)->96014K(99484K) Class: 13943K(15284K)->13943K(15284K)
[2021-05-03T12:55:40.768+0000][7][gc          ] GC(494) Pause Young (Normal) (G1 Evacuation Pause) 202M->118M(256M) 1.642ms
[2021-05-03T12:55:40.768+0000][7][gc,cpu      ] GC(494) User=0.01s Sys=0.00s Real=0.00s
[2021-05-03T12:55:40.768+0000][7][safepoint   ] Safepoint "G1CollectForAllocation", Time since last: 4469185936 ns, Reaching safepoint: 134199 ns, At safepoint: 1703965 ns, Total: 1838164 ns
[2021-05-03T12:55:41.768+0000][7][safepoint   ] Safepoint "Cleanup", Time since last: 1000173096 ns, Reaching safepoint: 161055 ns, At safepoint: 5535 ns, Total: 166590 ns
[2021-05-03T12:57:41.488+0000][7][gc,start    ] GC(495) Pause Young (Concurrent Start) (G1 Evacuation Pause)
[2021-05-03T12:57:41.488+0000][7][gc,task     ] GC(495) Using 6 workers of 8 for evacuation
[2021-05-03T12:57:41.488+0000][7][gc,age      ] GC(495) Desired survivor size 6291456 bytes, new threshold 15 (max threshold 15)
[2021-05-03T12:57:41.490+0000][7][gc,age      ] GC(495) Age table with threshold 15 (max threshold 15)
[2021-05-03T12:57:41.490+0000][7][gc,age      ] GC(495) - age   1:     635096 bytes,     635096 total
[2021-05-03T12:57:41.490+0000][7][gc,age      ] GC(495) - age   2:     176392 bytes,     811488 total
[2021-05-03T12:57:41.490+0000][7][gc,age      ] GC(495) - age   3:        272 bytes,     811760 total
[2021-05-03T12:57:41.490+0000][7][gc,age      ] GC(495) - age   4:        136 bytes,     811896 total
[2021-05-03T12:57:41.490+0000][7][gc,age      ] GC(495) - age   5:        288 bytes,     812184 total
[2021-05-03T12:57:41.490+0000][7][gc,age      ] GC(495) - age   6:       1928 bytes,     814112 total
[2021-05-03T12:57:41.490+0000][7][gc,age      ] GC(495) - age   7:        776 bytes,     814888 total
[2021-05-03T12:57:41.490+0000][7][gc,age      ] GC(495) - age   8:         64 bytes,     814952 total
[2021-05-03T12:57:41.490+0000][7][gc,age      ] GC(495) - age  11:        448 bytes,     815400 total
[2021-05-03T12:57:41.490+0000][7][gc,age      ] GC(495) - age  13:        696 bytes,     816096 total
[2021-05-03T12:57:41.490+0000][7][gc,phases   ] GC(495)   Pre Evacuate Collection Set: 0.1ms
[2021-05-03T12:57:41.490+0000][7][gc,phases   ] GC(495)   Merge Heap Roots: 0.0ms
[2021-05-03T12:57:41.490+0000][7][gc,phases   ] GC(495)   Evacuate Collection Set: 1.0ms
[2021-05-03T12:57:41.490+0000][7][gc,phases   ] GC(495)   Post Evacuate Collection Set: 0.6ms
[2021-05-03T12:57:41.490+0000][7][gc,phases   ] GC(495)   Other: 0.2ms
[2021-05-03T12:57:41.490+0000][7][gc,heap     ] GC(495) Eden regions: 21->0(21)
[2021-05-03T12:57:41.490+0000][7][gc,heap     ] GC(495) Survivor regions: 1->1(3)
[2021-05-03T12:57:41.490+0000][7][gc,heap     ] GC(495) Old regions: 27->27
[2021-05-03T12:57:41.490+0000][7][gc,heap     ] GC(495) Archive regions: 2->2
[2021-05-03T12:57:41.490+0000][7][gc,heap     ] GC(495) Humongous regions: 2->2
[2021-05-03T12:57:41.490+0000][7][gc,metaspace] GC(495) Metaspace: 109960K(114768K)->109960K(114768K) NonClass: 96016K(99484K)->96016K(99484K) Class: 13943K(15284K)->13943K(15284K)
[2021-05-03T12:57:41.490+0000][7][gc          ] GC(495) Pause Young (Concurrent Start) (G1 Evacuation Pause) 202M->118M(256M) 2.069ms
[2021-05-03T12:57:41.490+0000][7][gc,cpu      ] GC(495) User=0.01s Sys=0.00s Real=0.00s
[2021-05-03T12:57:41.490+0000][7][safepoint   ] Safepoint "G1CollectForAllocation", Time since last: 119719530831 ns, Reaching safepoint: 176133 ns, At safepoint: 2130821 ns, Total: 2306954 ns
[2021-05-03T12:57:41.490+0000][7][gc          ] GC(496) Concurrent Cycle
[2021-05-03T12:57:41.490+0000][7][gc,marking  ] GC(496) Concurrent Clear Claimed Marks
[2021-05-03T12:57:41.490+0000][7][gc,marking  ] GC(496) Concurrent Clear Claimed Marks 0.040ms
[2021-05-03T12:57:41.490+0000][7][gc,marking  ] GC(496) Concurrent Scan Root Regions
[2021-05-03T12:57:41.491+0000][7][gc,marking  ] GC(496) Concurrent Scan Root Regions 0.723ms
[2021-05-03T12:57:41.491+0000][7][gc,marking  ] GC(496) Concurrent Mark (38603.418s)
[2021-05-03T12:57:41.491+0000][7][gc,marking  ] GC(496) Concurrent Mark From Roots
[2021-05-03T12:57:41.491+0000][7][gc,task     ] GC(496) Using 2 workers of 2 for marking
[2021-05-03T12:57:41.570+0000][7][gc,marking  ] GC(496) Concurrent Mark From Roots 79.131ms
[2021-05-03T12:57:41.570+0000][7][gc,marking  ] GC(496) Concurrent Preclean
[2021-05-03T12:57:41.570+0000][7][gc,marking  ] GC(496) Concurrent Preclean 0.207ms
[2021-05-03T12:57:41.570+0000][7][gc,marking  ] GC(496) Concurrent Mark (38603.418s, 38603.498s) 79.389ms
[2021-05-03T12:57:41.570+0000][7][gc,start    ] GC(496) Pause Remark
[2021-05-03T12:57:41.576+0000][7][gc          ] GC(496) Pause Remark 119M->119M(256M) 5.754ms
[2021-05-03T12:57:41.576+0000][7][gc,cpu      ] GC(496) User=0.03s Sys=0.00s Real=0.01s
[2021-05-03T12:57:41.576+0000][7][safepoint   ] Safepoint "G1Concurrent", Time since last: 80287692 ns, Reaching safepoint: 108914 ns, At safepoint: 5828831 ns, Total: 5937745 ns
[2021-05-03T12:57:41.576+0000][7][gc,marking  ] GC(496) Concurrent Rebuild Remembered Sets
[2021-05-03T12:57:41.629+0000][7][gc,marking  ] GC(496) Concurrent Rebuild Remembered Sets 52.933ms
[2021-05-03T12:57:41.629+0000][7][gc,start    ] GC(496) Pause Cleanup
[2021-05-03T12:57:41.629+0000][7][gc          ] GC(496) Pause Cleanup 119M->119M(256M) 0.071ms
[2021-05-03T12:57:41.629+0000][7][gc,cpu      ] GC(496) User=0.00s Sys=0.00s Real=0.00s
[2021-05-03T12:57:41.629+0000][7][safepoint   ] Safepoint "G1Concurrent", Time since last: 53077989 ns, Reaching safepoint: 107571 ns, At safepoint: 112768 ns, Total: 220339 ns
[2021-05-03T12:57:41.630+0000][7][gc,marking  ] GC(496) Concurrent Cleanup for Next Mark
[2021-05-03T12:57:41.630+0000][7][gc,marking  ] GC(496) Concurrent Cleanup for Next Mark 0.193ms
[2021-05-03T12:57:41.630+0000][7][gc          ] GC(496) Concurrent Cycle 139.756ms
[2021-05-03T12:59:46.536+0000][7][gc,start    ] GC(497) Pause Young (Normal) (G1 Evacuation Pause)
[2021-05-03T12:59:46.536+0000][7][gc,task     ] GC(497) Using 6 workers of 8 for evacuation
[2021-05-03T12:59:46.537+0000][7][gc,age      ] GC(497) Desired survivor size 6291456 bytes, new threshold 15 (max threshold 15)
[2021-05-03T12:59:46.538+0000][7][gc,age      ] GC(497) Age table with threshold 15 (max threshold 15)
[2021-05-03T12:59:46.538+0000][7][gc,age      ] GC(497) - age   1:     519376 bytes,     519376 total
[2021-05-03T12:59:46.538+0000][7][gc,age      ] GC(497) - age   2:     129096 bytes,     648472 total
[2021-05-03T12:59:46.538+0000][7][gc,age      ] GC(497) - age   3:     144632 bytes,     793104 total
[2021-05-03T12:59:46.538+0000][7][gc,age      ] GC(497) - age   4:        248 bytes,     793352 total
[2021-05-03T12:59:46.538+0000][7][gc,age      ] GC(497) - age   5:        136 bytes,     793488 total
[2021-05-03T12:59:46.538+0000][7][gc,age      ] GC(497) - age   6:        288 bytes,     793776 total
[2021-05-03T12:59:46.538+0000][7][gc,age      ] GC(497) - age   7:       1928 bytes,     795704 total
[2021-05-03T12:59:46.538+0000][7][gc,age      ] GC(497) - age   8:        568 bytes,     796272 total
[2021-05-03T12:59:46.538+0000][7][gc,age      ] GC(497) - age   9:         64 bytes,     796336 total
[2021-05-03T12:59:46.538+0000][7][gc,age      ] GC(497) - age  12:        416 bytes,     796752 total
[2021-05-03T12:59:46.538+0000][7][gc,age      ] GC(497) - age  14:        696 bytes,     797448 total
[2021-05-03T12:59:46.538+0000][7][gc,phases   ] GC(497)   Pre Evacuate Collection Set: 0.1ms
[2021-05-03T12:59:46.538+0000][7][gc,phases   ] GC(497)   Merge Heap Roots: 0.0ms
[2021-05-03T12:59:46.538+0000][7][gc,phases   ] GC(497)   Evacuate Collection Set: 0.9ms
[2021-05-03T12:59:46.538+0000][7][gc,phases   ] GC(497)   Post Evacuate Collection Set: 0.6ms
[2021-05-03T12:59:46.538+0000][7][gc,phases   ] GC(497)   Other: 0.2ms
[2021-05-03T12:59:46.538+0000][7][gc,heap     ] GC(497) Eden regions: 21->0(21)
[2021-05-03T12:59:46.538+0000][7][gc,heap     ] GC(497) Survivor regions: 1->1(3)
[2021-05-03T12:59:46.538+0000][7][gc,heap     ] GC(497) Old regions: 27->27
[2021-05-03T12:59:46.538+0000][7][gc,heap     ] GC(497) Archive regions: 2->2
[2021-05-03T12:59:46.538+0000][7][gc,heap     ] GC(497) Humongous regions: 2->2
[2021-05-03T12:59:46.538+0000][7][gc,metaspace] GC(497) Metaspace: 109960K(114768K)->109960K(114768K) NonClass: 96016K(99484K)->96016K(99484K) Class: 13943K(15284K)->13943K(15284K)
[2021-05-03T12:59:46.538+0000][7][gc          ] GC(497) Pause Young (Normal) (G1 Evacuation Pause) 202M->118M(256M) 1.790ms
[2021-05-03T12:59:46.538+0000][7][gc,cpu      ] GC(497) User=0.01s Sys=0.00s Real=0.00s
[2021-05-03T12:59:46.538+0000][7][safepoint   ] Safepoint "G1CollectForAllocation", Time since last: 124906826354 ns, Reaching safepoint: 92350 ns, At safepoint: 1854834 ns, Total: 1947184 ns
[2021-05-03T13:01:56.590+0000][7][gc,start    ] GC(498) Pause Young (Concurrent Start) (G1 Evacuation Pause)
[2021-05-03T13:01:56.590+0000][7][gc,task     ] GC(498) Using 6 workers of 8 for evacuation
[2021-05-03T13:01:56.590+0000][7][gc,age      ] GC(498) Desired survivor size 6291456 bytes, new threshold 15 (max threshold 15)
[2021-05-03T13:01:56.594+0000][7][gc,age      ] GC(498) Age table with threshold 15 (max threshold 15)
[2021-05-03T13:01:56.594+0000][7][gc,age      ] GC(498) - age   1:     508592 bytes,     508592 total
[2021-05-03T13:01:56.594+0000][7][gc,age      ] GC(498) - age   2:        648 bytes,     509240 total
[2021-05-03T13:01:56.594+0000][7][gc,age      ] GC(498) - age   3:     128168 bytes,     637408 total
[2021-05-03T13:01:56.594+0000][7][gc,age      ] GC(498) - age   4:      55440 bytes,     692848 total
[2021-05-03T13:01:56.594+0000][7][gc,age      ] GC(498) - age   5:        128 bytes,     692976 total
[2021-05-03T13:01:56.594+0000][7][gc,age      ] GC(498) - age   6:        136 bytes,     693112 total
[2021-05-03T13:01:56.594+0000][7][gc,age      ] GC(498) - age   7:        288 bytes,     693400 total
[2021-05-03T13:01:56.594+0000][7][gc,age      ] GC(498) - age   8:       1864 bytes,     695264 total
[2021-05-03T13:01:56.594+0000][7][gc,age      ] GC(498) - age   9:        568 bytes,     695832 total
[2021-05-03T13:01:56.594+0000][7][gc,age      ] GC(498) - age  10:         64 bytes,     695896 total
[2021-05-03T13:01:56.594+0000][7][gc,age      ] GC(498) - age  13:        416 bytes,     696312 total
[2021-05-03T13:01:56.594+0000][7][gc,age      ] GC(498) - age  15:        696 bytes,     697008 total
[2021-05-03T13:01:56.594+0000][7][gc,phases   ] GC(498)   Pre Evacuate Collection Set: 0.2ms
[2021-05-03T13:01:56.594+0000][7][gc,phases   ] GC(498)   Merge Heap Roots: 0.1ms
[2021-05-03T13:01:56.594+0000][7][gc,phases   ] GC(498)   Evacuate Collection Set: 2.6ms
[2021-05-03T13:01:56.594+0000][7][gc,phases   ] GC(498)   Post Evacuate Collection Set: 0.5ms
[2021-05-03T13:01:56.594+0000][7][gc,phases   ] GC(498)   Other: 0.3ms
[2021-05-03T13:01:56.594+0000][7][gc,heap     ] GC(498) Eden regions: 21->0(21)
[2021-05-03T13:01:56.594+0000][7][gc,heap     ] GC(498) Survivor regions: 1->1(3)
[2021-05-03T13:01:56.594+0000][7][gc,heap     ] GC(498) Old regions: 27->27
[2021-05-03T13:01:56.594+0000][7][gc,heap     ] GC(498) Archive regions: 2->2
[2021-05-03T13:01:56.594+0000][7][gc,heap     ] GC(498) Humongous regions: 2->2
[2021-05-03T13:01:56.594+0000][7][gc,metaspace] GC(498) Metaspace: 109960K(114768K)->109960K(114768K) NonClass: 96016K(99484K)->96016K(99484K) Class: 13943K(15284K)->13943K(15284K)
[2021-05-03T13:01:56.594+0000][7][gc          ] GC(498) Pause Young (Concurrent Start) (G1 Evacuation Pause) 202M->118M(256M) 3.553ms
[2021-05-03T13:01:56.594+0000][7][gc,cpu      ] GC(498) User=0.01s Sys=0.00s Real=0.01s
[2021-05-03T13:01:56.594+0000][7][safepoint   ] Safepoint "G1CollectForAllocation", Time since last: 130051751310 ns, Reaching safepoint: 181501 ns, At safepoint: 3627521 ns, Total: 3809022 ns
[2021-05-03T13:01:56.594+0000][7][gc          ] GC(499) Concurrent Cycle
[2021-05-03T13:01:56.594+0000][7][gc,marking  ] GC(499) Concurrent Clear Claimed Marks
[2021-05-03T13:01:56.594+0000][7][gc,marking  ] GC(499) Concurrent Clear Claimed Marks 0.086ms
[2021-05-03T13:01:56.594+0000][7][gc,marking  ] GC(499) Concurrent Scan Root Regions
[2021-05-03T13:01:56.596+0000][7][gc,marking  ] GC(499) Concurrent Scan Root Regions 1.865ms
[2021-05-03T13:01:56.596+0000][7][gc,marking  ] GC(499) Concurrent Mark (38858.524s)
[2021-05-03T13:01:56.596+0000][7][gc,marking  ] GC(499) Concurrent Mark From Roots
[2021-05-03T13:01:56.596+0000][7][gc,task     ] GC(499) Using 2 workers of 2 for marking
[2021-05-03T13:01:56.681+0000][7][gc,marking  ] GC(499) Concurrent Mark From Roots 85.131ms
[2021-05-03T13:01:56.681+0000][7][gc,marking  ] GC(499) Concurrent Preclean
[2021-05-03T13:01:56.681+0000][7][gc,marking  ] GC(499) Concurrent Preclean 0.211ms
[2021-05-03T13:01:56.681+0000][7][gc,marking  ] GC(499) Concurrent Mark (38858.524s, 38858.609s) 85.389ms
[2021-05-03T13:01:56.681+0000][7][gc,start    ] GC(499) Pause Remark
[2021-05-03T13:01:56.687+0000][7][gc          ] GC(499) Pause Remark 119M->119M(256M) 5.747ms
[2021-05-03T13:01:56.687+0000][7][gc,cpu      ] GC(499) User=0.04s Sys=0.00s Real=0.00s
[2021-05-03T13:01:56.687+0000][7][safepoint   ] Safepoint "G1Concurrent", Time since last: 87482454 ns, Reaching safepoint: 111414 ns, At safepoint: 5820312 ns, Total: 5931726 ns
[2021-05-03T13:01:56.687+0000][7][gc,marking  ] GC(499) Concurrent Rebuild Remembered Sets
[2021-05-03T13:01:56.743+0000][7][gc,marking  ] GC(499) Concurrent Rebuild Remembered Sets 56.152ms
[2021-05-03T13:01:56.744+0000][7][gc,start    ] GC(499) Pause Cleanup
[2021-05-03T13:01:56.744+0000][7][gc          ] GC(499) Pause Cleanup 119M->119M(256M) 0.067ms
[2021-05-03T13:01:56.744+0000][7][gc,cpu      ] GC(499) User=0.00s Sys=0.00s Real=0.00s
[2021-05-03T13:01:56.744+0000][7][safepoint   ] Safepoint "G1Concurrent", Time since last: 56307272 ns, Reaching safepoint: 91947 ns, At safepoint: 115983 ns, Total: 207930 ns
[2021-05-03T13:01:56.744+0000][7][gc,marking  ] GC(499) Concurrent Cleanup for Next Mark
[2021-05-03T13:01:56.744+0000][7][gc,marking  ] GC(499) Concurrent Cleanup for Next Mark 0.224ms
[2021-05-03T13:01:56.744+0000][7][gc          ] GC(499) Concurrent Cycle 150.165ms
[2021-05-03T13:04:13.707+0000][7][gc,start    ] GC(500) Pause Young (Normal) (G1 Evacuation Pause)
[2021-05-03T13:04:13.707+0000][7][gc,task     ] GC(500) Using 6 workers of 8 for evacuation
[2021-05-03T13:04:13.707+0000][7][gc,age      ] GC(500) Desired survivor size 6291456 bytes, new threshold 15 (max threshold 15)
[2021-05-03T13:04:13.709+0000][7][gc,age      ] GC(500) Age table with threshold 15 (max threshold 15)
[2021-05-03T13:04:13.709+0000][7][gc,age      ] GC(500) - age   1:     541664 bytes,     541664 total
[2021-05-03T13:04:13.709+0000][7][gc,age      ] GC(500) - age   2:        184 bytes,     541848 total
[2021-05-03T13:04:13.709+0000][7][gc,age      ] GC(500) - age   3:        440 bytes,     542288 total
[2021-05-03T13:04:13.709+0000][7][gc,age      ] GC(500) - age   4:     128144 bytes,     670432 total
[2021-05-03T13:04:13.709+0000][7][gc,age      ] GC(500) - age   5:      55416 bytes,     725848 total
[2021-05-03T13:04:13.709+0000][7][gc,age      ] GC(500) - age   6:        128 bytes,     725976 total
[2021-05-03T13:04:13.709+0000][7][gc,age      ] GC(500) - age   7:         40 bytes,     726016 total
[2021-05-03T13:04:13.709+0000][7][gc,age      ] GC(500) - age   8:        288 bytes,     726304 total
[2021-05-03T13:04:13.709+0000][7][gc,age      ] GC(500) - age   9:       1864 bytes,     728168 total
[2021-05-03T13:04:13.709+0000][7][gc,age      ] GC(500) - age  10:        568 bytes,     728736 total
[2021-05-03T13:04:13.709+0000][7][gc,age      ] GC(500) - age  11:         64 bytes,     728800 total
[2021-05-03T13:04:13.709+0000][7][gc,age      ] GC(500) - age  14:        416 bytes,     729216 total
[2021-05-03T13:04:13.709+0000][7][gc,phases   ] GC(500)   Pre Evacuate Collection Set: 0.0ms
[2021-05-03T13:04:13.709+0000][7][gc,phases   ] GC(500)   Merge Heap Roots: 0.1ms
[2021-05-03T13:04:13.709+0000][7][gc,phases   ] GC(500)   Evacuate Collection Set: 0.8ms
[2021-05-03T13:04:13.709+0000][7][gc,phases   ] GC(500)   Post Evacuate Collection Set: 0.6ms
[2021-05-03T13:04:13.709+0000][7][gc,phases   ] GC(500)   Other: 0.2ms
[2021-05-03T13:04:13.709+0000][7][gc,heap     ] GC(500) Eden regions: 21->0(21)
[2021-05-03T13:04:13.709+0000][7][gc,heap     ] GC(500) Survivor regions: 1->1(3)
[2021-05-03T13:04:13.709+0000][7][gc,heap     ] GC(500) Old regions: 27->27
[2021-05-03T13:04:13.709+0000][7][gc,heap     ] GC(500) Archive regions: 2->2
[2021-05-03T13:04:13.709+0000][7][gc,heap     ] GC(500) Humongous regions: 2->2
[2021-05-03T13:04:13.709+0000][7][gc,metaspace] GC(500) Metaspace: 109960K(114768K)->109960K(114768K) NonClass: 96016K(99484K)->96016K(99484K) Class: 13943K(15284K)->13943K(15284K)
[2021-05-03T13:04:13.709+0000][7][gc          ] GC(500) Pause Young (Normal) (G1 Evacuation Pause) 202M->118M(256M) 1.785ms
[2021-05-03T13:04:13.709+0000][7][gc,cpu      ] GC(500) User=0.00s Sys=0.00s Real=0.00s
[2021-05-03T13:04:13.709+0000][7][safepoint   ] Safepoint "G1CollectForAllocation", Time since last: 136963363935 ns, Reaching safepoint: 100629 ns, At safepoint: 1845121 ns, Total: 1945750 ns
[2021-05-03T13:05:41.732+0000][7][safepoint   ] Safepoint "Cleanup", Time since last: 88023025931 ns, Reaching safepoint: 133450 ns, At safepoint: 6165 ns, Total: 139615 ns
[2021-05-03T13:05:46.679+0000][7][gc,start    ] GC(501) Pause Young (Concurrent Start) (G1 Evacuation Pause)
[2021-05-03T13:05:46.679+0000][7][gc,task     ] GC(501) Using 6 workers of 8 for evacuation
[2021-05-03T13:05:46.679+0000][7][gc,age      ] GC(501) Desired survivor size 6291456 bytes, new threshold 15 (max threshold 15)
[2021-05-03T13:05:46.681+0000][7][gc,age      ] GC(501) Age table with threshold 15 (max threshold 15)
[2021-05-03T13:05:46.681+0000][7][gc,age      ] GC(501) - age   1:     790024 bytes,     790024 total
[2021-05-03T13:05:46.681+0000][7][gc,age      ] GC(501) - age   2:        544 bytes,     790568 total
[2021-05-03T13:05:46.681+0000][7][gc,age      ] GC(501) - age   3:        184 bytes,     790752 total
[2021-05-03T13:05:46.681+0000][7][gc,age      ] GC(501) - age   4:        208 bytes,     790960 total
[2021-05-03T13:05:46.681+0000][7][gc,age      ] GC(501) - age   5:       2896 bytes,     793856 total
[2021-05-03T13:05:46.681+0000][7][gc,age      ] GC(501) - age   6:       2912 bytes,     796768 total
[2021-05-03T13:05:46.681+0000][7][gc,age      ] GC(501) - age   7:        128 bytes,     796896 total
[2021-05-03T13:05:46.681+0000][7][gc,age      ] GC(501) - age   9:        288 bytes,     797184 total
[2021-05-03T13:05:46.681+0000][7][gc,age      ] GC(501) - age  10:       1120 bytes,     798304 total
[2021-05-03T13:05:46.681+0000][7][gc,age      ] GC(501) - age  12:         64 bytes,     798368 total
[2021-05-03T13:05:46.681+0000][7][gc,age      ] GC(501) - age  15:        144 bytes,     798512 total
[2021-05-03T13:05:46.681+0000][7][gc,phases   ] GC(501)   Pre Evacuate Collection Set: 0.1ms
[2021-05-03T13:05:46.681+0000][7][gc,phases   ] GC(501)   Merge Heap Roots: 0.0ms
[2021-05-03T13:05:46.681+0000][7][gc,phases   ] GC(501)   Evacuate Collection Set: 1.0ms
[2021-05-03T13:05:46.681+0000][7][gc,phases   ] GC(501)   Post Evacuate Collection Set: 0.6ms
[2021-05-03T13:05:46.681+0000][7][gc,phases   ] GC(501)   Other: 0.2ms
[2021-05-03T13:05:46.681+0000][7][gc,heap     ] GC(501) Eden regions: 21->0(21)
[2021-05-03T13:05:46.681+0000][7][gc,heap     ] GC(501) Survivor regions: 1->1(3)
[2021-05-03T13:05:46.681+0000][7][gc,heap     ] GC(501) Old regions: 27->27
[2021-05-03T13:05:46.681+0000][7][gc,heap     ] GC(501) Archive regions: 2->2
[2021-05-03T13:05:46.681+0000][7][gc,heap     ] GC(501) Humongous regions: 2->2
[2021-05-03T13:05:46.681+0000][7][gc,metaspace] GC(501) Metaspace: 109961K(114768K)->109961K(114768K) NonClass: 96017K(99484K)->96017K(99484K) Class: 13943K(15284K)->13943K(15284K)
[2021-05-03T13:05:46.681+0000][7][gc          ] GC(501) Pause Young (Concurrent Start) (G1 Evacuation Pause) 202M->118M(256M) 2.041ms
[2021-05-03T13:05:46.681+0000][7][gc,cpu      ] GC(501) User=0.00s Sys=0.00s Real=0.01s
[2021-05-03T13:05:46.681+0000][7][safepoint   ] Safepoint "G1CollectForAllocation", Time since last: 4946925205 ns, Reaching safepoint: 112220 ns, At safepoint: 2117166 ns, Total: 2229386 ns
[2021-05-03T13:05:46.681+0000][7][gc          ] GC(502) Concurrent Cycle
[2021-05-03T13:05:46.681+0000][7][gc,marking  ] GC(502) Concurrent Clear Claimed Marks
[2021-05-03T13:05:46.682+0000][7][gc,marking  ] GC(502) Concurrent Clear Claimed Marks 0.065ms
[2021-05-03T13:05:46.682+0000][7][gc,marking  ] GC(502) Concurrent Scan Root Regions
[2021-05-03T13:05:46.683+0000][7][gc,marking  ] GC(502) Concurrent Scan Root Regions 1.516ms
[2021-05-03T13:05:46.683+0000][7][gc,marking  ] GC(502) Concurrent Mark (39088.611s)
[2021-05-03T13:05:46.683+0000][7][gc,marking  ] GC(502) Concurrent Mark From Roots
[2021-05-03T13:05:46.683+0000][7][gc,task     ] GC(502) Using 2 workers of 2 for marking
[2021-05-03T13:05:46.770+0000][7][gc,marking  ] GC(502) Concurrent Mark From Roots 86.706ms
[2021-05-03T13:05:46.770+0000][7][gc,marking  ] GC(502) Concurrent Preclean
[2021-05-03T13:05:46.770+0000][7][gc,marking  ] GC(502) Concurrent Preclean 0.211ms
[2021-05-03T13:05:46.770+0000][7][gc,marking  ] GC(502) Concurrent Mark (39088.611s, 39088.698s) 86.970ms
[2021-05-03T13:05:46.770+0000][7][gc,start    ] GC(502) Pause Remark
[2021-05-03T13:05:46.776+0000][7][gc          ] GC(502) Pause Remark 119M->119M(256M) 5.807ms
[2021-05-03T13:05:46.776+0000][7][gc,cpu      ] GC(502) User=0.03s Sys=0.00s Real=0.01s
[2021-05-03T13:05:46.776+0000][7][safepoint   ] Safepoint "G1Concurrent", Time since last: 88691748 ns, Reaching safepoint: 107743 ns, At safepoint: 5905302 ns, Total: 6013045 ns
[2021-05-03T13:05:46.776+0000][7][gc,marking  ] GC(502) Concurrent Rebuild Remembered Sets
[2021-05-03T13:05:46.829+0000][7][gc,marking  ] GC(502) Concurrent Rebuild Remembered Sets 52.993ms
[2021-05-03T13:05:46.829+0000][7][gc,start    ] GC(502) Pause Cleanup
[2021-05-03T13:05:46.829+0000][7][gc          ] GC(502) Pause Cleanup 119M->119M(256M) 0.065ms
[2021-05-03T13:05:46.829+0000][7][gc,cpu      ] GC(502) User=0.00s Sys=0.00s Real=0.00s
[2021-05-03T13:05:46.829+0000][7][safepoint   ] Safepoint "G1Concurrent", Time since last: 53145200 ns, Reaching safepoint: 105019 ns, At safepoint: 105970 ns, Total: 210989 ns
[2021-05-03T13:05:46.830+0000][7][gc,marking  ] GC(502) Concurrent Cleanup for Next Mark
[2021-05-03T13:05:46.830+0000][7][gc,marking  ] GC(502) Concurrent Cleanup for Next Mark 0.170ms
[2021-05-03T13:05:46.830+0000][7][gc          ] GC(502) Concurrent Cycle 148.270ms
[2021-05-03T13:08:01.621+0000][7][gc,start    ] GC(503) Pause Young (Normal) (G1 Evacuation Pause)
[2021-05-03T13:08:01.621+0000][7][gc,task     ] GC(503) Using 6 workers of 8 for evacuation
[2021-05-03T13:08:01.621+0000][7][gc,age      ] GC(503) Desired survivor size 6291456 bytes, new threshold 15 (max threshold 15)
[2021-05-03T13:08:01.622+0000][7][gc,age      ] GC(503) Age table with threshold 15 (max threshold 15)
[2021-05-03T13:08:01.622+0000][7][gc,age      ] GC(503) - age   1:     507424 bytes,     507424 total
[2021-05-03T13:08:01.622+0000][7][gc,age      ] GC(503) - age   2:     274776 bytes,     782200 total
[2021-05-03T13:08:01.622+0000][7][gc,age      ] GC(503) - age   3:        256 bytes,     782456 total
[2021-05-03T13:08:01.622+0000][7][gc,age      ] GC(503) - age   4:        184 bytes,     782640 total
[2021-05-03T13:08:01.622+0000][7][gc,age      ] GC(503) - age   5:        208 bytes,     782848 total
[2021-05-03T13:08:01.622+0000][7][gc,age      ] GC(503) - age   6:       2856 bytes,     785704 total
[2021-05-03T13:08:01.622+0000][7][gc,age      ] GC(503) - age   7:       2912 bytes,     788616 total
[2021-05-03T13:08:01.622+0000][7][gc,age      ] GC(503) - age   8:        128 bytes,     788744 total
[2021-05-03T13:08:01.622+0000][7][gc,age      ] GC(503) - age  10:        288 bytes,     789032 total
[2021-05-03T13:08:01.622+0000][7][gc,age      ] GC(503) - age  11:       1120 bytes,     790152 total
[2021-05-03T13:08:01.622+0000][7][gc,age      ] GC(503) - age  13:         64 bytes,     790216 total
[2021-05-03T13:08:01.622+0000][7][gc,phases   ] GC(503)   Pre Evacuate Collection Set: 0.1ms
[2021-05-03T13:08:01.622+0000][7][gc,phases   ] GC(503)   Merge Heap Roots: 0.0ms
[2021-05-03T13:08:01.622+0000][7][gc,phases   ] GC(503)   Evacuate Collection Set: 0.8ms
[2021-05-03T13:08:01.622+0000][7][gc,phases   ] GC(503)   Post Evacuate Collection Set: 0.4ms
[2021-05-03T13:08:01.622+0000][7][gc,phases   ] GC(503)   Other: 0.2ms
[2021-05-03T13:08:01.622+0000][7][gc,heap     ] GC(503) Eden regions: 21->0(21)
[2021-05-03T13:08:01.622+0000][7][gc,heap     ] GC(503) Survivor regions: 1->1(3)
[2021-05-03T13:08:01.622+0000][7][gc,heap     ] GC(503) Old regions: 27->27
[2021-05-03T13:08:01.622+0000][7][gc,heap     ] GC(503) Archive regions: 2->2
[2021-05-03T13:08:01.622+0000][7][gc,heap     ] GC(503) Humongous regions: 2->2
[2021-05-03T13:08:01.622+0000][7][gc,metaspace] GC(503) Metaspace: 109961K(114768K)->109961K(114768K) NonClass: 96017K(99484K)->96017K(99484K) Class: 13943K(15284K)->13943K(15284K)
[2021-05-03T13:08:01.622+0000][7][gc          ] GC(503) Pause Young (Normal) (G1 Evacuation Pause) 202M->118M(256M) 1.513ms
[2021-05-03T13:08:01.622+0000][7][gc,cpu      ] GC(503) User=0.00s Sys=0.00s Real=0.00s
[2021-05-03T13:08:01.622+0000][7][safepoint   ] Safepoint "G1CollectForAllocation", Time since last: 134791137997 ns, Reaching safepoint: 163344 ns, At safepoint: 1581873 ns, Total: 1745217 ns
[2021-05-03T13:10:06.142+0000][7][gc,start    ] GC(504) Pause Young (Concurrent Start) (G1 Evacuation Pause)
[2021-05-03T13:10:06.142+0000][7][gc,task     ] GC(504) Using 6 workers of 8 for evacuation
[2021-05-03T13:10:06.142+0000][7][gc,age      ] GC(504) Desired survivor size 6291456 bytes, new threshold 15 (max threshold 15)
[2021-05-03T13:10:06.143+0000][7][gc,age      ] GC(504) Age table with threshold 15 (max threshold 15)
[2021-05-03T13:10:06.143+0000][7][gc,age      ] GC(504) - age   1:     522840 bytes,     522840 total
[2021-05-03T13:10:06.143+0000][7][gc,age      ] GC(504) - age   2:        872 bytes,     523712 total
[2021-05-03T13:10:06.143+0000][7][gc,age      ] GC(504) - age   3:     153376 bytes,     677088 total
[2021-05-03T13:10:06.143+0000][7][gc,age      ] GC(504) - age   4:        256 bytes,     677344 total
[2021-05-03T13:10:06.143+0000][7][gc,age      ] GC(504) - age   5:        184 bytes,     677528 total
[2021-05-03T13:10:06.143+0000][7][gc,age      ] GC(504) - age   6:        208 bytes,     677736 total
[2021-05-03T13:10:06.143+0000][7][gc,age      ] GC(504) - age   7:       2856 bytes,     680592 total
[2021-05-03T13:10:06.143+0000][7][gc,age      ] GC(504) - age   8:       2912 bytes,     683504 total
[2021-05-03T13:10:06.143+0000][7][gc,age      ] GC(504) - age   9:        128 bytes,     683632 total
[2021-05-03T13:10:06.143+0000][7][gc,age      ] GC(504) - age  11:        288 bytes,     683920 total
[2021-05-03T13:10:06.143+0000][7][gc,age      ] GC(504) - age  12:       1120 bytes,     685040 total
[2021-05-03T13:10:06.143+0000][7][gc,age      ] GC(504) - age  14:         64 bytes,     685104 total
[2021-05-03T13:10:06.143+0000][7][gc,phases   ] GC(504)   Pre Evacuate Collection Set: 0.1ms
[2021-05-03T13:10:06.143+0000][7][gc,phases   ] GC(504)   Merge Heap Roots: 0.0ms
[2021-05-03T13:10:06.143+0000][7][gc,phases   ] GC(504)   Evacuate Collection Set: 0.8ms
[2021-05-03T13:10:06.143+0000][7][gc,phases   ] GC(504)   Post Evacuate Collection Set: 0.5ms
[2021-05-03T13:10:06.143+0000][7][gc,phases   ] GC(504)   Other: 0.2ms
[2021-05-03T13:10:06.143+0000][7][gc,heap     ] GC(504) Eden regions: 21->0(21)
[2021-05-03T13:10:06.143+0000][7][gc,heap     ] GC(504) Survivor regions: 1->1(3)
[2021-05-03T13:10:06.143+0000][7][gc,heap     ] GC(504) Old regions: 27->27
[2021-05-03T13:10:06.143+0000][7][gc,heap     ] GC(504) Archive regions: 2->2
[2021-05-03T13:10:06.143+0000][7][gc,heap     ] GC(504) Humongous regions: 2->2
[2021-05-03T13:10:06.143+0000][7][gc,metaspace] GC(504) Metaspace: 109961K(114768K)->109961K(114768K) NonClass: 96017K(99484K)->96017K(99484K) Class: 13943K(15284K)->13943K(15284K)
[2021-05-03T13:10:06.143+0000][7][gc          ] GC(504) Pause Young (Concurrent Start) (G1 Evacuation Pause) 202M->118M(256M) 1.713ms
[2021-05-03T13:10:06.144+0000][7][gc,cpu      ] GC(504) User=0.00s Sys=0.00s Real=0.00s
[2021-05-03T13:10:06.144+0000][7][safepoint   ] Safepoint "G1CollectForAllocation", Time since last: 124519198952 ns, Reaching safepoint: 219913 ns, At safepoint: 1777949 ns, Total: 1997862 ns
[2021-05-03T13:10:06.144+0000][7][gc          ] GC(505) Concurrent Cycle
[2021-05-03T13:10:06.144+0000][7][gc,marking  ] GC(505) Concurrent Clear Claimed Marks
[2021-05-03T13:10:06.144+0000][7][gc,marking  ] GC(505) Concurrent Clear Claimed Marks 0.055ms
[2021-05-03T13:10:06.144+0000][7][gc,marking  ] GC(505) Concurrent Scan Root Regions
[2021-05-03T13:10:06.145+0000][7][gc,marking  ] GC(505) Concurrent Scan Root Regions 1.253ms
[2021-05-03T13:10:06.145+0000][7][gc,marking  ] GC(505) Concurrent Mark (39348.073s)
[2021-05-03T13:10:06.145+0000][7][gc,marking  ] GC(505) Concurrent Mark From Roots
[2021-05-03T13:10:06.145+0000][7][gc,task     ] GC(505) Using 2 workers of 2 for marking
[2021-05-03T13:10:06.226+0000][7][gc,marking  ] GC(505) Concurrent Mark From Roots 80.744ms
[2021-05-03T13:10:06.226+0000][7][gc,marking  ] GC(505) Concurrent Preclean
[2021-05-03T13:10:06.226+0000][7][gc,marking  ] GC(505) Concurrent Preclean 0.236ms
[2021-05-03T13:10:06.226+0000][7][gc,marking  ] GC(505) Concurrent Mark (39348.073s, 39348.154s) 81.028ms
[2021-05-03T13:10:06.226+0000][7][gc,start    ] GC(505) Pause Remark
[2021-05-03T13:10:06.232+0000][7][gc          ] GC(505) Pause Remark 119M->119M(256M) 5.670ms
[2021-05-03T13:10:06.232+0000][7][gc,cpu      ] GC(505) User=0.04s Sys=0.00s Real=0.01s
[2021-05-03T13:10:06.232+0000][7][safepoint   ] Safepoint "G1Concurrent", Time since last: 82441506 ns, Reaching safepoint: 193979 ns, At safepoint: 5747574 ns, Total: 5941553 ns
[2021-05-03T13:10:06.232+0000][7][gc,marking  ] GC(505) Concurrent Rebuild Remembered Sets
[2021-05-03T13:10:06.285+0000][7][gc,marking  ] GC(505) Concurrent Rebuild Remembered Sets 53.308ms
[2021-05-03T13:10:06.286+0000][7][gc,start    ] GC(505) Pause Cleanup
[2021-05-03T13:10:06.286+0000][7][gc          ] GC(505) Pause Cleanup 119M->119M(256M) 0.070ms
[2021-05-03T13:10:06.286+0000][7][gc,cpu      ] GC(505) User=0.00s Sys=0.00s Real=0.00s
[2021-05-03T13:10:06.286+0000][7][safepoint   ] Safepoint "G1Concurrent", Time since last: 53455984 ns, Reaching safepoint: 183028 ns, At safepoint: 109789 ns, Total: 292817 ns
[2021-05-03T13:10:06.286+0000][7][gc,marking  ] GC(505) Concurrent Cleanup for Next Mark
[2021-05-03T13:10:06.286+0000][7][gc,marking  ] GC(505) Concurrent Cleanup for Next Mark 0.205ms
[2021-05-03T13:10:06.286+0000][7][gc          ] GC(505) Concurrent Cycle 142.331ms
[2021-05-03T13:12:20.481+0000][7][gc,start    ] GC(506) Pause Young (Normal) (G1 Evacuation Pause)
[2021-05-03T13:12:20.481+0000][7][gc,task     ] GC(506) Using 6 workers of 8 for evacuation
[2021-05-03T13:12:20.481+0000][7][gc,age      ] GC(506) Desired survivor size 6291456 bytes, new threshold 15 (max threshold 15)
[2021-05-03T13:12:20.482+0000][7][gc,age      ] GC(506) Age table with threshold 15 (max threshold 15)
[2021-05-03T13:12:20.483+0000][7][gc,age      ] GC(506) - age   1:     600400 bytes,     600400 total
[2021-05-03T13:12:20.483+0000][7][gc,age      ] GC(506) - age   2:        504 bytes,     600904 total
[2021-05-03T13:12:20.483+0000][7][gc,age      ] GC(506) - age   3:        584 bytes,     601488 total
[2021-05-03T13:12:20.483+0000][7][gc,age      ] GC(506) - age   4:     153376 bytes,     754864 total
[2021-05-03T13:12:20.483+0000][7][gc,age      ] GC(506) - age   5:         32 bytes,     754896 total
[2021-05-03T13:12:20.483+0000][7][gc,age      ] GC(506) - age   6:        160 bytes,     755056 total
[2021-05-03T13:12:20.483+0000][7][gc,age      ] GC(506) - age   7:        208 bytes,     755264 total
[2021-05-03T13:12:20.483+0000][7][gc,age      ] GC(506) - age   8:       2856 bytes,     758120 total
[2021-05-03T13:12:20.483+0000][7][gc,age      ] GC(506) - age   9:       2912 bytes,     761032 total
[2021-05-03T13:12:20.483+0000][7][gc,age      ] GC(506) - age  10:        128 bytes,     761160 total
[2021-05-03T13:12:20.483+0000][7][gc,age      ] GC(506) - age  12:        288 bytes,     761448 total
[2021-05-03T13:12:20.483+0000][7][gc,age      ] GC(506) - age  13:       1080 bytes,     762528 total
[2021-05-03T13:12:20.483+0000][7][gc,age      ] GC(506) - age  15:         64 bytes,     762592 total
[2021-05-03T13:12:20.483+0000][7][gc,phases   ] GC(506)   Pre Evacuate Collection Set: 0.0ms
[2021-05-03T13:12:20.483+0000][7][gc,phases   ] GC(506)   Merge Heap Roots: 0.0ms
[2021-05-03T13:12:20.483+0000][7][gc,phases   ] GC(506)   Evacuate Collection Set: 0.8ms
[2021-05-03T13:12:20.483+0000][7][gc,phases   ] GC(506)   Post Evacuate Collection Set: 0.3ms
[2021-05-03T13:12:20.483+0000][7][gc,phases   ] GC(506)   Other: 0.2ms
[2021-05-03T13:12:20.483+0000][7][gc,heap     ] GC(506) Eden regions: 21->0(21)
[2021-05-03T13:12:20.483+0000][7][gc,heap     ] GC(506) Survivor regions: 1->1(3)
[2021-05-03T13:12:20.483+0000][7][gc,heap     ] GC(506) Old regions: 27->27
[2021-05-03T13:12:20.483+0000][7][gc,heap     ] GC(506) Archive regions: 2->2
[2021-05-03T13:12:20.483+0000][7][gc,heap     ] GC(506) Humongous regions: 2->2
[2021-05-03T13:12:20.483+0000][7][gc,metaspace] GC(506) Metaspace: 109961K(114768K)->109961K(114768K) NonClass: 96017K(99484K)->96017K(99484K) Class: 13943K(15284K)->13943K(15284K)
[2021-05-03T13:12:20.483+0000][7][gc          ] GC(506) Pause Young (Normal) (G1 Evacuation Pause) 202M->118M(256M) 1.500ms
[2021-05-03T13:12:20.483+0000][7][gc,cpu      ] GC(506) User=0.00s Sys=0.00s Real=0.00s
[2021-05-03T13:12:20.483+0000][7][safepoint   ] Safepoint "G1CollectForAllocation", Time since last: 134195379195 ns, Reaching safepoint: 115734 ns, At safepoint: 1566687 ns, Total: 1682421 ns
[2021-05-03T13:14:33.890+0000][7][gc,start    ] GC(507) Pause Young (Concurrent Start) (G1 Evacuation Pause)
[2021-05-03T13:14:33.890+0000][7][gc,task     ] GC(507) Using 6 workers of 8 for evacuation
[2021-05-03T13:14:33.890+0000][7][gc,age      ] GC(507) Desired survivor size 6291456 bytes, new threshold 15 (max threshold 15)
[2021-05-03T13:14:33.892+0000][7][gc,age      ] GC(507) Age table with threshold 15 (max threshold 15)
[2021-05-03T13:14:33.892+0000][7][gc,age      ] GC(507) - age   1:     505584 bytes,     505584 total
[2021-05-03T13:14:33.892+0000][7][gc,age      ] GC(507) - age   2:       1112 bytes,     506696 total
[2021-05-03T13:14:33.892+0000][7][gc,age      ] GC(507) - age   3:        312 bytes,     507008 total
[2021-05-03T13:14:33.892+0000][7][gc,age      ] GC(507) - age   4:        584 bytes,     507592 total
[2021-05-03T13:14:33.892+0000][7][gc,age      ] GC(507) - age   5:     152880 bytes,     660472 total
[2021-05-03T13:14:33.892+0000][7][gc,age      ] GC(507) - age   7:        136 bytes,     660608 total
[2021-05-03T13:14:33.892+0000][7][gc,age      ] GC(507) - age   8:        208 bytes,     660816 total
[2021-05-03T13:14:33.892+0000][7][gc,age      ] GC(507) - age   9:       2856 bytes,     663672 total
[2021-05-03T13:14:33.892+0000][7][gc,age      ] GC(507) - age  10:       2912 bytes,     666584 total
[2021-05-03T13:14:33.892+0000][7][gc,age      ] GC(507) - age  11:        128 bytes,     666712 total
[2021-05-03T13:14:33.892+0000][7][gc,age      ] GC(507) - age  13:        288 bytes,     667000 total
[2021-05-03T13:14:33.892+0000][7][gc,age      ] GC(507) - age  14:       1080 bytes,     668080 total
[2021-05-03T13:14:33.892+0000][7][gc,phases   ] GC(507)   Pre Evacuate Collection Set: 0.1ms
[2021-05-03T13:14:33.892+0000][7][gc,phases   ] GC(507)   Merge Heap Roots: 0.0ms
[2021-05-03T13:14:33.892+0000][7][gc,phases   ] GC(507)   Evacuate Collection Set: 1.0ms
[2021-05-03T13:14:33.892+0000][7][gc,phases   ] GC(507)   Post Evacuate Collection Set: 0.6ms
[2021-05-03T13:14:33.892+0000][7][gc,phases   ] GC(507)   Other: 0.2ms
[2021-05-03T13:14:33.892+0000][7][gc,heap     ] GC(507) Eden regions: 21->0(21)
[2021-05-03T13:14:33.892+0000][7][gc,heap     ] GC(507) Survivor regions: 1->1(3)
[2021-05-03T13:14:33.892+0000][7][gc,heap     ] GC(507) Old regions: 27->27
[2021-05-03T13:14:33.892+0000][7][gc,heap     ] GC(507) Archive regions: 2->2
[2021-05-03T13:14:33.892+0000][7][gc,heap     ] GC(507) Humongous regions: 2->2
[2021-05-03T13:14:33.892+0000][7][gc,metaspace] GC(507) Metaspace: 109961K(114768K)->109961K(114768K) NonClass: 96017K(99484K)->96017K(99484K) Class: 13943K(15284K)->13943K(15284K)
[2021-05-03T13:14:33.892+0000][7][gc          ] GC(507) Pause Young (Concurrent Start) (G1 Evacuation Pause) 202M->118M(256M) 2.021ms
[2021-05-03T13:14:33.892+0000][7][gc,cpu      ] GC(507) User=0.00s Sys=0.01s Real=0.01s
[2021-05-03T13:14:33.892+0000][7][gc          ] GC(508) Concurrent Cycle
[2021-05-03T13:14:33.892+0000][7][safepoint   ] Safepoint "G1CollectForAllocation", Time since last: 133407305712 ns, Reaching safepoint: 99501 ns, At safepoint: 2092772 ns, Total: 2192273 ns
[2021-05-03T13:14:33.892+0000][7][gc,marking  ] GC(508) Concurrent Clear Claimed Marks
[2021-05-03T13:14:33.892+0000][7][gc,marking  ] GC(508) Concurrent Clear Claimed Marks 0.062ms
[2021-05-03T13:14:33.892+0000][7][gc,marking  ] GC(508) Concurrent Scan Root Regions
[2021-05-03T13:14:33.894+0000][7][gc,marking  ] GC(508) Concurrent Scan Root Regions 1.230ms
[2021-05-03T13:14:33.894+0000][7][gc,marking  ] GC(508) Concurrent Mark (39615.821s)
[2021-05-03T13:14:33.894+0000][7][gc,marking  ] GC(508) Concurrent Mark From Roots
[2021-05-03T13:14:33.894+0000][7][gc,task     ] GC(508) Using 2 workers of 2 for marking
[2021-05-03T13:14:33.973+0000][7][gc,marking  ] GC(508) Concurrent Mark From Roots 79.649ms
[2021-05-03T13:14:33.973+0000][7][gc,marking  ] GC(508) Concurrent Preclean
[2021-05-03T13:14:33.973+0000][7][gc,marking  ] GC(508) Concurrent Preclean 0.211ms
[2021-05-03T13:14:33.973+0000][7][gc,marking  ] GC(508) Concurrent Mark (39615.821s, 39615.901s) 79.907ms
[2021-05-03T13:14:33.974+0000][7][gc,start    ] GC(508) Pause Remark
[2021-05-03T13:14:33.979+0000][7][gc          ] GC(508) Pause Remark 118M->118M(256M) 5.704ms
[2021-05-03T13:14:33.979+0000][7][gc,cpu      ] GC(508) User=0.03s Sys=0.00s Real=0.00s
[2021-05-03T13:14:33.979+0000][7][safepoint   ] Safepoint "G1Concurrent", Time since last: 81250241 ns, Reaching safepoint: 84540 ns, At safepoint: 5782572 ns, Total: 5867112 ns
[2021-05-03T13:14:33.979+0000][7][gc,marking  ] GC(508) Concurrent Rebuild Remembered Sets
[2021-05-03T13:14:34.032+0000][7][gc,marking  ] GC(508) Concurrent Rebuild Remembered Sets 52.955ms
[2021-05-03T13:14:34.033+0000][7][gc,start    ] GC(508) Pause Cleanup
[2021-05-03T13:14:34.033+0000][7][gc          ] GC(508) Pause Cleanup 118M->118M(256M) 0.072ms
[2021-05-03T13:14:34.033+0000][7][gc,cpu      ] GC(508) User=0.00s Sys=0.00s Real=0.00s
[2021-05-03T13:14:34.033+0000][7][safepoint   ] Safepoint "G1Concurrent", Time since last: 53103105 ns, Reaching safepoint: 158821 ns, At safepoint: 113297 ns, Total: 272118 ns
[2021-05-03T13:14:34.033+0000][7][gc,marking  ] GC(508) Concurrent Cleanup for Next Mark
[2021-05-03T13:14:34.033+0000][7][gc,marking  ] GC(508) Concurrent Cleanup for Next Mark 0.196ms
[2021-05-03T13:14:34.033+0000][7][gc          ] GC(508) Concurrent Cycle 140.772ms
[2021-05-03T13:15:41.732+0000][7][safepoint   ] Safepoint "Cleanup", Time since last: 67699437040 ns, Reaching safepoint: 160299 ns, At safepoint: 6665 ns, Total: 166964 ns
[2021-05-03T13:16:05.927+0000][7][gc,start    ] GC(509) Pause Young (Normal) (G1 Evacuation Pause)
[2021-05-03T13:16:05.927+0000][7][gc,task     ] GC(509) Using 6 workers of 8 for evacuation
[2021-05-03T13:16:05.927+0000][7][gc,age      ] GC(509) Desired survivor size 6291456 bytes, new threshold 15 (max threshold 15)
[2021-05-03T13:16:05.929+0000][7][gc,age      ] GC(509) Age table with threshold 15 (max threshold 15)
[2021-05-03T13:16:05.929+0000][7][gc,age      ] GC(509) - age   1:     817600 bytes,     817600 total
[2021-05-03T13:16:05.929+0000][7][gc,age      ] GC(509) - age   2:        592 bytes,     818192 total
[2021-05-03T13:16:05.929+0000][7][gc,age      ] GC(509) - age   3:        264 bytes,     818456 total
[2021-05-03T13:16:05.929+0000][7][gc,age      ] GC(509) - age   5:        296 bytes,     818752 total
[2021-05-03T13:16:05.929+0000][7][gc,age      ] GC(509) - age   6:       1248 bytes,     820000 total
[2021-05-03T13:16:05.929+0000][7][gc,age      ] GC(509) - age   8:        136 bytes,     820136 total
[2021-05-03T13:16:05.929+0000][7][gc,age      ] GC(509) - age  10:        544 bytes,     820680 total
[2021-05-03T13:16:05.929+0000][7][gc,age      ] GC(509) - age  11:        272 bytes,     820952 total
[2021-05-03T13:16:05.929+0000][7][gc,age      ] GC(509) - age  12:        128 bytes,     821080 total
[2021-05-03T13:16:05.929+0000][7][gc,age      ] GC(509) - age  14:        288 bytes,     821368 total
[2021-05-03T13:16:05.929+0000][7][gc,age      ] GC(509) - age  15:       1080 bytes,     822448 total
[2021-05-03T13:16:05.929+0000][7][gc,phases   ] GC(509)   Pre Evacuate Collection Set: 0.1ms
[2021-05-03T13:16:05.929+0000][7][gc,phases   ] GC(509)   Merge Heap Roots: 0.0ms
[2021-05-03T13:16:05.929+0000][7][gc,phases   ] GC(509)   Evacuate Collection Set: 0.9ms
[2021-05-03T13:16:05.929+0000][7][gc,phases   ] GC(509)   Post Evacuate Collection Set: 0.6ms
[2021-05-03T13:16:05.929+0000][7][gc,phases   ] GC(509)   Other: 0.2ms
[2021-05-03T13:16:05.929+0000][7][gc,heap     ] GC(509) Eden regions: 21->0(21)
[2021-05-03T13:16:05.929+0000][7][gc,heap     ] GC(509) Survivor regions: 1->1(3)
[2021-05-03T13:16:05.929+0000][7][gc,heap     ] GC(509) Old regions: 27->27
[2021-05-03T13:16:05.929+0000][7][gc,heap     ] GC(509) Archive regions: 2->2
[2021-05-03T13:16:05.929+0000][7][gc,heap     ] GC(509) Humongous regions: 2->2
[2021-05-03T13:16:05.929+0000][7][gc,metaspace] GC(509) Metaspace: 109968K(114768K)->109968K(114768K) NonClass: 96024K(99484K)->96024K(99484K) Class: 13943K(15284K)->13943K(15284K)
[2021-05-03T13:16:05.929+0000][7][gc          ] GC(509) Pause Young (Normal) (G1 Evacuation Pause) 202M->118M(256M) 1.858ms
[2021-05-03T13:16:05.929+0000][7][gc,cpu      ] GC(509) User=0.00s Sys=0.00s Real=0.00s
[2021-05-03T13:16:05.929+0000][7][safepoint   ] Safepoint "G1CollectForAllocation", Time since last: 24194541310 ns, Reaching safepoint: 250496 ns, At safepoint: 1930109 ns, Total: 2180605 ns
[2021-05-03T13:17:42.949+0000][7][safepoint   ] Safepoint "Cleanup", Time since last: 97019898756 ns, Reaching safepoint: 157328 ns, At safepoint: 7572 ns, Total: 164900 ns
[2021-05-03T13:18:20.505+0000][7][gc,start    ] GC(510) Pause Young (Concurrent Start) (G1 Evacuation Pause)
[2021-05-03T13:18:20.505+0000][7][gc,task     ] GC(510) Using 6 workers of 8 for evacuation
[2021-05-03T13:18:20.505+0000][7][gc,age      ] GC(510) Desired survivor size 6291456 bytes, new threshold 15 (max threshold 15)
[2021-05-03T13:18:20.506+0000][7][gc,age      ] GC(510) Age table with threshold 15 (max threshold 15)
[2021-05-03T13:18:20.506+0000][7][gc,age      ] GC(510) - age   1:     312504 bytes,     312504 total
[2021-05-03T13:18:20.506+0000][7][gc,age      ] GC(510) - age   2:     308144 bytes,     620648 total
[2021-05-03T13:18:20.506+0000][7][gc,age      ] GC(510) - age   3:        352 bytes,     621000 total
[2021-05-03T13:18:20.506+0000][7][gc,age      ] GC(510) - age   4:        264 bytes,     621264 total
[2021-05-03T13:18:20.506+0000][7][gc,age      ] GC(510) - age   6:        296 bytes,     621560 total
[2021-05-03T13:18:20.506+0000][7][gc,age      ] GC(510) - age   7:       1248 bytes,     622808 total
[2021-05-03T13:18:20.506+0000][7][gc,age      ] GC(510) - age   9:        136 bytes,     622944 total
[2021-05-03T13:18:20.506+0000][7][gc,age      ] GC(510) - age  11:        544 bytes,     623488 total
[2021-05-03T13:18:20.506+0000][7][gc,age      ] GC(510) - age  12:        272 bytes,     623760 total
[2021-05-03T13:18:20.506+0000][7][gc,age      ] GC(510) - age  13:        128 bytes,     623888 total
[2021-05-03T13:18:20.506+0000][7][gc,age      ] GC(510) - age  15:        288 bytes,     624176 total
[2021-05-03T13:18:20.506+0000][7][gc,phases   ] GC(510)   Pre Evacuate Collection Set: 0.1ms
[2021-05-03T13:18:20.506+0000][7][gc,phases   ] GC(510)   Merge Heap Roots: 0.0ms
[2021-05-03T13:18:20.506+0000][7][gc,phases   ] GC(510)   Evacuate Collection Set: 0.6ms
[2021-05-03T13:18:20.506+0000][7][gc,phases   ] GC(510)   Post Evacuate Collection Set: 0.3ms
[2021-05-03T13:18:20.506+0000][7][gc,phases   ] GC(510)   Other: 0.2ms
[2021-05-03T13:18:20.506+0000][7][gc,heap     ] GC(510) Eden regions: 21->0(21)
[2021-05-03T13:18:20.506+0000][7][gc,heap     ] GC(510) Survivor regions: 1->1(3)
[2021-05-03T13:18:20.506+0000][7][gc,heap     ] GC(510) Old regions: 27->27
[2021-05-03T13:18:20.506+0000][7][gc,heap     ] GC(510) Archive regions: 2->2
[2021-05-03T13:18:20.506+0000][7][gc,heap     ] GC(510) Humongous regions: 2->2
[2021-05-03T13:18:20.506+0000][7][gc,metaspace] GC(510) Metaspace: 109968K(114768K)->109968K(114768K) NonClass: 96024K(99484K)->96024K(99484K) Class: 13943K(15284K)->13943K(15284K)
[2021-05-03T13:18:20.506+0000][7][gc          ] GC(510) Pause Young (Concurrent Start) (G1 Evacuation Pause) 202M->118M(256M) 1.332ms
[2021-05-03T13:18:20.506+0000][7][gc,cpu      ] GC(510) User=0.01s Sys=0.00s Real=0.00s
[2021-05-03T13:18:20.506+0000][7][gc          ] GC(511) Concurrent Cycle
[2021-05-03T13:18:20.507+0000][7][safepoint   ] Safepoint "G1CollectForAllocation", Time since last: 37555905271 ns, Reaching safepoint: 96300 ns, At safepoint: 1400896 ns, Total: 1497196 ns
[2021-05-03T13:18:20.507+0000][7][gc,marking  ] GC(511) Concurrent Clear Claimed Marks
[2021-05-03T13:18:20.507+0000][7][gc,marking  ] GC(511) Concurrent Clear Claimed Marks 0.069ms
[2021-05-03T13:18:20.507+0000][7][gc,marking  ] GC(511) Concurrent Scan Root Regions
[2021-05-03T13:18:20.508+0000][7][gc,marking  ] GC(511) Concurrent Scan Root Regions 1.668ms
[2021-05-03T13:18:20.508+0000][7][gc,marking  ] GC(511) Concurrent Mark (39842.436s)
[2021-05-03T13:18:20.508+0000][7][gc,marking  ] GC(511) Concurrent Mark From Roots
[2021-05-03T13:18:20.508+0000][7][gc,task     ] GC(511) Using 2 workers of 2 for marking
[2021-05-03T13:18:20.591+0000][7][gc,marking  ] GC(511) Concurrent Mark From Roots 82.991ms
[2021-05-03T13:18:20.591+0000][7][gc,marking  ] GC(511) Concurrent Preclean
[2021-05-03T13:18:20.592+0000][7][gc,marking  ] GC(511) Concurrent Preclean 0.205ms
[2021-05-03T13:18:20.592+0000][7][gc,marking  ] GC(511) Concurrent Mark (39842.436s, 39842.519s) 83.247ms
[2021-05-03T13:18:20.592+0000][7][gc,start    ] GC(511) Pause Remark
[2021-05-03T13:18:20.597+0000][7][gc          ] GC(511) Pause Remark 122M->122M(256M) 5.402ms
[2021-05-03T13:18:20.597+0000][7][gc,cpu      ] GC(511) User=0.03s Sys=0.00s Real=0.01s
[2021-05-03T13:18:20.597+0000][7][safepoint   ] Safepoint "G1Concurrent", Time since last: 85099286 ns, Reaching safepoint: 87579 ns, At safepoint: 5492154 ns, Total: 5579733 ns
[2021-05-03T13:18:20.597+0000][7][gc,marking  ] GC(511) Concurrent Rebuild Remembered Sets
[2021-05-03T13:18:20.651+0000][7][gc,marking  ] GC(511) Concurrent Rebuild Remembered Sets 53.354ms
[2021-05-03T13:18:20.651+0000][7][gc,start    ] GC(511) Pause Cleanup
[2021-05-03T13:18:20.651+0000][7][gc          ] GC(511) Pause Cleanup 122M->122M(256M) 0.071ms
[2021-05-03T13:18:20.651+0000][7][gc,cpu      ] GC(511) User=0.00s Sys=0.00s Real=0.00s
[2021-05-03T13:18:20.651+0000][7][safepoint   ] Safepoint "G1Concurrent", Time since last: 53498749 ns, Reaching safepoint: 142551 ns, At safepoint: 111686 ns, Total: 254237 ns
[2021-05-03T13:18:20.651+0000][7][gc,marking  ] GC(511) Concurrent Cleanup for Next Mark
[2021-05-03T13:18:20.651+0000][7][gc,marking  ] GC(511) Concurrent Cleanup for Next Mark 0.130ms
[2021-05-03T13:18:20.651+0000][7][gc          ] GC(511) Concurrent Cycle 144.643ms
[2021-05-03T13:20:20.517+0000][7][gc,start    ] GC(512) Pause Young (Normal) (G1 Evacuation Pause)
[2021-05-03T13:20:20.517+0000][7][gc,task     ] GC(512) Using 6 workers of 8 for evacuation
[2021-05-03T13:20:20.517+0000][7][gc,age      ] GC(512) Desired survivor size 6291456 bytes, new threshold 15 (max threshold 15)
[2021-05-03T13:20:20.519+0000][7][gc,age      ] GC(512) Age table with threshold 15 (max threshold 15)
[2021-05-03T13:20:20.519+0000][7][gc,age      ] GC(512) - age   1:     516072 bytes,     516072 total
[2021-05-03T13:20:20.519+0000][7][gc,age      ] GC(512) - age   2:        664 bytes,     516736 total
[2021-05-03T13:20:20.519+0000][7][gc,age      ] GC(512) - age   3:     186456 bytes,     703192 total
[2021-05-03T13:20:20.519+0000][7][gc,age      ] GC(512) - age   4:        160 bytes,     703352 total
[2021-05-03T13:20:20.519+0000][7][gc,age      ] GC(512) - age   5:        264 bytes,     703616 total
[2021-05-03T13:20:20.519+0000][7][gc,age      ] GC(512) - age   7:        272 bytes,     703888 total
[2021-05-03T13:20:20.519+0000][7][gc,age      ] GC(512) - age   8:       1248 bytes,     705136 total
[2021-05-03T13:20:20.519+0000][7][gc,age      ] GC(512) - age  10:        136 bytes,     705272 total
[2021-05-03T13:20:20.519+0000][7][gc,age      ] GC(512) - age  12:        544 bytes,     705816 total
[2021-05-03T13:20:20.519+0000][7][gc,age      ] GC(512) - age  13:        248 bytes,     706064 total
[2021-05-03T13:20:20.519+0000][7][gc,age      ] GC(512) - age  14:        128 bytes,     706192 total
[2021-05-03T13:20:20.519+0000][7][gc,phases   ] GC(512)   Pre Evacuate Collection Set: 0.0ms
[2021-05-03T13:20:20.519+0000][7][gc,phases   ] GC(512)   Merge Heap Roots: 0.0ms
[2021-05-03T13:20:20.519+0000][7][gc,phases   ] GC(512)   Evacuate Collection Set: 0.8ms
[2021-05-03T13:20:20.519+0000][7][gc,phases   ] GC(512)   Post Evacuate Collection Set: 0.5ms
[2021-05-03T13:20:20.519+0000][7][gc,phases   ] GC(512)   Other: 0.2ms
[2021-05-03T13:20:20.519+0000][7][gc,heap     ] GC(512) Eden regions: 21->0(21)
[2021-05-03T13:20:20.519+0000][7][gc,heap     ] GC(512) Survivor regions: 1->1(3)
[2021-05-03T13:20:20.519+0000][7][gc,heap     ] GC(512) Old regions: 27->27
[2021-05-03T13:20:20.519+0000][7][gc,heap     ] GC(512) Archive regions: 2->2
[2021-05-03T13:20:20.519+0000][7][gc,heap     ] GC(512) Humongous regions: 2->2
[2021-05-03T13:20:20.519+0000][7][gc,metaspace] GC(512) Metaspace: 109968K(114768K)->109968K(114768K) NonClass: 96024K(99484K)->96024K(99484K) Class: 13943K(15284K)->13943K(15284K)
[2021-05-03T13:20:20.519+0000][7][gc          ] GC(512) Pause Young (Normal) (G1 Evacuation Pause) 202M->118M(256M) 1.569ms
[2021-05-03T13:20:20.519+0000][7][gc,cpu      ] GC(512) User=0.01s Sys=0.00s Real=0.00s
[2021-05-03T13:20:20.519+0000][7][safepoint   ] Safepoint "G1CollectForAllocation", Time since last: 119866243098 ns, Reaching safepoint: 115045 ns, At safepoint: 1629279 ns, Total: 1744324 ns
[2021-05-03T13:22:36.150+0000][7][gc,start    ] GC(513) Pause Young (Concurrent Start) (G1 Evacuation Pause)
[2021-05-03T13:22:36.150+0000][7][gc,task     ] GC(513) Using 6 workers of 8 for evacuation
[2021-05-03T13:22:36.150+0000][7][gc,age      ] GC(513) Desired survivor size 6291456 bytes, new threshold 15 (max threshold 15)
[2021-05-03T13:22:36.152+0000][7][gc,age      ] GC(513) Age table with threshold 15 (max threshold 15)
[2021-05-03T13:22:36.152+0000][7][gc,age      ] GC(513) - age   1:     515288 bytes,     515288 total
[2021-05-03T13:22:36.152+0000][7][gc,age      ] GC(513) - age   2:        744 bytes,     516032 total
[2021-05-03T13:22:36.152+0000][7][gc,age      ] GC(513) - age   3:        608 bytes,     516640 total
[2021-05-03T13:22:36.152+0000][7][gc,age      ] GC(513) - age   4:     186336 bytes,     702976 total
[2021-05-03T13:22:36.152+0000][7][gc,age      ] GC(513) - age   5:        120 bytes,     703096 total
[2021-05-03T13:22:36.152+0000][7][gc,age      ] GC(513) - age   6:         24 bytes,     703120 total
[2021-05-03T13:22:36.152+0000][7][gc,age      ] GC(513) - age   8:        176 bytes,     703296 total
[2021-05-03T13:22:36.152+0000][7][gc,age      ] GC(513) - age   9:       1248 bytes,     704544 total
[2021-05-03T13:22:36.152+0000][7][gc,age      ] GC(513) - age  11:        136 bytes,     704680 total
[2021-05-03T13:22:36.152+0000][7][gc,age      ] GC(513) - age  13:        544 bytes,     705224 total
[2021-05-03T13:22:36.152+0000][7][gc,age      ] GC(513) - age  14:        248 bytes,     705472 total
[2021-05-03T13:22:36.152+0000][7][gc,age      ] GC(513) - age  15:        128 bytes,     705600 total
[2021-05-03T13:22:36.152+0000][7][gc,phases   ] GC(513)   Pre Evacuate Collection Set: 0.1ms
[2021-05-03T13:22:36.152+0000][7][gc,phases   ] GC(513)   Merge Heap Roots: 0.0ms
[2021-05-03T13:22:36.152+0000][7][gc,phases   ] GC(513)   Evacuate Collection Set: 1.1ms
[2021-05-03T13:22:36.152+0000][7][gc,phases   ] GC(513)   Post Evacuate Collection Set: 0.4ms
[2021-05-03T13:22:36.152+0000][7][gc,phases   ] GC(513)   Other: 0.2ms
[2021-05-03T13:22:36.152+0000][7][gc,heap     ] GC(513) Eden regions: 21->0(21)
[2021-05-03T13:22:36.152+0000][7][gc,heap     ] GC(513) Survivor regions: 1->1(3)
[2021-05-03T13:22:36.152+0000][7][gc,heap     ] GC(513) Old regions: 27->27
[2021-05-03T13:22:36.152+0000][7][gc,heap     ] GC(513) Archive regions: 2->2
[2021-05-03T13:22:36.152+0000][7][gc,heap     ] GC(513) Humongous regions: 2->2
[2021-05-03T13:22:36.152+0000][7][gc,metaspace] GC(513) Metaspace: 109968K(114768K)->109968K(114768K) NonClass: 96024K(99484K)->96024K(99484K) Class: 13943K(15284K)->13943K(15284K)
[2021-05-03T13:22:36.152+0000][7][gc          ] GC(513) Pause Young (Concurrent Start) (G1 Evacuation Pause) 202M->118M(256M) 1.942ms
[2021-05-03T13:22:36.152+0000][7][gc,cpu      ] GC(513) User=0.00s Sys=0.00s Real=0.01s
[2021-05-03T13:22:36.152+0000][7][gc          ] GC(514) Concurrent Cycle
[2021-05-03T13:22:36.152+0000][7][gc,marking  ] GC(514) Concurrent Clear Claimed Marks
[2021-05-03T13:22:36.152+0000][7][safepoint   ] Safepoint "G1CollectForAllocation", Time since last: 135631080397 ns, Reaching safepoint: 222826 ns, At safepoint: 2007676 ns, Total: 2230502 ns
[2021-05-03T13:22:36.152+0000][7][gc,marking  ] GC(514) Concurrent Clear Claimed Marks 0.051ms
[2021-05-03T13:22:36.152+0000][7][gc,marking  ] GC(514) Concurrent Scan Root Regions
[2021-05-03T13:22:36.154+0000][7][gc,marking  ] GC(514) Concurrent Scan Root Regions 1.258ms
[2021-05-03T13:22:36.154+0000][7][gc,marking  ] GC(514) Concurrent Mark (40098.081s)
[2021-05-03T13:22:36.154+0000][7][gc,marking  ] GC(514) Concurrent Mark From Roots
[2021-05-03T13:22:36.154+0000][7][gc,task     ] GC(514) Using 2 workers of 2 for marking
[2021-05-03T13:22:36.233+0000][7][gc,marking  ] GC(514) Concurrent Mark From Roots 79.888ms
[2021-05-03T13:22:36.234+0000][7][gc,marking  ] GC(514) Concurrent Preclean
[2021-05-03T13:22:36.234+0000][7][gc,marking  ] GC(514) Concurrent Preclean 0.227ms
[2021-05-03T13:22:36.234+0000][7][gc,marking  ] GC(514) Concurrent Mark (40098.081s, 40098.161s) 80.164ms
[2021-05-03T13:22:36.234+0000][7][gc,start    ] GC(514) Pause Remark
[2021-05-03T13:22:36.240+0000][7][gc          ] GC(514) Pause Remark 118M->118M(256M) 5.520ms
[2021-05-03T13:22:36.240+0000][7][gc,cpu      ] GC(514) User=0.03s Sys=0.00s Real=0.00s
[2021-05-03T13:22:36.240+0000][7][safepoint   ] Safepoint "G1Concurrent", Time since last: 81577730 ns, Reaching safepoint: 146678 ns, At safepoint: 5596528 ns, Total: 5743206 ns
[2021-05-03T13:22:36.240+0000][7][gc,marking  ] GC(514) Concurrent Rebuild Remembered Sets
[2021-05-03T13:22:36.293+0000][7][gc,marking  ] GC(514) Concurrent Rebuild Remembered Sets 53.519ms
[2021-05-03T13:22:36.293+0000][7][gc,start    ] GC(514) Pause Cleanup
[2021-05-03T13:22:36.293+0000][7][gc          ] GC(514) Pause Cleanup 118M->118M(256M) 0.079ms
[2021-05-03T13:22:36.293+0000][7][gc,cpu      ] GC(514) User=0.01s Sys=0.00s Real=0.00s
[2021-05-03T13:22:36.294+0000][7][safepoint   ] Safepoint "G1Concurrent", Time since last: 53664590 ns, Reaching safepoint: 107479 ns, At safepoint: 189328 ns, Total: 296807 ns
[2021-05-03T13:22:36.294+0000][7][gc,marking  ] GC(514) Concurrent Cleanup for Next Mark
[2021-05-03T13:22:36.295+0000][7][gc,marking  ] GC(514) Concurrent Cleanup for Next Mark 1.089ms
[2021-05-03T13:22:36.295+0000][7][gc          ] GC(514) Concurrent Cycle 142.646ms
[2021-05-03T13:24:42.769+0000][7][gc,start    ] GC(515) Pause Young (Normal) (G1 Evacuation Pause)
[2021-05-03T13:24:42.769+0000][7][gc,task     ] GC(515) Using 6 workers of 8 for evacuation
[2021-05-03T13:24:42.769+0000][7][gc,age      ] GC(515) Desired survivor size 6291456 bytes, new threshold 15 (max threshold 15)
[2021-05-03T13:24:42.770+0000][7][gc,age      ] GC(515) Age table with threshold 15 (max threshold 15)
[2021-05-03T13:24:42.770+0000][7][gc,age      ] GC(515) - age   1:     528448 bytes,     528448 total
[2021-05-03T13:24:42.770+0000][7][gc,age      ] GC(515) - age   2:        688 bytes,     529136 total
[2021-05-03T13:24:42.770+0000][7][gc,age      ] GC(515) - age   3:        248 bytes,     529384 total
[2021-05-03T13:24:42.770+0000][7][gc,age      ] GC(515) - age   4:        608 bytes,     529992 total
[2021-05-03T13:24:42.770+0000][7][gc,age      ] GC(515) - age   5:     183800 bytes,     713792 total
[2021-05-03T13:24:42.770+0000][7][gc,age      ] GC(515) - age   6:        120 bytes,     713912 total
[2021-05-03T13:24:42.770+0000][7][gc,age      ] GC(515) - age   7:         24 bytes,     713936 total
[2021-05-03T13:24:42.770+0000][7][gc,age      ] GC(515) - age   9:        176 bytes,     714112 total
[2021-05-03T13:24:42.770+0000][7][gc,age      ] GC(515) - age  10:       1248 bytes,     715360 total
[2021-05-03T13:24:42.770+0000][7][gc,age      ] GC(515) - age  12:         40 bytes,     715400 total
[2021-05-03T13:24:42.770+0000][7][gc,age      ] GC(515) - age  14:        304 bytes,     715704 total
[2021-05-03T13:24:42.770+0000][7][gc,age      ] GC(515) - age  15:        248 bytes,     715952 total
[2021-05-03T13:24:42.770+0000][7][gc,phases   ] GC(515)   Pre Evacuate Collection Set: 0.0ms
[2021-05-03T13:24:42.770+0000][7][gc,phases   ] GC(515)   Merge Heap Roots: 0.0ms
[2021-05-03T13:24:42.770+0000][7][gc,phases   ] GC(515)   Evacuate Collection Set: 0.8ms
[2021-05-03T13:24:42.770+0000][7][gc,phases   ] GC(515)   Post Evacuate Collection Set: 0.6ms
[2021-05-03T13:24:42.770+0000][7][gc,phases   ] GC(515)   Other: 0.2ms
[2021-05-03T13:24:42.770+0000][7][gc,heap     ] GC(515) Eden regions: 21->0(21)
[2021-05-03T13:24:42.770+0000][7][gc,heap     ] GC(515) Survivor regions: 1->1(3)
[2021-05-03T13:24:42.770+0000][7][gc,heap     ] GC(515) Old regions: 27->27
[2021-05-03T13:24:42.770+0000][7][gc,heap     ] GC(515) Archive regions: 2->2
[2021-05-03T13:24:42.770+0000][7][gc,heap     ] GC(515) Humongous regions: 2->2
[2021-05-03T13:24:42.770+0000][7][gc,metaspace] GC(515) Metaspace: 109968K(114768K)->109968K(114768K) NonClass: 96024K(99484K)->96024K(99484K) Class: 13943K(15284K)->13943K(15284K)
[2021-05-03T13:24:42.770+0000][7][gc          ] GC(515) Pause Young (Normal) (G1 Evacuation Pause) 202M->118M(256M) 1.718ms
[2021-05-03T13:24:42.770+0000][7][gc,cpu      ] GC(515) User=0.00s Sys=0.01s Real=0.00s
[2021-05-03T13:24:42.770+0000][7][safepoint   ] Safepoint "G1CollectForAllocation", Time since last: 126474880189 ns, Reaching safepoint: 188460 ns, At safepoint: 1784176 ns, Total: 1972636 ns
[2021-05-03T13:25:40.788+0000][7][safepoint   ] Safepoint "Cleanup", Time since last: 58017680784 ns, Reaching safepoint: 190821 ns, At safepoint: 5780 ns, Total: 196601 ns
[2021-05-03T13:25:42.789+0000][7][safepoint   ] Safepoint "Cleanup", Time since last: 2000651072 ns, Reaching safepoint: 95713 ns, At safepoint: 5567 ns, Total: 101280 ns
[2021-05-03T13:26:20.539+0000][7][gc,start    ] GC(516) Pause Young (Concurrent Start) (G1 Evacuation Pause)
[2021-05-03T13:26:20.539+0000][7][gc,task     ] GC(516) Using 6 workers of 8 for evacuation
[2021-05-03T13:26:20.539+0000][7][gc,age      ] GC(516) Desired survivor size 6291456 bytes, new threshold 15 (max threshold 15)
[2021-05-03T13:26:20.540+0000][7][gc,age      ] GC(516) Age table with threshold 15 (max threshold 15)
[2021-05-03T13:26:20.540+0000][7][gc,age      ] GC(516) - age   1:     849424 bytes,     849424 total
[2021-05-03T13:26:20.540+0000][7][gc,age      ] GC(516) - age   2:       5752 bytes,     855176 total
[2021-05-03T13:26:20.540+0000][7][gc,age      ] GC(516) - age   3:        272 bytes,     855448 total
[2021-05-03T13:26:20.540+0000][7][gc,age      ] GC(516) - age   4:        224 bytes,     855672 total
[2021-05-03T13:26:20.540+0000][7][gc,age      ] GC(516) - age   5:        200 bytes,     855872 total
[2021-05-03T13:26:20.540+0000][7][gc,age      ] GC(516) - age   6:       8392 bytes,     864264 total
[2021-05-03T13:26:20.540+0000][7][gc,age      ] GC(516) - age   7:         72 bytes,     864336 total
[2021-05-03T13:26:20.540+0000][7][gc,age      ] GC(516) - age   8:         24 bytes,     864360 total
[2021-05-03T13:26:20.540+0000][7][gc,age      ] GC(516) - age  10:        136 bytes,     864496 total
[2021-05-03T13:26:20.540+0000][7][gc,age      ] GC(516) - age  11:        272 bytes,     864768 total
[2021-05-03T13:26:20.540+0000][7][gc,age      ] GC(516) - age  13:         40 bytes,     864808 total
[2021-05-03T13:26:20.540+0000][7][gc,age      ] GC(516) - age  15:        304 bytes,     865112 total
[2021-05-03T13:26:20.540+0000][7][gc,phases   ] GC(516)   Pre Evacuate Collection Set: 0.1ms
[2021-05-03T13:26:20.540+0000][7][gc,phases   ] GC(516)   Merge Heap Roots: 0.0ms
[2021-05-03T13:26:20.540+0000][7][gc,phases   ] GC(516)   Evacuate Collection Set: 1.0ms
[2021-05-03T13:26:20.540+0000][7][gc,phases   ] GC(516)   Post Evacuate Collection Set: 0.4ms
[2021-05-03T13:26:20.541+0000][7][gc,phases   ] GC(516)   Other: 0.2ms
[2021-05-03T13:26:20.541+0000][7][gc,heap     ] GC(516) Eden regions: 21->0(21)
[2021-05-03T13:26:20.541+0000][7][gc,heap     ] GC(516) Survivor regions: 1->1(3)
[2021-05-03T13:26:20.541+0000][7][gc,heap     ] GC(516) Old regions: 27->27
[2021-05-03T13:26:20.541+0000][7][gc,heap     ] GC(516) Archive regions: 2->2
[2021-05-03T13:26:20.541+0000][7][gc,heap     ] GC(516) Humongous regions: 2->2
[2021-05-03T13:26:20.541+0000][7][gc,metaspace] GC(516) Metaspace: 109982K(114768K)->109982K(114768K) NonClass: 96038K(99484K)->96038K(99484K) Class: 13943K(15284K)->13943K(15284K)
[2021-05-03T13:26:20.541+0000][7][gc          ] GC(516) Pause Young (Concurrent Start) (G1 Evacuation Pause) 202M->118M(256M) 1.794ms
[2021-05-03T13:26:20.541+0000][7][gc,cpu      ] GC(516) User=0.01s Sys=0.00s Real=0.01s
[2021-05-03T13:26:20.541+0000][7][safepoint   ] Safepoint "G1CollectForAllocation", Time since last: 37749653085 ns, Reaching safepoint: 75020 ns, At safepoint: 1856056 ns, Total: 1931076 ns
[2021-05-03T13:26:20.541+0000][7][gc          ] GC(517) Concurrent Cycle
[2021-05-03T13:26:20.541+0000][7][gc,marking  ] GC(517) Concurrent Clear Claimed Marks
[2021-05-03T13:26:20.541+0000][7][gc,marking  ] GC(517) Concurrent Clear Claimed Marks 0.056ms
[2021-05-03T13:26:20.541+0000][7][gc,marking  ] GC(517) Concurrent Scan Root Regions
[2021-05-03T13:26:20.542+0000][7][gc,marking  ] GC(517) Concurrent Scan Root Regions 1.499ms
[2021-05-03T13:26:20.542+0000][7][gc,marking  ] GC(517) Concurrent Mark (40322.470s)
[2021-05-03T13:26:20.542+0000][7][gc,marking  ] GC(517) Concurrent Mark From Roots
[2021-05-03T13:26:20.542+0000][7][gc,task     ] GC(517) Using 2 workers of 2 for marking
[2021-05-03T13:26:20.621+0000][7][gc,marking  ] GC(517) Concurrent Mark From Roots 79.015ms
[2021-05-03T13:26:20.621+0000][7][gc,marking  ] GC(517) Concurrent Preclean
[2021-05-03T13:26:20.621+0000][7][gc,marking  ] GC(517) Concurrent Preclean 0.210ms
[2021-05-03T13:26:20.621+0000][7][gc,marking  ] GC(517) Concurrent Mark (40322.470s, 40322.549s) 79.271ms
[2021-05-03T13:26:20.622+0000][7][gc,start    ] GC(517) Pause Remark
[2021-05-03T13:26:20.627+0000][7][gc          ] GC(517) Pause Remark 119M->119M(256M) 5.810ms
[2021-05-03T13:26:20.628+0000][7][gc,cpu      ] GC(517) User=0.03s Sys=0.00s Real=0.00s
[2021-05-03T13:26:20.628+0000][7][safepoint   ] Safepoint "G1Concurrent", Time since last: 80967564 ns, Reaching safepoint: 89096 ns, At safepoint: 5882973 ns, Total: 5972069 ns
[2021-05-03T13:26:20.628+0000][7][gc,marking  ] GC(517) Concurrent Rebuild Remembered Sets
[2021-05-03T13:26:20.680+0000][7][gc,marking  ] GC(517) Concurrent Rebuild Remembered Sets 52.720ms
[2021-05-03T13:26:20.680+0000][7][gc,start    ] GC(517) Pause Cleanup
[2021-05-03T13:26:20.681+0000][7][gc          ] GC(517) Pause Cleanup 119M->119M(256M) 0.070ms
[2021-05-03T13:26:20.681+0000][7][gc,cpu      ] GC(517) User=0.00s Sys=0.00s Real=0.00s
[2021-05-03T13:26:20.681+0000][7][safepoint   ] Safepoint "G1Concurrent", Time since last: 52823913 ns, Reaching safepoint: 77456 ns, At safepoint: 121881 ns, Total: 199337 ns
[2021-05-03T13:26:20.681+0000][7][gc,marking  ] GC(517) Concurrent Cleanup for Next Mark
[2021-05-03T13:26:20.681+0000][7][gc,marking  ] GC(517) Concurrent Cleanup for Next Mark 0.124ms
[2021-05-03T13:26:20.681+0000][7][gc          ] GC(517) Concurrent Cycle 140.088ms
[2021-05-03T13:26:42.687+0000][7][safepoint   ] Safepoint "Cleanup", Time since last: 22006224274 ns, Reaching safepoint: 96453 ns, At safepoint: 6415 ns, Total: 102868 ns
[2021-05-03T13:27:10.692+0000][7][safepoint   ] Safepoint "Cleanup", Time since last: 28005296486 ns, Reaching safepoint: 138479 ns, At safepoint: 6840 ns, Total: 145319 ns
[2021-05-03T13:28:20.708+0000][7][safepoint   ] Safepoint "Cleanup", Time since last: 70015316834 ns, Reaching safepoint: 88437 ns, At safepoint: 18064 ns, Total: 106501 ns
[2021-05-03T13:28:36.153+0000][7][gc,start    ] GC(518) Pause Young (Normal) (G1 Evacuation Pause)
[2021-05-03T13:28:36.153+0000][7][gc,task     ] GC(518) Using 6 workers of 8 for evacuation
[2021-05-03T13:28:36.153+0000][7][gc,age      ] GC(518) Desired survivor size 6291456 bytes, new threshold 15 (max threshold 15)
[2021-05-03T13:28:36.155+0000][7][gc,age      ] GC(518) Age table with threshold 15 (max threshold 15)
[2021-05-03T13:28:36.155+0000][7][gc,age      ] GC(518) - age   1:     515280 bytes,     515280 total
[2021-05-03T13:28:36.155+0000][7][gc,age      ] GC(518) - age   2:     276144 bytes,     791424 total
[2021-05-03T13:28:36.155+0000][7][gc,age      ] GC(518) - age   3:       5304 bytes,     796728 total
[2021-05-03T13:28:36.155+0000][7][gc,age      ] GC(518) - age   4:        272 bytes,     797000 total
[2021-05-03T13:28:36.155+0000][7][gc,age      ] GC(518) - age   5:        104 bytes,     797104 total
[2021-05-03T13:28:36.155+0000][7][gc,age      ] GC(518) - age   6:        200 bytes,     797304 total
[2021-05-03T13:28:36.155+0000][7][gc,age      ] GC(518) - age   7:       8296 bytes,     805600 total
[2021-05-03T13:28:36.155+0000][7][gc,age      ] GC(518) - age   8:         72 bytes,     805672 total
[2021-05-03T13:28:36.155+0000][7][gc,age      ] GC(518) - age   9:         24 bytes,     805696 total
[2021-05-03T13:28:36.155+0000][7][gc,age      ] GC(518) - age  11:         40 bytes,     805736 total
[2021-05-03T13:28:36.155+0000][7][gc,age      ] GC(518) - age  12:        272 bytes,     806008 total
[2021-05-03T13:28:36.155+0000][7][gc,phases   ] GC(518)   Pre Evacuate Collection Set: 0.1ms
[2021-05-03T13:28:36.155+0000][7][gc,phases   ] GC(518)   Merge Heap Roots: 0.0ms
[2021-05-03T13:28:36.155+0000][7][gc,phases   ] GC(518)   Evacuate Collection Set: 0.8ms
[2021-05-03T13:28:36.155+0000][7][gc,phases   ] GC(518)   Post Evacuate Collection Set: 0.7ms
[2021-05-03T13:28:36.155+0000][7][gc,phases   ] GC(518)   Other: 0.2ms
[2021-05-03T13:28:36.155+0000][7][gc,heap     ] GC(518) Eden regions: 21->0(21)
[2021-05-03T13:28:36.155+0000][7][gc,heap     ] GC(518) Survivor regions: 1->1(3)
[2021-05-03T13:28:36.155+0000][7][gc,heap     ] GC(518) Old regions: 27->27
[2021-05-03T13:28:36.155+0000][7][gc,heap     ] GC(518) Archive regions: 2->2
[2021-05-03T13:28:36.155+0000][7][gc,heap     ] GC(518) Humongous regions: 2->2
[2021-05-03T13:28:36.155+0000][7][gc,metaspace] GC(518) Metaspace: 109982K(114768K)->109982K(114768K) NonClass: 96038K(99484K)->96038K(99484K) Class: 13943K(15284K)->13943K(15284K)
[2021-05-03T13:28:36.155+0000][7][gc          ] GC(518) Pause Young (Normal) (G1 Evacuation Pause) 202M->118M(256M) 1.793ms
[2021-05-03T13:28:36.155+0000][7][gc,cpu      ] GC(518) User=0.01s Sys=0.00s Real=0.00s
[2021-05-03T13:28:36.155+0000][7][safepoint   ] Safepoint "G1CollectForAllocation", Time since last: 15445090609 ns, Reaching safepoint: 165072 ns, At safepoint: 1855709 ns, Total: 2020781 ns
[2021-05-03T13:30:41.525+0000][7][gc,start    ] GC(519) Pause Young (Concurrent Start) (G1 Evacuation Pause)
[2021-05-03T13:30:41.525+0000][7][gc,task     ] GC(519) Using 6 workers of 8 for evacuation
[2021-05-03T13:30:41.525+0000][7][gc,age      ] GC(519) Desired survivor size 6291456 bytes, new threshold 15 (max threshold 15)
[2021-05-03T13:30:41.526+0000][7][gc,age      ] GC(519) Age table with threshold 15 (max threshold 15)
[2021-05-03T13:30:41.526+0000][7][gc,age      ] GC(519) - age   1:     513368 bytes,     513368 total
[2021-05-03T13:30:41.526+0000][7][gc,age      ] GC(519) - age   2:        904 bytes,     514272 total
[2021-05-03T13:30:41.526+0000][7][gc,age      ] GC(519) - age   3:     154216 bytes,     668488 total
[2021-05-03T13:30:41.526+0000][7][gc,age      ] GC(519) - age   4:       4944 bytes,     673432 total
[2021-05-03T13:30:41.526+0000][7][gc,age      ] GC(519) - age   5:        272 bytes,     673704 total
[2021-05-03T13:30:41.526+0000][7][gc,age      ] GC(519) - age   6:        104 bytes,     673808 total
[2021-05-03T13:30:41.526+0000][7][gc,age      ] GC(519) - age   7:        200 bytes,     674008 total
[2021-05-03T13:30:41.526+0000][7][gc,age      ] GC(519) - age   8:       8064 bytes,     682072 total
[2021-05-03T13:30:41.526+0000][7][gc,age      ] GC(519) - age   9:         72 bytes,     682144 total
[2021-05-03T13:30:41.526+0000][7][gc,age      ] GC(519) - age  10:         24 bytes,     682168 total
[2021-05-03T13:30:41.526+0000][7][gc,age      ] GC(519) - age  13:        272 bytes,     682440 total
[2021-05-03T13:30:41.527+0000][7][gc,phases   ] GC(519)   Pre Evacuate Collection Set: 0.1ms
[2021-05-03T13:30:41.527+0000][7][gc,phases   ] GC(519)   Merge Heap Roots: 0.0ms
[2021-05-03T13:30:41.527+0000][7][gc,phases   ] GC(519)   Evacuate Collection Set: 0.8ms
[2021-05-03T13:30:41.527+0000][7][gc,phases   ] GC(519)   Post Evacuate Collection Set: 0.5ms
[2021-05-03T13:30:41.527+0000][7][gc,phases   ] GC(519)   Other: 0.2ms
[2021-05-03T13:30:41.527+0000][7][gc,heap     ] GC(519) Eden regions: 21->0(21)
[2021-05-03T13:30:41.527+0000][7][gc,heap     ] GC(519) Survivor regions: 1->1(3)
[2021-05-03T13:30:41.527+0000][7][gc,heap     ] GC(519) Old regions: 27->27
[2021-05-03T13:30:41.527+0000][7][gc,heap     ] GC(519) Archive regions: 2->2
[2021-05-03T13:30:41.527+0000][7][gc,heap     ] GC(519) Humongous regions: 2->2
[2021-05-03T13:30:41.527+0000][7][gc,metaspace] GC(519) Metaspace: 109982K(114768K)->109982K(114768K) NonClass: 96038K(99484K)->96038K(99484K) Class: 13943K(15284K)->13943K(15284K)
[2021-05-03T13:30:41.527+0000][7][gc          ] GC(519) Pause Young (Concurrent Start) (G1 Evacuation Pause) 202M->118M(256M) 1.705ms
[2021-05-03T13:30:41.527+0000][7][gc,cpu      ] GC(519) User=0.00s Sys=0.01s Real=0.00s
[2021-05-03T13:30:41.527+0000][7][gc          ] GC(520) Concurrent Cycle
[2021-05-03T13:30:41.527+0000][7][safepoint   ] Safepoint "G1CollectForAllocation", Time since last: 125369909587 ns, Reaching safepoint: 94547 ns, At safepoint: 1772045 ns, Total: 1866592 ns
[2021-05-03T13:30:41.527+0000][7][gc,marking  ] GC(520) Concurrent Clear Claimed Marks
[2021-05-03T13:30:41.527+0000][7][gc,marking  ] GC(520) Concurrent Clear Claimed Marks 0.059ms
[2021-05-03T13:30:41.527+0000][7][gc,marking  ] GC(520) Concurrent Scan Root Regions
[2021-05-03T13:30:41.528+0000][7][gc,marking  ] GC(520) Concurrent Scan Root Regions 1.457ms
[2021-05-03T13:30:41.528+0000][7][gc,marking  ] GC(520) Concurrent Mark (40583.456s)
[2021-05-03T13:30:41.528+0000][7][gc,marking  ] GC(520) Concurrent Mark From Roots
[2021-05-03T13:30:41.528+0000][7][gc,task     ] GC(520) Using 2 workers of 2 for marking
[2021-05-03T13:30:41.611+0000][7][gc,marking  ] GC(520) Concurrent Mark From Roots 82.644ms
[2021-05-03T13:30:41.611+0000][7][gc,marking  ] GC(520) Concurrent Preclean
[2021-05-03T13:30:41.611+0000][7][gc,marking  ] GC(520) Concurrent Preclean 0.198ms
[2021-05-03T13:30:41.611+0000][7][gc,marking  ] GC(520) Concurrent Mark (40583.456s, 40583.539s) 82.888ms
[2021-05-03T13:30:41.611+0000][7][gc,start    ] GC(520) Pause Remark
[2021-05-03T13:30:41.617+0000][7][gc          ] GC(520) Pause Remark 118M->118M(256M) 5.367ms
[2021-05-03T13:30:41.617+0000][7][gc,cpu      ] GC(520) User=0.03s Sys=0.00s Real=0.01s
[2021-05-03T13:30:41.617+0000][7][safepoint   ] Safepoint "G1Concurrent", Time since last: 84470231 ns, Reaching safepoint: 99500 ns, At safepoint: 5450617 ns, Total: 5550117 ns
[2021-05-03T13:30:41.617+0000][7][gc,marking  ] GC(520) Concurrent Rebuild Remembered Sets
[2021-05-03T13:30:41.670+0000][7][gc,marking  ] GC(520) Concurrent Rebuild Remembered Sets 53.133ms
[2021-05-03T13:30:41.670+0000][7][gc,start    ] GC(520) Pause Cleanup
[2021-05-03T13:30:41.670+0000][7][gc          ] GC(520) Pause Cleanup 118M->118M(256M) 0.066ms
[2021-05-03T13:30:41.670+0000][7][gc,cpu      ] GC(520) User=0.00s Sys=0.00s Real=0.00s
[2021-05-03T13:30:41.670+0000][7][safepoint   ] Safepoint "G1Concurrent", Time since last: 53205730 ns, Reaching safepoint: 88567 ns, At safepoint: 104083 ns, Total: 192650 ns
[2021-05-03T13:30:41.670+0000][7][gc,marking  ] GC(520) Concurrent Cleanup for Next Mark
[2021-05-03T13:30:41.670+0000][7][gc,marking  ] GC(520) Concurrent Cleanup for Next Mark 0.159ms
[2021-05-03T13:30:41.670+0000][7][gc          ] GC(520) Concurrent Cycle 143.660ms
[2021-05-03T13:32:51.545+0000][7][gc,start    ] GC(521) Pause Young (Normal) (G1 Evacuation Pause)
[2021-05-03T13:32:51.545+0000][7][gc,task     ] GC(521) Using 6 workers of 8 for evacuation
[2021-05-03T13:32:51.545+0000][7][gc,age      ] GC(521) Desired survivor size 6291456 bytes, new threshold 15 (max threshold 15)
[2021-05-03T13:32:51.546+0000][7][gc,age      ] GC(521) Age table with threshold 15 (max threshold 15)
[2021-05-03T13:32:51.546+0000][7][gc,age      ] GC(521) - age   1:     519704 bytes,     519704 total
[2021-05-03T13:32:51.546+0000][7][gc,age      ] GC(521) - age   2:       1064 bytes,     520768 total
[2021-05-03T13:32:51.546+0000][7][gc,age      ] GC(521) - age   3:        544 bytes,     521312 total
[2021-05-03T13:32:51.546+0000][7][gc,age      ] GC(521) - age   4:     154168 bytes,     675480 total
[2021-05-03T13:32:51.546+0000][7][gc,age      ] GC(521) - age   5:       4944 bytes,     680424 total
[2021-05-03T13:32:51.546+0000][7][gc,age      ] GC(521) - age   6:        176 bytes,     680600 total
[2021-05-03T13:32:51.546+0000][7][gc,age      ] GC(521) - age   7:        104 bytes,     680704 total
[2021-05-03T13:32:51.546+0000][7][gc,age      ] GC(521) - age   8:        200 bytes,     680904 total
[2021-05-03T13:32:51.546+0000][7][gc,age      ] GC(521) - age   9:       8064 bytes,     688968 total
[2021-05-03T13:32:51.546+0000][7][gc,age      ] GC(521) - age  10:         40 bytes,     689008 total
[2021-05-03T13:32:51.546+0000][7][gc,age      ] GC(521) - age  11:         24 bytes,     689032 total
[2021-05-03T13:32:51.546+0000][7][gc,age      ] GC(521) - age  14:        272 bytes,     689304 total
[2021-05-03T13:32:51.546+0000][7][gc,phases   ] GC(521)   Pre Evacuate Collection Set: 0.0ms
[2021-05-03T13:32:51.546+0000][7][gc,phases   ] GC(521)   Merge Heap Roots: 0.0ms
[2021-05-03T13:32:51.546+0000][7][gc,phases   ] GC(521)   Evacuate Collection Set: 0.7ms
[2021-05-03T13:32:51.546+0000][7][gc,phases   ] GC(521)   Post Evacuate Collection Set: 0.5ms
[2021-05-03T13:32:51.546+0000][7][gc,phases   ] GC(521)   Other: 0.2ms
[2021-05-03T13:32:51.546+0000][7][gc,heap     ] GC(521) Eden regions: 21->0(21)
[2021-05-03T13:32:51.546+0000][7][gc,heap     ] GC(521) Survivor regions: 1->1(3)
[2021-05-03T13:32:51.547+0000][7][gc,heap     ] GC(521) Old regions: 27->27
[2021-05-03T13:32:51.547+0000][7][gc,heap     ] GC(521) Archive regions: 2->2
[2021-05-03T13:32:51.547+0000][7][gc,heap     ] GC(521) Humongous regions: 2->2
[2021-05-03T13:32:51.547+0000][7][gc,metaspace] GC(521) Metaspace: 109982K(114768K)->109982K(114768K) NonClass: 96038K(99484K)->96038K(99484K) Class: 13943K(15284K)->13943K(15284K)
[2021-05-03T13:32:51.547+0000][7][gc          ] GC(521) Pause Young (Normal) (G1 Evacuation Pause) 202M->118M(256M) 1.598ms
[2021-05-03T13:32:51.547+0000][7][gc,cpu      ] GC(521) User=0.01s Sys=0.00s Real=0.00s
[2021-05-03T13:32:51.547+0000][7][safepoint   ] Safepoint "G1CollectForAllocation", Time since last: 129874719426 ns, Reaching safepoint: 134871 ns, At safepoint: 1656997 ns, Total: 1791868 ns
[2021-05-03T13:34:57.363+0000][7][gc,start    ] GC(522) Pause Young (Concurrent Start) (G1 Evacuation Pause)
[2021-05-03T13:34:57.363+0000][7][gc,task     ] GC(522) Using 6 workers of 8 for evacuation
[2021-05-03T13:34:57.363+0000][7][gc,age      ] GC(522) Desired survivor size 6291456 bytes, new threshold 15 (max threshold 15)
[2021-05-03T13:34:57.365+0000][7][gc,age      ] GC(522) Age table with threshold 15 (max threshold 15)
[2021-05-03T13:34:57.365+0000][7][gc,age      ] GC(522) - age   1:     517264 bytes,     517264 total
[2021-05-03T13:34:57.365+0000][7][gc,age      ] GC(522) - age   2:        376 bytes,     517640 total
[2021-05-03T13:34:57.365+0000][7][gc,age      ] GC(522) - age   3:        712 bytes,     518352 total
[2021-05-03T13:34:57.365+0000][7][gc,age      ] GC(522) - age   4:        544 bytes,     518896 total
[2021-05-03T13:34:57.365+0000][7][gc,age      ] GC(522) - age   5:     153904 bytes,     672800 total
[2021-05-03T13:34:57.365+0000][7][gc,age      ] GC(522) - age   6:       2448 bytes,     675248 total
[2021-05-03T13:34:57.365+0000][7][gc,age      ] GC(522) - age   7:        176 bytes,     675424 total
[2021-05-03T13:34:57.365+0000][7][gc,age      ] GC(522) - age   8:        104 bytes,     675528 total
[2021-05-03T13:34:57.365+0000][7][gc,age      ] GC(522) - age   9:        200 bytes,     675728 total
[2021-05-03T13:34:57.365+0000][7][gc,age      ] GC(522) - age  10:       8064 bytes,     683792 total
[2021-05-03T13:34:57.365+0000][7][gc,age      ] GC(522) - age  11:         40 bytes,     683832 total
[2021-05-03T13:34:57.365+0000][7][gc,age      ] GC(522) - age  12:         24 bytes,     683856 total
[2021-05-03T13:34:57.365+0000][7][gc,age      ] GC(522) - age  15:        272 bytes,     684128 total
[2021-05-03T13:34:57.365+0000][7][gc,phases   ] GC(522)   Pre Evacuate Collection Set: 0.1ms
[2021-05-03T13:34:57.365+0000][7][gc,phases   ] GC(522)   Merge Heap Roots: 0.0ms
[2021-05-03T13:34:57.365+0000][7][gc,phases   ] GC(522)   Evacuate Collection Set: 1.0ms
[2021-05-03T13:34:57.365+0000][7][gc,phases   ] GC(522)   Post Evacuate Collection Set: 0.6ms
[2021-05-03T13:34:57.365+0000][7][gc,phases   ] GC(522)   Other: 0.2ms
[2021-05-03T13:34:57.365+0000][7][gc,heap     ] GC(522) Eden regions: 21->0(21)
[2021-05-03T13:34:57.365+0000][7][gc,heap     ] GC(522) Survivor regions: 1->1(3)
[2021-05-03T13:34:57.365+0000][7][gc,heap     ] GC(522) Old regions: 27->27
[2021-05-03T13:34:57.365+0000][7][gc,heap     ] GC(522) Archive regions: 2->2
[2021-05-03T13:34:57.365+0000][7][gc,heap     ] GC(522) Humongous regions: 2->2
[2021-05-03T13:34:57.365+0000][7][gc,metaspace] GC(522) Metaspace: 109982K(114768K)->109982K(114768K) NonClass: 96038K(99484K)->96038K(99484K) Class: 13943K(15284K)->13943K(15284K)
[2021-05-03T13:34:57.365+0000][7][gc          ] GC(522) Pause Young (Concurrent Start) (G1 Evacuation Pause) 202M->118M(256M) 2.046ms
[2021-05-03T13:34:57.365+0000][7][gc,cpu      ] GC(522) User=0.00s Sys=0.00s Real=0.00s
[2021-05-03T13:34:57.365+0000][7][safepoint   ] Safepoint "G1CollectForAllocation", Time since last: 125816201530 ns, Reaching safepoint: 79760 ns, At safepoint: 2107408 ns, Total: 2187168 ns
[2021-05-03T13:34:57.365+0000][7][gc          ] GC(523) Concurrent Cycle
[2021-05-03T13:34:57.365+0000][7][gc,marking  ] GC(523) Concurrent Clear Claimed Marks
[2021-05-03T13:34:57.365+0000][7][gc,marking  ] GC(523) Concurrent Clear Claimed Marks 0.053ms
[2021-05-03T13:34:57.365+0000][7][gc,marking  ] GC(523) Concurrent Scan Root Regions
[2021-05-03T13:34:57.367+0000][7][gc,marking  ] GC(523) Concurrent Scan Root Regions 1.896ms
[2021-05-03T13:34:57.367+0000][7][gc,marking  ] GC(523) Concurrent Mark (40839.295s)
[2021-05-03T13:34:57.367+0000][7][gc,marking  ] GC(523) Concurrent Mark From Roots
[2021-05-03T13:34:57.367+0000][7][gc,task     ] GC(523) Using 2 workers of 2 for marking
[2021-05-03T13:34:57.446+0000][7][gc,marking  ] GC(523) Concurrent Mark From Roots 79.398ms
[2021-05-03T13:34:57.446+0000][7][gc,marking  ] GC(523) Concurrent Preclean
[2021-05-03T13:34:57.447+0000][7][gc,marking  ] GC(523) Concurrent Preclean 0.231ms
[2021-05-03T13:34:57.447+0000][7][gc,marking  ] GC(523) Concurrent Mark (40839.295s, 40839.374s) 79.704ms
[2021-05-03T13:34:57.447+0000][7][gc,start    ] GC(523) Pause Remark
[2021-05-03T13:34:57.453+0000][7][gc          ] GC(523) Pause Remark 119M->119M(256M) 5.711ms
[2021-05-03T13:34:57.453+0000][7][gc,cpu      ] GC(523) User=0.04s Sys=0.00s Real=0.01s
[2021-05-03T13:34:57.453+0000][7][safepoint   ] Safepoint "G1Concurrent", Time since last: 81752129 ns, Reaching safepoint: 104264 ns, At safepoint: 5787635 ns, Total: 5891899 ns
[2021-05-03T13:34:57.453+0000][7][gc,marking  ] GC(523) Concurrent Rebuild Remembered Sets
[2021-05-03T13:34:57.505+0000][7][gc,marking  ] GC(523) Concurrent Rebuild Remembered Sets 52.779ms
[2021-05-03T13:34:57.506+0000][7][gc,start    ] GC(523) Pause Cleanup
[2021-05-03T13:34:57.506+0000][7][gc          ] GC(523) Pause Cleanup 119M->119M(256M) 0.102ms
[2021-05-03T13:34:57.506+0000][7][gc,cpu      ] GC(523) User=0.00s Sys=0.00s Real=0.00s
[2021-05-03T13:34:57.506+0000][7][safepoint   ] Safepoint "G1Concurrent", Time since last: 52958362 ns, Reaching safepoint: 135179 ns, At safepoint: 141649 ns, Total: 276828 ns
[2021-05-03T13:34:57.506+0000][7][gc,marking  ] GC(523) Concurrent Cleanup for Next Mark
[2021-05-03T13:34:57.506+0000][7][gc,marking  ] GC(523) Concurrent Cleanup for Next Mark 0.198ms
[2021-05-03T13:34:57.506+0000][7][gc          ] GC(523) Concurrent Cycle 141.110ms
[2021-05-03T13:36:39.084+0000][7][gc,start    ] GC(524) Pause Young (Normal) (G1 Evacuation Pause)
[2021-05-03T13:36:39.084+0000][7][gc,task     ] GC(524) Using 6 workers of 8 for evacuation
[2021-05-03T13:36:39.084+0000][7][gc,age      ] GC(524) Desired survivor size 6291456 bytes, new threshold 15 (max threshold 15)
[2021-05-03T13:36:39.086+0000][7][gc,age      ] GC(524) Age table with threshold 15 (max threshold 15)
[2021-05-03T13:36:39.086+0000][7][gc,age      ] GC(524) - age   1:     823384 bytes,     823384 total
[2021-05-03T13:36:39.086+0000][7][gc,age      ] GC(524) - age   2:       3320 bytes,     826704 total
[2021-05-03T13:36:39.086+0000][7][gc,age      ] GC(524) - age   4:        712 bytes,     827416 total
[2021-05-03T13:36:39.086+0000][7][gc,age      ] GC(524) - age   5:        296 bytes,     827712 total
[2021-05-03T13:36:39.086+0000][7][gc,age      ] GC(524) - age   6:       4808 bytes,     832520 total
[2021-05-03T13:36:39.086+0000][7][gc,age      ] GC(524) - age   7:       2248 bytes,     834768 total
[2021-05-03T13:36:39.086+0000][7][gc,age      ] GC(524) - age   8:        136 bytes,     834904 total
[2021-05-03T13:36:39.086+0000][7][gc,age      ] GC(524) - age   9:        104 bytes,     835008 total
[2021-05-03T13:36:39.086+0000][7][gc,age      ] GC(524) - age  10:        200 bytes,     835208 total
[2021-05-03T13:36:39.086+0000][7][gc,age      ] GC(524) - age  11:       3336 bytes,     838544 total
[2021-05-03T13:36:39.086+0000][7][gc,age      ] GC(524) - age  12:         40 bytes,     838584 total
[2021-05-03T13:36:39.086+0000][7][gc,age      ] GC(524) - age  13:         24 bytes,     838608 total
[2021-05-03T13:36:39.086+0000][7][gc,phases   ] GC(524)   Pre Evacuate Collection Set: 0.1ms
[2021-05-03T13:36:39.086+0000][7][gc,phases   ] GC(524)   Merge Heap Roots: 0.0ms
[2021-05-03T13:36:39.086+0000][7][gc,phases   ] GC(524)   Evacuate Collection Set: 0.9ms
[2021-05-03T13:36:39.086+0000][7][gc,phases   ] GC(524)   Post Evacuate Collection Set: 0.5ms
[2021-05-03T13:36:39.086+0000][7][gc,phases   ] GC(524)   Other: 0.2ms
[2021-05-03T13:36:39.086+0000][7][gc,heap     ] GC(524) Eden regions: 21->0(21)
[2021-05-03T13:36:39.086+0000][7][gc,heap     ] GC(524) Survivor regions: 1->1(3)
[2021-05-03T13:36:39.086+0000][7][gc,heap     ] GC(524) Old regions: 27->27
[2021-05-03T13:36:39.086+0000][7][gc,heap     ] GC(524) Archive regions: 2->2
[2021-05-03T13:36:39.086+0000][7][gc,heap     ] GC(524) Humongous regions: 2->2
[2021-05-03T13:36:39.086+0000][7][gc,metaspace] GC(524) Metaspace: 109986K(114768K)->109986K(114768K) NonClass: 96042K(99484K)->96042K(99484K) Class: 13943K(15284K)->13943K(15284K)
[2021-05-03T13:36:39.086+0000][7][gc          ] GC(524) Pause Young (Normal) (G1 Evacuation Pause) 202M->118M(256M) 1.694ms
[2021-05-03T13:36:39.086+0000][7][gc,cpu      ] GC(524) User=0.01s Sys=0.00s Real=0.00s
[2021-05-03T13:36:39.086+0000][7][safepoint   ] Safepoint "G1CollectForAllocation", Time since last: 101578286448 ns, Reaching safepoint: 202088 ns, At safepoint: 1758856 ns, Total: 1960944 ns
[2021-05-03T13:38:50.586+0000][7][gc,start    ] GC(525) Pause Young (Concurrent Start) (G1 Evacuation Pause)
[2021-05-03T13:38:50.586+0000][7][gc,task     ] GC(525) Using 6 workers of 8 for evacuation
[2021-05-03T13:38:50.586+0000][7][gc,age      ] GC(525) Desired survivor size 6291456 bytes, new threshold 15 (max threshold 15)
[2021-05-03T13:38:50.587+0000][7][gc,age      ] GC(525) Age table with threshold 15 (max threshold 15)
[2021-05-03T13:38:50.587+0000][7][gc,age      ] GC(525) - age   1:     581784 bytes,     581784 total
[2021-05-03T13:38:50.587+0000][7][gc,age      ] GC(525) - age   2:     302176 bytes,     883960 total
[2021-05-03T13:38:50.587+0000][7][gc,age      ] GC(525) - age   3:       2896 bytes,     886856 total
[2021-05-03T13:38:50.587+0000][7][gc,age      ] GC(525) - age   5:        552 bytes,     887408 total
[2021-05-03T13:38:50.587+0000][7][gc,age      ] GC(525) - age   6:        296 bytes,     887704 total
[2021-05-03T13:38:50.587+0000][7][gc,age      ] GC(525) - age   7:       4568 bytes,     892272 total
[2021-05-03T13:38:50.587+0000][7][gc,age      ] GC(525) - age   8:       2248 bytes,     894520 total
[2021-05-03T13:38:50.587+0000][7][gc,age      ] GC(525) - age   9:        136 bytes,     894656 total
[2021-05-03T13:38:50.587+0000][7][gc,age      ] GC(525) - age  10:        104 bytes,     894760 total
[2021-05-03T13:38:50.587+0000][7][gc,age      ] GC(525) - age  11:        200 bytes,     894960 total
[2021-05-03T13:38:50.587+0000][7][gc,age      ] GC(525) - age  12:       3136 bytes,     898096 total
[2021-05-03T13:38:50.587+0000][7][gc,age      ] GC(525) - age  14:         24 bytes,     898120 total
[2021-05-03T13:38:50.587+0000][7][gc,phases   ] GC(525)   Pre Evacuate Collection Set: 0.1ms
[2021-05-03T13:38:50.587+0000][7][gc,phases   ] GC(525)   Merge Heap Roots: 0.0ms
[2021-05-03T13:38:50.587+0000][7][gc,phases   ] GC(525)   Evacuate Collection Set: 0.7ms
[2021-05-03T13:38:50.587+0000][7][gc,phases   ] GC(525)   Post Evacuate Collection Set: 0.3ms
[2021-05-03T13:38:50.587+0000][7][gc,phases   ] GC(525)   Other: 0.2ms
[2021-05-03T13:38:50.587+0000][7][gc,heap     ] GC(525) Eden regions: 21->0(21)
[2021-05-03T13:38:50.587+0000][7][gc,heap     ] GC(525) Survivor regions: 1->1(3)
[2021-05-03T13:38:50.587+0000][7][gc,heap     ] GC(525) Old regions: 27->27
[2021-05-03T13:38:50.587+0000][7][gc,heap     ] GC(525) Archive regions: 2->2
[2021-05-03T13:38:50.587+0000][7][gc,heap     ] GC(525) Humongous regions: 2->2
[2021-05-03T13:38:50.587+0000][7][gc,metaspace] GC(525) Metaspace: 109986K(114768K)->109986K(114768K) NonClass: 96042K(99484K)->96042K(99484K) Class: 13943K(15284K)->13943K(15284K)
[2021-05-03T13:38:50.587+0000][7][gc          ] GC(525) Pause Young (Concurrent Start) (G1 Evacuation Pause) 202M->118M(256M) 1.507ms
[2021-05-03T13:38:50.587+0000][7][gc,cpu      ] GC(525) User=0.00s Sys=0.00s Real=0.00s
[2021-05-03T13:38:50.587+0000][7][safepoint   ] Safepoint "G1CollectForAllocation", Time since last: 131499620718 ns, Reaching safepoint: 97131 ns, At safepoint: 1570127 ns, Total: 1667258 ns
[2021-05-03T13:38:50.587+0000][7][gc          ] GC(526) Concurrent Cycle
[2021-05-03T13:38:50.587+0000][7][gc,marking  ] GC(526) Concurrent Clear Claimed Marks
[2021-05-03T13:38:50.587+0000][7][gc,marking  ] GC(526) Concurrent Clear Claimed Marks 0.062ms
[2021-05-03T13:38:50.587+0000][7][gc,marking  ] GC(526) Concurrent Scan Root Regions
[2021-05-03T13:38:50.589+0000][7][gc,marking  ] GC(526) Concurrent Scan Root Regions 1.398ms
[2021-05-03T13:38:50.589+0000][7][gc,marking  ] GC(526) Concurrent Mark (41072.517s)
[2021-05-03T13:38:50.589+0000][7][gc,marking  ] GC(526) Concurrent Mark From Roots
[2021-05-03T13:38:50.589+0000][7][gc,task     ] GC(526) Using 2 workers of 2 for marking
[2021-05-03T13:38:50.668+0000][7][gc,marking  ] GC(526) Concurrent Mark From Roots 79.037ms
[2021-05-03T13:38:50.668+0000][7][gc,marking  ] GC(526) Concurrent Preclean
[2021-05-03T13:38:50.668+0000][7][gc,marking  ] GC(526) Concurrent Preclean 0.212ms
[2021-05-03T13:38:50.668+0000][7][gc,marking  ] GC(526) Concurrent Mark (41072.517s, 41072.596s) 79.301ms
[2021-05-03T13:38:50.668+0000][7][gc,start    ] GC(526) Pause Remark
[2021-05-03T13:38:50.674+0000][7][gc          ] GC(526) Pause Remark 119M->119M(256M) 5.811ms
[2021-05-03T13:38:50.674+0000][7][gc,cpu      ] GC(526) User=0.03s Sys=0.00s Real=0.01s
[2021-05-03T13:38:50.674+0000][7][safepoint   ] Safepoint "G1Concurrent", Time since last: 80875184 ns, Reaching safepoint: 141420 ns, At safepoint: 5884420 ns, Total: 6025840 ns
[2021-05-03T13:38:50.674+0000][7][gc,marking  ] GC(526) Concurrent Rebuild Remembered Sets
[2021-05-03T13:38:50.727+0000][7][gc,marking  ] GC(526) Concurrent Rebuild Remembered Sets 52.819ms
[2021-05-03T13:38:50.727+0000][7][gc,start    ] GC(526) Pause Cleanup
[2021-05-03T13:38:50.727+0000][7][gc          ] GC(526) Pause Cleanup 119M->119M(256M) 0.071ms
[2021-05-03T13:38:50.727+0000][7][gc,cpu      ] GC(526) User=0.00s Sys=0.00s Real=0.00s
[2021-05-03T13:38:50.728+0000][7][safepoint   ] Safepoint "G1Concurrent", Time since last: 52954052 ns, Reaching safepoint: 180282 ns, At safepoint: 111733 ns, Total: 292015 ns
[2021-05-03T13:38:50.728+0000][7][gc,marking  ] GC(526) Concurrent Cleanup for Next Mark
[2021-05-03T13:38:50.728+0000][7][gc,marking  ] GC(526) Concurrent Cleanup for Next Mark 0.170ms
[2021-05-03T13:38:50.728+0000][7][gc          ] GC(526) Concurrent Cycle 140.353ms
[2021-05-03T13:40:42.757+0000][7][safepoint   ] Safepoint "Cleanup", Time since last: 112029325756 ns, Reaching safepoint: 274877 ns, At safepoint: 6793 ns, Total: 281670 ns
[2021-05-03T13:40:50.760+0000][7][safepoint   ] Safepoint "Cleanup", Time since last: 8002728064 ns, Reaching safepoint: 134858 ns, At safepoint: 7016 ns, Total: 141874 ns
[2021-05-03T13:40:56.648+0000][7][gc,start    ] GC(527) Pause Young (Normal) (G1 Evacuation Pause)
[2021-05-03T13:40:56.648+0000][7][gc,task     ] GC(527) Using 6 workers of 8 for evacuation
[2021-05-03T13:40:56.648+0000][7][gc,age      ] GC(527) Desired survivor size 6291456 bytes, new threshold 15 (max threshold 15)
[2021-05-03T13:40:56.649+0000][7][gc,age      ] GC(527) Age table with threshold 15 (max threshold 15)
[2021-05-03T13:40:56.649+0000][7][gc,age      ] GC(527) - age   1:     513264 bytes,     513264 total
[2021-05-03T13:40:56.649+0000][7][gc,age      ] GC(527) - age   2:       1360 bytes,     514624 total
[2021-05-03T13:40:56.649+0000][7][gc,age      ] GC(527) - age   3:     180768 bytes,     695392 total
[2021-05-03T13:40:56.649+0000][7][gc,age      ] GC(527) - age   4:       2816 bytes,     698208 total
[2021-05-03T13:40:56.649+0000][7][gc,age      ] GC(527) - age   6:        456 bytes,     698664 total
[2021-05-03T13:40:56.649+0000][7][gc,age      ] GC(527) - age   7:        272 bytes,     698936 total
[2021-05-03T13:40:56.649+0000][7][gc,age      ] GC(527) - age   8:       4568 bytes,     703504 total
[2021-05-03T13:40:56.649+0000][7][gc,age      ] GC(527) - age   9:       2248 bytes,     705752 total
[2021-05-03T13:40:56.649+0000][7][gc,age      ] GC(527) - age  10:        136 bytes,     705888 total
[2021-05-03T13:40:56.649+0000][7][gc,age      ] GC(527) - age  11:        104 bytes,     705992 total
[2021-05-03T13:40:56.649+0000][7][gc,age      ] GC(527) - age  12:        200 bytes,     706192 total
[2021-05-03T13:40:56.649+0000][7][gc,age      ] GC(527) - age  13:       3136 bytes,     709328 total
[2021-05-03T13:40:56.649+0000][7][gc,age      ] GC(527) - age  15:         24 bytes,     709352 total
[2021-05-03T13:40:56.650+0000][7][gc,phases   ] GC(527)   Pre Evacuate Collection Set: 0.1ms
[2021-05-03T13:40:56.650+0000][7][gc,phases   ] GC(527)   Merge Heap Roots: 0.0ms
[2021-05-03T13:40:56.650+0000][7][gc,phases   ] GC(527)   Evacuate Collection Set: 0.8ms
[2021-05-03T13:40:56.650+0000][7][gc,phases   ] GC(527)   Post Evacuate Collection Set: 0.5ms
[2021-05-03T13:40:56.650+0000][7][gc,phases   ] GC(527)   Other: 0.2ms
[2021-05-03T13:40:56.650+0000][7][gc,heap     ] GC(527) Eden regions: 21->0(21)
[2021-05-03T13:40:56.650+0000][7][gc,heap     ] GC(527) Survivor regions: 1->1(3)
[2021-05-03T13:40:56.650+0000][7][gc,heap     ] GC(527) Old regions: 27->27
[2021-05-03T13:40:56.650+0000][7][gc,heap     ] GC(527) Archive regions: 2->2
[2021-05-03T13:40:56.650+0000][7][gc,heap     ] GC(527) Humongous regions: 2->2
[2021-05-03T13:40:56.650+0000][7][gc,metaspace] GC(527) Metaspace: 109986K(114768K)->109986K(114768K) NonClass: 96042K(99484K)->96042K(99484K) Class: 13943K(15284K)->13943K(15284K)
[2021-05-03T13:40:56.650+0000][7][gc          ] GC(527) Pause Young (Normal) (G1 Evacuation Pause) 202M->118M(256M) 1.729ms
[2021-05-03T13:40:56.650+0000][7][gc,cpu      ] GC(527) User=0.00s Sys=0.00s Real=0.00s
[2021-05-03T13:40:56.650+0000][7][safepoint   ] Safepoint "G1CollectForAllocation", Time since last: 5887716141 ns, Reaching safepoint: 134007 ns, At safepoint: 1794838 ns, Total: 1928845 ns
[2021-05-03T13:41:20.657+0000][7][safepoint   ] Safepoint "Cleanup", Time since last: 24006887027 ns, Reaching safepoint: 79079 ns, At safepoint: 4509 ns, Total: 83588 ns
[2021-05-03T13:42:42.674+0000][7][safepoint   ] Safepoint "Cleanup", Time since last: 82016984627 ns, Reaching safepoint: 130095 ns, At safepoint: 4828 ns, Total: 134923 ns
[2021-05-03T13:43:11.894+0000][7][gc,start    ] GC(528) Pause Young (Concurrent Start) (G1 Evacuation Pause)
[2021-05-03T13:43:11.894+0000][7][gc,task     ] GC(528) Using 6 workers of 8 for evacuation
[2021-05-03T13:43:11.894+0000][7][gc,age      ] GC(528) Desired survivor size 6291456 bytes, new threshold 15 (max threshold 15)
[2021-05-03T13:43:11.896+0000][7][gc,age      ] GC(528) Age table with threshold 15 (max threshold 15)
[2021-05-03T13:43:11.896+0000][7][gc,age      ] GC(528) - age   1:     505952 bytes,     505952 total
[2021-05-03T13:43:11.896+0000][7][gc,age      ] GC(528) - age   2:        400 bytes,     506352 total
[2021-05-03T13:43:11.896+0000][7][gc,age      ] GC(528) - age   3:        704 bytes,     507056 total
[2021-05-03T13:43:11.896+0000][7][gc,age      ] GC(528) - age   4:     180744 bytes,     687800 total
[2021-05-03T13:43:11.896+0000][7][gc,age      ] GC(528) - age   5:       2768 bytes,     690568 total
[2021-05-03T13:43:11.896+0000][7][gc,age      ] GC(528) - age   7:        456 bytes,     691024 total
[2021-05-03T13:43:11.896+0000][7][gc,age      ] GC(528) - age   8:        272 bytes,     691296 total
[2021-05-03T13:43:11.896+0000][7][gc,age      ] GC(528) - age   9:       4472 bytes,     695768 total
[2021-05-03T13:43:11.896+0000][7][gc,age      ] GC(528) - age  10:       2248 bytes,     698016 total
[2021-05-03T13:43:11.896+0000][7][gc,age      ] GC(528) - age  11:        136 bytes,     698152 total
[2021-05-03T13:43:11.896+0000][7][gc,age      ] GC(528) - age  12:        104 bytes,     698256 total
[2021-05-03T13:43:11.896+0000][7][gc,age      ] GC(528) - age  13:        200 bytes,     698456 total
[2021-05-03T13:43:11.896+0000][7][gc,age      ] GC(528) - age  14:       3136 bytes,     701592 total
[2021-05-03T13:43:11.896+0000][7][gc,phases   ] GC(528)   Pre Evacuate Collection Set: 0.2ms
[2021-05-03T13:43:11.896+0000][7][gc,phases   ] GC(528)   Merge Heap Roots: 0.1ms
[2021-05-03T13:43:11.896+0000][7][gc,phases   ] GC(528)   Evacuate Collection Set: 1.1ms
[2021-05-03T13:43:11.896+0000][7][gc,phases   ] GC(528)   Post Evacuate Collection Set: 0.5ms
[2021-05-03T13:43:11.896+0000][7][gc,phases   ] GC(528)   Other: 0.3ms
[2021-05-03T13:43:11.896+0000][7][gc,heap     ] GC(528) Eden regions: 21->0(21)
[2021-05-03T13:43:11.896+0000][7][gc,heap     ] GC(528) Survivor regions: 1->1(3)
[2021-05-03T13:43:11.896+0000][7][gc,heap     ] GC(528) Old regions: 27->27
[2021-05-03T13:43:11.896+0000][7][gc,heap     ] GC(528) Archive regions: 2->2
[2021-05-03T13:43:11.896+0000][7][gc,heap     ] GC(528) Humongous regions: 2->2
[2021-05-03T13:43:11.896+0000][7][gc,metaspace] GC(528) Metaspace: 109986K(114768K)->109986K(114768K) NonClass: 96042K(99484K)->96042K(99484K) Class: 13943K(15284K)->13943K(15284K)
[2021-05-03T13:43:11.896+0000][7][gc          ] GC(528) Pause Young (Concurrent Start) (G1 Evacuation Pause) 202M->118M(256M) 2.150ms
[2021-05-03T13:43:11.896+0000][7][gc,cpu      ] GC(528) User=0.00s Sys=0.00s Real=0.00s
[2021-05-03T13:43:11.896+0000][7][gc          ] GC(529) Concurrent Cycle
[2021-05-03T13:43:11.896+0000][7][gc,marking  ] GC(529) Concurrent Clear Claimed Marks
[2021-05-03T13:43:11.896+0000][7][safepoint   ] Safepoint "G1CollectForAllocation", Time since last: 29219627285 ns, Reaching safepoint: 167074 ns, At safepoint: 2235831 ns, Total: 2402905 ns
[2021-05-03T13:43:11.896+0000][7][gc,marking  ] GC(529) Concurrent Clear Claimed Marks 0.049ms
[2021-05-03T13:43:11.896+0000][7][gc,marking  ] GC(529) Concurrent Scan Root Regions
[2021-05-03T13:43:11.897+0000][7][gc,marking  ] GC(529) Concurrent Scan Root Regions 1.390ms
[2021-05-03T13:43:11.897+0000][7][gc,marking  ] GC(529) Concurrent Mark (41333.825s)
[2021-05-03T13:43:11.897+0000][7][gc,marking  ] GC(529) Concurrent Mark From Roots
[2021-05-03T13:43:11.897+0000][7][gc,task     ] GC(529) Using 2 workers of 2 for marking
[2021-05-03T13:43:11.985+0000][7][gc,marking  ] GC(529) Concurrent Mark From Roots 87.291ms
[2021-05-03T13:43:11.985+0000][7][gc,marking  ] GC(529) Concurrent Preclean
[2021-05-03T13:43:11.985+0000][7][gc,marking  ] GC(529) Concurrent Preclean 0.206ms
[2021-05-03T13:43:11.985+0000][7][gc,marking  ] GC(529) Concurrent Mark (41333.825s, 41333.912s) 87.547ms
[2021-05-03T13:43:11.985+0000][7][gc,start    ] GC(529) Pause Remark
[2021-05-03T13:43:11.991+0000][7][gc          ] GC(529) Pause Remark 118M->118M(256M) 5.537ms
[2021-05-03T13:43:11.991+0000][7][gc,cpu      ] GC(529) User=0.03s Sys=0.00s Real=0.00s
[2021-05-03T13:43:11.991+0000][7][safepoint   ] Safepoint "G1Concurrent", Time since last: 89089893 ns, Reaching safepoint: 136258 ns, At safepoint: 5614610 ns, Total: 5750868 ns
[2021-05-03T13:43:11.991+0000][7][gc,marking  ] GC(529) Concurrent Rebuild Remembered Sets
[2021-05-03T13:43:12.051+0000][7][gc,marking  ] GC(529) Concurrent Rebuild Remembered Sets 60.316ms
[2021-05-03T13:43:12.051+0000][7][gc,start    ] GC(529) Pause Cleanup
[2021-05-03T13:43:12.051+0000][7][gc          ] GC(529) Pause Cleanup 118M->118M(256M) 0.072ms
[2021-05-03T13:43:12.051+0000][7][gc,cpu      ] GC(529) User=0.00s Sys=0.00s Real=0.00s
[2021-05-03T13:43:12.051+0000][7][safepoint   ] Safepoint "G1Concurrent", Time since last: 60464104 ns, Reaching safepoint: 180614 ns, At safepoint: 111841 ns, Total: 292455 ns
[2021-05-03T13:43:12.051+0000][7][gc,marking  ] GC(529) Concurrent Cleanup for Next Mark
[2021-05-03T13:43:12.052+0000][7][gc,marking  ] GC(529) Concurrent Cleanup for Next Mark 0.192ms
[2021-05-03T13:43:12.052+0000][7][gc          ] GC(529) Concurrent Cycle 155.834ms
[2021-05-03T13:44:50.077+0000][7][safepoint   ] Safepoint "Cleanup", Time since last: 98025846766 ns, Reaching safepoint: 67552 ns, At safepoint: 5015 ns, Total: 72567 ns
[2021-05-03T13:44:51.078+0000][7][safepoint   ] Safepoint "Cleanup", Time since last: 1000394696 ns, Reaching safepoint: 159809 ns, At safepoint: 5796 ns, Total: 165605 ns
[2021-05-03T13:45:16.704+0000][7][gc,start    ] GC(530) Pause Young (Normal) (G1 Evacuation Pause)
[2021-05-03T13:45:16.704+0000][7][gc,task     ] GC(530) Using 6 workers of 8 for evacuation
[2021-05-03T13:45:16.704+0000][7][gc,age      ] GC(530) Desired survivor size 6291456 bytes, new threshold 15 (max threshold 15)
[2021-05-03T13:45:16.705+0000][7][gc,age      ] GC(530) Age table with threshold 15 (max threshold 15)
[2021-05-03T13:45:16.705+0000][7][gc,age      ] GC(530) - age   1:     527504 bytes,     527504 total
[2021-05-03T13:45:16.705+0000][7][gc,age      ] GC(530) - age   2:        512 bytes,     528016 total
[2021-05-03T13:45:16.705+0000][7][gc,age      ] GC(530) - age   3:        200 bytes,     528216 total
[2021-05-03T13:45:16.705+0000][7][gc,age      ] GC(530) - age   4:        584 bytes,     528800 total
[2021-05-03T13:45:16.705+0000][7][gc,age      ] GC(530) - age   5:     180504 bytes,     709304 total
[2021-05-03T13:45:16.705+0000][7][gc,age      ] GC(530) - age   6:        272 bytes,     709576 total
[2021-05-03T13:45:16.705+0000][7][gc,age      ] GC(530) - age   8:        248 bytes,     709824 total
[2021-05-03T13:45:16.705+0000][7][gc,age      ] GC(530) - age   9:        272 bytes,     710096 total
[2021-05-03T13:45:16.705+0000][7][gc,age      ] GC(530) - age  10:       4432 bytes,     714528 total
[2021-05-03T13:45:16.705+0000][7][gc,age      ] GC(530) - age  11:       2192 bytes,     716720 total
[2021-05-03T13:45:16.705+0000][7][gc,age      ] GC(530) - age  12:        136 bytes,     716856 total
[2021-05-03T13:45:16.705+0000][7][gc,age      ] GC(530) - age  13:        104 bytes,     716960 total
[2021-05-03T13:45:16.705+0000][7][gc,age      ] GC(530) - age  14:        200 bytes,     717160 total
[2021-05-03T13:45:16.705+0000][7][gc,age      ] GC(530) - age  15:       3136 bytes,     720296 total
[2021-05-03T13:45:16.705+0000][7][gc,phases   ] GC(530)   Pre Evacuate Collection Set: 0.0ms
[2021-05-03T13:45:16.705+0000][7][gc,phases   ] GC(530)   Merge Heap Roots: 0.0ms
[2021-05-03T13:45:16.705+0000][7][gc,phases   ] GC(530)   Evacuate Collection Set: 0.8ms
[2021-05-03T13:45:16.705+0000][7][gc,phases   ] GC(530)   Post Evacuate Collection Set: 0.4ms
[2021-05-03T13:45:16.705+0000][7][gc,phases   ] GC(530)   Other: 0.2ms
[2021-05-03T13:45:16.705+0000][7][gc,heap     ] GC(530) Eden regions: 21->0(21)
[2021-05-03T13:45:16.705+0000][7][gc,heap     ] GC(530) Survivor regions: 1->1(3)
[2021-05-03T13:45:16.705+0000][7][gc,heap     ] GC(530) Old regions: 27->27
[2021-05-03T13:45:16.705+0000][7][gc,heap     ] GC(530) Archive regions: 2->2
[2021-05-03T13:45:16.705+0000][7][gc,heap     ] GC(530) Humongous regions: 2->2
[2021-05-03T13:45:16.705+0000][7][gc,metaspace] GC(530) Metaspace: 109986K(114768K)->109986K(114768K) NonClass: 96042K(99484K)->96042K(99484K) Class: 13943K(15284K)->13943K(15284K)
[2021-05-03T13:45:16.705+0000][7][gc          ] GC(530) Pause Young (Normal) (G1 Evacuation Pause) 202M->118M(256M) 1.440ms
[2021-05-03T13:45:16.705+0000][7][gc,cpu      ] GC(530) User=0.01s Sys=0.00s Real=0.00s
[2021-05-03T13:45:16.705+0000][7][safepoint   ] Safepoint "G1CollectForAllocation", Time since last: 25625948242 ns, Reaching safepoint: 86250 ns, At safepoint: 1494439 ns, Total: 1580689 ns
[2021-05-03T13:46:54.224+0000][7][gc,start    ] GC(531) Pause Young (Concurrent Start) (G1 Evacuation Pause)
[2021-05-03T13:46:54.224+0000][7][gc,task     ] GC(531) Using 6 workers of 8 for evacuation
[2021-05-03T13:46:54.224+0000][7][gc,age      ] GC(531) Desired survivor size 6291456 bytes, new threshold 15 (max threshold 15)
[2021-05-03T13:46:54.226+0000][7][gc,age      ] GC(531) Age table with threshold 15 (max threshold 15)
[2021-05-03T13:46:54.226+0000][7][gc,age      ] GC(531) - age   1:     783704 bytes,     783704 total
[2021-05-03T13:46:54.226+0000][7][gc,age      ] GC(531) - age   2:       3648 bytes,     787352 total
[2021-05-03T13:46:54.226+0000][7][gc,age      ] GC(531) - age   3:        368 bytes,     787720 total
[2021-05-03T13:46:54.226+0000][7][gc,age      ] GC(531) - age   4:        176 bytes,     787896 total
[2021-05-03T13:46:54.226+0000][7][gc,age      ] GC(531) - age   5:        440 bytes,     788336 total
[2021-05-03T13:46:54.226+0000][7][gc,age      ] GC(531) - age   6:       5432 bytes,     793768 total
[2021-05-03T13:46:54.226+0000][7][gc,age      ] GC(531) - age   7:        272 bytes,     794040 total
[2021-05-03T13:46:54.226+0000][7][gc,age      ] GC(531) - age   9:        208 bytes,     794248 total
[2021-05-03T13:46:54.226+0000][7][gc,age      ] GC(531) - age  10:        272 bytes,     794520 total
[2021-05-03T13:46:54.226+0000][7][gc,age      ] GC(531) - age  11:       3456 bytes,     797976 total
[2021-05-03T13:46:54.226+0000][7][gc,age      ] GC(531) - age  12:       2192 bytes,     800168 total
[2021-05-03T13:46:54.226+0000][7][gc,age      ] GC(531) - age  13:         40 bytes,     800208 total
[2021-05-03T13:46:54.226+0000][7][gc,age      ] GC(531) - age  14:        104 bytes,     800312 total
[2021-05-03T13:46:54.226+0000][7][gc,age      ] GC(531) - age  15:        200 bytes,     800512 total
[2021-05-03T13:46:54.226+0000][7][gc,phases   ] GC(531)   Pre Evacuate Collection Set: 0.1ms
[2021-05-03T13:46:54.226+0000][7][gc,phases   ] GC(531)   Merge Heap Roots: 0.0ms
[2021-05-03T13:46:54.226+0000][7][gc,phases   ] GC(531)   Evacuate Collection Set: 0.6ms
[2021-05-03T13:46:54.226+0000][7][gc,phases   ] GC(531)   Post Evacuate Collection Set: 0.6ms
[2021-05-03T13:46:54.226+0000][7][gc,phases   ] GC(531)   Other: 0.2ms
[2021-05-03T13:46:54.226+0000][7][gc,heap     ] GC(531) Eden regions: 21->0(21)
[2021-05-03T13:46:54.226+0000][7][gc,heap     ] GC(531) Survivor regions: 1->1(3)
[2021-05-03T13:46:54.226+0000][7][gc,heap     ] GC(531) Old regions: 27->27
[2021-05-03T13:46:54.226+0000][7][gc,heap     ] GC(531) Archive regions: 2->2
[2021-05-03T13:46:54.226+0000][7][gc,heap     ] GC(531) Humongous regions: 2->2
[2021-05-03T13:46:54.226+0000][7][gc,metaspace] GC(531) Metaspace: 109999K(114768K)->109999K(114768K) NonClass: 96055K(99484K)->96055K(99484K) Class: 13943K(15284K)->13943K(15284K)
[2021-05-03T13:46:54.226+0000][7][gc          ] GC(531) Pause Young (Concurrent Start) (G1 Evacuation Pause) 202M->118M(256M) 1.629ms
[2021-05-03T13:46:54.226+0000][7][gc,cpu      ] GC(531) User=0.00s Sys=0.00s Real=0.00s
[2021-05-03T13:46:54.226+0000][7][gc          ] GC(532) Concurrent Cycle
[2021-05-03T13:46:54.226+0000][7][safepoint   ] Safepoint "G1CollectForAllocation", Time since last: 97518862446 ns, Reaching safepoint: 163568 ns, At safepoint: 1696636 ns, Total: 1860204 ns
[2021-05-03T13:46:54.226+0000][7][gc,marking  ] GC(532) Concurrent Clear Claimed Marks
[2021-05-03T13:46:54.226+0000][7][gc,marking  ] GC(532) Concurrent Clear Claimed Marks 0.043ms
[2021-05-03T13:46:54.226+0000][7][gc,marking  ] GC(532) Concurrent Scan Root Regions
[2021-05-03T13:46:54.227+0000][7][gc,marking  ] GC(532) Concurrent Scan Root Regions 0.873ms
[2021-05-03T13:46:54.227+0000][7][gc,marking  ] GC(532) Concurrent Mark (41556.155s)
[2021-05-03T13:46:54.227+0000][7][gc,marking  ] GC(532) Concurrent Mark From Roots
[2021-05-03T13:46:54.227+0000][7][gc,task     ] GC(532) Using 2 workers of 2 for marking
[2021-05-03T13:46:54.310+0000][7][gc,marking  ] GC(532) Concurrent Mark From Roots 83.098ms
[2021-05-03T13:46:54.310+0000][7][gc,marking  ] GC(532) Concurrent Preclean
[2021-05-03T13:46:54.310+0000][7][gc,marking  ] GC(532) Concurrent Preclean 0.226ms
[2021-05-03T13:46:54.310+0000][7][gc,marking  ] GC(532) Concurrent Mark (41556.155s, 41556.238s) 83.376ms
[2021-05-03T13:46:54.311+0000][7][gc,start    ] GC(532) Pause Remark
[2021-05-03T13:46:54.316+0000][7][gc          ] GC(532) Pause Remark 118M->118M(256M) 5.658ms
[2021-05-03T13:46:54.316+0000][7][gc,cpu      ] GC(532) User=0.03s Sys=0.00s Real=0.01s
[2021-05-03T13:46:54.316+0000][7][safepoint   ] Safepoint "G1Concurrent", Time since last: 84358989 ns, Reaching safepoint: 75535 ns, At safepoint: 5732554 ns, Total: 5808089 ns
[2021-05-03T13:46:54.316+0000][7][gc,marking  ] GC(532) Concurrent Rebuild Remembered Sets
[2021-05-03T13:46:54.369+0000][7][gc,marking  ] GC(532) Concurrent Rebuild Remembered Sets 52.863ms
[2021-05-03T13:46:54.369+0000][7][gc,start    ] GC(532) Pause Cleanup
[2021-05-03T13:46:54.369+0000][7][gc          ] GC(532) Pause Cleanup 118M->118M(256M) 0.063ms
[2021-05-03T13:46:54.369+0000][7][gc,cpu      ] GC(532) User=0.00s Sys=0.00s Real=0.00s
[2021-05-03T13:46:54.369+0000][7][safepoint   ] Safepoint "G1Concurrent", Time since last: 52935828 ns, Reaching safepoint: 104162 ns, At safepoint: 103903 ns, Total: 208065 ns
[2021-05-03T13:46:54.369+0000][7][gc,marking  ] GC(532) Concurrent Cleanup for Next Mark
[2021-05-03T13:46:54.370+0000][7][gc,marking  ] GC(532) Concurrent Cleanup for Next Mark 0.146ms
[2021-05-03T13:46:54.370+0000][7][gc          ] GC(532) Concurrent Cycle 143.497ms
[2021-05-03T13:47:40.380+0000][7][safepoint   ] Safepoint "Cleanup", Time since last: 46010965600 ns, Reaching safepoint: 95891 ns, At safepoint: 4491 ns, Total: 100382 ns
[2021-05-03T13:49:11.753+0000][7][gc,start    ] GC(533) Pause Young (Normal) (G1 Evacuation Pause)
[2021-05-03T13:49:11.753+0000][7][gc,task     ] GC(533) Using 6 workers of 8 for evacuation
[2021-05-03T13:49:11.753+0000][7][gc,age      ] GC(533) Desired survivor size 6291456 bytes, new threshold 15 (max threshold 15)
[2021-05-03T13:49:11.754+0000][7][gc,age      ] GC(533) Age table with threshold 15 (max threshold 15)
[2021-05-03T13:49:11.754+0000][7][gc,age      ] GC(533) - age   1:     506448 bytes,     506448 total
[2021-05-03T13:49:11.754+0000][7][gc,age      ] GC(533) - age   2:     271104 bytes,     777552 total
[2021-05-03T13:49:11.754+0000][7][gc,age      ] GC(533) - age   3:       3480 bytes,     781032 total
[2021-05-03T13:49:11.754+0000][7][gc,age      ] GC(533) - age   4:        344 bytes,     781376 total
[2021-05-03T13:49:11.754+0000][7][gc,age      ] GC(533) - age   5:        176 bytes,     781552 total
[2021-05-03T13:49:11.754+0000][7][gc,age      ] GC(533) - age   6:        416 bytes,     781968 total
[2021-05-03T13:49:11.754+0000][7][gc,age      ] GC(533) - age   7:       5192 bytes,     787160 total
[2021-05-03T13:49:11.754+0000][7][gc,age      ] GC(533) - age   8:        240 bytes,     787400 total
[2021-05-03T13:49:11.754+0000][7][gc,age      ] GC(533) - age  10:        208 bytes,     787608 total
[2021-05-03T13:49:11.754+0000][7][gc,age      ] GC(533) - age  11:        176 bytes,     787784 total
[2021-05-03T13:49:11.754+0000][7][gc,age      ] GC(533) - age  12:       3456 bytes,     791240 total
[2021-05-03T13:49:11.754+0000][7][gc,age      ] GC(533) - age  13:       2192 bytes,     793432 total
[2021-05-03T13:49:11.754+0000][7][gc,age      ] GC(533) - age  14:         40 bytes,     793472 total
[2021-05-03T13:49:11.754+0000][7][gc,age      ] GC(533) - age  15:        104 bytes,     793576 total
[2021-05-03T13:49:11.754+0000][7][gc,phases   ] GC(533)   Pre Evacuate Collection Set: 0.1ms
[2021-05-03T13:49:11.754+0000][7][gc,phases   ] GC(533)   Merge Heap Roots: 0.0ms
[2021-05-03T13:49:11.754+0000][7][gc,phases   ] GC(533)   Evacuate Collection Set: 0.8ms
[2021-05-03T13:49:11.754+0000][7][gc,phases   ] GC(533)   Post Evacuate Collection Set: 0.6ms
[2021-05-03T13:49:11.755+0000][7][gc,phases   ] GC(533)   Other: 0.2ms
[2021-05-03T13:49:11.755+0000][7][gc,heap     ] GC(533) Eden regions: 21->0(21)
[2021-05-03T13:49:11.755+0000][7][gc,heap     ] GC(533) Survivor regions: 1->1(3)
[2021-05-03T13:49:11.755+0000][7][gc,heap     ] GC(533) Old regions: 27->27
[2021-05-03T13:49:11.755+0000][7][gc,heap     ] GC(533) Archive regions: 2->2
[2021-05-03T13:49:11.755+0000][7][gc,heap     ] GC(533) Humongous regions: 2->2
[2021-05-03T13:49:11.755+0000][7][gc,metaspace] GC(533) Metaspace: 109999K(114768K)->109999K(114768K) NonClass: 96055K(99484K)->96055K(99484K) Class: 13943K(15284K)->13943K(15284K)
[2021-05-03T13:49:11.755+0000][7][gc          ] GC(533) Pause Young (Normal) (G1 Evacuation Pause) 202M->118M(256M) 1.803ms
[2021-05-03T13:49:11.755+0000][7][gc,cpu      ] GC(533) User=0.01s Sys=0.00s Real=0.00s
[2021-05-03T13:49:11.755+0000][7][safepoint   ] Safepoint "G1CollectForAllocation", Time since last: 91372160772 ns, Reaching safepoint: 97419 ns, At safepoint: 1874346 ns, Total: 1971765 ns
[2021-05-03T13:51:17.748+0000][7][gc,start    ] GC(534) Pause Young (Concurrent Start) (G1 Evacuation Pause)
[2021-05-03T13:51:17.748+0000][7][gc,task     ] GC(534) Using 6 workers of 8 for evacuation
[2021-05-03T13:51:17.748+0000][7][gc,age      ] GC(534) Desired survivor size 6291456 bytes, new threshold 15 (max threshold 15)
[2021-05-03T13:51:17.750+0000][7][gc,age      ] GC(534) Age table with threshold 15 (max threshold 15)
[2021-05-03T13:51:17.750+0000][7][gc,age      ] GC(534) - age   1:     529416 bytes,     529416 total
[2021-05-03T13:51:17.750+0000][7][gc,age      ] GC(534) - age   2:        592 bytes,     530008 total
[2021-05-03T13:51:17.750+0000][7][gc,age      ] GC(534) - age   3:     150384 bytes,     680392 total
[2021-05-03T13:51:17.750+0000][7][gc,age      ] GC(534) - age   4:       3128 bytes,     683520 total
[2021-05-03T13:51:17.750+0000][7][gc,age      ] GC(534) - age   6:        152 bytes,     683672 total
[2021-05-03T13:51:17.750+0000][7][gc,age      ] GC(534) - age   7:        280 bytes,     683952 total
[2021-05-03T13:51:17.750+0000][7][gc,age      ] GC(534) - age   8:       5192 bytes,     689144 total
[2021-05-03T13:51:17.750+0000][7][gc,age      ] GC(534) - age   9:        240 bytes,     689384 total
[2021-05-03T13:51:17.750+0000][7][gc,age      ] GC(534) - age  11:        208 bytes,     689592 total
[2021-05-03T13:51:17.750+0000][7][gc,age      ] GC(534) - age  12:        136 bytes,     689728 total
[2021-05-03T13:51:17.750+0000][7][gc,age      ] GC(534) - age  13:       3456 bytes,     693184 total
[2021-05-03T13:51:17.750+0000][7][gc,age      ] GC(534) - age  14:       2192 bytes,     695376 total
[2021-05-03T13:51:17.750+0000][7][gc,phases   ] GC(534)   Pre Evacuate Collection Set: 0.1ms
[2021-05-03T13:51:17.750+0000][7][gc,phases   ] GC(534)   Merge Heap Roots: 0.0ms
[2021-05-03T13:51:17.750+0000][7][gc,phases   ] GC(534)   Evacuate Collection Set: 0.8ms
[2021-05-03T13:51:17.750+0000][7][gc,phases   ] GC(534)   Post Evacuate Collection Set: 0.6ms
[2021-05-03T13:51:17.750+0000][7][gc,phases   ] GC(534)   Other: 0.2ms
[2021-05-03T13:51:17.750+0000][7][gc,heap     ] GC(534) Eden regions: 21->0(21)
[2021-05-03T13:51:17.750+0000][7][gc,heap     ] GC(534) Survivor regions: 1->1(3)
[2021-05-03T13:51:17.750+0000][7][gc,heap     ] GC(534) Old regions: 27->27
[2021-05-03T13:51:17.750+0000][7][gc,heap     ] GC(534) Archive regions: 2->2
[2021-05-03T13:51:17.750+0000][7][gc,heap     ] GC(534) Humongous regions: 2->2
[2021-05-03T13:51:17.750+0000][7][gc,metaspace] GC(534) Metaspace: 110004K(114768K)->110004K(114768K) NonClass: 96059K(99484K)->96059K(99484K) Class: 13944K(15284K)->13944K(15284K)
[2021-05-03T13:51:17.750+0000][7][gc          ] GC(534) Pause Young (Concurrent Start) (G1 Evacuation Pause) 202M->118M(256M) 1.881ms
[2021-05-03T13:51:17.750+0000][7][gc,cpu      ] GC(534) User=0.00s Sys=0.00s Real=0.00s
[2021-05-03T13:51:17.750+0000][7][gc          ] GC(535) Concurrent Cycle
[2021-05-03T13:51:17.750+0000][7][gc,marking  ] GC(535) Concurrent Clear Claimed Marks
[2021-05-03T13:51:17.750+0000][7][safepoint   ] Safepoint "G1CollectForAllocation", Time since last: 125993030923 ns, Reaching safepoint: 187685 ns, At safepoint: 1954357 ns, Total: 2142042 ns
[2021-05-03T13:51:17.750+0000][7][gc,marking  ] GC(535) Concurrent Clear Claimed Marks 0.057ms
[2021-05-03T13:51:17.750+0000][7][gc,marking  ] GC(535) Concurrent Scan Root Regions
[2021-05-03T13:51:17.751+0000][7][gc,marking  ] GC(535) Concurrent Scan Root Regions 1.285ms
[2021-05-03T13:51:17.751+0000][7][gc,marking  ] GC(535) Concurrent Mark (41819.679s)
[2021-05-03T13:51:17.751+0000][7][gc,marking  ] GC(535) Concurrent Mark From Roots
[2021-05-03T13:51:17.751+0000][7][gc,task     ] GC(535) Using 2 workers of 2 for marking
[2021-05-03T13:51:17.831+0000][7][gc,marking  ] GC(535) Concurrent Mark From Roots 79.644ms
[2021-05-03T13:51:17.831+0000][7][gc,marking  ] GC(535) Concurrent Preclean
[2021-05-03T13:51:17.831+0000][7][gc,marking  ] GC(535) Concurrent Preclean 0.211ms
[2021-05-03T13:51:17.831+0000][7][gc,marking  ] GC(535) Concurrent Mark (41819.679s, 41819.759s) 79.911ms
[2021-05-03T13:51:17.831+0000][7][gc,start    ] GC(535) Pause Remark
[2021-05-03T13:51:17.837+0000][7][gc          ] GC(535) Pause Remark 119M->119M(256M) 5.461ms
[2021-05-03T13:51:17.837+0000][7][gc,cpu      ] GC(535) User=0.02s Sys=0.00s Real=0.01s
[2021-05-03T13:51:17.837+0000][7][safepoint   ] Safepoint "G1Concurrent", Time since last: 81356157 ns, Reaching safepoint: 85297 ns, At safepoint: 5538953 ns, Total: 5624250 ns
[2021-05-03T13:51:17.837+0000][7][gc,marking  ] GC(535) Concurrent Rebuild Remembered Sets
[2021-05-03T13:51:17.890+0000][7][gc,marking  ] GC(535) Concurrent Rebuild Remembered Sets 52.909ms
[2021-05-03T13:51:17.890+0000][7][gc,start    ] GC(535) Pause Cleanup
[2021-05-03T13:51:17.890+0000][7][gc          ] GC(535) Pause Cleanup 119M->119M(256M) 0.086ms
[2021-05-03T13:51:17.890+0000][7][gc,cpu      ] GC(535) User=0.00s Sys=0.00s Real=0.00s
[2021-05-03T13:51:17.890+0000][7][safepoint   ] Safepoint "G1Concurrent", Time since last: 53045819 ns, Reaching safepoint: 105879 ns, At safepoint: 128913 ns, Total: 234792 ns
[2021-05-03T13:51:17.890+0000][7][gc,marking  ] GC(535) Concurrent Cleanup for Next Mark
[2021-05-03T13:51:17.890+0000][7][gc,marking  ] GC(535) Concurrent Cleanup for Next Mark 0.193ms
[2021-05-03T13:51:17.890+0000][7][gc          ] GC(535) Concurrent Cycle 140.498ms
[2021-05-03T13:52:06.904+0000][7][safepoint   ] Safepoint "Cleanup", Time since last: 49014141988 ns, Reaching safepoint: 128847 ns, At safepoint: 7216 ns, Total: 136063 ns
[2021-05-03T13:53:27.800+0000][7][gc,start    ] GC(536) Pause Young (Normal) (G1 Evacuation Pause)
[2021-05-03T13:53:27.800+0000][7][gc,task     ] GC(536) Using 6 workers of 8 for evacuation
[2021-05-03T13:53:27.800+0000][7][gc,age      ] GC(536) Desired survivor size 6291456 bytes, new threshold 15 (max threshold 15)
[2021-05-03T13:53:27.802+0000][7][gc,age      ] GC(536) Age table with threshold 15 (max threshold 15)
[2021-05-03T13:53:27.802+0000][7][gc,age      ] GC(536) - age   1:     508248 bytes,     508248 total
[2021-05-03T13:53:27.802+0000][7][gc,age      ] GC(536) - age   2:      10680 bytes,     518928 total
[2021-05-03T13:53:27.802+0000][7][gc,age      ] GC(536) - age   3:        416 bytes,     519344 total
[2021-05-03T13:53:27.802+0000][7][gc,age      ] GC(536) - age   4:     150144 bytes,     669488 total
[2021-05-03T13:53:27.802+0000][7][gc,age      ] GC(536) - age   5:       3128 bytes,     672616 total
[2021-05-03T13:53:27.802+0000][7][gc,age      ] GC(536) - age   7:        152 bytes,     672768 total
[2021-05-03T13:53:27.802+0000][7][gc,age      ] GC(536) - age   8:        240 bytes,     673008 total
[2021-05-03T13:53:27.802+0000][7][gc,age      ] GC(536) - age   9:       5192 bytes,     678200 total
[2021-05-03T13:53:27.802+0000][7][gc,age      ] GC(536) - age  10:        240 bytes,     678440 total
[2021-05-03T13:53:27.802+0000][7][gc,age      ] GC(536) - age  12:        208 bytes,     678648 total
[2021-05-03T13:53:27.802+0000][7][gc,age      ] GC(536) - age  13:        136 bytes,     678784 total
[2021-05-03T13:53:27.802+0000][7][gc,age      ] GC(536) - age  14:       3456 bytes,     682240 total
[2021-05-03T13:53:27.802+0000][7][gc,age      ] GC(536) - age  15:       2192 bytes,     684432 total
[2021-05-03T13:53:27.802+0000][7][gc,phases   ] GC(536)   Pre Evacuate Collection Set: 0.0ms
[2021-05-03T13:53:27.802+0000][7][gc,phases   ] GC(536)   Merge Heap Roots: 0.0ms
[2021-05-03T13:53:27.802+0000][7][gc,phases   ] GC(536)   Evacuate Collection Set: 0.8ms
[2021-05-03T13:53:27.802+0000][7][gc,phases   ] GC(536)   Post Evacuate Collection Set: 0.5ms
[2021-05-03T13:53:27.802+0000][7][gc,phases   ] GC(536)   Other: 0.2ms
[2021-05-03T13:53:27.802+0000][7][gc,heap     ] GC(536) Eden regions: 21->0(21)
[2021-05-03T13:53:27.802+0000][7][gc,heap     ] GC(536) Survivor regions: 1->1(3)
[2021-05-03T13:53:27.802+0000][7][gc,heap     ] GC(536) Old regions: 27->27
[2021-05-03T13:53:27.802+0000][7][gc,heap     ] GC(536) Archive regions: 2->2
[2021-05-03T13:53:27.802+0000][7][gc,heap     ] GC(536) Humongous regions: 2->2
[2021-05-03T13:53:27.802+0000][7][gc,metaspace] GC(536) Metaspace: 110004K(114768K)->110004K(114768K) NonClass: 96059K(99484K)->96059K(99484K) Class: 13944K(15284K)->13944K(15284K)
[2021-05-03T13:53:27.802+0000][7][gc          ] GC(536) Pause Young (Normal) (G1 Evacuation Pause) 202M->118M(256M) 1.653ms
[2021-05-03T13:53:27.802+0000][7][gc,cpu      ] GC(536) User=0.00s Sys=0.00s Real=0.00s
[2021-05-03T13:53:27.802+0000][7][safepoint   ] Safepoint "G1CollectForAllocation", Time since last: 80895699837 ns, Reaching safepoint: 84760 ns, At safepoint: 1715032 ns, Total: 1799792 ns
[2021-05-03T13:53:50.806+0000][7][safepoint   ] Safepoint "Cleanup", Time since last: 23003930817 ns, Reaching safepoint: 98183 ns, At safepoint: 5816 ns, Total: 103999 ns
[2021-05-03T13:54:42.818+0000][7][safepoint   ] Safepoint "Cleanup", Time since last: 52011740134 ns, Reaching safepoint: 204673 ns, At safepoint: 7031 ns, Total: 211704 ns
[2021-05-03T13:55:20.828+0000][7][safepoint   ] Safepoint "Cleanup", Time since last: 38010042800 ns, Reaching safepoint: 141658 ns, At safepoint: 7290 ns, Total: 148948 ns
[2021-05-03T13:55:36.154+0000][7][gc,start    ] GC(537) Pause Young (Concurrent Start) (G1 Evacuation Pause)
[2021-05-03T13:55:36.154+0000][7][gc,task     ] GC(537) Using 6 workers of 8 for evacuation
[2021-05-03T13:55:36.154+0000][7][gc,age      ] GC(537) Desired survivor size 6291456 bytes, new threshold 15 (max threshold 15)
[2021-05-03T13:55:36.156+0000][7][gc,age      ] GC(537) Age table with threshold 15 (max threshold 15)
[2021-05-03T13:55:36.156+0000][7][gc,age      ] GC(537) - age   1:     515312 bytes,     515312 total
[2021-05-03T13:55:36.156+0000][7][gc,age      ] GC(537) - age   2:        936 bytes,     516248 total
[2021-05-03T13:55:36.156+0000][7][gc,age      ] GC(537) - age   3:       1960 bytes,     518208 total
[2021-05-03T13:55:36.156+0000][7][gc,age      ] GC(537) - age   4:        272 bytes,     518480 total
[2021-05-03T13:55:36.156+0000][7][gc,age      ] GC(537) - age   5:     150120 bytes,     668600 total
[2021-05-03T13:55:36.156+0000][7][gc,age      ] GC(537) - age   6:        592 bytes,     669192 total
[2021-05-03T13:55:36.156+0000][7][gc,age      ] GC(537) - age   8:        152 bytes,     669344 total
[2021-05-03T13:55:36.156+0000][7][gc,age      ] GC(537) - age   9:        240 bytes,     669584 total
[2021-05-03T13:55:36.156+0000][7][gc,age      ] GC(537) - age  10:       5192 bytes,     674776 total
[2021-05-03T13:55:36.156+0000][7][gc,age      ] GC(537) - age  11:        240 bytes,     675016 total
[2021-05-03T13:55:36.156+0000][7][gc,age      ] GC(537) - age  13:        208 bytes,     675224 total
[2021-05-03T13:55:36.156+0000][7][gc,age      ] GC(537) - age  14:        136 bytes,     675360 total
[2021-05-03T13:55:36.156+0000][7][gc,age      ] GC(537) - age  15:       3456 bytes,     678816 total
[2021-05-03T13:55:36.156+0000][7][gc,phases   ] GC(537)   Pre Evacuate Collection Set: 0.1ms
[2021-05-03T13:55:36.156+0000][7][gc,phases   ] GC(537)   Merge Heap Roots: 0.1ms
[2021-05-03T13:55:36.156+0000][7][gc,phases   ] GC(537)   Evacuate Collection Set: 0.8ms
[2021-05-03T13:55:36.156+0000][7][gc,phases   ] GC(537)   Post Evacuate Collection Set: 0.6ms
[2021-05-03T13:55:36.156+0000][7][gc,phases   ] GC(537)   Other: 0.3ms
[2021-05-03T13:55:36.156+0000][7][gc,heap     ] GC(537) Eden regions: 21->0(21)
[2021-05-03T13:55:36.156+0000][7][gc,heap     ] GC(537) Survivor regions: 1->1(3)
[2021-05-03T13:55:36.156+0000][7][gc,heap     ] GC(537) Old regions: 27->27
[2021-05-03T13:55:36.156+0000][7][gc,heap     ] GC(537) Archive regions: 2->2
[2021-05-03T13:55:36.156+0000][7][gc,heap     ] GC(537) Humongous regions: 2->2
[2021-05-03T13:55:36.156+0000][7][gc,metaspace] GC(537) Metaspace: 110004K(114768K)->110004K(114768K) NonClass: 96059K(99484K)->96059K(99484K) Class: 13944K(15284K)->13944K(15284K)
[2021-05-03T13:55:36.156+0000][7][gc          ] GC(537) Pause Young (Concurrent Start) (G1 Evacuation Pause) 202M->118M(256M) 1.821ms
[2021-05-03T13:55:36.156+0000][7][gc,cpu      ] GC(537) User=0.01s Sys=0.00s Real=0.00s
[2021-05-03T13:55:36.156+0000][7][safepoint   ] Safepoint "G1CollectForAllocation", Time since last: 15326188356 ns, Reaching safepoint: 168363 ns, At safepoint: 1901091 ns, Total: 2069454 ns
[2021-05-03T13:55:36.156+0000][7][gc          ] GC(538) Concurrent Cycle
[2021-05-03T13:55:36.156+0000][7][gc,marking  ] GC(538) Concurrent Clear Claimed Marks
[2021-05-03T13:55:36.156+0000][7][gc,marking  ] GC(538) Concurrent Clear Claimed Marks 0.063ms
[2021-05-03T13:55:36.156+0000][7][gc,marking  ] GC(538) Concurrent Scan Root Regions
[2021-05-03T13:55:36.158+0000][7][gc,marking  ] GC(538) Concurrent Scan Root Regions 1.711ms
[2021-05-03T13:55:36.158+0000][7][gc,marking  ] GC(538) Concurrent Mark (42078.086s)
[2021-05-03T13:55:36.158+0000][7][gc,marking  ] GC(538) Concurrent Mark From Roots
[2021-05-03T13:55:36.158+0000][7][gc,task     ] GC(538) Using 2 workers of 2 for marking
[2021-05-03T13:55:36.242+0000][7][gc,marking  ] GC(538) Concurrent Mark From Roots 83.944ms
[2021-05-03T13:55:36.242+0000][7][gc,marking  ] GC(538) Concurrent Preclean
[2021-05-03T13:55:36.242+0000][7][gc,marking  ] GC(538) Concurrent Preclean 0.217ms
[2021-05-03T13:55:36.242+0000][7][gc,marking  ] GC(538) Concurrent Mark (42078.086s, 42078.170s) 84.221ms
[2021-05-03T13:55:36.242+0000][7][gc,start    ] GC(538) Pause Remark
[2021-05-03T13:55:36.248+0000][7][gc          ] GC(538) Pause Remark 120M->120M(256M) 5.870ms
[2021-05-03T13:55:36.248+0000][7][gc,cpu      ] GC(538) User=0.03s Sys=0.00s Real=0.00s
[2021-05-03T13:55:36.248+0000][7][safepoint   ] Safepoint "G1Concurrent", Time since last: 86094696 ns, Reaching safepoint: 110036 ns, At safepoint: 5945404 ns, Total: 6055440 ns
[2021-05-03T13:55:36.248+0000][7][gc,marking  ] GC(538) Concurrent Rebuild Remembered Sets
[2021-05-03T13:55:36.306+0000][7][gc,marking  ] GC(538) Concurrent Rebuild Remembered Sets 57.315ms
[2021-05-03T13:55:36.306+0000][7][gc,start    ] GC(538) Pause Cleanup
[2021-05-03T13:55:36.306+0000][7][gc          ] GC(538) Pause Cleanup 120M->120M(256M) 0.074ms
[2021-05-03T13:55:36.306+0000][7][gc,cpu      ] GC(538) User=0.00s Sys=0.00s Real=0.00s
[2021-05-03T13:55:36.306+0000][7][safepoint   ] Safepoint "G1Concurrent", Time since last: 57383786 ns, Reaching safepoint: 142733 ns, At safepoint: 113065 ns, Total: 255798 ns
[2021-05-03T13:55:36.306+0000][7][gc,marking  ] GC(538) Concurrent Cleanup for Next Mark
[2021-05-03T13:55:36.306+0000][7][gc,marking  ] GC(538) Concurrent Cleanup for Next Mark 0.163ms
[2021-05-03T13:55:36.306+0000][7][gc          ] GC(538) Concurrent Cycle 149.987ms
[2021-05-03T13:55:41.307+0000][7][safepoint   ] Safepoint "Cleanup", Time since last: 5001038567 ns, Reaching safepoint: 99572 ns, At safepoint: 4992 ns, Total: 104564 ns
[2021-05-03T13:57:14.349+0000][7][gc,start    ] GC(539) Pause Young (Normal) (G1 Evacuation Pause)
[2021-05-03T13:57:14.349+0000][7][gc,task     ] GC(539) Using 6 workers of 8 for evacuation
[2021-05-03T13:57:14.349+0000][7][gc,age      ] GC(539) Desired survivor size 6291456 bytes, new threshold 15 (max threshold 15)
[2021-05-03T13:57:14.351+0000][7][gc,age      ] GC(539) Age table with threshold 15 (max threshold 15)
[2021-05-03T13:57:14.351+0000][7][gc,age      ] GC(539) - age   1:     836480 bytes,     836480 total
[2021-05-03T13:57:14.351+0000][7][gc,age      ] GC(539) - age   2:       3440 bytes,     839920 total
[2021-05-03T13:57:14.351+0000][7][gc,age      ] GC(539) - age   3:        816 bytes,     840736 total
[2021-05-03T13:57:14.351+0000][7][gc,age      ] GC(539) - age   4:       1800 bytes,     842536 total
[2021-05-03T13:57:14.351+0000][7][gc,age      ] GC(539) - age   5:         32 bytes,     842568 total
[2021-05-03T13:57:14.351+0000][7][gc,age      ] GC(539) - age   6:       1248 bytes,     843816 total
[2021-05-03T13:57:14.351+0000][7][gc,age      ] GC(539) - age   7:        352 bytes,     844168 total
[2021-05-03T13:57:14.351+0000][7][gc,age      ] GC(539) - age   9:        152 bytes,     844320 total
[2021-05-03T13:57:14.351+0000][7][gc,age      ] GC(539) - age  11:        232 bytes,     844552 total
[2021-05-03T13:57:14.351+0000][7][gc,age      ] GC(539) - age  14:        208 bytes,     844760 total
[2021-05-03T13:57:14.351+0000][7][gc,age      ] GC(539) - age  15:        136 bytes,     844896 total
[2021-05-03T13:57:14.351+0000][7][gc,phases   ] GC(539)   Pre Evacuate Collection Set: 0.1ms
[2021-05-03T13:57:14.351+0000][7][gc,phases   ] GC(539)   Merge Heap Roots: 0.0ms
[2021-05-03T13:57:14.351+0000][7][gc,phases   ] GC(539)   Evacuate Collection Set: 0.9ms
[2021-05-03T13:57:14.351+0000][7][gc,phases   ] GC(539)   Post Evacuate Collection Set: 0.5ms
[2021-05-03T13:57:14.351+0000][7][gc,phases   ] GC(539)   Other: 0.2ms
[2021-05-03T13:57:14.351+0000][7][gc,heap     ] GC(539) Eden regions: 21->0(21)
[2021-05-03T13:57:14.351+0000][7][gc,heap     ] GC(539) Survivor regions: 1->1(3)
[2021-05-03T13:57:14.351+0000][7][gc,heap     ] GC(539) Old regions: 27->27
[2021-05-03T13:57:14.351+0000][7][gc,heap     ] GC(539) Archive regions: 2->2
[2021-05-03T13:57:14.351+0000][7][gc,heap     ] GC(539) Humongous regions: 2->2
[2021-05-03T13:57:14.351+0000][7][gc,metaspace] GC(539) Metaspace: 110004K(114768K)->110004K(114768K) NonClass: 96059K(99484K)->96059K(99484K) Class: 13944K(15284K)->13944K(15284K)
[2021-05-03T13:57:14.351+0000][7][gc          ] GC(539) Pause Young (Normal) (G1 Evacuation Pause) 202M->118M(256M) 1.720ms
[2021-05-03T13:57:14.351+0000][7][gc,cpu      ] GC(539) User=0.00s Sys=0.00s Real=0.00s
[2021-05-03T13:57:14.351+0000][7][safepoint   ] Safepoint "G1CollectForAllocation", Time since last: 93041698110 ns, Reaching safepoint: 154603 ns, At safepoint: 1777196 ns, Total: 1931799 ns
[2021-05-03T13:57:51.360+0000][7][safepoint   ] Safepoint "Cleanup", Time since last: 37009122518 ns, Reaching safepoint: 110926 ns, At safepoint: 4396 ns, Total: 115322 ns
[2021-05-03T13:59:20.384+0000][7][safepoint   ] Safepoint "Cleanup", Time since last: 89023801377 ns, Reaching safepoint: 83414 ns, At safepoint: 6055 ns, Total: 89469 ns
[2021-05-03T13:59:27.941+0000][7][gc,start    ] GC(540) Pause Young (Concurrent Start) (G1 Evacuation Pause)
[2021-05-03T13:59:27.941+0000][7][gc,task     ] GC(540) Using 6 workers of 8 for evacuation
[2021-05-03T13:59:27.941+0000][7][gc,age      ] GC(540) Desired survivor size 6291456 bytes, new threshold 15 (max threshold 15)
[2021-05-03T13:59:27.943+0000][7][gc,age      ] GC(540) Age table with threshold 15 (max threshold 15)
[2021-05-03T13:59:27.943+0000][7][gc,age      ] GC(540) - age   1:     508216 bytes,     508216 total
[2021-05-03T13:59:27.943+0000][7][gc,age      ] GC(540) - age   2:     319840 bytes,     828056 total
[2021-05-03T13:59:27.943+0000][7][gc,age      ] GC(540) - age   3:       3392 bytes,     831448 total
[2021-05-03T13:59:27.943+0000][7][gc,age      ] GC(540) - age   4:        696 bytes,     832144 total
[2021-05-03T13:59:27.943+0000][7][gc,age      ] GC(540) - age   5:       1440 bytes,     833584 total
[2021-05-03T13:59:27.943+0000][7][gc,age      ] GC(540) - age   6:         32 bytes,     833616 total
[2021-05-03T13:59:27.943+0000][7][gc,age      ] GC(540) - age   7:       1248 bytes,     834864 total
[2021-05-03T13:59:27.943+0000][7][gc,age      ] GC(540) - age   8:        352 bytes,     835216 total
[2021-05-03T13:59:27.943+0000][7][gc,age      ] GC(540) - age  10:        152 bytes,     835368 total
[2021-05-03T13:59:27.943+0000][7][gc,age      ] GC(540) - age  12:        232 bytes,     835600 total
[2021-05-03T13:59:27.943+0000][7][gc,age      ] GC(540) - age  15:        208 bytes,     835808 total
[2021-05-03T13:59:27.943+0000][7][gc,phases   ] GC(540)   Pre Evacuate Collection Set: 0.1ms
[2021-05-03T13:59:27.943+0000][7][gc,phases   ] GC(540)   Merge Heap Roots: 0.0ms
[2021-05-03T13:59:27.943+0000][7][gc,phases   ] GC(540)   Evacuate Collection Set: 1.0ms
[2021-05-03T13:59:27.943+0000][7][gc,phases   ] GC(540)   Post Evacuate Collection Set: 0.6ms
[2021-05-03T13:59:27.943+0000][7][gc,phases   ] GC(540)   Other: 0.2ms
[2021-05-03T13:59:27.943+0000][7][gc,heap     ] GC(540) Eden regions: 21->0(21)
[2021-05-03T13:59:27.943+0000][7][gc,heap     ] GC(540) Survivor regions: 1->1(3)
[2021-05-03T13:59:27.943+0000][7][gc,heap     ] GC(540) Old regions: 27->27
[2021-05-03T13:59:27.943+0000][7][gc,heap     ] GC(540) Archive regions: 2->2
[2021-05-03T13:59:27.943+0000][7][gc,heap     ] GC(540) Humongous regions: 2->2
[2021-05-03T13:59:27.943+0000][7][gc,metaspace] GC(540) Metaspace: 110004K(114768K)->110004K(114768K) NonClass: 96059K(99484K)->96059K(99484K) Class: 13944K(15284K)->13944K(15284K)
[2021-05-03T13:59:27.943+0000][7][gc          ] GC(540) Pause Young (Concurrent Start) (G1 Evacuation Pause) 202M->118M(256M) 2.031ms
[2021-05-03T13:59:27.943+0000][7][gc,cpu      ] GC(540) User=0.00s Sys=0.00s Real=0.00s
[2021-05-03T13:59:27.943+0000][7][safepoint   ] Safepoint "G1CollectForAllocation", Time since last: 7556898441 ns, Reaching safepoint: 160682 ns, At safepoint: 2098003 ns, Total: 2258685 ns
[2021-05-03T13:59:27.943+0000][7][gc          ] GC(541) Concurrent Cycle
[2021-05-03T13:59:27.943+0000][7][gc,marking  ] GC(541) Concurrent Clear Claimed Marks
[2021-05-03T13:59:27.943+0000][7][gc,marking  ] GC(541) Concurrent Clear Claimed Marks 0.039ms
[2021-05-03T13:59:27.943+0000][7][gc,marking  ] GC(541) Concurrent Scan Root Regions
[2021-05-03T13:59:27.945+0000][7][gc,marking  ] GC(541) Concurrent Scan Root Regions 1.336ms
[2021-05-03T13:59:27.945+0000][7][gc,marking  ] GC(541) Concurrent Mark (42309.872s)
[2021-05-03T13:59:27.945+0000][7][gc,marking  ] GC(541) Concurrent Mark From Roots
[2021-05-03T13:59:27.945+0000][7][gc,task     ] GC(541) Using 2 workers of 2 for marking
[2021-05-03T13:59:28.027+0000][7][gc,marking  ] GC(541) Concurrent Mark From Roots 82.935ms
[2021-05-03T13:59:28.028+0000][7][gc,marking  ] GC(541) Concurrent Preclean
[2021-05-03T13:59:28.028+0000][7][gc,marking  ] GC(541) Concurrent Preclean 0.236ms
[2021-05-03T13:59:28.028+0000][7][gc,marking  ] GC(541) Concurrent Mark (42309.872s, 42309.955s) 83.229ms
[2021-05-03T13:59:28.028+0000][7][gc,start    ] GC(541) Pause Remark
[2021-05-03T13:59:28.034+0000][7][gc          ] GC(541) Pause Remark 120M->120M(256M) 5.586ms
[2021-05-03T13:59:28.034+0000][7][gc,cpu      ] GC(541) User=0.04s Sys=0.00s Real=0.01s
[2021-05-03T13:59:28.034+0000][7][safepoint   ] Safepoint "G1Concurrent", Time since last: 84708286 ns, Reaching safepoint: 120270 ns, At safepoint: 5658706 ns, Total: 5778976 ns
[2021-05-03T13:59:28.034+0000][7][gc,marking  ] GC(541) Concurrent Rebuild Remembered Sets
[2021-05-03T13:59:28.087+0000][7][gc,marking  ] GC(541) Concurrent Rebuild Remembered Sets 53.678ms
[2021-05-03T13:59:28.087+0000][7][gc,start    ] GC(541) Pause Cleanup
[2021-05-03T13:59:28.088+0000][7][gc          ] GC(541) Pause Cleanup 120M->120M(256M) 0.068ms
[2021-05-03T13:59:28.088+0000][7][gc,cpu      ] GC(541) User=0.00s Sys=0.00s Real=0.00s
[2021-05-03T13:59:28.088+0000][7][safepoint   ] Safepoint "G1Concurrent", Time since last: 53786554 ns, Reaching safepoint: 76017 ns, At safepoint: 109937 ns, Total: 185954 ns
[2021-05-03T13:59:28.088+0000][7][gc,marking  ] GC(541) Concurrent Cleanup for Next Mark
[2021-05-03T13:59:28.088+0000][7][gc,marking  ] GC(541) Concurrent Cleanup for Next Mark 0.112ms
[2021-05-03T13:59:28.088+0000][7][gc          ] GC(541) Concurrent Cycle 144.625ms
[2021-05-03T14:00:51.109+0000][7][safepoint   ] Safepoint "Cleanup", Time since last: 83021658325 ns, Reaching safepoint: 141522 ns, At safepoint: 5162 ns, Total: 146684 ns
[2021-05-03T14:01:21.116+0000][7][safepoint   ] Safepoint "Cleanup", Time since last: 30006951888 ns, Reaching safepoint: 113423 ns, At safepoint: 6006 ns, Total: 119429 ns
[2021-05-03T14:01:32.993+0000][7][gc,start    ] GC(542) Pause Young (Normal) (G1 Evacuation Pause)
[2021-05-03T14:01:32.993+0000][7][gc,task     ] GC(542) Using 6 workers of 8 for evacuation
[2021-05-03T14:01:32.993+0000][7][gc,age      ] GC(542) Desired survivor size 6291456 bytes, new threshold 15 (max threshold 15)
[2021-05-03T14:01:32.995+0000][7][gc,age      ] GC(542) Age table with threshold 15 (max threshold 15)
[2021-05-03T14:01:32.995+0000][7][gc,age      ] GC(542) - age   1:     514800 bytes,     514800 total
[2021-05-03T14:01:32.995+0000][7][gc,age      ] GC(542) - age   2:       1232 bytes,     516032 total
[2021-05-03T14:01:32.995+0000][7][gc,age      ] GC(542) - age   3:     198112 bytes,     714144 total
[2021-05-03T14:01:32.995+0000][7][gc,age      ] GC(542) - age   4:       3016 bytes,     717160 total
[2021-05-03T14:01:32.995+0000][7][gc,age      ] GC(542) - age   5:        696 bytes,     717856 total
[2021-05-03T14:01:32.995+0000][7][gc,age      ] GC(542) - age   6:       1400 bytes,     719256 total
[2021-05-03T14:01:32.995+0000][7][gc,age      ] GC(542) - age   7:         32 bytes,     719288 total
[2021-05-03T14:01:32.995+0000][7][gc,age      ] GC(542) - age   8:       1248 bytes,     720536 total
[2021-05-03T14:01:32.995+0000][7][gc,age      ] GC(542) - age   9:        144 bytes,     720680 total
[2021-05-03T14:01:32.995+0000][7][gc,age      ] GC(542) - age  11:        152 bytes,     720832 total
[2021-05-03T14:01:32.995+0000][7][gc,age      ] GC(542) - age  13:        232 bytes,     721064 total
[2021-05-03T14:01:32.995+0000][7][gc,phases   ] GC(542)   Pre Evacuate Collection Set: 0.1ms
[2021-05-03T14:01:32.995+0000][7][gc,phases   ] GC(542)   Merge Heap Roots: 0.1ms
[2021-05-03T14:01:32.995+0000][7][gc,phases   ] GC(542)   Evacuate Collection Set: 0.9ms
[2021-05-03T14:01:32.995+0000][7][gc,phases   ] GC(542)   Post Evacuate Collection Set: 0.7ms
[2021-05-03T14:01:32.995+0000][7][gc,phases   ] GC(542)   Other: 0.2ms
[2021-05-03T14:01:32.995+0000][7][gc,heap     ] GC(542) Eden regions: 21->0(21)
[2021-05-03T14:01:32.995+0000][7][gc,heap     ] GC(542) Survivor regions: 1->1(3)
[2021-05-03T14:01:32.995+0000][7][gc,heap     ] GC(542) Old regions: 27->27
[2021-05-03T14:01:32.995+0000][7][gc,heap     ] GC(542) Archive regions: 2->2
[2021-05-03T14:01:32.995+0000][7][gc,heap     ] GC(542) Humongous regions: 2->2
[2021-05-03T14:01:32.995+0000][7][gc,metaspace] GC(542) Metaspace: 110004K(114768K)->110004K(114768K) NonClass: 96059K(99484K)->96059K(99484K) Class: 13944K(15284K)->13944K(15284K)
[2021-05-03T14:01:32.995+0000][7][gc          ] GC(542) Pause Young (Normal) (G1 Evacuation Pause) 202M->118M(256M) 1.954ms
[2021-05-03T14:01:32.995+0000][7][gc,cpu      ] GC(542) User=0.01s Sys=0.00s Real=0.00s
[2021-05-03T14:01:32.995+0000][7][safepoint   ] Safepoint "G1CollectForAllocation", Time since last: 11876499374 ns, Reaching safepoint: 109931 ns, At safepoint: 2016760 ns, Total: 2126691 ns
[2021-05-03T14:02:51.014+0000][7][safepoint   ] Safepoint "Cleanup", Time since last: 78019148556 ns, Reaching safepoint: 99319 ns, At safepoint: 5763 ns, Total: 105082 ns
[2021-05-03T14:03:43.026+0000][7][safepoint   ] Safepoint "Cleanup", Time since last: 52011629901 ns, Reaching safepoint: 92437 ns, At safepoint: 5084 ns, Total: 97521 ns
[2021-05-03T14:03:48.048+0000][7][gc,start    ] GC(543) Pause Young (Concurrent Start) (G1 Evacuation Pause)
[2021-05-03T14:03:48.048+0000][7][gc,task     ] GC(543) Using 6 workers of 8 for evacuation
[2021-05-03T14:03:48.048+0000][7][gc,age      ] GC(543) Desired survivor size 6291456 bytes, new threshold 15 (max threshold 15)
[2021-05-03T14:03:48.049+0000][7][gc,age      ] GC(543) Age table with threshold 15 (max threshold 15)
[2021-05-03T14:03:48.049+0000][7][gc,age      ] GC(543) - age   1:     516344 bytes,     516344 total
[2021-05-03T14:03:48.049+0000][7][gc,age      ] GC(543) - age   2:       1352 bytes,     517696 total
[2021-05-03T14:03:48.049+0000][7][gc,age      ] GC(543) - age   3:        992 bytes,     518688 total
[2021-05-03T14:03:48.049+0000][7][gc,age      ] GC(543) - age   4:     197872 bytes,     716560 total
[2021-05-03T14:03:48.049+0000][7][gc,age      ] GC(543) - age   5:       2968 bytes,     719528 total
[2021-05-03T14:03:48.049+0000][7][gc,age      ] GC(543) - age   6:        696 bytes,     720224 total
[2021-05-03T14:03:48.049+0000][7][gc,age      ] GC(543) - age   7:       1168 bytes,     721392 total
[2021-05-03T14:03:48.049+0000][7][gc,age      ] GC(543) - age   8:         32 bytes,     721424 total
[2021-05-03T14:03:48.049+0000][7][gc,age      ] GC(543) - age   9:       1248 bytes,     722672 total
[2021-05-03T14:03:48.049+0000][7][gc,age      ] GC(543) - age  10:        144 bytes,     722816 total
[2021-05-03T14:03:48.049+0000][7][gc,age      ] GC(543) - age  12:        152 bytes,     722968 total
[2021-05-03T14:03:48.049+0000][7][gc,age      ] GC(543) - age  14:        232 bytes,     723200 total
[2021-05-03T14:03:48.049+0000][7][gc,phases   ] GC(543)   Pre Evacuate Collection Set: 0.1ms
[2021-05-03T14:03:48.049+0000][7][gc,phases   ] GC(543)   Merge Heap Roots: 0.0ms
[2021-05-03T14:03:48.049+0000][7][gc,phases   ] GC(543)   Evacuate Collection Set: 0.9ms
[2021-05-03T14:03:48.049+0000][7][gc,phases   ] GC(543)   Post Evacuate Collection Set: 0.6ms
[2021-05-03T14:03:48.049+0000][7][gc,phases   ] GC(543)   Other: 0.2ms
[2021-05-03T14:03:48.049+0000][7][gc,heap     ] GC(543) Eden regions: 21->0(21)
[2021-05-03T14:03:48.049+0000][7][gc,heap     ] GC(543) Survivor regions: 1->1(3)
[2021-05-03T14:03:48.049+0000][7][gc,heap     ] GC(543) Old regions: 27->27
[2021-05-03T14:03:48.049+0000][7][gc,heap     ] GC(543) Archive regions: 2->2
[2021-05-03T14:03:48.049+0000][7][gc,heap     ] GC(543) Humongous regions: 2->2
[2021-05-03T14:03:48.049+0000][7][gc,metaspace] GC(543) Metaspace: 110004K(114768K)->110004K(114768K) NonClass: 96059K(99484K)->96059K(99484K) Class: 13945K(15284K)->13945K(15284K)
[2021-05-03T14:03:48.049+0000][7][gc          ] GC(543) Pause Young (Concurrent Start) (G1 Evacuation Pause) 202M->118M(256M) 1.887ms
[2021-05-03T14:03:48.049+0000][7][gc,cpu      ] GC(543) User=0.00s Sys=0.01s Real=0.00s
[2021-05-03T14:03:48.049+0000][7][safepoint   ] Safepoint "G1CollectForAllocation", Time since last: 5021325217 ns, Reaching safepoint: 130323 ns, At safepoint: 1952363 ns, Total: 2082686 ns
[2021-05-03T14:03:48.049+0000][7][gc          ] GC(544) Concurrent Cycle
[2021-05-03T14:03:48.049+0000][7][gc,marking  ] GC(544) Concurrent Clear Claimed Marks
[2021-05-03T14:03:48.050+0000][7][gc,marking  ] GC(544) Concurrent Clear Claimed Marks 0.048ms
[2021-05-03T14:03:48.050+0000][7][gc,marking  ] GC(544) Concurrent Scan Root Regions
[2021-05-03T14:03:48.051+0000][7][gc,marking  ] GC(544) Concurrent Scan Root Regions 1.431ms
[2021-05-03T14:03:48.051+0000][7][gc,marking  ] GC(544) Concurrent Mark (42569.979s)
[2021-05-03T14:03:48.051+0000][7][gc,marking  ] GC(544) Concurrent Mark From Roots
[2021-05-03T14:03:48.051+0000][7][gc,task     ] GC(544) Using 2 workers of 2 for marking
[2021-05-03T14:03:48.130+0000][7][gc,marking  ] GC(544) Concurrent Mark From Roots 79.061ms
[2021-05-03T14:03:48.130+0000][7][gc,marking  ] GC(544) Concurrent Preclean
[2021-05-03T14:03:48.130+0000][7][gc,marking  ] GC(544) Concurrent Preclean 0.210ms
[2021-05-03T14:03:48.130+0000][7][gc,marking  ] GC(544) Concurrent Mark (42569.979s, 42570.058s) 79.320ms
[2021-05-03T14:03:48.131+0000][7][gc,start    ] GC(544) Pause Remark
[2021-05-03T14:03:48.137+0000][7][gc          ] GC(544) Pause Remark 119M->119M(256M) 5.994ms
[2021-05-03T14:03:48.137+0000][7][gc,cpu      ] GC(544) User=0.03s Sys=0.00s Real=0.01s
[2021-05-03T14:03:48.137+0000][7][safepoint   ] Safepoint "G1Concurrent", Time since last: 80939976 ns, Reaching safepoint: 184449 ns, At safepoint: 6071533 ns, Total: 6255982 ns
[2021-05-03T14:03:48.137+0000][7][gc,marking  ] GC(544) Concurrent Rebuild Remembered Sets
[2021-05-03T14:03:48.190+0000][7][gc,marking  ] GC(544) Concurrent Rebuild Remembered Sets 53.150ms
[2021-05-03T14:03:48.190+0000][7][gc,start    ] GC(544) Pause Cleanup
[2021-05-03T14:03:48.190+0000][7][gc          ] GC(544) Pause Cleanup 119M->119M(256M) 0.071ms
[2021-05-03T14:03:48.190+0000][7][gc,cpu      ] GC(544) User=0.00s Sys=0.00s Real=0.00s
[2021-05-03T14:03:48.190+0000][7][safepoint   ] Safepoint "G1Concurrent", Time since last: 53294630 ns, Reaching safepoint: 95168 ns, At safepoint: 115117 ns, Total: 210285 ns
[2021-05-03T14:03:48.190+0000][7][gc,marking  ] GC(544) Concurrent Cleanup for Next Mark
[2021-05-03T14:03:48.190+0000][7][gc,marking  ] GC(544) Concurrent Cleanup for Next Mark 0.169ms
[2021-05-03T14:03:48.190+0000][7][gc          ] GC(544) Concurrent Cycle 140.906ms
[2021-05-03T14:05:21.212+0000][7][safepoint   ] Safepoint "Cleanup", Time since last: 93021554886 ns, Reaching safepoint: 126576 ns, At safepoint: 7204 ns, Total: 133780 ns
[2021-05-03T14:05:40.737+0000][7][gc,start    ] GC(545) Pause Young (Normal) (G1 Evacuation Pause)
[2021-05-03T14:05:40.737+0000][7][gc,task     ] GC(545) Using 6 workers of 8 for evacuation
[2021-05-03T14:05:40.737+0000][7][gc,age      ] GC(545) Desired survivor size 6291456 bytes, new threshold 15 (max threshold 15)
[2021-05-03T14:05:40.738+0000][7][gc,age      ] GC(545) Age table with threshold 15 (max threshold 15)
[2021-05-03T14:05:40.738+0000][7][gc,age      ] GC(545) - age   1:     684624 bytes,     684624 total
[2021-05-03T14:05:40.738+0000][7][gc,age      ] GC(545) - age   2:       4184 bytes,     688808 total
[2021-05-03T14:05:40.738+0000][7][gc,age      ] GC(545) - age   3:        920 bytes,     689728 total
[2021-05-03T14:05:40.738+0000][7][gc,age      ] GC(545) - age   4:        992 bytes,     690720 total
[2021-05-03T14:05:40.738+0000][7][gc,age      ] GC(545) - age   5:     152824 bytes,     843544 total
[2021-05-03T14:05:40.738+0000][7][gc,age      ] GC(545) - age   6:        472 bytes,     844016 total
[2021-05-03T14:05:40.738+0000][7][gc,age      ] GC(545) - age   7:        696 bytes,     844712 total
[2021-05-03T14:05:40.738+0000][7][gc,age      ] GC(545) - age   8:       1168 bytes,     845880 total
[2021-05-03T14:05:40.738+0000][7][gc,age      ] GC(545) - age   9:         32 bytes,     845912 total
[2021-05-03T14:05:40.738+0000][7][gc,age      ] GC(545) - age  10:       1144 bytes,     847056 total
[2021-05-03T14:05:40.738+0000][7][gc,age      ] GC(545) - age  11:        144 bytes,     847200 total
[2021-05-03T14:05:40.738+0000][7][gc,age      ] GC(545) - age  13:        152 bytes,     847352 total
[2021-05-03T14:05:40.738+0000][7][gc,age      ] GC(545) - age  15:        232 bytes,     847584 total
[2021-05-03T14:05:40.738+0000][7][gc,phases   ] GC(545)   Pre Evacuate Collection Set: 0.0ms
[2021-05-03T14:05:40.738+0000][7][gc,phases   ] GC(545)   Merge Heap Roots: 0.0ms
[2021-05-03T14:05:40.738+0000][7][gc,phases   ] GC(545)   Evacuate Collection Set: 0.9ms
[2021-05-03T14:05:40.738+0000][7][gc,phases   ] GC(545)   Post Evacuate Collection Set: 0.4ms
[2021-05-03T14:05:40.738+0000][7][gc,phases   ] GC(545)   Other: 0.2ms
[2021-05-03T14:05:40.738+0000][7][gc,heap     ] GC(545) Eden regions: 21->0(21)
[2021-05-03T14:05:40.738+0000][7][gc,heap     ] GC(545) Survivor regions: 1->1(3)
[2021-05-03T14:05:40.738+0000][7][gc,heap     ] GC(545) Old regions: 27->27
[2021-05-03T14:05:40.738+0000][7][gc,heap     ] GC(545) Archive regions: 2->2
[2021-05-03T14:05:40.738+0000][7][gc,heap     ] GC(545) Humongous regions: 2->2
[2021-05-03T14:05:40.738+0000][7][gc,metaspace] GC(545) Metaspace: 110006K(114768K)->110006K(114768K) NonClass: 96060K(99484K)->96060K(99484K) Class: 13945K(15284K)->13945K(15284K)
[2021-05-03T14:05:40.738+0000][7][gc          ] GC(545) Pause Young (Normal) (G1 Evacuation Pause) 202M->118M(256M) 1.606ms
[2021-05-03T14:05:40.738+0000][7][gc,cpu      ] GC(545) User=0.01s Sys=0.00s Real=0.00s
[2021-05-03T14:05:40.739+0000][7][safepoint   ] Safepoint "G1CollectForAllocation", Time since last: 19524901917 ns, Reaching safepoint: 112139 ns, At safepoint: 1666641 ns, Total: 1778780 ns
[2021-05-03T14:07:36.163+0000][7][gc,start    ] GC(546) Pause Young (Concurrent Start) (G1 Evacuation Pause)
[2021-05-03T14:07:36.163+0000][7][gc,task     ] GC(546) Using 6 workers of 8 for evacuation
[2021-05-03T14:07:36.163+0000][7][gc,age      ] GC(546) Desired survivor size 6291456 bytes, new threshold 15 (max threshold 15)
[2021-05-03T14:07:36.165+0000][7][gc,age      ] GC(546) Age table with threshold 15 (max threshold 15)
[2021-05-03T14:07:36.165+0000][7][gc,age      ] GC(546) - age   1:     655392 bytes,     655392 total
[2021-05-03T14:07:36.165+0000][7][gc,age      ] GC(546) - age   2:     125464 bytes,     780856 total
[2021-05-03T14:07:36.165+0000][7][gc,age      ] GC(546) - age   3:       1208 bytes,     782064 total
[2021-05-03T14:07:36.165+0000][7][gc,age      ] GC(546) - age   4:        704 bytes,     782768 total
[2021-05-03T14:07:36.165+0000][7][gc,age      ] GC(546) - age   5:        752 bytes,     783520 total
[2021-05-03T14:07:36.165+0000][7][gc,age      ] GC(546) - age   6:      22472 bytes,     805992 total
[2021-05-03T14:07:36.165+0000][7][gc,age      ] GC(546) - age   7:        272 bytes,     806264 total
[2021-05-03T14:07:36.165+0000][7][gc,age      ] GC(546) - age   8:        656 bytes,     806920 total
[2021-05-03T14:07:36.165+0000][7][gc,age      ] GC(546) - age   9:       1168 bytes,     808088 total
[2021-05-03T14:07:36.165+0000][7][gc,age      ] GC(546) - age  10:         32 bytes,     808120 total
[2021-05-03T14:07:36.165+0000][7][gc,age      ] GC(546) - age  12:        144 bytes,     808264 total
[2021-05-03T14:07:36.165+0000][7][gc,age      ] GC(546) - age  14:        152 bytes,     808416 total
[2021-05-03T14:07:36.165+0000][7][gc,phases   ] GC(546)   Pre Evacuate Collection Set: 0.1ms
[2021-05-03T14:07:36.165+0000][7][gc,phases   ] GC(546)   Merge Heap Roots: 0.1ms
[2021-05-03T14:07:36.165+0000][7][gc,phases   ] GC(546)   Evacuate Collection Set: 0.9ms
[2021-05-03T14:07:36.165+0000][7][gc,phases   ] GC(546)   Post Evacuate Collection Set: 0.5ms
[2021-05-03T14:07:36.165+0000][7][gc,phases   ] GC(546)   Other: 0.3ms
[2021-05-03T14:07:36.165+0000][7][gc,heap     ] GC(546) Eden regions: 21->0(21)
[2021-05-03T14:07:36.165+0000][7][gc,heap     ] GC(546) Survivor regions: 1->1(3)
[2021-05-03T14:07:36.165+0000][7][gc,heap     ] GC(546) Old regions: 27->27
[2021-05-03T14:07:36.165+0000][7][gc,heap     ] GC(546) Archive regions: 2->2
[2021-05-03T14:07:36.165+0000][7][gc,heap     ] GC(546) Humongous regions: 2->2
[2021-05-03T14:07:36.165+0000][7][gc,metaspace] GC(546) Metaspace: 110011K(114768K)->110011K(114768K) NonClass: 96066K(99484K)->96066K(99484K) Class: 13945K(15284K)->13945K(15284K)
[2021-05-03T14:07:36.165+0000][7][gc          ] GC(546) Pause Young (Concurrent Start) (G1 Evacuation Pause) 202M->118M(256M) 1.997ms
[2021-05-03T14:07:36.165+0000][7][gc,cpu      ] GC(546) User=0.00s Sys=0.00s Real=0.00s
[2021-05-03T14:07:36.165+0000][7][safepoint   ] Safepoint "G1CollectForAllocation", Time since last: 115424202153 ns, Reaching safepoint: 98745 ns, At safepoint: 2071365 ns, Total: 2170110 ns
[2021-05-03T14:07:36.165+0000][7][gc          ] GC(547) Concurrent Cycle
[2021-05-03T14:07:36.165+0000][7][gc,marking  ] GC(547) Concurrent Clear Claimed Marks
[2021-05-03T14:07:36.165+0000][7][gc,marking  ] GC(547) Concurrent Clear Claimed Marks 0.071ms
[2021-05-03T14:07:36.165+0000][7][gc,marking  ] GC(547) Concurrent Scan Root Regions
[2021-05-03T14:07:36.166+0000][7][gc,marking  ] GC(547) Concurrent Scan Root Regions 1.340ms
[2021-05-03T14:07:36.166+0000][7][gc,marking  ] GC(547) Concurrent Mark (42798.094s)
[2021-05-03T14:07:36.166+0000][7][gc,marking  ] GC(547) Concurrent Mark From Roots
[2021-05-03T14:07:36.166+0000][7][gc,task     ] GC(547) Using 2 workers of 2 for marking
[2021-05-03T14:07:36.249+0000][7][gc,marking  ] GC(547) Concurrent Mark From Roots 82.488ms
[2021-05-03T14:07:36.249+0000][7][gc,marking  ] GC(547) Concurrent Preclean
[2021-05-03T14:07:36.249+0000][7][gc,marking  ] GC(547) Concurrent Preclean 0.216ms
[2021-05-03T14:07:36.249+0000][7][gc,marking  ] GC(547) Concurrent Mark (42798.094s, 42798.177s) 82.752ms
[2021-05-03T14:07:36.249+0000][7][gc,start    ] GC(547) Pause Remark
[2021-05-03T14:07:36.255+0000][7][gc          ] GC(547) Pause Remark 120M->120M(256M) 5.539ms
[2021-05-03T14:07:36.255+0000][7][gc,cpu      ] GC(547) User=0.03s Sys=0.00s Real=0.01s
[2021-05-03T14:07:36.255+0000][7][safepoint   ] Safepoint "G1Concurrent", Time since last: 84298265 ns, Reaching safepoint: 161757 ns, At safepoint: 5615066 ns, Total: 5776823 ns
[2021-05-03T14:07:36.255+0000][7][gc,marking  ] GC(547) Concurrent Rebuild Remembered Sets
[2021-05-03T14:07:36.311+0000][7][gc,marking  ] GC(547) Concurrent Rebuild Remembered Sets 56.378ms
[2021-05-03T14:07:36.312+0000][7][gc,start    ] GC(547) Pause Cleanup
[2021-05-03T14:07:36.312+0000][7][gc          ] GC(547) Pause Cleanup 120M->120M(256M) 0.062ms
[2021-05-03T14:07:36.312+0000][7][gc,cpu      ] GC(547) User=0.00s Sys=0.00s Real=0.00s
[2021-05-03T14:07:36.312+0000][7][safepoint   ] Safepoint "G1Concurrent", Time since last: 56509241 ns, Reaching safepoint: 115461 ns, At safepoint: 100928 ns, Total: 216389 ns
[2021-05-03T14:07:36.312+0000][7][gc,marking  ] GC(547) Concurrent Cleanup for Next Mark
[2021-05-03T14:07:36.312+0000][7][gc,marking  ] GC(547) Concurrent Cleanup for Next Mark 0.151ms
[2021-05-03T14:07:36.312+0000][7][gc          ] GC(547) Concurrent Cycle 146.957ms
[2021-05-03T14:09:42.758+0000][7][gc,start    ] GC(548) Pause Young (Normal) (G1 Evacuation Pause)
[2021-05-03T14:09:42.758+0000][7][gc,task     ] GC(548) Using 6 workers of 8 for evacuation
[2021-05-03T14:09:42.758+0000][7][gc,age      ] GC(548) Desired survivor size 6291456 bytes, new threshold 15 (max threshold 15)
[2021-05-03T14:09:42.759+0000][7][gc,age      ] GC(548) Age table with threshold 15 (max threshold 15)
[2021-05-03T14:09:42.759+0000][7][gc,age      ] GC(548) - age   1:     513928 bytes,     513928 total
[2021-05-03T14:09:42.759+0000][7][gc,age      ] GC(548) - age   2:     151512 bytes,     665440 total
[2021-05-03T14:09:42.759+0000][7][gc,age      ] GC(548) - age   3:      94344 bytes,     759784 total
[2021-05-03T14:09:42.759+0000][7][gc,age      ] GC(548) - age   4:       1016 bytes,     760800 total
[2021-05-03T14:09:42.759+0000][7][gc,age      ] GC(548) - age   5:        640 bytes,     761440 total
[2021-05-03T14:09:42.759+0000][7][gc,age      ] GC(548) - age   6:        728 bytes,     762168 total
[2021-05-03T14:09:42.759+0000][7][gc,age      ] GC(548) - age   7:      22376 bytes,     784544 total
[2021-05-03T14:09:42.759+0000][7][gc,age      ] GC(548) - age   8:        272 bytes,     784816 total
[2021-05-03T14:09:42.759+0000][7][gc,age      ] GC(548) - age   9:        560 bytes,     785376 total
[2021-05-03T14:09:42.759+0000][7][gc,age      ] GC(548) - age  10:       1168 bytes,     786544 total
[2021-05-03T14:09:42.759+0000][7][gc,age      ] GC(548) - age  11:         32 bytes,     786576 total
[2021-05-03T14:09:42.759+0000][7][gc,age      ] GC(548) - age  13:        144 bytes,     786720 total
[2021-05-03T14:09:42.760+0000][7][gc,age      ] GC(548) - age  15:        152 bytes,     786872 total
[2021-05-03T14:09:42.760+0000][7][gc,phases   ] GC(548)   Pre Evacuate Collection Set: 0.1ms
[2021-05-03T14:09:42.760+0000][7][gc,phases   ] GC(548)   Merge Heap Roots: 0.0ms
[2021-05-03T14:09:42.760+0000][7][gc,phases   ] GC(548)   Evacuate Collection Set: 0.9ms
[2021-05-03T14:09:42.760+0000][7][gc,phases   ] GC(548)   Post Evacuate Collection Set: 0.6ms
[2021-05-03T14:09:42.760+0000][7][gc,phases   ] GC(548)   Other: 0.2ms
[2021-05-03T14:09:42.760+0000][7][gc,heap     ] GC(548) Eden regions: 21->0(21)
[2021-05-03T14:09:42.760+0000][7][gc,heap     ] GC(548) Survivor regions: 1->1(3)
[2021-05-03T14:09:42.760+0000][7][gc,heap     ] GC(548) Old regions: 27->27
[2021-05-03T14:09:42.760+0000][7][gc,heap     ] GC(548) Archive regions: 2->2
[2021-05-03T14:09:42.760+0000][7][gc,heap     ] GC(548) Humongous regions: 2->2
[2021-05-03T14:09:42.760+0000][7][gc,metaspace] GC(548) Metaspace: 110011K(114768K)->110011K(114768K) NonClass: 96066K(99484K)->96066K(99484K) Class: 13945K(15284K)->13945K(15284K)
[2021-05-03T14:09:42.760+0000][7][gc          ] GC(548) Pause Young (Normal) (G1 Evacuation Pause) 202M->118M(256M) 1.909ms
[2021-05-03T14:09:42.760+0000][7][gc,cpu      ] GC(548) User=0.01s Sys=0.00s Real=0.00s
[2021-05-03T14:09:42.760+0000][7][safepoint   ] Safepoint "G1CollectForAllocation", Time since last: 126445909436 ns, Reaching safepoint: 100355 ns, At safepoint: 1988409 ns, Total: 2088764 ns
[2021-05-03T14:11:50.710+0000][7][gc,start    ] GC(549) Pause Young (Concurrent Start) (G1 Evacuation Pause)
[2021-05-03T14:11:50.710+0000][7][gc,task     ] GC(549) Using 6 workers of 8 for evacuation
[2021-05-03T14:11:50.710+0000][7][gc,age      ] GC(549) Desired survivor size 6291456 bytes, new threshold 15 (max threshold 15)
[2021-05-03T14:11:50.712+0000][7][gc,age      ] GC(549) Age table with threshold 15 (max threshold 15)
[2021-05-03T14:11:50.712+0000][7][gc,age      ] GC(549) - age   1:     674496 bytes,     674496 total
[2021-05-03T14:11:50.712+0000][7][gc,age      ] GC(549) - age   2:        552 bytes,     675048 total
[2021-05-03T14:11:50.712+0000][7][gc,age      ] GC(549) - age   3:     142176 bytes,     817224 total
[2021-05-03T14:11:50.712+0000][7][gc,age      ] GC(549) - age   4:      12720 bytes,     829944 total
[2021-05-03T14:11:50.712+0000][7][gc,age      ] GC(549) - age   5:       1016 bytes,     830960 total
[2021-05-03T14:11:50.712+0000][7][gc,age      ] GC(549) - age   6:        640 bytes,     831600 total
[2021-05-03T14:11:50.712+0000][7][gc,age      ] GC(549) - age   7:        728 bytes,     832328 total
[2021-05-03T14:11:50.712+0000][7][gc,age      ] GC(549) - age   8:      22336 bytes,     854664 total
[2021-05-03T14:11:50.712+0000][7][gc,age      ] GC(549) - age   9:        248 bytes,     854912 total
[2021-05-03T14:11:50.712+0000][7][gc,age      ] GC(549) - age  10:        520 bytes,     855432 total
[2021-05-03T14:11:50.712+0000][7][gc,age      ] GC(549) - age  11:       1168 bytes,     856600 total
[2021-05-03T14:11:50.712+0000][7][gc,age      ] GC(549) - age  12:         32 bytes,     856632 total
[2021-05-03T14:11:50.712+0000][7][gc,age      ] GC(549) - age  14:        144 bytes,     856776 total
[2021-05-03T14:11:50.712+0000][7][gc,phases   ] GC(549)   Pre Evacuate Collection Set: 0.1ms
[2021-05-03T14:11:50.712+0000][7][gc,phases   ] GC(549)   Merge Heap Roots: 0.0ms
[2021-05-03T14:11:50.712+0000][7][gc,phases   ] GC(549)   Evacuate Collection Set: 0.9ms
[2021-05-03T14:11:50.712+0000][7][gc,phases   ] GC(549)   Post Evacuate Collection Set: 0.5ms
[2021-05-03T14:11:50.712+0000][7][gc,phases   ] GC(549)   Other: 0.2ms
[2021-05-03T14:11:50.712+0000][7][gc,heap     ] GC(549) Eden regions: 21->0(21)
[2021-05-03T14:11:50.712+0000][7][gc,heap     ] GC(549) Survivor regions: 1->1(3)
[2021-05-03T14:11:50.712+0000][7][gc,heap     ] GC(549) Old regions: 27->27
[2021-05-03T14:11:50.712+0000][7][gc,heap     ] GC(549) Archive regions: 2->2
[2021-05-03T14:11:50.712+0000][7][gc,heap     ] GC(549) Humongous regions: 2->2
[2021-05-03T14:11:50.712+0000][7][gc,metaspace] GC(549) Metaspace: 110011K(114768K)->110011K(114768K) NonClass: 96066K(99484K)->96066K(99484K) Class: 13945K(15284K)->13945K(15284K)
[2021-05-03T14:11:50.712+0000][7][gc          ] GC(549) Pause Young (Concurrent Start) (G1 Evacuation Pause) 202M->118M(256M) 1.857ms
[2021-05-03T14:11:50.712+0000][7][gc,cpu      ] GC(549) User=0.00s Sys=0.00s Real=0.01s
[2021-05-03T14:11:50.712+0000][7][safepoint   ] Safepoint "G1CollectForAllocation", Time since last: 127950142916 ns, Reaching safepoint: 173180 ns, At safepoint: 1920099 ns, Total: 2093279 ns
[2021-05-03T14:11:50.712+0000][7][gc          ] GC(550) Concurrent Cycle
[2021-05-03T14:11:50.712+0000][7][gc,marking  ] GC(550) Concurrent Clear Claimed Marks
[2021-05-03T14:11:50.712+0000][7][gc,marking  ] GC(550) Concurrent Clear Claimed Marks 0.049ms
[2021-05-03T14:11:50.712+0000][7][gc,marking  ] GC(550) Concurrent Scan Root Regions
[2021-05-03T14:11:50.714+0000][7][gc,marking  ] GC(550) Concurrent Scan Root Regions 1.521ms
[2021-05-03T14:11:50.714+0000][7][gc,marking  ] GC(550) Concurrent Mark (43052.641s)
[2021-05-03T14:11:50.714+0000][7][gc,marking  ] GC(550) Concurrent Mark From Roots
[2021-05-03T14:11:50.714+0000][7][gc,task     ] GC(550) Using 2 workers of 2 for marking
[2021-05-03T14:11:50.793+0000][7][gc,marking  ] GC(550) Concurrent Mark From Roots 79.695ms
[2021-05-03T14:11:50.793+0000][7][gc,marking  ] GC(550) Concurrent Preclean
[2021-05-03T14:11:50.794+0000][7][gc,marking  ] GC(550) Concurrent Preclean 0.222ms
[2021-05-03T14:11:50.794+0000][7][gc,marking  ] GC(550) Concurrent Mark (43052.641s, 43052.721s) 79.971ms
[2021-05-03T14:11:50.794+0000][7][gc,start    ] GC(550) Pause Remark
[2021-05-03T14:11:50.800+0000][7][gc          ] GC(550) Pause Remark 121M->121M(256M) 5.874ms
[2021-05-03T14:11:50.800+0000][7][gc,cpu      ] GC(550) User=0.03s Sys=0.00s Real=0.00s
[2021-05-03T14:11:50.800+0000][7][safepoint   ] Safepoint "G1Concurrent", Time since last: 81663985 ns, Reaching safepoint: 132812 ns, At safepoint: 5947566 ns, Total: 6080378 ns
[2021-05-03T14:11:50.800+0000][7][gc,marking  ] GC(550) Concurrent Rebuild Remembered Sets
[2021-05-03T14:11:50.853+0000][7][gc,marking  ] GC(550) Concurrent Rebuild Remembered Sets 53.171ms
[2021-05-03T14:11:50.853+0000][7][gc,start    ] GC(550) Pause Cleanup
[2021-05-03T14:11:50.853+0000][7][gc          ] GC(550) Pause Cleanup 121M->121M(256M) 0.070ms
[2021-05-03T14:11:50.853+0000][7][gc,cpu      ] GC(550) User=0.00s Sys=0.00s Real=0.00s
[2021-05-03T14:11:50.853+0000][7][safepoint   ] Safepoint "G1Concurrent", Time since last: 53273513 ns, Reaching safepoint: 181614 ns, At safepoint: 109700 ns, Total: 291314 ns
[2021-05-03T14:11:50.853+0000][7][gc,marking  ] GC(550) Concurrent Cleanup for Next Mark
[2021-05-03T14:11:50.853+0000][7][gc,marking  ] GC(550) Concurrent Cleanup for Next Mark 0.133ms
[2021-05-03T14:11:50.853+0000][7][gc          ] GC(550) Concurrent Cycle 141.482ms
[2021-05-03T14:14:06.176+0000][7][gc,start    ] GC(551) Pause Young (Normal) (G1 Evacuation Pause)
[2021-05-03T14:14:06.176+0000][7][gc,task     ] GC(551) Using 6 workers of 8 for evacuation
[2021-05-03T14:14:06.176+0000][7][gc,age      ] GC(551) Desired survivor size 6291456 bytes, new threshold 15 (max threshold 15)
[2021-05-03T14:14:06.179+0000][7][gc,age      ] GC(551) Age table with threshold 15 (max threshold 15)
[2021-05-03T14:14:06.179+0000][7][gc,age      ] GC(551) - age   1:     515560 bytes,     515560 total
[2021-05-03T14:14:06.179+0000][7][gc,age      ] GC(551) - age   2:       1368 bytes,     516928 total
[2021-05-03T14:14:06.179+0000][7][gc,age      ] GC(551) - age   3:        360 bytes,     517288 total
[2021-05-03T14:14:06.179+0000][7][gc,age      ] GC(551) - age   4:     142080 bytes,     659368 total
[2021-05-03T14:14:06.179+0000][7][gc,age      ] GC(551) - age   5:      12720 bytes,     672088 total
[2021-05-03T14:14:06.179+0000][7][gc,age      ] GC(551) - age   6:        776 bytes,     672864 total
[2021-05-03T14:14:06.179+0000][7][gc,age      ] GC(551) - age   7:        640 bytes,     673504 total
[2021-05-03T14:14:06.179+0000][7][gc,age      ] GC(551) - age   8:        728 bytes,     674232 total
[2021-05-03T14:14:06.179+0000][7][gc,age      ] GC(551) - age   9:      22336 bytes,     696568 total
[2021-05-03T14:14:06.179+0000][7][gc,age      ] GC(551) - age  10:        224 bytes,     696792 total
[2021-05-03T14:14:06.179+0000][7][gc,age      ] GC(551) - age  11:        520 bytes,     697312 total
[2021-05-03T14:14:06.179+0000][7][gc,age      ] GC(551) - age  12:       1168 bytes,     698480 total
[2021-05-03T14:14:06.179+0000][7][gc,age      ] GC(551) - age  13:         32 bytes,     698512 total
[2021-05-03T14:14:06.179+0000][7][gc,age      ] GC(551) - age  15:        144 bytes,     698656 total
[2021-05-03T14:14:06.179+0000][7][gc,phases   ] GC(551)   Pre Evacuate Collection Set: 0.1ms
[2021-05-03T14:14:06.179+0000][7][gc,phases   ] GC(551)   Merge Heap Roots: 0.1ms
[2021-05-03T14:14:06.179+0000][7][gc,phases   ] GC(551)   Evacuate Collection Set: 1.2ms
[2021-05-03T14:14:06.179+0000][7][gc,phases   ] GC(551)   Post Evacuate Collection Set: 1.1ms
[2021-05-03T14:14:06.179+0000][7][gc,phases   ] GC(551)   Other: 0.3ms
[2021-05-03T14:14:06.179+0000][7][gc,heap     ] GC(551) Eden regions: 21->0(21)
[2021-05-03T14:14:06.179+0000][7][gc,heap     ] GC(551) Survivor regions: 1->1(3)
[2021-05-03T14:14:06.179+0000][7][gc,heap     ] GC(551) Old regions: 27->27
[2021-05-03T14:14:06.179+0000][7][gc,heap     ] GC(551) Archive regions: 2->2
[2021-05-03T14:14:06.179+0000][7][gc,heap     ] GC(551) Humongous regions: 2->2
[2021-05-03T14:14:06.179+0000][7][gc,metaspace] GC(551) Metaspace: 110011K(114768K)->110011K(114768K) NonClass: 96066K(99484K)->96066K(99484K) Class: 13945K(15284K)->13945K(15284K)
[2021-05-03T14:14:06.179+0000][7][gc          ] GC(551) Pause Young (Normal) (G1 Evacuation Pause) 202M->118M(256M) 2.767ms
[2021-05-03T14:14:06.179+0000][7][gc,cpu      ] GC(551) User=0.01s Sys=0.00s Real=0.00s
[2021-05-03T14:14:06.179+0000][7][safepoint   ] Safepoint "G1CollectForAllocation", Time since last: 135322842890 ns, Reaching safepoint: 162895 ns, At safepoint: 2846982 ns, Total: 3009877 ns
[2021-05-03T14:15:40.794+0000][7][gc,start    ] GC(552) Pause Young (Concurrent Start) (G1 Evacuation Pause)
[2021-05-03T14:15:40.794+0000][7][gc,task     ] GC(552) Using 6 workers of 8 for evacuation
[2021-05-03T14:15:40.794+0000][7][gc,age      ] GC(552) Desired survivor size 6291456 bytes, new threshold 15 (max threshold 15)
[2021-05-03T14:15:40.796+0000][7][gc,age      ] GC(552) Age table with threshold 15 (max threshold 15)
[2021-05-03T14:15:40.796+0000][7][gc,age      ] GC(552) - age   1:     884624 bytes,     884624 total
[2021-05-03T14:15:40.796+0000][7][gc,age      ] GC(552) - age   2:        896 bytes,     885520 total
[2021-05-03T14:15:40.796+0000][7][gc,age      ] GC(552) - age   3:        416 bytes,     885936 total
[2021-05-03T14:15:40.796+0000][7][gc,age      ] GC(552) - age   4:        360 bytes,     886296 total
[2021-05-03T14:15:40.796+0000][7][gc,age      ] GC(552) - age   5:       4336 bytes,     890632 total
[2021-05-03T14:15:40.796+0000][7][gc,age      ] GC(552) - age   6:        632 bytes,     891264 total
[2021-05-03T14:15:40.796+0000][7][gc,age      ] GC(552) - age   7:        776 bytes,     892040 total
[2021-05-03T14:15:40.796+0000][7][gc,age      ] GC(552) - age   8:        432 bytes,     892472 total
[2021-05-03T14:15:40.796+0000][7][gc,age      ] GC(552) - age   9:        704 bytes,     893176 total
[2021-05-03T14:15:40.796+0000][7][gc,age      ] GC(552) - age  10:      19936 bytes,     913112 total
[2021-05-03T14:15:40.796+0000][7][gc,age      ] GC(552) - age  11:        128 bytes,     913240 total
[2021-05-03T14:15:40.796+0000][7][gc,age      ] GC(552) - age  12:        520 bytes,     913760 total
[2021-05-03T14:15:40.796+0000][7][gc,age      ] GC(552) - age  13:       1168 bytes,     914928 total
[2021-05-03T14:15:40.796+0000][7][gc,age      ] GC(552) - age  14:         32 bytes,     914960 total
[2021-05-03T14:15:40.796+0000][7][gc,phases   ] GC(552)   Pre Evacuate Collection Set: 0.1ms
[2021-05-03T14:15:40.796+0000][7][gc,phases   ] GC(552)   Merge Heap Roots: 0.0ms
[2021-05-03T14:15:40.796+0000][7][gc,phases   ] GC(552)   Evacuate Collection Set: 0.9ms
[2021-05-03T14:15:40.796+0000][7][gc,phases   ] GC(552)   Post Evacuate Collection Set: 0.5ms
[2021-05-03T14:15:40.796+0000][7][gc,phases   ] GC(552)   Other: 0.2ms
[2021-05-03T14:15:40.796+0000][7][gc,heap     ] GC(552) Eden regions: 21->0(21)
[2021-05-03T14:15:40.796+0000][7][gc,heap     ] GC(552) Survivor regions: 1->1(3)
[2021-05-03T14:15:40.796+0000][7][gc,heap     ] GC(552) Old regions: 27->27
[2021-05-03T14:15:40.796+0000][7][gc,heap     ] GC(552) Archive regions: 2->2
[2021-05-03T14:15:40.796+0000][7][gc,heap     ] GC(552) Humongous regions: 2->2
[2021-05-03T14:15:40.796+0000][7][gc,metaspace] GC(552) Metaspace: 110011K(114768K)->110011K(114768K) NonClass: 96066K(99484K)->96066K(99484K) Class: 13945K(15284K)->13945K(15284K)
[2021-05-03T14:15:40.796+0000][7][gc          ] GC(552) Pause Young (Concurrent Start) (G1 Evacuation Pause) 202M->118M(256M) 1.790ms
[2021-05-03T14:15:40.796+0000][7][gc,cpu      ] GC(552) User=0.00s Sys=0.00s Real=0.00s
[2021-05-03T14:15:40.796+0000][7][gc          ] GC(553) Concurrent Cycle
[2021-05-03T14:15:40.796+0000][7][safepoint   ] Safepoint "G1CollectForAllocation", Time since last: 94614919221 ns, Reaching safepoint: 130165 ns, At safepoint: 1863675 ns, Total: 1993840 ns
[2021-05-03T14:15:40.796+0000][7][gc,marking  ] GC(553) Concurrent Clear Claimed Marks
[2021-05-03T14:15:40.796+0000][7][gc,marking  ] GC(553) Concurrent Clear Claimed Marks 0.077ms
[2021-05-03T14:15:40.796+0000][7][gc,marking  ] GC(553) Concurrent Scan Root Regions
[2021-05-03T14:15:40.798+0000][7][gc,marking  ] GC(553) Concurrent Scan Root Regions 1.404ms
[2021-05-03T14:15:40.798+0000][7][gc,marking  ] GC(553) Concurrent Mark (43282.725s)
[2021-05-03T14:15:40.798+0000][7][gc,marking  ] GC(553) Concurrent Mark From Roots
[2021-05-03T14:15:40.798+0000][7][gc,task     ] GC(553) Using 2 workers of 2 for marking
[2021-05-03T14:15:40.877+0000][7][gc,marking  ] GC(553) Concurrent Mark From Roots 79.200ms
[2021-05-03T14:15:40.877+0000][7][gc,marking  ] GC(553) Concurrent Preclean
[2021-05-03T14:15:40.877+0000][7][gc,marking  ] GC(553) Concurrent Preclean 0.206ms
[2021-05-03T14:15:40.877+0000][7][gc,marking  ] GC(553) Concurrent Mark (43282.725s, 43282.805s) 79.455ms
[2021-05-03T14:15:40.877+0000][7][gc,start    ] GC(553) Pause Remark
[2021-05-03T14:15:40.883+0000][7][gc          ] GC(553) Pause Remark 122M->122M(256M) 5.694ms
[2021-05-03T14:15:40.883+0000][7][gc,cpu      ] GC(553) User=0.03s Sys=0.00s Real=0.01s
[2021-05-03T14:15:40.883+0000][7][safepoint   ] Safepoint "G1Concurrent", Time since last: 81075951 ns, Reaching safepoint: 144537 ns, At safepoint: 5781532 ns, Total: 5926069 ns
[2021-05-03T14:15:40.883+0000][7][gc,marking  ] GC(553) Concurrent Rebuild Remembered Sets
[2021-05-03T14:15:40.937+0000][7][gc,marking  ] GC(553) Concurrent Rebuild Remembered Sets 53.595ms
[2021-05-03T14:15:40.937+0000][7][gc,start    ] GC(553) Pause Cleanup
[2021-05-03T14:15:40.937+0000][7][gc          ] GC(553) Pause Cleanup 122M->122M(256M) 0.069ms
[2021-05-03T14:15:40.937+0000][7][gc,cpu      ] GC(553) User=0.00s Sys=0.00s Real=0.00s
[2021-05-03T14:15:40.937+0000][7][safepoint   ] Safepoint "G1Concurrent", Time since last: 53729479 ns, Reaching safepoint: 102833 ns, At safepoint: 108604 ns, Total: 211437 ns
[2021-05-03T14:15:40.937+0000][7][gc,marking  ] GC(553) Concurrent Cleanup for Next Mark
[2021-05-03T14:15:40.937+0000][7][gc,marking  ] GC(553) Concurrent Cleanup for Next Mark 0.182ms
[2021-05-03T14:15:40.937+0000][7][gc          ] GC(553) Concurrent Cycle 141.164ms
[2021-05-03T14:17:50.732+0000][7][gc,start    ] GC(554) Pause Young (Normal) (G1 Evacuation Pause)
[2021-05-03T14:17:50.732+0000][7][gc,task     ] GC(554) Using 6 workers of 8 for evacuation
[2021-05-03T14:17:50.732+0000][7][gc,age      ] GC(554) Desired survivor size 6291456 bytes, new threshold 15 (max threshold 15)
[2021-05-03T14:17:50.733+0000][7][gc,age      ] GC(554) Age table with threshold 15 (max threshold 15)
[2021-05-03T14:17:50.733+0000][7][gc,age      ] GC(554) - age   1:     345888 bytes,     345888 total
[2021-05-03T14:17:50.733+0000][7][gc,age      ] GC(554) - age   2:     301520 bytes,     647408 total
[2021-05-03T14:17:50.733+0000][7][gc,age      ] GC(554) - age   3:        464 bytes,     647872 total
[2021-05-03T14:17:50.733+0000][7][gc,age      ] GC(554) - age   4:        320 bytes,     648192 total
[2021-05-03T14:17:50.733+0000][7][gc,age      ] GC(554) - age   5:        360 bytes,     648552 total
[2021-05-03T14:17:50.733+0000][7][gc,age      ] GC(554) - age   6:       2048 bytes,     650600 total
[2021-05-03T14:17:50.733+0000][7][gc,age      ] GC(554) - age   7:        632 bytes,     651232 total
[2021-05-03T14:17:50.733+0000][7][gc,age      ] GC(554) - age   8:        776 bytes,     652008 total
[2021-05-03T14:17:50.733+0000][7][gc,age      ] GC(554) - age   9:        432 bytes,     652440 total
[2021-05-03T14:17:50.733+0000][7][gc,age      ] GC(554) - age  10:        704 bytes,     653144 total
[2021-05-03T14:17:50.733+0000][7][gc,age      ] GC(554) - age  11:      17648 bytes,     670792 total
[2021-05-03T14:17:50.733+0000][7][gc,age      ] GC(554) - age  12:        128 bytes,     670920 total
[2021-05-03T14:17:50.733+0000][7][gc,age      ] GC(554) - age  13:        520 bytes,     671440 total
[2021-05-03T14:17:50.733+0000][7][gc,age      ] GC(554) - age  14:       1168 bytes,     672608 total
[2021-05-03T14:17:50.733+0000][7][gc,age      ] GC(554) - age  15:         32 bytes,     672640 total
[2021-05-03T14:17:50.733+0000][7][gc,phases   ] GC(554)   Pre Evacuate Collection Set: 0.1ms
[2021-05-03T14:17:50.733+0000][7][gc,phases   ] GC(554)   Merge Heap Roots: 0.1ms
[2021-05-03T14:17:50.733+0000][7][gc,phases   ] GC(554)   Evacuate Collection Set: 0.9ms
[2021-05-03T14:17:50.733+0000][7][gc,phases   ] GC(554)   Post Evacuate Collection Set: 0.4ms
[2021-05-03T14:17:50.733+0000][7][gc,phases   ] GC(554)   Other: 0.2ms
[2021-05-03T14:17:50.733+0000][7][gc,heap     ] GC(554) Eden regions: 21->0(21)
[2021-05-03T14:17:50.733+0000][7][gc,heap     ] GC(554) Survivor regions: 1->1(3)
[2021-05-03T14:17:50.733+0000][7][gc,heap     ] GC(554) Old regions: 27->27
[2021-05-03T14:17:50.733+0000][7][gc,heap     ] GC(554) Archive regions: 2->2
[2021-05-03T14:17:50.733+0000][7][gc,heap     ] GC(554) Humongous regions: 2->2
[2021-05-03T14:17:50.733+0000][7][gc,metaspace] GC(554) Metaspace: 110011K(114768K)->110011K(114768K) NonClass: 96066K(99484K)->96066K(99484K) Class: 13945K(15284K)->13945K(15284K)
[2021-05-03T14:17:50.733+0000][7][gc          ] GC(554) Pause Young (Normal) (G1 Evacuation Pause) 202M->118M(256M) 1.681ms
[2021-05-03T14:17:50.733+0000][7][gc,cpu      ] GC(554) User=0.01s Sys=0.00s Real=0.00s
[2021-05-03T14:17:50.733+0000][7][safepoint   ] Safepoint "G1CollectForAllocation", Time since last: 129794688435 ns, Reaching safepoint: 86000 ns, At safepoint: 1780885 ns, Total: 1866885 ns
[2021-05-03T14:19:41.988+0000][7][gc,start    ] GC(555) Pause Young (Concurrent Start) (G1 Evacuation Pause)
[2021-05-03T14:19:41.988+0000][7][gc,task     ] GC(555) Using 6 workers of 8 for evacuation
[2021-05-03T14:19:41.989+0000][7][gc,age      ] GC(555) Desired survivor size 6291456 bytes, new threshold 15 (max threshold 15)
[2021-05-03T14:19:41.990+0000][7][gc,age      ] GC(555) Age table with threshold 15 (max threshold 15)
[2021-05-03T14:19:41.990+0000][7][gc,age      ] GC(555) - age   1:     829968 bytes,     829968 total
[2021-05-03T14:19:41.990+0000][7][gc,age      ] GC(555) - age   2:       3920 bytes,     833888 total
[2021-05-03T14:19:41.990+0000][7][gc,age      ] GC(555) - age   3:     260424 bytes,    1094312 total
[2021-05-03T14:19:41.990+0000][7][gc,age      ] GC(555) - age   4:        288 bytes,    1094600 total
[2021-05-03T14:19:41.990+0000][7][gc,age      ] GC(555) - age   5:        160 bytes,    1094760 total
[2021-05-03T14:19:41.990+0000][7][gc,age      ] GC(555) - age   6:        336 bytes,    1095096 total
[2021-05-03T14:19:41.990+0000][7][gc,age      ] GC(555) - age   7:       2048 bytes,    1097144 total
[2021-05-03T14:19:41.990+0000][7][gc,age      ] GC(555) - age   8:        632 bytes,    1097776 total
[2021-05-03T14:19:41.990+0000][7][gc,age      ] GC(555) - age   9:        776 bytes,    1098552 total
[2021-05-03T14:19:41.990+0000][7][gc,age      ] GC(555) - age  10:        432 bytes,    1098984 total
[2021-05-03T14:19:41.990+0000][7][gc,age      ] GC(555) - age  11:        704 bytes,    1099688 total
[2021-05-03T14:19:41.990+0000][7][gc,age      ] GC(555) - age  12:      17648 bytes,    1117336 total
[2021-05-03T14:19:41.990+0000][7][gc,age      ] GC(555) - age  13:         88 bytes,    1117424 total
[2021-05-03T14:19:41.990+0000][7][gc,age      ] GC(555) - age  14:        520 bytes,    1117944 total
[2021-05-03T14:19:41.990+0000][7][gc,age      ] GC(555) - age  15:       1168 bytes,    1119112 total
[2021-05-03T14:19:41.990+0000][7][gc,phases   ] GC(555)   Pre Evacuate Collection Set: 0.1ms
[2021-05-03T14:19:41.990+0000][7][gc,phases   ] GC(555)   Merge Heap Roots: 0.1ms
[2021-05-03T14:19:41.990+0000][7][gc,phases   ] GC(555)   Evacuate Collection Set: 1.0ms
[2021-05-03T14:19:41.990+0000][7][gc,phases   ] GC(555)   Post Evacuate Collection Set: 0.3ms
[2021-05-03T14:19:41.990+0000][7][gc,phases   ] GC(555)   Other: 0.3ms
[2021-05-03T14:19:41.990+0000][7][gc,heap     ] GC(555) Eden regions: 21->0(21)
[2021-05-03T14:19:41.990+0000][7][gc,heap     ] GC(555) Survivor regions: 1->1(3)
[2021-05-03T14:19:41.990+0000][7][gc,heap     ] GC(555) Old regions: 27->27
[2021-05-03T14:19:41.990+0000][7][gc,heap     ] GC(555) Archive regions: 2->2
[2021-05-03T14:19:41.990+0000][7][gc,heap     ] GC(555) Humongous regions: 2->2
[2021-05-03T14:19:41.990+0000][7][gc,metaspace] GC(555) Metaspace: 110017K(114768K)->110017K(114768K) NonClass: 96072K(99484K)->96072K(99484K) Class: 13945K(15284K)->13945K(15284K)
[2021-05-03T14:19:41.990+0000][7][gc          ] GC(555) Pause Young (Concurrent Start) (G1 Evacuation Pause) 202M->118M(256M) 1.824ms
[2021-05-03T14:19:41.990+0000][7][gc,cpu      ] GC(555) User=0.01s Sys=0.00s Real=0.00s
[2021-05-03T14:19:41.990+0000][7][gc          ] GC(556) Concurrent Cycle
[2021-05-03T14:19:41.990+0000][7][safepoint   ] Safepoint "G1CollectForAllocation", Time since last: 111254852080 ns, Reaching safepoint: 85919 ns, At safepoint: 1903007 ns, Total: 1988926 ns
[2021-05-03T14:19:41.990+0000][7][gc,marking  ] GC(556) Concurrent Clear Claimed Marks
[2021-05-03T14:19:41.990+0000][7][gc,marking  ] GC(556) Concurrent Clear Claimed Marks 0.079ms
[2021-05-03T14:19:41.990+0000][7][gc,marking  ] GC(556) Concurrent Scan Root Regions
[2021-05-03T14:19:41.992+0000][7][gc,marking  ] GC(556) Concurrent Scan Root Regions 2.030ms
[2021-05-03T14:19:41.993+0000][7][gc,marking  ] GC(556) Concurrent Mark (43523.920s)
[2021-05-03T14:19:41.993+0000][7][gc,marking  ] GC(556) Concurrent Mark From Roots
[2021-05-03T14:19:41.993+0000][7][gc,task     ] GC(556) Using 2 workers of 2 for marking
[2021-05-03T14:19:42.093+0000][7][gc,marking  ] GC(556) Concurrent Mark From Roots 100.716ms
[2021-05-03T14:19:42.093+0000][7][gc,marking  ] GC(556) Concurrent Preclean
[2021-05-03T14:19:42.094+0000][7][gc,marking  ] GC(556) Concurrent Preclean 0.247ms
[2021-05-03T14:19:42.094+0000][7][gc,marking  ] GC(556) Concurrent Mark (43523.920s, 43524.021s) 101.016ms
[2021-05-03T14:19:42.094+0000][7][gc,start    ] GC(556) Pause Remark
[2021-05-03T14:19:42.101+0000][7][gc          ] GC(556) Pause Remark 122M->122M(256M) 6.840ms
[2021-05-03T14:19:42.101+0000][7][gc,cpu      ] GC(556) User=0.03s Sys=0.00s Real=0.01s
[2021-05-03T14:19:42.101+0000][7][safepoint   ] Safepoint "G1Concurrent", Time since last: 103266225 ns, Reaching safepoint: 149305 ns, At safepoint: 6948834 ns, Total: 7098139 ns
[2021-05-03T14:19:42.101+0000][7][gc,marking  ] GC(556) Concurrent Rebuild Remembered Sets
[2021-05-03T14:19:42.133+0000][7][safepoint   ] Safepoint "ICBufferFull", Time since last: 29633539 ns, Reaching safepoint: 2558481 ns, At safepoint: 35308 ns, Total: 2593789 ns
[2021-05-03T14:19:42.237+0000][7][gc,marking  ] GC(556) Concurrent Rebuild Remembered Sets 136.423ms
[2021-05-03T14:19:42.238+0000][7][gc,start    ] GC(556) Pause Cleanup
[2021-05-03T14:19:42.238+0000][7][gc          ] GC(556) Pause Cleanup 167M->167M(256M) 0.105ms
[2021-05-03T14:19:42.238+0000][7][gc,cpu      ] GC(556) User=0.00s Sys=0.00s Real=0.00s
[2021-05-03T14:19:42.238+0000][7][safepoint   ] Safepoint "G1Concurrent", Time since last: 104296835 ns, Reaching safepoint: 358397 ns, At safepoint: 174864 ns, Total: 533261 ns
[2021-05-03T14:19:42.238+0000][7][gc,marking  ] GC(556) Concurrent Cleanup for Next Mark
[2021-05-03T14:19:42.238+0000][7][gc,marking  ] GC(556) Concurrent Cleanup for Next Mark 0.305ms
[2021-05-03T14:19:42.238+0000][7][gc          ] GC(556) Concurrent Cycle 247.944ms
[2021-05-03T14:19:43.239+0000][7][safepoint   ] Safepoint "Cleanup", Time since last: 1001049947 ns, Reaching safepoint: 155411 ns, At safepoint: 5447 ns, Total: 160858 ns
[2021-05-03T14:19:50.240+0000][7][safepoint   ] Safepoint "Cleanup", Time since last: 7001061251 ns, Reaching safepoint: 109642 ns, At safepoint: 9797 ns, Total: 119439 ns
[2021-05-03T14:19:51.240+0000][7][safepoint   ] Safepoint "Cleanup", Time since last: 1000151025 ns, Reaching safepoint: 102840 ns, At safepoint: 7477 ns, Total: 110317 ns
[2021-05-03T14:20:20.745+0000][7][gc,start    ] GC(557) Pause Young (Normal) (G1 Evacuation Pause)
[2021-05-03T14:20:20.745+0000][7][gc,task     ] GC(557) Using 6 workers of 8 for evacuation
[2021-05-03T14:20:20.745+0000][7][gc,age      ] GC(557) Desired survivor size 6291456 bytes, new threshold 15 (max threshold 15)
[2021-05-03T14:20:20.747+0000][7][gc,age      ] GC(557) Age table with threshold 15 (max threshold 15)
[2021-05-03T14:20:20.747+0000][7][gc,age      ] GC(557) - age   1:    1271648 bytes,    1271648 total
[2021-05-03T14:20:20.747+0000][7][gc,age      ] GC(557) - age   2:      69536 bytes,    1341184 total
[2021-05-03T14:20:20.747+0000][7][gc,age      ] GC(557) - age   3:       3504 bytes,    1344688 total
[2021-05-03T14:20:20.747+0000][7][gc,age      ] GC(557) - age   4:     180224 bytes,    1524912 total
[2021-05-03T14:20:20.747+0000][7][gc,age      ] GC(557) - age   5:        288 bytes,    1525200 total
[2021-05-03T14:20:20.747+0000][7][gc,age      ] GC(557) - age   6:        160 bytes,    1525360 total
[2021-05-03T14:20:20.747+0000][7][gc,age      ] GC(557) - age   7:        336 bytes,    1525696 total
[2021-05-03T14:20:20.747+0000][7][gc,age      ] GC(557) - age   8:       2048 bytes,    1527744 total
[2021-05-03T14:20:20.747+0000][7][gc,age      ] GC(557) - age   9:        632 bytes,    1528376 total
[2021-05-03T14:20:20.747+0000][7][gc,age      ] GC(557) - age  10:        560 bytes,    1528936 total
[2021-05-03T14:20:20.747+0000][7][gc,age      ] GC(557) - age  11:        432 bytes,    1529368 total
[2021-05-03T14:20:20.747+0000][7][gc,age      ] GC(557) - age  12:        704 bytes,    1530072 total
[2021-05-03T14:20:20.747+0000][7][gc,age      ] GC(557) - age  13:      17552 bytes,    1547624 total
[2021-05-03T14:20:20.747+0000][7][gc,age      ] GC(557) - age  14:         88 bytes,    1547712 total
[2021-05-03T14:20:20.747+0000][7][gc,age      ] GC(557) - age  15:        520 bytes,    1548232 total
[2021-05-03T14:20:20.747+0000][7][gc,phases   ] GC(557)   Pre Evacuate Collection Set: 0.1ms
[2021-05-03T14:20:20.747+0000][7][gc,phases   ] GC(557)   Merge Heap Roots: 0.1ms
[2021-05-03T14:20:20.747+0000][7][gc,phases   ] GC(557)   Evacuate Collection Set: 1.4ms
[2021-05-03T14:20:20.747+0000][7][gc,phases   ] GC(557)   Post Evacuate Collection Set: 0.6ms
[2021-05-03T14:20:20.748+0000][7][gc,phases   ] GC(557)   Other: 0.2ms
[2021-05-03T14:20:20.748+0000][7][gc,heap     ] GC(557) Eden regions: 21->0(21)
[2021-05-03T14:20:20.748+0000][7][gc,heap     ] GC(557) Survivor regions: 1->1(3)
[2021-05-03T14:20:20.748+0000][7][gc,heap     ] GC(557) Old regions: 27->27
[2021-05-03T14:20:20.748+0000][7][gc,heap     ] GC(557) Archive regions: 2->2
[2021-05-03T14:20:20.748+0000][7][gc,heap     ] GC(557) Humongous regions: 2->2
[2021-05-03T14:20:20.748+0000][7][gc,metaspace] GC(557) Metaspace: 110246K(115024K)->110246K(115024K) NonClass: 96265K(99740K)->96265K(99740K) Class: 13981K(15284K)->13981K(15284K)
[2021-05-03T14:20:20.748+0000][7][gc          ] GC(557) Pause Young (Normal) (G1 Evacuation Pause) 202M->119M(256M) 2.398ms
[2021-05-03T14:20:20.748+0000][7][gc,cpu      ] GC(557) User=0.01s Sys=0.00s Real=0.00s
[2021-05-03T14:20:20.748+0000][7][safepoint   ] Safepoint "G1CollectForAllocation", Time since last: 29504561267 ns, Reaching safepoint: 156604 ns, At safepoint: 2458094 ns, Total: 2614698 ns
[2021-05-03T14:20:21.748+0000][7][safepoint   ] Safepoint "Cleanup", Time since last: 1000100208 ns, Reaching safepoint: 78321 ns, At safepoint: 4888 ns, Total: 83209 ns
[2021-05-03T14:20:42.751+0000][7][safepoint   ] Safepoint "Cleanup", Time since last: 21003042588 ns, Reaching safepoint: 121507 ns, At safepoint: 7880 ns, Total: 129387 ns
[2021-05-03T14:21:20.757+0000][7][safepoint   ] Safepoint "Cleanup", Time since last: 38006081448 ns, Reaching safepoint: 88888 ns, At safepoint: 4545 ns, Total: 93433 ns
[2021-05-03T14:21:42.761+0000][7][safepoint   ] Safepoint "Cleanup", Time since last: 22003444281 ns, Reaching safepoint: 121323 ns, At safepoint: 5534 ns, Total: 126857 ns
[2021-05-03T14:21:45.761+0000][7][safepoint   ] Safepoint "Cleanup", Time since last: 3000452621 ns, Reaching safepoint: 93439 ns, At safepoint: 5213 ns, Total: 98652 ns
[2021-05-03T14:21:50.762+0000][7][safepoint   ] Safepoint "Cleanup", Time since last: 5001000309 ns, Reaching safepoint: 83316 ns, At safepoint: 8205 ns, Total: 91521 ns
[2021-05-03T14:22:04.765+0000][7][safepoint   ] Safepoint "Cleanup", Time since last: 14002344316 ns, Reaching safepoint: 94392 ns, At safepoint: 7673 ns, Total: 102065 ns
[2021-05-03T14:22:10.765+0000][7][safepoint   ] Safepoint "Cleanup", Time since last: 6000512526 ns, Reaching safepoint: 198868 ns, At safepoint: 9471 ns, Total: 208339 ns
[2021-05-03T14:22:36.185+0000][7][gc,start    ] GC(558) Pause Young (Concurrent Start) (G1 Evacuation Pause)
[2021-05-03T14:22:36.185+0000][7][gc,task     ] GC(558) Using 6 workers of 8 for evacuation
[2021-05-03T14:22:36.185+0000][7][gc,age      ] GC(558) Desired survivor size 6291456 bytes, new threshold 15 (max threshold 15)
[2021-05-03T14:22:36.187+0000][7][gc,age      ] GC(558) Age table with threshold 15 (max threshold 15)
[2021-05-03T14:22:36.187+0000][7][gc,age      ] GC(558) - age   1:     515368 bytes,     515368 total
[2021-05-03T14:22:36.187+0000][7][gc,age      ] GC(558) - age   2:     594072 bytes,    1109440 total
[2021-05-03T14:22:36.187+0000][7][gc,age      ] GC(558) - age   3:      60240 bytes,    1169680 total
[2021-05-03T14:22:36.187+0000][7][gc,age      ] GC(558) - age   4:       3360 bytes,    1173040 total
[2021-05-03T14:22:36.187+0000][7][gc,age      ] GC(558) - age   5:     180224 bytes,    1353264 total
[2021-05-03T14:22:36.187+0000][7][gc,age      ] GC(558) - age   6:        288 bytes,    1353552 total
[2021-05-03T14:22:36.187+0000][7][gc,age      ] GC(558) - age   7:        160 bytes,    1353712 total
[2021-05-03T14:22:36.187+0000][7][gc,age      ] GC(558) - age   8:        336 bytes,    1354048 total
[2021-05-03T14:22:36.187+0000][7][gc,age      ] GC(558) - age   9:       2048 bytes,    1356096 total
[2021-05-03T14:22:36.187+0000][7][gc,age      ] GC(558) - age  10:        632 bytes,    1356728 total
[2021-05-03T14:22:36.187+0000][7][gc,age      ] GC(558) - age  11:        560 bytes,    1357288 total
[2021-05-03T14:22:36.187+0000][7][gc,age      ] GC(558) - age  12:        432 bytes,    1357720 total
[2021-05-03T14:22:36.187+0000][7][gc,age      ] GC(558) - age  13:        704 bytes,    1358424 total
[2021-05-03T14:22:36.187+0000][7][gc,age      ] GC(558) - age  14:      17512 bytes,    1375936 total
[2021-05-03T14:22:36.187+0000][7][gc,age      ] GC(558) - age  15:         88 bytes,    1376024 total
[2021-05-03T14:22:36.187+0000][7][gc,phases   ] GC(558)   Pre Evacuate Collection Set: 0.1ms
[2021-05-03T14:22:36.187+0000][7][gc,phases   ] GC(558)   Merge Heap Roots: 0.0ms
[2021-05-03T14:22:36.187+0000][7][gc,phases   ] GC(558)   Evacuate Collection Set: 1.0ms
[2021-05-03T14:22:36.187+0000][7][gc,phases   ] GC(558)   Post Evacuate Collection Set: 0.4ms
[2021-05-03T14:22:36.187+0000][7][gc,phases   ] GC(558)   Other: 0.2ms
[2021-05-03T14:22:36.187+0000][7][gc,heap     ] GC(558) Eden regions: 21->0(21)
[2021-05-03T14:22:36.187+0000][7][gc,heap     ] GC(558) Survivor regions: 1->1(3)
[2021-05-03T14:22:36.187+0000][7][gc,heap     ] GC(558) Old regions: 27->27
[2021-05-03T14:22:36.187+0000][7][gc,heap     ] GC(558) Archive regions: 2->2
[2021-05-03T14:22:36.187+0000][7][gc,heap     ] GC(558) Humongous regions: 2->2
[2021-05-03T14:22:36.187+0000][7][gc,metaspace] GC(558) Metaspace: 110246K(115024K)->110246K(115024K) NonClass: 96265K(99740K)->96265K(99740K) Class: 13981K(15284K)->13981K(15284K)
[2021-05-03T14:22:36.187+0000][7][gc          ] GC(558) Pause Young (Concurrent Start) (G1 Evacuation Pause) 203M->119M(256M) 1.822ms
[2021-05-03T14:22:36.187+0000][7][gc,cpu      ] GC(558) User=0.01s Sys=0.00s Real=0.00s
[2021-05-03T14:22:36.187+0000][7][safepoint   ] Safepoint "G1CollectForAllocation", Time since last: 25419189985 ns, Reaching safepoint: 202542 ns, At safepoint: 1888271 ns, Total: 2090813 ns
[2021-05-03T14:22:36.187+0000][7][gc          ] GC(559) Concurrent Cycle
[2021-05-03T14:22:36.187+0000][7][gc,marking  ] GC(559) Concurrent Clear Claimed Marks
[2021-05-03T14:22:36.187+0000][7][gc,marking  ] GC(559) Concurrent Clear Claimed Marks 0.052ms
[2021-05-03T14:22:36.187+0000][7][gc,marking  ] GC(559) Concurrent Scan Root Regions
[2021-05-03T14:22:36.189+0000][7][gc,marking  ] GC(559) Concurrent Scan Root Regions 1.674ms
[2021-05-03T14:22:36.189+0000][7][gc,marking  ] GC(559) Concurrent Mark (43698.116s)
[2021-05-03T14:22:36.189+0000][7][gc,marking  ] GC(559) Concurrent Mark From Roots
[2021-05-03T14:22:36.189+0000][7][gc,task     ] GC(559) Using 2 workers of 2 for marking
[2021-05-03T14:22:36.281+0000][7][gc,marking  ] GC(559) Concurrent Mark From Roots 92.362ms
[2021-05-03T14:22:36.281+0000][7][gc,marking  ] GC(559) Concurrent Preclean
[2021-05-03T14:22:36.281+0000][7][gc,marking  ] GC(559) Concurrent Preclean 0.209ms
[2021-05-03T14:22:36.281+0000][7][gc,marking  ] GC(559) Concurrent Mark (43698.116s, 43698.209s) 92.617ms
[2021-05-03T14:22:36.281+0000][7][gc,start    ] GC(559) Pause Remark
[2021-05-03T14:22:36.288+0000][7][gc          ] GC(559) Pause Remark 120M->120M(256M) 6.713ms
[2021-05-03T14:22:36.288+0000][7][gc,cpu      ] GC(559) User=0.04s Sys=0.00s Real=0.00s
[2021-05-03T14:22:36.288+0000][7][safepoint   ] Safepoint "G1Concurrent", Time since last: 94438423 ns, Reaching safepoint: 73148 ns, At safepoint: 6790384 ns, Total: 6863532 ns
[2021-05-03T14:22:36.288+0000][7][gc,marking  ] GC(559) Concurrent Rebuild Remembered Sets
[2021-05-03T14:22:36.347+0000][7][gc,marking  ] GC(559) Concurrent Rebuild Remembered Sets 58.793ms
[2021-05-03T14:22:36.347+0000][7][gc,start    ] GC(559) Pause Cleanup
[2021-05-03T14:22:36.347+0000][7][gc          ] GC(559) Pause Cleanup 120M->120M(256M) 0.060ms
[2021-05-03T14:22:36.347+0000][7][gc,cpu      ] GC(559) User=0.00s Sys=0.00s Real=0.00s
[2021-05-03T14:22:36.347+0000][7][safepoint   ] Safepoint "G1Concurrent", Time since last: 58935828 ns, Reaching safepoint: 157266 ns, At safepoint: 99156 ns, Total: 256422 ns
[2021-05-03T14:22:36.347+0000][7][gc,marking  ] GC(559) Concurrent Cleanup for Next Mark
[2021-05-03T14:22:36.347+0000][7][gc,marking  ] GC(559) Concurrent Cleanup for Next Mark 0.117ms
[2021-05-03T14:22:36.347+0000][7][gc          ] GC(559) Concurrent Cycle 160.637ms
[2021-05-03T14:22:51.349+0000][7][safepoint   ] Safepoint "Cleanup", Time since last: 15002043152 ns, Reaching safepoint: 144324 ns, At safepoint: 6136 ns, Total: 150460 ns
[2021-05-03T14:23:16.354+0000][7][safepoint   ] Safepoint "Cleanup", Time since last: 25004160082 ns, Reaching safepoint: 137216 ns, At safepoint: 5799 ns, Total: 143015 ns
[2021-05-03T14:23:43.360+0000][7][safepoint   ] Safepoint "Cleanup", Time since last: 27006176963 ns, Reaching safepoint: 75875 ns, At safepoint: 5631 ns, Total: 81506 ns
[2021-05-03T14:24:34.369+0000][7][safepoint   ] Safepoint "Cleanup", Time since last: 51008760073 ns, Reaching safepoint: 123463 ns, At safepoint: 5756 ns, Total: 129219 ns
[2021-05-03T14:24:42.772+0000][7][gc,start    ] GC(560) Pause Young (Normal) (G1 Evacuation Pause)
[2021-05-03T14:24:42.772+0000][7][gc,task     ] GC(560) Using 6 workers of 8 for evacuation
[2021-05-03T14:24:42.772+0000][7][gc,age      ] GC(560) Desired survivor size 6291456 bytes, new threshold 15 (max threshold 15)
[2021-05-03T14:24:42.774+0000][7][gc,age      ] GC(560) Age table with threshold 15 (max threshold 15)
[2021-05-03T14:24:42.774+0000][7][gc,age      ] GC(560) - age   1:     526840 bytes,     526840 total
[2021-05-03T14:24:42.774+0000][7][gc,age      ] GC(560) - age   2:       1016 bytes,     527856 total
[2021-05-03T14:24:42.774+0000][7][gc,age      ] GC(560) - age   3:     573800 bytes,    1101656 total
[2021-05-03T14:24:42.774+0000][7][gc,age      ] GC(560) - age   4:      60016 bytes,    1161672 total
[2021-05-03T14:24:42.774+0000][7][gc,age      ] GC(560) - age   5:       3360 bytes,    1165032 total
[2021-05-03T14:24:42.774+0000][7][gc,age      ] GC(560) - age   6:     177448 bytes,    1342480 total
[2021-05-03T14:24:42.774+0000][7][gc,age      ] GC(560) - age   7:        264 bytes,    1342744 total
[2021-05-03T14:24:42.774+0000][7][gc,age      ] GC(560) - age   8:        160 bytes,    1342904 total
[2021-05-03T14:24:42.774+0000][7][gc,age      ] GC(560) - age   9:        136 bytes,    1343040 total
[2021-05-03T14:24:42.774+0000][7][gc,age      ] GC(560) - age  10:       2008 bytes,    1345048 total
[2021-05-03T14:24:42.774+0000][7][gc,age      ] GC(560) - age  11:        632 bytes,    1345680 total
[2021-05-03T14:24:42.774+0000][7][gc,age      ] GC(560) - age  12:        560 bytes,    1346240 total
[2021-05-03T14:24:42.774+0000][7][gc,age      ] GC(560) - age  13:        432 bytes,    1346672 total
[2021-05-03T14:24:42.774+0000][7][gc,age      ] GC(560) - age  14:        704 bytes,    1347376 total
[2021-05-03T14:24:42.774+0000][7][gc,age      ] GC(560) - age  15:      17512 bytes,    1364888 total
[2021-05-03T14:24:42.774+0000][7][gc,phases   ] GC(560)   Pre Evacuate Collection Set: 0.0ms
[2021-05-03T14:24:42.774+0000][7][gc,phases   ] GC(560)   Merge Heap Roots: 0.0ms
[2021-05-03T14:24:42.774+0000][7][gc,phases   ] GC(560)   Evacuate Collection Set: 0.9ms
[2021-05-03T14:24:42.774+0000][7][gc,phases   ] GC(560)   Post Evacuate Collection Set: 0.5ms
[2021-05-03T14:24:42.774+0000][7][gc,phases   ] GC(560)   Other: 0.2ms
[2021-05-03T14:24:42.774+0000][7][gc,heap     ] GC(560) Eden regions: 21->0(21)
[2021-05-03T14:24:42.774+0000][7][gc,heap     ] GC(560) Survivor regions: 1->1(3)
[2021-05-03T14:24:42.774+0000][7][gc,heap     ] GC(560) Old regions: 27->27
[2021-05-03T14:24:42.774+0000][7][gc,heap     ] GC(560) Archive regions: 2->2
[2021-05-03T14:24:42.774+0000][7][gc,heap     ] GC(560) Humongous regions: 2->2
[2021-05-03T14:24:42.774+0000][7][gc,metaspace] GC(560) Metaspace: 110246K(115024K)->110246K(115024K) NonClass: 96265K(99740K)->96265K(99740K) Class: 13981K(15284K)->13981K(15284K)
[2021-05-03T14:24:42.774+0000][7][gc          ] GC(560) Pause Young (Normal) (G1 Evacuation Pause) 203M->119M(256M) 1.748ms
[2021-05-03T14:24:42.774+0000][7][gc,cpu      ] GC(560) User=0.01s Sys=0.00s Real=0.00s
[2021-05-03T14:24:42.774+0000][7][safepoint   ] Safepoint "G1CollectForAllocation", Time since last: 8403113488 ns, Reaching safepoint: 158121 ns, At safepoint: 1810440 ns, Total: 1968561 ns
[2021-05-03T14:24:43.774+0000][7][safepoint   ] Safepoint "Cleanup", Time since last: 1000188458 ns, Reaching safepoint: 96122 ns, At safepoint: 7530 ns, Total: 103652 ns
[2021-05-03T14:25:06.780+0000][7][safepoint   ] Safepoint "Cleanup", Time since last: 23005190611 ns, Reaching safepoint: 116622 ns, At safepoint: 5899 ns, Total: 122521 ns
[2021-05-03T14:25:40.785+0000][7][safepoint   ] Safepoint "Cleanup", Time since last: 34005355483 ns, Reaching safepoint: 86119 ns, At safepoint: 5154 ns, Total: 91273 ns
[2021-05-03T14:25:50.787+0000][7][safepoint   ] Safepoint "Cleanup", Time since last: 10001987136 ns, Reaching safepoint: 135403 ns, At safepoint: 5397 ns, Total: 140800 ns
[2021-05-03T14:26:20.769+0000][7][gc,start    ] GC(561) Pause Young (Concurrent Start) (G1 Evacuation Pause)
[2021-05-03T14:26:20.769+0000][7][gc,task     ] GC(561) Using 6 workers of 8 for evacuation
[2021-05-03T14:26:20.769+0000][7][gc,age      ] GC(561) Desired survivor size 6291456 bytes, new threshold 15 (max threshold 15)
[2021-05-03T14:26:20.770+0000][7][gc,age      ] GC(561) Age table with threshold 15 (max threshold 15)
[2021-05-03T14:26:20.770+0000][7][gc,age      ] GC(561) - age   1:     849440 bytes,     849440 total
[2021-05-03T14:26:20.770+0000][7][gc,age      ] GC(561) - age   2:       3920 bytes,     853360 total
[2021-05-03T14:26:20.770+0000][7][gc,age      ] GC(561) - age   3:        800 bytes,     854160 total
[2021-05-03T14:26:20.770+0000][7][gc,age      ] GC(561) - age   4:     573800 bytes,    1427960 total
[2021-05-03T14:26:20.770+0000][7][gc,age      ] GC(561) - age   5:      60016 bytes,    1487976 total
[2021-05-03T14:26:20.770+0000][7][gc,age      ] GC(561) - age   6:       2320 bytes,    1490296 total
[2021-05-03T14:26:20.770+0000][7][gc,age      ] GC(561) - age   7:       3328 bytes,    1493624 total
[2021-05-03T14:26:20.770+0000][7][gc,age      ] GC(561) - age   9:         64 bytes,    1493688 total
[2021-05-03T14:26:20.770+0000][7][gc,age      ] GC(561) - age  10:        136 bytes,    1493824 total
[2021-05-03T14:26:20.770+0000][7][gc,age      ] GC(561) - age  11:       1088 bytes,    1494912 total
[2021-05-03T14:26:20.770+0000][7][gc,age      ] GC(561) - age  12:        304 bytes,    1495216 total
[2021-05-03T14:26:20.770+0000][7][gc,age      ] GC(561) - age  13:        560 bytes,    1495776 total
[2021-05-03T14:26:20.770+0000][7][gc,age      ] GC(561) - age  14:        432 bytes,    1496208 total
[2021-05-03T14:26:20.770+0000][7][gc,age      ] GC(561) - age  15:        704 bytes,    1496912 total
[2021-05-03T14:26:20.770+0000][7][gc,phases   ] GC(561)   Pre Evacuate Collection Set: 0.1ms
[2021-05-03T14:26:20.771+0000][7][gc,phases   ] GC(561)   Merge Heap Roots: 0.0ms
[2021-05-03T14:26:20.771+0000][7][gc,phases   ] GC(561)   Evacuate Collection Set: 1.0ms
[2021-05-03T14:26:20.771+0000][7][gc,phases   ] GC(561)   Post Evacuate Collection Set: 0.4ms
[2021-05-03T14:26:20.771+0000][7][gc,phases   ] GC(561)   Other: 0.2ms
[2021-05-03T14:26:20.771+0000][7][gc,heap     ] GC(561) Eden regions: 21->0(21)
[2021-05-03T14:26:20.771+0000][7][gc,heap     ] GC(561) Survivor regions: 1->1(3)
[2021-05-03T14:26:20.771+0000][7][gc,heap     ] GC(561) Old regions: 27->27
[2021-05-03T14:26:20.771+0000][7][gc,heap     ] GC(561) Archive regions: 2->2
[2021-05-03T14:26:20.771+0000][7][gc,heap     ] GC(561) Humongous regions: 2->2
[2021-05-03T14:26:20.771+0000][7][gc,metaspace] GC(561) Metaspace: 110251K(115024K)->110251K(115024K) NonClass: 96269K(99740K)->96269K(99740K) Class: 13981K(15284K)->13981K(15284K)
[2021-05-03T14:26:20.771+0000][7][gc          ] GC(561) Pause Young (Concurrent Start) (G1 Evacuation Pause) 203M->119M(256M) 1.847ms
[2021-05-03T14:26:20.771+0000][7][gc,cpu      ] GC(561) User=0.00s Sys=0.00s Real=0.00s
[2021-05-03T14:26:20.771+0000][7][gc          ] GC(562) Concurrent Cycle
[2021-05-03T14:26:20.771+0000][7][safepoint   ] Safepoint "G1CollectForAllocation", Time since last: 29981391796 ns, Reaching safepoint: 148725 ns, At safepoint: 1923840 ns, Total: 2072565 ns
[2021-05-03T14:26:20.771+0000][7][gc,marking  ] GC(562) Concurrent Clear Claimed Marks
[2021-05-03T14:26:20.771+0000][7][gc,marking  ] GC(562) Concurrent Clear Claimed Marks 0.066ms
[2021-05-03T14:26:20.771+0000][7][gc,marking  ] GC(562) Concurrent Scan Root Regions
[2021-05-03T14:26:20.772+0000][7][gc,marking  ] GC(562) Concurrent Scan Root Regions 1.611ms
[2021-05-03T14:26:20.772+0000][7][gc,marking  ] GC(562) Concurrent Mark (43922.700s)
[2021-05-03T14:26:20.772+0000][7][gc,marking  ] GC(562) Concurrent Mark From Roots
[2021-05-03T14:26:20.772+0000][7][gc,task     ] GC(562) Using 2 workers of 2 for marking
[2021-05-03T14:26:20.883+0000][7][gc,marking  ] GC(562) Concurrent Mark From Roots 110.473ms
[2021-05-03T14:26:20.883+0000][7][gc,marking  ] GC(562) Concurrent Preclean
[2021-05-03T14:26:20.883+0000][7][gc,marking  ] GC(562) Concurrent Preclean 0.252ms
[2021-05-03T14:26:20.883+0000][7][gc,marking  ] GC(562) Concurrent Mark (43922.700s, 43922.811s) 110.781ms
[2021-05-03T14:26:20.883+0000][7][gc,start    ] GC(562) Pause Remark
[2021-05-03T14:26:20.889+0000][7][gc          ] GC(562) Pause Remark 121M->121M(256M) 6.139ms
[2021-05-03T14:26:20.890+0000][7][gc,cpu      ] GC(562) User=0.03s Sys=0.00s Real=0.00s
[2021-05-03T14:26:20.890+0000][7][safepoint   ] Safepoint "G1Concurrent", Time since last: 112549735 ns, Reaching safepoint: 109293 ns, At safepoint: 6229022 ns, Total: 6338315 ns
[2021-05-03T14:26:20.890+0000][7][gc,marking  ] GC(562) Concurrent Rebuild Remembered Sets
[2021-05-03T14:26:20.944+0000][7][gc,marking  ] GC(562) Concurrent Rebuild Remembered Sets 54.326ms
[2021-05-03T14:26:20.944+0000][7][gc,start    ] GC(562) Pause Cleanup
[2021-05-03T14:26:20.944+0000][7][gc          ] GC(562) Pause Cleanup 121M->121M(256M) 0.078ms
[2021-05-03T14:26:20.944+0000][7][gc,cpu      ] GC(562) User=0.00s Sys=0.00s Real=0.00s
[2021-05-03T14:26:20.944+0000][7][safepoint   ] Safepoint "G1Concurrent", Time since last: 54475751 ns, Reaching safepoint: 111727 ns, At safepoint: 123322 ns, Total: 235049 ns
[2021-05-03T14:26:20.944+0000][7][gc,marking  ] GC(562) Concurrent Cleanup for Next Mark
[2021-05-03T14:26:20.945+0000][7][gc,marking  ] GC(562) Concurrent Cleanup for Next Mark 0.221ms
[2021-05-03T14:26:20.945+0000][7][gc          ] GC(562) Concurrent Cycle 173.946ms
[2021-05-03T14:26:50.949+0000][7][safepoint   ] Safepoint "Cleanup", Time since last: 30004949805 ns, Reaching safepoint: 112954 ns, At safepoint: 4677 ns, Total: 117631 ns
[2021-05-03T14:28:20.965+0000][7][safepoint   ] Safepoint "Cleanup", Time since last: 90015653286 ns, Reaching safepoint: 102175 ns, At safepoint: 4696 ns, Total: 106871 ns
[2021-05-03T14:28:36.197+0000][7][gc,start    ] GC(563) Pause Young (Normal) (G1 Evacuation Pause)
[2021-05-03T14:28:36.197+0000][7][gc,task     ] GC(563) Using 6 workers of 8 for evacuation
[2021-05-03T14:28:36.197+0000][7][gc,age      ] GC(563) Desired survivor size 6291456 bytes, new threshold 15 (max threshold 15)
[2021-05-03T14:28:36.199+0000][7][gc,age      ] GC(563) Age table with threshold 15 (max threshold 15)
[2021-05-03T14:28:36.199+0000][7][gc,age      ] GC(563) - age   1:     515560 bytes,     515560 total
[2021-05-03T14:28:36.199+0000][7][gc,age      ] GC(563) - age   2:     273680 bytes,     789240 total
[2021-05-03T14:28:36.199+0000][7][gc,age      ] GC(563) - age   3:       3352 bytes,     792592 total
[2021-05-03T14:28:36.199+0000][7][gc,age      ] GC(563) - age   4:        800 bytes,     793392 total
[2021-05-03T14:28:36.199+0000][7][gc,age      ] GC(563) - age   5:     573800 bytes,    1367192 total
[2021-05-03T14:28:36.199+0000][7][gc,age      ] GC(563) - age   6:      59952 bytes,    1427144 total
[2021-05-03T14:28:36.199+0000][7][gc,age      ] GC(563) - age   7:       2320 bytes,    1429464 total
[2021-05-03T14:28:36.199+0000][7][gc,age      ] GC(563) - age   8:       3328 bytes,    1432792 total
[2021-05-03T14:28:36.199+0000][7][gc,age      ] GC(563) - age  10:         64 bytes,    1432856 total
[2021-05-03T14:28:36.199+0000][7][gc,age      ] GC(563) - age  11:        136 bytes,    1432992 total
[2021-05-03T14:28:36.199+0000][7][gc,age      ] GC(563) - age  12:       1088 bytes,    1434080 total
[2021-05-03T14:28:36.199+0000][7][gc,age      ] GC(563) - age  13:        304 bytes,    1434384 total
[2021-05-03T14:28:36.199+0000][7][gc,age      ] GC(563) - age  14:        560 bytes,    1434944 total
[2021-05-03T14:28:36.199+0000][7][gc,age      ] GC(563) - age  15:        432 bytes,    1435376 total
[2021-05-03T14:28:36.199+0000][7][gc,phases   ] GC(563)   Pre Evacuate Collection Set: 0.0ms
[2021-05-03T14:28:36.199+0000][7][gc,phases   ] GC(563)   Merge Heap Roots: 0.0ms
[2021-05-03T14:28:36.199+0000][7][gc,phases   ] GC(563)   Evacuate Collection Set: 1.0ms
[2021-05-03T14:28:36.199+0000][7][gc,phases   ] GC(563)   Post Evacuate Collection Set: 0.5ms
[2021-05-03T14:28:36.199+0000][7][gc,phases   ] GC(563)   Other: 0.2ms
[2021-05-03T14:28:36.199+0000][7][gc,heap     ] GC(563) Eden regions: 21->0(21)
[2021-05-03T14:28:36.199+0000][7][gc,heap     ] GC(563) Survivor regions: 1->1(3)
[2021-05-03T14:28:36.199+0000][7][gc,heap     ] GC(563) Old regions: 27->27
[2021-05-03T14:28:36.199+0000][7][gc,heap     ] GC(563) Archive regions: 2->2
[2021-05-03T14:28:36.199+0000][7][gc,heap     ] GC(563) Humongous regions: 2->2
[2021-05-03T14:28:36.199+0000][7][gc,metaspace] GC(563) Metaspace: 110251K(115024K)->110251K(115024K) NonClass: 96269K(99740K)->96269K(99740K) Class: 13981K(15284K)->13981K(15284K)
[2021-05-03T14:28:36.199+0000][7][gc          ] GC(563) Pause Young (Normal) (G1 Evacuation Pause) 203M->119M(256M) 1.943ms
[2021-05-03T14:28:36.199+0000][7][gc,cpu      ] GC(563) User=0.01s Sys=0.00s Real=0.00s
[2021-05-03T14:28:36.199+0000][7][safepoint   ] Safepoint "G1CollectForAllocation", Time since last: 15231915980 ns, Reaching safepoint: 181951 ns, At safepoint: 2016111 ns, Total: 2198062 ns
[2021-05-03T14:28:43.200+0000][7][safepoint   ] Safepoint "Cleanup", Time since last: 7000950942 ns, Reaching safepoint: 124748 ns, At safepoint: 7405 ns, Total: 132153 ns
[2021-05-03T14:28:58.204+0000][7][safepoint   ] Safepoint "Cleanup", Time since last: 15003420364 ns, Reaching safepoint: 116186 ns, At safepoint: 6651 ns, Total: 122837 ns
[2021-05-03T14:28:59.204+0000][7][safepoint   ] Safepoint "Cleanup", Time since last: 1000098608 ns, Reaching safepoint: 91386 ns, At safepoint: 8200 ns, Total: 99586 ns
[2021-05-03T14:30:38.672+0000][7][gc,start    ] GC(564) Pause Young (Concurrent Start) (G1 Evacuation Pause)
[2021-05-03T14:30:38.672+0000][7][gc,task     ] GC(564) Using 6 workers of 8 for evacuation
[2021-05-03T14:30:38.672+0000][7][gc,age      ] GC(564) Desired survivor size 6291456 bytes, new threshold 15 (max threshold 15)
[2021-05-03T14:30:38.674+0000][7][gc,age      ] GC(564) Age table with threshold 15 (max threshold 15)
[2021-05-03T14:30:38.674+0000][7][gc,age      ] GC(564) - age   1:     544216 bytes,     544216 total
[2021-05-03T14:30:38.674+0000][7][gc,age      ] GC(564) - age   2:       1064 bytes,     545280 total
[2021-05-03T14:30:38.674+0000][7][gc,age      ] GC(564) - age   3:     151592 bytes,     696872 total
[2021-05-03T14:30:38.674+0000][7][gc,age      ] GC(564) - age   4:       3120 bytes,     699992 total
[2021-05-03T14:30:38.674+0000][7][gc,age      ] GC(564) - age   5:        600 bytes,     700592 total
[2021-05-03T14:30:38.674+0000][7][gc,age      ] GC(564) - age   6:     573208 bytes,    1273800 total
[2021-05-03T14:30:38.674+0000][7][gc,age      ] GC(564) - age   7:      59952 bytes,    1333752 total
[2021-05-03T14:30:38.674+0000][7][gc,age      ] GC(564) - age   8:       2320 bytes,    1336072 total
[2021-05-03T14:30:38.674+0000][7][gc,age      ] GC(564) - age   9:       3120 bytes,    1339192 total
[2021-05-03T14:30:38.674+0000][7][gc,age      ] GC(564) - age  11:         24 bytes,    1339216 total
[2021-05-03T14:30:38.674+0000][7][gc,age      ] GC(564) - age  12:        136 bytes,    1339352 total
[2021-05-03T14:30:38.674+0000][7][gc,age      ] GC(564) - age  13:       1088 bytes,    1340440 total
[2021-05-03T14:30:38.674+0000][7][gc,age      ] GC(564) - age  14:        304 bytes,    1340744 total
[2021-05-03T14:30:38.674+0000][7][gc,age      ] GC(564) - age  15:        560 bytes,    1341304 total
[2021-05-03T14:30:38.674+0000][7][gc,phases   ] GC(564)   Pre Evacuate Collection Set: 0.1ms
[2021-05-03T14:30:38.674+0000][7][gc,phases   ] GC(564)   Merge Heap Roots: 0.1ms
[2021-05-03T14:30:38.674+0000][7][gc,phases   ] GC(564)   Evacuate Collection Set: 1.0ms
[2021-05-03T14:30:38.674+0000][7][gc,phases   ] GC(564)   Post Evacuate Collection Set: 0.6ms
[2021-05-03T14:30:38.674+0000][7][gc,phases   ] GC(564)   Other: 0.2ms
[2021-05-03T14:30:38.674+0000][7][gc,heap     ] GC(564) Eden regions: 21->0(21)
[2021-05-03T14:30:38.674+0000][7][gc,heap     ] GC(564) Survivor regions: 1->1(3)
[2021-05-03T14:30:38.674+0000][7][gc,heap     ] GC(564) Old regions: 27->27
[2021-05-03T14:30:38.674+0000][7][gc,heap     ] GC(564) Archive regions: 2->2
[2021-05-03T14:30:38.674+0000][7][gc,heap     ] GC(564) Humongous regions: 2->2
[2021-05-03T14:30:38.674+0000][7][gc,metaspace] GC(564) Metaspace: 110290K(115024K)->110290K(115024K) NonClass: 96304K(99740K)->96304K(99740K) Class: 13985K(15284K)->13985K(15284K)
[2021-05-03T14:30:38.674+0000][7][gc          ] GC(564) Pause Young (Concurrent Start) (G1 Evacuation Pause) 203M->119M(256M) 2.067ms
[2021-05-03T14:30:38.674+0000][7][gc,cpu      ] GC(564) User=0.01s Sys=0.00s Real=0.00s
[2021-05-03T14:30:38.674+0000][7][gc          ] GC(565) Concurrent Cycle
[2021-05-03T14:30:38.674+0000][7][safepoint   ] Safepoint "G1CollectForAllocation", Time since last: 99468168050 ns, Reaching safepoint: 110252 ns, At safepoint: 2141833 ns, Total: 2252085 ns
[2021-05-03T14:30:38.674+0000][7][gc,marking  ] GC(565) Concurrent Clear Claimed Marks
[2021-05-03T14:30:38.675+0000][7][gc,marking  ] GC(565) Concurrent Clear Claimed Marks 0.076ms
[2021-05-03T14:30:38.675+0000][7][gc,marking  ] GC(565) Concurrent Scan Root Regions
[2021-05-03T14:30:38.676+0000][7][gc,marking  ] GC(565) Concurrent Scan Root Regions 1.756ms
[2021-05-03T14:30:38.676+0000][7][gc,marking  ] GC(565) Concurrent Mark (44180.604s)
[2021-05-03T14:30:38.676+0000][7][gc,marking  ] GC(565) Concurrent Mark From Roots
[2021-05-03T14:30:38.676+0000][7][gc,task     ] GC(565) Using 2 workers of 2 for marking
[2021-05-03T14:30:38.759+0000][7][gc,marking  ] GC(565) Concurrent Mark From Roots 82.567ms
[2021-05-03T14:30:38.759+0000][7][gc,marking  ] GC(565) Concurrent Preclean
[2021-05-03T14:30:38.759+0000][7][gc,marking  ] GC(565) Concurrent Preclean 0.194ms
[2021-05-03T14:30:38.759+0000][7][gc,marking  ] GC(565) Concurrent Mark (44180.604s, 44180.687s) 82.807ms
[2021-05-03T14:30:38.759+0000][7][gc,start    ] GC(565) Pause Remark
[2021-05-03T14:30:38.765+0000][7][gc          ] GC(565) Pause Remark 119M->119M(256M) 6.271ms
[2021-05-03T14:30:38.766+0000][7][gc,cpu      ] GC(565) User=0.03s Sys=0.00s Real=0.01s
[2021-05-03T14:30:38.766+0000][7][safepoint   ] Safepoint "G1Concurrent", Time since last: 84702830 ns, Reaching safepoint: 78685 ns, At safepoint: 6347658 ns, Total: 6426343 ns
[2021-05-03T14:30:38.766+0000][7][gc,marking  ] GC(565) Concurrent Rebuild Remembered Sets
[2021-05-03T14:30:38.821+0000][7][gc,marking  ] GC(565) Concurrent Rebuild Remembered Sets 55.378ms
[2021-05-03T14:30:38.821+0000][7][gc,start    ] GC(565) Pause Cleanup
[2021-05-03T14:30:38.821+0000][7][gc          ] GC(565) Pause Cleanup 119M->119M(256M) 0.083ms
[2021-05-03T14:30:38.821+0000][7][gc,cpu      ] GC(565) User=0.00s Sys=0.00s Real=0.00s
[2021-05-03T14:30:38.821+0000][7][safepoint   ] Safepoint "G1Concurrent", Time since last: 55490365 ns, Reaching safepoint: 223365 ns, At safepoint: 123009 ns, Total: 346374 ns
[2021-05-03T14:30:38.821+0000][7][gc,marking  ] GC(565) Concurrent Cleanup for Next Mark
[2021-05-03T14:30:38.822+0000][7][gc,marking  ] GC(565) Concurrent Cleanup for Next Mark 0.392ms
[2021-05-03T14:30:38.822+0000][7][gc          ] GC(565) Concurrent Cycle 147.417ms
[2021-05-03T14:30:42.822+0000][7][safepoint   ] Safepoint "Cleanup", Time since last: 4000781476 ns, Reaching safepoint: 146758 ns, At safepoint: 5705 ns, Total: 152463 ns
[2021-05-03T14:30:52.824+0000][7][safepoint   ] Safepoint "Cleanup", Time since last: 10001465821 ns, Reaching safepoint: 67788 ns, At safepoint: 6401 ns, Total: 74189 ns
[2021-05-03T14:32:46.843+0000][7][safepoint   ] Safepoint "Cleanup", Time since last: 114018685242 ns, Reaching safepoint: 142480 ns, At safepoint: 5557 ns, Total: 148037 ns
[2021-05-03T14:32:50.790+0000][7][gc,start    ] GC(566) Pause Young (Normal) (G1 Evacuation Pause)
[2021-05-03T14:32:50.790+0000][7][gc,task     ] GC(566) Using 6 workers of 8 for evacuation
[2021-05-03T14:32:50.790+0000][7][gc,age      ] GC(566) Desired survivor size 6291456 bytes, new threshold 15 (max threshold 15)
[2021-05-03T14:32:50.792+0000][7][gc,age      ] GC(566) Age table with threshold 15 (max threshold 15)
[2021-05-03T14:32:50.792+0000][7][gc,age      ] GC(566) - age   1:     603632 bytes,     603632 total
[2021-05-03T14:32:50.792+0000][7][gc,age      ] GC(566) - age   2:      29384 bytes,     633016 total
[2021-05-03T14:32:50.792+0000][7][gc,age      ] GC(566) - age   3:        512 bytes,     633528 total
[2021-05-03T14:32:50.792+0000][7][gc,age      ] GC(566) - age   4:     151296 bytes,     784824 total
[2021-05-03T14:32:50.792+0000][7][gc,age      ] GC(566) - age   5:       3080 bytes,     787904 total
[2021-05-03T14:32:50.792+0000][7][gc,age      ] GC(566) - age   6:        600 bytes,     788504 total
[2021-05-03T14:32:50.792+0000][7][gc,age      ] GC(566) - age   7:     573208 bytes,    1361712 total
[2021-05-03T14:32:50.792+0000][7][gc,age      ] GC(566) - age   8:      59952 bytes,    1421664 total
[2021-05-03T14:32:50.792+0000][7][gc,age      ] GC(566) - age   9:       2320 bytes,    1423984 total
[2021-05-03T14:32:50.792+0000][7][gc,age      ] GC(566) - age  10:       3120 bytes,    1427104 total
[2021-05-03T14:32:50.792+0000][7][gc,age      ] GC(566) - age  12:         24 bytes,    1427128 total
[2021-05-03T14:32:50.792+0000][7][gc,age      ] GC(566) - age  13:        136 bytes,    1427264 total
[2021-05-03T14:32:50.792+0000][7][gc,age      ] GC(566) - age  14:       1088 bytes,    1428352 total
[2021-05-03T14:32:50.792+0000][7][gc,age      ] GC(566) - age  15:        304 bytes,    1428656 total
[2021-05-03T14:32:50.792+0000][7][gc,phases   ] GC(566)   Pre Evacuate Collection Set: 0.0ms
[2021-05-03T14:32:50.792+0000][7][gc,phases   ] GC(566)   Merge Heap Roots: 0.1ms
[2021-05-03T14:32:50.792+0000][7][gc,phases   ] GC(566)   Evacuate Collection Set: 1.0ms
[2021-05-03T14:32:50.792+0000][7][gc,phases   ] GC(566)   Post Evacuate Collection Set: 0.6ms
[2021-05-03T14:32:50.792+0000][7][gc,phases   ] GC(566)   Other: 0.2ms
[2021-05-03T14:32:50.792+0000][7][gc,heap     ] GC(566) Eden regions: 21->0(21)
[2021-05-03T14:32:50.792+0000][7][gc,heap     ] GC(566) Survivor regions: 1->1(3)
[2021-05-03T14:32:50.792+0000][7][gc,heap     ] GC(566) Old regions: 27->27
[2021-05-03T14:32:50.792+0000][7][gc,heap     ] GC(566) Archive regions: 2->2
[2021-05-03T14:32:50.792+0000][7][gc,heap     ] GC(566) Humongous regions: 2->2
[2021-05-03T14:32:50.792+0000][7][gc,metaspace] GC(566) Metaspace: 110290K(115024K)->110290K(115024K) NonClass: 96304K(99740K)->96304K(99740K) Class: 13985K(15284K)->13985K(15284K)
[2021-05-03T14:32:50.792+0000][7][gc          ] GC(566) Pause Young (Normal) (G1 Evacuation Pause) 203M->119M(256M) 2.059ms
[2021-05-03T14:32:50.792+0000][7][gc,cpu      ] GC(566) User=0.01s Sys=0.00s Real=0.01s
[2021-05-03T14:32:50.792+0000][7][safepoint   ] Safepoint "G1CollectForAllocation", Time since last: 3946878627 ns, Reaching safepoint: 168224 ns, At safepoint: 2147357 ns, Total: 2315581 ns
[2021-05-03T14:32:56.793+0000][7][safepoint   ] Safepoint "Cleanup", Time since last: 6000717971 ns, Reaching safepoint: 97235 ns, At safepoint: 5464 ns, Total: 102699 ns
[2021-05-03T14:33:20.796+0000][7][safepoint   ] Safepoint "Cleanup", Time since last: 24003463517 ns, Reaching safepoint: 111467 ns, At safepoint: 6945 ns, Total: 118412 ns
[2021-05-03T14:33:42.800+0000][7][safepoint   ] Safepoint "Cleanup", Time since last: 22003445459 ns, Reaching safepoint: 74404 ns, At safepoint: 6294 ns, Total: 80698 ns
[2021-05-03T14:34:40.811+0000][7][safepoint   ] Safepoint "Cleanup", Time since last: 58011271329 ns, Reaching safepoint: 165507 ns, At safepoint: 6960 ns, Total: 172467 ns
[2021-05-03T14:34:42.812+0000][7][safepoint   ] Safepoint "Cleanup", Time since last: 2000346463 ns, Reaching safepoint: 106714 ns, At safepoint: 3739 ns, Total: 110453 ns
[2021-05-03T14:34:53.771+0000][7][gc,start    ] GC(567) Pause Young (Concurrent Start) (G1 Evacuation Pause)
[2021-05-03T14:34:53.771+0000][7][gc,task     ] GC(567) Using 6 workers of 8 for evacuation
[2021-05-03T14:34:53.771+0000][7][gc,age      ] GC(567) Desired survivor size 6291456 bytes, new threshold 15 (max threshold 15)
[2021-05-03T14:34:53.773+0000][7][gc,age      ] GC(567) Age table with threshold 15 (max threshold 15)
[2021-05-03T14:34:53.773+0000][7][gc,age      ] GC(567) - age   1:     521120 bytes,     521120 total
[2021-05-03T14:34:53.773+0000][7][gc,age      ] GC(567) - age   2:       1080 bytes,     522200 total
[2021-05-03T14:34:53.773+0000][7][gc,age      ] GC(567) - age   3:      25544 bytes,     547744 total
[2021-05-03T14:34:53.773+0000][7][gc,age      ] GC(567) - age   4:        512 bytes,     548256 total
[2021-05-03T14:34:53.773+0000][7][gc,age      ] GC(567) - age   5:     151296 bytes,     699552 total
[2021-05-03T14:34:53.773+0000][7][gc,age      ] GC(567) - age   6:        560 bytes,     700112 total
[2021-05-03T14:34:53.773+0000][7][gc,age      ] GC(567) - age   7:        600 bytes,     700712 total
[2021-05-03T14:34:53.773+0000][7][gc,age      ] GC(567) - age   8:     573000 bytes,    1273712 total
[2021-05-03T14:34:53.773+0000][7][gc,age      ] GC(567) - age   9:      59920 bytes,    1333632 total
[2021-05-03T14:34:53.773+0000][7][gc,age      ] GC(567) - age  10:       2320 bytes,    1335952 total
[2021-05-03T14:34:53.773+0000][7][gc,age      ] GC(567) - age  11:       3120 bytes,    1339072 total
[2021-05-03T14:34:53.773+0000][7][gc,age      ] GC(567) - age  13:         24 bytes,    1339096 total
[2021-05-03T14:34:53.773+0000][7][gc,age      ] GC(567) - age  14:        136 bytes,    1339232 total
[2021-05-03T14:34:53.773+0000][7][gc,age      ] GC(567) - age  15:       1088 bytes,    1340320 total
[2021-05-03T14:34:53.773+0000][7][gc,phases   ] GC(567)   Pre Evacuate Collection Set: 0.1ms
[2021-05-03T14:34:53.773+0000][7][gc,phases   ] GC(567)   Merge Heap Roots: 0.0ms
[2021-05-03T14:34:53.773+0000][7][gc,phases   ] GC(567)   Evacuate Collection Set: 1.1ms
[2021-05-03T14:34:53.773+0000][7][gc,phases   ] GC(567)   Post Evacuate Collection Set: 0.6ms
[2021-05-03T14:34:53.773+0000][7][gc,phases   ] GC(567)   Other: 0.3ms
[2021-05-03T14:34:53.773+0000][7][gc,heap     ] GC(567) Eden regions: 21->0(21)
[2021-05-03T14:34:53.773+0000][7][gc,heap     ] GC(567) Survivor regions: 1->1(3)
[2021-05-03T14:34:53.773+0000][7][gc,heap     ] GC(567) Old regions: 27->27
[2021-05-03T14:34:53.773+0000][7][gc,heap     ] GC(567) Archive regions: 2->2
[2021-05-03T14:34:53.773+0000][7][gc,heap     ] GC(567) Humongous regions: 2->2
[2021-05-03T14:34:53.773+0000][7][gc,metaspace] GC(567) Metaspace: 110294K(115024K)->110294K(115024K) NonClass: 96307K(99740K)->96307K(99740K) Class: 13986K(15284K)->13986K(15284K)
[2021-05-03T14:34:53.773+0000][7][gc          ] GC(567) Pause Young (Concurrent Start) (G1 Evacuation Pause) 203M->119M(256M) 2.192ms
[2021-05-03T14:34:53.773+0000][7][gc,cpu      ] GC(567) User=0.01s Sys=0.00s Real=0.01s
[2021-05-03T14:34:53.773+0000][7][gc          ] GC(568) Concurrent Cycle
[2021-05-03T14:34:53.773+0000][7][safepoint   ] Safepoint "G1CollectForAllocation", Time since last: 10958795896 ns, Reaching safepoint: 156123 ns, At safepoint: 2278217 ns, Total: 2434340 ns
[2021-05-03T14:34:53.773+0000][7][gc,marking  ] GC(568) Concurrent Clear Claimed Marks
[2021-05-03T14:34:53.773+0000][7][gc,marking  ] GC(568) Concurrent Clear Claimed Marks 0.087ms
[2021-05-03T14:34:53.773+0000][7][gc,marking  ] GC(568) Concurrent Scan Root Regions
[2021-05-03T14:34:53.775+0000][7][gc,marking  ] GC(568) Concurrent Scan Root Regions 1.870ms
[2021-05-03T14:34:53.775+0000][7][gc,marking  ] GC(568) Concurrent Mark (44435.703s)
[2021-05-03T14:34:53.775+0000][7][gc,marking  ] GC(568) Concurrent Mark From Roots
[2021-05-03T14:34:53.775+0000][7][gc,task     ] GC(568) Using 2 workers of 2 for marking
[2021-05-03T14:34:53.862+0000][7][gc,marking  ] GC(568) Concurrent Mark From Roots 86.582ms
[2021-05-03T14:34:53.862+0000][7][gc,marking  ] GC(568) Concurrent Preclean
[2021-05-03T14:34:53.862+0000][7][gc,marking  ] GC(568) Concurrent Preclean 0.204ms
[2021-05-03T14:34:53.862+0000][7][gc,marking  ] GC(568) Concurrent Mark (44435.703s, 44435.789s) 86.834ms
[2021-05-03T14:34:53.862+0000][7][gc,start    ] GC(568) Pause Remark
[2021-05-03T14:34:53.868+0000][7][gc          ] GC(568) Pause Remark 119M->119M(256M) 5.925ms
[2021-05-03T14:34:53.868+0000][7][gc,cpu      ] GC(568) User=0.03s Sys=0.00s Real=0.00s
[2021-05-03T14:34:53.868+0000][7][safepoint   ] Safepoint "G1Concurrent", Time since last: 88896630 ns, Reaching safepoint: 85281 ns, At safepoint: 5999870 ns, Total: 6085151 ns
[2021-05-03T14:34:53.868+0000][7][gc,marking  ] GC(568) Concurrent Rebuild Remembered Sets
[2021-05-03T14:34:53.923+0000][7][gc,marking  ] GC(568) Concurrent Rebuild Remembered Sets 54.722ms
[2021-05-03T14:34:53.923+0000][7][gc,start    ] GC(568) Pause Cleanup
[2021-05-03T14:34:53.923+0000][7][gc          ] GC(568) Pause Cleanup 119M->119M(256M) 0.074ms
[2021-05-03T14:34:53.923+0000][7][gc,cpu      ] GC(568) User=0.00s Sys=0.00s Real=0.00s
[2021-05-03T14:34:53.923+0000][7][safepoint   ] Safepoint "G1Concurrent", Time since last: 54794697 ns, Reaching safepoint: 136703 ns, At safepoint: 116608 ns, Total: 253311 ns
[2021-05-03T14:34:53.923+0000][7][gc,marking  ] GC(568) Concurrent Cleanup for Next Mark
[2021-05-03T14:34:53.923+0000][7][gc,marking  ] GC(568) Concurrent Cleanup for Next Mark 0.130ms
[2021-05-03T14:34:53.923+0000][7][gc          ] GC(568) Concurrent Cycle 150.198ms
[2021-05-03T14:35:40.931+0000][7][safepoint   ] Safepoint "Cleanup", Time since last: 47008011222 ns, Reaching safepoint: 100679 ns, At safepoint: 5530 ns, Total: 106209 ns
[2021-05-03T14:35:42.932+0000][7][safepoint   ] Safepoint "Cleanup", Time since last: 2000642415 ns, Reaching safepoint: 89562 ns, At safepoint: 7028 ns, Total: 96590 ns
[2021-05-03T14:35:50.933+0000][7][safepoint   ] Safepoint "Cleanup", Time since last: 8001428615 ns, Reaching safepoint: 115161 ns, At safepoint: 4963 ns, Total: 120124 ns
[2021-05-03T14:36:37.405+0000][7][gc,start    ] GC(569) Pause Young (Normal) (G1 Evacuation Pause)
[2021-05-03T14:36:37.405+0000][7][gc,task     ] GC(569) Using 6 workers of 8 for evacuation
[2021-05-03T14:36:37.405+0000][7][gc,age      ] GC(569) Desired survivor size 6291456 bytes, new threshold 15 (max threshold 15)
[2021-05-03T14:36:37.407+0000][7][gc,age      ] GC(569) Age table with threshold 15 (max threshold 15)
[2021-05-03T14:36:37.407+0000][7][gc,age      ] GC(569) - age   1:     813432 bytes,     813432 total
[2021-05-03T14:36:37.407+0000][7][gc,age      ] GC(569) - age   2:       6456 bytes,     819888 total
[2021-05-03T14:36:37.407+0000][7][gc,age      ] GC(569) - age   3:        384 bytes,     820272 total
[2021-05-03T14:36:37.407+0000][7][gc,age      ] GC(569) - age   4:      25416 bytes,     845688 total
[2021-05-03T14:36:37.407+0000][7][gc,age      ] GC(569) - age   5:        464 bytes,     846152 total
[2021-05-03T14:36:37.407+0000][7][gc,age      ] GC(569) - age   6:       2024 bytes,     848176 total
[2021-05-03T14:36:37.407+0000][7][gc,age      ] GC(569) - age   7:        560 bytes,     848736 total
[2021-05-03T14:36:37.407+0000][7][gc,age      ] GC(569) - age   8:        600 bytes,     849336 total
[2021-05-03T14:36:37.407+0000][7][gc,age      ] GC(569) - age   9:     573000 bytes,    1422336 total
[2021-05-03T14:36:37.407+0000][7][gc,age      ] GC(569) - age  10:      59920 bytes,    1482256 total
[2021-05-03T14:36:37.407+0000][7][gc,age      ] GC(569) - age  11:         32 bytes,    1482288 total
[2021-05-03T14:36:37.407+0000][7][gc,age      ] GC(569) - age  12:        720 bytes,    1483008 total
[2021-05-03T14:36:37.407+0000][7][gc,age      ] GC(569) - age  14:         24 bytes,    1483032 total
[2021-05-03T14:36:37.407+0000][7][gc,age      ] GC(569) - age  15:        136 bytes,    1483168 total
[2021-05-03T14:36:37.407+0000][7][gc,phases   ] GC(569)   Pre Evacuate Collection Set: 0.1ms
[2021-05-03T14:36:37.407+0000][7][gc,phases   ] GC(569)   Merge Heap Roots: 0.1ms
[2021-05-03T14:36:37.407+0000][7][gc,phases   ] GC(569)   Evacuate Collection Set: 1.2ms
[2021-05-03T14:36:37.407+0000][7][gc,phases   ] GC(569)   Post Evacuate Collection Set: 0.5ms
[2021-05-03T14:36:37.407+0000][7][gc,phases   ] GC(569)   Other: 0.2ms
[2021-05-03T14:36:37.407+0000][7][gc,heap     ] GC(569) Eden regions: 21->0(21)
[2021-05-03T14:36:37.407+0000][7][gc,heap     ] GC(569) Survivor regions: 1->1(3)
[2021-05-03T14:36:37.407+0000][7][gc,heap     ] GC(569) Old regions: 27->27
[2021-05-03T14:36:37.407+0000][7][gc,heap     ] GC(569) Archive regions: 2->2
[2021-05-03T14:36:37.407+0000][7][gc,heap     ] GC(569) Humongous regions: 2->2
[2021-05-03T14:36:37.407+0000][7][gc,metaspace] GC(569) Metaspace: 110303K(115024K)->110303K(115024K) NonClass: 96317K(99740K)->96317K(99740K) Class: 13986K(15284K)->13986K(15284K)
[2021-05-03T14:36:37.407+0000][7][gc          ] GC(569) Pause Young (Normal) (G1 Evacuation Pause) 203M->119M(256M) 2.046ms
[2021-05-03T14:36:37.407+0000][7][gc,cpu      ] GC(569) User=0.01s Sys=0.00s Real=0.00s
[2021-05-03T14:36:37.407+0000][7][safepoint   ] Safepoint "G1CollectForAllocation", Time since last: 46471543134 ns, Reaching safepoint: 133944 ns, At safepoint: 2111565 ns, Total: 2245509 ns
[2021-05-03T14:36:43.408+0000][7][safepoint   ] Safepoint "Cleanup", Time since last: 6000772259 ns, Reaching safepoint: 161960 ns, At safepoint: 7332 ns, Total: 169292 ns
[2021-05-03T14:36:46.409+0000][7][safepoint   ] Safepoint "Cleanup", Time since last: 3000331238 ns, Reaching safepoint: 116582 ns, At safepoint: 5646 ns, Total: 122228 ns
[2021-05-03T14:37:21.415+0000][7][safepoint   ] Safepoint "Cleanup", Time since last: 35006428299 ns, Reaching safepoint: 96817 ns, At safepoint: 4208 ns, Total: 101025 ns
[2021-05-03T14:38:50.811+0000][7][gc,start    ] GC(570) Pause Young (Concurrent Start) (G1 Evacuation Pause)
[2021-05-03T14:38:50.811+0000][7][gc,task     ] GC(570) Using 6 workers of 8 for evacuation
[2021-05-03T14:38:50.811+0000][7][gc,age      ] GC(570) Desired survivor size 6291456 bytes, new threshold 15 (max threshold 15)
[2021-05-03T14:38:50.812+0000][7][gc,age      ] GC(570) Age table with threshold 15 (max threshold 15)
[2021-05-03T14:38:50.812+0000][7][gc,age      ] GC(570) - age   1:     570992 bytes,     570992 total
[2021-05-03T14:38:50.812+0000][7][gc,age      ] GC(570) - age   2:     301368 bytes,     872360 total
[2021-05-03T14:38:50.812+0000][7][gc,age      ] GC(570) - age   3:       3824 bytes,     876184 total
[2021-05-03T14:38:50.812+0000][7][gc,age      ] GC(570) - age   4:         24 bytes,     876208 total
[2021-05-03T14:38:50.812+0000][7][gc,age      ] GC(570) - age   5:      24960 bytes,     901168 total
[2021-05-03T14:38:50.812+0000][7][gc,age      ] GC(570) - age   6:        440 bytes,     901608 total
[2021-05-03T14:38:50.812+0000][7][gc,age      ] GC(570) - age   7:       2024 bytes,     903632 total
[2021-05-03T14:38:50.812+0000][7][gc,age      ] GC(570) - age   8:        560 bytes,     904192 total
[2021-05-03T14:38:50.812+0000][7][gc,age      ] GC(570) - age   9:        600 bytes,     904792 total
[2021-05-03T14:38:50.812+0000][7][gc,age      ] GC(570) - age  10:     573000 bytes,    1477792 total
[2021-05-03T14:38:50.812+0000][7][gc,age      ] GC(570) - age  11:      59920 bytes,    1537712 total
[2021-05-03T14:38:50.812+0000][7][gc,age      ] GC(570) - age  12:         32 bytes,    1537744 total
[2021-05-03T14:38:50.812+0000][7][gc,age      ] GC(570) - age  13:        720 bytes,    1538464 total
[2021-05-03T14:38:50.812+0000][7][gc,age      ] GC(570) - age  15:         24 bytes,    1538488 total
[2021-05-03T14:38:50.812+0000][7][gc,phases   ] GC(570)   Pre Evacuate Collection Set: 0.1ms
[2021-05-03T14:38:50.812+0000][7][gc,phases   ] GC(570)   Merge Heap Roots: 0.0ms
[2021-05-03T14:38:50.812+0000][7][gc,phases   ] GC(570)   Evacuate Collection Set: 1.0ms
[2021-05-03T14:38:50.812+0000][7][gc,phases   ] GC(570)   Post Evacuate Collection Set: 0.4ms
[2021-05-03T14:38:50.812+0000][7][gc,phases   ] GC(570)   Other: 0.3ms
[2021-05-03T14:38:50.812+0000][7][gc,heap     ] GC(570) Eden regions: 21->0(21)
[2021-05-03T14:38:50.812+0000][7][gc,heap     ] GC(570) Survivor regions: 1->1(3)
[2021-05-03T14:38:50.812+0000][7][gc,heap     ] GC(570) Old regions: 27->27
[2021-05-03T14:38:50.812+0000][7][gc,heap     ] GC(570) Archive regions: 2->2
[2021-05-03T14:38:50.812+0000][7][gc,heap     ] GC(570) Humongous regions: 2->2
[2021-05-03T14:38:50.812+0000][7][gc,metaspace] GC(570) Metaspace: 110303K(115024K)->110303K(115024K) NonClass: 96317K(99740K)->96317K(99740K) Class: 13986K(15284K)->13986K(15284K)
[2021-05-03T14:38:50.813+0000][7][gc          ] GC(570) Pause Young (Concurrent Start) (G1 Evacuation Pause) 203M->119M(256M) 1.848ms
[2021-05-03T14:38:50.813+0000][7][gc,cpu      ] GC(570) User=0.00s Sys=0.00s Real=0.01s
[2021-05-03T14:38:50.813+0000][7][gc          ] GC(571) Concurrent Cycle
[2021-05-03T14:38:50.813+0000][7][safepoint   ] Safepoint "G1CollectForAllocation", Time since last: 89395373050 ns, Reaching safepoint: 160850 ns, At safepoint: 1919030 ns, Total: 2079880 ns
[2021-05-03T14:38:50.813+0000][7][gc,marking  ] GC(571) Concurrent Clear Claimed Marks
[2021-05-03T14:38:50.813+0000][7][gc,marking  ] GC(571) Concurrent Clear Claimed Marks 0.075ms
[2021-05-03T14:38:50.813+0000][7][gc,marking  ] GC(571) Concurrent Scan Root Regions
[2021-05-03T14:38:50.815+0000][7][gc,marking  ] GC(571) Concurrent Scan Root Regions 2.103ms
[2021-05-03T14:38:50.815+0000][7][gc,marking  ] GC(571) Concurrent Mark (44672.742s)
[2021-05-03T14:38:50.815+0000][7][gc,marking  ] GC(571) Concurrent Mark From Roots
[2021-05-03T14:38:50.815+0000][7][gc,task     ] GC(571) Using 2 workers of 2 for marking
[2021-05-03T14:38:50.894+0000][7][gc,marking  ] GC(571) Concurrent Mark From Roots 79.152ms
[2021-05-03T14:38:50.894+0000][7][gc,marking  ] GC(571) Concurrent Preclean
[2021-05-03T14:38:50.894+0000][7][gc,marking  ] GC(571) Concurrent Preclean 0.268ms
[2021-05-03T14:38:50.894+0000][7][gc,marking  ] GC(571) Concurrent Mark (44672.742s, 44672.822s) 79.474ms
[2021-05-03T14:38:50.895+0000][7][gc,start    ] GC(571) Pause Remark
[2021-05-03T14:38:50.901+0000][7][gc          ] GC(571) Pause Remark 122M->122M(256M) 5.980ms
[2021-05-03T14:38:50.901+0000][7][gc,cpu      ] GC(571) User=0.03s Sys=0.00s Real=0.01s
[2021-05-03T14:38:50.901+0000][7][safepoint   ] Safepoint "G1Concurrent", Time since last: 81772705 ns, Reaching safepoint: 213858 ns, At safepoint: 6070498 ns, Total: 6284356 ns
[2021-05-03T14:38:50.901+0000][7][gc,marking  ] GC(571) Concurrent Rebuild Remembered Sets
[2021-05-03T14:38:50.954+0000][7][gc,marking  ] GC(571) Concurrent Rebuild Remembered Sets 53.297ms
[2021-05-03T14:38:50.954+0000][7][gc,start    ] GC(571) Pause Cleanup
[2021-05-03T14:38:50.954+0000][7][gc          ] GC(571) Pause Cleanup 122M->122M(256M) 0.070ms
[2021-05-03T14:38:50.954+0000][7][gc,cpu      ] GC(571) User=0.00s Sys=0.00s Real=0.00s
[2021-05-03T14:38:50.954+0000][7][safepoint   ] Safepoint "G1Concurrent", Time since last: 53363160 ns, Reaching safepoint: 110031 ns, At safepoint: 110114 ns, Total: 220145 ns
[2021-05-03T14:38:50.954+0000][7][gc,marking  ] GC(571) Concurrent Cleanup for Next Mark
[2021-05-03T14:38:50.954+0000][7][gc,marking  ] GC(571) Concurrent Cleanup for Next Mark 0.129ms
[2021-05-03T14:38:50.954+0000][7][gc          ] GC(571) Concurrent Cycle 141.821ms
[2021-05-03T14:40:15.978+0000][7][safepoint   ] Safepoint "Cleanup", Time since last: 85023959673 ns, Reaching safepoint: 91538 ns, At safepoint: 5720 ns, Total: 97258 ns
[2021-05-03T14:40:53.910+0000][7][gc,start    ] GC(572) Pause Young (Normal) (G1 Evacuation Pause)
[2021-05-03T14:40:53.910+0000][7][gc,task     ] GC(572) Using 6 workers of 8 for evacuation
[2021-05-03T14:40:53.910+0000][7][gc,age      ] GC(572) Desired survivor size 6291456 bytes, new threshold 15 (max threshold 15)
[2021-05-03T14:40:53.912+0000][7][gc,age      ] GC(572) Age table with threshold 15 (max threshold 15)
[2021-05-03T14:40:53.912+0000][7][gc,age      ] GC(572) - age   1:     514040 bytes,     514040 total
[2021-05-03T14:40:53.912+0000][7][gc,age      ] GC(572) - age   2:       1584 bytes,     515624 total
[2021-05-03T14:40:53.912+0000][7][gc,age      ] GC(572) - age   3:     180352 bytes,     695976 total
[2021-05-03T14:40:53.912+0000][7][gc,age      ] GC(572) - age   4:       3600 bytes,     699576 total
[2021-05-03T14:40:53.912+0000][7][gc,age      ] GC(572) - age   5:         24 bytes,     699600 total
[2021-05-03T14:40:53.912+0000][7][gc,age      ] GC(572) - age   6:      24864 bytes,     724464 total
[2021-05-03T14:40:53.912+0000][7][gc,age      ] GC(572) - age   7:        440 bytes,     724904 total
[2021-05-03T14:40:53.912+0000][7][gc,age      ] GC(572) - age   8:       2024 bytes,     726928 total
[2021-05-03T14:40:53.912+0000][7][gc,age      ] GC(572) - age   9:        320 bytes,     727248 total
[2021-05-03T14:40:53.912+0000][7][gc,age      ] GC(572) - age  10:        504 bytes,     727752 total
[2021-05-03T14:40:53.912+0000][7][gc,age      ] GC(572) - age  11:     573000 bytes,    1300752 total
[2021-05-03T14:40:53.912+0000][7][gc,age      ] GC(572) - age  12:      59920 bytes,    1360672 total
[2021-05-03T14:40:53.912+0000][7][gc,age      ] GC(572) - age  13:         32 bytes,    1360704 total
[2021-05-03T14:40:53.912+0000][7][gc,age      ] GC(572) - age  14:        720 bytes,    1361424 total
[2021-05-03T14:40:53.912+0000][7][gc,phases   ] GC(572)   Pre Evacuate Collection Set: 0.0ms
[2021-05-03T14:40:53.912+0000][7][gc,phases   ] GC(572)   Merge Heap Roots: 0.0ms
[2021-05-03T14:40:53.912+0000][7][gc,phases   ] GC(572)   Evacuate Collection Set: 1.0ms
[2021-05-03T14:40:53.912+0000][7][gc,phases   ] GC(572)   Post Evacuate Collection Set: 0.6ms
[2021-05-03T14:40:53.912+0000][7][gc,phases   ] GC(572)   Other: 0.2ms
[2021-05-03T14:40:53.912+0000][7][gc,heap     ] GC(572) Eden regions: 21->0(21)
[2021-05-03T14:40:53.912+0000][7][gc,heap     ] GC(572) Survivor regions: 1->1(3)
[2021-05-03T14:40:53.912+0000][7][gc,heap     ] GC(572) Old regions: 27->27
[2021-05-03T14:40:53.912+0000][7][gc,heap     ] GC(572) Archive regions: 2->2
[2021-05-03T14:40:53.912+0000][7][gc,heap     ] GC(572) Humongous regions: 2->2
[2021-05-03T14:40:53.912+0000][7][gc,metaspace] GC(572) Metaspace: 110303K(115024K)->110303K(115024K) NonClass: 96317K(99740K)->96317K(99740K) Class: 13986K(15284K)->13986K(15284K)
[2021-05-03T14:40:53.912+0000][7][gc          ] GC(572) Pause Young (Normal) (G1 Evacuation Pause) 203M->119M(256M) 1.903ms
[2021-05-03T14:40:53.912+0000][7][gc,cpu      ] GC(572) User=0.00s Sys=0.01s Real=0.01s
[2021-05-03T14:40:53.912+0000][7][safepoint   ] Safepoint "G1CollectForAllocation", Time since last: 37931661527 ns, Reaching safepoint: 146780 ns, At safepoint: 1970234 ns, Total: 2117014 ns
[2021-05-03T14:43:08.966+0000][7][gc,start    ] GC(573) Pause Young (Concurrent Start) (G1 Evacuation Pause)
[2021-05-03T14:43:08.966+0000][7][gc,task     ] GC(573) Using 6 workers of 8 for evacuation
[2021-05-03T14:43:08.966+0000][7][gc,age      ] GC(573) Desired survivor size 6291456 bytes, new threshold 15 (max threshold 15)
[2021-05-03T14:43:08.968+0000][7][gc,age      ] GC(573) Age table with threshold 15 (max threshold 15)
[2021-05-03T14:43:08.968+0000][7][gc,age      ] GC(573) - age   1:     507824 bytes,     507824 total
[2021-05-03T14:43:08.968+0000][7][gc,age      ] GC(573) - age   2:       1056 bytes,     508880 total
[2021-05-03T14:43:08.968+0000][7][gc,age      ] GC(573) - age   3:        888 bytes,     509768 total
[2021-05-03T14:43:08.968+0000][7][gc,age      ] GC(573) - age   4:     180152 bytes,     689920 total
[2021-05-03T14:43:08.968+0000][7][gc,age      ] GC(573) - age   5:       3600 bytes,     693520 total
[2021-05-03T14:43:08.968+0000][7][gc,age      ] GC(573) - age   7:      24800 bytes,     718320 total
[2021-05-03T14:43:08.968+0000][7][gc,age      ] GC(573) - age   8:        440 bytes,     718760 total
[2021-05-03T14:43:08.968+0000][7][gc,age      ] GC(573) - age   9:       2024 bytes,     720784 total
[2021-05-03T14:43:08.968+0000][7][gc,age      ] GC(573) - age  10:        320 bytes,     721104 total
[2021-05-03T14:43:08.968+0000][7][gc,age      ] GC(573) - age  11:        504 bytes,     721608 total
[2021-05-03T14:43:08.968+0000][7][gc,age      ] GC(573) - age  12:     573000 bytes,    1294608 total
[2021-05-03T14:43:08.968+0000][7][gc,age      ] GC(573) - age  13:      59824 bytes,    1354432 total
[2021-05-03T14:43:08.968+0000][7][gc,age      ] GC(573) - age  14:         32 bytes,    1354464 total
[2021-05-03T14:43:08.968+0000][7][gc,age      ] GC(573) - age  15:        720 bytes,    1355184 total
[2021-05-03T14:43:08.968+0000][7][gc,phases   ] GC(573)   Pre Evacuate Collection Set: 0.1ms
[2021-05-03T14:43:08.968+0000][7][gc,phases   ] GC(573)   Merge Heap Roots: 0.0ms
[2021-05-03T14:43:08.968+0000][7][gc,phases   ] GC(573)   Evacuate Collection Set: 1.1ms
[2021-05-03T14:43:08.968+0000][7][gc,phases   ] GC(573)   Post Evacuate Collection Set: 0.6ms
[2021-05-03T14:43:08.968+0000][7][gc,phases   ] GC(573)   Other: 0.2ms
[2021-05-03T14:43:08.968+0000][7][gc,heap     ] GC(573) Eden regions: 21->0(21)
[2021-05-03T14:43:08.968+0000][7][gc,heap     ] GC(573) Survivor regions: 1->1(3)
[2021-05-03T14:43:08.968+0000][7][gc,heap     ] GC(573) Old regions: 27->27
[2021-05-03T14:43:08.968+0000][7][gc,heap     ] GC(573) Archive regions: 2->2
[2021-05-03T14:43:08.968+0000][7][gc,heap     ] GC(573) Humongous regions: 2->2
[2021-05-03T14:43:08.968+0000][7][gc,metaspace] GC(573) Metaspace: 110303K(115024K)->110303K(115024K) NonClass: 96317K(99740K)->96317K(99740K) Class: 13986K(15284K)->13986K(15284K)
[2021-05-03T14:43:08.968+0000][7][gc          ] GC(573) Pause Young (Concurrent Start) (G1 Evacuation Pause) 203M->119M(256M) 2.198ms
[2021-05-03T14:43:08.968+0000][7][gc,cpu      ] GC(573) User=0.01s Sys=0.00s Real=0.00s
[2021-05-03T14:43:08.968+0000][7][safepoint   ] Safepoint "G1CollectForAllocation", Time since last: 135053522775 ns, Reaching safepoint: 114478 ns, At safepoint: 2259341 ns, Total: 2373819 ns
[2021-05-03T14:43:08.968+0000][7][gc          ] GC(574) Concurrent Cycle
[2021-05-03T14:43:08.968+0000][7][gc,marking  ] GC(574) Concurrent Clear Claimed Marks
[2021-05-03T14:43:08.968+0000][7][gc,marking  ] GC(574) Concurrent Clear Claimed Marks 0.044ms
[2021-05-03T14:43:08.968+0000][7][gc,marking  ] GC(574) Concurrent Scan Root Regions
[2021-05-03T14:43:08.970+0000][7][gc,marking  ] GC(574) Concurrent Scan Root Regions 1.730ms
[2021-05-03T14:43:08.970+0000][7][gc,marking  ] GC(574) Concurrent Mark (44930.897s)
[2021-05-03T14:43:08.970+0000][7][gc,marking  ] GC(574) Concurrent Mark From Roots
[2021-05-03T14:43:08.970+0000][7][gc,task     ] GC(574) Using 2 workers of 2 for marking
[2021-05-03T14:43:09.061+0000][7][gc,marking  ] GC(574) Concurrent Mark From Roots 91.105ms
[2021-05-03T14:43:09.061+0000][7][gc,marking  ] GC(574) Concurrent Preclean
[2021-05-03T14:43:09.061+0000][7][gc,marking  ] GC(574) Concurrent Preclean 0.198ms
[2021-05-03T14:43:09.061+0000][7][gc,marking  ] GC(574) Concurrent Mark (44930.897s, 44930.989s) 91.356ms
[2021-05-03T14:43:09.061+0000][7][gc,start    ] GC(574) Pause Remark
[2021-05-03T14:43:09.067+0000][7][gc          ] GC(574) Pause Remark 119M->119M(256M) 5.873ms
[2021-05-03T14:43:09.067+0000][7][gc,cpu      ] GC(574) User=0.03s Sys=0.00s Real=0.00s
[2021-05-03T14:43:09.067+0000][7][safepoint   ] Safepoint "G1Concurrent", Time since last: 93271288 ns, Reaching safepoint: 99812 ns, At safepoint: 5972977 ns, Total: 6072789 ns
[2021-05-03T14:43:09.067+0000][7][gc,marking  ] GC(574) Concurrent Rebuild Remembered Sets
[2021-05-03T14:43:09.122+0000][7][gc,marking  ] GC(574) Concurrent Rebuild Remembered Sets 54.350ms
[2021-05-03T14:43:09.122+0000][7][gc,start    ] GC(574) Pause Cleanup
[2021-05-03T14:43:09.122+0000][7][gc          ] GC(574) Pause Cleanup 119M->119M(256M) 0.069ms
[2021-05-03T14:43:09.122+0000][7][gc,cpu      ] GC(574) User=0.00s Sys=0.00s Real=0.00s
[2021-05-03T14:43:09.122+0000][7][safepoint   ] Safepoint "G1Concurrent", Time since last: 54515295 ns, Reaching safepoint: 138514 ns, At safepoint: 111241 ns, Total: 249755 ns
[2021-05-03T14:43:09.122+0000][7][gc,marking  ] GC(574) Concurrent Cleanup for Next Mark
[2021-05-03T14:43:09.122+0000][7][gc,marking  ] GC(574) Concurrent Cleanup for Next Mark 0.161ms
[2021-05-03T14:43:09.122+0000][7][gc          ] GC(574) Concurrent Cycle 154.338ms
[2021-05-03T14:44:43.147+0000][7][safepoint   ] Safepoint "Cleanup", Time since last: 94025273119 ns, Reaching safepoint: 105759 ns, At safepoint: 5153 ns, Total: 110912 ns
[2021-05-03T14:45:16.857+0000][7][gc,start    ] GC(575) Pause Young (Normal) (G1 Evacuation Pause)
[2021-05-03T14:45:16.857+0000][7][gc,task     ] GC(575) Using 6 workers of 8 for evacuation
[2021-05-03T14:45:16.857+0000][7][gc,age      ] GC(575) Desired survivor size 6291456 bytes, new threshold 15 (max threshold 15)
[2021-05-03T14:45:16.859+0000][7][gc,age      ] GC(575) Age table with threshold 15 (max threshold 15)
[2021-05-03T14:45:16.859+0000][7][gc,age      ] GC(575) - age   1:     517240 bytes,     517240 total
[2021-05-03T14:45:16.859+0000][7][gc,age      ] GC(575) - age   2:        888 bytes,     518128 total
[2021-05-03T14:45:16.859+0000][7][gc,age      ] GC(575) - age   3:        680 bytes,     518808 total
[2021-05-03T14:45:16.859+0000][7][gc,age      ] GC(575) - age   4:        768 bytes,     519576 total
[2021-05-03T14:45:16.859+0000][7][gc,age      ] GC(575) - age   5:     180032 bytes,     699608 total
[2021-05-03T14:45:16.859+0000][7][gc,age      ] GC(575) - age   6:       1104 bytes,     700712 total
[2021-05-03T14:45:16.859+0000][7][gc,age      ] GC(575) - age   8:      24592 bytes,     725304 total
[2021-05-03T14:45:16.859+0000][7][gc,age      ] GC(575) - age   9:        240 bytes,     725544 total
[2021-05-03T14:45:16.859+0000][7][gc,age      ] GC(575) - age  10:       1960 bytes,     727504 total
[2021-05-03T14:45:16.859+0000][7][gc,age      ] GC(575) - age  11:        320 bytes,     727824 total
[2021-05-03T14:45:16.859+0000][7][gc,age      ] GC(575) - age  12:        464 bytes,     728288 total
[2021-05-03T14:45:16.859+0000][7][gc,age      ] GC(575) - age  13:     573000 bytes,    1301288 total
[2021-05-03T14:45:16.859+0000][7][gc,age      ] GC(575) - age  14:      59824 bytes,    1361112 total
[2021-05-03T14:45:16.859+0000][7][gc,age      ] GC(575) - age  15:         32 bytes,    1361144 total
[2021-05-03T14:45:16.859+0000][7][gc,phases   ] GC(575)   Pre Evacuate Collection Set: 0.1ms
[2021-05-03T14:45:16.859+0000][7][gc,phases   ] GC(575)   Merge Heap Roots: 0.1ms
[2021-05-03T14:45:16.859+0000][7][gc,phases   ] GC(575)   Evacuate Collection Set: 1.0ms
[2021-05-03T14:45:16.859+0000][7][gc,phases   ] GC(575)   Post Evacuate Collection Set: 0.6ms
[2021-05-03T14:45:16.859+0000][7][gc,phases   ] GC(575)   Other: 0.2ms
[2021-05-03T14:45:16.859+0000][7][gc,heap     ] GC(575) Eden regions: 21->0(21)
[2021-05-03T14:45:16.859+0000][7][gc,heap     ] GC(575) Survivor regions: 1->1(3)
[2021-05-03T14:45:16.859+0000][7][gc,heap     ] GC(575) Old regions: 27->27
[2021-05-03T14:45:16.859+0000][7][gc,heap     ] GC(575) Archive regions: 2->2
[2021-05-03T14:45:16.859+0000][7][gc,heap     ] GC(575) Humongous regions: 2->2
[2021-05-03T14:45:16.859+0000][7][gc,metaspace] GC(575) Metaspace: 110303K(115024K)->110303K(115024K) NonClass: 96317K(99740K)->96317K(99740K) Class: 13986K(15284K)->13986K(15284K)
[2021-05-03T14:45:16.859+0000][7][gc          ] GC(575) Pause Young (Normal) (G1 Evacuation Pause) 203M->119M(256M) 1.916ms
[2021-05-03T14:45:16.859+0000][7][gc,cpu      ] GC(575) User=0.01s Sys=0.00s Real=0.00s
[2021-05-03T14:45:16.859+0000][7][safepoint   ] Safepoint "G1CollectForAllocation", Time since last: 33709265288 ns, Reaching safepoint: 156712 ns, At safepoint: 1982951 ns, Total: 2139663 ns
[2021-05-03T14:45:40.866+0000][7][safepoint   ] Safepoint "Cleanup", Time since last: 24006733886 ns, Reaching safepoint: 112872 ns, At safepoint: 5547 ns, Total: 118419 ns
[2021-05-03T14:46:54.056+0000][7][gc,start    ] GC(576) Pause Young (Concurrent Start) (G1 Evacuation Pause)
[2021-05-03T14:46:54.056+0000][7][gc,task     ] GC(576) Using 6 workers of 8 for evacuation
[2021-05-03T14:46:54.056+0000][7][gc,age      ] GC(576) Desired survivor size 6291456 bytes, new threshold 15 (max threshold 15)
[2021-05-03T14:46:54.058+0000][7][gc,age      ] GC(576) Age table with threshold 15 (max threshold 15)
[2021-05-03T14:46:54.058+0000][7][gc,age      ] GC(576) - age   1:     781424 bytes,     781424 total
[2021-05-03T14:46:54.058+0000][7][gc,age      ] GC(576) - age   2:       3504 bytes,     784928 total
[2021-05-03T14:46:54.058+0000][7][gc,age      ] GC(576) - age   3:        640 bytes,     785568 total
[2021-05-03T14:46:54.058+0000][7][gc,age      ] GC(576) - age   4:        440 bytes,     786008 total
[2021-05-03T14:46:54.058+0000][7][gc,age      ] GC(576) - age   5:        480 bytes,     786488 total
[2021-05-03T14:46:54.058+0000][7][gc,age      ] GC(576) - age   6:       5432 bytes,     791920 total
[2021-05-03T14:46:54.058+0000][7][gc,age      ] GC(576) - age   7:        920 bytes,     792840 total
[2021-05-03T14:46:54.058+0000][7][gc,age      ] GC(576) - age   9:      24592 bytes,     817432 total
[2021-05-03T14:46:54.058+0000][7][gc,age      ] GC(576) - age  10:        240 bytes,     817672 total
[2021-05-03T14:46:54.058+0000][7][gc,age      ] GC(576) - age  11:        440 bytes,     818112 total
[2021-05-03T14:46:54.058+0000][7][gc,age      ] GC(576) - age  12:        320 bytes,     818432 total
[2021-05-03T14:46:54.058+0000][7][gc,age      ] GC(576) - age  13:        464 bytes,     818896 total
[2021-05-03T14:46:54.058+0000][7][gc,age      ] GC(576) - age  14:     573000 bytes,    1391896 total
[2021-05-03T14:46:54.058+0000][7][gc,age      ] GC(576) - age  15:      59824 bytes,    1451720 total
[2021-05-03T14:46:54.058+0000][7][gc,phases   ] GC(576)   Pre Evacuate Collection Set: 0.1ms
[2021-05-03T14:46:54.058+0000][7][gc,phases   ] GC(576)   Merge Heap Roots: 0.1ms
[2021-05-03T14:46:54.058+0000][7][gc,phases   ] GC(576)   Evacuate Collection Set: 0.9ms
[2021-05-03T14:46:54.058+0000][7][gc,phases   ] GC(576)   Post Evacuate Collection Set: 0.4ms
[2021-05-03T14:46:54.058+0000][7][gc,phases   ] GC(576)   Other: 0.2ms
[2021-05-03T14:46:54.058+0000][7][gc,heap     ] GC(576) Eden regions: 21->0(21)
[2021-05-03T14:46:54.058+0000][7][gc,heap     ] GC(576) Survivor regions: 1->1(3)
[2021-05-03T14:46:54.058+0000][7][gc,heap     ] GC(576) Old regions: 27->27
[2021-05-03T14:46:54.058+0000][7][gc,heap     ] GC(576) Archive regions: 2->2
[2021-05-03T14:46:54.058+0000][7][gc,heap     ] GC(576) Humongous regions: 2->2
[2021-05-03T14:46:54.058+0000][7][gc,metaspace] GC(576) Metaspace: 110312K(115024K)->110312K(115024K) NonClass: 96326K(99740K)->96326K(99740K) Class: 13986K(15284K)->13986K(15284K)
[2021-05-03T14:46:54.058+0000][7][gc          ] GC(576) Pause Young (Concurrent Start) (G1 Evacuation Pause) 203M->119M(256M) 1.840ms
[2021-05-03T14:46:54.058+0000][7][gc,cpu      ] GC(576) User=0.01s Sys=0.00s Real=0.00s
[2021-05-03T14:46:54.058+0000][7][safepoint   ] Safepoint "G1CollectForAllocation", Time since last: 73190508576 ns, Reaching safepoint: 114756 ns, At safepoint: 1902612 ns, Total: 2017368 ns
[2021-05-03T14:46:54.058+0000][7][gc          ] GC(577) Concurrent Cycle
[2021-05-03T14:46:54.058+0000][7][gc,marking  ] GC(577) Concurrent Clear Claimed Marks
[2021-05-03T14:46:54.058+0000][7][gc,marking  ] GC(577) Concurrent Clear Claimed Marks 0.050ms
[2021-05-03T14:46:54.058+0000][7][gc,marking  ] GC(577) Concurrent Scan Root Regions
[2021-05-03T14:46:54.060+0000][7][gc,marking  ] GC(577) Concurrent Scan Root Regions 1.742ms
[2021-05-03T14:46:54.060+0000][7][gc,marking  ] GC(577) Concurrent Mark (45155.988s)
[2021-05-03T14:46:54.060+0000][7][gc,marking  ] GC(577) Concurrent Mark From Roots
[2021-05-03T14:46:54.060+0000][7][gc,task     ] GC(577) Using 2 workers of 2 for marking
[2021-05-03T14:46:54.140+0000][7][gc,marking  ] GC(577) Concurrent Mark From Roots 79.660ms
[2021-05-03T14:46:54.140+0000][7][gc,marking  ] GC(577) Concurrent Preclean
[2021-05-03T14:46:54.140+0000][7][gc,marking  ] GC(577) Concurrent Preclean 0.197ms
[2021-05-03T14:46:54.140+0000][7][gc,marking  ] GC(577) Concurrent Mark (45155.988s, 45156.068s) 79.908ms
[2021-05-03T14:46:54.140+0000][7][gc,start    ] GC(577) Pause Remark
[2021-05-03T14:46:54.146+0000][7][gc          ] GC(577) Pause Remark 120M->120M(256M) 6.040ms
[2021-05-03T14:46:54.146+0000][7][gc,cpu      ] GC(577) User=0.03s Sys=0.00s Real=0.00s
[2021-05-03T14:46:54.146+0000][7][safepoint   ] Safepoint "G1Concurrent", Time since last: 81859940 ns, Reaching safepoint: 111881 ns, At safepoint: 6111398 ns, Total: 6223279 ns
[2021-05-03T14:46:54.146+0000][7][gc,marking  ] GC(577) Concurrent Rebuild Remembered Sets
[2021-05-03T14:46:54.200+0000][7][gc,marking  ] GC(577) Concurrent Rebuild Remembered Sets 53.283ms
[2021-05-03T14:46:54.200+0000][7][gc,start    ] GC(577) Pause Cleanup
[2021-05-03T14:46:54.200+0000][7][gc          ] GC(577) Pause Cleanup 120M->120M(256M) 0.074ms
[2021-05-03T14:46:54.200+0000][7][gc,cpu      ] GC(577) User=0.00s Sys=0.00s Real=0.00s
[2021-05-03T14:46:54.200+0000][7][safepoint   ] Safepoint "G1Concurrent", Time since last: 53436076 ns, Reaching safepoint: 133877 ns, At safepoint: 113782 ns, Total: 247659 ns
[2021-05-03T14:46:54.200+0000][7][gc,marking  ] GC(577) Concurrent Cleanup for Next Mark
[2021-05-03T14:46:54.200+0000][7][gc,marking  ] GC(577) Concurrent Cleanup for Next Mark 0.198ms
[2021-05-03T14:46:54.200+0000][7][gc          ] GC(577) Concurrent Cycle 141.961ms
[2021-05-03T14:49:10.995+0000][7][gc,start    ] GC(578) Pause Young (Normal) (G1 Evacuation Pause)
[2021-05-03T14:49:10.995+0000][7][gc,task     ] GC(578) Using 6 workers of 8 for evacuation
[2021-05-03T14:49:10.995+0000][7][gc,age      ] GC(578) Desired survivor size 6291456 bytes, new threshold 15 (max threshold 15)
[2021-05-03T14:49:10.996+0000][7][gc,age      ] GC(578) Age table with threshold 15 (max threshold 15)
[2021-05-03T14:49:10.996+0000][7][gc,age      ] GC(578) - age   1:     506376 bytes,     506376 total
[2021-05-03T14:49:10.996+0000][7][gc,age      ] GC(578) - age   2:     276728 bytes,     783104 total
[2021-05-03T14:49:10.996+0000][7][gc,age      ] GC(578) - age   3:       3424 bytes,     786528 total
[2021-05-03T14:49:10.996+0000][7][gc,age      ] GC(578) - age   4:        520 bytes,     787048 total
[2021-05-03T14:49:10.996+0000][7][gc,age      ] GC(578) - age   5:        440 bytes,     787488 total
[2021-05-03T14:49:10.996+0000][7][gc,age      ] GC(578) - age   6:        480 bytes,     787968 total
[2021-05-03T14:49:10.996+0000][7][gc,age      ] GC(578) - age   7:       5168 bytes,     793136 total
[2021-05-03T14:49:10.996+0000][7][gc,age      ] GC(578) - age   8:        920 bytes,     794056 total
[2021-05-03T14:49:10.996+0000][7][gc,age      ] GC(578) - age  10:      24592 bytes,     818648 total
[2021-05-03T14:49:10.996+0000][7][gc,age      ] GC(578) - age  11:        144 bytes,     818792 total
[2021-05-03T14:49:10.996+0000][7][gc,age      ] GC(578) - age  12:        440 bytes,     819232 total
[2021-05-03T14:49:10.996+0000][7][gc,age      ] GC(578) - age  13:        320 bytes,     819552 total
[2021-05-03T14:49:10.996+0000][7][gc,age      ] GC(578) - age  14:        464 bytes,     820016 total
[2021-05-03T14:49:10.996+0000][7][gc,age      ] GC(578) - age  15:     573000 bytes,    1393016 total
[2021-05-03T14:49:10.996+0000][7][gc,phases   ] GC(578)   Pre Evacuate Collection Set: 0.1ms
[2021-05-03T14:49:10.996+0000][7][gc,phases   ] GC(578)   Merge Heap Roots: 0.1ms
[2021-05-03T14:49:10.996+0000][7][gc,phases   ] GC(578)   Evacuate Collection Set: 0.9ms
[2021-05-03T14:49:10.996+0000][7][gc,phases   ] GC(578)   Post Evacuate Collection Set: 0.3ms
[2021-05-03T14:49:10.996+0000][7][gc,phases   ] GC(578)   Other: 0.2ms
[2021-05-03T14:49:10.996+0000][7][gc,heap     ] GC(578) Eden regions: 21->0(21)
[2021-05-03T14:49:10.996+0000][7][gc,heap     ] GC(578) Survivor regions: 1->1(3)
[2021-05-03T14:49:10.996+0000][7][gc,heap     ] GC(578) Old regions: 27->27
[2021-05-03T14:49:10.996+0000][7][gc,heap     ] GC(578) Archive regions: 2->2
[2021-05-03T14:49:10.996+0000][7][gc,heap     ] GC(578) Humongous regions: 2->2
[2021-05-03T14:49:10.996+0000][7][gc,metaspace] GC(578) Metaspace: 110312K(115024K)->110312K(115024K) NonClass: 96326K(99740K)->96326K(99740K) Class: 13986K(15284K)->13986K(15284K)
[2021-05-03T14:49:10.996+0000][7][gc          ] GC(578) Pause Young (Normal) (G1 Evacuation Pause) 203M->119M(256M) 1.664ms
[2021-05-03T14:49:10.996+0000][7][gc,cpu      ] GC(578) User=0.00s Sys=0.01s Real=0.00s
[2021-05-03T14:49:10.996+0000][7][safepoint   ] Safepoint "G1CollectForAllocation", Time since last: 136794360591 ns, Reaching safepoint: 141151 ns, At safepoint: 1729151 ns, Total: 1870302 ns
[2021-05-03T14:50:45.010+0000][7][safepoint   ] Safepoint "Cleanup", Time since last: 94013952768 ns, Reaching safepoint: 119395 ns, At safepoint: 5406 ns, Total: 124801 ns
[2021-05-03T14:51:16.015+0000][7][safepoint   ] Safepoint "Cleanup", Time since last: 31004891990 ns, Reaching safepoint: 77617 ns, At safepoint: 5614 ns, Total: 83231 ns
[2021-05-03T14:51:19.160+0000][7][gc,start    ] GC(579) Pause Young (Concurrent Start) (G1 Evacuation Pause)
[2021-05-03T14:51:19.160+0000][7][gc,task     ] GC(579) Using 6 workers of 8 for evacuation
[2021-05-03T14:51:19.160+0000][7][gc,age      ] GC(579) Desired survivor size 6291456 bytes, new threshold 15 (max threshold 15)
[2021-05-03T14:51:19.161+0000][7][gc,age      ] GC(579) Age table with threshold 15 (max threshold 15)
[2021-05-03T14:51:19.161+0000][7][gc,age      ] GC(579) - age   1:     515400 bytes,     515400 total
[2021-05-03T14:51:19.161+0000][7][gc,age      ] GC(579) - age   2:        328 bytes,     515728 total
[2021-05-03T14:51:19.161+0000][7][gc,age      ] GC(579) - age   3:     152512 bytes,     668240 total
[2021-05-03T14:51:19.161+0000][7][gc,age      ] GC(579) - age   4:       3096 bytes,     671336 total
[2021-05-03T14:51:19.161+0000][7][gc,age      ] GC(579) - age   5:        424 bytes,     671760 total
[2021-05-03T14:51:19.161+0000][7][gc,age      ] GC(579) - age   6:        440 bytes,     672200 total
[2021-05-03T14:51:19.161+0000][7][gc,age      ] GC(579) - age   7:        360 bytes,     672560 total
[2021-05-03T14:51:19.161+0000][7][gc,age      ] GC(579) - age   8:       5168 bytes,     677728 total
[2021-05-03T14:51:19.161+0000][7][gc,age      ] GC(579) - age   9:        920 bytes,     678648 total
[2021-05-03T14:51:19.161+0000][7][gc,age      ] GC(579) - age  11:      24592 bytes,     703240 total
[2021-05-03T14:51:19.161+0000][7][gc,age      ] GC(579) - age  12:        144 bytes,     703384 total
[2021-05-03T14:51:19.161+0000][7][gc,age      ] GC(579) - age  13:        440 bytes,     703824 total
[2021-05-03T14:51:19.161+0000][7][gc,age      ] GC(579) - age  14:        320 bytes,     704144 total
[2021-05-03T14:51:19.161+0000][7][gc,age      ] GC(579) - age  15:        464 bytes,     704608 total
[2021-05-03T14:51:19.161+0000][7][gc,phases   ] GC(579)   Pre Evacuate Collection Set: 0.1ms
[2021-05-03T14:51:19.161+0000][7][gc,phases   ] GC(579)   Merge Heap Roots: 0.0ms
[2021-05-03T14:51:19.161+0000][7][gc,phases   ] GC(579)   Evacuate Collection Set: 0.8ms
[2021-05-03T14:51:19.161+0000][7][gc,phases   ] GC(579)   Post Evacuate Collection Set: 0.5ms
[2021-05-03T14:51:19.161+0000][7][gc,phases   ] GC(579)   Other: 0.2ms
[2021-05-03T14:51:19.161+0000][7][gc,heap     ] GC(579) Eden regions: 21->0(21)
[2021-05-03T14:51:19.161+0000][7][gc,heap     ] GC(579) Survivor regions: 1->1(3)
[2021-05-03T14:51:19.162+0000][7][gc,heap     ] GC(579) Old regions: 27->27
[2021-05-03T14:51:19.162+0000][7][gc,heap     ] GC(579) Archive regions: 2->2
[2021-05-03T14:51:19.162+0000][7][gc,heap     ] GC(579) Humongous regions: 2->2
[2021-05-03T14:51:19.162+0000][7][gc,metaspace] GC(579) Metaspace: 110312K(115024K)->110312K(115024K) NonClass: 96326K(99740K)->96326K(99740K) Class: 13986K(15284K)->13986K(15284K)
[2021-05-03T14:51:19.162+0000][7][gc          ] GC(579) Pause Young (Concurrent Start) (G1 Evacuation Pause) 203M->119M(256M) 1.766ms
[2021-05-03T14:51:19.162+0000][7][gc,cpu      ] GC(579) User=0.00s Sys=0.00s Real=0.00s
[2021-05-03T14:51:19.162+0000][7][safepoint   ] Safepoint "G1CollectForAllocation", Time since last: 3144414026 ns, Reaching safepoint: 74344 ns, At safepoint: 1833487 ns, Total: 1907831 ns
[2021-05-03T14:51:19.162+0000][7][gc          ] GC(580) Concurrent Cycle
[2021-05-03T14:51:19.162+0000][7][gc,marking  ] GC(580) Concurrent Clear Claimed Marks
[2021-05-03T14:51:19.162+0000][7][gc,marking  ] GC(580) Concurrent Clear Claimed Marks 0.049ms
[2021-05-03T14:51:19.162+0000][7][gc,marking  ] GC(580) Concurrent Scan Root Regions
[2021-05-03T14:51:19.163+0000][7][gc,marking  ] GC(580) Concurrent Scan Root Regions 1.092ms
[2021-05-03T14:51:19.163+0000][7][gc,marking  ] GC(580) Concurrent Mark (45421.090s)
[2021-05-03T14:51:19.163+0000][7][gc,marking  ] GC(580) Concurrent Mark From Roots
[2021-05-03T14:51:19.163+0000][7][gc,task     ] GC(580) Using 2 workers of 2 for marking
[2021-05-03T14:51:19.246+0000][7][gc,marking  ] GC(580) Concurrent Mark From Roots 83.561ms
[2021-05-03T14:51:19.246+0000][7][gc,marking  ] GC(580) Concurrent Preclean
[2021-05-03T14:51:19.247+0000][7][gc,marking  ] GC(580) Concurrent Preclean 0.192ms
[2021-05-03T14:51:19.247+0000][7][gc,marking  ] GC(580) Concurrent Mark (45421.090s, 45421.174s) 83.797ms
[2021-05-03T14:51:19.247+0000][7][gc,start    ] GC(580) Pause Remark
[2021-05-03T14:51:19.253+0000][7][gc          ] GC(580) Pause Remark 120M->120M(256M) 6.201ms
[2021-05-03T14:51:19.253+0000][7][gc,cpu      ] GC(580) User=0.03s Sys=0.00s Real=0.01s
[2021-05-03T14:51:19.253+0000][7][safepoint   ] Safepoint "G1Concurrent", Time since last: 84996966 ns, Reaching safepoint: 94213 ns, At safepoint: 6278170 ns, Total: 6372383 ns
[2021-05-03T14:51:19.253+0000][7][gc,marking  ] GC(580) Concurrent Rebuild Remembered Sets
[2021-05-03T14:51:19.309+0000][7][gc,marking  ] GC(580) Concurrent Rebuild Remembered Sets 55.578ms
[2021-05-03T14:51:19.309+0000][7][gc,start    ] GC(580) Pause Cleanup
[2021-05-03T14:51:19.309+0000][7][gc          ] GC(580) Pause Cleanup 120M->120M(256M) 0.065ms
[2021-05-03T14:51:19.309+0000][7][gc,cpu      ] GC(580) User=0.00s Sys=0.00s Real=0.00s
[2021-05-03T14:51:19.309+0000][7][safepoint   ] Safepoint "G1Concurrent", Time since last: 55646332 ns, Reaching safepoint: 122329 ns, At safepoint: 105799 ns, Total: 228128 ns
[2021-05-03T14:51:19.309+0000][7][gc,marking  ] GC(580) Concurrent Cleanup for Next Mark
[2021-05-03T14:51:19.309+0000][7][gc,marking  ] GC(580) Concurrent Cleanup for Next Mark 0.174ms
[2021-05-03T14:51:19.309+0000][7][gc          ] GC(580) Concurrent Cycle 147.492ms
[2021-05-03T14:53:29.217+0000][7][gc,start    ] GC(581) Pause Young (Normal) (G1 Evacuation Pause)
[2021-05-03T14:53:29.217+0000][7][gc,task     ] GC(581) Using 6 workers of 8 for evacuation
[2021-05-03T14:53:29.217+0000][7][gc,age      ] GC(581) Desired survivor size 6291456 bytes, new threshold 15 (max threshold 15)
[2021-05-03T14:53:29.219+0000][7][gc,age      ] GC(581) Age table with threshold 15 (max threshold 15)
[2021-05-03T14:53:29.219+0000][7][gc,age      ] GC(581) - age   1:     506800 bytes,     506800 total
[2021-05-03T14:53:29.219+0000][7][gc,age      ] GC(581) - age   2:        992 bytes,     507792 total
[2021-05-03T14:53:29.219+0000][7][gc,age      ] GC(581) - age   3:        296 bytes,     508088 total
[2021-05-03T14:53:29.219+0000][7][gc,age      ] GC(581) - age   4:     152392 bytes,     660480 total
[2021-05-03T14:53:29.219+0000][7][gc,age      ] GC(581) - age   5:       3056 bytes,     663536 total
[2021-05-03T14:53:29.219+0000][7][gc,age      ] GC(581) - age   6:        400 bytes,     663936 total
[2021-05-03T14:53:29.219+0000][7][gc,age      ] GC(581) - age   7:        440 bytes,     664376 total
[2021-05-03T14:53:29.219+0000][7][gc,age      ] GC(581) - age   8:        360 bytes,     664736 total
[2021-05-03T14:53:29.219+0000][7][gc,age      ] GC(581) - age   9:       5168 bytes,     669904 total
[2021-05-03T14:53:29.219+0000][7][gc,age      ] GC(581) - age  10:        920 bytes,     670824 total
[2021-05-03T14:53:29.219+0000][7][gc,age      ] GC(581) - age  12:      24592 bytes,     695416 total
[2021-05-03T14:53:29.219+0000][7][gc,age      ] GC(581) - age  13:        144 bytes,     695560 total
[2021-05-03T14:53:29.219+0000][7][gc,age      ] GC(581) - age  14:        440 bytes,     696000 total
[2021-05-03T14:53:29.219+0000][7][gc,age      ] GC(581) - age  15:        320 bytes,     696320 total
[2021-05-03T14:53:29.219+0000][7][gc,phases   ] GC(581)   Pre Evacuate Collection Set: 0.1ms
[2021-05-03T14:53:29.219+0000][7][gc,phases   ] GC(581)   Merge Heap Roots: 0.0ms
[2021-05-03T14:53:29.219+0000][7][gc,phases   ] GC(581)   Evacuate Collection Set: 1.4ms
[2021-05-03T14:53:29.219+0000][7][gc,phases   ] GC(581)   Post Evacuate Collection Set: 0.6ms
[2021-05-03T14:53:29.219+0000][7][gc,phases   ] GC(581)   Other: 0.4ms
[2021-05-03T14:53:29.219+0000][7][gc,heap     ] GC(581) Eden regions: 21->0(21)
[2021-05-03T14:53:29.219+0000][7][gc,heap     ] GC(581) Survivor regions: 1->1(3)
[2021-05-03T14:53:29.219+0000][7][gc,heap     ] GC(581) Old regions: 27->27
[2021-05-03T14:53:29.219+0000][7][gc,heap     ] GC(581) Archive regions: 2->2
[2021-05-03T14:53:29.219+0000][7][gc,heap     ] GC(581) Humongous regions: 2->2
[2021-05-03T14:53:29.219+0000][7][gc,metaspace] GC(581) Metaspace: 110312K(115024K)->110312K(115024K) NonClass: 96326K(99740K)->96326K(99740K) Class: 13986K(15284K)->13986K(15284K)
[2021-05-03T14:53:29.219+0000][7][gc          ] GC(581) Pause Young (Normal) (G1 Evacuation Pause) 203M->119M(256M) 2.564ms
[2021-05-03T14:53:29.219+0000][7][gc,cpu      ] GC(581) User=0.01s Sys=0.00s Real=0.00s
[2021-05-03T14:53:29.219+0000][7][safepoint   ] Safepoint "G1CollectForAllocation", Time since last: 129907791967 ns, Reaching safepoint: 127020 ns, At safepoint: 2669284 ns, Total: 2796304 ns
[2021-05-03T14:54:21.227+0000][7][safepoint   ] Safepoint "Cleanup", Time since last: 52007069475 ns, Reaching safepoint: 113286 ns, At safepoint: 8407 ns, Total: 121693 ns
[2021-05-03T14:54:51.230+0000][7][safepoint   ] Safepoint "Cleanup", Time since last: 30003707553 ns, Reaching safepoint: 131360 ns, At safepoint: 8074 ns, Total: 139434 ns
[2021-05-03T14:55:35.165+0000][7][gc,start    ] GC(582) Pause Young (Concurrent Start) (G1 Evacuation Pause)
[2021-05-03T14:55:35.165+0000][7][gc,task     ] GC(582) Using 6 workers of 8 for evacuation
[2021-05-03T14:55:35.165+0000][7][gc,age      ] GC(582) Desired survivor size 6291456 bytes, new threshold 15 (max threshold 15)
[2021-05-03T14:55:35.166+0000][7][gc,age      ] GC(582) Age table with threshold 15 (max threshold 15)
[2021-05-03T14:55:35.166+0000][7][gc,age      ] GC(582) - age   1:     531400 bytes,     531400 total
[2021-05-03T14:55:35.166+0000][7][gc,age      ] GC(582) - age   2:        600 bytes,     532000 total
[2021-05-03T14:55:35.166+0000][7][gc,age      ] GC(582) - age   3:        624 bytes,     532624 total
[2021-05-03T14:55:35.166+0000][7][gc,age      ] GC(582) - age   4:        272 bytes,     532896 total
[2021-05-03T14:55:35.166+0000][7][gc,age      ] GC(582) - age   5:     152168 bytes,     685064 total
[2021-05-03T14:55:35.166+0000][7][gc,age      ] GC(582) - age   6:        344 bytes,     685408 total
[2021-05-03T14:55:35.166+0000][7][gc,age      ] GC(582) - age   7:        376 bytes,     685784 total
[2021-05-03T14:55:35.166+0000][7][gc,age      ] GC(582) - age   8:        440 bytes,     686224 total
[2021-05-03T14:55:35.166+0000][7][gc,age      ] GC(582) - age   9:        360 bytes,     686584 total
[2021-05-03T14:55:35.166+0000][7][gc,age      ] GC(582) - age  10:       5168 bytes,     691752 total
[2021-05-03T14:55:35.166+0000][7][gc,age      ] GC(582) - age  11:        920 bytes,     692672 total
[2021-05-03T14:55:35.166+0000][7][gc,age      ] GC(582) - age  13:      24592 bytes,     717264 total
[2021-05-03T14:55:35.166+0000][7][gc,age      ] GC(582) - age  14:        104 bytes,     717368 total
[2021-05-03T14:55:35.166+0000][7][gc,age      ] GC(582) - age  15:        440 bytes,     717808 total
[2021-05-03T14:55:35.166+0000][7][gc,phases   ] GC(582)   Pre Evacuate Collection Set: 0.1ms
[2021-05-03T14:55:35.166+0000][7][gc,phases   ] GC(582)   Merge Heap Roots: 0.0ms
[2021-05-03T14:55:35.166+0000][7][gc,phases   ] GC(582)   Evacuate Collection Set: 0.7ms
[2021-05-03T14:55:35.166+0000][7][gc,phases   ] GC(582)   Post Evacuate Collection Set: 0.6ms
[2021-05-03T14:55:35.166+0000][7][gc,phases   ] GC(582)   Other: 0.2ms
[2021-05-03T14:55:35.166+0000][7][gc,heap     ] GC(582) Eden regions: 21->0(21)
[2021-05-03T14:55:35.166+0000][7][gc,heap     ] GC(582) Survivor regions: 1->1(3)
[2021-05-03T14:55:35.166+0000][7][gc,heap     ] GC(582) Old regions: 27->27
[2021-05-03T14:55:35.166+0000][7][gc,heap     ] GC(582) Archive regions: 2->2
[2021-05-03T14:55:35.166+0000][7][gc,heap     ] GC(582) Humongous regions: 2->2
[2021-05-03T14:55:35.166+0000][7][gc,metaspace] GC(582) Metaspace: 110312K(115024K)->110312K(115024K) NonClass: 96326K(99740K)->96326K(99740K) Class: 13986K(15284K)->13986K(15284K)
[2021-05-03T14:55:35.166+0000][7][gc          ] GC(582) Pause Young (Concurrent Start) (G1 Evacuation Pause) 203M->119M(256M) 1.666ms
[2021-05-03T14:55:35.166+0000][7][gc,cpu      ] GC(582) User=0.00s Sys=0.00s Real=0.00s
[2021-05-03T14:55:35.166+0000][7][safepoint   ] Safepoint "G1CollectForAllocation", Time since last: 43934158594 ns, Reaching safepoint: 121512 ns, At safepoint: 1727612 ns, Total: 1849124 ns
[2021-05-03T14:55:35.166+0000][7][gc          ] GC(583) Concurrent Cycle
[2021-05-03T14:55:35.166+0000][7][gc,marking  ] GC(583) Concurrent Clear Claimed Marks
[2021-05-03T14:55:35.167+0000][7][gc,marking  ] GC(583) Concurrent Clear Claimed Marks 0.056ms
[2021-05-03T14:55:35.167+0000][7][gc,marking  ] GC(583) Concurrent Scan Root Regions
[2021-05-03T14:55:35.168+0000][7][gc,marking  ] GC(583) Concurrent Scan Root Regions 1.410ms
[2021-05-03T14:55:35.168+0000][7][gc,marking  ] GC(583) Concurrent Mark (45677.096s)
[2021-05-03T14:55:35.168+0000][7][gc,marking  ] GC(583) Concurrent Mark From Roots
[2021-05-03T14:55:35.168+0000][7][gc,task     ] GC(583) Using 2 workers of 2 for marking
[2021-05-03T14:55:35.253+0000][7][gc,marking  ] GC(583) Concurrent Mark From Roots 84.611ms
[2021-05-03T14:55:35.253+0000][7][gc,marking  ] GC(583) Concurrent Preclean
[2021-05-03T14:55:35.253+0000][7][gc,marking  ] GC(583) Concurrent Preclean 0.273ms
[2021-05-03T14:55:35.253+0000][7][gc,marking  ] GC(583) Concurrent Mark (45677.096s, 45677.181s) 84.946ms
[2021-05-03T14:55:35.253+0000][7][gc,start    ] GC(583) Pause Remark
[2021-05-03T14:55:35.259+0000][7][gc          ] GC(583) Pause Remark 119M->119M(256M) 6.205ms
[2021-05-03T14:55:35.259+0000][7][gc,cpu      ] GC(583) User=0.04s Sys=0.00s Real=0.00s
[2021-05-03T14:55:35.259+0000][7][safepoint   ] Safepoint "G1Concurrent", Time since last: 86528683 ns, Reaching safepoint: 135489 ns, At safepoint: 6300050 ns, Total: 6435539 ns
[2021-05-03T14:55:35.259+0000][7][gc,marking  ] GC(583) Concurrent Rebuild Remembered Sets
[2021-05-03T14:55:35.316+0000][7][gc,marking  ] GC(583) Concurrent Rebuild Remembered Sets 56.470ms
[2021-05-03T14:55:35.316+0000][7][gc,start    ] GC(583) Pause Cleanup
[2021-05-03T14:55:35.316+0000][7][gc          ] GC(583) Pause Cleanup 120M->120M(256M) 0.074ms
[2021-05-03T14:55:35.316+0000][7][gc,cpu      ] GC(583) User=0.00s Sys=0.00s Real=0.00s
[2021-05-03T14:55:35.316+0000][7][safepoint   ] Safepoint "G1Concurrent", Time since last: 56561436 ns, Reaching safepoint: 91908 ns, At safepoint: 118494 ns, Total: 210402 ns
[2021-05-03T14:55:35.316+0000][7][gc,marking  ] GC(583) Concurrent Cleanup for Next Mark
[2021-05-03T14:55:35.316+0000][7][gc,marking  ] GC(583) Concurrent Cleanup for Next Mark 0.124ms
[2021-05-03T14:55:35.316+0000][7][gc          ] GC(583) Concurrent Cycle 149.906ms
[2021-05-03T14:57:14.309+0000][7][gc,start    ] GC(584) Pause Young (Normal) (G1 Evacuation Pause)
[2021-05-03T14:57:14.309+0000][7][gc,task     ] GC(584) Using 6 workers of 8 for evacuation
[2021-05-03T14:57:14.309+0000][7][gc,age      ] GC(584) Desired survivor size 6291456 bytes, new threshold 15 (max threshold 15)
[2021-05-03T14:57:14.311+0000][7][gc,age      ] GC(584) Age table with threshold 15 (max threshold 15)
[2021-05-03T14:57:14.311+0000][7][gc,age      ] GC(584) - age   1:     806792 bytes,     806792 total
[2021-05-03T14:57:14.311+0000][7][gc,age      ] GC(584) - age   2:       3944 bytes,     810736 total
[2021-05-03T14:57:14.311+0000][7][gc,age      ] GC(584) - age   3:        280 bytes,     811016 total
[2021-05-03T14:57:14.311+0000][7][gc,age      ] GC(584) - age   4:        624 bytes,     811640 total
[2021-05-03T14:57:14.311+0000][7][gc,age      ] GC(584) - age   5:        272 bytes,     811912 total
[2021-05-03T14:57:14.311+0000][7][gc,age      ] GC(584) - age   6:       3096 bytes,     815008 total
[2021-05-03T14:57:14.311+0000][7][gc,age      ] GC(584) - age   7:        344 bytes,     815352 total
[2021-05-03T14:57:14.311+0000][7][gc,age      ] GC(584) - age   8:        336 bytes,     815688 total
[2021-05-03T14:57:14.311+0000][7][gc,age      ] GC(584) - age   9:        440 bytes,     816128 total
[2021-05-03T14:57:14.311+0000][7][gc,age      ] GC(584) - age  10:        120 bytes,     816248 total
[2021-05-03T14:57:14.311+0000][7][gc,age      ] GC(584) - age  11:        208 bytes,     816456 total
[2021-05-03T14:57:14.311+0000][7][gc,age      ] GC(584) - age  12:        920 bytes,     817376 total
[2021-05-03T14:57:14.311+0000][7][gc,age      ] GC(584) - age  14:      24592 bytes,     841968 total
[2021-05-03T14:57:14.311+0000][7][gc,age      ] GC(584) - age  15:        104 bytes,     842072 total
[2021-05-03T14:57:14.311+0000][7][gc,phases   ] GC(584)   Pre Evacuate Collection Set: 0.1ms
[2021-05-03T14:57:14.311+0000][7][gc,phases   ] GC(584)   Merge Heap Roots: 0.0ms
[2021-05-03T14:57:14.311+0000][7][gc,phases   ] GC(584)   Evacuate Collection Set: 1.2ms
[2021-05-03T14:57:14.311+0000][7][gc,phases   ] GC(584)   Post Evacuate Collection Set: 0.4ms
[2021-05-03T14:57:14.311+0000][7][gc,phases   ] GC(584)   Other: 0.3ms
[2021-05-03T14:57:14.311+0000][7][gc,heap     ] GC(584) Eden regions: 21->0(21)
[2021-05-03T14:57:14.311+0000][7][gc,heap     ] GC(584) Survivor regions: 1->1(3)
[2021-05-03T14:57:14.311+0000][7][gc,heap     ] GC(584) Old regions: 27->27
[2021-05-03T14:57:14.311+0000][7][gc,heap     ] GC(584) Archive regions: 2->2
[2021-05-03T14:57:14.311+0000][7][gc,heap     ] GC(584) Humongous regions: 2->2
[2021-05-03T14:57:14.311+0000][7][gc,metaspace] GC(584) Metaspace: 110330K(115024K)->110330K(115024K) NonClass: 96343K(99740K)->96343K(99740K) Class: 13986K(15284K)->13986K(15284K)
[2021-05-03T14:57:14.311+0000][7][gc          ] GC(584) Pause Young (Normal) (G1 Evacuation Pause) 203M->119M(256M) 2.187ms
[2021-05-03T14:57:14.311+0000][7][gc,cpu      ] GC(584) User=0.00s Sys=0.00s Real=0.00s
[2021-05-03T14:57:14.311+0000][7][safepoint   ] Safepoint "G1CollectForAllocation", Time since last: 98992795362 ns, Reaching safepoint: 177409 ns, At safepoint: 2272273 ns, Total: 2449682 ns
[2021-05-03T14:57:16.312+0000][7][safepoint   ] Safepoint "Cleanup", Time since last: 2000238165 ns, Reaching safepoint: 100358 ns, At safepoint: 7731 ns, Total: 108089 ns
[2021-05-03T14:57:17.312+0000][7][safepoint   ] Safepoint "Cleanup", Time since last: 1000175049 ns, Reaching safepoint: 153712 ns, At safepoint: 6897 ns, Total: 160609 ns
[2021-05-03T14:59:21.330+0000][7][safepoint   ] Safepoint "Cleanup", Time since last: 124017988038 ns, Reaching safepoint: 98727 ns, At safepoint: 7060 ns, Total: 105787 ns
[2021-05-03T14:59:25.359+0000][7][gc,start    ] GC(585) Pause Young (Concurrent Start) (G1 Evacuation Pause)
[2021-05-03T14:59:25.359+0000][7][gc,task     ] GC(585) Using 6 workers of 8 for evacuation
[2021-05-03T14:59:25.360+0000][7][gc,age      ] GC(585) Desired survivor size 6291456 bytes, new threshold 15 (max threshold 15)
[2021-05-03T14:59:25.361+0000][7][gc,age      ] GC(585) Age table with threshold 15 (max threshold 15)
[2021-05-03T14:59:25.361+0000][7][gc,age      ] GC(585) - age   1:     506768 bytes,     506768 total
[2021-05-03T14:59:25.361+0000][7][gc,age      ] GC(585) - age   2:     304816 bytes,     811584 total
[2021-05-03T14:59:25.361+0000][7][gc,age      ] GC(585) - age   3:       3728 bytes,     815312 total
[2021-05-03T14:59:25.361+0000][7][gc,age      ] GC(585) - age   4:        184 bytes,     815496 total
[2021-05-03T14:59:25.361+0000][7][gc,age      ] GC(585) - age   5:        624 bytes,     816120 total
[2021-05-03T14:59:25.361+0000][7][gc,age      ] GC(585) - age   6:        272 bytes,     816392 total
[2021-05-03T14:59:25.361+0000][7][gc,age      ] GC(585) - age   7:       3096 bytes,     819488 total
[2021-05-03T14:59:25.361+0000][7][gc,age      ] GC(585) - age   8:        344 bytes,     819832 total
[2021-05-03T14:59:25.361+0000][7][gc,age      ] GC(585) - age   9:        336 bytes,     820168 total
[2021-05-03T14:59:25.361+0000][7][gc,age      ] GC(585) - age  10:        440 bytes,     820608 total
[2021-05-03T14:59:25.361+0000][7][gc,age      ] GC(585) - age  11:        120 bytes,     820728 total
[2021-05-03T14:59:25.361+0000][7][gc,age      ] GC(585) - age  12:        208 bytes,     820936 total
[2021-05-03T14:59:25.361+0000][7][gc,age      ] GC(585) - age  13:        920 bytes,     821856 total
[2021-05-03T14:59:25.361+0000][7][gc,age      ] GC(585) - age  15:      24592 bytes,     846448 total
[2021-05-03T14:59:25.361+0000][7][gc,phases   ] GC(585)   Pre Evacuate Collection Set: 0.1ms
[2021-05-03T14:59:25.361+0000][7][gc,phases   ] GC(585)   Merge Heap Roots: 0.0ms
[2021-05-03T14:59:25.361+0000][7][gc,phases   ] GC(585)   Evacuate Collection Set: 1.1ms
[2021-05-03T14:59:25.361+0000][7][gc,phases   ] GC(585)   Post Evacuate Collection Set: 0.6ms
[2021-05-03T14:59:25.361+0000][7][gc,phases   ] GC(585)   Other: 0.2ms
[2021-05-03T14:59:25.361+0000][7][gc,heap     ] GC(585) Eden regions: 21->0(21)
[2021-05-03T14:59:25.361+0000][7][gc,heap     ] GC(585) Survivor regions: 1->1(3)
[2021-05-03T14:59:25.362+0000][7][gc,heap     ] GC(585) Old regions: 27->27
[2021-05-03T14:59:25.362+0000][7][gc,heap     ] GC(585) Archive regions: 2->2
[2021-05-03T14:59:25.362+0000][7][gc,heap     ] GC(585) Humongous regions: 2->2
[2021-05-03T14:59:25.362+0000][7][gc,metaspace] GC(585) Metaspace: 110330K(115024K)->110330K(115024K) NonClass: 96343K(99740K)->96343K(99740K) Class: 13986K(15284K)->13986K(15284K)
[2021-05-03T14:59:25.362+0000][7][gc          ] GC(585) Pause Young (Concurrent Start) (G1 Evacuation Pause) 203M->119M(256M) 2.084ms
[2021-05-03T14:59:25.362+0000][7][gc,cpu      ] GC(585) User=0.01s Sys=0.00s Real=0.01s
[2021-05-03T14:59:25.362+0000][7][gc          ] GC(586) Concurrent Cycle
[2021-05-03T14:59:25.362+0000][7][safepoint   ] Safepoint "G1CollectForAllocation", Time since last: 4029006465 ns, Reaching safepoint: 206180 ns, At safepoint: 2156234 ns, Total: 2362414 ns
[2021-05-03T14:59:25.362+0000][7][gc,marking  ] GC(586) Concurrent Clear Claimed Marks
[2021-05-03T14:59:25.362+0000][7][gc,marking  ] GC(586) Concurrent Clear Claimed Marks 0.069ms
[2021-05-03T14:59:25.362+0000][7][gc,marking  ] GC(586) Concurrent Scan Root Regions
[2021-05-03T14:59:25.363+0000][7][gc,marking  ] GC(586) Concurrent Scan Root Regions 1.373ms
[2021-05-03T14:59:25.363+0000][7][gc,marking  ] GC(586) Concurrent Mark (45907.291s)
[2021-05-03T14:59:25.363+0000][7][gc,marking  ] GC(586) Concurrent Mark From Roots
[2021-05-03T14:59:25.363+0000][7][gc,task     ] GC(586) Using 2 workers of 2 for marking
[2021-05-03T14:59:25.452+0000][7][gc,marking  ] GC(586) Concurrent Mark From Roots 89.219ms
[2021-05-03T14:59:25.452+0000][7][gc,marking  ] GC(586) Concurrent Preclean
[2021-05-03T14:59:25.453+0000][7][gc,marking  ] GC(586) Concurrent Preclean 0.219ms
[2021-05-03T14:59:25.453+0000][7][gc,marking  ] GC(586) Concurrent Mark (45907.291s, 45907.380s) 89.494ms
[2021-05-03T14:59:25.453+0000][7][gc,start    ] GC(586) Pause Remark
[2021-05-03T14:59:25.459+0000][7][gc          ] GC(586) Pause Remark 119M->119M(256M) 5.964ms
[2021-05-03T14:59:25.459+0000][7][gc,cpu      ] GC(586) User=0.03s Sys=0.00s Real=0.00s
[2021-05-03T14:59:25.459+0000][7][safepoint   ] Safepoint "G1Concurrent", Time since last: 90991837 ns, Reaching safepoint: 92145 ns, At safepoint: 6038570 ns, Total: 6130715 ns
[2021-05-03T14:59:25.459+0000][7][gc,marking  ] GC(586) Concurrent Rebuild Remembered Sets
[2021-05-03T14:59:25.514+0000][7][gc,marking  ] GC(586) Concurrent Rebuild Remembered Sets 55.509ms
[2021-05-03T14:59:25.514+0000][7][gc,start    ] GC(586) Pause Cleanup
[2021-05-03T14:59:25.514+0000][7][gc          ] GC(586) Pause Cleanup 119M->119M(256M) 0.080ms
[2021-05-03T14:59:25.514+0000][7][gc,cpu      ] GC(586) User=0.00s Sys=0.00s Real=0.00s
[2021-05-03T14:59:25.515+0000][7][safepoint   ] Safepoint "G1Concurrent", Time since last: 55585595 ns, Reaching safepoint: 81097 ns, At safepoint: 133063 ns, Total: 214160 ns
[2021-05-03T14:59:25.515+0000][7][gc,marking  ] GC(586) Concurrent Cleanup for Next Mark
[2021-05-03T14:59:25.515+0000][7][gc,marking  ] GC(586) Concurrent Cleanup for Next Mark 0.118ms
[2021-05-03T14:59:25.515+0000][7][gc          ] GC(586) Concurrent Cycle 153.091ms
[2021-05-03T14:59:46.518+0000][7][safepoint   ] Safepoint "Cleanup", Time since last: 21003257764 ns, Reaching safepoint: 148013 ns, At safepoint: 5037 ns, Total: 153050 ns
[2021-05-03T15:00:26.525+0000][7][safepoint   ] Safepoint "Cleanup", Time since last: 40006606928 ns, Reaching safepoint: 128540 ns, At safepoint: 6185 ns, Total: 134725 ns
[2021-05-03T15:01:32.736+0000][7][gc,start    ] GC(587) Pause Young (Normal) (G1 Evacuation Pause)
[2021-05-03T15:01:32.736+0000][7][gc,task     ] GC(587) Using 6 workers of 8 for evacuation
[2021-05-03T15:01:32.736+0000][7][gc,age      ] GC(587) Desired survivor size 6291456 bytes, new threshold 15 (max threshold 15)
[2021-05-03T15:01:32.738+0000][7][gc,age      ] GC(587) Age table with threshold 15 (max threshold 15)
[2021-05-03T15:01:32.738+0000][7][gc,age      ] GC(587) - age   1:     523880 bytes,     523880 total
[2021-05-03T15:01:32.738+0000][7][gc,age      ] GC(587) - age   2:        416 bytes,     524296 total
[2021-05-03T15:01:32.738+0000][7][gc,age      ] GC(587) - age   3:     183248 bytes,     707544 total
[2021-05-03T15:01:32.738+0000][7][gc,age      ] GC(587) - age   4:       3240 bytes,     710784 total
[2021-05-03T15:01:32.738+0000][7][gc,age      ] GC(587) - age   5:        144 bytes,     710928 total
[2021-05-03T15:01:32.738+0000][7][gc,age      ] GC(587) - age   6:        464 bytes,     711392 total
[2021-05-03T15:01:32.738+0000][7][gc,age      ] GC(587) - age   7:        272 bytes,     711664 total
[2021-05-03T15:01:32.738+0000][7][gc,age      ] GC(587) - age   8:       3096 bytes,     714760 total
[2021-05-03T15:01:32.738+0000][7][gc,age      ] GC(587) - age   9:        136 bytes,     714896 total
[2021-05-03T15:01:32.738+0000][7][gc,age      ] GC(587) - age  10:        336 bytes,     715232 total
[2021-05-03T15:01:32.738+0000][7][gc,age      ] GC(587) - age  11:        440 bytes,     715672 total
[2021-05-03T15:01:32.738+0000][7][gc,age      ] GC(587) - age  12:        120 bytes,     715792 total
[2021-05-03T15:01:32.738+0000][7][gc,age      ] GC(587) - age  13:        208 bytes,     716000 total
[2021-05-03T15:01:32.738+0000][7][gc,age      ] GC(587) - age  14:        920 bytes,     716920 total
[2021-05-03T15:01:32.738+0000][7][gc,phases   ] GC(587)   Pre Evacuate Collection Set: 0.1ms
[2021-05-03T15:01:32.738+0000][7][gc,phases   ] GC(587)   Merge Heap Roots: 0.1ms
[2021-05-03T15:01:32.738+0000][7][gc,phases   ] GC(587)   Evacuate Collection Set: 1.0ms
[2021-05-03T15:01:32.738+0000][7][gc,phases   ] GC(587)   Post Evacuate Collection Set: 0.6ms
[2021-05-03T15:01:32.738+0000][7][gc,phases   ] GC(587)   Other: 0.3ms
[2021-05-03T15:01:32.738+0000][7][gc,heap     ] GC(587) Eden regions: 21->0(21)
[2021-05-03T15:01:32.738+0000][7][gc,heap     ] GC(587) Survivor regions: 1->1(3)
[2021-05-03T15:01:32.738+0000][7][gc,heap     ] GC(587) Old regions: 27->27
[2021-05-03T15:01:32.738+0000][7][gc,heap     ] GC(587) Archive regions: 2->2
[2021-05-03T15:01:32.738+0000][7][gc,heap     ] GC(587) Humongous regions: 2->2
[2021-05-03T15:01:32.738+0000][7][gc,metaspace] GC(587) Metaspace: 110330K(115024K)->110330K(115024K) NonClass: 96343K(99740K)->96343K(99740K) Class: 13986K(15284K)->13986K(15284K)
[2021-05-03T15:01:32.738+0000][7][gc          ] GC(587) Pause Young (Normal) (G1 Evacuation Pause) 203M->119M(256M) 1.992ms
[2021-05-03T15:01:32.738+0000][7][gc,cpu      ] GC(587) User=0.00s Sys=0.01s Real=0.00s
[2021-05-03T15:01:32.738+0000][7][safepoint   ] Safepoint "G1CollectForAllocation", Time since last: 66211194936 ns, Reaching safepoint: 184146 ns, At safepoint: 2075816 ns, Total: 2259962 ns
[2021-05-03T15:01:42.740+0000][7][safepoint   ] Safepoint "Cleanup", Time since last: 10001842215 ns, Reaching safepoint: 113248 ns, At safepoint: 6984 ns, Total: 120232 ns
[2021-05-03T15:02:42.748+0000][7][safepoint   ] Safepoint "Cleanup", Time since last: 60008145056 ns, Reaching safepoint: 201594 ns, At safepoint: 5051 ns, Total: 206645 ns
[2021-05-03T15:03:45.263+0000][7][gc,start    ] GC(588) Pause Young (Concurrent Start) (G1 Evacuation Pause)
[2021-05-03T15:03:45.263+0000][7][gc,task     ] GC(588) Using 6 workers of 8 for evacuation
[2021-05-03T15:03:45.263+0000][7][gc,age      ] GC(588) Desired survivor size 6291456 bytes, new threshold 15 (max threshold 15)
[2021-05-03T15:03:45.265+0000][7][gc,age      ] GC(588) Age table with threshold 15 (max threshold 15)
[2021-05-03T15:03:45.265+0000][7][gc,age      ] GC(588) - age   1:     520232 bytes,     520232 total
[2021-05-03T15:03:45.265+0000][7][gc,age      ] GC(588) - age   2:       1016 bytes,     521248 total
[2021-05-03T15:03:45.265+0000][7][gc,age      ] GC(588) - age   3:        248 bytes,     521496 total
[2021-05-03T15:03:45.265+0000][7][gc,age      ] GC(588) - age   4:     183248 bytes,     704744 total
[2021-05-03T15:03:45.265+0000][7][gc,age      ] GC(588) - age   5:       3240 bytes,     707984 total
[2021-05-03T15:03:45.265+0000][7][gc,age      ] GC(588) - age   6:        144 bytes,     708128 total
[2021-05-03T15:03:45.265+0000][7][gc,age      ] GC(588) - age   7:        464 bytes,     708592 total
[2021-05-03T15:03:45.265+0000][7][gc,age      ] GC(588) - age   8:        176 bytes,     708768 total
[2021-05-03T15:03:45.265+0000][7][gc,age      ] GC(588) - age   9:       3096 bytes,     711864 total
[2021-05-03T15:03:45.265+0000][7][gc,age      ] GC(588) - age  10:        136 bytes,     712000 total
[2021-05-03T15:03:45.265+0000][7][gc,age      ] GC(588) - age  11:        336 bytes,     712336 total
[2021-05-03T15:03:45.265+0000][7][gc,age      ] GC(588) - age  12:        440 bytes,     712776 total
[2021-05-03T15:03:45.265+0000][7][gc,age      ] GC(588) - age  13:        120 bytes,     712896 total
[2021-05-03T15:03:45.265+0000][7][gc,age      ] GC(588) - age  14:        208 bytes,     713104 total
[2021-05-03T15:03:45.265+0000][7][gc,age      ] GC(588) - age  15:        920 bytes,     714024 total
[2021-05-03T15:03:45.265+0000][7][gc,phases   ] GC(588)   Pre Evacuate Collection Set: 0.1ms
[2021-05-03T15:03:45.265+0000][7][gc,phases   ] GC(588)   Merge Heap Roots: 0.0ms
[2021-05-03T15:03:45.265+0000][7][gc,phases   ] GC(588)   Evacuate Collection Set: 1.1ms
[2021-05-03T15:03:45.265+0000][7][gc,phases   ] GC(588)   Post Evacuate Collection Set: 0.6ms
[2021-05-03T15:03:45.265+0000][7][gc,phases   ] GC(588)   Other: 0.3ms
[2021-05-03T15:03:45.265+0000][7][gc,heap     ] GC(588) Eden regions: 21->0(21)
[2021-05-03T15:03:45.265+0000][7][gc,heap     ] GC(588) Survivor regions: 1->1(3)
[2021-05-03T15:03:45.265+0000][7][gc,heap     ] GC(588) Old regions: 27->27
[2021-05-03T15:03:45.265+0000][7][gc,heap     ] GC(588) Archive regions: 2->2
[2021-05-03T15:03:45.265+0000][7][gc,heap     ] GC(588) Humongous regions: 2->2
[2021-05-03T15:03:45.265+0000][7][gc,metaspace] GC(588) Metaspace: 110331K(115024K)->110331K(115024K) NonClass: 96344K(99740K)->96344K(99740K) Class: 13986K(15284K)->13986K(15284K)
[2021-05-03T15:03:45.265+0000][7][gc          ] GC(588) Pause Young (Concurrent Start) (G1 Evacuation Pause) 203M->119M(256M) 2.176ms
[2021-05-03T15:03:45.265+0000][7][gc,cpu      ] GC(588) User=0.01s Sys=0.00s Real=0.00s
[2021-05-03T15:03:45.265+0000][7][safepoint   ] Safepoint "G1CollectForAllocation", Time since last: 62514564817 ns, Reaching safepoint: 102753 ns, At safepoint: 2262648 ns, Total: 2365401 ns
[2021-05-03T15:03:45.265+0000][7][gc          ] GC(589) Concurrent Cycle
[2021-05-03T15:03:45.265+0000][7][gc,marking  ] GC(589) Concurrent Clear Claimed Marks
[2021-05-03T15:03:45.265+0000][7][gc,marking  ] GC(589) Concurrent Clear Claimed Marks 0.071ms
[2021-05-03T15:03:45.265+0000][7][gc,marking  ] GC(589) Concurrent Scan Root Regions
[2021-05-03T15:03:45.267+0000][7][gc,marking  ] GC(589) Concurrent Scan Root Regions 1.420ms
[2021-05-03T15:03:45.267+0000][7][gc,marking  ] GC(589) Concurrent Mark (46167.195s)
[2021-05-03T15:03:45.267+0000][7][gc,marking  ] GC(589) Concurrent Mark From Roots
[2021-05-03T15:03:45.267+0000][7][gc,task     ] GC(589) Using 2 workers of 2 for marking
[2021-05-03T15:03:45.358+0000][7][gc,marking  ] GC(589) Concurrent Mark From Roots 91.125ms
[2021-05-03T15:03:45.358+0000][7][gc,marking  ] GC(589) Concurrent Preclean
[2021-05-03T15:03:45.358+0000][7][gc,marking  ] GC(589) Concurrent Preclean 0.205ms
[2021-05-03T15:03:45.358+0000][7][gc,marking  ] GC(589) Concurrent Mark (46167.195s, 46167.286s) 91.380ms
[2021-05-03T15:03:45.358+0000][7][gc,start    ] GC(589) Pause Remark
[2021-05-03T15:03:45.366+0000][7][gc          ] GC(589) Pause Remark 119M->119M(256M) 7.547ms
[2021-05-03T15:03:45.366+0000][7][gc,cpu      ] GC(589) User=0.04s Sys=0.00s Real=0.01s
[2021-05-03T15:03:45.366+0000][7][safepoint   ] Safepoint "G1Concurrent", Time since last: 93007107 ns, Reaching safepoint: 101340 ns, At safepoint: 7642849 ns, Total: 7744189 ns
[2021-05-03T15:03:45.366+0000][7][gc,marking  ] GC(589) Concurrent Rebuild Remembered Sets
[2021-05-03T15:03:45.424+0000][7][gc,marking  ] GC(589) Concurrent Rebuild Remembered Sets 57.406ms
[2021-05-03T15:03:45.424+0000][7][gc,start    ] GC(589) Pause Cleanup
[2021-05-03T15:03:45.424+0000][7][gc          ] GC(589) Pause Cleanup 119M->119M(256M) 0.077ms
[2021-05-03T15:03:45.424+0000][7][gc,cpu      ] GC(589) User=0.00s Sys=0.00s Real=0.00s
[2021-05-03T15:03:45.424+0000][7][safepoint   ] Safepoint "G1Concurrent", Time since last: 57510609 ns, Reaching safepoint: 78519 ns, At safepoint: 120400 ns, Total: 198919 ns
[2021-05-03T15:03:45.424+0000][7][gc,marking  ] GC(589) Concurrent Cleanup for Next Mark
[2021-05-03T15:03:45.424+0000][7][gc,marking  ] GC(589) Concurrent Cleanup for Next Mark 0.144ms
[2021-05-03T15:03:45.424+0000][7][gc          ] GC(589) Concurrent Cycle 158.601ms
[2021-05-03T15:05:40.735+0000][7][gc,start    ] GC(590) Pause Young (Normal) (G1 Evacuation Pause)
[2021-05-03T15:05:40.735+0000][7][gc,task     ] GC(590) Using 6 workers of 8 for evacuation
[2021-05-03T15:05:40.735+0000][7][gc,age      ] GC(590) Desired survivor size 6291456 bytes, new threshold 15 (max threshold 15)
[2021-05-03T15:05:40.736+0000][7][gc,age      ] GC(590) Age table with threshold 15 (max threshold 15)
[2021-05-03T15:05:40.736+0000][7][gc,age      ] GC(590) - age   1:     694744 bytes,     694744 total
[2021-05-03T15:05:40.736+0000][7][gc,age      ] GC(590) - age   2:        408 bytes,     695152 total
[2021-05-03T15:05:40.736+0000][7][gc,age      ] GC(590) - age   3:        624 bytes,     695776 total
[2021-05-03T15:05:40.736+0000][7][gc,age      ] GC(590) - age   4:        200 bytes,     695976 total
[2021-05-03T15:05:40.736+0000][7][gc,age      ] GC(590) - age   5:     138976 bytes,     834952 total
[2021-05-03T15:05:40.736+0000][7][gc,age      ] GC(590) - age   6:        440 bytes,     835392 total
[2021-05-03T15:05:40.736+0000][7][gc,age      ] GC(590) - age   7:        144 bytes,     835536 total
[2021-05-03T15:05:40.736+0000][7][gc,age      ] GC(590) - age   8:        464 bytes,     836000 total
[2021-05-03T15:05:40.736+0000][7][gc,age      ] GC(590) - age   9:        176 bytes,     836176 total
[2021-05-03T15:05:40.736+0000][7][gc,age      ] GC(590) - age  10:       2720 bytes,     838896 total
[2021-05-03T15:05:40.736+0000][7][gc,age      ] GC(590) - age  11:        136 bytes,     839032 total
[2021-05-03T15:05:40.736+0000][7][gc,age      ] GC(590) - age  12:        336 bytes,     839368 total
[2021-05-03T15:05:40.736+0000][7][gc,age      ] GC(590) - age  13:        440 bytes,     839808 total
[2021-05-03T15:05:40.736+0000][7][gc,age      ] GC(590) - age  14:        120 bytes,     839928 total
[2021-05-03T15:05:40.736+0000][7][gc,age      ] GC(590) - age  15:        208 bytes,     840136 total
[2021-05-03T15:05:40.736+0000][7][gc,phases   ] GC(590)   Pre Evacuate Collection Set: 0.0ms
[2021-05-03T15:05:40.736+0000][7][gc,phases   ] GC(590)   Merge Heap Roots: 0.0ms
[2021-05-03T15:05:40.736+0000][7][gc,phases   ] GC(590)   Evacuate Collection Set: 0.8ms
[2021-05-03T15:05:40.736+0000][7][gc,phases   ] GC(590)   Post Evacuate Collection Set: 0.4ms
[2021-05-03T15:05:40.736+0000][7][gc,phases   ] GC(590)   Other: 0.2ms
[2021-05-03T15:05:40.736+0000][7][gc,heap     ] GC(590) Eden regions: 21->0(21)
[2021-05-03T15:05:40.736+0000][7][gc,heap     ] GC(590) Survivor regions: 1->1(3)
[2021-05-03T15:05:40.736+0000][7][gc,heap     ] GC(590) Old regions: 27->27
[2021-05-03T15:05:40.736+0000][7][gc,heap     ] GC(590) Archive regions: 2->2
[2021-05-03T15:05:40.736+0000][7][gc,heap     ] GC(590) Humongous regions: 2->2
[2021-05-03T15:05:40.736+0000][7][gc,metaspace] GC(590) Metaspace: 110333K(115024K)->110333K(115024K) NonClass: 96347K(99740K)->96347K(99740K) Class: 13986K(15284K)->13986K(15284K)
[2021-05-03T15:05:40.736+0000][7][gc          ] GC(590) Pause Young (Normal) (G1 Evacuation Pause) 203M->119M(256M) 1.532ms
[2021-05-03T15:05:40.736+0000][7][gc,cpu      ] GC(590) User=0.01s Sys=0.00s Real=0.00s
[2021-05-03T15:05:40.736+0000][7][safepoint   ] Safepoint "G1CollectForAllocation", Time since last: 115310818007 ns, Reaching safepoint: 94012 ns, At safepoint: 1597148 ns, Total: 1691160 ns
[2021-05-03T15:05:41.737+0000][7][safepoint   ] Safepoint "Cleanup", Time since last: 1000262867 ns, Reaching safepoint: 138910 ns, At safepoint: 6717 ns, Total: 145627 ns
[2021-05-03T15:07:32.549+0000][7][gc,start    ] GC(591) Pause Young (Concurrent Start) (G1 Evacuation Pause)
[2021-05-03T15:07:32.549+0000][7][gc,task     ] GC(591) Using 6 workers of 8 for evacuation
[2021-05-03T15:07:32.549+0000][7][gc,age      ] GC(591) Desired survivor size 6291456 bytes, new threshold 15 (max threshold 15)
[2021-05-03T15:07:32.550+0000][7][gc,age      ] GC(591) Age table with threshold 15 (max threshold 15)
[2021-05-03T15:07:32.550+0000][7][gc,age      ] GC(591) - age   1:     655176 bytes,     655176 total
[2021-05-03T15:07:32.550+0000][7][gc,age      ] GC(591) - age   2:     123880 bytes,     779056 total
[2021-05-03T15:07:32.550+0000][7][gc,age      ] GC(591) - age   3:        352 bytes,     779408 total
[2021-05-03T15:07:32.550+0000][7][gc,age      ] GC(591) - age   4:        528 bytes,     779936 total
[2021-05-03T15:07:32.550+0000][7][gc,age      ] GC(591) - age   5:        200 bytes,     780136 total
[2021-05-03T15:07:32.550+0000][7][gc,age      ] GC(591) - age   6:       8480 bytes,     788616 total
[2021-05-03T15:07:32.550+0000][7][gc,age      ] GC(591) - age   7:        440 bytes,     789056 total
[2021-05-03T15:07:32.550+0000][7][gc,age      ] GC(591) - age   8:        144 bytes,     789200 total
[2021-05-03T15:07:32.550+0000][7][gc,age      ] GC(591) - age   9:        464 bytes,     789664 total
[2021-05-03T15:07:32.550+0000][7][gc,age      ] GC(591) - age  10:        176 bytes,     789840 total
[2021-05-03T15:07:32.550+0000][7][gc,age      ] GC(591) - age  11:       1096 bytes,     790936 total
[2021-05-03T15:07:32.550+0000][7][gc,age      ] GC(591) - age  12:         40 bytes,     790976 total
[2021-05-03T15:07:32.550+0000][7][gc,age      ] GC(591) - age  13:        336 bytes,     791312 total
[2021-05-03T15:07:32.550+0000][7][gc,age      ] GC(591) - age  14:        440 bytes,     791752 total
[2021-05-03T15:07:32.550+0000][7][gc,age      ] GC(591) - age  15:        120 bytes,     791872 total
[2021-05-03T15:07:32.550+0000][7][gc,phases   ] GC(591)   Pre Evacuate Collection Set: 0.1ms
[2021-05-03T15:07:32.550+0000][7][gc,phases   ] GC(591)   Merge Heap Roots: 0.0ms
[2021-05-03T15:07:32.550+0000][7][gc,phases   ] GC(591)   Evacuate Collection Set: 0.9ms
[2021-05-03T15:07:32.550+0000][7][gc,phases   ] GC(591)   Post Evacuate Collection Set: 0.6ms
[2021-05-03T15:07:32.550+0000][7][gc,phases   ] GC(591)   Other: 0.2ms
[2021-05-03T15:07:32.551+0000][7][gc,heap     ] GC(591) Eden regions: 21->0(21)
[2021-05-03T15:07:32.551+0000][7][gc,heap     ] GC(591) Survivor regions: 1->1(3)
[2021-05-03T15:07:32.551+0000][7][gc,heap     ] GC(591) Old regions: 27->27
[2021-05-03T15:07:32.551+0000][7][gc,heap     ] GC(591) Archive regions: 2->2
[2021-05-03T15:07:32.551+0000][7][gc,heap     ] GC(591) Humongous regions: 2->2
[2021-05-03T15:07:32.551+0000][7][gc,metaspace] GC(591) Metaspace: 110345K(115024K)->110345K(115024K) NonClass: 96358K(99740K)->96358K(99740K) Class: 13986K(15284K)->13986K(15284K)
[2021-05-03T15:07:32.551+0000][7][gc          ] GC(591) Pause Young (Concurrent Start) (G1 Evacuation Pause) 203M->119M(256M) 1.969ms
[2021-05-03T15:07:32.551+0000][7][gc,cpu      ] GC(591) User=0.00s Sys=0.00s Real=0.00s
[2021-05-03T15:07:32.551+0000][7][safepoint   ] Safepoint "G1CollectForAllocation", Time since last: 110811727068 ns, Reaching safepoint: 85901 ns, At safepoint: 2032530 ns, Total: 2118431 ns
[2021-05-03T15:07:32.551+0000][7][gc          ] GC(592) Concurrent Cycle
[2021-05-03T15:07:32.551+0000][7][gc,marking  ] GC(592) Concurrent Clear Claimed Marks
[2021-05-03T15:07:32.551+0000][7][gc,marking  ] GC(592) Concurrent Clear Claimed Marks 0.059ms
[2021-05-03T15:07:32.551+0000][7][gc,marking  ] GC(592) Concurrent Scan Root Regions
[2021-05-03T15:07:32.552+0000][7][gc,marking  ] GC(592) Concurrent Scan Root Regions 1.735ms
[2021-05-03T15:07:32.552+0000][7][gc,marking  ] GC(592) Concurrent Mark (46394.480s)
[2021-05-03T15:07:32.552+0000][7][gc,marking  ] GC(592) Concurrent Mark From Roots
[2021-05-03T15:07:32.552+0000][7][gc,task     ] GC(592) Using 2 workers of 2 for marking
[2021-05-03T15:07:32.636+0000][7][gc,marking  ] GC(592) Concurrent Mark From Roots 83.308ms
[2021-05-03T15:07:32.636+0000][7][gc,marking  ] GC(592) Concurrent Preclean
[2021-05-03T15:07:32.636+0000][7][gc,marking  ] GC(592) Concurrent Preclean 0.215ms
[2021-05-03T15:07:32.636+0000][7][gc,marking  ] GC(592) Concurrent Mark (46394.480s, 46394.564s) 83.572ms
[2021-05-03T15:07:32.636+0000][7][gc,start    ] GC(592) Pause Remark
[2021-05-03T15:07:32.642+0000][7][gc          ] GC(592) Pause Remark 119M->119M(256M) 5.920ms
[2021-05-03T15:07:32.642+0000][7][gc,cpu      ] GC(592) User=0.03s Sys=0.00s Real=0.01s
[2021-05-03T15:07:32.642+0000][7][safepoint   ] Safepoint "G1Concurrent", Time since last: 85513917 ns, Reaching safepoint: 148847 ns, At safepoint: 6020626 ns, Total: 6169473 ns
[2021-05-03T15:07:32.642+0000][7][gc,marking  ] GC(592) Concurrent Rebuild Remembered Sets
[2021-05-03T15:07:32.697+0000][7][gc,marking  ] GC(592) Concurrent Rebuild Remembered Sets 54.728ms
[2021-05-03T15:07:32.697+0000][7][gc,start    ] GC(592) Pause Cleanup
[2021-05-03T15:07:32.697+0000][7][gc          ] GC(592) Pause Cleanup 119M->119M(256M) 0.068ms
[2021-05-03T15:07:32.697+0000][7][gc,cpu      ] GC(592) User=0.00s Sys=0.00s Real=0.00s
[2021-05-03T15:07:32.697+0000][7][safepoint   ] Safepoint "G1Concurrent", Time since last: 54824834 ns, Reaching safepoint: 84399 ns, At safepoint: 107760 ns, Total: 192159 ns
[2021-05-03T15:07:32.697+0000][7][gc,marking  ] GC(592) Concurrent Cleanup for Next Mark
[2021-05-03T15:07:32.698+0000][7][gc,marking  ] GC(592) Concurrent Cleanup for Next Mark 0.190ms
[2021-05-03T15:07:32.698+0000][7][gc          ] GC(592) Concurrent Cycle 146.952ms
[2021-05-03T15:07:46.700+0000][7][safepoint   ] Safepoint "Cleanup", Time since last: 14002792926 ns, Reaching safepoint: 131532 ns, At safepoint: 3475 ns, Total: 135007 ns
[2021-05-03T15:09:42.502+0000][7][gc,start    ] GC(593) Pause Young (Normal) (G1 Evacuation Pause)
[2021-05-03T15:09:42.502+0000][7][gc,task     ] GC(593) Using 6 workers of 8 for evacuation
[2021-05-03T15:09:42.502+0000][7][gc,age      ] GC(593) Desired survivor size 6291456 bytes, new threshold 15 (max threshold 15)
[2021-05-03T15:09:42.504+0000][7][gc,age      ] GC(593) Age table with threshold 15 (max threshold 15)
[2021-05-03T15:09:42.504+0000][7][gc,age      ] GC(593) - age   1:     514016 bytes,     514016 total
[2021-05-03T15:09:42.504+0000][7][gc,age      ] GC(593) - age   2:     151736 bytes,     665752 total
[2021-05-03T15:09:42.504+0000][7][gc,age      ] GC(593) - age   3:      92720 bytes,     758472 total
[2021-05-03T15:09:42.504+0000][7][gc,age      ] GC(593) - age   4:        232 bytes,     758704 total
[2021-05-03T15:09:42.504+0000][7][gc,age      ] GC(593) - age   5:        528 bytes,     759232 total
[2021-05-03T15:09:42.504+0000][7][gc,age      ] GC(593) - age   6:        200 bytes,     759432 total
[2021-05-03T15:09:42.504+0000][7][gc,age      ] GC(593) - age   7:       8480 bytes,     767912 total
[2021-05-03T15:09:42.504+0000][7][gc,age      ] GC(593) - age   8:        440 bytes,     768352 total
[2021-05-03T15:09:42.504+0000][7][gc,age      ] GC(593) - age   9:        144 bytes,     768496 total
[2021-05-03T15:09:42.504+0000][7][gc,age      ] GC(593) - age  10:        440 bytes,     768936 total
[2021-05-03T15:09:42.504+0000][7][gc,age      ] GC(593) - age  11:        176 bytes,     769112 total
[2021-05-03T15:09:42.504+0000][7][gc,age      ] GC(593) - age  12:       1096 bytes,     770208 total
[2021-05-03T15:09:42.504+0000][7][gc,age      ] GC(593) - age  14:        336 bytes,     770544 total
[2021-05-03T15:09:42.504+0000][7][gc,age      ] GC(593) - age  15:        440 bytes,     770984 total
[2021-05-03T15:09:42.504+0000][7][gc,phases   ] GC(593)   Pre Evacuate Collection Set: 0.0ms
[2021-05-03T15:09:42.504+0000][7][gc,phases   ] GC(593)   Merge Heap Roots: 0.0ms
[2021-05-03T15:09:42.504+0000][7][gc,phases   ] GC(593)   Evacuate Collection Set: 0.8ms
[2021-05-03T15:09:42.504+0000][7][gc,phases   ] GC(593)   Post Evacuate Collection Set: 0.8ms
[2021-05-03T15:09:42.504+0000][7][gc,phases   ] GC(593)   Other: 0.2ms
[2021-05-03T15:09:42.504+0000][7][gc,heap     ] GC(593) Eden regions: 21->0(21)
[2021-05-03T15:09:42.504+0000][7][gc,heap     ] GC(593) Survivor regions: 1->1(3)
[2021-05-03T15:09:42.504+0000][7][gc,heap     ] GC(593) Old regions: 27->27
[2021-05-03T15:09:42.504+0000][7][gc,heap     ] GC(593) Archive regions: 2->2
[2021-05-03T15:09:42.504+0000][7][gc,heap     ] GC(593) Humongous regions: 2->2
[2021-05-03T15:09:42.504+0000][7][gc,metaspace] GC(593) Metaspace: 110345K(115024K)->110345K(115024K) NonClass: 96358K(99740K)->96358K(99740K) Class: 13986K(15284K)->13986K(15284K)
[2021-05-03T15:09:42.504+0000][7][gc          ] GC(593) Pause Young (Normal) (G1 Evacuation Pause) 203M->119M(256M) 1.975ms
[2021-05-03T15:09:42.504+0000][7][gc,cpu      ] GC(593) User=0.01s Sys=0.00s Real=0.00s
[2021-05-03T15:09:42.504+0000][7][safepoint   ] Safepoint "G1CollectForAllocation", Time since last: 115802021674 ns, Reaching safepoint: 170549 ns, At safepoint: 2039363 ns, Total: 2209912 ns
[2021-05-03T15:11:50.645+0000][7][gc,start    ] GC(594) Pause Young (Concurrent Start) (G1 Evacuation Pause)
[2021-05-03T15:11:50.645+0000][7][gc,task     ] GC(594) Using 6 workers of 8 for evacuation
[2021-05-03T15:11:50.645+0000][7][gc,age      ] GC(594) Desired survivor size 6291456 bytes, new threshold 15 (max threshold 15)
[2021-05-03T15:11:50.647+0000][7][gc,age      ] GC(594) Age table with threshold 15 (max threshold 15)
[2021-05-03T15:11:50.647+0000][7][gc,age      ] GC(594) - age   1:     316032 bytes,     316032 total
[2021-05-03T15:11:50.647+0000][7][gc,age      ] GC(594) - age   2:        752 bytes,     316784 total
[2021-05-03T15:11:50.647+0000][7][gc,age      ] GC(594) - age   3:     141600 bytes,     458384 total
[2021-05-03T15:11:50.647+0000][7][gc,age      ] GC(594) - age   4:      12136 bytes,     470520 total
[2021-05-03T15:11:50.647+0000][7][gc,age      ] GC(594) - age   5:        232 bytes,     470752 total
[2021-05-03T15:11:50.647+0000][7][gc,age      ] GC(594) - age   6:        528 bytes,     471280 total
[2021-05-03T15:11:50.647+0000][7][gc,age      ] GC(594) - age   7:        200 bytes,     471480 total
[2021-05-03T15:11:50.647+0000][7][gc,age      ] GC(594) - age   8:       8480 bytes,     479960 total
[2021-05-03T15:11:50.647+0000][7][gc,age      ] GC(594) - age   9:        440 bytes,     480400 total
[2021-05-03T15:11:50.648+0000][7][gc,age      ] GC(594) - age  10:        144 bytes,     480544 total
[2021-05-03T15:11:50.648+0000][7][gc,age      ] GC(594) - age  11:        440 bytes,     480984 total
[2021-05-03T15:11:50.648+0000][7][gc,age      ] GC(594) - age  12:        176 bytes,     481160 total
[2021-05-03T15:11:50.648+0000][7][gc,age      ] GC(594) - age  13:       1096 bytes,     482256 total
[2021-05-03T15:11:50.648+0000][7][gc,age      ] GC(594) - age  15:        336 bytes,     482592 total
[2021-05-03T15:11:50.648+0000][7][gc,phases   ] GC(594)   Pre Evacuate Collection Set: 0.2ms
[2021-05-03T15:11:50.648+0000][7][gc,phases   ] GC(594)   Merge Heap Roots: 0.1ms
[2021-05-03T15:11:50.648+0000][7][gc,phases   ] GC(594)   Evacuate Collection Set: 1.1ms
[2021-05-03T15:11:50.648+0000][7][gc,phases   ] GC(594)   Post Evacuate Collection Set: 0.6ms
[2021-05-03T15:11:50.648+0000][7][gc,phases   ] GC(594)   Other: 0.2ms
[2021-05-03T15:11:50.648+0000][7][gc,heap     ] GC(594) Eden regions: 21->0(21)
[2021-05-03T15:11:50.648+0000][7][gc,heap     ] GC(594) Survivor regions: 1->1(3)
[2021-05-03T15:11:50.648+0000][7][gc,heap     ] GC(594) Old regions: 27->27
[2021-05-03T15:11:50.648+0000][7][gc,heap     ] GC(594) Archive regions: 2->2
[2021-05-03T15:11:50.648+0000][7][gc,heap     ] GC(594) Humongous regions: 2->2
[2021-05-03T15:11:50.648+0000][7][gc,metaspace] GC(594) Metaspace: 110345K(115024K)->110345K(115024K) NonClass: 96358K(99740K)->96358K(99740K) Class: 13987K(15284K)->13987K(15284K)
[2021-05-03T15:11:50.648+0000][7][gc          ] GC(594) Pause Young (Concurrent Start) (G1 Evacuation Pause) 203M->119M(256M) 2.306ms
[2021-05-03T15:11:50.648+0000][7][gc,cpu      ] GC(594) User=0.01s Sys=0.00s Real=0.00s
[2021-05-03T15:11:50.648+0000][7][safepoint   ] Safepoint "G1CollectForAllocation", Time since last: 128140678819 ns, Reaching safepoint: 172436 ns, At safepoint: 2380153 ns, Total: 2552589 ns
[2021-05-03T15:11:50.648+0000][7][gc          ] GC(595) Concurrent Cycle
[2021-05-03T15:11:50.648+0000][7][gc,marking  ] GC(595) Concurrent Clear Claimed Marks
[2021-05-03T15:11:50.648+0000][7][gc,marking  ] GC(595) Concurrent Clear Claimed Marks 0.076ms
[2021-05-03T15:11:50.648+0000][7][gc,marking  ] GC(595) Concurrent Scan Root Regions
[2021-05-03T15:11:50.648+0000][7][gc,marking  ] GC(595) Concurrent Scan Root Regions 0.679ms
[2021-05-03T15:11:50.648+0000][7][gc,marking  ] GC(595) Concurrent Mark (46652.576s)
[2021-05-03T15:11:50.649+0000][7][gc,marking  ] GC(595) Concurrent Mark From Roots
[2021-05-03T15:11:50.649+0000][7][gc,task     ] GC(595) Using 2 workers of 2 for marking
[2021-05-03T15:11:50.731+0000][7][gc,marking  ] GC(595) Concurrent Mark From Roots 82.481ms
[2021-05-03T15:11:50.731+0000][7][gc,marking  ] GC(595) Concurrent Preclean
[2021-05-03T15:11:50.731+0000][7][gc,marking  ] GC(595) Concurrent Preclean 0.208ms
[2021-05-03T15:11:50.731+0000][7][gc,marking  ] GC(595) Concurrent Mark (46652.576s, 46652.659s) 82.735ms
[2021-05-03T15:11:50.731+0000][7][gc,start    ] GC(595) Pause Remark
[2021-05-03T15:11:50.738+0000][7][gc          ] GC(595) Pause Remark 119M->119M(256M) 6.060ms
[2021-05-03T15:11:50.738+0000][7][gc,cpu      ] GC(595) User=0.03s Sys=0.00s Real=0.01s
[2021-05-03T15:11:50.738+0000][7][safepoint   ] Safepoint "G1Concurrent", Time since last: 83623688 ns, Reaching safepoint: 135209 ns, At safepoint: 6132029 ns, Total: 6267238 ns
[2021-05-03T15:11:50.738+0000][7][gc,marking  ] GC(595) Concurrent Rebuild Remembered Sets
[2021-05-03T15:11:50.793+0000][7][gc,marking  ] GC(595) Concurrent Rebuild Remembered Sets 54.888ms
[2021-05-03T15:11:50.793+0000][7][gc,start    ] GC(595) Pause Cleanup
[2021-05-03T15:11:50.793+0000][7][gc          ] GC(595) Pause Cleanup 119M->119M(256M) 0.074ms
[2021-05-03T15:11:50.793+0000][7][gc,cpu      ] GC(595) User=0.00s Sys=0.00s Real=0.00s
[2021-05-03T15:11:50.793+0000][7][safepoint   ] Safepoint "G1Concurrent", Time since last: 55042053 ns, Reaching safepoint: 137251 ns, At safepoint: 115659 ns, Total: 252910 ns
[2021-05-03T15:11:50.793+0000][7][gc,marking  ] GC(595) Concurrent Cleanup for Next Mark
[2021-05-03T15:11:50.793+0000][7][gc,marking  ] GC(595) Concurrent Cleanup for Next Mark 0.156ms
[2021-05-03T15:11:50.793+0000][7][gc          ] GC(595) Concurrent Cycle 145.375ms
[2021-05-03T15:14:02.884+0000][7][gc,start    ] GC(596) Pause Young (Normal) (G1 Evacuation Pause)
[2021-05-03T15:14:02.884+0000][7][gc,task     ] GC(596) Using 6 workers of 8 for evacuation
[2021-05-03T15:14:02.884+0000][7][gc,age      ] GC(596) Desired survivor size 6291456 bytes, new threshold 15 (max threshold 15)
[2021-05-03T15:14:02.885+0000][7][gc,age      ] GC(596) Age table with threshold 15 (max threshold 15)
[2021-05-03T15:14:02.885+0000][7][gc,age      ] GC(596) - age   1:     521752 bytes,     521752 total
[2021-05-03T15:14:02.885+0000][7][gc,age      ] GC(596) - age   2:       2784 bytes,     524536 total
[2021-05-03T15:14:02.885+0000][7][gc,age      ] GC(596) - age   3:        320 bytes,     524856 total
[2021-05-03T15:14:02.885+0000][7][gc,age      ] GC(596) - age   4:     141600 bytes,     666456 total
[2021-05-03T15:14:02.885+0000][7][gc,age      ] GC(596) - age   5:      11904 bytes,     678360 total
[2021-05-03T15:14:02.885+0000][7][gc,age      ] GC(596) - age   6:        208 bytes,     678568 total
[2021-05-03T15:14:02.885+0000][7][gc,age      ] GC(596) - age   7:        528 bytes,     679096 total
[2021-05-03T15:14:02.885+0000][7][gc,age      ] GC(596) - age   8:        200 bytes,     679296 total
[2021-05-03T15:14:02.885+0000][7][gc,age      ] GC(596) - age   9:       8480 bytes,     687776 total
[2021-05-03T15:14:02.885+0000][7][gc,age      ] GC(596) - age  10:        440 bytes,     688216 total
[2021-05-03T15:14:02.885+0000][7][gc,age      ] GC(596) - age  11:        144 bytes,     688360 total
[2021-05-03T15:14:02.885+0000][7][gc,age      ] GC(596) - age  12:        440 bytes,     688800 total
[2021-05-03T15:14:02.885+0000][7][gc,age      ] GC(596) - age  13:        176 bytes,     688976 total
[2021-05-03T15:14:02.885+0000][7][gc,age      ] GC(596) - age  14:       1096 bytes,     690072 total
[2021-05-03T15:14:02.885+0000][7][gc,phases   ] GC(596)   Pre Evacuate Collection Set: 0.0ms
[2021-05-03T15:14:02.885+0000][7][gc,phases   ] GC(596)   Merge Heap Roots: 0.0ms
[2021-05-03T15:14:02.885+0000][7][gc,phases   ] GC(596)   Evacuate Collection Set: 0.8ms
[2021-05-03T15:14:02.885+0000][7][gc,phases   ] GC(596)   Post Evacuate Collection Set: 0.5ms
[2021-05-03T15:14:02.885+0000][7][gc,phases   ] GC(596)   Other: 0.2ms
[2021-05-03T15:14:02.885+0000][7][gc,heap     ] GC(596) Eden regions: 21->0(21)
[2021-05-03T15:14:02.885+0000][7][gc,heap     ] GC(596) Survivor regions: 1->1(3)
[2021-05-03T15:14:02.885+0000][7][gc,heap     ] GC(596) Old regions: 27->27
[2021-05-03T15:14:02.885+0000][7][gc,heap     ] GC(596) Archive regions: 2->2
[2021-05-03T15:14:02.885+0000][7][gc,heap     ] GC(596) Humongous regions: 2->2
[2021-05-03T15:14:02.885+0000][7][gc,metaspace] GC(596) Metaspace: 110345K(115024K)->110345K(115024K) NonClass: 96358K(99740K)->96358K(99740K) Class: 13987K(15284K)->13987K(15284K)
[2021-05-03T15:14:02.885+0000][7][gc          ] GC(596) Pause Young (Normal) (G1 Evacuation Pause) 203M->119M(256M) 1.714ms
[2021-05-03T15:14:02.885+0000][7][gc,cpu      ] GC(596) User=0.00s Sys=0.00s Real=0.00s
[2021-05-03T15:14:02.885+0000][7][safepoint   ] Safepoint "G1CollectForAllocation", Time since last: 132090601957 ns, Reaching safepoint: 101437 ns, At safepoint: 1780723 ns, Total: 1882160 ns
[2021-05-03T15:14:39.892+0000][7][safepoint   ] Safepoint "Cleanup", Time since last: 37006278123 ns, Reaching safepoint: 106288 ns, At safepoint: 4661 ns, Total: 110949 ns
[2021-05-03T15:15:40.773+0000][7][gc,start    ] GC(597) Pause Young (Concurrent Start) (G1 Evacuation Pause)
[2021-05-03T15:15:40.773+0000][7][gc,task     ] GC(597) Using 6 workers of 8 for evacuation
[2021-05-03T15:15:40.773+0000][7][gc,age      ] GC(597) Desired survivor size 6291456 bytes, new threshold 15 (max threshold 15)
[2021-05-03T15:15:40.775+0000][7][gc,age      ] GC(597) Age table with threshold 15 (max threshold 15)
[2021-05-03T15:15:40.775+0000][7][gc,age      ] GC(597) - age   1:    1094536 bytes,    1094536 total
[2021-05-03T15:15:40.775+0000][7][gc,age      ] GC(597) - age   2:        352 bytes,    1094888 total
[2021-05-03T15:15:40.775+0000][7][gc,age      ] GC(597) - age   3:        800 bytes,    1095688 total
[2021-05-03T15:15:40.775+0000][7][gc,age      ] GC(597) - age   4:         24 bytes,    1095712 total
[2021-05-03T15:15:40.775+0000][7][gc,age      ] GC(597) - age   5:      75048 bytes,    1170760 total
[2021-05-03T15:15:40.775+0000][7][gc,age      ] GC(597) - age   6:        408 bytes,    1171168 total
[2021-05-03T15:15:40.775+0000][7][gc,age      ] GC(597) - age   7:         88 bytes,    1171256 total
[2021-05-03T15:15:40.775+0000][7][gc,age      ] GC(597) - age   8:        280 bytes,    1171536 total
[2021-05-03T15:15:40.775+0000][7][gc,age      ] GC(597) - age   9:        200 bytes,    1171736 total
[2021-05-03T15:15:40.775+0000][7][gc,age      ] GC(597) - age  10:       5568 bytes,    1177304 total
[2021-05-03T15:15:40.775+0000][7][gc,age      ] GC(597) - age  11:        440 bytes,    1177744 total
[2021-05-03T15:15:40.775+0000][7][gc,age      ] GC(597) - age  12:        144 bytes,    1177888 total
[2021-05-03T15:15:40.775+0000][7][gc,age      ] GC(597) - age  13:        440 bytes,    1178328 total
[2021-05-03T15:15:40.775+0000][7][gc,age      ] GC(597) - age  14:        176 bytes,    1178504 total
[2021-05-03T15:15:40.775+0000][7][gc,age      ] GC(597) - age  15:       1096 bytes,    1179600 total
[2021-05-03T15:15:40.775+0000][7][gc,phases   ] GC(597)   Pre Evacuate Collection Set: 0.1ms
[2021-05-03T15:15:40.775+0000][7][gc,phases   ] GC(597)   Merge Heap Roots: 0.0ms
[2021-05-03T15:15:40.775+0000][7][gc,phases   ] GC(597)   Evacuate Collection Set: 1.0ms
[2021-05-03T15:15:40.775+0000][7][gc,phases   ] GC(597)   Post Evacuate Collection Set: 0.6ms
[2021-05-03T15:15:40.775+0000][7][gc,phases   ] GC(597)   Other: 0.2ms
[2021-05-03T15:15:40.775+0000][7][gc,heap     ] GC(597) Eden regions: 21->0(21)
[2021-05-03T15:15:40.775+0000][7][gc,heap     ] GC(597) Survivor regions: 1->1(3)
[2021-05-03T15:15:40.775+0000][7][gc,heap     ] GC(597) Old regions: 27->27
[2021-05-03T15:15:40.775+0000][7][gc,heap     ] GC(597) Archive regions: 2->2
[2021-05-03T15:15:40.775+0000][7][gc,heap     ] GC(597) Humongous regions: 2->2
[2021-05-03T15:15:40.775+0000][7][gc,metaspace] GC(597) Metaspace: 110351K(115024K)->110351K(115024K) NonClass: 96364K(99740K)->96364K(99740K) Class: 13987K(15284K)->13987K(15284K)
[2021-05-03T15:15:40.775+0000][7][gc          ] GC(597) Pause Young (Concurrent Start) (G1 Evacuation Pause) 203M->119M(256M) 2.027ms
[2021-05-03T15:15:40.775+0000][7][gc,cpu      ] GC(597) User=0.01s Sys=0.01s Real=0.00s
[2021-05-03T15:15:40.775+0000][7][safepoint   ] Safepoint "G1CollectForAllocation", Time since last: 60881347345 ns, Reaching safepoint: 89905 ns, At safepoint: 2091030 ns, Total: 2180935 ns
[2021-05-03T15:15:40.775+0000][7][gc          ] GC(598) Concurrent Cycle
[2021-05-03T15:15:40.775+0000][7][gc,marking  ] GC(598) Concurrent Clear Claimed Marks
[2021-05-03T15:15:40.775+0000][7][gc,marking  ] GC(598) Concurrent Clear Claimed Marks 0.054ms
[2021-05-03T15:15:40.775+0000][7][gc,marking  ] GC(598) Concurrent Scan Root Regions
[2021-05-03T15:15:40.777+0000][7][gc,marking  ] GC(598) Concurrent Scan Root Regions 1.932ms
[2021-05-03T15:15:40.777+0000][7][gc,marking  ] GC(598) Concurrent Mark (46882.705s)
[2021-05-03T15:15:40.777+0000][7][gc,marking  ] GC(598) Concurrent Mark From Roots
[2021-05-03T15:15:40.777+0000][7][gc,task     ] GC(598) Using 2 workers of 2 for marking
[2021-05-03T15:15:40.869+0000][7][gc,marking  ] GC(598) Concurrent Mark From Roots 91.755ms
[2021-05-03T15:15:40.869+0000][7][gc,marking  ] GC(598) Concurrent Preclean
[2021-05-03T15:15:40.869+0000][7][gc,marking  ] GC(598) Concurrent Preclean 0.275ms
[2021-05-03T15:15:40.869+0000][7][gc,marking  ] GC(598) Concurrent Mark (46882.705s, 46882.797s) 92.091ms
[2021-05-03T15:15:40.870+0000][7][gc,start    ] GC(598) Pause Remark
[2021-05-03T15:15:40.876+0000][7][gc          ] GC(598) Pause Remark 125M->125M(256M) 6.012ms
[2021-05-03T15:15:40.876+0000][7][gc,cpu      ] GC(598) User=0.04s Sys=0.00s Real=0.01s
[2021-05-03T15:15:40.876+0000][7][safepoint   ] Safepoint "G1Concurrent", Time since last: 94202976 ns, Reaching safepoint: 144804 ns, At safepoint: 6101898 ns, Total: 6246702 ns
[2021-05-03T15:15:40.876+0000][7][gc,marking  ] GC(598) Concurrent Rebuild Remembered Sets
[2021-05-03T15:15:40.931+0000][7][gc,marking  ] GC(598) Concurrent Rebuild Remembered Sets 55.349ms
[2021-05-03T15:15:40.931+0000][7][gc,start    ] GC(598) Pause Cleanup
[2021-05-03T15:15:40.931+0000][7][gc          ] GC(598) Pause Cleanup 125M->125M(256M) 0.068ms
[2021-05-03T15:15:40.931+0000][7][gc,cpu      ] GC(598) User=0.00s Sys=0.00s Real=0.00s
[2021-05-03T15:15:40.931+0000][7][safepoint   ] Safepoint "G1Concurrent", Time since last: 55417252 ns, Reaching safepoint: 95613 ns, At safepoint: 104430 ns, Total: 200043 ns
[2021-05-03T15:15:40.931+0000][7][gc,marking  ] GC(598) Concurrent Cleanup for Next Mark
[2021-05-03T15:15:40.931+0000][7][gc,marking  ] GC(598) Concurrent Cleanup for Next Mark 0.124ms
[2021-05-03T15:15:40.931+0000][7][gc          ] GC(598) Concurrent Cycle 156.184ms
[2021-05-03T15:17:49.781+0000][7][gc,start    ] GC(599) Pause Young (Normal) (G1 Evacuation Pause)
[2021-05-03T15:17:49.781+0000][7][gc,task     ] GC(599) Using 6 workers of 8 for evacuation
[2021-05-03T15:17:49.781+0000][7][gc,age      ] GC(599) Desired survivor size 6291456 bytes, new threshold 15 (max threshold 15)
[2021-05-03T15:17:49.782+0000][7][gc,age      ] GC(599) Age table with threshold 15 (max threshold 15)
[2021-05-03T15:17:49.782+0000][7][gc,age      ] GC(599) - age   1:     549064 bytes,     549064 total
[2021-05-03T15:17:49.782+0000][7][gc,age      ] GC(599) - age   2:     267528 bytes,     816592 total
[2021-05-03T15:17:49.782+0000][7][gc,age      ] GC(599) - age   3:        232 bytes,     816824 total
[2021-05-03T15:17:49.782+0000][7][gc,age      ] GC(599) - age   4:        800 bytes,     817624 total
[2021-05-03T15:17:49.782+0000][7][gc,age      ] GC(599) - age   5:         24 bytes,     817648 total
[2021-05-03T15:17:49.782+0000][7][gc,age      ] GC(599) - age   6:       1432 bytes,     819080 total
[2021-05-03T15:17:49.782+0000][7][gc,age      ] GC(599) - age   7:        368 bytes,     819448 total
[2021-05-03T15:17:49.782+0000][7][gc,age      ] GC(599) - age   8:         88 bytes,     819536 total
[2021-05-03T15:17:49.782+0000][7][gc,age      ] GC(599) - age   9:        280 bytes,     819816 total
[2021-05-03T15:17:49.782+0000][7][gc,age      ] GC(599) - age  10:        200 bytes,     820016 total
[2021-05-03T15:17:49.782+0000][7][gc,age      ] GC(599) - age  11:       3280 bytes,     823296 total
[2021-05-03T15:17:49.782+0000][7][gc,age      ] GC(599) - age  12:        440 bytes,     823736 total
[2021-05-03T15:17:49.782+0000][7][gc,age      ] GC(599) - age  13:        144 bytes,     823880 total
[2021-05-03T15:17:49.782+0000][7][gc,age      ] GC(599) - age  14:        440 bytes,     824320 total
[2021-05-03T15:17:49.782+0000][7][gc,age      ] GC(599) - age  15:        176 bytes,     824496 total
[2021-05-03T15:17:49.782+0000][7][gc,phases   ] GC(599)   Pre Evacuate Collection Set: 0.0ms
[2021-05-03T15:17:49.782+0000][7][gc,phases   ] GC(599)   Merge Heap Roots: 0.0ms
[2021-05-03T15:17:49.782+0000][7][gc,phases   ] GC(599)   Evacuate Collection Set: 0.8ms
[2021-05-03T15:17:49.782+0000][7][gc,phases   ] GC(599)   Post Evacuate Collection Set: 0.4ms
[2021-05-03T15:17:49.782+0000][7][gc,phases   ] GC(599)   Other: 0.2ms
[2021-05-03T15:17:49.782+0000][7][gc,heap     ] GC(599) Eden regions: 21->0(21)
[2021-05-03T15:17:49.782+0000][7][gc,heap     ] GC(599) Survivor regions: 1->1(3)
[2021-05-03T15:17:49.782+0000][7][gc,heap     ] GC(599) Old regions: 27->27
[2021-05-03T15:17:49.782+0000][7][gc,heap     ] GC(599) Archive regions: 2->2
[2021-05-03T15:17:49.782+0000][7][gc,heap     ] GC(599) Humongous regions: 2->2
[2021-05-03T15:17:49.782+0000][7][gc,metaspace] GC(599) Metaspace: 110353K(115024K)->110353K(115024K) NonClass: 96366K(99740K)->96366K(99740K) Class: 13987K(15284K)->13987K(15284K)
[2021-05-03T15:17:49.783+0000][7][gc          ] GC(599) Pause Young (Normal) (G1 Evacuation Pause) 203M->119M(256M) 1.499ms
[2021-05-03T15:17:49.783+0000][7][gc,cpu      ] GC(599) User=0.00s Sys=0.00s Real=0.00s
[2021-05-03T15:17:49.783+0000][7][safepoint   ] Safepoint "G1CollectForAllocation", Time since last: 128849513619 ns, Reaching safepoint: 147006 ns, At safepoint: 1558011 ns, Total: 1705017 ns
[2021-05-03T15:18:27.788+0000][7][safepoint   ] Safepoint "Cleanup", Time since last: 38005556377 ns, Reaching safepoint: 153577 ns, At safepoint: 9124 ns, Total: 162701 ns
[2021-05-03T15:19:50.967+0000][7][gc,start    ] GC(600) Pause Young (Concurrent Start) (G1 Evacuation Pause)
[2021-05-03T15:19:50.967+0000][7][gc,task     ] GC(600) Using 6 workers of 8 for evacuation
[2021-05-03T15:19:50.967+0000][7][gc,age      ] GC(600) Desired survivor size 6291456 bytes, new threshold 15 (max threshold 15)
[2021-05-03T15:19:50.969+0000][7][gc,age      ] GC(600) Age table with threshold 15 (max threshold 15)
[2021-05-03T15:19:50.969+0000][7][gc,age      ] GC(600) - age   1:     433424 bytes,     433424 total
[2021-05-03T15:19:50.969+0000][7][gc,age      ] GC(600) - age   2:      37968 bytes,     471392 total
[2021-05-03T15:19:50.969+0000][7][gc,age      ] GC(600) - age   3:     235400 bytes,     706792 total
[2021-05-03T15:19:50.969+0000][7][gc,age      ] GC(600) - age   4:        232 bytes,     707024 total
[2021-05-03T15:19:50.969+0000][7][gc,age      ] GC(600) - age   5:        800 bytes,     707824 total
[2021-05-03T15:19:50.969+0000][7][gc,age      ] GC(600) - age   6:         24 bytes,     707848 total
[2021-05-03T15:19:50.969+0000][7][gc,age      ] GC(600) - age   7:       1432 bytes,     709280 total
[2021-05-03T15:19:50.969+0000][7][gc,age      ] GC(600) - age   8:        368 bytes,     709648 total
[2021-05-03T15:19:50.969+0000][7][gc,age      ] GC(600) - age   9:         88 bytes,     709736 total
[2021-05-03T15:19:50.969+0000][7][gc,age      ] GC(600) - age  10:        280 bytes,     710016 total
[2021-05-03T15:19:50.969+0000][7][gc,age      ] GC(600) - age  11:        200 bytes,     710216 total
[2021-05-03T15:19:50.969+0000][7][gc,age      ] GC(600) - age  12:       3184 bytes,     713400 total
[2021-05-03T15:19:50.969+0000][7][gc,age      ] GC(600) - age  13:        440 bytes,     713840 total
[2021-05-03T15:19:50.969+0000][7][gc,age      ] GC(600) - age  14:        144 bytes,     713984 total
[2021-05-03T15:19:50.969+0000][7][gc,age      ] GC(600) - age  15:        440 bytes,     714424 total
[2021-05-03T15:19:50.969+0000][7][gc,phases   ] GC(600)   Pre Evacuate Collection Set: 0.1ms
[2021-05-03T15:19:50.969+0000][7][gc,phases   ] GC(600)   Merge Heap Roots: 0.0ms
[2021-05-03T15:19:50.969+0000][7][gc,phases   ] GC(600)   Evacuate Collection Set: 1.2ms
[2021-05-03T15:19:50.969+0000][7][gc,phases   ] GC(600)   Post Evacuate Collection Set: 0.5ms
[2021-05-03T15:19:50.969+0000][7][gc,phases   ] GC(600)   Other: 0.4ms
[2021-05-03T15:19:50.969+0000][7][gc,heap     ] GC(600) Eden regions: 21->0(21)
[2021-05-03T15:19:50.969+0000][7][gc,heap     ] GC(600) Survivor regions: 1->1(3)
[2021-05-03T15:19:50.969+0000][7][gc,heap     ] GC(600) Old regions: 27->27
[2021-05-03T15:19:50.969+0000][7][gc,heap     ] GC(600) Archive regions: 2->2
[2021-05-03T15:19:50.969+0000][7][gc,heap     ] GC(600) Humongous regions: 2->2
[2021-05-03T15:19:50.969+0000][7][gc,metaspace] GC(600) Metaspace: 110353K(115024K)->110353K(115024K) NonClass: 96366K(99740K)->96366K(99740K) Class: 13987K(15284K)->13987K(15284K)
[2021-05-03T15:19:50.969+0000][7][gc          ] GC(600) Pause Young (Concurrent Start) (G1 Evacuation Pause) 203M->119M(256M) 2.314ms
[2021-05-03T15:19:50.969+0000][7][gc,cpu      ] GC(600) User=0.01s Sys=0.00s Real=0.00s
[2021-05-03T15:19:50.969+0000][7][gc          ] GC(601) Concurrent Cycle
[2021-05-03T15:19:50.969+0000][7][gc,marking  ] GC(601) Concurrent Clear Claimed Marks
[2021-05-03T15:19:50.970+0000][7][gc,marking  ] GC(601) Concurrent Clear Claimed Marks 0.082ms
[2021-05-03T15:19:50.970+0000][7][gc,marking  ] GC(601) Concurrent Scan Root Regions
[2021-05-03T15:19:50.970+0000][7][safepoint   ] Safepoint "G1CollectForAllocation", Time since last: 83178600350 ns, Reaching safepoint: 157580 ns, At safepoint: 2699551 ns, Total: 2857131 ns
[2021-05-03T15:19:50.972+0000][7][gc,marking  ] GC(601) Concurrent Scan Root Regions 2.290ms
[2021-05-03T15:19:50.972+0000][7][gc,marking  ] GC(601) Concurrent Mark (47132.900s)
[2021-05-03T15:19:50.972+0000][7][gc,marking  ] GC(601) Concurrent Mark From Roots
[2021-05-03T15:19:50.972+0000][7][gc,task     ] GC(601) Using 2 workers of 2 for marking
[2021-05-03T15:19:51.059+0000][7][gc,marking  ] GC(601) Concurrent Mark From Roots 87.331ms
[2021-05-03T15:19:51.059+0000][7][gc,marking  ] GC(601) Concurrent Preclean
[2021-05-03T15:19:51.059+0000][7][gc,marking  ] GC(601) Concurrent Preclean 0.210ms
[2021-05-03T15:19:51.059+0000][7][gc,marking  ] GC(601) Concurrent Mark (47132.900s, 47132.987s) 87.596ms
[2021-05-03T15:19:51.060+0000][7][gc,start    ] GC(601) Pause Remark
[2021-05-03T15:19:51.067+0000][7][gc          ] GC(601) Pause Remark 123M->123M(256M) 7.043ms
[2021-05-03T15:19:51.067+0000][7][gc,cpu      ] GC(601) User=0.02s Sys=0.02s Real=0.01s
[2021-05-03T15:19:51.067+0000][7][safepoint   ] Safepoint "G1Concurrent", Time since last: 89757669 ns, Reaching safepoint: 105063 ns, At safepoint: 7121106 ns, Total: 7226169 ns
[2021-05-03T15:19:51.067+0000][7][gc,marking  ] GC(601) Concurrent Rebuild Remembered Sets
[2021-05-03T15:19:51.124+0000][7][gc,marking  ] GC(601) Concurrent Rebuild Remembered Sets 56.962ms
[2021-05-03T15:19:51.124+0000][7][gc,start    ] GC(601) Pause Cleanup
[2021-05-03T15:19:51.124+0000][7][gc          ] GC(601) Pause Cleanup 123M->123M(256M) 0.100ms
[2021-05-03T15:19:51.124+0000][7][gc,cpu      ] GC(601) User=0.00s Sys=0.00s Real=0.00s
[2021-05-03T15:19:51.124+0000][7][safepoint   ] Safepoint "G1Concurrent", Time since last: 57113156 ns, Reaching safepoint: 125824 ns, At safepoint: 164474 ns, Total: 290298 ns
[2021-05-03T15:19:51.124+0000][7][gc,marking  ] GC(601) Concurrent Cleanup for Next Mark
[2021-05-03T15:19:51.124+0000][7][gc,marking  ] GC(601) Concurrent Cleanup for Next Mark 0.275ms
[2021-05-03T15:19:51.124+0000][7][gc          ] GC(601) Concurrent Cycle 155.067ms
[2021-05-03T15:22:00.144+0000][7][safepoint   ] Safepoint "Cleanup", Time since last: 129019380591 ns, Reaching safepoint: 89940 ns, At safepoint: 5725 ns, Total: 95665 ns
[2021-05-03T15:22:04.882+0000][7][gc,start    ] GC(602) Pause Young (Normal) (G1 Evacuation Pause)
[2021-05-03T15:22:04.882+0000][7][gc,task     ] GC(602) Using 6 workers of 8 for evacuation
[2021-05-03T15:22:04.882+0000][7][gc,age      ] GC(602) Desired survivor size 6291456 bytes, new threshold 15 (max threshold 15)
[2021-05-03T15:22:04.883+0000][7][gc,age      ] GC(602) Age table with threshold 15 (max threshold 15)
[2021-05-03T15:22:04.883+0000][7][gc,age      ] GC(602) - age   1:     512000 bytes,     512000 total
[2021-05-03T15:22:04.883+0000][7][gc,age      ] GC(602) - age   2:        592 bytes,     512592 total
[2021-05-03T15:22:04.883+0000][7][gc,age      ] GC(602) - age   3:      37552 bytes,     550144 total
[2021-05-03T15:22:04.883+0000][7][gc,age      ] GC(602) - age   4:     146208 bytes,     696352 total
[2021-05-03T15:22:04.883+0000][7][gc,age      ] GC(602) - age   5:         88 bytes,     696440 total
[2021-05-03T15:22:04.883+0000][7][gc,age      ] GC(602) - age   6:        800 bytes,     697240 total
[2021-05-03T15:22:04.883+0000][7][gc,age      ] GC(602) - age   7:         24 bytes,     697264 total
[2021-05-03T15:22:04.883+0000][7][gc,age      ] GC(602) - age   8:       1432 bytes,     698696 total
[2021-05-03T15:22:04.883+0000][7][gc,age      ] GC(602) - age   9:        368 bytes,     699064 total
[2021-05-03T15:22:04.883+0000][7][gc,age      ] GC(602) - age  10:         88 bytes,     699152 total
[2021-05-03T15:22:04.883+0000][7][gc,age      ] GC(602) - age  11:        280 bytes,     699432 total
[2021-05-03T15:22:04.883+0000][7][gc,age      ] GC(602) - age  12:        200 bytes,     699632 total
[2021-05-03T15:22:04.883+0000][7][gc,age      ] GC(602) - age  13:       3184 bytes,     702816 total
[2021-05-03T15:22:04.883+0000][7][gc,age      ] GC(602) - age  14:        440 bytes,     703256 total
[2021-05-03T15:22:04.883+0000][7][gc,age      ] GC(602) - age  15:        144 bytes,     703400 total
[2021-05-03T15:22:04.883+0000][7][gc,phases   ] GC(602)   Pre Evacuate Collection Set: 0.0ms
[2021-05-03T15:22:04.883+0000][7][gc,phases   ] GC(602)   Merge Heap Roots: 0.0ms
[2021-05-03T15:22:04.883+0000][7][gc,phases   ] GC(602)   Evacuate Collection Set: 0.8ms
[2021-05-03T15:22:04.883+0000][7][gc,phases   ] GC(602)   Post Evacuate Collection Set: 0.4ms
[2021-05-03T15:22:04.883+0000][7][gc,phases   ] GC(602)   Other: 0.2ms
[2021-05-03T15:22:04.883+0000][7][gc,heap     ] GC(602) Eden regions: 21->0(21)
[2021-05-03T15:22:04.883+0000][7][gc,heap     ] GC(602) Survivor regions: 1->1(3)
[2021-05-03T15:22:04.883+0000][7][gc,heap     ] GC(602) Old regions: 27->27
[2021-05-03T15:22:04.883+0000][7][gc,heap     ] GC(602) Archive regions: 2->2
[2021-05-03T15:22:04.883+0000][7][gc,heap     ] GC(602) Humongous regions: 2->2
[2021-05-03T15:22:04.883+0000][7][gc,metaspace] GC(602) Metaspace: 110356K(115024K)->110356K(115024K) NonClass: 96368K(99740K)->96368K(99740K) Class: 13987K(15284K)->13987K(15284K)
[2021-05-03T15:22:04.883+0000][7][gc          ] GC(602) Pause Young (Normal) (G1 Evacuation Pause) 203M->119M(256M) 1.551ms
[2021-05-03T15:22:04.883+0000][7][gc,cpu      ] GC(602) User=0.01s Sys=0.00s Real=0.00s
[2021-05-03T15:22:04.884+0000][7][safepoint   ] Safepoint "G1CollectForAllocation", Time since last: 4738181307 ns, Reaching safepoint: 130884 ns, At safepoint: 1609702 ns, Total: 1740586 ns
[2021-05-03T15:23:46.898+0000][7][safepoint   ] Safepoint "Cleanup", Time since last: 102014357721 ns, Reaching safepoint: 117550 ns, At safepoint: 5135 ns, Total: 122685 ns
[2021-05-03T15:24:20.446+0000][7][gc,start    ] GC(603) Pause Young (Concurrent Start) (G1 Evacuation Pause)
[2021-05-03T15:24:20.447+0000][7][gc,task     ] GC(603) Using 6 workers of 8 for evacuation
[2021-05-03T15:24:20.447+0000][7][gc,age      ] GC(603) Desired survivor size 6291456 bytes, new threshold 15 (max threshold 15)
[2021-05-03T15:24:20.449+0000][7][gc,age      ] GC(603) Age table with threshold 15 (max threshold 15)
[2021-05-03T15:24:20.449+0000][7][gc,age      ] GC(603) - age   1:     457328 bytes,     457328 total
[2021-05-03T15:24:20.449+0000][7][gc,age      ] GC(603) - age   2:       4088 bytes,     461416 total
[2021-05-03T15:24:20.449+0000][7][gc,age      ] GC(603) - age   3:        344 bytes,     461760 total
[2021-05-03T15:24:20.449+0000][7][gc,age      ] GC(603) - age   4:      37288 bytes,     499048 total
[2021-05-03T15:24:20.449+0000][7][gc,age      ] GC(603) - age   5:     146168 bytes,     645216 total
[2021-05-03T15:24:20.449+0000][7][gc,age      ] GC(603) - age   6:         48 bytes,     645264 total
[2021-05-03T15:24:20.449+0000][7][gc,age      ] GC(603) - age   7:        800 bytes,     646064 total
[2021-05-03T15:24:20.449+0000][7][gc,age      ] GC(603) - age   8:         24 bytes,     646088 total
[2021-05-03T15:24:20.449+0000][7][gc,age      ] GC(603) - age   9:       1192 bytes,     647280 total
[2021-05-03T15:24:20.449+0000][7][gc,age      ] GC(603) - age  10:        368 bytes,     647648 total
[2021-05-03T15:24:20.449+0000][7][gc,age      ] GC(603) - age  11:         88 bytes,     647736 total
[2021-05-03T15:24:20.449+0000][7][gc,age      ] GC(603) - age  12:        280 bytes,     648016 total
[2021-05-03T15:24:20.449+0000][7][gc,age      ] GC(603) - age  13:        200 bytes,     648216 total
[2021-05-03T15:24:20.449+0000][7][gc,age      ] GC(603) - age  14:       3184 bytes,     651400 total
[2021-05-03T15:24:20.449+0000][7][gc,age      ] GC(603) - age  15:        440 bytes,     651840 total
[2021-05-03T15:24:20.449+0000][7][gc,phases   ] GC(603)   Pre Evacuate Collection Set: 0.3ms
[2021-05-03T15:24:20.449+0000][7][gc,phases   ] GC(603)   Merge Heap Roots: 0.1ms
[2021-05-03T15:24:20.449+0000][7][gc,phases   ] GC(603)   Evacuate Collection Set: 1.3ms
[2021-05-03T15:24:20.449+0000][7][gc,phases   ] GC(603)   Post Evacuate Collection Set: 0.5ms
[2021-05-03T15:24:20.449+0000][7][gc,phases   ] GC(603)   Other: 0.3ms
[2021-05-03T15:24:20.449+0000][7][gc,heap     ] GC(603) Eden regions: 21->0(21)
[2021-05-03T15:24:20.449+0000][7][gc,heap     ] GC(603) Survivor regions: 1->1(3)
[2021-05-03T15:24:20.449+0000][7][gc,heap     ] GC(603) Old regions: 27->27
[2021-05-03T15:24:20.449+0000][7][gc,heap     ] GC(603) Archive regions: 2->2
[2021-05-03T15:24:20.449+0000][7][gc,heap     ] GC(603) Humongous regions: 2->2
[2021-05-03T15:24:20.449+0000][7][gc,metaspace] GC(603) Metaspace: 110356K(115024K)->110356K(115024K) NonClass: 96368K(99740K)->96368K(99740K) Class: 13987K(15284K)->13987K(15284K)
[2021-05-03T15:24:20.449+0000][7][gc          ] GC(603) Pause Young (Concurrent Start) (G1 Evacuation Pause) 203M->119M(256M) 2.569ms
[2021-05-03T15:24:20.449+0000][7][gc,cpu      ] GC(603) User=0.01s Sys=0.00s Real=0.00s
[2021-05-03T15:24:20.449+0000][7][gc          ] GC(604) Concurrent Cycle
[2021-05-03T15:24:20.449+0000][7][safepoint   ] Safepoint "G1CollectForAllocation", Time since last: 33548270253 ns, Reaching safepoint: 187565 ns, At safepoint: 2663707 ns, Total: 2851272 ns
[2021-05-03T15:24:20.449+0000][7][gc,marking  ] GC(604) Concurrent Clear Claimed Marks
[2021-05-03T15:24:20.449+0000][7][gc,marking  ] GC(604) Concurrent Clear Claimed Marks 0.077ms
[2021-05-03T15:24:20.449+0000][7][gc,marking  ] GC(604) Concurrent Scan Root Regions
[2021-05-03T15:24:20.451+0000][7][gc,marking  ] GC(604) Concurrent Scan Root Regions 1.472ms
[2021-05-03T15:24:20.451+0000][7][gc,marking  ] GC(604) Concurrent Mark (47402.378s)
[2021-05-03T15:24:20.451+0000][7][gc,marking  ] GC(604) Concurrent Mark From Roots
[2021-05-03T15:24:20.451+0000][7][gc,task     ] GC(604) Using 2 workers of 2 for marking
[2021-05-03T15:24:20.536+0000][7][gc,marking  ] GC(604) Concurrent Mark From Roots 85.285ms
[2021-05-03T15:24:20.536+0000][7][gc,marking  ] GC(604) Concurrent Preclean
[2021-05-03T15:24:20.536+0000][7][gc,marking  ] GC(604) Concurrent Preclean 0.230ms
[2021-05-03T15:24:20.536+0000][7][gc,marking  ] GC(604) Concurrent Mark (47402.378s, 47402.464s) 85.560ms
[2021-05-03T15:24:20.536+0000][7][gc,start    ] GC(604) Pause Remark
[2021-05-03T15:24:20.544+0000][7][gc          ] GC(604) Pause Remark 120M->120M(256M) 7.129ms
[2021-05-03T15:24:20.544+0000][7][gc,cpu      ] GC(604) User=0.04s Sys=0.01s Real=0.01s
[2021-05-03T15:24:20.544+0000][7][safepoint   ] Safepoint "G1Concurrent", Time since last: 87221493 ns, Reaching safepoint: 131289 ns, At safepoint: 7221249 ns, Total: 7352538 ns
[2021-05-03T15:24:20.544+0000][7][gc,marking  ] GC(604) Concurrent Rebuild Remembered Sets
[2021-05-03T15:24:20.599+0000][7][gc,marking  ] GC(604) Concurrent Rebuild Remembered Sets 55.637ms
[2021-05-03T15:24:20.600+0000][7][gc,start    ] GC(604) Pause Cleanup
[2021-05-03T15:24:20.600+0000][7][gc          ] GC(604) Pause Cleanup 120M->120M(256M) 0.064ms
[2021-05-03T15:24:20.600+0000][7][gc,cpu      ] GC(604) User=0.00s Sys=0.00s Real=0.00s
[2021-05-03T15:24:20.600+0000][7][safepoint   ] Safepoint "G1Concurrent", Time since last: 55746597 ns, Reaching safepoint: 114462 ns, At safepoint: 103279 ns, Total: 217741 ns
[2021-05-03T15:24:20.600+0000][7][gc,marking  ] GC(604) Concurrent Cleanup for Next Mark
[2021-05-03T15:24:20.600+0000][7][gc,marking  ] GC(604) Concurrent Cleanup for Next Mark 0.130ms
[2021-05-03T15:24:20.600+0000][7][gc          ] GC(604) Concurrent Cycle 150.702ms
[2021-05-03T15:25:41.612+0000][7][safepoint   ] Safepoint "Cleanup", Time since last: 81012075361 ns, Reaching safepoint: 142915 ns, At safepoint: 6916 ns, Total: 149831 ns
[2021-05-03T15:25:50.994+0000][7][gc,start    ] GC(605) Pause Young (Normal) (G1 Evacuation Pause)
[2021-05-03T15:25:50.994+0000][7][gc,task     ] GC(605) Using 6 workers of 8 for evacuation
[2021-05-03T15:25:50.994+0000][7][gc,age      ] GC(605) Desired survivor size 6291456 bytes, new threshold 15 (max threshold 15)
[2021-05-03T15:25:50.995+0000][7][gc,age      ] GC(605) Age table with threshold 15 (max threshold 15)
[2021-05-03T15:25:50.995+0000][7][gc,age      ] GC(605) - age   1:     711848 bytes,     711848 total
[2021-05-03T15:25:50.995+0000][7][gc,age      ] GC(605) - age   2:        536 bytes,     712384 total
[2021-05-03T15:25:50.995+0000][7][gc,age      ] GC(605) - age   3:       1232 bytes,     713616 total
[2021-05-03T15:25:50.995+0000][7][gc,age      ] GC(605) - age   4:        120 bytes,     713736 total
[2021-05-03T15:25:50.995+0000][7][gc,age      ] GC(605) - age   5:       2664 bytes,     716400 total
[2021-05-03T15:25:50.995+0000][7][gc,age      ] GC(605) - age   6:       2568 bytes,     718968 total
[2021-05-03T15:25:50.995+0000][7][gc,age      ] GC(605) - age   7:         48 bytes,     719016 total
[2021-05-03T15:25:50.995+0000][7][gc,age      ] GC(605) - age   8:        800 bytes,     719816 total
[2021-05-03T15:25:50.995+0000][7][gc,age      ] GC(605) - age   9:         24 bytes,     719840 total
[2021-05-03T15:25:50.995+0000][7][gc,age      ] GC(605) - age  10:        272 bytes,     720112 total
[2021-05-03T15:25:50.995+0000][7][gc,age      ] GC(605) - age  11:         40 bytes,     720152 total
[2021-05-03T15:25:50.995+0000][7][gc,age      ] GC(605) - age  12:         88 bytes,     720240 total
[2021-05-03T15:25:50.995+0000][7][gc,age      ] GC(605) - age  13:        184 bytes,     720424 total
[2021-05-03T15:25:50.995+0000][7][gc,age      ] GC(605) - age  14:        200 bytes,     720624 total
[2021-05-03T15:25:50.995+0000][7][gc,age      ] GC(605) - age  15:       3144 bytes,     723768 total
[2021-05-03T15:25:50.995+0000][7][gc,phases   ] GC(605)   Pre Evacuate Collection Set: 0.0ms
[2021-05-03T15:25:50.995+0000][7][gc,phases   ] GC(605)   Merge Heap Roots: 0.0ms
[2021-05-03T15:25:50.995+0000][7][gc,phases   ] GC(605)   Evacuate Collection Set: 0.8ms
[2021-05-03T15:25:50.995+0000][7][gc,phases   ] GC(605)   Post Evacuate Collection Set: 0.4ms
[2021-05-03T15:25:50.995+0000][7][gc,phases   ] GC(605)   Other: 0.2ms
[2021-05-03T15:25:50.995+0000][7][gc,heap     ] GC(605) Eden regions: 21->0(21)
[2021-05-03T15:25:50.995+0000][7][gc,heap     ] GC(605) Survivor regions: 1->1(3)
[2021-05-03T15:25:50.995+0000][7][gc,heap     ] GC(605) Old regions: 27->27
[2021-05-03T15:25:50.995+0000][7][gc,heap     ] GC(605) Archive regions: 2->2
[2021-05-03T15:25:50.995+0000][7][gc,heap     ] GC(605) Humongous regions: 2->2
[2021-05-03T15:25:50.995+0000][7][gc,metaspace] GC(605) Metaspace: 110425K(115280K)->110425K(115280K) NonClass: 96437K(99996K)->96437K(99996K) Class: 13987K(15284K)->13987K(15284K)
[2021-05-03T15:25:50.995+0000][7][gc          ] GC(605) Pause Young (Normal) (G1 Evacuation Pause) 203M->119M(256M) 1.549ms
[2021-05-03T15:25:50.995+0000][7][gc,cpu      ] GC(605) User=0.00s Sys=0.00s Real=0.00s
[2021-05-03T15:25:50.995+0000][7][safepoint   ] Safepoint "G1CollectForAllocation", Time since last: 9381890473 ns, Reaching safepoint: 86057 ns, At safepoint: 1612999 ns, Total: 1699056 ns
[2021-05-03T15:28:06.023+0000][7][gc,start    ] GC(606) Pause Young (Concurrent Start) (G1 Evacuation Pause)
[2021-05-03T15:28:06.023+0000][7][gc,task     ] GC(606) Using 6 workers of 8 for evacuation
[2021-05-03T15:28:06.023+0000][7][gc,age      ] GC(606) Desired survivor size 6291456 bytes, new threshold 15 (max threshold 15)
[2021-05-03T15:28:06.024+0000][7][gc,age      ] GC(606) Age table with threshold 15 (max threshold 15)
[2021-05-03T15:28:06.025+0000][7][gc,age      ] GC(606) - age   1:     506512 bytes,     506512 total
[2021-05-03T15:28:06.025+0000][7][gc,age      ] GC(606) - age   2:     276552 bytes,     783064 total
[2021-05-03T15:28:06.025+0000][7][gc,age      ] GC(606) - age   3:        408 bytes,     783472 total
[2021-05-03T15:28:06.025+0000][7][gc,age      ] GC(606) - age   4:       1064 bytes,     784536 total
[2021-05-03T15:28:06.025+0000][7][gc,age      ] GC(606) - age   5:        120 bytes,     784656 total
[2021-05-03T15:28:06.025+0000][7][gc,age      ] GC(606) - age   6:       2664 bytes,     787320 total
[2021-05-03T15:28:06.025+0000][7][gc,age      ] GC(606) - age   7:       2544 bytes,     789864 total
[2021-05-03T15:28:06.025+0000][7][gc,age      ] GC(606) - age   9:        600 bytes,     790464 total
[2021-05-03T15:28:06.025+0000][7][gc,age      ] GC(606) - age  10:         24 bytes,     790488 total
[2021-05-03T15:28:06.025+0000][7][gc,age      ] GC(606) - age  11:        232 bytes,     790720 total
[2021-05-03T15:28:06.025+0000][7][gc,age      ] GC(606) - age  12:         40 bytes,     790760 total
[2021-05-03T15:28:06.025+0000][7][gc,age      ] GC(606) - age  13:         88 bytes,     790848 total
[2021-05-03T15:28:06.025+0000][7][gc,age      ] GC(606) - age  14:        144 bytes,     790992 total
[2021-05-03T15:28:06.025+0000][7][gc,age      ] GC(606) - age  15:        200 bytes,     791192 total
[2021-05-03T15:28:06.025+0000][7][gc,phases   ] GC(606)   Pre Evacuate Collection Set: 0.1ms
[2021-05-03T15:28:06.025+0000][7][gc,phases   ] GC(606)   Merge Heap Roots: 0.0ms
[2021-05-03T15:28:06.025+0000][7][gc,phases   ] GC(606)   Evacuate Collection Set: 1.0ms
[2021-05-03T15:28:06.025+0000][7][gc,phases   ] GC(606)   Post Evacuate Collection Set: 0.4ms
[2021-05-03T15:28:06.025+0000][7][gc,phases   ] GC(606)   Other: 0.3ms
[2021-05-03T15:28:06.025+0000][7][gc,heap     ] GC(606) Eden regions: 21->0(21)
[2021-05-03T15:28:06.025+0000][7][gc,heap     ] GC(606) Survivor regions: 1->1(3)
[2021-05-03T15:28:06.025+0000][7][gc,heap     ] GC(606) Old regions: 27->27
[2021-05-03T15:28:06.025+0000][7][gc,heap     ] GC(606) Archive regions: 2->2
[2021-05-03T15:28:06.025+0000][7][gc,heap     ] GC(606) Humongous regions: 2->2
[2021-05-03T15:28:06.025+0000][7][gc,metaspace] GC(606) Metaspace: 110425K(115280K)->110425K(115280K) NonClass: 96437K(99996K)->96437K(99996K) Class: 13987K(15284K)->13987K(15284K)
[2021-05-03T15:28:06.025+0000][7][gc          ] GC(606) Pause Young (Concurrent Start) (G1 Evacuation Pause) 203M->119M(256M) 2.024ms
[2021-05-03T15:28:06.025+0000][7][gc,cpu      ] GC(606) User=0.00s Sys=0.00s Real=0.00s
[2021-05-03T15:28:06.025+0000][7][safepoint   ] Safepoint "G1CollectForAllocation", Time since last: 135027036551 ns, Reaching safepoint: 165329 ns, At safepoint: 2109667 ns, Total: 2274996 ns
[2021-05-03T15:28:06.025+0000][7][gc          ] GC(607) Concurrent Cycle
[2021-05-03T15:28:06.025+0000][7][gc,marking  ] GC(607) Concurrent Clear Claimed Marks
[2021-05-03T15:28:06.025+0000][7][gc,marking  ] GC(607) Concurrent Clear Claimed Marks 0.106ms
[2021-05-03T15:28:06.025+0000][7][gc,marking  ] GC(607) Concurrent Scan Root Regions
[2021-05-03T15:28:06.026+0000][7][gc,marking  ] GC(607) Concurrent Scan Root Regions 1.452ms
[2021-05-03T15:28:06.026+0000][7][gc,marking  ] GC(607) Concurrent Mark (47627.954s)
[2021-05-03T15:28:06.026+0000][7][gc,marking  ] GC(607) Concurrent Mark From Roots
[2021-05-03T15:28:06.026+0000][7][gc,task     ] GC(607) Using 2 workers of 2 for marking
[2021-05-03T15:28:06.117+0000][7][gc,marking  ] GC(607) Concurrent Mark From Roots 90.830ms
[2021-05-03T15:28:06.117+0000][7][gc,marking  ] GC(607) Concurrent Preclean
[2021-05-03T15:28:06.118+0000][7][gc,marking  ] GC(607) Concurrent Preclean 0.231ms
[2021-05-03T15:28:06.118+0000][7][gc,marking  ] GC(607) Concurrent Mark (47627.954s, 47628.045s) 91.108ms
[2021-05-03T15:28:06.118+0000][7][gc,start    ] GC(607) Pause Remark
[2021-05-03T15:28:06.126+0000][7][gc          ] GC(607) Pause Remark 119M->119M(256M) 7.877ms
[2021-05-03T15:28:06.126+0000][7][gc,cpu      ] GC(607) User=0.04s Sys=0.00s Real=0.01s
[2021-05-03T15:28:06.126+0000][7][safepoint   ] Safepoint "G1Concurrent", Time since last: 92776888 ns, Reaching safepoint: 537650 ns, At safepoint: 7987190 ns, Total: 8524840 ns
[2021-05-03T15:28:06.126+0000][7][gc,marking  ] GC(607) Concurrent Rebuild Remembered Sets
[2021-05-03T15:28:06.185+0000][7][gc,marking  ] GC(607) Concurrent Rebuild Remembered Sets 58.879ms
[2021-05-03T15:28:06.185+0000][7][gc,start    ] GC(607) Pause Cleanup
[2021-05-03T15:28:06.185+0000][7][gc          ] GC(607) Pause Cleanup 119M->119M(256M) 0.065ms
[2021-05-03T15:28:06.185+0000][7][gc,cpu      ] GC(607) User=0.00s Sys=0.00s Real=0.00s
[2021-05-03T15:28:06.185+0000][7][safepoint   ] Safepoint "G1Concurrent", Time since last: 58967779 ns, Reaching safepoint: 97110 ns, At safepoint: 105081 ns, Total: 202191 ns
[2021-05-03T15:28:06.185+0000][7][gc,marking  ] GC(607) Concurrent Cleanup for Next Mark
[2021-05-03T15:28:06.185+0000][7][gc,marking  ] GC(607) Concurrent Cleanup for Next Mark 0.133ms
[2021-05-03T15:28:06.185+0000][7][gc          ] GC(607) Concurrent Cycle 160.603ms
[2021-05-03T15:30:08.069+0000][7][gc,start    ] GC(608) Pause Young (Normal) (G1 Evacuation Pause)
[2021-05-03T15:30:08.069+0000][7][gc,task     ] GC(608) Using 6 workers of 8 for evacuation
[2021-05-03T15:30:08.070+0000][7][gc,age      ] GC(608) Desired survivor size 6291456 bytes, new threshold 15 (max threshold 15)
[2021-05-03T15:30:08.072+0000][7][gc,age      ] GC(608) Age table with threshold 15 (max threshold 15)
[2021-05-03T15:30:08.072+0000][7][gc,age      ] GC(608) - age   1:     514016 bytes,     514016 total
[2021-05-03T15:30:08.072+0000][7][gc,age      ] GC(608) - age   2:       1040 bytes,     515056 total
[2021-05-03T15:30:08.072+0000][7][gc,age      ] GC(608) - age   3:     154760 bytes,     669816 total
[2021-05-03T15:30:08.072+0000][7][gc,age      ] GC(608) - age   4:        216 bytes,     670032 total
[2021-05-03T15:30:08.072+0000][7][gc,age      ] GC(608) - age   5:        704 bytes,     670736 total
[2021-05-03T15:30:08.072+0000][7][gc,age      ] GC(608) - age   6:        120 bytes,     670856 total
[2021-05-03T15:30:08.072+0000][7][gc,age      ] GC(608) - age   7:       2624 bytes,     673480 total
[2021-05-03T15:30:08.072+0000][7][gc,age      ] GC(608) - age   8:       2336 bytes,     675816 total
[2021-05-03T15:30:08.072+0000][7][gc,age      ] GC(608) - age  10:        600 bytes,     676416 total
[2021-05-03T15:30:08.072+0000][7][gc,age      ] GC(608) - age  11:         24 bytes,     676440 total
[2021-05-03T15:30:08.072+0000][7][gc,age      ] GC(608) - age  12:        232 bytes,     676672 total
[2021-05-03T15:30:08.072+0000][7][gc,age      ] GC(608) - age  13:         40 bytes,     676712 total
[2021-05-03T15:30:08.072+0000][7][gc,age      ] GC(608) - age  14:         88 bytes,     676800 total
[2021-05-03T15:30:08.072+0000][7][gc,age      ] GC(608) - age  15:        144 bytes,     676944 total
[2021-05-03T15:30:08.072+0000][7][gc,phases   ] GC(608)   Pre Evacuate Collection Set: 0.1ms
[2021-05-03T15:30:08.072+0000][7][gc,phases   ] GC(608)   Merge Heap Roots: 0.0ms
[2021-05-03T15:30:08.072+0000][7][gc,phases   ] GC(608)   Evacuate Collection Set: 1.2ms
[2021-05-03T15:30:08.072+0000][7][gc,phases   ] GC(608)   Post Evacuate Collection Set: 1.0ms
[2021-05-03T15:30:08.072+0000][7][gc,phases   ] GC(608)   Other: 0.4ms
[2021-05-03T15:30:08.072+0000][7][gc,heap     ] GC(608) Eden regions: 21->0(21)
[2021-05-03T15:30:08.072+0000][7][gc,heap     ] GC(608) Survivor regions: 1->1(3)
[2021-05-03T15:30:08.072+0000][7][gc,heap     ] GC(608) Old regions: 27->27
[2021-05-03T15:30:08.072+0000][7][gc,heap     ] GC(608) Archive regions: 2->2
[2021-05-03T15:30:08.072+0000][7][gc,heap     ] GC(608) Humongous regions: 2->2
[2021-05-03T15:30:08.072+0000][7][gc,metaspace] GC(608) Metaspace: 110425K(115280K)->110425K(115280K) NonClass: 96437K(99996K)->96437K(99996K) Class: 13987K(15284K)->13987K(15284K)
[2021-05-03T15:30:08.072+0000][7][gc          ] GC(608) Pause Young (Normal) (G1 Evacuation Pause) 203M->119M(256M) 2.748ms
[2021-05-03T15:30:08.072+0000][7][gc,cpu      ] GC(608) User=0.01s Sys=0.00s Real=0.01s
[2021-05-03T15:30:08.072+0000][7][safepoint   ] Safepoint "G1CollectForAllocation", Time since last: 121884095741 ns, Reaching safepoint: 94289 ns, At safepoint: 2840617 ns, Total: 2934906 ns
[2021-05-03T15:32:21.014+0000][7][gc,start    ] GC(609) Pause Young (Concurrent Start) (G1 Evacuation Pause)
[2021-05-03T15:32:21.014+0000][7][gc,task     ] GC(609) Using 6 workers of 8 for evacuation
[2021-05-03T15:32:21.014+0000][7][gc,age      ] GC(609) Desired survivor size 6291456 bytes, new threshold 15 (max threshold 15)
[2021-05-03T15:32:21.016+0000][7][gc,age      ] GC(609) Age table with threshold 15 (max threshold 15)
[2021-05-03T15:32:21.016+0000][7][gc,age      ] GC(609) - age   1:     567296 bytes,     567296 total
[2021-05-03T15:32:21.016+0000][7][gc,age      ] GC(609) - age   2:        736 bytes,     568032 total
[2021-05-03T15:32:21.016+0000][7][gc,age      ] GC(609) - age   3:        688 bytes,     568720 total
